---SNAPSHOT---
2026-04-27 15:55:25
MemTotal:        8129240 kB
MemFree:         5235712 kB
MemAvailable:    5419144 kB
Buffers:            4844 kB
Cached:           282916 kB
SwapCached:        17924 kB
Active:          1569640 kB
Inactive:         598012 kB
Active(anon):    1475864 kB
Inactive(anon):   443140 kB
Active(file):      93776 kB
Inactive(file):   154872 kB
Unevictable:           0 kB
Mlocked:               0 kB
SwapTotal:       4194300 kB
SwapFree:        4176376 kB
Zswap:                 0 kB
Zswapped:              0 kB
Dirty:               328 kB
Writeback:             0 kB
AnonPages:       1862128 kB
Mapped:           243200 kB
Shmem:             38824 kB
KReclaimable:      51680 kB
Slab:             278472 kB
SReclaimable:      51680 kB
SUnreclaim:       226792 kB
KernelStack:       17976 kB
PageTables:        45176 kB
SecPageTables:         0 kB
NFS_Unstable:          0 kB
Bounce:                0 kB
WritebackTmp:          0 kB
CommitLimit:     8258920 kB
Committed_AS:    8696148 kB
VmallocTotal:   34359738367 kB
VmallocUsed:       46248 kB
VmallocChunk:          0 kB
Percpu:            13280 kB
HardwareCorrupted:     0 kB
AnonHugePages:    194560 kB
ShmemHugePages:        0 kB
ShmemPmdMapped:        0 kB
FileHugePages:         0 kB
FilePmdMapped:         0 kB
CmaTotal:              0 kB
CmaFree:               0 kB
Unaccepted:            0 kB
Balloon:               0 kB
HugePages_Total:       0
HugePages_Free:        0
HugePages_Rsvd:        0
HugePages_Surp:        0
Hugepagesize:       2048 kB
Hugetlb:               0 kB
DirectMap4k:      194432 kB
DirectMap2M:     6096896 kB
DirectMap1G:     4194304 kB
---SNAPSHOT---
2026-04-27 15:55:26
MemTotal:        8129240 kB
MemFree:         5245464 kB
MemAvailable:    5430068 kB
Buffers:            5132 kB
Cached:           283640 kB
SwapCached:        17924 kB
Active:          1570488 kB
Inactive:         598720 kB
Active(anon):    1476248 kB
Inactive(anon):   443140 kB
Active(file):      94240 kB
Inactive(file):   155580 kB
Unevictable:           0 kB
Mlocked:               0 kB
SwapTotal:       4194300 kB
SwapFree:        4176376 kB
Zswap:                 0 kB
Zswapped:              0 kB
Dirty:               488 kB
Writeback:             0 kB
AnonPages:       1862904 kB
Mapped:           243012 kB
Shmem:             38824 kB
KReclaimable:      51680 kB
Slab:             278472 kB
SReclaimable:      51680 kB
SUnreclaim:       226792 kB
KernelStack:       18000 kB
PageTables:        45096 kB
SecPageTables:         0 kB
NFS_Unstable:          0 kB
Bounce:                0 kB
WritebackTmp:          0 kB
CommitLimit:     8258920 kB
Committed_AS:    8696972 kB
VmallocTotal:   34359738367 kB
VmallocUsed:       46264 kB
VmallocChunk:          0 kB
Percpu:            13280 kB
HardwareCorrupted:     0 kB
AnonHugePages:    194560 kB
ShmemHugePages:        0 kB
ShmemPmdMapped:        0 kB
FileHugePages:         0 kB
FilePmdMapped:         0 kB
CmaTotal:              0 kB
CmaFree:               0 kB
Unaccepted:            0 kB
Balloon:               0 kB
HugePages_Total:       0
HugePages_Free:        0
HugePages_Rsvd:        0
HugePages_Surp:        0
Hugepagesize:       2048 kB
Hugetlb:               0 kB
DirectMap4k:      194432 kB
DirectMap2M:     6096896 kB
DirectMap1G:     4194304 kB
---SNAPSHOT---
2026-04-27 15:55:27
MemTotal:        8129240 kB
MemFree:         5261432 kB
MemAvailable:    5446960 kB
Buffers:            5156 kB
Cached:           283800 kB
SwapCached:        17924 kB
Active:          1570968 kB
Inactive:         598864 kB
Active(anon):    1476556 kB
Inactive(anon):   443140 kB
Active(file):      94412 kB
Inactive(file):   155724 kB
Unevictable:           0 kB
Mlocked:               0 kB
SwapTotal:       4194300 kB
SwapFree:        4176376 kB
Zswap:                 0 kB
Zswapped:              0 kB
Dirty:               544 kB
Writeback:             0 kB
AnonPages:       1863224 kB
Mapped:           243012 kB
Shmem:             38824 kB
KReclaimable:      52288 kB
Slab:             279080 kB
SReclaimable:      52288 kB
SUnreclaim:       226792 kB
KernelStack:       18016 kB
PageTables:        45252 kB
SecPageTables:         0 kB
NFS_Unstable:          0 kB
Bounce:                0 kB
WritebackTmp:          0 kB
CommitLimit:     8258920 kB
Committed_AS:    8698188 kB
VmallocTotal:   34359738367 kB
VmallocUsed:       46328 kB
VmallocChunk:          0 kB
Percpu:            13280 kB
HardwareCorrupted:     0 kB
AnonHugePages:    194560 kB
ShmemHugePages:        0 kB
ShmemPmdMapped:        0 kB
FileHugePages:         0 kB
FilePmdMapped:         0 kB
CmaTotal:              0 kB
CmaFree:               0 kB
Unaccepted:            0 kB
Balloon:               0 kB
HugePages_Total:       0
HugePages_Free:        0
HugePages_Rsvd:        0
HugePages_Surp:        0
Hugepagesize:       2048 kB
Hugetlb:               0 kB
DirectMap4k:      194432 kB
DirectMap2M:     6096896 kB
DirectMap1G:     4194304 kB
---SNAPSHOT---
2026-04-27 15:55:28
MemTotal:        8129240 kB
MemFree:         5275388 kB
MemAvailable:    5464448 kB
Buffers:            5428 kB
Cached:           287108 kB
SwapCached:        17924 kB
Active:          1574160 kB
Inactive:         599204 kB
Active(anon):    1476556 kB
Inactive(anon):   443140 kB
Active(file):      97604 kB
Inactive(file):   156064 kB
Unevictable:           0 kB
Mlocked:               0 kB
SwapTotal:       4194300 kB
SwapFree:        4176376 kB
Zswap:                 0 kB
Zswapped:              0 kB
Dirty:               552 kB
Writeback:             0 kB
AnonPages:       1863128 kB
Mapped:           243240 kB
Shmem:             38824 kB
KReclaimable:      52288 kB
Slab:             279080 kB
SReclaimable:      52288 kB
SUnreclaim:       226792 kB
KernelStack:       17968 kB
PageTables:        45032 kB
SecPageTables:         0 kB
NFS_Unstable:          0 kB
Bounce:                0 kB
WritebackTmp:          0 kB
CommitLimit:     8258920 kB
Committed_AS:    8704640 kB
VmallocTotal:   34359738367 kB
VmallocUsed:       46280 kB
VmallocChunk:          0 kB
Percpu:            13280 kB
HardwareCorrupted:     0 kB
AnonHugePages:    194560 kB
ShmemHugePages:        0 kB
ShmemPmdMapped:        0 kB
FileHugePages:         0 kB
FilePmdMapped:         0 kB
CmaTotal:              0 kB
CmaFree:               0 kB
Unaccepted:            0 kB
Balloon:               0 kB
HugePages_Total:       0
HugePages_Free:        0
HugePages_Rsvd:        0
HugePages_Surp:        0
Hugepagesize:       2048 kB
Hugetlb:               0 kB
DirectMap4k:      194432 kB
DirectMap2M:     6096896 kB
DirectMap1G:     4194304 kB
---SNAPSHOT---
2026-04-27 15:55:29
MemTotal:        8129240 kB
MemFree:         4493492 kB
MemAvailable:    4690316 kB
Buffers:            5560 kB
Cached:           311848 kB
SwapCached:        17924 kB
Active:          2389908 kB
Inactive:         599492 kB
Active(anon):    2284828 kB
Inactive(anon):   443140 kB
Active(file):     105080 kB
Inactive(file):   156352 kB
Unevictable:          16 kB
Mlocked:              16 kB
SwapTotal:       4194300 kB
SwapFree:        4176376 kB
Zswap:                 0 kB
Zswapped:              0 kB
Dirty:               628 kB
Writeback:             0 kB
AnonPages:       2654260 kB
Mapped:           263800 kB
Shmem:             55972 kB
KReclaimable:      52288 kB
Slab:             279112 kB
SReclaimable:      52288 kB
SUnreclaim:       226824 kB
KernelStack:       18176 kB
PageTables:        47260 kB
SecPageTables:         0 kB
NFS_Unstable:          0 kB
Bounce:                0 kB
WritebackTmp:          0 kB
CommitLimit:     8258920 kB
Committed_AS:   11353752 kB
VmallocTotal:   34359738367 kB
VmallocUsed:       46328 kB
VmallocChunk:          0 kB
Percpu:            13280 kB
HardwareCorrupted:     0 kB
AnonHugePages:    194560 kB
ShmemHugePages:        0 kB
ShmemPmdMapped:        0 kB
FileHugePages:         0 kB
FilePmdMapped:         0 kB
CmaTotal:              0 kB
CmaFree:               0 kB
Unaccepted:            0 kB
Balloon:               0 kB
HugePages_Total:       0
HugePages_Free:        0
HugePages_Rsvd:        0
HugePages_Surp:        0
Hugepagesize:       2048 kB
Hugetlb:               0 kB
DirectMap4k:      194432 kB
DirectMap2M:     6096896 kB
DirectMap1G:     4194304 kB
---SNAPSHOT---
2026-04-27 15:55:30
MemTotal:        8129240 kB
MemFree:         3671280 kB
MemAvailable:    3868112 kB
Buffers:            5560 kB
Cached:           311856 kB
SwapCached:        17924 kB
Active:          3214532 kB
Inactive:         599500 kB
Active(anon):    3109452 kB
Inactive(anon):   443140 kB
Active(file):     105080 kB
Inactive(file):   156360 kB
Unevictable:          16 kB
Mlocked:              16 kB
SwapTotal:       4194300 kB
SwapFree:        4176376 kB
Zswap:                 0 kB
Zswapped:              0 kB
Dirty:               636 kB
Writeback:             0 kB
AnonPages:       3478984 kB
Mapped:           264028 kB
Shmem:             55972 kB
KReclaimable:      52288 kB
Slab:             279124 kB
SReclaimable:      52288 kB
SUnreclaim:       226836 kB
KernelStack:       18160 kB
PageTables:        49336 kB
SecPageTables:         0 kB
NFS_Unstable:          0 kB
Bounce:                0 kB
WritebackTmp:          0 kB
CommitLimit:     8258920 kB
Committed_AS:   11353952 kB
VmallocTotal:   34359738367 kB
VmallocUsed:       46360 kB
VmallocChunk:          0 kB
Percpu:            13280 kB
HardwareCorrupted:     0 kB
AnonHugePages:    194560 kB
ShmemHugePages:        0 kB
ShmemPmdMapped:        0 kB
FileHugePages:         0 kB
FilePmdMapped:         0 kB
CmaTotal:              0 kB
CmaFree:               0 kB
Unaccepted:            0 kB
Balloon:               0 kB
HugePages_Total:       0
HugePages_Free:        0
HugePages_Rsvd:        0
HugePages_Surp:        0
Hugepagesize:       2048 kB
Hugetlb:               0 kB
DirectMap4k:      194432 kB
DirectMap2M:     6096896 kB
DirectMap1G:     4194304 kB
---SNAPSHOT---
2026-04-27 15:55:31
MemTotal:        8129240 kB
MemFree:         3289816 kB
MemAvailable:    3486652 kB
Buffers:            5560 kB
Cached:           311860 kB
SwapCached:        17924 kB
Active:          3545444 kB
Inactive:         599504 kB
Active(anon):    3440364 kB
Inactive(anon):   443140 kB
Active(file):     105080 kB
Inactive(file):   156364 kB
Unevictable:          16 kB
Mlocked:              16 kB
SwapTotal:       4194300 kB
SwapFree:        4176376 kB
Zswap:                 0 kB
Zswapped:              0 kB
Dirty:               640 kB
Writeback:             0 kB
AnonPages:       3776140 kB
Mapped:           263800 kB
Shmem:             55972 kB
KReclaimable:      52288 kB
Slab:             279124 kB
SReclaimable:      52288 kB
SUnreclaim:       226836 kB
KernelStack:       18160 kB
PageTables:        50968 kB
SecPageTables:         0 kB
NFS_Unstable:          0 kB
Bounce:                0 kB
WritebackTmp:          0 kB
CommitLimit:     8258920 kB
Committed_AS:   11353940 kB
VmallocTotal:   34359738367 kB
VmallocUsed:       46360 kB
VmallocChunk:          0 kB
Percpu:            13280 kB
HardwareCorrupted:     0 kB
AnonHugePages:    194560 kB
ShmemHugePages:        0 kB
ShmemPmdMapped:        0 kB
FileHugePages:         0 kB
FilePmdMapped:         0 kB
CmaTotal:              0 kB
CmaFree:               0 kB
Unaccepted:            0 kB
Balloon:               0 kB
HugePages_Total:       0
HugePages_Free:        0
HugePages_Rsvd:        0
HugePages_Surp:        0
Hugepagesize:       2048 kB
Hugetlb:               0 kB
DirectMap4k:      194432 kB
DirectMap2M:     6096896 kB
DirectMap1G:     4194304 kB
---SNAPSHOT---
2026-04-27 15:55:32
MemTotal:        8129240 kB
MemFree:         4440744 kB
MemAvailable:    4637600 kB
Buffers:            5568 kB
Cached:           311856 kB
SwapCached:        17924 kB
Active:          2321644 kB
Inactive:         599508 kB
Active(anon):    2216564 kB
Inactive(anon):   443140 kB
Active(file):     105080 kB
Inactive(file):   156368 kB
Unevictable:          16 kB
Mlocked:              16 kB
SwapTotal:       4194300 kB
SwapFree:        4176376 kB
Zswap:                 0 kB
Zswapped:              0 kB
Dirty:               644 kB
Writeback:             0 kB
AnonPages:       2586428 kB
Mapped:           263820 kB
Shmem:             55972 kB
KReclaimable:      52304 kB
Slab:             279208 kB
SReclaimable:      52304 kB
SUnreclaim:       226904 kB
KernelStack:       18192 kB
PageTables:        48552 kB
SecPageTables:         0 kB
NFS_Unstable:          0 kB
Bounce:                0 kB
WritebackTmp:          0 kB
CommitLimit:     8258920 kB
Committed_AS:   11355352 kB
VmallocTotal:   34359738367 kB
VmallocUsed:       46408 kB
VmallocChunk:          0 kB
Percpu:            13280 kB
HardwareCorrupted:     0 kB
AnonHugePages:    194560 kB
ShmemHugePages:        0 kB
ShmemPmdMapped:        0 kB
FileHugePages:         0 kB
FilePmdMapped:         0 kB
CmaTotal:              0 kB
CmaFree:               0 kB
Unaccepted:            0 kB
Balloon:               0 kB
HugePages_Total:       0
HugePages_Free:        0
HugePages_Rsvd:        0
HugePages_Surp:        0
Hugepagesize:       2048 kB
Hugetlb:               0 kB
DirectMap4k:      194432 kB
DirectMap2M:     6096896 kB
DirectMap1G:     4194304 kB
---SNAPSHOT---
2026-04-27 15:55:33
MemTotal:        8129240 kB
MemFree:         3541064 kB
MemAvailable:    3737936 kB
Buffers:            5568 kB
Cached:           311872 kB
SwapCached:        17924 kB
Active:          3232208 kB
Inactive:         599524 kB
Active(anon):    3127128 kB
Inactive(anon):   443140 kB
Active(file):     105080 kB
Inactive(file):   156384 kB
Unevictable:          16 kB
Mlocked:              16 kB
SwapTotal:       4194300 kB
SwapFree:        4176376 kB
Zswap:                 0 kB
Zswapped:              0 kB
Dirty:               652 kB
Writeback:             0 kB
AnonPages:       3496748 kB
Mapped:           263800 kB
Shmem:             55972 kB
KReclaimable:      52304 kB
Slab:             279156 kB
SReclaimable:      52304 kB
SUnreclaim:       226852 kB
KernelStack:       18144 kB
PageTables:        49932 kB
SecPageTables:         0 kB
NFS_Unstable:          0 kB
Bounce:                0 kB
WritebackTmp:          0 kB
CommitLimit:     8258920 kB
Committed_AS:   11353840 kB
VmallocTotal:   34359738367 kB
VmallocUsed:       46376 kB
VmallocChunk:          0 kB
Percpu:            13280 kB
HardwareCorrupted:     0 kB
AnonHugePages:    194560 kB
ShmemHugePages:        0 kB
ShmemPmdMapped:        0 kB
FileHugePages:         0 kB
FilePmdMapped:         0 kB
CmaTotal:              0 kB
CmaFree:               0 kB
Unaccepted:            0 kB
Balloon:               0 kB
HugePages_Total:       0
HugePages_Free:        0
HugePages_Rsvd:        0
HugePages_Surp:        0
Hugepagesize:       2048 kB
Hugetlb:               0 kB
DirectMap4k:      194432 kB
DirectMap2M:     6096896 kB
DirectMap1G:     4194304 kB
---SNAPSHOT---
2026-04-27 15:55:34
MemTotal:        8129240 kB
MemFree:         3934284 kB
MemAvailable:    4131160 kB
Buffers:            5568 kB
Cached:           311876 kB
SwapCached:        17924 kB
Active:          2827536 kB
Inactive:         599528 kB
Active(anon):    2722456 kB
Inactive(anon):   443140 kB
Active(file):     105080 kB
Inactive(file):   156388 kB
Unevictable:          16 kB
Mlocked:              16 kB
SwapTotal:       4194300 kB
SwapFree:        4176376 kB
Zswap:                 0 kB
Zswapped:              0 kB
Dirty:               656 kB
Writeback:             0 kB
AnonPages:       3092108 kB
Mapped:           263800 kB
Shmem:             55972 kB
KReclaimable:      52304 kB
Slab:             279132 kB
SReclaimable:      52304 kB
SUnreclaim:       226828 kB
KernelStack:       18128 kB
PageTables:        48508 kB
SecPageTables:         0 kB
NFS_Unstable:          0 kB
Bounce:                0 kB
WritebackTmp:          0 kB
CommitLimit:     8258920 kB
Committed_AS:   11353588 kB
VmallocTotal:   34359738367 kB
VmallocUsed:       46360 kB
VmallocChunk:          0 kB
Percpu:            13280 kB
HardwareCorrupted:     0 kB
AnonHugePages:    194560 kB
ShmemHugePages:        0 kB
ShmemPmdMapped:        0 kB
FileHugePages:         0 kB
FilePmdMapped:         0 kB
CmaTotal:              0 kB
CmaFree:               0 kB
Unaccepted:            0 kB
Balloon:               0 kB
HugePages_Total:       0
HugePages_Free:        0
HugePages_Rsvd:        0
HugePages_Surp:        0
Hugepagesize:       2048 kB
Hugetlb:               0 kB
DirectMap4k:      194432 kB
DirectMap2M:     6096896 kB
DirectMap1G:     4194304 kB
---SNAPSHOT---
2026-04-27 15:55:35
MemTotal:        8129240 kB
MemFree:         3887804 kB
MemAvailable:    4086164 kB
Buffers:            5568 kB
Cached:           311888 kB
SwapCached:       415560 kB
Active:          2529552 kB
Inactive:         987516 kB
Active(anon):    2424472 kB
Inactive(anon):   831116 kB
Active(file):     105080 kB
Inactive(file):   156400 kB
Unevictable:          16 kB
Mlocked:              16 kB
SwapTotal:       4194300 kB
SwapFree:        3778524 kB
Zswap:                 0 kB
Zswapped:              0 kB
Dirty:               664 kB
Writeback:          9804 kB
AnonPages:       2786764 kB
Mapped:           263800 kB
Shmem:             55972 kB
KReclaimable:      53776 kB
Slab:             281144 kB
SReclaimable:      53776 kB
SUnreclaim:       227368 kB
KernelStack:       18204 kB
PageTables:        48796 kB
SecPageTables:         0 kB
NFS_Unstable:          0 kB
Bounce:                0 kB
WritebackTmp:          0 kB
CommitLimit:     8258920 kB
Committed_AS:   11353752 kB
VmallocTotal:   34359738367 kB
VmallocUsed:       46392 kB
VmallocChunk:          0 kB
Percpu:            13280 kB
HardwareCorrupted:     0 kB
AnonHugePages:    194560 kB
ShmemHugePages:        0 kB
ShmemPmdMapped:        0 kB
FileHugePages:         0 kB
FilePmdMapped:         0 kB
CmaTotal:              0 kB
CmaFree:               0 kB
Unaccepted:            0 kB
Balloon:               0 kB
HugePages_Total:       0
HugePages_Free:        0
HugePages_Rsvd:        0
HugePages_Surp:        0
Hugepagesize:       2048 kB
Hugetlb:               0 kB
DirectMap4k:      194432 kB
DirectMap2M:     6096896 kB
DirectMap1G:     4194304 kB
---SNAPSHOT---
2026-04-27 15:55:36
MemTotal:        8129240 kB
MemFree:         3825240 kB
MemAvailable:    4023604 kB
Buffers:            5568 kB
Cached:           311892 kB
SwapCached:        17924 kB
Active:          2989852 kB
Inactive:         599544 kB
Active(anon):    2884772 kB
Inactive(anon):   443140 kB
Active(file):     105080 kB
Inactive(file):   156404 kB
Unevictable:          16 kB
Mlocked:              16 kB
SwapTotal:       4194300 kB
SwapFree:        4176376 kB
Zswap:                 0 kB
Zswapped:              0 kB
Dirty:               668 kB
Writeback:             0 kB
AnonPages:       3254380 kB
Mapped:           263800 kB
Shmem:             55972 kB
KReclaimable:      53776 kB
Slab:             280616 kB
SReclaimable:      53776 kB
SUnreclaim:       226840 kB
KernelStack:       18204 kB
PageTables:        48396 kB
SecPageTables:         0 kB
NFS_Unstable:          0 kB
Bounce:                0 kB
WritebackTmp:          0 kB
CommitLimit:     8258920 kB
Committed_AS:   11353840 kB
VmallocTotal:   34359738367 kB
VmallocUsed:       46344 kB
VmallocChunk:          0 kB
Percpu:            13280 kB
HardwareCorrupted:     0 kB
AnonHugePages:    194560 kB
ShmemHugePages:        0 kB
ShmemPmdMapped:        0 kB
FileHugePages:         0 kB
FilePmdMapped:         0 kB
CmaTotal:              0 kB
CmaFree:               0 kB
Unaccepted:            0 kB
Balloon:               0 kB
HugePages_Total:       0
HugePages_Free:        0
HugePages_Rsvd:        0
HugePages_Surp:        0
Hugepagesize:       2048 kB
Hugetlb:               0 kB
DirectMap4k:      194432 kB
DirectMap2M:     6096896 kB
DirectMap1G:     4194304 kB
---SNAPSHOT---
2026-04-27 15:55:37
MemTotal:        8129240 kB
MemFree:         4607136 kB
MemAvailable:    4805732 kB
Buffers:            5576 kB
Cached:           311888 kB
SwapCached:        17924 kB
Active:          2067952 kB
Inactive:         599548 kB
Active(anon):    1962872 kB
Inactive(anon):   443140 kB
Active(file):     105080 kB
Inactive(file):   156408 kB
Unevictable:          16 kB
Mlocked:              16 kB
SwapTotal:       4194300 kB
SwapFree:        4176376 kB
Zswap:                 0 kB
Zswapped:              0 kB
Dirty:               672 kB
Writeback:             0 kB
AnonPages:       2305948 kB
Mapped:           263800 kB
Shmem:             55972 kB
KReclaimable:      53776 kB
Slab:             280612 kB
SReclaimable:      53776 kB
SUnreclaim:       226836 kB
KernelStack:       18204 kB
PageTables:        50296 kB
SecPageTables:         0 kB
NFS_Unstable:          0 kB
Bounce:                0 kB
WritebackTmp:          0 kB
CommitLimit:     8258920 kB
Committed_AS:   11354084 kB
VmallocTotal:   34359738367 kB
VmallocUsed:       46376 kB
VmallocChunk:          0 kB
Percpu:            13280 kB
HardwareCorrupted:     0 kB
AnonHugePages:    194560 kB
ShmemHugePages:        0 kB
ShmemPmdMapped:        0 kB
FileHugePages:         0 kB
FilePmdMapped:         0 kB
CmaTotal:              0 kB
CmaFree:               0 kB
Unaccepted:            0 kB
Balloon:               0 kB
HugePages_Total:       0
HugePages_Free:        0
HugePages_Rsvd:        0
HugePages_Surp:        0
Hugepagesize:       2048 kB
Hugetlb:               0 kB
DirectMap4k:      194432 kB
DirectMap2M:     6096896 kB
DirectMap1G:     4194304 kB
---SNAPSHOT---
2026-04-27 15:55:38
MemTotal:        8129240 kB
MemFree:         3995712 kB
MemAvailable:    4194092 kB
Buffers:            5576 kB
Cached:           311904 kB
SwapCached:        17924 kB
Active:          2849720 kB
Inactive:         599560 kB
Active(anon):    2744640 kB
Inactive(anon):   443140 kB
Active(file):     105080 kB
Inactive(file):   156420 kB
Unevictable:          16 kB
Mlocked:              16 kB
SwapTotal:       4194300 kB
SwapFree:        4176376 kB
Zswap:                 0 kB
Zswapped:              0 kB
Dirty:               680 kB
Writeback:             0 kB
AnonPages:       3114032 kB
Mapped:           263800 kB
Shmem:             55972 kB
KReclaimable:      53776 kB
Slab:             280620 kB
SReclaimable:      53776 kB
SUnreclaim:       226844 kB
KernelStack:       18128 kB
PageTables:        48420 kB
SecPageTables:         0 kB
NFS_Unstable:          0 kB
Bounce:                0 kB
WritebackTmp:          0 kB
CommitLimit:     8258920 kB
Committed_AS:   11354120 kB
VmallocTotal:   34359738367 kB
VmallocUsed:       46344 kB
VmallocChunk:          0 kB
Percpu:            13280 kB
HardwareCorrupted:     0 kB
AnonHugePages:    194560 kB
ShmemHugePages:        0 kB
ShmemPmdMapped:        0 kB
FileHugePages:         0 kB
FilePmdMapped:         0 kB
CmaTotal:              0 kB
CmaFree:               0 kB
Unaccepted:            0 kB
Balloon:               0 kB
HugePages_Total:       0
HugePages_Free:        0
HugePages_Rsvd:        0
HugePages_Surp:        0
Hugepagesize:       2048 kB
Hugetlb:               0 kB
DirectMap4k:      194432 kB
DirectMap2M:     6096896 kB
DirectMap1G:     4194304 kB
---SNAPSHOT---
2026-04-27 15:55:39
MemTotal:        8129240 kB
MemFree:         3722172 kB
MemAvailable:    3920560 kB
Buffers:            5576 kB
Cached:           311908 kB
SwapCached:        17924 kB
Active:          3123064 kB
Inactive:         599568 kB
Active(anon):    3017984 kB
Inactive(anon):   443140 kB
Active(file):     105080 kB
Inactive(file):   156428 kB
Unevictable:          16 kB
Mlocked:              16 kB
SwapTotal:       4194300 kB
SwapFree:        4176376 kB
Zswap:                 0 kB
Zswapped:              0 kB
Dirty:               684 kB
Writeback:             0 kB
AnonPages:       3387928 kB
Mapped:           263800 kB
Shmem:             55972 kB
KReclaimable:      53776 kB
Slab:             280608 kB
SReclaimable:      53776 kB
SUnreclaim:       226832 kB
KernelStack:       18128 kB
PageTables:        48644 kB
SecPageTables:         0 kB
NFS_Unstable:          0 kB
Bounce:                0 kB
WritebackTmp:          0 kB
CommitLimit:     8258920 kB
Committed_AS:   11354120 kB
VmallocTotal:   34359738367 kB
VmallocUsed:       46360 kB
VmallocChunk:          0 kB
Percpu:            13280 kB
HardwareCorrupted:     0 kB
AnonHugePages:    194560 kB
ShmemHugePages:        0 kB
ShmemPmdMapped:        0 kB
FileHugePages:         0 kB
FilePmdMapped:         0 kB
CmaTotal:              0 kB
CmaFree:               0 kB
Unaccepted:            0 kB
Balloon:               0 kB
HugePages_Total:       0
HugePages_Free:        0
HugePages_Rsvd:        0
HugePages_Surp:        0
Hugepagesize:       2048 kB
Hugetlb:               0 kB
DirectMap4k:      194432 kB
DirectMap2M:     6096896 kB
DirectMap1G:     4194304 kB
---SNAPSHOT---
2026-04-27 15:55:40
MemTotal:        8129240 kB
MemFree:         4662668 kB
MemAvailable:    4861064 kB
Buffers:            5576 kB
Cached:           311916 kB
SwapCached:        17924 kB
Active:          2199172 kB
Inactive:         599576 kB
Active(anon):    2094092 kB
Inactive(anon):   443140 kB
Active(file):     105080 kB
Inactive(file):   156436 kB
Unevictable:          16 kB
Mlocked:              16 kB
SwapTotal:       4194300 kB
SwapFree:        4176376 kB
Zswap:                 0 kB
Zswapped:              0 kB
Dirty:               692 kB
Writeback:             0 kB
AnonPages:       2463824 kB
Mapped:           263800 kB
Shmem:             55972 kB
KReclaimable:      53776 kB
Slab:             280600 kB
SReclaimable:      53776 kB
SUnreclaim:       226824 kB
KernelStack:       18128 kB
PageTables:        47664 kB
SecPageTables:         0 kB
NFS_Unstable:          0 kB
Bounce:                0 kB
WritebackTmp:          0 kB
CommitLimit:     8258920 kB
Committed_AS:   11353932 kB
VmallocTotal:   34359738367 kB
VmallocUsed:       46344 kB
VmallocChunk:          0 kB
Percpu:            13280 kB
HardwareCorrupted:     0 kB
AnonHugePages:    194560 kB
ShmemHugePages:        0 kB
ShmemPmdMapped:        0 kB
FileHugePages:         0 kB
FilePmdMapped:         0 kB
CmaTotal:              0 kB
CmaFree:               0 kB
Unaccepted:            0 kB
Balloon:               0 kB
HugePages_Total:       0
HugePages_Free:        0
HugePages_Rsvd:        0
HugePages_Surp:        0
Hugepagesize:       2048 kB
Hugetlb:               0 kB
DirectMap4k:      194432 kB
DirectMap2M:     6096896 kB
DirectMap1G:     4194304 kB
---SNAPSHOT---
2026-04-27 15:55:41
MemTotal:        8129240 kB
MemFree:         3476688 kB
MemAvailable:    3675088 kB
Buffers:            5576 kB
Cached:           311920 kB
SwapCached:        17924 kB
Active:          3380020 kB
Inactive:         599580 kB
Active(anon):    3274940 kB
Inactive(anon):   443140 kB
Active(file):     105080 kB
Inactive(file):   156440 kB
Unevictable:          16 kB
Mlocked:              16 kB
SwapTotal:       4194300 kB
SwapFree:        4176376 kB
Zswap:                 0 kB
Zswapped:              0 kB
Dirty:               696 kB
Writeback:             0 kB
AnonPages:       3644464 kB
Mapped:           264028 kB
Shmem:             55972 kB
KReclaimable:      53776 kB
Slab:             280600 kB
SReclaimable:      53776 kB
SUnreclaim:       226824 kB
KernelStack:       18160 kB
PageTables:        49308 kB
SecPageTables:         0 kB
NFS_Unstable:          0 kB
Bounce:                0 kB
WritebackTmp:          0 kB
CommitLimit:     8258920 kB
Committed_AS:   11354120 kB
VmallocTotal:   34359738367 kB
VmallocUsed:       46376 kB
VmallocChunk:          0 kB
Percpu:            13280 kB
HardwareCorrupted:     0 kB
AnonHugePages:    194560 kB
ShmemHugePages:        0 kB
ShmemPmdMapped:        0 kB
FileHugePages:         0 kB
FilePmdMapped:         0 kB
CmaTotal:              0 kB
CmaFree:               0 kB
Unaccepted:            0 kB
Balloon:               0 kB
HugePages_Total:       0
HugePages_Free:        0
HugePages_Rsvd:        0
HugePages_Surp:        0
Hugepagesize:       2048 kB
Hugetlb:               0 kB
DirectMap4k:      194432 kB
DirectMap2M:     6096896 kB
DirectMap1G:     4194304 kB
---SNAPSHOT---
2026-04-27 15:55:42
MemTotal:        8129240 kB
MemFree:         3431640 kB
MemAvailable:    3630044 kB
Buffers:            5584 kB
Cached:           311916 kB
SwapCached:        17924 kB
Active:          3431280 kB
Inactive:         599584 kB
Active(anon):    3326200 kB
Inactive(anon):   443140 kB
Active(file):     105080 kB
Inactive(file):   156444 kB
Unevictable:          16 kB
Mlocked:              16 kB
SwapTotal:       4194300 kB
SwapFree:        4176376 kB
Zswap:                 0 kB
Zswapped:              0 kB
Dirty:               700 kB
Writeback:             0 kB
AnonPages:       3695440 kB
Mapped:           264028 kB
Shmem:             55972 kB
KReclaimable:      53776 kB
Slab:             280604 kB
SReclaimable:      53776 kB
SUnreclaim:       226828 kB
KernelStack:       18144 kB
PageTables:        49616 kB
SecPageTables:         0 kB
NFS_Unstable:          0 kB
Bounce:                0 kB
WritebackTmp:          0 kB
CommitLimit:     8258920 kB
Committed_AS:   11354120 kB
VmallocTotal:   34359738367 kB
VmallocUsed:       46392 kB
VmallocChunk:          0 kB
Percpu:            13280 kB
HardwareCorrupted:     0 kB
AnonHugePages:    194560 kB
ShmemHugePages:        0 kB
ShmemPmdMapped:        0 kB
FileHugePages:         0 kB
FilePmdMapped:         0 kB
CmaTotal:              0 kB
CmaFree:               0 kB
Unaccepted:            0 kB
Balloon:               0 kB
HugePages_Total:       0
HugePages_Free:        0
HugePages_Rsvd:        0
HugePages_Surp:        0
Hugepagesize:       2048 kB
Hugetlb:               0 kB
DirectMap4k:      194432 kB
DirectMap2M:     6096896 kB
DirectMap1G:     4194304 kB
---SNAPSHOT---
2026-04-27 15:55:43
MemTotal:        8129240 kB
MemFree:         4617048 kB
MemAvailable:    4815468 kB
Buffers:            5584 kB
Cached:           311932 kB
SwapCached:        17924 kB
Active:          2264048 kB
Inactive:         599600 kB
Active(anon):    2158968 kB
Inactive(anon):   443140 kB
Active(file):     105080 kB
Inactive(file):   156460 kB
Unevictable:          16 kB
Mlocked:              16 kB
SwapTotal:       4194300 kB
SwapFree:        4176376 kB
Zswap:                 0 kB
Zswapped:              0 kB
Dirty:               708 kB
Writeback:             0 kB
AnonPages:       2528788 kB
Mapped:           263800 kB
Shmem:             55972 kB
KReclaimable:      53776 kB
Slab:             280596 kB
SReclaimable:      53776 kB
SUnreclaim:       226820 kB
KernelStack:       18204 kB
PageTables:        47040 kB
SecPageTables:         0 kB
NFS_Unstable:          0 kB
Bounce:                0 kB
WritebackTmp:          0 kB
CommitLimit:     8258920 kB
Committed_AS:   11353880 kB
VmallocTotal:   34359738367 kB
VmallocUsed:       46408 kB
VmallocChunk:          0 kB
Percpu:            13280 kB
HardwareCorrupted:     0 kB
AnonHugePages:    194560 kB
ShmemHugePages:        0 kB
ShmemPmdMapped:        0 kB
FileHugePages:         0 kB
FilePmdMapped:         0 kB
CmaTotal:              0 kB
CmaFree:               0 kB
Unaccepted:            0 kB
Balloon:               0 kB
HugePages_Total:       0
HugePages_Free:        0
HugePages_Rsvd:        0
HugePages_Surp:        0
Hugepagesize:       2048 kB
Hugetlb:               0 kB
DirectMap4k:      194432 kB
DirectMap2M:     6096896 kB
DirectMap1G:     4194304 kB
---SNAPSHOT---
2026-04-27 15:55:44
MemTotal:        8129240 kB
MemFree:         3695240 kB
MemAvailable:    3893664 kB
Buffers:            5584 kB
Cached:           311936 kB
SwapCached:        17924 kB
Active:          3201728 kB
Inactive:         599604 kB
Active(anon):    3096648 kB
Inactive(anon):   443140 kB
Active(file):     105080 kB
Inactive(file):   156464 kB
Unevictable:          16 kB
Mlocked:              16 kB
SwapTotal:       4194300 kB
SwapFree:        4176376 kB
Zswap:                 0 kB
Zswapped:              0 kB
Dirty:               712 kB
Writeback:             0 kB
AnonPages:       3466020 kB
Mapped:           263800 kB
Shmem:             55972 kB
KReclaimable:      53776 kB
Slab:             280596 kB
SReclaimable:      53776 kB
SUnreclaim:       226820 kB
KernelStack:       18160 kB
PageTables:        48604 kB
SecPageTables:         0 kB
NFS_Unstable:          0 kB
Bounce:                0 kB
WritebackTmp:          0 kB
CommitLimit:     8258920 kB
Committed_AS:   11353736 kB
VmallocTotal:   34359738367 kB
VmallocUsed:       46360 kB
VmallocChunk:          0 kB
Percpu:            13280 kB
HardwareCorrupted:     0 kB
AnonHugePages:    194560 kB
ShmemHugePages:        0 kB
ShmemPmdMapped:        0 kB
FileHugePages:         0 kB
FilePmdMapped:         0 kB
CmaTotal:              0 kB
CmaFree:               0 kB
Unaccepted:            0 kB
Balloon:               0 kB
HugePages_Total:       0
HugePages_Free:        0
HugePages_Rsvd:        0
HugePages_Surp:        0
Hugepagesize:       2048 kB
Hugetlb:               0 kB
DirectMap4k:      194432 kB
DirectMap2M:     6096896 kB
DirectMap1G:     4194304 kB
---SNAPSHOT---
2026-04-27 15:55:45
MemTotal:        8129240 kB
MemFree:         3400276 kB
MemAvailable:    3598708 kB
Buffers:            5584 kB
Cached:           311944 kB
SwapCached:        17924 kB
Active:          3488292 kB
Inactive:         599612 kB
Active(anon):    3383212 kB
Inactive(anon):   443140 kB
Active(file):     105080 kB
Inactive(file):   156472 kB
Unevictable:          16 kB
Mlocked:              16 kB
SwapTotal:       4194300 kB
SwapFree:        4176376 kB
Zswap:                 0 kB
Zswapped:              0 kB
Dirty:               720 kB
Writeback:             0 kB
AnonPages:       3752984 kB
Mapped:           263800 kB
Shmem:             55972 kB
KReclaimable:      53776 kB
Slab:             280604 kB
SReclaimable:      53776 kB
SUnreclaim:       226828 kB
KernelStack:       18160 kB
PageTables:        49368 kB
SecPageTables:         0 kB
NFS_Unstable:          0 kB
Bounce:                0 kB
WritebackTmp:          0 kB
CommitLimit:     8258920 kB
Committed_AS:   11353792 kB
VmallocTotal:   34359738367 kB
VmallocUsed:       46408 kB
VmallocChunk:          0 kB
Percpu:            13280 kB
HardwareCorrupted:     0 kB
AnonHugePages:    194560 kB
ShmemHugePages:        0 kB
ShmemPmdMapped:        0 kB
FileHugePages:         0 kB
FilePmdMapped:         0 kB
CmaTotal:              0 kB
CmaFree:               0 kB
Unaccepted:            0 kB
Balloon:               0 kB
HugePages_Total:       0
HugePages_Free:        0
HugePages_Rsvd:        0
HugePages_Surp:        0
Hugepagesize:       2048 kB
Hugetlb:               0 kB
DirectMap4k:      194432 kB
DirectMap2M:     6096896 kB
DirectMap1G:     4194304 kB
---SNAPSHOT---
2026-04-27 15:55:46
MemTotal:        8129240 kB
MemFree:         3945744 kB
MemAvailable:    4144184 kB
Buffers:            5584 kB
Cached:           311952 kB
SwapCached:        17924 kB
Active:          2950884 kB
Inactive:         599620 kB
Active(anon):    2845804 kB
Inactive(anon):   443140 kB
Active(file):     105080 kB
Inactive(file):   156480 kB
Unevictable:          16 kB
Mlocked:              16 kB
SwapTotal:       4194300 kB
SwapFree:        4176376 kB
Zswap:                 0 kB
Zswapped:              0 kB
Dirty:               728 kB
Writeback:             0 kB
AnonPages:       3215164 kB
Mapped:           263800 kB
Shmem:             55972 kB
KReclaimable:      53776 kB
Slab:             280604 kB
SReclaimable:      53776 kB
SUnreclaim:       226828 kB
KernelStack:       18176 kB
PageTables:        48200 kB
SecPageTables:         0 kB
NFS_Unstable:          0 kB
Bounce:                0 kB
WritebackTmp:          0 kB
CommitLimit:     8258920 kB
Committed_AS:   11354124 kB
VmallocTotal:   34359738367 kB
VmallocUsed:       46392 kB
VmallocChunk:          0 kB
Percpu:            13280 kB
HardwareCorrupted:     0 kB
AnonHugePages:    194560 kB
ShmemHugePages:        0 kB
ShmemPmdMapped:        0 kB
FileHugePages:         0 kB
FilePmdMapped:         0 kB
CmaTotal:              0 kB
CmaFree:               0 kB
Unaccepted:            0 kB
Balloon:               0 kB
HugePages_Total:       0
HugePages_Free:        0
HugePages_Rsvd:        0
HugePages_Surp:        0
Hugepagesize:       2048 kB
Hugetlb:               0 kB
DirectMap4k:      194432 kB
DirectMap2M:     6096896 kB
DirectMap1G:     4194304 kB
---SNAPSHOT---
2026-04-27 15:55:47
MemTotal:        8129240 kB
MemFree:         3862124 kB
MemAvailable:    4060568 kB
Buffers:            5592 kB
Cached:           311948 kB
SwapCached:        17924 kB
Active:          2993376 kB
Inactive:         599624 kB
Active(anon):    2888296 kB
Inactive(anon):   443140 kB
Active(file):     105080 kB
Inactive(file):   156484 kB
Unevictable:          16 kB
Mlocked:              16 kB
SwapTotal:       4194300 kB
SwapFree:        4176376 kB
Zswap:                 0 kB
Zswapped:              0 kB
Dirty:               732 kB
Writeback:             0 kB
AnonPages:       3257504 kB
Mapped:           263800 kB
Shmem:             55972 kB
KReclaimable:      53776 kB
Slab:             280604 kB
SReclaimable:      53776 kB
SUnreclaim:       226828 kB
KernelStack:       18160 kB
PageTables:        48408 kB
SecPageTables:         0 kB
NFS_Unstable:          0 kB
Bounce:                0 kB
WritebackTmp:          0 kB
CommitLimit:     8258920 kB
Committed_AS:   11353732 kB
VmallocTotal:   34359738367 kB
VmallocUsed:       46440 kB
VmallocChunk:          0 kB
Percpu:            13280 kB
HardwareCorrupted:     0 kB
AnonHugePages:    194560 kB
ShmemHugePages:        0 kB
ShmemPmdMapped:        0 kB
FileHugePages:         0 kB
FilePmdMapped:         0 kB
CmaTotal:              0 kB
CmaFree:               0 kB
Unaccepted:            0 kB
Balloon:               0 kB
HugePages_Total:       0
HugePages_Free:        0
HugePages_Rsvd:        0
HugePages_Surp:        0
Hugepagesize:       2048 kB
Hugetlb:               0 kB
DirectMap4k:      194432 kB
DirectMap2M:     6096896 kB
DirectMap1G:     4194304 kB
---SNAPSHOT---
2026-04-27 15:55:48
MemTotal:        8129240 kB
MemFree:         3238764 kB
MemAvailable:    3437216 kB
Buffers:            5592 kB
Cached:           311964 kB
SwapCached:        17924 kB
Active:          3633672 kB
Inactive:         599632 kB
Active(anon):    3528592 kB
Inactive(anon):   443140 kB
Active(file):     105080 kB
Inactive(file):   156492 kB
Unevictable:          16 kB
Mlocked:              16 kB
SwapTotal:       4194300 kB
SwapFree:        4176376 kB
Zswap:                 0 kB
Zswapped:              0 kB
Dirty:               740 kB
Writeback:             0 kB
AnonPages:       3894448 kB
Mapped:           264028 kB
Shmem:             55972 kB
KReclaimable:      53776 kB
Slab:             280604 kB
SReclaimable:      53776 kB
SUnreclaim:       226828 kB
KernelStack:       18160 kB
PageTables:        49924 kB
SecPageTables:         0 kB
NFS_Unstable:          0 kB
Bounce:                0 kB
WritebackTmp:          0 kB
CommitLimit:     8258920 kB
Committed_AS:   11353552 kB
VmallocTotal:   34359738367 kB
VmallocUsed:       46392 kB
VmallocChunk:          0 kB
Percpu:            13280 kB
HardwareCorrupted:     0 kB
AnonHugePages:    194560 kB
ShmemHugePages:        0 kB
ShmemPmdMapped:        0 kB
FileHugePages:         0 kB
FilePmdMapped:         0 kB
CmaTotal:              0 kB
CmaFree:               0 kB
Unaccepted:            0 kB
Balloon:               0 kB
HugePages_Total:       0
HugePages_Free:        0
HugePages_Rsvd:        0
HugePages_Surp:        0
Hugepagesize:       2048 kB
Hugetlb:               0 kB
DirectMap4k:      194432 kB
DirectMap2M:     6096896 kB
DirectMap1G:     4194304 kB
---SNAPSHOT---
2026-04-27 15:55:49
MemTotal:        8129240 kB
MemFree:         3882916 kB
MemAvailable:    4081380 kB
Buffers:            5592 kB
Cached:           311968 kB
SwapCached:        17924 kB
Active:          3001932 kB
Inactive:         599644 kB
Active(anon):    2896852 kB
Inactive(anon):   443140 kB
Active(file):     105080 kB
Inactive(file):   156504 kB
Unevictable:          16 kB
Mlocked:              16 kB
SwapTotal:       4194300 kB
SwapFree:        4176376 kB
Zswap:                 0 kB
Zswapped:              0 kB
Dirty:               744 kB
Writeback:             0 kB
AnonPages:       3266000 kB
Mapped:           263800 kB
Shmem:             55972 kB
KReclaimable:      53776 kB
Slab:             280608 kB
SReclaimable:      53776 kB
SUnreclaim:       226832 kB
KernelStack:       18160 kB
PageTables:        48552 kB
SecPageTables:         0 kB
NFS_Unstable:          0 kB
Bounce:                0 kB
WritebackTmp:          0 kB
CommitLimit:     8258920 kB
Committed_AS:   11355308 kB
VmallocTotal:   34359738367 kB
VmallocUsed:       46440 kB
VmallocChunk:          0 kB
Percpu:            13280 kB
HardwareCorrupted:     0 kB
AnonHugePages:    194560 kB
ShmemHugePages:        0 kB
ShmemPmdMapped:        0 kB
FileHugePages:         0 kB
FilePmdMapped:         0 kB
CmaTotal:              0 kB
CmaFree:               0 kB
Unaccepted:            0 kB
Balloon:               0 kB
HugePages_Total:       0
HugePages_Free:        0
HugePages_Rsvd:        0
HugePages_Surp:        0
Hugepagesize:       2048 kB
Hugetlb:               0 kB
DirectMap4k:      194432 kB
DirectMap2M:     6096896 kB
DirectMap1G:     4194304 kB
---SNAPSHOT---
2026-04-27 15:55:50
MemTotal:        8129240 kB
MemFree:         3831612 kB
MemAvailable:    4030100 kB
Buffers:            5592 kB
Cached:           311976 kB
SwapCached:        17924 kB
Active:          3040828 kB
Inactive:         599652 kB
Active(anon):    2935748 kB
Inactive(anon):   443140 kB
Active(file):     105080 kB
Inactive(file):   156512 kB
Unevictable:          16 kB
Mlocked:              16 kB
SwapTotal:       4194300 kB
SwapFree:        4176376 kB
Zswap:                 0 kB
Zswapped:              0 kB
Dirty:               752 kB
Writeback:             0 kB
AnonPages:       3305296 kB
Mapped:           263800 kB
Shmem:             55972 kB
KReclaimable:      53792 kB
Slab:             280612 kB
SReclaimable:      53792 kB
SUnreclaim:       226820 kB
KernelStack:       18160 kB
PageTables:        48500 kB
SecPageTables:         0 kB
NFS_Unstable:          0 kB
Bounce:                0 kB
WritebackTmp:          0 kB
CommitLimit:     8258920 kB
Committed_AS:   11355084 kB
VmallocTotal:   34359738367 kB
VmallocUsed:       46408 kB
VmallocChunk:          0 kB
Percpu:            13280 kB
HardwareCorrupted:     0 kB
AnonHugePages:    194560 kB
ShmemHugePages:        0 kB
ShmemPmdMapped:        0 kB
FileHugePages:         0 kB
FilePmdMapped:         0 kB
CmaTotal:              0 kB
CmaFree:               0 kB
Unaccepted:            0 kB
Balloon:               0 kB
HugePages_Total:       0
HugePages_Free:        0
HugePages_Rsvd:        0
HugePages_Surp:        0
Hugepagesize:       2048 kB
Hugetlb:               0 kB
DirectMap4k:      194432 kB
DirectMap2M:     6096896 kB
DirectMap1G:     4194304 kB
---SNAPSHOT---
2026-04-27 15:55:51
MemTotal:        8129240 kB
MemFree:         3737880 kB
MemAvailable:    3936372 kB
Buffers:            5592 kB
Cached:           311980 kB
SwapCached:        17924 kB
Active:          3127136 kB
Inactive:         599656 kB
Active(anon):    3022056 kB
Inactive(anon):   443140 kB
Active(file):     105080 kB
Inactive(file):   156516 kB
Unevictable:          16 kB
Mlocked:              16 kB
SwapTotal:       4194300 kB
SwapFree:        4176376 kB
Zswap:                 0 kB
Zswapped:              0 kB
Dirty:               756 kB
Writeback:             0 kB
AnonPages:       3391680 kB
Mapped:           263800 kB
Shmem:             55972 kB
KReclaimable:      53792 kB
Slab:             280612 kB
SReclaimable:      53792 kB
SUnreclaim:       226820 kB
KernelStack:       18160 kB
PageTables:        48828 kB
SecPageTables:         0 kB
NFS_Unstable:          0 kB
Bounce:                0 kB
WritebackTmp:          0 kB
CommitLimit:     8258920 kB
Committed_AS:   11354840 kB
VmallocTotal:   34359738367 kB
VmallocUsed:       46424 kB
VmallocChunk:          0 kB
Percpu:            13280 kB
HardwareCorrupted:     0 kB
AnonHugePages:    194560 kB
ShmemHugePages:        0 kB
ShmemPmdMapped:        0 kB
FileHugePages:         0 kB
FilePmdMapped:         0 kB
CmaTotal:              0 kB
CmaFree:               0 kB
Unaccepted:            0 kB
Balloon:               0 kB
HugePages_Total:       0
HugePages_Free:        0
HugePages_Rsvd:        0
HugePages_Surp:        0
Hugepagesize:       2048 kB
Hugetlb:               0 kB
DirectMap4k:      194432 kB
DirectMap2M:     6096896 kB
DirectMap1G:     4194304 kB
---SNAPSHOT---
2026-04-27 15:55:52
MemTotal:        8129240 kB
MemFree:         4144348 kB
MemAvailable:    4342844 kB
Buffers:            5600 kB
Cached:           311984 kB
SwapCached:        17924 kB
Active:          2750088 kB
Inactive:         599660 kB
Active(anon):    2645008 kB
Inactive(anon):   443140 kB
Active(file):     105080 kB
Inactive(file):   156520 kB
Unevictable:          16 kB
Mlocked:              16 kB
SwapTotal:       4194300 kB
SwapFree:        4176376 kB
Zswap:                 0 kB
Zswapped:              0 kB
Dirty:               760 kB
Writeback:             0 kB
AnonPages:       3014544 kB
Mapped:           263800 kB
Shmem:             55972 kB
KReclaimable:      53792 kB
Slab:             280616 kB
SReclaimable:      53792 kB
SUnreclaim:       226824 kB
KernelStack:       18176 kB
PageTables:        47544 kB
SecPageTables:         0 kB
NFS_Unstable:          0 kB
Bounce:                0 kB
WritebackTmp:          0 kB
CommitLimit:     8258920 kB
Committed_AS:   11354564 kB
VmallocTotal:   34359738367 kB
VmallocUsed:       46376 kB
VmallocChunk:          0 kB
Percpu:            13280 kB
HardwareCorrupted:     0 kB
AnonHugePages:    194560 kB
ShmemHugePages:        0 kB
ShmemPmdMapped:        0 kB
FileHugePages:         0 kB
FilePmdMapped:         0 kB
CmaTotal:              0 kB
CmaFree:               0 kB
Unaccepted:            0 kB
Balloon:               0 kB
HugePages_Total:       0
HugePages_Free:        0
HugePages_Rsvd:        0
HugePages_Surp:        0
Hugepagesize:       2048 kB
Hugetlb:               0 kB
DirectMap4k:      194432 kB
DirectMap2M:     6096896 kB
DirectMap1G:     4194304 kB
---SNAPSHOT---
2026-04-27 15:55:54
MemTotal:        8129240 kB
MemFree:         3887116 kB
MemAvailable:    4085632 kB
Buffers:            5608 kB
Cached:           311992 kB
SwapCached:        17924 kB
Active:          3012608 kB
Inactive:         599680 kB
Active(anon):    2907528 kB
Inactive(anon):   443140 kB
Active(file):     105080 kB
Inactive(file):   156540 kB
Unevictable:          16 kB
Mlocked:              16 kB
SwapTotal:       4194300 kB
SwapFree:        4176376 kB
Zswap:                 0 kB
Zswapped:              0 kB
Dirty:               188 kB
Writeback:             0 kB
AnonPages:       3276928 kB
Mapped:           263800 kB
Shmem:             55972 kB
KReclaimable:      53792 kB
Slab:             280616 kB
SReclaimable:      53792 kB
SUnreclaim:       226824 kB
KernelStack:       18160 kB
PageTables:        48452 kB
SecPageTables:         0 kB
NFS_Unstable:          0 kB
Bounce:                0 kB
WritebackTmp:          0 kB
CommitLimit:     8258920 kB
Committed_AS:   11355204 kB
VmallocTotal:   34359738367 kB
VmallocUsed:       46440 kB
VmallocChunk:          0 kB
Percpu:            13280 kB
HardwareCorrupted:     0 kB
AnonHugePages:    194560 kB
ShmemHugePages:        0 kB
ShmemPmdMapped:        0 kB
FileHugePages:         0 kB
FilePmdMapped:         0 kB
CmaTotal:              0 kB
CmaFree:               0 kB
Unaccepted:            0 kB
Balloon:               0 kB
HugePages_Total:       0
HugePages_Free:        0
HugePages_Rsvd:        0
HugePages_Surp:        0
Hugepagesize:       2048 kB
Hugetlb:               0 kB
DirectMap4k:      194432 kB
DirectMap2M:     6096896 kB
DirectMap1G:     4194304 kB
---SNAPSHOT---
2026-04-27 15:55:55
MemTotal:        8129240 kB
MemFree:         4227472 kB
MemAvailable:    4426452 kB
Buffers:            5608 kB
Cached:           311996 kB
SwapCached:        17924 kB
Active:          2566240 kB
Inactive:         599688 kB
Active(anon):    2461160 kB
Inactive(anon):   443140 kB
Active(file):     105080 kB
Inactive(file):   156548 kB
Unevictable:          16 kB
Mlocked:              16 kB
SwapTotal:       4194300 kB
SwapFree:        4176376 kB
Zswap:                 0 kB
Zswapped:              0 kB
Dirty:               192 kB
Writeback:             0 kB
AnonPages:       2818248 kB
Mapped:           264028 kB
Shmem:             55972 kB
KReclaimable:      53792 kB
Slab:             280612 kB
SReclaimable:      53792 kB
SUnreclaim:       226820 kB
KernelStack:       18144 kB
PageTables:        48100 kB
SecPageTables:         0 kB
NFS_Unstable:          0 kB
Bounce:                0 kB
WritebackTmp:          0 kB
CommitLimit:     8258920 kB
Committed_AS:   11355200 kB
VmallocTotal:   34359738367 kB
VmallocUsed:       46424 kB
VmallocChunk:          0 kB
Percpu:            13280 kB
HardwareCorrupted:     0 kB
AnonHugePages:    194560 kB
ShmemHugePages:        0 kB
ShmemPmdMapped:        0 kB
FileHugePages:         0 kB
FilePmdMapped:         0 kB
CmaTotal:              0 kB
CmaFree:               0 kB
Unaccepted:            0 kB
Balloon:               0 kB
HugePages_Total:       0
HugePages_Free:        0
HugePages_Rsvd:        0
HugePages_Surp:        0
Hugepagesize:       2048 kB
Hugetlb:               0 kB
DirectMap4k:      194432 kB
DirectMap2M:     6096896 kB
DirectMap1G:     4194304 kB
---SNAPSHOT---
2026-04-27 15:55:56
MemTotal:        8129240 kB
MemFree:         4015896 kB
MemAvailable:    4214424 kB
Buffers:            5608 kB
Cached:           312004 kB
SwapCached:        17924 kB
Active:          2893780 kB
Inactive:         599692 kB
Active(anon):    2788700 kB
Inactive(anon):   443140 kB
Active(file):     105080 kB
Inactive(file):   156552 kB
Unevictable:          16 kB
Mlocked:              16 kB
SwapTotal:       4194300 kB
SwapFree:        4176376 kB
Zswap:                 0 kB
Zswapped:              0 kB
Dirty:               200 kB
Writeback:             0 kB
AnonPages:       3158096 kB
Mapped:           263800 kB
Shmem:             55972 kB
KReclaimable:      53792 kB
Slab:             280616 kB
SReclaimable:      53792 kB
SUnreclaim:       226824 kB
KernelStack:       18160 kB
PageTables:        48240 kB
SecPageTables:         0 kB
NFS_Unstable:          0 kB
Bounce:                0 kB
WritebackTmp:          0 kB
CommitLimit:     8258920 kB
Committed_AS:   11354788 kB
VmallocTotal:   34359738367 kB
VmallocUsed:       46424 kB
VmallocChunk:          0 kB
Percpu:            13280 kB
HardwareCorrupted:     0 kB
AnonHugePages:    194560 kB
ShmemHugePages:        0 kB
ShmemPmdMapped:        0 kB
FileHugePages:         0 kB
FilePmdMapped:         0 kB
CmaTotal:              0 kB
CmaFree:               0 kB
Unaccepted:            0 kB
Balloon:               0 kB
HugePages_Total:       0
HugePages_Free:        0
HugePages_Rsvd:        0
HugePages_Surp:        0
Hugepagesize:       2048 kB
Hugetlb:               0 kB
DirectMap4k:      194432 kB
DirectMap2M:     6096896 kB
DirectMap1G:     4194304 kB
---SNAPSHOT---
2026-04-27 15:55:57
MemTotal:        8129240 kB
MemFree:         3794476 kB
MemAvailable:    3993012 kB
Buffers:            5608 kB
Cached:           312008 kB
SwapCached:        17924 kB
Active:          3126228 kB
Inactive:         599700 kB
Active(anon):    3021148 kB
Inactive(anon):   443140 kB
Active(file):     105080 kB
Inactive(file):   156560 kB
Unevictable:          16 kB
Mlocked:              16 kB
SwapTotal:       4194300 kB
SwapFree:        4176376 kB
Zswap:                 0 kB
Zswapped:              0 kB
Dirty:               204 kB
Writeback:             0 kB
AnonPages:       3390844 kB
Mapped:           263800 kB
Shmem:             55972 kB
KReclaimable:      53792 kB
Slab:             280608 kB
SReclaimable:      53792 kB
SUnreclaim:       226816 kB
KernelStack:       18160 kB
PageTables:        48528 kB
SecPageTables:         0 kB
NFS_Unstable:          0 kB
Bounce:                0 kB
WritebackTmp:          0 kB
CommitLimit:     8258920 kB
Committed_AS:   11355172 kB
VmallocTotal:   34359738367 kB
VmallocUsed:       46408 kB
VmallocChunk:          0 kB
Percpu:            13280 kB
HardwareCorrupted:     0 kB
AnonHugePages:    194560 kB
ShmemHugePages:        0 kB
ShmemPmdMapped:        0 kB
FileHugePages:         0 kB
FilePmdMapped:         0 kB
CmaTotal:              0 kB
CmaFree:               0 kB
Unaccepted:            0 kB
Balloon:               0 kB
HugePages_Total:       0
HugePages_Free:        0
HugePages_Rsvd:        0
HugePages_Surp:        0
Hugepagesize:       2048 kB
Hugetlb:               0 kB
DirectMap4k:      194432 kB
DirectMap2M:     6096896 kB
DirectMap1G:     4194304 kB
---SNAPSHOT---
2026-04-27 15:55:58
MemTotal:        8129240 kB
MemFree:         4190296 kB
MemAvailable:    4388840 kB
Buffers:            5616 kB
Cached:           312008 kB
SwapCached:        17924 kB
Active:          2713340 kB
Inactive:         599708 kB
Active(anon):    2608260 kB
Inactive(anon):   443140 kB
Active(file):     105080 kB
Inactive(file):   156568 kB
Unevictable:          16 kB
Mlocked:              16 kB
SwapTotal:       4194300 kB
SwapFree:        4176376 kB
Zswap:                 0 kB
Zswapped:              0 kB
Dirty:               212 kB
Writeback:             0 kB
AnonPages:       2978104 kB
Mapped:           263800 kB
Shmem:             55972 kB
KReclaimable:      53792 kB
Slab:             280612 kB
SReclaimable:      53792 kB
SUnreclaim:       226820 kB
KernelStack:       18160 kB
PageTables:        47956 kB
SecPageTables:         0 kB
NFS_Unstable:          0 kB
Bounce:                0 kB
WritebackTmp:          0 kB
CommitLimit:     8258920 kB
Committed_AS:   11355312 kB
VmallocTotal:   34359738367 kB
VmallocUsed:       46440 kB
VmallocChunk:          0 kB
Percpu:            13280 kB
HardwareCorrupted:     0 kB
AnonHugePages:    194560 kB
ShmemHugePages:        0 kB
ShmemPmdMapped:        0 kB
FileHugePages:         0 kB
FilePmdMapped:         0 kB
CmaTotal:              0 kB
CmaFree:               0 kB
Unaccepted:            0 kB
Balloon:               0 kB
HugePages_Total:       0
HugePages_Free:        0
HugePages_Rsvd:        0
HugePages_Surp:        0
Hugepagesize:       2048 kB
Hugetlb:               0 kB
DirectMap4k:      194432 kB
DirectMap2M:     6096896 kB
DirectMap1G:     4194304 kB
---SNAPSHOT---
2026-04-27 15:55:59
MemTotal:        8129240 kB
MemFree:         3975140 kB
MemAvailable:    4173708 kB
Buffers:            5616 kB
Cached:           312032 kB
SwapCached:        17924 kB
Active:          2952436 kB
Inactive:         599732 kB
Active(anon):    2847356 kB
Inactive(anon):   443140 kB
Active(file):     105080 kB
Inactive(file):   156592 kB
Unevictable:          16 kB
Mlocked:              16 kB
SwapTotal:       4194300 kB
SwapFree:        4176376 kB
Zswap:                 0 kB
Zswapped:              0 kB
Dirty:                60 kB
Writeback:             0 kB
AnonPages:       3217048 kB
Mapped:           263800 kB
Shmem:             55972 kB
KReclaimable:      53792 kB
Slab:             280612 kB
SReclaimable:      53792 kB
SUnreclaim:       226820 kB
KernelStack:       18160 kB
PageTables:        48116 kB
SecPageTables:         0 kB
NFS_Unstable:          0 kB
Bounce:                0 kB
WritebackTmp:          0 kB
CommitLimit:     8258920 kB
Committed_AS:   11354684 kB
VmallocTotal:   34359738367 kB
VmallocUsed:       46440 kB
VmallocChunk:          0 kB
Percpu:            13280 kB
HardwareCorrupted:     0 kB
AnonHugePages:    194560 kB
ShmemHugePages:        0 kB
ShmemPmdMapped:        0 kB
FileHugePages:         0 kB
FilePmdMapped:         0 kB
CmaTotal:              0 kB
CmaFree:               0 kB
Unaccepted:            0 kB
Balloon:               0 kB
HugePages_Total:       0
HugePages_Free:        0
HugePages_Rsvd:        0
HugePages_Surp:        0
Hugepagesize:       2048 kB
Hugetlb:               0 kB
DirectMap4k:      194432 kB
DirectMap2M:     6096896 kB
DirectMap1G:     4194304 kB
---SNAPSHOT---
2026-04-27 15:56:00
MemTotal:        8129240 kB
MemFree:         3714908 kB
MemAvailable:    3913480 kB
Buffers:            5616 kB
Cached:           312036 kB
SwapCached:        17924 kB
Active:          3205680 kB
Inactive:         599736 kB
Active(anon):    3100600 kB
Inactive(anon):   443140 kB
Active(file):     105080 kB
Inactive(file):   156596 kB
Unevictable:          16 kB
Mlocked:              16 kB
SwapTotal:       4194300 kB
SwapFree:        4176376 kB
Zswap:                 0 kB
Zswapped:              0 kB
Dirty:                76 kB
Writeback:             0 kB
AnonPages:       3470260 kB
Mapped:           263800 kB
Shmem:             55972 kB
KReclaimable:      53792 kB
Slab:             280608 kB
SReclaimable:      53792 kB
SUnreclaim:       226816 kB
KernelStack:       18220 kB
PageTables:        49052 kB
SecPageTables:         0 kB
NFS_Unstable:          0 kB
Bounce:                0 kB
WritebackTmp:          0 kB
CommitLimit:     8258920 kB
Committed_AS:   11355428 kB
VmallocTotal:   34359738367 kB
VmallocUsed:       46456 kB
VmallocChunk:          0 kB
Percpu:            13280 kB
HardwareCorrupted:     0 kB
AnonHugePages:    194560 kB
ShmemHugePages:        0 kB
ShmemPmdMapped:        0 kB
FileHugePages:         0 kB
FilePmdMapped:         0 kB
CmaTotal:              0 kB
CmaFree:               0 kB
Unaccepted:            0 kB
Balloon:               0 kB
HugePages_Total:       0
HugePages_Free:        0
HugePages_Rsvd:        0
HugePages_Surp:        0
Hugepagesize:       2048 kB
Hugetlb:               0 kB
DirectMap4k:      194432 kB
DirectMap2M:     6096896 kB
DirectMap1G:     4194304 kB
---SNAPSHOT---
2026-04-27 15:56:01
MemTotal:        8129240 kB
MemFree:         3643128 kB
MemAvailable:    3841708 kB
Buffers:            5616 kB
Cached:           312044 kB
SwapCached:       416440 kB
Active:          2882484 kB
Inactive:         996300 kB
Active(anon):    2777404 kB
Inactive(anon):   839696 kB
Active(file):     105080 kB
Inactive(file):   156604 kB
Unevictable:          16 kB
Mlocked:              16 kB
SwapTotal:       4194300 kB
SwapFree:        3777772 kB
Zswap:                 0 kB
Zswapped:              0 kB
Dirty:                84 kB
Writeback:           888 kB
AnonPages:       3147316 kB
Mapped:           263800 kB
Shmem:             55972 kB
KReclaimable:      53792 kB
Slab:             280684 kB
SReclaimable:      53792 kB
SUnreclaim:       226892 kB
KernelStack:       18160 kB
PageTables:        49092 kB
SecPageTables:         0 kB
NFS_Unstable:          0 kB
Bounce:                0 kB
WritebackTmp:          0 kB
CommitLimit:     8258920 kB
Committed_AS:   11355084 kB
VmallocTotal:   34359738367 kB
VmallocUsed:       46424 kB
VmallocChunk:          0 kB
Percpu:            13280 kB
HardwareCorrupted:     0 kB
AnonHugePages:    194560 kB
ShmemHugePages:        0 kB
ShmemPmdMapped:        0 kB
FileHugePages:         0 kB
FilePmdMapped:         0 kB
CmaTotal:              0 kB
CmaFree:               0 kB
Unaccepted:            0 kB
Balloon:               0 kB
HugePages_Total:       0
HugePages_Free:        0
HugePages_Rsvd:        0
HugePages_Surp:        0
Hugepagesize:       2048 kB
Hugetlb:               0 kB
DirectMap4k:      194432 kB
DirectMap2M:     6096896 kB
DirectMap1G:     4194304 kB
---SNAPSHOT---
2026-04-27 15:56:02
MemTotal:        8129240 kB
MemFree:         3594708 kB
MemAvailable:    3793288 kB
Buffers:            5620 kB
Cached:           312048 kB
SwapCached:       583176 kB
Active:          2778508 kB
Inactive:        1148384 kB
Active(anon):    2673428 kB
Inactive(anon):   991780 kB
Active(file):     105080 kB
Inactive(file):   156604 kB
Unevictable:          16 kB
Mlocked:              16 kB
SwapTotal:       4194300 kB
SwapFree:        3611124 kB
Zswap:                 0 kB
Zswapped:              0 kB
Dirty:                88 kB
Writeback:         16612 kB
AnonPages:       3028880 kB
Mapped:           263800 kB
Shmem:             55972 kB
KReclaimable:      53792 kB
Slab:             281756 kB
SReclaimable:      53792 kB
SUnreclaim:       227964 kB
KernelStack:       18204 kB
PageTables:        49456 kB
SecPageTables:         0 kB
NFS_Unstable:          0 kB
Bounce:                0 kB
WritebackTmp:          0 kB
CommitLimit:     8258920 kB
Committed_AS:   11355312 kB
VmallocTotal:   34359738367 kB
VmallocUsed:       46472 kB
VmallocChunk:          0 kB
Percpu:            13280 kB
HardwareCorrupted:     0 kB
AnonHugePages:    194560 kB
ShmemHugePages:        0 kB
ShmemPmdMapped:        0 kB
FileHugePages:         0 kB
FilePmdMapped:         0 kB
CmaTotal:              0 kB
CmaFree:               0 kB
Unaccepted:            0 kB
Balloon:               0 kB
HugePages_Total:       0
HugePages_Free:        0
HugePages_Rsvd:        0
HugePages_Surp:        0
Hugepagesize:       2048 kB
Hugetlb:               0 kB
DirectMap4k:      194432 kB
DirectMap2M:     6096896 kB
DirectMap1G:     4194304 kB
---SNAPSHOT---
2026-04-27 15:56:03
MemTotal:        8129240 kB
MemFree:         4101352 kB
MemAvailable:    4300100 kB
Buffers:            5888 kB
Cached:           312044 kB
SwapCached:        18100 kB
Active:          2846120 kB
Inactive:         599996 kB
Active(anon):    2741040 kB
Inactive(anon):   443224 kB
Active(file):     105080 kB
Inactive(file):   156772 kB
Unevictable:          16 kB
Mlocked:              16 kB
SwapTotal:       4194300 kB
SwapFree:        4176376 kB
Zswap:                 0 kB
Zswapped:              0 kB
Dirty:                92 kB
Writeback:             0 kB
AnonPages:       3110820 kB
Mapped:           263800 kB
Shmem:             55972 kB
KReclaimable:      53792 kB
Slab:             280620 kB
SReclaimable:      53792 kB
SUnreclaim:       226828 kB
KernelStack:       18160 kB
PageTables:        48200 kB
SecPageTables:         0 kB
NFS_Unstable:          0 kB
Bounce:                0 kB
WritebackTmp:          0 kB
CommitLimit:     8258920 kB
Committed_AS:   11354824 kB
VmallocTotal:   34359738367 kB
VmallocUsed:       46424 kB
VmallocChunk:          0 kB
Percpu:            13280 kB
HardwareCorrupted:     0 kB
AnonHugePages:    194560 kB
ShmemHugePages:        0 kB
ShmemPmdMapped:        0 kB
FileHugePages:         0 kB
FilePmdMapped:         0 kB
CmaTotal:              0 kB
CmaFree:               0 kB
Unaccepted:            0 kB
Balloon:               0 kB
HugePages_Total:       0
HugePages_Free:        0
HugePages_Rsvd:        0
HugePages_Surp:        0
Hugepagesize:       2048 kB
Hugetlb:               0 kB
DirectMap4k:      194432 kB
DirectMap2M:     6096896 kB
DirectMap1G:     4194304 kB
---SNAPSHOT---
2026-04-27 15:56:04
MemTotal:        8129240 kB
MemFree:         3826504 kB
MemAvailable:    4025368 kB
Buffers:            5888 kB
Cached:           312060 kB
SwapCached:        17924 kB
Active:          3118160 kB
Inactive:         600028 kB
Active(anon):    3013080 kB
Inactive(anon):   443140 kB
Active(file):     105080 kB
Inactive(file):   156888 kB
Unevictable:          16 kB
Mlocked:              16 kB
SwapTotal:       4194300 kB
SwapFree:        4176376 kB
Zswap:                 0 kB
Zswapped:              0 kB
Dirty:               104 kB
Writeback:             0 kB
AnonPages:       3383032 kB
Mapped:           263800 kB
Shmem:             55972 kB
KReclaimable:      53792 kB
Slab:             280632 kB
SReclaimable:      53792 kB
SUnreclaim:       226840 kB
KernelStack:       18160 kB
PageTables:        49104 kB
SecPageTables:         0 kB
NFS_Unstable:          0 kB
Bounce:                0 kB
WritebackTmp:          0 kB
CommitLimit:     8258920 kB
Committed_AS:   11355204 kB
VmallocTotal:   34359738367 kB
VmallocUsed:       46440 kB
VmallocChunk:          0 kB
Percpu:            13280 kB
HardwareCorrupted:     0 kB
AnonHugePages:    194560 kB
ShmemHugePages:        0 kB
ShmemPmdMapped:        0 kB
FileHugePages:         0 kB
FilePmdMapped:         0 kB
CmaTotal:              0 kB
CmaFree:               0 kB
Unaccepted:            0 kB
Balloon:               0 kB
HugePages_Total:       0
HugePages_Free:        0
HugePages_Rsvd:        0
HugePages_Surp:        0
Hugepagesize:       2048 kB
Hugetlb:               0 kB
DirectMap4k:      194432 kB
DirectMap2M:     6096896 kB
DirectMap1G:     4194304 kB
---SNAPSHOT---
2026-04-27 15:56:05
MemTotal:        8129240 kB
MemFree:         4152148 kB
MemAvailable:    4351020 kB
Buffers:            5888 kB
Cached:           312064 kB
SwapCached:        17924 kB
Active:          2754520 kB
Inactive:         600036 kB
Active(anon):    2649440 kB
Inactive(anon):   443140 kB
Active(file):     105080 kB
Inactive(file):   156896 kB
Unevictable:          16 kB
Mlocked:              16 kB
SwapTotal:       4194300 kB
SwapFree:        4176376 kB
Zswap:                 0 kB
Zswapped:              0 kB
Dirty:               108 kB
Writeback:             0 kB
AnonPages:       3019020 kB
Mapped:           263572 kB
Shmem:             55972 kB
KReclaimable:      53792 kB
Slab:             280620 kB
SReclaimable:      53792 kB
SUnreclaim:       226828 kB
KernelStack:       18204 kB
PageTables:        48600 kB
SecPageTables:         0 kB
NFS_Unstable:          0 kB
Bounce:                0 kB
WritebackTmp:          0 kB
CommitLimit:     8258920 kB
Committed_AS:   11355204 kB
VmallocTotal:   34359738367 kB
VmallocUsed:       46456 kB
VmallocChunk:          0 kB
Percpu:            13280 kB
HardwareCorrupted:     0 kB
AnonHugePages:    194560 kB
ShmemHugePages:        0 kB
ShmemPmdMapped:        0 kB
FileHugePages:         0 kB
FilePmdMapped:         0 kB
CmaTotal:              0 kB
CmaFree:               0 kB
Unaccepted:            0 kB
Balloon:               0 kB
HugePages_Total:       0
HugePages_Free:        0
HugePages_Rsvd:        0
HugePages_Surp:        0
Hugepagesize:       2048 kB
Hugetlb:               0 kB
DirectMap4k:      194432 kB
DirectMap2M:     6096896 kB
DirectMap1G:     4194304 kB
---SNAPSHOT---
2026-04-27 15:56:06
MemTotal:        8129240 kB
MemFree:         3936508 kB
MemAvailable:    4135388 kB
Buffers:            5888 kB
Cached:           312072 kB
SwapCached:        17924 kB
Active:          3006616 kB
Inactive:         600044 kB
Active(anon):    2901536 kB
Inactive(anon):   443140 kB
Active(file):     105080 kB
Inactive(file):   156904 kB
Unevictable:          16 kB
Mlocked:              16 kB
SwapTotal:       4194300 kB
SwapFree:        4176376 kB
Zswap:                 0 kB
Zswapped:              0 kB
Dirty:               116 kB
Writeback:             0 kB
AnonPages:       3271116 kB
Mapped:           264028 kB
Shmem:             55972 kB
KReclaimable:      53792 kB
Slab:             280640 kB
SReclaimable:      53792 kB
SUnreclaim:       226848 kB
KernelStack:       18160 kB
PageTables:        49000 kB
SecPageTables:         0 kB
NFS_Unstable:          0 kB
Bounce:                0 kB
WritebackTmp:          0 kB
CommitLimit:     8258920 kB
Committed_AS:   11354820 kB
VmallocTotal:   34359738367 kB
VmallocUsed:       46456 kB
VmallocChunk:          0 kB
Percpu:            13280 kB
HardwareCorrupted:     0 kB
AnonHugePages:    194560 kB
ShmemHugePages:        0 kB
ShmemPmdMapped:        0 kB
FileHugePages:         0 kB
FilePmdMapped:         0 kB
CmaTotal:              0 kB
CmaFree:               0 kB
Unaccepted:            0 kB
Balloon:               0 kB
HugePages_Total:       0
HugePages_Free:        0
HugePages_Rsvd:        0
HugePages_Surp:        0
Hugepagesize:       2048 kB
Hugetlb:               0 kB
DirectMap4k:      194432 kB
DirectMap2M:     6096896 kB
DirectMap1G:     4194304 kB
---SNAPSHOT---
2026-04-27 15:56:07
MemTotal:        8129240 kB
MemFree:         3904928 kB
MemAvailable:    4103816 kB
Buffers:            5888 kB
Cached:           312080 kB
SwapCached:        17924 kB
Active:          2975744 kB
Inactive:         600052 kB
Active(anon):    2870664 kB
Inactive(anon):   443140 kB
Active(file):     105080 kB
Inactive(file):   156912 kB
Unevictable:          16 kB
Mlocked:              16 kB
SwapTotal:       4194300 kB
SwapFree:        4176376 kB
Zswap:                 0 kB
Zswapped:              0 kB
Dirty:               124 kB
Writeback:             0 kB
AnonPages:       3214788 kB
Mapped:           263800 kB
Shmem:             55972 kB
KReclaimable:      53792 kB
Slab:             280644 kB
SReclaimable:      53792 kB
SUnreclaim:       226852 kB
KernelStack:       18220 kB
PageTables:        49496 kB
SecPageTables:         0 kB
NFS_Unstable:          0 kB
Bounce:                0 kB
WritebackTmp:          0 kB
CommitLimit:     8258920 kB
Committed_AS:   11355316 kB
VmallocTotal:   34359738367 kB
VmallocUsed:       46472 kB
VmallocChunk:          0 kB
Percpu:            13280 kB
HardwareCorrupted:     0 kB
AnonHugePages:    194560 kB
ShmemHugePages:        0 kB
ShmemPmdMapped:        0 kB
FileHugePages:         0 kB
FilePmdMapped:         0 kB
CmaTotal:              0 kB
CmaFree:               0 kB
Unaccepted:            0 kB
Balloon:               0 kB
HugePages_Total:       0
HugePages_Free:        0
HugePages_Rsvd:        0
HugePages_Surp:        0
Hugepagesize:       2048 kB
Hugetlb:               0 kB
DirectMap4k:      194432 kB
DirectMap2M:     6096896 kB
DirectMap1G:     4194304 kB
---SNAPSHOT---
2026-04-27 15:56:08
MemTotal:        8129240 kB
MemFree:         4115816 kB
MemAvailable:    4314708 kB
Buffers:            5896 kB
Cached:           312076 kB
SwapCached:        17924 kB
Active:          2769768 kB
Inactive:         600056 kB
Active(anon):    2664688 kB
Inactive(anon):   443140 kB
Active(file):     105080 kB
Inactive(file):   156916 kB
Unevictable:          16 kB
Mlocked:              16 kB
SwapTotal:       4194300 kB
SwapFree:        4176376 kB
Zswap:                 0 kB
Zswapped:              0 kB
Dirty:               128 kB
Writeback:             0 kB
AnonPages:       3033952 kB
Mapped:           263800 kB
Shmem:             55972 kB
KReclaimable:      53792 kB
Slab:             280660 kB
SReclaimable:      53792 kB
SUnreclaim:       226868 kB
KernelStack:       18220 kB
PageTables:        49712 kB
SecPageTables:         0 kB
NFS_Unstable:          0 kB
Bounce:                0 kB
WritebackTmp:          0 kB
CommitLimit:     8258920 kB
Committed_AS:   11355072 kB
VmallocTotal:   34359738367 kB
VmallocUsed:       46456 kB
VmallocChunk:          0 kB
Percpu:            13280 kB
HardwareCorrupted:     0 kB
AnonHugePages:    194560 kB
ShmemHugePages:        0 kB
ShmemPmdMapped:        0 kB
FileHugePages:         0 kB
FilePmdMapped:         0 kB
CmaTotal:              0 kB
CmaFree:               0 kB
Unaccepted:            0 kB
Balloon:               0 kB
HugePages_Total:       0
HugePages_Free:        0
HugePages_Rsvd:        0
HugePages_Surp:        0
Hugepagesize:       2048 kB
Hugetlb:               0 kB
DirectMap4k:      194432 kB
DirectMap2M:     6096896 kB
DirectMap1G:     4194304 kB
---SNAPSHOT---
2026-04-27 15:56:09
MemTotal:        8129240 kB
MemFree:         3954584 kB
MemAvailable:    4153492 kB
Buffers:            5896 kB
Cached:           312096 kB
SwapCached:        17924 kB
Active:          2988888 kB
Inactive:         600072 kB
Active(anon):    2883808 kB
Inactive(anon):   443140 kB
Active(file):     105080 kB
Inactive(file):   156932 kB
Unevictable:          16 kB
Mlocked:              16 kB
SwapTotal:       4194300 kB
SwapFree:        4176376 kB
Zswap:                 0 kB
Zswapped:              0 kB
Dirty:               140 kB
Writeback:             0 kB
AnonPages:       3253548 kB
Mapped:           263800 kB
Shmem:             55972 kB
KReclaimable:      53792 kB
Slab:             280656 kB
SReclaimable:      53792 kB
SUnreclaim:       226864 kB
KernelStack:       18176 kB
PageTables:        49628 kB
SecPageTables:         0 kB
NFS_Unstable:          0 kB
Bounce:                0 kB
WritebackTmp:          0 kB
CommitLimit:     8258920 kB
Committed_AS:   11355424 kB
VmallocTotal:   34359738367 kB
VmallocUsed:       46472 kB
VmallocChunk:          0 kB
Percpu:            13280 kB
HardwareCorrupted:     0 kB
AnonHugePages:    194560 kB
ShmemHugePages:        0 kB
ShmemPmdMapped:        0 kB
FileHugePages:         0 kB
FilePmdMapped:         0 kB
CmaTotal:              0 kB
CmaFree:               0 kB
Unaccepted:            0 kB
Balloon:               0 kB
HugePages_Total:       0
HugePages_Free:        0
HugePages_Rsvd:        0
HugePages_Surp:        0
Hugepagesize:       2048 kB
Hugetlb:               0 kB
DirectMap4k:      194432 kB
DirectMap2M:     6096896 kB
DirectMap1G:     4194304 kB
---SNAPSHOT---
2026-04-27 15:56:10
MemTotal:        8129240 kB
MemFree:         3746148 kB
MemAvailable:    3945064 kB
Buffers:            5896 kB
Cached:           312100 kB
SwapCached:        17924 kB
Active:          3138424 kB
Inactive:         600080 kB
Active(anon):    3033344 kB
Inactive(anon):   443140 kB
Active(file):     105080 kB
Inactive(file):   156940 kB
Unevictable:          16 kB
Mlocked:              16 kB
SwapTotal:       4194300 kB
SwapFree:        4176376 kB
Zswap:                 0 kB
Zswapped:              0 kB
Dirty:               144 kB
Writeback:             0 kB
AnonPages:       3384948 kB
Mapped:           263800 kB
Shmem:             55972 kB
KReclaimable:      53792 kB
Slab:             280652 kB
SReclaimable:      53792 kB
SUnreclaim:       226860 kB
KernelStack:       18160 kB
PageTables:        49784 kB
SecPageTables:         0 kB
NFS_Unstable:          0 kB
Bounce:                0 kB
WritebackTmp:          0 kB
CommitLimit:     8258920 kB
Committed_AS:   11354932 kB
VmallocTotal:   34359738367 kB
VmallocUsed:       46424 kB
VmallocChunk:          0 kB
Percpu:            13280 kB
HardwareCorrupted:     0 kB
AnonHugePages:    194560 kB
ShmemHugePages:        0 kB
ShmemPmdMapped:        0 kB
FileHugePages:         0 kB
FilePmdMapped:         0 kB
CmaTotal:              0 kB
CmaFree:               0 kB
Unaccepted:            0 kB
Balloon:               0 kB
HugePages_Total:       0
HugePages_Free:        0
HugePages_Rsvd:        0
HugePages_Surp:        0
Hugepagesize:       2048 kB
Hugetlb:               0 kB
DirectMap4k:      194432 kB
DirectMap2M:     6096896 kB
DirectMap1G:     4194304 kB
---SNAPSHOT---
2026-04-27 15:56:11
MemTotal:        8129240 kB
MemFree:         3518520 kB
MemAvailable:    3717444 kB
Buffers:            5896 kB
Cached:           312108 kB
SwapCached:        17924 kB
Active:          3415976 kB
Inactive:         600088 kB
Active(anon):    3310896 kB
Inactive(anon):   443140 kB
Active(file):     105080 kB
Inactive(file):   156948 kB
Unevictable:          16 kB
Mlocked:              16 kB
SwapTotal:       4194300 kB
SwapFree:        4176376 kB
Zswap:                 0 kB
Zswapped:              0 kB
Dirty:               152 kB
Writeback:             0 kB
AnonPages:       3680332 kB
Mapped:           263800 kB
Shmem:             55972 kB
KReclaimable:      53792 kB
Slab:             280636 kB
SReclaimable:      53792 kB
SUnreclaim:       226844 kB
KernelStack:       18220 kB
PageTables:        49828 kB
SecPageTables:         0 kB
NFS_Unstable:          0 kB
Bounce:                0 kB
WritebackTmp:          0 kB
CommitLimit:     8258920 kB
Committed_AS:   11354980 kB
VmallocTotal:   34359738367 kB
VmallocUsed:       46440 kB
VmallocChunk:          0 kB
Percpu:            13280 kB
HardwareCorrupted:     0 kB
AnonHugePages:    194560 kB
ShmemHugePages:        0 kB
ShmemPmdMapped:        0 kB
FileHugePages:         0 kB
FilePmdMapped:         0 kB
CmaTotal:              0 kB
CmaFree:               0 kB
Unaccepted:            0 kB
Balloon:               0 kB
HugePages_Total:       0
HugePages_Free:        0
HugePages_Rsvd:        0
HugePages_Surp:        0
Hugepagesize:       2048 kB
Hugetlb:               0 kB
DirectMap4k:      194432 kB
DirectMap2M:     6096896 kB
DirectMap1G:     4194304 kB
---SNAPSHOT---
2026-04-27 15:56:12
MemTotal:        8129240 kB
MemFree:         3906024 kB
MemAvailable:    4104948 kB
Buffers:            5896 kB
Cached:           312112 kB
SwapCached:        17924 kB
Active:          3023704 kB
Inactive:         600088 kB
Active(anon):    2918624 kB
Inactive(anon):   443140 kB
Active(file):     105080 kB
Inactive(file):   156948 kB
Unevictable:          16 kB
Mlocked:              16 kB
SwapTotal:       4194300 kB
SwapFree:        4176376 kB
Zswap:                 0 kB
Zswapped:              0 kB
Dirty:               156 kB
Writeback:             0 kB
AnonPages:       3288484 kB
Mapped:           263800 kB
Shmem:             55972 kB
KReclaimable:      53792 kB
Slab:             280632 kB
SReclaimable:      53792 kB
SUnreclaim:       226840 kB
KernelStack:       18176 kB
PageTables:        48748 kB
SecPageTables:         0 kB
NFS_Unstable:          0 kB
Bounce:                0 kB
WritebackTmp:          0 kB
CommitLimit:     8258920 kB
Committed_AS:   11354436 kB
VmallocTotal:   34359738367 kB
VmallocUsed:       46392 kB
VmallocChunk:          0 kB
Percpu:            13280 kB
HardwareCorrupted:     0 kB
AnonHugePages:    194560 kB
ShmemHugePages:        0 kB
ShmemPmdMapped:        0 kB
FileHugePages:         0 kB
FilePmdMapped:         0 kB
CmaTotal:              0 kB
CmaFree:               0 kB
Unaccepted:            0 kB
Balloon:               0 kB
HugePages_Total:       0
HugePages_Free:        0
HugePages_Rsvd:        0
HugePages_Surp:        0
Hugepagesize:       2048 kB
Hugetlb:               0 kB
DirectMap4k:      194432 kB
DirectMap2M:     6096896 kB
DirectMap1G:     4194304 kB
---SNAPSHOT---
2026-04-27 15:56:13
MemTotal:        8129240 kB
MemFree:         4236228 kB
MemAvailable:    4435160 kB
Buffers:            5904 kB
Cached:           312108 kB
SwapCached:        17924 kB
Active:          2638692 kB
Inactive:         600096 kB
Active(anon):    2533612 kB
Inactive(anon):   443140 kB
Active(file):     105080 kB
Inactive(file):   156956 kB
Unevictable:          16 kB
Mlocked:              16 kB
SwapTotal:       4194300 kB
SwapFree:        4176376 kB
Zswap:                 0 kB
Zswapped:              0 kB
Dirty:               160 kB
Writeback:             0 kB
AnonPages:       2903432 kB
Mapped:           263800 kB
Shmem:             55972 kB
KReclaimable:      53792 kB
Slab:             280628 kB
SReclaimable:      53792 kB
SUnreclaim:       226836 kB
KernelStack:       18160 kB
PageTables:        48128 kB
SecPageTables:         0 kB
NFS_Unstable:          0 kB
Bounce:                0 kB
WritebackTmp:          0 kB
CommitLimit:     8258920 kB
Committed_AS:   11354840 kB
VmallocTotal:   34359738367 kB
VmallocUsed:       46360 kB
VmallocChunk:          0 kB
Percpu:            13280 kB
HardwareCorrupted:     0 kB
AnonHugePages:    194560 kB
ShmemHugePages:        0 kB
ShmemPmdMapped:        0 kB
FileHugePages:         0 kB
FilePmdMapped:         0 kB
CmaTotal:              0 kB
CmaFree:               0 kB
Unaccepted:            0 kB
Balloon:               0 kB
HugePages_Total:       0
HugePages_Free:        0
HugePages_Rsvd:        0
HugePages_Surp:        0
Hugepagesize:       2048 kB
Hugetlb:               0 kB
DirectMap4k:      194432 kB
DirectMap2M:     6096896 kB
DirectMap1G:     4194304 kB
---SNAPSHOT---
2026-04-27 15:56:14
MemTotal:        8129240 kB
MemFree:         3962852 kB
MemAvailable:    4161796 kB
Buffers:            5904 kB
Cached:           312124 kB
SwapCached:        17924 kB
Active:          2901148 kB
Inactive:         600108 kB
Active(anon):    2796068 kB
Inactive(anon):   443140 kB
Active(file):     105080 kB
Inactive(file):   156968 kB
Unevictable:          16 kB
Mlocked:              16 kB
SwapTotal:       4194300 kB
SwapFree:        4176376 kB
Zswap:                 0 kB
Zswapped:              0 kB
Dirty:               168 kB
Writeback:             0 kB
AnonPages:       3165808 kB
Mapped:           263800 kB
Shmem:             55972 kB
KReclaimable:      53792 kB
Slab:             280620 kB
SReclaimable:      53792 kB
SUnreclaim:       226828 kB
KernelStack:       18160 kB
PageTables:        48808 kB
SecPageTables:         0 kB
NFS_Unstable:          0 kB
Bounce:                0 kB
WritebackTmp:          0 kB
CommitLimit:     8258920 kB
Committed_AS:   11355340 kB
VmallocTotal:   34359738367 kB
VmallocUsed:       46360 kB
VmallocChunk:          0 kB
Percpu:            13280 kB
HardwareCorrupted:     0 kB
AnonHugePages:    194560 kB
ShmemHugePages:        0 kB
ShmemPmdMapped:        0 kB
FileHugePages:         0 kB
FilePmdMapped:         0 kB
CmaTotal:              0 kB
CmaFree:               0 kB
Unaccepted:            0 kB
Balloon:               0 kB
HugePages_Total:       0
HugePages_Free:        0
HugePages_Rsvd:        0
HugePages_Surp:        0
Hugepagesize:       2048 kB
Hugetlb:               0 kB
DirectMap4k:      194432 kB
DirectMap2M:     6096896 kB
DirectMap1G:     4194304 kB
---SNAPSHOT---
2026-04-27 15:56:15
MemTotal:        8129240 kB
MemFree:         4378780 kB
MemAvailable:    4577732 kB
Buffers:            5904 kB
Cached:           312128 kB
SwapCached:        17924 kB
Active:          2501496 kB
Inactive:         600116 kB
Active(anon):    2396416 kB
Inactive(anon):   443140 kB
Active(file):     105080 kB
Inactive(file):   156976 kB
Unevictable:          16 kB
Mlocked:              16 kB
SwapTotal:       4194300 kB
SwapFree:        4176376 kB
Zswap:                 0 kB
Zswapped:              0 kB
Dirty:               172 kB
Writeback:             0 kB
AnonPages:       2765520 kB
Mapped:           264028 kB
Shmem:             55972 kB
KReclaimable:      53792 kB
Slab:             280628 kB
SReclaimable:      53792 kB
SUnreclaim:       226836 kB
KernelStack:       18160 kB
PageTables:        48164 kB
SecPageTables:         0 kB
NFS_Unstable:          0 kB
Bounce:                0 kB
WritebackTmp:          0 kB
CommitLimit:     8258920 kB
Committed_AS:   11355088 kB
VmallocTotal:   34359738367 kB
VmallocUsed:       46392 kB
VmallocChunk:          0 kB
Percpu:            13280 kB
HardwareCorrupted:     0 kB
AnonHugePages:    194560 kB
ShmemHugePages:        0 kB
ShmemPmdMapped:        0 kB
FileHugePages:         0 kB
FilePmdMapped:         0 kB
CmaTotal:              0 kB
CmaFree:               0 kB
Unaccepted:            0 kB
Balloon:               0 kB
HugePages_Total:       0
HugePages_Free:        0
HugePages_Rsvd:        0
HugePages_Surp:        0
Hugepagesize:       2048 kB
Hugetlb:               0 kB
DirectMap4k:      194432 kB
DirectMap2M:     6096896 kB
DirectMap1G:     4194304 kB
---SNAPSHOT---
2026-04-27 15:56:16
MemTotal:        8129240 kB
MemFree:         4205900 kB
MemAvailable:    4404856 kB
Buffers:            5904 kB
Cached:           312136 kB
SwapCached:        17924 kB
Active:          2737540 kB
Inactive:         600120 kB
Active(anon):    2632460 kB
Inactive(anon):   443140 kB
Active(file):     105080 kB
Inactive(file):   156980 kB
Unevictable:          16 kB
Mlocked:              16 kB
SwapTotal:       4194300 kB
SwapFree:        4176376 kB
Zswap:                 0 kB
Zswapped:              0 kB
Dirty:               180 kB
Writeback:             0 kB
AnonPages:       3001844 kB
Mapped:           263800 kB
Shmem:             55972 kB
KReclaimable:      53792 kB
Slab:             280620 kB
SReclaimable:      53792 kB
SUnreclaim:       226828 kB
KernelStack:       18144 kB
PageTables:        48180 kB
SecPageTables:         0 kB
NFS_Unstable:          0 kB
Bounce:                0 kB
WritebackTmp:          0 kB
CommitLimit:     8258920 kB
Committed_AS:   11355204 kB
VmallocTotal:   34359738367 kB
VmallocUsed:       46376 kB
VmallocChunk:          0 kB
Percpu:            13280 kB
HardwareCorrupted:     0 kB
AnonHugePages:    194560 kB
ShmemHugePages:        0 kB
ShmemPmdMapped:        0 kB
FileHugePages:         0 kB
FilePmdMapped:         0 kB
CmaTotal:              0 kB
CmaFree:               0 kB
Unaccepted:            0 kB
Balloon:               0 kB
HugePages_Total:       0
HugePages_Free:        0
HugePages_Rsvd:        0
HugePages_Surp:        0
Hugepagesize:       2048 kB
Hugetlb:               0 kB
DirectMap4k:      194432 kB
DirectMap2M:     6096896 kB
DirectMap1G:     4194304 kB
---SNAPSHOT---
2026-04-27 15:56:17
MemTotal:        8129240 kB
MemFree:         3988696 kB
MemAvailable:    4187660 kB
Buffers:            5904 kB
Cached:           312140 kB
SwapCached:        17924 kB
Active:          2938244 kB
Inactive:         600128 kB
Active(anon):    2833164 kB
Inactive(anon):   443140 kB
Active(file):     105080 kB
Inactive(file):   156988 kB
Unevictable:          16 kB
Mlocked:              16 kB
SwapTotal:       4194300 kB
SwapFree:        4176376 kB
Zswap:                 0 kB
Zswapped:              0 kB
Dirty:               184 kB
Writeback:             0 kB
AnonPages:       3202428 kB
Mapped:           263800 kB
Shmem:             55972 kB
KReclaimable:      53792 kB
Slab:             280620 kB
SReclaimable:      53792 kB
SUnreclaim:       226828 kB
KernelStack:       18160 kB
PageTables:        48876 kB
SecPageTables:         0 kB
NFS_Unstable:          0 kB
Bounce:                0 kB
WritebackTmp:          0 kB
CommitLimit:     8258920 kB
Committed_AS:   11355316 kB
VmallocTotal:   34359738367 kB
VmallocUsed:       46360 kB
VmallocChunk:          0 kB
Percpu:            13280 kB
HardwareCorrupted:     0 kB
AnonHugePages:    194560 kB
ShmemHugePages:        0 kB
ShmemPmdMapped:        0 kB
FileHugePages:         0 kB
FilePmdMapped:         0 kB
CmaTotal:              0 kB
CmaFree:               0 kB
Unaccepted:            0 kB
Balloon:               0 kB
HugePages_Total:       0
HugePages_Free:        0
HugePages_Rsvd:        0
HugePages_Surp:        0
Hugepagesize:       2048 kB
Hugetlb:               0 kB
DirectMap4k:      194432 kB
DirectMap2M:     6096896 kB
DirectMap1G:     4194304 kB
---SNAPSHOT---
2026-04-27 15:56:18
MemTotal:        8129240 kB
MemFree:         4359436 kB
MemAvailable:    4558400 kB
Buffers:            5912 kB
Cached:           312136 kB
SwapCached:        17924 kB
Active:          2538788 kB
Inactive:         600128 kB
Active(anon):    2433708 kB
Inactive(anon):   443140 kB
Active(file):     105080 kB
Inactive(file):   156988 kB
Unevictable:          16 kB
Mlocked:              16 kB
SwapTotal:       4194300 kB
SwapFree:        4176376 kB
Zswap:                 0 kB
Zswapped:              0 kB
Dirty:               188 kB
Writeback:             0 kB
AnonPages:       2803172 kB
Mapped:           263800 kB
Shmem:             55972 kB
KReclaimable:      53792 kB
Slab:             280620 kB
SReclaimable:      53792 kB
SUnreclaim:       226828 kB
KernelStack:       18160 kB
PageTables:        48208 kB
SecPageTables:         0 kB
NFS_Unstable:          0 kB
Bounce:                0 kB
WritebackTmp:          0 kB
CommitLimit:     8258920 kB
Committed_AS:   11354820 kB
VmallocTotal:   34359738367 kB
VmallocUsed:       46360 kB
VmallocChunk:          0 kB
Percpu:            13280 kB
HardwareCorrupted:     0 kB
AnonHugePages:    194560 kB
ShmemHugePages:        0 kB
ShmemPmdMapped:        0 kB
FileHugePages:         0 kB
FilePmdMapped:         0 kB
CmaTotal:              0 kB
CmaFree:               0 kB
Unaccepted:            0 kB
Balloon:               0 kB
HugePages_Total:       0
HugePages_Free:        0
HugePages_Rsvd:        0
HugePages_Surp:        0
Hugepagesize:       2048 kB
Hugetlb:               0 kB
DirectMap4k:      194432 kB
DirectMap2M:     6096896 kB
DirectMap1G:     4194304 kB
---SNAPSHOT---
2026-04-27 15:56:19
MemTotal:        8129240 kB
MemFree:         4124404 kB
MemAvailable:    4323388 kB
Buffers:            5912 kB
Cached:           312152 kB
SwapCached:        17924 kB
Active:          2808844 kB
Inactive:         600148 kB
Active(anon):    2703764 kB
Inactive(anon):   443140 kB
Active(file):     105080 kB
Inactive(file):   157008 kB
Unevictable:          16 kB
Mlocked:              16 kB
SwapTotal:       4194300 kB
SwapFree:        4176376 kB
Zswap:                 0 kB
Zswapped:              0 kB
Dirty:               196 kB
Writeback:             0 kB
AnonPages:       3072920 kB
Mapped:           263800 kB
Shmem:             55972 kB
KReclaimable:      53792 kB
Slab:             280620 kB
SReclaimable:      53792 kB
SUnreclaim:       226828 kB
KernelStack:       18160 kB
PageTables:        48432 kB
SecPageTables:         0 kB
NFS_Unstable:          0 kB
Bounce:                0 kB
WritebackTmp:          0 kB
CommitLimit:     8258920 kB
Committed_AS:   11354820 kB
VmallocTotal:   34359738367 kB
VmallocUsed:       46360 kB
VmallocChunk:          0 kB
Percpu:            13280 kB
HardwareCorrupted:     0 kB
AnonHugePages:    194560 kB
ShmemHugePages:        0 kB
ShmemPmdMapped:        0 kB
FileHugePages:         0 kB
FilePmdMapped:         0 kB
CmaTotal:              0 kB
CmaFree:               0 kB
Unaccepted:            0 kB
Balloon:               0 kB
HugePages_Total:       0
HugePages_Free:        0
HugePages_Rsvd:        0
HugePages_Surp:        0
Hugepagesize:       2048 kB
Hugetlb:               0 kB
DirectMap4k:      194432 kB
DirectMap2M:     6096896 kB
DirectMap1G:     4194304 kB
---SNAPSHOT---
2026-04-27 15:56:20
MemTotal:        8129240 kB
MemFree:         3850596 kB
MemAvailable:    4049584 kB
Buffers:            5912 kB
Cached:           312156 kB
SwapCached:        17924 kB
Active:          3087468 kB
Inactive:         600152 kB
Active(anon):    2982388 kB
Inactive(anon):   443140 kB
Active(file):     105080 kB
Inactive(file):   157012 kB
Unevictable:          16 kB
Mlocked:              16 kB
SwapTotal:       4194300 kB
SwapFree:        4176376 kB
Zswap:                 0 kB
Zswapped:              0 kB
Dirty:               200 kB
Writeback:             0 kB
AnonPages:       3351916 kB
Mapped:           263800 kB
Shmem:             55972 kB
KReclaimable:      53792 kB
Slab:             280620 kB
SReclaimable:      53792 kB
SUnreclaim:       226828 kB
KernelStack:       18100 kB
PageTables:        48820 kB
SecPageTables:         0 kB
NFS_Unstable:          0 kB
Bounce:                0 kB
WritebackTmp:          0 kB
CommitLimit:     8258920 kB
Committed_AS:   11355316 kB
VmallocTotal:   34359738367 kB
VmallocUsed:       46360 kB
VmallocChunk:          0 kB
Percpu:            13280 kB
HardwareCorrupted:     0 kB
AnonHugePages:    194560 kB
ShmemHugePages:        0 kB
ShmemPmdMapped:        0 kB
FileHugePages:         0 kB
FilePmdMapped:         0 kB
CmaTotal:              0 kB
CmaFree:               0 kB
Unaccepted:            0 kB
Balloon:               0 kB
HugePages_Total:       0
HugePages_Free:        0
HugePages_Rsvd:        0
HugePages_Surp:        0
Hugepagesize:       2048 kB
Hugetlb:               0 kB
DirectMap4k:      194432 kB
DirectMap2M:     6096896 kB
DirectMap1G:     4194304 kB
---SNAPSHOT---
2026-04-27 15:56:21
MemTotal:        8129240 kB
MemFree:         3763292 kB
MemAvailable:    3962288 kB
Buffers:            5912 kB
Cached:           312164 kB
SwapCached:        17924 kB
Active:          3168788 kB
Inactive:         600160 kB
Active(anon):    3063708 kB
Inactive(anon):   443140 kB
Active(file):     105080 kB
Inactive(file):   157020 kB
Unevictable:          16 kB
Mlocked:              16 kB
SwapTotal:       4194300 kB
SwapFree:        4176376 kB
Zswap:                 0 kB
Zswapped:              0 kB
Dirty:               208 kB
Writeback:             0 kB
AnonPages:       3433148 kB
Mapped:           263800 kB
Shmem:             55972 kB
KReclaimable:      53792 kB
Slab:             280616 kB
SReclaimable:      53792 kB
SUnreclaim:       226824 kB
KernelStack:       18220 kB
PageTables:        49228 kB
SecPageTables:         0 kB
NFS_Unstable:          0 kB
Bounce:                0 kB
WritebackTmp:          0 kB
CommitLimit:     8258920 kB
Committed_AS:   11355424 kB
VmallocTotal:   34359738367 kB
VmallocUsed:       46376 kB
VmallocChunk:          0 kB
Percpu:            13280 kB
HardwareCorrupted:     0 kB
AnonHugePages:    194560 kB
ShmemHugePages:        0 kB
ShmemPmdMapped:        0 kB
FileHugePages:         0 kB
FilePmdMapped:         0 kB
CmaTotal:              0 kB
CmaFree:               0 kB
Unaccepted:            0 kB
Balloon:               0 kB
HugePages_Total:       0
HugePages_Free:        0
HugePages_Rsvd:        0
HugePages_Surp:        0
Hugepagesize:       2048 kB
Hugetlb:               0 kB
DirectMap4k:      194432 kB
DirectMap2M:     6096896 kB
DirectMap1G:     4194304 kB
---SNAPSHOT---
2026-04-27 15:56:22
MemTotal:        8129240 kB
MemFree:         3714548 kB
MemAvailable:    3913548 kB
Buffers:            5912 kB
Cached:           312168 kB
SwapCached:        17924 kB
Active:          3207032 kB
Inactive:         600164 kB
Active(anon):    3101952 kB
Inactive(anon):   443140 kB
Active(file):     105080 kB
Inactive(file):   157024 kB
Unevictable:          16 kB
Mlocked:              16 kB
SwapTotal:       4194300 kB
SwapFree:        4176376 kB
Zswap:                 0 kB
Zswapped:              0 kB
Dirty:               212 kB
Writeback:             0 kB
AnonPages:       3471320 kB
Mapped:           263800 kB
Shmem:             55972 kB
KReclaimable:      53792 kB
Slab:             280628 kB
SReclaimable:      53792 kB
SUnreclaim:       226836 kB
KernelStack:       18220 kB
PageTables:        49116 kB
SecPageTables:         0 kB
NFS_Unstable:          0 kB
Bounce:                0 kB
WritebackTmp:          0 kB
CommitLimit:     8258920 kB
Committed_AS:   11355180 kB
VmallocTotal:   34359738367 kB
VmallocUsed:       46440 kB
VmallocChunk:          0 kB
Percpu:            13280 kB
HardwareCorrupted:     0 kB
AnonHugePages:    194560 kB
ShmemHugePages:        0 kB
ShmemPmdMapped:        0 kB
FileHugePages:         0 kB
FilePmdMapped:         0 kB
CmaTotal:              0 kB
CmaFree:               0 kB
Unaccepted:            0 kB
Balloon:               0 kB
HugePages_Total:       0
HugePages_Free:        0
HugePages_Rsvd:        0
HugePages_Surp:        0
Hugepagesize:       2048 kB
Hugetlb:               0 kB
DirectMap4k:      194432 kB
DirectMap2M:     6096896 kB
DirectMap1G:     4194304 kB
---SNAPSHOT---
2026-04-27 15:56:23
MemTotal:        8129240 kB
MemFree:         3961904 kB
MemAvailable:    4161592 kB
Buffers:            5920 kB
Cached:           312172 kB
SwapCached:        17924 kB
Active:          2910404 kB
Inactive:         600168 kB
Active(anon):    2805324 kB
Inactive(anon):   443140 kB
Active(file):     105080 kB
Inactive(file):   157028 kB
Unevictable:          16 kB
Mlocked:              16 kB
SwapTotal:       4194300 kB
SwapFree:        4176376 kB
Zswap:                 0 kB
Zswapped:              0 kB
Dirty:               216 kB
Writeback:             0 kB
AnonPages:       3157732 kB
Mapped:           263800 kB
Shmem:             55972 kB
KReclaimable:      53792 kB
Slab:             280628 kB
SReclaimable:      53792 kB
SUnreclaim:       226836 kB
KernelStack:       18204 kB
PageTables:        50344 kB
SecPageTables:         0 kB
NFS_Unstable:          0 kB
Bounce:                0 kB
WritebackTmp:          0 kB
CommitLimit:     8258920 kB
Committed_AS:   11355208 kB
VmallocTotal:   34359738367 kB
VmallocUsed:       46456 kB
VmallocChunk:          0 kB
Percpu:            13280 kB
HardwareCorrupted:     0 kB
AnonHugePages:    194560 kB
ShmemHugePages:        0 kB
ShmemPmdMapped:        0 kB
FileHugePages:         0 kB
FilePmdMapped:         0 kB
CmaTotal:              0 kB
CmaFree:               0 kB
Unaccepted:            0 kB
Balloon:               0 kB
HugePages_Total:       0
HugePages_Free:        0
HugePages_Rsvd:        0
HugePages_Surp:        0
Hugepagesize:       2048 kB
Hugetlb:               0 kB
DirectMap4k:      194432 kB
DirectMap2M:     6096896 kB
DirectMap1G:     4194304 kB
---SNAPSHOT---
2026-04-27 15:56:24
MemTotal:        8129240 kB
MemFree:         4102016 kB
MemAvailable:    4301032 kB
Buffers:            5920 kB
Cached:           312180 kB
SwapCached:        17924 kB
Active:          2805200 kB
Inactive:         600180 kB
Active(anon):    2700120 kB
Inactive(anon):   443140 kB
Active(file):     105080 kB
Inactive(file):   157040 kB
Unevictable:          16 kB
Mlocked:              16 kB
SwapTotal:       4194300 kB
SwapFree:        4176376 kB
Zswap:                 0 kB
Zswapped:              0 kB
Dirty:               224 kB
Writeback:             0 kB
AnonPages:       3069960 kB
Mapped:           263800 kB
Shmem:             55972 kB
KReclaimable:      53792 kB
Slab:             280632 kB
SReclaimable:      53792 kB
SUnreclaim:       226840 kB
KernelStack:       18220 kB
PageTables:        48980 kB
SecPageTables:         0 kB
NFS_Unstable:          0 kB
Bounce:                0 kB
WritebackTmp:          0 kB
CommitLimit:     8258920 kB
Committed_AS:   11355316 kB
VmallocTotal:   34359738367 kB
VmallocUsed:       46472 kB
VmallocChunk:          0 kB
Percpu:            13280 kB
HardwareCorrupted:     0 kB
AnonHugePages:    194560 kB
ShmemHugePages:        0 kB
ShmemPmdMapped:        0 kB
FileHugePages:         0 kB
FilePmdMapped:         0 kB
CmaTotal:              0 kB
CmaFree:               0 kB
Unaccepted:            0 kB
Balloon:               0 kB
HugePages_Total:       0
HugePages_Free:        0
HugePages_Rsvd:        0
HugePages_Surp:        0
Hugepagesize:       2048 kB
Hugetlb:               0 kB
DirectMap4k:      194432 kB
DirectMap2M:     6096896 kB
DirectMap1G:     4194304 kB
---SNAPSHOT---
2026-04-27 15:56:25
MemTotal:        8129240 kB
MemFree:         3343720 kB
MemAvailable:    3542744 kB
Buffers:            5920 kB
Cached:           312184 kB
SwapCached:        17924 kB
Active:          3565432 kB
Inactive:         600188 kB
Active(anon):    3460352 kB
Inactive(anon):   443140 kB
Active(file):     105080 kB
Inactive(file):   157048 kB
Unevictable:          16 kB
Mlocked:              16 kB
SwapTotal:       4194300 kB
SwapFree:        4176376 kB
Zswap:                 0 kB
Zswapped:              0 kB
Dirty:               228 kB
Writeback:             0 kB
AnonPages:       3829380 kB
Mapped:           263800 kB
Shmem:             55972 kB
KReclaimable:      53792 kB
Slab:             280632 kB
SReclaimable:      53792 kB
SUnreclaim:       226840 kB
KernelStack:       18220 kB
PageTables:        50172 kB
SecPageTables:         0 kB
NFS_Unstable:          0 kB
Bounce:                0 kB
WritebackTmp:          0 kB
CommitLimit:     8258920 kB
Committed_AS:   11354980 kB
VmallocTotal:   34359738367 kB
VmallocUsed:       46456 kB
VmallocChunk:          0 kB
Percpu:            13280 kB
HardwareCorrupted:     0 kB
AnonHugePages:    194560 kB
ShmemHugePages:        0 kB
ShmemPmdMapped:        0 kB
FileHugePages:         0 kB
FilePmdMapped:         0 kB
CmaTotal:              0 kB
CmaFree:               0 kB
Unaccepted:            0 kB
Balloon:               0 kB
HugePages_Total:       0
HugePages_Free:        0
HugePages_Rsvd:        0
HugePages_Surp:        0
Hugepagesize:       2048 kB
Hugetlb:               0 kB
DirectMap4k:      194432 kB
DirectMap2M:     6096896 kB
DirectMap1G:     4194304 kB
---SNAPSHOT---
2026-04-27 15:56:26
MemTotal:        8129240 kB
MemFree:         3299564 kB
MemAvailable:    3498596 kB
Buffers:            5920 kB
Cached:           312192 kB
SwapCached:        17924 kB
Active:          3480744 kB
Inactive:         600196 kB
Active(anon):    3375664 kB
Inactive(anon):   443140 kB
Active(file):     105080 kB
Inactive(file):   157056 kB
Unevictable:          16 kB
Mlocked:              16 kB
SwapTotal:       4194300 kB
SwapFree:        4176376 kB
Zswap:                 0 kB
Zswapped:              0 kB
Dirty:               236 kB
Writeback:             0 kB
AnonPages:       3745024 kB
Mapped:           263800 kB
Shmem:             55972 kB
KReclaimable:      53792 kB
Slab:             280636 kB
SReclaimable:      53792 kB
SUnreclaim:       226844 kB
KernelStack:       18220 kB
PageTables:        49728 kB
SecPageTables:         0 kB
NFS_Unstable:          0 kB
Bounce:                0 kB
WritebackTmp:          0 kB
CommitLimit:     8258920 kB
