---SNAPSHOT---
2026-04-27 15:15:14
MemTotal:        8129240 kB
MemFree:         5293628 kB
MemAvailable:    5484600 kB
Buffers:            4692 kB
Cached:           286280 kB
SwapCached:        82712 kB
Active:          1521388 kB
Inactive:         544160 kB
Active(anon):    1423288 kB
Inactive(anon):   389260 kB
Active(file):      98100 kB
Inactive(file):   154900 kB
Unevictable:           0 kB
Mlocked:               0 kB
SwapTotal:       4194300 kB
SwapFree:        3974080 kB
Zswap:                 0 kB
Zswapped:              0 kB
Dirty:               408 kB
Writeback:             0 kB
AnonPages:       1695352 kB
Mapped:           247676 kB
Shmem:             37304 kB
KReclaimable:      54868 kB
Slab:             282100 kB
SReclaimable:      54868 kB
SUnreclaim:       227232 kB
KernelStack:       18152 kB
PageTables:        45444 kB
SecPageTables:         0 kB
NFS_Unstable:          0 kB
Bounce:                0 kB
WritebackTmp:          0 kB
CommitLimit:     8258920 kB
Committed_AS:    8752164 kB
VmallocTotal:   34359738367 kB
VmallocUsed:       46376 kB
VmallocChunk:          0 kB
Percpu:            13280 kB
HardwareCorrupted:     0 kB
AnonHugePages:    212992 kB
ShmemHugePages:        0 kB
ShmemPmdMapped:        0 kB
FileHugePages:         0 kB
FilePmdMapped:         0 kB
CmaTotal:              0 kB
CmaFree:               0 kB
Unaccepted:            0 kB
Balloon:               0 kB
HugePages_Total:       0
HugePages_Free:        0
HugePages_Rsvd:        0
HugePages_Surp:        0
Hugepagesize:       2048 kB
Hugetlb:               0 kB
DirectMap4k:      194432 kB
DirectMap2M:     6096896 kB
DirectMap1G:     4194304 kB
---SNAPSHOT---
2026-04-27 15:15:15
MemTotal:        8129240 kB
MemFree:         5312860 kB
MemAvailable:    5505340 kB
Buffers:            5140 kB
Cached:           286704 kB
SwapCached:        82712 kB
Active:          1522012 kB
Inactive:         545160 kB
Active(anon):    1423404 kB
Inactive(anon):   389260 kB
Active(file):      98608 kB
Inactive(file):   155900 kB
Unevictable:           0 kB
Mlocked:               0 kB
SwapTotal:       4194300 kB
SwapFree:        3974080 kB
Zswap:                 0 kB
Zswapped:              0 kB
Dirty:               484 kB
Writeback:             0 kB
AnonPages:       1695924 kB
Mapped:           247700 kB
Shmem:             37304 kB
KReclaimable:      54868 kB
Slab:             282100 kB
SReclaimable:      54868 kB
SUnreclaim:       227232 kB
KernelStack:       18160 kB
PageTables:        45308 kB
SecPageTables:         0 kB
NFS_Unstable:          0 kB
Bounce:                0 kB
WritebackTmp:          0 kB
CommitLimit:     8258920 kB
Committed_AS:    8751936 kB
VmallocTotal:   34359738367 kB
VmallocUsed:       46392 kB
VmallocChunk:          0 kB
Percpu:            13280 kB
HardwareCorrupted:     0 kB
AnonHugePages:    212992 kB
ShmemHugePages:        0 kB
ShmemPmdMapped:        0 kB
FileHugePages:         0 kB
FilePmdMapped:         0 kB
CmaTotal:              0 kB
CmaFree:               0 kB
Unaccepted:            0 kB
Balloon:               0 kB
HugePages_Total:       0
HugePages_Free:        0
HugePages_Rsvd:        0
HugePages_Surp:        0
Hugepagesize:       2048 kB
Hugetlb:               0 kB
DirectMap4k:      194432 kB
DirectMap2M:     6096896 kB
DirectMap1G:     4194304 kB
---SNAPSHOT---
2026-04-27 15:15:16
MemTotal:        8129240 kB
MemFree:         5318228 kB
MemAvailable:    5511572 kB
Buffers:            5164 kB
Cached:           286864 kB
SwapCached:        82712 kB
Active:          1522708 kB
Inactive:         545252 kB
Active(anon):    1423936 kB
Inactive(anon):   389260 kB
Active(file):      98772 kB
Inactive(file):   155992 kB
Unevictable:           0 kB
Mlocked:               0 kB
SwapTotal:       4194300 kB
SwapFree:        3974080 kB
Zswap:                 0 kB
Zswapped:              0 kB
Dirty:               536 kB
Writeback:             0 kB
AnonPages:       1696428 kB
Mapped:           247704 kB
Shmem:             37304 kB
KReclaimable:      55476 kB
Slab:             282708 kB
SReclaimable:      55476 kB
SUnreclaim:       227232 kB
KernelStack:       18176 kB
PageTables:        45508 kB
SecPageTables:         0 kB
NFS_Unstable:          0 kB
Bounce:                0 kB
WritebackTmp:          0 kB
CommitLimit:     8258920 kB
Committed_AS:    8753440 kB
VmallocTotal:   34359738367 kB
VmallocUsed:       46408 kB
VmallocChunk:          0 kB
Percpu:            13280 kB
HardwareCorrupted:     0 kB
AnonHugePages:    212992 kB
ShmemHugePages:        0 kB
ShmemPmdMapped:        0 kB
FileHugePages:         0 kB
FilePmdMapped:         0 kB
CmaTotal:              0 kB
CmaFree:               0 kB
Unaccepted:            0 kB
Balloon:               0 kB
HugePages_Total:       0
HugePages_Free:        0
HugePages_Rsvd:        0
HugePages_Surp:        0
Hugepagesize:       2048 kB
Hugetlb:               0 kB
DirectMap4k:      194432 kB
DirectMap2M:     6096896 kB
DirectMap1G:     4194304 kB
---SNAPSHOT---
2026-04-27 15:15:17
MemTotal:        8129240 kB
MemFree:         5334532 kB
MemAvailable:    5531456 kB
Buffers:            5440 kB
Cached:           290168 kB
SwapCached:        82712 kB
Active:          1525852 kB
Inactive:         545640 kB
Active(anon):    1423888 kB
Inactive(anon):   389260 kB
Active(file):     101964 kB
Inactive(file):   156380 kB
Unevictable:           0 kB
Mlocked:               0 kB
SwapTotal:       4194300 kB
SwapFree:        3974080 kB
Zswap:                 0 kB
Zswapped:              0 kB
Dirty:               544 kB
Writeback:             0 kB
AnonPages:       1696408 kB
Mapped:           248156 kB
Shmem:             37304 kB
KReclaimable:      55476 kB
Slab:             282708 kB
SReclaimable:      55476 kB
SUnreclaim:       227232 kB
KernelStack:       18172 kB
PageTables:        45512 kB
SecPageTables:         0 kB
NFS_Unstable:          0 kB
Bounce:                0 kB
WritebackTmp:          0 kB
CommitLimit:     8258920 kB
Committed_AS:    8760092 kB
VmallocTotal:   34359738367 kB
VmallocUsed:       46424 kB
VmallocChunk:          0 kB
Percpu:            13280 kB
HardwareCorrupted:     0 kB
AnonHugePages:    212992 kB
ShmemHugePages:        0 kB
ShmemPmdMapped:        0 kB
FileHugePages:         0 kB
FilePmdMapped:         0 kB
CmaTotal:              0 kB
CmaFree:               0 kB
Unaccepted:            0 kB
Balloon:               0 kB
HugePages_Total:       0
HugePages_Free:        0
HugePages_Rsvd:        0
HugePages_Surp:        0
Hugepagesize:       2048 kB
Hugetlb:               0 kB
DirectMap4k:      194432 kB
DirectMap2M:     6096896 kB
DirectMap1G:     4194304 kB
---SNAPSHOT---
2026-04-27 15:15:18
MemTotal:        8129240 kB
MemFree:         4505424 kB
MemAvailable:    4710064 kB
Buffers:            5572 kB
Cached:           314908 kB
SwapCached:        82712 kB
Active:          2369448 kB
Inactive:         545884 kB
Active(anon):    2260012 kB
Inactive(anon):   389260 kB
Active(file):     109436 kB
Inactive(file):   156624 kB
Unevictable:          16 kB
Mlocked:              16 kB
SwapTotal:       4194300 kB
SwapFree:        3974080 kB
Zswap:                 0 kB
Zswapped:              0 kB
Dirty:               620 kB
Writeback:             0 kB
AnonPages:       2515348 kB
Mapped:           268620 kB
Shmem:             54452 kB
KReclaimable:      55476 kB
Slab:             282736 kB
SReclaimable:      55476 kB
SUnreclaim:       227260 kB
KernelStack:       18288 kB
PageTables:        47728 kB
SecPageTables:         0 kB
NFS_Unstable:          0 kB
Bounce:                0 kB
WritebackTmp:          0 kB
CommitLimit:     8258920 kB
Committed_AS:   11409440 kB
VmallocTotal:   34359738367 kB
VmallocUsed:       46488 kB
VmallocChunk:          0 kB
Percpu:            13280 kB
HardwareCorrupted:     0 kB
AnonHugePages:    212992 kB
ShmemHugePages:        0 kB
ShmemPmdMapped:        0 kB
FileHugePages:         0 kB
FilePmdMapped:         0 kB
CmaTotal:              0 kB
CmaFree:               0 kB
Unaccepted:            0 kB
Balloon:               0 kB
HugePages_Total:       0
HugePages_Free:        0
HugePages_Rsvd:        0
HugePages_Surp:        0
Hugepagesize:       2048 kB
Hugetlb:               0 kB
DirectMap4k:      194432 kB
DirectMap2M:     6096896 kB
DirectMap1G:     4194304 kB
---SNAPSHOT---
2026-04-27 15:15:19
MemTotal:        8129240 kB
MemFree:         3628804 kB
MemAvailable:    3833452 kB
Buffers:            5572 kB
Cached:           314916 kB
SwapCached:        82712 kB
Active:          3238588 kB
Inactive:         545892 kB
Active(anon):    3129152 kB
Inactive(anon):   389260 kB
Active(file):     109436 kB
Inactive(file):   156632 kB
Unevictable:          16 kB
Mlocked:              16 kB
SwapTotal:       4194300 kB
SwapFree:        3974080 kB
Zswap:                 0 kB
Zswapped:              0 kB
Dirty:               628 kB
Writeback:             0 kB
AnonPages:       3384848 kB
Mapped:           268620 kB
Shmem:             54452 kB
KReclaimable:      55476 kB
Slab:             282736 kB
SReclaimable:      55476 kB
SUnreclaim:       227260 kB
KernelStack:       18288 kB
PageTables:        49416 kB
SecPageTables:         0 kB
NFS_Unstable:          0 kB
Bounce:                0 kB
WritebackTmp:          0 kB
CommitLimit:     8258920 kB
Committed_AS:   11409444 kB
VmallocTotal:   34359738367 kB
VmallocUsed:       46520 kB
VmallocChunk:          0 kB
Percpu:            13280 kB
HardwareCorrupted:     0 kB
AnonHugePages:    212992 kB
ShmemHugePages:        0 kB
ShmemPmdMapped:        0 kB
FileHugePages:         0 kB
FilePmdMapped:         0 kB
CmaTotal:              0 kB
CmaFree:               0 kB
Unaccepted:            0 kB
Balloon:               0 kB
HugePages_Total:       0
HugePages_Free:        0
HugePages_Rsvd:        0
HugePages_Surp:        0
Hugepagesize:       2048 kB
Hugetlb:               0 kB
DirectMap4k:      194432 kB
DirectMap2M:     6096896 kB
DirectMap1G:     4194304 kB
---SNAPSHOT---
2026-04-27 15:15:20
MemTotal:        8129240 kB
MemFree:         3683148 kB
MemAvailable:    3887800 kB
Buffers:            5572 kB
Cached:           314920 kB
SwapCached:        82712 kB
Active:          3035396 kB
Inactive:         545896 kB
Active(anon):    2925960 kB
Inactive(anon):   389260 kB
Active(file):     109436 kB
Inactive(file):   156636 kB
Unevictable:          16 kB
Mlocked:              16 kB
SwapTotal:       4194300 kB
SwapFree:        3974080 kB
Zswap:                 0 kB
Zswapped:              0 kB
Dirty:               632 kB
Writeback:             0 kB
AnonPages:       3177048 kB
Mapped:           268848 kB
Shmem:             54452 kB
KReclaimable:      55476 kB
Slab:             282736 kB
SReclaimable:      55476 kB
SUnreclaim:       227260 kB
KernelStack:       18272 kB
PageTables:        50024 kB
SecPageTables:         0 kB
NFS_Unstable:          0 kB
Bounce:                0 kB
WritebackTmp:          0 kB
CommitLimit:     8258920 kB
Committed_AS:   11409172 kB
VmallocTotal:   34359738367 kB
VmallocUsed:       46520 kB
VmallocChunk:          0 kB
Percpu:            13280 kB
HardwareCorrupted:     0 kB
AnonHugePages:    212992 kB
ShmemHugePages:        0 kB
ShmemPmdMapped:        0 kB
FileHugePages:         0 kB
FilePmdMapped:         0 kB
CmaTotal:              0 kB
CmaFree:               0 kB
Unaccepted:            0 kB
Balloon:               0 kB
HugePages_Total:       0
HugePages_Free:        0
HugePages_Rsvd:        0
HugePages_Surp:        0
Hugepagesize:       2048 kB
Hugetlb:               0 kB
DirectMap4k:      194432 kB
DirectMap2M:     6096896 kB
DirectMap1G:     4194304 kB
---SNAPSHOT---
2026-04-27 15:15:21
MemTotal:        8129240 kB
MemFree:         4303368 kB
MemAvailable:    4509580 kB
Buffers:            5580 kB
Cached:           314920 kB
SwapCached:        82712 kB
Active:          2433544 kB
Inactive:         545904 kB
Active(anon):    2324108 kB
Inactive(anon):   389260 kB
Active(file):     109436 kB
Inactive(file):   156644 kB
Unevictable:          16 kB
Mlocked:              16 kB
SwapTotal:       4194300 kB
SwapFree:        3974080 kB
Zswap:                 0 kB
Zswapped:              0 kB
Dirty:               636 kB
Writeback:             0 kB
AnonPages:       2579480 kB
Mapped:           268620 kB
Shmem:             54452 kB
KReclaimable:      57028 kB
Slab:             284292 kB
SReclaimable:      57028 kB
SUnreclaim:       227264 kB
KernelStack:       18368 kB
PageTables:        47896 kB
SecPageTables:         0 kB
NFS_Unstable:          0 kB
Bounce:                0 kB
WritebackTmp:          0 kB
CommitLimit:     8258920 kB
Committed_AS:   11411052 kB
VmallocTotal:   34359738367 kB
VmallocUsed:       46616 kB
VmallocChunk:          0 kB
Percpu:            13280 kB
HardwareCorrupted:     0 kB
AnonHugePages:    212992 kB
ShmemHugePages:        0 kB
ShmemPmdMapped:        0 kB
FileHugePages:         0 kB
FilePmdMapped:         0 kB
CmaTotal:              0 kB
CmaFree:               0 kB
Unaccepted:            0 kB
Balloon:               0 kB
HugePages_Total:       0
HugePages_Free:        0
HugePages_Rsvd:        0
HugePages_Surp:        0
Hugepagesize:       2048 kB
Hugetlb:               0 kB
DirectMap4k:      194432 kB
DirectMap2M:     6096896 kB
DirectMap1G:     4194304 kB
---SNAPSHOT---
2026-04-27 15:15:22
MemTotal:        8129240 kB
MemFree:         3383656 kB
MemAvailable:    3589884 kB
Buffers:            5580 kB
Cached:           314936 kB
SwapCached:        82712 kB
Active:          3370596 kB
Inactive:         545920 kB
Active(anon):    3261160 kB
Inactive(anon):   389260 kB
Active(file):     109436 kB
Inactive(file):   156660 kB
Unevictable:          16 kB
Mlocked:              16 kB
SwapTotal:       4194300 kB
SwapFree:        3974080 kB
Zswap:                 0 kB
Zswapped:              0 kB
Dirty:               648 kB
Writeback:             0 kB
AnonPages:       3517076 kB
Mapped:           268620 kB
Shmem:             54452 kB
KReclaimable:      57028 kB
Slab:             284292 kB
SReclaimable:      57028 kB
SUnreclaim:       227264 kB
KernelStack:       18332 kB
PageTables:        49796 kB
SecPageTables:         0 kB
NFS_Unstable:          0 kB
Bounce:                0 kB
WritebackTmp:          0 kB
CommitLimit:     8258920 kB
Committed_AS:   11409776 kB
VmallocTotal:   34359738367 kB
VmallocUsed:       46584 kB
VmallocChunk:          0 kB
Percpu:            13280 kB
HardwareCorrupted:     0 kB
AnonHugePages:    212992 kB
ShmemHugePages:        0 kB
ShmemPmdMapped:        0 kB
FileHugePages:         0 kB
FilePmdMapped:         0 kB
CmaTotal:              0 kB
CmaFree:               0 kB
Unaccepted:            0 kB
Balloon:               0 kB
HugePages_Total:       0
HugePages_Free:        0
HugePages_Rsvd:        0
HugePages_Surp:        0
Hugepagesize:       2048 kB
Hugetlb:               0 kB
DirectMap4k:      194432 kB
DirectMap2M:     6096896 kB
DirectMap1G:     4194304 kB
---SNAPSHOT---
2026-04-27 15:15:23
MemTotal:        8129240 kB
MemFree:         4403636 kB
MemAvailable:    4609884 kB
Buffers:            5580 kB
Cached:           314940 kB
SwapCached:       108704 kB
Active:          2313136 kB
Inactive:         570776 kB
Active(anon):    2203700 kB
Inactive(anon):   414112 kB
Active(file):     109436 kB
Inactive(file):   156664 kB
Unevictable:          16 kB
Mlocked:              16 kB
SwapTotal:       4194300 kB
SwapFree:        3947964 kB
Zswap:                 0 kB
Zswapped:              0 kB
Dirty:               652 kB
Writeback:          1140 kB
AnonPages:       2459880 kB
Mapped:           268620 kB
Shmem:             54452 kB
KReclaimable:      57044 kB
Slab:             284308 kB
SReclaimable:      57044 kB
SUnreclaim:       227264 kB
KernelStack:       18332 kB
PageTables:        48232 kB
SecPageTables:         0 kB
NFS_Unstable:          0 kB
Bounce:                0 kB
WritebackTmp:          0 kB
CommitLimit:     8258920 kB
Committed_AS:   11409444 kB
VmallocTotal:   34359738367 kB
VmallocUsed:       46536 kB
VmallocChunk:          0 kB
Percpu:            13280 kB
HardwareCorrupted:     0 kB
AnonHugePages:    212992 kB
ShmemHugePages:        0 kB
ShmemPmdMapped:        0 kB
FileHugePages:         0 kB
FilePmdMapped:         0 kB
CmaTotal:              0 kB
CmaFree:               0 kB
Unaccepted:            0 kB
Balloon:               0 kB
HugePages_Total:       0
HugePages_Free:        0
HugePages_Rsvd:        0
HugePages_Surp:        0
Hugepagesize:       2048 kB
Hugetlb:               0 kB
DirectMap4k:      194432 kB
DirectMap2M:     6096896 kB
DirectMap1G:     4194304 kB
---SNAPSHOT---
2026-04-27 15:15:24
MemTotal:        8129240 kB
MemFree:         3705200 kB
MemAvailable:    3911452 kB
Buffers:            5580 kB
Cached:           314948 kB
SwapCached:       557340 kB
Active:          2576120 kB
Inactive:        1005100 kB
Active(anon):    2466684 kB
Inactive(anon):   848432 kB
Active(file):     109436 kB
Inactive(file):   156668 kB
Unevictable:          16 kB
Mlocked:              16 kB
SwapTotal:       4194300 kB
SwapFree:        3499452 kB
Zswap:                 0 kB
Zswapped:              0 kB
Dirty:               660 kB
Writeback:         15412 kB
AnonPages:       2708600 kB
Mapped:           268620 kB
Shmem:             54452 kB
KReclaimable:      57044 kB
Slab:             285336 kB
SReclaimable:      57044 kB
SUnreclaim:       228292 kB
KernelStack:       18332 kB
PageTables:        49184 kB
SecPageTables:         0 kB
NFS_Unstable:          0 kB
Bounce:                0 kB
WritebackTmp:          0 kB
CommitLimit:     8258920 kB
Committed_AS:   11409440 kB
VmallocTotal:   34359738367 kB
VmallocUsed:       46584 kB
VmallocChunk:          0 kB
Percpu:            13280 kB
HardwareCorrupted:     0 kB
AnonHugePages:    212992 kB
ShmemHugePages:        0 kB
ShmemPmdMapped:        0 kB
FileHugePages:         0 kB
FilePmdMapped:         0 kB
CmaTotal:              0 kB
CmaFree:               0 kB
Unaccepted:            0 kB
Balloon:               0 kB
HugePages_Total:       0
HugePages_Free:        0
HugePages_Rsvd:        0
HugePages_Surp:        0
Hugepagesize:       2048 kB
Hugetlb:               0 kB
DirectMap4k:      194432 kB
DirectMap2M:     6096896 kB
DirectMap1G:     4194304 kB
---SNAPSHOT---
2026-04-27 15:15:25
MemTotal:        8129240 kB
MemFree:         3035632 kB
MemAvailable:    3241892 kB
Buffers:            5580 kB
Cached:           314952 kB
SwapCached:       689436 kB
Active:          3148088 kB
Inactive:        1133600 kB
Active(anon):    3038652 kB
Inactive(anon):   976924 kB
Active(file):     109436 kB
Inactive(file):   156676 kB
Unevictable:          16 kB
Mlocked:              16 kB
SwapTotal:       4194300 kB
SwapFree:        3367356 kB
Zswap:                 0 kB
Zswapped:              0 kB
Dirty:               664 kB
Writeback:         18948 kB
AnonPages:       3277156 kB
Mapped:           268620 kB
Shmem:             54452 kB
KReclaimable:      57044 kB
Slab:             285504 kB
SReclaimable:      57044 kB
SUnreclaim:       228460 kB
KernelStack:       18332 kB
PageTables:        50268 kB
SecPageTables:         0 kB
NFS_Unstable:          0 kB
Bounce:                0 kB
WritebackTmp:          0 kB
CommitLimit:     8258920 kB
Committed_AS:   11409200 kB
VmallocTotal:   34359738367 kB
VmallocUsed:       46584 kB
VmallocChunk:          0 kB
Percpu:            13280 kB
HardwareCorrupted:     0 kB
AnonHugePages:    212992 kB
ShmemHugePages:        0 kB
ShmemPmdMapped:        0 kB
FileHugePages:         0 kB
FilePmdMapped:         0 kB
CmaTotal:              0 kB
CmaFree:               0 kB
Unaccepted:            0 kB
Balloon:               0 kB
HugePages_Total:       0
HugePages_Free:        0
HugePages_Rsvd:        0
HugePages_Surp:        0
Hugepagesize:       2048 kB
Hugetlb:               0 kB
DirectMap4k:      194432 kB
DirectMap2M:     6096896 kB
DirectMap1G:     4194304 kB
---SNAPSHOT---
2026-04-27 15:15:26
MemTotal:        8129240 kB
MemFree:         3291492 kB
MemAvailable:    3497760 kB
Buffers:            5588 kB
Cached:           314952 kB
SwapCached:       707356 kB
Active:          2858336 kB
Inactive:        1152500 kB
Active(anon):    2748900 kB
Inactive(anon):   995816 kB
Active(file):     109436 kB
Inactive(file):   156684 kB
Unevictable:          16 kB
Mlocked:              16 kB
SwapTotal:       4194300 kB
SwapFree:        3349436 kB
Zswap:                 0 kB
Zswapped:              0 kB
Dirty:               668 kB
Writeback:         18036 kB
AnonPages:       2988424 kB
Mapped:           268720 kB
Shmem:             54452 kB
KReclaimable:      57044 kB
Slab:             285504 kB
SReclaimable:      57044 kB
SUnreclaim:       228460 kB
KernelStack:       18272 kB
PageTables:        50576 kB
SecPageTables:         0 kB
NFS_Unstable:          0 kB
Bounce:                0 kB
WritebackTmp:          0 kB
CommitLimit:     8258920 kB
Committed_AS:   11409424 kB
VmallocTotal:   34359738367 kB
VmallocUsed:       46552 kB
VmallocChunk:          0 kB
Percpu:            13280 kB
HardwareCorrupted:     0 kB
AnonHugePages:    212992 kB
ShmemHugePages:        0 kB
ShmemPmdMapped:        0 kB
FileHugePages:         0 kB
FilePmdMapped:         0 kB
CmaTotal:              0 kB
CmaFree:               0 kB
Unaccepted:            0 kB
Balloon:               0 kB
HugePages_Total:       0
HugePages_Free:        0
HugePages_Rsvd:        0
HugePages_Surp:        0
Hugepagesize:       2048 kB
Hugetlb:               0 kB
DirectMap4k:      194432 kB
DirectMap2M:     6096896 kB
DirectMap1G:     4194304 kB
---SNAPSHOT---
2026-04-27 15:15:28
MemTotal:        8129240 kB
MemFree:         3446860 kB
MemAvailable:    3653140 kB
Buffers:            5588 kB
Cached:           314964 kB
SwapCached:       106348 kB
Active:          3316196 kB
Inactive:         546048 kB
Active(anon):    3206760 kB
Inactive(anon):   389352 kB
Active(file):     109436 kB
Inactive(file):   156696 kB
Unevictable:          16 kB
Mlocked:              16 kB
SwapTotal:       4194300 kB
SwapFree:        3950528 kB
Zswap:                 0 kB
Zswapped:              0 kB
Dirty:               676 kB
Writeback:         23696 kB
AnonPages:       3438380 kB
Mapped:           268620 kB
Shmem:             54452 kB
KReclaimable:      57044 kB
Slab:             285656 kB
SReclaimable:      57044 kB
SUnreclaim:       228612 kB
KernelStack:       18272 kB
PageTables:        50364 kB
SecPageTables:         0 kB
NFS_Unstable:          0 kB
Bounce:                0 kB
WritebackTmp:          0 kB
CommitLimit:     8258920 kB
Committed_AS:   11409556 kB
VmallocTotal:   34359738367 kB
VmallocUsed:       46552 kB
VmallocChunk:          0 kB
Percpu:            13280 kB
HardwareCorrupted:     0 kB
AnonHugePages:    212992 kB
ShmemHugePages:        0 kB
ShmemPmdMapped:        0 kB
FileHugePages:         0 kB
FilePmdMapped:         0 kB
CmaTotal:              0 kB
CmaFree:               0 kB
Unaccepted:            0 kB
Balloon:               0 kB
HugePages_Total:       0
HugePages_Free:        0
HugePages_Rsvd:        0
HugePages_Surp:        0
Hugepagesize:       2048 kB
Hugetlb:               0 kB
DirectMap4k:      194432 kB
DirectMap2M:     6096896 kB
DirectMap1G:     4194304 kB
---SNAPSHOT---
2026-04-27 15:15:29
MemTotal:        8129240 kB
MemFree:         4623424 kB
MemAvailable:    4829708 kB
Buffers:            5592 kB
Cached:           314964 kB
SwapCached:       106264 kB
Active:          2119296 kB
Inactive:         553484 kB
Active(anon):    2009860 kB
Inactive(anon):   396784 kB
Active(file):     109436 kB
Inactive(file):   156700 kB
Unevictable:          16 kB
Mlocked:              16 kB
SwapTotal:       4194300 kB
SwapFree:        3950528 kB
Zswap:                 0 kB
Zswapped:              0 kB
Dirty:               680 kB
Writeback:         16028 kB
AnonPages:       2249604 kB
Mapped:           268620 kB
Shmem:             54452 kB
KReclaimable:      57044 kB
Slab:             285312 kB
SReclaimable:      57044 kB
SUnreclaim:       228268 kB
KernelStack:       18272 kB
PageTables:        47484 kB
SecPageTables:         0 kB
NFS_Unstable:          0 kB
Bounce:                0 kB
WritebackTmp:          0 kB
CommitLimit:     8258920 kB
Committed_AS:   11409556 kB
VmallocTotal:   34359738367 kB
VmallocUsed:       46536 kB
VmallocChunk:          0 kB
Percpu:            13280 kB
HardwareCorrupted:     0 kB
AnonHugePages:    212992 kB
ShmemHugePages:        0 kB
ShmemPmdMapped:        0 kB
FileHugePages:         0 kB
FilePmdMapped:         0 kB
CmaTotal:              0 kB
CmaFree:               0 kB
Unaccepted:            0 kB
Balloon:               0 kB
HugePages_Total:       0
HugePages_Free:        0
HugePages_Rsvd:        0
HugePages_Surp:        0
Hugepagesize:       2048 kB
Hugetlb:               0 kB
DirectMap4k:      194432 kB
DirectMap2M:     6096896 kB
DirectMap1G:     4194304 kB
---SNAPSHOT---
2026-04-27 15:15:30
MemTotal:        8129240 kB
MemFree:         3739308 kB
MemAvailable:    3945600 kB
Buffers:            5720 kB
Cached:           314848 kB
SwapCached:       106264 kB
Active:          3033036 kB
Inactive:         569492 kB
Active(anon):    2923600 kB
Inactive(anon):   412784 kB
Active(file):     109436 kB
Inactive(file):   156708 kB
Unevictable:          16 kB
Mlocked:              16 kB
SwapTotal:       4194300 kB
SwapFree:        3950528 kB
Zswap:                 0 kB
Zswapped:              0 kB
Dirty:               688 kB
Writeback:           200 kB
AnonPages:       3179096 kB
Mapped:           268620 kB
Shmem:             54452 kB
KReclaimable:      57044 kB
Slab:             284512 kB
SReclaimable:      57044 kB
SUnreclaim:       227468 kB
KernelStack:       18288 kB
PageTables:        48872 kB
SecPageTables:         0 kB
NFS_Unstable:          0 kB
Bounce:                0 kB
WritebackTmp:          0 kB
CommitLimit:     8258920 kB
Committed_AS:   11409664 kB
VmallocTotal:   34359738367 kB
VmallocUsed:       46504 kB
VmallocChunk:          0 kB
Percpu:            13280 kB
HardwareCorrupted:     0 kB
AnonHugePages:    212992 kB
ShmemHugePages:        0 kB
ShmemPmdMapped:        0 kB
FileHugePages:         0 kB
FilePmdMapped:         0 kB
CmaTotal:              0 kB
CmaFree:               0 kB
Unaccepted:            0 kB
Balloon:               0 kB
HugePages_Total:       0
HugePages_Free:        0
HugePages_Rsvd:        0
HugePages_Surp:        0
Hugepagesize:       2048 kB
Hugetlb:               0 kB
DirectMap4k:      194432 kB
DirectMap2M:     6096896 kB
DirectMap1G:     4194304 kB
---SNAPSHOT---
2026-04-27 15:15:31
MemTotal:        8129240 kB
MemFree:         3516904 kB
MemAvailable:    3723332 kB
Buffers:            5728 kB
Cached:           314980 kB
SwapCached:       176716 kB
Active:          3213428 kB
Inactive:         638504 kB
Active(anon):    3103992 kB
Inactive(anon):   481660 kB
Active(file):     109436 kB
Inactive(file):   156844 kB
Unevictable:          16 kB
Mlocked:              16 kB
SwapTotal:       4194300 kB
SwapFree:        3879896 kB
Zswap:                 0 kB
Zswapped:              0 kB
Dirty:               696 kB
Writeback:          1368 kB
AnonPages:       3360060 kB
Mapped:           268620 kB
Shmem:             54452 kB
KReclaimable:      57044 kB
Slab:             284312 kB
SReclaimable:      57044 kB
SUnreclaim:       227268 kB
KernelStack:       18256 kB
PageTables:        49748 kB
SecPageTables:         0 kB
NFS_Unstable:          0 kB
Bounce:                0 kB
WritebackTmp:          0 kB
CommitLimit:     8258920 kB
Committed_AS:   11409664 kB
VmallocTotal:   34359738367 kB
VmallocUsed:       46504 kB
VmallocChunk:          0 kB
Percpu:            13280 kB
HardwareCorrupted:     0 kB
AnonHugePages:    212992 kB
ShmemHugePages:        0 kB
ShmemPmdMapped:        0 kB
FileHugePages:         0 kB
FilePmdMapped:         0 kB
CmaTotal:              0 kB
CmaFree:               0 kB
Unaccepted:            0 kB
Balloon:               0 kB
HugePages_Total:       0
HugePages_Free:        0
HugePages_Rsvd:        0
HugePages_Surp:        0
Hugepagesize:       2048 kB
Hugetlb:               0 kB
DirectMap4k:      194432 kB
DirectMap2M:     6096896 kB
DirectMap1G:     4194304 kB
---SNAPSHOT---
2026-04-27 15:15:32
MemTotal:        8129240 kB
MemFree:         4171848 kB
MemAvailable:    4378288 kB
Buffers:            5728 kB
Cached:           314984 kB
SwapCached:       565020 kB
Active:          2213752 kB
Inactive:        1008784 kB
Active(anon):    2104316 kB
Inactive(anon):   851928 kB
Active(file):     109436 kB
Inactive(file):   156856 kB
Unevictable:          16 kB
Mlocked:              16 kB
SwapTotal:       4194300 kB
SwapFree:        3491772 kB
Zswap:                 0 kB
Zswapped:              0 kB
Dirty:               700 kB
Writeback:         19564 kB
AnonPages:       2342100 kB
Mapped:           268620 kB
Shmem:             54452 kB
KReclaimable:      57044 kB
Slab:             285528 kB
SReclaimable:      57044 kB
SUnreclaim:       228484 kB
KernelStack:       18272 kB
PageTables:        48728 kB
SecPageTables:         0 kB
NFS_Unstable:          0 kB
Bounce:                0 kB
WritebackTmp:          0 kB
CommitLimit:     8258920 kB
Committed_AS:   11409780 kB
VmallocTotal:   34359738367 kB
VmallocUsed:       46536 kB
VmallocChunk:          0 kB
Percpu:            13280 kB
HardwareCorrupted:     0 kB
AnonHugePages:    212992 kB
ShmemHugePages:        0 kB
ShmemPmdMapped:        0 kB
FileHugePages:         0 kB
FilePmdMapped:         0 kB
CmaTotal:              0 kB
CmaFree:               0 kB
Unaccepted:            0 kB
Balloon:               0 kB
HugePages_Total:       0
HugePages_Free:        0
HugePages_Rsvd:        0
HugePages_Surp:        0
Hugepagesize:       2048 kB
Hugetlb:               0 kB
DirectMap4k:      194432 kB
DirectMap2M:     6096896 kB
DirectMap1G:     4194304 kB
---SNAPSHOT---
2026-04-27 15:15:33
MemTotal:        8129240 kB
MemFree:         3474264 kB
MemAvailable:    3680708 kB
Buffers:            5728 kB
Cached:           314992 kB
SwapCached:       580380 kB
Active:          2909248 kB
Inactive:        1019644 kB
Active(anon):    2799812 kB
Inactive(anon):   862784 kB
Active(file):     109436 kB
Inactive(file):   156860 kB
Unevictable:          16 kB
Mlocked:              16 kB
SwapTotal:       4194300 kB
SwapFree:        3476412 kB
Zswap:                 0 kB
Zswapped:              0 kB
Dirty:               708 kB
Writeback:         24068 kB
AnonPages:       3033504 kB
Mapped:           268620 kB
Shmem:             54452 kB
KReclaimable:      57044 kB
Slab:             285760 kB
SReclaimable:      57044 kB
SUnreclaim:       228716 kB
KernelStack:       18272 kB
PageTables:        49332 kB
SecPageTables:         0 kB
NFS_Unstable:          0 kB
Bounce:                0 kB
WritebackTmp:          0 kB
CommitLimit:     8258920 kB
Committed_AS:   11409284 kB
VmallocTotal:   34359738367 kB
VmallocUsed:       46520 kB
VmallocChunk:          0 kB
Percpu:            13280 kB
HardwareCorrupted:     0 kB
AnonHugePages:    212992 kB
ShmemHugePages:        0 kB
ShmemPmdMapped:        0 kB
FileHugePages:         0 kB
FilePmdMapped:         0 kB
CmaTotal:              0 kB
CmaFree:               0 kB
Unaccepted:            0 kB
Balloon:               0 kB
HugePages_Total:       0
HugePages_Free:        0
HugePages_Rsvd:        0
HugePages_Surp:        0
Hugepagesize:       2048 kB
Hugetlb:               0 kB
DirectMap4k:      194432 kB
DirectMap2M:     6096896 kB
DirectMap1G:     4194304 kB
---SNAPSHOT---
2026-04-27 15:15:34
MemTotal:        8129240 kB
MemFree:         3424816 kB
MemAvailable:    3631264 kB
Buffers:            5728 kB
Cached:           314996 kB
SwapCached:       594516 kB
Active:          2896444 kB
Inactive:        1048304 kB
Active(anon):    2787008 kB
Inactive(anon):   891440 kB
Active(file):     109436 kB
Inactive(file):   156864 kB
Unevictable:          16 kB
Mlocked:              16 kB
SwapTotal:       4194300 kB
SwapFree:        3462200 kB
Zswap:                 0 kB
Zswapped:              0 kB
Dirty:               712 kB
Writeback:          9592 kB
AnonPages:       3013452 kB
Mapped:           268620 kB
Shmem:             54452 kB
KReclaimable:      57044 kB
Slab:             285040 kB
SReclaimable:      57044 kB
SUnreclaim:       227996 kB
KernelStack:       18212 kB
PageTables:        49984 kB
SecPageTables:         0 kB
NFS_Unstable:          0 kB
Bounce:                0 kB
WritebackTmp:          0 kB
CommitLimit:     8258920 kB
Committed_AS:   11409328 kB
VmallocTotal:   34359738367 kB
VmallocUsed:       46552 kB
VmallocChunk:          0 kB
Percpu:            13280 kB
HardwareCorrupted:     0 kB
AnonHugePages:    212992 kB
ShmemHugePages:        0 kB
ShmemPmdMapped:        0 kB
FileHugePages:         0 kB
FilePmdMapped:         0 kB
CmaTotal:              0 kB
CmaFree:               0 kB
Unaccepted:            0 kB
Balloon:               0 kB
HugePages_Total:       0
HugePages_Free:        0
HugePages_Rsvd:        0
HugePages_Surp:        0
Hugepagesize:       2048 kB
Hugetlb:               0 kB
DirectMap4k:      194432 kB
DirectMap2M:     6096896 kB
DirectMap1G:     4194304 kB
---SNAPSHOT---
2026-04-27 15:15:35
MemTotal:        8129240 kB
MemFree:         4666440 kB
MemAvailable:    4872904 kB
Buffers:            5728 kB
Cached:           315008 kB
SwapCached:       106264 kB
Active:          2197152 kB
Inactive:         569692 kB
Active(anon):    2087716 kB
Inactive(anon):   412812 kB
Active(file):     109436 kB
Inactive(file):   156880 kB
Unevictable:          16 kB
Mlocked:              16 kB
SwapTotal:       4194300 kB
SwapFree:        3950528 kB
Zswap:                 0 kB
Zswapped:              0 kB
Dirty:               724 kB
Writeback:             0 kB
AnonPages:       2343148 kB
Mapped:           268620 kB
Shmem:             54452 kB
KReclaimable:      57044 kB
Slab:             284288 kB
SReclaimable:      57044 kB
SUnreclaim:       227244 kB
KernelStack:       18272 kB
PageTables:        47636 kB
SecPageTables:         0 kB
NFS_Unstable:          0 kB
Bounce:                0 kB
WritebackTmp:          0 kB
CommitLimit:     8258920 kB
Committed_AS:   11409284 kB
VmallocTotal:   34359738367 kB
VmallocUsed:       46520 kB
VmallocChunk:          0 kB
Percpu:            13280 kB
HardwareCorrupted:     0 kB
AnonHugePages:    212992 kB
ShmemHugePages:        0 kB
ShmemPmdMapped:        0 kB
FileHugePages:         0 kB
FilePmdMapped:         0 kB
CmaTotal:              0 kB
CmaFree:               0 kB
Unaccepted:            0 kB
Balloon:               0 kB
HugePages_Total:       0
HugePages_Free:        0
HugePages_Rsvd:        0
HugePages_Surp:        0
Hugepagesize:       2048 kB
Hugetlb:               0 kB
DirectMap4k:      194432 kB
DirectMap2M:     6096896 kB
DirectMap1G:     4194304 kB
---SNAPSHOT---
2026-04-27 15:15:36
MemTotal:        8129240 kB
MemFree:         3775728 kB
MemAvailable:    3982196 kB
Buffers:            5736 kB
Cached:           315012 kB
SwapCached:       106264 kB
Active:          3077152 kB
Inactive:         569696 kB
Active(anon):    2967716 kB
Inactive(anon):   412812 kB
Active(file):     109436 kB
Inactive(file):   156884 kB
Unevictable:          16 kB
Mlocked:              16 kB
SwapTotal:       4194300 kB
SwapFree:        3950528 kB
Zswap:                 0 kB
Zswapped:              0 kB
Dirty:               728 kB
Writeback:             0 kB
AnonPages:       3222976 kB
Mapped:           268848 kB
Shmem:             54452 kB
KReclaimable:      57044 kB
Slab:             284288 kB
SReclaimable:      57044 kB
SUnreclaim:       227244 kB
KernelStack:       18332 kB
PageTables:        49148 kB
SecPageTables:         0 kB
NFS_Unstable:          0 kB
Bounce:                0 kB
WritebackTmp:          0 kB
CommitLimit:     8258920 kB
Committed_AS:   11409664 kB
VmallocTotal:   34359738367 kB
VmallocUsed:       46568 kB
VmallocChunk:          0 kB
Percpu:            13280 kB
HardwareCorrupted:     0 kB
AnonHugePages:    212992 kB
ShmemHugePages:        0 kB
ShmemPmdMapped:        0 kB
FileHugePages:         0 kB
FilePmdMapped:         0 kB
CmaTotal:              0 kB
CmaFree:               0 kB
Unaccepted:            0 kB
Balloon:               0 kB
HugePages_Total:       0
HugePages_Free:        0
HugePages_Rsvd:        0
HugePages_Surp:        0
Hugepagesize:       2048 kB
Hugetlb:               0 kB
DirectMap4k:      194432 kB
DirectMap2M:     6096896 kB
DirectMap1G:     4194304 kB
---SNAPSHOT---
2026-04-27 15:15:37
MemTotal:        8129240 kB
MemFree:         3442720 kB
MemAvailable:    3649200 kB
Buffers:            5736 kB
Cached:           315016 kB
SwapCached:       164124 kB
Active:          3314884 kB
Inactive:         606972 kB
Active(anon):    3205448 kB
Inactive(anon):   450076 kB
Active(file):     109436 kB
Inactive(file):   156896 kB
Unevictable:          16 kB
Mlocked:              16 kB
SwapTotal:       4194300 kB
SwapFree:        3892668 kB
Zswap:                 0 kB
Zswapped:              0 kB
Dirty:               732 kB
Writeback:         20708 kB
AnonPages:       3420184 kB
Mapped:           268620 kB
Shmem:             54452 kB
KReclaimable:      57044 kB
Slab:             285704 kB
SReclaimable:      57044 kB
SUnreclaim:       228660 kB
KernelStack:       18272 kB
PageTables:        50336 kB
SecPageTables:         0 kB
NFS_Unstable:          0 kB
Bounce:                0 kB
WritebackTmp:          0 kB
CommitLimit:     8258920 kB
Committed_AS:   11409692 kB
VmallocTotal:   34359738367 kB
VmallocUsed:       46536 kB
VmallocChunk:          0 kB
Percpu:            13280 kB
HardwareCorrupted:     0 kB
AnonHugePages:    212992 kB
ShmemHugePages:        0 kB
ShmemPmdMapped:        0 kB
FileHugePages:         0 kB
FilePmdMapped:         0 kB
CmaTotal:              0 kB
CmaFree:               0 kB
Unaccepted:            0 kB
Balloon:               0 kB
HugePages_Total:       0
HugePages_Free:        0
HugePages_Rsvd:        0
HugePages_Surp:        0
Hugepagesize:       2048 kB
Hugetlb:               0 kB
DirectMap4k:      194432 kB
DirectMap2M:     6096896 kB
DirectMap1G:     4194304 kB
---SNAPSHOT---
2026-04-27 15:15:38
MemTotal:        8129240 kB
MemFree:         3780040 kB
MemAvailable:    3986524 kB
Buffers:            5736 kB
Cached:           315024 kB
SwapCached:       341104 kB
Active:          2818588 kB
Inactive:         801660 kB
Active(anon):    2709152 kB
Inactive(anon):   644760 kB
Active(file):     109436 kB
Inactive(file):   156900 kB
Unevictable:          16 kB
Mlocked:              16 kB
SwapTotal:       4194300 kB
SwapFree:        3715476 kB
Zswap:                 0 kB
Zswapped:              0 kB
Dirty:               740 kB
Writeback:           300 kB
AnonPages:       2965672 kB
Mapped:           268848 kB
Shmem:             54452 kB
KReclaimable:      57044 kB
Slab:             284304 kB
SReclaimable:      57044 kB
SUnreclaim:       227260 kB
KernelStack:       18272 kB
PageTables:        50576 kB
SecPageTables:         0 kB
NFS_Unstable:          0 kB
Bounce:                0 kB
WritebackTmp:          0 kB
CommitLimit:     8258920 kB
Committed_AS:   11409668 kB
VmallocTotal:   34359738367 kB
VmallocUsed:       46520 kB
VmallocChunk:          0 kB
Percpu:            13280 kB
HardwareCorrupted:     0 kB
AnonHugePages:    212992 kB
ShmemHugePages:        0 kB
ShmemPmdMapped:        0 kB
FileHugePages:         0 kB
FilePmdMapped:         0 kB
CmaTotal:              0 kB
CmaFree:               0 kB
Unaccepted:            0 kB
Balloon:               0 kB
HugePages_Total:       0
HugePages_Free:        0
HugePages_Rsvd:        0
HugePages_Surp:        0
Hugepagesize:       2048 kB
Hugetlb:               0 kB
DirectMap4k:      194432 kB
DirectMap2M:     6096896 kB
DirectMap1G:     4194304 kB
---SNAPSHOT---
2026-04-27 15:15:39
MemTotal:        8129240 kB
MemFree:         3405952 kB
MemAvailable:    3612440 kB
Buffers:            5736 kB
Cached:           315028 kB
SwapCached:       539376 kB
Active:          3066564 kB
Inactive:        1000576 kB
Active(anon):    2957128 kB
Inactive(anon):   843672 kB
Active(file):     109436 kB
Inactive(file):   156904 kB
Unevictable:          16 kB
Mlocked:              16 kB
SwapTotal:       4194300 kB
SwapFree:        3517216 kB
Zswap:                 0 kB
Zswapped:              0 kB
Dirty:               744 kB
Writeback:           364 kB
AnonPages:       3213684 kB
Mapped:           268620 kB
Shmem:             54452 kB
KReclaimable:      57044 kB
Slab:             284288 kB
SReclaimable:      57044 kB
SUnreclaim:       227244 kB
KernelStack:       18272 kB
PageTables:        50180 kB
SecPageTables:         0 kB
NFS_Unstable:          0 kB
Bounce:                0 kB
WritebackTmp:          0 kB
CommitLimit:     8258920 kB
Committed_AS:   11409328 kB
VmallocTotal:   34359738367 kB
VmallocUsed:       46536 kB
VmallocChunk:          0 kB
Percpu:            13280 kB
HardwareCorrupted:     0 kB
AnonHugePages:    212992 kB
ShmemHugePages:        0 kB
ShmemPmdMapped:        0 kB
FileHugePages:         0 kB
FilePmdMapped:         0 kB
CmaTotal:              0 kB
CmaFree:               0 kB
Unaccepted:            0 kB
Balloon:               0 kB
HugePages_Total:       0
HugePages_Free:        0
HugePages_Rsvd:        0
HugePages_Surp:        0
Hugepagesize:       2048 kB
Hugetlb:               0 kB
DirectMap4k:      194432 kB
DirectMap2M:     6096896 kB
DirectMap1G:     4194304 kB
---SNAPSHOT---
2026-04-27 15:15:40
MemTotal:        8129240 kB
MemFree:         3181660 kB
MemAvailable:    3388156 kB
Buffers:            5736 kB
Cached:           315036 kB
SwapCached:       727972 kB
Active:          3038660 kB
Inactive:        1188940 kB
Active(anon):    2929224 kB
Inactive(anon):  1032028 kB
Active(file):     109436 kB
Inactive(file):   156912 kB
Unevictable:          16 kB
Mlocked:              16 kB
SwapTotal:       4194300 kB
SwapFree:        3328728 kB
Zswap:                 0 kB
Zswapped:              0 kB
Dirty:               752 kB
Writeback:           900 kB
AnonPages:       3158088 kB
Mapped:           268620 kB
Shmem:             54452 kB
KReclaimable:      57044 kB
Slab:             284240 kB
SReclaimable:      57044 kB
SUnreclaim:       227196 kB
KernelStack:       18272 kB
PageTables:        50852 kB
SecPageTables:         0 kB
NFS_Unstable:          0 kB
Bounce:                0 kB
WritebackTmp:          0 kB
CommitLimit:     8258920 kB
Committed_AS:   11409556 kB
VmallocTotal:   34359738367 kB
VmallocUsed:       46520 kB
VmallocChunk:          0 kB
Percpu:            13280 kB
HardwareCorrupted:     0 kB
AnonHugePages:    212992 kB
ShmemHugePages:        0 kB
ShmemPmdMapped:        0 kB
FileHugePages:         0 kB
FilePmdMapped:         0 kB
CmaTotal:              0 kB
CmaFree:               0 kB
Unaccepted:            0 kB
Balloon:               0 kB
HugePages_Total:       0
HugePages_Free:        0
HugePages_Rsvd:        0
HugePages_Surp:        0
Hugepagesize:       2048 kB
Hugetlb:               0 kB
DirectMap4k:      194432 kB
DirectMap2M:     6096896 kB
DirectMap1G:     4194304 kB
---SNAPSHOT---
2026-04-27 15:15:41
MemTotal:        8129240 kB
MemFree:         3722644 kB
MemAvailable:    3929148 kB
Buffers:            5744 kB
Cached:           315036 kB
SwapCached:       890108 kB
Active:          2311972 kB
Inactive:        1350708 kB
Active(anon):    2202536 kB
Inactive(anon):  1193788 kB
Active(file):     109436 kB
Inactive(file):   156920 kB
Unevictable:          16 kB
Mlocked:              16 kB
SwapTotal:       4194300 kB
SwapFree:        3166356 kB
Zswap:                 0 kB
Zswapped:              0 kB
Dirty:               756 kB
Writeback:           544 kB
AnonPages:       2459048 kB
Mapped:           268620 kB
Shmem:             54452 kB
KReclaimable:      57044 kB
Slab:             284264 kB
SReclaimable:      57044 kB
SUnreclaim:       227220 kB
KernelStack:       18332 kB
PageTables:        49312 kB
SecPageTables:         0 kB
NFS_Unstable:          0 kB
Bounce:                0 kB
WritebackTmp:          0 kB
CommitLimit:     8258920 kB
Committed_AS:   11409172 kB
VmallocTotal:   34359738367 kB
VmallocUsed:       46536 kB
VmallocChunk:          0 kB
Percpu:            13280 kB
HardwareCorrupted:     0 kB
AnonHugePages:    212992 kB
ShmemHugePages:        0 kB
ShmemPmdMapped:        0 kB
FileHugePages:         0 kB
FilePmdMapped:         0 kB
CmaTotal:              0 kB
CmaFree:               0 kB
Unaccepted:            0 kB
Balloon:               0 kB
HugePages_Total:       0
HugePages_Free:        0
HugePages_Rsvd:        0
HugePages_Surp:        0
Hugepagesize:       2048 kB
Hugetlb:               0 kB
DirectMap4k:      194432 kB
DirectMap2M:     6096896 kB
DirectMap1G:     4194304 kB
---SNAPSHOT---
2026-04-27 15:15:42
MemTotal:        8129240 kB
MemFree:         3288316 kB
MemAvailable:    3494840 kB
Buffers:            5752 kB
Cached:           315044 kB
SwapCached:      1086828 kB
Active:          2577496 kB
Inactive:        1549528 kB
Active(anon):    2468060 kB
Inactive(anon):  1392588 kB
Active(file):     109436 kB
Inactive(file):   156940 kB
Unevictable:          16 kB
Mlocked:              16 kB
SwapTotal:       4194300 kB
SwapFree:        2969800 kB
Zswap:                 0 kB
Zswapped:              0 kB
Dirty:               180 kB
Writeback:           264 kB
AnonPages:       2726752 kB
Mapped:           268620 kB
Shmem:             54452 kB
KReclaimable:      57044 kB
Slab:             284264 kB
SReclaimable:      57044 kB
SUnreclaim:       227220 kB
KernelStack:       18348 kB
PageTables:        50028 kB
SecPageTables:         0 kB
NFS_Unstable:          0 kB
Bounce:                0 kB
WritebackTmp:          0 kB
CommitLimit:     8258920 kB
Committed_AS:   11409284 kB
VmallocTotal:   34359738367 kB
VmallocUsed:       46616 kB
VmallocChunk:          0 kB
Percpu:            13280 kB
HardwareCorrupted:     0 kB
AnonHugePages:    212992 kB
ShmemHugePages:        0 kB
ShmemPmdMapped:        0 kB
FileHugePages:         0 kB
FilePmdMapped:         0 kB
CmaTotal:              0 kB
CmaFree:               0 kB
Unaccepted:            0 kB
Balloon:               0 kB
HugePages_Total:       0
HugePages_Free:        0
HugePages_Rsvd:        0
HugePages_Surp:        0
Hugepagesize:       2048 kB
Hugetlb:               0 kB
DirectMap4k:      194432 kB
DirectMap2M:     6096896 kB
DirectMap1G:     4194304 kB
---SNAPSHOT---
2026-04-27 15:15:43
MemTotal:        8129240 kB
MemFree:         3471340 kB
MemAvailable:    3677872 kB
Buffers:            5752 kB
Cached:           315052 kB
SwapCached:      1211396 kB
Active:          2253044 kB
Inactive:        1672292 kB
Active(anon):    2143608 kB
Inactive(anon):  1515344 kB
Active(file):     109436 kB
Inactive(file):   156948 kB
Unevictable:          16 kB
Mlocked:              16 kB
SwapTotal:       4194300 kB
SwapFree:        2845396 kB
Zswap:                 0 kB
Zswapped:              0 kB
Dirty:               188 kB
Writeback:           276 kB
AnonPages:       2400872 kB
Mapped:           268620 kB
Shmem:             54452 kB
KReclaimable:      57044 kB
Slab:             284264 kB
SReclaimable:      57044 kB
SUnreclaim:       227220 kB
KernelStack:       18348 kB
PageTables:        50032 kB
SecPageTables:         0 kB
NFS_Unstable:          0 kB
Bounce:                0 kB
WritebackTmp:          0 kB
CommitLimit:     8258920 kB
Committed_AS:   11409080 kB
VmallocTotal:   34359738367 kB
VmallocUsed:       46664 kB
VmallocChunk:          0 kB
Percpu:            13280 kB
HardwareCorrupted:     0 kB
AnonHugePages:    212992 kB
ShmemHugePages:        0 kB
ShmemPmdMapped:        0 kB
FileHugePages:         0 kB
FilePmdMapped:         0 kB
CmaTotal:              0 kB
CmaFree:               0 kB
Unaccepted:            0 kB
Balloon:               0 kB
HugePages_Total:       0
HugePages_Free:        0
HugePages_Rsvd:        0
HugePages_Surp:        0
Hugepagesize:       2048 kB
Hugetlb:               0 kB
DirectMap4k:      194432 kB
DirectMap2M:     6096896 kB
DirectMap1G:     4194304 kB
---SNAPSHOT---
2026-04-27 15:15:44
MemTotal:        8129240 kB
MemFree:         4850572 kB
MemAvailable:    5057108 kB
Buffers:            5752 kB
Cached:           315056 kB
SwapCached:       106640 kB
Active:          2043144 kB
Inactive:         570024 kB
Active(anon):    1933708 kB
Inactive(anon):   413072 kB
Active(file):     109436 kB
Inactive(file):   156952 kB
Unevictable:          16 kB
Mlocked:              16 kB
SwapTotal:       4194300 kB
SwapFree:        3950528 kB
Zswap:                 0 kB
Zswapped:              0 kB
Dirty:               192 kB
Writeback:           180 kB
AnonPages:       2189124 kB
Mapped:           268620 kB
Shmem:             54452 kB
KReclaimable:      57044 kB
Slab:             284248 kB
SReclaimable:      57044 kB
SUnreclaim:       227204 kB
KernelStack:       18288 kB
PageTables:        47120 kB
SecPageTables:         0 kB
NFS_Unstable:          0 kB
Bounce:                0 kB
WritebackTmp:          0 kB
CommitLimit:     8258920 kB
Committed_AS:   11409176 kB
VmallocTotal:   34359738367 kB
VmallocUsed:       46616 kB
VmallocChunk:          0 kB
Percpu:            13280 kB
HardwareCorrupted:     0 kB
AnonHugePages:    212992 kB
ShmemHugePages:        0 kB
ShmemPmdMapped:        0 kB
FileHugePages:         0 kB
FilePmdMapped:         0 kB
CmaTotal:              0 kB
CmaFree:               0 kB
Unaccepted:            0 kB
Balloon:               0 kB
HugePages_Total:       0
HugePages_Free:        0
HugePages_Rsvd:        0
HugePages_Surp:        0
Hugepagesize:       2048 kB
Hugetlb:               0 kB
DirectMap4k:      194432 kB
DirectMap2M:     6096896 kB
DirectMap1G:     4194304 kB
---SNAPSHOT---
2026-04-27 15:15:45
MemTotal:        8129240 kB
MemFree:         3907932 kB
MemAvailable:    4114476 kB
Buffers:            5752 kB
Cached:           315064 kB
SwapCached:       106264 kB
Active:          2974648 kB
Inactive:         569772 kB
Active(anon):    2865212 kB
Inactive(anon):   412812 kB
Active(file):     109436 kB
Inactive(file):   156960 kB
Unevictable:          16 kB
Mlocked:              16 kB
SwapTotal:       4194300 kB
SwapFree:        3950528 kB
Zswap:                 0 kB
Zswapped:              0 kB
Dirty:               200 kB
Writeback:             0 kB
AnonPages:       3120636 kB
Mapped:           268620 kB
Shmem:             54452 kB
KReclaimable:      57044 kB
Slab:             284224 kB
SReclaimable:      57044 kB
SUnreclaim:       227180 kB
KernelStack:       18348 kB
PageTables:        48848 kB
SecPageTables:         0 kB
NFS_Unstable:          0 kB
Bounce:                0 kB
WritebackTmp:          0 kB
CommitLimit:     8258920 kB
Committed_AS:   11408788 kB
VmallocTotal:   34359738367 kB
VmallocUsed:       46632 kB
VmallocChunk:          0 kB
Percpu:            13280 kB
HardwareCorrupted:     0 kB
AnonHugePages:    212992 kB
ShmemHugePages:        0 kB
ShmemPmdMapped:        0 kB
FileHugePages:         0 kB
FilePmdMapped:         0 kB
CmaTotal:              0 kB
CmaFree:               0 kB
Unaccepted:            0 kB
Balloon:               0 kB
HugePages_Total:       0
HugePages_Free:        0
HugePages_Rsvd:        0
HugePages_Surp:        0
Hugepagesize:       2048 kB
Hugetlb:               0 kB
DirectMap4k:      194432 kB
DirectMap2M:     6096896 kB
DirectMap1G:     4194304 kB
---SNAPSHOT---
2026-04-27 15:15:46
MemTotal:        8129240 kB
MemFree:         3624792 kB
MemAvailable:    3831340 kB
Buffers:            5760 kB
Cached:           315068 kB
SwapCached:       106264 kB
Active:          3254276 kB
Inactive:         569776 kB
Active(anon):    3144840 kB
Inactive(anon):   412812 kB
Active(file):     109436 kB
Inactive(file):   156964 kB
Unevictable:          16 kB
Mlocked:              16 kB
SwapTotal:       4194300 kB
SwapFree:        3950528 kB
Zswap:                 0 kB
Zswapped:              0 kB
Dirty:               232 kB
Writeback:             0 kB
AnonPages:       3400268 kB
Mapped:           268848 kB
Shmem:             54452 kB
KReclaimable:      57044 kB
Slab:             284224 kB
SReclaimable:      57044 kB
SUnreclaim:       227180 kB
KernelStack:       18332 kB
PageTables:        49528 kB
SecPageTables:         0 kB
NFS_Unstable:          0 kB
Bounce:                0 kB
WritebackTmp:          0 kB
CommitLimit:     8258920 kB
Committed_AS:   11409668 kB
VmallocTotal:   34359738367 kB
VmallocUsed:       46616 kB
VmallocChunk:          0 kB
Percpu:            13280 kB
HardwareCorrupted:     0 kB
AnonHugePages:    212992 kB
ShmemHugePages:        0 kB
ShmemPmdMapped:        0 kB
FileHugePages:         0 kB
FilePmdMapped:         0 kB
CmaTotal:              0 kB
CmaFree:               0 kB
Unaccepted:            0 kB
Balloon:               0 kB
HugePages_Total:       0
HugePages_Free:        0
HugePages_Rsvd:        0
HugePages_Surp:        0
Hugepagesize:       2048 kB
Hugetlb:               0 kB
DirectMap4k:      194432 kB
DirectMap2M:     6096896 kB
DirectMap1G:     4194304 kB
---SNAPSHOT---
2026-04-27 15:15:47
MemTotal:        8129240 kB
MemFree:         4254144 kB
MemAvailable:    4460724 kB
Buffers:            5768 kB
Cached:           315084 kB
SwapCached:       523752 kB
Active:          2251560 kB
Inactive:         986424 kB
Active(anon):    2142124 kB
Inactive(anon):   829428 kB
Active(file):     109436 kB
Inactive(file):   156996 kB
Unevictable:          16 kB
Mlocked:              16 kB
SwapTotal:       4194300 kB
SwapFree:        3532896 kB
Zswap:                 0 kB
Zswapped:              0 kB
Dirty:                40 kB
Writeback:           804 kB
AnonPages:       2398548 kB
Mapped:           268620 kB
Shmem:             54452 kB
KReclaimable:      57044 kB
Slab:             284288 kB
SReclaimable:      57044 kB
SUnreclaim:       227244 kB
KernelStack:       18348 kB
PageTables:        49640 kB
SecPageTables:         0 kB
NFS_Unstable:          0 kB
Bounce:                0 kB
WritebackTmp:          0 kB
CommitLimit:     8258920 kB
Committed_AS:   11409280 kB
VmallocTotal:   34359738367 kB
VmallocUsed:       46600 kB
VmallocChunk:          0 kB
Percpu:            13280 kB
HardwareCorrupted:     0 kB
AnonHugePages:    212992 kB
ShmemHugePages:        0 kB
ShmemPmdMapped:        0 kB
FileHugePages:         0 kB
FilePmdMapped:         0 kB
CmaTotal:              0 kB
CmaFree:               0 kB
Unaccepted:            0 kB
Balloon:               0 kB
HugePages_Total:       0
HugePages_Free:        0
HugePages_Rsvd:        0
HugePages_Surp:        0
Hugepagesize:       2048 kB
Hugetlb:               0 kB
DirectMap4k:      194432 kB
DirectMap2M:     6096896 kB
DirectMap1G:     4194304 kB
---SNAPSHOT---
2026-04-27 15:15:48
MemTotal:        8129240 kB
MemFree:         4142000 kB
MemAvailable:    4348588 kB
Buffers:            5768 kB
Cached:           315092 kB
SwapCached:       106264 kB
Active:          2813616 kB
Inactive:         569816 kB
Active(anon):    2704180 kB
Inactive(anon):   412812 kB
Active(file):     109436 kB
Inactive(file):   157004 kB
Unevictable:          16 kB
Mlocked:              16 kB
SwapTotal:       4194300 kB
SwapFree:        3950528 kB
Zswap:                 0 kB
Zswapped:              0 kB
Dirty:                56 kB
Writeback:             0 kB
AnonPages:       2959048 kB
Mapped:           268620 kB
Shmem:             54452 kB
KReclaimable:      57044 kB
Slab:             284248 kB
SReclaimable:      57044 kB
SUnreclaim:       227204 kB
KernelStack:       18288 kB
PageTables:        49692 kB
SecPageTables:         0 kB
NFS_Unstable:          0 kB
Bounce:                0 kB
WritebackTmp:          0 kB
CommitLimit:     8258920 kB
Committed_AS:   11409800 kB
VmallocTotal:   34359738367 kB
VmallocUsed:       46552 kB
VmallocChunk:          0 kB
Percpu:            13280 kB
HardwareCorrupted:     0 kB
AnonHugePages:    212992 kB
ShmemHugePages:        0 kB
ShmemPmdMapped:        0 kB
FileHugePages:         0 kB
FilePmdMapped:         0 kB
CmaTotal:              0 kB
CmaFree:               0 kB
Unaccepted:            0 kB
Balloon:               0 kB
HugePages_Total:       0
HugePages_Free:        0
HugePages_Rsvd:        0
HugePages_Surp:        0
Hugepagesize:       2048 kB
Hugetlb:               0 kB
DirectMap4k:      194432 kB
DirectMap2M:     6096896 kB
DirectMap1G:     4194304 kB
---SNAPSHOT---
2026-04-27 15:15:49
MemTotal:        8129240 kB
MemFree:         3331276 kB
MemAvailable:    3537868 kB
Buffers:            5768 kB
Cached:           315096 kB
SwapCached:       106264 kB
Active:          3612368 kB
Inactive:         569820 kB
Active(anon):    3502932 kB
Inactive(anon):   412812 kB
Active(file):     109436 kB
Inactive(file):   157008 kB
Unevictable:          16 kB
Mlocked:              16 kB
SwapTotal:       4194300 kB
SwapFree:        3950528 kB
Zswap:                 0 kB
Zswapped:              0 kB
Dirty:                60 kB
Writeback:             0 kB
AnonPages:       3758420 kB
Mapped:           268848 kB
Shmem:             54452 kB
KReclaimable:      57044 kB
Slab:             284248 kB
SReclaimable:      57044 kB
SUnreclaim:       227204 kB
KernelStack:       18288 kB
PageTables:        50548 kB
SecPageTables:         0 kB
NFS_Unstable:          0 kB
Bounce:                0 kB
WritebackTmp:          0 kB
CommitLimit:     8258920 kB
Committed_AS:   11409444 kB
VmallocTotal:   34359738367 kB
VmallocUsed:       46552 kB
VmallocChunk:          0 kB
Percpu:            13280 kB
HardwareCorrupted:     0 kB
AnonHugePages:    212992 kB
ShmemHugePages:        0 kB
ShmemPmdMapped:        0 kB
FileHugePages:         0 kB
FilePmdMapped:         0 kB
CmaTotal:              0 kB
CmaFree:               0 kB
Unaccepted:            0 kB
Balloon:               0 kB
HugePages_Total:       0
HugePages_Free:        0
HugePages_Rsvd:        0
HugePages_Surp:        0
Hugepagesize:       2048 kB
Hugetlb:               0 kB
DirectMap4k:      194432 kB
DirectMap2M:     6096896 kB
DirectMap1G:     4194304 kB
---SNAPSHOT---
2026-04-27 15:15:50
MemTotal:        8129240 kB
MemFree:         3449012 kB
MemAvailable:    3655608 kB
Buffers:            5768 kB
Cached:           315104 kB
SwapCached:       290624 kB
Active:          3339140 kB
Inactive:         746184 kB
Active(anon):    3229704 kB
Inactive(anon):   589172 kB
Active(file):     109436 kB
Inactive(file):   157012 kB
Unevictable:          16 kB
Mlocked:              16 kB
SwapTotal:       4194300 kB
SwapFree:        3766132 kB
Zswap:                 0 kB
Zswapped:              0 kB
Dirty:                68 kB
Writeback:          7568 kB
AnonPages:       3478984 kB
Mapped:           268620 kB
Shmem:             54452 kB
KReclaimable:      57044 kB
Slab:             284568 kB
SReclaimable:      57044 kB
SUnreclaim:       227524 kB
KernelStack:       18288 kB
PageTables:        50084 kB
SecPageTables:         0 kB
NFS_Unstable:          0 kB
Bounce:                0 kB
WritebackTmp:          0 kB
CommitLimit:     8258920 kB
Committed_AS:   11409172 kB
VmallocTotal:   34359738367 kB
VmallocUsed:       46536 kB
VmallocChunk:          0 kB
Percpu:            13280 kB
HardwareCorrupted:     0 kB
AnonHugePages:    212992 kB
ShmemHugePages:        0 kB
ShmemPmdMapped:        0 kB
FileHugePages:         0 kB
FilePmdMapped:         0 kB
CmaTotal:              0 kB
CmaFree:               0 kB
Unaccepted:            0 kB
Balloon:               0 kB
HugePages_Total:       0
HugePages_Free:        0
HugePages_Rsvd:        0
HugePages_Surp:        0
Hugepagesize:       2048 kB
Hugetlb:               0 kB
DirectMap4k:      194432 kB
DirectMap2M:     6096896 kB
DirectMap1G:     4194304 kB
---SNAPSHOT---
2026-04-27 15:15:51
MemTotal:        8129240 kB
MemFree:         4338288 kB
MemAvailable:    4544888 kB
Buffers:            5776 kB
Cached:           315108 kB
SwapCached:       127664 kB
Active:          2607468 kB
Inactive:         591100 kB
Active(anon):    2498032 kB
Inactive(anon):   434084 kB
Active(file):     109436 kB
Inactive(file):   157016 kB
Unevictable:          16 kB
Mlocked:              16 kB
SwapTotal:       4194300 kB
SwapFree:        3929240 kB
Zswap:                 0 kB
Zswapped:              0 kB
Dirty:                84 kB
Writeback:             0 kB
AnonPages:       2753016 kB
Mapped:           268620 kB
Shmem:             54452 kB
KReclaimable:      57044 kB
Slab:             284220 kB
SReclaimable:      57044 kB
SUnreclaim:       227176 kB
KernelStack:       18304 kB
PageTables:        50808 kB
SecPageTables:         0 kB
NFS_Unstable:          0 kB
Bounce:                0 kB
WritebackTmp:          0 kB
CommitLimit:     8258920 kB
Committed_AS:   11409668 kB
VmallocTotal:   34359738367 kB
VmallocUsed:       46584 kB
VmallocChunk:          0 kB
Percpu:            13280 kB
HardwareCorrupted:     0 kB
AnonHugePages:    212992 kB
ShmemHugePages:        0 kB
ShmemPmdMapped:        0 kB
FileHugePages:         0 kB
FilePmdMapped:         0 kB
CmaTotal:              0 kB
CmaFree:               0 kB
Unaccepted:            0 kB
Balloon:               0 kB
HugePages_Total:       0
HugePages_Free:        0
HugePages_Rsvd:        0
HugePages_Surp:        0
Hugepagesize:       2048 kB
Hugetlb:               0 kB
DirectMap4k:      194432 kB
DirectMap2M:     6096896 kB
DirectMap1G:     4194304 kB
---SNAPSHOT---
2026-04-27 15:15:52
MemTotal:        8129240 kB
MemFree:         3794288 kB
MemAvailable:    4000904 kB
Buffers:            5776 kB
Cached:           315112 kB
SwapCached:       106264 kB
Active:          3181984 kB
Inactive:         569844 kB
Active(anon):    3072548 kB
Inactive(anon):   412812 kB
Active(file):     109436 kB
Inactive(file):   157032 kB
Unevictable:          16 kB
Mlocked:              16 kB
SwapTotal:       4194300 kB
SwapFree:        3950528 kB
Zswap:                 0 kB
Zswapped:              0 kB
Dirty:                84 kB
Writeback:             0 kB
AnonPages:       3328248 kB
Mapped:           268620 kB
Shmem:             54452 kB
KReclaimable:      57044 kB
Slab:             284220 kB
SReclaimable:      57044 kB
SUnreclaim:       227176 kB
KernelStack:       18272 kB
PageTables:        50136 kB
SecPageTables:         0 kB
NFS_Unstable:          0 kB
Bounce:                0 kB
WritebackTmp:          0 kB
CommitLimit:     8258920 kB
Committed_AS:   11408788 kB
VmallocTotal:   34359738367 kB
VmallocUsed:       46520 kB
VmallocChunk:          0 kB
Percpu:            13280 kB
HardwareCorrupted:     0 kB
AnonHugePages:    212992 kB
ShmemHugePages:        0 kB
ShmemPmdMapped:        0 kB
FileHugePages:         0 kB
FilePmdMapped:         0 kB
CmaTotal:              0 kB
CmaFree:               0 kB
Unaccepted:            0 kB
Balloon:               0 kB
HugePages_Total:       0
HugePages_Free:        0
HugePages_Rsvd:        0
HugePages_Surp:        0
Hugepagesize:       2048 kB
Hugetlb:               0 kB
DirectMap4k:      194432 kB
DirectMap2M:     6096896 kB
DirectMap1G:     4194304 kB
---SNAPSHOT---
2026-04-27 15:15:53
MemTotal:        8129240 kB
MemFree:         3782036 kB
MemAvailable:    3988660 kB
Buffers:            5776 kB
Cached:           315120 kB
SwapCached:       106264 kB
Active:          3195440 kB
Inactive:         569852 kB
Active(anon):    3086004 kB
Inactive(anon):   412812 kB
Active(file):     109436 kB
Inactive(file):   157040 kB
Unevictable:          16 kB
Mlocked:              16 kB
SwapTotal:       4194300 kB
SwapFree:        3950528 kB
Zswap:                 0 kB
Zswapped:              0 kB
Dirty:                92 kB
Writeback:             0 kB
AnonPages:       3341340 kB
Mapped:           268620 kB
Shmem:             54452 kB
KReclaimable:      57044 kB
Slab:             284220 kB
SReclaimable:      57044 kB
SUnreclaim:       227176 kB
KernelStack:       18256 kB
PageTables:        49748 kB
SecPageTables:         0 kB
NFS_Unstable:          0 kB
Bounce:                0 kB
WritebackTmp:          0 kB
CommitLimit:     8258920 kB
Committed_AS:   11409308 kB
VmallocTotal:   34359738367 kB
VmallocUsed:       46536 kB
VmallocChunk:          0 kB
Percpu:            13280 kB
HardwareCorrupted:     0 kB
AnonHugePages:    212992 kB
ShmemHugePages:        0 kB
ShmemPmdMapped:        0 kB
FileHugePages:         0 kB
FilePmdMapped:         0 kB
CmaTotal:              0 kB
CmaFree:               0 kB
Unaccepted:            0 kB
Balloon:               0 kB
HugePages_Total:       0
HugePages_Free:        0
HugePages_Rsvd:        0
HugePages_Surp:        0
Hugepagesize:       2048 kB
Hugetlb:               0 kB
DirectMap4k:      194432 kB
DirectMap2M:     6096896 kB
DirectMap1G:     4194304 kB
---SNAPSHOT---
2026-04-27 15:15:54
MemTotal:        8129240 kB
MemFree:         3745240 kB
MemAvailable:    3951868 kB
Buffers:            5776 kB
Cached:           315124 kB
SwapCached:       106264 kB
Active:          3222216 kB
Inactive:         569856 kB
Active(anon):    3112780 kB
Inactive(anon):   412812 kB
Active(file):     109436 kB
Inactive(file):   157044 kB
Unevictable:          16 kB
Mlocked:              16 kB
SwapTotal:       4194300 kB
SwapFree:        3950528 kB
Zswap:                 0 kB
Zswapped:              0 kB
Dirty:                96 kB
Writeback:             0 kB
AnonPages:       3368156 kB
Mapped:           268620 kB
Shmem:             54452 kB
KReclaimable:      57044 kB
Slab:             284220 kB
SReclaimable:      57044 kB
SUnreclaim:       227176 kB
KernelStack:       18272 kB
PageTables:        49544 kB
SecPageTables:         0 kB
NFS_Unstable:          0 kB
Bounce:                0 kB
WritebackTmp:          0 kB
CommitLimit:     8258920 kB
Committed_AS:   11409664 kB
VmallocTotal:   34359738367 kB
VmallocUsed:       46520 kB
VmallocChunk:          0 kB
Percpu:            13280 kB
HardwareCorrupted:     0 kB
AnonHugePages:    212992 kB
ShmemHugePages:        0 kB
ShmemPmdMapped:        0 kB
FileHugePages:         0 kB
FilePmdMapped:         0 kB
CmaTotal:              0 kB
CmaFree:               0 kB
Unaccepted:            0 kB
Balloon:               0 kB
HugePages_Total:       0
HugePages_Free:        0
HugePages_Rsvd:        0
HugePages_Surp:        0
Hugepagesize:       2048 kB
Hugetlb:               0 kB
DirectMap4k:      194432 kB
DirectMap2M:     6096896 kB
DirectMap1G:     4194304 kB
---SNAPSHOT---
2026-04-27 15:15:55
MemTotal:        8129240 kB
MemFree:         3806572 kB
MemAvailable:    4013212 kB
Buffers:            5776 kB
Cached:           315136 kB
SwapCached:       690112 kB
Active:          2553648 kB
Inactive:        1153464 kB
Active(anon):    2444212 kB
Inactive(anon):   996408 kB
Active(file):     109436 kB
Inactive(file):   157056 kB
Unevictable:          16 kB
Mlocked:              16 kB
SwapTotal:       4194300 kB
SwapFree:        3366828 kB
Zswap:                 0 kB
Zswapped:              0 kB
Dirty:               108 kB
Writeback:             0 kB
AnonPages:       2699324 kB
Mapped:           268620 kB
Shmem:             54452 kB
KReclaimable:      57044 kB
Slab:             284252 kB
SReclaimable:      57044 kB
SUnreclaim:       227208 kB
KernelStack:       18288 kB
PageTables:        49436 kB
SecPageTables:         0 kB
NFS_Unstable:          0 kB
Bounce:                0 kB
WritebackTmp:          0 kB
CommitLimit:     8258920 kB
Committed_AS:   11409448 kB
VmallocTotal:   34359738367 kB
VmallocUsed:       46504 kB
VmallocChunk:          0 kB
Percpu:            13280 kB
HardwareCorrupted:     0 kB
AnonHugePages:    212992 kB
ShmemHugePages:        0 kB
ShmemPmdMapped:        0 kB
FileHugePages:         0 kB
FilePmdMapped:         0 kB
CmaTotal:              0 kB
CmaFree:               0 kB
Unaccepted:            0 kB
Balloon:               0 kB
HugePages_Total:       0
HugePages_Free:        0
HugePages_Rsvd:        0
HugePages_Surp:        0
Hugepagesize:       2048 kB
Hugetlb:               0 kB
DirectMap4k:      194432 kB
DirectMap2M:     6096896 kB
DirectMap1G:     4194304 kB
---SNAPSHOT---
2026-04-27 15:15:56
MemTotal:        8129240 kB
MemFree:         4223532 kB
MemAvailable:    4430232 kB
Buffers:            5928 kB
Cached:           315144 kB
SwapCached:       106264 kB
Active:          2765212 kB
Inactive:         569928 kB
Active(anon):    2655776 kB
Inactive(anon):   412812 kB
Active(file):     109436 kB
Inactive(file):   157116 kB
Unevictable:          16 kB
Mlocked:              16 kB
SwapTotal:       4194300 kB
SwapFree:        3950528 kB
Zswap:                 0 kB
Zswapped:              0 kB
Dirty:               124 kB
Writeback:             0 kB
AnonPages:       2911316 kB
Mapped:           268620 kB
Shmem:             54452 kB
KReclaimable:      57044 kB
Slab:             284204 kB
SReclaimable:      57044 kB
SUnreclaim:       227160 kB
KernelStack:       18288 kB
PageTables:        48616 kB
SecPageTables:         0 kB
NFS_Unstable:          0 kB
Bounce:                0 kB
WritebackTmp:          0 kB
CommitLimit:     8258920 kB
Committed_AS:   11409436 kB
VmallocTotal:   34359738367 kB
VmallocUsed:       46488 kB
VmallocChunk:          0 kB
Percpu:            13280 kB
HardwareCorrupted:     0 kB
AnonHugePages:    212992 kB
ShmemHugePages:        0 kB
ShmemPmdMapped:        0 kB
FileHugePages:         0 kB
FilePmdMapped:         0 kB
CmaTotal:              0 kB
CmaFree:               0 kB
Unaccepted:            0 kB
Balloon:               0 kB
HugePages_Total:       0
HugePages_Free:        0
HugePages_Rsvd:        0
HugePages_Surp:        0
Hugepagesize:       2048 kB
Hugetlb:               0 kB
DirectMap4k:      194432 kB
DirectMap2M:     6096896 kB
DirectMap1G:     4194304 kB
---SNAPSHOT---
2026-04-27 15:15:57
MemTotal:        8129240 kB
MemFree:         3970952 kB
MemAvailable:    4177752 kB
Buffers:            5928 kB
Cached:           315148 kB
SwapCached:       106264 kB
Active:          3025248 kB
Inactive:         570028 kB
Active(anon):    2915812 kB
Inactive(anon):   412812 kB
Active(file):     109436 kB
Inactive(file):   157216 kB
Unevictable:          16 kB
Mlocked:              16 kB
SwapTotal:       4194300 kB
SwapFree:        3950528 kB
Zswap:                 0 kB
Zswapped:              0 kB
Dirty:               128 kB
Writeback:             0 kB
AnonPages:       3171524 kB
Mapped:           268620 kB
Shmem:             54452 kB
KReclaimable:      57044 kB
Slab:             284204 kB
SReclaimable:      57044 kB
SUnreclaim:       227160 kB
KernelStack:       18304 kB
PageTables:        49108 kB
SecPageTables:         0 kB
NFS_Unstable:          0 kB
Bounce:                0 kB
WritebackTmp:          0 kB
CommitLimit:     8258920 kB
Committed_AS:   11409284 kB
VmallocTotal:   34359738367 kB
VmallocUsed:       46520 kB
VmallocChunk:          0 kB
Percpu:            13280 kB
HardwareCorrupted:     0 kB
AnonHugePages:    212992 kB
ShmemHugePages:        0 kB
ShmemPmdMapped:        0 kB
FileHugePages:         0 kB
FilePmdMapped:         0 kB
CmaTotal:              0 kB
CmaFree:               0 kB
Unaccepted:            0 kB
Balloon:               0 kB
HugePages_Total:       0
HugePages_Free:        0
HugePages_Rsvd:        0
HugePages_Surp:        0
Hugepagesize:       2048 kB
Hugetlb:               0 kB
DirectMap4k:      194432 kB
DirectMap2M:     6096896 kB
DirectMap1G:     4194304 kB
---SNAPSHOT---
2026-04-27 15:15:58
MemTotal:        8129240 kB
MemFree:         3739032 kB
MemAvailable:    3945840 kB
Buffers:            5928 kB
Cached:           315156 kB
SwapCached:       106264 kB
Active:          3233732 kB
Inactive:         570036 kB
Active(anon):    3124296 kB
Inactive(anon):   412812 kB
Active(file):     109436 kB
Inactive(file):   157224 kB
Unevictable:          16 kB
Mlocked:              16 kB
SwapTotal:       4194300 kB
SwapFree:        3950528 kB
Zswap:                 0 kB
Zswapped:              0 kB
Dirty:               136 kB
Writeback:             0 kB
AnonPages:       3357776 kB
Mapped:           268620 kB
Shmem:             54452 kB
KReclaimable:      57044 kB
Slab:             284204 kB
SReclaimable:      57044 kB
SUnreclaim:       227160 kB
KernelStack:       18288 kB
PageTables:        49456 kB
SecPageTables:         0 kB
NFS_Unstable:          0 kB
Bounce:                0 kB
WritebackTmp:          0 kB
CommitLimit:     8258920 kB
Committed_AS:   11409172 kB
VmallocTotal:   34359738367 kB
VmallocUsed:       46488 kB
VmallocChunk:          0 kB
Percpu:            13280 kB
HardwareCorrupted:     0 kB
AnonHugePages:    212992 kB
ShmemHugePages:        0 kB
ShmemPmdMapped:        0 kB
FileHugePages:         0 kB
FilePmdMapped:         0 kB
CmaTotal:              0 kB
CmaFree:               0 kB
Unaccepted:            0 kB
Balloon:               0 kB
HugePages_Total:       0
HugePages_Free:        0
HugePages_Rsvd:        0
HugePages_Surp:        0
Hugepagesize:       2048 kB
Hugetlb:               0 kB
DirectMap4k:      194432 kB
DirectMap2M:     6096896 kB
DirectMap1G:     4194304 kB
---SNAPSHOT---
2026-04-27 15:15:59
MemTotal:        8129240 kB
MemFree:         4101644 kB
MemAvailable:    4308456 kB
Buffers:            5928 kB
Cached:           315160 kB
SwapCached:       106264 kB
Active:          2875120 kB
Inactive:         570040 kB
Active(anon):    2765684 kB
Inactive(anon):   412812 kB
Active(file):     109436 kB
Inactive(file):   157228 kB
Unevictable:          16 kB
Mlocked:              16 kB
SwapTotal:       4194300 kB
SwapFree:        3950528 kB
Zswap:                 0 kB
Zswapped:              0 kB
Dirty:               140 kB
Writeback:             0 kB
AnonPages:       3021024 kB
Mapped:           268620 kB
Shmem:             54452 kB
KReclaimable:      57044 kB
Slab:             284204 kB
SReclaimable:      57044 kB
SUnreclaim:       227160 kB
KernelStack:       18288 kB
PageTables:        48796 kB
SecPageTables:         0 kB
NFS_Unstable:          0 kB
Bounce:                0 kB
WritebackTmp:          0 kB
CommitLimit:     8258920 kB
Committed_AS:   11409664 kB
VmallocTotal:   34359738367 kB
VmallocUsed:       46488 kB
VmallocChunk:          0 kB
Percpu:            13280 kB
HardwareCorrupted:     0 kB
AnonHugePages:    212992 kB
ShmemHugePages:        0 kB
ShmemPmdMapped:        0 kB
FileHugePages:         0 kB
FilePmdMapped:         0 kB
CmaTotal:              0 kB
CmaFree:               0 kB
Unaccepted:            0 kB
Balloon:               0 kB
HugePages_Total:       0
HugePages_Free:        0
HugePages_Rsvd:        0
HugePages_Surp:        0
Hugepagesize:       2048 kB
Hugetlb:               0 kB
DirectMap4k:      194432 kB
DirectMap2M:     6096896 kB
DirectMap1G:     4194304 kB
---SNAPSHOT---
2026-04-27 15:16:00
MemTotal:        8129240 kB
MemFree:         4054248 kB
MemAvailable:    4261072 kB
Buffers:            5928 kB
Cached:           315168 kB
SwapCached:       106264 kB
Active:          2873068 kB
Inactive:         570052 kB
Active(anon):    2763632 kB
Inactive(anon):   412812 kB
Active(file):     109436 kB
Inactive(file):   157240 kB
Unevictable:          16 kB
Mlocked:              16 kB
SwapTotal:       4194300 kB
SwapFree:        3950528 kB
Zswap:                 0 kB
Zswapped:              0 kB
Dirty:               148 kB
Writeback:             0 kB
AnonPages:       2986244 kB
Mapped:           268620 kB
Shmem:             54452 kB
KReclaimable:      57044 kB
Slab:             284204 kB
SReclaimable:      57044 kB
SUnreclaim:       227160 kB
KernelStack:       18288 kB
PageTables:        49420 kB
SecPageTables:         0 kB
NFS_Unstable:          0 kB
Bounce:                0 kB
WritebackTmp:          0 kB
CommitLimit:     8258920 kB
Committed_AS:   11409784 kB
VmallocTotal:   34359738367 kB
VmallocUsed:       46520 kB
VmallocChunk:          0 kB
Percpu:            13280 kB
HardwareCorrupted:     0 kB
AnonHugePages:    212992 kB
ShmemHugePages:        0 kB
ShmemPmdMapped:        0 kB
FileHugePages:         0 kB
FilePmdMapped:         0 kB
CmaTotal:              0 kB
CmaFree:               0 kB
Unaccepted:            0 kB
Balloon:               0 kB
HugePages_Total:       0
HugePages_Free:        0
HugePages_Rsvd:        0
HugePages_Surp:        0
Hugepagesize:       2048 kB
Hugetlb:               0 kB
DirectMap4k:      194432 kB
DirectMap2M:     6096896 kB
DirectMap1G:     4194304 kB
---SNAPSHOT---
2026-04-27 15:16:01
MemTotal:        8129240 kB
MemFree:         4192264 kB
MemAvailable:    4399100 kB
Buffers:            5936 kB
Cached:           315172 kB
SwapCached:       106264 kB
Active:          2769900 kB
Inactive:         570064 kB
Active(anon):    2660464 kB
Inactive(anon):   412812 kB
Active(file):     109436 kB
Inactive(file):   157252 kB
Unevictable:          16 kB
Mlocked:              16 kB
SwapTotal:       4194300 kB
SwapFree:        3950528 kB
Zswap:                 0 kB
Zswapped:              0 kB
Dirty:               152 kB
Writeback:             0 kB
AnonPages:       2916072 kB
Mapped:           268620 kB
Shmem:             54452 kB
KReclaimable:      57044 kB
Slab:             284204 kB
SReclaimable:      57044 kB
SUnreclaim:       227160 kB
KernelStack:       18288 kB
PageTables:        48480 kB
SecPageTables:         0 kB
NFS_Unstable:          0 kB
Bounce:                0 kB
WritebackTmp:          0 kB
CommitLimit:     8258920 kB
Committed_AS:   11409360 kB
VmallocTotal:   34359738367 kB
VmallocUsed:       46536 kB
VmallocChunk:          0 kB
Percpu:            13280 kB
HardwareCorrupted:     0 kB
AnonHugePages:    212992 kB
ShmemHugePages:        0 kB
ShmemPmdMapped:        0 kB
FileHugePages:         0 kB
FilePmdMapped:         0 kB
CmaTotal:              0 kB
CmaFree:               0 kB
Unaccepted:            0 kB
Balloon:               0 kB
HugePages_Total:       0
HugePages_Free:        0
HugePages_Rsvd:        0
HugePages_Surp:        0
Hugepagesize:       2048 kB
Hugetlb:               0 kB
DirectMap4k:      194432 kB
DirectMap2M:     6096896 kB
DirectMap1G:     4194304 kB
---SNAPSHOT---
2026-04-27 15:16:02
MemTotal:        8129240 kB
MemFree:         3974884 kB
MemAvailable:    4181988 kB
Buffers:            6200 kB
Cached:           315176 kB
SwapCached:       106264 kB
Active:          3018860 kB
Inactive:         570332 kB
Active(anon):    2909424 kB
Inactive(anon):   412812 kB
Active(file):     109436 kB
Inactive(file):   157520 kB
Unevictable:          16 kB
Mlocked:              16 kB
SwapTotal:       4194300 kB
SwapFree:        3950528 kB
Zswap:                 0 kB
Zswapped:              0 kB
Dirty:               156 kB
Writeback:             0 kB
AnonPages:       3164704 kB
Mapped:           268620 kB
Shmem:             54452 kB
KReclaimable:      57044 kB
Slab:             284204 kB
SReclaimable:      57044 kB
SUnreclaim:       227160 kB
KernelStack:       18288 kB
PageTables:        49160 kB
SecPageTables:         0 kB
NFS_Unstable:          0 kB
Bounce:                0 kB
WritebackTmp:          0 kB
CommitLimit:     8258920 kB
Committed_AS:   11409172 kB
VmallocTotal:   34359738367 kB
VmallocUsed:       46584 kB
VmallocChunk:          0 kB
Percpu:            13280 kB
HardwareCorrupted:     0 kB
AnonHugePages:    212992 kB
ShmemHugePages:        0 kB
ShmemPmdMapped:        0 kB
FileHugePages:         0 kB
FilePmdMapped:         0 kB
CmaTotal:              0 kB
CmaFree:               0 kB
Unaccepted:            0 kB
Balloon:               0 kB
HugePages_Total:       0
HugePages_Free:        0
HugePages_Rsvd:        0
HugePages_Surp:        0
Hugepagesize:       2048 kB
Hugetlb:               0 kB
DirectMap4k:      194432 kB
DirectMap2M:     6096896 kB
DirectMap1G:     4194304 kB
---SNAPSHOT---
2026-04-27 15:16:03
MemTotal:        8129240 kB
MemFree:         4317908 kB
MemAvailable:    4525020 kB
Buffers:            6200 kB
Cached:           315184 kB
SwapCached:       106264 kB
Active:          2624208 kB
Inactive:         570340 kB
Active(anon):    2514772 kB
Inactive(anon):   412812 kB
Active(file):     109436 kB
Inactive(file):   157528 kB
Unevictable:          16 kB
Mlocked:              16 kB
SwapTotal:       4194300 kB
SwapFree:        3950528 kB
Zswap:                 0 kB
Zswapped:              0 kB
Dirty:               164 kB
Writeback:             0 kB
AnonPages:       2770592 kB
Mapped:           268620 kB
Shmem:             54452 kB
KReclaimable:      57044 kB
Slab:             284204 kB
SReclaimable:      57044 kB
SUnreclaim:       227160 kB
KernelStack:       18332 kB
PageTables:        49404 kB
SecPageTables:         0 kB
NFS_Unstable:          0 kB
Bounce:                0 kB
WritebackTmp:          0 kB
CommitLimit:     8258920 kB
Committed_AS:   11409776 kB
VmallocTotal:   34359738367 kB
VmallocUsed:       46552 kB
VmallocChunk:          0 kB
Percpu:            13280 kB
HardwareCorrupted:     0 kB
AnonHugePages:    212992 kB
ShmemHugePages:        0 kB
ShmemPmdMapped:        0 kB
FileHugePages:         0 kB
FilePmdMapped:         0 kB
CmaTotal:              0 kB
CmaFree:               0 kB
Unaccepted:            0 kB
Balloon:               0 kB
HugePages_Total:       0
HugePages_Free:        0
HugePages_Rsvd:        0
HugePages_Surp:        0
Hugepagesize:       2048 kB
Hugetlb:               0 kB
DirectMap4k:      194432 kB
DirectMap2M:     6096896 kB
DirectMap1G:     4194304 kB
---SNAPSHOT---
2026-04-27 15:16:04
MemTotal:        8129240 kB
MemFree:         4134860 kB
MemAvailable:    4341976 kB
Buffers:            6200 kB
Cached:           315188 kB
SwapCached:       106264 kB
Active:          2849264 kB
Inactive:         570344 kB
Active(anon):    2739828 kB
Inactive(anon):   412812 kB
Active(file):     109436 kB
Inactive(file):   157532 kB
Unevictable:          16 kB
Mlocked:              16 kB
SwapTotal:       4194300 kB
SwapFree:        3950528 kB
Zswap:                 0 kB
Zswapped:              0 kB
Dirty:               168 kB
Writeback:             0 kB
AnonPages:       2995196 kB
Mapped:           268620 kB
Shmem:             54452 kB
KReclaimable:      57044 kB
Slab:             284204 kB
SReclaimable:      57044 kB
SUnreclaim:       227160 kB
KernelStack:       18288 kB
PageTables:        50700 kB
SecPageTables:         0 kB
NFS_Unstable:          0 kB
Bounce:                0 kB
WritebackTmp:          0 kB
CommitLimit:     8258920 kB
Committed_AS:   11409180 kB
VmallocTotal:   34359738367 kB
VmallocUsed:       46520 kB
VmallocChunk:          0 kB
Percpu:            13280 kB
HardwareCorrupted:     0 kB
AnonHugePages:    212992 kB
ShmemHugePages:        0 kB
ShmemPmdMapped:        0 kB
FileHugePages:         0 kB
FilePmdMapped:         0 kB
CmaTotal:              0 kB
CmaFree:               0 kB
Unaccepted:            0 kB
Balloon:               0 kB
HugePages_Total:       0
HugePages_Free:        0
HugePages_Rsvd:        0
HugePages_Surp:        0
Hugepagesize:       2048 kB
Hugetlb:               0 kB
DirectMap4k:      194432 kB
DirectMap2M:     6096896 kB
DirectMap1G:     4194304 kB
---SNAPSHOT---
2026-04-27 15:16:05
MemTotal:        8129240 kB
MemFree:         3482788 kB
MemAvailable:    3689912 kB
Buffers:            6200 kB
Cached:           315196 kB
SwapCached:       685852 kB
Active:          2955880 kB
Inactive:        1126248 kB
Active(anon):    2846444 kB
Inactive(anon):   968708 kB
Active(file):     109436 kB
Inactive(file):   157540 kB
Unevictable:          16 kB
Mlocked:              16 kB
SwapTotal:       4194300 kB
SwapFree:        3370940 kB
Zswap:                 0 kB
Zswapped:              0 kB
Dirty:               176 kB
Writeback:         23668 kB
AnonPages:       3080356 kB
Mapped:           268620 kB
Shmem:             54452 kB
KReclaimable:      57044 kB
Slab:             285692 kB
SReclaimable:      57044 kB
SUnreclaim:       228648 kB
KernelStack:       18288 kB
PageTables:        51400 kB
SecPageTables:         0 kB
NFS_Unstable:          0 kB
Bounce:                0 kB
WritebackTmp:          0 kB
CommitLimit:     8258920 kB
Committed_AS:   11409560 kB
VmallocTotal:   34359738367 kB
VmallocUsed:       46520 kB
VmallocChunk:          0 kB
Percpu:            13280 kB
HardwareCorrupted:     0 kB
AnonHugePages:    212992 kB
ShmemHugePages:        0 kB
ShmemPmdMapped:        0 kB
FileHugePages:         0 kB
FilePmdMapped:         0 kB
CmaTotal:              0 kB
CmaFree:               0 kB
Unaccepted:            0 kB
Balloon:               0 kB
HugePages_Total:       0
HugePages_Free:        0
HugePages_Rsvd:        0
HugePages_Surp:        0
Hugepagesize:       2048 kB
Hugetlb:               0 kB
DirectMap4k:      194432 kB
DirectMap2M:     6096896 kB
DirectMap1G:     4194304 kB
---SNAPSHOT---
2026-04-27 15:16:08
MemTotal:        8129240 kB
MemFree:         3888156 kB
MemAvailable:    4095292 kB
Buffers:            6208 kB
Cached:           315200 kB
SwapCached:       701212 kB
Active:          2537112 kB
Inactive:        1149896 kB
Active(anon):    2427676 kB
Inactive(anon):   992344 kB
Active(file):     109436 kB
Inactive(file):   157552 kB
Unevictable:          16 kB
Mlocked:              16 kB
SwapTotal:       4194300 kB
SwapFree:        3355580 kB
Zswap:                 0 kB
Zswapped:              0 kB
Dirty:               180 kB
Writeback:         15524 kB
AnonPages:       2669792 kB
Mapped:           268720 kB
Shmem:             54452 kB
KReclaimable:      57044 kB
Slab:             285276 kB
SReclaimable:      57044 kB
SUnreclaim:       228232 kB
KernelStack:       18288 kB
PageTables:        49168 kB
SecPageTables:         0 kB
NFS_Unstable:          0 kB
Bounce:                0 kB
WritebackTmp:          0 kB
CommitLimit:     8258920 kB
Committed_AS:   11409560 kB
VmallocTotal:   34359738367 kB
VmallocUsed:       46504 kB
VmallocChunk:          0 kB
Percpu:            13280 kB
HardwareCorrupted:     0 kB
AnonHugePages:    212992 kB
ShmemHugePages:        0 kB
ShmemPmdMapped:        0 kB
FileHugePages:         0 kB
FilePmdMapped:         0 kB
CmaTotal:              0 kB
CmaFree:               0 kB
Unaccepted:            0 kB
Balloon:               0 kB
HugePages_Total:       0
HugePages_Free:        0
HugePages_Rsvd:        0
HugePages_Surp:        0
Hugepagesize:       2048 kB
Hugetlb:               0 kB
DirectMap4k:      194432 kB
DirectMap2M:     6096896 kB
DirectMap1G:     4194304 kB
---SNAPSHOT---
2026-04-27 15:16:09
MemTotal:        8129240 kB
MemFree:         4492584 kB
MemAvailable:    4699724 kB
Buffers:            6208 kB
Cached:           315204 kB
SwapCached:       121224 kB
Active:          2518880 kB
Inactive:         571124 kB
Active(anon):    2409444 kB
Inactive(anon):   413568 kB
Active(file):     109436 kB
Inactive(file):   157556 kB
Unevictable:          16 kB
Mlocked:              16 kB
SwapTotal:       4194300 kB
SwapFree:        3935680 kB
Zswap:                 0 kB
Zswapped:              0 kB
Dirty:               184 kB
Writeback:         13880 kB
AnonPages:       2650980 kB
Mapped:           268620 kB
Shmem:             54452 kB
KReclaimable:      57044 kB
Slab:             285236 kB
SReclaimable:      57044 kB
SUnreclaim:       228192 kB
KernelStack:       18288 kB
PageTables:        48324 kB
SecPageTables:         0 kB
NFS_Unstable:          0 kB
Bounce:                0 kB
WritebackTmp:          0 kB
CommitLimit:     8258920 kB
Committed_AS:   11409668 kB
VmallocTotal:   34359738367 kB
VmallocUsed:       46520 kB
VmallocChunk:          0 kB
Percpu:            13280 kB
HardwareCorrupted:     0 kB
AnonHugePages:    212992 kB
ShmemHugePages:        0 kB
ShmemPmdMapped:        0 kB
FileHugePages:         0 kB
FilePmdMapped:         0 kB
CmaTotal:              0 kB
CmaFree:               0 kB
Unaccepted:            0 kB
Balloon:               0 kB
HugePages_Total:       0
HugePages_Free:        0
HugePages_Rsvd:        0
HugePages_Surp:        0
Hugepagesize:       2048 kB
Hugetlb:               0 kB
DirectMap4k:      194432 kB
DirectMap2M:     6096896 kB
DirectMap1G:     4194304 kB
---SNAPSHOT---
2026-04-27 15:16:10
MemTotal:        8129240 kB
MemFree:         4297420 kB
MemAvailable:    4504568 kB
Buffers:            6208 kB
Cached:           315212 kB
SwapCached:       121112 kB
Active:          2697124 kB
Inactive:         583020 kB
Active(anon):    2587688 kB
Inactive(anon):   425456 kB
Active(file):     109436 kB
Inactive(file):   157564 kB
Unevictable:          16 kB
Mlocked:              16 kB
SwapTotal:       4194300 kB
SwapFree:        3935680 kB
Zswap:                 0 kB
Zswapped:              0 kB
Dirty:               192 kB
Writeback:          2152 kB
AnonPages:       2840452 kB
Mapped:           268620 kB
Shmem:             54452 kB
KReclaimable:      57044 kB
Slab:             284428 kB
SReclaimable:      57044 kB
SUnreclaim:       227384 kB
KernelStack:       18304 kB
PageTables:        48484 kB
SecPageTables:         0 kB
NFS_Unstable:          0 kB
Bounce:                0 kB
WritebackTmp:          0 kB
CommitLimit:     8258920 kB
Committed_AS:   11409560 kB
VmallocTotal:   34359738367 kB
VmallocUsed:       46504 kB
VmallocChunk:          0 kB
Percpu:            13280 kB
HardwareCorrupted:     0 kB
AnonHugePages:    212992 kB
ShmemHugePages:        0 kB
ShmemPmdMapped:        0 kB
FileHugePages:         0 kB
FilePmdMapped:         0 kB
CmaTotal:              0 kB
CmaFree:               0 kB
Unaccepted:            0 kB
Balloon:               0 kB
HugePages_Total:       0
HugePages_Free:        0
HugePages_Rsvd:        0
HugePages_Surp:        0
Hugepagesize:       2048 kB
Hugetlb:               0 kB
DirectMap4k:      194432 kB
DirectMap2M:     6096896 kB
DirectMap1G:     4194304 kB
---SNAPSHOT---
2026-04-27 15:16:11
MemTotal:        8129240 kB
MemFree:         4171220 kB
MemAvailable:    4378368 kB
Buffers:            6208 kB
Cached:           315216 kB
SwapCached:       121112 kB
Active:          2763260 kB
Inactive:         585196 kB
Active(anon):    2653824 kB
Inactive(anon):   427632 kB
Active(file):     109436 kB
Inactive(file):   157564 kB
Unevictable:          16 kB
Mlocked:              16 kB
SwapTotal:       4194300 kB
SwapFree:        3935680 kB
Zswap:                 0 kB
Zswapped:              0 kB
Dirty:               196 kB
Writeback:             0 kB
AnonPages:       2909400 kB
Mapped:           268620 kB
Shmem:             54452 kB
KReclaimable:      57044 kB
Slab:             284228 kB
SReclaimable:      57044 kB
SUnreclaim:       227184 kB
KernelStack:       18288 kB
PageTables:        49772 kB
SecPageTables:         0 kB
NFS_Unstable:          0 kB
Bounce:                0 kB
WritebackTmp:          0 kB
CommitLimit:     8258920 kB
Committed_AS:   11409560 kB
VmallocTotal:   34359738367 kB
VmallocUsed:       46504 kB
VmallocChunk:          0 kB
Percpu:            13280 kB
HardwareCorrupted:     0 kB
AnonHugePages:    212992 kB
ShmemHugePages:        0 kB
ShmemPmdMapped:        0 kB
FileHugePages:         0 kB
FilePmdMapped:         0 kB
CmaTotal:              0 kB
CmaFree:               0 kB
Unaccepted:            0 kB
Balloon:               0 kB
HugePages_Total:       0
HugePages_Free:        0
HugePages_Rsvd:        0
HugePages_Surp:        0
Hugepagesize:       2048 kB
Hugetlb:               0 kB
DirectMap4k:      194432 kB
DirectMap2M:     6096896 kB
DirectMap1G:     4194304 kB
---SNAPSHOT---
2026-04-27 15:16:12
MemTotal:        8129240 kB
MemFree:         3664116 kB
MemAvailable:    3871272 kB
Buffers:            6216 kB
Cached:           315224 kB
SwapCached:       121112 kB
Active:          3335756 kB
Inactive:         585204 kB
Active(anon):    3226320 kB
Inactive(anon):   427632 kB
Active(file):     109436 kB
Inactive(file):   157572 kB
Unevictable:          16 kB
Mlocked:              16 kB
SwapTotal:       4194300 kB
SwapFree:        3935680 kB
Zswap:                 0 kB
Zswapped:              0 kB
Dirty:               204 kB
Writeback:             0 kB
AnonPages:       3481652 kB
Mapped:           268620 kB
Shmem:             54452 kB
KReclaimable:      57044 kB
Slab:             284228 kB
SReclaimable:      57044 kB
SUnreclaim:       227184 kB
KernelStack:       18304 kB
PageTables:        50600 kB
SecPageTables:         0 kB
NFS_Unstable:          0 kB
Bounce:                0 kB
WritebackTmp:          0 kB
CommitLimit:     8258920 kB
Committed_AS:   11409340 kB
VmallocTotal:   34359738367 kB
VmallocUsed:       46552 kB
VmallocChunk:          0 kB
Percpu:            13280 kB
HardwareCorrupted:     0 kB
AnonHugePages:    212992 kB
ShmemHugePages:        0 kB
ShmemPmdMapped:        0 kB
FileHugePages:         0 kB
FilePmdMapped:         0 kB
CmaTotal:              0 kB
CmaFree:               0 kB
Unaccepted:            0 kB
Balloon:               0 kB
HugePages_Total:       0
HugePages_Free:        0
HugePages_Rsvd:        0
HugePages_Surp:        0
Hugepagesize:       2048 kB
Hugetlb:               0 kB
DirectMap4k:      194432 kB
DirectMap2M:     6096896 kB
DirectMap1G:     4194304 kB
---SNAPSHOT---
2026-04-27 15:16:13
MemTotal:        8129240 kB
MemFree:         3770428 kB
MemAvailable:    3977600 kB
Buffers:            6216 kB
Cached:           315228 kB
SwapCached:       121112 kB
Active:          3234048 kB
Inactive:         585220 kB
Active(anon):    3124612 kB
Inactive(anon):   427632 kB
Active(file):     109436 kB
Inactive(file):   157588 kB
Unevictable:          16 kB
Mlocked:              16 kB
SwapTotal:       4194300 kB
SwapFree:        3935680 kB
Zswap:                 0 kB
Zswapped:              0 kB
Dirty:               208 kB
Writeback:             0 kB
AnonPages:       3350208 kB
Mapped:           268620 kB
Shmem:             54452 kB
KReclaimable:      57044 kB
Slab:             284228 kB
SReclaimable:      57044 kB
SUnreclaim:       227184 kB
KernelStack:       18288 kB
PageTables:        50132 kB
SecPageTables:         0 kB
NFS_Unstable:          0 kB
Bounce:                0 kB
WritebackTmp:          0 kB
CommitLimit:     8258920 kB
Committed_AS:   11409668 kB
VmallocTotal:   34359738367 kB
VmallocUsed:       46520 kB
VmallocChunk:          0 kB
Percpu:            13280 kB
HardwareCorrupted:     0 kB
AnonHugePages:    212992 kB
ShmemHugePages:        0 kB
ShmemPmdMapped:        0 kB
FileHugePages:         0 kB
FilePmdMapped:         0 kB
CmaTotal:              0 kB
CmaFree:               0 kB
Unaccepted:            0 kB
Balloon:               0 kB
HugePages_Total:       0
HugePages_Free:        0
HugePages_Rsvd:        0
HugePages_Surp:        0
Hugepagesize:       2048 kB
Hugetlb:               0 kB
DirectMap4k:      194432 kB
DirectMap2M:     6096896 kB
DirectMap1G:     4194304 kB
---SNAPSHOT---
2026-04-27 15:16:14
MemTotal:        8129240 kB
MemFree:         3756936 kB
MemAvailable:    3964112 kB
Buffers:            6216 kB
Cached:           315232 kB
SwapCached:       121112 kB
Active:          3242892 kB
Inactive:         585224 kB
Active(anon):    3133456 kB
Inactive(anon):   427632 kB
Active(file):     109436 kB
Inactive(file):   157592 kB
Unevictable:          16 kB
Mlocked:              16 kB
SwapTotal:       4194300 kB
SwapFree:        3935680 kB
Zswap:                 0 kB
Zswapped:              0 kB
Dirty:               212 kB
Writeback:             0 kB
AnonPages:       3388816 kB
Mapped:           268620 kB
Shmem:             54452 kB
KReclaimable:      57044 kB
Slab:             284228 kB
SReclaimable:      57044 kB
SUnreclaim:       227184 kB
KernelStack:       18288 kB
PageTables:        50068 kB
SecPageTables:         0 kB
NFS_Unstable:          0 kB
Bounce:                0 kB
WritebackTmp:          0 kB
CommitLimit:     8258920 kB
Committed_AS:   11409668 kB
VmallocTotal:   34359738367 kB
VmallocUsed:       46520 kB
VmallocChunk:          0 kB
Percpu:            13280 kB
HardwareCorrupted:     0 kB
AnonHugePages:    212992 kB
ShmemHugePages:        0 kB
ShmemPmdMapped:        0 kB
FileHugePages:         0 kB
FilePmdMapped:         0 kB
CmaTotal:              0 kB
CmaFree:               0 kB
Unaccepted:            0 kB
Balloon:               0 kB
HugePages_Total:       0
HugePages_Free:        0
HugePages_Rsvd:        0
HugePages_Surp:        0
Hugepagesize:       2048 kB
Hugetlb:               0 kB
DirectMap4k:      194432 kB
DirectMap2M:     6096896 kB
DirectMap1G:     4194304 kB
---SNAPSHOT---
2026-04-27 15:16:15
MemTotal:        8129240 kB
MemFree:         4169740 kB
MemAvailable:    4376916 kB
Buffers:            6216 kB
Cached:           315240 kB
SwapCached:       121112 kB
Active:          2802804 kB
Inactive:         585224 kB
Active(anon):    2693368 kB
Inactive(anon):   427632 kB
Active(file):     109436 kB
Inactive(file):   157592 kB
Unevictable:          16 kB
Mlocked:              16 kB
SwapTotal:       4194300 kB
SwapFree:        3935680 kB
Zswap:                 0 kB
Zswapped:              0 kB
Dirty:               220 kB
Writeback:             0 kB
AnonPages:       2948676 kB
Mapped:           268620 kB
Shmem:             54452 kB
KReclaimable:      57044 kB
Slab:             284228 kB
SReclaimable:      57044 kB
SUnreclaim:       227184 kB
KernelStack:       18348 kB
PageTables:        48840 kB
SecPageTables:         0 kB
NFS_Unstable:          0 kB
Bounce:                0 kB
WritebackTmp:          0 kB
CommitLimit:     8258920 kB
Committed_AS:   11409176 kB
VmallocTotal:   34359738367 kB
VmallocUsed:       46536 kB
VmallocChunk:          0 kB
Percpu:            13280 kB
HardwareCorrupted:     0 kB
AnonHugePages:    212992 kB
ShmemHugePages:        0 kB
ShmemPmdMapped:        0 kB
FileHugePages:         0 kB
FilePmdMapped:         0 kB
CmaTotal:              0 kB
CmaFree:               0 kB
Unaccepted:            0 kB
Balloon:               0 kB
HugePages_Total:       0
HugePages_Free:        0
HugePages_Rsvd:        0
HugePages_Surp:        0
Hugepagesize:       2048 kB
Hugetlb:               0 kB
DirectMap4k:      194432 kB
DirectMap2M:     6096896 kB
DirectMap1G:     4194304 kB
---SNAPSHOT---
2026-04-27 15:16:16
MemTotal:        8129240 kB
MemFree:         4065656 kB
MemAvailable:    4272844 kB
Buffers:            6216 kB
Cached:           315244 kB
SwapCached:       479516 kB
Active:          2541944 kB
Inactive:         922028 kB
Active(anon):    2432508 kB
Inactive(anon):   764424 kB
Active(file):     109436 kB
Inactive(file):   157604 kB
Unevictable:          16 kB
Mlocked:              16 kB
SwapTotal:       4194300 kB
SwapFree:        3577276 kB
Zswap:                 0 kB
Zswapped:              0 kB
Dirty:               224 kB
Writeback:         21732 kB
AnonPages:       2668420 kB
Mapped:           268620 kB
Shmem:             54452 kB
KReclaimable:      57044 kB
Slab:             285692 kB
SReclaimable:      57044 kB
SUnreclaim:       228648 kB
KernelStack:       18348 kB
PageTables:        49148 kB
SecPageTables:         0 kB
NFS_Unstable:          0 kB
Bounce:                0 kB
WritebackTmp:          0 kB
CommitLimit:     8258920 kB
Committed_AS:   11409332 kB
VmallocTotal:   34359738367 kB
VmallocUsed:       46568 kB
VmallocChunk:          0 kB
Percpu:            13280 kB
HardwareCorrupted:     0 kB
AnonHugePages:    212992 kB
ShmemHugePages:        0 kB
ShmemPmdMapped:        0 kB
FileHugePages:         0 kB
FilePmdMapped:         0 kB
CmaTotal:              0 kB
CmaFree:               0 kB
Unaccepted:            0 kB
Balloon:               0 kB
HugePages_Total:       0
HugePages_Free:        0
HugePages_Rsvd:        0
HugePages_Surp:        0
Hugepagesize:       2048 kB
Hugetlb:               0 kB
DirectMap4k:      194432 kB
DirectMap2M:     6096896 kB
DirectMap1G:     4194304 kB
---SNAPSHOT---
2026-04-27 15:16:18
MemTotal:        8129240 kB
MemFree:         4069624 kB
MemAvailable:    4276828 kB
Buffers:            6224 kB
Cached:           315256 kB
SwapCached:       494876 kB
Active:          2560040 kB
Inactive:         943580 kB
Active(anon):    2450604 kB
Inactive(anon):   785960 kB
Active(file):     109436 kB
Inactive(file):   157620 kB
Unevictable:          16 kB
Mlocked:              16 kB
SwapTotal:       4194300 kB
SwapFree:        3561916 kB
Zswap:                 0 kB
Zswapped:              0 kB
Dirty:               188 kB
Writeback:         15408 kB
AnonPages:       2692780 kB
Mapped:           268492 kB
Shmem:             54452 kB
KReclaimable:      57044 kB
Slab:             285180 kB
SReclaimable:      57044 kB
SUnreclaim:       228136 kB
KernelStack:       18288 kB
PageTables:        48992 kB
SecPageTables:         0 kB
NFS_Unstable:          0 kB
Bounce:                0 kB
WritebackTmp:          0 kB
CommitLimit:     8258920 kB
