---SNAPSHOT---
2026-04-27 14:54:59
MemTotal:        8129240 kB
MemFree:         5220940 kB
MemAvailable:    5414032 kB
Buffers:            5108 kB
Cached:           287292 kB
SwapCached:        80928 kB
Active:          1606128 kB
Inactive:         551504 kB
Active(anon):    1506552 kB
Inactive(anon):   396092 kB
Active(file):      99576 kB
Inactive(file):   155412 kB
Unevictable:           0 kB
Mlocked:               0 kB
SwapTotal:       4194300 kB
SwapFree:        3975856 kB
Zswap:                 0 kB
Zswapped:              0 kB
Dirty:               444 kB
Writeback:             0 kB
AnonPages:       1787676 kB
Mapped:           246292 kB
Shmem:             37300 kB
KReclaimable:      55000 kB
Slab:             282420 kB
SReclaimable:      55000 kB
SUnreclaim:       227420 kB
KernelStack:       18376 kB
PageTables:        47692 kB
SecPageTables:         0 kB
NFS_Unstable:          0 kB
Bounce:                0 kB
WritebackTmp:          0 kB
CommitLimit:     8258920 kB
Committed_AS:    9009488 kB
VmallocTotal:   34359738367 kB
VmallocUsed:       46680 kB
VmallocChunk:          0 kB
Percpu:            13280 kB
HardwareCorrupted:     0 kB
AnonHugePages:    262144 kB
ShmemHugePages:        0 kB
ShmemPmdMapped:        0 kB
FileHugePages:         0 kB
FilePmdMapped:         0 kB
CmaTotal:              0 kB
CmaFree:               0 kB
Unaccepted:            0 kB
Balloon:               0 kB
HugePages_Total:       0
HugePages_Free:        0
HugePages_Rsvd:        0
HugePages_Surp:        0
Hugepagesize:       2048 kB
Hugetlb:               0 kB
DirectMap4k:      194432 kB
DirectMap2M:     6096896 kB
DirectMap1G:     4194304 kB
---SNAPSHOT---
2026-04-27 14:55:00
MemTotal:        8129240 kB
MemFree:         5232076 kB
MemAvailable:    5426044 kB
Buffers:            5248 kB
Cached:           287888 kB
SwapCached:        80928 kB
Active:          1607028 kB
Inactive:         552004 kB
Active(anon):    1507076 kB
Inactive(anon):   396092 kB
Active(file):      99952 kB
Inactive(file):   155912 kB
Unevictable:           0 kB
Mlocked:               0 kB
SwapTotal:       4194300 kB
SwapFree:        3975856 kB
Zswap:                 0 kB
Zswapped:              0 kB
Dirty:               476 kB
Writeback:             0 kB
AnonPages:       1788268 kB
Mapped:           246656 kB
Shmem:             37300 kB
KReclaimable:      55000 kB
Slab:             282388 kB
SReclaimable:      55000 kB
SUnreclaim:       227388 kB
KernelStack:       18448 kB
PageTables:        47800 kB
SecPageTables:         0 kB
NFS_Unstable:          0 kB
Bounce:                0 kB
WritebackTmp:          0 kB
CommitLimit:     8258920 kB
Committed_AS:    9009404 kB
VmallocTotal:   34359738367 kB
VmallocUsed:       46680 kB
VmallocChunk:          0 kB
Percpu:            13280 kB
HardwareCorrupted:     0 kB
AnonHugePages:    262144 kB
ShmemHugePages:        0 kB
ShmemPmdMapped:        0 kB
FileHugePages:         0 kB
FilePmdMapped:         0 kB
CmaTotal:              0 kB
CmaFree:               0 kB
Unaccepted:            0 kB
Balloon:               0 kB
HugePages_Total:       0
HugePages_Free:        0
HugePages_Rsvd:        0
HugePages_Surp:        0
Hugepagesize:       2048 kB
Hugetlb:               0 kB
DirectMap4k:      194432 kB
DirectMap2M:     6096896 kB
DirectMap1G:     4194304 kB
---SNAPSHOT---
2026-04-27 14:55:01
MemTotal:        8129240 kB
MemFree:         5243100 kB
MemAvailable:    5438172 kB
Buffers:            5604 kB
Cached:           288080 kB
SwapCached:        80928 kB
Active:          1607744 kB
Inactive:         552348 kB
Active(anon):    1507656 kB
Inactive(anon):   396092 kB
Active(file):     100088 kB
Inactive(file):   156256 kB
Unevictable:           0 kB
Mlocked:               0 kB
SwapTotal:       4194300 kB
SwapFree:        3975856 kB
Zswap:                 0 kB
Zswapped:              0 kB
Dirty:               532 kB
Writeback:             0 kB
AnonPages:       1788728 kB
Mapped:           246548 kB
Shmem:             37300 kB
KReclaimable:      55624 kB
Slab:             283012 kB
SReclaimable:      55624 kB
SUnreclaim:       227388 kB
KernelStack:       18496 kB
PageTables:        47764 kB
SecPageTables:         0 kB
NFS_Unstable:          0 kB
Bounce:                0 kB
WritebackTmp:          0 kB
CommitLimit:     8258920 kB
Committed_AS:    9011392 kB
VmallocTotal:   34359738367 kB
VmallocUsed:       46744 kB
VmallocChunk:          0 kB
Percpu:            13280 kB
HardwareCorrupted:     0 kB
AnonHugePages:    262144 kB
ShmemHugePages:        0 kB
ShmemPmdMapped:        0 kB
FileHugePages:         0 kB
FilePmdMapped:         0 kB
CmaTotal:              0 kB
CmaFree:               0 kB
Unaccepted:            0 kB
Balloon:               0 kB
HugePages_Total:       0
HugePages_Free:        0
HugePages_Rsvd:        0
HugePages_Surp:        0
Hugepagesize:       2048 kB
Hugetlb:               0 kB
DirectMap4k:      194432 kB
DirectMap2M:     6096896 kB
DirectMap1G:     4194304 kB
---SNAPSHOT---
2026-04-27 14:55:02
MemTotal:        8129240 kB
MemFree:         5263780 kB
MemAvailable:    5458956 kB
Buffers:            5608 kB
Cached:           288104 kB
SwapCached:        80928 kB
Active:          1607400 kB
Inactive:         552416 kB
Active(anon):    1507276 kB
Inactive(anon):   396092 kB
Active(file):     100124 kB
Inactive(file):   156324 kB
Unevictable:           0 kB
Mlocked:               0 kB
SwapTotal:       4194300 kB
SwapFree:        3975856 kB
Zswap:                 0 kB
Zswapped:              0 kB
Dirty:               688 kB
Writeback:             0 kB
AnonPages:       1788176 kB
Mapped:           246548 kB
Shmem:             37300 kB
KReclaimable:      55624 kB
Slab:             283012 kB
SReclaimable:      55624 kB
SUnreclaim:       227388 kB
KernelStack:       18432 kB
PageTables:        47464 kB
SecPageTables:         0 kB
NFS_Unstable:          0 kB
Bounce:                0 kB
WritebackTmp:          0 kB
CommitLimit:     8258920 kB
Committed_AS:    9009852 kB
VmallocTotal:   34359738367 kB
VmallocUsed:       46728 kB
VmallocChunk:          0 kB
Percpu:            13280 kB
HardwareCorrupted:     0 kB
AnonHugePages:    262144 kB
ShmemHugePages:        0 kB
ShmemPmdMapped:        0 kB
FileHugePages:         0 kB
FilePmdMapped:         0 kB
CmaTotal:              0 kB
CmaFree:               0 kB
Unaccepted:            0 kB
Balloon:               0 kB
HugePages_Total:       0
HugePages_Free:        0
HugePages_Rsvd:        0
HugePages_Surp:        0
Hugepagesize:       2048 kB
Hugetlb:               0 kB
DirectMap4k:      194432 kB
DirectMap2M:     6096896 kB
DirectMap1G:     4194304 kB
---SNAPSHOT---
2026-04-27 14:55:03
MemTotal:        8129240 kB
MemFree:         4513244 kB
MemAvailable:    4719700 kB
Buffers:            6012 kB
Cached:           316140 kB
SwapCached:        80928 kB
Active:          2385340 kB
Inactive:         553028 kB
Active(anon):    2274548 kB
Inactive(anon):   396092 kB
Active(file):     110792 kB
Inactive(file):   156936 kB
Unevictable:          16 kB
Mlocked:              16 kB
SwapTotal:       4194300 kB
SwapFree:        3975856 kB
Zswap:                 0 kB
Zswapped:              0 kB
Dirty:               776 kB
Writeback:             0 kB
AnonPages:       2538768 kB
Mapped:           267372 kB
Shmem:             54448 kB
KReclaimable:      55624 kB
Slab:             283040 kB
SReclaimable:      55624 kB
SUnreclaim:       227416 kB
KernelStack:       18608 kB
PageTables:        50008 kB
SecPageTables:         0 kB
NFS_Unstable:          0 kB
Bounce:                0 kB
WritebackTmp:          0 kB
CommitLimit:     8258920 kB
Committed_AS:   11667012 kB
VmallocTotal:   34359738367 kB
VmallocUsed:       46824 kB
VmallocChunk:          0 kB
Percpu:            13280 kB
HardwareCorrupted:     0 kB
AnonHugePages:    262144 kB
ShmemHugePages:        0 kB
ShmemPmdMapped:        0 kB
FileHugePages:         0 kB
FilePmdMapped:         0 kB
CmaTotal:              0 kB
CmaFree:               0 kB
Unaccepted:            0 kB
Balloon:               0 kB
HugePages_Total:       0
HugePages_Free:        0
HugePages_Rsvd:        0
HugePages_Surp:        0
Hugepagesize:       2048 kB
Hugetlb:               0 kB
DirectMap4k:      194432 kB
DirectMap2M:     6096896 kB
DirectMap1G:     4194304 kB
---SNAPSHOT---
2026-04-27 14:55:04
MemTotal:        8129240 kB
MemFree:         3771540 kB
MemAvailable:    3978000 kB
Buffers:            6012 kB
Cached:           316148 kB
SwapCached:        80928 kB
Active:          3122716 kB
Inactive:         553032 kB
Active(anon):    3011924 kB
Inactive(anon):   396092 kB
Active(file):     110792 kB
Inactive(file):   156940 kB
Unevictable:          16 kB
Mlocked:              16 kB
SwapTotal:       4194300 kB
SwapFree:        3975856 kB
Zswap:                 0 kB
Zswapped:              0 kB
Dirty:               784 kB
Writeback:             0 kB
AnonPages:       3276212 kB
Mapped:           267144 kB
Shmem:             54448 kB
KReclaimable:      55624 kB
Slab:             283040 kB
SReclaimable:      55624 kB
SUnreclaim:       227416 kB
KernelStack:       18668 kB
PageTables:        51372 kB
SecPageTables:         0 kB
NFS_Unstable:          0 kB
Bounce:                0 kB
WritebackTmp:          0 kB
CommitLimit:     8258920 kB
Committed_AS:   11666904 kB
VmallocTotal:   34359738367 kB
VmallocUsed:       46856 kB
VmallocChunk:          0 kB
Percpu:            13280 kB
HardwareCorrupted:     0 kB
AnonHugePages:    262144 kB
ShmemHugePages:        0 kB
ShmemPmdMapped:        0 kB
FileHugePages:         0 kB
FilePmdMapped:         0 kB
CmaTotal:              0 kB
CmaFree:               0 kB
Unaccepted:            0 kB
Balloon:               0 kB
HugePages_Total:       0
HugePages_Free:        0
HugePages_Rsvd:        0
HugePages_Surp:        0
Hugepagesize:       2048 kB
Hugetlb:               0 kB
DirectMap4k:      194432 kB
DirectMap2M:     6096896 kB
DirectMap1G:     4194304 kB
---SNAPSHOT---
2026-04-27 14:55:05
MemTotal:        8129240 kB
MemFree:         2956172 kB
MemAvailable:    3164124 kB
Buffers:            6044 kB
Cached:           316156 kB
SwapCached:        80928 kB
Active:          3945240 kB
Inactive:         553068 kB
Active(anon):    3834448 kB
Inactive(anon):   396092 kB
Active(file):     110792 kB
Inactive(file):   156976 kB
Unevictable:          16 kB
Mlocked:              16 kB
SwapTotal:       4194300 kB
SwapFree:        3975856 kB
Zswap:                 0 kB
Zswapped:              0 kB
Dirty:               160 kB
Writeback:             0 kB
AnonPages:       4098524 kB
Mapped:           267144 kB
Shmem:             54448 kB
KReclaimable:      57080 kB
Slab:             284496 kB
SReclaimable:      57080 kB
SUnreclaim:       227416 kB
KernelStack:       18668 kB
PageTables:        53236 kB
SecPageTables:         0 kB
NFS_Unstable:          0 kB
Bounce:                0 kB
WritebackTmp:          0 kB
CommitLimit:     8258920 kB
Committed_AS:   11666904 kB
VmallocTotal:   34359738367 kB
VmallocUsed:       46856 kB
VmallocChunk:          0 kB
Percpu:            13280 kB
HardwareCorrupted:     0 kB
AnonHugePages:    262144 kB
ShmemHugePages:        0 kB
ShmemPmdMapped:        0 kB
FileHugePages:         0 kB
FilePmdMapped:         0 kB
CmaTotal:              0 kB
CmaFree:               0 kB
Unaccepted:            0 kB
Balloon:               0 kB
HugePages_Total:       0
HugePages_Free:        0
HugePages_Rsvd:        0
HugePages_Surp:        0
Hugepagesize:       2048 kB
Hugetlb:               0 kB
DirectMap4k:      194432 kB
DirectMap2M:     6096896 kB
DirectMap1G:     4194304 kB
---SNAPSHOT---
2026-04-27 14:55:06
MemTotal:        8129240 kB
MemFree:         4610100 kB
MemAvailable:    4818096 kB
Buffers:            6044 kB
Cached:           316160 kB
SwapCached:        80928 kB
Active:          2166428 kB
Inactive:         553080 kB
Active(anon):    2055636 kB
Inactive(anon):   396092 kB
Active(file):     110792 kB
Inactive(file):   156988 kB
Unevictable:          16 kB
Mlocked:              16 kB
SwapTotal:       4194300 kB
SwapFree:        3975856 kB
Zswap:                 0 kB
Zswapped:              0 kB
Dirty:               164 kB
Writeback:             0 kB
AnonPages:       2319744 kB
Mapped:           267144 kB
Shmem:             54448 kB
KReclaimable:      57112 kB
Slab:             284576 kB
SReclaimable:      57112 kB
SUnreclaim:       227464 kB
KernelStack:       18672 kB
PageTables:        49744 kB
SecPageTables:         0 kB
NFS_Unstable:          0 kB
Bounce:                0 kB
WritebackTmp:          0 kB
CommitLimit:     8258920 kB
Committed_AS:   11667948 kB
VmallocTotal:   34359738367 kB
VmallocUsed:       46904 kB
VmallocChunk:          0 kB
Percpu:            13280 kB
HardwareCorrupted:     0 kB
AnonHugePages:    262144 kB
ShmemHugePages:        0 kB
ShmemPmdMapped:        0 kB
FileHugePages:         0 kB
FilePmdMapped:         0 kB
CmaTotal:              0 kB
CmaFree:               0 kB
Unaccepted:            0 kB
Balloon:               0 kB
HugePages_Total:       0
HugePages_Free:        0
HugePages_Rsvd:        0
HugePages_Surp:        0
Hugepagesize:       2048 kB
Hugetlb:               0 kB
DirectMap4k:      194432 kB
DirectMap2M:     6096896 kB
DirectMap1G:     4194304 kB
---SNAPSHOT---
2026-04-27 14:55:07
MemTotal:        8129240 kB
MemFree:         3770232 kB
MemAvailable:    3978236 kB
Buffers:            6044 kB
Cached:           316168 kB
SwapCached:        80928 kB
Active:          3023928 kB
Inactive:         553088 kB
Active(anon):    2913136 kB
Inactive(anon):   396092 kB
Active(file):     110792 kB
Inactive(file):   156996 kB
Unevictable:          16 kB
Mlocked:              16 kB
SwapTotal:       4194300 kB
SwapFree:        3975856 kB
Zswap:                 0 kB
Zswapped:              0 kB
Dirty:               172 kB
Writeback:             0 kB
AnonPages:       3177164 kB
Mapped:           267144 kB
Shmem:             54448 kB
KReclaimable:      57112 kB
Slab:             284572 kB
SReclaimable:      57112 kB
SUnreclaim:       227460 kB
KernelStack:       18624 kB
PageTables:        50960 kB
SecPageTables:         0 kB
NFS_Unstable:          0 kB
Bounce:                0 kB
WritebackTmp:          0 kB
CommitLimit:     8258920 kB
Committed_AS:   11666632 kB
VmallocTotal:   34359738367 kB
VmallocUsed:       46840 kB
VmallocChunk:          0 kB
Percpu:            13280 kB
HardwareCorrupted:     0 kB
AnonHugePages:    262144 kB
ShmemHugePages:        0 kB
ShmemPmdMapped:        0 kB
FileHugePages:         0 kB
FilePmdMapped:         0 kB
CmaTotal:              0 kB
CmaFree:               0 kB
Unaccepted:            0 kB
Balloon:               0 kB
HugePages_Total:       0
HugePages_Free:        0
HugePages_Rsvd:        0
HugePages_Surp:        0
Hugepagesize:       2048 kB
Hugetlb:               0 kB
DirectMap4k:      194432 kB
DirectMap2M:     6096896 kB
DirectMap1G:     4194304 kB
---SNAPSHOT---
2026-04-27 14:55:08
MemTotal:        8129240 kB
MemFree:         2971304 kB
MemAvailable:    3179312 kB
Buffers:            6044 kB
Cached:           316172 kB
SwapCached:        80928 kB
Active:          3924696 kB
Inactive:         553092 kB
Active(anon):    3813904 kB
Inactive(anon):   396092 kB
Active(file):     110792 kB
Inactive(file):   157000 kB
Unevictable:          16 kB
Mlocked:              16 kB
SwapTotal:       4194300 kB
SwapFree:        3975856 kB
Zswap:                 0 kB
Zswapped:              0 kB
Dirty:               176 kB
Writeback:             0 kB
AnonPages:       4078188 kB
Mapped:           267372 kB
Shmem:             54448 kB
KReclaimable:      57112 kB
Slab:             284560 kB
SReclaimable:      57112 kB
SUnreclaim:       227448 kB
KernelStack:       18560 kB
PageTables:        52864 kB
SecPageTables:         0 kB
NFS_Unstable:          0 kB
Bounce:                0 kB
WritebackTmp:          0 kB
CommitLimit:     8258920 kB
Committed_AS:   11666772 kB
VmallocTotal:   34359738367 kB
VmallocUsed:       46824 kB
VmallocChunk:          0 kB
Percpu:            13280 kB
HardwareCorrupted:     0 kB
AnonHugePages:    262144 kB
ShmemHugePages:        0 kB
ShmemPmdMapped:        0 kB
FileHugePages:         0 kB
FilePmdMapped:         0 kB
CmaTotal:              0 kB
CmaFree:               0 kB
Unaccepted:            0 kB
Balloon:               0 kB
HugePages_Total:       0
HugePages_Free:        0
HugePages_Rsvd:        0
HugePages_Surp:        0
Hugepagesize:       2048 kB
Hugetlb:               0 kB
DirectMap4k:      194432 kB
DirectMap2M:     6096896 kB
DirectMap1G:     4194304 kB
---SNAPSHOT---
2026-04-27 14:55:09
MemTotal:        8129240 kB
MemFree:         4557332 kB
MemAvailable:    4765348 kB
Buffers:            6044 kB
Cached:           316180 kB
SwapCached:        80928 kB
Active:          2205336 kB
Inactive:         553100 kB
Active(anon):    2094544 kB
Inactive(anon):   396092 kB
Active(file):     110792 kB
Inactive(file):   157008 kB
Unevictable:          16 kB
Mlocked:              16 kB
SwapTotal:       4194300 kB
SwapFree:        3975856 kB
Zswap:                 0 kB
Zswapped:              0 kB
Dirty:               184 kB
Writeback:             0 kB
AnonPages:       2358776 kB
Mapped:           267144 kB
Shmem:             54448 kB
KReclaimable:      57112 kB
Slab:             284560 kB
SReclaimable:      57112 kB
SUnreclaim:       227448 kB
KernelStack:       18592 kB
PageTables:        49660 kB
SecPageTables:         0 kB
NFS_Unstable:          0 kB
Bounce:                0 kB
WritebackTmp:          0 kB
CommitLimit:     8258920 kB
Committed_AS:   11667012 kB
VmallocTotal:   34359738367 kB
VmallocUsed:       46792 kB
VmallocChunk:          0 kB
Percpu:            13280 kB
HardwareCorrupted:     0 kB
AnonHugePages:    262144 kB
ShmemHugePages:        0 kB
ShmemPmdMapped:        0 kB
FileHugePages:         0 kB
FilePmdMapped:         0 kB
CmaTotal:              0 kB
CmaFree:               0 kB
Unaccepted:            0 kB
Balloon:               0 kB
HugePages_Total:       0
HugePages_Free:        0
HugePages_Rsvd:        0
HugePages_Surp:        0
Hugepagesize:       2048 kB
Hugetlb:               0 kB
DirectMap4k:      194432 kB
DirectMap2M:     6096896 kB
DirectMap1G:     4194304 kB
---SNAPSHOT---
2026-04-27 14:55:10
MemTotal:        8129240 kB
MemFree:         3666140 kB
MemAvailable:    3874160 kB
Buffers:            6052 kB
Cached:           316176 kB
SwapCached:        80928 kB
Active:          3115948 kB
Inactive:         553104 kB
Active(anon):    3005156 kB
Inactive(anon):   396092 kB
Active(file):     110792 kB
Inactive(file):   157012 kB
Unevictable:          16 kB
Mlocked:              16 kB
SwapTotal:       4194300 kB
SwapFree:        3975856 kB
Zswap:                 0 kB
Zswapped:              0 kB
Dirty:               188 kB
Writeback:             0 kB
AnonPages:       3268988 kB
Mapped:           267144 kB
Shmem:             54448 kB
KReclaimable:      57112 kB
Slab:             284540 kB
SReclaimable:      57112 kB
SUnreclaim:       227428 kB
KernelStack:       18592 kB
PageTables:        51248 kB
SecPageTables:         0 kB
NFS_Unstable:          0 kB
Bounce:                0 kB
WritebackTmp:          0 kB
CommitLimit:     8258920 kB
Committed_AS:   11666576 kB
VmallocTotal:   34359738367 kB
VmallocUsed:       46824 kB
VmallocChunk:          0 kB
Percpu:            13280 kB
HardwareCorrupted:     0 kB
AnonHugePages:    262144 kB
ShmemHugePages:        0 kB
ShmemPmdMapped:        0 kB
FileHugePages:         0 kB
FilePmdMapped:         0 kB
CmaTotal:              0 kB
CmaFree:               0 kB
Unaccepted:            0 kB
Balloon:               0 kB
HugePages_Total:       0
HugePages_Free:        0
HugePages_Rsvd:        0
HugePages_Surp:        0
Hugepagesize:       2048 kB
Hugetlb:               0 kB
DirectMap4k:      194432 kB
DirectMap2M:     6096896 kB
DirectMap1G:     4194304 kB
---SNAPSHOT---
2026-04-27 14:55:11
MemTotal:        8129240 kB
MemFree:         2863244 kB
MemAvailable:    3071276 kB
Buffers:            6052 kB
Cached:           316188 kB
SwapCached:        80928 kB
Active:          4034784 kB
Inactive:         553116 kB
Active(anon):    3923992 kB
Inactive(anon):   396092 kB
Active(file):     110792 kB
Inactive(file):   157024 kB
Unevictable:          16 kB
Mlocked:              16 kB
SwapTotal:       4194300 kB
SwapFree:        3975856 kB
Zswap:                 0 kB
Zswapped:              0 kB
Dirty:               192 kB
Writeback:             0 kB
AnonPages:       4187620 kB
Mapped:           267372 kB
Shmem:             54448 kB
KReclaimable:      57112 kB
Slab:             284540 kB
SReclaimable:      57112 kB
SUnreclaim:       227428 kB
KernelStack:       18652 kB
PageTables:        53088 kB
SecPageTables:         0 kB
NFS_Unstable:          0 kB
Bounce:                0 kB
WritebackTmp:          0 kB
CommitLimit:     8258920 kB
Committed_AS:   11667016 kB
VmallocTotal:   34359738367 kB
VmallocUsed:       46824 kB
VmallocChunk:          0 kB
Percpu:            13280 kB
HardwareCorrupted:     0 kB
AnonHugePages:    262144 kB
ShmemHugePages:        0 kB
ShmemPmdMapped:        0 kB
FileHugePages:         0 kB
FilePmdMapped:         0 kB
CmaTotal:              0 kB
CmaFree:               0 kB
Unaccepted:            0 kB
Balloon:               0 kB
HugePages_Total:       0
HugePages_Free:        0
HugePages_Rsvd:        0
HugePages_Surp:        0
Hugepagesize:       2048 kB
Hugetlb:               0 kB
DirectMap4k:      194432 kB
DirectMap2M:     6096896 kB
DirectMap1G:     4194304 kB
---SNAPSHOT---
2026-04-27 14:55:12
MemTotal:        8129240 kB
MemFree:         4003404 kB
MemAvailable:    4211444 kB
Buffers:            6052 kB
Cached:           316196 kB
SwapCached:       666012 kB
Active:          2194096 kB
Inactive:        1136964 kB
Active(anon):    2083304 kB
Inactive(anon):   979932 kB
Active(file):     110792 kB
Inactive(file):   157032 kB
Unevictable:          16 kB
Mlocked:              16 kB
SwapTotal:       4194300 kB
SwapFree:        3390580 kB
Zswap:                 0 kB
Zswapped:              0 kB
Dirty:               200 kB
Writeback:          1404 kB
AnonPages:       2347940 kB
Mapped:           267144 kB
Shmem:             54448 kB
KReclaimable:      57112 kB
Slab:             284628 kB
SReclaimable:      57112 kB
SUnreclaim:       227516 kB
KernelStack:       18652 kB
PageTables:        50588 kB
SecPageTables:         0 kB
NFS_Unstable:          0 kB
Bounce:                0 kB
WritebackTmp:          0 kB
CommitLimit:     8258920 kB
Committed_AS:   11667016 kB
VmallocTotal:   34359738367 kB
VmallocUsed:       46840 kB
VmallocChunk:          0 kB
Percpu:            13280 kB
HardwareCorrupted:     0 kB
AnonHugePages:    262144 kB
ShmemHugePages:        0 kB
ShmemPmdMapped:        0 kB
FileHugePages:         0 kB
FilePmdMapped:         0 kB
CmaTotal:              0 kB
CmaFree:               0 kB
Unaccepted:            0 kB
Balloon:               0 kB
HugePages_Total:       0
HugePages_Free:        0
HugePages_Rsvd:        0
HugePages_Surp:        0
Hugepagesize:       2048 kB
Hugetlb:               0 kB
DirectMap4k:      194432 kB
DirectMap2M:     6096896 kB
DirectMap1G:     4194304 kB
---SNAPSHOT---
2026-04-27 14:55:13
MemTotal:        8129240 kB
MemFree:         3796336 kB
MemAvailable:    4004380 kB
Buffers:            6052 kB
Cached:           316200 kB
SwapCached:        80928 kB
Active:          2967180 kB
Inactive:         553128 kB
Active(anon):    2856388 kB
Inactive(anon):   396092 kB
Active(file):     110792 kB
Inactive(file):   157036 kB
Unevictable:          16 kB
Mlocked:              16 kB
SwapTotal:       4194300 kB
SwapFree:        3975856 kB
Zswap:                 0 kB
Zswapped:              0 kB
Dirty:               204 kB
Writeback:             0 kB
AnonPages:       3120024 kB
Mapped:           267144 kB
Shmem:             54448 kB
KReclaimable:      57112 kB
Slab:             284524 kB
SReclaimable:      57112 kB
SUnreclaim:       227412 kB
KernelStack:       18592 kB
PageTables:        50968 kB
SecPageTables:         0 kB
NFS_Unstable:          0 kB
Bounce:                0 kB
WritebackTmp:          0 kB
CommitLimit:     8258920 kB
Committed_AS:   11666520 kB
VmallocTotal:   34359738367 kB
VmallocUsed:       46840 kB
VmallocChunk:          0 kB
Percpu:            13280 kB
HardwareCorrupted:     0 kB
AnonHugePages:    262144 kB
ShmemHugePages:        0 kB
ShmemPmdMapped:        0 kB
FileHugePages:         0 kB
FilePmdMapped:         0 kB
CmaTotal:              0 kB
CmaFree:               0 kB
Unaccepted:            0 kB
Balloon:               0 kB
HugePages_Total:       0
HugePages_Free:        0
HugePages_Rsvd:        0
HugePages_Surp:        0
Hugepagesize:       2048 kB
Hugetlb:               0 kB
DirectMap4k:      194432 kB
DirectMap2M:     6096896 kB
DirectMap1G:     4194304 kB
---SNAPSHOT---
2026-04-27 14:55:14
MemTotal:        8129240 kB
MemFree:         3033116 kB
MemAvailable:    3241168 kB
Buffers:            6052 kB
Cached:           316208 kB
SwapCached:        80928 kB
Active:          3760940 kB
Inactive:         553136 kB
Active(anon):    3650148 kB
Inactive(anon):   396092 kB
Active(file):     110792 kB
Inactive(file):   157044 kB
Unevictable:          16 kB
Mlocked:              16 kB
SwapTotal:       4194300 kB
SwapFree:        3975856 kB
Zswap:                 0 kB
Zswapped:              0 kB
Dirty:               212 kB
Writeback:             0 kB
AnonPages:       3914424 kB
Mapped:           267144 kB
Shmem:             54448 kB
KReclaimable:      57112 kB
Slab:             284524 kB
SReclaimable:      57112 kB
SUnreclaim:       227412 kB
KernelStack:       18668 kB
PageTables:        52800 kB
SecPageTables:         0 kB
NFS_Unstable:          0 kB
Bounce:                0 kB
WritebackTmp:          0 kB
CommitLimit:     8258920 kB
Committed_AS:   11666676 kB
VmallocTotal:   34359738367 kB
VmallocUsed:       46872 kB
VmallocChunk:          0 kB
Percpu:            13280 kB
HardwareCorrupted:     0 kB
AnonHugePages:    262144 kB
ShmemHugePages:        0 kB
ShmemPmdMapped:        0 kB
FileHugePages:         0 kB
FilePmdMapped:         0 kB
CmaTotal:              0 kB
CmaFree:               0 kB
Unaccepted:            0 kB
Balloon:               0 kB
HugePages_Total:       0
HugePages_Free:        0
HugePages_Rsvd:        0
HugePages_Surp:        0
Hugepagesize:       2048 kB
Hugetlb:               0 kB
DirectMap4k:      194432 kB
DirectMap2M:     6096896 kB
DirectMap1G:     4194304 kB
---SNAPSHOT---
2026-04-27 14:55:15
MemTotal:        8129240 kB
MemFree:         4102992 kB
MemAvailable:    4311048 kB
Buffers:            6060 kB
Cached:           316204 kB
SwapCached:        80928 kB
Active:          2699936 kB
Inactive:         553140 kB
Active(anon):    2589144 kB
Inactive(anon):   396092 kB
Active(file):     110792 kB
Inactive(file):   157048 kB
Unevictable:          16 kB
Mlocked:              16 kB
SwapTotal:       4194300 kB
SwapFree:        3975856 kB
Zswap:                 0 kB
Zswapped:              0 kB
Dirty:               216 kB
Writeback:             0 kB
AnonPages:       2853196 kB
Mapped:           267144 kB
Shmem:             54448 kB
KReclaimable:      57112 kB
Slab:             284544 kB
SReclaimable:      57112 kB
SUnreclaim:       227432 kB
KernelStack:       18592 kB
PageTables:        50420 kB
SecPageTables:         0 kB
NFS_Unstable:          0 kB
Bounce:                0 kB
WritebackTmp:          0 kB
CommitLimit:     8258920 kB
Committed_AS:   11666812 kB
VmallocTotal:   34359738367 kB
VmallocUsed:       46824 kB
VmallocChunk:          0 kB
Percpu:            13280 kB
HardwareCorrupted:     0 kB
AnonHugePages:    262144 kB
ShmemHugePages:        0 kB
ShmemPmdMapped:        0 kB
FileHugePages:         0 kB
FilePmdMapped:         0 kB
CmaTotal:              0 kB
CmaFree:               0 kB
Unaccepted:            0 kB
Balloon:               0 kB
HugePages_Total:       0
HugePages_Free:        0
HugePages_Rsvd:        0
HugePages_Surp:        0
Hugepagesize:       2048 kB
Hugetlb:               0 kB
DirectMap4k:      194432 kB
DirectMap2M:     6096896 kB
DirectMap1G:     4194304 kB
---SNAPSHOT---
2026-04-27 14:55:16
MemTotal:        8129240 kB
MemFree:         3866220 kB
MemAvailable:    4074288 kB
Buffers:            6060 kB
Cached:           316216 kB
SwapCached:        80928 kB
Active:          2952652 kB
Inactive:         553152 kB
Active(anon):    2841860 kB
Inactive(anon):   396092 kB
Active(file):     110792 kB
Inactive(file):   157060 kB
Unevictable:          16 kB
Mlocked:              16 kB
SwapTotal:       4194300 kB
SwapFree:        3975856 kB
Zswap:                 0 kB
Zswapped:              0 kB
Dirty:               220 kB
Writeback:             0 kB
AnonPages:       3105856 kB
Mapped:           267144 kB
Shmem:             54448 kB
KReclaimable:      57112 kB
Slab:             284504 kB
SReclaimable:      57112 kB
SUnreclaim:       227392 kB
KernelStack:       18560 kB
PageTables:        50616 kB
SecPageTables:         0 kB
NFS_Unstable:          0 kB
Bounce:                0 kB
WritebackTmp:          0 kB
CommitLimit:     8258920 kB
Committed_AS:   11666656 kB
VmallocTotal:   34359738367 kB
VmallocUsed:       46840 kB
VmallocChunk:          0 kB
Percpu:            13280 kB
HardwareCorrupted:     0 kB
AnonHugePages:    262144 kB
ShmemHugePages:        0 kB
ShmemPmdMapped:        0 kB
FileHugePages:         0 kB
FilePmdMapped:         0 kB
CmaTotal:              0 kB
CmaFree:               0 kB
Unaccepted:            0 kB
Balloon:               0 kB
HugePages_Total:       0
HugePages_Free:        0
HugePages_Rsvd:        0
HugePages_Surp:        0
Hugepagesize:       2048 kB
Hugetlb:               0 kB
DirectMap4k:      194432 kB
DirectMap2M:     6096896 kB
DirectMap1G:     4194304 kB
---SNAPSHOT---
2026-04-27 14:55:17
MemTotal:        8129240 kB
MemFree:         3562892 kB
MemAvailable:    3770968 kB
Buffers:            6060 kB
Cached:           316224 kB
SwapCached:        80928 kB
Active:          3215836 kB
Inactive:         553160 kB
Active(anon):    3105044 kB
Inactive(anon):   396092 kB
Active(file):     110792 kB
Inactive(file):   157068 kB
Unevictable:          16 kB
Mlocked:              16 kB
SwapTotal:       4194300 kB
SwapFree:        3975856 kB
Zswap:                 0 kB
Zswapped:              0 kB
Dirty:               228 kB
Writeback:             0 kB
AnonPages:       3369152 kB
Mapped:           267144 kB
Shmem:             54448 kB
KReclaimable:      57112 kB
Slab:             284504 kB
SReclaimable:      57112 kB
SUnreclaim:       227392 kB
KernelStack:       18576 kB
PageTables:        52768 kB
SecPageTables:         0 kB
NFS_Unstable:          0 kB
Bounce:                0 kB
WritebackTmp:          0 kB
CommitLimit:     8258920 kB
Committed_AS:   11666544 kB
VmallocTotal:   34359738367 kB
VmallocUsed:       46824 kB
VmallocChunk:          0 kB
Percpu:            13280 kB
HardwareCorrupted:     0 kB
AnonHugePages:    262144 kB
ShmemHugePages:        0 kB
ShmemPmdMapped:        0 kB
FileHugePages:         0 kB
FilePmdMapped:         0 kB
CmaTotal:              0 kB
CmaFree:               0 kB
Unaccepted:            0 kB
Balloon:               0 kB
HugePages_Total:       0
HugePages_Free:        0
HugePages_Rsvd:        0
HugePages_Surp:        0
Hugepagesize:       2048 kB
Hugetlb:               0 kB
DirectMap4k:      194432 kB
DirectMap2M:     6096896 kB
DirectMap1G:     4194304 kB
---SNAPSHOT---
2026-04-27 14:55:18
MemTotal:        8129240 kB
MemFree:         4029932 kB
MemAvailable:    4238012 kB
Buffers:            6060 kB
Cached:           316228 kB
SwapCached:        80928 kB
Active:          2834184 kB
Inactive:         553164 kB
Active(anon):    2723392 kB
Inactive(anon):   396092 kB
Active(file):     110792 kB
Inactive(file):   157072 kB
Unevictable:          16 kB
Mlocked:              16 kB
SwapTotal:       4194300 kB
SwapFree:        3975856 kB
Zswap:                 0 kB
Zswapped:              0 kB
Dirty:               232 kB
Writeback:             0 kB
AnonPages:       2987000 kB
Mapped:           267144 kB
Shmem:             54448 kB
KReclaimable:      57112 kB
Slab:             284500 kB
SReclaimable:      57112 kB
SUnreclaim:       227388 kB
KernelStack:       18576 kB
PageTables:        50300 kB
SecPageTables:         0 kB
NFS_Unstable:          0 kB
Bounce:                0 kB
WritebackTmp:          0 kB
CommitLimit:     8258920 kB
Committed_AS:   11666776 kB
VmallocTotal:   34359738367 kB
VmallocUsed:       46808 kB
VmallocChunk:          0 kB
Percpu:            13280 kB
HardwareCorrupted:     0 kB
AnonHugePages:    262144 kB
ShmemHugePages:        0 kB
ShmemPmdMapped:        0 kB
FileHugePages:         0 kB
FilePmdMapped:         0 kB
CmaTotal:              0 kB
CmaFree:               0 kB
Unaccepted:            0 kB
Balloon:               0 kB
HugePages_Total:       0
HugePages_Free:        0
HugePages_Rsvd:        0
HugePages_Surp:        0
Hugepagesize:       2048 kB
Hugetlb:               0 kB
DirectMap4k:      194432 kB
DirectMap2M:     6096896 kB
DirectMap1G:     4194304 kB
---SNAPSHOT---
2026-04-27 14:55:19
MemTotal:        8129240 kB
MemFree:         3786344 kB
MemAvailable:    3994476 kB
Buffers:            6192 kB
Cached:           316236 kB
SwapCached:        80928 kB
Active:          3086956 kB
Inactive:         553216 kB
Active(anon):    2976164 kB
Inactive(anon):   396092 kB
Active(file):     110792 kB
Inactive(file):   157124 kB
Unevictable:          16 kB
Mlocked:              16 kB
SwapTotal:       4194300 kB
SwapFree:        3975856 kB
Zswap:                 0 kB
Zswapped:              0 kB
Dirty:               240 kB
Writeback:             0 kB
AnonPages:       3240144 kB
Mapped:           267144 kB
Shmem:             54448 kB
KReclaimable:      57112 kB
Slab:             284508 kB
SReclaimable:      57112 kB
SUnreclaim:       227396 kB
KernelStack:       18576 kB
PageTables:        51060 kB
SecPageTables:         0 kB
NFS_Unstable:          0 kB
Bounce:                0 kB
WritebackTmp:          0 kB
CommitLimit:     8258920 kB
Committed_AS:   11666460 kB
VmallocTotal:   34359738367 kB
VmallocUsed:       46840 kB
VmallocChunk:          0 kB
Percpu:            13280 kB
HardwareCorrupted:     0 kB
AnonHugePages:    262144 kB
ShmemHugePages:        0 kB
ShmemPmdMapped:        0 kB
FileHugePages:         0 kB
FilePmdMapped:         0 kB
CmaTotal:              0 kB
CmaFree:               0 kB
Unaccepted:            0 kB
Balloon:               0 kB
HugePages_Total:       0
HugePages_Free:        0
HugePages_Rsvd:        0
HugePages_Surp:        0
Hugepagesize:       2048 kB
Hugetlb:               0 kB
DirectMap4k:      194432 kB
DirectMap2M:     6096896 kB
DirectMap1G:     4194304 kB
---SNAPSHOT---
2026-04-27 14:55:20
MemTotal:        8129240 kB
MemFree:         4089684 kB
MemAvailable:    4297912 kB
Buffers:            6200 kB
Cached:           316244 kB
SwapCached:        80928 kB
Active:          2704976 kB
Inactive:         553312 kB
Active(anon):    2594184 kB
Inactive(anon):   396092 kB
Active(file):     110792 kB
Inactive(file):   157220 kB
Unevictable:          16 kB
Mlocked:              16 kB
SwapTotal:       4194300 kB
SwapFree:        3975856 kB
Zswap:                 0 kB
Zswapped:              0 kB
Dirty:               252 kB
Writeback:             0 kB
AnonPages:       2858384 kB
Mapped:           267144 kB
Shmem:             54448 kB
KReclaimable:      57112 kB
Slab:             284516 kB
SReclaimable:      57112 kB
SUnreclaim:       227404 kB
KernelStack:       18592 kB
PageTables:        50300 kB
SecPageTables:         0 kB
NFS_Unstable:          0 kB
Bounce:                0 kB
WritebackTmp:          0 kB
CommitLimit:     8258920 kB
Committed_AS:   11666392 kB
VmallocTotal:   34359738367 kB
VmallocUsed:       46808 kB
VmallocChunk:          0 kB
Percpu:            13280 kB
HardwareCorrupted:     0 kB
AnonHugePages:    262144 kB
ShmemHugePages:        0 kB
ShmemPmdMapped:        0 kB
FileHugePages:         0 kB
FilePmdMapped:         0 kB
CmaTotal:              0 kB
CmaFree:               0 kB
Unaccepted:            0 kB
Balloon:               0 kB
HugePages_Total:       0
HugePages_Free:        0
HugePages_Rsvd:        0
HugePages_Surp:        0
Hugepagesize:       2048 kB
Hugetlb:               0 kB
DirectMap4k:      194432 kB
DirectMap2M:     6096896 kB
DirectMap1G:     4194304 kB
---SNAPSHOT---
2026-04-27 14:55:21
MemTotal:        8129240 kB
MemFree:         4513840 kB
MemAvailable:    4722200 kB
Buffers:            6328 kB
Cached:           316252 kB
SwapCached:        80928 kB
Active:          2321056 kB
Inactive:         553444 kB
Active(anon):    2210264 kB
Inactive(anon):   396092 kB
Active(file):     110792 kB
Inactive(file):   157352 kB
Unevictable:          16 kB
Mlocked:              16 kB
SwapTotal:       4194300 kB
SwapFree:        3975856 kB
Zswap:                 0 kB
Zswapped:              0 kB
Dirty:               260 kB
Writeback:             0 kB
AnonPages:       2474404 kB
Mapped:           267144 kB
Shmem:             54448 kB
KReclaimable:      57112 kB
Slab:             284516 kB
SReclaimable:      57112 kB
SUnreclaim:       227404 kB
KernelStack:       18576 kB
PageTables:        49376 kB
SecPageTables:         0 kB
NFS_Unstable:          0 kB
Bounce:                0 kB
WritebackTmp:          0 kB
CommitLimit:     8258920 kB
Committed_AS:   11666364 kB
VmallocTotal:   34359738367 kB
VmallocUsed:       46808 kB
VmallocChunk:          0 kB
Percpu:            13280 kB
HardwareCorrupted:     0 kB
AnonHugePages:    262144 kB
ShmemHugePages:        0 kB
ShmemPmdMapped:        0 kB
FileHugePages:         0 kB
FilePmdMapped:         0 kB
CmaTotal:              0 kB
CmaFree:               0 kB
Unaccepted:            0 kB
Balloon:               0 kB
HugePages_Total:       0
HugePages_Free:        0
HugePages_Rsvd:        0
HugePages_Surp:        0
Hugepagesize:       2048 kB
Hugetlb:               0 kB
DirectMap4k:      194432 kB
DirectMap2M:     6096896 kB
DirectMap1G:     4194304 kB
---SNAPSHOT---
2026-04-27 14:55:22
MemTotal:        8129240 kB
MemFree:         3647368 kB
MemAvailable:    3855748 kB
Buffers:            6328 kB
Cached:           316260 kB
SwapCached:        80928 kB
Active:          3254120 kB
Inactive:         553464 kB
Active(anon):    3143328 kB
Inactive(anon):   396092 kB
Active(file):     110792 kB
Inactive(file):   157372 kB
Unevictable:          16 kB
Mlocked:              16 kB
SwapTotal:       4194300 kB
SwapFree:        3975856 kB
Zswap:                 0 kB
Zswapped:              0 kB
Dirty:               268 kB
Writeback:             0 kB
AnonPages:       3406860 kB
Mapped:           267372 kB
Shmem:             54448 kB
KReclaimable:      57112 kB
Slab:             284516 kB
SReclaimable:      57112 kB
SUnreclaim:       227404 kB
KernelStack:       18592 kB
PageTables:        51060 kB
SecPageTables:         0 kB
NFS_Unstable:          0 kB
Bounce:                0 kB
WritebackTmp:          0 kB
CommitLimit:     8258920 kB
Committed_AS:   11667212 kB
VmallocTotal:   34359738367 kB
VmallocUsed:       46856 kB
VmallocChunk:          0 kB
Percpu:            13280 kB
HardwareCorrupted:     0 kB
AnonHugePages:    262144 kB
ShmemHugePages:        0 kB
ShmemPmdMapped:        0 kB
FileHugePages:         0 kB
FilePmdMapped:         0 kB
CmaTotal:              0 kB
CmaFree:               0 kB
Unaccepted:            0 kB
Balloon:               0 kB
HugePages_Total:       0
HugePages_Free:        0
HugePages_Rsvd:        0
HugePages_Surp:        0
Hugepagesize:       2048 kB
Hugetlb:               0 kB
DirectMap4k:      194432 kB
DirectMap2M:     6096896 kB
DirectMap1G:     4194304 kB
---SNAPSHOT---
2026-04-27 14:55:23
MemTotal:        8129240 kB
MemFree:         2907464 kB
MemAvailable:    3115848 kB
Buffers:            6328 kB
Cached:           316264 kB
SwapCached:       212028 kB
Active:          3898124 kB
Inactive:         683200 kB
Active(anon):    3787332 kB
Inactive(anon):   525824 kB
Active(file):     110792 kB
Inactive(file):   157376 kB
Unevictable:          16 kB
Mlocked:              16 kB
SwapTotal:       4194300 kB
SwapFree:        3844584 kB
Zswap:                 0 kB
Zswapped:              0 kB
Dirty:               272 kB
Writeback:          1140 kB
AnonPages:       4052088 kB
Mapped:           267372 kB
Shmem:             54448 kB
KReclaimable:      57112 kB
Slab:             284500 kB
SReclaimable:      57112 kB
SUnreclaim:       227388 kB
KernelStack:       18576 kB
PageTables:        52588 kB
SecPageTables:         0 kB
NFS_Unstable:          0 kB
Bounce:                0 kB
WritebackTmp:          0 kB
CommitLimit:     8258920 kB
Committed_AS:   11666872 kB
VmallocTotal:   34359738367 kB
VmallocUsed:       46824 kB
VmallocChunk:          0 kB
Percpu:            13280 kB
HardwareCorrupted:     0 kB
AnonHugePages:    262144 kB
ShmemHugePages:        0 kB
ShmemPmdMapped:        0 kB
FileHugePages:         0 kB
FilePmdMapped:         0 kB
CmaTotal:              0 kB
CmaFree:               0 kB
Unaccepted:            0 kB
Balloon:               0 kB
HugePages_Total:       0
HugePages_Free:        0
HugePages_Rsvd:        0
HugePages_Surp:        0
Hugepagesize:       2048 kB
Hugetlb:               0 kB
DirectMap4k:      194432 kB
DirectMap2M:     6096896 kB
DirectMap1G:     4194304 kB
---SNAPSHOT---
2026-04-27 14:55:24
MemTotal:        8129240 kB
MemFree:         3870992 kB
MemAvailable:    4079380 kB
Buffers:            6328 kB
Cached:           316272 kB
SwapCached:       127728 kB
Active:          2922808 kB
Inactive:         600080 kB
Active(anon):    2812016 kB
Inactive(anon):   442700 kB
Active(file):     110792 kB
Inactive(file):   157380 kB
Unevictable:          16 kB
Mlocked:              16 kB
SwapTotal:       4194300 kB
SwapFree:        3929264 kB
Zswap:                 0 kB
Zswapped:              0 kB
Dirty:               280 kB
Writeback:           116 kB
AnonPages:       3076096 kB
Mapped:           267144 kB
Shmem:             54448 kB
KReclaimable:      57112 kB
Slab:             284564 kB
SReclaimable:      57112 kB
SUnreclaim:       227452 kB
KernelStack:       18608 kB
PageTables:        54172 kB
SecPageTables:         0 kB
NFS_Unstable:          0 kB
Bounce:                0 kB
WritebackTmp:          0 kB
CommitLimit:     8258920 kB
Committed_AS:   11667304 kB
VmallocTotal:   34359738367 kB
VmallocUsed:       46808 kB
VmallocChunk:          0 kB
Percpu:            13280 kB
HardwareCorrupted:     0 kB
AnonHugePages:    262144 kB
ShmemHugePages:        0 kB
ShmemPmdMapped:        0 kB
FileHugePages:         0 kB
FilePmdMapped:         0 kB
CmaTotal:              0 kB
CmaFree:               0 kB
Unaccepted:            0 kB
Balloon:               0 kB
HugePages_Total:       0
HugePages_Free:        0
HugePages_Rsvd:        0
HugePages_Surp:        0
Hugepagesize:       2048 kB
Hugetlb:               0 kB
DirectMap4k:      194432 kB
DirectMap2M:     6096896 kB
DirectMap1G:     4194304 kB
---SNAPSHOT---
2026-04-27 14:55:25
MemTotal:        8129240 kB
MemFree:         3594752 kB
MemAvailable:    3803144 kB
Buffers:            6336 kB
Cached:           316272 kB
SwapCached:        80928 kB
Active:          3314492 kB
Inactive:         553476 kB
Active(anon):    3203700 kB
Inactive(anon):   396092 kB
Active(file):     110792 kB
Inactive(file):   157384 kB
Unevictable:          16 kB
Mlocked:              16 kB
SwapTotal:       4194300 kB
SwapFree:        3975856 kB
Zswap:                 0 kB
Zswapped:              0 kB
Dirty:               284 kB
Writeback:             0 kB
AnonPages:       3467112 kB
Mapped:           267144 kB
Shmem:             54448 kB
KReclaimable:      57112 kB
Slab:             284520 kB
SReclaimable:      57112 kB
SUnreclaim:       227408 kB
KernelStack:       18652 kB
PageTables:        53688 kB
SecPageTables:         0 kB
NFS_Unstable:          0 kB
Bounce:                0 kB
WritebackTmp:          0 kB
CommitLimit:     8258920 kB
Committed_AS:   11667456 kB
VmallocTotal:   34359738367 kB
VmallocUsed:       46824 kB
VmallocChunk:          0 kB
Percpu:            13280 kB
HardwareCorrupted:     0 kB
AnonHugePages:    262144 kB
ShmemHugePages:        0 kB
ShmemPmdMapped:        0 kB
FileHugePages:         0 kB
FilePmdMapped:         0 kB
CmaTotal:              0 kB
CmaFree:               0 kB
Unaccepted:            0 kB
Balloon:               0 kB
HugePages_Total:       0
HugePages_Free:        0
HugePages_Rsvd:        0
HugePages_Surp:        0
Hugepagesize:       2048 kB
Hugetlb:               0 kB
DirectMap4k:      194432 kB
DirectMap2M:     6096896 kB
DirectMap1G:     4194304 kB
---SNAPSHOT---
2026-04-27 14:55:26
MemTotal:        8129240 kB
MemFree:         4251864 kB
MemAvailable:    4460272 kB
Buffers:            6336 kB
Cached:           316280 kB
SwapCached:        80928 kB
Active:          2634088 kB
Inactive:         553492 kB
Active(anon):    2523296 kB
Inactive(anon):   396092 kB
Active(file):     110792 kB
Inactive(file):   157400 kB
Unevictable:          16 kB
Mlocked:              16 kB
SwapTotal:       4194300 kB
SwapFree:        3975856 kB
Zswap:                 0 kB
Zswapped:              0 kB
Dirty:               292 kB
Writeback:             0 kB
AnonPages:       2787380 kB
Mapped:           267144 kB
Shmem:             54448 kB
KReclaimable:      57112 kB
Slab:             284520 kB
SReclaimable:      57112 kB
SUnreclaim:       227408 kB
KernelStack:       18592 kB
PageTables:        51472 kB
SecPageTables:         0 kB
NFS_Unstable:          0 kB
Bounce:                0 kB
WritebackTmp:          0 kB
CommitLimit:     8258920 kB
Committed_AS:   11667320 kB
VmallocTotal:   34359738367 kB
VmallocUsed:       46808 kB
VmallocChunk:          0 kB
Percpu:            13280 kB
HardwareCorrupted:     0 kB
AnonHugePages:    262144 kB
ShmemHugePages:        0 kB
ShmemPmdMapped:        0 kB
FileHugePages:         0 kB
FilePmdMapped:         0 kB
CmaTotal:              0 kB
CmaFree:               0 kB
Unaccepted:            0 kB
Balloon:               0 kB
HugePages_Total:       0
HugePages_Free:        0
HugePages_Rsvd:        0
HugePages_Surp:        0
Hugepagesize:       2048 kB
Hugetlb:               0 kB
DirectMap4k:      194432 kB
DirectMap2M:     6096896 kB
DirectMap1G:     4194304 kB
---SNAPSHOT---
2026-04-27 14:55:27
MemTotal:        8129240 kB
MemFree:         3451724 kB
MemAvailable:    3660148 kB
Buffers:            6344 kB
Cached:           316288 kB
SwapCached:        80928 kB
Active:          3446144 kB
Inactive:         553508 kB
Active(anon):    3335352 kB
Inactive(anon):   396092 kB
Active(file):     110792 kB
Inactive(file):   157416 kB
Unevictable:          16 kB
Mlocked:              16 kB
SwapTotal:       4194300 kB
SwapFree:        3975856 kB
Zswap:                 0 kB
Zswapped:              0 kB
Dirty:               192 kB
Writeback:             0 kB
AnonPages:       3599780 kB
Mapped:           267144 kB
Shmem:             54448 kB
KReclaimable:      57112 kB
Slab:             284520 kB
SReclaimable:      57112 kB
SUnreclaim:       227408 kB
KernelStack:       18592 kB
PageTables:        51888 kB
SecPageTables:         0 kB
NFS_Unstable:          0 kB
Bounce:                0 kB
WritebackTmp:          0 kB
CommitLimit:     8258920 kB
Committed_AS:   11667320 kB
VmallocTotal:   34359738367 kB
VmallocUsed:       46792 kB
VmallocChunk:          0 kB
Percpu:            13280 kB
HardwareCorrupted:     0 kB
AnonHugePages:    262144 kB
ShmemHugePages:        0 kB
ShmemPmdMapped:        0 kB
FileHugePages:         0 kB
FilePmdMapped:         0 kB
CmaTotal:              0 kB
CmaFree:               0 kB
Unaccepted:            0 kB
Balloon:               0 kB
HugePages_Total:       0
HugePages_Free:        0
HugePages_Rsvd:        0
HugePages_Surp:        0
Hugepagesize:       2048 kB
Hugetlb:               0 kB
DirectMap4k:      194432 kB
DirectMap2M:     6096896 kB
DirectMap1G:     4194304 kB
---SNAPSHOT---
2026-04-27 14:55:28
MemTotal:        8129240 kB
MemFree:         3880444 kB
MemAvailable:    4088868 kB
Buffers:            6344 kB
Cached:           316292 kB
SwapCached:        80928 kB
Active:          3022184 kB
Inactive:         553508 kB
Active(anon):    2911392 kB
Inactive(anon):   396092 kB
Active(file):     110792 kB
Inactive(file):   157416 kB
Unevictable:          16 kB
Mlocked:              16 kB
SwapTotal:       4194300 kB
SwapFree:        3975856 kB
Zswap:                 0 kB
Zswapped:              0 kB
Dirty:               196 kB
Writeback:             0 kB
AnonPages:       3175556 kB
Mapped:           267144 kB
Shmem:             54448 kB
KReclaimable:      57112 kB
Slab:             284520 kB
SReclaimable:      57112 kB
SUnreclaim:       227408 kB
KernelStack:       18592 kB
PageTables:        50508 kB
SecPageTables:         0 kB
NFS_Unstable:          0 kB
Bounce:                0 kB
WritebackTmp:          0 kB
CommitLimit:     8258920 kB
Committed_AS:   11667076 kB
VmallocTotal:   34359738367 kB
VmallocUsed:       46792 kB
VmallocChunk:          0 kB
Percpu:            13280 kB
HardwareCorrupted:     0 kB
AnonHugePages:    262144 kB
ShmemHugePages:        0 kB
ShmemPmdMapped:        0 kB
FileHugePages:         0 kB
FilePmdMapped:         0 kB
CmaTotal:              0 kB
CmaFree:               0 kB
Unaccepted:            0 kB
Balloon:               0 kB
HugePages_Total:       0
HugePages_Free:        0
HugePages_Rsvd:        0
HugePages_Surp:        0
Hugepagesize:       2048 kB
Hugetlb:               0 kB
DirectMap4k:      194432 kB
DirectMap2M:     6096896 kB
DirectMap1G:     4194304 kB
---SNAPSHOT---
2026-04-27 14:55:29
MemTotal:        8129240 kB
MemFree:         3928996 kB
MemAvailable:    4137428 kB
Buffers:            6344 kB
Cached:           316300 kB
SwapCached:        80928 kB
Active:          2927664 kB
Inactive:         553516 kB
Active(anon):    2816872 kB
Inactive(anon):   396092 kB
Active(file):     110792 kB
Inactive(file):   157424 kB
Unevictable:          16 kB
Mlocked:              16 kB
SwapTotal:       4194300 kB
SwapFree:        3975856 kB
Zswap:                 0 kB
Zswapped:              0 kB
Dirty:               204 kB
Writeback:             0 kB
AnonPages:       3055268 kB
Mapped:           267144 kB
Shmem:             54448 kB
KReclaimable:      57112 kB
Slab:             284544 kB
SReclaimable:      57112 kB
SUnreclaim:       227432 kB
KernelStack:       18548 kB
PageTables:        51108 kB
SecPageTables:         0 kB
NFS_Unstable:          0 kB
Bounce:                0 kB
WritebackTmp:          0 kB
CommitLimit:     8258920 kB
Committed_AS:   11666708 kB
VmallocTotal:   34359738367 kB
VmallocUsed:       46808 kB
VmallocChunk:          0 kB
Percpu:            13280 kB
HardwareCorrupted:     0 kB
AnonHugePages:    262144 kB
ShmemHugePages:        0 kB
ShmemPmdMapped:        0 kB
FileHugePages:         0 kB
FilePmdMapped:         0 kB
CmaTotal:              0 kB
CmaFree:               0 kB
Unaccepted:            0 kB
Balloon:               0 kB
HugePages_Total:       0
HugePages_Free:        0
HugePages_Rsvd:        0
HugePages_Surp:        0
Hugepagesize:       2048 kB
Hugetlb:               0 kB
DirectMap4k:      194432 kB
DirectMap2M:     6096896 kB
DirectMap1G:     4194304 kB
---SNAPSHOT---
2026-04-27 14:55:30
MemTotal:        8129240 kB
MemFree:         3966608 kB
MemAvailable:    4175048 kB
Buffers:            6352 kB
Cached:           316296 kB
SwapCached:        80928 kB
Active:          2832920 kB
Inactive:         553524 kB
Active(anon):    2722128 kB
Inactive(anon):   396092 kB
Active(file):     110792 kB
Inactive(file):   157432 kB
Unevictable:          16 kB
Mlocked:              16 kB
SwapTotal:       4194300 kB
SwapFree:        3975856 kB
Zswap:                 0 kB
Zswapped:              0 kB
Dirty:               208 kB
Writeback:             0 kB
AnonPages:       2963080 kB
Mapped:           267372 kB
Shmem:             54448 kB
KReclaimable:      57112 kB
Slab:             284540 kB
SReclaimable:      57112 kB
SUnreclaim:       227428 kB
KernelStack:       18652 kB
PageTables:        51124 kB
SecPageTables:         0 kB
NFS_Unstable:          0 kB
Bounce:                0 kB
WritebackTmp:          0 kB
CommitLimit:     8258920 kB
Committed_AS:   11666936 kB
VmallocTotal:   34359738367 kB
VmallocUsed:       46840 kB
VmallocChunk:          0 kB
Percpu:            13280 kB
HardwareCorrupted:     0 kB
AnonHugePages:    262144 kB
ShmemHugePages:        0 kB
ShmemPmdMapped:        0 kB
FileHugePages:         0 kB
FilePmdMapped:         0 kB
CmaTotal:              0 kB
CmaFree:               0 kB
Unaccepted:            0 kB
Balloon:               0 kB
HugePages_Total:       0
HugePages_Free:        0
HugePages_Rsvd:        0
HugePages_Surp:        0
Hugepagesize:       2048 kB
Hugetlb:               0 kB
DirectMap4k:      194432 kB
DirectMap2M:     6096896 kB
DirectMap1G:     4194304 kB
---SNAPSHOT---
2026-04-27 14:55:31
MemTotal:        8129240 kB
MemFree:         3755832 kB
MemAvailable:    3964288 kB
Buffers:            6352 kB
Cached:           316312 kB
SwapCached:        80928 kB
Active:          3186400 kB
Inactive:         553540 kB
Active(anon):    3075608 kB
Inactive(anon):   396092 kB
Active(file):     110792 kB
Inactive(file):   157448 kB
Unevictable:          16 kB
Mlocked:              16 kB
SwapTotal:       4194300 kB
SwapFree:        3975856 kB
Zswap:                 0 kB
Zswapped:              0 kB
Dirty:               256 kB
Writeback:             0 kB
AnonPages:       3340136 kB
Mapped:           267144 kB
Shmem:             54448 kB
KReclaimable:      57112 kB
Slab:             284540 kB
SReclaimable:      57112 kB
SUnreclaim:       227428 kB
KernelStack:       18576 kB
PageTables:        50816 kB
SecPageTables:         0 kB
NFS_Unstable:          0 kB
Bounce:                0 kB
WritebackTmp:          0 kB
CommitLimit:     8258920 kB
Committed_AS:   11667288 kB
VmallocTotal:   34359738367 kB
VmallocUsed:       46792 kB
VmallocChunk:          0 kB
Percpu:            13280 kB
HardwareCorrupted:     0 kB
AnonHugePages:    262144 kB
ShmemHugePages:        0 kB
ShmemPmdMapped:        0 kB
FileHugePages:         0 kB
FilePmdMapped:         0 kB
CmaTotal:              0 kB
CmaFree:               0 kB
Unaccepted:            0 kB
Balloon:               0 kB
HugePages_Total:       0
HugePages_Free:        0
HugePages_Rsvd:        0
HugePages_Surp:        0
Hugepagesize:       2048 kB
Hugetlb:               0 kB
DirectMap4k:      194432 kB
DirectMap2M:     6096896 kB
DirectMap1G:     4194304 kB
---SNAPSHOT---
2026-04-27 14:55:32
MemTotal:        8129240 kB
MemFree:         4116436 kB
MemAvailable:    4324912 kB
Buffers:            6356 kB
Cached:           316328 kB
SwapCached:        80928 kB
Active:          2807892 kB
Inactive:         553560 kB
Active(anon):    2697100 kB
Inactive(anon):   396092 kB
Active(file):     110792 kB
Inactive(file):   157468 kB
Unevictable:          16 kB
Mlocked:              16 kB
SwapTotal:       4194300 kB
SwapFree:        3975856 kB
Zswap:                 0 kB
Zswapped:              0 kB
Dirty:                52 kB
Writeback:             0 kB
AnonPages:       2961208 kB
Mapped:           267144 kB
Shmem:             54448 kB
KReclaimable:      57112 kB
Slab:             284536 kB
SReclaimable:      57112 kB
SUnreclaim:       227424 kB
KernelStack:       18608 kB
PageTables:        50476 kB
SecPageTables:         0 kB
NFS_Unstable:          0 kB
Bounce:                0 kB
WritebackTmp:          0 kB
CommitLimit:     8258920 kB
Committed_AS:   11667284 kB
VmallocTotal:   34359738367 kB
VmallocUsed:       46808 kB
VmallocChunk:          0 kB
Percpu:            13280 kB
HardwareCorrupted:     0 kB
AnonHugePages:    262144 kB
ShmemHugePages:        0 kB
ShmemPmdMapped:        0 kB
FileHugePages:         0 kB
FilePmdMapped:         0 kB
CmaTotal:              0 kB
CmaFree:               0 kB
Unaccepted:            0 kB
Balloon:               0 kB
HugePages_Total:       0
HugePages_Free:        0
HugePages_Rsvd:        0
HugePages_Surp:        0
Hugepagesize:       2048 kB
Hugetlb:               0 kB
DirectMap4k:      194432 kB
DirectMap2M:     6096896 kB
DirectMap1G:     4194304 kB
---SNAPSHOT---
2026-04-27 14:55:34
MemTotal:        8129240 kB
MemFree:         4469880 kB
MemAvailable:    4678360 kB
Buffers:            6356 kB
Cached:           316332 kB
SwapCached:        80928 kB
Active:          2431068 kB
Inactive:         553564 kB
Active(anon):    2320276 kB
Inactive(anon):   396092 kB
Active(file):     110792 kB
Inactive(file):   157472 kB
Unevictable:          16 kB
Mlocked:              16 kB
SwapTotal:       4194300 kB
SwapFree:        3975856 kB
Zswap:                 0 kB
Zswapped:              0 kB
Dirty:                68 kB
Writeback:             0 kB
AnonPages:       2584448 kB
Mapped:           267144 kB
Shmem:             54448 kB
KReclaimable:      57112 kB
Slab:             284520 kB
SReclaimable:      57112 kB
SUnreclaim:       227408 kB
KernelStack:       18560 kB
PageTables:        49968 kB
SecPageTables:         0 kB
NFS_Unstable:          0 kB
Bounce:                0 kB
WritebackTmp:          0 kB
CommitLimit:     8258920 kB
Committed_AS:   11666936 kB
VmallocTotal:   34359738367 kB
VmallocUsed:       46776 kB
VmallocChunk:          0 kB
Percpu:            13280 kB
HardwareCorrupted:     0 kB
AnonHugePages:    262144 kB
ShmemHugePages:        0 kB
ShmemPmdMapped:        0 kB
FileHugePages:         0 kB
FilePmdMapped:         0 kB
CmaTotal:              0 kB
CmaFree:               0 kB
Unaccepted:            0 kB
Balloon:               0 kB
HugePages_Total:       0
HugePages_Free:        0
HugePages_Rsvd:        0
HugePages_Surp:        0
Hugepagesize:       2048 kB
Hugetlb:               0 kB
DirectMap4k:      194432 kB
DirectMap2M:     6096896 kB
DirectMap1G:     4194304 kB
---SNAPSHOT---
2026-04-27 14:55:35
MemTotal:        8129240 kB
MemFree:         3645236 kB
MemAvailable:    3853724 kB
Buffers:            6356 kB
Cached:           316340 kB
SwapCached:       197664 kB
Active:          3199408 kB
Inactive:         669168 kB
Active(anon):    3088616 kB
Inactive(anon):   511688 kB
Active(file):     110792 kB
Inactive(file):   157480 kB
Unevictable:          16 kB
Mlocked:              16 kB
SwapTotal:       4194300 kB
SwapFree:        3858956 kB
Zswap:                 0 kB
Zswapped:              0 kB
Dirty:                76 kB
Writeback:          1140 kB
AnonPages:       3353784 kB
Mapped:           267144 kB
Shmem:             54448 kB
KReclaimable:      57112 kB
Slab:             284516 kB
SReclaimable:      57112 kB
SUnreclaim:       227404 kB
KernelStack:       18592 kB
PageTables:        51080 kB
SecPageTables:         0 kB
NFS_Unstable:          0 kB
Bounce:                0 kB
WritebackTmp:          0 kB
CommitLimit:     8258920 kB
Committed_AS:   11667076 kB
VmallocTotal:   34359738367 kB
VmallocUsed:       46808 kB
VmallocChunk:          0 kB
Percpu:            13280 kB
HardwareCorrupted:     0 kB
AnonHugePages:    262144 kB
ShmemHugePages:        0 kB
ShmemPmdMapped:        0 kB
FileHugePages:         0 kB
FilePmdMapped:         0 kB
CmaTotal:              0 kB
CmaFree:               0 kB
Unaccepted:            0 kB
Balloon:               0 kB
HugePages_Total:       0
HugePages_Free:        0
HugePages_Rsvd:        0
HugePages_Surp:        0
Hugepagesize:       2048 kB
Hugetlb:               0 kB
DirectMap4k:      194432 kB
DirectMap2M:     6096896 kB
DirectMap1G:     4194304 kB
---SNAPSHOT---
2026-04-27 14:55:36
MemTotal:        8129240 kB
MemFree:         3554324 kB
MemAvailable:    3762816 kB
Buffers:            6364 kB
Cached:           316336 kB
SwapCached:       184744 kB
Active:          3267916 kB
Inactive:         657516 kB
Active(anon):    3157124 kB
Inactive(anon):   500032 kB
Active(file):     110792 kB
Inactive(file):   157484 kB
Unevictable:          16 kB
Mlocked:              16 kB
SwapTotal:       4194300 kB
SwapFree:        3872036 kB
Zswap:                 0 kB
Zswapped:              0 kB
Dirty:                80 kB
Writeback:             0 kB
AnonPages:       3420916 kB
Mapped:           267144 kB
Shmem:             54448 kB
KReclaimable:      57112 kB
Slab:             284504 kB
SReclaimable:      57112 kB
SUnreclaim:       227392 kB
KernelStack:       18652 kB
PageTables:        52476 kB
SecPageTables:         0 kB
NFS_Unstable:          0 kB
Bounce:                0 kB
WritebackTmp:          0 kB
CommitLimit:     8258920 kB
Committed_AS:   11667428 kB
VmallocTotal:   34359738367 kB
VmallocUsed:       46840 kB
VmallocChunk:          0 kB
Percpu:            13280 kB
HardwareCorrupted:     0 kB
AnonHugePages:    262144 kB
ShmemHugePages:        0 kB
ShmemPmdMapped:        0 kB
FileHugePages:         0 kB
FilePmdMapped:         0 kB
CmaTotal:              0 kB
CmaFree:               0 kB
Unaccepted:            0 kB
Balloon:               0 kB
HugePages_Total:       0
HugePages_Free:        0
HugePages_Rsvd:        0
HugePages_Surp:        0
Hugepagesize:       2048 kB
Hugetlb:               0 kB
DirectMap4k:      194432 kB
DirectMap2M:     6096896 kB
DirectMap1G:     4194304 kB
---SNAPSHOT---
2026-04-27 14:55:37
MemTotal:        8129240 kB
MemFree:         4330396 kB
MemAvailable:    4538896 kB
Buffers:            6364 kB
Cached:           316348 kB
SwapCached:        80928 kB
Active:          2646352 kB
Inactive:         553584 kB
Active(anon):    2535560 kB
Inactive(anon):   396092 kB
Active(file):     110792 kB
Inactive(file):   157492 kB
Unevictable:          16 kB
Mlocked:              16 kB
SwapTotal:       4194300 kB
SwapFree:        3975856 kB
Zswap:                 0 kB
Zswapped:              0 kB
Dirty:                92 kB
Writeback:             0 kB
AnonPages:       2799304 kB
Mapped:           267144 kB
Shmem:             54448 kB
KReclaimable:      57112 kB
Slab:             284500 kB
SReclaimable:      57112 kB
SUnreclaim:       227388 kB
KernelStack:       18636 kB
PageTables:        50264 kB
SecPageTables:         0 kB
NFS_Unstable:          0 kB
Bounce:                0 kB
WritebackTmp:          0 kB
CommitLimit:     8258920 kB
Committed_AS:   11666936 kB
VmallocTotal:   34359738367 kB
VmallocUsed:       46808 kB
VmallocChunk:          0 kB
Percpu:            13280 kB
HardwareCorrupted:     0 kB
AnonHugePages:    262144 kB
ShmemHugePages:        0 kB
ShmemPmdMapped:        0 kB
FileHugePages:         0 kB
FilePmdMapped:         0 kB
CmaTotal:              0 kB
CmaFree:               0 kB
Unaccepted:            0 kB
Balloon:               0 kB
HugePages_Total:       0
HugePages_Free:        0
HugePages_Rsvd:        0
HugePages_Surp:        0
Hugepagesize:       2048 kB
Hugetlb:               0 kB
DirectMap4k:      194432 kB
DirectMap2M:     6096896 kB
DirectMap1G:     4194304 kB
---SNAPSHOT---
2026-04-27 14:55:38
MemTotal:        8129240 kB
MemFree:         3642728 kB
MemAvailable:    3851236 kB
Buffers:            6364 kB
Cached:           316356 kB
SwapCached:        80928 kB
Active:          3337604 kB
Inactive:         553592 kB
Active(anon):    3226812 kB
Inactive(anon):   396092 kB
Active(file):     110792 kB
Inactive(file):   157500 kB
Unevictable:          16 kB
Mlocked:              16 kB
SwapTotal:       4194300 kB
SwapFree:        3975856 kB
Zswap:                 0 kB
Zswapped:              0 kB
Dirty:                96 kB
Writeback:             0 kB
AnonPages:       3490828 kB
Mapped:           267144 kB
Shmem:             54448 kB
KReclaimable:      57112 kB
Slab:             284500 kB
SReclaimable:      57112 kB
SUnreclaim:       227388 kB
KernelStack:       18652 kB
PageTables:        51412 kB
SecPageTables:         0 kB
NFS_Unstable:          0 kB
Bounce:                0 kB
WritebackTmp:          0 kB
CommitLimit:     8258920 kB
Committed_AS:   11667320 kB
VmallocTotal:   34359738367 kB
VmallocUsed:       46840 kB
VmallocChunk:          0 kB
Percpu:            13280 kB
HardwareCorrupted:     0 kB
AnonHugePages:    262144 kB
ShmemHugePages:        0 kB
ShmemPmdMapped:        0 kB
FileHugePages:         0 kB
FilePmdMapped:         0 kB
CmaTotal:              0 kB
CmaFree:               0 kB
Unaccepted:            0 kB
Balloon:               0 kB
HugePages_Total:       0
HugePages_Free:        0
HugePages_Rsvd:        0
HugePages_Surp:        0
Hugepagesize:       2048 kB
Hugetlb:               0 kB
DirectMap4k:      194432 kB
DirectMap2M:     6096896 kB
DirectMap1G:     4194304 kB
---SNAPSHOT---
2026-04-27 14:55:39
MemTotal:        8129240 kB
MemFree:         4066520 kB
MemAvailable:    4275036 kB
Buffers:            6364 kB
Cached:           316360 kB
SwapCached:        80928 kB
Active:          2867268 kB
Inactive:         553600 kB
Active(anon):    2756476 kB
Inactive(anon):   396092 kB
Active(file):     110792 kB
Inactive(file):   157508 kB
Unevictable:          16 kB
Mlocked:              16 kB
SwapTotal:       4194300 kB
SwapFree:        3975856 kB
Zswap:                 0 kB
Zswapped:              0 kB
Dirty:               100 kB
Writeback:             0 kB
AnonPages:       3020832 kB
Mapped:           267144 kB
Shmem:             54448 kB
KReclaimable:      57112 kB
Slab:             284496 kB
SReclaimable:      57112 kB
SUnreclaim:       227384 kB
KernelStack:       18592 kB
PageTables:        50884 kB
SecPageTables:         0 kB
NFS_Unstable:          0 kB
Bounce:                0 kB
WritebackTmp:          0 kB
CommitLimit:     8258920 kB
Committed_AS:   11666936 kB
VmallocTotal:   34359738367 kB
VmallocUsed:       46808 kB
VmallocChunk:          0 kB
Percpu:            13280 kB
HardwareCorrupted:     0 kB
AnonHugePages:    262144 kB
ShmemHugePages:        0 kB
ShmemPmdMapped:        0 kB
FileHugePages:         0 kB
FilePmdMapped:         0 kB
CmaTotal:              0 kB
CmaFree:               0 kB
Unaccepted:            0 kB
Balloon:               0 kB
HugePages_Total:       0
HugePages_Free:        0
HugePages_Rsvd:        0
HugePages_Surp:        0
Hugepagesize:       2048 kB
Hugetlb:               0 kB
DirectMap4k:      194432 kB
DirectMap2M:     6096896 kB
DirectMap1G:     4194304 kB
---SNAPSHOT---
2026-04-27 14:55:40
MemTotal:        8129240 kB
MemFree:         4538544 kB
MemAvailable:    4747068 kB
Buffers:            6364 kB
Cached:           316368 kB
SwapCached:        80928 kB
Active:          2445596 kB
Inactive:         553608 kB
Active(anon):    2334804 kB
Inactive(anon):   396092 kB
Active(file):     110792 kB
Inactive(file):   157516 kB
Unevictable:          16 kB
Mlocked:              16 kB
SwapTotal:       4194300 kB
SwapFree:        3975856 kB
Zswap:                 0 kB
Zswapped:              0 kB
Dirty:               108 kB
Writeback:             0 kB
AnonPages:       2598548 kB
Mapped:           267144 kB
Shmem:             54448 kB
KReclaimable:      57112 kB
Slab:             284496 kB
SReclaimable:      57112 kB
SUnreclaim:       227384 kB
KernelStack:       18592 kB
PageTables:        50948 kB
SecPageTables:         0 kB
NFS_Unstable:          0 kB
Bounce:                0 kB
WritebackTmp:          0 kB
CommitLimit:     8258920 kB
Committed_AS:   11667380 kB
VmallocTotal:   34359738367 kB
VmallocUsed:       46840 kB
VmallocChunk:          0 kB
Percpu:            13280 kB
HardwareCorrupted:     0 kB
AnonHugePages:    262144 kB
ShmemHugePages:        0 kB
ShmemPmdMapped:        0 kB
FileHugePages:         0 kB
FilePmdMapped:         0 kB
CmaTotal:              0 kB
CmaFree:               0 kB
Unaccepted:            0 kB
Balloon:               0 kB
HugePages_Total:       0
HugePages_Free:        0
HugePages_Rsvd:        0
HugePages_Surp:        0
Hugepagesize:       2048 kB
Hugetlb:               0 kB
DirectMap4k:      194432 kB
DirectMap2M:     6096896 kB
DirectMap1G:     4194304 kB
---SNAPSHOT---
2026-04-27 14:55:41
MemTotal:        8129240 kB
MemFree:         3687340 kB
MemAvailable:    3895880 kB
Buffers:            6380 kB
Cached:           316372 kB
SwapCached:        80928 kB
Active:          3304924 kB
Inactive:         553624 kB
Active(anon):    3194132 kB
Inactive(anon):   396092 kB
Active(file):     110792 kB
Inactive(file):   157532 kB
Unevictable:          16 kB
Mlocked:              16 kB
SwapTotal:       4194300 kB
SwapFree:        3975856 kB
Zswap:                 0 kB
Zswapped:              0 kB
Dirty:               116 kB
Writeback:             0 kB
AnonPages:       3458108 kB
Mapped:           267144 kB
Shmem:             54448 kB
KReclaimable:      57112 kB
Slab:             284484 kB
SReclaimable:      57112 kB
SUnreclaim:       227372 kB
KernelStack:       18608 kB
PageTables:        51888 kB
SecPageTables:         0 kB
NFS_Unstable:          0 kB
Bounce:                0 kB
WritebackTmp:          0 kB
CommitLimit:     8258920 kB
Committed_AS:   11667048 kB
VmallocTotal:   34359738367 kB
VmallocUsed:       46808 kB
VmallocChunk:          0 kB
Percpu:            13280 kB
HardwareCorrupted:     0 kB
AnonHugePages:    262144 kB
ShmemHugePages:        0 kB
ShmemPmdMapped:        0 kB
FileHugePages:         0 kB
FilePmdMapped:         0 kB
CmaTotal:              0 kB
CmaFree:               0 kB
Unaccepted:            0 kB
Balloon:               0 kB
HugePages_Total:       0
HugePages_Free:        0
HugePages_Rsvd:        0
HugePages_Surp:        0
Hugepagesize:       2048 kB
Hugetlb:               0 kB
DirectMap4k:      194432 kB
DirectMap2M:     6096896 kB
DirectMap1G:     4194304 kB
---SNAPSHOT---
2026-04-27 14:55:42
MemTotal:        8129240 kB
MemFree:         4063444 kB
MemAvailable:    4276804 kB
Buffers:            7200 kB
Cached:           320480 kB
SwapCached:        80928 kB
Active:          2904304 kB
Inactive:         554544 kB
Active(anon):    2789612 kB
Inactive(anon):   396092 kB
Active(file):     114692 kB
Inactive(file):   158452 kB
Unevictable:          16 kB
Mlocked:              16 kB
SwapTotal:       4194300 kB
SwapFree:        3975856 kB
Zswap:                 0 kB
Zswapped:              0 kB
Dirty:               136 kB
Writeback:             0 kB
AnonPages:       3053500 kB
Mapped:           267144 kB
Shmem:             54448 kB
KReclaimable:      57112 kB
Slab:             284468 kB
SReclaimable:      57112 kB
SUnreclaim:       227356 kB
KernelStack:       18592 kB
PageTables:        51628 kB
SecPageTables:         0 kB
NFS_Unstable:          0 kB
Bounce:                0 kB
WritebackTmp:          0 kB
CommitLimit:     8258920 kB
Committed_AS:   11666960 kB
VmallocTotal:   34359738367 kB
VmallocUsed:       46856 kB
VmallocChunk:          0 kB
Percpu:            13280 kB
HardwareCorrupted:     0 kB
AnonHugePages:    258048 kB
ShmemHugePages:        0 kB
ShmemPmdMapped:        0 kB
FileHugePages:         0 kB
FilePmdMapped:         0 kB
CmaTotal:              0 kB
CmaFree:               0 kB
Unaccepted:            0 kB
Balloon:               0 kB
HugePages_Total:       0
HugePages_Free:        0
HugePages_Rsvd:        0
HugePages_Surp:        0
Hugepagesize:       2048 kB
Hugetlb:               0 kB
DirectMap4k:      194432 kB
DirectMap2M:     6096896 kB
DirectMap1G:     4194304 kB
---SNAPSHOT---
2026-04-27 14:55:43
MemTotal:        8129240 kB
MemFree:         4123596 kB
MemAvailable:    4337076 kB
Buffers:            7200 kB
Cached:           320488 kB
SwapCached:        80928 kB
Active:          2841832 kB
Inactive:         554564 kB
Active(anon):    2727040 kB
Inactive(anon):   396092 kB
Active(file):     114792 kB
Inactive(file):   158472 kB
Unevictable:          16 kB
Mlocked:              16 kB
SwapTotal:       4194300 kB
SwapFree:        3975856 kB
Zswap:                 0 kB
Zswapped:              0 kB
Dirty:               144 kB
Writeback:             0 kB
AnonPages:       2990948 kB
Mapped:           267312 kB
Shmem:             54448 kB
KReclaimable:      57112 kB
Slab:             284472 kB
SReclaimable:      57112 kB
SUnreclaim:       227360 kB
KernelStack:       18576 kB
PageTables:        50232 kB
SecPageTables:         0 kB
NFS_Unstable:          0 kB
Bounce:                0 kB
WritebackTmp:          0 kB
CommitLimit:     8258920 kB
Committed_AS:   11666936 kB
VmallocTotal:   34359738367 kB
VmallocUsed:       46856 kB
VmallocChunk:          0 kB
Percpu:            13280 kB
HardwareCorrupted:     0 kB
AnonHugePages:    258048 kB
ShmemHugePages:        0 kB
ShmemPmdMapped:        0 kB
FileHugePages:         0 kB
FilePmdMapped:         0 kB
CmaTotal:              0 kB
CmaFree:               0 kB
Unaccepted:            0 kB
Balloon:               0 kB
HugePages_Total:       0
HugePages_Free:        0
HugePages_Rsvd:        0
HugePages_Surp:        0
Hugepagesize:       2048 kB
Hugetlb:               0 kB
DirectMap4k:      194432 kB
DirectMap2M:     6096896 kB
DirectMap1G:     4194304 kB
---SNAPSHOT---
2026-04-27 14:55:44
MemTotal:        8129240 kB
MemFree:         3198948 kB
MemAvailable:    3412432 kB
Buffers:            7200 kB
Cached:           320492 kB
SwapCached:        80928 kB
Active:          3776840 kB
Inactive:         554568 kB
Active(anon):    3662048 kB
Inactive(anon):   396092 kB
Active(file):     114792 kB
Inactive(file):   158476 kB
Unevictable:          16 kB
Mlocked:              16 kB
SwapTotal:       4194300 kB
SwapFree:        3975856 kB
Zswap:                 0 kB
Zswapped:              0 kB
Dirty:               148 kB
Writeback:             0 kB
AnonPages:       3926064 kB
Mapped:           267144 kB
Shmem:             54448 kB
KReclaimable:      57112 kB
Slab:             284472 kB
SReclaimable:      57112 kB
SUnreclaim:       227360 kB
KernelStack:       18652 kB
PageTables:        52304 kB
SecPageTables:         0 kB
NFS_Unstable:          0 kB
Bounce:                0 kB
WritebackTmp:          0 kB
CommitLimit:     8258920 kB
Committed_AS:   11667212 kB
VmallocTotal:   34359738367 kB
VmallocUsed:       46856 kB
VmallocChunk:          0 kB
Percpu:            13280 kB
HardwareCorrupted:     0 kB
AnonHugePages:    258048 kB
ShmemHugePages:        0 kB
ShmemPmdMapped:        0 kB
FileHugePages:         0 kB
FilePmdMapped:         0 kB
CmaTotal:              0 kB
CmaFree:               0 kB
Unaccepted:            0 kB
Balloon:               0 kB
HugePages_Total:       0
HugePages_Free:        0
HugePages_Rsvd:        0
HugePages_Surp:        0
Hugepagesize:       2048 kB
Hugetlb:               0 kB
DirectMap4k:      194432 kB
DirectMap2M:     6096896 kB
DirectMap1G:     4194304 kB
---SNAPSHOT---
2026-04-27 14:55:45
MemTotal:        8129240 kB
MemFree:         3813816 kB
MemAvailable:    4027308 kB
Buffers:            7200 kB
Cached:           320500 kB
SwapCached:        80928 kB
Active:          3152968 kB
Inactive:         554576 kB
Active(anon):    3038176 kB
Inactive(anon):   396092 kB
Active(file):     114792 kB
Inactive(file):   158484 kB
Unevictable:          16 kB
Mlocked:              16 kB
SwapTotal:       4194300 kB
SwapFree:        3975856 kB
Zswap:                 0 kB
Zswapped:              0 kB
Dirty:               156 kB
Writeback:             0 kB
AnonPages:       3301536 kB
Mapped:           267144 kB
Shmem:             54448 kB
KReclaimable:      57112 kB
Slab:             284472 kB
SReclaimable:      57112 kB
SUnreclaim:       227360 kB
KernelStack:       18652 kB
PageTables:        51568 kB
SecPageTables:         0 kB
NFS_Unstable:          0 kB
Bounce:                0 kB
WritebackTmp:          0 kB
CommitLimit:     8258920 kB
Committed_AS:   11667520 kB
VmallocTotal:   34359738367 kB
VmallocUsed:       46856 kB
VmallocChunk:          0 kB
Percpu:            13280 kB
HardwareCorrupted:     0 kB
AnonHugePages:    258048 kB
ShmemHugePages:        0 kB
ShmemPmdMapped:        0 kB
FileHugePages:         0 kB
FilePmdMapped:         0 kB
CmaTotal:              0 kB
CmaFree:               0 kB
Unaccepted:            0 kB
Balloon:               0 kB
HugePages_Total:       0
HugePages_Free:        0
HugePages_Rsvd:        0
HugePages_Surp:        0
Hugepagesize:       2048 kB
Hugetlb:               0 kB
DirectMap4k:      194432 kB
DirectMap2M:     6096896 kB
DirectMap1G:     4194304 kB
---SNAPSHOT---
2026-04-27 14:55:46
MemTotal:        8129240 kB
MemFree:         3856104 kB
MemAvailable:    4069600 kB
Buffers:            7208 kB
Cached:           320496 kB
SwapCached:        80928 kB
Active:          3126168 kB
Inactive:         554580 kB
Active(anon):    3011376 kB
Inactive(anon):   396092 kB
Active(file):     114792 kB
Inactive(file):   158488 kB
Unevictable:          16 kB
Mlocked:              16 kB
SwapTotal:       4194300 kB
SwapFree:        3975856 kB
Zswap:                 0 kB
Zswapped:              0 kB
Dirty:               160 kB
Writeback:             0 kB
AnonPages:       3275160 kB
Mapped:           267144 kB
Shmem:             54448 kB
KReclaimable:      57112 kB
Slab:             284468 kB
SReclaimable:      57112 kB
SUnreclaim:       227356 kB
KernelStack:       18576 kB
PageTables:        50808 kB
SecPageTables:         0 kB
NFS_Unstable:          0 kB
Bounce:                0 kB
WritebackTmp:          0 kB
CommitLimit:     8258920 kB
Committed_AS:   11666784 kB
VmallocTotal:   34359738367 kB
VmallocUsed:       46824 kB
VmallocChunk:          0 kB
Percpu:            13280 kB
HardwareCorrupted:     0 kB
AnonHugePages:    258048 kB
ShmemHugePages:        0 kB
ShmemPmdMapped:        0 kB
FileHugePages:         0 kB
FilePmdMapped:         0 kB
CmaTotal:              0 kB
CmaFree:               0 kB
Unaccepted:            0 kB
Balloon:               0 kB
HugePages_Total:       0
HugePages_Free:        0
HugePages_Rsvd:        0
HugePages_Surp:        0
Hugepagesize:       2048 kB
Hugetlb:               0 kB
DirectMap4k:      194432 kB
DirectMap2M:     6096896 kB
DirectMap1G:     4194304 kB
---SNAPSHOT---
2026-04-27 14:55:47
MemTotal:        8129240 kB
MemFree:         3754768 kB
MemAvailable:    3968276 kB
Buffers:            7208 kB
Cached:           320508 kB
SwapCached:        80928 kB
Active:          3168436 kB
Inactive:         554592 kB
Active(anon):    3053644 kB
Inactive(anon):   396092 kB
Active(file):     114792 kB
Inactive(file):   158500 kB
Unevictable:          16 kB
Mlocked:              16 kB
SwapTotal:       4194300 kB
SwapFree:        3975856 kB
Zswap:                 0 kB
Zswapped:              0 kB
Dirty:               184 kB
Writeback:             0 kB
AnonPages:       3317824 kB
Mapped:           267144 kB
Shmem:             54448 kB
KReclaimable:      57112 kB
Slab:             284460 kB
SReclaimable:      57112 kB
SUnreclaim:       227348 kB
KernelStack:       18592 kB
PageTables:        52012 kB
SecPageTables:         0 kB
NFS_Unstable:          0 kB
Bounce:                0 kB
WritebackTmp:          0 kB
CommitLimit:     8258920 kB
Committed_AS:   11667320 kB
VmallocTotal:   34359738367 kB
VmallocUsed:       46808 kB
VmallocChunk:          0 kB
Percpu:            13280 kB
HardwareCorrupted:     0 kB
AnonHugePages:    258048 kB
ShmemHugePages:        0 kB
ShmemPmdMapped:        0 kB
FileHugePages:         0 kB
FilePmdMapped:         0 kB
CmaTotal:              0 kB
CmaFree:               0 kB
Unaccepted:            0 kB
Balloon:               0 kB
HugePages_Total:       0
HugePages_Free:        0
HugePages_Rsvd:        0
HugePages_Surp:        0
Hugepagesize:       2048 kB
Hugetlb:               0 kB
DirectMap4k:      194432 kB
DirectMap2M:     6096896 kB
DirectMap1G:     4194304 kB
---SNAPSHOT---
2026-04-27 14:55:48
MemTotal:        8129240 kB
MemFree:         4370596 kB
MemAvailable:    4584112 kB
Buffers:            7208 kB
Cached:           320516 kB
SwapCached:        80928 kB
Active:          2571744 kB
Inactive:         554600 kB
Active(anon):    2456952 kB
Inactive(anon):   396092 kB
Active(file):     114792 kB
Inactive(file):   158508 kB
Unevictable:          16 kB
Mlocked:              16 kB
SwapTotal:       4194300 kB
SwapFree:        3975856 kB
Zswap:                 0 kB
Zswapped:              0 kB
Dirty:               192 kB
Writeback:             0 kB
AnonPages:       2721020 kB
Mapped:           267144 kB
Shmem:             54448 kB
KReclaimable:      57112 kB
Slab:             284460 kB
SReclaimable:      57112 kB
SUnreclaim:       227348 kB
KernelStack:       18592 kB
PageTables:        51184 kB
SecPageTables:         0 kB
NFS_Unstable:          0 kB
Bounce:                0 kB
WritebackTmp:          0 kB
CommitLimit:     8258920 kB
Committed_AS:   11667456 kB
VmallocTotal:   34359738367 kB
VmallocUsed:       46824 kB
VmallocChunk:          0 kB
Percpu:            13280 kB
HardwareCorrupted:     0 kB
AnonHugePages:    258048 kB
ShmemHugePages:        0 kB
ShmemPmdMapped:        0 kB
FileHugePages:         0 kB
FilePmdMapped:         0 kB
CmaTotal:              0 kB
CmaFree:               0 kB
Unaccepted:            0 kB
Balloon:               0 kB
HugePages_Total:       0
HugePages_Free:        0
HugePages_Rsvd:        0
HugePages_Surp:        0
Hugepagesize:       2048 kB
Hugetlb:               0 kB
DirectMap4k:      194432 kB
DirectMap2M:     6096896 kB
DirectMap1G:     4194304 kB
---SNAPSHOT---
2026-04-27 14:55:49
MemTotal:        8129240 kB
MemFree:         4160228 kB
MemAvailable:    4373748 kB
Buffers:            7208 kB
Cached:           320520 kB
SwapCached:        80928 kB
Active:          2827264 kB
Inactive:         554604 kB
Active(anon):    2712472 kB
Inactive(anon):   396092 kB
Active(file):     114792 kB
Inactive(file):   158512 kB
Unevictable:          16 kB
Mlocked:              16 kB
SwapTotal:       4194300 kB
SwapFree:        3975856 kB
Zswap:                 0 kB
Zswapped:              0 kB
Dirty:               196 kB
Writeback:             0 kB
AnonPages:       2976344 kB
Mapped:           267144 kB
Shmem:             54448 kB
KReclaimable:      57112 kB
Slab:             284460 kB
SReclaimable:      57112 kB
SUnreclaim:       227348 kB
KernelStack:       18592 kB
PageTables:        51800 kB
SecPageTables:         0 kB
NFS_Unstable:          0 kB
Bounce:                0 kB
WritebackTmp:          0 kB
CommitLimit:     8258920 kB
Committed_AS:   11667432 kB
VmallocTotal:   34359738367 kB
VmallocUsed:       46840 kB
VmallocChunk:          0 kB
Percpu:            13280 kB
HardwareCorrupted:     0 kB
AnonHugePages:    258048 kB
ShmemHugePages:        0 kB
ShmemPmdMapped:        0 kB
FileHugePages:         0 kB
FilePmdMapped:         0 kB
CmaTotal:              0 kB
CmaFree:               0 kB
Unaccepted:            0 kB
Balloon:               0 kB
HugePages_Total:       0
HugePages_Free:        0
HugePages_Rsvd:        0
HugePages_Surp:        0
Hugepagesize:       2048 kB
Hugetlb:               0 kB
DirectMap4k:      194432 kB
DirectMap2M:     6096896 kB
DirectMap1G:     4194304 kB
---SNAPSHOT---
2026-04-27 14:55:50
MemTotal:        8129240 kB
MemFree:         3323052 kB
MemAvailable:    3536576 kB
Buffers:            7208 kB
Cached:           320528 kB
SwapCached:       264924 kB
Active:          3481928 kB
Inactive:         737692 kB
Active(anon):    3367136 kB
Inactive(anon):   579176 kB
Active(file):     114792 kB
Inactive(file):   158516 kB
Unevictable:          16 kB
Mlocked:              16 kB
SwapTotal:       4194300 kB
SwapFree:        3791668 kB
Zswap:                 0 kB
Zswapped:              0 kB
Dirty:               204 kB
Writeback:           684 kB
AnonPages:       3632352 kB
Mapped:           267144 kB
Shmem:             54448 kB
KReclaimable:      57112 kB
Slab:             284460 kB
SReclaimable:      57112 kB
SUnreclaim:       227348 kB
KernelStack:       18592 kB
PageTables:        52908 kB
SecPageTables:         0 kB
NFS_Unstable:          0 kB
Bounce:                0 kB
WritebackTmp:          0 kB
CommitLimit:     8258920 kB
Committed_AS:   11667320 kB
VmallocTotal:   34359738367 kB
VmallocUsed:       46856 kB
VmallocChunk:          0 kB
Percpu:            13280 kB
HardwareCorrupted:     0 kB
AnonHugePages:    258048 kB
ShmemHugePages:        0 kB
ShmemPmdMapped:        0 kB
FileHugePages:         0 kB
FilePmdMapped:         0 kB
CmaTotal:              0 kB
CmaFree:               0 kB
Unaccepted:            0 kB
Balloon:               0 kB
HugePages_Total:       0
HugePages_Free:        0
HugePages_Rsvd:        0
HugePages_Surp:        0
Hugepagesize:       2048 kB
Hugetlb:               0 kB
DirectMap4k:      194432 kB
DirectMap2M:     6096896 kB
DirectMap1G:     4194304 kB
---SNAPSHOT---
2026-04-27 14:55:51
MemTotal:        8129240 kB
MemFree:         3916180 kB
MemAvailable:    4129712 kB
Buffers:            7216 kB
Cached:           320524 kB
SwapCached:        81008 kB
Active:          3049812 kB
Inactive:         554680 kB
Active(anon):    2935020 kB
Inactive(anon):   396156 kB
Active(file):     114792 kB
Inactive(file):   158524 kB
Unevictable:          16 kB
Mlocked:              16 kB
SwapTotal:       4194300 kB
SwapFree:        3975856 kB
Zswap:                 0 kB
Zswapped:              0 kB
Dirty:               208 kB
Writeback:           120 kB
AnonPages:       3198580 kB
Mapped:           267144 kB
Shmem:             54448 kB
KReclaimable:      57112 kB
Slab:             284476 kB
SReclaimable:      57112 kB
SUnreclaim:       227364 kB
KernelStack:       18608 kB
PageTables:        51332 kB
SecPageTables:         0 kB
NFS_Unstable:          0 kB
Bounce:                0 kB
WritebackTmp:          0 kB
CommitLimit:     8258920 kB
Committed_AS:   11667320 kB
VmallocTotal:   34359738367 kB
VmallocUsed:       46856 kB
VmallocChunk:          0 kB
Percpu:            13280 kB
HardwareCorrupted:     0 kB
AnonHugePages:    258048 kB
ShmemHugePages:        0 kB
ShmemPmdMapped:        0 kB
FileHugePages:         0 kB
FilePmdMapped:         0 kB
CmaTotal:              0 kB
CmaFree:               0 kB
Unaccepted:            0 kB
Balloon:               0 kB
HugePages_Total:       0
HugePages_Free:        0
HugePages_Rsvd:        0
HugePages_Surp:        0
Hugepagesize:       2048 kB
Hugetlb:               0 kB
DirectMap4k:      194432 kB
DirectMap2M:     6096896 kB
DirectMap1G:     4194304 kB
---SNAPSHOT---
2026-04-27 14:55:52
MemTotal:        8129240 kB
MemFree:         4361680 kB
MemAvailable:    4575224 kB
Buffers:            7216 kB
Cached:           320536 kB
SwapCached:        80928 kB
Active:          2625820 kB
Inactive:         554628 kB
Active(anon):    2511028 kB
Inactive(anon):   396092 kB
Active(file):     114792 kB
Inactive(file):   158536 kB
Unevictable:          16 kB
Mlocked:              16 kB
SwapTotal:       4194300 kB
SwapFree:        3975856 kB
Zswap:                 0 kB
Zswapped:              0 kB
Dirty:               212 kB
Writeback:             0 kB
AnonPages:       2775180 kB
Mapped:           267144 kB
Shmem:             54448 kB
KReclaimable:      57112 kB
Slab:             284456 kB
SReclaimable:      57112 kB
SUnreclaim:       227344 kB
KernelStack:       18576 kB
PageTables:        51264 kB
SecPageTables:         0 kB
NFS_Unstable:          0 kB
Bounce:                0 kB
WritebackTmp:          0 kB
CommitLimit:     8258920 kB
Committed_AS:   11666936 kB
VmallocTotal:   34359738367 kB
VmallocUsed:       46856 kB
VmallocChunk:          0 kB
Percpu:            13280 kB
HardwareCorrupted:     0 kB
AnonHugePages:    258048 kB
ShmemHugePages:        0 kB
ShmemPmdMapped:        0 kB
FileHugePages:         0 kB
FilePmdMapped:         0 kB
CmaTotal:              0 kB
CmaFree:               0 kB
Unaccepted:            0 kB
Balloon:               0 kB
HugePages_Total:       0
HugePages_Free:        0
HugePages_Rsvd:        0
HugePages_Surp:        0
Hugepagesize:       2048 kB
Hugetlb:               0 kB
DirectMap4k:      194432 kB
DirectMap2M:     6096896 kB
DirectMap1G:     4194304 kB
---SNAPSHOT---
2026-04-27 14:55:53
MemTotal:        8129240 kB
MemFree:         3444156 kB
MemAvailable:    3657708 kB
Buffers:            7240 kB
Cached:           320520 kB
SwapCached:        80928 kB
Active:          3539564 kB
Inactive:         554636 kB
Active(anon):    3424772 kB
Inactive(anon):   396092 kB
Active(file):     114792 kB
Inactive(file):   158544 kB
Unevictable:          16 kB
Mlocked:              16 kB
SwapTotal:       4194300 kB
SwapFree:        3975856 kB
Zswap:                 0 kB
Zswapped:              0 kB
Dirty:               220 kB
Writeback:             0 kB
AnonPages:       3689108 kB
Mapped:           267144 kB
Shmem:             54448 kB
KReclaimable:      57112 kB
Slab:             284456 kB
SReclaimable:      57112 kB
SUnreclaim:       227344 kB
KernelStack:       18636 kB
PageTables:        52776 kB
SecPageTables:         0 kB
NFS_Unstable:          0 kB
Bounce:                0 kB
WritebackTmp:          0 kB
CommitLimit:     8258920 kB
Committed_AS:   11667428 kB
VmallocTotal:   34359738367 kB
VmallocUsed:       46840 kB
VmallocChunk:          0 kB
Percpu:            13280 kB
HardwareCorrupted:     0 kB
AnonHugePages:    258048 kB
ShmemHugePages:        0 kB
ShmemPmdMapped:        0 kB
FileHugePages:         0 kB
FilePmdMapped:         0 kB
CmaTotal:              0 kB
CmaFree:               0 kB
Unaccepted:            0 kB
Balloon:               0 kB
HugePages_Total:       0
HugePages_Free:        0
HugePages_Rsvd:        0
HugePages_Surp:        0
Hugepagesize:       2048 kB
Hugetlb:               0 kB
DirectMap4k:      194432 kB
DirectMap2M:     6096896 kB
DirectMap1G:     4194304 kB
---SNAPSHOT---
2026-04-27 14:55:54
MemTotal:        8129240 kB
MemFree:         4452876 kB
MemAvailable:    4666468 kB
Buffers:            7240 kB
Cached:           320560 kB
SwapCached:        80928 kB
Active:          2477428 kB
Inactive:         554676 kB
Active(anon):    2362636 kB
Inactive(anon):   396092 kB
Active(file):     114792 kB
Inactive(file):   158584 kB
Unevictable:          16 kB
Mlocked:              16 kB
SwapTotal:       4194300 kB
SwapFree:        3975856 kB
Zswap:                 0 kB
Zswapped:              0 kB
Dirty:               244 kB
Writeback:             0 kB
AnonPages:       2626616 kB
Mapped:           267144 kB
Shmem:             54448 kB
KReclaimable:      57112 kB
Slab:             284452 kB
SReclaimable:      57112 kB
SUnreclaim:       227340 kB
KernelStack:       18592 kB
PageTables:        50404 kB
SecPageTables:         0 kB
NFS_Unstable:          0 kB
Bounce:                0 kB
WritebackTmp:          0 kB
CommitLimit:     8258920 kB
Committed_AS:   11668024 kB
VmallocTotal:   34359738367 kB
VmallocUsed:       46856 kB
VmallocChunk:          0 kB
Percpu:            13280 kB
HardwareCorrupted:     0 kB
AnonHugePages:    258048 kB
ShmemHugePages:        0 kB
ShmemPmdMapped:        0 kB
FileHugePages:         0 kB
FilePmdMapped:         0 kB
CmaTotal:              0 kB
CmaFree:               0 kB
Unaccepted:            0 kB
Balloon:               0 kB
HugePages_Total:       0
HugePages_Free:        0
HugePages_Rsvd:        0
HugePages_Surp:        0
Hugepagesize:       2048 kB
Hugetlb:               0 kB
DirectMap4k:      194432 kB
DirectMap2M:     6096896 kB
DirectMap1G:     4194304 kB
---SNAPSHOT---
2026-04-27 14:55:55
MemTotal:        8129240 kB
MemFree:         4244800 kB
MemAvailable:    4458400 kB
Buffers:            7240 kB
Cached:           320568 kB
SwapCached:        80928 kB
Active:          2732808 kB
Inactive:         554684 kB
Active(anon):    2618016 kB
Inactive(anon):   396092 kB
Active(file):     114792 kB
Inactive(file):   158592 kB
Unevictable:          16 kB
Mlocked:              16 kB
SwapTotal:       4194300 kB
SwapFree:        3975856 kB
Zswap:                 0 kB
Zswapped:              0 kB
Dirty:               252 kB
Writeback:             0 kB
AnonPages:       2881912 kB
Mapped:           267144 kB
Shmem:             54448 kB
KReclaimable:      57112 kB
Slab:             284452 kB
SReclaimable:      57112 kB
SUnreclaim:       227340 kB
KernelStack:       18592 kB
PageTables:        50832 kB
SecPageTables:         0 kB
NFS_Unstable:          0 kB
Bounce:                0 kB
WritebackTmp:          0 kB
CommitLimit:     8258920 kB
Committed_AS:   11668388 kB
VmallocTotal:   34359738367 kB
VmallocUsed:       46856 kB
VmallocChunk:          0 kB
Percpu:            13280 kB
HardwareCorrupted:     0 kB
AnonHugePages:    258048 kB
ShmemHugePages:        0 kB
ShmemPmdMapped:        0 kB
FileHugePages:         0 kB
FilePmdMapped:         0 kB
CmaTotal:              0 kB
CmaFree:               0 kB
Unaccepted:            0 kB
Balloon:               0 kB
HugePages_Total:       0
HugePages_Free:        0
HugePages_Rsvd:        0
HugePages_Surp:        0
Hugepagesize:       2048 kB
Hugetlb:               0 kB
DirectMap4k:      194432 kB
DirectMap2M:     6096896 kB
DirectMap1G:     4194304 kB
---SNAPSHOT---
2026-04-27 14:55:56
MemTotal:        8129240 kB
MemFree:         3663640 kB
MemAvailable:    3877468 kB
Buffers:            7240 kB
Cached:           320572 kB
SwapCached:        80928 kB
Active:          3273024 kB
Inactive:         554684 kB
Active(anon):    3158232 kB
Inactive(anon):   396092 kB
Active(file):     114792 kB
Inactive(file):   158592 kB
Unevictable:          16 kB
Mlocked:              16 kB
SwapTotal:       4194300 kB
SwapFree:        3975856 kB
Zswap:                 0 kB
Zswapped:              0 kB
Dirty:               256 kB
Writeback:             0 kB
AnonPages:       3408852 kB
Mapped:           267144 kB
Shmem:             54448 kB
KReclaimable:      57112 kB
Slab:             284456 kB
SReclaimable:      57112 kB
SUnreclaim:       227344 kB
KernelStack:       18592 kB
PageTables:        52428 kB
SecPageTables:         0 kB
NFS_Unstable:          0 kB
Bounce:                0 kB
WritebackTmp:          0 kB
CommitLimit:     8258920 kB
Committed_AS:   11668280 kB
VmallocTotal:   34359738367 kB
VmallocUsed:       46856 kB
VmallocChunk:          0 kB
Percpu:            13280 kB
HardwareCorrupted:     0 kB
AnonHugePages:    258048 kB
ShmemHugePages:        0 kB
ShmemPmdMapped:        0 kB
FileHugePages:         0 kB
FilePmdMapped:         0 kB
CmaTotal:              0 kB
CmaFree:               0 kB
Unaccepted:            0 kB
Balloon:               0 kB
HugePages_Total:       0
HugePages_Free:        0
HugePages_Rsvd:        0
HugePages_Surp:        0
Hugepagesize:       2048 kB
Hugetlb:               0 kB
DirectMap4k:      194432 kB
DirectMap2M:     6096896 kB
DirectMap1G:     4194304 kB
---SNAPSHOT---
2026-04-27 14:55:57
MemTotal:        8129240 kB
MemFree:         4347740 kB
MemAvailable:    4561348 kB
Buffers:            7240 kB
Cached:           320576 kB
SwapCached:        80928 kB
Active:          2625944 kB
Inactive:         554692 kB
Active(anon):    2511152 kB
Inactive(anon):   396092 kB
Active(file):     114792 kB
Inactive(file):   158600 kB
Unevictable:          16 kB
Mlocked:              16 kB
SwapTotal:       4194300 kB
SwapFree:        3975856 kB
Zswap:                 0 kB
Zswapped:              0 kB
Dirty:               260 kB
Writeback:             0 kB
AnonPages:       2774940 kB
Mapped:           267144 kB
Shmem:             54448 kB
KReclaimable:      57112 kB
Slab:             284464 kB
SReclaimable:      57112 kB
SUnreclaim:       227352 kB
KernelStack:       18576 kB
PageTables:        50248 kB
SecPageTables:         0 kB
NFS_Unstable:          0 kB
Bounce:                0 kB
WritebackTmp:          0 kB
CommitLimit:     8258920 kB
Committed_AS:   11667788 kB
VmallocTotal:   34359738367 kB
VmallocUsed:       46856 kB
VmallocChunk:          0 kB
Percpu:            13280 kB
HardwareCorrupted:     0 kB
AnonHugePages:    258048 kB
ShmemHugePages:        0 kB
ShmemPmdMapped:        0 kB
FileHugePages:         0 kB
FilePmdMapped:         0 kB
CmaTotal:              0 kB
CmaFree:               0 kB
Unaccepted:            0 kB
Balloon:               0 kB
HugePages_Total:       0
HugePages_Free:        0
HugePages_Rsvd:        0
HugePages_Surp:        0
Hugepagesize:       2048 kB
Hugetlb:               0 kB
DirectMap4k:      194432 kB
DirectMap2M:     6096896 kB
DirectMap1G:     4194304 kB
---SNAPSHOT---
2026-04-27 14:55:58
MemTotal:        8129240 kB
MemFree:         4091932 kB
MemAvailable:    4305544 kB
Buffers:            7248 kB
Cached:           320576 kB
SwapCached:        80928 kB
Active:          2885928 kB
Inactive:         554696 kB
Active(anon):    2771136 kB
Inactive(anon):   396092 kB
Active(file):     114792 kB
Inactive(file):   158604 kB
Unevictable:          16 kB
Mlocked:              16 kB
SwapTotal:       4194300 kB
SwapFree:        3975856 kB
Zswap:                 0 kB
Zswapped:              0 kB
Dirty:               268 kB
Writeback:             0 kB
AnonPages:       3035180 kB
Mapped:           267144 kB
Shmem:             54448 kB
KReclaimable:      57112 kB
Slab:             284464 kB
SReclaimable:      57112 kB
SUnreclaim:       227352 kB
KernelStack:       18592 kB
PageTables:        50880 kB
SecPageTables:         0 kB
NFS_Unstable:          0 kB
Bounce:                0 kB
WritebackTmp:          0 kB
CommitLimit:     8258920 kB
Committed_AS:   11668036 kB
VmallocTotal:   34359738367 kB
VmallocUsed:       46824 kB
VmallocChunk:          0 kB
Percpu:            13280 kB
HardwareCorrupted:     0 kB
AnonHugePages:    258048 kB
ShmemHugePages:        0 kB
ShmemPmdMapped:        0 kB
FileHugePages:         0 kB
FilePmdMapped:         0 kB
CmaTotal:              0 kB
CmaFree:               0 kB
Unaccepted:            0 kB
Balloon:               0 kB
HugePages_Total:       0
HugePages_Free:        0
HugePages_Rsvd:        0
HugePages_Surp:        0
Hugepagesize:       2048 kB
Hugetlb:               0 kB
DirectMap4k:      194432 kB
DirectMap2M:     6096896 kB
DirectMap1G:     4194304 kB
---SNAPSHOT---
2026-04-27 14:55:59
MemTotal:        8129240 kB
MemFree:         3814224 kB
MemAvailable:    4027852 kB
Buffers:            7248 kB
Cached:           320588 kB
SwapCached:        80928 kB
Active:          3156756 kB
Inactive:         554712 kB
Active(anon):    3041964 kB
Inactive(anon):   396092 kB
Active(file):     114792 kB
Inactive(file):   158620 kB
Unevictable:          16 kB
Mlocked:              16 kB
SwapTotal:       4194300 kB
SwapFree:        3975856 kB
Zswap:                 0 kB
Zswapped:              0 kB
Dirty:               288 kB
Writeback:             0 kB
AnonPages:       3305908 kB
Mapped:           267144 kB
Shmem:             54448 kB
KReclaimable:      57112 kB
Slab:             284472 kB
SReclaimable:      57112 kB
SUnreclaim:       227360 kB
KernelStack:       18592 kB
PageTables:        51548 kB
SecPageTables:         0 kB
NFS_Unstable:          0 kB
Bounce:                0 kB
WritebackTmp:          0 kB
CommitLimit:     8258920 kB
Committed_AS:   11667540 kB
VmallocTotal:   34359738367 kB
VmallocUsed:       46856 kB
VmallocChunk:          0 kB
Percpu:            13280 kB
HardwareCorrupted:     0 kB
AnonHugePages:    258048 kB
ShmemHugePages:        0 kB
ShmemPmdMapped:        0 kB
FileHugePages:         0 kB
FilePmdMapped:         0 kB
CmaTotal:              0 kB
CmaFree:               0 kB
Unaccepted:            0 kB
Balloon:               0 kB
HugePages_Total:       0
HugePages_Free:        0
HugePages_Rsvd:        0
HugePages_Surp:        0
Hugepagesize:       2048 kB
Hugetlb:               0 kB
DirectMap4k:      194432 kB
DirectMap2M:     6096896 kB
DirectMap1G:     4194304 kB
---SNAPSHOT---
2026-04-27 14:56:00
MemTotal:        8129240 kB
MemFree:         3751880 kB
MemAvailable:    3965512 kB
Buffers:            7248 kB
Cached:           320596 kB
SwapCached:        80928 kB
Active:          3226312 kB
Inactive:         554716 kB
Active(anon):    3111520 kB
Inactive(anon):   396092 kB
Active(file):     114792 kB
Inactive(file):   158624 kB
Unevictable:          16 kB
Mlocked:              16 kB
SwapTotal:       4194300 kB
SwapFree:        3975856 kB
Zswap:                 0 kB
Zswapped:              0 kB
Dirty:               296 kB
Writeback:             0 kB
AnonPages:       3375368 kB
Mapped:           267144 kB
Shmem:             54448 kB
KReclaimable:      57112 kB
Slab:             284460 kB
SReclaimable:      57112 kB
SUnreclaim:       227348 kB
KernelStack:       18592 kB
PageTables:        51384 kB
SecPageTables:         0 kB
NFS_Unstable:          0 kB
Bounce:                0 kB
WritebackTmp:          0 kB
CommitLimit:     8258920 kB
