---SNAPSHOT---
2026-04-27 15:48:17
MemTotal:        8129240 kB
MemFree:         5310768 kB
MemAvailable:    5503396 kB
Buffers:            6272 kB
Cached:           289824 kB
SwapCached:            0 kB
Active:          1549212 kB
Inactive:         603640 kB
Active(anon):    1448764 kB
Inactive(anon):   446876 kB
Active(file):     100448 kB
Inactive(file):   156764 kB
Unevictable:           0 kB
Mlocked:               0 kB
SwapTotal:       4194300 kB
SwapFree:        4194300 kB
Zswap:                 0 kB
Zswapped:              0 kB
Dirty:               464 kB
Writeback:             0 kB
AnonPages:       1856772 kB
Mapped:           243144 kB
Shmem:             38824 kB
KReclaimable:      52312 kB
Slab:             279220 kB
SReclaimable:      52312 kB
SUnreclaim:       226908 kB
KernelStack:       17964 kB
PageTables:        45256 kB
SecPageTables:         0 kB
NFS_Unstable:          0 kB
Bounce:                0 kB
WritebackTmp:          0 kB
CommitLimit:     8258920 kB
Committed_AS:    8694008 kB
VmallocTotal:   34359738367 kB
VmallocUsed:       46200 kB
VmallocChunk:          0 kB
Percpu:            13280 kB
HardwareCorrupted:     0 kB
AnonHugePages:    194560 kB
ShmemHugePages:        0 kB
ShmemPmdMapped:        0 kB
FileHugePages:         0 kB
FilePmdMapped:         0 kB
CmaTotal:              0 kB
CmaFree:               0 kB
Unaccepted:            0 kB
Balloon:               0 kB
HugePages_Total:       0
HugePages_Free:        0
HugePages_Rsvd:        0
HugePages_Surp:        0
Hugepagesize:       2048 kB
Hugetlb:               0 kB
DirectMap4k:      194432 kB
DirectMap2M:     6096896 kB
DirectMap1G:     4194304 kB
---SNAPSHOT---
2026-04-27 15:48:18
MemTotal:        8129240 kB
MemFree:         5316228 kB
MemAvailable:    5509320 kB
Buffers:            6272 kB
Cached:           290224 kB
SwapCached:            0 kB
Active:          1549680 kB
Inactive:         603904 kB
Active(anon):    1449032 kB
Inactive(anon):   446876 kB
Active(file):     100648 kB
Inactive(file):   157028 kB
Unevictable:           0 kB
Mlocked:               0 kB
SwapTotal:       4194300 kB
SwapFree:        4194300 kB
Zswap:                 0 kB
Zswapped:              0 kB
Dirty:               500 kB
Writeback:             0 kB
AnonPages:       1857452 kB
Mapped:           242944 kB
Shmem:             38824 kB
KReclaimable:      52312 kB
Slab:             279220 kB
SReclaimable:      52312 kB
SUnreclaim:       226908 kB
KernelStack:       17984 kB
PageTables:        45000 kB
SecPageTables:         0 kB
NFS_Unstable:          0 kB
Bounce:                0 kB
WritebackTmp:          0 kB
CommitLimit:     8258920 kB
Committed_AS:    8694244 kB
VmallocTotal:   34359738367 kB
VmallocUsed:       46248 kB
VmallocChunk:          0 kB
Percpu:            13280 kB
HardwareCorrupted:     0 kB
AnonHugePages:    194560 kB
ShmemHugePages:        0 kB
ShmemPmdMapped:        0 kB
FileHugePages:         0 kB
FilePmdMapped:         0 kB
CmaTotal:              0 kB
CmaFree:               0 kB
Unaccepted:            0 kB
Balloon:               0 kB
HugePages_Total:       0
HugePages_Free:        0
HugePages_Rsvd:        0
HugePages_Surp:        0
Hugepagesize:       2048 kB
Hugetlb:               0 kB
DirectMap4k:      194432 kB
DirectMap2M:     6096896 kB
DirectMap1G:     4194304 kB
---SNAPSHOT---
2026-04-27 15:48:19
MemTotal:        8129240 kB
MemFree:         5325276 kB
MemAvailable:    5518512 kB
Buffers:            6412 kB
Cached:           290228 kB
SwapCached:            0 kB
Active:          1550128 kB
Inactive:         604048 kB
Active(anon):    1449480 kB
Inactive(anon):   446876 kB
Active(file):     100648 kB
Inactive(file):   157172 kB
Unevictable:           0 kB
Mlocked:               0 kB
SwapTotal:       4194300 kB
SwapFree:        4194300 kB
Zswap:                 0 kB
Zswapped:              0 kB
Dirty:               568 kB
Writeback:             0 kB
AnonPages:       1857820 kB
Mapped:           243068 kB
Shmem:             38824 kB
KReclaimable:      52312 kB
Slab:             279220 kB
SReclaimable:      52312 kB
SUnreclaim:       226908 kB
KernelStack:       18004 kB
PageTables:        45368 kB
SecPageTables:         0 kB
NFS_Unstable:          0 kB
Bounce:                0 kB
WritebackTmp:          0 kB
CommitLimit:     8258920 kB
Committed_AS:    8695180 kB
VmallocTotal:   34359738367 kB
VmallocUsed:       46248 kB
VmallocChunk:          0 kB
Percpu:            13280 kB
HardwareCorrupted:     0 kB
AnonHugePages:    194560 kB
ShmemHugePages:        0 kB
ShmemPmdMapped:        0 kB
FileHugePages:         0 kB
FilePmdMapped:         0 kB
CmaTotal:              0 kB
CmaFree:               0 kB
Unaccepted:            0 kB
Balloon:               0 kB
HugePages_Total:       0
HugePages_Free:        0
HugePages_Rsvd:        0
HugePages_Surp:        0
Hugepagesize:       2048 kB
Hugetlb:               0 kB
DirectMap4k:      194432 kB
DirectMap2M:     6096896 kB
DirectMap1G:     4194304 kB
---SNAPSHOT---
2026-04-27 15:48:20
MemTotal:        8129240 kB
MemFree:         5334456 kB
MemAvailable:    5529500 kB
Buffers:            6544 kB
Cached:           290488 kB
SwapCached:            0 kB
Active:          1550708 kB
Inactive:         604108 kB
Active(anon):    1449832 kB
Inactive(anon):   446876 kB
Active(file):     100876 kB
Inactive(file):   157232 kB
Unevictable:           0 kB
Mlocked:               0 kB
SwapTotal:       4194300 kB
SwapFree:        4194300 kB
Zswap:                 0 kB
Zswapped:              0 kB
Dirty:               576 kB
Writeback:             0 kB
AnonPages:       1858104 kB
Mapped:           242960 kB
Shmem:             38824 kB
KReclaimable:      53832 kB
Slab:             280740 kB
SReclaimable:      53832 kB
SUnreclaim:       226908 kB
KernelStack:       17952 kB
PageTables:        45680 kB
SecPageTables:         0 kB
NFS_Unstable:          0 kB
Bounce:                0 kB
WritebackTmp:          0 kB
CommitLimit:     8258920 kB
Committed_AS:    8695192 kB
VmallocTotal:   34359738367 kB
VmallocUsed:       46280 kB
VmallocChunk:          0 kB
Percpu:            13280 kB
HardwareCorrupted:     0 kB
AnonHugePages:    194560 kB
ShmemHugePages:        0 kB
ShmemPmdMapped:        0 kB
FileHugePages:         0 kB
FilePmdMapped:         0 kB
CmaTotal:              0 kB
CmaFree:               0 kB
Unaccepted:            0 kB
Balloon:               0 kB
HugePages_Total:       0
HugePages_Free:        0
HugePages_Rsvd:        0
HugePages_Surp:        0
Hugepagesize:       2048 kB
Hugetlb:               0 kB
DirectMap4k:      194432 kB
DirectMap2M:     6096896 kB
DirectMap1G:     4194304 kB
---SNAPSHOT---
2026-04-27 15:48:21
MemTotal:        8129240 kB
MemFree:         4881100 kB
MemAvailable:    5087156 kB
Buffers:            6816 kB
Cached:           318280 kB
SwapCached:            0 kB
Active:          2005836 kB
Inactive:         604680 kB
Active(anon):    1894520 kB
Inactive(anon):   446876 kB
Active(file):     111316 kB
Inactive(file):   157804 kB
Unevictable:          16 kB
Mlocked:              16 kB
SwapTotal:       4194300 kB
SwapFree:        4194300 kB
Zswap:                 0 kB
Zswapped:              0 kB
Dirty:               656 kB
Writeback:             0 kB
AnonPages:       2286012 kB
Mapped:           263600 kB
Shmem:             55972 kB
KReclaimable:      53832 kB
Slab:             280804 kB
SReclaimable:      53832 kB
SUnreclaim:       226972 kB
KernelStack:       18144 kB
PageTables:        46780 kB
SecPageTables:         0 kB
NFS_Unstable:          0 kB
Bounce:                0 kB
WritebackTmp:          0 kB
CommitLimit:     8258920 kB
Committed_AS:   11351548 kB
VmallocTotal:   34359738367 kB
VmallocUsed:       46344 kB
VmallocChunk:          0 kB
Percpu:            13280 kB
HardwareCorrupted:     0 kB
AnonHugePages:    194560 kB
ShmemHugePages:        0 kB
ShmemPmdMapped:        0 kB
FileHugePages:         0 kB
FilePmdMapped:         0 kB
CmaTotal:              0 kB
CmaFree:               0 kB
Unaccepted:            0 kB
Balloon:               0 kB
HugePages_Total:       0
HugePages_Free:        0
HugePages_Rsvd:        0
HugePages_Surp:        0
Hugepagesize:       2048 kB
Hugetlb:               0 kB
DirectMap4k:      194432 kB
DirectMap2M:     6096896 kB
DirectMap1G:     4194304 kB
---SNAPSHOT---
2026-04-27 15:48:22
MemTotal:        8129240 kB
MemFree:         4185340 kB
MemAvailable:    4391400 kB
Buffers:            6816 kB
Cached:           318288 kB
SwapCached:            0 kB
Active:          2715456 kB
Inactive:         604684 kB
Active(anon):    2604140 kB
Inactive(anon):   446876 kB
Active(file):     111316 kB
Inactive(file):   157808 kB
Unevictable:          16 kB
Mlocked:              16 kB
SwapTotal:       4194300 kB
SwapFree:        4194300 kB
Zswap:                 0 kB
Zswapped:              0 kB
Dirty:               664 kB
Writeback:             0 kB
AnonPages:       2995668 kB
Mapped:           263600 kB
Shmem:             55972 kB
KReclaimable:      53832 kB
Slab:             280820 kB
SReclaimable:      53832 kB
SUnreclaim:       226988 kB
KernelStack:       18144 kB
PageTables:        48248 kB
SecPageTables:         0 kB
NFS_Unstable:          0 kB
Bounce:                0 kB
WritebackTmp:          0 kB
CommitLimit:     8258920 kB
Committed_AS:   11351168 kB
VmallocTotal:   34359738367 kB
VmallocUsed:       46312 kB
VmallocChunk:          0 kB
Percpu:            13280 kB
HardwareCorrupted:     0 kB
AnonHugePages:    194560 kB
ShmemHugePages:        0 kB
ShmemPmdMapped:        0 kB
FileHugePages:         0 kB
FilePmdMapped:         0 kB
CmaTotal:              0 kB
CmaFree:               0 kB
Unaccepted:            0 kB
Balloon:               0 kB
HugePages_Total:       0
HugePages_Free:        0
HugePages_Rsvd:        0
HugePages_Surp:        0
Hugepagesize:       2048 kB
Hugetlb:               0 kB
DirectMap4k:      194432 kB
DirectMap2M:     6096896 kB
DirectMap1G:     4194304 kB
---SNAPSHOT---
2026-04-27 15:48:23
MemTotal:        8129240 kB
MemFree:         3488628 kB
MemAvailable:    3694696 kB
Buffers:            6816 kB
Cached:           318292 kB
SwapCached:            0 kB
Active:          3409132 kB
Inactive:         604692 kB
Active(anon):    3297816 kB
Inactive(anon):   446876 kB
Active(file):     111316 kB
Inactive(file):   157816 kB
Unevictable:          16 kB
Mlocked:              16 kB
SwapTotal:       4194300 kB
SwapFree:        4194300 kB
Zswap:                 0 kB
Zswapped:              0 kB
Dirty:               668 kB
Writeback:             0 kB
AnonPages:       3689048 kB
Mapped:           263600 kB
Shmem:             55972 kB
KReclaimable:      53832 kB
Slab:             280820 kB
SReclaimable:      53832 kB
SUnreclaim:       226988 kB
KernelStack:       18128 kB
PageTables:        49796 kB
SecPageTables:         0 kB
NFS_Unstable:          0 kB
Bounce:                0 kB
WritebackTmp:          0 kB
CommitLimit:     8258920 kB
Committed_AS:   11351300 kB
VmallocTotal:   34359738367 kB
VmallocUsed:       46312 kB
VmallocChunk:          0 kB
Percpu:            13280 kB
HardwareCorrupted:     0 kB
AnonHugePages:    194560 kB
ShmemHugePages:        0 kB
ShmemPmdMapped:        0 kB
FileHugePages:         0 kB
FilePmdMapped:         0 kB
CmaTotal:              0 kB
CmaFree:               0 kB
Unaccepted:            0 kB
Balloon:               0 kB
HugePages_Total:       0
HugePages_Free:        0
HugePages_Rsvd:        0
HugePages_Surp:        0
Hugepagesize:       2048 kB
Hugetlb:               0 kB
DirectMap4k:      194432 kB
DirectMap2M:     6096896 kB
DirectMap1G:     4194304 kB
---SNAPSHOT---
2026-04-27 15:48:24
MemTotal:        8129240 kB
MemFree:         2802712 kB
MemAvailable:    3008784 kB
Buffers:            6824 kB
Cached:           318288 kB
SwapCached:            0 kB
Active:          4086604 kB
Inactive:         604696 kB
Active(anon):    3975288 kB
Inactive(anon):   446876 kB
Active(file):     111316 kB
Inactive(file):   157820 kB
Unevictable:          16 kB
Mlocked:              16 kB
SwapTotal:       4194300 kB
SwapFree:        4194300 kB
Zswap:                 0 kB
Zswapped:              0 kB
Dirty:               672 kB
Writeback:             0 kB
AnonPages:       4366488 kB
Mapped:           263600 kB
Shmem:             55972 kB
KReclaimable:      53832 kB
Slab:             280852 kB
SReclaimable:      53832 kB
SUnreclaim:       227020 kB
KernelStack:       18192 kB
PageTables:        51020 kB
SecPageTables:         0 kB
NFS_Unstable:          0 kB
Bounce:                0 kB
WritebackTmp:          0 kB
CommitLimit:     8258920 kB
Committed_AS:   11352708 kB
VmallocTotal:   34359738367 kB
VmallocUsed:       46376 kB
VmallocChunk:          0 kB
Percpu:            13280 kB
HardwareCorrupted:     0 kB
AnonHugePages:    194560 kB
ShmemHugePages:        0 kB
ShmemPmdMapped:        0 kB
FileHugePages:         0 kB
FilePmdMapped:         0 kB
CmaTotal:              0 kB
CmaFree:               0 kB
Unaccepted:            0 kB
Balloon:               0 kB
HugePages_Total:       0
HugePages_Free:        0
HugePages_Rsvd:        0
HugePages_Surp:        0
Hugepagesize:       2048 kB
Hugetlb:               0 kB
DirectMap4k:      194432 kB
DirectMap2M:     6096896 kB
DirectMap1G:     4194304 kB
---SNAPSHOT---
2026-04-27 15:48:25
MemTotal:        8129240 kB
MemFree:         3160360 kB
MemAvailable:    3366444 kB
Buffers:            6824 kB
Cached:           318532 kB
SwapCached:       148028 kB
Active:          3529148 kB
Inactive:         750340 kB
Active(anon):    3417832 kB
Inactive(anon):   592508 kB
Active(file):     111316 kB
Inactive(file):   157832 kB
Unevictable:          16 kB
Mlocked:              16 kB
SwapTotal:       4194300 kB
SwapFree:        4046048 kB
Zswap:                 0 kB
Zswapped:              0 kB
Dirty:               680 kB
Writeback:           440 kB
AnonPages:       3812668 kB
Mapped:           263600 kB
Shmem:             55972 kB
KReclaimable:      53832 kB
Slab:             280820 kB
SReclaimable:      53832 kB
SUnreclaim:       226988 kB
KernelStack:       18212 kB
PageTables:        51028 kB
SecPageTables:         0 kB
NFS_Unstable:          0 kB
Bounce:                0 kB
WritebackTmp:          0 kB
CommitLimit:     8258920 kB
Committed_AS:   11351156 kB
VmallocTotal:   34359738367 kB
VmallocUsed:       46488 kB
VmallocChunk:          0 kB
Percpu:            13280 kB
HardwareCorrupted:     0 kB
AnonHugePages:    194560 kB
ShmemHugePages:        0 kB
ShmemPmdMapped:        0 kB
FileHugePages:         0 kB
FilePmdMapped:         0 kB
CmaTotal:              0 kB
CmaFree:               0 kB
Unaccepted:            0 kB
Balloon:               0 kB
HugePages_Total:       0
HugePages_Free:        0
HugePages_Rsvd:        0
HugePages_Surp:        0
Hugepagesize:       2048 kB
Hugetlb:               0 kB
DirectMap4k:      194432 kB
DirectMap2M:     6096896 kB
DirectMap1G:     4194304 kB
---SNAPSHOT---
2026-04-27 15:48:26
MemTotal:        8129240 kB
MemFree:         2924004 kB
MemAvailable:    3130096 kB
Buffers:            6824 kB
Cached:           318308 kB
SwapCached:       315116 kB
Active:          3596476 kB
Inactive:         918400 kB
Active(anon):    3485160 kB
Inactive(anon):   760560 kB
Active(file):     111316 kB
Inactive(file):   157840 kB
Unevictable:          16 kB
Mlocked:              16 kB
SwapTotal:       4194300 kB
SwapFree:        3879148 kB
Zswap:                 0 kB
Zswapped:              0 kB
Dirty:               684 kB
Writeback:           332 kB
AnonPages:       3881316 kB
Mapped:           263600 kB
Shmem:             55972 kB
KReclaimable:      53832 kB
Slab:             280824 kB
SReclaimable:      53832 kB
SUnreclaim:       226992 kB
KernelStack:       18084 kB
PageTables:        50700 kB
SecPageTables:         0 kB
NFS_Unstable:          0 kB
Bounce:                0 kB
WritebackTmp:          0 kB
CommitLimit:     8258920 kB
Committed_AS:   11351300 kB
VmallocTotal:   34359738367 kB
VmallocUsed:       46376 kB
VmallocChunk:          0 kB
Percpu:            13280 kB
HardwareCorrupted:     0 kB
AnonHugePages:    194560 kB
ShmemHugePages:        0 kB
ShmemPmdMapped:        0 kB
FileHugePages:         0 kB
FilePmdMapped:         0 kB
CmaTotal:              0 kB
CmaFree:               0 kB
Unaccepted:            0 kB
Balloon:               0 kB
HugePages_Total:       0
HugePages_Free:        0
HugePages_Rsvd:        0
HugePages_Surp:        0
Hugepagesize:       2048 kB
Hugetlb:               0 kB
DirectMap4k:      194432 kB
DirectMap2M:     6096896 kB
DirectMap1G:     4194304 kB
---SNAPSHOT---
2026-04-27 15:48:27
MemTotal:        8129240 kB
MemFree:         2738920 kB
MemAvailable:    2945016 kB
Buffers:            6824 kB
Cached:           318316 kB
SwapCached:       468432 kB
Active:          3666376 kB
Inactive:        1069780 kB
Active(anon):    3555060 kB
Inactive(anon):   911936 kB
Active(file):     111316 kB
Inactive(file):   157844 kB
Unevictable:          16 kB
Mlocked:              16 kB
SwapTotal:       4194300 kB
SwapFree:        3725868 kB
Zswap:                 0 kB
Zswapped:              0 kB
Dirty:               692 kB
Writeback:           456 kB
AnonPages:       3949112 kB
Mapped:           263600 kB
Shmem:             55972 kB
KReclaimable:      53832 kB
Slab:             280804 kB
SReclaimable:      53832 kB
SUnreclaim:       226972 kB
KernelStack:       18112 kB
PageTables:        51504 kB
SecPageTables:         0 kB
NFS_Unstable:          0 kB
Bounce:                0 kB
WritebackTmp:          0 kB
CommitLimit:     8258920 kB
Committed_AS:   11351300 kB
VmallocTotal:   34359738367 kB
VmallocUsed:       46376 kB
VmallocChunk:          0 kB
Percpu:            13280 kB
HardwareCorrupted:     0 kB
AnonHugePages:    194560 kB
ShmemHugePages:        0 kB
ShmemPmdMapped:        0 kB
FileHugePages:         0 kB
FilePmdMapped:         0 kB
CmaTotal:              0 kB
CmaFree:               0 kB
Unaccepted:            0 kB
Balloon:               0 kB
HugePages_Total:       0
HugePages_Free:        0
HugePages_Rsvd:        0
HugePages_Surp:        0
Hugepagesize:       2048 kB
Hugetlb:               0 kB
DirectMap4k:      194432 kB
DirectMap2M:     6096896 kB
DirectMap1G:     4194304 kB
---SNAPSHOT---
2026-04-27 15:48:28
MemTotal:        8129240 kB
MemFree:         3137920 kB
MemAvailable:    3344024 kB
Buffers:            6824 kB
Cached:           318320 kB
SwapCached:       631704 kB
Active:          3069816 kB
Inactive:        1231728 kB
Active(anon):    2958500 kB
Inactive(anon):  1073876 kB
Active(file):     111316 kB
Inactive(file):   157852 kB
Unevictable:          16 kB
Mlocked:              16 kB
SwapTotal:       4194300 kB
SwapFree:        3562596 kB
Zswap:                 0 kB
Zswapped:              0 kB
Dirty:               696 kB
Writeback:           656 kB
AnonPages:       3351088 kB
Mapped:           263600 kB
Shmem:             55972 kB
KReclaimable:      53832 kB
Slab:             280820 kB
SReclaimable:      53832 kB
SUnreclaim:       226988 kB
KernelStack:       18160 kB
PageTables:        50108 kB
SecPageTables:         0 kB
NFS_Unstable:          0 kB
Bounce:                0 kB
WritebackTmp:          0 kB
CommitLimit:     8258920 kB
Committed_AS:   11350940 kB
VmallocTotal:   34359738367 kB
VmallocUsed:       46392 kB
VmallocChunk:          0 kB
Percpu:            13280 kB
HardwareCorrupted:     0 kB
AnonHugePages:    194560 kB
ShmemHugePages:        0 kB
ShmemPmdMapped:        0 kB
FileHugePages:         0 kB
FilePmdMapped:         0 kB
CmaTotal:              0 kB
CmaFree:               0 kB
Unaccepted:            0 kB
Balloon:               0 kB
HugePages_Total:       0
HugePages_Free:        0
HugePages_Rsvd:        0
HugePages_Surp:        0
Hugepagesize:       2048 kB
Hugetlb:               0 kB
DirectMap4k:      194432 kB
DirectMap2M:     6096896 kB
DirectMap1G:     4194304 kB
---SNAPSHOT---
2026-04-27 15:48:29
MemTotal:        8129240 kB
MemFree:         2902996 kB
MemAvailable:    3109104 kB
Buffers:            6832 kB
Cached:           318324 kB
SwapCached:       710256 kB
Active:          3225976 kB
Inactive:        1311328 kB
Active(anon):    3114660 kB
Inactive(anon):  1153472 kB
Active(file):     111316 kB
Inactive(file):   157856 kB
Unevictable:          16 kB
Mlocked:              16 kB
SwapTotal:       4194300 kB
SwapFree:        3484044 kB
Zswap:                 0 kB
Zswapped:              0 kB
Dirty:               700 kB
Writeback:           184 kB
AnonPages:       3508264 kB
Mapped:           263536 kB
Shmem:             55972 kB
KReclaimable:      53832 kB
Slab:             280816 kB
SReclaimable:      53832 kB
SUnreclaim:       226984 kB
KernelStack:       18128 kB
PageTables:        50380 kB
SecPageTables:         0 kB
NFS_Unstable:          0 kB
Bounce:                0 kB
WritebackTmp:          0 kB
CommitLimit:     8258920 kB
Committed_AS:   11351172 kB
VmallocTotal:   34359738367 kB
VmallocUsed:       46344 kB
VmallocChunk:          0 kB
Percpu:            13280 kB
HardwareCorrupted:     0 kB
AnonHugePages:    194560 kB
ShmemHugePages:        0 kB
ShmemPmdMapped:        0 kB
FileHugePages:         0 kB
FilePmdMapped:         0 kB
CmaTotal:              0 kB
CmaFree:               0 kB
Unaccepted:            0 kB
Balloon:               0 kB
HugePages_Total:       0
HugePages_Free:        0
HugePages_Rsvd:        0
HugePages_Surp:        0
Hugepagesize:       2048 kB
Hugetlb:               0 kB
DirectMap4k:      194432 kB
DirectMap2M:     6096896 kB
DirectMap1G:     4194304 kB
---SNAPSHOT---
2026-04-27 15:48:30
MemTotal:        8129240 kB
MemFree:         3274464 kB
MemAvailable:    3480584 kB
Buffers:            6832 kB
Cached:           318332 kB
SwapCached:       725208 kB
Active:          2783616 kB
Inactive:        1327836 kB
Active(anon):    2672300 kB
Inactive(anon):  1169968 kB
Active(file):     111316 kB
Inactive(file):   157868 kB
Unevictable:          16 kB
Mlocked:              16 kB
SwapTotal:       4194300 kB
SwapFree:        3469092 kB
Zswap:                 0 kB
Zswapped:              0 kB
Dirty:               708 kB
Writeback:           324 kB
AnonPages:       3067400 kB
Mapped:           263600 kB
Shmem:             55972 kB
KReclaimable:      53832 kB
Slab:             280820 kB
SReclaimable:      53832 kB
SUnreclaim:       226988 kB
KernelStack:       18128 kB
PageTables:        49764 kB
SecPageTables:         0 kB
NFS_Unstable:          0 kB
Bounce:                0 kB
WritebackTmp:          0 kB
CommitLimit:     8258920 kB
Committed_AS:   11351304 kB
VmallocTotal:   34359738367 kB
VmallocUsed:       46328 kB
VmallocChunk:          0 kB
Percpu:            13280 kB
HardwareCorrupted:     0 kB
AnonHugePages:    194560 kB
ShmemHugePages:        0 kB
ShmemPmdMapped:        0 kB
FileHugePages:         0 kB
FilePmdMapped:         0 kB
CmaTotal:              0 kB
CmaFree:               0 kB
Unaccepted:            0 kB
Balloon:               0 kB
HugePages_Total:       0
HugePages_Free:        0
HugePages_Rsvd:        0
HugePages_Surp:        0
Hugepagesize:       2048 kB
Hugetlb:               0 kB
DirectMap4k:      194432 kB
DirectMap2M:     6096896 kB
DirectMap1G:     4194304 kB
---SNAPSHOT---
2026-04-27 15:48:31
MemTotal:        8129240 kB
MemFree:         3110976 kB
MemAvailable:    3317104 kB
Buffers:            6832 kB
Cached:           318336 kB
SwapCached:       800276 kB
Active:          2929600 kB
Inactive:        1401324 kB
Active(anon):    2818284 kB
Inactive(anon):  1243448 kB
Active(file):     111316 kB
Inactive(file):   157876 kB
Unevictable:          16 kB
Mlocked:              16 kB
SwapTotal:       4194300 kB
SwapFree:        3393896 kB
Zswap:                 0 kB
Zswapped:              0 kB
Dirty:               712 kB
Writeback:           180 kB
AnonPages:       3211956 kB
Mapped:           263600 kB
Shmem:             55972 kB
KReclaimable:      53832 kB
Slab:             280816 kB
SReclaimable:      53832 kB
SUnreclaim:       226984 kB
KernelStack:       18128 kB
PageTables:        50008 kB
SecPageTables:         0 kB
NFS_Unstable:          0 kB
Bounce:                0 kB
WritebackTmp:          0 kB
CommitLimit:     8258920 kB
Committed_AS:   11351084 kB
VmallocTotal:   34359738367 kB
VmallocUsed:       46376 kB
VmallocChunk:          0 kB
Percpu:            13280 kB
HardwareCorrupted:     0 kB
AnonHugePages:    194560 kB
ShmemHugePages:        0 kB
ShmemPmdMapped:        0 kB
FileHugePages:         0 kB
FilePmdMapped:         0 kB
CmaTotal:              0 kB
CmaFree:               0 kB
Unaccepted:            0 kB
Balloon:               0 kB
HugePages_Total:       0
HugePages_Free:        0
HugePages_Rsvd:        0
HugePages_Surp:        0
Hugepagesize:       2048 kB
Hugetlb:               0 kB
DirectMap4k:      194432 kB
DirectMap2M:     6096896 kB
DirectMap1G:     4194304 kB
---SNAPSHOT---
2026-04-27 15:48:32
MemTotal:        8129240 kB
MemFree:         2892336 kB
MemAvailable:    3098468 kB
Buffers:            6832 kB
Cached:           318344 kB
SwapCached:       963292 kB
Active:          2992652 kB
Inactive:        1565464 kB
Active(anon):    2881336 kB
Inactive(anon):  1407584 kB
Active(file):     111316 kB
Inactive(file):   157880 kB
Unevictable:          16 kB
Mlocked:              16 kB
SwapTotal:       4194300 kB
SwapFree:        3230904 kB
Zswap:                 0 kB
Zswapped:              0 kB
Dirty:               720 kB
Writeback:           244 kB
AnonPages:       3276080 kB
Mapped:           263600 kB
Shmem:             55972 kB
KReclaimable:      53832 kB
Slab:             280824 kB
SReclaimable:      53832 kB
SUnreclaim:       226992 kB
KernelStack:       18144 kB
PageTables:        50448 kB
SecPageTables:         0 kB
NFS_Unstable:          0 kB
Bounce:                0 kB
WritebackTmp:          0 kB
CommitLimit:     8258920 kB
Committed_AS:   11351144 kB
VmallocTotal:   34359738367 kB
VmallocUsed:       46376 kB
VmallocChunk:          0 kB
Percpu:            13280 kB
HardwareCorrupted:     0 kB
AnonHugePages:    194560 kB
ShmemHugePages:        0 kB
ShmemPmdMapped:        0 kB
FileHugePages:         0 kB
FilePmdMapped:         0 kB
CmaTotal:              0 kB
CmaFree:               0 kB
Unaccepted:            0 kB
Balloon:               0 kB
HugePages_Total:       0
HugePages_Free:        0
HugePages_Rsvd:        0
HugePages_Surp:        0
Hugepagesize:       2048 kB
Hugetlb:               0 kB
DirectMap4k:      194432 kB
DirectMap2M:     6096896 kB
DirectMap1G:     4194304 kB
---SNAPSHOT---
2026-04-27 15:48:33
MemTotal:        8129240 kB
MemFree:         3289384 kB
MemAvailable:    3495520 kB
Buffers:            6832 kB
Cached:           318348 kB
SwapCached:       980536 kB
Active:          2551324 kB
Inactive:        1581812 kB
Active(anon):    2440008 kB
Inactive(anon):  1423928 kB
Active(file):     111316 kB
Inactive(file):   157884 kB
Unevictable:          16 kB
Mlocked:              16 kB
SwapTotal:       4194300 kB
SwapFree:        3213764 kB
Zswap:                 0 kB
Zswapped:              0 kB
Dirty:               724 kB
Writeback:           216 kB
AnonPages:       2833848 kB
Mapped:           263600 kB
Shmem:             55972 kB
KReclaimable:      53832 kB
Slab:             280832 kB
SReclaimable:      53832 kB
SUnreclaim:       227000 kB
KernelStack:       18144 kB
PageTables:        49812 kB
SecPageTables:         0 kB
NFS_Unstable:          0 kB
Bounce:                0 kB
WritebackTmp:          0 kB
CommitLimit:     8258920 kB
Committed_AS:   11351172 kB
VmallocTotal:   34359738367 kB
VmallocUsed:       46360 kB
VmallocChunk:          0 kB
Percpu:            13280 kB
HardwareCorrupted:     0 kB
AnonHugePages:    194560 kB
ShmemHugePages:        0 kB
ShmemPmdMapped:        0 kB
FileHugePages:         0 kB
FilePmdMapped:         0 kB
CmaTotal:              0 kB
CmaFree:               0 kB
Unaccepted:            0 kB
Balloon:               0 kB
HugePages_Total:       0
HugePages_Free:        0
HugePages_Rsvd:        0
HugePages_Surp:        0
Hugepagesize:       2048 kB
Hugetlb:               0 kB
DirectMap4k:      194432 kB
DirectMap2M:     6096896 kB
DirectMap1G:     4194304 kB
---SNAPSHOT---
2026-04-27 15:48:34
MemTotal:        8129240 kB
MemFree:         3069424 kB
MemAvailable:    3275564 kB
Buffers:            6840 kB
Cached:           318352 kB
SwapCached:       980684 kB
Active:          2801152 kB
Inactive:        1582100 kB
Active(anon):    2689836 kB
Inactive(anon):  1424212 kB
Active(file):     111316 kB
Inactive(file):   157888 kB
Unevictable:          16 kB
Mlocked:              16 kB
SwapTotal:       4194300 kB
SwapFree:        3213616 kB
Zswap:                 0 kB
Zswapped:              0 kB
Dirty:               728 kB
Writeback:           248 kB
AnonPages:       3083852 kB
Mapped:           263700 kB
Shmem:             55972 kB
KReclaimable:      53832 kB
Slab:             280824 kB
SReclaimable:      53832 kB
SUnreclaim:       226992 kB
KernelStack:       18144 kB
PageTables:        50096 kB
SecPageTables:         0 kB
NFS_Unstable:          0 kB
Bounce:                0 kB
WritebackTmp:          0 kB
CommitLimit:     8258920 kB
Committed_AS:   11351412 kB
VmallocTotal:   34359738367 kB
VmallocUsed:       46376 kB
VmallocChunk:          0 kB
Percpu:            13280 kB
HardwareCorrupted:     0 kB
AnonHugePages:    194560 kB
ShmemHugePages:        0 kB
ShmemPmdMapped:        0 kB
FileHugePages:         0 kB
FilePmdMapped:         0 kB
CmaTotal:              0 kB
CmaFree:               0 kB
Unaccepted:            0 kB
Balloon:               0 kB
HugePages_Total:       0
HugePages_Free:        0
HugePages_Rsvd:        0
HugePages_Surp:        0
Hugepagesize:       2048 kB
Hugetlb:               0 kB
DirectMap4k:      194432 kB
DirectMap2M:     6096896 kB
DirectMap1G:     4194304 kB
---SNAPSHOT---
2026-04-27 15:48:35
MemTotal:        8129240 kB
MemFree:         2844560 kB
MemAvailable:    3050732 kB
Buffers:            6840 kB
Cached:           318360 kB
SwapCached:       981404 kB
Active:          3036244 kB
Inactive:        1582116 kB
Active(anon):    2924928 kB
Inactive(anon):  1424212 kB
Active(file):     111316 kB
Inactive(file):   157904 kB
Unevictable:          16 kB
Mlocked:              16 kB
SwapTotal:       4194300 kB
SwapFree:        3212896 kB
Zswap:                 0 kB
Zswapped:              0 kB
Dirty:               736 kB
Writeback:           280 kB
AnonPages:       3318600 kB
Mapped:           263600 kB
Shmem:             55972 kB
KReclaimable:      53848 kB
Slab:             280848 kB
SReclaimable:      53848 kB
SUnreclaim:       227000 kB
KernelStack:       18220 kB
PageTables:        50764 kB
SecPageTables:         0 kB
NFS_Unstable:          0 kB
Bounce:                0 kB
WritebackTmp:          0 kB
CommitLimit:     8258920 kB
Committed_AS:   11351280 kB
VmallocTotal:   34359738367 kB
VmallocUsed:       46424 kB
VmallocChunk:          0 kB
Percpu:            13280 kB
HardwareCorrupted:     0 kB
AnonHugePages:    194560 kB
ShmemHugePages:        0 kB
ShmemPmdMapped:        0 kB
FileHugePages:         0 kB
FilePmdMapped:         0 kB
CmaTotal:              0 kB
CmaFree:               0 kB
Unaccepted:            0 kB
Balloon:               0 kB
HugePages_Total:       0
HugePages_Free:        0
HugePages_Rsvd:        0
HugePages_Surp:        0
Hugepagesize:       2048 kB
Hugetlb:               0 kB
DirectMap4k:      194432 kB
DirectMap2M:     6096896 kB
DirectMap1G:     4194304 kB
---SNAPSHOT---
2026-04-27 15:48:36
MemTotal:        8129240 kB
MemFree:         3286168 kB
MemAvailable:    3492344 kB
Buffers:            6840 kB
Cached:           318364 kB
SwapCached:      1063540 kB
Active:          2508408 kB
Inactive:        1665788 kB
Active(anon):    2397092 kB
Inactive(anon):  1507880 kB
Active(file):     111316 kB
Inactive(file):   157908 kB
Unevictable:          16 kB
Mlocked:              16 kB
SwapTotal:       4194300 kB
SwapFree:        3130664 kB
Zswap:                 0 kB
Zswapped:              0 kB
Dirty:               740 kB
Writeback:           684 kB
AnonPages:       2791816 kB
Mapped:           263600 kB
Shmem:             55972 kB
KReclaimable:      53848 kB
Slab:             280844 kB
SReclaimable:      53848 kB
SUnreclaim:       226996 kB
KernelStack:       18144 kB
PageTables:        49956 kB
SecPageTables:         0 kB
NFS_Unstable:          0 kB
Bounce:                0 kB
WritebackTmp:          0 kB
CommitLimit:     8258920 kB
Committed_AS:   11350688 kB
VmallocTotal:   34359738367 kB
VmallocUsed:       46408 kB
VmallocChunk:          0 kB
Percpu:            13280 kB
HardwareCorrupted:     0 kB
AnonHugePages:    194560 kB
ShmemHugePages:        0 kB
ShmemPmdMapped:        0 kB
FileHugePages:         0 kB
FilePmdMapped:         0 kB
CmaTotal:              0 kB
CmaFree:               0 kB
Unaccepted:            0 kB
Balloon:               0 kB
HugePages_Total:       0
HugePages_Free:        0
HugePages_Rsvd:        0
HugePages_Surp:        0
Hugepagesize:       2048 kB
Hugetlb:               0 kB
DirectMap4k:      194432 kB
DirectMap2M:     6096896 kB
DirectMap1G:     4194304 kB
---SNAPSHOT---
2026-04-27 15:48:37
MemTotal:        8129240 kB
MemFree:         3080120 kB
MemAvailable:    3286308 kB
Buffers:            6840 kB
Cached:           318372 kB
SwapCached:      1206344 kB
Active:          2581332 kB
Inactive:        1809208 kB
Active(anon):    2470016 kB
Inactive(anon):  1651288 kB
Active(file):     111316 kB
Inactive(file):   157920 kB
Unevictable:          16 kB
Mlocked:              16 kB
SwapTotal:       4194300 kB
SwapFree:        2987772 kB
Zswap:                 0 kB
Zswapped:              0 kB
Dirty:               748 kB
Writeback:           224 kB
AnonPages:       2865072 kB
Mapped:           263600 kB
Shmem:             55972 kB
KReclaimable:      53848 kB
Slab:             280860 kB
SReclaimable:      53848 kB
SUnreclaim:       227012 kB
KernelStack:       18144 kB
PageTables:        50080 kB
SecPageTables:         0 kB
NFS_Unstable:          0 kB
Bounce:                0 kB
WritebackTmp:          0 kB
CommitLimit:     8258920 kB
Committed_AS:   11350688 kB
VmallocTotal:   34359738367 kB
VmallocUsed:       46424 kB
VmallocChunk:          0 kB
Percpu:            13280 kB
HardwareCorrupted:     0 kB
AnonHugePages:    194560 kB
ShmemHugePages:        0 kB
ShmemPmdMapped:        0 kB
FileHugePages:         0 kB
FilePmdMapped:         0 kB
CmaTotal:              0 kB
CmaFree:               0 kB
Unaccepted:            0 kB
Balloon:               0 kB
HugePages_Total:       0
HugePages_Free:        0
HugePages_Rsvd:        0
HugePages_Surp:        0
Hugepagesize:       2048 kB
Hugetlb:               0 kB
DirectMap4k:      194432 kB
DirectMap2M:     6096896 kB
DirectMap1G:     4194304 kB
---SNAPSHOT---
2026-04-27 15:48:38
MemTotal:        8129240 kB
MemFree:         2892504 kB
MemAvailable:    3098700 kB
Buffers:            6840 kB
Cached:           318380 kB
SwapCached:      1355288 kB
Active:          2640932 kB
Inactive:        1956116 kB
Active(anon):    2529616 kB
Inactive(anon):  1798188 kB
Active(file):     111316 kB
Inactive(file):   157928 kB
Unevictable:          16 kB
Mlocked:              16 kB
SwapTotal:       4194300 kB
SwapFree:        2838912 kB
Zswap:                 0 kB
Zswapped:              0 kB
Dirty:               756 kB
Writeback:           924 kB
AnonPages:       2923288 kB
Mapped:           263700 kB
Shmem:             55972 kB
KReclaimable:      53848 kB
Slab:             280864 kB
SReclaimable:      53848 kB
SUnreclaim:       227016 kB
KernelStack:       18144 kB
PageTables:        50568 kB
SecPageTables:         0 kB
NFS_Unstable:          0 kB
Bounce:                0 kB
WritebackTmp:          0 kB
CommitLimit:     8258920 kB
Committed_AS:   11351280 kB
VmallocTotal:   34359738367 kB
VmallocUsed:       46392 kB
VmallocChunk:          0 kB
Percpu:            13280 kB
HardwareCorrupted:     0 kB
AnonHugePages:    194560 kB
ShmemHugePages:        0 kB
ShmemPmdMapped:        0 kB
FileHugePages:         0 kB
FilePmdMapped:         0 kB
CmaTotal:              0 kB
CmaFree:               0 kB
Unaccepted:            0 kB
Balloon:               0 kB
HugePages_Total:       0
HugePages_Free:        0
HugePages_Rsvd:        0
HugePages_Surp:        0
Hugepagesize:       2048 kB
Hugetlb:               0 kB
DirectMap4k:      194432 kB
DirectMap2M:     6096896 kB
DirectMap1G:     4194304 kB
---SNAPSHOT---
2026-04-27 15:48:39
MemTotal:        8129240 kB
MemFree:         3318004 kB
MemAvailable:    3524208 kB
Buffers:            6848 kB
Cached:           318384 kB
SwapCached:      1501332 kB
Active:          2064080 kB
Inactive:        2104096 kB
Active(anon):    1952764 kB
Inactive(anon):  1946160 kB
Active(file):     111316 kB
Inactive(file):   157936 kB
Unevictable:          16 kB
Mlocked:              16 kB
SwapTotal:       4194300 kB
SwapFree:        2692692 kB
Zswap:                 0 kB
Zswapped:              0 kB
Dirty:               760 kB
Writeback:           240 kB
AnonPages:       2348040 kB
Mapped:           263600 kB
Shmem:             55972 kB
KReclaimable:      53848 kB
Slab:             280856 kB
SReclaimable:      53848 kB
SUnreclaim:       227008 kB
KernelStack:       18144 kB
PageTables:        49780 kB
SecPageTables:         0 kB
NFS_Unstable:          0 kB
Bounce:                0 kB
WritebackTmp:          0 kB
CommitLimit:     8258920 kB
Committed_AS:   11350952 kB
VmallocTotal:   34359738367 kB
VmallocUsed:       46392 kB
VmallocChunk:          0 kB
Percpu:            13280 kB
HardwareCorrupted:     0 kB
AnonHugePages:    194560 kB
ShmemHugePages:        0 kB
ShmemPmdMapped:        0 kB
FileHugePages:         0 kB
FilePmdMapped:         0 kB
CmaTotal:              0 kB
CmaFree:               0 kB
Unaccepted:            0 kB
Balloon:               0 kB
HugePages_Total:       0
HugePages_Free:        0
HugePages_Rsvd:        0
HugePages_Surp:        0
Hugepagesize:       2048 kB
Hugetlb:               0 kB
DirectMap4k:      194432 kB
DirectMap2M:     6096896 kB
DirectMap1G:     4194304 kB
---SNAPSHOT---
2026-04-27 15:48:40
MemTotal:        8129240 kB
MemFree:         3103244 kB
MemAvailable:    3309456 kB
Buffers:            6848 kB
Cached:           318392 kB
SwapCached:      1646376 kB
Active:          2147832 kB
Inactive:        2247532 kB
Active(anon):    2036516 kB
Inactive(anon):  2089588 kB
Active(file):     111316 kB
Inactive(file):   157944 kB
Unevictable:          16 kB
Mlocked:              16 kB
SwapTotal:       4194300 kB
SwapFree:        2547924 kB
Zswap:                 0 kB
Zswapped:              0 kB
Dirty:               768 kB
Writeback:           240 kB
AnonPages:       2430260 kB
Mapped:           263600 kB
Shmem:             55972 kB
KReclaimable:      53848 kB
Slab:             280856 kB
SReclaimable:      53848 kB
SUnreclaim:       227008 kB
KernelStack:       18144 kB
PageTables:        50100 kB
SecPageTables:         0 kB
NFS_Unstable:          0 kB
Bounce:                0 kB
WritebackTmp:          0 kB
CommitLimit:     8258920 kB
Committed_AS:   11351040 kB
VmallocTotal:   34359738367 kB
VmallocUsed:       46360 kB
VmallocChunk:          0 kB
Percpu:            13280 kB
HardwareCorrupted:     0 kB
AnonHugePages:    194560 kB
ShmemHugePages:        0 kB
ShmemPmdMapped:        0 kB
FileHugePages:         0 kB
FilePmdMapped:         0 kB
CmaTotal:              0 kB
CmaFree:               0 kB
Unaccepted:            0 kB
Balloon:               0 kB
HugePages_Total:       0
HugePages_Free:        0
HugePages_Rsvd:        0
HugePages_Surp:        0
Hugepagesize:       2048 kB
Hugetlb:               0 kB
DirectMap4k:      194432 kB
DirectMap2M:     6096896 kB
DirectMap1G:     4194304 kB
---SNAPSHOT---
2026-04-27 15:48:41
MemTotal:        8129240 kB
MemFree:         3440784 kB
MemAvailable:    3647004 kB
Buffers:            6848 kB
Cached:           318396 kB
SwapCached:      1246748 kB
Active:          2225504 kB
Inactive:        1849080 kB
Active(anon):    2114188 kB
Inactive(anon):  1691128 kB
Active(file):     111316 kB
Inactive(file):   157952 kB
Unevictable:          16 kB
Mlocked:              16 kB
SwapTotal:       4194300 kB
SwapFree:        2947416 kB
Zswap:                 0 kB
Zswapped:              0 kB
Dirty:               772 kB
Writeback:           224 kB
AnonPages:       2506936 kB
Mapped:           263600 kB
Shmem:             55972 kB
KReclaimable:      53848 kB
Slab:             280860 kB
SReclaimable:      53848 kB
SUnreclaim:       227012 kB
KernelStack:       18144 kB
PageTables:        50540 kB
SecPageTables:         0 kB
NFS_Unstable:          0 kB
Bounce:                0 kB
WritebackTmp:          0 kB
CommitLimit:     8258920 kB
Committed_AS:   11351276 kB
VmallocTotal:   34359738367 kB
VmallocUsed:       46392 kB
VmallocChunk:          0 kB
Percpu:            13280 kB
HardwareCorrupted:     0 kB
AnonHugePages:    194560 kB
ShmemHugePages:        0 kB
ShmemPmdMapped:        0 kB
FileHugePages:         0 kB
FilePmdMapped:         0 kB
CmaTotal:              0 kB
CmaFree:               0 kB
Unaccepted:            0 kB
Balloon:               0 kB
HugePages_Total:       0
HugePages_Free:        0
HugePages_Rsvd:        0
HugePages_Surp:        0
Hugepagesize:       2048 kB
Hugetlb:               0 kB
DirectMap4k:      194432 kB
DirectMap2M:     6096896 kB
DirectMap1G:     4194304 kB
---SNAPSHOT---
2026-04-27 15:48:42
MemTotal:        8129240 kB
MemFree:         4861044 kB
MemAvailable:    5067272 kB
Buffers:            6848 kB
Cached:           318404 kB
SwapCached:          212 kB
Active:          2073880 kB
Inactive:         604932 kB
Active(anon):    1962564 kB
Inactive(anon):   446972 kB
Active(file):     111316 kB
Inactive(file):   157960 kB
Unevictable:          16 kB
Mlocked:              16 kB
SwapTotal:       4194300 kB
SwapFree:        4194300 kB
Zswap:                 0 kB
Zswapped:              0 kB
Dirty:               780 kB
Writeback:             0 kB
AnonPages:       2353688 kB
Mapped:           263600 kB
Shmem:             55972 kB
KReclaimable:      53848 kB
Slab:             280896 kB
SReclaimable:      53848 kB
SUnreclaim:       227048 kB
KernelStack:       18144 kB
PageTables:        46416 kB
SecPageTables:         0 kB
NFS_Unstable:          0 kB
Bounce:                0 kB
WritebackTmp:          0 kB
CommitLimit:     8258920 kB
Committed_AS:   11350944 kB
VmallocTotal:   34359738367 kB
VmallocUsed:       46408 kB
VmallocChunk:          0 kB
Percpu:            13280 kB
HardwareCorrupted:     0 kB
AnonHugePages:    194560 kB
ShmemHugePages:        0 kB
ShmemPmdMapped:        0 kB
FileHugePages:         0 kB
FilePmdMapped:         0 kB
CmaTotal:              0 kB
CmaFree:               0 kB
Unaccepted:            0 kB
Balloon:               0 kB
HugePages_Total:       0
HugePages_Free:        0
HugePages_Rsvd:        0
HugePages_Surp:        0
Hugepagesize:       2048 kB
Hugetlb:               0 kB
DirectMap4k:      194432 kB
DirectMap2M:     6096896 kB
DirectMap1G:     4194304 kB
---SNAPSHOT---
2026-04-27 15:48:43
MemTotal:        8129240 kB
MemFree:         4018184 kB
MemAvailable:    4224412 kB
Buffers:            6848 kB
Cached:           318408 kB
SwapCached:            0 kB
Active:          2919696 kB
Inactive:         604836 kB
Active(anon):    2808380 kB
Inactive(anon):   446876 kB
Active(file):     111316 kB
Inactive(file):   157960 kB
Unevictable:          16 kB
Mlocked:              16 kB
SwapTotal:       4194300 kB
SwapFree:        4194300 kB
Zswap:                 0 kB
Zswapped:              0 kB
Dirty:               784 kB
Writeback:             0 kB
AnonPages:       3199648 kB
Mapped:           263600 kB
Shmem:             55972 kB
KReclaimable:      53848 kB
Slab:             280872 kB
SReclaimable:      53848 kB
SUnreclaim:       227024 kB
KernelStack:       18144 kB
PageTables:        48116 kB
SecPageTables:         0 kB
NFS_Unstable:          0 kB
Bounce:                0 kB
WritebackTmp:          0 kB
CommitLimit:     8258920 kB
Committed_AS:   11351520 kB
VmallocTotal:   34359738367 kB
VmallocUsed:       46392 kB
VmallocChunk:          0 kB
Percpu:            13280 kB
HardwareCorrupted:     0 kB
AnonHugePages:    194560 kB
ShmemHugePages:        0 kB
ShmemPmdMapped:        0 kB
FileHugePages:         0 kB
FilePmdMapped:         0 kB
CmaTotal:              0 kB
CmaFree:               0 kB
Unaccepted:            0 kB
Balloon:               0 kB
HugePages_Total:       0
HugePages_Free:        0
HugePages_Rsvd:        0
HugePages_Surp:        0
Hugepagesize:       2048 kB
Hugetlb:               0 kB
DirectMap4k:      194432 kB
DirectMap2M:     6096896 kB
DirectMap1G:     4194304 kB
---SNAPSHOT---
2026-04-27 15:48:44
MemTotal:        8129240 kB
MemFree:         3152572 kB
MemAvailable:    3358804 kB
Buffers:            6856 kB
Cached:           318404 kB
SwapCached:            0 kB
Active:          3787096 kB
Inactive:         604840 kB
Active(anon):    3675780 kB
Inactive(anon):   446876 kB
Active(file):     111316 kB
Inactive(file):   157964 kB
Unevictable:          16 kB
Mlocked:              16 kB
SwapTotal:       4194300 kB
SwapFree:        4194300 kB
Zswap:                 0 kB
Zswapped:              0 kB
Dirty:               788 kB
Writeback:             0 kB
AnonPages:       4066820 kB
Mapped:           263600 kB
Shmem:             55972 kB
KReclaimable:      53848 kB
Slab:             280860 kB
SReclaimable:      53848 kB
SUnreclaim:       227012 kB
KernelStack:       18144 kB
PageTables:        49608 kB
SecPageTables:         0 kB
NFS_Unstable:          0 kB
Bounce:                0 kB
WritebackTmp:          0 kB
CommitLimit:     8258920 kB
Committed_AS:   11351180 kB
VmallocTotal:   34359738367 kB
VmallocUsed:       46392 kB
VmallocChunk:          0 kB
Percpu:            13280 kB
HardwareCorrupted:     0 kB
AnonHugePages:    194560 kB
ShmemHugePages:        0 kB
ShmemPmdMapped:        0 kB
FileHugePages:         0 kB
FilePmdMapped:         0 kB
CmaTotal:              0 kB
CmaFree:               0 kB
Unaccepted:            0 kB
Balloon:               0 kB
HugePages_Total:       0
HugePages_Free:        0
HugePages_Rsvd:        0
HugePages_Surp:        0
Hugepagesize:       2048 kB
Hugetlb:               0 kB
DirectMap4k:      194432 kB
DirectMap2M:     6096896 kB
DirectMap1G:     4194304 kB
---SNAPSHOT---
2026-04-27 15:48:46
MemTotal:        8129240 kB
MemFree:         4894596 kB
MemAvailable:    5100852 kB
Buffers:            6860 kB
Cached:           318420 kB
SwapCached:            0 kB
Active:          2018848 kB
Inactive:         604864 kB
Active(anon):    1907532 kB
Inactive(anon):   446876 kB
Active(file):     111316 kB
Inactive(file):   157988 kB
Unevictable:          16 kB
Mlocked:              16 kB
SwapTotal:       4194300 kB
SwapFree:        4194300 kB
Zswap:                 0 kB
Zswapped:              0 kB
Dirty:               192 kB
Writeback:             0 kB
AnonPages:       2298568 kB
Mapped:           263600 kB
Shmem:             55972 kB
KReclaimable:      53848 kB
Slab:             280872 kB
SReclaimable:      53848 kB
SUnreclaim:       227024 kB
KernelStack:       18144 kB
PageTables:        46284 kB
SecPageTables:         0 kB
NFS_Unstable:          0 kB
Bounce:                0 kB
WritebackTmp:          0 kB
CommitLimit:     8258920 kB
Committed_AS:   11351544 kB
VmallocTotal:   34359738367 kB
VmallocUsed:       46408 kB
VmallocChunk:          0 kB
Percpu:            13280 kB
HardwareCorrupted:     0 kB
AnonHugePages:    194560 kB
ShmemHugePages:        0 kB
ShmemPmdMapped:        0 kB
FileHugePages:         0 kB
FilePmdMapped:         0 kB
CmaTotal:              0 kB
CmaFree:               0 kB
Unaccepted:            0 kB
Balloon:               0 kB
HugePages_Total:       0
HugePages_Free:        0
HugePages_Rsvd:        0
HugePages_Surp:        0
Hugepagesize:       2048 kB
Hugetlb:               0 kB
DirectMap4k:      194432 kB
DirectMap2M:     6096896 kB
DirectMap1G:     4194304 kB
---SNAPSHOT---
2026-04-27 15:48:47
MemTotal:        8129240 kB
MemFree:         4030204 kB
MemAvailable:    4236460 kB
Buffers:            6860 kB
Cached:           318424 kB
SwapCached:            0 kB
Active:          2918228 kB
Inactive:         604864 kB
Active(anon):    2806912 kB
Inactive(anon):   446876 kB
Active(file):     111316 kB
Inactive(file):   157988 kB
Unevictable:          16 kB
Mlocked:              16 kB
SwapTotal:       4194300 kB
SwapFree:        4194300 kB
Zswap:                 0 kB
Zswapped:              0 kB
Dirty:               196 kB
Writeback:             0 kB
AnonPages:       3198008 kB
Mapped:           263600 kB
Shmem:             55972 kB
KReclaimable:      53848 kB
Slab:             280872 kB
SReclaimable:      53848 kB
SUnreclaim:       227024 kB
KernelStack:       18144 kB
PageTables:        47828 kB
SecPageTables:         0 kB
NFS_Unstable:          0 kB
Bounce:                0 kB
WritebackTmp:          0 kB
CommitLimit:     8258920 kB
Committed_AS:   11350928 kB
VmallocTotal:   34359738367 kB
VmallocUsed:       46392 kB
VmallocChunk:          0 kB
Percpu:            13280 kB
HardwareCorrupted:     0 kB
AnonHugePages:    194560 kB
ShmemHugePages:        0 kB
ShmemPmdMapped:        0 kB
FileHugePages:         0 kB
FilePmdMapped:         0 kB
CmaTotal:              0 kB
CmaFree:               0 kB
Unaccepted:            0 kB
Balloon:               0 kB
HugePages_Total:       0
HugePages_Free:        0
HugePages_Rsvd:        0
HugePages_Surp:        0
Hugepagesize:       2048 kB
Hugetlb:               0 kB
DirectMap4k:      194432 kB
DirectMap2M:     6096896 kB
DirectMap1G:     4194304 kB
---SNAPSHOT---
2026-04-27 15:48:48
MemTotal:        8129240 kB
MemFree:         3162340 kB
MemAvailable:    3368604 kB
Buffers:            6860 kB
Cached:           318432 kB
SwapCached:            0 kB
Active:          3807988 kB
Inactive:         604872 kB
Active(anon):    3696672 kB
Inactive(anon):   446876 kB
Active(file):     111316 kB
Inactive(file):   157996 kB
Unevictable:          16 kB
Mlocked:              16 kB
SwapTotal:       4194300 kB
SwapFree:        4194300 kB
Zswap:                 0 kB
Zswapped:              0 kB
Dirty:               204 kB
Writeback:             0 kB
AnonPages:       4087532 kB
Mapped:           263600 kB
Shmem:             55972 kB
KReclaimable:      53848 kB
Slab:             280860 kB
SReclaimable:      53848 kB
SUnreclaim:       227012 kB
KernelStack:       18144 kB
PageTables:        49576 kB
SecPageTables:         0 kB
NFS_Unstable:          0 kB
Bounce:                0 kB
WritebackTmp:          0 kB
CommitLimit:     8258920 kB
Committed_AS:   11351028 kB
VmallocTotal:   34359738367 kB
VmallocUsed:       46376 kB
VmallocChunk:          0 kB
Percpu:            13280 kB
HardwareCorrupted:     0 kB
AnonHugePages:    194560 kB
ShmemHugePages:        0 kB
ShmemPmdMapped:        0 kB
FileHugePages:         0 kB
FilePmdMapped:         0 kB
CmaTotal:              0 kB
CmaFree:               0 kB
Unaccepted:            0 kB
Balloon:               0 kB
HugePages_Total:       0
HugePages_Free:        0
HugePages_Rsvd:        0
HugePages_Surp:        0
Hugepagesize:       2048 kB
Hugetlb:               0 kB
DirectMap4k:      194432 kB
DirectMap2M:     6096896 kB
DirectMap1G:     4194304 kB
---SNAPSHOT---
2026-04-27 15:48:49
MemTotal:        8129240 kB
MemFree:         4857804 kB
MemAvailable:    5064072 kB
Buffers:            6860 kB
Cached:           318436 kB
SwapCached:            0 kB
Active:          2050720 kB
Inactive:         604876 kB
Active(anon):    1939404 kB
Inactive(anon):   446876 kB
Active(file):     111316 kB
Inactive(file):   158000 kB
Unevictable:          16 kB
Mlocked:              16 kB
SwapTotal:       4194300 kB
SwapFree:        4194300 kB
Zswap:                 0 kB
Zswapped:              0 kB
Dirty:               208 kB
Writeback:             0 kB
AnonPages:       2330460 kB
Mapped:           263600 kB
Shmem:             55972 kB
KReclaimable:      53848 kB
Slab:             280864 kB
SReclaimable:      53848 kB
SUnreclaim:       227016 kB
KernelStack:       18160 kB
PageTables:        47564 kB
SecPageTables:         0 kB
NFS_Unstable:          0 kB
Bounce:                0 kB
WritebackTmp:          0 kB
CommitLimit:     8258920 kB
Committed_AS:   11351184 kB
VmallocTotal:   34359738367 kB
VmallocUsed:       46376 kB
VmallocChunk:          0 kB
Percpu:            13280 kB
HardwareCorrupted:     0 kB
AnonHugePages:    194560 kB
ShmemHugePages:        0 kB
ShmemPmdMapped:        0 kB
FileHugePages:         0 kB
FilePmdMapped:         0 kB
CmaTotal:              0 kB
CmaFree:               0 kB
Unaccepted:            0 kB
Balloon:               0 kB
HugePages_Total:       0
HugePages_Free:        0
HugePages_Rsvd:        0
HugePages_Surp:        0
Hugepagesize:       2048 kB
Hugetlb:               0 kB
DirectMap4k:      194432 kB
DirectMap2M:     6096896 kB
DirectMap1G:     4194304 kB
---SNAPSHOT---
2026-04-27 15:48:50
MemTotal:        8129240 kB
MemFree:         4046524 kB
MemAvailable:    4252800 kB
Buffers:            6868 kB
Cached:           318436 kB
SwapCached:            0 kB
Active:          2897800 kB
Inactive:         604884 kB
Active(anon):    2786484 kB
Inactive(anon):   446876 kB
Active(file):     111316 kB
Inactive(file):   158008 kB
Unevictable:          16 kB
Mlocked:              16 kB
SwapTotal:       4194300 kB
SwapFree:        4194300 kB
Zswap:                 0 kB
Zswapped:              0 kB
Dirty:               216 kB
Writeback:             0 kB
AnonPages:       3177772 kB
Mapped:           263600 kB
Shmem:             55972 kB
KReclaimable:      53848 kB
Slab:             280860 kB
SReclaimable:      53848 kB
SUnreclaim:       227012 kB
KernelStack:       18144 kB
PageTables:        48980 kB
SecPageTables:         0 kB
NFS_Unstable:          0 kB
Bounce:                0 kB
WritebackTmp:          0 kB
CommitLimit:     8258920 kB
Committed_AS:   11351024 kB
VmallocTotal:   34359738367 kB
VmallocUsed:       46376 kB
VmallocChunk:          0 kB
Percpu:            13280 kB
HardwareCorrupted:     0 kB
AnonHugePages:    194560 kB
ShmemHugePages:        0 kB
ShmemPmdMapped:        0 kB
FileHugePages:         0 kB
FilePmdMapped:         0 kB
CmaTotal:              0 kB
CmaFree:               0 kB
Unaccepted:            0 kB
Balloon:               0 kB
HugePages_Total:       0
HugePages_Free:        0
HugePages_Rsvd:        0
HugePages_Surp:        0
Hugepagesize:       2048 kB
Hugetlb:               0 kB
DirectMap4k:      194432 kB
DirectMap2M:     6096896 kB
DirectMap1G:     4194304 kB
---SNAPSHOT---
2026-04-27 15:48:51
MemTotal:        8129240 kB
MemFree:         3228664 kB
MemAvailable:    3434968 kB
Buffers:            6868 kB
Cached:           318460 kB
SwapCached:            0 kB
Active:          3714684 kB
Inactive:         604912 kB
Active(anon):    3603368 kB
Inactive(anon):   446876 kB
Active(file):     111316 kB
Inactive(file):   158036 kB
Unevictable:          16 kB
Mlocked:              16 kB
SwapTotal:       4194300 kB
SwapFree:        4194300 kB
Zswap:                 0 kB
Zswapped:              0 kB
Dirty:                44 kB
Writeback:             0 kB
AnonPages:       3988564 kB
Mapped:           263828 kB
Shmem:             55972 kB
KReclaimable:      53848 kB
Slab:             280864 kB
SReclaimable:      53848 kB
SUnreclaim:       227016 kB
KernelStack:       18144 kB
PageTables:        49952 kB
SecPageTables:         0 kB
NFS_Unstable:          0 kB
Bounce:                0 kB
WritebackTmp:          0 kB
CommitLimit:     8258920 kB
Committed_AS:   11350784 kB
VmallocTotal:   34359738367 kB
VmallocUsed:       46360 kB
VmallocChunk:          0 kB
Percpu:            13280 kB
HardwareCorrupted:     0 kB
AnonHugePages:    194560 kB
ShmemHugePages:        0 kB
ShmemPmdMapped:        0 kB
FileHugePages:         0 kB
FilePmdMapped:         0 kB
CmaTotal:              0 kB
CmaFree:               0 kB
Unaccepted:            0 kB
Balloon:               0 kB
HugePages_Total:       0
HugePages_Free:        0
HugePages_Rsvd:        0
HugePages_Surp:        0
Hugepagesize:       2048 kB
Hugetlb:               0 kB
DirectMap4k:      194432 kB
DirectMap2M:     6096896 kB
DirectMap1G:     4194304 kB
---SNAPSHOT---
2026-04-27 15:48:52
MemTotal:        8129240 kB
MemFree:         4398540 kB
MemAvailable:    4604844 kB
Buffers:            6868 kB
Cached:           318464 kB
SwapCached:            0 kB
Active:          2522216 kB
Inactive:         604912 kB
Active(anon):    2410900 kB
Inactive(anon):   446876 kB
Active(file):     111316 kB
Inactive(file):   158036 kB
Unevictable:          16 kB
Mlocked:              16 kB
SwapTotal:       4194300 kB
SwapFree:        4194300 kB
Zswap:                 0 kB
Zswapped:              0 kB
Dirty:                60 kB
Writeback:             0 kB
AnonPages:       2802620 kB
Mapped:           263600 kB
Shmem:             55972 kB
KReclaimable:      53848 kB
Slab:             280860 kB
SReclaimable:      53848 kB
SUnreclaim:       227012 kB
KernelStack:       18188 kB
PageTables:        47416 kB
SecPageTables:         0 kB
NFS_Unstable:          0 kB
Bounce:                0 kB
WritebackTmp:          0 kB
CommitLimit:     8258920 kB
Committed_AS:   11351412 kB
VmallocTotal:   34359738367 kB
VmallocUsed:       46392 kB
VmallocChunk:          0 kB
Percpu:            13280 kB
HardwareCorrupted:     0 kB
AnonHugePages:    194560 kB
ShmemHugePages:        0 kB
ShmemPmdMapped:        0 kB
FileHugePages:         0 kB
FilePmdMapped:         0 kB
CmaTotal:              0 kB
CmaFree:               0 kB
Unaccepted:            0 kB
Balloon:               0 kB
HugePages_Total:       0
HugePages_Free:        0
HugePages_Rsvd:        0
HugePages_Surp:        0
Hugepagesize:       2048 kB
Hugetlb:               0 kB
DirectMap4k:      194432 kB
DirectMap2M:     6096896 kB
DirectMap1G:     4194304 kB
---SNAPSHOT---
2026-04-27 15:48:53
MemTotal:        8129240 kB
MemFree:         4253136 kB
MemAvailable:    4459448 kB
Buffers:            6868 kB
Cached:           318472 kB
SwapCached:            0 kB
Active:          2669124 kB
Inactive:         604920 kB
Active(anon):    2557808 kB
Inactive(anon):   446876 kB
Active(file):     111316 kB
Inactive(file):   158044 kB
Unevictable:          16 kB
Mlocked:              16 kB
SwapTotal:       4194300 kB
SwapFree:        4194300 kB
Zswap:                 0 kB
Zswapped:              0 kB
Dirty:                68 kB
Writeback:             0 kB
AnonPages:       2948916 kB
Mapped:           263600 kB
Shmem:             55972 kB
KReclaimable:      53848 kB
Slab:             280844 kB
SReclaimable:      53848 kB
SUnreclaim:       226996 kB
KernelStack:       18144 kB
PageTables:        47364 kB
SecPageTables:         0 kB
NFS_Unstable:          0 kB
Bounce:                0 kB
WritebackTmp:          0 kB
CommitLimit:     8258920 kB
Committed_AS:   11350916 kB
VmallocTotal:   34359738367 kB
VmallocUsed:       46344 kB
VmallocChunk:          0 kB
Percpu:            13280 kB
HardwareCorrupted:     0 kB
AnonHugePages:    194560 kB
ShmemHugePages:        0 kB
ShmemPmdMapped:        0 kB
FileHugePages:         0 kB
FilePmdMapped:         0 kB
CmaTotal:              0 kB
CmaFree:               0 kB
Unaccepted:            0 kB
Balloon:               0 kB
HugePages_Total:       0
HugePages_Free:        0
HugePages_Rsvd:        0
HugePages_Surp:        0
Hugepagesize:       2048 kB
Hugetlb:               0 kB
DirectMap4k:      194432 kB
DirectMap2M:     6096896 kB
DirectMap1G:     4194304 kB
---SNAPSHOT---
2026-04-27 15:48:54
MemTotal:        8129240 kB
MemFree:         3384744 kB
MemAvailable:    3591060 kB
Buffers:            6868 kB
Cached:           318476 kB
SwapCached:            0 kB
Active:          3557060 kB
Inactive:         604924 kB
Active(anon):    3445744 kB
Inactive(anon):   446876 kB
Active(file):     111316 kB
Inactive(file):   158048 kB
Unevictable:          16 kB
Mlocked:              16 kB
SwapTotal:       4194300 kB
SwapFree:        4194300 kB
Zswap:                 0 kB
Zswapped:              0 kB
Dirty:                72 kB
Writeback:             0 kB
AnonPages:       3837204 kB
Mapped:           263600 kB
Shmem:             55972 kB
KReclaimable:      53848 kB
Slab:             280844 kB
SReclaimable:      53848 kB
SUnreclaim:       226996 kB
KernelStack:       18160 kB
PageTables:        49644 kB
SecPageTables:         0 kB
NFS_Unstable:          0 kB
Bounce:                0 kB
WritebackTmp:          0 kB
CommitLimit:     8258920 kB
Committed_AS:   11351408 kB
VmallocTotal:   34359738367 kB
VmallocUsed:       46360 kB
VmallocChunk:          0 kB
Percpu:            13280 kB
HardwareCorrupted:     0 kB
AnonHugePages:    194560 kB
ShmemHugePages:        0 kB
ShmemPmdMapped:        0 kB
FileHugePages:         0 kB
FilePmdMapped:         0 kB
CmaTotal:              0 kB
CmaFree:               0 kB
Unaccepted:            0 kB
Balloon:               0 kB
HugePages_Total:       0
HugePages_Free:        0
HugePages_Rsvd:        0
HugePages_Surp:        0
Hugepagesize:       2048 kB
Hugetlb:               0 kB
DirectMap4k:      194432 kB
DirectMap2M:     6096896 kB
DirectMap1G:     4194304 kB
---SNAPSHOT---
2026-04-27 15:48:55
MemTotal:        8129240 kB
MemFree:         4438300 kB
MemAvailable:    4644624 kB
Buffers:            6876 kB
Cached:           318480 kB
SwapCached:            0 kB
Active:          2508064 kB
Inactive:         604932 kB
Active(anon):    2396748 kB
Inactive(anon):   446876 kB
Active(file):     111316 kB
Inactive(file):   158056 kB
Unevictable:          16 kB
Mlocked:              16 kB
SwapTotal:       4194300 kB
SwapFree:        4194300 kB
Zswap:                 0 kB
Zswapped:              0 kB
Dirty:                88 kB
Writeback:             0 kB
AnonPages:       2787896 kB
Mapped:           263828 kB
Shmem:             55972 kB
KReclaimable:      53848 kB
Slab:             280868 kB
SReclaimable:      53848 kB
SUnreclaim:       227020 kB
KernelStack:       18144 kB
PageTables:        47252 kB
SecPageTables:         0 kB
NFS_Unstable:          0 kB
Bounce:                0 kB
WritebackTmp:          0 kB
CommitLimit:     8258920 kB
Committed_AS:   11351300 kB
VmallocTotal:   34359738367 kB
VmallocUsed:       46360 kB
VmallocChunk:          0 kB
Percpu:            13280 kB
HardwareCorrupted:     0 kB
AnonHugePages:    194560 kB
ShmemHugePages:        0 kB
ShmemPmdMapped:        0 kB
FileHugePages:         0 kB
FilePmdMapped:         0 kB
CmaTotal:              0 kB
CmaFree:               0 kB
Unaccepted:            0 kB
Balloon:               0 kB
HugePages_Total:       0
HugePages_Free:        0
HugePages_Rsvd:        0
HugePages_Surp:        0
Hugepagesize:       2048 kB
Hugetlb:               0 kB
DirectMap4k:      194432 kB
DirectMap2M:     6096896 kB
DirectMap1G:     4194304 kB
---SNAPSHOT---
2026-04-27 15:48:56
MemTotal:        8129240 kB
MemFree:         4182272 kB
MemAvailable:    4388668 kB
Buffers:            7020 kB
Cached:           318488 kB
SwapCached:            0 kB
Active:          2761556 kB
Inactive:         605004 kB
Active(anon):    2650240 kB
Inactive(anon):   446876 kB
Active(file):     111316 kB
Inactive(file):   158128 kB
Unevictable:          16 kB
Mlocked:              16 kB
SwapTotal:       4194300 kB
SwapFree:        4194300 kB
Zswap:                 0 kB
Zswapped:              0 kB
Dirty:                92 kB
Writeback:             0 kB
AnonPages:       3041184 kB
Mapped:           263600 kB
Shmem:             55972 kB
KReclaimable:      53848 kB
Slab:             280860 kB
SReclaimable:      53848 kB
SUnreclaim:       227012 kB
KernelStack:       18160 kB
PageTables:        47544 kB
SecPageTables:         0 kB
NFS_Unstable:          0 kB
Bounce:                0 kB
WritebackTmp:          0 kB
CommitLimit:     8258920 kB
Committed_AS:   11351408 kB
VmallocTotal:   34359738367 kB
VmallocUsed:       46376 kB
VmallocChunk:          0 kB
Percpu:            13280 kB
HardwareCorrupted:     0 kB
AnonHugePages:    194560 kB
ShmemHugePages:        0 kB
ShmemPmdMapped:        0 kB
FileHugePages:         0 kB
FilePmdMapped:         0 kB
CmaTotal:              0 kB
CmaFree:               0 kB
Unaccepted:            0 kB
Balloon:               0 kB
HugePages_Total:       0
HugePages_Free:        0
HugePages_Rsvd:        0
HugePages_Surp:        0
Hugepagesize:       2048 kB
Hugetlb:               0 kB
DirectMap4k:      194432 kB
DirectMap2M:     6096896 kB
DirectMap1G:     4194304 kB
---SNAPSHOT---
2026-04-27 15:48:57
MemTotal:        8129240 kB
MemFree:         3282548 kB
MemAvailable:    3489036 kB
Buffers:            7020 kB
Cached:           318492 kB
SwapCached:            0 kB
Active:          3662596 kB
Inactive:         605096 kB
Active(anon):    3551280 kB
Inactive(anon):   446876 kB
Active(file):     111316 kB
Inactive(file):   158220 kB
Unevictable:          16 kB
Mlocked:              16 kB
SwapTotal:       4194300 kB
SwapFree:        4194300 kB
Zswap:                 0 kB
Zswapped:              0 kB
Dirty:                96 kB
Writeback:             0 kB
AnonPages:       3942520 kB
Mapped:           263600 kB
Shmem:             55972 kB
KReclaimable:      53848 kB
Slab:             280864 kB
SReclaimable:      53848 kB
SUnreclaim:       227016 kB
KernelStack:       18144 kB
PageTables:        50024 kB
SecPageTables:         0 kB
NFS_Unstable:          0 kB
Bounce:                0 kB
WritebackTmp:          0 kB
CommitLimit:     8258920 kB
Committed_AS:   11351412 kB
VmallocTotal:   34359738367 kB
VmallocUsed:       46392 kB
VmallocChunk:          0 kB
Percpu:            13280 kB
HardwareCorrupted:     0 kB
AnonHugePages:    194560 kB
ShmemHugePages:        0 kB
ShmemPmdMapped:        0 kB
FileHugePages:         0 kB
FilePmdMapped:         0 kB
CmaTotal:              0 kB
CmaFree:               0 kB
Unaccepted:            0 kB
Balloon:               0 kB
HugePages_Total:       0
HugePages_Free:        0
HugePages_Rsvd:        0
HugePages_Surp:        0
Hugepagesize:       2048 kB
Hugetlb:               0 kB
DirectMap4k:      194432 kB
DirectMap2M:     6096896 kB
DirectMap1G:     4194304 kB
---SNAPSHOT---
2026-04-27 15:48:58
MemTotal:        8129240 kB
MemFree:         4348348 kB
MemAvailable:    4554840 kB
Buffers:            7020 kB
Cached:           318500 kB
SwapCached:            0 kB
Active:          2600516 kB
Inactive:         605100 kB
Active(anon):    2489200 kB
Inactive(anon):   446876 kB
Active(file):     111316 kB
Inactive(file):   158224 kB
Unevictable:          16 kB
Mlocked:              16 kB
SwapTotal:       4194300 kB
SwapFree:        4194300 kB
Zswap:                 0 kB
Zswapped:              0 kB
Dirty:               104 kB
Writeback:             0 kB
AnonPages:       2880312 kB
Mapped:           263600 kB
Shmem:             55972 kB
KReclaimable:      53848 kB
Slab:             280864 kB
SReclaimable:      53848 kB
SUnreclaim:       227016 kB
KernelStack:       18204 kB
PageTables:        47828 kB
SecPageTables:         0 kB
NFS_Unstable:          0 kB
Bounce:                0 kB
WritebackTmp:          0 kB
CommitLimit:     8258920 kB
Committed_AS:   11351168 kB
VmallocTotal:   34359738367 kB
VmallocUsed:       46392 kB
VmallocChunk:          0 kB
Percpu:            13280 kB
HardwareCorrupted:     0 kB
AnonHugePages:    194560 kB
ShmemHugePages:        0 kB
ShmemPmdMapped:        0 kB
FileHugePages:         0 kB
FilePmdMapped:         0 kB
CmaTotal:              0 kB
CmaFree:               0 kB
Unaccepted:            0 kB
Balloon:               0 kB
HugePages_Total:       0
HugePages_Free:        0
HugePages_Rsvd:        0
HugePages_Surp:        0
Hugepagesize:       2048 kB
Hugetlb:               0 kB
DirectMap4k:      194432 kB
DirectMap2M:     6096896 kB
DirectMap1G:     4194304 kB
---SNAPSHOT---
2026-04-27 15:48:59
MemTotal:        8129240 kB
MemFree:         4116860 kB
MemAvailable:    4323364 kB
Buffers:            7020 kB
Cached:           318508 kB
SwapCached:            0 kB
Active:          2839532 kB
Inactive:         605112 kB
Active(anon):    2728216 kB
Inactive(anon):   446876 kB
Active(file):     111316 kB
Inactive(file):   158236 kB
Unevictable:          16 kB
Mlocked:              16 kB
SwapTotal:       4194300 kB
SwapFree:        4194300 kB
Zswap:                 0 kB
Zswapped:              0 kB
Dirty:               112 kB
Writeback:             0 kB
AnonPages:       3119408 kB
Mapped:           263600 kB
Shmem:             55972 kB
KReclaimable:      53848 kB
Slab:             280864 kB
SReclaimable:      53848 kB
SUnreclaim:       227016 kB
KernelStack:       18144 kB
PageTables:        48084 kB
SecPageTables:         0 kB
NFS_Unstable:          0 kB
Bounce:                0 kB
WritebackTmp:          0 kB
CommitLimit:     8258920 kB
Committed_AS:   11350888 kB
VmallocTotal:   34359738367 kB
VmallocUsed:       46408 kB
VmallocChunk:          0 kB
Percpu:            13280 kB
HardwareCorrupted:     0 kB
AnonHugePages:    194560 kB
ShmemHugePages:        0 kB
ShmemPmdMapped:        0 kB
FileHugePages:         0 kB
FilePmdMapped:         0 kB
CmaTotal:              0 kB
CmaFree:               0 kB
Unaccepted:            0 kB
Balloon:               0 kB
HugePages_Total:       0
HugePages_Free:        0
HugePages_Rsvd:        0
HugePages_Surp:        0
Hugepagesize:       2048 kB
Hugetlb:               0 kB
DirectMap4k:      194432 kB
DirectMap2M:     6096896 kB
DirectMap1G:     4194304 kB
---SNAPSHOT---
2026-04-27 15:49:00
MemTotal:        8129240 kB
MemFree:         3740740 kB
MemAvailable:    3947244 kB
Buffers:            7028 kB
Cached:           318516 kB
SwapCached:            0 kB
Active:          3149904 kB
Inactive:         605112 kB
Active(anon):    3038588 kB
Inactive(anon):   446876 kB
Active(file):     111316 kB
Inactive(file):   158236 kB
Unevictable:          16 kB
Mlocked:              16 kB
SwapTotal:       4194300 kB
SwapFree:        4194300 kB
Zswap:                 0 kB
Zswapped:              0 kB
Dirty:               120 kB
Writeback:             0 kB
AnonPages:       3418892 kB
Mapped:           263600 kB
Shmem:             55972 kB
KReclaimable:      53848 kB
Slab:             280852 kB
SReclaimable:      53848 kB
SUnreclaim:       227004 kB
KernelStack:       18204 kB
PageTables:        50096 kB
SecPageTables:         0 kB
NFS_Unstable:          0 kB
Bounce:                0 kB
WritebackTmp:          0 kB
CommitLimit:     8258920 kB
Committed_AS:   11351228 kB
VmallocTotal:   34359738367 kB
VmallocUsed:       46424 kB
VmallocChunk:          0 kB
Percpu:            13280 kB
HardwareCorrupted:     0 kB
AnonHugePages:    194560 kB
ShmemHugePages:        0 kB
ShmemPmdMapped:        0 kB
FileHugePages:         0 kB
FilePmdMapped:         0 kB
CmaTotal:              0 kB
CmaFree:               0 kB
Unaccepted:            0 kB
Balloon:               0 kB
HugePages_Total:       0
HugePages_Free:        0
HugePages_Rsvd:        0
HugePages_Surp:        0
Hugepagesize:       2048 kB
Hugetlb:               0 kB
DirectMap4k:      194432 kB
DirectMap2M:     6096896 kB
DirectMap1G:     4194304 kB
---SNAPSHOT---
2026-04-27 15:49:01
MemTotal:        8129240 kB
MemFree:         4297912 kB
MemAvailable:    4504440 kB
Buffers:            7028 kB
Cached:           318524 kB
SwapCached:            0 kB
Active:          2655268 kB
Inactive:         605136 kB
Active(anon):    2543952 kB
Inactive(anon):   446876 kB
Active(file):     111316 kB
Inactive(file):   158260 kB
Unevictable:          16 kB
Mlocked:              16 kB
SwapTotal:       4194300 kB
SwapFree:        4194300 kB
Zswap:                 0 kB
Zswapped:              0 kB
Dirty:               128 kB
Writeback:             0 kB
AnonPages:       2935080 kB
Mapped:           263600 kB
Shmem:             55972 kB
KReclaimable:      53848 kB
Slab:             280860 kB
SReclaimable:      53848 kB
SUnreclaim:       227012 kB
KernelStack:       18144 kB
PageTables:        48164 kB
SecPageTables:         0 kB
NFS_Unstable:          0 kB
Bounce:                0 kB
WritebackTmp:          0 kB
CommitLimit:     8258920 kB
Committed_AS:   11351304 kB
VmallocTotal:   34359738367 kB
VmallocUsed:       46376 kB
VmallocChunk:          0 kB
Percpu:            13280 kB
HardwareCorrupted:     0 kB
AnonHugePages:    194560 kB
ShmemHugePages:        0 kB
ShmemPmdMapped:        0 kB
FileHugePages:         0 kB
FilePmdMapped:         0 kB
CmaTotal:              0 kB
CmaFree:               0 kB
Unaccepted:            0 kB
Balloon:               0 kB
HugePages_Total:       0
HugePages_Free:        0
HugePages_Rsvd:        0
HugePages_Surp:        0
Hugepagesize:       2048 kB
Hugetlb:               0 kB
DirectMap4k:      194432 kB
DirectMap2M:     6096896 kB
DirectMap1G:     4194304 kB
---SNAPSHOT---
2026-04-27 15:49:02
MemTotal:        8129240 kB
MemFree:         4047080 kB
MemAvailable:    4253820 kB
Buffers:            7292 kB
Cached:           318528 kB
SwapCached:            0 kB
Active:          2910204 kB
Inactive:         605348 kB
Active(anon):    2798888 kB
Inactive(anon):   446876 kB
Active(file):     111316 kB
Inactive(file):   158472 kB
Unevictable:          16 kB
Mlocked:              16 kB
SwapTotal:       4194300 kB
SwapFree:        4194300 kB
Zswap:                 0 kB
Zswapped:              0 kB
Dirty:               132 kB
Writeback:             0 kB
AnonPages:       3190328 kB
Mapped:           263600 kB
Shmem:             55972 kB
KReclaimable:      53848 kB
Slab:             280856 kB
SReclaimable:      53848 kB
SUnreclaim:       227008 kB
KernelStack:       18204 kB
PageTables:        48676 kB
SecPageTables:         0 kB
NFS_Unstable:          0 kB
Bounce:                0 kB
WritebackTmp:          0 kB
CommitLimit:     8258920 kB
Committed_AS:   11351160 kB
VmallocTotal:   34359738367 kB
VmallocUsed:       46392 kB
VmallocChunk:          0 kB
Percpu:            13280 kB
HardwareCorrupted:     0 kB
AnonHugePages:    194560 kB
ShmemHugePages:        0 kB
ShmemPmdMapped:        0 kB
FileHugePages:         0 kB
FilePmdMapped:         0 kB
CmaTotal:              0 kB
CmaFree:               0 kB
Unaccepted:            0 kB
Balloon:               0 kB
HugePages_Total:       0
HugePages_Free:        0
HugePages_Rsvd:        0
HugePages_Surp:        0
Hugepagesize:       2048 kB
Hugetlb:               0 kB
DirectMap4k:      194432 kB
DirectMap2M:     6096896 kB
DirectMap1G:     4194304 kB
---SNAPSHOT---
2026-04-27 15:49:03
MemTotal:        8129240 kB
MemFree:         3746780 kB
MemAvailable:    3953812 kB
Buffers:            7292 kB
Cached:           318536 kB
SwapCached:            0 kB
Active:          3155808 kB
Inactive:         605412 kB
Active(anon):    3044492 kB
Inactive(anon):   446876 kB
Active(file):     111316 kB
Inactive(file):   158536 kB
Unevictable:          16 kB
Mlocked:              16 kB
SwapTotal:       4194300 kB
SwapFree:        4194300 kB
Zswap:                 0 kB
Zswapped:              0 kB
Dirty:               140 kB
Writeback:             0 kB
AnonPages:       3402348 kB
Mapped:           263600 kB
Shmem:             55972 kB
KReclaimable:      53848 kB
Slab:             280868 kB
SReclaimable:      53848 kB
SUnreclaim:       227020 kB
KernelStack:       18188 kB
PageTables:        50348 kB
SecPageTables:         0 kB
NFS_Unstable:          0 kB
Bounce:                0 kB
WritebackTmp:          0 kB
CommitLimit:     8258920 kB
Committed_AS:   11351304 kB
VmallocTotal:   34359738367 kB
VmallocUsed:       46408 kB
VmallocChunk:          0 kB
Percpu:            13280 kB
HardwareCorrupted:     0 kB
AnonHugePages:    194560 kB
ShmemHugePages:        0 kB
ShmemPmdMapped:        0 kB
FileHugePages:         0 kB
FilePmdMapped:         0 kB
CmaTotal:              0 kB
CmaFree:               0 kB
Unaccepted:            0 kB
Balloon:               0 kB
HugePages_Total:       0
HugePages_Free:        0
HugePages_Rsvd:        0
HugePages_Surp:        0
Hugepagesize:       2048 kB
Hugetlb:               0 kB
DirectMap4k:      194432 kB
DirectMap2M:     6096896 kB
DirectMap1G:     4194304 kB
---SNAPSHOT---
2026-04-27 15:49:04
MemTotal:        8129240 kB
MemFree:         4248388 kB
MemAvailable:    4455196 kB
Buffers:            7292 kB
Cached:           318540 kB
SwapCached:            0 kB
Active:          2704460 kB
Inactive:         605416 kB
Active(anon):    2593144 kB
Inactive(anon):   446876 kB
Active(file):     111316 kB
Inactive(file):   158540 kB
Unevictable:          16 kB
Mlocked:              16 kB
SwapTotal:       4194300 kB
SwapFree:        4194300 kB
Zswap:                 0 kB
Zswapped:              0 kB
Dirty:               144 kB
Writeback:             0 kB
AnonPages:       2984376 kB
Mapped:           263600 kB
Shmem:             55972 kB
KReclaimable:      53848 kB
Slab:             280860 kB
SReclaimable:      53848 kB
SUnreclaim:       227012 kB
KernelStack:       18144 kB
PageTables:        48508 kB
SecPageTables:         0 kB
NFS_Unstable:          0 kB
Bounce:                0 kB
WritebackTmp:          0 kB
CommitLimit:     8258920 kB
Committed_AS:   11351304 kB
VmallocTotal:   34359738367 kB
VmallocUsed:       46376 kB
VmallocChunk:          0 kB
Percpu:            13280 kB
HardwareCorrupted:     0 kB
AnonHugePages:    194560 kB
ShmemHugePages:        0 kB
ShmemPmdMapped:        0 kB
FileHugePages:         0 kB
FilePmdMapped:         0 kB
CmaTotal:              0 kB
CmaFree:               0 kB
Unaccepted:            0 kB
Balloon:               0 kB
HugePages_Total:       0
HugePages_Free:        0
HugePages_Rsvd:        0
HugePages_Surp:        0
Hugepagesize:       2048 kB
Hugetlb:               0 kB
DirectMap4k:      194432 kB
DirectMap2M:     6096896 kB
DirectMap1G:     4194304 kB
---SNAPSHOT---
2026-04-27 15:49:05
MemTotal:        8129240 kB
MemFree:         3973156 kB
MemAvailable:    4179968 kB
Buffers:            7300 kB
Cached:           318544 kB
SwapCached:            0 kB
Active:          2974676 kB
Inactive:         605420 kB
Active(anon):    2863360 kB
Inactive(anon):   446876 kB
Active(file):     111316 kB
Inactive(file):   158544 kB
Unevictable:          16 kB
Mlocked:              16 kB
SwapTotal:       4194300 kB
SwapFree:        4194300 kB
Zswap:                 0 kB
Zswapped:              0 kB
Dirty:               148 kB
Writeback:             0 kB
AnonPages:       3254708 kB
Mapped:           263600 kB
Shmem:             55972 kB
KReclaimable:      53848 kB
Slab:             280860 kB
SReclaimable:      53848 kB
SUnreclaim:       227012 kB
KernelStack:       18144 kB
PageTables:        48620 kB
SecPageTables:         0 kB
NFS_Unstable:          0 kB
Bounce:                0 kB
WritebackTmp:          0 kB
CommitLimit:     8258920 kB
Committed_AS:   11351304 kB
VmallocTotal:   34359738367 kB
VmallocUsed:       46408 kB
VmallocChunk:          0 kB
Percpu:            13280 kB
HardwareCorrupted:     0 kB
AnonHugePages:    194560 kB
ShmemHugePages:        0 kB
ShmemPmdMapped:        0 kB
FileHugePages:         0 kB
FilePmdMapped:         0 kB
CmaTotal:              0 kB
CmaFree:               0 kB
Unaccepted:            0 kB
Balloon:               0 kB
HugePages_Total:       0
HugePages_Free:        0
HugePages_Rsvd:        0
HugePages_Surp:        0
Hugepagesize:       2048 kB
Hugetlb:               0 kB
DirectMap4k:      194432 kB
DirectMap2M:     6096896 kB
DirectMap1G:     4194304 kB
---SNAPSHOT---
2026-04-27 15:49:06
MemTotal:        8129240 kB
MemFree:         3761100 kB
MemAvailable:    3967924 kB
Buffers:            7300 kB
Cached:           318552 kB
SwapCached:            0 kB
Active:          3164824 kB
Inactive:         605432 kB
Active(anon):    3053508 kB
Inactive(anon):   446876 kB
Active(file):     111316 kB
Inactive(file):   158556 kB
Unevictable:          16 kB
Mlocked:              16 kB
SwapTotal:       4194300 kB
SwapFree:        4194300 kB
Zswap:                 0 kB
Zswapped:              0 kB
Dirty:               156 kB
Writeback:             0 kB
AnonPages:       3444692 kB
Mapped:           263600 kB
Shmem:             55972 kB
KReclaimable:      53848 kB
Slab:             280860 kB
SReclaimable:      53848 kB
SUnreclaim:       227012 kB
KernelStack:       18204 kB
PageTables:        48924 kB
SecPageTables:         0 kB
NFS_Unstable:          0 kB
Bounce:                0 kB
WritebackTmp:          0 kB
CommitLimit:     8258920 kB
Committed_AS:   11351304 kB
VmallocTotal:   34359738367 kB
VmallocUsed:       46408 kB
VmallocChunk:          0 kB
Percpu:            13280 kB
HardwareCorrupted:     0 kB
AnonHugePages:    194560 kB
ShmemHugePages:        0 kB
ShmemPmdMapped:        0 kB
FileHugePages:         0 kB
FilePmdMapped:         0 kB
CmaTotal:              0 kB
CmaFree:               0 kB
Unaccepted:            0 kB
Balloon:               0 kB
HugePages_Total:       0
HugePages_Free:        0
HugePages_Rsvd:        0
HugePages_Surp:        0
Hugepagesize:       2048 kB
Hugetlb:               0 kB
DirectMap4k:      194432 kB
DirectMap2M:     6096896 kB
DirectMap1G:     4194304 kB
---SNAPSHOT---
2026-04-27 15:49:07
MemTotal:        8129240 kB
MemFree:         4215404 kB
MemAvailable:    4422236 kB
Buffers:            7300 kB
Cached:           318556 kB
SwapCached:            0 kB
Active:          2742476 kB
Inactive:         605440 kB
Active(anon):    2631160 kB
Inactive(anon):   446876 kB
Active(file):     111316 kB
Inactive(file):   158564 kB
Unevictable:          16 kB
Mlocked:              16 kB
SwapTotal:       4194300 kB
SwapFree:        4194300 kB
Zswap:                 0 kB
Zswapped:              0 kB
Dirty:               160 kB
Writeback:             0 kB
AnonPages:       3022388 kB
Mapped:           263600 kB
Shmem:             55972 kB
KReclaimable:      53848 kB
Slab:             280840 kB
SReclaimable:      53848 kB
SUnreclaim:       226992 kB
KernelStack:       18160 kB
PageTables:        48384 kB
SecPageTables:         0 kB
NFS_Unstable:          0 kB
Bounce:                0 kB
WritebackTmp:          0 kB
CommitLimit:     8258920 kB
Committed_AS:   11350924 kB
VmallocTotal:   34359738367 kB
VmallocUsed:       46392 kB
VmallocChunk:          0 kB
Percpu:            13280 kB
HardwareCorrupted:     0 kB
AnonHugePages:    194560 kB
ShmemHugePages:        0 kB
ShmemPmdMapped:        0 kB
FileHugePages:         0 kB
FilePmdMapped:         0 kB
CmaTotal:              0 kB
CmaFree:               0 kB
Unaccepted:            0 kB
Balloon:               0 kB
HugePages_Total:       0
HugePages_Free:        0
HugePages_Rsvd:        0
HugePages_Surp:        0
Hugepagesize:       2048 kB
Hugetlb:               0 kB
DirectMap4k:      194432 kB
DirectMap2M:     6096896 kB
DirectMap1G:     4194304 kB
---SNAPSHOT---
2026-04-27 15:49:08
MemTotal:        8129240 kB
MemFree:         3973448 kB
MemAvailable:    4180284 kB
Buffers:            7300 kB
Cached:           318564 kB
SwapCached:            0 kB
Active:          2984056 kB
Inactive:         605444 kB
Active(anon):    2872740 kB
Inactive(anon):   446876 kB
Active(file):     111316 kB
Inactive(file):   158568 kB
Unevictable:          16 kB
Mlocked:              16 kB
SwapTotal:       4194300 kB
SwapFree:        4194300 kB
Zswap:                 0 kB
Zswapped:              0 kB
Dirty:               168 kB
Writeback:             0 kB
AnonPages:       3264176 kB
Mapped:           263600 kB
Shmem:             55972 kB
KReclaimable:      53848 kB
Slab:             280844 kB
SReclaimable:      53848 kB
SUnreclaim:       226996 kB
KernelStack:       18144 kB
PageTables:        48636 kB
SecPageTables:         0 kB
NFS_Unstable:          0 kB
Bounce:                0 kB
WritebackTmp:          0 kB
CommitLimit:     8258920 kB
Committed_AS:   11351172 kB
VmallocTotal:   34359738367 kB
VmallocUsed:       46376 kB
VmallocChunk:          0 kB
Percpu:            13280 kB
HardwareCorrupted:     0 kB
AnonHugePages:    194560 kB
ShmemHugePages:        0 kB
ShmemPmdMapped:        0 kB
FileHugePages:         0 kB
FilePmdMapped:         0 kB
CmaTotal:              0 kB
CmaFree:               0 kB
Unaccepted:            0 kB
Balloon:               0 kB
HugePages_Total:       0
HugePages_Free:        0
HugePages_Rsvd:        0
HugePages_Surp:        0
Hugepagesize:       2048 kB
Hugetlb:               0 kB
DirectMap4k:      194432 kB
DirectMap2M:     6096896 kB
DirectMap1G:     4194304 kB
---SNAPSHOT---
2026-04-27 15:49:09
MemTotal:        8129240 kB
MemFree:         4303464 kB
MemAvailable:    4510308 kB
Buffers:            7300 kB
Cached:           318568 kB
SwapCached:            0 kB
Active:          2572388 kB
Inactive:         605452 kB
Active(anon):    2461072 kB
Inactive(anon):   446876 kB
Active(file):     111316 kB
Inactive(file):   158576 kB
Unevictable:          16 kB
Mlocked:              16 kB
SwapTotal:       4194300 kB
SwapFree:        4194300 kB
Zswap:                 0 kB
Zswapped:              0 kB
Dirty:               172 kB
Writeback:             0 kB
AnonPages:       2852368 kB
Mapped:           263600 kB
Shmem:             55972 kB
KReclaimable:      53848 kB
Slab:             280852 kB
SReclaimable:      53848 kB
SUnreclaim:       227004 kB
KernelStack:       18160 kB
PageTables:        48316 kB
SecPageTables:         0 kB
NFS_Unstable:          0 kB
Bounce:                0 kB
WritebackTmp:          0 kB
CommitLimit:     8258920 kB
Committed_AS:   11351304 kB
VmallocTotal:   34359738367 kB
VmallocUsed:       46360 kB
VmallocChunk:          0 kB
Percpu:            13280 kB
HardwareCorrupted:     0 kB
AnonHugePages:    194560 kB
ShmemHugePages:        0 kB
ShmemPmdMapped:        0 kB
FileHugePages:         0 kB
FilePmdMapped:         0 kB
CmaTotal:              0 kB
CmaFree:               0 kB
Unaccepted:            0 kB
Balloon:               0 kB
HugePages_Total:       0
HugePages_Free:        0
HugePages_Rsvd:        0
HugePages_Surp:        0
Hugepagesize:       2048 kB
Hugetlb:               0 kB
DirectMap4k:      194432 kB
DirectMap2M:     6096896 kB
DirectMap1G:     4194304 kB
---SNAPSHOT---
2026-04-27 15:49:10
MemTotal:        8129240 kB
MemFree:         4124464 kB
MemAvailable:    4331312 kB
Buffers:            7308 kB
Cached:           318572 kB
SwapCached:            0 kB
Active:          2836108 kB
Inactive:         605456 kB
Active(anon):    2724792 kB
Inactive(anon):   446876 kB
Active(file):     111316 kB
Inactive(file):   158580 kB
Unevictable:          16 kB
Mlocked:              16 kB
SwapTotal:       4194300 kB
SwapFree:        4194300 kB
Zswap:                 0 kB
Zswapped:              0 kB
Dirty:               176 kB
Writeback:             0 kB
AnonPages:       3115460 kB
Mapped:           263600 kB
Shmem:             55972 kB
KReclaimable:      53848 kB
Slab:             280848 kB
SReclaimable:      53848 kB
SUnreclaim:       227000 kB
KernelStack:       18204 kB
PageTables:        48380 kB
SecPageTables:         0 kB
NFS_Unstable:          0 kB
Bounce:                0 kB
WritebackTmp:          0 kB
CommitLimit:     8258920 kB
Committed_AS:   11351304 kB
VmallocTotal:   34359738367 kB
VmallocUsed:       46392 kB
VmallocChunk:          0 kB
Percpu:            13280 kB
HardwareCorrupted:     0 kB
AnonHugePages:    194560 kB
ShmemHugePages:        0 kB
ShmemPmdMapped:        0 kB
FileHugePages:         0 kB
FilePmdMapped:         0 kB
CmaTotal:              0 kB
CmaFree:               0 kB
Unaccepted:            0 kB
Balloon:               0 kB
HugePages_Total:       0
HugePages_Free:        0
HugePages_Rsvd:        0
HugePages_Surp:        0
Hugepagesize:       2048 kB
Hugetlb:               0 kB
DirectMap4k:      194432 kB
DirectMap2M:     6096896 kB
DirectMap1G:     4194304 kB
---SNAPSHOT---
2026-04-27 15:49:11
MemTotal:        8129240 kB
MemFree:         3862812 kB
MemAvailable:    4069676 kB
Buffers:            7308 kB
Cached:           318580 kB
SwapCached:            0 kB
Active:          3045236 kB
Inactive:         605472 kB
Active(anon):    2933920 kB
Inactive(anon):   446876 kB
Active(file):     111316 kB
Inactive(file):   158596 kB
Unevictable:          16 kB
Mlocked:              16 kB
SwapTotal:       4194300 kB
SwapFree:        4194300 kB
Zswap:                 0 kB
Zswapped:              0 kB
Dirty:               184 kB
Writeback:             0 kB
AnonPages:       3325364 kB
Mapped:           263600 kB
Shmem:             55972 kB
KReclaimable:      53848 kB
Slab:             280844 kB
SReclaimable:      53848 kB
SUnreclaim:       226996 kB
KernelStack:       18084 kB
PageTables:        50156 kB
SecPageTables:         0 kB
NFS_Unstable:          0 kB
Bounce:                0 kB
WritebackTmp:          0 kB
CommitLimit:     8258920 kB
Committed_AS:   11351196 kB
VmallocTotal:   34359738367 kB
VmallocUsed:       46392 kB
VmallocChunk:          0 kB
Percpu:            13280 kB
HardwareCorrupted:     0 kB
AnonHugePages:    194560 kB
ShmemHugePages:        0 kB
ShmemPmdMapped:        0 kB
FileHugePages:         0 kB
FilePmdMapped:         0 kB
CmaTotal:              0 kB
CmaFree:               0 kB
Unaccepted:            0 kB
Balloon:               0 kB
HugePages_Total:       0
HugePages_Free:        0
HugePages_Rsvd:        0
HugePages_Surp:        0
Hugepagesize:       2048 kB
Hugetlb:               0 kB
DirectMap4k:      194432 kB
DirectMap2M:     6096896 kB
DirectMap1G:     4194304 kB
---SNAPSHOT---
2026-04-27 15:49:12
MemTotal:        8129240 kB
MemFree:         4298468 kB
MemAvailable:    4505336 kB
Buffers:            7308 kB
Cached:           318584 kB
SwapCached:            0 kB
Active:          2505132 kB
Inactive:         605476 kB
Active(anon):    2393816 kB
Inactive(anon):   446876 kB
Active(file):     111316 kB
Inactive(file):   158600 kB
Unevictable:          16 kB
Mlocked:              16 kB
SwapTotal:       4194300 kB
SwapFree:        4194300 kB
Zswap:                 0 kB
Zswapped:              0 kB
Dirty:               188 kB
Writeback:             0 kB
AnonPages:       2776408 kB
Mapped:           263600 kB
Shmem:             55972 kB
KReclaimable:      53848 kB
Slab:             280828 kB
SReclaimable:      53848 kB
SUnreclaim:       226980 kB
KernelStack:       18144 kB
PageTables:        48792 kB
SecPageTables:         0 kB
NFS_Unstable:          0 kB
Bounce:                0 kB
WritebackTmp:          0 kB
CommitLimit:     8258920 kB
Committed_AS:   11350540 kB
VmallocTotal:   34359738367 kB
VmallocUsed:       46376 kB
VmallocChunk:          0 kB
Percpu:            13280 kB
HardwareCorrupted:     0 kB
AnonHugePages:    194560 kB
ShmemHugePages:        0 kB
ShmemPmdMapped:        0 kB
FileHugePages:         0 kB
FilePmdMapped:         0 kB
CmaTotal:              0 kB
CmaFree:               0 kB
Unaccepted:            0 kB
Balloon:               0 kB
HugePages_Total:       0
HugePages_Free:        0
HugePages_Rsvd:        0
HugePages_Surp:        0
Hugepagesize:       2048 kB
Hugetlb:               0 kB
DirectMap4k:      194432 kB
DirectMap2M:     6096896 kB
DirectMap1G:     4194304 kB
---SNAPSHOT---
2026-04-27 15:49:13
MemTotal:        8129240 kB
MemFree:         4073912 kB
MemAvailable:    4280788 kB
Buffers:            7308 kB
Cached:           318592 kB
SwapCached:            0 kB
Active:          2840984 kB
Inactive:         605484 kB
Active(anon):    2729668 kB
Inactive(anon):   446876 kB
Active(file):     111316 kB
Inactive(file):   158608 kB
Unevictable:          16 kB
Mlocked:              16 kB
SwapTotal:       4194300 kB
SwapFree:        4194300 kB
Zswap:                 0 kB
Zswapped:              0 kB
Dirty:               196 kB
Writeback:             0 kB
AnonPages:       3120688 kB
Mapped:           263600 kB
Shmem:             55972 kB
KReclaimable:      53848 kB
Slab:             280832 kB
SReclaimable:      53848 kB
SUnreclaim:       226984 kB
KernelStack:       18144 kB
PageTables:        48748 kB
SecPageTables:         0 kB
NFS_Unstable:          0 kB
Bounce:                0 kB
WritebackTmp:          0 kB
CommitLimit:     8258920 kB
Committed_AS:   11350924 kB
VmallocTotal:   34359738367 kB
VmallocUsed:       46360 kB
VmallocChunk:          0 kB
Percpu:            13280 kB
HardwareCorrupted:     0 kB
AnonHugePages:    194560 kB
ShmemHugePages:        0 kB
ShmemPmdMapped:        0 kB
FileHugePages:         0 kB
FilePmdMapped:         0 kB
CmaTotal:              0 kB
CmaFree:               0 kB
Unaccepted:            0 kB
Balloon:               0 kB
HugePages_Total:       0
HugePages_Free:        0
HugePages_Rsvd:        0
HugePages_Surp:        0
Hugepagesize:       2048 kB
Hugetlb:               0 kB
DirectMap4k:      194432 kB
DirectMap2M:     6096896 kB
DirectMap1G:     4194304 kB
---SNAPSHOT---
2026-04-27 15:49:14
MemTotal:        8129240 kB
MemFree:         3845708 kB
MemAvailable:    4052584 kB
Buffers:            7308 kB
Cached:           318596 kB
SwapCached:            0 kB
Active:          3055316 kB
Inactive:         605484 kB
Active(anon):    2944000 kB
Inactive(anon):   446876 kB
Active(file):     111316 kB
Inactive(file):   158608 kB
Unevictable:          16 kB
Mlocked:              16 kB
SwapTotal:       4194300 kB
SwapFree:        4194300 kB
Zswap:                 0 kB
Zswapped:              0 kB
Dirty:               200 kB
Writeback:             0 kB
AnonPages:       3335512 kB
Mapped:           263600 kB
Shmem:             55972 kB
KReclaimable:      53848 kB
Slab:             280832 kB
SReclaimable:      53848 kB
SUnreclaim:       226984 kB
KernelStack:       18112 kB
PageTables:        48872 kB
SecPageTables:         0 kB
NFS_Unstable:          0 kB
Bounce:                0 kB
WritebackTmp:          0 kB
CommitLimit:     8258920 kB
Committed_AS:   11351308 kB
VmallocTotal:   34359738367 kB
VmallocUsed:       46344 kB
VmallocChunk:          0 kB
Percpu:            13280 kB
HardwareCorrupted:     0 kB
AnonHugePages:    194560 kB
ShmemHugePages:        0 kB
ShmemPmdMapped:        0 kB
FileHugePages:         0 kB
FilePmdMapped:         0 kB
CmaTotal:              0 kB
CmaFree:               0 kB
Unaccepted:            0 kB
Balloon:               0 kB
HugePages_Total:       0
HugePages_Free:        0
HugePages_Rsvd:        0
HugePages_Surp:        0
Hugepagesize:       2048 kB
Hugetlb:               0 kB
DirectMap4k:      194432 kB
DirectMap2M:     6096896 kB
DirectMap1G:     4194304 kB
---SNAPSHOT---
2026-04-27 15:49:15
MemTotal:        8129240 kB
MemFree:         4829900 kB
MemAvailable:    5036784 kB
Buffers:            7316 kB
Cached:           318600 kB
SwapCached:            0 kB
Active:          1980060 kB
Inactive:         605492 kB
Active(anon):    1868744 kB
Inactive(anon):   446876 kB
Active(file):     111316 kB
Inactive(file):   158616 kB
Unevictable:          16 kB
Mlocked:              16 kB
SwapTotal:       4194300 kB
SwapFree:        4194300 kB
Zswap:                 0 kB
Zswapped:              0 kB
Dirty:               204 kB
Writeback:             0 kB
AnonPages:       2259924 kB
Mapped:           263600 kB
Shmem:             55972 kB
KReclaimable:      53848 kB
Slab:             280832 kB
SReclaimable:      53848 kB
SUnreclaim:       226984 kB
KernelStack:       18204 kB
PageTables:        46944 kB
SecPageTables:         0 kB
NFS_Unstable:          0 kB
Bounce:                0 kB
WritebackTmp:          0 kB
CommitLimit:     8258920 kB
Committed_AS:   11351084 kB
VmallocTotal:   34359738367 kB
VmallocUsed:       46392 kB
VmallocChunk:          0 kB
Percpu:            13280 kB
HardwareCorrupted:     0 kB
AnonHugePages:    194560 kB
ShmemHugePages:        0 kB
ShmemPmdMapped:        0 kB
FileHugePages:         0 kB
FilePmdMapped:         0 kB
CmaTotal:              0 kB
CmaFree:               0 kB
Unaccepted:            0 kB
Balloon:               0 kB
HugePages_Total:       0
HugePages_Free:        0
HugePages_Rsvd:        0
HugePages_Surp:        0
Hugepagesize:       2048 kB
Hugetlb:               0 kB
DirectMap4k:      194432 kB
DirectMap2M:     6096896 kB
DirectMap1G:     4194304 kB
---SNAPSHOT---
2026-04-27 15:49:16
MemTotal:        8129240 kB
MemFree:         4037432 kB
MemAvailable:    4244328 kB
Buffers:            7316 kB
Cached:           318608 kB
SwapCached:            0 kB
Active:          2886988 kB
Inactive:         605504 kB
Active(anon):    2775672 kB
Inactive(anon):   446876 kB
Active(file):     111316 kB
Inactive(file):   158628 kB
Unevictable:          16 kB
Mlocked:              16 kB
SwapTotal:       4194300 kB
SwapFree:        4194300 kB
Zswap:                 0 kB
Zswapped:              0 kB
Dirty:               212 kB
Writeback:             0 kB
AnonPages:       3166384 kB
Mapped:           263600 kB
Shmem:             55972 kB
KReclaimable:      53848 kB
Slab:             280840 kB
SReclaimable:      53848 kB
SUnreclaim:       226992 kB
KernelStack:       18160 kB
PageTables:        48248 kB
SecPageTables:         0 kB
NFS_Unstable:          0 kB
Bounce:                0 kB
WritebackTmp:          0 kB
CommitLimit:     8258920 kB
Committed_AS:   11351032 kB
VmallocTotal:   34359738367 kB
VmallocUsed:       46408 kB
VmallocChunk:          0 kB
Percpu:            13280 kB
HardwareCorrupted:     0 kB
AnonHugePages:    194560 kB
ShmemHugePages:        0 kB
ShmemPmdMapped:        0 kB
FileHugePages:         0 kB
FilePmdMapped:         0 kB
CmaTotal:              0 kB
CmaFree:               0 kB
Unaccepted:            0 kB
Balloon:               0 kB
HugePages_Total:       0
HugePages_Free:        0
HugePages_Rsvd:        0
HugePages_Surp:        0
Hugepagesize:       2048 kB
Hugetlb:               0 kB
DirectMap4k:      194432 kB
DirectMap2M:     6096896 kB
DirectMap1G:     4194304 kB
---SNAPSHOT---
2026-04-27 15:49:17
MemTotal:        8129240 kB
MemFree:         3764176 kB
MemAvailable:    3971080 kB
Buffers:            7316 kB
Cached:           318612 kB
SwapCached:            0 kB
Active:          3103928 kB
Inactive:         605512 kB
Active(anon):    2992612 kB
Inactive(anon):   446876 kB
Active(file):     111316 kB
Inactive(file):   158636 kB
Unevictable:          16 kB
Mlocked:              16 kB
SwapTotal:       4194300 kB
SwapFree:        4194300 kB
Zswap:                 0 kB
Zswapped:              0 kB
Dirty:               216 kB
Writeback:             0 kB
AnonPages:       3384020 kB
Mapped:           263600 kB
Shmem:             55972 kB
KReclaimable:      53848 kB
Slab:             280828 kB
SReclaimable:      53848 kB
SUnreclaim:       226980 kB
KernelStack:       18144 kB
PageTables:        49744 kB
SecPageTables:         0 kB
NFS_Unstable:          0 kB
Bounce:                0 kB
WritebackTmp:          0 kB
CommitLimit:     8258920 kB
Committed_AS:   11350920 kB
VmallocTotal:   34359738367 kB
VmallocUsed:       46392 kB
VmallocChunk:          0 kB
Percpu:            13280 kB
HardwareCorrupted:     0 kB
AnonHugePages:    194560 kB
ShmemHugePages:        0 kB
ShmemPmdMapped:        0 kB
FileHugePages:         0 kB
FilePmdMapped:         0 kB
CmaTotal:              0 kB
CmaFree:               0 kB
Unaccepted:            0 kB
Balloon:               0 kB
HugePages_Total:       0
HugePages_Free:        0
HugePages_Rsvd:        0
HugePages_Surp:        0
Hugepagesize:       2048 kB
Hugetlb:               0 kB
DirectMap4k:      194432 kB
DirectMap2M:     6096896 kB
DirectMap1G:     4194304 kB
---SNAPSHOT---
2026-04-27 15:49:18
MemTotal:        8129240 kB
MemFree:         4307188 kB
MemAvailable:    4514096 kB
Buffers:            7316 kB
Cached:           318620 kB
SwapCached:       136344 kB
Active:          2460900 kB
Inactive:         733424 kB
Active(anon):    2349584 kB
Inactive(anon):   574784 kB
Active(file):     111316 kB
Inactive(file):   158640 kB
Unevictable:          16 kB
Mlocked:              16 kB
SwapTotal:       4194300 kB
SwapFree:        4057900 kB
Zswap:                 0 kB
Zswapped:              0 kB
Dirty:               224 kB
Writeback:          8208 kB
AnonPages:       2735084 kB
Mapped:           263600 kB
Shmem:             55972 kB
KReclaimable:      53848 kB
Slab:             281072 kB
SReclaimable:      53848 kB
SUnreclaim:       227224 kB
KernelStack:       18204 kB
PageTables:        48476 kB
SecPageTables:         0 kB
NFS_Unstable:          0 kB
Bounce:                0 kB
WritebackTmp:          0 kB
CommitLimit:     8258920 kB
