---SNAPSHOT---
2026-04-27 15:08:37
MemTotal:        8129240 kB
MemFree:         5202576 kB
MemAvailable:    5395484 kB
Buffers:            4924 kB
Cached:           286240 kB
SwapCached:       121608 kB
Active:          1515716 kB
Inactive:         588748 kB
Active(anon):    1417388 kB
Inactive(anon):   433428 kB
Active(file):      98328 kB
Inactive(file):   155320 kB
Unevictable:           0 kB
Mlocked:               0 kB
SwapTotal:       4194300 kB
SwapFree:        3935176 kB
Zswap:                 0 kB
Zswapped:              0 kB
Dirty:               464 kB
Writeback:             0 kB
AnonPages:       1695176 kB
Mapped:           247856 kB
Shmem:             37300 kB
KReclaimable:      56156 kB
Slab:             283388 kB
SReclaimable:      56156 kB
SUnreclaim:       227232 kB
KernelStack:       18124 kB
PageTables:        45352 kB
SecPageTables:         0 kB
NFS_Unstable:          0 kB
Bounce:                0 kB
WritebackTmp:          0 kB
CommitLimit:     8258920 kB
Committed_AS:    8752412 kB
VmallocTotal:   34359738367 kB
VmallocUsed:       46312 kB
VmallocChunk:          0 kB
Percpu:            13280 kB
HardwareCorrupted:     0 kB
AnonHugePages:    210944 kB
ShmemHugePages:        0 kB
ShmemPmdMapped:        0 kB
FileHugePages:         0 kB
FilePmdMapped:         0 kB
CmaTotal:              0 kB
CmaFree:               0 kB
Unaccepted:            0 kB
Balloon:               0 kB
HugePages_Total:       0
HugePages_Free:        0
HugePages_Rsvd:        0
HugePages_Surp:        0
Hugepagesize:       2048 kB
Hugetlb:               0 kB
DirectMap4k:      194432 kB
DirectMap2M:     6096896 kB
DirectMap1G:     4194304 kB
---SNAPSHOT---
2026-04-27 15:08:39
MemTotal:        8129240 kB
MemFree:         5216952 kB
MemAvailable:    5410876 kB
Buffers:            5372 kB
Cached:           286672 kB
SwapCached:       121608 kB
Active:          1516376 kB
Inactive:         589356 kB
Active(anon):    1417640 kB
Inactive(anon):   433428 kB
Active(file):      98736 kB
Inactive(file):   155928 kB
Unevictable:           0 kB
Mlocked:               0 kB
SwapTotal:       4194300 kB
SwapFree:        3935176 kB
Zswap:                 0 kB
Zswapped:              0 kB
Dirty:               488 kB
Writeback:             0 kB
AnonPages:       1695276 kB
Mapped:           247632 kB
Shmem:             37300 kB
KReclaimable:      56156 kB
Slab:             283388 kB
SReclaimable:      56156 kB
SUnreclaim:       227232 kB
KernelStack:       18112 kB
PageTables:        45328 kB
SecPageTables:         0 kB
NFS_Unstable:          0 kB
Bounce:                0 kB
WritebackTmp:          0 kB
CommitLimit:     8258920 kB
Committed_AS:    8751712 kB
VmallocTotal:   34359738367 kB
VmallocUsed:       46344 kB
VmallocChunk:          0 kB
Percpu:            13280 kB
HardwareCorrupted:     0 kB
AnonHugePages:    210944 kB
ShmemHugePages:        0 kB
ShmemPmdMapped:        0 kB
FileHugePages:         0 kB
FilePmdMapped:         0 kB
CmaTotal:              0 kB
CmaFree:               0 kB
Unaccepted:            0 kB
Balloon:               0 kB
HugePages_Total:       0
HugePages_Free:        0
HugePages_Rsvd:        0
HugePages_Surp:        0
Hugepagesize:       2048 kB
Hugetlb:               0 kB
DirectMap4k:      194432 kB
DirectMap2M:     6096896 kB
DirectMap1G:     4194304 kB
---SNAPSHOT---
2026-04-27 15:08:40
MemTotal:        8129240 kB
MemFree:         5242212 kB
MemAvailable:    5437336 kB
Buffers:            5396 kB
Cached:           286832 kB
SwapCached:       121608 kB
Active:          1516952 kB
Inactive:         589524 kB
Active(anon):    1418080 kB
Inactive(anon):   433428 kB
Active(file):      98872 kB
Inactive(file):   156096 kB
Unevictable:           0 kB
Mlocked:               0 kB
SwapTotal:       4194300 kB
SwapFree:        3935176 kB
Zswap:                 0 kB
Zswapped:              0 kB
Dirty:               544 kB
Writeback:             0 kB
AnonPages:       1695776 kB
Mapped:           247632 kB
Shmem:             37300 kB
KReclaimable:      57052 kB
Slab:             284284 kB
SReclaimable:      57052 kB
SUnreclaim:       227232 kB
KernelStack:       18160 kB
PageTables:        45516 kB
SecPageTables:         0 kB
NFS_Unstable:          0 kB
Bounce:                0 kB
WritebackTmp:          0 kB
CommitLimit:     8258920 kB
Committed_AS:    8753200 kB
VmallocTotal:   34359738367 kB
VmallocUsed:       46392 kB
VmallocChunk:          0 kB
Percpu:            13280 kB
HardwareCorrupted:     0 kB
AnonHugePages:    210944 kB
ShmemHugePages:        0 kB
ShmemPmdMapped:        0 kB
FileHugePages:         0 kB
FilePmdMapped:         0 kB
CmaTotal:              0 kB
CmaFree:               0 kB
Unaccepted:            0 kB
Balloon:               0 kB
HugePages_Total:       0
HugePages_Free:        0
HugePages_Rsvd:        0
HugePages_Surp:        0
Hugepagesize:       2048 kB
Hugetlb:               0 kB
DirectMap4k:      194432 kB
DirectMap2M:     6096896 kB
DirectMap1G:     4194304 kB
---SNAPSHOT---
2026-04-27 15:08:41
MemTotal:        8129240 kB
MemFree:         5257812 kB
MemAvailable:    5464060 kB
Buffers:            5800 kB
Cached:           297828 kB
SwapCached:       121608 kB
Active:          1528880 kB
Inactive:         590104 kB
Active(anon):    1419464 kB
Inactive(anon):   433428 kB
Active(file):     109416 kB
Inactive(file):   156676 kB
Unevictable:           0 kB
Mlocked:               0 kB
SwapTotal:       4194300 kB
SwapFree:        3935176 kB
Zswap:                 0 kB
Zswapped:              0 kB
Dirty:               552 kB
Writeback:             0 kB
AnonPages:       1696868 kB
Mapped:           251284 kB
Shmem:             37300 kB
KReclaimable:      57052 kB
Slab:             284284 kB
SReclaimable:      57052 kB
SUnreclaim:       227232 kB
KernelStack:       18140 kB
PageTables:        45492 kB
SecPageTables:         0 kB
NFS_Unstable:          0 kB
Bounce:                0 kB
WritebackTmp:          0 kB
CommitLimit:     8258920 kB
Committed_AS:    8761476 kB
VmallocTotal:   34359738367 kB
VmallocUsed:       46424 kB
VmallocChunk:          0 kB
Percpu:            13280 kB
HardwareCorrupted:     0 kB
AnonHugePages:    210944 kB
ShmemHugePages:        0 kB
ShmemPmdMapped:        0 kB
FileHugePages:         0 kB
FilePmdMapped:         0 kB
CmaTotal:              0 kB
CmaFree:               0 kB
Unaccepted:            0 kB
Balloon:               0 kB
HugePages_Total:       0
HugePages_Free:        0
HugePages_Rsvd:        0
HugePages_Surp:        0
Hugepagesize:       2048 kB
Hugetlb:               0 kB
DirectMap4k:      194432 kB
DirectMap2M:     6096896 kB
DirectMap1G:     4194304 kB
---SNAPSHOT---
2026-04-27 15:08:42
MemTotal:        8129240 kB
MemFree:         4500076 kB
MemAvailable:    4706492 kB
Buffers:            5800 kB
Cached:           314876 kB
SwapCached:       121608 kB
Active:          2324772 kB
Inactive:         590152 kB
Active(anon):    2215236 kB
Inactive(anon):   433428 kB
Active(file):     109536 kB
Inactive(file):   156724 kB
Unevictable:          16 kB
Mlocked:              16 kB
SwapTotal:       4194300 kB
SwapFree:        3935176 kB
Zswap:                 0 kB
Zswapped:              0 kB
Dirty:               632 kB
Writeback:             0 kB
AnonPages:       2475660 kB
Mapped:           268496 kB
Shmem:             54448 kB
KReclaimable:      57052 kB
Slab:             284296 kB
SReclaimable:      57052 kB
SUnreclaim:       227244 kB
KernelStack:       18332 kB
PageTables:        47764 kB
SecPageTables:         0 kB
NFS_Unstable:          0 kB
Bounce:                0 kB
WritebackTmp:          0 kB
CommitLimit:     8258920 kB
Committed_AS:   11409268 kB
VmallocTotal:   34359738367 kB
VmallocUsed:       46456 kB
VmallocChunk:          0 kB
Percpu:            13280 kB
HardwareCorrupted:     0 kB
AnonHugePages:    210944 kB
ShmemHugePages:        0 kB
ShmemPmdMapped:        0 kB
FileHugePages:         0 kB
FilePmdMapped:         0 kB
CmaTotal:              0 kB
CmaFree:               0 kB
Unaccepted:            0 kB
Balloon:               0 kB
HugePages_Total:       0
HugePages_Free:        0
HugePages_Rsvd:        0
HugePages_Surp:        0
Hugepagesize:       2048 kB
Hugetlb:               0 kB
DirectMap4k:      194432 kB
DirectMap2M:     6096896 kB
DirectMap1G:     4194304 kB
---SNAPSHOT---
2026-04-27 15:08:43
MemTotal:        8129240 kB
MemFree:         3632156 kB
MemAvailable:    3838580 kB
Buffers:            5800 kB
Cached:           314884 kB
SwapCached:       121608 kB
Active:          3185420 kB
Inactive:         590160 kB
Active(anon):    3075884 kB
Inactive(anon):   433428 kB
Active(file):     109536 kB
Inactive(file):   156732 kB
Unevictable:          16 kB
Mlocked:              16 kB
SwapTotal:       4194300 kB
SwapFree:        3935176 kB
Zswap:                 0 kB
Zswapped:              0 kB
Dirty:               640 kB
Writeback:             0 kB
AnonPages:       3336684 kB
Mapped:           268496 kB
Shmem:             54448 kB
KReclaimable:      57052 kB
Slab:             284296 kB
SReclaimable:      57052 kB
SUnreclaim:       227244 kB
KernelStack:       18316 kB
PageTables:        49108 kB
SecPageTables:         0 kB
NFS_Unstable:          0 kB
Bounce:                0 kB
WritebackTmp:          0 kB
CommitLimit:     8258920 kB
Committed_AS:   11409344 kB
VmallocTotal:   34359738367 kB
VmallocUsed:       46520 kB
VmallocChunk:          0 kB
Percpu:            13280 kB
HardwareCorrupted:     0 kB
AnonHugePages:    210944 kB
ShmemHugePages:        0 kB
ShmemPmdMapped:        0 kB
FileHugePages:         0 kB
FilePmdMapped:         0 kB
CmaTotal:              0 kB
CmaFree:               0 kB
Unaccepted:            0 kB
Balloon:               0 kB
HugePages_Total:       0
HugePages_Free:        0
HugePages_Rsvd:        0
HugePages_Surp:        0
Hugepagesize:       2048 kB
Hugetlb:               0 kB
DirectMap4k:      194432 kB
DirectMap2M:     6096896 kB
DirectMap1G:     4194304 kB
---SNAPSHOT---
2026-04-27 15:08:44
MemTotal:        8129240 kB
MemFree:         3344436 kB
MemAvailable:    3550864 kB
Buffers:            5800 kB
Cached:           314888 kB
SwapCached:       121608 kB
Active:          3446964 kB
Inactive:         590164 kB
Active(anon):    3337428 kB
Inactive(anon):   433428 kB
Active(file):     109536 kB
Inactive(file):   156736 kB
Unevictable:          16 kB
Mlocked:              16 kB
SwapTotal:       4194300 kB
SwapFree:        3935176 kB
Zswap:                 0 kB
Zswapped:              0 kB
Dirty:               644 kB
Writeback:             0 kB
AnonPages:       3598544 kB
Mapped:           268496 kB
Shmem:             54448 kB
KReclaimable:      57052 kB
Slab:             284296 kB
SReclaimable:      57052 kB
SUnreclaim:       227244 kB
KernelStack:       18272 kB
PageTables:        49612 kB
SecPageTables:         0 kB
NFS_Unstable:          0 kB
Bounce:                0 kB
WritebackTmp:          0 kB
CommitLimit:     8258920 kB
Committed_AS:   11409444 kB
VmallocTotal:   34359738367 kB
VmallocUsed:       46520 kB
VmallocChunk:          0 kB
Percpu:            13280 kB
HardwareCorrupted:     0 kB
AnonHugePages:    210944 kB
ShmemHugePages:        0 kB
ShmemPmdMapped:        0 kB
FileHugePages:         0 kB
FilePmdMapped:         0 kB
CmaTotal:              0 kB
CmaFree:               0 kB
Unaccepted:            0 kB
Balloon:               0 kB
HugePages_Total:       0
HugePages_Free:        0
HugePages_Rsvd:        0
HugePages_Surp:        0
Hugepagesize:       2048 kB
Hugetlb:               0 kB
DirectMap4k:      194432 kB
DirectMap2M:     6096896 kB
DirectMap1G:     4194304 kB
---SNAPSHOT---
2026-04-27 15:08:45
MemTotal:        8129240 kB
MemFree:         2682152 kB
MemAvailable:    2888584 kB
Buffers:            5808 kB
Cached:           314892 kB
SwapCached:       121608 kB
Active:          4106800 kB
Inactive:         590168 kB
Active(anon):    3997264 kB
Inactive(anon):   433428 kB
Active(file):     109536 kB
Inactive(file):   156740 kB
Unevictable:          16 kB
Mlocked:              16 kB
SwapTotal:       4194300 kB
SwapFree:        3935176 kB
Zswap:                 0 kB
Zswapped:              0 kB
Dirty:               648 kB
Writeback:             0 kB
AnonPages:       4257908 kB
Mapped:           268736 kB
Shmem:             54448 kB
KReclaimable:      57052 kB
Slab:             284316 kB
SReclaimable:      57052 kB
SUnreclaim:       227264 kB
KernelStack:       18320 kB
PageTables:        51336 kB
SecPageTables:         0 kB
NFS_Unstable:          0 kB
Bounce:                0 kB
WritebackTmp:          0 kB
CommitLimit:     8258920 kB
Committed_AS:   11410376 kB
VmallocTotal:   34359738367 kB
VmallocUsed:       46552 kB
VmallocChunk:          0 kB
Percpu:            13280 kB
HardwareCorrupted:     0 kB
AnonHugePages:    210944 kB
ShmemHugePages:        0 kB
ShmemPmdMapped:        0 kB
FileHugePages:         0 kB
FilePmdMapped:         0 kB
CmaTotal:              0 kB
CmaFree:               0 kB
Unaccepted:            0 kB
Balloon:               0 kB
HugePages_Total:       0
HugePages_Free:        0
HugePages_Rsvd:        0
HugePages_Surp:        0
Hugepagesize:       2048 kB
Hugetlb:               0 kB
DirectMap4k:      194432 kB
DirectMap2M:     6096896 kB
DirectMap1G:     4194304 kB
---SNAPSHOT---
2026-04-27 15:08:46
MemTotal:        8129240 kB
MemFree:         2693028 kB
MemAvailable:    2899476 kB
Buffers:            5808 kB
Cached:           314900 kB
SwapCached:       121608 kB
Active:          4106640 kB
Inactive:         590184 kB
Active(anon):    3997104 kB
Inactive(anon):   433428 kB
Active(file):     109536 kB
Inactive(file):   156756 kB
Unevictable:          16 kB
Mlocked:              16 kB
SwapTotal:       4194300 kB
SwapFree:        3935176 kB
Zswap:                 0 kB
Zswapped:              0 kB
Dirty:               656 kB
Writeback:             0 kB
AnonPages:       4257712 kB
Mapped:           268496 kB
Shmem:             54448 kB
KReclaimable:      57052 kB
Slab:             284304 kB
SReclaimable:      57052 kB
SUnreclaim:       227252 kB
KernelStack:       18332 kB
PageTables:        51556 kB
SecPageTables:         0 kB
NFS_Unstable:          0 kB
Bounce:                0 kB
WritebackTmp:          0 kB
CommitLimit:     8258920 kB
Committed_AS:   11409352 kB
VmallocTotal:   34359738367 kB
VmallocUsed:       46504 kB
VmallocChunk:          0 kB
Percpu:            13280 kB
HardwareCorrupted:     0 kB
AnonHugePages:    210944 kB
ShmemHugePages:        0 kB
ShmemPmdMapped:        0 kB
FileHugePages:         0 kB
FilePmdMapped:         0 kB
CmaTotal:              0 kB
CmaFree:               0 kB
Unaccepted:            0 kB
Balloon:               0 kB
HugePages_Total:       0
HugePages_Free:        0
HugePages_Rsvd:        0
HugePages_Surp:        0
Hugepagesize:       2048 kB
Hugetlb:               0 kB
DirectMap4k:      194432 kB
DirectMap2M:     6096896 kB
DirectMap1G:     4194304 kB
---SNAPSHOT---
2026-04-27 15:08:47
MemTotal:        8129240 kB
MemFree:         3668396 kB
MemAvailable:    3874848 kB
Buffers:            5808 kB
Cached:           314904 kB
SwapCached:       121608 kB
Active:          3071308 kB
Inactive:         590188 kB
Active(anon):    2961772 kB
Inactive(anon):   433428 kB
Active(file):     109536 kB
Inactive(file):   156760 kB
Unevictable:          16 kB
Mlocked:              16 kB
SwapTotal:       4194300 kB
SwapFree:        3935176 kB
Zswap:                 0 kB
Zswapped:              0 kB
Dirty:               660 kB
Writeback:             0 kB
AnonPages:       3202980 kB
Mapped:           268496 kB
Shmem:             54448 kB
KReclaimable:      57052 kB
Slab:             284292 kB
SReclaimable:      57052 kB
SUnreclaim:       227240 kB
KernelStack:       18272 kB
PageTables:        50656 kB
SecPageTables:         0 kB
NFS_Unstable:          0 kB
Bounce:                0 kB
WritebackTmp:          0 kB
CommitLimit:     8258920 kB
Committed_AS:   11409680 kB
VmallocTotal:   34359738367 kB
VmallocUsed:       46504 kB
VmallocChunk:          0 kB
Percpu:            13280 kB
HardwareCorrupted:     0 kB
AnonHugePages:    210944 kB
ShmemHugePages:        0 kB
ShmemPmdMapped:        0 kB
FileHugePages:         0 kB
FilePmdMapped:         0 kB
CmaTotal:              0 kB
CmaFree:               0 kB
Unaccepted:            0 kB
Balloon:               0 kB
HugePages_Total:       0
HugePages_Free:        0
HugePages_Rsvd:        0
HugePages_Surp:        0
Hugepagesize:       2048 kB
Hugetlb:               0 kB
DirectMap4k:      194432 kB
DirectMap2M:     6096896 kB
DirectMap1G:     4194304 kB
---SNAPSHOT---
2026-04-27 15:08:48
MemTotal:        8129240 kB
MemFree:         4035396 kB
MemAvailable:    4241852 kB
Buffers:            5808 kB
Cached:           314912 kB
SwapCached:       121608 kB
Active:          2726328 kB
Inactive:         590192 kB
Active(anon):    2616792 kB
Inactive(anon):   433428 kB
Active(file):     109536 kB
Inactive(file):   156764 kB
Unevictable:          16 kB
Mlocked:              16 kB
SwapTotal:       4194300 kB
SwapFree:        3935176 kB
Zswap:                 0 kB
Zswapped:              0 kB
Dirty:               668 kB
Writeback:             0 kB
AnonPages:       2877264 kB
Mapped:           268496 kB
Shmem:             54448 kB
KReclaimable:      57052 kB
Slab:             284288 kB
SReclaimable:      57052 kB
SUnreclaim:       227236 kB
KernelStack:       18272 kB
PageTables:        49312 kB
SecPageTables:         0 kB
NFS_Unstable:          0 kB
Bounce:                0 kB
WritebackTmp:          0 kB
CommitLimit:     8258920 kB
Committed_AS:   11409060 kB
VmallocTotal:   34359738367 kB
VmallocUsed:       46472 kB
VmallocChunk:          0 kB
Percpu:            13280 kB
HardwareCorrupted:     0 kB
AnonHugePages:    210944 kB
ShmemHugePages:        0 kB
ShmemPmdMapped:        0 kB
FileHugePages:         0 kB
FilePmdMapped:         0 kB
CmaTotal:              0 kB
CmaFree:               0 kB
Unaccepted:            0 kB
Balloon:               0 kB
HugePages_Total:       0
HugePages_Free:        0
HugePages_Rsvd:        0
HugePages_Surp:        0
Hugepagesize:       2048 kB
Hugetlb:               0 kB
DirectMap4k:      194432 kB
DirectMap2M:     6096896 kB
DirectMap1G:     4194304 kB
---SNAPSHOT---
2026-04-27 15:08:49
MemTotal:        8129240 kB
MemFree:         3455992 kB
MemAvailable:    3662456 kB
Buffers:            5808 kB
Cached:           314916 kB
SwapCached:       121608 kB
Active:          3333820 kB
Inactive:         590200 kB
Active(anon):    3224284 kB
Inactive(anon):   433428 kB
Active(file):     109536 kB
Inactive(file):   156772 kB
Unevictable:          16 kB
Mlocked:              16 kB
SwapTotal:       4194300 kB
SwapFree:        3935176 kB
Zswap:                 0 kB
Zswapped:              0 kB
Dirty:               672 kB
Writeback:             0 kB
AnonPages:       3485092 kB
Mapped:           268496 kB
Shmem:             54448 kB
KReclaimable:      57052 kB
Slab:             284288 kB
SReclaimable:      57052 kB
SUnreclaim:       227236 kB
KernelStack:       18272 kB
PageTables:        50584 kB
SecPageTables:         0 kB
NFS_Unstable:          0 kB
Bounce:                0 kB
WritebackTmp:          0 kB
CommitLimit:     8258920 kB
Committed_AS:   11409572 kB
VmallocTotal:   34359738367 kB
VmallocUsed:       46456 kB
VmallocChunk:          0 kB
Percpu:            13280 kB
HardwareCorrupted:     0 kB
AnonHugePages:    210944 kB
ShmemHugePages:        0 kB
ShmemPmdMapped:        0 kB
FileHugePages:         0 kB
FilePmdMapped:         0 kB
CmaTotal:              0 kB
CmaFree:               0 kB
Unaccepted:            0 kB
Balloon:               0 kB
HugePages_Total:       0
HugePages_Free:        0
HugePages_Rsvd:        0
HugePages_Surp:        0
Hugepagesize:       2048 kB
Hugetlb:               0 kB
DirectMap4k:      194432 kB
DirectMap2M:     6096896 kB
DirectMap1G:     4194304 kB
---SNAPSHOT---
2026-04-27 15:08:50
MemTotal:        8129240 kB
MemFree:         4626288 kB
MemAvailable:    4832756 kB
Buffers:            5816 kB
Cached:           314920 kB
SwapCached:       121608 kB
Active:          2085768 kB
Inactive:         590204 kB
Active(anon):    1976232 kB
Inactive(anon):   433428 kB
Active(file):     109536 kB
Inactive(file):   156776 kB
Unevictable:          16 kB
Mlocked:              16 kB
SwapTotal:       4194300 kB
SwapFree:        3935176 kB
Zswap:                 0 kB
Zswapped:              0 kB
Dirty:               676 kB
Writeback:             0 kB
AnonPages:       2236640 kB
Mapped:           268496 kB
Shmem:             54448 kB
KReclaimable:      57052 kB
Slab:             284288 kB
SReclaimable:      57052 kB
SUnreclaim:       227236 kB
KernelStack:       18272 kB
PageTables:        48072 kB
SecPageTables:         0 kB
NFS_Unstable:          0 kB
Bounce:                0 kB
WritebackTmp:          0 kB
CommitLimit:     8258920 kB
Committed_AS:   11408852 kB
VmallocTotal:   34359738367 kB
VmallocUsed:       46456 kB
VmallocChunk:          0 kB
Percpu:            13280 kB
HardwareCorrupted:     0 kB
AnonHugePages:    210944 kB
ShmemHugePages:        0 kB
ShmemPmdMapped:        0 kB
FileHugePages:         0 kB
FilePmdMapped:         0 kB
CmaTotal:              0 kB
CmaFree:               0 kB
Unaccepted:            0 kB
Balloon:               0 kB
HugePages_Total:       0
HugePages_Free:        0
HugePages_Rsvd:        0
HugePages_Surp:        0
Hugepagesize:       2048 kB
Hugetlb:               0 kB
DirectMap4k:      194432 kB
DirectMap2M:     6096896 kB
DirectMap1G:     4194304 kB
---SNAPSHOT---
2026-04-27 15:08:51
MemTotal:        8129240 kB
MemFree:         4213344 kB
MemAvailable:    4419824 kB
Buffers:            5816 kB
Cached:           314928 kB
SwapCached:       121608 kB
Active:          2529268 kB
Inactive:         590216 kB
Active(anon):    2419732 kB
Inactive(anon):   433428 kB
Active(file):     109536 kB
Inactive(file):   156788 kB
Unevictable:          16 kB
Mlocked:              16 kB
SwapTotal:       4194300 kB
SwapFree:        3935176 kB
Zswap:                 0 kB
Zswapped:              0 kB
Dirty:               684 kB
Writeback:             0 kB
AnonPages:       2661732 kB
Mapped:           268496 kB
Shmem:             54448 kB
KReclaimable:      57052 kB
Slab:             284288 kB
SReclaimable:      57052 kB
SUnreclaim:       227236 kB
KernelStack:       18272 kB
PageTables:        48796 kB
SecPageTables:         0 kB
NFS_Unstable:          0 kB
Bounce:                0 kB
WritebackTmp:          0 kB
CommitLimit:     8258920 kB
Committed_AS:   11409444 kB
VmallocTotal:   34359738367 kB
VmallocUsed:       46456 kB
VmallocChunk:          0 kB
Percpu:            13280 kB
HardwareCorrupted:     0 kB
AnonHugePages:    210944 kB
ShmemHugePages:        0 kB
ShmemPmdMapped:        0 kB
FileHugePages:         0 kB
FilePmdMapped:         0 kB
CmaTotal:              0 kB
CmaFree:               0 kB
Unaccepted:            0 kB
Balloon:               0 kB
HugePages_Total:       0
HugePages_Free:        0
HugePages_Rsvd:        0
HugePages_Surp:        0
Hugepagesize:       2048 kB
Hugetlb:               0 kB
DirectMap4k:      194432 kB
DirectMap2M:     6096896 kB
DirectMap1G:     4194304 kB
---SNAPSHOT---
2026-04-27 15:08:52
MemTotal:        8129240 kB
MemFree:         3630376 kB
MemAvailable:    3836860 kB
Buffers:            5816 kB
Cached:           314932 kB
SwapCached:       121608 kB
Active:          3180632 kB
Inactive:         590220 kB
Active(anon):    3071096 kB
Inactive(anon):   433428 kB
Active(file):     109536 kB
Inactive(file):   156792 kB
Unevictable:          16 kB
Mlocked:              16 kB
SwapTotal:       4194300 kB
SwapFree:        3935176 kB
Zswap:                 0 kB
Zswapped:              0 kB
Dirty:               688 kB
Writeback:             0 kB
AnonPages:       3331856 kB
Mapped:           268496 kB
Shmem:             54448 kB
KReclaimable:      57052 kB
Slab:             284292 kB
SReclaimable:      57052 kB
SUnreclaim:       227240 kB
KernelStack:       18256 kB
PageTables:        49084 kB
SecPageTables:         0 kB
NFS_Unstable:          0 kB
Bounce:                0 kB
WritebackTmp:          0 kB
CommitLimit:     8258920 kB
Committed_AS:   11409336 kB
VmallocTotal:   34359738367 kB
VmallocUsed:       46456 kB
VmallocChunk:          0 kB
Percpu:            13280 kB
HardwareCorrupted:     0 kB
AnonHugePages:    210944 kB
ShmemHugePages:        0 kB
ShmemPmdMapped:        0 kB
FileHugePages:         0 kB
FilePmdMapped:         0 kB
CmaTotal:              0 kB
CmaFree:               0 kB
Unaccepted:            0 kB
Balloon:               0 kB
HugePages_Total:       0
HugePages_Free:        0
HugePages_Rsvd:        0
HugePages_Surp:        0
Hugepagesize:       2048 kB
Hugetlb:               0 kB
DirectMap4k:      194432 kB
DirectMap2M:     6096896 kB
DirectMap1G:     4194304 kB
---SNAPSHOT---
2026-04-27 15:08:53
MemTotal:        8129240 kB
MemFree:         4028804 kB
MemAvailable:    4235296 kB
Buffers:            5816 kB
Cached:           314940 kB
SwapCached:       121608 kB
Active:          2765980 kB
Inactive:         590228 kB
Active(anon):    2656444 kB
Inactive(anon):   433428 kB
Active(file):     109536 kB
Inactive(file):   156800 kB
Unevictable:          16 kB
Mlocked:              16 kB
SwapTotal:       4194300 kB
SwapFree:        3935176 kB
Zswap:                 0 kB
Zswapped:              0 kB
Dirty:               696 kB
Writeback:             0 kB
AnonPages:       2917112 kB
Mapped:           268496 kB
Shmem:             54448 kB
KReclaimable:      57052 kB
Slab:             284292 kB
SReclaimable:      57052 kB
SUnreclaim:       227240 kB
KernelStack:       18272 kB
PageTables:        48716 kB
SecPageTables:         0 kB
NFS_Unstable:          0 kB
Bounce:                0 kB
WritebackTmp:          0 kB
CommitLimit:     8258920 kB
Committed_AS:   11408696 kB
VmallocTotal:   34359738367 kB
VmallocUsed:       46456 kB
VmallocChunk:          0 kB
Percpu:            13280 kB
HardwareCorrupted:     0 kB
AnonHugePages:    210944 kB
ShmemHugePages:        0 kB
ShmemPmdMapped:        0 kB
FileHugePages:         0 kB
FilePmdMapped:         0 kB
CmaTotal:              0 kB
CmaFree:               0 kB
Unaccepted:            0 kB
Balloon:               0 kB
HugePages_Total:       0
HugePages_Free:        0
HugePages_Rsvd:        0
HugePages_Surp:        0
Hugepagesize:       2048 kB
Hugetlb:               0 kB
DirectMap4k:      194432 kB
DirectMap2M:     6096896 kB
DirectMap1G:     4194304 kB
---SNAPSHOT---
2026-04-27 15:08:54
MemTotal:        8129240 kB
MemFree:         4456656 kB
MemAvailable:    4663152 kB
Buffers:            5816 kB
Cached:           314944 kB
SwapCached:       121608 kB
Active:          2341316 kB
Inactive:         590232 kB
Active(anon):    2231780 kB
Inactive(anon):   433428 kB
Active(file):     109536 kB
Inactive(file):   156804 kB
Unevictable:          16 kB
Mlocked:              16 kB
SwapTotal:       4194300 kB
SwapFree:        3935176 kB
Zswap:                 0 kB
Zswapped:              0 kB
Dirty:               700 kB
Writeback:             0 kB
AnonPages:       2492736 kB
Mapped:           268496 kB
Shmem:             54448 kB
KReclaimable:      57052 kB
Slab:             284292 kB
SReclaimable:      57052 kB
SUnreclaim:       227240 kB
KernelStack:       18316 kB
PageTables:        47988 kB
SecPageTables:         0 kB
NFS_Unstable:          0 kB
Bounce:                0 kB
WritebackTmp:          0 kB
CommitLimit:     8258920 kB
Committed_AS:   11409236 kB
VmallocTotal:   34359738367 kB
VmallocUsed:       46520 kB
VmallocChunk:          0 kB
Percpu:            13280 kB
HardwareCorrupted:     0 kB
AnonHugePages:    210944 kB
ShmemHugePages:        0 kB
ShmemPmdMapped:        0 kB
FileHugePages:         0 kB
FilePmdMapped:         0 kB
CmaTotal:              0 kB
CmaFree:               0 kB
Unaccepted:            0 kB
Balloon:               0 kB
HugePages_Total:       0
HugePages_Free:        0
HugePages_Rsvd:        0
HugePages_Surp:        0
Hugepagesize:       2048 kB
Hugetlb:               0 kB
DirectMap4k:      194432 kB
DirectMap2M:     6096896 kB
DirectMap1G:     4194304 kB
---SNAPSHOT---
2026-04-27 15:08:55
MemTotal:        8129240 kB
MemFree:         3582800 kB
MemAvailable:    3789304 kB
Buffers:            5824 kB
Cached:           314948 kB
SwapCached:       121608 kB
Active:          3249688 kB
Inactive:         590240 kB
Active(anon):    3140152 kB
Inactive(anon):   433428 kB
Active(file):     109536 kB
Inactive(file):   156812 kB
Unevictable:          16 kB
Mlocked:              16 kB
SwapTotal:       4194300 kB
SwapFree:        3935176 kB
Zswap:                 0 kB
Zswapped:              0 kB
Dirty:               704 kB
Writeback:             0 kB
AnonPages:       3400964 kB
Mapped:           268496 kB
Shmem:             54448 kB
KReclaimable:      57052 kB
Slab:             284292 kB
SReclaimable:      57052 kB
SUnreclaim:       227240 kB
KernelStack:       18272 kB
PageTables:        49852 kB
SecPageTables:         0 kB
NFS_Unstable:          0 kB
Bounce:                0 kB
WritebackTmp:          0 kB
CommitLimit:     8258920 kB
Committed_AS:   11409320 kB
VmallocTotal:   34359738367 kB
VmallocUsed:       46552 kB
VmallocChunk:          0 kB
Percpu:            13280 kB
HardwareCorrupted:     0 kB
AnonHugePages:    210944 kB
ShmemHugePages:        0 kB
ShmemPmdMapped:        0 kB
FileHugePages:         0 kB
FilePmdMapped:         0 kB
CmaTotal:              0 kB
CmaFree:               0 kB
Unaccepted:            0 kB
Balloon:               0 kB
HugePages_Total:       0
HugePages_Free:        0
HugePages_Rsvd:        0
HugePages_Surp:        0
Hugepagesize:       2048 kB
Hugetlb:               0 kB
DirectMap4k:      194432 kB
DirectMap2M:     6096896 kB
DirectMap1G:     4194304 kB
---SNAPSHOT---
2026-04-27 15:08:56
MemTotal:        8129240 kB
MemFree:         2920468 kB
MemAvailable:    3126984 kB
Buffers:            5824 kB
Cached:           314956 kB
SwapCached:       254052 kB
Active:          3786680 kB
Inactive:         719436 kB
Active(anon):    3677144 kB
Inactive(anon):   562612 kB
Active(file):     109536 kB
Inactive(file):   156824 kB
Unevictable:          16 kB
Mlocked:              16 kB
SwapTotal:       4194300 kB
SwapFree:        3802656 kB
Zswap:                 0 kB
Zswapped:              0 kB
Dirty:               712 kB
Writeback:           284 kB
AnonPages:       3940524 kB
Mapped:           268496 kB
Shmem:             54448 kB
KReclaimable:      57052 kB
Slab:             284300 kB
SReclaimable:      57052 kB
SUnreclaim:       227248 kB
KernelStack:       18272 kB
PageTables:        51012 kB
SecPageTables:         0 kB
NFS_Unstable:          0 kB
Bounce:                0 kB
WritebackTmp:          0 kB
CommitLimit:     8258920 kB
Committed_AS:   11409080 kB
VmallocTotal:   34359738367 kB
VmallocUsed:       46520 kB
VmallocChunk:          0 kB
Percpu:            13280 kB
HardwareCorrupted:     0 kB
AnonHugePages:    210944 kB
ShmemHugePages:        0 kB
ShmemPmdMapped:        0 kB
FileHugePages:         0 kB
FilePmdMapped:         0 kB
CmaTotal:              0 kB
CmaFree:               0 kB
Unaccepted:            0 kB
Balloon:               0 kB
HugePages_Total:       0
HugePages_Free:        0
HugePages_Rsvd:        0
HugePages_Surp:        0
Hugepagesize:       2048 kB
Hugetlb:               0 kB
DirectMap4k:      194432 kB
DirectMap2M:     6096896 kB
DirectMap1G:     4194304 kB
---SNAPSHOT---
2026-04-27 15:08:57
MemTotal:        8129240 kB
MemFree:         2737424 kB
MemAvailable:    2943948 kB
Buffers:            5824 kB
Cached:           314960 kB
SwapCached:       401136 kB
Active:          3821772 kB
Inactive:         866380 kB
Active(anon):    3712236 kB
Inactive(anon):   709548 kB
Active(file):     109536 kB
Inactive(file):   156832 kB
Unevictable:          16 kB
Mlocked:              16 kB
SwapTotal:       4194300 kB
SwapFree:        3655416 kB
Zswap:                 0 kB
Zswapped:              0 kB
Dirty:               716 kB
Writeback:           156 kB
AnonPages:       3977712 kB
Mapped:           268496 kB
Shmem:             54448 kB
KReclaimable:      57052 kB
Slab:             284300 kB
SReclaimable:      57052 kB
SUnreclaim:       227248 kB
KernelStack:       18272 kB
PageTables:        51356 kB
SecPageTables:         0 kB
NFS_Unstable:          0 kB
Bounce:                0 kB
WritebackTmp:          0 kB
CommitLimit:     8258920 kB
Committed_AS:   11409444 kB
VmallocTotal:   34359738367 kB
VmallocUsed:       46504 kB
VmallocChunk:          0 kB
Percpu:            13280 kB
HardwareCorrupted:     0 kB
AnonHugePages:    210944 kB
ShmemHugePages:        0 kB
ShmemPmdMapped:        0 kB
FileHugePages:         0 kB
FilePmdMapped:         0 kB
CmaTotal:              0 kB
CmaFree:               0 kB
Unaccepted:            0 kB
Balloon:               0 kB
HugePages_Total:       0
HugePages_Free:        0
HugePages_Rsvd:        0
HugePages_Surp:        0
Hugepagesize:       2048 kB
Hugetlb:               0 kB
DirectMap4k:      194432 kB
DirectMap2M:     6096896 kB
DirectMap1G:     4194304 kB
---SNAPSHOT---
2026-04-27 15:08:58
MemTotal:        8129240 kB
MemFree:         2744424 kB
MemAvailable:    2950948 kB
Buffers:            5824 kB
Cached:           314968 kB
SwapCached:       539920 kB
Active:          3684644 kB
Inactive:        1003432 kB
Active(anon):    3575108 kB
Inactive(anon):   846600 kB
Active(file):     109536 kB
Inactive(file):   156832 kB
Unevictable:          16 kB
Mlocked:              16 kB
SwapTotal:       4194300 kB
SwapFree:        3516588 kB
Zswap:                 0 kB
Zswapped:              0 kB
Dirty:               724 kB
Writeback:           196 kB
AnonPages:       3838852 kB
Mapped:           268496 kB
Shmem:             54448 kB
KReclaimable:      57052 kB
Slab:             284324 kB
SReclaimable:      57052 kB
SUnreclaim:       227272 kB
KernelStack:       18256 kB
PageTables:        51316 kB
SecPageTables:         0 kB
NFS_Unstable:          0 kB
Bounce:                0 kB
WritebackTmp:          0 kB
CommitLimit:     8258920 kB
Committed_AS:   11409344 kB
VmallocTotal:   34359738367 kB
VmallocUsed:       46552 kB
VmallocChunk:          0 kB
Percpu:            13280 kB
HardwareCorrupted:     0 kB
AnonHugePages:    210944 kB
ShmemHugePages:        0 kB
ShmemPmdMapped:        0 kB
FileHugePages:         0 kB
FilePmdMapped:         0 kB
CmaTotal:              0 kB
CmaFree:               0 kB
Unaccepted:            0 kB
Balloon:               0 kB
HugePages_Total:       0
HugePages_Free:        0
HugePages_Rsvd:        0
HugePages_Surp:        0
Hugepagesize:       2048 kB
Hugetlb:               0 kB
DirectMap4k:      194432 kB
DirectMap2M:     6096896 kB
DirectMap1G:     4194304 kB
---SNAPSHOT---
2026-04-27 15:08:59
MemTotal:        8129240 kB
MemFree:         2751884 kB
MemAvailable:    2958424 kB
Buffers:            5824 kB
Cached:           314976 kB
SwapCached:       680624 kB
Active:          3541496 kB
Inactive:        1146664 kB
Active(anon):    3431960 kB
Inactive(anon):   989816 kB
Active(file):     109536 kB
Inactive(file):   156848 kB
Unevictable:          16 kB
Mlocked:              16 kB
SwapTotal:       4194300 kB
SwapFree:        3375988 kB
Zswap:                 0 kB
Zswapped:              0 kB
Dirty:               732 kB
Writeback:           312 kB
AnonPages:       3698292 kB
Mapped:           268496 kB
Shmem:             54448 kB
KReclaimable:      57052 kB
Slab:             284320 kB
SReclaimable:      57052 kB
SUnreclaim:       227268 kB
KernelStack:       18272 kB
PageTables:        51336 kB
SecPageTables:         0 kB
NFS_Unstable:          0 kB
Bounce:                0 kB
WritebackTmp:          0 kB
CommitLimit:     8258920 kB
Committed_AS:   11409108 kB
VmallocTotal:   34359738367 kB
VmallocUsed:       46536 kB
VmallocChunk:          0 kB
Percpu:            13280 kB
HardwareCorrupted:     0 kB
AnonHugePages:    210944 kB
ShmemHugePages:        0 kB
ShmemPmdMapped:        0 kB
FileHugePages:         0 kB
FilePmdMapped:         0 kB
CmaTotal:              0 kB
CmaFree:               0 kB
Unaccepted:            0 kB
Balloon:               0 kB
HugePages_Total:       0
HugePages_Free:        0
HugePages_Rsvd:        0
HugePages_Surp:        0
Hugepagesize:       2048 kB
Hugetlb:               0 kB
DirectMap4k:      194432 kB
DirectMap2M:     6096896 kB
DirectMap1G:     4194304 kB
---SNAPSHOT---
2026-04-27 15:09:00
MemTotal:        8129240 kB
MemFree:         2760916 kB
MemAvailable:    2967468 kB
Buffers:            5832 kB
Cached:           314980 kB
SwapCached:       819884 kB
Active:          3404080 kB
Inactive:        1283916 kB
Active(anon):    3294544 kB
Inactive(anon):  1127056 kB
Active(file):     109536 kB
Inactive(file):   156860 kB
Unevictable:          16 kB
Mlocked:              16 kB
SwapTotal:       4194300 kB
SwapFree:        3236784 kB
Zswap:                 0 kB
Zswapped:              0 kB
Dirty:               736 kB
Writeback:           296 kB
AnonPages:       3558816 kB
Mapped:           268496 kB
Shmem:             54448 kB
KReclaimable:      57052 kB
Slab:             284324 kB
SReclaimable:      57052 kB
SUnreclaim:       227272 kB
KernelStack:       18272 kB
PageTables:        51344 kB
SecPageTables:         0 kB
NFS_Unstable:          0 kB
Bounce:                0 kB
WritebackTmp:          0 kB
CommitLimit:     8258920 kB
Committed_AS:   11409124 kB
VmallocTotal:   34359738367 kB
VmallocUsed:       46504 kB
VmallocChunk:          0 kB
Percpu:            13280 kB
HardwareCorrupted:     0 kB
AnonHugePages:    210944 kB
ShmemHugePages:        0 kB
ShmemPmdMapped:        0 kB
FileHugePages:         0 kB
FilePmdMapped:         0 kB
CmaTotal:              0 kB
CmaFree:               0 kB
Unaccepted:            0 kB
Balloon:               0 kB
HugePages_Total:       0
HugePages_Free:        0
HugePages_Rsvd:        0
HugePages_Surp:        0
Hugepagesize:       2048 kB
Hugetlb:               0 kB
DirectMap4k:      194432 kB
DirectMap2M:     6096896 kB
DirectMap1G:     4194304 kB
---SNAPSHOT---
2026-04-27 15:09:01
MemTotal:        8129240 kB
MemFree:         2764988 kB
MemAvailable:    2971544 kB
Buffers:            5832 kB
Cached:           314988 kB
SwapCached:       952760 kB
Active:          3271100 kB
Inactive:        1417184 kB
Active(anon):    3161564 kB
Inactive(anon):  1260320 kB
Active(file):     109536 kB
Inactive(file):   156864 kB
Unevictable:          16 kB
Mlocked:              16 kB
SwapTotal:       4194300 kB
SwapFree:        3103764 kB
Zswap:                 0 kB
Zswapped:              0 kB
Dirty:               744 kB
Writeback:           260 kB
AnonPages:       3425828 kB
Mapped:           268496 kB
Shmem:             54448 kB
KReclaimable:      57052 kB
Slab:             284292 kB
SReclaimable:      57052 kB
SUnreclaim:       227240 kB
KernelStack:       18316 kB
PageTables:        51284 kB
SecPageTables:         0 kB
NFS_Unstable:          0 kB
Bounce:                0 kB
WritebackTmp:          0 kB
CommitLimit:     8258920 kB
Committed_AS:   11409336 kB
VmallocTotal:   34359738367 kB
VmallocUsed:       46568 kB
VmallocChunk:          0 kB
Percpu:            13280 kB
HardwareCorrupted:     0 kB
AnonHugePages:    210944 kB
ShmemHugePages:        0 kB
ShmemPmdMapped:        0 kB
FileHugePages:         0 kB
FilePmdMapped:         0 kB
CmaTotal:              0 kB
CmaFree:               0 kB
Unaccepted:            0 kB
Balloon:               0 kB
HugePages_Total:       0
HugePages_Free:        0
HugePages_Rsvd:        0
HugePages_Surp:        0
Hugepagesize:       2048 kB
Hugetlb:               0 kB
DirectMap4k:      194432 kB
DirectMap2M:     6096896 kB
DirectMap1G:     4194304 kB
---SNAPSHOT---
2026-04-27 15:09:02
MemTotal:        8129240 kB
MemFree:         2769040 kB
MemAvailable:    2975768 kB
Buffers:            6092 kB
Cached:           314992 kB
SwapCached:      1071268 kB
Active:          3152708 kB
Inactive:        1535932 kB
Active(anon):    3043172 kB
Inactive(anon):  1378896 kB
Active(file):     109536 kB
Inactive(file):   157036 kB
Unevictable:          16 kB
Mlocked:              16 kB
SwapTotal:       4194300 kB
SwapFree:        2985232 kB
Zswap:                 0 kB
Zswapped:              0 kB
Dirty:               748 kB
Writeback:           316 kB
AnonPages:       3307888 kB
Mapped:           268496 kB
Shmem:             54448 kB
KReclaimable:      57052 kB
Slab:             284292 kB
SReclaimable:      57052 kB
SUnreclaim:       227240 kB
KernelStack:       18332 kB
PageTables:        51560 kB
SecPageTables:         0 kB
NFS_Unstable:          0 kB
Bounce:                0 kB
WritebackTmp:          0 kB
CommitLimit:     8258920 kB
Committed_AS:   11408908 kB
VmallocTotal:   34359738367 kB
VmallocUsed:       46568 kB
VmallocChunk:          0 kB
Percpu:            13280 kB
HardwareCorrupted:     0 kB
AnonHugePages:    210944 kB
ShmemHugePages:        0 kB
ShmemPmdMapped:        0 kB
FileHugePages:         0 kB
FilePmdMapped:         0 kB
CmaTotal:              0 kB
CmaFree:               0 kB
Unaccepted:            0 kB
Balloon:               0 kB
HugePages_Total:       0
HugePages_Free:        0
HugePages_Rsvd:        0
HugePages_Surp:        0
Hugepagesize:       2048 kB
Hugetlb:               0 kB
DirectMap4k:      194432 kB
DirectMap2M:     6096896 kB
DirectMap1G:     4194304 kB
---SNAPSHOT---
2026-04-27 15:09:03
MemTotal:        8129240 kB
MemFree:         2777888 kB
MemAvailable:    2984720 kB
Buffers:            6092 kB
Cached:           315000 kB
SwapCached:      1182064 kB
Active:          3043636 kB
Inactive:        1644716 kB
Active(anon):    2934100 kB
Inactive(anon):  1487576 kB
Active(file):     109536 kB
Inactive(file):   157140 kB
Unevictable:          16 kB
Mlocked:              16 kB
SwapTotal:       4194300 kB
SwapFree:        2874644 kB
Zswap:                 0 kB
Zswapped:              0 kB
Dirty:               756 kB
Writeback:           264 kB
AnonPages:       3196524 kB
Mapped:           268496 kB
Shmem:             54448 kB
KReclaimable:      57052 kB
Slab:             284232 kB
SReclaimable:      57052 kB
SUnreclaim:       227180 kB
KernelStack:       18256 kB
PageTables:        51268 kB
SecPageTables:         0 kB
NFS_Unstable:          0 kB
Bounce:                0 kB
WritebackTmp:          0 kB
CommitLimit:     8258920 kB
Committed_AS:   11408992 kB
VmallocTotal:   34359738367 kB
VmallocUsed:       46536 kB
VmallocChunk:          0 kB
Percpu:            13280 kB
HardwareCorrupted:     0 kB
AnonHugePages:    210944 kB
ShmemHugePages:        0 kB
ShmemPmdMapped:        0 kB
FileHugePages:         0 kB
FilePmdMapped:         0 kB
CmaTotal:              0 kB
CmaFree:               0 kB
Unaccepted:            0 kB
Balloon:               0 kB
HugePages_Total:       0
HugePages_Free:        0
HugePages_Rsvd:        0
HugePages_Surp:        0
Hugepagesize:       2048 kB
Hugetlb:               0 kB
DirectMap4k:      194432 kB
DirectMap2M:     6096896 kB
DirectMap1G:     4194304 kB
---SNAPSHOT---
2026-04-27 15:09:04
MemTotal:        8129240 kB
MemFree:         2782160 kB
MemAvailable:    2988992 kB
Buffers:            6092 kB
Cached:           315004 kB
SwapCached:      1323940 kB
Active:          2900576 kB
Inactive:        1788068 kB
Active(anon):    2791040 kB
Inactive(anon):  1630928 kB
Active(file):     109536 kB
Inactive(file):   157140 kB
Unevictable:          16 kB
Mlocked:              16 kB
SwapTotal:       4194300 kB
SwapFree:        2732680 kB
Zswap:                 0 kB
Zswapped:              0 kB
Dirty:               760 kB
Writeback:           216 kB
AnonPages:       3054984 kB
Mapped:           268496 kB
Shmem:             54448 kB
KReclaimable:      57052 kB
Slab:             284272 kB
SReclaimable:      57052 kB
SUnreclaim:       227220 kB
KernelStack:       18272 kB
PageTables:        51560 kB
SecPageTables:         0 kB
NFS_Unstable:          0 kB
Bounce:                0 kB
WritebackTmp:          0 kB
CommitLimit:     8258920 kB
Committed_AS:   11409688 kB
VmallocTotal:   34359738367 kB
VmallocUsed:       46504 kB
VmallocChunk:          0 kB
Percpu:            13280 kB
HardwareCorrupted:     0 kB
AnonHugePages:    210944 kB
ShmemHugePages:        0 kB
ShmemPmdMapped:        0 kB
FileHugePages:         0 kB
FilePmdMapped:         0 kB
CmaTotal:              0 kB
CmaFree:               0 kB
Unaccepted:            0 kB
Balloon:               0 kB
HugePages_Total:       0
HugePages_Free:        0
HugePages_Rsvd:        0
HugePages_Surp:        0
Hugepagesize:       2048 kB
Hugetlb:               0 kB
DirectMap4k:      194432 kB
DirectMap2M:     6096896 kB
DirectMap1G:     4194304 kB
---SNAPSHOT---
2026-04-27 15:09:05
MemTotal:        8129240 kB
MemFree:         2792228 kB
MemAvailable:    2999072 kB
Buffers:            6100 kB
Cached:           315008 kB
SwapCached:      1466240 kB
Active:          2756904 kB
Inactive:        1931324 kB
Active(anon):    2647368 kB
Inactive(anon):  1774172 kB
Active(file):     109536 kB
Inactive(file):   157152 kB
Unevictable:          16 kB
Mlocked:              16 kB
SwapTotal:       4194300 kB
SwapFree:        2590180 kB
Zswap:                 0 kB
Zswapped:              0 kB
Dirty:               764 kB
Writeback:           168 kB
AnonPages:       2912456 kB
Mapped:           268496 kB
Shmem:             54448 kB
KReclaimable:      57052 kB
Slab:             284272 kB
SReclaimable:      57052 kB
SUnreclaim:       227220 kB
KernelStack:       18272 kB
PageTables:        51332 kB
SecPageTables:         0 kB
NFS_Unstable:          0 kB
Bounce:                0 kB
WritebackTmp:          0 kB
CommitLimit:     8258920 kB
Committed_AS:   11409412 kB
VmallocTotal:   34359738367 kB
VmallocUsed:       46536 kB
VmallocChunk:          0 kB
Percpu:            13280 kB
HardwareCorrupted:     0 kB
AnonHugePages:    210944 kB
ShmemHugePages:        0 kB
ShmemPmdMapped:        0 kB
FileHugePages:         0 kB
FilePmdMapped:         0 kB
CmaTotal:              0 kB
CmaFree:               0 kB
Unaccepted:            0 kB
Balloon:               0 kB
HugePages_Total:       0
HugePages_Free:        0
HugePages_Rsvd:        0
HugePages_Surp:        0
Hugepagesize:       2048 kB
Hugetlb:               0 kB
DirectMap4k:      194432 kB
DirectMap2M:     6096896 kB
DirectMap1G:     4194304 kB
---SNAPSHOT---
2026-04-27 15:09:06
MemTotal:        8129240 kB
MemFree:         2802128 kB
MemAvailable:    3008988 kB
Buffers:            6104 kB
Cached:           315016 kB
SwapCached:      1600328 kB
Active:          2622524 kB
Inactive:        2066244 kB
Active(anon):    2512988 kB
Inactive(anon):  1909076 kB
Active(file):     109536 kB
Inactive(file):   157168 kB
Unevictable:          16 kB
Mlocked:              16 kB
SwapTotal:       4194300 kB
SwapFree:        2456004 kB
Zswap:                 0 kB
Zswapped:              0 kB
Dirty:               188 kB
Writeback:           268 kB
AnonPages:       2778984 kB
Mapped:           268496 kB
Shmem:             54448 kB
KReclaimable:      57052 kB
Slab:             284272 kB
SReclaimable:      57052 kB
SUnreclaim:       227220 kB
KernelStack:       18288 kB
PageTables:        51340 kB
SecPageTables:         0 kB
NFS_Unstable:          0 kB
Bounce:                0 kB
WritebackTmp:          0 kB
CommitLimit:     8258920 kB
Committed_AS:   11409328 kB
VmallocTotal:   34359738367 kB
VmallocUsed:       46472 kB
VmallocChunk:          0 kB
Percpu:            13280 kB
HardwareCorrupted:     0 kB
AnonHugePages:    210944 kB
ShmemHugePages:        0 kB
ShmemPmdMapped:        0 kB
FileHugePages:         0 kB
FilePmdMapped:         0 kB
CmaTotal:              0 kB
CmaFree:               0 kB
Unaccepted:            0 kB
Balloon:               0 kB
HugePages_Total:       0
HugePages_Free:        0
HugePages_Rsvd:        0
HugePages_Surp:        0
Hugepagesize:       2048 kB
Hugetlb:               0 kB
DirectMap4k:      194432 kB
DirectMap2M:     6096896 kB
DirectMap1G:     4194304 kB
---SNAPSHOT---
2026-04-27 15:09:07
MemTotal:        8129240 kB
MemFree:         2809572 kB
MemAvailable:    3016436 kB
Buffers:            6104 kB
Cached:           315020 kB
SwapCached:      1732104 kB
Active:          2493180 kB
Inactive:        2195752 kB
Active(anon):    2383644 kB
Inactive(anon):  2038580 kB
Active(file):     109536 kB
Inactive(file):   157172 kB
Unevictable:          16 kB
Mlocked:              16 kB
SwapTotal:       4194300 kB
SwapFree:        2324680 kB
Zswap:                 0 kB
Zswapped:              0 kB
Dirty:               192 kB
Writeback:           200 kB
AnonPages:       2647216 kB
Mapped:           268496 kB
Shmem:             54448 kB
KReclaimable:      57052 kB
Slab:             284272 kB
SReclaimable:      57052 kB
SUnreclaim:       227220 kB
KernelStack:       18288 kB
PageTables:        51332 kB
SecPageTables:         0 kB
NFS_Unstable:          0 kB
Bounce:                0 kB
WritebackTmp:          0 kB
CommitLimit:     8258920 kB
Committed_AS:   11409096 kB
VmallocTotal:   34359738367 kB
VmallocUsed:       46520 kB
VmallocChunk:          0 kB
Percpu:            13280 kB
HardwareCorrupted:     0 kB
AnonHugePages:    210944 kB
ShmemHugePages:        0 kB
ShmemPmdMapped:        0 kB
FileHugePages:         0 kB
FilePmdMapped:         0 kB
CmaTotal:              0 kB
CmaFree:               0 kB
Unaccepted:            0 kB
Balloon:               0 kB
HugePages_Total:       0
HugePages_Free:        0
HugePages_Rsvd:        0
HugePages_Surp:        0
Hugepagesize:       2048 kB
Hugetlb:               0 kB
DirectMap4k:      194432 kB
DirectMap2M:     6096896 kB
DirectMap1G:     4194304 kB
---SNAPSHOT---
2026-04-27 15:09:08
MemTotal:        8129240 kB
MemFree:         2816524 kB
MemAvailable:    3023396 kB
Buffers:            6104 kB
Cached:           315028 kB
SwapCached:      1835340 kB
Active:          2390796 kB
Inactive:        2298060 kB
Active(anon):    2281260 kB
Inactive(anon):  2140880 kB
Active(file):     109536 kB
Inactive(file):   157180 kB
Unevictable:          16 kB
Mlocked:              16 kB
SwapTotal:       4194300 kB
SwapFree:        2221368 kB
Zswap:                 0 kB
Zswapped:              0 kB
Dirty:               200 kB
Writeback:           264 kB
AnonPages:       2544028 kB
Mapped:           268496 kB
Shmem:             54448 kB
KReclaimable:      57052 kB
Slab:             284272 kB
SReclaimable:      57052 kB
SUnreclaim:       227220 kB
KernelStack:       18288 kB
PageTables:        51356 kB
SecPageTables:         0 kB
NFS_Unstable:          0 kB
Bounce:                0 kB
WritebackTmp:          0 kB
CommitLimit:     8258920 kB
Committed_AS:   11409580 kB
VmallocTotal:   34359738367 kB
VmallocUsed:       46520 kB
VmallocChunk:          0 kB
Percpu:            13280 kB
HardwareCorrupted:     0 kB
AnonHugePages:    210944 kB
ShmemHugePages:        0 kB
ShmemPmdMapped:        0 kB
FileHugePages:         0 kB
FilePmdMapped:         0 kB
CmaTotal:              0 kB
CmaFree:               0 kB
Unaccepted:            0 kB
Balloon:               0 kB
HugePages_Total:       0
HugePages_Free:        0
HugePages_Rsvd:        0
HugePages_Surp:        0
Hugepagesize:       2048 kB
Hugetlb:               0 kB
DirectMap4k:      194432 kB
DirectMap2M:     6096896 kB
DirectMap1G:     4194304 kB
---SNAPSHOT---
2026-04-27 15:09:09
MemTotal:        8129240 kB
MemFree:         2825832 kB
MemAvailable:    3032708 kB
Buffers:            6104 kB
Cached:           315032 kB
SwapCached:      1973356 kB
Active:          2251592 kB
Inactive:        2437344 kB
Active(anon):    2142056 kB
Inactive(anon):  2280160 kB
Active(file):     109536 kB
Inactive(file):   157184 kB
Unevictable:          16 kB
Mlocked:              16 kB
SwapTotal:       4194300 kB
SwapFree:        2083192 kB
Zswap:                 0 kB
Zswapped:              0 kB
Dirty:               204 kB
Writeback:           136 kB
AnonPages:       2406012 kB
Mapped:           268496 kB
Shmem:             54448 kB
KReclaimable:      57052 kB
Slab:             284276 kB
SReclaimable:      57052 kB
SUnreclaim:       227224 kB
KernelStack:       18348 kB
PageTables:        51372 kB
SecPageTables:         0 kB
NFS_Unstable:          0 kB
Bounce:                0 kB
WritebackTmp:          0 kB
CommitLimit:     8258920 kB
Committed_AS:   11409356 kB
VmallocTotal:   34359738367 kB
VmallocUsed:       46568 kB
VmallocChunk:          0 kB
Percpu:            13280 kB
HardwareCorrupted:     0 kB
AnonHugePages:    210944 kB
ShmemHugePages:        0 kB
ShmemPmdMapped:        0 kB
FileHugePages:         0 kB
FilePmdMapped:         0 kB
CmaTotal:              0 kB
CmaFree:               0 kB
Unaccepted:            0 kB
Balloon:               0 kB
HugePages_Total:       0
HugePages_Free:        0
HugePages_Rsvd:        0
HugePages_Surp:        0
Hugepagesize:       2048 kB
Hugetlb:               0 kB
DirectMap4k:      194432 kB
DirectMap2M:     6096896 kB
DirectMap1G:     4194304 kB
---SNAPSHOT---
2026-04-27 15:09:10
MemTotal:        8129240 kB
MemFree:         2830248 kB
MemAvailable:    3037136 kB
Buffers:            6112 kB
Cached:           315040 kB
SwapCached:      2099216 kB
Active:          2124564 kB
Inactive:        2564500 kB
Active(anon):    2015028 kB
Inactive(anon):  2407304 kB
Active(file):     109536 kB
Inactive(file):   157196 kB
Unevictable:          16 kB
Mlocked:              16 kB
SwapTotal:       4194300 kB
SwapFree:        1957236 kB
Zswap:                 0 kB
Zswapped:              0 kB
Dirty:               244 kB
Writeback:           304 kB
AnonPages:       2280136 kB
Mapped:           268496 kB
Shmem:             54448 kB
KReclaimable:      57052 kB
Slab:             284276 kB
SReclaimable:      57052 kB
SUnreclaim:       227224 kB
KernelStack:       18288 kB
PageTables:        51356 kB
SecPageTables:         0 kB
NFS_Unstable:          0 kB
Bounce:                0 kB
WritebackTmp:          0 kB
CommitLimit:     8258920 kB
Committed_AS:   11409472 kB
VmallocTotal:   34359738367 kB
VmallocUsed:       46552 kB
VmallocChunk:          0 kB
Percpu:            13280 kB
HardwareCorrupted:     0 kB
AnonHugePages:    210944 kB
ShmemHugePages:        0 kB
ShmemPmdMapped:        0 kB
FileHugePages:         0 kB
FilePmdMapped:         0 kB
CmaTotal:              0 kB
CmaFree:               0 kB
Unaccepted:            0 kB
Balloon:               0 kB
HugePages_Total:       0
HugePages_Free:        0
HugePages_Rsvd:        0
HugePages_Surp:        0
Hugepagesize:       2048 kB
Hugetlb:               0 kB
DirectMap4k:      194432 kB
DirectMap2M:     6096896 kB
DirectMap1G:     4194304 kB
---SNAPSHOT---
2026-04-27 15:09:11
MemTotal:        8129240 kB
MemFree:         2839548 kB
MemAvailable:    3046464 kB
Buffers:            6120 kB
Cached:           315056 kB
SwapCached:      2210084 kB
Active:          2014156 kB
Inactive:        2674756 kB
Active(anon):    1904620 kB
Inactive(anon):  2517532 kB
Active(file):     109536 kB
Inactive(file):   157224 kB
Unevictable:          16 kB
Mlocked:              16 kB
SwapTotal:       4194300 kB
SwapFree:        1846196 kB
Zswap:                 0 kB
Zswapped:              0 kB
Dirty:                40 kB
Writeback:           300 kB
AnonPages:       2168964 kB
Mapped:           268496 kB
Shmem:             54448 kB
KReclaimable:      57052 kB
Slab:             284276 kB
SReclaimable:      57052 kB
SUnreclaim:       227224 kB
KernelStack:       18256 kB
PageTables:        51336 kB
SecPageTables:         0 kB
NFS_Unstable:          0 kB
Bounce:                0 kB
WritebackTmp:          0 kB
CommitLimit:     8258920 kB
Committed_AS:   11408856 kB
VmallocTotal:   34359738367 kB
VmallocUsed:       46504 kB
VmallocChunk:          0 kB
Percpu:            13280 kB
HardwareCorrupted:     0 kB
AnonHugePages:    210944 kB
ShmemHugePages:        0 kB
ShmemPmdMapped:        0 kB
FileHugePages:         0 kB
FilePmdMapped:         0 kB
CmaTotal:              0 kB
CmaFree:               0 kB
Unaccepted:            0 kB
Balloon:               0 kB
HugePages_Total:       0
HugePages_Free:        0
HugePages_Rsvd:        0
HugePages_Surp:        0
Hugepagesize:       2048 kB
Hugetlb:               0 kB
DirectMap4k:      194432 kB
DirectMap2M:     6096896 kB
DirectMap1G:     4194304 kB
---SNAPSHOT---
2026-04-27 15:09:12
MemTotal:        8129240 kB
MemFree:         2891120 kB
MemAvailable:    3098040 kB
Buffers:            6120 kB
Cached:           315060 kB
SwapCached:      2279448 kB
Active:          1897204 kB
Inactive:        2742624 kB
Active(anon):    1787668 kB
Inactive(anon):  2585396 kB
Active(file):     109536 kB
Inactive(file):   157228 kB
Unevictable:          16 kB
Mlocked:              16 kB
SwapTotal:       4194300 kB
SwapFree:        1777036 kB
Zswap:                 0 kB
Zswapped:              0 kB
Dirty:                56 kB
Writeback:           172 kB
AnonPages:       2050448 kB
Mapped:           268496 kB
Shmem:             54448 kB
KReclaimable:      57052 kB
Slab:             284288 kB
SReclaimable:      57052 kB
SUnreclaim:       227236 kB
KernelStack:       18256 kB
PageTables:        51560 kB
SecPageTables:         0 kB
NFS_Unstable:          0 kB
Bounce:                0 kB
WritebackTmp:          0 kB
CommitLimit:     8258920 kB
Committed_AS:   11409348 kB
VmallocTotal:   34359738367 kB
VmallocUsed:       46504 kB
VmallocChunk:          0 kB
Percpu:            13280 kB
HardwareCorrupted:     0 kB
AnonHugePages:    210944 kB
ShmemHugePages:        0 kB
ShmemPmdMapped:        0 kB
FileHugePages:         0 kB
FilePmdMapped:         0 kB
CmaTotal:              0 kB
CmaFree:               0 kB
Unaccepted:            0 kB
Balloon:               0 kB
HugePages_Total:       0
HugePages_Free:        0
HugePages_Rsvd:        0
HugePages_Surp:        0
Hugepagesize:       2048 kB
Hugetlb:               0 kB
DirectMap4k:      194432 kB
DirectMap2M:     6096896 kB
DirectMap1G:     4194304 kB
---SNAPSHOT---
2026-04-27 15:09:13
MemTotal:        8129240 kB
MemFree:         2941188 kB
MemAvailable:    3148116 kB
Buffers:            6120 kB
Cached:           315068 kB
SwapCached:      2363680 kB
Active:          1768680 kB
Inactive:        2828924 kB
Active(anon):    1659144 kB
Inactive(anon):  2671688 kB
Active(file):     109536 kB
Inactive(file):   157236 kB
Unevictable:          16 kB
Mlocked:              16 kB
SwapTotal:       4194300 kB
SwapFree:        1693088 kB
Zswap:                 0 kB
Zswapped:              0 kB
Dirty:                64 kB
Writeback:           276 kB
AnonPages:       1922684 kB
Mapped:           268496 kB
Shmem:             54448 kB
KReclaimable:      57052 kB
Slab:             284288 kB
SReclaimable:      57052 kB
SUnreclaim:       227236 kB
KernelStack:       18256 kB
PageTables:        51572 kB
SecPageTables:         0 kB
NFS_Unstable:          0 kB
Bounce:                0 kB
WritebackTmp:          0 kB
CommitLimit:     8258920 kB
Committed_AS:   11409580 kB
VmallocTotal:   34359738367 kB
VmallocUsed:       46536 kB
VmallocChunk:          0 kB
Percpu:            13280 kB
HardwareCorrupted:     0 kB
AnonHugePages:    210944 kB
ShmemHugePages:        0 kB
ShmemPmdMapped:        0 kB
FileHugePages:         0 kB
FilePmdMapped:         0 kB
CmaTotal:              0 kB
CmaFree:               0 kB
Unaccepted:            0 kB
Balloon:               0 kB
HugePages_Total:       0
HugePages_Free:        0
HugePages_Rsvd:        0
HugePages_Surp:        0
Hugepagesize:       2048 kB
Hugetlb:               0 kB
DirectMap4k:      194432 kB
DirectMap2M:     6096896 kB
DirectMap1G:     4194304 kB
---SNAPSHOT---
2026-04-27 15:09:14
MemTotal:        8129240 kB
MemFree:         4014080 kB
MemAvailable:    4221008 kB
Buffers:            6120 kB
Cached:           315072 kB
SwapCached:      1281800 kB
Active:          1790356 kB
Inactive:        1748620 kB
Active(anon):    1680820 kB
Inactive(anon):  1591384 kB
Active(file):     109536 kB
Inactive(file):   157236 kB
Unevictable:          16 kB
Mlocked:              16 kB
SwapTotal:       4194300 kB
SwapFree:        2774908 kB
Zswap:                 0 kB
Zswapped:              0 kB
Dirty:                68 kB
Writeback:           852 kB
AnonPages:       1943316 kB
Mapped:           268496 kB
Shmem:             54448 kB
KReclaimable:      57052 kB
Slab:             284256 kB
SReclaimable:      57052 kB
SUnreclaim:       227204 kB
KernelStack:       18256 kB
PageTables:        49212 kB
SecPageTables:         0 kB
NFS_Unstable:          0 kB
Bounce:                0 kB
WritebackTmp:          0 kB
CommitLimit:     8258920 kB
Committed_AS:   11409576 kB
VmallocTotal:   34359738367 kB
VmallocUsed:       46504 kB
VmallocChunk:          0 kB
Percpu:            13280 kB
HardwareCorrupted:     0 kB
AnonHugePages:    210944 kB
ShmemHugePages:        0 kB
ShmemPmdMapped:        0 kB
FileHugePages:         0 kB
FilePmdMapped:         0 kB
CmaTotal:              0 kB
CmaFree:               0 kB
Unaccepted:            0 kB
Balloon:               0 kB
HugePages_Total:       0
HugePages_Free:        0
HugePages_Rsvd:        0
HugePages_Surp:        0
Hugepagesize:       2048 kB
Hugetlb:               0 kB
DirectMap4k:      194432 kB
DirectMap2M:     6096896 kB
DirectMap1G:     4194304 kB
---SNAPSHOT---
2026-04-27 15:09:15
MemTotal:        8129240 kB
MemFree:         4618912 kB
MemAvailable:    4825844 kB
Buffers:            6128 kB
Cached:           315068 kB
SwapCached:        66684 kB
Active:          2412052 kB
Inactive:         535544 kB
Active(anon):    2302516 kB
Inactive(anon):   378304 kB
Active(file):     109536 kB
Inactive(file):   157240 kB
Unevictable:          16 kB
Mlocked:              16 kB
SwapTotal:       4194300 kB
SwapFree:        3990508 kB
Zswap:                 0 kB
Zswapped:              0 kB
Dirty:                72 kB
Writeback:             0 kB
AnonPages:       2563196 kB
Mapped:           268496 kB
Shmem:             54448 kB
KReclaimable:      57052 kB
Slab:             284332 kB
SReclaimable:      57052 kB
SUnreclaim:       227280 kB
KernelStack:       18316 kB
PageTables:        48112 kB
SecPageTables:         0 kB
NFS_Unstable:          0 kB
Bounce:                0 kB
WritebackTmp:          0 kB
CommitLimit:     8258920 kB
Committed_AS:   11409448 kB
VmallocTotal:   34359738367 kB
VmallocUsed:       46488 kB
VmallocChunk:          0 kB
Percpu:            13280 kB
HardwareCorrupted:     0 kB
AnonHugePages:    210944 kB
ShmemHugePages:        0 kB
ShmemPmdMapped:        0 kB
FileHugePages:         0 kB
FilePmdMapped:         0 kB
CmaTotal:              0 kB
CmaFree:               0 kB
Unaccepted:            0 kB
Balloon:               0 kB
HugePages_Total:       0
HugePages_Free:        0
HugePages_Rsvd:        0
HugePages_Surp:        0
Hugepagesize:       2048 kB
Hugetlb:               0 kB
DirectMap4k:      194432 kB
DirectMap2M:     6096896 kB
DirectMap1G:     4194304 kB
---SNAPSHOT---
2026-04-27 15:09:16
MemTotal:        8129240 kB
MemFree:         3778580 kB
MemAvailable:    3985528 kB
Buffers:            6128 kB
Cached:           315084 kB
SwapCached:        66276 kB
Active:          3240032 kB
Inactive:         535388 kB
Active(anon):    3130496 kB
Inactive(anon):   378132 kB
Active(file):     109536 kB
Inactive(file):   157256 kB
Unevictable:          16 kB
Mlocked:              16 kB
SwapTotal:       4194300 kB
SwapFree:        3990508 kB
Zswap:                 0 kB
Zswapped:              0 kB
Dirty:                84 kB
Writeback:             0 kB
AnonPages:       3391060 kB
Mapped:           268496 kB
Shmem:             54448 kB
KReclaimable:      57052 kB
Slab:             284332 kB
SReclaimable:      57052 kB
SUnreclaim:       227280 kB
KernelStack:       18300 kB
PageTables:        49608 kB
SecPageTables:         0 kB
NFS_Unstable:          0 kB
Bounce:                0 kB
WritebackTmp:          0 kB
CommitLimit:     8258920 kB
Committed_AS:   11409348 kB
VmallocTotal:   34359738367 kB
VmallocUsed:       46456 kB
VmallocChunk:          0 kB
Percpu:            13280 kB
HardwareCorrupted:     0 kB
AnonHugePages:    210944 kB
ShmemHugePages:        0 kB
ShmemPmdMapped:        0 kB
FileHugePages:         0 kB
FilePmdMapped:         0 kB
CmaTotal:              0 kB
CmaFree:               0 kB
Unaccepted:            0 kB
Balloon:               0 kB
HugePages_Total:       0
HugePages_Free:        0
HugePages_Rsvd:        0
HugePages_Surp:        0
Hugepagesize:       2048 kB
Hugetlb:               0 kB
DirectMap4k:      194432 kB
DirectMap2M:     6096896 kB
DirectMap1G:     4194304 kB
---SNAPSHOT---
2026-04-27 15:09:17
MemTotal:        8129240 kB
MemFree:         4165268 kB
MemAvailable:    4372224 kB
Buffers:            6128 kB
Cached:           315088 kB
SwapCached:        66276 kB
Active:          2809224 kB
Inactive:         535396 kB
Active(anon):    2699688 kB
Inactive(anon):   378132 kB
Active(file):     109536 kB
Inactive(file):   157264 kB
Unevictable:          16 kB
Mlocked:              16 kB
SwapTotal:       4194300 kB
SwapFree:        3990508 kB
Zswap:                 0 kB
Zswapped:              0 kB
Dirty:                88 kB
Writeback:             0 kB
AnonPages:       2960468 kB
Mapped:           268496 kB
Shmem:             54448 kB
KReclaimable:      57052 kB
Slab:             284332 kB
SReclaimable:      57052 kB
SUnreclaim:       227280 kB
KernelStack:       18316 kB
PageTables:        48728 kB
SecPageTables:         0 kB
NFS_Unstable:          0 kB
Bounce:                0 kB
WritebackTmp:          0 kB
CommitLimit:     8258920 kB
Committed_AS:   11409336 kB
VmallocTotal:   34359738367 kB
VmallocUsed:       46504 kB
VmallocChunk:          0 kB
Percpu:            13280 kB
HardwareCorrupted:     0 kB
AnonHugePages:    210944 kB
ShmemHugePages:        0 kB
ShmemPmdMapped:        0 kB
FileHugePages:         0 kB
FilePmdMapped:         0 kB
CmaTotal:              0 kB
CmaFree:               0 kB
Unaccepted:            0 kB
Balloon:               0 kB
HugePages_Total:       0
HugePages_Free:        0
HugePages_Rsvd:        0
HugePages_Surp:        0
Hugepagesize:       2048 kB
Hugetlb:               0 kB
DirectMap4k:      194432 kB
DirectMap2M:     6096896 kB
DirectMap1G:     4194304 kB
---SNAPSHOT---
2026-04-27 15:09:18
MemTotal:        8129240 kB
MemFree:         4638148 kB
MemAvailable:    4845112 kB
Buffers:            6128 kB
Cached:           315096 kB
SwapCached:        66276 kB
Active:          2388568 kB
Inactive:         535404 kB
Active(anon):    2279032 kB
Inactive(anon):   378132 kB
Active(file):     109536 kB
Inactive(file):   157272 kB
Unevictable:          16 kB
Mlocked:              16 kB
SwapTotal:       4194300 kB
SwapFree:        3990508 kB
Zswap:                 0 kB
Zswapped:              0 kB
Dirty:                96 kB
Writeback:             0 kB
AnonPages:       2539500 kB
Mapped:           268496 kB
Shmem:             54448 kB
KReclaimable:      57052 kB
Slab:             284332 kB
SReclaimable:      57052 kB
SUnreclaim:       227280 kB
KernelStack:       18300 kB
PageTables:        48256 kB
SecPageTables:         0 kB
NFS_Unstable:          0 kB
Bounce:                0 kB
WritebackTmp:          0 kB
CommitLimit:     8258920 kB
Committed_AS:   11409348 kB
VmallocTotal:   34359738367 kB
VmallocUsed:       46488 kB
VmallocChunk:          0 kB
Percpu:            13280 kB
HardwareCorrupted:     0 kB
AnonHugePages:    210944 kB
ShmemHugePages:        0 kB
ShmemPmdMapped:        0 kB
FileHugePages:         0 kB
FilePmdMapped:         0 kB
CmaTotal:              0 kB
CmaFree:               0 kB
Unaccepted:            0 kB
Balloon:               0 kB
HugePages_Total:       0
HugePages_Free:        0
HugePages_Rsvd:        0
HugePages_Surp:        0
Hugepagesize:       2048 kB
Hugetlb:               0 kB
DirectMap4k:      194432 kB
DirectMap2M:     6096896 kB
DirectMap1G:     4194304 kB
---SNAPSHOT---
2026-04-27 15:09:19
MemTotal:        8129240 kB
MemFree:         4316312 kB
MemAvailable:    4523280 kB
Buffers:            6132 kB
Cached:           315104 kB
SwapCached:        66276 kB
Active:          2639248 kB
Inactive:         535408 kB
Active(anon):    2529712 kB
Inactive(anon):   378132 kB
Active(file):     109536 kB
Inactive(file):   157276 kB
Unevictable:          16 kB
Mlocked:              16 kB
SwapTotal:       4194300 kB
SwapFree:        3990508 kB
Zswap:                 0 kB
Zswapped:              0 kB
Dirty:               104 kB
Writeback:             0 kB
AnonPages:       2790228 kB
Mapped:           268496 kB
Shmem:             54448 kB
KReclaimable:      57052 kB
Slab:             284332 kB
SReclaimable:      57052 kB
SUnreclaim:       227280 kB
KernelStack:       18316 kB
PageTables:        48420 kB
SecPageTables:         0 kB
NFS_Unstable:          0 kB
Bounce:                0 kB
WritebackTmp:          0 kB
CommitLimit:     8258920 kB
Committed_AS:   11409312 kB
VmallocTotal:   34359738367 kB
VmallocUsed:       46488 kB
VmallocChunk:          0 kB
Percpu:            13280 kB
HardwareCorrupted:     0 kB
AnonHugePages:    210944 kB
ShmemHugePages:        0 kB
ShmemPmdMapped:        0 kB
FileHugePages:         0 kB
FilePmdMapped:         0 kB
CmaTotal:              0 kB
CmaFree:               0 kB
Unaccepted:            0 kB
Balloon:               0 kB
HugePages_Total:       0
HugePages_Free:        0
HugePages_Rsvd:        0
HugePages_Surp:        0
Hugepagesize:       2048 kB
Hugetlb:               0 kB
DirectMap4k:      194432 kB
DirectMap2M:     6096896 kB
DirectMap1G:     4194304 kB
---SNAPSHOT---
2026-04-27 15:09:20
MemTotal:        8129240 kB
MemFree:         4100068 kB
MemAvailable:    4307048 kB
Buffers:            6140 kB
Cached:           315104 kB
SwapCached:        66276 kB
Active:          2911136 kB
Inactive:         535420 kB
Active(anon):    2801600 kB
Inactive(anon):   378132 kB
Active(file):     109536 kB
Inactive(file):   157288 kB
Unevictable:          16 kB
Mlocked:              16 kB
SwapTotal:       4194300 kB
SwapFree:        3990508 kB
Zswap:                 0 kB
Zswapped:              0 kB
Dirty:               112 kB
Writeback:             0 kB
AnonPages:       3062432 kB
Mapped:           268496 kB
Shmem:             54448 kB
KReclaimable:      57052 kB
Slab:             284332 kB
SReclaimable:      57052 kB
SUnreclaim:       227280 kB
KernelStack:       18300 kB
PageTables:        49000 kB
SecPageTables:         0 kB
NFS_Unstable:          0 kB
Bounce:                0 kB
WritebackTmp:          0 kB
CommitLimit:     8258920 kB
Committed_AS:   11409336 kB
VmallocTotal:   34359738367 kB
VmallocUsed:       46488 kB
VmallocChunk:          0 kB
Percpu:            13280 kB
HardwareCorrupted:     0 kB
AnonHugePages:    210944 kB
ShmemHugePages:        0 kB
ShmemPmdMapped:        0 kB
FileHugePages:         0 kB
FilePmdMapped:         0 kB
CmaTotal:              0 kB
CmaFree:               0 kB
Unaccepted:            0 kB
Balloon:               0 kB
HugePages_Total:       0
HugePages_Free:        0
HugePages_Rsvd:        0
HugePages_Surp:        0
Hugepagesize:       2048 kB
Hugetlb:               0 kB
DirectMap4k:      194432 kB
DirectMap2M:     6096896 kB
DirectMap1G:     4194304 kB
---SNAPSHOT---
2026-04-27 15:09:21
MemTotal:        8129240 kB
MemFree:         3980192 kB
MemAvailable:    4187192 kB
Buffers:            6140 kB
Cached:           315120 kB
SwapCached:       442476 kB
Active:          2668064 kB
Inactive:         910500 kB
Active(anon):    2558528 kB
Inactive(anon):   753192 kB
Active(file):     109536 kB
Inactive(file):   157308 kB
Unevictable:          16 kB
Mlocked:              16 kB
SwapTotal:       4194300 kB
SwapFree:        3614132 kB
Zswap:                 0 kB
Zswapped:              0 kB
Dirty:               124 kB
Writeback:           912 kB
AnonPages:       2819760 kB
Mapped:           268496 kB
Shmem:             54448 kB
KReclaimable:      57052 kB
Slab:             284564 kB
SReclaimable:      57052 kB
SUnreclaim:       227512 kB
KernelStack:       18256 kB
PageTables:        49084 kB
SecPageTables:         0 kB
NFS_Unstable:          0 kB
Bounce:                0 kB
WritebackTmp:          0 kB
CommitLimit:     8258920 kB
Committed_AS:   11409468 kB
VmallocTotal:   34359738367 kB
VmallocUsed:       46472 kB
VmallocChunk:          0 kB
Percpu:            13280 kB
HardwareCorrupted:     0 kB
AnonHugePages:    210944 kB
ShmemHugePages:        0 kB
ShmemPmdMapped:        0 kB
FileHugePages:         0 kB
FilePmdMapped:         0 kB
CmaTotal:              0 kB
CmaFree:               0 kB
Unaccepted:            0 kB
Balloon:               0 kB
HugePages_Total:       0
HugePages_Free:        0
HugePages_Rsvd:        0
HugePages_Surp:        0
Hugepagesize:       2048 kB
Hugetlb:               0 kB
DirectMap4k:      194432 kB
DirectMap2M:     6096896 kB
DirectMap1G:     4194304 kB
---SNAPSHOT---
2026-04-27 15:09:22
MemTotal:        8129240 kB
MemFree:         4463168 kB
MemAvailable:    4670172 kB
Buffers:            6140 kB
Cached:           315124 kB
SwapCached:        66320 kB
Active:          2538804 kB
Inactive:         535652 kB
Active(anon):    2429268 kB
Inactive(anon):   378340 kB
Active(file):     109536 kB
Inactive(file):   157312 kB
Unevictable:          16 kB
Mlocked:              16 kB
SwapTotal:       4194300 kB
SwapFree:        3990508 kB
Zswap:                 0 kB
Zswapped:              0 kB
Dirty:               128 kB
Writeback:           184 kB
AnonPages:       2690516 kB
Mapped:           268496 kB
Shmem:             54448 kB
KReclaimable:      57052 kB
Slab:             284420 kB
SReclaimable:      57052 kB
SUnreclaim:       227368 kB
KernelStack:       18316 kB
PageTables:        48460 kB
SecPageTables:         0 kB
NFS_Unstable:          0 kB
Bounce:                0 kB
WritebackTmp:          0 kB
CommitLimit:     8258920 kB
Committed_AS:   11409468 kB
VmallocTotal:   34359738367 kB
VmallocUsed:       46488 kB
VmallocChunk:          0 kB
Percpu:            13280 kB
HardwareCorrupted:     0 kB
AnonHugePages:    210944 kB
ShmemHugePages:        0 kB
ShmemPmdMapped:        0 kB
FileHugePages:         0 kB
FilePmdMapped:         0 kB
CmaTotal:              0 kB
CmaFree:               0 kB
Unaccepted:            0 kB
Balloon:               0 kB
HugePages_Total:       0
HugePages_Free:        0
HugePages_Rsvd:        0
HugePages_Surp:        0
Hugepagesize:       2048 kB
Hugetlb:               0 kB
DirectMap4k:      194432 kB
DirectMap2M:     6096896 kB
DirectMap1G:     4194304 kB
---SNAPSHOT---
2026-04-27 15:09:23
MemTotal:        8129240 kB
MemFree:         4222096 kB
MemAvailable:    4429108 kB
Buffers:            6140 kB
Cached:           315132 kB
SwapCached:        66276 kB
Active:          2809168 kB
Inactive:         535452 kB
Active(anon):    2699632 kB
Inactive(anon):   378132 kB
Active(file):     109536 kB
Inactive(file):   157320 kB
Unevictable:          16 kB
Mlocked:              16 kB
SwapTotal:       4194300 kB
SwapFree:        3990508 kB
Zswap:                 0 kB
Zswapped:              0 kB
Dirty:               136 kB
Writeback:             0 kB
AnonPages:       2960476 kB
Mapped:           268496 kB
Shmem:             54448 kB
KReclaimable:      57052 kB
Slab:             284340 kB
SReclaimable:      57052 kB
SUnreclaim:       227288 kB
KernelStack:       18316 kB
PageTables:        48708 kB
SecPageTables:         0 kB
NFS_Unstable:          0 kB
Bounce:                0 kB
WritebackTmp:          0 kB
CommitLimit:     8258920 kB
Committed_AS:   11409468 kB
VmallocTotal:   34359738367 kB
VmallocUsed:       46488 kB
VmallocChunk:          0 kB
Percpu:            13280 kB
HardwareCorrupted:     0 kB
AnonHugePages:    210944 kB
ShmemHugePages:        0 kB
ShmemPmdMapped:        0 kB
FileHugePages:         0 kB
FilePmdMapped:         0 kB
CmaTotal:              0 kB
CmaFree:               0 kB
Unaccepted:            0 kB
Balloon:               0 kB
HugePages_Total:       0
HugePages_Free:        0
HugePages_Rsvd:        0
HugePages_Surp:        0
Hugepagesize:       2048 kB
Hugetlb:               0 kB
DirectMap4k:      194432 kB
DirectMap2M:     6096896 kB
DirectMap1G:     4194304 kB
---SNAPSHOT---
2026-04-27 15:09:24
MemTotal:        8129240 kB
MemFree:         3982512 kB
MemAvailable:    4189528 kB
Buffers:            6140 kB
Cached:           315136 kB
SwapCached:        66276 kB
Active:          3040756 kB
Inactive:         535456 kB
Active(anon):    2931220 kB
Inactive(anon):   378132 kB
Active(file):     109536 kB
Inactive(file):   157324 kB
Unevictable:          16 kB
Mlocked:              16 kB
SwapTotal:       4194300 kB
SwapFree:        3990508 kB
Zswap:                 0 kB
Zswapped:              0 kB
Dirty:               140 kB
Writeback:             0 kB
AnonPages:       3191812 kB
Mapped:           268496 kB
Shmem:             54448 kB
KReclaimable:      57052 kB
Slab:             284340 kB
SReclaimable:      57052 kB
SUnreclaim:       227288 kB
KernelStack:       18316 kB
PageTables:        50280 kB
SecPageTables:         0 kB
NFS_Unstable:          0 kB
Bounce:                0 kB
WritebackTmp:          0 kB
CommitLimit:     8258920 kB
Committed_AS:   11409468 kB
VmallocTotal:   34359738367 kB
VmallocUsed:       46520 kB
VmallocChunk:          0 kB
Percpu:            13280 kB
HardwareCorrupted:     0 kB
AnonHugePages:    210944 kB
ShmemHugePages:        0 kB
ShmemPmdMapped:        0 kB
FileHugePages:         0 kB
FilePmdMapped:         0 kB
CmaTotal:              0 kB
CmaFree:               0 kB
Unaccepted:            0 kB
Balloon:               0 kB
HugePages_Total:       0
HugePages_Free:        0
HugePages_Rsvd:        0
HugePages_Surp:        0
Hugepagesize:       2048 kB
Hugetlb:               0 kB
DirectMap4k:      194432 kB
DirectMap2M:     6096896 kB
DirectMap1G:     4194304 kB
---SNAPSHOT---
2026-04-27 15:09:25
MemTotal:        8129240 kB
MemFree:         4394528 kB
MemAvailable:    4601548 kB
Buffers:            6148 kB
Cached:           315132 kB
SwapCached:        66276 kB
Active:          2634836 kB
Inactive:         535460 kB
Active(anon):    2525300 kB
Inactive(anon):   378132 kB
Active(file):     109536 kB
Inactive(file):   157328 kB
Unevictable:          16 kB
Mlocked:              16 kB
SwapTotal:       4194300 kB
SwapFree:        3990508 kB
Zswap:                 0 kB
Zswapped:              0 kB
Dirty:               144 kB
Writeback:             0 kB
AnonPages:       2785520 kB
Mapped:           268496 kB
Shmem:             54448 kB
KReclaimable:      57052 kB
Slab:             284340 kB
SReclaimable:      57052 kB
SUnreclaim:       227288 kB
KernelStack:       18316 kB
PageTables:        49188 kB
SecPageTables:         0 kB
NFS_Unstable:          0 kB
Bounce:                0 kB
WritebackTmp:          0 kB
CommitLimit:     8258920 kB
Committed_AS:   11409352 kB
VmallocTotal:   34359738367 kB
VmallocUsed:       46536 kB
VmallocChunk:          0 kB
Percpu:            13280 kB
HardwareCorrupted:     0 kB
AnonHugePages:    210944 kB
ShmemHugePages:        0 kB
ShmemPmdMapped:        0 kB
FileHugePages:         0 kB
FilePmdMapped:         0 kB
CmaTotal:              0 kB
CmaFree:               0 kB
Unaccepted:            0 kB
Balloon:               0 kB
HugePages_Total:       0
HugePages_Free:        0
HugePages_Rsvd:        0
HugePages_Surp:        0
Hugepagesize:       2048 kB
Hugetlb:               0 kB
DirectMap4k:      194432 kB
DirectMap2M:     6096896 kB
DirectMap1G:     4194304 kB
---SNAPSHOT---
2026-04-27 15:09:26
MemTotal:        8129240 kB
MemFree:         4218128 kB
MemAvailable:    4425156 kB
Buffers:            6148 kB
Cached:           315148 kB
SwapCached:        66276 kB
Active:          2808844 kB
Inactive:         535468 kB
Active(anon):    2699308 kB
Inactive(anon):   378132 kB
Active(file):     109536 kB
Inactive(file):   157336 kB
Unevictable:          16 kB
Mlocked:              16 kB
SwapTotal:       4194300 kB
SwapFree:        3990508 kB
Zswap:                 0 kB
Zswapped:              0 kB
Dirty:               152 kB
Writeback:             0 kB
AnonPages:       2960048 kB
Mapped:           268496 kB
Shmem:             54448 kB
KReclaimable:      57052 kB
Slab:             284340 kB
SReclaimable:      57052 kB
SUnreclaim:       227288 kB
KernelStack:       18316 kB
PageTables:        49068 kB
SecPageTables:         0 kB
NFS_Unstable:          0 kB
Bounce:                0 kB
WritebackTmp:          0 kB
CommitLimit:     8258920 kB
Committed_AS:   11409468 kB
VmallocTotal:   34359738367 kB
VmallocUsed:       46488 kB
VmallocChunk:          0 kB
Percpu:            13280 kB
HardwareCorrupted:     0 kB
AnonHugePages:    210944 kB
ShmemHugePages:        0 kB
ShmemPmdMapped:        0 kB
FileHugePages:         0 kB
FilePmdMapped:         0 kB
CmaTotal:              0 kB
CmaFree:               0 kB
Unaccepted:            0 kB
Balloon:               0 kB
HugePages_Total:       0
HugePages_Free:        0
HugePages_Rsvd:        0
HugePages_Surp:        0
Hugepagesize:       2048 kB
Hugetlb:               0 kB
DirectMap4k:      194432 kB
DirectMap2M:     6096896 kB
DirectMap1G:     4194304 kB
---SNAPSHOT---
2026-04-27 15:09:27
MemTotal:        8129240 kB
MemFree:         3977224 kB
MemAvailable:    4184264 kB
Buffers:            6148 kB
Cached:           315152 kB
SwapCached:        66276 kB
Active:          3063912 kB
Inactive:         535480 kB
Active(anon):    2954376 kB
Inactive(anon):   378132 kB
Active(file):     109536 kB
Inactive(file):   157348 kB
Unevictable:          16 kB
Mlocked:              16 kB
SwapTotal:       4194300 kB
SwapFree:        3990508 kB
Zswap:                 0 kB
Zswapped:              0 kB
Dirty:               156 kB
Writeback:             0 kB
AnonPages:       3215404 kB
Mapped:           268496 kB
Shmem:             54448 kB
KReclaimable:      57052 kB
Slab:             284340 kB
SReclaimable:      57052 kB
SUnreclaim:       227288 kB
KernelStack:       18256 kB
PageTables:        49236 kB
SecPageTables:         0 kB
NFS_Unstable:          0 kB
Bounce:                0 kB
WritebackTmp:          0 kB
CommitLimit:     8258920 kB
Committed_AS:   11409336 kB
VmallocTotal:   34359738367 kB
VmallocUsed:       46536 kB
VmallocChunk:          0 kB
Percpu:            13280 kB
HardwareCorrupted:     0 kB
AnonHugePages:    210944 kB
ShmemHugePages:        0 kB
ShmemPmdMapped:        0 kB
FileHugePages:         0 kB
FilePmdMapped:         0 kB
CmaTotal:              0 kB
CmaFree:               0 kB
Unaccepted:            0 kB
Balloon:               0 kB
HugePages_Total:       0
HugePages_Free:        0
HugePages_Rsvd:        0
HugePages_Surp:        0
Hugepagesize:       2048 kB
Hugetlb:               0 kB
DirectMap4k:      194432 kB
DirectMap2M:     6096896 kB
DirectMap1G:     4194304 kB
---SNAPSHOT---
2026-04-27 15:09:28
MemTotal:        8129240 kB
MemFree:         4367036 kB
MemAvailable:    4574080 kB
Buffers:            6148 kB
Cached:           315160 kB
SwapCached:        66276 kB
Active:          2658600 kB
Inactive:         535484 kB
Active(anon):    2549064 kB
Inactive(anon):   378132 kB
Active(file):     109536 kB
Inactive(file):   157352 kB
Unevictable:          16 kB
Mlocked:              16 kB
SwapTotal:       4194300 kB
SwapFree:        3990508 kB
Zswap:                 0 kB
Zswapped:              0 kB
Dirty:               164 kB
Writeback:             0 kB
AnonPages:       2809800 kB
Mapped:           268496 kB
Shmem:             54448 kB
KReclaimable:      57052 kB
Slab:             284340 kB
SReclaimable:      57052 kB
SUnreclaim:       227288 kB
KernelStack:       18316 kB
PageTables:        48504 kB
SecPageTables:         0 kB
NFS_Unstable:          0 kB
Bounce:                0 kB
WritebackTmp:          0 kB
CommitLimit:     8258920 kB
Committed_AS:   11409336 kB
VmallocTotal:   34359738367 kB
VmallocUsed:       46488 kB
VmallocChunk:          0 kB
Percpu:            13280 kB
HardwareCorrupted:     0 kB
AnonHugePages:    210944 kB
ShmemHugePages:        0 kB
ShmemPmdMapped:        0 kB
FileHugePages:         0 kB
FilePmdMapped:         0 kB
CmaTotal:              0 kB
CmaFree:               0 kB
Unaccepted:            0 kB
Balloon:               0 kB
HugePages_Total:       0
HugePages_Free:        0
HugePages_Rsvd:        0
HugePages_Surp:        0
Hugepagesize:       2048 kB
Hugetlb:               0 kB
DirectMap4k:      194432 kB
DirectMap2M:     6096896 kB
DirectMap1G:     4194304 kB
---SNAPSHOT---
2026-04-27 15:09:29
MemTotal:        8129240 kB
MemFree:         3581016 kB
MemAvailable:    3788068 kB
Buffers:            6148 kB
Cached:           315164 kB
SwapCached:        66276 kB
Active:          3447280 kB
Inactive:         535492 kB
Active(anon):    3337744 kB
Inactive(anon):   378132 kB
Active(file):     109536 kB
Inactive(file):   157360 kB
Unevictable:          16 kB
Mlocked:              16 kB
SwapTotal:       4194300 kB
SwapFree:        3990508 kB
Zswap:                 0 kB
Zswapped:              0 kB
Dirty:               168 kB
Writeback:             0 kB
AnonPages:       3598408 kB
Mapped:           268496 kB
Shmem:             54448 kB
KReclaimable:      57052 kB
Slab:             284340 kB
SReclaimable:      57052 kB
SUnreclaim:       227288 kB
KernelStack:       18256 kB
PageTables:        49896 kB
SecPageTables:         0 kB
NFS_Unstable:          0 kB
Bounce:                0 kB
WritebackTmp:          0 kB
CommitLimit:     8258920 kB
Committed_AS:   11409468 kB
VmallocTotal:   34359738367 kB
VmallocUsed:       46488 kB
VmallocChunk:          0 kB
Percpu:            13280 kB
HardwareCorrupted:     0 kB
AnonHugePages:    210944 kB
ShmemHugePages:        0 kB
ShmemPmdMapped:        0 kB
FileHugePages:         0 kB
FilePmdMapped:         0 kB
CmaTotal:              0 kB
CmaFree:               0 kB
Unaccepted:            0 kB
Balloon:               0 kB
HugePages_Total:       0
HugePages_Free:        0
HugePages_Rsvd:        0
HugePages_Surp:        0
Hugepagesize:       2048 kB
Hugetlb:               0 kB
DirectMap4k:      194432 kB
DirectMap2M:     6096896 kB
DirectMap1G:     4194304 kB
---SNAPSHOT---
2026-04-27 15:09:30
MemTotal:        8129240 kB
MemFree:         3557612 kB
MemAvailable:    3764668 kB
Buffers:            6156 kB
Cached:           315160 kB
SwapCached:        66276 kB
Active:          3470656 kB
Inactive:         535496 kB
Active(anon):    3361120 kB
Inactive(anon):   378132 kB
Active(file):     109536 kB
Inactive(file):   157364 kB
Unevictable:          16 kB
Mlocked:              16 kB
SwapTotal:       4194300 kB
SwapFree:        3990508 kB
Zswap:                 0 kB
Zswapped:              0 kB
Dirty:               172 kB
Writeback:             0 kB
AnonPages:       3621824 kB
Mapped:           268496 kB
Shmem:             54448 kB
KReclaimable:      57052 kB
Slab:             284340 kB
SReclaimable:      57052 kB
SUnreclaim:       227288 kB
KernelStack:       18256 kB
PageTables:        49804 kB
SecPageTables:         0 kB
NFS_Unstable:          0 kB
Bounce:                0 kB
WritebackTmp:          0 kB
CommitLimit:     8258920 kB
Committed_AS:   11409248 kB
VmallocTotal:   34359738367 kB
VmallocUsed:       46504 kB
VmallocChunk:          0 kB
Percpu:            13280 kB
HardwareCorrupted:     0 kB
AnonHugePages:    210944 kB
ShmemHugePages:        0 kB
ShmemPmdMapped:        0 kB
FileHugePages:         0 kB
FilePmdMapped:         0 kB
CmaTotal:              0 kB
CmaFree:               0 kB
Unaccepted:            0 kB
Balloon:               0 kB
HugePages_Total:       0
HugePages_Free:        0
HugePages_Rsvd:        0
HugePages_Surp:        0
Hugepagesize:       2048 kB
Hugetlb:               0 kB
DirectMap4k:      194432 kB
DirectMap2M:     6096896 kB
DirectMap1G:     4194304 kB
---SNAPSHOT---
2026-04-27 15:09:31
MemTotal:        8129240 kB
MemFree:         4167324 kB
MemAvailable:    4374392 kB
Buffers:            6156 kB
Cached:           315176 kB
SwapCached:        66276 kB
Active:          2865056 kB
Inactive:         535508 kB
Active(anon):    2755520 kB
Inactive(anon):   378132 kB
Active(file):     109536 kB
Inactive(file):   157376 kB
Unevictable:          16 kB
Mlocked:              16 kB
SwapTotal:       4194300 kB
SwapFree:        3990508 kB
Zswap:                 0 kB
Zswapped:              0 kB
Dirty:               180 kB
Writeback:             0 kB
AnonPages:       3015964 kB
Mapped:           268496 kB
Shmem:             54448 kB
KReclaimable:      57052 kB
Slab:             284340 kB
SReclaimable:      57052 kB
SUnreclaim:       227288 kB
KernelStack:       18256 kB
PageTables:        48604 kB
SecPageTables:         0 kB
NFS_Unstable:          0 kB
Bounce:                0 kB
WritebackTmp:          0 kB
CommitLimit:     8258920 kB
Committed_AS:   11408864 kB
VmallocTotal:   34359738367 kB
VmallocUsed:       46472 kB
VmallocChunk:          0 kB
Percpu:            13280 kB
HardwareCorrupted:     0 kB
AnonHugePages:    210944 kB
ShmemHugePages:        0 kB
ShmemPmdMapped:        0 kB
FileHugePages:         0 kB
FilePmdMapped:         0 kB
CmaTotal:              0 kB
CmaFree:               0 kB
Unaccepted:            0 kB
Balloon:               0 kB
HugePages_Total:       0
HugePages_Free:        0
HugePages_Rsvd:        0
HugePages_Surp:        0
Hugepagesize:       2048 kB
Hugetlb:               0 kB
DirectMap4k:      194432 kB
DirectMap2M:     6096896 kB
DirectMap1G:     4194304 kB
---SNAPSHOT---
2026-04-27 15:09:32
MemTotal:        8129240 kB
MemFree:         3908832 kB
MemAvailable:    4115904 kB
Buffers:            6156 kB
Cached:           315180 kB
SwapCached:        66276 kB
Active:          3120056 kB
Inactive:         535512 kB
Active(anon):    3010520 kB
Inactive(anon):   378132 kB
Active(file):     109536 kB
Inactive(file):   157380 kB
Unevictable:          16 kB
Mlocked:              16 kB
SwapTotal:       4194300 kB
SwapFree:        3990508 kB
Zswap:                 0 kB
Zswapped:              0 kB
Dirty:               184 kB
Writeback:             0 kB
AnonPages:       3271104 kB
Mapped:           268496 kB
Shmem:             54448 kB
KReclaimable:      57052 kB
Slab:             284340 kB
SReclaimable:      57052 kB
SUnreclaim:       227288 kB
KernelStack:       18224 kB
PageTables:        49328 kB
SecPageTables:         0 kB
NFS_Unstable:          0 kB
Bounce:                0 kB
WritebackTmp:          0 kB
CommitLimit:     8258920 kB
Committed_AS:   11409108 kB
VmallocTotal:   34359738367 kB
VmallocUsed:       46488 kB
VmallocChunk:          0 kB
Percpu:            13280 kB
HardwareCorrupted:     0 kB
AnonHugePages:    210944 kB
ShmemHugePages:        0 kB
ShmemPmdMapped:        0 kB
FileHugePages:         0 kB
FilePmdMapped:         0 kB
CmaTotal:              0 kB
CmaFree:               0 kB
Unaccepted:            0 kB
Balloon:               0 kB
HugePages_Total:       0
HugePages_Free:        0
HugePages_Rsvd:        0
HugePages_Surp:        0
Hugepagesize:       2048 kB
Hugetlb:               0 kB
DirectMap4k:      194432 kB
DirectMap2M:     6096896 kB
DirectMap1G:     4194304 kB
---SNAPSHOT---
2026-04-27 15:09:33
MemTotal:        8129240 kB
MemFree:         4246856 kB
MemAvailable:    4453936 kB
Buffers:            6156 kB
Cached:           315188 kB
SwapCached:        66276 kB
Active:          2742856 kB
Inactive:         535520 kB
Active(anon):    2633320 kB
Inactive(anon):   378132 kB
Active(file):     109536 kB
Inactive(file):   157388 kB
Unevictable:          16 kB
Mlocked:              16 kB
SwapTotal:       4194300 kB
SwapFree:        3990508 kB
Zswap:                 0 kB
Zswapped:              0 kB
Dirty:               192 kB
Writeback:             0 kB
AnonPages:       2893996 kB
Mapped:           268496 kB
Shmem:             54448 kB
KReclaimable:      57052 kB
Slab:             284340 kB
SReclaimable:      57052 kB
SUnreclaim:       227288 kB
KernelStack:       18256 kB
PageTables:        48520 kB
SecPageTables:         0 kB
NFS_Unstable:          0 kB
Bounce:                0 kB
WritebackTmp:          0 kB
CommitLimit:     8258920 kB
Committed_AS:   11409472 kB
VmallocTotal:   34359738367 kB
VmallocUsed:       46504 kB
VmallocChunk:          0 kB
Percpu:            13280 kB
HardwareCorrupted:     0 kB
AnonHugePages:    210944 kB
ShmemHugePages:        0 kB
ShmemPmdMapped:        0 kB
FileHugePages:         0 kB
FilePmdMapped:         0 kB
CmaTotal:              0 kB
CmaFree:               0 kB
Unaccepted:            0 kB
Balloon:               0 kB
HugePages_Total:       0
HugePages_Free:        0
HugePages_Rsvd:        0
HugePages_Surp:        0
Hugepagesize:       2048 kB
Hugetlb:               0 kB
DirectMap4k:      194432 kB
DirectMap2M:     6096896 kB
DirectMap1G:     4194304 kB
---SNAPSHOT---
2026-04-27 15:09:34
MemTotal:        8129240 kB
MemFree:         4246372 kB
MemAvailable:    4453692 kB
Buffers:            6456 kB
Cached:           315200 kB
SwapCached:        66276 kB
Active:          2717852 kB
Inactive:         535760 kB
Active(anon):    2608316 kB
Inactive(anon):   378132 kB
Active(file):     109536 kB
Inactive(file):   157628 kB
Unevictable:          16 kB
Mlocked:              16 kB
SwapTotal:       4194300 kB
SwapFree:        3990508 kB
Zswap:                 0 kB
Zswapped:              0 kB
Dirty:               196 kB
Writeback:             0 kB
AnonPages:       2842360 kB
Mapped:           268496 kB
Shmem:             54448 kB
KReclaimable:      57052 kB
Slab:             284340 kB
SReclaimable:      57052 kB
SUnreclaim:       227288 kB
KernelStack:       18256 kB
PageTables:        48832 kB
SecPageTables:         0 kB
NFS_Unstable:          0 kB
Bounce:                0 kB
WritebackTmp:          0 kB
CommitLimit:     8258920 kB
Committed_AS:   11409448 kB
VmallocTotal:   34359738367 kB
VmallocUsed:       46488 kB
VmallocChunk:          0 kB
Percpu:            13280 kB
HardwareCorrupted:     0 kB
AnonHugePages:    210944 kB
ShmemHugePages:        0 kB
ShmemPmdMapped:        0 kB
FileHugePages:         0 kB
FilePmdMapped:         0 kB
CmaTotal:              0 kB
CmaFree:               0 kB
Unaccepted:            0 kB
Balloon:               0 kB
HugePages_Total:       0
HugePages_Free:        0
HugePages_Rsvd:        0
HugePages_Surp:        0
Hugepagesize:       2048 kB
Hugetlb:               0 kB
DirectMap4k:      194432 kB
DirectMap2M:     6096896 kB
DirectMap1G:     4194304 kB
---SNAPSHOT---
2026-04-27 15:09:35
MemTotal:        8129240 kB
MemFree:         3731612 kB
MemAvailable:    3939012 kB
Buffers:            6464 kB
Cached:           315196 kB
SwapCached:        66276 kB
Active:          3291640 kB
Inactive:         535840 kB
Active(anon):    3182104 kB
Inactive(anon):   378132 kB
Active(file):     109536 kB
Inactive(file):   157708 kB
Unevictable:          16 kB
Mlocked:              16 kB
SwapTotal:       4194300 kB
SwapFree:        3990508 kB
Zswap:                 0 kB
Zswapped:              0 kB
Dirty:               200 kB
Writeback:             0 kB
AnonPages:       3443020 kB
Mapped:           268724 kB
Shmem:             54448 kB
KReclaimable:      57052 kB
Slab:             284340 kB
SReclaimable:      57052 kB
SUnreclaim:       227288 kB
KernelStack:       18300 kB
PageTables:        49176 kB
SecPageTables:         0 kB
NFS_Unstable:          0 kB
Bounce:                0 kB
WritebackTmp:          0 kB
CommitLimit:     8258920 kB
Committed_AS:   11409084 kB
VmallocTotal:   34359738367 kB
VmallocUsed:       46456 kB
VmallocChunk:          0 kB
Percpu:            13280 kB
HardwareCorrupted:     0 kB
AnonHugePages:    210944 kB
ShmemHugePages:        0 kB
ShmemPmdMapped:        0 kB
FileHugePages:         0 kB
FilePmdMapped:         0 kB
CmaTotal:              0 kB
CmaFree:               0 kB
Unaccepted:            0 kB
Balloon:               0 kB
HugePages_Total:       0
HugePages_Free:        0
HugePages_Rsvd:        0
HugePages_Surp:        0
Hugepagesize:       2048 kB
Hugetlb:               0 kB
DirectMap4k:      194432 kB
DirectMap2M:     6096896 kB
DirectMap1G:     4194304 kB
---SNAPSHOT---
2026-04-27 15:09:36
MemTotal:        8129240 kB
MemFree:         3690048 kB
MemAvailable:    3897464 kB
Buffers:            6464 kB
Cached:           315212 kB
SwapCached:       678848 kB
Active:          2686580 kB
Inactive:        1147096 kB
Active(anon):    2577044 kB
Inactive(anon):   989372 kB
Active(file):     109536 kB
Inactive(file):   157724 kB
Unevictable:          16 kB
Mlocked:              16 kB
SwapTotal:       4194300 kB
SwapFree:        3377776 kB
Zswap:                 0 kB
Zswapped:              0 kB
Dirty:               208 kB
Writeback:          1284 kB
AnonPages:       2838392 kB
Mapped:           268496 kB
Shmem:             54448 kB
KReclaimable:      57052 kB
Slab:             284388 kB
SReclaimable:      57052 kB
SUnreclaim:       227336 kB
KernelStack:       18256 kB
PageTables:        49708 kB
SecPageTables:         0 kB
NFS_Unstable:          0 kB
Bounce:                0 kB
WritebackTmp:          0 kB
CommitLimit:     8258920 kB
Committed_AS:   11409688 kB
VmallocTotal:   34359738367 kB
VmallocUsed:       46504 kB
VmallocChunk:          0 kB
Percpu:            13280 kB
HardwareCorrupted:     0 kB
AnonHugePages:    210944 kB
ShmemHugePages:        0 kB
ShmemPmdMapped:        0 kB
FileHugePages:         0 kB
FilePmdMapped:         0 kB
CmaTotal:              0 kB
CmaFree:               0 kB
Unaccepted:            0 kB
Balloon:               0 kB
HugePages_Total:       0
HugePages_Free:        0
HugePages_Rsvd:        0
HugePages_Surp:        0
Hugepagesize:       2048 kB
Hugetlb:               0 kB
DirectMap4k:      194432 kB
DirectMap2M:     6096896 kB
DirectMap1G:     4194304 kB
---SNAPSHOT---
2026-04-27 15:09:37
MemTotal:        8129240 kB
MemFree:         4783644 kB
MemAvailable:    4991064 kB
Buffers:            6464 kB
Cached:           315216 kB
SwapCached:        66460 kB
Active:          2214324 kB
Inactive:         536056 kB
Active(anon):    2104788 kB
Inactive(anon):   378328 kB
Active(file):     109536 kB
Inactive(file):   157728 kB
Unevictable:          16 kB
Mlocked:              16 kB
SwapTotal:       4194300 kB
SwapFree:        3990508 kB
Zswap:                 0 kB
Zswapped:              0 kB
Dirty:               212 kB
Writeback:           112 kB
AnonPages:       2365148 kB
Mapped:           268496 kB
Shmem:             54448 kB
KReclaimable:      57052 kB
Slab:             284564 kB
SReclaimable:      57052 kB
SUnreclaim:       227512 kB
KernelStack:       18316 kB
PageTables:        47568 kB
SecPageTables:         0 kB
NFS_Unstable:          0 kB
Bounce:                0 kB
WritebackTmp:          0 kB
CommitLimit:     8258920 kB
Committed_AS:   11409312 kB
VmallocTotal:   34359738367 kB
VmallocUsed:       46488 kB
VmallocChunk:          0 kB
Percpu:            13280 kB
HardwareCorrupted:     0 kB
AnonHugePages:    210944 kB
ShmemHugePages:        0 kB
ShmemPmdMapped:        0 kB
FileHugePages:         0 kB
FilePmdMapped:         0 kB
CmaTotal:              0 kB
CmaFree:               0 kB
Unaccepted:            0 kB
Balloon:               0 kB
HugePages_Total:       0
HugePages_Free:        0
HugePages_Rsvd:        0
HugePages_Surp:        0
Hugepagesize:       2048 kB
Hugetlb:               0 kB
DirectMap4k:      194432 kB
DirectMap2M:     6096896 kB
DirectMap1G:     4194304 kB
---SNAPSHOT---
2026-04-27 15:09:38
MemTotal:        8129240 kB
MemFree:         3908428 kB
MemAvailable:    4115852 kB
Buffers:            6464 kB
Cached:           315224 kB
SwapCached:        66276 kB
Active:          3134816 kB
Inactive:         535864 kB
Active(anon):    3025280 kB
Inactive(anon):   378132 kB
Active(file):     109536 kB
Inactive(file):   157732 kB
Unevictable:          16 kB
Mlocked:              16 kB
SwapTotal:       4194300 kB
SwapFree:        3990508 kB
Zswap:                 0 kB
Zswapped:              0 kB
Dirty:               220 kB
Writeback:             0 kB
AnonPages:       3285744 kB
Mapped:           268496 kB
Shmem:             54448 kB
KReclaimable:      57052 kB
Slab:             284356 kB
SReclaimable:      57052 kB
SUnreclaim:       227304 kB
KernelStack:       18316 kB
PageTables:        48936 kB
SecPageTables:         0 kB
NFS_Unstable:          0 kB
Bounce:                0 kB
WritebackTmp:          0 kB
CommitLimit:     8258920 kB
