---SNAPSHOT---
2026-04-27 14:58:35
MemTotal:        8129240 kB
MemFree:         5326452 kB
MemAvailable:    5517944 kB
Buffers:            5372 kB
Cached:           284836 kB
SwapCached:       118564 kB
Active:          1511148 kB
Inactive:         589260 kB
Active(anon):    1414356 kB
Inactive(anon):   433728 kB
Active(file):      96792 kB
Inactive(file):   155532 kB
Unevictable:           0 kB
Mlocked:               0 kB
SwapTotal:       4194300 kB
SwapFree:        3938220 kB
Zswap:                 0 kB
Zswapped:              0 kB
Dirty:               468 kB
Writeback:             0 kB
AnonPages:       1695132 kB
Mapped:           246392 kB
Shmem:             37300 kB
KReclaimable:      56064 kB
Slab:             283272 kB
SReclaimable:      56064 kB
SUnreclaim:       227208 kB
KernelStack:       18044 kB
PageTables:        45440 kB
SecPageTables:         0 kB
NFS_Unstable:          0 kB
Bounce:                0 kB
WritebackTmp:          0 kB
CommitLimit:     8258920 kB
Committed_AS:    8752408 kB
VmallocTotal:   34359738367 kB
VmallocUsed:       46248 kB
VmallocChunk:          0 kB
Percpu:            13280 kB
HardwareCorrupted:     0 kB
AnonHugePages:    215040 kB
ShmemHugePages:        0 kB
ShmemPmdMapped:        0 kB
FileHugePages:         0 kB
FilePmdMapped:         0 kB
CmaTotal:              0 kB
CmaFree:               0 kB
Unaccepted:            0 kB
Balloon:               0 kB
HugePages_Total:       0
HugePages_Free:        0
HugePages_Rsvd:        0
HugePages_Surp:        0
Hugepagesize:       2048 kB
Hugetlb:               0 kB
DirectMap4k:      194432 kB
DirectMap2M:     6096896 kB
DirectMap1G:     4194304 kB
---SNAPSHOT---
2026-04-27 14:58:36
MemTotal:        8129240 kB
MemFree:         5338448 kB
MemAvailable:    5532396 kB
Buffers:            5544 kB
Cached:           285580 kB
SwapCached:       118564 kB
Active:          1512668 kB
Inactive:         589976 kB
Active(anon):    1415048 kB
Inactive(anon):   433728 kB
Active(file):      97620 kB
Inactive(file):   156248 kB
Unevictable:           0 kB
Mlocked:               0 kB
SwapTotal:       4194300 kB
SwapFree:        3938220 kB
Zswap:                 0 kB
Zswapped:              0 kB
Dirty:               496 kB
Writeback:             0 kB
AnonPages:       1696208 kB
Mapped:           246416 kB
Shmem:             37300 kB
KReclaimable:      56976 kB
Slab:             284184 kB
SReclaimable:      56976 kB
SUnreclaim:       227208 kB
KernelStack:       18128 kB
PageTables:        45608 kB
SecPageTables:         0 kB
NFS_Unstable:          0 kB
Bounce:                0 kB
WritebackTmp:          0 kB
CommitLimit:     8258920 kB
Committed_AS:    8753316 kB
VmallocTotal:   34359738367 kB
VmallocUsed:       46344 kB
VmallocChunk:          0 kB
Percpu:            13280 kB
HardwareCorrupted:     0 kB
AnonHugePages:    215040 kB
ShmemHugePages:        0 kB
ShmemPmdMapped:        0 kB
FileHugePages:         0 kB
FilePmdMapped:         0 kB
CmaTotal:              0 kB
CmaFree:               0 kB
Unaccepted:            0 kB
Balloon:               0 kB
HugePages_Total:       0
HugePages_Free:        0
HugePages_Rsvd:        0
HugePages_Surp:        0
Hugepagesize:       2048 kB
Hugetlb:               0 kB
DirectMap4k:      194432 kB
DirectMap2M:     6096896 kB
DirectMap1G:     4194304 kB
---SNAPSHOT---
2026-04-27 14:58:37
MemTotal:        8129240 kB
MemFree:         5356200 kB
MemAvailable:    5550152 kB
Buffers:            5552 kB
Cached:           285584 kB
SwapCached:       118564 kB
Active:          1512384 kB
Inactive:         589980 kB
Active(anon):    1414764 kB
Inactive(anon):   433728 kB
Active(file):      97620 kB
Inactive(file):   156252 kB
Unevictable:           0 kB
Mlocked:               0 kB
SwapTotal:       4194300 kB
SwapFree:        3938220 kB
Zswap:                 0 kB
Zswapped:              0 kB
Dirty:               552 kB
Writeback:             0 kB
AnonPages:       1695592 kB
Mapped:           246356 kB
Shmem:             37300 kB
KReclaimable:      56976 kB
Slab:             284188 kB
SReclaimable:      56976 kB
SUnreclaim:       227212 kB
KernelStack:       18064 kB
PageTables:        45384 kB
SecPageTables:         0 kB
NFS_Unstable:          0 kB
Bounce:                0 kB
WritebackTmp:          0 kB
CommitLimit:     8258920 kB
Committed_AS:    8752044 kB
VmallocTotal:   34359738367 kB
VmallocUsed:       46344 kB
VmallocChunk:          0 kB
Percpu:            13280 kB
HardwareCorrupted:     0 kB
AnonHugePages:    215040 kB
ShmemHugePages:        0 kB
ShmemPmdMapped:        0 kB
FileHugePages:         0 kB
FilePmdMapped:         0 kB
CmaTotal:              0 kB
CmaFree:               0 kB
Unaccepted:            0 kB
Balloon:               0 kB
HugePages_Total:       0
HugePages_Free:        0
HugePages_Rsvd:        0
HugePages_Surp:        0
Hugepagesize:       2048 kB
Hugetlb:               0 kB
DirectMap4k:      194432 kB
DirectMap2M:     6096896 kB
DirectMap1G:     4194304 kB
---SNAPSHOT---
2026-04-27 14:58:38
MemTotal:        8129240 kB
MemFree:         5370204 kB
MemAvailable:    5568172 kB
Buffers:            5956 kB
Cached:           289440 kB
SwapCached:       118564 kB
Active:          1516128 kB
Inactive:         590348 kB
Active(anon):    1414860 kB
Inactive(anon):   433728 kB
Active(file):     101268 kB
Inactive(file):   156620 kB
Unevictable:           0 kB
Mlocked:               0 kB
SwapTotal:       4194300 kB
SwapFree:        3938220 kB
Zswap:                 0 kB
Zswapped:              0 kB
Dirty:               560 kB
Writeback:             0 kB
AnonPages:       1695940 kB
Mapped:           246872 kB
Shmem:             37300 kB
KReclaimable:      56976 kB
Slab:             284188 kB
SReclaimable:      56976 kB
SUnreclaim:       227212 kB
KernelStack:       18064 kB
PageTables:        45668 kB
SecPageTables:         0 kB
NFS_Unstable:          0 kB
Bounce:                0 kB
WritebackTmp:          0 kB
CommitLimit:     8258920 kB
Committed_AS:    8760792 kB
VmallocTotal:   34359738367 kB
VmallocUsed:       46360 kB
VmallocChunk:          0 kB
Percpu:            13280 kB
HardwareCorrupted:     0 kB
AnonHugePages:    215040 kB
ShmemHugePages:        0 kB
ShmemPmdMapped:        0 kB
FileHugePages:         0 kB
FilePmdMapped:         0 kB
CmaTotal:              0 kB
CmaFree:               0 kB
Unaccepted:            0 kB
Balloon:               0 kB
HugePages_Total:       0
HugePages_Free:        0
HugePages_Rsvd:        0
HugePages_Surp:        0
Hugepagesize:       2048 kB
Hugetlb:               0 kB
DirectMap4k:      194432 kB
DirectMap2M:     6096896 kB
DirectMap1G:     4194304 kB
---SNAPSHOT---
2026-04-27 14:58:39
MemTotal:        8129240 kB
MemFree:         4574232 kB
MemAvailable:    4779476 kB
Buffers:            5956 kB
Cached:           313628 kB
SwapCached:       118564 kB
Active:          2308048 kB
Inactive:         590608 kB
Active(anon):    2199764 kB
Inactive(anon):   433728 kB
Active(file):     108284 kB
Inactive(file):   156880 kB
Unevictable:          16 kB
Mlocked:              16 kB
SwapTotal:       4194300 kB
SwapFree:        3938220 kB
Zswap:                 0 kB
Zswapped:              0 kB
Dirty:               644 kB
Writeback:             0 kB
AnonPages:       2463760 kB
Mapped:           267376 kB
Shmem:             54448 kB
KReclaimable:      56976 kB
Slab:             284212 kB
SReclaimable:      56976 kB
SUnreclaim:       227236 kB
KernelStack:       18256 kB
PageTables:        47924 kB
SecPageTables:         0 kB
NFS_Unstable:          0 kB
Bounce:                0 kB
WritebackTmp:          0 kB
CommitLimit:     8258920 kB
Committed_AS:   11409400 kB
VmallocTotal:   34359738367 kB
VmallocUsed:       46392 kB
VmallocChunk:          0 kB
Percpu:            13280 kB
HardwareCorrupted:     0 kB
AnonHugePages:    215040 kB
ShmemHugePages:        0 kB
ShmemPmdMapped:        0 kB
FileHugePages:         0 kB
FilePmdMapped:         0 kB
CmaTotal:              0 kB
CmaFree:               0 kB
Unaccepted:            0 kB
Balloon:               0 kB
HugePages_Total:       0
HugePages_Free:        0
HugePages_Rsvd:        0
HugePages_Surp:        0
Hugepagesize:       2048 kB
Hugetlb:               0 kB
DirectMap4k:      194432 kB
DirectMap2M:     6096896 kB
DirectMap1G:     4194304 kB
---SNAPSHOT---
2026-04-27 14:58:40
MemTotal:        8129240 kB
MemFree:         3801212 kB
MemAvailable:    4006464 kB
Buffers:            5956 kB
Cached:           313636 kB
SwapCached:       118564 kB
Active:          3082332 kB
Inactive:         590616 kB
Active(anon):    2974048 kB
Inactive(anon):   433728 kB
Active(file):     108284 kB
Inactive(file):   156888 kB
Unevictable:          16 kB
Mlocked:              16 kB
SwapTotal:       4194300 kB
SwapFree:        3938220 kB
Zswap:                 0 kB
Zswapped:              0 kB
Dirty:               652 kB
Writeback:             0 kB
AnonPages:       3238132 kB
Mapped:           267604 kB
Shmem:             54448 kB
KReclaimable:      56976 kB
Slab:             284212 kB
SReclaimable:      56976 kB
SUnreclaim:       227236 kB
KernelStack:       18256 kB
PageTables:        49096 kB
SecPageTables:         0 kB
NFS_Unstable:          0 kB
Bounce:                0 kB
WritebackTmp:          0 kB
CommitLimit:     8258920 kB
Committed_AS:   11409436 kB
VmallocTotal:   34359738367 kB
VmallocUsed:       46456 kB
VmallocChunk:          0 kB
Percpu:            13280 kB
HardwareCorrupted:     0 kB
AnonHugePages:    215040 kB
ShmemHugePages:        0 kB
ShmemPmdMapped:        0 kB
FileHugePages:         0 kB
FilePmdMapped:         0 kB
CmaTotal:              0 kB
CmaFree:               0 kB
Unaccepted:            0 kB
Balloon:               0 kB
HugePages_Total:       0
HugePages_Free:        0
HugePages_Rsvd:        0
HugePages_Surp:        0
Hugepagesize:       2048 kB
Hugetlb:               0 kB
DirectMap4k:      194432 kB
DirectMap2M:     6096896 kB
DirectMap1G:     4194304 kB
---SNAPSHOT---
2026-04-27 14:58:41
MemTotal:        8129240 kB
MemFree:         2946260 kB
MemAvailable:    3151564 kB
Buffers:            5956 kB
Cached:           313640 kB
SwapCached:       118564 kB
Active:          3937048 kB
Inactive:         590620 kB
Active(anon):    3828764 kB
Inactive(anon):   433728 kB
Active(file):     108284 kB
Inactive(file):   156892 kB
Unevictable:          16 kB
Mlocked:              16 kB
SwapTotal:       4194300 kB
SwapFree:        3938220 kB
Zswap:                 0 kB
Zswapped:              0 kB
Dirty:               656 kB
Writeback:             0 kB
AnonPages:       4092628 kB
Mapped:           267472 kB
Shmem:             54448 kB
KReclaimable:      57024 kB
Slab:             284260 kB
SReclaimable:      57024 kB
SUnreclaim:       227236 kB
KernelStack:       18332 kB
PageTables:        51212 kB
SecPageTables:         0 kB
NFS_Unstable:          0 kB
Bounce:                0 kB
WritebackTmp:          0 kB
CommitLimit:     8258920 kB
Committed_AS:   11410204 kB
VmallocTotal:   34359738367 kB
VmallocUsed:       46504 kB
VmallocChunk:          0 kB
Percpu:            13280 kB
HardwareCorrupted:     0 kB
AnonHugePages:    215040 kB
ShmemHugePages:        0 kB
ShmemPmdMapped:        0 kB
FileHugePages:         0 kB
FilePmdMapped:         0 kB
CmaTotal:              0 kB
CmaFree:               0 kB
Unaccepted:            0 kB
Balloon:               0 kB
HugePages_Total:       0
HugePages_Free:        0
HugePages_Rsvd:        0
HugePages_Surp:        0
Hugepagesize:       2048 kB
Hugetlb:               0 kB
DirectMap4k:      194432 kB
DirectMap2M:     6096896 kB
DirectMap1G:     4194304 kB
---SNAPSHOT---
2026-04-27 14:58:42
MemTotal:        8129240 kB
MemFree:         4550196 kB
MemAvailable:    4755512 kB
Buffers:            5964 kB
Cached:           313644 kB
SwapCached:       118564 kB
Active:          2183516 kB
Inactive:         590632 kB
Active(anon):    2075232 kB
Inactive(anon):   433728 kB
Active(file):     108284 kB
Inactive(file):   156904 kB
Unevictable:          16 kB
Mlocked:              16 kB
SwapTotal:       4194300 kB
SwapFree:        3938220 kB
Zswap:                 0 kB
Zswapped:              0 kB
Dirty:               660 kB
Writeback:             0 kB
AnonPages:       2339284 kB
Mapped:           267376 kB
Shmem:             54448 kB
KReclaimable:      57024 kB
Slab:             284260 kB
SReclaimable:      57024 kB
SUnreclaim:       227236 kB
KernelStack:       18256 kB
PageTables:        47388 kB
SecPageTables:         0 kB
NFS_Unstable:          0 kB
Bounce:                0 kB
WritebackTmp:          0 kB
CommitLimit:     8258920 kB
Committed_AS:   11409048 kB
VmallocTotal:   34359738367 kB
VmallocUsed:       46488 kB
VmallocChunk:          0 kB
Percpu:            13280 kB
HardwareCorrupted:     0 kB
AnonHugePages:    215040 kB
ShmemHugePages:        0 kB
ShmemPmdMapped:        0 kB
FileHugePages:         0 kB
FilePmdMapped:         0 kB
CmaTotal:              0 kB
CmaFree:               0 kB
Unaccepted:            0 kB
Balloon:               0 kB
HugePages_Total:       0
HugePages_Free:        0
HugePages_Rsvd:        0
HugePages_Surp:        0
Hugepagesize:       2048 kB
Hugetlb:               0 kB
DirectMap4k:      194432 kB
DirectMap2M:     6096896 kB
DirectMap1G:     4194304 kB
---SNAPSHOT---
2026-04-27 14:58:43
MemTotal:        8129240 kB
MemFree:         3699888 kB
MemAvailable:    3905212 kB
Buffers:            5964 kB
Cached:           313652 kB
SwapCached:       118564 kB
Active:          3061072 kB
Inactive:         590640 kB
Active(anon):    2952788 kB
Inactive(anon):   433728 kB
Active(file):     108284 kB
Inactive(file):   156912 kB
Unevictable:          16 kB
Mlocked:              16 kB
SwapTotal:       4194300 kB
SwapFree:        3938220 kB
Zswap:                 0 kB
Zswapped:              0 kB
Dirty:               668 kB
Writeback:             0 kB
AnonPages:       3217012 kB
Mapped:           267376 kB
Shmem:             54448 kB
KReclaimable:      57024 kB
Slab:             284260 kB
SReclaimable:      57024 kB
SUnreclaim:       227236 kB
KernelStack:       18284 kB
PageTables:        49120 kB
SecPageTables:         0 kB
NFS_Unstable:          0 kB
Bounce:                0 kB
WritebackTmp:          0 kB
CommitLimit:     8258920 kB
Committed_AS:   11409300 kB
VmallocTotal:   34359738367 kB
VmallocUsed:       46488 kB
VmallocChunk:          0 kB
Percpu:            13280 kB
HardwareCorrupted:     0 kB
AnonHugePages:    215040 kB
ShmemHugePages:        0 kB
ShmemPmdMapped:        0 kB
FileHugePages:         0 kB
FilePmdMapped:         0 kB
CmaTotal:              0 kB
CmaFree:               0 kB
Unaccepted:            0 kB
Balloon:               0 kB
HugePages_Total:       0
HugePages_Free:        0
HugePages_Rsvd:        0
HugePages_Surp:        0
Hugepagesize:       2048 kB
Hugetlb:               0 kB
DirectMap4k:      194432 kB
DirectMap2M:     6096896 kB
DirectMap1G:     4194304 kB
---SNAPSHOT---
2026-04-27 14:58:44
MemTotal:        8129240 kB
MemFree:         2937392 kB
MemAvailable:    3142720 kB
Buffers:            5964 kB
Cached:           313656 kB
SwapCached:       118564 kB
Active:          3957508 kB
Inactive:         590644 kB
Active(anon):    3849224 kB
Inactive(anon):   433728 kB
Active(file):     108284 kB
Inactive(file):   156916 kB
Unevictable:          16 kB
Mlocked:              16 kB
SwapTotal:       4194300 kB
SwapFree:        3938220 kB
Zswap:                 0 kB
Zswapped:              0 kB
Dirty:               672 kB
Writeback:             0 kB
AnonPages:       4113220 kB
Mapped:           267376 kB
Shmem:             54448 kB
KReclaimable:      57024 kB
Slab:             284236 kB
SReclaimable:      57024 kB
SUnreclaim:       227212 kB
KernelStack:       18300 kB
PageTables:        50924 kB
SecPageTables:         0 kB
NFS_Unstable:          0 kB
Bounce:                0 kB
WritebackTmp:          0 kB
CommitLimit:     8258920 kB
Committed_AS:   11409300 kB
VmallocTotal:   34359738367 kB
VmallocUsed:       46504 kB
VmallocChunk:          0 kB
Percpu:            13280 kB
HardwareCorrupted:     0 kB
AnonHugePages:    215040 kB
ShmemHugePages:        0 kB
ShmemPmdMapped:        0 kB
FileHugePages:         0 kB
FilePmdMapped:         0 kB
CmaTotal:              0 kB
CmaFree:               0 kB
Unaccepted:            0 kB
Balloon:               0 kB
HugePages_Total:       0
HugePages_Free:        0
HugePages_Rsvd:        0
HugePages_Surp:        0
Hugepagesize:       2048 kB
Hugetlb:               0 kB
DirectMap4k:      194432 kB
DirectMap2M:     6096896 kB
DirectMap1G:     4194304 kB
---SNAPSHOT---
2026-04-27 14:58:45
MemTotal:        8129240 kB
MemFree:         4528008 kB
MemAvailable:    4733344 kB
Buffers:            5964 kB
Cached:           313664 kB
SwapCached:       118564 kB
Active:          2212508 kB
Inactive:         590652 kB
Active(anon):    2104224 kB
Inactive(anon):   433728 kB
Active(file):     108284 kB
Inactive(file):   156924 kB
Unevictable:          16 kB
Mlocked:              16 kB
SwapTotal:       4194300 kB
SwapFree:        3938220 kB
Zswap:                 0 kB
Zswapped:              0 kB
Dirty:               680 kB
Writeback:             0 kB
AnonPages:       2367712 kB
Mapped:           267376 kB
Shmem:             54448 kB
KReclaimable:      57024 kB
Slab:             284232 kB
SReclaimable:      57024 kB
SUnreclaim:       227208 kB
KernelStack:       18256 kB
PageTables:        47520 kB
SecPageTables:         0 kB
NFS_Unstable:          0 kB
Bounce:                0 kB
WritebackTmp:          0 kB
CommitLimit:     8258920 kB
Committed_AS:   11409412 kB
VmallocTotal:   34359738367 kB
VmallocUsed:       46504 kB
VmallocChunk:          0 kB
Percpu:            13280 kB
HardwareCorrupted:     0 kB
AnonHugePages:    215040 kB
ShmemHugePages:        0 kB
ShmemPmdMapped:        0 kB
FileHugePages:         0 kB
FilePmdMapped:         0 kB
CmaTotal:              0 kB
CmaFree:               0 kB
Unaccepted:            0 kB
Balloon:               0 kB
HugePages_Total:       0
HugePages_Free:        0
HugePages_Rsvd:        0
HugePages_Surp:        0
Hugepagesize:       2048 kB
Hugetlb:               0 kB
DirectMap4k:      194432 kB
DirectMap2M:     6096896 kB
DirectMap1G:     4194304 kB
---SNAPSHOT---
2026-04-27 14:58:46
MemTotal:        8129240 kB
MemFree:         3667268 kB
MemAvailable:    3872608 kB
Buffers:            5964 kB
Cached:           313668 kB
SwapCached:       118564 kB
Active:          3096948 kB
Inactive:         590656 kB
Active(anon):    2988664 kB
Inactive(anon):   433728 kB
Active(file):     108284 kB
Inactive(file):   156928 kB
Unevictable:          16 kB
Mlocked:              16 kB
SwapTotal:       4194300 kB
SwapFree:        3938220 kB
Zswap:                 0 kB
Zswapped:              0 kB
Dirty:               684 kB
Writeback:             0 kB
AnonPages:       3252164 kB
Mapped:           267376 kB
Shmem:             54448 kB
KReclaimable:      57024 kB
Slab:             284232 kB
SReclaimable:      57024 kB
SUnreclaim:       227208 kB
KernelStack:       18300 kB
PageTables:        49424 kB
SecPageTables:         0 kB
NFS_Unstable:          0 kB
Bounce:                0 kB
WritebackTmp:          0 kB
CommitLimit:     8258920 kB
Committed_AS:   11409400 kB
VmallocTotal:   34359738367 kB
VmallocUsed:       46520 kB
VmallocChunk:          0 kB
Percpu:            13280 kB
HardwareCorrupted:     0 kB
AnonHugePages:    215040 kB
ShmemHugePages:        0 kB
ShmemPmdMapped:        0 kB
FileHugePages:         0 kB
FilePmdMapped:         0 kB
CmaTotal:              0 kB
CmaFree:               0 kB
Unaccepted:            0 kB
Balloon:               0 kB
HugePages_Total:       0
HugePages_Free:        0
HugePages_Rsvd:        0
HugePages_Surp:        0
Hugepagesize:       2048 kB
Hugetlb:               0 kB
DirectMap4k:      194432 kB
DirectMap2M:     6096896 kB
DirectMap1G:     4194304 kB
---SNAPSHOT---
2026-04-27 14:58:47
MemTotal:        8129240 kB
MemFree:         2910984 kB
MemAvailable:    3116336 kB
Buffers:            5972 kB
Cached:           313672 kB
SwapCached:       118564 kB
Active:          3991300 kB
Inactive:         590668 kB
Active(anon):    3883016 kB
Inactive(anon):   433728 kB
Active(file):     108284 kB
Inactive(file):   156940 kB
Unevictable:          16 kB
Mlocked:              16 kB
SwapTotal:       4194300 kB
SwapFree:        3938220 kB
Zswap:                 0 kB
Zswapped:              0 kB
Dirty:               688 kB
Writeback:             0 kB
AnonPages:       4146560 kB
Mapped:           267376 kB
Shmem:             54448 kB
KReclaimable:      57024 kB
Slab:             284232 kB
SReclaimable:      57024 kB
SUnreclaim:       227208 kB
KernelStack:       18300 kB
PageTables:        50944 kB
SecPageTables:         0 kB
NFS_Unstable:          0 kB
Bounce:                0 kB
WritebackTmp:          0 kB
CommitLimit:     8258920 kB
Committed_AS:   11409412 kB
VmallocTotal:   34359738367 kB
VmallocUsed:       46552 kB
VmallocChunk:          0 kB
Percpu:            13280 kB
HardwareCorrupted:     0 kB
AnonHugePages:    215040 kB
ShmemHugePages:        0 kB
ShmemPmdMapped:        0 kB
FileHugePages:         0 kB
FilePmdMapped:         0 kB
CmaTotal:              0 kB
CmaFree:               0 kB
Unaccepted:            0 kB
Balloon:               0 kB
HugePages_Total:       0
HugePages_Free:        0
HugePages_Rsvd:        0
HugePages_Surp:        0
Hugepagesize:       2048 kB
Hugetlb:               0 kB
DirectMap4k:      194432 kB
DirectMap2M:     6096896 kB
DirectMap1G:     4194304 kB
---SNAPSHOT---
2026-04-27 14:58:48
MemTotal:        8129240 kB
MemFree:         4522284 kB
MemAvailable:    4727644 kB
Buffers:            5972 kB
Cached:           313680 kB
SwapCached:       118564 kB
Active:          2258168 kB
Inactive:         590676 kB
Active(anon):    2149884 kB
Inactive(anon):   433728 kB
Active(file):     108284 kB
Inactive(file):   156948 kB
Unevictable:          16 kB
Mlocked:              16 kB
SwapTotal:       4194300 kB
SwapFree:        3938220 kB
Zswap:                 0 kB
Zswapped:              0 kB
Dirty:               696 kB
Writeback:             0 kB
AnonPages:       2413476 kB
Mapped:           267376 kB
Shmem:             54448 kB
KReclaimable:      57024 kB
Slab:             284232 kB
SReclaimable:      57024 kB
SUnreclaim:       227208 kB
KernelStack:       18300 kB
PageTables:        47496 kB
SecPageTables:         0 kB
NFS_Unstable:          0 kB
Bounce:                0 kB
WritebackTmp:          0 kB
CommitLimit:     8258920 kB
Committed_AS:   11409104 kB
VmallocTotal:   34359738367 kB
VmallocUsed:       46488 kB
VmallocChunk:          0 kB
Percpu:            13280 kB
HardwareCorrupted:     0 kB
AnonHugePages:    215040 kB
ShmemHugePages:        0 kB
ShmemPmdMapped:        0 kB
FileHugePages:         0 kB
FilePmdMapped:         0 kB
CmaTotal:              0 kB
CmaFree:               0 kB
Unaccepted:            0 kB
Balloon:               0 kB
HugePages_Total:       0
HugePages_Free:        0
HugePages_Rsvd:        0
HugePages_Surp:        0
Hugepagesize:       2048 kB
Hugetlb:               0 kB
DirectMap4k:      194432 kB
DirectMap2M:     6096896 kB
DirectMap1G:     4194304 kB
---SNAPSHOT---
2026-04-27 14:58:49
MemTotal:        8129240 kB
MemFree:         3631132 kB
MemAvailable:    3836556 kB
Buffers:            6104 kB
Cached:           313684 kB
SwapCached:       118564 kB
Active:          3156832 kB
Inactive:         590740 kB
Active(anon):    3048548 kB
Inactive(anon):   433728 kB
Active(file):     108284 kB
Inactive(file):   157012 kB
Unevictable:          16 kB
Mlocked:              16 kB
SwapTotal:       4194300 kB
SwapFree:        3938220 kB
Zswap:                 0 kB
Zswapped:              0 kB
Dirty:               700 kB
Writeback:             0 kB
AnonPages:       3312904 kB
Mapped:           267376 kB
Shmem:             54448 kB
KReclaimable:      57024 kB
Slab:             284232 kB
SReclaimable:      57024 kB
SUnreclaim:       227208 kB
KernelStack:       18268 kB
PageTables:        49300 kB
SecPageTables:         0 kB
NFS_Unstable:          0 kB
Bounce:                0 kB
WritebackTmp:          0 kB
CommitLimit:     8258920 kB
Committed_AS:   11409652 kB
VmallocTotal:   34359738367 kB
VmallocUsed:       46504 kB
VmallocChunk:          0 kB
Percpu:            13280 kB
HardwareCorrupted:     0 kB
AnonHugePages:    215040 kB
ShmemHugePages:        0 kB
ShmemPmdMapped:        0 kB
FileHugePages:         0 kB
FilePmdMapped:         0 kB
CmaTotal:              0 kB
CmaFree:               0 kB
Unaccepted:            0 kB
Balloon:               0 kB
HugePages_Total:       0
HugePages_Free:        0
HugePages_Rsvd:        0
HugePages_Surp:        0
Hugepagesize:       2048 kB
Hugetlb:               0 kB
DirectMap4k:      194432 kB
DirectMap2M:     6096896 kB
DirectMap1G:     4194304 kB
---SNAPSHOT---
2026-04-27 14:58:50
MemTotal:        8129240 kB
MemFree:         3435352 kB
MemAvailable:    3640868 kB
Buffers:            6104 kB
Cached:           313692 kB
SwapCached:       118564 kB
Active:          3407772 kB
Inactive:         590816 kB
Active(anon):    3299488 kB
Inactive(anon):   433728 kB
Active(file):     108284 kB
Inactive(file):   157088 kB
Unevictable:          16 kB
Mlocked:              16 kB
SwapTotal:       4194300 kB
SwapFree:        3938220 kB
Zswap:                 0 kB
Zswapped:              0 kB
Dirty:               708 kB
Writeback:             0 kB
AnonPages:       3563468 kB
Mapped:           267376 kB
Shmem:             54448 kB
KReclaimable:      57040 kB
Slab:             284248 kB
SReclaimable:      57040 kB
SUnreclaim:       227208 kB
KernelStack:       18224 kB
PageTables:        49804 kB
SecPageTables:         0 kB
NFS_Unstable:          0 kB
Bounce:                0 kB
WritebackTmp:          0 kB
CommitLimit:     8258920 kB
Committed_AS:   11408904 kB
VmallocTotal:   34359738367 kB
VmallocUsed:       46424 kB
VmallocChunk:          0 kB
Percpu:            13280 kB
HardwareCorrupted:     0 kB
AnonHugePages:    215040 kB
ShmemHugePages:        0 kB
ShmemPmdMapped:        0 kB
FileHugePages:         0 kB
FilePmdMapped:         0 kB
CmaTotal:              0 kB
CmaFree:               0 kB
Unaccepted:            0 kB
Balloon:               0 kB
HugePages_Total:       0
HugePages_Free:        0
HugePages_Rsvd:        0
HugePages_Surp:        0
Hugepagesize:       2048 kB
Hugetlb:               0 kB
DirectMap4k:      194432 kB
DirectMap2M:     6096896 kB
DirectMap1G:     4194304 kB
---SNAPSHOT---
2026-04-27 14:58:51
MemTotal:        8129240 kB
MemFree:         4154608 kB
MemAvailable:    4360132 kB
Buffers:            6104 kB
Cached:           313696 kB
SwapCached:       118564 kB
Active:          2658384 kB
Inactive:         590824 kB
Active(anon):    2550100 kB
Inactive(anon):   433728 kB
Active(file):     108284 kB
Inactive(file):   157096 kB
Unevictable:          16 kB
Mlocked:              16 kB
SwapTotal:       4194300 kB
SwapFree:        3938220 kB
Zswap:                 0 kB
Zswapped:              0 kB
Dirty:               712 kB
Writeback:             0 kB
AnonPages:       2814084 kB
Mapped:           267376 kB
Shmem:             54448 kB
KReclaimable:      57040 kB
Slab:             284248 kB
SReclaimable:      57040 kB
SUnreclaim:       227208 kB
KernelStack:       18208 kB
PageTables:        48124 kB
SecPageTables:         0 kB
NFS_Unstable:          0 kB
Bounce:                0 kB
WritebackTmp:          0 kB
CommitLimit:     8258920 kB
Committed_AS:   11409184 kB
VmallocTotal:   34359738367 kB
VmallocUsed:       46408 kB
VmallocChunk:          0 kB
Percpu:            13280 kB
HardwareCorrupted:     0 kB
AnonHugePages:    215040 kB
ShmemHugePages:        0 kB
ShmemPmdMapped:        0 kB
FileHugePages:         0 kB
FilePmdMapped:         0 kB
CmaTotal:              0 kB
CmaFree:               0 kB
Unaccepted:            0 kB
Balloon:               0 kB
HugePages_Total:       0
HugePages_Free:        0
HugePages_Rsvd:        0
HugePages_Surp:        0
Hugepagesize:       2048 kB
Hugetlb:               0 kB
DirectMap4k:      194432 kB
DirectMap2M:     6096896 kB
DirectMap1G:     4194304 kB
---SNAPSHOT---
2026-04-27 14:58:52
MemTotal:        8129240 kB
MemFree:         3515136 kB
MemAvailable:    3720672 kB
Buffers:            6112 kB
Cached:           313700 kB
SwapCached:       118564 kB
Active:          3295584 kB
Inactive:         590836 kB
Active(anon):    3187300 kB
Inactive(anon):   433728 kB
Active(file):     108284 kB
Inactive(file):   157108 kB
Unevictable:          16 kB
Mlocked:              16 kB
SwapTotal:       4194300 kB
SwapFree:        3938220 kB
Zswap:                 0 kB
Zswapped:              0 kB
Dirty:               720 kB
Writeback:             0 kB
AnonPages:       3451012 kB
Mapped:           267376 kB
Shmem:             54448 kB
KReclaimable:      57040 kB
Slab:             284248 kB
SReclaimable:      57040 kB
SUnreclaim:       227208 kB
KernelStack:       18224 kB
PageTables:        49616 kB
SecPageTables:         0 kB
NFS_Unstable:          0 kB
Bounce:                0 kB
WritebackTmp:          0 kB
CommitLimit:     8258920 kB
Committed_AS:   11408664 kB
VmallocTotal:   34359738367 kB
VmallocUsed:       46424 kB
VmallocChunk:          0 kB
Percpu:            13280 kB
HardwareCorrupted:     0 kB
AnonHugePages:    215040 kB
ShmemHugePages:        0 kB
ShmemPmdMapped:        0 kB
FileHugePages:         0 kB
FilePmdMapped:         0 kB
CmaTotal:              0 kB
CmaFree:               0 kB
Unaccepted:            0 kB
Balloon:               0 kB
HugePages_Total:       0
HugePages_Free:        0
HugePages_Rsvd:        0
HugePages_Surp:        0
Hugepagesize:       2048 kB
Hugetlb:               0 kB
DirectMap4k:      194432 kB
DirectMap2M:     6096896 kB
DirectMap1G:     4194304 kB
---SNAPSHOT---
2026-04-27 14:58:53
MemTotal:        8129240 kB
MemFree:         3661580 kB
MemAvailable:    3867124 kB
Buffers:            6112 kB
Cached:           313708 kB
SwapCached:       118564 kB
Active:          3095084 kB
Inactive:         590844 kB
Active(anon):    2986800 kB
Inactive(anon):   433728 kB
Active(file):     108284 kB
Inactive(file):   157116 kB
Unevictable:          16 kB
Mlocked:              16 kB
SwapTotal:       4194300 kB
SwapFree:        3938220 kB
Zswap:                 0 kB
Zswapped:              0 kB
Dirty:               728 kB
Writeback:             0 kB
AnonPages:       3224584 kB
Mapped:           267604 kB
Shmem:             54448 kB
KReclaimable:      57040 kB
Slab:             284248 kB
SReclaimable:      57040 kB
SUnreclaim:       227208 kB
KernelStack:       18240 kB
PageTables:        49492 kB
SecPageTables:         0 kB
NFS_Unstable:          0 kB
Bounce:                0 kB
WritebackTmp:          0 kB
CommitLimit:     8258920 kB
Committed_AS:   11409220 kB
VmallocTotal:   34359738367 kB
VmallocUsed:       46440 kB
VmallocChunk:          0 kB
Percpu:            13280 kB
HardwareCorrupted:     0 kB
AnonHugePages:    215040 kB
ShmemHugePages:        0 kB
ShmemPmdMapped:        0 kB
FileHugePages:         0 kB
FilePmdMapped:         0 kB
CmaTotal:              0 kB
CmaFree:               0 kB
Unaccepted:            0 kB
Balloon:               0 kB
HugePages_Total:       0
HugePages_Free:        0
HugePages_Rsvd:        0
HugePages_Surp:        0
Hugepagesize:       2048 kB
Hugetlb:               0 kB
DirectMap4k:      194432 kB
DirectMap2M:     6096896 kB
DirectMap1G:     4194304 kB
---SNAPSHOT---
2026-04-27 14:58:54
MemTotal:        8129240 kB
MemFree:         4197852 kB
MemAvailable:    4403400 kB
Buffers:            6112 kB
Cached:           313712 kB
SwapCached:       118564 kB
Active:          2633980 kB
Inactive:         590848 kB
Active(anon):    2525696 kB
Inactive(anon):   433728 kB
Active(file):     108284 kB
Inactive(file):   157120 kB
Unevictable:          16 kB
Mlocked:              16 kB
SwapTotal:       4194300 kB
SwapFree:        3938220 kB
Zswap:                 0 kB
Zswapped:              0 kB
Dirty:               732 kB
Writeback:             0 kB
AnonPages:       2789240 kB
Mapped:           267376 kB
Shmem:             54448 kB
KReclaimable:      57040 kB
Slab:             284248 kB
SReclaimable:      57040 kB
SUnreclaim:       227208 kB
KernelStack:       18224 kB
PageTables:        48288 kB
SecPageTables:         0 kB
NFS_Unstable:          0 kB
Bounce:                0 kB
WritebackTmp:          0 kB
CommitLimit:     8258920 kB
Committed_AS:   11408976 kB
VmallocTotal:   34359738367 kB
VmallocUsed:       46408 kB
VmallocChunk:          0 kB
Percpu:            13280 kB
HardwareCorrupted:     0 kB
AnonHugePages:    215040 kB
ShmemHugePages:        0 kB
ShmemPmdMapped:        0 kB
FileHugePages:         0 kB
FilePmdMapped:         0 kB
CmaTotal:              0 kB
CmaFree:               0 kB
Unaccepted:            0 kB
Balloon:               0 kB
HugePages_Total:       0
HugePages_Free:        0
HugePages_Rsvd:        0
HugePages_Surp:        0
Hugepagesize:       2048 kB
Hugetlb:               0 kB
DirectMap4k:      194432 kB
DirectMap2M:     6096896 kB
DirectMap1G:     4194304 kB
---SNAPSHOT---
2026-04-27 14:58:55
MemTotal:        8129240 kB
MemFree:         3541644 kB
MemAvailable:    3747200 kB
Buffers:            6112 kB
Cached:           313724 kB
SwapCached:       118564 kB
Active:          3307628 kB
Inactive:         590856 kB
Active(anon):    3199344 kB
Inactive(anon):   433728 kB
Active(file):     108284 kB
Inactive(file):   157128 kB
Unevictable:          16 kB
Mlocked:              16 kB
SwapTotal:       4194300 kB
SwapFree:        3938220 kB
Zswap:                 0 kB
Zswapped:              0 kB
Dirty:               744 kB
Writeback:             0 kB
AnonPages:       3463092 kB
Mapped:           267376 kB
Shmem:             54448 kB
KReclaimable:      57040 kB
Slab:             284232 kB
SReclaimable:      57040 kB
SUnreclaim:       227192 kB
KernelStack:       18240 kB
PageTables:        49464 kB
SecPageTables:         0 kB
NFS_Unstable:          0 kB
Bounce:                0 kB
WritebackTmp:          0 kB
CommitLimit:     8258920 kB
Committed_AS:   11409312 kB
VmallocTotal:   34359738367 kB
VmallocUsed:       46424 kB
VmallocChunk:          0 kB
Percpu:            13280 kB
HardwareCorrupted:     0 kB
AnonHugePages:    215040 kB
ShmemHugePages:        0 kB
ShmemPmdMapped:        0 kB
FileHugePages:         0 kB
FilePmdMapped:         0 kB
CmaTotal:              0 kB
CmaFree:               0 kB
Unaccepted:            0 kB
Balloon:               0 kB
HugePages_Total:       0
HugePages_Free:        0
HugePages_Rsvd:        0
HugePages_Surp:        0
Hugepagesize:       2048 kB
Hugetlb:               0 kB
DirectMap4k:      194432 kB
DirectMap2M:     6096896 kB
DirectMap1G:     4194304 kB
---SNAPSHOT---
2026-04-27 14:58:56
MemTotal:        8129240 kB
MemFree:         4098676 kB
MemAvailable:    4304240 kB
Buffers:            6112 kB
Cached:           313728 kB
SwapCached:       118564 kB
Active:          2735804 kB
Inactive:         590864 kB
Active(anon):    2627520 kB
Inactive(anon):   433728 kB
Active(file):     108284 kB
Inactive(file):   157136 kB
Unevictable:          16 kB
Mlocked:              16 kB
SwapTotal:       4194300 kB
SwapFree:        3938220 kB
Zswap:                 0 kB
Zswapped:              0 kB
Dirty:               748 kB
Writeback:             0 kB
AnonPages:       2891608 kB
Mapped:           267376 kB
Shmem:             54448 kB
KReclaimable:      57040 kB
Slab:             284232 kB
SReclaimable:      57040 kB
SUnreclaim:       227192 kB
KernelStack:       18224 kB
PageTables:        48380 kB
SecPageTables:         0 kB
NFS_Unstable:          0 kB
Bounce:                0 kB
WritebackTmp:          0 kB
CommitLimit:     8258920 kB
Committed_AS:   11409540 kB
VmallocTotal:   34359738367 kB
VmallocUsed:       46424 kB
VmallocChunk:          0 kB
Percpu:            13280 kB
HardwareCorrupted:     0 kB
AnonHugePages:    215040 kB
ShmemHugePages:        0 kB
ShmemPmdMapped:        0 kB
FileHugePages:         0 kB
FilePmdMapped:         0 kB
CmaTotal:              0 kB
CmaFree:               0 kB
Unaccepted:            0 kB
Balloon:               0 kB
HugePages_Total:       0
HugePages_Free:        0
HugePages_Rsvd:        0
HugePages_Surp:        0
Hugepagesize:       2048 kB
Hugetlb:               0 kB
DirectMap4k:      194432 kB
DirectMap2M:     6096896 kB
DirectMap1G:     4194304 kB
---SNAPSHOT---
2026-04-27 14:58:57
MemTotal:        8129240 kB
MemFree:         4536860 kB
MemAvailable:    4742436 kB
Buffers:            6120 kB
Cached:           313732 kB
SwapCached:       118564 kB
Active:          2332512 kB
Inactive:         590876 kB
Active(anon):    2224228 kB
Inactive(anon):   433728 kB
Active(file):     108284 kB
Inactive(file):   157148 kB
Unevictable:          16 kB
Mlocked:              16 kB
SwapTotal:       4194300 kB
SwapFree:        3938220 kB
Zswap:                 0 kB
Zswapped:              0 kB
Dirty:               752 kB
Writeback:             0 kB
AnonPages:       2488536 kB
Mapped:           267376 kB
Shmem:             54448 kB
KReclaimable:      57040 kB
Slab:             284232 kB
SReclaimable:      57040 kB
SUnreclaim:       227192 kB
KernelStack:       18240 kB
PageTables:        47412 kB
SecPageTables:         0 kB
NFS_Unstable:          0 kB
Bounce:                0 kB
WritebackTmp:          0 kB
CommitLimit:     8258920 kB
Committed_AS:   11409156 kB
VmallocTotal:   34359738367 kB
VmallocUsed:       46408 kB
VmallocChunk:          0 kB
Percpu:            13280 kB
HardwareCorrupted:     0 kB
AnonHugePages:    215040 kB
ShmemHugePages:        0 kB
ShmemPmdMapped:        0 kB
FileHugePages:         0 kB
FilePmdMapped:         0 kB
CmaTotal:              0 kB
CmaFree:               0 kB
Unaccepted:            0 kB
Balloon:               0 kB
HugePages_Total:       0
HugePages_Free:        0
HugePages_Rsvd:        0
HugePages_Surp:        0
Hugepagesize:       2048 kB
Hugetlb:               0 kB
DirectMap4k:      194432 kB
DirectMap2M:     6096896 kB
DirectMap1G:     4194304 kB
---SNAPSHOT---
2026-04-27 14:58:58
MemTotal:        8129240 kB
MemFree:         3666028 kB
MemAvailable:    3871612 kB
Buffers:            6120 kB
Cached:           313740 kB
SwapCached:       118564 kB
Active:          3215504 kB
Inactive:         590884 kB
Active(anon):    3107220 kB
Inactive(anon):   433728 kB
Active(file):     108284 kB
Inactive(file):   157156 kB
Unevictable:          16 kB
Mlocked:              16 kB
SwapTotal:       4194300 kB
SwapFree:        3938220 kB
Zswap:                 0 kB
Zswapped:              0 kB
Dirty:               760 kB
Writeback:             0 kB
AnonPages:       3371460 kB
Mapped:           267376 kB
Shmem:             54448 kB
KReclaimable:      57040 kB
Slab:             284232 kB
SReclaimable:      57040 kB
SUnreclaim:       227192 kB
KernelStack:       18224 kB
PageTables:        49040 kB
SecPageTables:         0 kB
NFS_Unstable:          0 kB
Bounce:                0 kB
WritebackTmp:          0 kB
CommitLimit:     8258920 kB
Committed_AS:   11408920 kB
VmallocTotal:   34359738367 kB
VmallocUsed:       46424 kB
VmallocChunk:          0 kB
Percpu:            13280 kB
HardwareCorrupted:     0 kB
AnonHugePages:    215040 kB
ShmemHugePages:        0 kB
ShmemPmdMapped:        0 kB
FileHugePages:         0 kB
FilePmdMapped:         0 kB
CmaTotal:              0 kB
CmaFree:               0 kB
Unaccepted:            0 kB
Balloon:               0 kB
HugePages_Total:       0
HugePages_Free:        0
HugePages_Rsvd:        0
HugePages_Surp:        0
Hugepagesize:       2048 kB
Hugetlb:               0 kB
DirectMap4k:      194432 kB
DirectMap2M:     6096896 kB
DirectMap1G:     4194304 kB
---SNAPSHOT---
2026-04-27 14:58:59
MemTotal:        8129240 kB
MemFree:         4083872 kB
MemAvailable:    4289456 kB
Buffers:            6120 kB
Cached:           313744 kB
SwapCached:       118564 kB
Active:          2779832 kB
Inactive:         590884 kB
Active(anon):    2671548 kB
Inactive(anon):   433728 kB
Active(file):     108284 kB
Inactive(file):   157156 kB
Unevictable:          16 kB
Mlocked:              16 kB
SwapTotal:       4194300 kB
SwapFree:        3938220 kB
Zswap:                 0 kB
Zswapped:              0 kB
Dirty:               764 kB
Writeback:             0 kB
AnonPages:       2935824 kB
Mapped:           267376 kB
Shmem:             54448 kB
KReclaimable:      57040 kB
Slab:             284232 kB
SReclaimable:      57040 kB
SUnreclaim:       227192 kB
KernelStack:       18224 kB
PageTables:        48740 kB
SecPageTables:         0 kB
NFS_Unstable:          0 kB
Bounce:                0 kB
WritebackTmp:          0 kB
CommitLimit:     8258920 kB
Committed_AS:   11409052 kB
VmallocTotal:   34359738367 kB
VmallocUsed:       46440 kB
VmallocChunk:          0 kB
Percpu:            13280 kB
HardwareCorrupted:     0 kB
AnonHugePages:    215040 kB
ShmemHugePages:        0 kB
ShmemPmdMapped:        0 kB
FileHugePages:         0 kB
FilePmdMapped:         0 kB
CmaTotal:              0 kB
CmaFree:               0 kB
Unaccepted:            0 kB
Balloon:               0 kB
HugePages_Total:       0
HugePages_Free:        0
HugePages_Rsvd:        0
HugePages_Surp:        0
Hugepagesize:       2048 kB
Hugetlb:               0 kB
DirectMap4k:      194432 kB
DirectMap2M:     6096896 kB
DirectMap1G:     4194304 kB
---SNAPSHOT---
2026-04-27 14:59:00
MemTotal:        8129240 kB
MemFree:         4527060 kB
MemAvailable:    4732652 kB
Buffers:            6120 kB
Cached:           313752 kB
SwapCached:       118564 kB
Active:          2352500 kB
Inactive:         590892 kB
Active(anon):    2244216 kB
Inactive(anon):   433728 kB
Active(file):     108284 kB
Inactive(file):   157164 kB
Unevictable:          16 kB
Mlocked:              16 kB
SwapTotal:       4194300 kB
SwapFree:        3938220 kB
Zswap:                 0 kB
Zswapped:              0 kB
Dirty:               772 kB
Writeback:             0 kB
AnonPages:       2508624 kB
Mapped:           267376 kB
Shmem:             54448 kB
KReclaimable:      57040 kB
Slab:             284232 kB
SReclaimable:      57040 kB
SUnreclaim:       227192 kB
KernelStack:       18284 kB
PageTables:        47516 kB
SecPageTables:         0 kB
NFS_Unstable:          0 kB
Bounce:                0 kB
WritebackTmp:          0 kB
CommitLimit:     8258920 kB
Committed_AS:   11409416 kB
VmallocTotal:   34359738367 kB
VmallocUsed:       46472 kB
VmallocChunk:          0 kB
Percpu:            13280 kB
HardwareCorrupted:     0 kB
AnonHugePages:    215040 kB
ShmemHugePages:        0 kB
ShmemPmdMapped:        0 kB
FileHugePages:         0 kB
FilePmdMapped:         0 kB
CmaTotal:              0 kB
CmaFree:               0 kB
Unaccepted:            0 kB
Balloon:               0 kB
HugePages_Total:       0
HugePages_Free:        0
HugePages_Rsvd:        0
HugePages_Surp:        0
Hugepagesize:       2048 kB
Hugetlb:               0 kB
DirectMap4k:      194432 kB
DirectMap2M:     6096896 kB
DirectMap1G:     4194304 kB
---SNAPSHOT---
2026-04-27 14:59:01
MemTotal:        8129240 kB
MemFree:         3610652 kB
MemAvailable:    3816512 kB
Buffers:            6380 kB
Cached:           313756 kB
SwapCached:       118564 kB
Active:          3271544 kB
Inactive:         591160 kB
Active(anon):    3163260 kB
Inactive(anon):   433728 kB
Active(file):     108284 kB
Inactive(file):   157432 kB
Unevictable:          16 kB
Mlocked:              16 kB
SwapTotal:       4194300 kB
SwapFree:        3938220 kB
Zswap:                 0 kB
Zswapped:              0 kB
Dirty:               776 kB
Writeback:             0 kB
AnonPages:       3427484 kB
Mapped:           267376 kB
Shmem:             54448 kB
KReclaimable:      57040 kB
Slab:             284232 kB
SReclaimable:      57040 kB
SUnreclaim:       227192 kB
KernelStack:       18284 kB
PageTables:        49260 kB
SecPageTables:         0 kB
NFS_Unstable:          0 kB
Bounce:                0 kB
WritebackTmp:          0 kB
CommitLimit:     8258920 kB
Committed_AS:   11409412 kB
VmallocTotal:   34359738367 kB
VmallocUsed:       46488 kB
VmallocChunk:          0 kB
Percpu:            13280 kB
HardwareCorrupted:     0 kB
AnonHugePages:    215040 kB
ShmemHugePages:        0 kB
ShmemPmdMapped:        0 kB
FileHugePages:         0 kB
FilePmdMapped:         0 kB
CmaTotal:              0 kB
CmaFree:               0 kB
Unaccepted:            0 kB
Balloon:               0 kB
HugePages_Total:       0
HugePages_Free:        0
HugePages_Rsvd:        0
HugePages_Surp:        0
Hugepagesize:       2048 kB
Hugetlb:               0 kB
DirectMap4k:      194432 kB
DirectMap2M:     6096896 kB
DirectMap1G:     4194304 kB
---SNAPSHOT---
2026-04-27 14:59:02
MemTotal:        8129240 kB
MemFree:         4011008 kB
MemAvailable:    4216872 kB
Buffers:            6388 kB
Cached:           313752 kB
SwapCached:       118564 kB
Active:          2872384 kB
Inactive:         591164 kB
Active(anon):    2764100 kB
Inactive(anon):   433728 kB
Active(file):     108284 kB
Inactive(file):   157436 kB
Unevictable:          16 kB
Mlocked:              16 kB
SwapTotal:       4194300 kB
SwapFree:        3938220 kB
Zswap:                 0 kB
Zswapped:              0 kB
Dirty:               780 kB
Writeback:             0 kB
AnonPages:       3027988 kB
Mapped:           267376 kB
Shmem:             54448 kB
KReclaimable:      57040 kB
Slab:             284232 kB
SReclaimable:      57040 kB
SUnreclaim:       227192 kB
KernelStack:       18344 kB
PageTables:        48748 kB
SecPageTables:         0 kB
NFS_Unstable:          0 kB
Bounce:                0 kB
WritebackTmp:          0 kB
CommitLimit:     8258920 kB
Committed_AS:   11409304 kB
VmallocTotal:   34359738367 kB
VmallocUsed:       46504 kB
VmallocChunk:          0 kB
Percpu:            13280 kB
HardwareCorrupted:     0 kB
AnonHugePages:    215040 kB
ShmemHugePages:        0 kB
ShmemPmdMapped:        0 kB
FileHugePages:         0 kB
FilePmdMapped:         0 kB
CmaTotal:              0 kB
CmaFree:               0 kB
Unaccepted:            0 kB
Balloon:               0 kB
HugePages_Total:       0
HugePages_Free:        0
HugePages_Rsvd:        0
HugePages_Surp:        0
Hugepagesize:       2048 kB
Hugetlb:               0 kB
DirectMap4k:      194432 kB
DirectMap2M:     6096896 kB
DirectMap1G:     4194304 kB
---SNAPSHOT---
2026-04-27 14:59:03
MemTotal:        8129240 kB
MemFree:         3975172 kB
MemAvailable:    4181048 kB
Buffers:            6388 kB
Cached:           313768 kB
SwapCached:       118564 kB
Active:          2919336 kB
Inactive:         591176 kB
Active(anon):    2811052 kB
Inactive(anon):   433728 kB
Active(file):     108284 kB
Inactive(file):   157448 kB
Unevictable:          16 kB
Mlocked:              16 kB
SwapTotal:       4194300 kB
SwapFree:        3938220 kB
Zswap:                 0 kB
Zswapped:              0 kB
Dirty:               188 kB
Writeback:             0 kB
AnonPages:       3074760 kB
Mapped:           267376 kB
Shmem:             54448 kB
KReclaimable:      57040 kB
Slab:             284232 kB
SReclaimable:      57040 kB
SUnreclaim:       227192 kB
KernelStack:       18300 kB
PageTables:        48988 kB
SecPageTables:         0 kB
NFS_Unstable:          0 kB
Bounce:                0 kB
WritebackTmp:          0 kB
CommitLimit:     8258920 kB
Committed_AS:   11409216 kB
VmallocTotal:   34359738367 kB
VmallocUsed:       46472 kB
VmallocChunk:          0 kB
Percpu:            13280 kB
HardwareCorrupted:     0 kB
AnonHugePages:    215040 kB
ShmemHugePages:        0 kB
ShmemPmdMapped:        0 kB
FileHugePages:         0 kB
FilePmdMapped:         0 kB
CmaTotal:              0 kB
CmaFree:               0 kB
Unaccepted:            0 kB
Balloon:               0 kB
HugePages_Total:       0
HugePages_Free:        0
HugePages_Rsvd:        0
HugePages_Surp:        0
Hugepagesize:       2048 kB
Hugetlb:               0 kB
DirectMap4k:      194432 kB
DirectMap2M:     6096896 kB
DirectMap1G:     4194304 kB
---SNAPSHOT---
2026-04-27 14:59:04
MemTotal:        8129240 kB
MemFree:         3309864 kB
MemAvailable:    3515748 kB
Buffers:            6388 kB
Cached:           313772 kB
SwapCached:       118564 kB
Active:          3586060 kB
Inactive:         591184 kB
Active(anon):    3477776 kB
Inactive(anon):   433728 kB
Active(file):     108284 kB
Inactive(file):   157456 kB
Unevictable:          16 kB
Mlocked:              16 kB
SwapTotal:       4194300 kB
SwapFree:        3938220 kB
Zswap:                 0 kB
Zswapped:              0 kB
Dirty:               192 kB
Writeback:             0 kB
AnonPages:       3741856 kB
Mapped:           267376 kB
Shmem:             54448 kB
KReclaimable:      57040 kB
Slab:             284232 kB
SReclaimable:      57040 kB
SUnreclaim:       227192 kB
KernelStack:       18300 kB
PageTables:        50000 kB
SecPageTables:         0 kB
NFS_Unstable:          0 kB
Bounce:                0 kB
WritebackTmp:          0 kB
CommitLimit:     8258920 kB
Committed_AS:   11409076 kB
VmallocTotal:   34359738367 kB
VmallocUsed:       46488 kB
VmallocChunk:          0 kB
Percpu:            13280 kB
HardwareCorrupted:     0 kB
AnonHugePages:    215040 kB
ShmemHugePages:        0 kB
ShmemPmdMapped:        0 kB
FileHugePages:         0 kB
FilePmdMapped:         0 kB
CmaTotal:              0 kB
CmaFree:               0 kB
Unaccepted:            0 kB
Balloon:               0 kB
HugePages_Total:       0
HugePages_Free:        0
HugePages_Rsvd:        0
HugePages_Surp:        0
Hugepagesize:       2048 kB
Hugetlb:               0 kB
DirectMap4k:      194432 kB
DirectMap2M:     6096896 kB
DirectMap1G:     4194304 kB
---SNAPSHOT---
2026-04-27 14:59:06
MemTotal:        8129240 kB
MemFree:         4611552 kB
MemAvailable:    4817444 kB
Buffers:            6388 kB
Cached:           313780 kB
SwapCached:       118564 kB
Active:          2262680 kB
Inactive:         591192 kB
Active(anon):    2154396 kB
Inactive(anon):   433728 kB
Active(file):     108284 kB
Inactive(file):   157464 kB
Unevictable:          16 kB
Mlocked:              16 kB
SwapTotal:       4194300 kB
SwapFree:        3938220 kB
Zswap:                 0 kB
Zswapped:              0 kB
Dirty:               200 kB
Writeback:             0 kB
AnonPages:       2418592 kB
Mapped:           267604 kB
Shmem:             54448 kB
KReclaimable:      57040 kB
Slab:             284236 kB
SReclaimable:      57040 kB
SUnreclaim:       227196 kB
KernelStack:       18240 kB
PageTables:        48452 kB
SecPageTables:         0 kB
NFS_Unstable:          0 kB
Bounce:                0 kB
WritebackTmp:          0 kB
CommitLimit:     8258920 kB
Committed_AS:   11408924 kB
VmallocTotal:   34359738367 kB
VmallocUsed:       46424 kB
VmallocChunk:          0 kB
Percpu:            13280 kB
HardwareCorrupted:     0 kB
AnonHugePages:    215040 kB
ShmemHugePages:        0 kB
ShmemPmdMapped:        0 kB
FileHugePages:         0 kB
FilePmdMapped:         0 kB
CmaTotal:              0 kB
CmaFree:               0 kB
Unaccepted:            0 kB
Balloon:               0 kB
HugePages_Total:       0
HugePages_Free:        0
HugePages_Rsvd:        0
HugePages_Surp:        0
Hugepagesize:       2048 kB
Hugetlb:               0 kB
DirectMap4k:      194432 kB
DirectMap2M:     6096896 kB
DirectMap1G:     4194304 kB
---SNAPSHOT---
2026-04-27 14:59:07
MemTotal:        8129240 kB
MemFree:         4583764 kB
MemAvailable:    4789660 kB
Buffers:            6388 kB
Cached:           313784 kB
SwapCached:       118564 kB
Active:          2309664 kB
Inactive:         591196 kB
Active(anon):    2201380 kB
Inactive(anon):   433728 kB
Active(file):     108284 kB
Inactive(file):   157468 kB
Unevictable:          16 kB
Mlocked:              16 kB
SwapTotal:       4194300 kB
SwapFree:        3938220 kB
Zswap:                 0 kB
Zswapped:              0 kB
Dirty:               204 kB
Writeback:             0 kB
AnonPages:       2464992 kB
Mapped:           267376 kB
Shmem:             54448 kB
KReclaimable:      57040 kB
Slab:             284236 kB
SReclaimable:      57040 kB
SUnreclaim:       227196 kB
KernelStack:       18240 kB
PageTables:        48612 kB
SecPageTables:         0 kB
NFS_Unstable:          0 kB
Bounce:                0 kB
WritebackTmp:          0 kB
CommitLimit:     8258920 kB
Committed_AS:   11408920 kB
VmallocTotal:   34359738367 kB
VmallocUsed:       46408 kB
VmallocChunk:          0 kB
Percpu:            13280 kB
HardwareCorrupted:     0 kB
AnonHugePages:    215040 kB
ShmemHugePages:        0 kB
ShmemPmdMapped:        0 kB
FileHugePages:         0 kB
FilePmdMapped:         0 kB
CmaTotal:              0 kB
CmaFree:               0 kB
Unaccepted:            0 kB
Balloon:               0 kB
HugePages_Total:       0
HugePages_Free:        0
HugePages_Rsvd:        0
HugePages_Surp:        0
Hugepagesize:       2048 kB
Hugetlb:               0 kB
DirectMap4k:      194432 kB
DirectMap2M:     6096896 kB
DirectMap1G:     4194304 kB
---SNAPSHOT---
2026-04-27 14:59:08
MemTotal:        8129240 kB
MemFree:         3714480 kB
MemAvailable:    3920384 kB
Buffers:            6396 kB
Cached:           313784 kB
SwapCached:       118564 kB
Active:          3170732 kB
Inactive:         591204 kB
Active(anon):    3062448 kB
Inactive(anon):   433728 kB
Active(file):     108284 kB
Inactive(file):   157476 kB
Unevictable:          16 kB
Mlocked:              16 kB
SwapTotal:       4194300 kB
SwapFree:        3938220 kB
Zswap:                 0 kB
Zswapped:              0 kB
Dirty:               212 kB
Writeback:             0 kB
AnonPages:       3326556 kB
Mapped:           267376 kB
Shmem:             54448 kB
KReclaimable:      57040 kB
Slab:             284236 kB
SReclaimable:      57040 kB
SUnreclaim:       227196 kB
KernelStack:       18300 kB
PageTables:        49776 kB
SecPageTables:         0 kB
NFS_Unstable:          0 kB
Bounce:                0 kB
WritebackTmp:          0 kB
CommitLimit:     8258920 kB
Committed_AS:   11408908 kB
VmallocTotal:   34359738367 kB
VmallocUsed:       46424 kB
VmallocChunk:          0 kB
Percpu:            13280 kB
HardwareCorrupted:     0 kB
AnonHugePages:    215040 kB
ShmemHugePages:        0 kB
ShmemPmdMapped:        0 kB
FileHugePages:         0 kB
FilePmdMapped:         0 kB
CmaTotal:              0 kB
CmaFree:               0 kB
Unaccepted:            0 kB
Balloon:               0 kB
HugePages_Total:       0
HugePages_Free:        0
HugePages_Rsvd:        0
HugePages_Surp:        0
Hugepagesize:       2048 kB
Hugetlb:               0 kB
DirectMap4k:      194432 kB
DirectMap2M:     6096896 kB
DirectMap1G:     4194304 kB
---SNAPSHOT---
2026-04-27 14:59:09
MemTotal:        8129240 kB
MemFree:         4075592 kB
MemAvailable:    4281528 kB
Buffers:            6404 kB
Cached:           313808 kB
SwapCached:       118564 kB
Active:          2741700 kB
Inactive:         591236 kB
Active(anon):    2633416 kB
Inactive(anon):   433728 kB
Active(file):     108284 kB
Inactive(file):   157508 kB
Unevictable:          16 kB
Mlocked:              16 kB
SwapTotal:       4194300 kB
SwapFree:        3938220 kB
Zswap:                 0 kB
Zswapped:              0 kB
Dirty:                20 kB
Writeback:             0 kB
AnonPages:       2897700 kB
Mapped:           267376 kB
Shmem:             54448 kB
KReclaimable:      57040 kB
Slab:             284240 kB
SReclaimable:      57040 kB
SUnreclaim:       227200 kB
KernelStack:       18224 kB
PageTables:        49096 kB
SecPageTables:         0 kB
NFS_Unstable:          0 kB
Bounce:                0 kB
WritebackTmp:          0 kB
CommitLimit:     8258920 kB
Committed_AS:   11409416 kB
VmallocTotal:   34359738367 kB
VmallocUsed:       46408 kB
VmallocChunk:          0 kB
Percpu:            13280 kB
HardwareCorrupted:     0 kB
AnonHugePages:    215040 kB
ShmemHugePages:        0 kB
ShmemPmdMapped:        0 kB
FileHugePages:         0 kB
FilePmdMapped:         0 kB
CmaTotal:              0 kB
CmaFree:               0 kB
Unaccepted:            0 kB
Balloon:               0 kB
HugePages_Total:       0
HugePages_Free:        0
HugePages_Rsvd:        0
HugePages_Surp:        0
Hugepagesize:       2048 kB
Hugetlb:               0 kB
DirectMap4k:      194432 kB
DirectMap2M:     6096896 kB
DirectMap1G:     4194304 kB
---SNAPSHOT---
2026-04-27 14:59:10
MemTotal:        8129240 kB
MemFree:         4552868 kB
MemAvailable:    4758804 kB
Buffers:            6404 kB
Cached:           313812 kB
SwapCached:       118564 kB
Active:          2336636 kB
Inactive:         591236 kB
Active(anon):    2228352 kB
Inactive(anon):   433728 kB
Active(file):     108284 kB
Inactive(file):   157508 kB
Unevictable:          16 kB
Mlocked:              16 kB
SwapTotal:       4194300 kB
SwapFree:        3938220 kB
Zswap:                 0 kB
Zswapped:              0 kB
Dirty:                32 kB
Writeback:             0 kB
AnonPages:       2491940 kB
Mapped:           267376 kB
Shmem:             54448 kB
KReclaimable:      57040 kB
Slab:             284240 kB
SReclaimable:      57040 kB
SUnreclaim:       227200 kB
KernelStack:       18240 kB
PageTables:        47780 kB
SecPageTables:         0 kB
NFS_Unstable:          0 kB
Bounce:                0 kB
WritebackTmp:          0 kB
CommitLimit:     8258920 kB
Committed_AS:   11409436 kB
VmallocTotal:   34359738367 kB
VmallocUsed:       46360 kB
VmallocChunk:          0 kB
Percpu:            13280 kB
HardwareCorrupted:     0 kB
AnonHugePages:    215040 kB
ShmemHugePages:        0 kB
ShmemPmdMapped:        0 kB
FileHugePages:         0 kB
FilePmdMapped:         0 kB
CmaTotal:              0 kB
CmaFree:               0 kB
Unaccepted:            0 kB
Balloon:               0 kB
HugePages_Total:       0
HugePages_Free:        0
HugePages_Rsvd:        0
HugePages_Surp:        0
Hugepagesize:       2048 kB
Hugetlb:               0 kB
DirectMap4k:      194432 kB
DirectMap2M:     6096896 kB
DirectMap1G:     4194304 kB
---SNAPSHOT---
2026-04-27 14:59:11
MemTotal:        8129240 kB
MemFree:         3636120 kB
MemAvailable:    3842068 kB
Buffers:            6404 kB
Cached:           313820 kB
SwapCached:       118564 kB
Active:          3259696 kB
Inactive:         591248 kB
Active(anon):    3151412 kB
Inactive(anon):   433728 kB
Active(file):     108284 kB
Inactive(file):   157520 kB
Unevictable:          16 kB
Mlocked:              16 kB
SwapTotal:       4194300 kB
SwapFree:        3938220 kB
Zswap:                 0 kB
Zswapped:              0 kB
Dirty:                40 kB
Writeback:             0 kB
AnonPages:       3415744 kB
Mapped:           267376 kB
Shmem:             54448 kB
KReclaimable:      57040 kB
Slab:             284240 kB
SReclaimable:      57040 kB
SUnreclaim:       227200 kB
KernelStack:       18300 kB
PageTables:        49148 kB
SecPageTables:         0 kB
NFS_Unstable:          0 kB
Bounce:                0 kB
WritebackTmp:          0 kB
CommitLimit:     8258920 kB
Committed_AS:   11409548 kB
VmallocTotal:   34359738367 kB
VmallocUsed:       46424 kB
VmallocChunk:          0 kB
Percpu:            13280 kB
HardwareCorrupted:     0 kB
AnonHugePages:    215040 kB
ShmemHugePages:        0 kB
ShmemPmdMapped:        0 kB
FileHugePages:         0 kB
FilePmdMapped:         0 kB
CmaTotal:              0 kB
CmaFree:               0 kB
Unaccepted:            0 kB
Balloon:               0 kB
HugePages_Total:       0
HugePages_Free:        0
HugePages_Rsvd:        0
HugePages_Surp:        0
Hugepagesize:       2048 kB
Hugetlb:               0 kB
DirectMap4k:      194432 kB
DirectMap2M:     6096896 kB
DirectMap1G:     4194304 kB
---SNAPSHOT---
2026-04-27 14:59:12
MemTotal:        8129240 kB
MemFree:         3656608 kB
MemAvailable:    3862560 kB
Buffers:            6404 kB
Cached:           313824 kB
SwapCached:       292116 kB
Active:          2990768 kB
Inactive:         763660 kB
Active(anon):    2882484 kB
Inactive(anon):   606136 kB
Active(file):     108284 kB
Inactive(file):   157524 kB
Unevictable:          16 kB
Mlocked:              16 kB
SwapTotal:       4194300 kB
SwapFree:        3764504 kB
Zswap:                 0 kB
Zswapped:              0 kB
Dirty:                44 kB
Writeback:          1128 kB
AnonPages:       3119360 kB
Mapped:           267376 kB
Shmem:             54448 kB
KReclaimable:      57040 kB
Slab:             284448 kB
SReclaimable:      57040 kB
SUnreclaim:       227408 kB
KernelStack:       18240 kB
PageTables:        49660 kB
SecPageTables:         0 kB
NFS_Unstable:          0 kB
Bounce:                0 kB
WritebackTmp:          0 kB
CommitLimit:     8258920 kB
Committed_AS:   11409548 kB
VmallocTotal:   34359738367 kB
VmallocUsed:       46424 kB
VmallocChunk:          0 kB
Percpu:            13280 kB
HardwareCorrupted:     0 kB
AnonHugePages:    215040 kB
ShmemHugePages:        0 kB
ShmemPmdMapped:        0 kB
FileHugePages:         0 kB
FilePmdMapped:         0 kB
CmaTotal:              0 kB
CmaFree:               0 kB
Unaccepted:            0 kB
Balloon:               0 kB
HugePages_Total:       0
HugePages_Free:        0
HugePages_Rsvd:        0
HugePages_Surp:        0
Hugepagesize:       2048 kB
Hugetlb:               0 kB
DirectMap4k:      194432 kB
DirectMap2M:     6096896 kB
DirectMap1G:     4194304 kB
---SNAPSHOT---
2026-04-27 14:59:13
MemTotal:        8129240 kB
MemFree:         4676188 kB
MemAvailable:    4882148 kB
Buffers:            6412 kB
Cached:           313828 kB
SwapCached:       118608 kB
Active:          2188760 kB
Inactive:         591364 kB
Active(anon):    2080476 kB
Inactive(anon):   433832 kB
Active(file):     108284 kB
Inactive(file):   157532 kB
Unevictable:          16 kB
Mlocked:              16 kB
SwapTotal:       4194300 kB
SwapFree:        3938220 kB
Zswap:                 0 kB
Zswapped:              0 kB
Dirty:                68 kB
Writeback:            76 kB
AnonPages:       2344996 kB
Mapped:           267376 kB
Shmem:             54448 kB
KReclaimable:      57040 kB
Slab:             284384 kB
SReclaimable:      57040 kB
SUnreclaim:       227344 kB
KernelStack:       18316 kB
PageTables:        47756 kB
SecPageTables:         0 kB
NFS_Unstable:          0 kB
Bounce:                0 kB
WritebackTmp:          0 kB
CommitLimit:     8258920 kB
Committed_AS:   11409524 kB
VmallocTotal:   34359738367 kB
VmallocUsed:       46424 kB
VmallocChunk:          0 kB
Percpu:            13280 kB
HardwareCorrupted:     0 kB
AnonHugePages:    215040 kB
ShmemHugePages:        0 kB
ShmemPmdMapped:        0 kB
FileHugePages:         0 kB
FilePmdMapped:         0 kB
CmaTotal:              0 kB
CmaFree:               0 kB
Unaccepted:            0 kB
Balloon:               0 kB
HugePages_Total:       0
HugePages_Free:        0
HugePages_Rsvd:        0
HugePages_Surp:        0
Hugepagesize:       2048 kB
Hugetlb:               0 kB
DirectMap4k:      194432 kB
DirectMap2M:     6096896 kB
DirectMap1G:     4194304 kB
---SNAPSHOT---
2026-04-27 14:59:14
MemTotal:        8129240 kB
MemFree:         3776956 kB
MemAvailable:    3982932 kB
Buffers:            6416 kB
Cached:           313836 kB
SwapCached:       118564 kB
Active:          3097464 kB
Inactive:         591276 kB
Active(anon):    2989180 kB
Inactive(anon):   433728 kB
Active(file):     108284 kB
Inactive(file):   157548 kB
Unevictable:          16 kB
Mlocked:              16 kB
SwapTotal:       4194300 kB
SwapFree:        3938220 kB
Zswap:                 0 kB
Zswapped:              0 kB
Dirty:                72 kB
Writeback:             0 kB
AnonPages:       3252904 kB
Mapped:           267376 kB
Shmem:             54448 kB
KReclaimable:      57040 kB
Slab:             284224 kB
SReclaimable:      57040 kB
SUnreclaim:       227184 kB
KernelStack:       18300 kB
PageTables:        48752 kB
SecPageTables:         0 kB
NFS_Unstable:          0 kB
Bounce:                0 kB
WritebackTmp:          0 kB
CommitLimit:     8258920 kB
Committed_AS:   11409416 kB
VmallocTotal:   34359738367 kB
VmallocUsed:       46392 kB
VmallocChunk:          0 kB
Percpu:            13280 kB
HardwareCorrupted:     0 kB
AnonHugePages:    215040 kB
ShmemHugePages:        0 kB
ShmemPmdMapped:        0 kB
FileHugePages:         0 kB
FilePmdMapped:         0 kB
CmaTotal:              0 kB
CmaFree:               0 kB
Unaccepted:            0 kB
Balloon:               0 kB
HugePages_Total:       0
HugePages_Free:        0
HugePages_Rsvd:        0
HugePages_Surp:        0
Hugepagesize:       2048 kB
Hugetlb:               0 kB
DirectMap4k:      194432 kB
DirectMap2M:     6096896 kB
DirectMap1G:     4194304 kB
---SNAPSHOT---
2026-04-27 14:59:15
MemTotal:        8129240 kB
MemFree:         4147668 kB
MemAvailable:    4353648 kB
Buffers:            6416 kB
Cached:           313840 kB
SwapCached:       118564 kB
Active:          2692952 kB
Inactive:         591280 kB
Active(anon):    2584668 kB
Inactive(anon):   433728 kB
Active(file):     108284 kB
Inactive(file):   157552 kB
Unevictable:          16 kB
Mlocked:              16 kB
SwapTotal:       4194300 kB
SwapFree:        3938220 kB
Zswap:                 0 kB
Zswapped:              0 kB
Dirty:                76 kB
Writeback:             0 kB
AnonPages:       2848696 kB
Mapped:           267376 kB
Shmem:             54448 kB
KReclaimable:      57040 kB
Slab:             284224 kB
SReclaimable:      57040 kB
SUnreclaim:       227184 kB
KernelStack:       18300 kB
PageTables:        48696 kB
SecPageTables:         0 kB
NFS_Unstable:          0 kB
Bounce:                0 kB
WritebackTmp:          0 kB
CommitLimit:     8258920 kB
Committed_AS:   11409548 kB
VmallocTotal:   34359738367 kB
VmallocUsed:       46440 kB
VmallocChunk:          0 kB
Percpu:            13280 kB
HardwareCorrupted:     0 kB
AnonHugePages:    215040 kB
ShmemHugePages:        0 kB
ShmemPmdMapped:        0 kB
FileHugePages:         0 kB
FilePmdMapped:         0 kB
CmaTotal:              0 kB
CmaFree:               0 kB
Unaccepted:            0 kB
Balloon:               0 kB
HugePages_Total:       0
HugePages_Free:        0
HugePages_Rsvd:        0
HugePages_Surp:        0
Hugepagesize:       2048 kB
Hugetlb:               0 kB
DirectMap4k:      194432 kB
DirectMap2M:     6096896 kB
DirectMap1G:     4194304 kB
---SNAPSHOT---
2026-04-27 14:59:16
MemTotal:        8129240 kB
MemFree:         4603140 kB
MemAvailable:    4809124 kB
Buffers:            6416 kB
Cached:           313848 kB
SwapCached:       118564 kB
Active:          2254024 kB
Inactive:         591284 kB
Active(anon):    2145740 kB
Inactive(anon):   433728 kB
Active(file):     108284 kB
Inactive(file):   157556 kB
Unevictable:          16 kB
Mlocked:              16 kB
SwapTotal:       4194300 kB
SwapFree:        3938220 kB
Zswap:                 0 kB
Zswapped:              0 kB
Dirty:                84 kB
Writeback:             0 kB
AnonPages:       2409924 kB
Mapped:           267376 kB
Shmem:             54448 kB
KReclaimable:      57040 kB
Slab:             284224 kB
SReclaimable:      57040 kB
SUnreclaim:       227184 kB
KernelStack:       18300 kB
PageTables:        48904 kB
SecPageTables:         0 kB
NFS_Unstable:          0 kB
Bounce:                0 kB
WritebackTmp:          0 kB
CommitLimit:     8258920 kB
Committed_AS:   11409436 kB
VmallocTotal:   34359738367 kB
VmallocUsed:       46408 kB
VmallocChunk:          0 kB
Percpu:            13280 kB
HardwareCorrupted:     0 kB
AnonHugePages:    215040 kB
ShmemHugePages:        0 kB
ShmemPmdMapped:        0 kB
FileHugePages:         0 kB
FilePmdMapped:         0 kB
CmaTotal:              0 kB
CmaFree:               0 kB
Unaccepted:            0 kB
Balloon:               0 kB
HugePages_Total:       0
HugePages_Free:        0
HugePages_Rsvd:        0
HugePages_Surp:        0
Hugepagesize:       2048 kB
Hugetlb:               0 kB
DirectMap4k:      194432 kB
DirectMap2M:     6096896 kB
DirectMap1G:     4194304 kB
---SNAPSHOT---
2026-04-27 14:59:17
MemTotal:        8129240 kB
MemFree:         3720496 kB
MemAvailable:    3926492 kB
Buffers:            6416 kB
Cached:           313856 kB
SwapCached:       118564 kB
Active:          3158132 kB
Inactive:         591296 kB
Active(anon):    3049848 kB
Inactive(anon):   433728 kB
Active(file):     108284 kB
Inactive(file):   157568 kB
Unevictable:          16 kB
Mlocked:              16 kB
SwapTotal:       4194300 kB
SwapFree:        3938220 kB
Zswap:                 0 kB
Zswapped:              0 kB
Dirty:                92 kB
Writeback:             0 kB
AnonPages:       3314184 kB
Mapped:           267376 kB
Shmem:             54448 kB
KReclaimable:      57040 kB
Slab:             284224 kB
SReclaimable:      57040 kB
SUnreclaim:       227184 kB
KernelStack:       18240 kB
PageTables:        50356 kB
SecPageTables:         0 kB
NFS_Unstable:          0 kB
Bounce:                0 kB
WritebackTmp:          0 kB
CommitLimit:     8258920 kB
Committed_AS:   11409436 kB
VmallocTotal:   34359738367 kB
VmallocUsed:       46440 kB
VmallocChunk:          0 kB
Percpu:            13280 kB
HardwareCorrupted:     0 kB
AnonHugePages:    215040 kB
ShmemHugePages:        0 kB
ShmemPmdMapped:        0 kB
FileHugePages:         0 kB
FilePmdMapped:         0 kB
CmaTotal:              0 kB
CmaFree:               0 kB
Unaccepted:            0 kB
Balloon:               0 kB
HugePages_Total:       0
HugePages_Free:        0
HugePages_Rsvd:        0
HugePages_Surp:        0
Hugepagesize:       2048 kB
Hugetlb:               0 kB
DirectMap4k:      194432 kB
DirectMap2M:     6096896 kB
DirectMap1G:     4194304 kB
---SNAPSHOT---
2026-04-27 14:59:18
MemTotal:        8129240 kB
MemFree:         4189016 kB
MemAvailable:    4395016 kB
Buffers:            6424 kB
Cached:           313864 kB
SwapCached:       118564 kB
Active:          2701396 kB
Inactive:         591300 kB
Active(anon):    2593112 kB
Inactive(anon):   433728 kB
Active(file):     108284 kB
Inactive(file):   157572 kB
Unevictable:          16 kB
Mlocked:              16 kB
SwapTotal:       4194300 kB
SwapFree:        3938220 kB
Zswap:                 0 kB
Zswapped:              0 kB
Dirty:               108 kB
Writeback:             0 kB
AnonPages:       2856772 kB
Mapped:           267376 kB
Shmem:             54448 kB
KReclaimable:      57040 kB
Slab:             284224 kB
SReclaimable:      57040 kB
SUnreclaim:       227184 kB
KernelStack:       18224 kB
PageTables:        49648 kB
SecPageTables:         0 kB
NFS_Unstable:          0 kB
Bounce:                0 kB
WritebackTmp:          0 kB
CommitLimit:     8258920 kB
Committed_AS:   11409436 kB
VmallocTotal:   34359738367 kB
VmallocUsed:       46408 kB
VmallocChunk:          0 kB
Percpu:            13280 kB
HardwareCorrupted:     0 kB
AnonHugePages:    215040 kB
ShmemHugePages:        0 kB
ShmemPmdMapped:        0 kB
FileHugePages:         0 kB
FilePmdMapped:         0 kB
CmaTotal:              0 kB
CmaFree:               0 kB
Unaccepted:            0 kB
Balloon:               0 kB
HugePages_Total:       0
HugePages_Free:        0
HugePages_Rsvd:        0
HugePages_Surp:        0
Hugepagesize:       2048 kB
Hugetlb:               0 kB
DirectMap4k:      194432 kB
DirectMap2M:     6096896 kB
DirectMap1G:     4194304 kB
---SNAPSHOT---
2026-04-27 14:59:19
MemTotal:        8129240 kB
MemFree:         4672800 kB
MemAvailable:    4878816 kB
Buffers:            6424 kB
Cached:           313872 kB
SwapCached:       118564 kB
Active:          2215396 kB
Inactive:         591316 kB
Active(anon):    2107112 kB
Inactive(anon):   433728 kB
Active(file):     108284 kB
Inactive(file):   157588 kB
Unevictable:          16 kB
Mlocked:              16 kB
SwapTotal:       4194300 kB
SwapFree:        3938220 kB
Zswap:                 0 kB
Zswapped:              0 kB
Dirty:               116 kB
Writeback:             0 kB
AnonPages:       2371148 kB
Mapped:           267388 kB
Shmem:             54448 kB
KReclaimable:      57040 kB
Slab:             284224 kB
SReclaimable:      57040 kB
SUnreclaim:       227184 kB
KernelStack:       18148 kB
PageTables:        48352 kB
SecPageTables:         0 kB
NFS_Unstable:          0 kB
Bounce:                0 kB
WritebackTmp:          0 kB
CommitLimit:     8258920 kB
Committed_AS:   11409160 kB
VmallocTotal:   34359738367 kB
VmallocUsed:       46408 kB
VmallocChunk:          0 kB
Percpu:            13280 kB
HardwareCorrupted:     0 kB
AnonHugePages:    215040 kB
ShmemHugePages:        0 kB
ShmemPmdMapped:        0 kB
FileHugePages:         0 kB
FilePmdMapped:         0 kB
CmaTotal:              0 kB
CmaFree:               0 kB
Unaccepted:            0 kB
Balloon:               0 kB
HugePages_Total:       0
HugePages_Free:        0
HugePages_Rsvd:        0
HugePages_Surp:        0
Hugepagesize:       2048 kB
Hugetlb:               0 kB
DirectMap4k:      194432 kB
DirectMap2M:     6096896 kB
DirectMap1G:     4194304 kB
---SNAPSHOT---
2026-04-27 14:59:20
MemTotal:        8129240 kB
MemFree:         3799232 kB
MemAvailable:    4005256 kB
Buffers:            6424 kB
Cached:           313876 kB
SwapCached:       118564 kB
Active:          3108476 kB
Inactive:         591324 kB
Active(anon):    3000192 kB
Inactive(anon):   433728 kB
Active(file):     108284 kB
Inactive(file):   157596 kB
Unevictable:          16 kB
Mlocked:              16 kB
SwapTotal:       4194300 kB
SwapFree:        3938220 kB
Zswap:                 0 kB
Zswapped:              0 kB
Dirty:               120 kB
Writeback:             0 kB
AnonPages:       3264232 kB
Mapped:           267376 kB
Shmem:             54448 kB
KReclaimable:      57040 kB
Slab:             284224 kB
SReclaimable:      57040 kB
SUnreclaim:       227184 kB
KernelStack:       18284 kB
PageTables:        49884 kB
SecPageTables:         0 kB
NFS_Unstable:          0 kB
Bounce:                0 kB
WritebackTmp:          0 kB
CommitLimit:     8258920 kB
Committed_AS:   11409160 kB
VmallocTotal:   34359738367 kB
VmallocUsed:       46408 kB
VmallocChunk:          0 kB
Percpu:            13280 kB
HardwareCorrupted:     0 kB
AnonHugePages:    215040 kB
ShmemHugePages:        0 kB
ShmemPmdMapped:        0 kB
FileHugePages:         0 kB
FilePmdMapped:         0 kB
CmaTotal:              0 kB
CmaFree:               0 kB
Unaccepted:            0 kB
Balloon:               0 kB
HugePages_Total:       0
HugePages_Free:        0
HugePages_Rsvd:        0
HugePages_Surp:        0
Hugepagesize:       2048 kB
Hugetlb:               0 kB
DirectMap4k:      194432 kB
DirectMap2M:     6096896 kB
DirectMap1G:     4194304 kB
---SNAPSHOT---
2026-04-27 14:59:21
MemTotal:        8129240 kB
MemFree:         4162416 kB
MemAvailable:    4368464 kB
Buffers:            6424 kB
Cached:           313884 kB
SwapCached:       118564 kB
Active:          2706968 kB
Inactive:         591332 kB
Active(anon):    2598684 kB
Inactive(anon):   433728 kB
Active(file):     108284 kB
Inactive(file):   157604 kB
Unevictable:          16 kB
Mlocked:              16 kB
SwapTotal:       4194300 kB
SwapFree:        3938220 kB
Zswap:                 0 kB
Zswapped:              0 kB
Dirty:               128 kB
Writeback:             0 kB
AnonPages:       2862416 kB
Mapped:           267376 kB
Shmem:             54448 kB
KReclaimable:      57056 kB
Slab:             284240 kB
SReclaimable:      57056 kB
SUnreclaim:       227184 kB
KernelStack:       18300 kB
PageTables:        49160 kB
SecPageTables:         0 kB
NFS_Unstable:          0 kB
Bounce:                0 kB
WritebackTmp:          0 kB
CommitLimit:     8258920 kB
Committed_AS:   11409416 kB
VmallocTotal:   34359738367 kB
VmallocUsed:       46440 kB
VmallocChunk:          0 kB
Percpu:            13280 kB
HardwareCorrupted:     0 kB
AnonHugePages:    215040 kB
ShmemHugePages:        0 kB
ShmemPmdMapped:        0 kB
FileHugePages:         0 kB
FilePmdMapped:         0 kB
CmaTotal:              0 kB
CmaFree:               0 kB
Unaccepted:            0 kB
Balloon:               0 kB
HugePages_Total:       0
HugePages_Free:        0
HugePages_Rsvd:        0
HugePages_Surp:        0
Hugepagesize:       2048 kB
Hugetlb:               0 kB
DirectMap4k:      194432 kB
DirectMap2M:     6096896 kB
DirectMap1G:     4194304 kB
---SNAPSHOT---
2026-04-27 14:59:22
MemTotal:        8129240 kB
MemFree:         4592884 kB
MemAvailable:    4798936 kB
Buffers:            6424 kB
Cached:           313888 kB
SwapCached:       118564 kB
Active:          2314904 kB
Inactive:         591336 kB
Active(anon):    2206620 kB
Inactive(anon):   433728 kB
Active(file):     108284 kB
Inactive(file):   157608 kB
Unevictable:          16 kB
Mlocked:              16 kB
SwapTotal:       4194300 kB
SwapFree:        3938220 kB
Zswap:                 0 kB
Zswapped:              0 kB
Dirty:               132 kB
Writeback:             0 kB
AnonPages:       2470392 kB
Mapped:           267376 kB
Shmem:             54448 kB
KReclaimable:      57056 kB
Slab:             284240 kB
SReclaimable:      57056 kB
SUnreclaim:       227184 kB
KernelStack:       18300 kB
PageTables:        47828 kB
SecPageTables:         0 kB
NFS_Unstable:          0 kB
Bounce:                0 kB
WritebackTmp:          0 kB
CommitLimit:     8258920 kB
Committed_AS:   11409056 kB
VmallocTotal:   34359738367 kB
VmallocUsed:       46520 kB
VmallocChunk:          0 kB
Percpu:            13280 kB
HardwareCorrupted:     0 kB
AnonHugePages:    215040 kB
ShmemHugePages:        0 kB
ShmemPmdMapped:        0 kB
FileHugePages:         0 kB
FilePmdMapped:         0 kB
CmaTotal:              0 kB
CmaFree:               0 kB
Unaccepted:            0 kB
Balloon:               0 kB
HugePages_Total:       0
HugePages_Free:        0
HugePages_Rsvd:        0
HugePages_Surp:        0
Hugepagesize:       2048 kB
Hugetlb:               0 kB
DirectMap4k:      194432 kB
DirectMap2M:     6096896 kB
DirectMap1G:     4194304 kB
---SNAPSHOT---
2026-04-27 14:59:23
MemTotal:        8129240 kB
MemFree:         3707720 kB
MemAvailable:    3913784 kB
Buffers:            6432 kB
Cached:           313892 kB
SwapCached:       118564 kB
Active:          3219484 kB
Inactive:         591348 kB
Active(anon):    3111200 kB
Inactive(anon):   433728 kB
Active(file):     108284 kB
Inactive(file):   157620 kB
Unevictable:          16 kB
Mlocked:              16 kB
SwapTotal:       4194300 kB
SwapFree:        3938220 kB
Zswap:                 0 kB
Zswapped:              0 kB
Dirty:               136 kB
Writeback:             0 kB
AnonPages:       3375028 kB
Mapped:           267376 kB
Shmem:             54448 kB
KReclaimable:      57056 kB
Slab:             284236 kB
SReclaimable:      57056 kB
SUnreclaim:       227180 kB
KernelStack:       18360 kB
PageTables:        49808 kB
SecPageTables:         0 kB
NFS_Unstable:          0 kB
Bounce:                0 kB
WritebackTmp:          0 kB
CommitLimit:     8258920 kB
Committed_AS:   11409412 kB
VmallocTotal:   34359738367 kB
VmallocUsed:       46472 kB
VmallocChunk:          0 kB
Percpu:            13280 kB
HardwareCorrupted:     0 kB
AnonHugePages:    215040 kB
ShmemHugePages:        0 kB
ShmemPmdMapped:        0 kB
FileHugePages:         0 kB
FilePmdMapped:         0 kB
CmaTotal:              0 kB
CmaFree:               0 kB
Unaccepted:            0 kB
Balloon:               0 kB
HugePages_Total:       0
HugePages_Free:        0
HugePages_Rsvd:        0
HugePages_Surp:        0
Hugepagesize:       2048 kB
Hugetlb:               0 kB
DirectMap4k:      194432 kB
DirectMap2M:     6096896 kB
DirectMap1G:     4194304 kB
---SNAPSHOT---
2026-04-27 14:59:24
MemTotal:        8129240 kB
MemFree:         3505076 kB
MemAvailable:    3711148 kB
Buffers:            6432 kB
Cached:           313900 kB
SwapCached:       223444 kB
Active:          3310276 kB
Inactive:         695096 kB
Active(anon):    3201992 kB
Inactive(anon):   537468 kB
Active(file):     108284 kB
Inactive(file):   157628 kB
Unevictable:          16 kB
Mlocked:              16 kB
SwapTotal:       4194300 kB
SwapFree:        3833136 kB
Zswap:                 0 kB
Zswapped:              0 kB
Dirty:               144 kB
Writeback:          1140 kB
AnonPages:       3466724 kB
Mapped:           267376 kB
Shmem:             54448 kB
KReclaimable:      57056 kB
Slab:             284236 kB
SReclaimable:      57056 kB
SUnreclaim:       227180 kB
KernelStack:       18360 kB
PageTables:        49888 kB
SecPageTables:         0 kB
NFS_Unstable:          0 kB
Bounce:                0 kB
WritebackTmp:          0 kB
CommitLimit:     8258920 kB
Committed_AS:   11409436 kB
VmallocTotal:   34359738367 kB
VmallocUsed:       46488 kB
VmallocChunk:          0 kB
Percpu:            13280 kB
HardwareCorrupted:     0 kB
AnonHugePages:    215040 kB
ShmemHugePages:        0 kB
ShmemPmdMapped:        0 kB
FileHugePages:         0 kB
FilePmdMapped:         0 kB
CmaTotal:              0 kB
CmaFree:               0 kB
Unaccepted:            0 kB
Balloon:               0 kB
HugePages_Total:       0
HugePages_Free:        0
HugePages_Rsvd:        0
HugePages_Surp:        0
Hugepagesize:       2048 kB
Hugetlb:               0 kB
DirectMap4k:      194432 kB
DirectMap2M:     6096896 kB
DirectMap1G:     4194304 kB
---SNAPSHOT---
2026-04-27 14:59:25
MemTotal:        8129240 kB
MemFree:         3647540 kB
MemAvailable:    3853616 kB
Buffers:            6432 kB
Cached:           313904 kB
SwapCached:       726824 kB
Active:          2678928 kB
Inactive:        1176392 kB
Active(anon):    2570644 kB
Inactive(anon):  1018760 kB
Active(file):     108284 kB
Inactive(file):   157632 kB
Unevictable:          16 kB
Mlocked:              16 kB
SwapTotal:       4194300 kB
SwapFree:        3329960 kB
Zswap:                 0 kB
Zswapped:              0 kB
Dirty:               148 kB
Writeback:         23212 kB
AnonPages:       2813428 kB
Mapped:           267604 kB
Shmem:             54448 kB
KReclaimable:      57056 kB
Slab:             285724 kB
SReclaimable:      57056 kB
SUnreclaim:       228668 kB
KernelStack:       18240 kB
PageTables:        49652 kB
SecPageTables:         0 kB
NFS_Unstable:          0 kB
Bounce:                0 kB
WritebackTmp:          0 kB
CommitLimit:     8258920 kB
Committed_AS:   11409544 kB
VmallocTotal:   34359738367 kB
VmallocUsed:       46440 kB
VmallocChunk:          0 kB
Percpu:            13280 kB
HardwareCorrupted:     0 kB
AnonHugePages:    215040 kB
ShmemHugePages:        0 kB
ShmemPmdMapped:        0 kB
FileHugePages:         0 kB
FilePmdMapped:         0 kB
CmaTotal:              0 kB
CmaFree:               0 kB
Unaccepted:            0 kB
Balloon:               0 kB
HugePages_Total:       0
HugePages_Free:        0
HugePages_Rsvd:        0
HugePages_Surp:        0
Hugepagesize:       2048 kB
Hugetlb:               0 kB
DirectMap4k:      194432 kB
DirectMap2M:     6096896 kB
DirectMap1G:     4194304 kB
---SNAPSHOT---
2026-04-27 14:59:26
MemTotal:        8129240 kB
MemFree:         3211392 kB
MemAvailable:    3417468 kB
Buffers:            6432 kB
Cached:           313912 kB
SwapCached:       726824 kB
Active:          3110564 kB
Inactive:        1188624 kB
Active(anon):    3002280 kB
Inactive(anon):  1030992 kB
Active(file):     108284 kB
Inactive(file):   157632 kB
Unevictable:          16 kB
Mlocked:              16 kB
SwapTotal:       4194300 kB
SwapFree:        3329960 kB
Zswap:                 0 kB
Zswapped:              0 kB
Dirty:               156 kB
Writeback:         10912 kB
AnonPages:       3257424 kB
Mapped:           267376 kB
Shmem:             54448 kB
KReclaimable:      57056 kB
Slab:             284916 kB
SReclaimable:      57056 kB
SUnreclaim:       227860 kB
KernelStack:       18240 kB
PageTables:        50532 kB
SecPageTables:         0 kB
NFS_Unstable:          0 kB
Bounce:                0 kB
WritebackTmp:          0 kB
CommitLimit:     8258920 kB
Committed_AS:   11409052 kB
VmallocTotal:   34359738367 kB
VmallocUsed:       46440 kB
VmallocChunk:          0 kB
Percpu:            13280 kB
HardwareCorrupted:     0 kB
AnonHugePages:    215040 kB
ShmemHugePages:        0 kB
ShmemPmdMapped:        0 kB
FileHugePages:         0 kB
FilePmdMapped:         0 kB
CmaTotal:              0 kB
CmaFree:               0 kB
Unaccepted:            0 kB
Balloon:               0 kB
HugePages_Total:       0
HugePages_Free:        0
HugePages_Rsvd:        0
HugePages_Surp:        0
Hugepagesize:       2048 kB
Hugetlb:               0 kB
DirectMap4k:      194432 kB
DirectMap2M:     6096896 kB
DirectMap1G:     4194304 kB
---SNAPSHOT---
2026-04-27 14:59:27
MemTotal:        8129240 kB
MemFree:         4525788 kB
MemAvailable:    4731876 kB
Buffers:            6432 kB
Cached:           313916 kB
SwapCached:       118604 kB
Active:          2351020 kB
Inactive:         591420 kB
Active(anon):    2242736 kB
Inactive(anon):   433776 kB
Active(file):     108284 kB
Inactive(file):   157644 kB
Unevictable:          16 kB
Mlocked:              16 kB
SwapTotal:       4194300 kB
SwapFree:        3938220 kB
Zswap:                 0 kB
Zswapped:              0 kB
Dirty:               160 kB
Writeback:           208 kB
AnonPages:       2497280 kB
Mapped:           267376 kB
Shmem:             54448 kB
KReclaimable:      57056 kB
Slab:             284436 kB
SReclaimable:      57056 kB
SUnreclaim:       227380 kB
KernelStack:       18240 kB
PageTables:        49096 kB
SecPageTables:         0 kB
NFS_Unstable:          0 kB
Bounce:                0 kB
WritebackTmp:          0 kB
CommitLimit:     8258920 kB
Committed_AS:   11409308 kB
VmallocTotal:   34359738367 kB
VmallocUsed:       46440 kB
VmallocChunk:          0 kB
Percpu:            13280 kB
HardwareCorrupted:     0 kB
AnonHugePages:    215040 kB
ShmemHugePages:        0 kB
ShmemPmdMapped:        0 kB
FileHugePages:         0 kB
FilePmdMapped:         0 kB
CmaTotal:              0 kB
CmaFree:               0 kB
Unaccepted:            0 kB
Balloon:               0 kB
HugePages_Total:       0
HugePages_Free:        0
HugePages_Rsvd:        0
HugePages_Surp:        0
Hugepagesize:       2048 kB
Hugetlb:               0 kB
DirectMap4k:      194432 kB
DirectMap2M:     6096896 kB
DirectMap1G:     4194304 kB
---SNAPSHOT---
2026-04-27 14:59:28
MemTotal:        8129240 kB
MemFree:         3947288 kB
MemAvailable:    4153380 kB
Buffers:            6440 kB
Cached:           313920 kB
SwapCached:       472104 kB
Active:          2618728 kB
Inactive:         938788 kB
Active(anon):    2510444 kB
Inactive(anon):   781140 kB
Active(file):     108284 kB
Inactive(file):   157648 kB
Unevictable:          16 kB
Mlocked:              16 kB
SwapTotal:       4194300 kB
SwapFree:        3584584 kB
Zswap:                 0 kB
Zswapped:              0 kB
Dirty:               164 kB
Writeback:          5428 kB
AnonPages:       2770508 kB
Mapped:           267376 kB
Shmem:             54448 kB
KReclaimable:      57056 kB
Slab:             284588 kB
SReclaimable:      57056 kB
SUnreclaim:       227532 kB
KernelStack:       18240 kB
PageTables:        49084 kB
SecPageTables:         0 kB
NFS_Unstable:          0 kB
Bounce:                0 kB
WritebackTmp:          0 kB
CommitLimit:     8258920 kB
Committed_AS:   11409292 kB
VmallocTotal:   34359738367 kB
VmallocUsed:       46440 kB
VmallocChunk:          0 kB
Percpu:            13280 kB
HardwareCorrupted:     0 kB
AnonHugePages:    215040 kB
ShmemHugePages:        0 kB
ShmemPmdMapped:        0 kB
FileHugePages:         0 kB
FilePmdMapped:         0 kB
CmaTotal:              0 kB
CmaFree:               0 kB
Unaccepted:            0 kB
Balloon:               0 kB
HugePages_Total:       0
HugePages_Free:        0
HugePages_Rsvd:        0
HugePages_Surp:        0
Hugepagesize:       2048 kB
Hugetlb:               0 kB
DirectMap4k:      194432 kB
DirectMap2M:     6096896 kB
DirectMap1G:     4194304 kB
---SNAPSHOT---
2026-04-27 14:59:29
MemTotal:        8129240 kB
MemFree:         3271092 kB
MemAvailable:    3477200 kB
Buffers:            6440 kB
Cached:           313928 kB
SwapCached:       717096 kB
Active:          3056192 kB
Inactive:        1172316 kB
Active(anon):    2947908 kB
Inactive(anon):  1014652 kB
Active(file):     108284 kB
Inactive(file):   157664 kB
Unevictable:          16 kB
Mlocked:              16 kB
SwapTotal:       4194300 kB
SwapFree:        3339688 kB
Zswap:                 0 kB
Zswapped:              0 kB
Dirty:               172 kB
Writeback:         17576 kB
AnonPages:       3197080 kB
Mapped:           267376 kB
Shmem:             54448 kB
KReclaimable:      57056 kB
Slab:             285580 kB
SReclaimable:      57056 kB
SUnreclaim:       228524 kB
KernelStack:       18240 kB
PageTables:        50284 kB
SecPageTables:         0 kB
NFS_Unstable:          0 kB
Bounce:                0 kB
WritebackTmp:          0 kB
CommitLimit:     8258920 kB
Committed_AS:   11409544 kB
VmallocTotal:   34359738367 kB
VmallocUsed:       46456 kB
VmallocChunk:          0 kB
Percpu:            13280 kB
HardwareCorrupted:     0 kB
AnonHugePages:    215040 kB
ShmemHugePages:        0 kB
ShmemPmdMapped:        0 kB
FileHugePages:         0 kB
FilePmdMapped:         0 kB
CmaTotal:              0 kB
CmaFree:               0 kB
Unaccepted:            0 kB
Balloon:               0 kB
HugePages_Total:       0
HugePages_Free:        0
HugePages_Rsvd:        0
HugePages_Surp:        0
Hugepagesize:       2048 kB
Hugetlb:               0 kB
DirectMap4k:      194432 kB
DirectMap2M:     6096896 kB
DirectMap1G:     4194304 kB
---SNAPSHOT---
2026-04-27 14:59:30
MemTotal:        8129240 kB
MemFree:         4445804 kB
MemAvailable:    4651916 kB
Buffers:            6440 kB
Cached:           313932 kB
SwapCached:       732456 kB
Active:          1774924 kB
Inactive:        1181592 kB
Active(anon):    1666640 kB
Inactive(anon):  1023924 kB
Active(file):     108284 kB
Inactive(file):   157668 kB
Unevictable:          16 kB
Mlocked:              16 kB
SwapTotal:       4194300 kB
SwapFree:        3324328 kB
Zswap:                 0 kB
Zswapped:              0 kB
Dirty:               176 kB
Writeback:         23668 kB
AnonPages:       1909216 kB
Mapped:           267376 kB
Shmem:             54448 kB
KReclaimable:      57056 kB
Slab:             285748 kB
SReclaimable:      57056 kB
SUnreclaim:       228692 kB
KernelStack:       18224 kB
PageTables:        48004 kB
SecPageTables:         0 kB
NFS_Unstable:          0 kB
Bounce:                0 kB
WritebackTmp:          0 kB
CommitLimit:     8258920 kB
Committed_AS:   11409316 kB
VmallocTotal:   34359738367 kB
VmallocUsed:       46488 kB
VmallocChunk:          0 kB
Percpu:            13280 kB
HardwareCorrupted:     0 kB
AnonHugePages:    215040 kB
ShmemHugePages:        0 kB
ShmemPmdMapped:        0 kB
FileHugePages:         0 kB
FilePmdMapped:         0 kB
CmaTotal:              0 kB
CmaFree:               0 kB
Unaccepted:            0 kB
Balloon:               0 kB
HugePages_Total:       0
HugePages_Free:        0
HugePages_Rsvd:        0
HugePages_Surp:        0
Hugepagesize:       2048 kB
Hugetlb:               0 kB
DirectMap4k:      194432 kB
DirectMap2M:     6096896 kB
DirectMap1G:     4194304 kB
---SNAPSHOT---
2026-04-27 14:59:31
MemTotal:        8129240 kB
MemFree:         3767884 kB
MemAvailable:    3974000 kB
Buffers:            6440 kB
Cached:           313940 kB
SwapCached:       732456 kB
Active:          2480184 kB
Inactive:        1186184 kB
Active(anon):    2371900 kB
Inactive(anon):  1028512 kB
Active(file):     108284 kB
Inactive(file):   157672 kB
Unevictable:          16 kB
Mlocked:              16 kB
SwapTotal:       4194300 kB
SwapFree:        3324328 kB
Zswap:                 0 kB
Zswapped:              0 kB
Dirty:               184 kB
Writeback:         19060 kB
AnonPages:       2619096 kB
Mapped:           267376 kB
Shmem:             54448 kB
KReclaimable:      57056 kB
Slab:             285500 kB
SReclaimable:      57056 kB
SUnreclaim:       228444 kB
KernelStack:       18300 kB
PageTables:        49152 kB
SecPageTables:         0 kB
NFS_Unstable:          0 kB
Bounce:                0 kB
WritebackTmp:          0 kB
CommitLimit:     8258920 kB
Committed_AS:   11409308 kB
VmallocTotal:   34359738367 kB
VmallocUsed:       46504 kB
VmallocChunk:          0 kB
Percpu:            13280 kB
HardwareCorrupted:     0 kB
AnonHugePages:    215040 kB
ShmemHugePages:        0 kB
ShmemPmdMapped:        0 kB
FileHugePages:         0 kB
FilePmdMapped:         0 kB
CmaTotal:              0 kB
CmaFree:               0 kB
Unaccepted:            0 kB
Balloon:               0 kB
HugePages_Total:       0
HugePages_Free:        0
HugePages_Rsvd:        0
HugePages_Surp:        0
Hugepagesize:       2048 kB
Hugetlb:               0 kB
DirectMap4k:      194432 kB
DirectMap2M:     6096896 kB
DirectMap1G:     4194304 kB
---SNAPSHOT---
2026-04-27 14:59:32
MemTotal:        8129240 kB
MemFree:         3677132 kB
MemAvailable:    3883256 kB
Buffers:            6440 kB
Cached:           313944 kB
SwapCached:       118588 kB
Active:          3166892 kB
Inactive:         591612 kB
Active(anon):    3058608 kB
Inactive(anon):   433932 kB
Active(file):     108284 kB
Inactive(file):   157680 kB
Unevictable:          16 kB
Mlocked:              16 kB
SwapTotal:       4194300 kB
SwapFree:        3938220 kB
Zswap:                 0 kB
Zswapped:              0 kB
Dirty:               188 kB
Writeback:           184 kB
AnonPages:       3322808 kB
Mapped:           267376 kB
Shmem:             54448 kB
KReclaimable:      57056 kB
Slab:             284356 kB
SReclaimable:      57056 kB
SUnreclaim:       227300 kB
KernelStack:       18240 kB
PageTables:        49348 kB
SecPageTables:         0 kB
NFS_Unstable:          0 kB
Bounce:                0 kB
WritebackTmp:          0 kB
CommitLimit:     8258920 kB
Committed_AS:   11409320 kB
VmallocTotal:   34359738367 kB
VmallocUsed:       46488 kB
VmallocChunk:          0 kB
Percpu:            13280 kB
HardwareCorrupted:     0 kB
AnonHugePages:    215040 kB
ShmemHugePages:        0 kB
ShmemPmdMapped:        0 kB
FileHugePages:         0 kB
FilePmdMapped:         0 kB
CmaTotal:              0 kB
CmaFree:               0 kB
Unaccepted:            0 kB
Balloon:               0 kB
HugePages_Total:       0
HugePages_Free:        0
HugePages_Rsvd:        0
HugePages_Surp:        0
Hugepagesize:       2048 kB
Hugetlb:               0 kB
DirectMap4k:      194432 kB
DirectMap2M:     6096896 kB
DirectMap1G:     4194304 kB
---SNAPSHOT---
2026-04-27 14:59:33
MemTotal:        8129240 kB
MemFree:         4197800 kB
MemAvailable:    4403936 kB
Buffers:            6448 kB
Cached:           313948 kB
SwapCached:       257320 kB
Active:          2546008 kB
Inactive:         706484 kB
Active(anon):    2437724 kB
Inactive(anon):   548792 kB
Active(file):     108284 kB
Inactive(file):   157692 kB
Unevictable:          16 kB
Mlocked:              16 kB
SwapTotal:       4194300 kB
SwapFree:        3799464 kB
Zswap:                 0 kB
Zswapped:              0 kB
Dirty:               196 kB
Writeback:         23668 kB
AnonPages:       2680100 kB
Mapped:           267376 kB
Shmem:             54448 kB
KReclaimable:      57056 kB
Slab:             285748 kB
SReclaimable:      57056 kB
SUnreclaim:       228692 kB
KernelStack:       18240 kB
PageTables:        48148 kB
SecPageTables:         0 kB
NFS_Unstable:          0 kB
Bounce:                0 kB
WritebackTmp:          0 kB
CommitLimit:     8258920 kB
Committed_AS:   11409412 kB
VmallocTotal:   34359738367 kB
VmallocUsed:       46520 kB
VmallocChunk:          0 kB
Percpu:            13280 kB
HardwareCorrupted:     0 kB
AnonHugePages:    215040 kB
ShmemHugePages:        0 kB
ShmemPmdMapped:        0 kB
FileHugePages:         0 kB
FilePmdMapped:         0 kB
CmaTotal:              0 kB
CmaFree:               0 kB
Unaccepted:            0 kB
Balloon:               0 kB
HugePages_Total:       0
HugePages_Free:        0
HugePages_Rsvd:        0
HugePages_Surp:        0
Hugepagesize:       2048 kB
Hugetlb:               0 kB
DirectMap4k:      194432 kB
DirectMap2M:     6096896 kB
DirectMap1G:     4194304 kB
---SNAPSHOT---
2026-04-27 14:59:34
MemTotal:        8129240 kB
MemFree:         3501544 kB
MemAvailable:    3707748 kB
Buffers:            6576 kB
Cached:           313956 kB
SwapCached:       257320 kB
Active:          3249588 kB
Inactive:         709716 kB
Active(anon):    3141304 kB
Inactive(anon):   551956 kB
Active(file):     108284 kB
Inactive(file):   157760 kB
Unevictable:          16 kB
Mlocked:              16 kB
SwapTotal:       4194300 kB
SwapFree:        3799464 kB
Zswap:                 0 kB
Zswapped:              0 kB
Dirty:               204 kB
Writeback:         20652 kB
AnonPages:       3386788 kB
Mapped:           267376 kB
Shmem:             54448 kB
KReclaimable:      57056 kB
Slab:             285644 kB
SReclaimable:      57056 kB
SUnreclaim:       228588 kB
KernelStack:       18300 kB
PageTables:        49896 kB
SecPageTables:         0 kB
NFS_Unstable:          0 kB
Bounce:                0 kB
WritebackTmp:          0 kB
CommitLimit:     8258920 kB
Committed_AS:   11409316 kB
VmallocTotal:   34359738367 kB
VmallocUsed:       46536 kB
VmallocChunk:          0 kB
Percpu:            13280 kB
HardwareCorrupted:     0 kB
AnonHugePages:    215040 kB
ShmemHugePages:        0 kB
ShmemPmdMapped:        0 kB
FileHugePages:         0 kB
FilePmdMapped:         0 kB
CmaTotal:              0 kB
CmaFree:               0 kB
Unaccepted:            0 kB
Balloon:               0 kB
HugePages_Total:       0
HugePages_Free:        0
HugePages_Rsvd:        0
HugePages_Surp:        0
Hugepagesize:       2048 kB
Hugetlb:               0 kB
DirectMap4k:      194432 kB
DirectMap2M:     6096896 kB
DirectMap1G:     4194304 kB
---SNAPSHOT---
2026-04-27 14:59:35
MemTotal:        8129240 kB
MemFree:         3470080 kB
MemAvailable:    3676356 kB
Buffers:            6576 kB
Cached:           313960 kB
SwapCached:       257320 kB
Active:          3275168 kB
Inactive:         717920 kB
Active(anon):    3166884 kB
Inactive(anon):   560088 kB
Active(file):     108284 kB
Inactive(file):   157832 kB
Unevictable:          16 kB
Mlocked:              16 kB
SwapTotal:       4194300 kB
SwapFree:        3799464 kB
Zswap:                 0 kB
Zswapped:              0 kB
Dirty:               208 kB
Writeback:         12396 kB
AnonPages:       3420296 kB
Mapped:           267376 kB
Shmem:             54448 kB
KReclaimable:      57056 kB
Slab:             285120 kB
SReclaimable:      57056 kB
SUnreclaim:       228064 kB
KernelStack:       18256 kB
PageTables:        49888 kB
SecPageTables:         0 kB
NFS_Unstable:          0 kB
Bounce:                0 kB
WritebackTmp:          0 kB
CommitLimit:     8258920 kB
Committed_AS:   11409216 kB
VmallocTotal:   34359738367 kB
VmallocUsed:       46472 kB
VmallocChunk:          0 kB
Percpu:            13280 kB
HardwareCorrupted:     0 kB
AnonHugePages:    215040 kB
ShmemHugePages:        0 kB
ShmemPmdMapped:        0 kB
FileHugePages:         0 kB
FilePmdMapped:         0 kB
CmaTotal:              0 kB
CmaFree:               0 kB
Unaccepted:            0 kB
Balloon:               0 kB
HugePages_Total:       0
HugePages_Free:        0
HugePages_Rsvd:        0
HugePages_Surp:        0
Hugepagesize:       2048 kB
Hugetlb:               0 kB
DirectMap4k:      194432 kB
DirectMap2M:     6096896 kB
DirectMap1G:     4194304 kB
---SNAPSHOT---
2026-04-27 14:59:36
MemTotal:        8129240 kB
MemFree:         4112272 kB
MemAvailable:    4318556 kB
Buffers:            6584 kB
Cached:           313968 kB
SwapCached:       257320 kB
Active:          2656412 kB
Inactive:         726712 kB
Active(anon):    2548128 kB
Inactive(anon):   568872 kB
Active(file):     108284 kB
Inactive(file):   157840 kB
Unevictable:          16 kB
Mlocked:              16 kB
SwapTotal:       4194300 kB
SwapFree:        3799464 kB
Zswap:                 0 kB
Zswapped:              0 kB
Dirty:               216 kB
Writeback:          3588 kB
AnonPages:       2810684 kB
Mapped:           267376 kB
Shmem:             54448 kB
KReclaimable:      57056 kB
Slab:             284472 kB
SReclaimable:      57056 kB
SUnreclaim:       227416 kB
KernelStack:       18240 kB
PageTables:        48452 kB
SecPageTables:         0 kB
NFS_Unstable:          0 kB
Bounce:                0 kB
WritebackTmp:          0 kB
CommitLimit:     8258920 kB
