---SNAPSHOT---
2026-04-27 13:39:03
MemTotal:        8129240 kB
MemFree:         5086092 kB
MemAvailable:    4804780 kB
Buffers:            5108 kB
Cached:           269484 kB
SwapCached:        39612 kB
Active:          1885816 kB
Inactive:         591944 kB
Active(anon):    1795224 kB
Inactive(anon):   445544 kB
Active(file):      90592 kB
Inactive(file):   146400 kB
Unevictable:           0 kB
Mlocked:               0 kB
SwapTotal:       4194300 kB
SwapFree:        4017172 kB
Zswap:                 0 kB
Zswapped:              0 kB
Dirty:               264 kB
Writeback:             0 kB
AnonPages:       2168664 kB
Mapped:           229948 kB
Shmem:             37300 kB
KReclaimable:      55468 kB
Slab:             282844 kB
SReclaimable:      55468 kB
SUnreclaim:       227376 kB
KernelStack:       18732 kB
PageTables:        54356 kB
SecPageTables:         0 kB
NFS_Unstable:          0 kB
Bounce:                0 kB
WritebackTmp:          0 kB
CommitLimit:     8258920 kB
Committed_AS:    9309416 kB
VmallocTotal:   34359738367 kB
VmallocUsed:       46904 kB
VmallocChunk:          0 kB
Percpu:            13280 kB
HardwareCorrupted:     0 kB
AnonHugePages:    247808 kB
ShmemHugePages:        0 kB
ShmemPmdMapped:        0 kB
FileHugePages:         0 kB
FilePmdMapped:         0 kB
CmaTotal:              0 kB
CmaFree:               0 kB
Unaccepted:            0 kB
Balloon:               0 kB
HugePages_Total:       0
HugePages_Free:        0
HugePages_Rsvd:        0
HugePages_Surp:        0
Hugepagesize:       2048 kB
Hugetlb:               0 kB
DirectMap4k:      194432 kB
DirectMap2M:     6096896 kB
DirectMap1G:     4194304 kB
---SNAPSHOT---
2026-04-27 13:39:04
MemTotal:        8129240 kB
MemFree:         5085816 kB
MemAvailable:    4804964 kB
Buffers:            5116 kB
Cached:           270064 kB
SwapCached:        39612 kB
Active:          1886464 kB
Inactive:         592656 kB
Active(anon):    1795664 kB
Inactive(anon):   445544 kB
Active(file):      90800 kB
Inactive(file):   147112 kB
Unevictable:           0 kB
Mlocked:               0 kB
SwapTotal:       4194300 kB
SwapFree:        4017172 kB
Zswap:                 0 kB
Zswapped:              0 kB
Dirty:               352 kB
Writeback:             0 kB
AnonPages:       2169180 kB
Mapped:           230308 kB
Shmem:             37300 kB
KReclaimable:      55468 kB
Slab:             282844 kB
SReclaimable:      55468 kB
SUnreclaim:       227376 kB
KernelStack:       18752 kB
PageTables:        54228 kB
SecPageTables:         0 kB
NFS_Unstable:          0 kB
Bounce:                0 kB
WritebackTmp:          0 kB
CommitLimit:     8258920 kB
Committed_AS:    9309856 kB
VmallocTotal:   34359738367 kB
VmallocUsed:       46968 kB
VmallocChunk:          0 kB
Percpu:            13280 kB
HardwareCorrupted:     0 kB
AnonHugePages:    247808 kB
ShmemHugePages:        0 kB
ShmemPmdMapped:        0 kB
FileHugePages:         0 kB
FilePmdMapped:         0 kB
CmaTotal:              0 kB
CmaFree:               0 kB
Unaccepted:            0 kB
Balloon:               0 kB
HugePages_Total:       0
HugePages_Free:        0
HugePages_Rsvd:        0
HugePages_Surp:        0
Hugepagesize:       2048 kB
Hugetlb:               0 kB
DirectMap4k:      194432 kB
DirectMap2M:     6096896 kB
DirectMap1G:     4194304 kB
---SNAPSHOT---
2026-04-27 13:39:05
MemTotal:        8129240 kB
MemFree:         5084060 kB
MemAvailable:    4803212 kB
Buffers:            5116 kB
Cached:           270068 kB
SwapCached:        39612 kB
Active:          1887052 kB
Inactive:         592664 kB
Active(anon):    1796252 kB
Inactive(anon):   445544 kB
Active(file):      90800 kB
Inactive(file):   147120 kB
Unevictable:           0 kB
Mlocked:               0 kB
SwapTotal:       4194300 kB
SwapFree:        4017172 kB
Zswap:                 0 kB
Zswapped:              0 kB
Dirty:               356 kB
Writeback:             0 kB
AnonPages:       2169728 kB
Mapped:           230208 kB
Shmem:             37300 kB
KReclaimable:      55468 kB
Slab:             282908 kB
SReclaimable:      55468 kB
SUnreclaim:       227440 kB
KernelStack:       18800 kB
PageTables:        54432 kB
SecPageTables:         0 kB
NFS_Unstable:          0 kB
Bounce:                0 kB
WritebackTmp:          0 kB
CommitLimit:     8258920 kB
Committed_AS:    9311116 kB
VmallocTotal:   34359738367 kB
VmallocUsed:       47032 kB
VmallocChunk:          0 kB
Percpu:            13280 kB
HardwareCorrupted:     0 kB
AnonHugePages:    247808 kB
ShmemHugePages:        0 kB
ShmemPmdMapped:        0 kB
FileHugePages:         0 kB
FilePmdMapped:         0 kB
CmaTotal:              0 kB
CmaFree:               0 kB
Unaccepted:            0 kB
Balloon:               0 kB
HugePages_Total:       0
HugePages_Free:        0
HugePages_Rsvd:        0
HugePages_Surp:        0
Hugepagesize:       2048 kB
Hugetlb:               0 kB
DirectMap4k:      194432 kB
DirectMap2M:     6096896 kB
DirectMap1G:     4194304 kB
---SNAPSHOT---
2026-04-27 13:39:06
MemTotal:        8129240 kB
MemFree:         5078904 kB
MemAvailable:    4800248 kB
Buffers:            5400 kB
Cached:           272672 kB
SwapCached:        39612 kB
Active:          1889468 kB
Inactive:         593044 kB
Active(anon):    1796168 kB
Inactive(anon):   445544 kB
Active(file):      93300 kB
Inactive(file):   147500 kB
Unevictable:           0 kB
Mlocked:               0 kB
SwapTotal:       4194300 kB
SwapFree:        4017172 kB
Zswap:                 0 kB
Zswapped:              0 kB
Dirty:               364 kB
Writeback:             0 kB
AnonPages:       2169556 kB
Mapped:           230548 kB
Shmem:             37300 kB
KReclaimable:      56972 kB
Slab:             284540 kB
SReclaimable:      56972 kB
SUnreclaim:       227568 kB
KernelStack:       18768 kB
PageTables:        54312 kB
SecPageTables:         0 kB
NFS_Unstable:          0 kB
Bounce:                0 kB
WritebackTmp:          0 kB
CommitLimit:     8258920 kB
Committed_AS:    9318080 kB
VmallocTotal:   34359738367 kB
VmallocUsed:       47000 kB
VmallocChunk:          0 kB
Percpu:            13280 kB
HardwareCorrupted:     0 kB
AnonHugePages:    247808 kB
ShmemHugePages:        0 kB
ShmemPmdMapped:        0 kB
FileHugePages:         0 kB
FilePmdMapped:         0 kB
CmaTotal:              0 kB
CmaFree:               0 kB
Unaccepted:            0 kB
Balloon:               0 kB
HugePages_Total:       0
HugePages_Free:        0
HugePages_Rsvd:        0
HugePages_Surp:        0
Hugepagesize:       2048 kB
Hugetlb:               0 kB
DirectMap4k:      194432 kB
DirectMap2M:     6096896 kB
DirectMap1G:     4194304 kB
---SNAPSHOT---
2026-04-27 13:39:07
MemTotal:        8129240 kB
MemFree:         5069892 kB
MemAvailable:    4795432 kB
Buffers:            5660 kB
Cached:           280800 kB
SwapCached:        39612 kB
Active:          1898072 kB
Inactive:         593420 kB
Active(anon):    1796760 kB
Inactive(anon):   445544 kB
Active(file):     101312 kB
Inactive(file):   147876 kB
Unevictable:           0 kB
Mlocked:               0 kB
SwapTotal:       4194300 kB
SwapFree:        4017172 kB
Zswap:                 0 kB
Zswapped:              0 kB
Dirty:               368 kB
Writeback:             0 kB
AnonPages:       2170324 kB
Mapped:           231964 kB
Shmem:             37300 kB
KReclaimable:      56972 kB
Slab:             284540 kB
SReclaimable:      56972 kB
SUnreclaim:       227568 kB
KernelStack:       18768 kB
PageTables:        54404 kB
SecPageTables:         0 kB
NFS_Unstable:          0 kB
Bounce:                0 kB
WritebackTmp:          0 kB
CommitLimit:     8258920 kB
Committed_AS:    9319000 kB
VmallocTotal:   34359738367 kB
VmallocUsed:       47032 kB
VmallocChunk:          0 kB
Percpu:            13280 kB
HardwareCorrupted:     0 kB
AnonHugePages:    247808 kB
ShmemHugePages:        0 kB
ShmemPmdMapped:        0 kB
FileHugePages:         0 kB
FilePmdMapped:         0 kB
CmaTotal:              0 kB
CmaFree:               0 kB
Unaccepted:            0 kB
Balloon:               0 kB
HugePages_Total:       0
HugePages_Free:        0
HugePages_Rsvd:        0
HugePages_Surp:        0
Hugepagesize:       2048 kB
Hugetlb:               0 kB
DirectMap4k:      194432 kB
DirectMap2M:     6096896 kB
DirectMap1G:     4194304 kB
---SNAPSHOT---
2026-04-27 13:39:08
MemTotal:        8129240 kB
MemFree:         4240344 kB
MemAvailable:    3966712 kB
Buffers:            5660 kB
Cached:           299576 kB
SwapCached:        39612 kB
Active:          2721764 kB
Inactive:         593436 kB
Active(anon):    2618812 kB
Inactive(anon):   445544 kB
Active(file):     102952 kB
Inactive(file):   147892 kB
Unevictable:           0 kB
Mlocked:               0 kB
SwapTotal:       4194300 kB
SwapFree:        4017172 kB
Zswap:                 0 kB
Zswapped:              0 kB
Dirty:               456 kB
Writeback:             0 kB
AnonPages:       2975052 kB
Mapped:           250960 kB
Shmem:             54416 kB
KReclaimable:      56972 kB
Slab:             284648 kB
SReclaimable:      56972 kB
SUnreclaim:       227676 kB
KernelStack:       18908 kB
PageTables:        56668 kB
SecPageTables:         0 kB
NFS_Unstable:          0 kB
Bounce:                0 kB
WritebackTmp:          0 kB
CommitLimit:     8258920 kB
Committed_AS:   11966732 kB
VmallocTotal:   34359738367 kB
VmallocUsed:       47080 kB
VmallocChunk:          0 kB
Percpu:            13280 kB
HardwareCorrupted:     0 kB
AnonHugePages:    870400 kB
ShmemHugePages:        0 kB
ShmemPmdMapped:        0 kB
FileHugePages:         0 kB
FilePmdMapped:         0 kB
CmaTotal:              0 kB
CmaFree:               0 kB
Unaccepted:            0 kB
Balloon:               0 kB
HugePages_Total:       0
HugePages_Free:        0
HugePages_Rsvd:        0
HugePages_Surp:        0
Hugepagesize:       2048 kB
Hugetlb:               0 kB
DirectMap4k:      194432 kB
DirectMap2M:     6096896 kB
DirectMap1G:     4194304 kB
---SNAPSHOT---
2026-04-27 13:39:09
MemTotal:        8129240 kB
MemFree:         3333048 kB
MemAvailable:    3059412 kB
Buffers:            5668 kB
Cached:           299604 kB
SwapCached:        39612 kB
Active:          3632376 kB
Inactive:         593444 kB
Active(anon):    3529436 kB
Inactive(anon):   445544 kB
Active(file):     102940 kB
Inactive(file):   147900 kB
Unevictable:          16 kB
Mlocked:              16 kB
SwapTotal:       4194300 kB
SwapFree:        4017172 kB
Zswap:                 0 kB
Zswapped:              0 kB
Dirty:               460 kB
Writeback:             0 kB
AnonPages:       3885808 kB
Mapped:           251008 kB
Shmem:             54448 kB
KReclaimable:      56972 kB
Slab:             284732 kB
SReclaimable:      56972 kB
SUnreclaim:       227760 kB
KernelStack:       18912 kB
PageTables:        58296 kB
SecPageTables:         0 kB
NFS_Unstable:          0 kB
Bounce:                0 kB
WritebackTmp:          0 kB
CommitLimit:     8258920 kB
Committed_AS:   11967228 kB
VmallocTotal:   34359738367 kB
VmallocUsed:       47128 kB
VmallocChunk:          0 kB
Percpu:            13280 kB
HardwareCorrupted:     0 kB
AnonHugePages:   1579008 kB
ShmemHugePages:        0 kB
ShmemPmdMapped:        0 kB
FileHugePages:         0 kB
FilePmdMapped:         0 kB
CmaTotal:              0 kB
CmaFree:               0 kB
Unaccepted:            0 kB
Balloon:               0 kB
HugePages_Total:       0
HugePages_Free:        0
HugePages_Rsvd:        0
HugePages_Surp:        0
Hugepagesize:       2048 kB
Hugetlb:               0 kB
DirectMap4k:      194432 kB
DirectMap2M:     6096896 kB
DirectMap1G:     4194304 kB
---SNAPSHOT---
2026-04-27 13:39:10
MemTotal:        8129240 kB
MemFree:         4249300 kB
MemAvailable:    3975680 kB
Buffers:            5668 kB
Cached:           299616 kB
SwapCached:        39612 kB
Active:          2615972 kB
Inactive:         593460 kB
Active(anon):    2513032 kB
Inactive(anon):   445544 kB
Active(file):     102940 kB
Inactive(file):   147916 kB
Unevictable:          16 kB
Mlocked:              16 kB
SwapTotal:       4194300 kB
SwapFree:        4017172 kB
Zswap:                 0 kB
Zswapped:              0 kB
Dirty:               468 kB
Writeback:             0 kB
AnonPages:       2869660 kB
Mapped:           251008 kB
Shmem:             54448 kB
KReclaimable:      56988 kB
Slab:             285040 kB
SReclaimable:      56988 kB
SUnreclaim:       228052 kB
KernelStack:       18944 kB
PageTables:        57240 kB
SecPageTables:         0 kB
NFS_Unstable:          0 kB
Bounce:                0 kB
WritebackTmp:          0 kB
CommitLimit:     8258920 kB
Committed_AS:   11968520 kB
VmallocTotal:   34359738367 kB
VmallocUsed:       47176 kB
VmallocChunk:          0 kB
Percpu:            13280 kB
HardwareCorrupted:     0 kB
AnonHugePages:    354304 kB
ShmemHugePages:        0 kB
ShmemPmdMapped:        0 kB
FileHugePages:         0 kB
FilePmdMapped:         0 kB
CmaTotal:              0 kB
CmaFree:               0 kB
Unaccepted:            0 kB
Balloon:               0 kB
HugePages_Total:       0
HugePages_Free:        0
HugePages_Rsvd:        0
HugePages_Surp:        0
Hugepagesize:       2048 kB
Hugetlb:               0 kB
DirectMap4k:      194432 kB
DirectMap2M:     6096896 kB
DirectMap1G:     4194304 kB
---SNAPSHOT---
2026-04-27 13:39:11
MemTotal:        8129240 kB
MemFree:         3907184 kB
MemAvailable:    3633568 kB
Buffers:            5668 kB
Cached:           299624 kB
SwapCached:        39612 kB
Active:          2987312 kB
Inactive:         593468 kB
Active(anon):    2884372 kB
Inactive(anon):   445544 kB
Active(file):     102940 kB
Inactive(file):   147924 kB
Unevictable:          16 kB
Mlocked:              16 kB
SwapTotal:       4194300 kB
SwapFree:        4017172 kB
Zswap:                 0 kB
Zswapped:              0 kB
Dirty:               476 kB
Writeback:             0 kB
AnonPages:       3240556 kB
Mapped:           251008 kB
Shmem:             54448 kB
KReclaimable:      56988 kB
Slab:             284976 kB
SReclaimable:      56988 kB
SUnreclaim:       227988 kB
KernelStack:       18972 kB
PageTables:        57104 kB
SecPageTables:         0 kB
NFS_Unstable:          0 kB
Bounce:                0 kB
WritebackTmp:          0 kB
CommitLimit:     8258920 kB
Committed_AS:   11966852 kB
VmallocTotal:   34359738367 kB
VmallocUsed:       47176 kB
VmallocChunk:          0 kB
Percpu:            13280 kB
HardwareCorrupted:     0 kB
AnonHugePages:   1310720 kB
ShmemHugePages:        0 kB
ShmemPmdMapped:        0 kB
FileHugePages:         0 kB
FilePmdMapped:         0 kB
CmaTotal:              0 kB
CmaFree:               0 kB
Unaccepted:            0 kB
Balloon:               0 kB
HugePages_Total:       0
HugePages_Free:        0
HugePages_Rsvd:        0
HugePages_Surp:        0
Hugepagesize:       2048 kB
Hugetlb:               0 kB
DirectMap4k:      194432 kB
DirectMap2M:     6096896 kB
DirectMap1G:     4194304 kB
---SNAPSHOT---
2026-04-27 13:39:12
MemTotal:        8129240 kB
MemFree:         2900404 kB
MemAvailable:    2626792 kB
Buffers:            5668 kB
Cached:           299628 kB
SwapCached:        39612 kB
Active:          3998640 kB
Inactive:         593472 kB
Active(anon):    3895700 kB
Inactive(anon):   445544 kB
Active(file):     102940 kB
Inactive(file):   147928 kB
Unevictable:          16 kB
Mlocked:              16 kB
SwapTotal:       4194300 kB
SwapFree:        4017172 kB
Zswap:                 0 kB
Zswapped:              0 kB
Dirty:               480 kB
Writeback:             0 kB
AnonPages:       4251704 kB
Mapped:           251008 kB
Shmem:             54448 kB
KReclaimable:      56988 kB
Slab:             284972 kB
SReclaimable:      56988 kB
SUnreclaim:       227984 kB
KernelStack:       18956 kB
PageTables:        59028 kB
SecPageTables:         0 kB
NFS_Unstable:          0 kB
Bounce:                0 kB
WritebackTmp:          0 kB
CommitLimit:     8258920 kB
Committed_AS:   11967008 kB
VmallocTotal:   34359738367 kB
VmallocUsed:       47192 kB
VmallocChunk:          0 kB
Percpu:            13280 kB
HardwareCorrupted:     0 kB
AnonHugePages:   2322432 kB
ShmemHugePages:        0 kB
ShmemPmdMapped:        0 kB
FileHugePages:         0 kB
FilePmdMapped:         0 kB
CmaTotal:              0 kB
CmaFree:               0 kB
Unaccepted:            0 kB
Balloon:               0 kB
HugePages_Total:       0
HugePages_Free:        0
HugePages_Rsvd:        0
HugePages_Surp:        0
Hugepagesize:       2048 kB
Hugetlb:               0 kB
DirectMap4k:      194432 kB
DirectMap2M:     6096896 kB
DirectMap1G:     4194304 kB
---SNAPSHOT---
2026-04-27 13:39:13
MemTotal:        8129240 kB
MemFree:         4389532 kB
MemAvailable:    4115884 kB
Buffers:            5668 kB
Cached:           299636 kB
SwapCached:        39612 kB
Active:          2433196 kB
Inactive:         573064 kB
Active(anon):    2330304 kB
Inactive(anon):   425160 kB
Active(file):     102892 kB
Inactive(file):   147904 kB
Unevictable:          16 kB
Mlocked:              16 kB
SwapTotal:       4194300 kB
SwapFree:        4017172 kB
Zswap:                 0 kB
Zswapped:              0 kB
Dirty:               488 kB
Writeback:             0 kB
AnonPages:       2666292 kB
Mapped:           251080 kB
Shmem:             54448 kB
KReclaimable:      56988 kB
Slab:             284952 kB
SReclaimable:      56988 kB
SUnreclaim:       227964 kB
KernelStack:       18912 kB
PageTables:        56284 kB
SecPageTables:         0 kB
NFS_Unstable:          0 kB
Bounce:                0 kB
WritebackTmp:          0 kB
CommitLimit:     8258920 kB
Committed_AS:   11966896 kB
VmallocTotal:   34359738367 kB
VmallocUsed:       47144 kB
VmallocChunk:          0 kB
Percpu:            13280 kB
HardwareCorrupted:     0 kB
AnonHugePages:    737280 kB
ShmemHugePages:        0 kB
ShmemPmdMapped:        0 kB
FileHugePages:         0 kB
FilePmdMapped:         0 kB
CmaTotal:              0 kB
CmaFree:               0 kB
Unaccepted:            0 kB
Balloon:               0 kB
HugePages_Total:       0
HugePages_Free:        0
HugePages_Rsvd:        0
HugePages_Surp:        0
Hugepagesize:       2048 kB
Hugetlb:               0 kB
DirectMap4k:      194432 kB
DirectMap2M:     6096896 kB
DirectMap1G:     4194304 kB
---SNAPSHOT---
2026-04-27 13:39:14
MemTotal:        8129240 kB
MemFree:         3469180 kB
MemAvailable:    3195572 kB
Buffers:            5676 kB
Cached:           299632 kB
SwapCached:        39612 kB
Active:          3452156 kB
Inactive:         570644 kB
Active(anon):    3349216 kB
Inactive(anon):   422704 kB
Active(file):     102940 kB
Inactive(file):   147940 kB
Unevictable:          16 kB
Mlocked:              16 kB
SwapTotal:       4194300 kB
SwapFree:        4017172 kB
Zswap:                 0 kB
Zswapped:              0 kB
Dirty:               492 kB
Writeback:             0 kB
AnonPages:       3682940 kB
Mapped:           251008 kB
Shmem:             54448 kB
KReclaimable:      56988 kB
Slab:             284960 kB
SReclaimable:      56988 kB
SUnreclaim:       227972 kB
KernelStack:       18972 kB
PageTables:        58032 kB
SecPageTables:         0 kB
NFS_Unstable:          0 kB
Bounce:                0 kB
WritebackTmp:          0 kB
CommitLimit:     8258920 kB
Committed_AS:   11967248 kB
VmallocTotal:   34359738367 kB
VmallocUsed:       47176 kB
VmallocChunk:          0 kB
Percpu:            13280 kB
HardwareCorrupted:     0 kB
AnonHugePages:   1753088 kB
ShmemHugePages:        0 kB
ShmemPmdMapped:        0 kB
FileHugePages:         0 kB
FilePmdMapped:         0 kB
CmaTotal:              0 kB
CmaFree:               0 kB
Unaccepted:            0 kB
Balloon:               0 kB
HugePages_Total:       0
HugePages_Free:        0
HugePages_Rsvd:        0
HugePages_Surp:        0
Hugepagesize:       2048 kB
Hugetlb:               0 kB
DirectMap4k:      194432 kB
DirectMap2M:     6096896 kB
DirectMap1G:     4194304 kB
---SNAPSHOT---
2026-04-27 13:39:15
MemTotal:        8129240 kB
MemFree:         3612464 kB
MemAvailable:    3338864 kB
Buffers:            5676 kB
Cached:           299644 kB
SwapCached:        39612 kB
Active:          3230924 kB
Inactive:         570656 kB
Active(anon):    3127984 kB
Inactive(anon):   422704 kB
Active(file):     102940 kB
Inactive(file):   147952 kB
Unevictable:          16 kB
Mlocked:              16 kB
SwapTotal:       4194300 kB
SwapFree:        4017172 kB
Zswap:                 0 kB
Zswapped:              0 kB
Dirty:               500 kB
Writeback:             0 kB
AnonPages:       3461480 kB
Mapped:           251008 kB
Shmem:             54448 kB
KReclaimable:      56988 kB
Slab:             284916 kB
SReclaimable:      56988 kB
SUnreclaim:       227928 kB
KernelStack:       18912 kB
PageTables:        57916 kB
SecPageTables:         0 kB
NFS_Unstable:          0 kB
Bounce:                0 kB
WritebackTmp:          0 kB
CommitLimit:     8258920 kB
Committed_AS:   11967104 kB
VmallocTotal:   34359738367 kB
VmallocUsed:       47160 kB
VmallocChunk:          0 kB
Percpu:            13280 kB
HardwareCorrupted:     0 kB
AnonHugePages:   1531904 kB
ShmemHugePages:        0 kB
ShmemPmdMapped:        0 kB
FileHugePages:         0 kB
FilePmdMapped:         0 kB
CmaTotal:              0 kB
CmaFree:               0 kB
Unaccepted:            0 kB
Balloon:               0 kB
HugePages_Total:       0
HugePages_Free:        0
HugePages_Rsvd:        0
HugePages_Surp:        0
Hugepagesize:       2048 kB
Hugetlb:               0 kB
DirectMap4k:      194432 kB
DirectMap2M:     6096896 kB
DirectMap1G:     4194304 kB
---SNAPSHOT---
2026-04-27 13:39:16
MemTotal:        8129240 kB
MemFree:         3935796 kB
MemAvailable:    3662196 kB
Buffers:            5676 kB
Cached:           299652 kB
SwapCached:        39612 kB
Active:          2995532 kB
Inactive:         570660 kB
Active(anon):    2892592 kB
Inactive(anon):   422704 kB
Active(file):     102940 kB
Inactive(file):   147956 kB
Unevictable:          16 kB
Mlocked:              16 kB
SwapTotal:       4194300 kB
SwapFree:        4017172 kB
Zswap:                 0 kB
Zswapped:              0 kB
Dirty:               508 kB
Writeback:             0 kB
AnonPages:       3226156 kB
Mapped:           251008 kB
Shmem:             54448 kB
KReclaimable:      56988 kB
Slab:             284932 kB
SReclaimable:      56988 kB
SUnreclaim:       227944 kB
KernelStack:       18956 kB
PageTables:        57460 kB
SecPageTables:         0 kB
NFS_Unstable:          0 kB
Bounce:                0 kB
WritebackTmp:          0 kB
CommitLimit:     8258920 kB
Committed_AS:   11967248 kB
VmallocTotal:   34359738367 kB
VmallocUsed:       47176 kB
VmallocChunk:          0 kB
Percpu:            13280 kB
HardwareCorrupted:     0 kB
AnonHugePages:   1296384 kB
ShmemHugePages:        0 kB
ShmemPmdMapped:        0 kB
FileHugePages:         0 kB
FilePmdMapped:         0 kB
CmaTotal:              0 kB
CmaFree:               0 kB
Unaccepted:            0 kB
Balloon:               0 kB
HugePages_Total:       0
HugePages_Free:        0
HugePages_Rsvd:        0
HugePages_Surp:        0
Hugepagesize:       2048 kB
Hugetlb:               0 kB
DirectMap4k:      194432 kB
DirectMap2M:     6096896 kB
DirectMap1G:     4194304 kB
---SNAPSHOT---
2026-04-27 13:39:17
MemTotal:        8129240 kB
MemFree:         2878320 kB
MemAvailable:    2604724 kB
Buffers:            5676 kB
Cached:           299656 kB
SwapCached:        39612 kB
Active:          4056364 kB
Inactive:         570668 kB
Active(anon):    3953424 kB
Inactive(anon):   422704 kB
Active(file):     102940 kB
Inactive(file):   147964 kB
Unevictable:          16 kB
Mlocked:              16 kB
SwapTotal:       4194300 kB
SwapFree:        4017172 kB
Zswap:                 0 kB
Zswapped:              0 kB
Dirty:               512 kB
Writeback:             0 kB
AnonPages:       4286644 kB
Mapped:           251008 kB
Shmem:             54448 kB
KReclaimable:      56988 kB
Slab:             284932 kB
SReclaimable:      56988 kB
SUnreclaim:       227944 kB
KernelStack:       18896 kB
PageTables:        59860 kB
SecPageTables:         0 kB
NFS_Unstable:          0 kB
Bounce:                0 kB
WritebackTmp:          0 kB
CommitLimit:     8258920 kB
Committed_AS:   11967248 kB
VmallocTotal:   34359738367 kB
VmallocUsed:       47160 kB
VmallocChunk:          0 kB
Percpu:            13280 kB
HardwareCorrupted:     0 kB
AnonHugePages:   2357248 kB
ShmemHugePages:        0 kB
ShmemPmdMapped:        0 kB
FileHugePages:         0 kB
FilePmdMapped:         0 kB
CmaTotal:              0 kB
CmaFree:               0 kB
Unaccepted:            0 kB
Balloon:               0 kB
HugePages_Total:       0
HugePages_Free:        0
HugePages_Rsvd:        0
HugePages_Surp:        0
Hugepagesize:       2048 kB
Hugetlb:               0 kB
DirectMap4k:      194432 kB
DirectMap2M:     6096896 kB
DirectMap1G:     4194304 kB
---SNAPSHOT---
2026-04-27 13:39:18
MemTotal:        8129240 kB
MemFree:         3877984 kB
MemAvailable:    3604392 kB
Buffers:            5676 kB
Cached:           299664 kB
SwapCached:        39612 kB
Active:          3050164 kB
Inactive:         570676 kB
Active(anon):    2947224 kB
Inactive(anon):   422704 kB
Active(file):     102940 kB
Inactive(file):   147972 kB
Unevictable:          16 kB
Mlocked:              16 kB
SwapTotal:       4194300 kB
SwapFree:        4017172 kB
Zswap:                 0 kB
Zswapped:              0 kB
Dirty:               520 kB
Writeback:             0 kB
AnonPages:       3280812 kB
Mapped:           251008 kB
Shmem:             54448 kB
KReclaimable:      56988 kB
Slab:             284916 kB
SReclaimable:      56988 kB
SUnreclaim:       227928 kB
KernelStack:       18972 kB
PageTables:        57572 kB
SecPageTables:         0 kB
NFS_Unstable:          0 kB
Bounce:                0 kB
WritebackTmp:          0 kB
CommitLimit:     8258920 kB
Committed_AS:   11967116 kB
VmallocTotal:   34359738367 kB
VmallocUsed:       47160 kB
VmallocChunk:          0 kB
Percpu:            13280 kB
HardwareCorrupted:     0 kB
AnonHugePages:   1349632 kB
ShmemHugePages:        0 kB
ShmemPmdMapped:        0 kB
FileHugePages:         0 kB
FilePmdMapped:         0 kB
CmaTotal:              0 kB
CmaFree:               0 kB
Unaccepted:            0 kB
Balloon:               0 kB
HugePages_Total:       0
HugePages_Free:        0
HugePages_Rsvd:        0
HugePages_Surp:        0
Hugepagesize:       2048 kB
Hugetlb:               0 kB
DirectMap4k:      194432 kB
DirectMap2M:     6096896 kB
DirectMap1G:     4194304 kB
---SNAPSHOT---
2026-04-27 13:39:19
MemTotal:        8129240 kB
MemFree:         3098964 kB
MemAvailable:    2825380 kB
Buffers:            5684 kB
Cached:           299668 kB
SwapCached:        39612 kB
Active:          3844816 kB
Inactive:         570688 kB
Active(anon):    3741876 kB
Inactive(anon):   422704 kB
Active(file):     102940 kB
Inactive(file):   147984 kB
Unevictable:          16 kB
Mlocked:              16 kB
SwapTotal:       4194300 kB
SwapFree:        4017172 kB
Zswap:                 0 kB
Zswapped:              0 kB
Dirty:               524 kB
Writeback:             0 kB
AnonPages:       4075616 kB
Mapped:           251008 kB
Shmem:             54448 kB
KReclaimable:      56988 kB
Slab:             284916 kB
SReclaimable:      56988 kB
SUnreclaim:       227928 kB
KernelStack:       18956 kB
PageTables:        59116 kB
SecPageTables:         0 kB
NFS_Unstable:          0 kB
Bounce:                0 kB
WritebackTmp:          0 kB
CommitLimit:     8258920 kB
Committed_AS:   11967004 kB
VmallocTotal:   34359738367 kB
VmallocUsed:       47160 kB
VmallocChunk:          0 kB
Percpu:            13280 kB
HardwareCorrupted:     0 kB
AnonHugePages:   2144256 kB
ShmemHugePages:        0 kB
ShmemPmdMapped:        0 kB
FileHugePages:         0 kB
FilePmdMapped:         0 kB
CmaTotal:              0 kB
CmaFree:               0 kB
Unaccepted:            0 kB
Balloon:               0 kB
HugePages_Total:       0
HugePages_Free:        0
HugePages_Rsvd:        0
HugePages_Surp:        0
Hugepagesize:       2048 kB
Hugetlb:               0 kB
DirectMap4k:      194432 kB
DirectMap2M:     6096896 kB
DirectMap1G:     4194304 kB
---SNAPSHOT---
2026-04-27 13:39:20
MemTotal:        8129240 kB
MemFree:         4125060 kB
MemAvailable:    3851492 kB
Buffers:            5684 kB
Cached:           299672 kB
SwapCached:        39612 kB
Active:          2728448 kB
Inactive:         570692 kB
Active(anon):    2625508 kB
Inactive(anon):   422704 kB
Active(file):     102940 kB
Inactive(file):   147988 kB
Unevictable:          16 kB
Mlocked:              16 kB
SwapTotal:       4194300 kB
SwapFree:        4017172 kB
Zswap:                 0 kB
Zswapped:              0 kB
Dirty:               528 kB
Writeback:             0 kB
AnonPages:       2958656 kB
Mapped:           251008 kB
Shmem:             54448 kB
KReclaimable:      57020 kB
Slab:             284968 kB
SReclaimable:      57020 kB
SUnreclaim:       227948 kB
KernelStack:       18912 kB
PageTables:        56872 kB
SecPageTables:         0 kB
NFS_Unstable:          0 kB
Bounce:                0 kB
WritebackTmp:          0 kB
CommitLimit:     8258920 kB
Committed_AS:   11967248 kB
VmallocTotal:   34359738367 kB
VmallocUsed:       47144 kB
VmallocChunk:          0 kB
Percpu:            13280 kB
HardwareCorrupted:     0 kB
AnonHugePages:   1019904 kB
ShmemHugePages:        0 kB
ShmemPmdMapped:        0 kB
FileHugePages:         0 kB
FilePmdMapped:         0 kB
CmaTotal:              0 kB
CmaFree:               0 kB
Unaccepted:            0 kB
Balloon:               0 kB
HugePages_Total:       0
HugePages_Free:        0
HugePages_Rsvd:        0
HugePages_Surp:        0
Hugepagesize:       2048 kB
Hugetlb:               0 kB
DirectMap4k:      194432 kB
DirectMap2M:     6096896 kB
DirectMap1G:     4194304 kB
---SNAPSHOT---
2026-04-27 13:39:21
MemTotal:        8129240 kB
MemFree:         3952796 kB
MemAvailable:    3679232 kB
Buffers:            5684 kB
Cached:           299680 kB
SwapCached:        39612 kB
Active:          2979372 kB
Inactive:         570700 kB
Active(anon):    2876432 kB
Inactive(anon):   422704 kB
Active(file):     102940 kB
Inactive(file):   147996 kB
Unevictable:          16 kB
Mlocked:              16 kB
SwapTotal:       4194300 kB
SwapFree:        4017172 kB
Zswap:                 0 kB
Zswapped:              0 kB
Dirty:               536 kB
Writeback:             0 kB
AnonPages:       3209788 kB
Mapped:           251008 kB
Shmem:             54448 kB
KReclaimable:      57020 kB
Slab:             284960 kB
SReclaimable:      57020 kB
SUnreclaim:       227940 kB
KernelStack:       18972 kB
PageTables:        57452 kB
SecPageTables:         0 kB
NFS_Unstable:          0 kB
Bounce:                0 kB
WritebackTmp:          0 kB
CommitLimit:     8258920 kB
Committed_AS:   11967248 kB
VmallocTotal:   34359738367 kB
VmallocUsed:       47176 kB
VmallocChunk:          0 kB
Percpu:            13280 kB
HardwareCorrupted:     0 kB
AnonHugePages:   1105920 kB
ShmemHugePages:        0 kB
ShmemPmdMapped:        0 kB
FileHugePages:         0 kB
FilePmdMapped:         0 kB
CmaTotal:              0 kB
CmaFree:               0 kB
Unaccepted:            0 kB
Balloon:               0 kB
HugePages_Total:       0
HugePages_Free:        0
HugePages_Rsvd:        0
HugePages_Surp:        0
Hugepagesize:       2048 kB
Hugetlb:               0 kB
DirectMap4k:      194432 kB
DirectMap2M:     6096896 kB
DirectMap1G:     4194304 kB
---SNAPSHOT---
2026-04-27 13:39:22
MemTotal:        8129240 kB
MemFree:         3050068 kB
MemAvailable:    2776508 kB
Buffers:            5684 kB
Cached:           299684 kB
SwapCached:        39612 kB
Active:          3873428 kB
Inactive:         570704 kB
Active(anon):    3770488 kB
Inactive(anon):   422704 kB
Active(file):     102940 kB
Inactive(file):   148000 kB
Unevictable:          16 kB
Mlocked:              16 kB
SwapTotal:       4194300 kB
SwapFree:        4017172 kB
Zswap:                 0 kB
Zswapped:              0 kB
Dirty:               540 kB
Writeback:             0 kB
AnonPages:       4104088 kB
Mapped:           251008 kB
Shmem:             54448 kB
KReclaimable:      57020 kB
Slab:             285048 kB
SReclaimable:      57020 kB
SUnreclaim:       228028 kB
KernelStack:       19000 kB
PageTables:        59112 kB
SecPageTables:         0 kB
NFS_Unstable:          0 kB
Bounce:                0 kB
WritebackTmp:          0 kB
CommitLimit:     8258920 kB
Committed_AS:   11967104 kB
VmallocTotal:   34359738367 kB
VmallocUsed:       47192 kB
VmallocChunk:          0 kB
Percpu:            13280 kB
HardwareCorrupted:     0 kB
AnonHugePages:   1835008 kB
ShmemHugePages:        0 kB
ShmemPmdMapped:        0 kB
FileHugePages:         0 kB
FilePmdMapped:         0 kB
CmaTotal:              0 kB
CmaFree:               0 kB
Unaccepted:            0 kB
Balloon:               0 kB
HugePages_Total:       0
HugePages_Free:        0
HugePages_Rsvd:        0
HugePages_Surp:        0
Hugepagesize:       2048 kB
Hugetlb:               0 kB
DirectMap4k:      194432 kB
DirectMap2M:     6096896 kB
DirectMap1G:     4194304 kB
---SNAPSHOT---
2026-04-27 13:39:23
MemTotal:        8129240 kB
MemFree:         3944948 kB
MemAvailable:    3671392 kB
Buffers:            5684 kB
Cached:           299692 kB
SwapCached:        39612 kB
Active:          2853496 kB
Inactive:         570712 kB
Active(anon):    2750556 kB
Inactive(anon):   422704 kB
Active(file):     102940 kB
Inactive(file):   148008 kB
Unevictable:          16 kB
Mlocked:              16 kB
SwapTotal:       4194300 kB
SwapFree:        4017172 kB
Zswap:                 0 kB
Zswapped:              0 kB
Dirty:               548 kB
Writeback:             0 kB
AnonPages:       3083968 kB
Mapped:           251000 kB
Shmem:             54448 kB
KReclaimable:      57020 kB
Slab:             285112 kB
SReclaimable:      57020 kB
SUnreclaim:       228092 kB
KernelStack:       18940 kB
PageTables:        57196 kB
SecPageTables:         0 kB
NFS_Unstable:          0 kB
Bounce:                0 kB
WritebackTmp:          0 kB
CommitLimit:     8258920 kB
Committed_AS:   11967248 kB
VmallocTotal:   34359738367 kB
VmallocUsed:       47160 kB
VmallocChunk:          0 kB
Percpu:            13280 kB
HardwareCorrupted:     0 kB
AnonHugePages:    489472 kB
ShmemHugePages:        0 kB
ShmemPmdMapped:        0 kB
FileHugePages:         0 kB
FilePmdMapped:         0 kB
CmaTotal:              0 kB
CmaFree:               0 kB
Unaccepted:            0 kB
Balloon:               0 kB
HugePages_Total:       0
HugePages_Free:        0
HugePages_Rsvd:        0
HugePages_Surp:        0
Hugepagesize:       2048 kB
Hugetlb:               0 kB
DirectMap4k:      194432 kB
DirectMap2M:     6096896 kB
DirectMap1G:     4194304 kB
---SNAPSHOT---
2026-04-27 13:39:24
MemTotal:        8129240 kB
MemFree:         3193568 kB
MemAvailable:    2920020 kB
Buffers:            5692 kB
Cached:           299700 kB
SwapCached:       221888 kB
Active:          3518432 kB
Inactive:         729896 kB
Active(anon):    3415492 kB
Inactive(anon):   581872 kB
Active(file):     102940 kB
Inactive(file):   148024 kB
Unevictable:          16 kB
Mlocked:              16 kB
SwapTotal:       4194300 kB
SwapFree:        3834896 kB
Zswap:                 0 kB
Zswapped:              0 kB
Dirty:               556 kB
Writeback:         23100 kB
AnonPages:       3727888 kB
Mapped:           251008 kB
Shmem:             54448 kB
KReclaimable:      57020 kB
Slab:             286600 kB
SReclaimable:      57020 kB
SUnreclaim:       229580 kB
KernelStack:       18972 kB
PageTables:        58812 kB
SecPageTables:         0 kB
NFS_Unstable:          0 kB
Bounce:                0 kB
WritebackTmp:          0 kB
CommitLimit:     8258920 kB
Committed_AS:   11967248 kB
VmallocTotal:   34359738367 kB
VmallocUsed:       47192 kB
VmallocChunk:          0 kB
Percpu:            13280 kB
HardwareCorrupted:     0 kB
AnonHugePages:   1013760 kB
ShmemHugePages:        0 kB
ShmemPmdMapped:        0 kB
FileHugePages:         0 kB
FilePmdMapped:         0 kB
CmaTotal:              0 kB
CmaFree:               0 kB
Unaccepted:            0 kB
Balloon:               0 kB
HugePages_Total:       0
HugePages_Free:        0
HugePages_Rsvd:        0
HugePages_Surp:        0
Hugepagesize:       2048 kB
Hugetlb:               0 kB
DirectMap4k:      194432 kB
DirectMap2M:     6096896 kB
DirectMap1G:     4194304 kB
---SNAPSHOT---
2026-04-27 13:39:25
MemTotal:        8129240 kB
MemFree:         3073444 kB
MemAvailable:    2799896 kB
Buffers:            5692 kB
Cached:           299704 kB
SwapCached:       221888 kB
Active:          3602716 kB
Inactive:         734032 kB
Active(anon):    3499776 kB
Inactive(anon):   586004 kB
Active(file):     102940 kB
Inactive(file):   148028 kB
Unevictable:          16 kB
Mlocked:              16 kB
SwapTotal:       4194300 kB
SwapFree:        3834896 kB
Zswap:                 0 kB
Zswapped:              0 kB
Dirty:               560 kB
Writeback:         18948 kB
AnonPages:       3816372 kB
Mapped:           251088 kB
Shmem:             54448 kB
KReclaimable:      57020 kB
Slab:             286312 kB
SReclaimable:      57020 kB
SUnreclaim:       229292 kB
KernelStack:       18972 kB
PageTables:        58936 kB
SecPageTables:         0 kB
NFS_Unstable:          0 kB
Bounce:                0 kB
WritebackTmp:          0 kB
CommitLimit:     8258920 kB
Committed_AS:   11967116 kB
VmallocTotal:   34359738367 kB
VmallocUsed:       47192 kB
VmallocChunk:          0 kB
Percpu:            13280 kB
HardwareCorrupted:     0 kB
AnonHugePages:    901120 kB
ShmemHugePages:        0 kB
ShmemPmdMapped:        0 kB
FileHugePages:         0 kB
FilePmdMapped:         0 kB
CmaTotal:              0 kB
CmaFree:               0 kB
Unaccepted:            0 kB
Balloon:               0 kB
HugePages_Total:       0
HugePages_Free:        0
HugePages_Rsvd:        0
HugePages_Surp:        0
Hugepagesize:       2048 kB
Hugetlb:               0 kB
DirectMap4k:      194432 kB
DirectMap2M:     6096896 kB
DirectMap1G:     4194304 kB
---SNAPSHOT---
2026-04-27 13:39:26
MemTotal:        8129240 kB
MemFree:         3606436 kB
MemAvailable:    3332892 kB
Buffers:            5692 kB
Cached:           299712 kB
SwapCached:       221888 kB
Active:          3092372 kB
Inactive:         738628 kB
Active(anon):    2989432 kB
Inactive(anon):   590592 kB
Active(file):     102940 kB
Inactive(file):   148036 kB
Unevictable:          16 kB
Mlocked:              16 kB
SwapTotal:       4194300 kB
SwapFree:        3834896 kB
Zswap:                 0 kB
Zswapped:              0 kB
Dirty:               568 kB
Writeback:         14340 kB
AnonPages:       3310592 kB
Mapped:           251008 kB
Shmem:             54448 kB
KReclaimable:      57020 kB
Slab:             286020 kB
SReclaimable:      57020 kB
SUnreclaim:       229000 kB
KernelStack:       18972 kB
PageTables:        57872 kB
SecPageTables:         0 kB
NFS_Unstable:          0 kB
Bounce:                0 kB
WritebackTmp:          0 kB
CommitLimit:     8258920 kB
Committed_AS:   11967116 kB
VmallocTotal:   34359738367 kB
VmallocUsed:       47192 kB
VmallocChunk:          0 kB
Percpu:            13280 kB
HardwareCorrupted:     0 kB
AnonHugePages:    923648 kB
ShmemHugePages:        0 kB
ShmemPmdMapped:        0 kB
FileHugePages:         0 kB
FilePmdMapped:         0 kB
CmaTotal:              0 kB
CmaFree:               0 kB
Unaccepted:            0 kB
Balloon:               0 kB
HugePages_Total:       0
HugePages_Free:        0
HugePages_Rsvd:        0
HugePages_Surp:        0
Hugepagesize:       2048 kB
Hugetlb:               0 kB
DirectMap4k:      194432 kB
DirectMap2M:     6096896 kB
DirectMap1G:     4194304 kB
---SNAPSHOT---
2026-04-27 13:39:27
MemTotal:        8129240 kB
MemFree:         2815796 kB
MemAvailable:    2542256 kB
Buffers:            5692 kB
Cached:           299716 kB
SwapCached:       221888 kB
Active:          3889496 kB
Inactive:         742188 kB
Active(anon):    3786556 kB
Inactive(anon):   594148 kB
Active(file):     102940 kB
Inactive(file):   148040 kB
Unevictable:          16 kB
Mlocked:              16 kB
SwapTotal:       4194300 kB
SwapFree:        3834896 kB
Zswap:                 0 kB
Zswapped:              0 kB
Dirty:               572 kB
Writeback:         10812 kB
AnonPages:       4111232 kB
Mapped:           251236 kB
Shmem:             54448 kB
KReclaimable:      57020 kB
Slab:             285852 kB
SReclaimable:      57020 kB
SUnreclaim:       228832 kB
KernelStack:       18956 kB
PageTables:        59464 kB
SecPageTables:         0 kB
NFS_Unstable:          0 kB
Bounce:                0 kB
WritebackTmp:          0 kB
CommitLimit:     8258920 kB
Committed_AS:   11967252 kB
VmallocTotal:   34359738367 kB
VmallocUsed:       47192 kB
VmallocChunk:          0 kB
Percpu:            13280 kB
HardwareCorrupted:     0 kB
AnonHugePages:   1724416 kB
ShmemHugePages:        0 kB
ShmemPmdMapped:        0 kB
FileHugePages:         0 kB
FilePmdMapped:         0 kB
CmaTotal:              0 kB
CmaFree:               0 kB
Unaccepted:            0 kB
Balloon:               0 kB
HugePages_Total:       0
HugePages_Free:        0
HugePages_Rsvd:        0
HugePages_Surp:        0
Hugepagesize:       2048 kB
Hugetlb:               0 kB
DirectMap4k:      194432 kB
DirectMap2M:     6096896 kB
DirectMap1G:     4194304 kB
---SNAPSHOT---
2026-04-27 13:39:28
MemTotal:        8129240 kB
MemFree:         3511488 kB
MemAvailable:    3237952 kB
Buffers:            5692 kB
Cached:           299724 kB
SwapCached:       221888 kB
Active:          3157948 kB
Inactive:         742272 kB
Active(anon):    3055008 kB
Inactive(anon):   594224 kB
Active(file):     102940 kB
Inactive(file):   148048 kB
Unevictable:          16 kB
Mlocked:              16 kB
SwapTotal:       4194300 kB
SwapFree:        3834896 kB
Zswap:                 0 kB
Zswapped:              0 kB
Dirty:               580 kB
Writeback:         10756 kB
AnonPages:       3379676 kB
Mapped:           251008 kB
Shmem:             54448 kB
KReclaimable:      57020 kB
Slab:             285852 kB
SReclaimable:      57020 kB
SUnreclaim:       228832 kB
KernelStack:       18988 kB
PageTables:        58196 kB
SecPageTables:         0 kB
NFS_Unstable:          0 kB
Bounce:                0 kB
WritebackTmp:          0 kB
CommitLimit:     8258920 kB
Committed_AS:   11966976 kB
VmallocTotal:   34359738367 kB
VmallocUsed:       47256 kB
VmallocChunk:          0 kB
Percpu:            13280 kB
HardwareCorrupted:     0 kB
AnonHugePages:    991232 kB
ShmemHugePages:        0 kB
ShmemPmdMapped:        0 kB
FileHugePages:         0 kB
FilePmdMapped:         0 kB
CmaTotal:              0 kB
CmaFree:               0 kB
Unaccepted:            0 kB
Balloon:               0 kB
HugePages_Total:       0
HugePages_Free:        0
HugePages_Rsvd:        0
HugePages_Surp:        0
Hugepagesize:       2048 kB
Hugetlb:               0 kB
DirectMap4k:      194432 kB
DirectMap2M:     6096896 kB
DirectMap1G:     4194304 kB
---SNAPSHOT---
2026-04-27 13:39:32
MemTotal:        8129240 kB
MemFree:         3144816 kB
MemAvailable:    2871284 kB
Buffers:            5700 kB
Cached:           299724 kB
SwapCached:       237760 kB
Active:          3536796 kB
Inactive:         752864 kB
Active(anon):    3433856 kB
Inactive(anon):   604808 kB
Active(file):     102940 kB
Inactive(file):   148056 kB
Unevictable:          16 kB
Mlocked:              16 kB
SwapTotal:       4194300 kB
SwapFree:        3819024 kB
Zswap:                 0 kB
Zswapped:              0 kB
Dirty:               412 kB
Writeback:         16160 kB
AnonPages:       3753376 kB
Mapped:           251336 kB
Shmem:             54448 kB
KReclaimable:      57020 kB
Slab:             286300 kB
SReclaimable:      57020 kB
SUnreclaim:       229280 kB
KernelStack:       18956 kB
PageTables:        58392 kB
SecPageTables:         0 kB
NFS_Unstable:          0 kB
Bounce:                0 kB
WritebackTmp:          0 kB
CommitLimit:     8258920 kB
Committed_AS:   11967104 kB
VmallocTotal:   34359738367 kB
VmallocUsed:       47208 kB
VmallocChunk:          0 kB
Percpu:            13280 kB
HardwareCorrupted:     0 kB
AnonHugePages:   1382400 kB
ShmemHugePages:        0 kB
ShmemPmdMapped:        0 kB
FileHugePages:         0 kB
FilePmdMapped:         0 kB
CmaTotal:              0 kB
CmaFree:               0 kB
Unaccepted:            0 kB
Balloon:               0 kB
HugePages_Total:       0
HugePages_Free:        0
HugePages_Rsvd:        0
HugePages_Surp:        0
Hugepagesize:       2048 kB
Hugetlb:               0 kB
DirectMap4k:      194432 kB
DirectMap2M:     6096896 kB
DirectMap1G:     4194304 kB
---SNAPSHOT---
2026-04-27 13:39:33
MemTotal:        8129240 kB
MemFree:         3636548 kB
MemAvailable:    3363020 kB
Buffers:            5700 kB
Cached:           299732 kB
SwapCached:       237760 kB
Active:          3053064 kB
Inactive:         757032 kB
Active(anon):    2950124 kB
Inactive(anon):   608968 kB
Active(file):     102940 kB
Inactive(file):   148064 kB
Unevictable:          16 kB
Mlocked:              16 kB
SwapTotal:       4194300 kB
SwapFree:        3819024 kB
Zswap:                 0 kB
Zswapped:              0 kB
Dirty:               416 kB
Writeback:         12008 kB
AnonPages:       3273840 kB
Mapped:           251008 kB
Shmem:             54448 kB
KReclaimable:      57020 kB
Slab:             286044 kB
SReclaimable:      57020 kB
SUnreclaim:       229024 kB
KernelStack:       18912 kB
PageTables:        57436 kB
SecPageTables:         0 kB
NFS_Unstable:          0 kB
Bounce:                0 kB
WritebackTmp:          0 kB
CommitLimit:     8258920 kB
Committed_AS:   11967248 kB
VmallocTotal:   34359738367 kB
VmallocUsed:       47176 kB
VmallocChunk:          0 kB
Percpu:            13280 kB
HardwareCorrupted:     0 kB
AnonHugePages:    903168 kB
ShmemHugePages:        0 kB
ShmemPmdMapped:        0 kB
FileHugePages:         0 kB
FilePmdMapped:         0 kB
CmaTotal:              0 kB
CmaFree:               0 kB
Unaccepted:            0 kB
Balloon:               0 kB
HugePages_Total:       0
HugePages_Free:        0
HugePages_Rsvd:        0
HugePages_Surp:        0
Hugepagesize:       2048 kB
Hugetlb:               0 kB
DirectMap4k:      194432 kB
DirectMap2M:     6096896 kB
DirectMap1G:     4194304 kB
---SNAPSHOT---
2026-04-27 13:39:34
MemTotal:        8129240 kB
MemFree:         2849684 kB
MemAvailable:    2576224 kB
Buffers:            5832 kB
Cached:           299740 kB
SwapCached:       237760 kB
Active:          3858884 kB
Inactive:         760764 kB
Active(anon):    3755944 kB
Inactive(anon):   612564 kB
Active(file):     102940 kB
Inactive(file):   148200 kB
Unevictable:          16 kB
Mlocked:              16 kB
SwapTotal:       4194300 kB
SwapFree:        3819024 kB
Zswap:                 0 kB
Zswapped:              0 kB
Dirty:               424 kB
Writeback:          8424 kB
AnonPages:       4083020 kB
Mapped:           251008 kB
Shmem:             54448 kB
KReclaimable:      57020 kB
Slab:             285812 kB
SReclaimable:      57020 kB
SUnreclaim:       228792 kB
KernelStack:       18944 kB
PageTables:        58868 kB
SecPageTables:         0 kB
NFS_Unstable:          0 kB
Bounce:                0 kB
WritebackTmp:          0 kB
CommitLimit:     8258920 kB
Committed_AS:   11967132 kB
VmallocTotal:   34359738367 kB
VmallocUsed:       47192 kB
VmallocChunk:          0 kB
Percpu:            13280 kB
HardwareCorrupted:     0 kB
AnonHugePages:   1712128 kB
ShmemHugePages:        0 kB
ShmemPmdMapped:        0 kB
FileHugePages:         0 kB
FilePmdMapped:         0 kB
CmaTotal:              0 kB
CmaFree:               0 kB
Unaccepted:            0 kB
Balloon:               0 kB
HugePages_Total:       0
HugePages_Free:        0
HugePages_Rsvd:        0
HugePages_Surp:        0
Hugepagesize:       2048 kB
Hugetlb:               0 kB
DirectMap4k:      194432 kB
DirectMap2M:     6096896 kB
DirectMap1G:     4194304 kB
---SNAPSHOT---
2026-04-27 13:39:35
MemTotal:        8129240 kB
MemFree:         3910504 kB
MemAvailable:    3637048 kB
Buffers:            5832 kB
Cached:           299744 kB
SwapCached:       237760 kB
Active:          2730180 kB
Inactive:         766292 kB
Active(anon):    2627240 kB
Inactive(anon):   618084 kB
Active(file):     102940 kB
Inactive(file):   148208 kB
Unevictable:          16 kB
Mlocked:              16 kB
SwapTotal:       4194300 kB
SwapFree:        3819024 kB
Zswap:                 0 kB
Zswapped:              0 kB
Dirty:               428 kB
Writeback:          2844 kB
AnonPages:       2960000 kB
Mapped:           251008 kB
Shmem:             54448 kB
KReclaimable:      57020 kB
Slab:             285612 kB
SReclaimable:      57020 kB
SUnreclaim:       228592 kB
KernelStack:       18928 kB
PageTables:        57068 kB
SecPageTables:         0 kB
NFS_Unstable:          0 kB
Bounce:                0 kB
WritebackTmp:          0 kB
CommitLimit:     8258920 kB
Committed_AS:   11967224 kB
VmallocTotal:   34359738367 kB
VmallocUsed:       47192 kB
VmallocChunk:          0 kB
Percpu:            13280 kB
HardwareCorrupted:     0 kB
AnonHugePages:    589824 kB
ShmemHugePages:        0 kB
ShmemPmdMapped:        0 kB
FileHugePages:         0 kB
FilePmdMapped:         0 kB
CmaTotal:              0 kB
CmaFree:               0 kB
Unaccepted:            0 kB
Balloon:               0 kB
HugePages_Total:       0
HugePages_Free:        0
HugePages_Rsvd:        0
HugePages_Surp:        0
Hugepagesize:       2048 kB
Hugetlb:               0 kB
DirectMap4k:      194432 kB
DirectMap2M:     6096896 kB
DirectMap1G:     4194304 kB
---SNAPSHOT---
2026-04-27 13:39:37
MemTotal:        8129240 kB
MemFree:         2741284 kB
MemAvailable:    2467664 kB
Buffers:            6004 kB
Cached:           299756 kB
SwapCached:       241860 kB
Active:          3966228 kB
Inactive:         769644 kB
Active(anon):    3863288 kB
Inactive(anon):   621296 kB
Active(file):     102940 kB
Inactive(file):   148348 kB
Unevictable:          16 kB
Mlocked:              16 kB
SwapTotal:       4194300 kB
SwapFree:        3814924 kB
Zswap:                 0 kB
Zswapped:              0 kB
Dirty:               432 kB
Writeback:          3668 kB
AnonPages:       4196692 kB
Mapped:           251108 kB
Shmem:             54448 kB
KReclaimable:      57020 kB
Slab:             285424 kB
SReclaimable:      57020 kB
SUnreclaim:       228404 kB
KernelStack:       18944 kB
PageTables:        59560 kB
SecPageTables:         0 kB
NFS_Unstable:          0 kB
Bounce:                0 kB
WritebackTmp:          0 kB
CommitLimit:     8258920 kB
Committed_AS:   11967356 kB
VmallocTotal:   34359738367 kB
VmallocUsed:       47176 kB
VmallocChunk:          0 kB
Percpu:            13280 kB
HardwareCorrupted:     0 kB
AnonHugePages:   1828864 kB
ShmemHugePages:        0 kB
ShmemPmdMapped:        0 kB
FileHugePages:         0 kB
FilePmdMapped:         0 kB
CmaTotal:              0 kB
CmaFree:               0 kB
Unaccepted:            0 kB
Balloon:               0 kB
HugePages_Total:       0
HugePages_Free:        0
HugePages_Rsvd:        0
HugePages_Surp:        0
Hugepagesize:       2048 kB
Hugetlb:               0 kB
DirectMap4k:      194432 kB
DirectMap2M:     6096896 kB
DirectMap1G:     4194304 kB
---SNAPSHOT---
2026-04-27 13:39:38
MemTotal:        8129240 kB
MemFree:         3411204 kB
MemAvailable:    3137840 kB
Buffers:            6012 kB
Cached:           299760 kB
SwapCached:       242680 kB
Active:          3222948 kB
Inactive:         773340 kB
Active(anon):    3120008 kB
Inactive(anon):   624944 kB
Active(file):     102940 kB
Inactive(file):   148396 kB
Unevictable:          16 kB
Mlocked:              16 kB
SwapTotal:       4194300 kB
SwapFree:        3814104 kB
Zswap:                 0 kB
Zswapped:              0 kB
Dirty:               344 kB
Writeback:           884 kB
AnonPages:       3456336 kB
Mapped:           251008 kB
Shmem:             54448 kB
KReclaimable:      57020 kB
Slab:             285256 kB
SReclaimable:      57020 kB
SUnreclaim:       228236 kB
KernelStack:       18988 kB
PageTables:        58492 kB
SecPageTables:         0 kB
NFS_Unstable:          0 kB
Bounce:                0 kB
WritebackTmp:          0 kB
CommitLimit:     8258920 kB
Committed_AS:   11967028 kB
VmallocTotal:   34359738367 kB
VmallocUsed:       47240 kB
VmallocChunk:          0 kB
Percpu:            13280 kB
HardwareCorrupted:     0 kB
AnonHugePages:   1089536 kB
ShmemHugePages:        0 kB
ShmemPmdMapped:        0 kB
FileHugePages:         0 kB
FilePmdMapped:         0 kB
CmaTotal:              0 kB
CmaFree:               0 kB
Unaccepted:            0 kB
Balloon:               0 kB
HugePages_Total:       0
HugePages_Free:        0
HugePages_Rsvd:        0
HugePages_Surp:        0
Hugepagesize:       2048 kB
Hugetlb:               0 kB
DirectMap4k:      194432 kB
DirectMap2M:     6096896 kB
DirectMap1G:     4194304 kB
---SNAPSHOT---
2026-04-27 13:39:39
MemTotal:        8129240 kB
MemFree:         2955384 kB
MemAvailable:    2682032 kB
Buffers:            6016 kB
Cached:           299772 kB
SwapCached:       242680 kB
Active:          3759668 kB
Inactive:         773360 kB
Active(anon):    3656728 kB
Inactive(anon):   624944 kB
Active(file):     102940 kB
Inactive(file):   148416 kB
Unevictable:          16 kB
Mlocked:              16 kB
SwapTotal:       4194300 kB
SwapFree:        3814104 kB
Zswap:                 0 kB
Zswapped:              0 kB
Dirty:               296 kB
Writeback:           400 kB
AnonPages:       3993140 kB
Mapped:           251008 kB
Shmem:             54448 kB
KReclaimable:      57020 kB
Slab:             285200 kB
SReclaimable:      57020 kB
SUnreclaim:       228180 kB
KernelStack:       18988 kB
PageTables:        59336 kB
SecPageTables:         0 kB
NFS_Unstable:          0 kB
Bounce:                0 kB
WritebackTmp:          0 kB
CommitLimit:     8258920 kB
Committed_AS:   11967116 kB
VmallocTotal:   34359738367 kB
VmallocUsed:       47272 kB
VmallocChunk:          0 kB
Percpu:            13280 kB
HardwareCorrupted:     0 kB
AnonHugePages:   1626112 kB
ShmemHugePages:        0 kB
ShmemPmdMapped:        0 kB
FileHugePages:         0 kB
FilePmdMapped:         0 kB
CmaTotal:              0 kB
CmaFree:               0 kB
Unaccepted:            0 kB
Balloon:               0 kB
HugePages_Total:       0
HugePages_Free:        0
HugePages_Rsvd:        0
HugePages_Surp:        0
Hugepagesize:       2048 kB
Hugetlb:               0 kB
DirectMap4k:      194432 kB
DirectMap2M:     6096896 kB
DirectMap1G:     4194304 kB
---SNAPSHOT---
2026-04-27 13:39:40
MemTotal:        8129240 kB
MemFree:         3021176 kB
MemAvailable:    2747824 kB
Buffers:            6016 kB
Cached:           299780 kB
SwapCached:       242680 kB
Active:          3651420 kB
Inactive:         773364 kB
Active(anon):    3548480 kB
Inactive(anon):   624944 kB
Active(file):     102940 kB
Inactive(file):   148420 kB
Unevictable:          16 kB
Mlocked:              16 kB
SwapTotal:       4194300 kB
SwapFree:        3814104 kB
Zswap:                 0 kB
Zswapped:              0 kB
Dirty:               304 kB
Writeback:           400 kB
AnonPages:       3884880 kB
Mapped:           251008 kB
Shmem:             54448 kB
KReclaimable:      57020 kB
Slab:             285196 kB
SReclaimable:      57020 kB
SUnreclaim:       228176 kB
KernelStack:       18988 kB
PageTables:        59452 kB
SecPageTables:         0 kB
NFS_Unstable:          0 kB
Bounce:                0 kB
WritebackTmp:          0 kB
CommitLimit:     8258920 kB
Committed_AS:   11967248 kB
VmallocTotal:   34359738367 kB
VmallocUsed:       47240 kB
VmallocChunk:          0 kB
Percpu:            13280 kB
HardwareCorrupted:     0 kB
AnonHugePages:   1517568 kB
ShmemHugePages:        0 kB
ShmemPmdMapped:        0 kB
FileHugePages:         0 kB
FilePmdMapped:         0 kB
CmaTotal:              0 kB
CmaFree:               0 kB
Unaccepted:            0 kB
Balloon:               0 kB
HugePages_Total:       0
HugePages_Free:        0
HugePages_Rsvd:        0
HugePages_Surp:        0
Hugepagesize:       2048 kB
Hugetlb:               0 kB
DirectMap4k:      194432 kB
DirectMap2M:     6096896 kB
DirectMap1G:     4194304 kB
---SNAPSHOT---
2026-04-27 13:39:41
MemTotal:        8129240 kB
MemFree:         3180688 kB
MemAvailable:    2907344 kB
Buffers:            6020 kB
Cached:           299780 kB
SwapCached:       242680 kB
Active:          3544944 kB
Inactive:         773376 kB
Active(anon):    3442004 kB
Inactive(anon):   624944 kB
Active(file):     102940 kB
Inactive(file):   148432 kB
Unevictable:          16 kB
Mlocked:              16 kB
SwapTotal:       4194300 kB
SwapFree:        3814104 kB
Zswap:                 0 kB
Zswapped:              0 kB
Dirty:               308 kB
Writeback:           400 kB
AnonPages:       3778148 kB
Mapped:           251008 kB
Shmem:             54448 kB
KReclaimable:      57020 kB
Slab:             285180 kB
SReclaimable:      57020 kB
SUnreclaim:       228160 kB
KernelStack:       18988 kB
PageTables:        59004 kB
SecPageTables:         0 kB
NFS_Unstable:          0 kB
Bounce:                0 kB
WritebackTmp:          0 kB
CommitLimit:     8258920 kB
Committed_AS:   11967248 kB
VmallocTotal:   34359738367 kB
VmallocUsed:       47272 kB
VmallocChunk:          0 kB
Percpu:            13280 kB
HardwareCorrupted:     0 kB
AnonHugePages:   1411072 kB
ShmemHugePages:        0 kB
ShmemPmdMapped:        0 kB
FileHugePages:         0 kB
FilePmdMapped:         0 kB
CmaTotal:              0 kB
CmaFree:               0 kB
Unaccepted:            0 kB
Balloon:               0 kB
HugePages_Total:       0
HugePages_Free:        0
HugePages_Rsvd:        0
HugePages_Surp:        0
Hugepagesize:       2048 kB
Hugetlb:               0 kB
DirectMap4k:      194432 kB
DirectMap2M:     6096896 kB
DirectMap1G:     4194304 kB
---SNAPSHOT---
2026-04-27 13:39:42
MemTotal:        8129240 kB
MemFree:         2644032 kB
MemAvailable:    2373056 kB
Buffers:            6716 kB
Cached:           303860 kB
SwapCached:       243772 kB
Active:          4081644 kB
Inactive:         774152 kB
Active(anon):    3974740 kB
Inactive(anon):   624944 kB
Active(file):     106904 kB
Inactive(file):   149208 kB
Unevictable:          16 kB
Mlocked:              16 kB
SwapTotal:       4194300 kB
SwapFree:        3813012 kB
Zswap:                 0 kB
Zswapped:              0 kB
Dirty:                24 kB
Writeback:           192 kB
AnonPages:       4310128 kB
Mapped:           253388 kB
Shmem:             54448 kB
KReclaimable:      57020 kB
Slab:             285152 kB
SReclaimable:      57020 kB
SUnreclaim:       228132 kB
KernelStack:       19004 kB
PageTables:        60248 kB
SecPageTables:         0 kB
NFS_Unstable:          0 kB
Bounce:                0 kB
WritebackTmp:          0 kB
CommitLimit:     8258920 kB
Committed_AS:   11968908 kB
VmallocTotal:   34359738367 kB
VmallocUsed:       47224 kB
VmallocChunk:          0 kB
Percpu:            13280 kB
HardwareCorrupted:     0 kB
AnonHugePages:   1935360 kB
ShmemHugePages:        0 kB
ShmemPmdMapped:        0 kB
FileHugePages:         0 kB
FilePmdMapped:         0 kB
CmaTotal:              0 kB
CmaFree:               0 kB
Unaccepted:            0 kB
Balloon:               0 kB
HugePages_Total:       0
HugePages_Free:        0
HugePages_Rsvd:        0
HugePages_Surp:        0
Hugepagesize:       2048 kB
Hugetlb:               0 kB
DirectMap4k:      194432 kB
DirectMap2M:     6096896 kB
DirectMap1G:     4194304 kB
---SNAPSHOT---
2026-04-27 13:39:43
MemTotal:        8129240 kB
MemFree:         3352412 kB
MemAvailable:    3081460 kB
Buffers:            6720 kB
Cached:           303876 kB
SwapCached:       252164 kB
Active:          3319976 kB
Inactive:         781596 kB
Active(anon):    3213056 kB
Inactive(anon):   632356 kB
Active(file):     106920 kB
Inactive(file):   149240 kB
Unevictable:          16 kB
Mlocked:              16 kB
SwapTotal:       4194300 kB
SwapFree:        3804620 kB
Zswap:                 0 kB
Zswapped:              0 kB
Dirty:                40 kB
Writeback:           756 kB
AnonPages:       3547912 kB
Mapped:           251008 kB
Shmem:             54448 kB
KReclaimable:      57020 kB
Slab:             285128 kB
SReclaimable:      57020 kB
SUnreclaim:       228108 kB
KernelStack:       18988 kB
PageTables:        58440 kB
SecPageTables:         0 kB
NFS_Unstable:          0 kB
Bounce:                0 kB
WritebackTmp:          0 kB
CommitLimit:     8258920 kB
Committed_AS:   11967248 kB
VmallocTotal:   34359738367 kB
VmallocUsed:       47224 kB
VmallocChunk:          0 kB
Percpu:            13280 kB
HardwareCorrupted:     0 kB
AnonHugePages:   1175552 kB
ShmemHugePages:        0 kB
ShmemPmdMapped:        0 kB
FileHugePages:         0 kB
FilePmdMapped:         0 kB
CmaTotal:              0 kB
CmaFree:               0 kB
Unaccepted:            0 kB
Balloon:               0 kB
HugePages_Total:       0
HugePages_Free:        0
HugePages_Rsvd:        0
HugePages_Surp:        0
Hugepagesize:       2048 kB
Hugetlb:               0 kB
DirectMap4k:      194432 kB
DirectMap2M:     6096896 kB
DirectMap1G:     4194304 kB
---SNAPSHOT---
2026-04-27 13:39:44
MemTotal:        8129240 kB
MemFree:         2864712 kB
MemAvailable:    2593764 kB
Buffers:            6720 kB
Cached:           303880 kB
SwapCached:       255592 kB
Active:          3846452 kB
Inactive:         785608 kB
Active(anon):    3739532 kB
Inactive(anon):   636360 kB
Active(file):     106920 kB
Inactive(file):   149248 kB
Unevictable:          16 kB
Mlocked:              16 kB
SwapTotal:       4194300 kB
SwapFree:        3801148 kB
Zswap:                 0 kB
Zswapped:              0 kB
Dirty:                44 kB
Writeback:           236 kB
AnonPages:       4074788 kB
Mapped:           251008 kB
Shmem:             54448 kB
KReclaimable:      57020 kB
Slab:             285140 kB
SReclaimable:      57020 kB
SUnreclaim:       228120 kB
KernelStack:       18944 kB
PageTables:        59372 kB
SecPageTables:         0 kB
NFS_Unstable:          0 kB
Bounce:                0 kB
WritebackTmp:          0 kB
CommitLimit:     8258920 kB
Committed_AS:   11967248 kB
VmallocTotal:   34359738367 kB
VmallocUsed:       47192 kB
VmallocChunk:          0 kB
Percpu:            13280 kB
HardwareCorrupted:     0 kB
AnonHugePages:   1703936 kB
ShmemHugePages:        0 kB
ShmemPmdMapped:        0 kB
FileHugePages:         0 kB
FilePmdMapped:         0 kB
CmaTotal:              0 kB
CmaFree:               0 kB
Unaccepted:            0 kB
Balloon:               0 kB
HugePages_Total:       0
HugePages_Free:        0
HugePages_Rsvd:        0
HugePages_Surp:        0
Hugepagesize:       2048 kB
Hugetlb:               0 kB
DirectMap4k:      194432 kB
DirectMap2M:     6096896 kB
DirectMap1G:     4194304 kB
---SNAPSHOT---
2026-04-27 13:39:45
MemTotal:        8129240 kB
MemFree:         2931792 kB
MemAvailable:    2660852 kB
Buffers:            6720 kB
Cached:           303888 kB
SwapCached:       262808 kB
Active:          3732156 kB
Inactive:         793560 kB
Active(anon):    3625236 kB
Inactive(anon):   644300 kB
Active(file):     106920 kB
Inactive(file):   149260 kB
Unevictable:          16 kB
Mlocked:              16 kB
SwapTotal:       4194300 kB
SwapFree:        3793976 kB
Zswap:                 0 kB
Zswapped:              0 kB
Dirty:                52 kB
Writeback:          1260 kB
AnonPages:       3961216 kB
Mapped:           251204 kB
Shmem:             54448 kB
KReclaimable:      57020 kB
Slab:             285172 kB
SReclaimable:      57020 kB
SUnreclaim:       228152 kB
KernelStack:       18928 kB
PageTables:        59604 kB
SecPageTables:         0 kB
NFS_Unstable:          0 kB
Bounce:                0 kB
WritebackTmp:          0 kB
CommitLimit:     8258920 kB
Committed_AS:   11967356 kB
VmallocTotal:   34359738367 kB
VmallocUsed:       47240 kB
VmallocChunk:          0 kB
Percpu:            13280 kB
HardwareCorrupted:     0 kB
AnonHugePages:   1593344 kB
ShmemHugePages:        0 kB
ShmemPmdMapped:        0 kB
FileHugePages:         0 kB
FilePmdMapped:         0 kB
CmaTotal:              0 kB
CmaFree:               0 kB
Unaccepted:            0 kB
Balloon:               0 kB
HugePages_Total:       0
HugePages_Free:        0
HugePages_Rsvd:        0
HugePages_Surp:        0
Hugepagesize:       2048 kB
Hugetlb:               0 kB
DirectMap4k:      194432 kB
DirectMap2M:     6096896 kB
DirectMap1G:     4194304 kB
---SNAPSHOT---
2026-04-27 13:39:46
MemTotal:        8129240 kB
MemFree:         3068252 kB
MemAvailable:    2797312 kB
Buffers:            6720 kB
Cached:           303888 kB
SwapCached:       276056 kB
Active:          3617376 kB
Inactive:         806172 kB
Active(anon):    3510456 kB
Inactive(anon):   656912 kB
Active(file):     106920 kB
Inactive(file):   149260 kB
Unevictable:          16 kB
Mlocked:              16 kB
SwapTotal:       4194300 kB
SwapFree:        3780560 kB
Zswap:                 0 kB
Zswapped:              0 kB
Dirty:                52 kB
Writeback:           700 kB
AnonPages:       3845872 kB
Mapped:           251000 kB
Shmem:             54448 kB
KReclaimable:      57020 kB
Slab:             285184 kB
SReclaimable:      57020 kB
SUnreclaim:       228164 kB
KernelStack:       18972 kB
PageTables:        58976 kB
SecPageTables:         0 kB
NFS_Unstable:          0 kB
Bounce:                0 kB
WritebackTmp:          0 kB
CommitLimit:     8258920 kB
Committed_AS:   11967248 kB
VmallocTotal:   34359738367 kB
VmallocUsed:       47240 kB
VmallocChunk:          0 kB
Percpu:            13280 kB
HardwareCorrupted:     0 kB
AnonHugePages:   1484800 kB
ShmemHugePages:        0 kB
ShmemPmdMapped:        0 kB
FileHugePages:         0 kB
FilePmdMapped:         0 kB
CmaTotal:              0 kB
CmaFree:               0 kB
Unaccepted:            0 kB
Balloon:               0 kB
HugePages_Total:       0
HugePages_Free:        0
HugePages_Rsvd:        0
HugePages_Surp:        0
Hugepagesize:       2048 kB
Hugetlb:               0 kB
DirectMap4k:      194432 kB
DirectMap2M:     6096896 kB
DirectMap1G:     4194304 kB
---SNAPSHOT---
2026-04-27 13:39:47
MemTotal:        8129240 kB
MemFree:         2535564 kB
MemAvailable:    2264628 kB
Buffers:            6728 kB
Cached:           303900 kB
SwapCached:       278708 kB
Active:          4149508 kB
Inactive:         808400 kB
Active(anon):    4042588 kB
Inactive(anon):   659128 kB
Active(file):     106920 kB
Inactive(file):   149272 kB
Unevictable:          16 kB
Mlocked:              16 kB
SwapTotal:       4194300 kB
SwapFree:        3778076 kB
Zswap:                 0 kB
Zswapped:              0 kB
Dirty:                64 kB
Writeback:           728 kB
AnonPages:       4377552 kB
Mapped:           251008 kB
Shmem:             54448 kB
KReclaimable:      57020 kB
Slab:             285144 kB
SReclaimable:      57020 kB
SUnreclaim:       228124 kB
KernelStack:       18884 kB
PageTables:        60072 kB
SecPageTables:         0 kB
NFS_Unstable:          0 kB
Bounce:                0 kB
WritebackTmp:          0 kB
CommitLimit:     8258920 kB
Committed_AS:   11966864 kB
VmallocTotal:   34359738367 kB
VmallocUsed:       47224 kB
VmallocChunk:          0 kB
Percpu:            13280 kB
HardwareCorrupted:     0 kB
AnonHugePages:   2019328 kB
ShmemHugePages:        0 kB
ShmemPmdMapped:        0 kB
FileHugePages:         0 kB
FilePmdMapped:         0 kB
CmaTotal:              0 kB
CmaFree:               0 kB
Unaccepted:            0 kB
Balloon:               0 kB
HugePages_Total:       0
HugePages_Free:        0
HugePages_Rsvd:        0
HugePages_Surp:        0
Hugepagesize:       2048 kB
Hugetlb:               0 kB
DirectMap4k:      194432 kB
DirectMap2M:     6096896 kB
DirectMap1G:     4194304 kB
---SNAPSHOT---
2026-04-27 13:39:48
MemTotal:        8129240 kB
MemFree:         3291716 kB
MemAvailable:    3020788 kB
Buffers:            6728 kB
Cached:           303908 kB
SwapCached:       280692 kB
Active:          3398128 kB
Inactive:         810444 kB
Active(anon):    3291208 kB
Inactive(anon):   661156 kB
Active(file):     106920 kB
Inactive(file):   149288 kB
Unevictable:          16 kB
Mlocked:              16 kB
SwapTotal:       4194300 kB
SwapFree:        3776092 kB
Zswap:                 0 kB
Zswapped:              0 kB
Dirty:               100 kB
Writeback:           828 kB
AnonPages:       3626268 kB
Mapped:           251008 kB
Shmem:             54448 kB
KReclaimable:      57020 kB
Slab:             285112 kB
SReclaimable:      57020 kB
SUnreclaim:       228092 kB
KernelStack:       18928 kB
PageTables:        58636 kB
SecPageTables:         0 kB
NFS_Unstable:          0 kB
Bounce:                0 kB
WritebackTmp:          0 kB
CommitLimit:     8258920 kB
Committed_AS:   11967116 kB
VmallocTotal:   34359738367 kB
VmallocUsed:       47208 kB
VmallocChunk:          0 kB
Percpu:            13280 kB
HardwareCorrupted:     0 kB
AnonHugePages:   1265664 kB
ShmemHugePages:        0 kB
ShmemPmdMapped:        0 kB
FileHugePages:         0 kB
FilePmdMapped:         0 kB
CmaTotal:              0 kB
CmaFree:               0 kB
Unaccepted:            0 kB
Balloon:               0 kB
HugePages_Total:       0
HugePages_Free:        0
HugePages_Rsvd:        0
HugePages_Surp:        0
Hugepagesize:       2048 kB
Hugetlb:               0 kB
DirectMap4k:      194432 kB
DirectMap2M:     6096896 kB
DirectMap1G:     4194304 kB
---SNAPSHOT---
2026-04-27 13:39:49
MemTotal:        8129240 kB
MemFree:         2758720 kB
MemAvailable:    2487796 kB
Buffers:            6728 kB
Cached:           303916 kB
SwapCached:       280872 kB
Active:          3939008 kB
Inactive:         810588 kB
Active(anon):    3832088 kB
Inactive(anon):   661296 kB
Active(file):     106920 kB
Inactive(file):   149292 kB
Unevictable:          16 kB
Mlocked:              16 kB
SwapTotal:       4194300 kB
SwapFree:        3775912 kB
Zswap:                 0 kB
Zswapped:              0 kB
Dirty:               108 kB
Writeback:           280 kB
AnonPages:       4166968 kB
Mapped:           251008 kB
Shmem:             54448 kB
KReclaimable:      57020 kB
Slab:             285088 kB
SReclaimable:      57020 kB
SUnreclaim:       228068 kB
KernelStack:       18912 kB
PageTables:        59792 kB
SecPageTables:         0 kB
NFS_Unstable:          0 kB
Bounce:                0 kB
WritebackTmp:          0 kB
CommitLimit:     8258920 kB
Committed_AS:   11967028 kB
VmallocTotal:   34359738367 kB
VmallocUsed:       47208 kB
VmallocChunk:          0 kB
Percpu:            13280 kB
HardwareCorrupted:     0 kB
AnonHugePages:   1814528 kB
ShmemHugePages:        0 kB
ShmemPmdMapped:        0 kB
FileHugePages:         0 kB
FilePmdMapped:         0 kB
CmaTotal:              0 kB
CmaFree:               0 kB
Unaccepted:            0 kB
Balloon:               0 kB
HugePages_Total:       0
HugePages_Free:        0
HugePages_Rsvd:        0
HugePages_Surp:        0
Hugepagesize:       2048 kB
Hugetlb:               0 kB
DirectMap4k:      194432 kB
DirectMap2M:     6096896 kB
DirectMap1G:     4194304 kB
---SNAPSHOT---
2026-04-27 13:39:50
MemTotal:        8129240 kB
MemFree:         3444800 kB
MemAvailable:    3173880 kB
Buffers:            6728 kB
Cached:           303924 kB
SwapCached:       282832 kB
Active:          3173204 kB
Inactive:         812580 kB
Active(anon):    3066284 kB
Inactive(anon):   663276 kB
Active(file):     106920 kB
Inactive(file):   149304 kB
Unevictable:          16 kB
Mlocked:              16 kB
SwapTotal:       4194300 kB
SwapFree:        3773952 kB
Zswap:                 0 kB
Zswapped:              0 kB
Dirty:               116 kB
Writeback:           172 kB
AnonPages:       3401372 kB
Mapped:           251008 kB
Shmem:             54448 kB
KReclaimable:      57020 kB
Slab:             285120 kB
SReclaimable:      57020 kB
SUnreclaim:       228100 kB
KernelStack:       18912 kB
PageTables:        58136 kB
SecPageTables:         0 kB
NFS_Unstable:          0 kB
Bounce:                0 kB
WritebackTmp:          0 kB
CommitLimit:     8258920 kB
Committed_AS:   11967356 kB
VmallocTotal:   34359738367 kB
VmallocUsed:       47192 kB
VmallocChunk:          0 kB
Percpu:            13280 kB
HardwareCorrupted:     0 kB
AnonHugePages:   1050624 kB
ShmemHugePages:        0 kB
ShmemPmdMapped:        0 kB
FileHugePages:         0 kB
FilePmdMapped:         0 kB
CmaTotal:              0 kB
CmaFree:               0 kB
Unaccepted:            0 kB
Balloon:               0 kB
HugePages_Total:       0
HugePages_Free:        0
HugePages_Rsvd:        0
HugePages_Surp:        0
Hugepagesize:       2048 kB
Hugetlb:               0 kB
DirectMap4k:      194432 kB
DirectMap2M:     6096896 kB
DirectMap1G:     4194304 kB
---SNAPSHOT---
2026-04-27 13:39:51
MemTotal:        8129240 kB
MemFree:         3000384 kB
MemAvailable:    2729464 kB
Buffers:            6728 kB
Cached:           303928 kB
SwapCached:       285828 kB
Active:          3691740 kB
Inactive:         816664 kB
Active(anon):    3584820 kB
Inactive(anon):   667360 kB
Active(file):     106920 kB
Inactive(file):   149304 kB
Unevictable:          16 kB
Mlocked:              16 kB
SwapTotal:       4194300 kB
SwapFree:        3770956 kB
Zswap:                 0 kB
Zswapped:              0 kB
Dirty:               120 kB
Writeback:           160 kB
AnonPages:       3920788 kB
Mapped:           251092 kB
Shmem:             54448 kB
KReclaimable:      57020 kB
Slab:             285092 kB
SReclaimable:      57020 kB
SUnreclaim:       228072 kB
KernelStack:       18912 kB
PageTables:        59168 kB
SecPageTables:         0 kB
NFS_Unstable:          0 kB
Bounce:                0 kB
WritebackTmp:          0 kB
CommitLimit:     8258920 kB
Committed_AS:   11967360 kB
VmallocTotal:   34359738367 kB
VmallocUsed:       47208 kB
VmallocChunk:          0 kB
Percpu:            13280 kB
HardwareCorrupted:     0 kB
AnonHugePages:   1570816 kB
ShmemHugePages:        0 kB
ShmemPmdMapped:        0 kB
FileHugePages:         0 kB
FilePmdMapped:         0 kB
CmaTotal:              0 kB
CmaFree:               0 kB
Unaccepted:            0 kB
Balloon:               0 kB
HugePages_Total:       0
HugePages_Free:        0
HugePages_Rsvd:        0
HugePages_Surp:        0
Hugepagesize:       2048 kB
Hugetlb:               0 kB
DirectMap4k:      194432 kB
DirectMap2M:     6096896 kB
DirectMap1G:     4194304 kB
---SNAPSHOT---
2026-04-27 13:39:52
MemTotal:        8129240 kB
MemFree:         3096640 kB
MemAvailable:    2825728 kB
Buffers:            6736 kB
Cached:           303936 kB
SwapCached:       357056 kB
Active:          3484964 kB
Inactive:         886020 kB
Active(anon):    3378044 kB
Inactive(anon):   736700 kB
Active(file):     106920 kB
Inactive(file):   149320 kB
Unevictable:          16 kB
Mlocked:              16 kB
SwapTotal:       4194300 kB
SwapFree:        3699728 kB
Zswap:                 0 kB
Zswapped:              0 kB
Dirty:               132 kB
Writeback:           312 kB
AnonPages:       3712384 kB
Mapped:           251008 kB
Shmem:             54448 kB
KReclaimable:      57020 kB
Slab:             285092 kB
SReclaimable:      57020 kB
SUnreclaim:       228072 kB
KernelStack:       18912 kB
PageTables:        58904 kB
SecPageTables:         0 kB
NFS_Unstable:          0 kB
Bounce:                0 kB
WritebackTmp:          0 kB
CommitLimit:     8258920 kB
Committed_AS:   11967120 kB
VmallocTotal:   34359738367 kB
VmallocUsed:       47192 kB
VmallocChunk:          0 kB
Percpu:            13280 kB
HardwareCorrupted:     0 kB
AnonHugePages:   1392640 kB
ShmemHugePages:        0 kB
ShmemPmdMapped:        0 kB
FileHugePages:         0 kB
FilePmdMapped:         0 kB
CmaTotal:              0 kB
CmaFree:               0 kB
Unaccepted:            0 kB
Balloon:               0 kB
HugePages_Total:       0
HugePages_Free:        0
HugePages_Rsvd:        0
HugePages_Surp:        0
Hugepagesize:       2048 kB
Hugetlb:               0 kB
DirectMap4k:      194432 kB
DirectMap2M:     6096896 kB
DirectMap1G:     4194304 kB
---SNAPSHOT---
2026-04-27 13:39:53
MemTotal:        8129240 kB
MemFree:         3274296 kB
MemAvailable:    3003388 kB
Buffers:            6736 kB
Cached:           303940 kB
SwapCached:       456348 kB
Active:          3255704 kB
Inactive:         986632 kB
Active(anon):    3148784 kB
Inactive(anon):   837308 kB
Active(file):     106920 kB
Inactive(file):   149324 kB
Unevictable:          16 kB
Mlocked:              16 kB
SwapTotal:       4194300 kB
SwapFree:        3600436 kB
Zswap:                 0 kB
Zswapped:              0 kB
Dirty:               136 kB
Writeback:           168 kB
AnonPages:       3484200 kB
Mapped:           251008 kB
Shmem:             54448 kB
KReclaimable:      57020 kB
Slab:             285100 kB
SReclaimable:      57020 kB
SUnreclaim:       228080 kB
KernelStack:       18944 kB
PageTables:        58692 kB
SecPageTables:         0 kB
NFS_Unstable:          0 kB
Bounce:                0 kB
WritebackTmp:          0 kB
CommitLimit:     8258920 kB
Committed_AS:   11967248 kB
VmallocTotal:   34359738367 kB
VmallocUsed:       47192 kB
VmallocChunk:          0 kB
Percpu:            13280 kB
HardwareCorrupted:     0 kB
AnonHugePages:   1202176 kB
ShmemHugePages:        0 kB
ShmemPmdMapped:        0 kB
FileHugePages:         0 kB
FilePmdMapped:         0 kB
CmaTotal:              0 kB
CmaFree:               0 kB
Unaccepted:            0 kB
Balloon:               0 kB
HugePages_Total:       0
HugePages_Free:        0
HugePages_Rsvd:        0
HugePages_Surp:        0
Hugepagesize:       2048 kB
Hugetlb:               0 kB
DirectMap4k:      194432 kB
DirectMap2M:     6096896 kB
DirectMap1G:     4194304 kB
---SNAPSHOT---
2026-04-27 13:39:54
MemTotal:        8129240 kB
MemFree:         2745912 kB
MemAvailable:    2475008 kB
Buffers:            6736 kB
Cached:           303944 kB
SwapCached:       464580 kB
Active:          3776120 kB
Inactive:         994700 kB
Active(anon):    3669200 kB
Inactive(anon):   845368 kB
Active(file):     106920 kB
Inactive(file):   149332 kB
Unevictable:          16 kB
Mlocked:              16 kB
SwapTotal:       4194300 kB
SwapFree:        3592204 kB
Zswap:                 0 kB
Zswapped:              0 kB
Dirty:               140 kB
Writeback:          1028 kB
AnonPages:       4004440 kB
Mapped:           251008 kB
Shmem:             54448 kB
KReclaimable:      57020 kB
Slab:             285120 kB
SReclaimable:      57020 kB
SUnreclaim:       228100 kB
KernelStack:       18960 kB
PageTables:        59800 kB
SecPageTables:         0 kB
NFS_Unstable:          0 kB
Bounce:                0 kB
WritebackTmp:          0 kB
CommitLimit:     8258920 kB
Committed_AS:   11967028 kB
VmallocTotal:   34359738367 kB
VmallocUsed:       47208 kB
VmallocChunk:          0 kB
Percpu:            13280 kB
HardwareCorrupted:     0 kB
AnonHugePages:   1726464 kB
ShmemHugePages:        0 kB
ShmemPmdMapped:        0 kB
FileHugePages:         0 kB
FilePmdMapped:         0 kB
CmaTotal:              0 kB
CmaFree:               0 kB
Unaccepted:            0 kB
Balloon:               0 kB
HugePages_Total:       0
HugePages_Free:        0
HugePages_Rsvd:        0
HugePages_Surp:        0
Hugepagesize:       2048 kB
Hugetlb:               0 kB
DirectMap4k:      194432 kB
DirectMap2M:     6096896 kB
DirectMap1G:     4194304 kB
---SNAPSHOT---
2026-04-27 13:39:55
MemTotal:        8129240 kB
MemFree:         3437912 kB
MemAvailable:    3167012 kB
Buffers:            6736 kB
Cached:           303952 kB
SwapCached:       465608 kB
Active:          3028324 kB
Inactive:         994760 kB
Active(anon):    2921404 kB
Inactive(anon):   845420 kB
Active(file):     106920 kB
Inactive(file):   149340 kB
Unevictable:          16 kB
Mlocked:              16 kB
SwapTotal:       4194300 kB
SwapFree:        3591176 kB
Zswap:                 0 kB
Zswapped:              0 kB
Dirty:               148 kB
Writeback:           160 kB
AnonPages:       3255808 kB
Mapped:           251008 kB
Shmem:             54448 kB
KReclaimable:      57020 kB
Slab:             285116 kB
SReclaimable:      57020 kB
SUnreclaim:       228096 kB
KernelStack:       18928 kB
PageTables:        58200 kB
SecPageTables:         0 kB
NFS_Unstable:          0 kB
Bounce:                0 kB
WritebackTmp:          0 kB
CommitLimit:     8258920 kB
Committed_AS:   11967248 kB
VmallocTotal:   34359738367 kB
VmallocUsed:       47176 kB
VmallocChunk:          0 kB
Percpu:            13280 kB
HardwareCorrupted:     0 kB
AnonHugePages:    978944 kB
ShmemHugePages:        0 kB
ShmemPmdMapped:        0 kB
FileHugePages:         0 kB
FilePmdMapped:         0 kB
CmaTotal:              0 kB
CmaFree:               0 kB
Unaccepted:            0 kB
Balloon:               0 kB
HugePages_Total:       0
HugePages_Free:        0
HugePages_Rsvd:        0
HugePages_Surp:        0
Hugepagesize:       2048 kB
Hugetlb:               0 kB
DirectMap4k:      194432 kB
DirectMap2M:     6096896 kB
DirectMap1G:     4194304 kB
---SNAPSHOT---
2026-04-27 13:39:56
MemTotal:        8129240 kB
MemFree:         2958428 kB
MemAvailable:    2687560 kB
Buffers:            6880 kB
Cached:           303956 kB
SwapCached:       465788 kB
Active:          3566884 kB
Inactive:         994932 kB
Active(anon):    3459964 kB
Inactive(anon):   845524 kB
Active(file):     106920 kB
Inactive(file):   149408 kB
Unevictable:          16 kB
Mlocked:              16 kB
SwapTotal:       4194300 kB
SwapFree:        3590996 kB
Zswap:                 0 kB
Zswapped:              0 kB
Dirty:               152 kB
Writeback:            16 kB
AnonPages:       3794244 kB
Mapped:           251084 kB
Shmem:             54448 kB
KReclaimable:      57020 kB
Slab:             285120 kB
SReclaimable:      57020 kB
SUnreclaim:       228100 kB
KernelStack:       18928 kB
PageTables:        59252 kB
SecPageTables:         0 kB
NFS_Unstable:          0 kB
Bounce:                0 kB
WritebackTmp:          0 kB
CommitLimit:     8258920 kB
Committed_AS:   11967116 kB
VmallocTotal:   34359738367 kB
VmallocUsed:       47192 kB
VmallocChunk:          0 kB
Percpu:            13280 kB
HardwareCorrupted:     0 kB
AnonHugePages:   1517568 kB
ShmemHugePages:        0 kB
ShmemPmdMapped:        0 kB
FileHugePages:         0 kB
FilePmdMapped:         0 kB
CmaTotal:              0 kB
CmaFree:               0 kB
Unaccepted:            0 kB
Balloon:               0 kB
HugePages_Total:       0
HugePages_Free:        0
HugePages_Rsvd:        0
HugePages_Surp:        0
Hugepagesize:       2048 kB
Hugetlb:               0 kB
DirectMap4k:      194432 kB
DirectMap2M:     6096896 kB
DirectMap1G:     4194304 kB
---SNAPSHOT---
2026-04-27 13:39:57
MemTotal:        8129240 kB
MemFree:         3032156 kB
MemAvailable:    2761336 kB
Buffers:            6888 kB
Cached:           303964 kB
SwapCached:       472244 kB
Active:          3444088 kB
Inactive:        1003136 kB
Active(anon):    3337168 kB
Inactive(anon):   853636 kB
Active(file):     106920 kB
Inactive(file):   149500 kB
Unevictable:          16 kB
Mlocked:              16 kB
SwapTotal:       4194300 kB
SwapFree:        3584372 kB
Zswap:                 0 kB
Zswapped:              0 kB
Dirty:               160 kB
Writeback:           224 kB
AnonPages:       3673160 kB
Mapped:           251008 kB
Shmem:             54448 kB
KReclaimable:      57020 kB
Slab:             285116 kB
SReclaimable:      57020 kB
SUnreclaim:       228096 kB
KernelStack:       18928 kB
PageTables:        58984 kB
SecPageTables:         0 kB
NFS_Unstable:          0 kB
Bounce:                0 kB
WritebackTmp:          0 kB
CommitLimit:     8258920 kB
Committed_AS:   11967224 kB
VmallocTotal:   34359738367 kB
VmallocUsed:       47192 kB
VmallocChunk:          0 kB
Percpu:            13280 kB
HardwareCorrupted:     0 kB
AnonHugePages:   1398784 kB
ShmemHugePages:        0 kB
ShmemPmdMapped:        0 kB
FileHugePages:         0 kB
FilePmdMapped:         0 kB
CmaTotal:              0 kB
CmaFree:               0 kB
Unaccepted:            0 kB
Balloon:               0 kB
HugePages_Total:       0
HugePages_Free:        0
HugePages_Rsvd:        0
HugePages_Surp:        0
Hugepagesize:       2048 kB
Hugetlb:               0 kB
DirectMap4k:      194432 kB
DirectMap2M:     6096896 kB
DirectMap1G:     4194304 kB
---SNAPSHOT---
2026-04-27 13:39:58
MemTotal:        8129240 kB
MemFree:         2749360 kB
MemAvailable:    2478540 kB
Buffers:            6888 kB
Cached:           303968 kB
SwapCached:       479196 kB
Active:          3761024 kB
Inactive:        1011416 kB
Active(anon):    3654104 kB
Inactive(anon):   861912 kB
Active(file):     106920 kB
Inactive(file):   149504 kB
Unevictable:          16 kB
Mlocked:              16 kB
SwapTotal:       4194300 kB
SwapFree:        3577588 kB
Zswap:                 0 kB
Zswapped:              0 kB
Dirty:               164 kB
Writeback:           240 kB
AnonPages:       3991248 kB
Mapped:           251008 kB
Shmem:             54448 kB
KReclaimable:      57020 kB
Slab:             285128 kB
SReclaimable:      57020 kB
SUnreclaim:       228108 kB
KernelStack:       18928 kB
PageTables:        59660 kB
SecPageTables:         0 kB
NFS_Unstable:          0 kB
Bounce:                0 kB
WritebackTmp:          0 kB
CommitLimit:     8258920 kB
Committed_AS:   11966864 kB
VmallocTotal:   34359738367 kB
VmallocUsed:       47224 kB
VmallocChunk:          0 kB
Percpu:            13280 kB
HardwareCorrupted:     0 kB
AnonHugePages:   1718272 kB
ShmemHugePages:        0 kB
ShmemPmdMapped:        0 kB
FileHugePages:         0 kB
FilePmdMapped:         0 kB
CmaTotal:              0 kB
CmaFree:               0 kB
Unaccepted:            0 kB
Balloon:               0 kB
HugePages_Total:       0
HugePages_Free:        0
HugePages_Rsvd:        0
HugePages_Surp:        0
Hugepagesize:       2048 kB
Hugetlb:               0 kB
DirectMap4k:      194432 kB
DirectMap2M:     6096896 kB
DirectMap1G:     4194304 kB
---SNAPSHOT---
2026-04-27 13:39:59
MemTotal:        8129240 kB
MemFree:         2479148 kB
MemAvailable:    2208396 kB
Buffers:            7020 kB
Cached:           303972 kB
SwapCached:       479336 kB
Active:          4029376 kB
Inactive:        1011636 kB
Active(anon):    3922456 kB
Inactive(anon):   862000 kB
Active(file):     106920 kB
Inactive(file):   149636 kB
Unevictable:          16 kB
Mlocked:              16 kB
SwapTotal:       4194300 kB
SwapFree:        3577448 kB
Zswap:                 0 kB
Zswapped:              0 kB
Dirty:               168 kB
Writeback:            84 kB
AnonPages:       4259532 kB
Mapped:           251108 kB
Shmem:             54448 kB
KReclaimable:      57020 kB
Slab:             285124 kB
SReclaimable:      57020 kB
SUnreclaim:       228104 kB
KernelStack:       18960 kB
PageTables:        60356 kB
SecPageTables:         0 kB
NFS_Unstable:          0 kB
Bounce:                0 kB
WritebackTmp:          0 kB
CommitLimit:     8258920 kB
Committed_AS:   11967136 kB
VmallocTotal:   34359738367 kB
VmallocUsed:       47208 kB
VmallocChunk:          0 kB
Percpu:            13280 kB
HardwareCorrupted:     0 kB
AnonHugePages:   1998848 kB
ShmemHugePages:        0 kB
ShmemPmdMapped:        0 kB
FileHugePages:         0 kB
FilePmdMapped:         0 kB
CmaTotal:              0 kB
CmaFree:               0 kB
Unaccepted:            0 kB
Balloon:               0 kB
HugePages_Total:       0
HugePages_Free:        0
HugePages_Rsvd:        0
HugePages_Surp:        0
Hugepagesize:       2048 kB
Hugetlb:               0 kB
DirectMap4k:      194432 kB
DirectMap2M:     6096896 kB
DirectMap1G:     4194304 kB
---SNAPSHOT---
2026-04-27 13:40:00
MemTotal:        8129240 kB
MemFree:         3342676 kB
MemAvailable:    3071928 kB
Buffers:            7020 kB
Cached:           303980 kB
SwapCached:       480176 kB
Active:          3110240 kB
Inactive:        1011648 kB
Active(anon):    3003320 kB
Inactive(anon):   862000 kB
Active(file):     106920 kB
Inactive(file):   149648 kB
Unevictable:          16 kB
Mlocked:              16 kB
SwapTotal:       4194300 kB
SwapFree:        3576608 kB
Zswap:                 0 kB
Zswapped:              0 kB
Dirty:               176 kB
Writeback:           836 kB
AnonPages:       3339548 kB
Mapped:           251008 kB
Shmem:             54448 kB
KReclaimable:      57020 kB
Slab:             285112 kB
SReclaimable:      57020 kB
SUnreclaim:       228092 kB
KernelStack:       18972 kB
PageTables:        58600 kB
SecPageTables:         0 kB
NFS_Unstable:          0 kB
Bounce:                0 kB
WritebackTmp:          0 kB
CommitLimit:     8258920 kB
Committed_AS:   11967120 kB
VmallocTotal:   34359738367 kB
VmallocUsed:       47240 kB
VmallocChunk:          0 kB
Percpu:            13280 kB
HardwareCorrupted:     0 kB
AnonHugePages:   1081344 kB
ShmemHugePages:        0 kB
ShmemPmdMapped:        0 kB
FileHugePages:         0 kB
FilePmdMapped:         0 kB
CmaTotal:              0 kB
CmaFree:               0 kB
Unaccepted:            0 kB
Balloon:               0 kB
HugePages_Total:       0
HugePages_Free:        0
HugePages_Rsvd:        0
HugePages_Surp:        0
Hugepagesize:       2048 kB
Hugetlb:               0 kB
DirectMap4k:      194432 kB
DirectMap2M:     6096896 kB
DirectMap1G:     4194304 kB
---SNAPSHOT---
2026-04-27 13:40:01
MemTotal:        8129240 kB
MemFree:         2890676 kB
MemAvailable:    2619932 kB
Buffers:            7020 kB
Cached:           303984 kB
SwapCached:       480816 kB
Active:          3579360 kB
Inactive:        1011656 kB
Active(anon):    3472440 kB
Inactive(anon):   862000 kB
Active(file):     106920 kB
Inactive(file):   149656 kB
Unevictable:          16 kB
Mlocked:              16 kB
SwapTotal:       4194300 kB
SwapFree:        3575968 kB
Zswap:                 0 kB
Zswapped:              0 kB
Dirty:               180 kB
Writeback:           212 kB
AnonPages:       3808112 kB
Mapped:           251008 kB
Shmem:             54448 kB
KReclaimable:      57020 kB
Slab:             285136 kB
SReclaimable:      57020 kB
SUnreclaim:       228116 kB
KernelStack:       19004 kB
PageTables:        59456 kB
SecPageTables:         0 kB
NFS_Unstable:          0 kB
Bounce:                0 kB
WritebackTmp:          0 kB
CommitLimit:     8258920 kB
Committed_AS:   11966980 kB
VmallocTotal:   34359738367 kB
VmallocUsed:       47224 kB
VmallocChunk:          0 kB
Percpu:            13280 kB
HardwareCorrupted:     0 kB
AnonHugePages:   1550336 kB
ShmemHugePages:        0 kB
ShmemPmdMapped:        0 kB
FileHugePages:         0 kB
FilePmdMapped:         0 kB
CmaTotal:              0 kB
CmaFree:               0 kB
Unaccepted:            0 kB
Balloon:               0 kB
HugePages_Total:       0
HugePages_Free:        0
HugePages_Rsvd:        0
HugePages_Surp:        0
Hugepagesize:       2048 kB
Hugetlb:               0 kB
DirectMap4k:      194432 kB
DirectMap2M:     6096896 kB
DirectMap1G:     4194304 kB
---SNAPSHOT---
2026-04-27 13:40:04
MemTotal:        8129240 kB
MemFree:         2735832 kB
MemAvailable:    2465092 kB
Buffers:            7028 kB
Cached:           303988 kB
SwapCached:       481272 kB
Active:          3742788 kB
Inactive:        1011664 kB
Active(anon):    3635868 kB
Inactive(anon):   862000 kB
Active(file):     106920 kB
Inactive(file):   149664 kB
Unevictable:          16 kB
Mlocked:              16 kB
SwapTotal:       4194300 kB
SwapFree:        3575328 kB
Zswap:                 0 kB
Zswapped:              0 kB
Dirty:               188 kB
Writeback:           624 kB
AnonPages:       3971116 kB
Mapped:           251108 kB
Shmem:             54448 kB
KReclaimable:      57020 kB
Slab:             285140 kB
SReclaimable:      57020 kB
SUnreclaim:       228120 kB
KernelStack:       18988 kB
PageTables:        59528 kB
SecPageTables:         0 kB
NFS_Unstable:          0 kB
Bounce:                0 kB
WritebackTmp:          0 kB
CommitLimit:     8258920 kB
Committed_AS:   11966804 kB
VmallocTotal:   34359738367 kB
VmallocUsed:       47224 kB
VmallocChunk:          0 kB
Percpu:            13280 kB
HardwareCorrupted:     0 kB
AnonHugePages:   1714176 kB
ShmemHugePages:        0 kB
ShmemPmdMapped:        0 kB
FileHugePages:         0 kB
FilePmdMapped:         0 kB
CmaTotal:              0 kB
CmaFree:               0 kB
Unaccepted:            0 kB
Balloon:               0 kB
HugePages_Total:       0
HugePages_Free:        0
HugePages_Rsvd:        0
HugePages_Surp:        0
Hugepagesize:       2048 kB
Hugetlb:               0 kB
DirectMap4k:      194432 kB
DirectMap2M:     6096896 kB
DirectMap1G:     4194304 kB
---SNAPSHOT---
2026-04-27 13:40:05
MemTotal:        8129240 kB
MemFree:         3423480 kB
MemAvailable:    3152748 kB
Buffers:            7028 kB
Cached:           303996 kB
SwapCached:       482896 kB
Active:          2988080 kB
Inactive:        1013624 kB
Active(anon):    2881160 kB
Inactive(anon):   863948 kB
Active(file):     106920 kB
Inactive(file):   149676 kB
Unevictable:          16 kB
Mlocked:              16 kB
SwapTotal:       4194300 kB
SwapFree:        3573888 kB
Zswap:                 0 kB
Zswapped:              0 kB
Dirty:               200 kB
Writeback:           616 kB
AnonPages:       3216908 kB
Mapped:           251008 kB
Shmem:             54448 kB
KReclaimable:      57020 kB
Slab:             285160 kB
SReclaimable:      57020 kB
SUnreclaim:       228140 kB
KernelStack:       18912 kB
PageTables:        58476 kB
SecPageTables:         0 kB
NFS_Unstable:          0 kB
Bounce:                0 kB
WritebackTmp:          0 kB
CommitLimit:     8258920 kB
Committed_AS:   11967124 kB
VmallocTotal:   34359738367 kB
VmallocUsed:       47192 kB
VmallocChunk:          0 kB
Percpu:            13280 kB
HardwareCorrupted:     0 kB
AnonHugePages:    960512 kB
ShmemHugePages:        0 kB
ShmemPmdMapped:        0 kB
FileHugePages:         0 kB
FilePmdMapped:         0 kB
CmaTotal:              0 kB
CmaFree:               0 kB
Unaccepted:            0 kB
Balloon:               0 kB
HugePages_Total:       0
HugePages_Free:        0
HugePages_Rsvd:        0
HugePages_Surp:        0
Hugepagesize:       2048 kB
Hugetlb:               0 kB
DirectMap4k:      194432 kB
DirectMap2M:     6096896 kB
DirectMap1G:     4194304 kB
---SNAPSHOT---
2026-04-27 13:40:06
MemTotal:        8129240 kB
MemFree:         2968572 kB
MemAvailable:    2697876 kB
Buffers:            7160 kB
Cached:           304000 kB
SwapCached:       483092 kB
Active:          3487776 kB
Inactive:        1013704 kB
Active(anon):    3380856 kB
Inactive(anon):   863952 kB
Active(file):     106920 kB
Inactive(file):   149752 kB
Unevictable:          16 kB
Mlocked:              16 kB
SwapTotal:       4194300 kB
SwapFree:        3573692 kB
Zswap:                 0 kB
Zswapped:              0 kB
Dirty:               204 kB
Writeback:           776 kB
AnonPages:       3716136 kB
Mapped:           251008 kB
Shmem:             54448 kB
KReclaimable:      57020 kB
Slab:             285148 kB
SReclaimable:      57020 kB
SUnreclaim:       228128 kB
KernelStack:       18928 kB
PageTables:        58936 kB
SecPageTables:         0 kB
NFS_Unstable:          0 kB
Bounce:                0 kB
WritebackTmp:          0 kB
CommitLimit:     8258920 kB
Committed_AS:   11967124 kB
VmallocTotal:   34359738367 kB
VmallocUsed:       47192 kB
VmallocChunk:          0 kB
Percpu:            13280 kB
HardwareCorrupted:     0 kB
AnonHugePages:   1460224 kB
ShmemHugePages:        0 kB
ShmemPmdMapped:        0 kB
FileHugePages:         0 kB
FilePmdMapped:         0 kB
CmaTotal:              0 kB
CmaFree:               0 kB
Unaccepted:            0 kB
Balloon:               0 kB
HugePages_Total:       0
HugePages_Free:        0
HugePages_Rsvd:        0
HugePages_Surp:        0
Hugepagesize:       2048 kB
Hugetlb:               0 kB
DirectMap4k:      194432 kB
DirectMap2M:     6096896 kB
DirectMap1G:     4194304 kB
---SNAPSHOT---
2026-04-27 13:40:09
MemTotal:        8129240 kB
MemFree:         2705504 kB
MemAvailable:    2436120 kB
Buffers:            8232 kB
Cached:           305600 kB
SwapCached:       483952 kB
Active:          3758100 kB
Inactive:        1016656 kB
Active(anon):    3649660 kB
Inactive(anon):   865804 kB
Active(file):     108440 kB
Inactive(file):   150852 kB
Unevictable:          16 kB
Mlocked:              16 kB
SwapTotal:       4194300 kB
SwapFree:        3572752 kB
Zswap:                 0 kB
Zswapped:              0 kB
Dirty:               376 kB
Writeback:           268 kB
AnonPages:       3985820 kB
Mapped:           251476 kB
Shmem:             54452 kB
KReclaimable:      57020 kB
Slab:             285164 kB
SReclaimable:      57020 kB
SUnreclaim:       228144 kB
KernelStack:       18944 kB
PageTables:        59744 kB
SecPageTables:         0 kB
NFS_Unstable:          0 kB
Bounce:                0 kB
WritebackTmp:          0 kB
CommitLimit:     8258920 kB
Committed_AS:   11968592 kB
VmallocTotal:   34359738367 kB
VmallocUsed:       47160 kB
VmallocChunk:          0 kB
Percpu:            13280 kB
HardwareCorrupted:     0 kB
AnonHugePages:   1734656 kB
ShmemHugePages:        0 kB
ShmemPmdMapped:        0 kB
FileHugePages:         0 kB
FilePmdMapped:         0 kB
CmaTotal:              0 kB
CmaFree:               0 kB
Unaccepted:            0 kB
Balloon:               0 kB
HugePages_Total:       0
HugePages_Free:        0
HugePages_Rsvd:        0
HugePages_Surp:        0
Hugepagesize:       2048 kB
Hugetlb:               0 kB
DirectMap4k:      194432 kB
DirectMap2M:     6096896 kB
DirectMap1G:     4194304 kB
---SNAPSHOT---
2026-04-27 13:40:10
MemTotal:        8129240 kB
MemFree:         3406132 kB
MemAvailable:    3136980 kB
Buffers:            8260 kB
Cached:           305960 kB
SwapCached:       484948 kB
Active:          2983292 kB
Inactive:        1017056 kB
Active(anon):    2874548 kB
Inactive(anon):   866044 kB
Active(file):     108744 kB
Inactive(file):   151012 kB
Unevictable:          16 kB
Mlocked:              16 kB
SwapTotal:       4194300 kB
SwapFree:        3571836 kB
Zswap:                 0 kB
Zswapped:              0 kB
Dirty:               456 kB
Writeback:           280 kB
AnonPages:       3210152 kB
Mapped:           251008 kB
Shmem:             54448 kB
KReclaimable:      57020 kB
Slab:             285188 kB
SReclaimable:      57020 kB
SUnreclaim:       228168 kB
KernelStack:       19004 kB
PageTables:        58160 kB
SecPageTables:         0 kB
NFS_Unstable:          0 kB
Bounce:                0 kB
WritebackTmp:          0 kB
CommitLimit:     8258920 kB
Committed_AS:   11967120 kB
VmallocTotal:   34359738367 kB
VmallocUsed:       47224 kB
VmallocChunk:          0 kB
Percpu:            13280 kB
HardwareCorrupted:     0 kB
AnonHugePages:    925696 kB
ShmemHugePages:        0 kB
ShmemPmdMapped:        0 kB
FileHugePages:         0 kB
FilePmdMapped:         0 kB
CmaTotal:              0 kB
CmaFree:               0 kB
Unaccepted:            0 kB
Balloon:               0 kB
HugePages_Total:       0
HugePages_Free:        0
HugePages_Rsvd:        0
HugePages_Surp:        0
Hugepagesize:       2048 kB
Hugetlb:               0 kB
DirectMap4k:      194432 kB
DirectMap2M:     6096896 kB
DirectMap1G:     4194304 kB
---SNAPSHOT---
2026-04-27 13:40:11
MemTotal:        8129240 kB
MemFree:         2961248 kB
MemAvailable:    2692112 kB
Buffers:            8260 kB
Cached:           305968 kB
SwapCached:       534732 kB
Active:          3403332 kB
Inactive:        1066144 kB
Active(anon):    3294588 kB
Inactive(anon):   915096 kB
Active(file):     108744 kB
Inactive(file):   151048 kB
Unevictable:          16 kB
Mlocked:              16 kB
SwapTotal:       4194300 kB
SwapFree:        3521868 kB
Zswap:                 0 kB
Zswapped:              0 kB
Dirty:               464 kB
Writeback:           216 kB
AnonPages:       3629604 kB
Mapped:           251008 kB
Shmem:             54448 kB
KReclaimable:      57020 kB
Slab:             285192 kB
SReclaimable:      57020 kB
SUnreclaim:       228172 kB
KernelStack:       19004 kB
PageTables:        59080 kB
SecPageTables:         0 kB
NFS_Unstable:          0 kB
Bounce:                0 kB
WritebackTmp:          0 kB
CommitLimit:     8258920 kB
