---SNAPSHOT---
2026-04-27 14:53:21
MemTotal:        8129240 kB
MemFree:         5395212 kB
MemAvailable:    5124416 kB
Buffers:            4696 kB
Cached:           289048 kB
SwapCached:        80928 kB
Active:          1535228 kB
Inactive:         623516 kB
Active(anon):    1439520 kB
Inactive(anon):   462840 kB
Active(file):      95708 kB
Inactive(file):   160676 kB
Unevictable:           0 kB
Mlocked:               0 kB
SwapTotal:       4194300 kB
SwapFree:        3975856 kB
Zswap:                 0 kB
Zswapped:              0 kB
Dirty:               280 kB
Writeback:             0 kB
AnonPages:       1787100 kB
Mapped:           252040 kB
Shmem:             37300 kB
KReclaimable:      57108 kB
Slab:             284392 kB
SReclaimable:      57108 kB
SUnreclaim:       227284 kB
KernelStack:       18396 kB
PageTables:        47632 kB
SecPageTables:         0 kB
NFS_Unstable:          0 kB
Bounce:                0 kB
WritebackTmp:          0 kB
CommitLimit:     8258920 kB
Committed_AS:    9009760 kB
VmallocTotal:   34359738367 kB
VmallocUsed:       46664 kB
VmallocChunk:          0 kB
Percpu:            13280 kB
HardwareCorrupted:     0 kB
AnonHugePages:    256000 kB
ShmemHugePages:        0 kB
ShmemPmdMapped:        0 kB
FileHugePages:         0 kB
FilePmdMapped:         0 kB
CmaTotal:              0 kB
CmaFree:               0 kB
Unaccepted:            0 kB
Balloon:               0 kB
HugePages_Total:       0
HugePages_Free:        0
HugePages_Rsvd:        0
HugePages_Surp:        0
Hugepagesize:       2048 kB
Hugetlb:               0 kB
DirectMap4k:      194432 kB
DirectMap2M:     6096896 kB
DirectMap1G:     4194304 kB
---SNAPSHOT---
2026-04-27 14:53:22
MemTotal:        8129240 kB
MemFree:         5394644 kB
MemAvailable:    5124044 kB
Buffers:            4840 kB
Cached:           289248 kB
SwapCached:        80928 kB
Active:          1535492 kB
Inactive:         623780 kB
Active(anon):    1439656 kB
Inactive(anon):   462840 kB
Active(file):      95836 kB
Inactive(file):   160940 kB
Unevictable:           0 kB
Mlocked:               0 kB
SwapTotal:       4194300 kB
SwapFree:        3975856 kB
Zswap:                 0 kB
Zswapped:              0 kB
Dirty:               300 kB
Writeback:             0 kB
AnonPages:       1787804 kB
Mapped:           252072 kB
Shmem:             37300 kB
KReclaimable:      57108 kB
Slab:             284392 kB
SReclaimable:      57108 kB
SUnreclaim:       227284 kB
KernelStack:       18508 kB
PageTables:        48008 kB
SecPageTables:         0 kB
NFS_Unstable:          0 kB
Bounce:                0 kB
WritebackTmp:          0 kB
CommitLimit:     8258920 kB
Committed_AS:    9009624 kB
VmallocTotal:   34359738367 kB
VmallocUsed:       46744 kB
VmallocChunk:          0 kB
Percpu:            13280 kB
HardwareCorrupted:     0 kB
AnonHugePages:    256000 kB
ShmemHugePages:        0 kB
ShmemPmdMapped:        0 kB
FileHugePages:         0 kB
FilePmdMapped:         0 kB
CmaTotal:              0 kB
CmaFree:               0 kB
Unaccepted:            0 kB
Balloon:               0 kB
HugePages_Total:       0
HugePages_Free:        0
HugePages_Rsvd:        0
HugePages_Surp:        0
Hugepagesize:       2048 kB
Hugetlb:               0 kB
DirectMap4k:      194432 kB
DirectMap2M:     6096896 kB
DirectMap1G:     4194304 kB
---SNAPSHOT---
2026-04-27 14:53:23
MemTotal:        8129240 kB
MemFree:         5393912 kB
MemAvailable:    5123340 kB
Buffers:            4848 kB
Cached:           289252 kB
SwapCached:        80928 kB
Active:          1535604 kB
Inactive:         623836 kB
Active(anon):    1439768 kB
Inactive(anon):   462840 kB
Active(file):      95836 kB
Inactive(file):   160996 kB
Unevictable:           0 kB
Mlocked:               0 kB
SwapTotal:       4194300 kB
SwapFree:        3975856 kB
Zswap:                 0 kB
Zswapped:              0 kB
Dirty:               364 kB
Writeback:             0 kB
AnonPages:       1787464 kB
Mapped:           252072 kB
Shmem:             37300 kB
KReclaimable:      57108 kB
Slab:             284392 kB
SReclaimable:      57108 kB
SUnreclaim:       227284 kB
KernelStack:       18492 kB
PageTables:        47500 kB
SecPageTables:         0 kB
NFS_Unstable:          0 kB
Bounce:                0 kB
WritebackTmp:          0 kB
CommitLimit:     8258920 kB
Committed_AS:    9008996 kB
VmallocTotal:   34359738367 kB
VmallocUsed:       46760 kB
VmallocChunk:          0 kB
Percpu:            13280 kB
HardwareCorrupted:     0 kB
AnonHugePages:    256000 kB
ShmemHugePages:        0 kB
ShmemPmdMapped:        0 kB
FileHugePages:         0 kB
FilePmdMapped:         0 kB
CmaTotal:              0 kB
CmaFree:               0 kB
Unaccepted:            0 kB
Balloon:               0 kB
HugePages_Total:       0
HugePages_Free:        0
HugePages_Rsvd:        0
HugePages_Surp:        0
Hugepagesize:       2048 kB
Hugetlb:               0 kB
DirectMap4k:      194432 kB
DirectMap2M:     6096896 kB
DirectMap1G:     4194304 kB
---SNAPSHOT---
2026-04-27 14:53:24
MemTotal:        8129240 kB
MemFree:         5391008 kB
MemAvailable:    5121744 kB
Buffers:            5132 kB
Cached:           291640 kB
SwapCached:        80928 kB
Active:          1538476 kB
Inactive:         624168 kB
Active(anon):    1440360 kB
Inactive(anon):   462840 kB
Active(file):      98116 kB
Inactive(file):   161328 kB
Unevictable:           0 kB
Mlocked:               0 kB
SwapTotal:       4194300 kB
SwapFree:        3975856 kB
Zswap:                 0 kB
Zswapped:              0 kB
Dirty:               372 kB
Writeback:             0 kB
AnonPages:       1788304 kB
Mapped:           252300 kB
Shmem:             37300 kB
KReclaimable:      57108 kB
Slab:             284392 kB
SReclaimable:      57108 kB
SUnreclaim:       227284 kB
KernelStack:       18496 kB
PageTables:        48012 kB
SecPageTables:         0 kB
NFS_Unstable:          0 kB
Bounce:                0 kB
WritebackTmp:          0 kB
CommitLimit:     8258920 kB
Committed_AS:    9018904 kB
VmallocTotal:   34359738367 kB
VmallocUsed:       46744 kB
VmallocChunk:          0 kB
Percpu:            13280 kB
HardwareCorrupted:     0 kB
AnonHugePages:    256000 kB
ShmemHugePages:        0 kB
ShmemPmdMapped:        0 kB
FileHugePages:         0 kB
FilePmdMapped:         0 kB
CmaTotal:              0 kB
CmaFree:               0 kB
Unaccepted:            0 kB
Balloon:               0 kB
HugePages_Total:       0
HugePages_Free:        0
HugePages_Rsvd:        0
HugePages_Surp:        0
Hugepagesize:       2048 kB
Hugetlb:               0 kB
DirectMap4k:      194432 kB
DirectMap2M:     6096896 kB
DirectMap1G:     4194304 kB
---SNAPSHOT---
2026-04-27 14:53:25
MemTotal:        8129240 kB
MemFree:         4487492 kB
MemAvailable:    4223244 kB
Buffers:            5392 kB
Cached:           318492 kB
SwapCached:        80928 kB
Active:          2448472 kB
Inactive:         624612 kB
Active(anon):    2340784 kB
Inactive(anon):   462840 kB
Active(file):     107688 kB
Inactive(file):   161772 kB
Unevictable:          16 kB
Mlocked:              16 kB
SwapTotal:       4194300 kB
SwapFree:        3975856 kB
Zswap:                 0 kB
Zswapped:              0 kB
Dirty:               456 kB
Writeback:             0 kB
AnonPages:       2671344 kB
Mapped:           272760 kB
Shmem:             54448 kB
KReclaimable:      57124 kB
Slab:             284444 kB
SReclaimable:      57124 kB
SUnreclaim:       227320 kB
KernelStack:       18608 kB
PageTables:        49996 kB
SecPageTables:         0 kB
NFS_Unstable:          0 kB
Bounce:                0 kB
WritebackTmp:          0 kB
CommitLimit:     8258920 kB
Committed_AS:   11666668 kB
VmallocTotal:   34359738367 kB
VmallocUsed:       46840 kB
VmallocChunk:          0 kB
Percpu:            13280 kB
HardwareCorrupted:     0 kB
AnonHugePages:    940032 kB
ShmemHugePages:        0 kB
ShmemPmdMapped:        0 kB
FileHugePages:         0 kB
FilePmdMapped:         0 kB
CmaTotal:              0 kB
CmaFree:               0 kB
Unaccepted:            0 kB
Balloon:               0 kB
HugePages_Total:       0
HugePages_Free:        0
HugePages_Rsvd:        0
HugePages_Surp:        0
Hugepagesize:       2048 kB
Hugetlb:               0 kB
DirectMap4k:      194432 kB
DirectMap2M:     6096896 kB
DirectMap1G:     4194304 kB
---SNAPSHOT---
2026-04-27 14:53:26
MemTotal:        8129240 kB
MemFree:         3551100 kB
MemAvailable:    3286856 kB
Buffers:            5392 kB
Cached:           318500 kB
SwapCached:        80928 kB
Active:          3380648 kB
Inactive:         624620 kB
Active(anon):    3272960 kB
Inactive(anon):   462840 kB
Active(file):     107688 kB
Inactive(file):   161780 kB
Unevictable:          16 kB
Mlocked:              16 kB
SwapTotal:       4194300 kB
SwapFree:        3975856 kB
Zswap:                 0 kB
Zswapped:              0 kB
Dirty:               464 kB
Writeback:             0 kB
AnonPages:       3603780 kB
Mapped:           272760 kB
Shmem:             54448 kB
KReclaimable:      57124 kB
Slab:             284444 kB
SReclaimable:      57124 kB
SUnreclaim:       227320 kB
KernelStack:       18608 kB
PageTables:        52200 kB
SecPageTables:         0 kB
NFS_Unstable:          0 kB
Bounce:                0 kB
WritebackTmp:          0 kB
CommitLimit:     8258920 kB
Committed_AS:   11666896 kB
VmallocTotal:   34359738367 kB
VmallocUsed:       46808 kB
VmallocChunk:          0 kB
Percpu:            13280 kB
HardwareCorrupted:     0 kB
AnonHugePages:   1673216 kB
ShmemHugePages:        0 kB
ShmemPmdMapped:        0 kB
FileHugePages:         0 kB
FilePmdMapped:         0 kB
CmaTotal:              0 kB
CmaFree:               0 kB
Unaccepted:            0 kB
Balloon:               0 kB
HugePages_Total:       0
HugePages_Free:        0
HugePages_Rsvd:        0
HugePages_Surp:        0
Hugepagesize:       2048 kB
Hugetlb:               0 kB
DirectMap4k:      194432 kB
DirectMap2M:     6096896 kB
DirectMap1G:     4194304 kB
---SNAPSHOT---
2026-04-27 14:53:27
MemTotal:        8129240 kB
MemFree:         4440304 kB
MemAvailable:    4176060 kB
Buffers:            5392 kB
Cached:           318504 kB
SwapCached:        80928 kB
Active:          2394028 kB
Inactive:         624624 kB
Active(anon):    2286340 kB
Inactive(anon):   462840 kB
Active(file):     107688 kB
Inactive(file):   161784 kB
Unevictable:          16 kB
Mlocked:              16 kB
SwapTotal:       4194300 kB
SwapFree:        3975856 kB
Zswap:                 0 kB
Zswapped:              0 kB
Dirty:               468 kB
Writeback:             0 kB
AnonPages:       2617120 kB
Mapped:           272644 kB
Shmem:             54448 kB
KReclaimable:      57124 kB
Slab:             284444 kB
SReclaimable:      57124 kB
SUnreclaim:       227320 kB
KernelStack:       18624 kB
PageTables:        50580 kB
SecPageTables:         0 kB
NFS_Unstable:          0 kB
Bounce:                0 kB
WritebackTmp:          0 kB
CommitLimit:     8258920 kB
Committed_AS:   11666764 kB
VmallocTotal:   34359738367 kB
VmallocUsed:       46808 kB
VmallocChunk:          0 kB
Percpu:            13280 kB
HardwareCorrupted:     0 kB
AnonHugePages:    397312 kB
ShmemHugePages:        0 kB
ShmemPmdMapped:        0 kB
FileHugePages:         0 kB
FilePmdMapped:         0 kB
CmaTotal:              0 kB
CmaFree:               0 kB
Unaccepted:            0 kB
Balloon:               0 kB
HugePages_Total:       0
HugePages_Free:        0
HugePages_Rsvd:        0
HugePages_Surp:        0
Hugepagesize:       2048 kB
Hugetlb:               0 kB
DirectMap4k:      194432 kB
DirectMap2M:     6096896 kB
DirectMap1G:     4194304 kB
---SNAPSHOT---
2026-04-27 14:53:28
MemTotal:        8129240 kB
MemFree:         4121060 kB
MemAvailable:    3856820 kB
Buffers:            5400 kB
Cached:           318500 kB
SwapCached:        80928 kB
Active:          2711152 kB
Inactive:         624628 kB
Active(anon):    2603464 kB
Inactive(anon):   462840 kB
Active(file):     107688 kB
Inactive(file):   161788 kB
Unevictable:          16 kB
Mlocked:              16 kB
SwapTotal:       4194300 kB
SwapFree:        3975856 kB
Zswap:                 0 kB
Zswapped:              0 kB
Dirty:               472 kB
Writeback:             0 kB
AnonPages:       2934292 kB
Mapped:           272836 kB
Shmem:             54448 kB
KReclaimable:      57124 kB
Slab:             284448 kB
SReclaimable:      57124 kB
SUnreclaim:       227324 kB
KernelStack:       18668 kB
PageTables:        50908 kB
SecPageTables:         0 kB
NFS_Unstable:          0 kB
Bounce:                0 kB
WritebackTmp:          0 kB
CommitLimit:     8258920 kB
Committed_AS:   11666676 kB
VmallocTotal:   34359738367 kB
VmallocUsed:       46856 kB
VmallocChunk:          0 kB
Percpu:            13280 kB
HardwareCorrupted:     0 kB
AnonHugePages:   1083392 kB
ShmemHugePages:        0 kB
ShmemPmdMapped:        0 kB
FileHugePages:         0 kB
FilePmdMapped:         0 kB
CmaTotal:              0 kB
CmaFree:               0 kB
Unaccepted:            0 kB
Balloon:               0 kB
HugePages_Total:       0
HugePages_Free:        0
HugePages_Rsvd:        0
HugePages_Surp:        0
Hugepagesize:       2048 kB
Hugetlb:               0 kB
DirectMap4k:      194432 kB
DirectMap2M:     6096896 kB
DirectMap1G:     4194304 kB
---SNAPSHOT---
2026-04-27 14:53:29
MemTotal:        8129240 kB
MemFree:         3177160 kB
MemAvailable:    2912952 kB
Buffers:            5400 kB
Cached:           318516 kB
SwapCached:        80928 kB
Active:          3672432 kB
Inactive:         624644 kB
Active(anon):    3564744 kB
Inactive(anon):   462840 kB
Active(file):     107688 kB
Inactive(file):   161804 kB
Unevictable:          16 kB
Mlocked:              16 kB
SwapTotal:       4194300 kB
SwapFree:        3975856 kB
Zswap:                 0 kB
Zswapped:              0 kB
Dirty:               484 kB
Writeback:             0 kB
AnonPages:       3895184 kB
Mapped:           272760 kB
Shmem:             54448 kB
KReclaimable:      57172 kB
Slab:             284496 kB
SReclaimable:      57172 kB
SUnreclaim:       227324 kB
KernelStack:       18656 kB
PageTables:        52884 kB
SecPageTables:         0 kB
NFS_Unstable:          0 kB
Bounce:                0 kB
WritebackTmp:          0 kB
CommitLimit:     8258920 kB
Committed_AS:   11667904 kB
VmallocTotal:   34359738367 kB
VmallocUsed:       46904 kB
VmallocChunk:          0 kB
Percpu:            13280 kB
HardwareCorrupted:     0 kB
AnonHugePages:   1839104 kB
ShmemHugePages:        0 kB
ShmemPmdMapped:        0 kB
FileHugePages:         0 kB
FilePmdMapped:         0 kB
CmaTotal:              0 kB
CmaFree:               0 kB
Unaccepted:            0 kB
Balloon:               0 kB
HugePages_Total:       0
HugePages_Free:        0
HugePages_Rsvd:        0
HugePages_Surp:        0
Hugepagesize:       2048 kB
Hugetlb:               0 kB
DirectMap4k:      194432 kB
DirectMap2M:     6096896 kB
DirectMap1G:     4194304 kB
---SNAPSHOT---
2026-04-27 14:53:30
MemTotal:        8129240 kB
MemFree:         4119064 kB
MemAvailable:    3854856 kB
Buffers:            5400 kB
Cached:           318520 kB
SwapCached:       217272 kB
Active:          2533988 kB
Inactive:         758940 kB
Active(anon):    2426300 kB
Inactive(anon):   597132 kB
Active(file):     107688 kB
Inactive(file):   161808 kB
Unevictable:          16 kB
Mlocked:              16 kB
SwapTotal:       4194300 kB
SwapFree:        3839368 kB
Zswap:                 0 kB
Zswapped:              0 kB
Dirty:               488 kB
Writeback:          1368 kB
AnonPages:       2756560 kB
Mapped:           272760 kB
Shmem:             54448 kB
KReclaimable:      57172 kB
Slab:             284520 kB
SReclaimable:      57172 kB
SUnreclaim:       227348 kB
KernelStack:       18668 kB
PageTables:        50508 kB
SecPageTables:         0 kB
NFS_Unstable:          0 kB
Bounce:                0 kB
WritebackTmp:          0 kB
CommitLimit:     8258920 kB
Committed_AS:   11666632 kB
VmallocTotal:   34359738367 kB
VmallocUsed:       46872 kB
VmallocChunk:          0 kB
Percpu:            13280 kB
HardwareCorrupted:     0 kB
AnonHugePages:   1214464 kB
ShmemHugePages:        0 kB
ShmemPmdMapped:        0 kB
FileHugePages:         0 kB
FilePmdMapped:         0 kB
CmaTotal:              0 kB
CmaFree:               0 kB
Unaccepted:            0 kB
Balloon:               0 kB
HugePages_Total:       0
HugePages_Free:        0
HugePages_Rsvd:        0
HugePages_Surp:        0
Hugepagesize:       2048 kB
Hugetlb:               0 kB
DirectMap4k:      194432 kB
DirectMap2M:     6096896 kB
DirectMap1G:     4194304 kB
---SNAPSHOT---
2026-04-27 14:53:31
MemTotal:        8129240 kB
MemFree:         3944728 kB
MemAvailable:    3680524 kB
Buffers:            5400 kB
Cached:           318528 kB
SwapCached:       160556 kB
Active:          2777960 kB
Inactive:         704160 kB
Active(anon):    2670272 kB
Inactive(anon):   542348 kB
Active(file):     107688 kB
Inactive(file):   161812 kB
Unevictable:          16 kB
Mlocked:              16 kB
SwapTotal:       4194300 kB
SwapFree:        3896412 kB
Zswap:                 0 kB
Zswapped:              0 kB
Dirty:               496 kB
Writeback:            48 kB
AnonPages:       3000664 kB
Mapped:           272852 kB
Shmem:             54448 kB
KReclaimable:      57172 kB
Slab:             284588 kB
SReclaimable:      57172 kB
SUnreclaim:       227416 kB
KernelStack:       18608 kB
PageTables:        52168 kB
SecPageTables:         0 kB
NFS_Unstable:          0 kB
Bounce:                0 kB
WritebackTmp:          0 kB
CommitLimit:     8258920 kB
Committed_AS:   11666512 kB
VmallocTotal:   34359738367 kB
VmallocUsed:       46856 kB
VmallocChunk:          0 kB
Percpu:            13280 kB
HardwareCorrupted:     0 kB
AnonHugePages:   1460224 kB
ShmemHugePages:        0 kB
ShmemPmdMapped:        0 kB
FileHugePages:         0 kB
FilePmdMapped:         0 kB
CmaTotal:              0 kB
CmaFree:               0 kB
Unaccepted:            0 kB
Balloon:               0 kB
HugePages_Total:       0
HugePages_Free:        0
HugePages_Rsvd:        0
HugePages_Surp:        0
Hugepagesize:       2048 kB
Hugetlb:               0 kB
DirectMap4k:      194432 kB
DirectMap2M:     6096896 kB
DirectMap1G:     4194304 kB
---SNAPSHOT---
2026-04-27 14:53:32
MemTotal:        8129240 kB
MemFree:         3664872 kB
MemAvailable:    3400672 kB
Buffers:            5400 kB
Cached:           318532 kB
SwapCached:       225316 kB
Active:          2986392 kB
Inactive:         744816 kB
Active(anon):    2878704 kB
Inactive(anon):   582996 kB
Active(file):     107688 kB
Inactive(file):   161820 kB
Unevictable:          16 kB
Mlocked:              16 kB
SwapTotal:       4194300 kB
SwapFree:        3831468 kB
Zswap:                 0 kB
Zswapped:              0 kB
Dirty:               500 kB
Writeback:         24124 kB
AnonPages:       3186800 kB
Mapped:           272760 kB
Shmem:             54448 kB
KReclaimable:      57172 kB
Slab:             285988 kB
SReclaimable:      57172 kB
SUnreclaim:       228816 kB
KernelStack:       18608 kB
PageTables:        51444 kB
SecPageTables:         0 kB
NFS_Unstable:          0 kB
Bounce:                0 kB
WritebackTmp:          0 kB
CommitLimit:     8258920 kB
Committed_AS:   11667004 kB
VmallocTotal:   34359738367 kB
VmallocUsed:       46904 kB
VmallocChunk:          0 kB
Percpu:            13280 kB
HardwareCorrupted:     0 kB
AnonHugePages:   1644544 kB
ShmemHugePages:        0 kB
ShmemPmdMapped:        0 kB
FileHugePages:         0 kB
FilePmdMapped:         0 kB
CmaTotal:              0 kB
CmaFree:               0 kB
Unaccepted:            0 kB
Balloon:               0 kB
HugePages_Total:       0
HugePages_Free:        0
HugePages_Rsvd:        0
HugePages_Surp:        0
Hugepagesize:       2048 kB
Hugetlb:               0 kB
DirectMap4k:      194432 kB
DirectMap2M:     6096896 kB
DirectMap1G:     4194304 kB
---SNAPSHOT---
2026-04-27 14:53:33
MemTotal:        8129240 kB
MemFree:         3546524 kB
MemAvailable:    3282324 kB
Buffers:            5408 kB
Cached:           318536 kB
SwapCached:       329148 kB
Active:          3017588 kB
Inactive:         871236 kB
Active(anon):    2909900 kB
Inactive(anon):   709412 kB
Active(file):     107688 kB
Inactive(file):   161824 kB
Unevictable:          16 kB
Mlocked:              16 kB
SwapTotal:       4194300 kB
SwapFree:        3727428 kB
Zswap:                 0 kB
Zswapped:              0 kB
Dirty:               504 kB
Writeback:          1780 kB
AnonPages:       3240844 kB
Mapped:           272760 kB
Shmem:             54448 kB
KReclaimable:      57172 kB
Slab:             285060 kB
SReclaimable:      57172 kB
SUnreclaim:       227888 kB
KernelStack:       18668 kB
PageTables:        51660 kB
SecPageTables:         0 kB
NFS_Unstable:          0 kB
Bounce:                0 kB
WritebackTmp:          0 kB
CommitLimit:     8258920 kB
Committed_AS:   11666512 kB
VmallocTotal:   34359738367 kB
VmallocUsed:       46856 kB
VmallocChunk:          0 kB
Percpu:            13280 kB
HardwareCorrupted:     0 kB
AnonHugePages:   1697792 kB
ShmemHugePages:        0 kB
ShmemPmdMapped:        0 kB
FileHugePages:         0 kB
FilePmdMapped:         0 kB
CmaTotal:              0 kB
CmaFree:               0 kB
Unaccepted:            0 kB
Balloon:               0 kB
HugePages_Total:       0
HugePages_Free:        0
HugePages_Rsvd:        0
HugePages_Surp:        0
Hugepagesize:       2048 kB
Hugetlb:               0 kB
DirectMap4k:      194432 kB
DirectMap2M:     6096896 kB
DirectMap1G:     4194304 kB
---SNAPSHOT---
2026-04-27 14:53:34
MemTotal:        8129240 kB
MemFree:         3484724 kB
MemAvailable:    3220532 kB
Buffers:            5408 kB
Cached:           318544 kB
SwapCached:       698916 kB
Active:          2737556 kB
Inactive:        1227252 kB
Active(anon):    2629868 kB
Inactive(anon):  1065416 kB
Active(file):     107688 kB
Inactive(file):   161836 kB
Unevictable:          16 kB
Mlocked:              16 kB
SwapTotal:       4194300 kB
SwapFree:        3357868 kB
Zswap:                 0 kB
Zswapped:              0 kB
Dirty:               512 kB
Writeback:         15532 kB
AnonPages:       2946744 kB
Mapped:           272760 kB
Shmem:             54448 kB
KReclaimable:      57172 kB
Slab:             285564 kB
SReclaimable:      57172 kB
SUnreclaim:       228392 kB
KernelStack:       18632 kB
PageTables:        51860 kB
SecPageTables:         0 kB
NFS_Unstable:          0 kB
Bounce:                0 kB
WritebackTmp:          0 kB
CommitLimit:     8258920 kB
Committed_AS:   11666780 kB
VmallocTotal:   34359738367 kB
VmallocUsed:       46856 kB
VmallocChunk:          0 kB
Percpu:            13280 kB
HardwareCorrupted:     0 kB
AnonHugePages:   1402880 kB
ShmemHugePages:        0 kB
ShmemPmdMapped:        0 kB
FileHugePages:         0 kB
FilePmdMapped:         0 kB
CmaTotal:              0 kB
CmaFree:               0 kB
Unaccepted:            0 kB
Balloon:               0 kB
HugePages_Total:       0
HugePages_Free:        0
HugePages_Rsvd:        0
HugePages_Surp:        0
Hugepagesize:       2048 kB
Hugetlb:               0 kB
DirectMap4k:      194432 kB
DirectMap2M:     6096896 kB
DirectMap1G:     4194304 kB
---SNAPSHOT---
2026-04-27 14:53:35
MemTotal:        8129240 kB
MemFree:         3943424 kB
MemAvailable:    3679236 kB
Buffers:            5408 kB
Cached:           318548 kB
SwapCached:        80948 kB
Active:          2846452 kB
Inactive:         624824 kB
Active(anon):    2738764 kB
Inactive(anon):   462980 kB
Active(file):     107688 kB
Inactive(file):   161844 kB
Unevictable:          16 kB
Mlocked:              16 kB
SwapTotal:       4194300 kB
SwapFree:        3975856 kB
Zswap:                 0 kB
Zswapped:              0 kB
Dirty:               516 kB
Writeback:            80 kB
AnonPages:       3069100 kB
Mapped:           272760 kB
Shmem:             54448 kB
KReclaimable:      57172 kB
Slab:             284568 kB
SReclaimable:      57172 kB
SUnreclaim:       227396 kB
KernelStack:       18668 kB
PageTables:        51784 kB
SecPageTables:         0 kB
NFS_Unstable:          0 kB
Bounce:                0 kB
WritebackTmp:          0 kB
CommitLimit:     8258920 kB
Committed_AS:   11667004 kB
VmallocTotal:   34359738367 kB
VmallocUsed:       46840 kB
VmallocChunk:          0 kB
Percpu:            13280 kB
HardwareCorrupted:     0 kB
AnonHugePages:   1525760 kB
ShmemHugePages:        0 kB
ShmemPmdMapped:        0 kB
FileHugePages:         0 kB
FilePmdMapped:         0 kB
CmaTotal:              0 kB
CmaFree:               0 kB
Unaccepted:            0 kB
Balloon:               0 kB
HugePages_Total:       0
HugePages_Free:        0
HugePages_Rsvd:        0
HugePages_Surp:        0
Hugepagesize:       2048 kB
Hugetlb:               0 kB
DirectMap4k:      194432 kB
DirectMap2M:     6096896 kB
DirectMap1G:     4194304 kB
---SNAPSHOT---
2026-04-27 14:53:36
MemTotal:        8129240 kB
MemFree:         3158560 kB
MemAvailable:    2894372 kB
Buffers:            5408 kB
Cached:           318556 kB
SwapCached:        80928 kB
Active:          3629808 kB
Inactive:         624688 kB
Active(anon):    3522120 kB
Inactive(anon):   462840 kB
Active(file):     107688 kB
Inactive(file):   161848 kB
Unevictable:          16 kB
Mlocked:              16 kB
SwapTotal:       4194300 kB
SwapFree:        3975856 kB
Zswap:                 0 kB
Zswapped:              0 kB
Dirty:               524 kB
Writeback:             0 kB
AnonPages:       3852572 kB
Mapped:           272760 kB
Shmem:             54448 kB
KReclaimable:      57172 kB
Slab:             284512 kB
SReclaimable:      57172 kB
SUnreclaim:       227340 kB
KernelStack:       18608 kB
PageTables:        53024 kB
SecPageTables:         0 kB
NFS_Unstable:          0 kB
Bounce:                0 kB
WritebackTmp:          0 kB
CommitLimit:     8258920 kB
Committed_AS:   11666900 kB
VmallocTotal:   34359738367 kB
VmallocUsed:       46824 kB
VmallocChunk:          0 kB
Percpu:            13280 kB
HardwareCorrupted:     0 kB
AnonHugePages:   2308096 kB
ShmemHugePages:        0 kB
ShmemPmdMapped:        0 kB
FileHugePages:         0 kB
FilePmdMapped:         0 kB
CmaTotal:              0 kB
CmaFree:               0 kB
Unaccepted:            0 kB
Balloon:               0 kB
HugePages_Total:       0
HugePages_Free:        0
HugePages_Rsvd:        0
HugePages_Surp:        0
Hugepagesize:       2048 kB
Hugetlb:               0 kB
DirectMap4k:      194432 kB
DirectMap2M:     6096896 kB
DirectMap1G:     4194304 kB
---SNAPSHOT---
2026-04-27 14:53:37
MemTotal:        8129240 kB
MemFree:         3664664 kB
MemAvailable:    3400476 kB
Buffers:            5408 kB
Cached:           318560 kB
SwapCached:        80928 kB
Active:          3082880 kB
Inactive:         624688 kB
Active(anon):    2975192 kB
Inactive(anon):   462840 kB
Active(file):     107688 kB
Inactive(file):   161848 kB
Unevictable:          16 kB
Mlocked:              16 kB
SwapTotal:       4194300 kB
SwapFree:        3975856 kB
Zswap:                 0 kB
Zswapped:              0 kB
Dirty:               528 kB
Writeback:             0 kB
AnonPages:       3305680 kB
Mapped:           272760 kB
Shmem:             54448 kB
KReclaimable:      57172 kB
Slab:             284512 kB
SReclaimable:      57172 kB
SUnreclaim:       227340 kB
KernelStack:       18608 kB
PageTables:        51360 kB
SecPageTables:         0 kB
NFS_Unstable:          0 kB
Bounce:                0 kB
WritebackTmp:          0 kB
CommitLimit:     8258920 kB
Committed_AS:   11667112 kB
VmallocTotal:   34359738367 kB
VmallocUsed:       46824 kB
VmallocChunk:          0 kB
Percpu:            13280 kB
HardwareCorrupted:     0 kB
AnonHugePages:   1761280 kB
ShmemHugePages:        0 kB
ShmemPmdMapped:        0 kB
FileHugePages:         0 kB
FilePmdMapped:         0 kB
CmaTotal:              0 kB
CmaFree:               0 kB
Unaccepted:            0 kB
Balloon:               0 kB
HugePages_Total:       0
HugePages_Free:        0
HugePages_Rsvd:        0
HugePages_Surp:        0
Hugepagesize:       2048 kB
Hugetlb:               0 kB
DirectMap4k:      194432 kB
DirectMap2M:     6096896 kB
DirectMap1G:     4194304 kB
---SNAPSHOT---
2026-04-27 14:53:38
MemTotal:        8129240 kB
MemFree:         4184744 kB
MemAvailable:    3920560 kB
Buffers:            5416 kB
Cached:           318564 kB
SwapCached:        80928 kB
Active:          2593364 kB
Inactive:         624696 kB
Active(anon):    2485676 kB
Inactive(anon):   462840 kB
Active(file):     107688 kB
Inactive(file):   161856 kB
Unevictable:          16 kB
Mlocked:              16 kB
SwapTotal:       4194300 kB
SwapFree:        3975856 kB
Zswap:                 0 kB
Zswapped:              0 kB
Dirty:               532 kB
Writeback:             0 kB
AnonPages:       2816008 kB
Mapped:           272760 kB
Shmem:             54448 kB
KReclaimable:      57172 kB
Slab:             284512 kB
SReclaimable:      57172 kB
SUnreclaim:       227340 kB
KernelStack:       18608 kB
PageTables:        50372 kB
SecPageTables:         0 kB
NFS_Unstable:          0 kB
Bounce:                0 kB
WritebackTmp:          0 kB
CommitLimit:     8258920 kB
Committed_AS:   11666620 kB
VmallocTotal:   34359738367 kB
VmallocUsed:       46840 kB
VmallocChunk:          0 kB
Percpu:            13280 kB
HardwareCorrupted:     0 kB
AnonHugePages:   1073152 kB
ShmemHugePages:        0 kB
ShmemPmdMapped:        0 kB
FileHugePages:         0 kB
FilePmdMapped:         0 kB
CmaTotal:              0 kB
CmaFree:               0 kB
Unaccepted:            0 kB
Balloon:               0 kB
HugePages_Total:       0
HugePages_Free:        0
HugePages_Rsvd:        0
HugePages_Surp:        0
Hugepagesize:       2048 kB
Hugetlb:               0 kB
DirectMap4k:      194432 kB
DirectMap2M:     6096896 kB
DirectMap1G:     4194304 kB
---SNAPSHOT---
2026-04-27 14:53:39
MemTotal:        8129240 kB
MemFree:         3797928 kB
MemAvailable:    3533756 kB
Buffers:            5416 kB
Cached:           318572 kB
SwapCached:        80928 kB
Active:          2979368 kB
Inactive:         624716 kB
Active(anon):    2871680 kB
Inactive(anon):   462840 kB
Active(file):     107688 kB
Inactive(file):   161876 kB
Unevictable:          16 kB
Mlocked:              16 kB
SwapTotal:       4194300 kB
SwapFree:        3975856 kB
Zswap:                 0 kB
Zswapped:              0 kB
Dirty:               540 kB
Writeback:             0 kB
AnonPages:       3201856 kB
Mapped:           272760 kB
Shmem:             54448 kB
KReclaimable:      57172 kB
Slab:             284512 kB
SReclaimable:      57172 kB
SUnreclaim:       227340 kB
KernelStack:       18668 kB
PageTables:        50784 kB
SecPageTables:         0 kB
NFS_Unstable:          0 kB
Bounce:                0 kB
WritebackTmp:          0 kB
CommitLimit:     8258920 kB
Committed_AS:   11666620 kB
VmallocTotal:   34359738367 kB
VmallocUsed:       46840 kB
VmallocChunk:          0 kB
Percpu:            13280 kB
HardwareCorrupted:     0 kB
AnonHugePages:   1228800 kB
ShmemHugePages:        0 kB
ShmemPmdMapped:        0 kB
FileHugePages:         0 kB
FilePmdMapped:         0 kB
CmaTotal:              0 kB
CmaFree:               0 kB
Unaccepted:            0 kB
Balloon:               0 kB
HugePages_Total:       0
HugePages_Free:        0
HugePages_Rsvd:        0
HugePages_Surp:        0
Hugepagesize:       2048 kB
Hugetlb:               0 kB
DirectMap4k:      194432 kB
DirectMap2M:     6096896 kB
DirectMap1G:     4194304 kB
---SNAPSHOT---
2026-04-27 14:53:40
MemTotal:        8129240 kB
MemFree:         4110664 kB
MemAvailable:    3846492 kB
Buffers:            5416 kB
Cached:           318576 kB
SwapCached:        80928 kB
Active:          2690236 kB
Inactive:         624720 kB
Active(anon):    2582548 kB
Inactive(anon):   462840 kB
Active(file):     107688 kB
Inactive(file):   161880 kB
Unevictable:          16 kB
Mlocked:              16 kB
SwapTotal:       4194300 kB
SwapFree:        3975856 kB
Zswap:                 0 kB
Zswapped:              0 kB
Dirty:               544 kB
Writeback:             0 kB
AnonPages:       2912828 kB
Mapped:           272760 kB
Shmem:             54448 kB
KReclaimable:      57172 kB
Slab:             284512 kB
SReclaimable:      57172 kB
SUnreclaim:       227340 kB
KernelStack:       18668 kB
PageTables:        50316 kB
SecPageTables:         0 kB
NFS_Unstable:          0 kB
Bounce:                0 kB
WritebackTmp:          0 kB
CommitLimit:     8258920 kB
Committed_AS:   11666128 kB
VmallocTotal:   34359738367 kB
VmallocUsed:       46840 kB
VmallocChunk:          0 kB
Percpu:            13280 kB
HardwareCorrupted:     0 kB
AnonHugePages:   1370112 kB
ShmemHugePages:        0 kB
ShmemPmdMapped:        0 kB
FileHugePages:         0 kB
FilePmdMapped:         0 kB
CmaTotal:              0 kB
CmaFree:               0 kB
Unaccepted:            0 kB
Balloon:               0 kB
HugePages_Total:       0
HugePages_Free:        0
HugePages_Rsvd:        0
HugePages_Surp:        0
Hugepagesize:       2048 kB
Hugetlb:               0 kB
DirectMap4k:      194432 kB
DirectMap2M:     6096896 kB
DirectMap1G:     4194304 kB
---SNAPSHOT---
2026-04-27 14:53:41
MemTotal:        8129240 kB
MemFree:         3708992 kB
MemAvailable:    3444828 kB
Buffers:            5416 kB
Cached:           318588 kB
SwapCached:        80928 kB
Active:          3118180 kB
Inactive:         624732 kB
Active(anon):    3010492 kB
Inactive(anon):   462840 kB
Active(file):     107688 kB
Inactive(file):   161892 kB
Unevictable:          16 kB
Mlocked:              16 kB
SwapTotal:       4194300 kB
SwapFree:        3975856 kB
Zswap:                 0 kB
Zswapped:              0 kB
Dirty:               556 kB
Writeback:             0 kB
AnonPages:       3340840 kB
Mapped:           272760 kB
Shmem:             54448 kB
KReclaimable:      57172 kB
Slab:             284508 kB
SReclaimable:      57172 kB
SUnreclaim:       227336 kB
KernelStack:       18608 kB
PageTables:        51892 kB
SecPageTables:         0 kB
NFS_Unstable:          0 kB
Bounce:                0 kB
WritebackTmp:          0 kB
CommitLimit:     8258920 kB
Committed_AS:   11666128 kB
VmallocTotal:   34359738367 kB
VmallocUsed:       46808 kB
VmallocChunk:          0 kB
Percpu:            13280 kB
HardwareCorrupted:     0 kB
AnonHugePages:   1798144 kB
ShmemHugePages:        0 kB
ShmemPmdMapped:        0 kB
FileHugePages:         0 kB
FilePmdMapped:         0 kB
CmaTotal:              0 kB
CmaFree:               0 kB
Unaccepted:            0 kB
Balloon:               0 kB
HugePages_Total:       0
HugePages_Free:        0
HugePages_Rsvd:        0
HugePages_Surp:        0
Hugepagesize:       2048 kB
Hugetlb:               0 kB
DirectMap4k:      194432 kB
DirectMap2M:     6096896 kB
DirectMap1G:     4194304 kB
---SNAPSHOT---
2026-04-27 14:53:42
MemTotal:        8129240 kB
MemFree:         3570228 kB
MemAvailable:    3306064 kB
Buffers:            5416 kB
Cached:           318592 kB
SwapCached:       650960 kB
Active:          2690312 kB
Inactive:        1193408 kB
Active(anon):    2582624 kB
Inactive(anon):  1031512 kB
Active(file):     107688 kB
Inactive(file):   161896 kB
Unevictable:          16 kB
Mlocked:              16 kB
SwapTotal:       4194300 kB
SwapFree:        3405816 kB
Zswap:                 0 kB
Zswapped:              0 kB
Dirty:               560 kB
Writeback:          1060 kB
AnonPages:       2913848 kB
Mapped:           272760 kB
Shmem:             54448 kB
KReclaimable:      57172 kB
Slab:             284684 kB
SReclaimable:      57172 kB
SUnreclaim:       227512 kB
KernelStack:       18608 kB
PageTables:        52036 kB
SecPageTables:         0 kB
NFS_Unstable:          0 kB
Bounce:                0 kB
WritebackTmp:          0 kB
CommitLimit:     8258920 kB
Committed_AS:   11666540 kB
VmallocTotal:   34359738367 kB
VmallocUsed:       46808 kB
VmallocChunk:          0 kB
Percpu:            13280 kB
HardwareCorrupted:     0 kB
AnonHugePages:   1370112 kB
ShmemHugePages:        0 kB
ShmemPmdMapped:        0 kB
FileHugePages:         0 kB
FilePmdMapped:         0 kB
CmaTotal:              0 kB
CmaFree:               0 kB
Unaccepted:            0 kB
Balloon:               0 kB
HugePages_Total:       0
HugePages_Free:        0
HugePages_Rsvd:        0
HugePages_Surp:        0
Hugepagesize:       2048 kB
Hugetlb:               0 kB
DirectMap4k:      194432 kB
DirectMap2M:     6096896 kB
DirectMap1G:     4194304 kB
---SNAPSHOT---
2026-04-27 14:53:43
MemTotal:        8129240 kB
MemFree:         4461884 kB
MemAvailable:    4197720 kB
Buffers:            5424 kB
Cached:           318596 kB
SwapCached:        81148 kB
Active:          2292896 kB
Inactive:         624900 kB
Active(anon):    2185208 kB
Inactive(anon):   463004 kB
Active(file):     107688 kB
Inactive(file):   161896 kB
Unevictable:          16 kB
Mlocked:              16 kB
SwapTotal:       4194300 kB
SwapFree:        3975856 kB
Zswap:                 0 kB
Zswapped:              0 kB
Dirty:               564 kB
Writeback:             0 kB
AnonPages:       2515500 kB
Mapped:           272760 kB
Shmem:             54448 kB
KReclaimable:      57172 kB
Slab:             284508 kB
SReclaimable:      57172 kB
SUnreclaim:       227336 kB
KernelStack:       18608 kB
PageTables:        50592 kB
SecPageTables:         0 kB
NFS_Unstable:          0 kB
Bounce:                0 kB
WritebackTmp:          0 kB
CommitLimit:     8258920 kB
Committed_AS:   11666672 kB
VmallocTotal:   34359738367 kB
VmallocUsed:       46776 kB
VmallocChunk:          0 kB
Percpu:            13280 kB
HardwareCorrupted:     0 kB
AnonHugePages:    972800 kB
ShmemHugePages:        0 kB
ShmemPmdMapped:        0 kB
FileHugePages:         0 kB
FilePmdMapped:         0 kB
CmaTotal:              0 kB
CmaFree:               0 kB
Unaccepted:            0 kB
Balloon:               0 kB
HugePages_Total:       0
HugePages_Free:        0
HugePages_Rsvd:        0
HugePages_Surp:        0
Hugepagesize:       2048 kB
Hugetlb:               0 kB
DirectMap4k:      194432 kB
DirectMap2M:     6096896 kB
DirectMap1G:     4194304 kB
---SNAPSHOT---
2026-04-27 14:53:44
MemTotal:        8129240 kB
MemFree:         3437120 kB
MemAvailable:    3172968 kB
Buffers:            5424 kB
Cached:           318604 kB
SwapCached:        80928 kB
Active:          3351796 kB
Inactive:         624756 kB
Active(anon):    3244108 kB
Inactive(anon):   462840 kB
Active(file):     107688 kB
Inactive(file):   161916 kB
Unevictable:          16 kB
Mlocked:              16 kB
SwapTotal:       4194300 kB
SwapFree:        3975856 kB
Zswap:                 0 kB
Zswapped:              0 kB
Dirty:               572 kB
Writeback:             0 kB
AnonPages:       3574484 kB
Mapped:           272760 kB
Shmem:             54448 kB
KReclaimable:      57172 kB
Slab:             284508 kB
SReclaimable:      57172 kB
SUnreclaim:       227336 kB
KernelStack:       18592 kB
PageTables:        52000 kB
SecPageTables:         0 kB
NFS_Unstable:          0 kB
Bounce:                0 kB
WritebackTmp:          0 kB
CommitLimit:     8258920 kB
Committed_AS:   11666628 kB
VmallocTotal:   34359738367 kB
VmallocUsed:       46808 kB
VmallocChunk:          0 kB
Percpu:            13280 kB
HardwareCorrupted:     0 kB
AnonHugePages:   2031616 kB
ShmemHugePages:        0 kB
ShmemPmdMapped:        0 kB
FileHugePages:         0 kB
FilePmdMapped:         0 kB
CmaTotal:              0 kB
CmaFree:               0 kB
Unaccepted:            0 kB
Balloon:               0 kB
HugePages_Total:       0
HugePages_Free:        0
HugePages_Rsvd:        0
HugePages_Surp:        0
Hugepagesize:       2048 kB
Hugetlb:               0 kB
DirectMap4k:      194432 kB
DirectMap2M:     6096896 kB
DirectMap1G:     4194304 kB
---SNAPSHOT---
2026-04-27 14:53:45
MemTotal:        8129240 kB
MemFree:         4261648 kB
MemAvailable:    3997496 kB
Buffers:            5424 kB
Cached:           318608 kB
SwapCached:        80928 kB
Active:          2491708 kB
Inactive:         624756 kB
Active(anon):    2384020 kB
Inactive(anon):   462840 kB
Active(file):     107688 kB
Inactive(file):   161916 kB
Unevictable:          16 kB
Mlocked:              16 kB
SwapTotal:       4194300 kB
SwapFree:        3975856 kB
Zswap:                 0 kB
Zswapped:              0 kB
Dirty:               576 kB
Writeback:             0 kB
AnonPages:       2714392 kB
Mapped:           272760 kB
Shmem:             54448 kB
KReclaimable:      57172 kB
Slab:             284508 kB
SReclaimable:      57172 kB
SUnreclaim:       227336 kB
KernelStack:       18608 kB
PageTables:        49896 kB
SecPageTables:         0 kB
NFS_Unstable:          0 kB
Bounce:                0 kB
WritebackTmp:          0 kB
CommitLimit:     8258920 kB
Committed_AS:   11666656 kB
VmallocTotal:   34359738367 kB
VmallocUsed:       46792 kB
VmallocChunk:          0 kB
Percpu:            13280 kB
HardwareCorrupted:     0 kB
AnonHugePages:   1171456 kB
ShmemHugePages:        0 kB
ShmemPmdMapped:        0 kB
FileHugePages:         0 kB
FilePmdMapped:         0 kB
CmaTotal:              0 kB
CmaFree:               0 kB
Unaccepted:            0 kB
Balloon:               0 kB
HugePages_Total:       0
HugePages_Free:        0
HugePages_Rsvd:        0
HugePages_Surp:        0
Hugepagesize:       2048 kB
Hugetlb:               0 kB
DirectMap4k:      194432 kB
DirectMap2M:     6096896 kB
DirectMap1G:     4194304 kB
---SNAPSHOT---
2026-04-27 14:53:46
MemTotal:        8129240 kB
MemFree:         3899540 kB
MemAvailable:    3635392 kB
Buffers:            5424 kB
Cached:           318616 kB
SwapCached:        80928 kB
Active:          2911400 kB
Inactive:         624768 kB
Active(anon):    2803712 kB
Inactive(anon):   462840 kB
Active(file):     107688 kB
Inactive(file):   161928 kB
Unevictable:          16 kB
Mlocked:              16 kB
SwapTotal:       4194300 kB
SwapFree:        3975856 kB
Zswap:                 0 kB
Zswapped:              0 kB
Dirty:               584 kB
Writeback:             0 kB
AnonPages:       3134120 kB
Mapped:           272760 kB
Shmem:             54448 kB
KReclaimable:      57172 kB
Slab:             284508 kB
SReclaimable:      57172 kB
SUnreclaim:       227336 kB
KernelStack:       18592 kB
PageTables:        50468 kB
SecPageTables:         0 kB
NFS_Unstable:          0 kB
Bounce:                0 kB
WritebackTmp:          0 kB
CommitLimit:     8258920 kB
Committed_AS:   11666428 kB
VmallocTotal:   34359738367 kB
VmallocUsed:       46792 kB
VmallocChunk:          0 kB
Percpu:            13280 kB
HardwareCorrupted:     0 kB
AnonHugePages:   1591296 kB
ShmemHugePages:        0 kB
ShmemPmdMapped:        0 kB
FileHugePages:         0 kB
FilePmdMapped:         0 kB
CmaTotal:              0 kB
CmaFree:               0 kB
Unaccepted:            0 kB
Balloon:               0 kB
HugePages_Total:       0
HugePages_Free:        0
HugePages_Rsvd:        0
HugePages_Surp:        0
Hugepagesize:       2048 kB
Hugetlb:               0 kB
DirectMap4k:      194432 kB
DirectMap2M:     6096896 kB
DirectMap1G:     4194304 kB
---SNAPSHOT---
2026-04-27 14:53:47
MemTotal:        8129240 kB
MemFree:         3468640 kB
MemAvailable:    3204492 kB
Buffers:            5424 kB
Cached:           318620 kB
SwapCached:        80928 kB
Active:          3337520 kB
Inactive:         624768 kB
Active(anon):    3229832 kB
Inactive(anon):   462840 kB
Active(file):     107688 kB
Inactive(file):   161928 kB
Unevictable:          16 kB
Mlocked:              16 kB
SwapTotal:       4194300 kB
SwapFree:        3975856 kB
Zswap:                 0 kB
Zswapped:              0 kB
Dirty:               588 kB
Writeback:             0 kB
AnonPages:       3560208 kB
Mapped:           272760 kB
Shmem:             54448 kB
KReclaimable:      57172 kB
Slab:             284508 kB
SReclaimable:      57172 kB
SUnreclaim:       227336 kB
KernelStack:       18608 kB
PageTables:        51308 kB
SecPageTables:         0 kB
NFS_Unstable:          0 kB
Bounce:                0 kB
WritebackTmp:          0 kB
CommitLimit:     8258920 kB
Committed_AS:   11666528 kB
VmallocTotal:   34359738367 kB
VmallocUsed:       46792 kB
VmallocChunk:          0 kB
Percpu:            13280 kB
HardwareCorrupted:     0 kB
AnonHugePages:   2017280 kB
ShmemHugePages:        0 kB
ShmemPmdMapped:        0 kB
FileHugePages:         0 kB
FilePmdMapped:         0 kB
CmaTotal:              0 kB
CmaFree:               0 kB
Unaccepted:            0 kB
Balloon:               0 kB
HugePages_Total:       0
HugePages_Free:        0
HugePages_Rsvd:        0
HugePages_Surp:        0
Hugepagesize:       2048 kB
Hugetlb:               0 kB
DirectMap4k:      194432 kB
DirectMap2M:     6096896 kB
DirectMap1G:     4194304 kB
---SNAPSHOT---
2026-04-27 14:53:48
MemTotal:        8129240 kB
MemFree:         3923796 kB
MemAvailable:    3659652 kB
Buffers:            5432 kB
Cached:           318616 kB
SwapCached:        80928 kB
Active:          2882180 kB
Inactive:         624776 kB
Active(anon):    2774492 kB
Inactive(anon):   462840 kB
Active(file):     107688 kB
Inactive(file):   161936 kB
Unevictable:          16 kB
Mlocked:              16 kB
SwapTotal:       4194300 kB
SwapFree:        3975856 kB
Zswap:                 0 kB
Zswapped:              0 kB
Dirty:               592 kB
Writeback:             0 kB
AnonPages:       3104928 kB
Mapped:           272988 kB
Shmem:             54448 kB
KReclaimable:      57172 kB
Slab:             284508 kB
SReclaimable:      57172 kB
SUnreclaim:       227336 kB
KernelStack:       18624 kB
PageTables:        50748 kB
SecPageTables:         0 kB
NFS_Unstable:          0 kB
Bounce:                0 kB
WritebackTmp:          0 kB
CommitLimit:     8258920 kB
Committed_AS:   11667008 kB
VmallocTotal:   34359738367 kB
VmallocUsed:       46808 kB
VmallocChunk:          0 kB
Percpu:            13280 kB
HardwareCorrupted:     0 kB
AnonHugePages:   1560576 kB
ShmemHugePages:        0 kB
ShmemPmdMapped:        0 kB
FileHugePages:         0 kB
FilePmdMapped:         0 kB
CmaTotal:              0 kB
CmaFree:               0 kB
Unaccepted:            0 kB
Balloon:               0 kB
HugePages_Total:       0
HugePages_Free:        0
HugePages_Rsvd:        0
HugePages_Surp:        0
Hugepagesize:       2048 kB
Hugetlb:               0 kB
DirectMap4k:      194432 kB
DirectMap2M:     6096896 kB
DirectMap1G:     4194304 kB
---SNAPSHOT---
2026-04-27 14:53:49
MemTotal:        8129240 kB
MemFree:         3727324 kB
MemAvailable:    3463188 kB
Buffers:            5432 kB
Cached:           318632 kB
SwapCached:        80928 kB
Active:          3044128 kB
Inactive:         624792 kB
Active(anon):    2936440 kB
Inactive(anon):   462840 kB
Active(file):     107688 kB
Inactive(file):   161952 kB
Unevictable:          16 kB
Mlocked:              16 kB
SwapTotal:       4194300 kB
SwapFree:        3975856 kB
Zswap:                 0 kB
Zswapped:              0 kB
Dirty:               308 kB
Writeback:             0 kB
AnonPages:       3266836 kB
Mapped:           272760 kB
Shmem:             54448 kB
KReclaimable:      57172 kB
Slab:             284508 kB
SReclaimable:      57172 kB
SUnreclaim:       227336 kB
KernelStack:       18608 kB
PageTables:        51332 kB
SecPageTables:         0 kB
NFS_Unstable:          0 kB
Bounce:                0 kB
WritebackTmp:          0 kB
CommitLimit:     8258920 kB
Committed_AS:   11666784 kB
VmallocTotal:   34359738367 kB
VmallocUsed:       46808 kB
VmallocChunk:          0 kB
Percpu:            13280 kB
HardwareCorrupted:     0 kB
AnonHugePages:   1722368 kB
ShmemHugePages:        0 kB
ShmemPmdMapped:        0 kB
FileHugePages:         0 kB
FilePmdMapped:         0 kB
CmaTotal:              0 kB
CmaFree:               0 kB
Unaccepted:            0 kB
Balloon:               0 kB
HugePages_Total:       0
HugePages_Free:        0
HugePages_Rsvd:        0
HugePages_Surp:        0
Hugepagesize:       2048 kB
Hugetlb:               0 kB
DirectMap4k:      194432 kB
DirectMap2M:     6096896 kB
DirectMap1G:     4194304 kB
---SNAPSHOT---
2026-04-27 14:53:50
MemTotal:        8129240 kB
MemFree:         4135176 kB
MemAvailable:    3871044 kB
Buffers:            5432 kB
Cached:           318636 kB
SwapCached:        80928 kB
Active:          2665640 kB
Inactive:         624796 kB
Active(anon):    2557952 kB
Inactive(anon):   462840 kB
Active(file):     107688 kB
Inactive(file):   161956 kB
Unevictable:          16 kB
Mlocked:              16 kB
SwapTotal:       4194300 kB
SwapFree:        3975856 kB
Zswap:                 0 kB
Zswapped:              0 kB
Dirty:               192 kB
Writeback:             0 kB
AnonPages:       2888236 kB
Mapped:           272988 kB
Shmem:             54448 kB
KReclaimable:      57172 kB
Slab:             284508 kB
SReclaimable:      57172 kB
SUnreclaim:       227336 kB
KernelStack:       18608 kB
PageTables:        50044 kB
SecPageTables:         0 kB
NFS_Unstable:          0 kB
Bounce:                0 kB
WritebackTmp:          0 kB
CommitLimit:     8258920 kB
Committed_AS:   11667008 kB
VmallocTotal:   34359738367 kB
VmallocUsed:       46824 kB
VmallocChunk:          0 kB
Percpu:            13280 kB
HardwareCorrupted:     0 kB
AnonHugePages:   1345536 kB
ShmemHugePages:        0 kB
ShmemPmdMapped:        0 kB
FileHugePages:         0 kB
FilePmdMapped:         0 kB
CmaTotal:              0 kB
CmaFree:               0 kB
Unaccepted:            0 kB
Balloon:               0 kB
HugePages_Total:       0
HugePages_Free:        0
HugePages_Rsvd:        0
HugePages_Surp:        0
Hugepagesize:       2048 kB
Hugetlb:               0 kB
DirectMap4k:      194432 kB
DirectMap2M:     6096896 kB
DirectMap1G:     4194304 kB
---SNAPSHOT---
2026-04-27 14:53:51
MemTotal:        8129240 kB
MemFree:         3741068 kB
MemAvailable:    3476940 kB
Buffers:            5432 kB
Cached:           318644 kB
SwapCached:        80928 kB
Active:          3024444 kB
Inactive:         624804 kB
Active(anon):    2916756 kB
Inactive(anon):   462840 kB
Active(file):     107688 kB
Inactive(file):   161964 kB
Unevictable:          16 kB
Mlocked:              16 kB
SwapTotal:       4194300 kB
SwapFree:        3975856 kB
Zswap:                 0 kB
Zswapped:              0 kB
Dirty:               200 kB
Writeback:             0 kB
AnonPages:       3247560 kB
Mapped:           272760 kB
Shmem:             54448 kB
KReclaimable:      57172 kB
Slab:             284508 kB
SReclaimable:      57172 kB
SUnreclaim:       227336 kB
KernelStack:       18608 kB
PageTables:        50820 kB
SecPageTables:         0 kB
NFS_Unstable:          0 kB
Bounce:                0 kB
WritebackTmp:          0 kB
CommitLimit:     8258920 kB
Committed_AS:   11667120 kB
VmallocTotal:   34359738367 kB
VmallocUsed:       46840 kB
VmallocChunk:          0 kB
Percpu:            13280 kB
HardwareCorrupted:     0 kB
AnonHugePages:   1495040 kB
ShmemHugePages:        0 kB
ShmemPmdMapped:        0 kB
FileHugePages:         0 kB
FilePmdMapped:         0 kB
CmaTotal:              0 kB
CmaFree:               0 kB
Unaccepted:            0 kB
Balloon:               0 kB
HugePages_Total:       0
HugePages_Free:        0
HugePages_Rsvd:        0
HugePages_Surp:        0
Hugepagesize:       2048 kB
Hugetlb:               0 kB
DirectMap4k:      194432 kB
DirectMap2M:     6096896 kB
DirectMap1G:     4194304 kB
---SNAPSHOT---
2026-04-27 14:53:52
MemTotal:        8129240 kB
MemFree:         3336776 kB
MemAvailable:    3072648 kB
Buffers:            5432 kB
Cached:           318648 kB
SwapCached:        80928 kB
Active:          3389628 kB
Inactive:         624808 kB
Active(anon):    3281940 kB
Inactive(anon):   462840 kB
Active(file):     107688 kB
Inactive(file):   161968 kB
Unevictable:          16 kB
Mlocked:              16 kB
SwapTotal:       4194300 kB
SwapFree:        3975856 kB
Zswap:                 0 kB
Zswapped:              0 kB
Dirty:               204 kB
Writeback:             0 kB
AnonPages:       3612548 kB
Mapped:           272760 kB
Shmem:             54448 kB
KReclaimable:      57172 kB
Slab:             284508 kB
SReclaimable:      57172 kB
SUnreclaim:       227336 kB
KernelStack:       18624 kB
PageTables:        51648 kB
SecPageTables:         0 kB
NFS_Unstable:          0 kB
Bounce:                0 kB
WritebackTmp:          0 kB
CommitLimit:     8258920 kB
Committed_AS:   11667008 kB
VmallocTotal:   34359738367 kB
VmallocUsed:       46808 kB
VmallocChunk:          0 kB
Percpu:            13280 kB
HardwareCorrupted:     0 kB
AnonHugePages:   1497088 kB
ShmemHugePages:        0 kB
ShmemPmdMapped:        0 kB
FileHugePages:         0 kB
FilePmdMapped:         0 kB
CmaTotal:              0 kB
CmaFree:               0 kB
Unaccepted:            0 kB
Balloon:               0 kB
HugePages_Total:       0
HugePages_Free:        0
HugePages_Rsvd:        0
HugePages_Surp:        0
Hugepagesize:       2048 kB
Hugetlb:               0 kB
DirectMap4k:      194432 kB
DirectMap2M:     6096896 kB
DirectMap1G:     4194304 kB
---SNAPSHOT---
2026-04-27 14:53:53
MemTotal:        8129240 kB
MemFree:         4294772 kB
MemAvailable:    4030648 kB
Buffers:            5440 kB
Cached:           318656 kB
SwapCached:        80928 kB
Active:          2454300 kB
Inactive:         624816 kB
Active(anon):    2346612 kB
Inactive(anon):   462840 kB
Active(file):     107688 kB
Inactive(file):   161976 kB
Unevictable:          16 kB
Mlocked:              16 kB
SwapTotal:       4194300 kB
SwapFree:        3975856 kB
Zswap:                 0 kB
Zswapped:              0 kB
Dirty:               228 kB
Writeback:             0 kB
AnonPages:       2677216 kB
Mapped:           272760 kB
Shmem:             54448 kB
KReclaimable:      57172 kB
Slab:             284508 kB
SReclaimable:      57172 kB
SUnreclaim:       227336 kB
KernelStack:       18624 kB
PageTables:        50360 kB
SecPageTables:         0 kB
NFS_Unstable:          0 kB
Bounce:                0 kB
WritebackTmp:          0 kB
CommitLimit:     8258920 kB
Committed_AS:   11666652 kB
VmallocTotal:   34359738367 kB
VmallocUsed:       46792 kB
VmallocChunk:          0 kB
Percpu:            13280 kB
HardwareCorrupted:     0 kB
AnonHugePages:    772096 kB
ShmemHugePages:        0 kB
ShmemPmdMapped:        0 kB
FileHugePages:         0 kB
FilePmdMapped:         0 kB
CmaTotal:              0 kB
CmaFree:               0 kB
Unaccepted:            0 kB
Balloon:               0 kB
HugePages_Total:       0
HugePages_Free:        0
HugePages_Rsvd:        0
HugePages_Surp:        0
Hugepagesize:       2048 kB
Hugetlb:               0 kB
DirectMap4k:      194432 kB
DirectMap2M:     6096896 kB
DirectMap1G:     4194304 kB
---SNAPSHOT---
2026-04-27 14:53:54
MemTotal:        8129240 kB
MemFree:         3287932 kB
MemAvailable:    3023816 kB
Buffers:            5440 kB
Cached:           318664 kB
SwapCached:        80928 kB
Active:          3481576 kB
Inactive:         624828 kB
Active(anon):    3373888 kB
Inactive(anon):   462840 kB
Active(file):     107688 kB
Inactive(file):   161988 kB
Unevictable:          16 kB
Mlocked:              16 kB
SwapTotal:       4194300 kB
SwapFree:        3975856 kB
Zswap:                 0 kB
Zswapped:              0 kB
Dirty:               236 kB
Writeback:             0 kB
AnonPages:       3704484 kB
Mapped:           272760 kB
Shmem:             54448 kB
KReclaimable:      57172 kB
Slab:             284508 kB
SReclaimable:      57172 kB
SUnreclaim:       227336 kB
KernelStack:       18640 kB
PageTables:        52132 kB
SecPageTables:         0 kB
NFS_Unstable:          0 kB
Bounce:                0 kB
WritebackTmp:          0 kB
CommitLimit:     8258920 kB
Committed_AS:   11666900 kB
VmallocTotal:   34359738367 kB
VmallocUsed:       46840 kB
VmallocChunk:          0 kB
Percpu:            13280 kB
HardwareCorrupted:     0 kB
AnonHugePages:   1572864 kB
ShmemHugePages:        0 kB
ShmemPmdMapped:        0 kB
FileHugePages:         0 kB
FilePmdMapped:         0 kB
CmaTotal:              0 kB
CmaFree:               0 kB
Unaccepted:            0 kB
Balloon:               0 kB
HugePages_Total:       0
HugePages_Free:        0
HugePages_Rsvd:        0
HugePages_Surp:        0
Hugepagesize:       2048 kB
Hugetlb:               0 kB
DirectMap4k:      194432 kB
DirectMap2M:     6096896 kB
DirectMap1G:     4194304 kB
---SNAPSHOT---
2026-04-27 14:53:55
MemTotal:        8129240 kB
MemFree:         4211456 kB
MemAvailable:    3947344 kB
Buffers:            5440 kB
Cached:           318676 kB
SwapCached:        80928 kB
Active:          2608140 kB
Inactive:         624840 kB
Active(anon):    2500452 kB
Inactive(anon):   462840 kB
Active(file):     107688 kB
Inactive(file):   162000 kB
Unevictable:          16 kB
Mlocked:              16 kB
SwapTotal:       4194300 kB
SwapFree:        3975856 kB
Zswap:                 0 kB
Zswapped:              0 kB
Dirty:                40 kB
Writeback:             0 kB
AnonPages:       2830888 kB
Mapped:           272760 kB
Shmem:             54448 kB
KReclaimable:      57172 kB
Slab:             284508 kB
SReclaimable:      57172 kB
SUnreclaim:       227336 kB
KernelStack:       18624 kB
PageTables:        50212 kB
SecPageTables:         0 kB
NFS_Unstable:          0 kB
Bounce:                0 kB
WritebackTmp:          0 kB
CommitLimit:     8258920 kB
Committed_AS:   11667008 kB
VmallocTotal:   34359738367 kB
VmallocUsed:       46808 kB
VmallocChunk:          0 kB
Percpu:            13280 kB
HardwareCorrupted:     0 kB
AnonHugePages:   1288192 kB
ShmemHugePages:        0 kB
ShmemPmdMapped:        0 kB
FileHugePages:         0 kB
FilePmdMapped:         0 kB
CmaTotal:              0 kB
CmaFree:               0 kB
Unaccepted:            0 kB
Balloon:               0 kB
HugePages_Total:       0
HugePages_Free:        0
HugePages_Rsvd:        0
HugePages_Surp:        0
Hugepagesize:       2048 kB
Hugetlb:               0 kB
DirectMap4k:      194432 kB
DirectMap2M:     6096896 kB
DirectMap1G:     4194304 kB
---SNAPSHOT---
2026-04-27 14:53:56
MemTotal:        8129240 kB
MemFree:         3814144 kB
MemAvailable:    3550040 kB
Buffers:            5440 kB
Cached:           318684 kB
SwapCached:        80928 kB
Active:          3007504 kB
Inactive:         624852 kB
Active(anon):    2899816 kB
Inactive(anon):   462840 kB
Active(file):     107688 kB
Inactive(file):   162012 kB
Unevictable:          16 kB
Mlocked:              16 kB
SwapTotal:       4194300 kB
SwapFree:        3975856 kB
Zswap:                 0 kB
Zswapped:              0 kB
Dirty:                48 kB
Writeback:             0 kB
AnonPages:       3230252 kB
Mapped:           272988 kB
Shmem:             54448 kB
KReclaimable:      57172 kB
Slab:             284508 kB
SReclaimable:      57172 kB
SUnreclaim:       227336 kB
KernelStack:       18624 kB
PageTables:        51180 kB
SecPageTables:         0 kB
NFS_Unstable:          0 kB
Bounce:                0 kB
WritebackTmp:          0 kB
CommitLimit:     8258920 kB
Committed_AS:   11666512 kB
VmallocTotal:   34359738367 kB
VmallocUsed:       46808 kB
VmallocChunk:          0 kB
Percpu:            13280 kB
HardwareCorrupted:     0 kB
AnonHugePages:   1687552 kB
ShmemHugePages:        0 kB
ShmemPmdMapped:        0 kB
FileHugePages:         0 kB
FilePmdMapped:         0 kB
CmaTotal:              0 kB
CmaFree:               0 kB
Unaccepted:            0 kB
Balloon:               0 kB
HugePages_Total:       0
HugePages_Free:        0
HugePages_Rsvd:        0
HugePages_Surp:        0
Hugepagesize:       2048 kB
Hugetlb:               0 kB
DirectMap4k:      194432 kB
DirectMap2M:     6096896 kB
DirectMap1G:     4194304 kB
---SNAPSHOT---
2026-04-27 14:53:57
MemTotal:        8129240 kB
MemFree:         4583628 kB
MemAvailable:    4319524 kB
Buffers:            5440 kB
Cached:           318688 kB
SwapCached:        80928 kB
Active:          2130020 kB
Inactive:         624856 kB
Active(anon):    2022332 kB
Inactive(anon):   462840 kB
Active(file):     107688 kB
Inactive(file):   162016 kB
Unevictable:          16 kB
Mlocked:              16 kB
SwapTotal:       4194300 kB
SwapFree:        3975856 kB
Zswap:                 0 kB
Zswapped:              0 kB
Dirty:                52 kB
Writeback:             0 kB
AnonPages:       2352840 kB
Mapped:           272760 kB
Shmem:             54448 kB
KReclaimable:      57172 kB
Slab:             284508 kB
SReclaimable:      57172 kB
SUnreclaim:       227336 kB
KernelStack:       18624 kB
PageTables:        49928 kB
SecPageTables:         0 kB
NFS_Unstable:          0 kB
Bounce:                0 kB
WritebackTmp:          0 kB
CommitLimit:     8258920 kB
Committed_AS:   11666512 kB
VmallocTotal:   34359738367 kB
VmallocUsed:       46808 kB
VmallocChunk:          0 kB
Percpu:            13280 kB
HardwareCorrupted:     0 kB
AnonHugePages:    790528 kB
ShmemHugePages:        0 kB
ShmemPmdMapped:        0 kB
FileHugePages:         0 kB
FilePmdMapped:         0 kB
CmaTotal:              0 kB
CmaFree:               0 kB
Unaccepted:            0 kB
Balloon:               0 kB
HugePages_Total:       0
HugePages_Free:        0
HugePages_Rsvd:        0
HugePages_Surp:        0
Hugepagesize:       2048 kB
Hugetlb:               0 kB
DirectMap4k:      194432 kB
DirectMap2M:     6096896 kB
DirectMap1G:     4194304 kB
---SNAPSHOT---
2026-04-27 14:53:58
MemTotal:        8129240 kB
MemFree:         4266636 kB
MemAvailable:    4002536 kB
Buffers:            5448 kB
Cached:           318684 kB
SwapCached:        80928 kB
Active:          2501104 kB
Inactive:         624860 kB
Active(anon):    2393416 kB
Inactive(anon):   462840 kB
Active(file):     107688 kB
Inactive(file):   162020 kB
Unevictable:          16 kB
Mlocked:              16 kB
SwapTotal:       4194300 kB
SwapFree:        3975856 kB
Zswap:                 0 kB
Zswapped:              0 kB
Dirty:                56 kB
Writeback:             0 kB
AnonPages:       2723744 kB
Mapped:           272760 kB
Shmem:             54448 kB
KReclaimable:      57172 kB
Slab:             284508 kB
SReclaimable:      57172 kB
SUnreclaim:       227336 kB
KernelStack:       18624 kB
PageTables:        51140 kB
SecPageTables:         0 kB
NFS_Unstable:          0 kB
Bounce:                0 kB
WritebackTmp:          0 kB
CommitLimit:     8258920 kB
Committed_AS:   11666512 kB
VmallocTotal:   34359738367 kB
VmallocUsed:       46808 kB
VmallocChunk:          0 kB
Percpu:            13280 kB
HardwareCorrupted:     0 kB
AnonHugePages:    929792 kB
ShmemHugePages:        0 kB
ShmemPmdMapped:        0 kB
FileHugePages:         0 kB
FilePmdMapped:         0 kB
CmaTotal:              0 kB
CmaFree:               0 kB
Unaccepted:            0 kB
Balloon:               0 kB
HugePages_Total:       0
HugePages_Free:        0
HugePages_Rsvd:        0
HugePages_Surp:        0
Hugepagesize:       2048 kB
Hugetlb:               0 kB
DirectMap4k:      194432 kB
DirectMap2M:     6096896 kB
DirectMap1G:     4194304 kB
---SNAPSHOT---
2026-04-27 14:53:59
MemTotal:        8129240 kB
MemFree:         3288308 kB
MemAvailable:    3024216 kB
Buffers:            5448 kB
Cached:           318700 kB
SwapCached:        80928 kB
Active:          3522232 kB
Inactive:         624876 kB
Active(anon):    3414544 kB
Inactive(anon):   462840 kB
Active(file):     107688 kB
Inactive(file):   162036 kB
Unevictable:          16 kB
Mlocked:              16 kB
SwapTotal:       4194300 kB
SwapFree:        3975856 kB
Zswap:                 0 kB
Zswapped:              0 kB
Dirty:                84 kB
Writeback:             0 kB
AnonPages:       3745012 kB
Mapped:           272760 kB
Shmem:             54448 kB
KReclaimable:      57172 kB
Slab:             284508 kB
SReclaimable:      57172 kB
SUnreclaim:       227336 kB
KernelStack:       18624 kB
PageTables:        52704 kB
SecPageTables:         0 kB
NFS_Unstable:          0 kB
Bounce:                0 kB
WritebackTmp:          0 kB
CommitLimit:     8258920 kB
Committed_AS:   11666268 kB
VmallocTotal:   34359738367 kB
VmallocUsed:       46808 kB
VmallocChunk:          0 kB
Percpu:            13280 kB
HardwareCorrupted:     0 kB
AnonHugePages:   1718272 kB
ShmemHugePages:        0 kB
ShmemPmdMapped:        0 kB
FileHugePages:         0 kB
FilePmdMapped:         0 kB
CmaTotal:              0 kB
CmaFree:               0 kB
Unaccepted:            0 kB
Balloon:               0 kB
HugePages_Total:       0
HugePages_Free:        0
HugePages_Rsvd:        0
HugePages_Surp:        0
Hugepagesize:       2048 kB
Hugetlb:               0 kB
DirectMap4k:      194432 kB
DirectMap2M:     6096896 kB
DirectMap1G:     4194304 kB
---SNAPSHOT---
2026-04-27 14:54:00
MemTotal:        8129240 kB
MemFree:         4219380 kB
MemAvailable:    3955288 kB
Buffers:            5448 kB
Cached:           318704 kB
SwapCached:        80928 kB
Active:          2502592 kB
Inactive:         624880 kB
Active(anon):    2394904 kB
Inactive(anon):   462840 kB
Active(file):     107688 kB
Inactive(file):   162040 kB
Unevictable:          16 kB
Mlocked:              16 kB
SwapTotal:       4194300 kB
SwapFree:        3975856 kB
Zswap:                 0 kB
Zswapped:              0 kB
Dirty:                84 kB
Writeback:             0 kB
AnonPages:       2725220 kB
Mapped:           272760 kB
Shmem:             54448 kB
KReclaimable:      57172 kB
Slab:             284508 kB
SReclaimable:      57172 kB
SUnreclaim:       227336 kB
KernelStack:       18624 kB
PageTables:        50320 kB
SecPageTables:         0 kB
NFS_Unstable:          0 kB
Bounce:                0 kB
WritebackTmp:          0 kB
CommitLimit:     8258920 kB
Committed_AS:   11667124 kB
VmallocTotal:   34359738367 kB
VmallocUsed:       46824 kB
VmallocChunk:          0 kB
Percpu:            13280 kB
HardwareCorrupted:     0 kB
AnonHugePages:   1019904 kB
ShmemHugePages:        0 kB
ShmemPmdMapped:        0 kB
FileHugePages:         0 kB
FilePmdMapped:         0 kB
CmaTotal:              0 kB
CmaFree:               0 kB
Unaccepted:            0 kB
Balloon:               0 kB
HugePages_Total:       0
HugePages_Free:        0
HugePages_Rsvd:        0
HugePages_Surp:        0
Hugepagesize:       2048 kB
Hugetlb:               0 kB
DirectMap4k:      194432 kB
DirectMap2M:     6096896 kB
DirectMap1G:     4194304 kB
---SNAPSHOT---
2026-04-27 14:54:01
MemTotal:        8129240 kB
MemFree:         3880056 kB
MemAvailable:    3615972 kB
Buffers:            5448 kB
Cached:           318716 kB
SwapCached:        80928 kB
Active:          2857440 kB
Inactive:         624892 kB
Active(anon):    2749752 kB
Inactive(anon):   462840 kB
Active(file):     107688 kB
Inactive(file):   162052 kB
Unevictable:          16 kB
Mlocked:              16 kB
SwapTotal:       4194300 kB
SwapFree:        3975856 kB
Zswap:                 0 kB
Zswapped:              0 kB
Dirty:                96 kB
Writeback:             0 kB
AnonPages:       3079800 kB
Mapped:           272760 kB
Shmem:             54448 kB
KReclaimable:      57172 kB
Slab:             284508 kB
SReclaimable:      57172 kB
SUnreclaim:       227336 kB
KernelStack:       18624 kB
PageTables:        51004 kB
SecPageTables:         0 kB
NFS_Unstable:          0 kB
Bounce:                0 kB
WritebackTmp:          0 kB
CommitLimit:     8258920 kB
Committed_AS:   11666788 kB
VmallocTotal:   34359738367 kB
VmallocUsed:       46824 kB
VmallocChunk:          0 kB
Percpu:            13280 kB
HardwareCorrupted:     0 kB
AnonHugePages:   1142784 kB
ShmemHugePages:        0 kB
ShmemPmdMapped:        0 kB
FileHugePages:         0 kB
FilePmdMapped:         0 kB
CmaTotal:              0 kB
CmaFree:               0 kB
Unaccepted:            0 kB
Balloon:               0 kB
HugePages_Total:       0
HugePages_Free:        0
HugePages_Rsvd:        0
HugePages_Surp:        0
Hugepagesize:       2048 kB
Hugetlb:               0 kB
DirectMap4k:      194432 kB
DirectMap2M:     6096896 kB
DirectMap1G:     4194304 kB
---SNAPSHOT---
2026-04-27 14:54:02
MemTotal:        8129240 kB
MemFree:         3458612 kB
MemAvailable:    3194644 kB
Buffers:            5716 kB
Cached:           318680 kB
SwapCached:        80928 kB
Active:          3242980 kB
Inactive:         625124 kB
Active(anon):    3135292 kB
Inactive(anon):   462840 kB
Active(file):     107688 kB
Inactive(file):   162284 kB
Unevictable:          16 kB
Mlocked:              16 kB
SwapTotal:       4194300 kB
SwapFree:        3975856 kB
Zswap:                 0 kB
Zswapped:              0 kB
Dirty:               100 kB
Writeback:             0 kB
AnonPages:       3465560 kB
Mapped:           272760 kB
Shmem:             54448 kB
KReclaimable:      57172 kB
Slab:             284508 kB
SReclaimable:      57172 kB
SUnreclaim:       227336 kB
KernelStack:       18684 kB
PageTables:        52036 kB
SecPageTables:         0 kB
NFS_Unstable:          0 kB
Bounce:                0 kB
WritebackTmp:          0 kB
CommitLimit:     8258920 kB
Committed_AS:   11666460 kB
VmallocTotal:   34359738367 kB
VmallocUsed:       46824 kB
VmallocChunk:          0 kB
Percpu:            13280 kB
HardwareCorrupted:     0 kB
AnonHugePages:   1294336 kB
ShmemHugePages:        0 kB
ShmemPmdMapped:        0 kB
FileHugePages:         0 kB
FilePmdMapped:         0 kB
CmaTotal:              0 kB
CmaFree:               0 kB
Unaccepted:            0 kB
Balloon:               0 kB
HugePages_Total:       0
HugePages_Free:        0
HugePages_Rsvd:        0
HugePages_Surp:        0
Hugepagesize:       2048 kB
Hugetlb:               0 kB
DirectMap4k:      194432 kB
DirectMap2M:     6096896 kB
DirectMap1G:     4194304 kB
---SNAPSHOT---
2026-04-27 14:54:03
MemTotal:        8129240 kB
MemFree:         4393776 kB
MemAvailable:    4129828 kB
Buffers:            5724 kB
Cached:           318724 kB
SwapCached:        80928 kB
Active:          2364392 kB
Inactive:         625168 kB
Active(anon):    2256704 kB
Inactive(anon):   462840 kB
Active(file):     107688 kB
Inactive(file):   162328 kB
Unevictable:          16 kB
Mlocked:              16 kB
SwapTotal:       4194300 kB
SwapFree:        3975856 kB
Zswap:                 0 kB
Zswapped:              0 kB
Dirty:               104 kB
Writeback:             0 kB
AnonPages:       2587420 kB
Mapped:           272760 kB
Shmem:             54448 kB
KReclaimable:      57172 kB
Slab:             284508 kB
SReclaimable:      57172 kB
SUnreclaim:       227336 kB
KernelStack:       18684 kB
PageTables:        51860 kB
SecPageTables:         0 kB
NFS_Unstable:          0 kB
Bounce:                0 kB
WritebackTmp:          0 kB
CommitLimit:     8258920 kB
Committed_AS:   11666540 kB
VmallocTotal:   34359738367 kB
VmallocUsed:       46808 kB
VmallocChunk:          0 kB
Percpu:            13280 kB
HardwareCorrupted:     0 kB
AnonHugePages:   1044480 kB
ShmemHugePages:        0 kB
ShmemPmdMapped:        0 kB
FileHugePages:         0 kB
FilePmdMapped:         0 kB
CmaTotal:              0 kB
CmaFree:               0 kB
Unaccepted:            0 kB
Balloon:               0 kB
HugePages_Total:       0
HugePages_Free:        0
HugePages_Rsvd:        0
HugePages_Surp:        0
Hugepagesize:       2048 kB
Hugetlb:               0 kB
DirectMap4k:      194432 kB
DirectMap2M:     6096896 kB
DirectMap1G:     4194304 kB
---SNAPSHOT---
2026-04-27 14:54:04
MemTotal:        8129240 kB
MemFree:         3361648 kB
MemAvailable:    3097704 kB
Buffers:            5724 kB
Cached:           318728 kB
SwapCached:        80928 kB
Active:          3431548 kB
Inactive:         625176 kB
Active(anon):    3323860 kB
Inactive(anon):   462840 kB
Active(file):     107688 kB
Inactive(file):   162336 kB
Unevictable:          16 kB
Mlocked:              16 kB
SwapTotal:       4194300 kB
SwapFree:        3975856 kB
Zswap:                 0 kB
Zswapped:              0 kB
Dirty:               108 kB
Writeback:             0 kB
AnonPages:       3653864 kB
Mapped:           272920 kB
Shmem:             54448 kB
KReclaimable:      57172 kB
Slab:             284508 kB
SReclaimable:      57172 kB
SUnreclaim:       227336 kB
KernelStack:       18672 kB
PageTables:        53420 kB
SecPageTables:         0 kB
NFS_Unstable:          0 kB
Bounce:                0 kB
WritebackTmp:          0 kB
CommitLimit:     8258920 kB
Committed_AS:   11667012 kB
VmallocTotal:   34359738367 kB
VmallocUsed:       46856 kB
VmallocChunk:          0 kB
Percpu:            13280 kB
HardwareCorrupted:     0 kB
AnonHugePages:   2111488 kB
ShmemHugePages:        0 kB
ShmemPmdMapped:        0 kB
FileHugePages:         0 kB
FilePmdMapped:         0 kB
CmaTotal:              0 kB
CmaFree:               0 kB
Unaccepted:            0 kB
Balloon:               0 kB
HugePages_Total:       0
HugePages_Free:        0
HugePages_Rsvd:        0
HugePages_Surp:        0
Hugepagesize:       2048 kB
Hugetlb:               0 kB
DirectMap4k:      194432 kB
DirectMap2M:     6096896 kB
DirectMap1G:     4194304 kB
---SNAPSHOT---
2026-04-27 14:54:05
MemTotal:        8129240 kB
MemFree:         3326924 kB
MemAvailable:    3062988 kB
Buffers:            5724 kB
Cached:           318740 kB
SwapCached:       603012 kB
Active:          2943204 kB
Inactive:        1145696 kB
Active(anon):    2835516 kB
Inactive(anon):   983344 kB
Active(file):     107688 kB
Inactive(file):   162352 kB
Unevictable:          16 kB
Mlocked:              16 kB
SwapTotal:       4194300 kB
SwapFree:        3453744 kB
Zswap:                 0 kB
Zswapped:              0 kB
Dirty:               120 kB
Writeback:          1296 kB
AnonPages:       3166724 kB
Mapped:           272760 kB
Shmem:             54448 kB
KReclaimable:      57172 kB
Slab:             284612 kB
SReclaimable:      57172 kB
SUnreclaim:       227440 kB
KernelStack:       18640 kB
PageTables:        52876 kB
SecPageTables:         0 kB
NFS_Unstable:          0 kB
Bounce:                0 kB
WritebackTmp:          0 kB
CommitLimit:     8258920 kB
Committed_AS:   11666624 kB
VmallocTotal:   34359738367 kB
VmallocUsed:       46840 kB
VmallocChunk:          0 kB
Percpu:            13280 kB
HardwareCorrupted:     0 kB
AnonHugePages:   1622016 kB
ShmemHugePages:        0 kB
ShmemPmdMapped:        0 kB
FileHugePages:         0 kB
FilePmdMapped:         0 kB
CmaTotal:              0 kB
CmaFree:               0 kB
Unaccepted:            0 kB
Balloon:               0 kB
HugePages_Total:       0
HugePages_Free:        0
HugePages_Rsvd:        0
HugePages_Surp:        0
Hugepagesize:       2048 kB
Hugetlb:               0 kB
DirectMap4k:      194432 kB
DirectMap2M:     6096896 kB
DirectMap1G:     4194304 kB
---SNAPSHOT---
2026-04-27 14:54:06
MemTotal:        8129240 kB
MemFree:         3914996 kB
MemAvailable:    3651064 kB
Buffers:            5724 kB
Cached:           318748 kB
SwapCached:        80928 kB
Active:          2851340 kB
Inactive:         625200 kB
Active(anon):    2743652 kB
Inactive(anon):   462840 kB
Active(file):     107688 kB
Inactive(file):   162360 kB
Unevictable:          16 kB
Mlocked:              16 kB
SwapTotal:       4194300 kB
SwapFree:        3975856 kB
Zswap:                 0 kB
Zswapped:              0 kB
Dirty:               128 kB
Writeback:             0 kB
AnonPages:       3073916 kB
Mapped:           272760 kB
Shmem:             54448 kB
KReclaimable:      57172 kB
Slab:             284532 kB
SReclaimable:      57172 kB
SUnreclaim:       227360 kB
KernelStack:       18608 kB
PageTables:        51424 kB
SecPageTables:         0 kB
NFS_Unstable:          0 kB
Bounce:                0 kB
WritebackTmp:          0 kB
CommitLimit:     8258920 kB
Committed_AS:   11666388 kB
VmallocTotal:   34359738367 kB
VmallocUsed:       46776 kB
VmallocChunk:          0 kB
Percpu:            13280 kB
HardwareCorrupted:     0 kB
AnonHugePages:   1529856 kB
ShmemHugePages:        0 kB
ShmemPmdMapped:        0 kB
FileHugePages:         0 kB
FilePmdMapped:         0 kB
CmaTotal:              0 kB
CmaFree:               0 kB
Unaccepted:            0 kB
Balloon:               0 kB
HugePages_Total:       0
HugePages_Free:        0
HugePages_Rsvd:        0
HugePages_Surp:        0
Hugepagesize:       2048 kB
Hugetlb:               0 kB
DirectMap4k:      194432 kB
DirectMap2M:     6096896 kB
DirectMap1G:     4194304 kB
---SNAPSHOT---
2026-04-27 14:54:07
MemTotal:        8129240 kB
MemFree:         3700768 kB
MemAvailable:    3436836 kB
Buffers:            5724 kB
Cached:           318752 kB
SwapCached:        80928 kB
Active:          3030148 kB
Inactive:         625200 kB
Active(anon):    2922460 kB
Inactive(anon):   462840 kB
Active(file):     107688 kB
Inactive(file):   162360 kB
Unevictable:          16 kB
Mlocked:              16 kB
SwapTotal:       4194300 kB
SwapFree:        3975856 kB
Zswap:                 0 kB
Zswapped:              0 kB
Dirty:               132 kB
Writeback:             0 kB
AnonPages:       3252744 kB
Mapped:           272836 kB
Shmem:             54448 kB
KReclaimable:      57172 kB
Slab:             284532 kB
SReclaimable:      57172 kB
SUnreclaim:       227360 kB
KernelStack:       18608 kB
PageTables:        51300 kB
SecPageTables:         0 kB
NFS_Unstable:          0 kB
Bounce:                0 kB
WritebackTmp:          0 kB
CommitLimit:     8258920 kB
Committed_AS:   11666784 kB
VmallocTotal:   34359738367 kB
VmallocUsed:       46792 kB
VmallocChunk:          0 kB
Percpu:            13280 kB
HardwareCorrupted:     0 kB
AnonHugePages:   1710080 kB
ShmemHugePages:        0 kB
ShmemPmdMapped:        0 kB
FileHugePages:         0 kB
FilePmdMapped:         0 kB
CmaTotal:              0 kB
CmaFree:               0 kB
Unaccepted:            0 kB
Balloon:               0 kB
HugePages_Total:       0
HugePages_Free:        0
HugePages_Rsvd:        0
HugePages_Surp:        0
Hugepagesize:       2048 kB
Hugetlb:               0 kB
DirectMap4k:      194432 kB
DirectMap2M:     6096896 kB
DirectMap1G:     4194304 kB
---SNAPSHOT---
2026-04-27 14:54:12
MemTotal:        8129240 kB
MemFree:         3370864 kB
MemAvailable:    3106940 kB
Buffers:            5864 kB
Cached:           318624 kB
SwapCached:       157220 kB
Active:          3344968 kB
Inactive:         700388 kB
Active(anon):    3237280 kB
Inactive(anon):   538012 kB
Active(file):     107688 kB
Inactive(file):   162376 kB
Unevictable:          16 kB
Mlocked:              16 kB
SwapTotal:       4194300 kB
SwapFree:        3899564 kB
Zswap:                 0 kB
Zswapped:              0 kB
Dirty:               136 kB
Writeback:          1028 kB
AnonPages:       3568672 kB
Mapped:           272860 kB
Shmem:             54448 kB
KReclaimable:      57172 kB
Slab:             284564 kB
SReclaimable:      57172 kB
SUnreclaim:       227392 kB
KernelStack:       18576 kB
PageTables:        51736 kB
SecPageTables:         0 kB
NFS_Unstable:          0 kB
Bounce:                0 kB
WritebackTmp:          0 kB
CommitLimit:     8258920 kB
Committed_AS:   11667036 kB
VmallocTotal:   34359738367 kB
VmallocUsed:       46792 kB
VmallocChunk:          0 kB
Percpu:            13280 kB
HardwareCorrupted:     0 kB
AnonHugePages:   2031616 kB
ShmemHugePages:        0 kB
ShmemPmdMapped:        0 kB
FileHugePages:         0 kB
FilePmdMapped:         0 kB
CmaTotal:              0 kB
CmaFree:               0 kB
Unaccepted:            0 kB
Balloon:               0 kB
HugePages_Total:       0
HugePages_Free:        0
HugePages_Rsvd:        0
HugePages_Surp:        0
Hugepagesize:       2048 kB
Hugetlb:               0 kB
DirectMap4k:      194432 kB
DirectMap2M:     6096896 kB
DirectMap1G:     4194304 kB
---SNAPSHOT---
2026-04-27 14:54:13
MemTotal:        8129240 kB
MemFree:         3865964 kB
MemAvailable:    3602108 kB
Buffers:            5872 kB
Cached:           318764 kB
SwapCached:       201252 kB
Active:          2816672 kB
Inactive:         735204 kB
Active(anon):    2708984 kB
Inactive(anon):   572692 kB
Active(file):     107688 kB
Inactive(file):   162512 kB
Unevictable:          16 kB
Mlocked:              16 kB
SwapTotal:       4194300 kB
SwapFree:        3855532 kB
Zswap:                 0 kB
Zswapped:              0 kB
Dirty:               152 kB
Writeback:         10444 kB
AnonPages:       3031284 kB
Mapped:           272760 kB
Shmem:             54448 kB
KReclaimable:      57172 kB
Slab:             285300 kB
SReclaimable:      57172 kB
SUnreclaim:       228128 kB
KernelStack:       18668 kB
PageTables:        50880 kB
SecPageTables:         0 kB
NFS_Unstable:          0 kB
Bounce:                0 kB
WritebackTmp:          0 kB
CommitLimit:     8258920 kB
Committed_AS:   11667012 kB
VmallocTotal:   34359738367 kB
VmallocUsed:       46808 kB
VmallocChunk:          0 kB
Percpu:            13280 kB
HardwareCorrupted:     0 kB
AnonHugePages:   1492992 kB
ShmemHugePages:        0 kB
ShmemPmdMapped:        0 kB
FileHugePages:         0 kB
FilePmdMapped:         0 kB
CmaTotal:              0 kB
CmaFree:               0 kB
Unaccepted:            0 kB
Balloon:               0 kB
HugePages_Total:       0
HugePages_Free:        0
HugePages_Rsvd:        0
HugePages_Surp:        0
Hugepagesize:       2048 kB
Hugetlb:               0 kB
DirectMap4k:      194432 kB
DirectMap2M:     6096896 kB
DirectMap1G:     4194304 kB
---SNAPSHOT---
2026-04-27 14:54:14
MemTotal:        8129240 kB
MemFree:         3660176 kB
MemAvailable:    3396328 kB
Buffers:            5872 kB
Cached:           318768 kB
SwapCached:       243648 kB
Active:          2938728 kB
Inactive:         778768 kB
Active(anon):    2831040 kB
Inactive(anon):   616240 kB
Active(file):     107688 kB
Inactive(file):   162528 kB
Unevictable:          16 kB
Mlocked:              16 kB
SwapTotal:       4194300 kB
SwapFree:        3812952 kB
Zswap:                 0 kB
Zswapped:              0 kB
Dirty:               156 kB
Writeback:          9304 kB
AnonPages:       3154400 kB
Mapped:           272760 kB
Shmem:             54448 kB
KReclaimable:      57172 kB
Slab:             285068 kB
SReclaimable:      57172 kB
SUnreclaim:       227896 kB
KernelStack:       18548 kB
PageTables:        51972 kB
SecPageTables:         0 kB
NFS_Unstable:          0 kB
Bounce:                0 kB
WritebackTmp:          0 kB
CommitLimit:     8258920 kB
Committed_AS:   11666900 kB
VmallocTotal:   34359738367 kB
VmallocUsed:       46856 kB
VmallocChunk:          0 kB
Percpu:            13280 kB
HardwareCorrupted:     0 kB
AnonHugePages:   1617920 kB
ShmemHugePages:        0 kB
ShmemPmdMapped:        0 kB
FileHugePages:         0 kB
FilePmdMapped:         0 kB
CmaTotal:              0 kB
CmaFree:               0 kB
Unaccepted:            0 kB
Balloon:               0 kB
HugePages_Total:       0
HugePages_Free:        0
HugePages_Rsvd:        0
HugePages_Surp:        0
Hugepagesize:       2048 kB
Hugetlb:               0 kB
DirectMap4k:      194432 kB
DirectMap2M:     6096896 kB
DirectMap1G:     4194304 kB
---SNAPSHOT---
2026-04-27 14:54:15
MemTotal:        8129240 kB
MemFree:         4152888 kB
MemAvailable:    3889044 kB
Buffers:            5872 kB
Cached:           318776 kB
SwapCached:       623824 kB
Active:          2063160 kB
Inactive:        1159124 kB
Active(anon):    1955472 kB
Inactive(anon):   996592 kB
Active(file):     107688 kB
Inactive(file):   162532 kB
Unevictable:          16 kB
Mlocked:              16 kB
SwapTotal:       4194300 kB
SwapFree:        3432880 kB
Zswap:                 0 kB
Zswapped:              0 kB
Dirty:               164 kB
Writeback:          8848 kB
AnonPages:       2279044 kB
Mapped:           272760 kB
Shmem:             54448 kB
KReclaimable:      57172 kB
Slab:             285532 kB
SReclaimable:      57172 kB
SUnreclaim:       228360 kB
KernelStack:       18564 kB
PageTables:        51672 kB
SecPageTables:         0 kB
NFS_Unstable:          0 kB
Bounce:                0 kB
WritebackTmp:          0 kB
CommitLimit:     8258920 kB
Committed_AS:   11667008 kB
VmallocTotal:   34359738367 kB
VmallocUsed:       46856 kB
VmallocChunk:          0 kB
Percpu:            13280 kB
HardwareCorrupted:     0 kB
AnonHugePages:    741376 kB
ShmemHugePages:        0 kB
ShmemPmdMapped:        0 kB
FileHugePages:         0 kB
FilePmdMapped:         0 kB
CmaTotal:              0 kB
CmaFree:               0 kB
Unaccepted:            0 kB
Balloon:               0 kB
HugePages_Total:       0
HugePages_Free:        0
HugePages_Rsvd:        0
HugePages_Surp:        0
Hugepagesize:       2048 kB
Hugetlb:               0 kB
DirectMap4k:      194432 kB
DirectMap2M:     6096896 kB
DirectMap1G:     4194304 kB
---SNAPSHOT---
2026-04-27 14:54:16
MemTotal:        8129240 kB
MemFree:         3914652 kB
MemAvailable:    3650808 kB
Buffers:            5872 kB
Cached:           318776 kB
SwapCached:        80928 kB
Active:          2892172 kB
Inactive:         625372 kB
Active(anon):    2784484 kB
Inactive(anon):   462840 kB
Active(file):     107688 kB
Inactive(file):   162532 kB
Unevictable:          16 kB
Mlocked:              16 kB
SwapTotal:       4194300 kB
SwapFree:        3975856 kB
Zswap:                 0 kB
Zswapped:              0 kB
Dirty:               164 kB
Writeback:             0 kB
AnonPages:       3115164 kB
Mapped:           272824 kB
Shmem:             54448 kB
KReclaimable:      57172 kB
Slab:             284524 kB
SReclaimable:      57172 kB
SUnreclaim:       227352 kB
KernelStack:       18624 kB
PageTables:        51720 kB
SecPageTables:         0 kB
NFS_Unstable:          0 kB
Bounce:                0 kB
WritebackTmp:          0 kB
CommitLimit:     8258920 kB
Committed_AS:   11666704 kB
VmallocTotal:   34359738367 kB
VmallocUsed:       46856 kB
VmallocChunk:          0 kB
Percpu:            13280 kB
HardwareCorrupted:     0 kB
AnonHugePages:   1579008 kB
ShmemHugePages:        0 kB
ShmemPmdMapped:        0 kB
FileHugePages:         0 kB
FilePmdMapped:         0 kB
CmaTotal:              0 kB
CmaFree:               0 kB
Unaccepted:            0 kB
Balloon:               0 kB
HugePages_Total:       0
HugePages_Free:        0
HugePages_Rsvd:        0
HugePages_Surp:        0
Hugepagesize:       2048 kB
Hugetlb:               0 kB
DirectMap4k:      194432 kB
DirectMap2M:     6096896 kB
DirectMap1G:     4194304 kB
---SNAPSHOT---
2026-04-27 14:54:17
MemTotal:        8129240 kB
MemFree:         3014096 kB
MemAvailable:    2750256 kB
Buffers:            5872 kB
Cached:           318784 kB
SwapCached:       145312 kB
Active:          3728196 kB
Inactive:         683540 kB
Active(anon):    3620508 kB
Inactive(anon):   521000 kB
Active(file):     107688 kB
Inactive(file):   162540 kB
Unevictable:          16 kB
Mlocked:              16 kB
SwapTotal:       4194300 kB
SwapFree:        3911320 kB
Zswap:                 0 kB
Zswapped:              0 kB
Dirty:               172 kB
Writeback:          6112 kB
AnonPages:       3947000 kB
Mapped:           272760 kB
Shmem:             54448 kB
KReclaimable:      57172 kB
Slab:             285060 kB
SReclaimable:      57172 kB
SUnreclaim:       227888 kB
KernelStack:       18608 kB
PageTables:        53156 kB
SecPageTables:         0 kB
NFS_Unstable:          0 kB
Bounce:                0 kB
WritebackTmp:          0 kB
CommitLimit:     8258920 kB
Committed_AS:   11666656 kB
VmallocTotal:   34359738367 kB
VmallocUsed:       46872 kB
VmallocChunk:          0 kB
Percpu:            13280 kB
HardwareCorrupted:     0 kB
AnonHugePages:   2410496 kB
ShmemHugePages:        0 kB
ShmemPmdMapped:        0 kB
FileHugePages:         0 kB
FilePmdMapped:         0 kB
CmaTotal:              0 kB
CmaFree:               0 kB
Unaccepted:            0 kB
Balloon:               0 kB
HugePages_Total:       0
HugePages_Free:        0
HugePages_Rsvd:        0
HugePages_Surp:        0
Hugepagesize:       2048 kB
Hugetlb:               0 kB
DirectMap4k:      194432 kB
DirectMap2M:     6096896 kB
DirectMap1G:     4194304 kB
---SNAPSHOT---
2026-04-27 14:54:20
MemTotal:        8129240 kB
MemFree:         2831432 kB
MemAvailable:    2567592 kB
Buffers:            5880 kB
Cached:           318792 kB
SwapCached:       434620 kB
Active:          3633516 kB
Inactive:         955200 kB
Active(anon):    3525836 kB
Inactive(anon):   792652 kB
Active(file):     107680 kB
Inactive(file):   162548 kB
Unevictable:          16 kB
Mlocked:              16 kB
SwapTotal:       4194300 kB
SwapFree:        3622164 kB
Zswap:                 0 kB
Zswapped:              0 kB
Dirty:               180 kB
Writeback:           240 kB
AnonPages:       3836476 kB
Mapped:           267156 kB
Shmem:             54448 kB
KReclaimable:      57172 kB
Slab:             284744 kB
SReclaimable:      57172 kB
SUnreclaim:       227572 kB
KernelStack:       18576 kB
PageTables:        53168 kB
SecPageTables:         0 kB
NFS_Unstable:          0 kB
Bounce:                0 kB
WritebackTmp:          0 kB
CommitLimit:     8258920 kB
Committed_AS:   11666672 kB
VmallocTotal:   34359738367 kB
VmallocUsed:       46792 kB
VmallocChunk:          0 kB
Percpu:            13280 kB
HardwareCorrupted:     0 kB
AnonHugePages:   2301952 kB
ShmemHugePages:        0 kB
ShmemPmdMapped:        0 kB
FileHugePages:         0 kB
FilePmdMapped:         0 kB
CmaTotal:              0 kB
CmaFree:               0 kB
Unaccepted:            0 kB
Balloon:               0 kB
HugePages_Total:       0
HugePages_Free:        0
HugePages_Rsvd:        0
HugePages_Surp:        0
Hugepagesize:       2048 kB
Hugetlb:               0 kB
DirectMap4k:      194432 kB
DirectMap2M:     6096896 kB
DirectMap1G:     4194304 kB
---SNAPSHOT---
2026-04-27 14:54:21
MemTotal:        8129240 kB
MemFree:         3787656 kB
MemAvailable:    3523820 kB
Buffers:            5880 kB
Cached:           318796 kB
SwapCached:       518900 kB
Active:          2544772 kB
Inactive:        1016172 kB
Active(anon):    2437092 kB
Inactive(anon):   853616 kB
Active(file):     107680 kB
Inactive(file):   162556 kB
Unevictable:          16 kB
Mlocked:              16 kB
SwapTotal:       4194300 kB
SwapFree:        3537812 kB
Zswap:                 0 kB
Zswapped:              0 kB
Dirty:               184 kB
Writeback:           412 kB
AnonPages:       2725044 kB
Mapped:           267172 kB
Shmem:             54448 kB
KReclaimable:      57172 kB
Slab:             284536 kB
SReclaimable:      57172 kB
SUnreclaim:       227364 kB
KernelStack:       18636 kB
PageTables:        51424 kB
SecPageTables:         0 kB
NFS_Unstable:          0 kB
Bounce:                0 kB
WritebackTmp:          0 kB
CommitLimit:     8258920 kB
Committed_AS:   11666680 kB
VmallocTotal:   34359738367 kB
VmallocUsed:       46824 kB
VmallocChunk:          0 kB
Percpu:            13280 kB
HardwareCorrupted:     0 kB
AnonHugePages:   1163264 kB
ShmemHugePages:        0 kB
ShmemPmdMapped:        0 kB
FileHugePages:         0 kB
FilePmdMapped:         0 kB
CmaTotal:              0 kB
CmaFree:               0 kB
Unaccepted:            0 kB
Balloon:               0 kB
HugePages_Total:       0
HugePages_Free:        0
HugePages_Rsvd:        0
HugePages_Surp:        0
Hugepagesize:       2048 kB
Hugetlb:               0 kB
DirectMap4k:      194432 kB
DirectMap2M:     6096896 kB
DirectMap1G:     4194304 kB
---SNAPSHOT---
2026-04-27 14:54:22
MemTotal:        8129240 kB
MemFree:         3455412 kB
MemAvailable:    3191588 kB
Buffers:            5880 kB
Cached:           318804 kB
SwapCached:       647880 kB
Active:          2789760 kB
Inactive:        1122676 kB
Active(anon):    2682072 kB
Inactive(anon):   960104 kB
Active(file):     107688 kB
Inactive(file):   162572 kB
Unevictable:          16 kB
Mlocked:              16 kB
SwapTotal:       4194300 kB
SwapFree:        3408672 kB
Zswap:                 0 kB
Zswapped:              0 kB
Dirty:               192 kB
Writeback:           428 kB
AnonPages:       2946972 kB
Mapped:           267184 kB
Shmem:             54448 kB
KReclaimable:      57172 kB
Slab:             284496 kB
SReclaimable:      57172 kB
SUnreclaim:       227324 kB
KernelStack:       18668 kB
PageTables:        51868 kB
SecPageTables:         0 kB
NFS_Unstable:          0 kB
Bounce:                0 kB
WritebackTmp:          0 kB
CommitLimit:     8258920 kB
Committed_AS:   11666772 kB
VmallocTotal:   34359738367 kB
VmallocUsed:       46840 kB
VmallocChunk:          0 kB
Percpu:            13280 kB
HardwareCorrupted:     0 kB
AnonHugePages:   1298432 kB
ShmemHugePages:        0 kB
ShmemPmdMapped:        0 kB
FileHugePages:         0 kB
FilePmdMapped:         0 kB
CmaTotal:              0 kB
CmaFree:               0 kB
Unaccepted:            0 kB
Balloon:               0 kB
HugePages_Total:       0
HugePages_Free:        0
HugePages_Rsvd:        0
HugePages_Surp:        0
Hugepagesize:       2048 kB
Hugetlb:               0 kB
DirectMap4k:      194432 kB
DirectMap2M:     6096896 kB
DirectMap1G:     4194304 kB
---SNAPSHOT---
2026-04-27 14:54:23
MemTotal:        8129240 kB
MemFree:         3027476 kB
MemAvailable:    2763652 kB
Buffers:            5880 kB
Cached:           318808 kB
SwapCached:       858548 kB
Active:          3010220 kB
Inactive:        1333512 kB
Active(anon):    2902532 kB
Inactive(anon):  1170940 kB
Active(file):     107688 kB
Inactive(file):   162572 kB
Unevictable:          16 kB
Mlocked:              16 kB
SwapTotal:       4194300 kB
SwapFree:        3198128 kB
Zswap:                 0 kB
Zswapped:              0 kB
Dirty:               196 kB
Writeback:           236 kB
AnonPages:       3168080 kB
Mapped:           267184 kB
Shmem:             54448 kB
KReclaimable:      57172 kB
Slab:             284504 kB
SReclaimable:      57172 kB
SUnreclaim:       227332 kB
KernelStack:       18652 kB
PageTables:        52972 kB
SecPageTables:         0 kB
NFS_Unstable:          0 kB
Bounce:                0 kB
WritebackTmp:          0 kB
CommitLimit:     8258920 kB
Committed_AS:   11667012 kB
VmallocTotal:   34359738367 kB
VmallocUsed:       46872 kB
VmallocChunk:          0 kB
Percpu:            13280 kB
HardwareCorrupted:     0 kB
AnonHugePages:   1351680 kB
ShmemHugePages:        0 kB
ShmemPmdMapped:        0 kB
FileHugePages:         0 kB
FilePmdMapped:         0 kB
CmaTotal:              0 kB
CmaFree:               0 kB
Unaccepted:            0 kB
Balloon:               0 kB
HugePages_Total:       0
HugePages_Free:        0
HugePages_Rsvd:        0
HugePages_Surp:        0
Hugepagesize:       2048 kB
Hugetlb:               0 kB
DirectMap4k:      194432 kB
DirectMap2M:     6096896 kB
DirectMap1G:     4194304 kB
---SNAPSHOT---
2026-04-27 14:54:24
MemTotal:        8129240 kB
MemFree:         3207764 kB
MemAvailable:    2943948 kB
Buffers:            5892 kB
Cached:           318808 kB
SwapCached:      1005736 kB
Active:          2668400 kB
Inactive:        1481112 kB
Active(anon):    2560712 kB
Inactive(anon):  1318524 kB
Active(file):     107688 kB
Inactive(file):   162588 kB
Unevictable:          16 kB
Mlocked:              16 kB
SwapTotal:       4194300 kB
SwapFree:        3051048 kB
Zswap:                 0 kB
Zswapped:              0 kB
Dirty:               164 kB
Writeback:           768 kB
AnonPages:       2826196 kB
Mapped:           267184 kB
Shmem:             54448 kB
KReclaimable:      57172 kB
Slab:             284504 kB
SReclaimable:      57172 kB
SUnreclaim:       227332 kB
KernelStack:       18656 kB
PageTables:        52484 kB
SecPageTables:         0 kB
NFS_Unstable:          0 kB
Bounce:                0 kB
WritebackTmp:          0 kB
CommitLimit:     8258920 kB
Committed_AS:   11666376 kB
VmallocTotal:   34359738367 kB
VmallocUsed:       46856 kB
VmallocChunk:          0 kB
Percpu:            13280 kB
HardwareCorrupted:     0 kB
AnonHugePages:    829440 kB
ShmemHugePages:        0 kB
ShmemPmdMapped:        0 kB
FileHugePages:         0 kB
FilePmdMapped:         0 kB
CmaTotal:              0 kB
CmaFree:               0 kB
Unaccepted:            0 kB
Balloon:               0 kB
HugePages_Total:       0
HugePages_Free:        0
HugePages_Rsvd:        0
HugePages_Surp:        0
Hugepagesize:       2048 kB
Hugetlb:               0 kB
DirectMap4k:      194432 kB
DirectMap2M:     6096896 kB
DirectMap1G:     4194304 kB
---SNAPSHOT---
2026-04-27 14:54:25
MemTotal:        8129240 kB
MemFree:         3036236 kB
MemAvailable:    2772428 kB
Buffers:            5892 kB
Cached:           318828 kB
SwapCached:      1010648 kB
Active:          2834776 kB
Inactive:        1487228 kB
Active(anon):    2727088 kB
Inactive(anon):  1324620 kB
Active(file):     107688 kB
Inactive(file):   162608 kB
Unevictable:          16 kB
Mlocked:              16 kB
SwapTotal:       4194300 kB
SwapFree:        3046136 kB
Zswap:                 0 kB
Zswapped:              0 kB
Dirty:                12 kB
Writeback:           672 kB
AnonPages:       2965676 kB
Mapped:           267184 kB
Shmem:             54448 kB
KReclaimable:      57172 kB
Slab:             284524 kB
SReclaimable:      57172 kB
SUnreclaim:       227352 kB
KernelStack:       18608 kB
PageTables:        53228 kB
SecPageTables:         0 kB
NFS_Unstable:          0 kB
Bounce:                0 kB
WritebackTmp:          0 kB
CommitLimit:     8258920 kB
Committed_AS:   11666376 kB
VmallocTotal:   34359738367 kB
VmallocUsed:       46856 kB
VmallocChunk:          0 kB
Percpu:            13280 kB
HardwareCorrupted:     0 kB
AnonHugePages:   1089536 kB
ShmemHugePages:        0 kB
ShmemPmdMapped:        0 kB
FileHugePages:         0 kB
FilePmdMapped:         0 kB
CmaTotal:              0 kB
CmaFree:               0 kB
Unaccepted:            0 kB
Balloon:               0 kB
HugePages_Total:       0
HugePages_Free:        0
HugePages_Rsvd:        0
HugePages_Surp:        0
Hugepagesize:       2048 kB
Hugetlb:               0 kB
DirectMap4k:      194432 kB
DirectMap2M:     6096896 kB
DirectMap1G:     4194304 kB
---SNAPSHOT---
2026-04-27 14:54:26
MemTotal:        8129240 kB
MemFree:         3581520 kB
MemAvailable:    3317716 kB
Buffers:            5892 kB
Cached:           318832 kB
SwapCached:      1011524 kB
Active:          2323560 kB
Inactive:        1487304 kB
Active(anon):    2215872 kB
Inactive(anon):  1324692 kB
Active(file):     107688 kB
Inactive(file):   162612 kB
Unevictable:          16 kB
Mlocked:              16 kB
SwapTotal:       4194300 kB
SwapFree:        3045260 kB
Zswap:                 0 kB
Zswapped:              0 kB
Dirty:                28 kB
Writeback:           708 kB
AnonPages:       2481956 kB
Mapped:           267276 kB
Shmem:             54448 kB
KReclaimable:      57172 kB
Slab:             284484 kB
SReclaimable:      57172 kB
SUnreclaim:       227312 kB
KernelStack:       18608 kB
PageTables:        51800 kB
SecPageTables:         0 kB
NFS_Unstable:          0 kB
Bounce:                0 kB
WritebackTmp:          0 kB
CommitLimit:     8258920 kB
Committed_AS:   11667008 kB
VmallocTotal:   34359738367 kB
VmallocUsed:       46840 kB
VmallocChunk:          0 kB
Percpu:            13280 kB
HardwareCorrupted:     0 kB
AnonHugePages:    946176 kB
ShmemHugePages:        0 kB
ShmemPmdMapped:        0 kB
FileHugePages:         0 kB
FilePmdMapped:         0 kB
CmaTotal:              0 kB
CmaFree:               0 kB
Unaccepted:            0 kB
Balloon:               0 kB
HugePages_Total:       0
HugePages_Free:        0
HugePages_Rsvd:        0
HugePages_Surp:        0
Hugepagesize:       2048 kB
Hugetlb:               0 kB
DirectMap4k:      194432 kB
DirectMap2M:     6096896 kB
DirectMap1G:     4194304 kB
---SNAPSHOT---
2026-04-27 14:54:27
MemTotal:        8129240 kB
MemFree:         3061896 kB
MemAvailable:    2798092 kB
Buffers:            5892 kB
Cached:           318844 kB
SwapCached:      1012328 kB
Active:          2862184 kB
Inactive:        1487384 kB
Active(anon):    2754496 kB
Inactive(anon):  1324768 kB
Active(file):     107688 kB
Inactive(file):   162616 kB
Unevictable:          16 kB
Mlocked:              16 kB
SwapTotal:       4194300 kB
SwapFree:        3044456 kB
Zswap:                 0 kB
Zswapped:              0 kB
Dirty:                40 kB
Writeback:           132 kB
AnonPages:       3019604 kB
Mapped:           267184 kB
Shmem:             54448 kB
KReclaimable:      57172 kB
Slab:             284508 kB
SReclaimable:      57172 kB
SUnreclaim:       227336 kB
KernelStack:       18592 kB
PageTables:        52756 kB
SecPageTables:         0 kB
NFS_Unstable:          0 kB
Bounce:                0 kB
WritebackTmp:          0 kB
CommitLimit:     8258920 kB
