---SNAPSHOT---
2026-04-27 15:20:28
MemTotal:        8129240 kB
MemFree:         5401328 kB
MemAvailable:    5127268 kB
Buffers:            4456 kB
Cached:           284616 kB
SwapCached:       139296 kB
Active:          1520644 kB
Inactive:         600412 kB
Active(anon):    1423740 kB
Inactive(anon):   445844 kB
Active(file):      96904 kB
Inactive(file):   154568 kB
Unevictable:           0 kB
Mlocked:               0 kB
SwapTotal:       4194300 kB
SwapFree:        3917496 kB
Zswap:                 0 kB
Zswapped:              0 kB
Dirty:               280 kB
Writeback:             0 kB
AnonPages:       1696096 kB
Mapped:           247488 kB
Shmem:             37304 kB
KReclaimable:      55492 kB
Slab:             282652 kB
SReclaimable:      55492 kB
SUnreclaim:       227160 kB
KernelStack:       18184 kB
PageTables:        45484 kB
SecPageTables:         0 kB
NFS_Unstable:          0 kB
Bounce:                0 kB
WritebackTmp:          0 kB
CommitLimit:     8258920 kB
Committed_AS:    8751776 kB
VmallocTotal:   34359738367 kB
VmallocUsed:       46392 kB
VmallocChunk:          0 kB
Percpu:            13280 kB
HardwareCorrupted:     0 kB
AnonHugePages:    212992 kB
ShmemHugePages:        0 kB
ShmemPmdMapped:        0 kB
FileHugePages:         0 kB
FilePmdMapped:         0 kB
CmaTotal:              0 kB
CmaFree:               0 kB
Unaccepted:            0 kB
Balloon:               0 kB
HugePages_Total:       0
HugePages_Free:        0
HugePages_Rsvd:        0
HugePages_Surp:        0
Hugepagesize:       2048 kB
Hugetlb:               0 kB
DirectMap4k:      194432 kB
DirectMap2M:     6096896 kB
DirectMap1G:     4194304 kB
---SNAPSHOT---
2026-04-27 15:20:29
MemTotal:        8129240 kB
MemFree:         5401256 kB
MemAvailable:    5127668 kB
Buffers:            4600 kB
Cached:           285092 kB
SwapCached:       139296 kB
Active:          1521024 kB
Inactive:         601144 kB
Active(anon):    1423912 kB
Inactive(anon):   445844 kB
Active(file):      97112 kB
Inactive(file):   155300 kB
Unevictable:           0 kB
Mlocked:               0 kB
SwapTotal:       4194300 kB
SwapFree:        3917496 kB
Zswap:                 0 kB
Zswapped:              0 kB
Dirty:               304 kB
Writeback:             0 kB
AnonPages:       1696428 kB
Mapped:           247744 kB
Shmem:             37304 kB
KReclaimable:      55492 kB
Slab:             282652 kB
SReclaimable:      55492 kB
SUnreclaim:       227160 kB
KernelStack:       18160 kB
PageTables:        45364 kB
SecPageTables:         0 kB
NFS_Unstable:          0 kB
Bounce:                0 kB
WritebackTmp:          0 kB
CommitLimit:     8258920 kB
Committed_AS:    8752080 kB
VmallocTotal:   34359738367 kB
VmallocUsed:       46408 kB
VmallocChunk:          0 kB
Percpu:            13280 kB
HardwareCorrupted:     0 kB
AnonHugePages:    212992 kB
ShmemHugePages:        0 kB
ShmemPmdMapped:        0 kB
FileHugePages:         0 kB
FilePmdMapped:         0 kB
CmaTotal:              0 kB
CmaFree:               0 kB
Unaccepted:            0 kB
Balloon:               0 kB
HugePages_Total:       0
HugePages_Free:        0
HugePages_Rsvd:        0
HugePages_Surp:        0
Hugepagesize:       2048 kB
Hugetlb:               0 kB
DirectMap4k:      194432 kB
DirectMap2M:     6096896 kB
DirectMap1G:     4194304 kB
---SNAPSHOT---
2026-04-27 15:20:30
MemTotal:        8129240 kB
MemFree:         5400796 kB
MemAvailable:    5127220 kB
Buffers:            4608 kB
Cached:           285096 kB
SwapCached:       139296 kB
Active:          1521036 kB
Inactive:         601168 kB
Active(anon):    1423924 kB
Inactive(anon):   445844 kB
Active(file):      97112 kB
Inactive(file):   155324 kB
Unevictable:           0 kB
Mlocked:               0 kB
SwapTotal:       4194300 kB
SwapFree:        3917496 kB
Zswap:                 0 kB
Zswapped:              0 kB
Dirty:               356 kB
Writeback:             0 kB
AnonPages:       1696528 kB
Mapped:           247744 kB
Shmem:             37304 kB
KReclaimable:      55492 kB
Slab:             282652 kB
SReclaimable:      55492 kB
SUnreclaim:       227160 kB
KernelStack:       18236 kB
PageTables:        45364 kB
SecPageTables:         0 kB
NFS_Unstable:          0 kB
Bounce:                0 kB
WritebackTmp:          0 kB
CommitLimit:     8258920 kB
Committed_AS:    8752184 kB
VmallocTotal:   34359738367 kB
VmallocUsed:       46456 kB
VmallocChunk:          0 kB
Percpu:            13280 kB
HardwareCorrupted:     0 kB
AnonHugePages:    212992 kB
ShmemHugePages:        0 kB
ShmemPmdMapped:        0 kB
FileHugePages:         0 kB
FilePmdMapped:         0 kB
CmaTotal:              0 kB
CmaFree:               0 kB
Unaccepted:            0 kB
Balloon:               0 kB
HugePages_Total:       0
HugePages_Free:        0
HugePages_Rsvd:        0
HugePages_Surp:        0
Hugepagesize:       2048 kB
Hugetlb:               0 kB
DirectMap4k:      194432 kB
DirectMap2M:     6096896 kB
DirectMap1G:     4194304 kB
---SNAPSHOT---
2026-04-27 15:20:31
MemTotal:        8129240 kB
MemFree:         5399268 kB
MemAvailable:    5126972 kB
Buffers:            4892 kB
Cached:           287560 kB
SwapCached:       139296 kB
Active:          1524072 kB
Inactive:         601416 kB
Active(anon):    1424680 kB
Inactive(anon):   445844 kB
Active(file):      99392 kB
Inactive(file):   155572 kB
Unevictable:           0 kB
Mlocked:               0 kB
SwapTotal:       4194300 kB
SwapFree:        3917496 kB
Zswap:                 0 kB
Zswapped:              0 kB
Dirty:               364 kB
Writeback:             0 kB
AnonPages:       1697324 kB
Mapped:           247972 kB
Shmem:             37304 kB
KReclaimable:      55524 kB
Slab:             282684 kB
SReclaimable:      55524 kB
SUnreclaim:       227160 kB
KernelStack:       18240 kB
PageTables:        45640 kB
SecPageTables:         0 kB
NFS_Unstable:          0 kB
Bounce:                0 kB
WritebackTmp:          0 kB
CommitLimit:     8258920 kB
Committed_AS:    8761548 kB
VmallocTotal:   34359738367 kB
VmallocUsed:       46456 kB
VmallocChunk:          0 kB
Percpu:            13280 kB
HardwareCorrupted:     0 kB
AnonHugePages:    212992 kB
ShmemHugePages:        0 kB
ShmemPmdMapped:        0 kB
FileHugePages:         0 kB
FilePmdMapped:         0 kB
CmaTotal:              0 kB
CmaFree:               0 kB
Unaccepted:            0 kB
Balloon:               0 kB
HugePages_Total:       0
HugePages_Free:        0
HugePages_Rsvd:        0
HugePages_Surp:        0
Hugepagesize:       2048 kB
Hugetlb:               0 kB
DirectMap4k:      194432 kB
DirectMap2M:     6096896 kB
DirectMap1G:     4194304 kB
---SNAPSHOT---
2026-04-27 15:20:32
MemTotal:        8129240 kB
MemFree:         4387600 kB
MemAvailable:    4120224 kB
Buffers:            5152 kB
Cached:           314072 kB
SwapCached:       139296 kB
Active:          2514664 kB
Inactive:         601948 kB
Active(anon):    2405964 kB
Inactive(anon):   445844 kB
Active(file):     108700 kB
Inactive(file):   156104 kB
Unevictable:          16 kB
Mlocked:              16 kB
SwapTotal:       4194300 kB
SwapFree:        3917496 kB
Zswap:                 0 kB
Zswapped:              0 kB
Dirty:               444 kB
Writeback:             0 kB
AnonPages:       2661172 kB
Mapped:           268428 kB
Shmem:             54452 kB
KReclaimable:      55524 kB
Slab:             282712 kB
SReclaimable:      55524 kB
SUnreclaim:       227188 kB
KernelStack:       18400 kB
PageTables:        48040 kB
SecPageTables:         0 kB
NFS_Unstable:          0 kB
Bounce:                0 kB
WritebackTmp:          0 kB
CommitLimit:     8258920 kB
Committed_AS:   11409792 kB
VmallocTotal:   34359738367 kB
VmallocUsed:       46600 kB
VmallocChunk:          0 kB
Percpu:            13280 kB
HardwareCorrupted:     0 kB
AnonHugePages:   1169408 kB
ShmemHugePages:        0 kB
ShmemPmdMapped:        0 kB
FileHugePages:         0 kB
FilePmdMapped:         0 kB
CmaTotal:              0 kB
CmaFree:               0 kB
Unaccepted:            0 kB
Balloon:               0 kB
HugePages_Total:       0
HugePages_Free:        0
HugePages_Rsvd:        0
HugePages_Surp:        0
Hugepagesize:       2048 kB
Hugetlb:               0 kB
DirectMap4k:      194432 kB
DirectMap2M:     6096896 kB
DirectMap1G:     4194304 kB
---SNAPSHOT---
2026-04-27 15:20:33
MemTotal:        8129240 kB
MemFree:         3402748 kB
MemAvailable:    3135376 kB
Buffers:            5152 kB
Cached:           314080 kB
SwapCached:       139296 kB
Active:          3491716 kB
Inactive:         601956 kB
Active(anon):    3383016 kB
Inactive(anon):   445844 kB
Active(file):     108700 kB
Inactive(file):   156112 kB
Unevictable:          16 kB
Mlocked:              16 kB
SwapTotal:       4194300 kB
SwapFree:        3917496 kB
Zswap:                 0 kB
Zswapped:              0 kB
Dirty:               452 kB
Writeback:             0 kB
AnonPages:       3638360 kB
Mapped:           268428 kB
Shmem:             54452 kB
KReclaimable:      55524 kB
Slab:             282712 kB
SReclaimable:      55524 kB
SUnreclaim:       227188 kB
KernelStack:       18380 kB
PageTables:        49756 kB
SecPageTables:         0 kB
NFS_Unstable:          0 kB
Bounce:                0 kB
WritebackTmp:          0 kB
CommitLimit:     8258920 kB
Committed_AS:   11409296 kB
VmallocTotal:   34359738367 kB
VmallocUsed:       46632 kB
VmallocChunk:          0 kB
Percpu:            13280 kB
HardwareCorrupted:     0 kB
AnonHugePages:   2146304 kB
ShmemHugePages:        0 kB
ShmemPmdMapped:        0 kB
FileHugePages:         0 kB
FilePmdMapped:         0 kB
CmaTotal:              0 kB
CmaFree:               0 kB
Unaccepted:            0 kB
Balloon:               0 kB
HugePages_Total:       0
HugePages_Free:        0
HugePages_Rsvd:        0
HugePages_Surp:        0
Hugepagesize:       2048 kB
Hugetlb:               0 kB
DirectMap4k:      194432 kB
DirectMap2M:     6096896 kB
DirectMap1G:     4194304 kB
---SNAPSHOT---
2026-04-27 15:20:34
MemTotal:        8129240 kB
MemFree:         3368880 kB
MemAvailable:    3101508 kB
Buffers:            5152 kB
Cached:           314084 kB
SwapCached:       139296 kB
Active:          3526740 kB
Inactive:         601960 kB
Active(anon):    3418040 kB
Inactive(anon):   445844 kB
Active(file):     108700 kB
Inactive(file):   156116 kB
Unevictable:          16 kB
Mlocked:              16 kB
SwapTotal:       4194300 kB
SwapFree:        3917496 kB
Zswap:                 0 kB
Zswapped:              0 kB
Dirty:               456 kB
Writeback:             0 kB
AnonPages:       3672972 kB
Mapped:           268428 kB
Shmem:             54452 kB
KReclaimable:      55524 kB
Slab:             282712 kB
SReclaimable:      55524 kB
SUnreclaim:       227188 kB
KernelStack:       18424 kB
PageTables:        50276 kB
SecPageTables:         0 kB
NFS_Unstable:          0 kB
Bounce:                0 kB
WritebackTmp:          0 kB
CommitLimit:     8258920 kB
Committed_AS:   11409416 kB
VmallocTotal:   34359738367 kB
VmallocUsed:       46648 kB
VmallocChunk:          0 kB
Percpu:            13280 kB
HardwareCorrupted:     0 kB
AnonHugePages:   2177024 kB
ShmemHugePages:        0 kB
ShmemPmdMapped:        0 kB
FileHugePages:         0 kB
FilePmdMapped:         0 kB
CmaTotal:              0 kB
CmaFree:               0 kB
Unaccepted:            0 kB
Balloon:               0 kB
HugePages_Total:       0
HugePages_Free:        0
HugePages_Rsvd:        0
HugePages_Surp:        0
Hugepagesize:       2048 kB
Hugetlb:               0 kB
DirectMap4k:      194432 kB
DirectMap2M:     6096896 kB
DirectMap1G:     4194304 kB
---SNAPSHOT---
2026-04-27 15:20:35
MemTotal:        8129240 kB
MemFree:         3174616 kB
MemAvailable:    2907992 kB
Buffers:            5160 kB
Cached:           314092 kB
SwapCached:       139296 kB
Active:          3719216 kB
Inactive:         601968 kB
Active(anon):    3610516 kB
Inactive(anon):   445844 kB
Active(file):     108700 kB
Inactive(file):   156124 kB
Unevictable:          16 kB
Mlocked:              16 kB
SwapTotal:       4194300 kB
SwapFree:        3917496 kB
Zswap:                 0 kB
Zswapped:              0 kB
Dirty:               460 kB
Writeback:             0 kB
AnonPages:       3865700 kB
Mapped:           268428 kB
Shmem:             54452 kB
KReclaimable:      57012 kB
Slab:             284200 kB
SReclaimable:      57012 kB
SUnreclaim:       227188 kB
KernelStack:       18440 kB
PageTables:        50572 kB
SecPageTables:         0 kB
NFS_Unstable:          0 kB
Bounce:                0 kB
WritebackTmp:          0 kB
CommitLimit:     8258920 kB
Committed_AS:   11409680 kB
VmallocTotal:   34359738367 kB
VmallocUsed:       46648 kB
VmallocChunk:          0 kB
Percpu:            13280 kB
HardwareCorrupted:     0 kB
AnonHugePages:   2369536 kB
ShmemHugePages:        0 kB
ShmemPmdMapped:        0 kB
FileHugePages:         0 kB
FilePmdMapped:         0 kB
CmaTotal:              0 kB
CmaFree:               0 kB
Unaccepted:            0 kB
Balloon:               0 kB
HugePages_Total:       0
HugePages_Free:        0
HugePages_Rsvd:        0
HugePages_Surp:        0
Hugepagesize:       2048 kB
Hugetlb:               0 kB
DirectMap4k:      194432 kB
DirectMap2M:     6096896 kB
DirectMap1G:     4194304 kB
---SNAPSHOT---
2026-04-27 15:20:36
MemTotal:        8129240 kB
MemFree:         2914740 kB
MemAvailable:    2648140 kB
Buffers:            5160 kB
Cached:           314100 kB
SwapCached:       139296 kB
Active:          3977432 kB
Inactive:         601984 kB
Active(anon):    3868732 kB
Inactive(anon):   445844 kB
Active(file):     108700 kB
Inactive(file):   156140 kB
Unevictable:          16 kB
Mlocked:              16 kB
SwapTotal:       4194300 kB
SwapFree:        3917496 kB
Zswap:                 0 kB
Zswapped:              0 kB
Dirty:               468 kB
Writeback:             0 kB
AnonPages:       4123744 kB
Mapped:           268428 kB
Shmem:             54452 kB
KReclaimable:      57044 kB
Slab:             284232 kB
SReclaimable:      57044 kB
SUnreclaim:       227188 kB
KernelStack:       18384 kB
PageTables:        51312 kB
SecPageTables:         0 kB
NFS_Unstable:          0 kB
Bounce:                0 kB
WritebackTmp:          0 kB
CommitLimit:     8258920 kB
Committed_AS:   11410712 kB
VmallocTotal:   34359738367 kB
VmallocUsed:       46648 kB
VmallocChunk:          0 kB
Percpu:            13280 kB
HardwareCorrupted:     0 kB
AnonHugePages:   2627584 kB
ShmemHugePages:        0 kB
ShmemPmdMapped:        0 kB
FileHugePages:         0 kB
FilePmdMapped:         0 kB
CmaTotal:              0 kB
CmaFree:               0 kB
Unaccepted:            0 kB
Balloon:               0 kB
HugePages_Total:       0
HugePages_Free:        0
HugePages_Rsvd:        0
HugePages_Surp:        0
Hugepagesize:       2048 kB
Hugetlb:               0 kB
DirectMap4k:      194432 kB
DirectMap2M:     6096896 kB
DirectMap1G:     4194304 kB
---SNAPSHOT---
2026-04-27 15:20:37
MemTotal:        8129240 kB
MemFree:         4260804 kB
MemAvailable:    3994208 kB
Buffers:            5160 kB
Cached:           314104 kB
SwapCached:       139296 kB
Active:          2628132 kB
Inactive:         601988 kB
Active(anon):    2519432 kB
Inactive(anon):   445844 kB
Active(file):     108700 kB
Inactive(file):   156144 kB
Unevictable:          16 kB
Mlocked:              16 kB
SwapTotal:       4194300 kB
SwapFree:        3917496 kB
Zswap:                 0 kB
Zswapped:              0 kB
Dirty:               472 kB
Writeback:             0 kB
AnonPages:       2774876 kB
Mapped:           268428 kB
Shmem:             54452 kB
KReclaimable:      57044 kB
Slab:             284232 kB
SReclaimable:      57044 kB
SUnreclaim:       227188 kB
KernelStack:       18344 kB
PageTables:        49172 kB
SecPageTables:         0 kB
NFS_Unstable:          0 kB
Bounce:                0 kB
WritebackTmp:          0 kB
CommitLimit:     8258920 kB
Committed_AS:   11409296 kB
VmallocTotal:   34359738367 kB
VmallocUsed:       46600 kB
VmallocChunk:          0 kB
Percpu:            13280 kB
HardwareCorrupted:     0 kB
AnonHugePages:   1282048 kB
ShmemHugePages:        0 kB
ShmemPmdMapped:        0 kB
FileHugePages:         0 kB
FilePmdMapped:         0 kB
CmaTotal:              0 kB
CmaFree:               0 kB
Unaccepted:            0 kB
Balloon:               0 kB
HugePages_Total:       0
HugePages_Free:        0
HugePages_Rsvd:        0
HugePages_Surp:        0
Hugepagesize:       2048 kB
Hugetlb:               0 kB
DirectMap4k:      194432 kB
DirectMap2M:     6096896 kB
DirectMap1G:     4194304 kB
---SNAPSHOT---
2026-04-27 15:20:38
MemTotal:        8129240 kB
MemFree:         3479096 kB
MemAvailable:    3212504 kB
Buffers:            5160 kB
Cached:           314112 kB
SwapCached:       139296 kB
Active:          3414936 kB
Inactive:         601996 kB
Active(anon):    3306236 kB
Inactive(anon):   445844 kB
Active(file):     108700 kB
Inactive(file):   156152 kB
Unevictable:          16 kB
Mlocked:              16 kB
SwapTotal:       4194300 kB
SwapFree:        3917496 kB
Zswap:                 0 kB
Zswapped:              0 kB
Dirty:               480 kB
Writeback:             0 kB
AnonPages:       3561256 kB
Mapped:           268656 kB
Shmem:             54452 kB
KReclaimable:      57044 kB
Slab:             284232 kB
SReclaimable:      57044 kB
SUnreclaim:       227188 kB
KernelStack:       18396 kB
PageTables:        50328 kB
SecPageTables:         0 kB
NFS_Unstable:          0 kB
Bounce:                0 kB
WritebackTmp:          0 kB
CommitLimit:     8258920 kB
Committed_AS:   11409640 kB
VmallocTotal:   34359738367 kB
VmallocUsed:       46632 kB
VmallocChunk:          0 kB
Percpu:            13280 kB
HardwareCorrupted:     0 kB
AnonHugePages:   2068480 kB
ShmemHugePages:        0 kB
ShmemPmdMapped:        0 kB
FileHugePages:         0 kB
FilePmdMapped:         0 kB
CmaTotal:              0 kB
CmaFree:               0 kB
Unaccepted:            0 kB
Balloon:               0 kB
HugePages_Total:       0
HugePages_Free:        0
HugePages_Rsvd:        0
HugePages_Surp:        0
Hugepagesize:       2048 kB
Hugetlb:               0 kB
DirectMap4k:      194432 kB
DirectMap2M:     6096896 kB
DirectMap1G:     4194304 kB
---SNAPSHOT---
2026-04-27 15:20:39
MemTotal:        8129240 kB
MemFree:         3830532 kB
MemAvailable:    3563940 kB
Buffers:            5160 kB
Cached:           314116 kB
SwapCached:       139296 kB
Active:          2987084 kB
Inactive:         602000 kB
Active(anon):    2878384 kB
Inactive(anon):   445844 kB
Active(file):     108700 kB
Inactive(file):   156156 kB
Unevictable:          16 kB
Mlocked:              16 kB
SwapTotal:       4194300 kB
SwapFree:        3917496 kB
Zswap:                 0 kB
Zswapped:              0 kB
Dirty:               484 kB
Writeback:             0 kB
AnonPages:       3133672 kB
Mapped:           268428 kB
Shmem:             54452 kB
KReclaimable:      57044 kB
Slab:             284232 kB
SReclaimable:      57044 kB
SUnreclaim:       227188 kB
KernelStack:       18336 kB
PageTables:        48860 kB
SecPageTables:         0 kB
NFS_Unstable:          0 kB
Bounce:                0 kB
WritebackTmp:          0 kB
CommitLimit:     8258920 kB
Committed_AS:   11409576 kB
VmallocTotal:   34359738367 kB
VmallocUsed:       46584 kB
VmallocChunk:          0 kB
Percpu:            13280 kB
HardwareCorrupted:     0 kB
AnonHugePages:   1568768 kB
ShmemHugePages:        0 kB
ShmemPmdMapped:        0 kB
FileHugePages:         0 kB
FilePmdMapped:         0 kB
CmaTotal:              0 kB
CmaFree:               0 kB
Unaccepted:            0 kB
Balloon:               0 kB
HugePages_Total:       0
HugePages_Free:        0
HugePages_Rsvd:        0
HugePages_Surp:        0
Hugepagesize:       2048 kB
Hugetlb:               0 kB
DirectMap4k:      194432 kB
DirectMap2M:     6096896 kB
DirectMap1G:     4194304 kB
---SNAPSHOT---
2026-04-27 15:20:40
MemTotal:        8129240 kB
MemFree:         4159384 kB
MemAvailable:    3892796 kB
Buffers:            5168 kB
Cached:           314120 kB
SwapCached:       139296 kB
Active:          2704904 kB
Inactive:         602004 kB
Active(anon):    2596204 kB
Inactive(anon):   445844 kB
Active(file):     108700 kB
Inactive(file):   156160 kB
Unevictable:          16 kB
Mlocked:              16 kB
SwapTotal:       4194300 kB
SwapFree:        3917496 kB
Zswap:                 0 kB
Zswapped:              0 kB
Dirty:               488 kB
Writeback:             0 kB
AnonPages:       2851756 kB
Mapped:           268656 kB
Shmem:             54452 kB
KReclaimable:      57044 kB
Slab:             284228 kB
SReclaimable:      57044 kB
SUnreclaim:       227184 kB
KernelStack:       18336 kB
PageTables:        47792 kB
SecPageTables:         0 kB
NFS_Unstable:          0 kB
Bounce:                0 kB
WritebackTmp:          0 kB
CommitLimit:     8258920 kB
Committed_AS:   11409788 kB
VmallocTotal:   34359738367 kB
VmallocUsed:       46568 kB
VmallocChunk:          0 kB
Percpu:            13280 kB
HardwareCorrupted:     0 kB
AnonHugePages:   1064960 kB
ShmemHugePages:        0 kB
ShmemPmdMapped:        0 kB
FileHugePages:         0 kB
FilePmdMapped:         0 kB
CmaTotal:              0 kB
CmaFree:               0 kB
Unaccepted:            0 kB
Balloon:               0 kB
HugePages_Total:       0
HugePages_Free:        0
HugePages_Rsvd:        0
HugePages_Surp:        0
Hugepagesize:       2048 kB
Hugetlb:               0 kB
DirectMap4k:      194432 kB
DirectMap2M:     6096896 kB
DirectMap1G:     4194304 kB
---SNAPSHOT---
2026-04-27 15:20:41
MemTotal:        8129240 kB
MemFree:         3146012 kB
MemAvailable:    2879428 kB
Buffers:            5168 kB
Cached:           314128 kB
SwapCached:       139296 kB
Active:          3712080 kB
Inactive:         602016 kB
Active(anon):    3603380 kB
Inactive(anon):   445844 kB
Active(file):     108700 kB
Inactive(file):   156172 kB
Unevictable:          16 kB
Mlocked:              16 kB
SwapTotal:       4194300 kB
SwapFree:        3917496 kB
Zswap:                 0 kB
Zswapped:              0 kB
Dirty:               496 kB
Writeback:             0 kB
AnonPages:       3858604 kB
Mapped:           268428 kB
Shmem:             54452 kB
KReclaimable:      57044 kB
Slab:             284228 kB
SReclaimable:      57044 kB
SUnreclaim:       227184 kB
KernelStack:       18320 kB
PageTables:        50148 kB
SecPageTables:         0 kB
NFS_Unstable:          0 kB
Bounce:                0 kB
WritebackTmp:          0 kB
CommitLimit:     8258920 kB
Committed_AS:   11408960 kB
VmallocTotal:   34359738367 kB
VmallocUsed:       46584 kB
VmallocChunk:          0 kB
Percpu:            13280 kB
HardwareCorrupted:     0 kB
AnonHugePages:   1841152 kB
ShmemHugePages:        0 kB
ShmemPmdMapped:        0 kB
FileHugePages:         0 kB
FilePmdMapped:         0 kB
CmaTotal:              0 kB
CmaFree:               0 kB
Unaccepted:            0 kB
Balloon:               0 kB
HugePages_Total:       0
HugePages_Free:        0
HugePages_Rsvd:        0
HugePages_Surp:        0
Hugepagesize:       2048 kB
Hugetlb:               0 kB
DirectMap4k:      194432 kB
DirectMap2M:     6096896 kB
DirectMap1G:     4194304 kB
---SNAPSHOT---
2026-04-27 15:20:43
MemTotal:        8129240 kB
MemFree:         4722924 kB
MemAvailable:    4456344 kB
Buffers:            5168 kB
Cached:           314132 kB
SwapCached:       139296 kB
Active:          2076928 kB
Inactive:         602024 kB
Active(anon):    1968228 kB
Inactive(anon):   445844 kB
Active(file):     108700 kB
Inactive(file):   156180 kB
Unevictable:          16 kB
Mlocked:              16 kB
SwapTotal:       4194300 kB
SwapFree:        3917496 kB
Zswap:                 0 kB
Zswapped:              0 kB
Dirty:               500 kB
Writeback:             0 kB
AnonPages:       2223456 kB
Mapped:           268428 kB
Shmem:             54452 kB
KReclaimable:      57044 kB
Slab:             284228 kB
SReclaimable:      57044 kB
SUnreclaim:       227184 kB
KernelStack:       18336 kB
PageTables:        46696 kB
SecPageTables:         0 kB
NFS_Unstable:          0 kB
Bounce:                0 kB
WritebackTmp:          0 kB
CommitLimit:     8258920 kB
Committed_AS:   11408972 kB
VmallocTotal:   34359738367 kB
VmallocUsed:       46584 kB
VmallocChunk:          0 kB
Percpu:            13280 kB
HardwareCorrupted:     0 kB
AnonHugePages:    638976 kB
ShmemHugePages:        0 kB
ShmemPmdMapped:        0 kB
FileHugePages:         0 kB
FilePmdMapped:         0 kB
CmaTotal:              0 kB
CmaFree:               0 kB
Unaccepted:            0 kB
Balloon:               0 kB
HugePages_Total:       0
HugePages_Free:        0
HugePages_Rsvd:        0
HugePages_Surp:        0
Hugepagesize:       2048 kB
Hugetlb:               0 kB
DirectMap4k:      194432 kB
DirectMap2M:     6096896 kB
DirectMap1G:     4194304 kB
---SNAPSHOT---
2026-04-27 15:20:44
MemTotal:        8129240 kB
MemFree:         3898580 kB
MemAvailable:    3627908 kB
Buffers:            5168 kB
Cached:           314140 kB
SwapCached:       139296 kB
Active:          2966100 kB
Inactive:         602028 kB
Active(anon):    2857400 kB
Inactive(anon):   445844 kB
Active(file):     108700 kB
Inactive(file):   156184 kB
Unevictable:          16 kB
Mlocked:              16 kB
SwapTotal:       4194300 kB
SwapFree:        3917496 kB
Zswap:                 0 kB
Zswapped:              0 kB
Dirty:               508 kB
Writeback:             0 kB
AnonPages:       3112732 kB
Mapped:           268428 kB
Shmem:             54452 kB
KReclaimable:      57044 kB
Slab:             284228 kB
SReclaimable:      57044 kB
SUnreclaim:       227184 kB
KernelStack:       18336 kB
PageTables:        48376 kB
SecPageTables:         0 kB
NFS_Unstable:          0 kB
Bounce:                0 kB
WritebackTmp:          0 kB
CommitLimit:     8258920 kB
Committed_AS:   11409304 kB
VmallocTotal:   34359738367 kB
VmallocUsed:       46584 kB
VmallocChunk:          0 kB
Percpu:            13280 kB
HardwareCorrupted:     0 kB
AnonHugePages:   1318912 kB
ShmemHugePages:        0 kB
ShmemPmdMapped:        0 kB
FileHugePages:         0 kB
FilePmdMapped:         0 kB
CmaTotal:              0 kB
CmaFree:               0 kB
Unaccepted:            0 kB
Balloon:               0 kB
HugePages_Total:       0
HugePages_Free:        0
HugePages_Rsvd:        0
HugePages_Surp:        0
Hugepagesize:       2048 kB
Hugetlb:               0 kB
DirectMap4k:      194432 kB
DirectMap2M:     6096896 kB
DirectMap1G:     4194304 kB
---SNAPSHOT---
2026-04-27 15:20:45
MemTotal:        8129240 kB
MemFree:         3109140 kB
MemAvailable:    2842568 kB
Buffers:            5168 kB
Cached:           314144 kB
SwapCached:       139296 kB
Active:          3768628 kB
Inactive:         602036 kB
Active(anon):    3659928 kB
Inactive(anon):   445844 kB
Active(file):     108700 kB
Inactive(file):   156192 kB
Unevictable:          16 kB
Mlocked:              16 kB
SwapTotal:       4194300 kB
SwapFree:        3917496 kB
Zswap:                 0 kB
Zswapped:              0 kB
Dirty:               512 kB
Writeback:             0 kB
AnonPages:       3915228 kB
Mapped:           268428 kB
Shmem:             54452 kB
KReclaimable:      57044 kB
Slab:             284228 kB
SReclaimable:      57044 kB
SUnreclaim:       227184 kB
KernelStack:       18336 kB
PageTables:        50032 kB
SecPageTables:         0 kB
NFS_Unstable:          0 kB
Bounce:                0 kB
WritebackTmp:          0 kB
CommitLimit:     8258920 kB
Committed_AS:   11409460 kB
VmallocTotal:   34359738367 kB
VmallocUsed:       46600 kB
VmallocChunk:          0 kB
Percpu:            13280 kB
HardwareCorrupted:     0 kB
AnonHugePages:   1935360 kB
ShmemHugePages:        0 kB
ShmemPmdMapped:        0 kB
FileHugePages:         0 kB
FilePmdMapped:         0 kB
CmaTotal:              0 kB
CmaFree:               0 kB
Unaccepted:            0 kB
Balloon:               0 kB
HugePages_Total:       0
HugePages_Free:        0
HugePages_Rsvd:        0
HugePages_Surp:        0
Hugepagesize:       2048 kB
Hugetlb:               0 kB
DirectMap4k:      194432 kB
DirectMap2M:     6096896 kB
DirectMap1G:     4194304 kB
---SNAPSHOT---
2026-04-27 15:20:46
MemTotal:        8129240 kB
MemFree:         3799864 kB
MemAvailable:    3533292 kB
Buffers:            5176 kB
Cached:           314140 kB
SwapCached:       590284 kB
Active:          2563332 kB
Inactive:        1051800 kB
Active(anon):    2454632 kB
Inactive(anon):   895608 kB
Active(file):     108700 kB
Inactive(file):   156192 kB
Unevictable:          16 kB
Mlocked:              16 kB
SwapTotal:       4194300 kB
SwapFree:        3466316 kB
Zswap:                 0 kB
Zswapped:              0 kB
Dirty:               516 kB
Writeback:           860 kB
AnonPages:       2710624 kB
Mapped:           268528 kB
Shmem:             54452 kB
KReclaimable:      57044 kB
Slab:             284308 kB
SReclaimable:      57044 kB
SUnreclaim:       227264 kB
KernelStack:       18336 kB
PageTables:        49236 kB
SecPageTables:         0 kB
NFS_Unstable:          0 kB
Bounce:                0 kB
WritebackTmp:          0 kB
CommitLimit:     8258920 kB
Committed_AS:   11409456 kB
VmallocTotal:   34359738367 kB
VmallocUsed:       46584 kB
VmallocChunk:          0 kB
Percpu:            13280 kB
HardwareCorrupted:     0 kB
AnonHugePages:   1218560 kB
ShmemHugePages:        0 kB
ShmemPmdMapped:        0 kB
FileHugePages:         0 kB
FilePmdMapped:         0 kB
CmaTotal:              0 kB
CmaFree:               0 kB
Unaccepted:            0 kB
Balloon:               0 kB
HugePages_Total:       0
HugePages_Free:        0
HugePages_Rsvd:        0
HugePages_Surp:        0
Hugepagesize:       2048 kB
Hugetlb:               0 kB
DirectMap4k:      194432 kB
DirectMap2M:     6096896 kB
DirectMap1G:     4194304 kB
---SNAPSHOT---
2026-04-27 15:20:47
MemTotal:        8129240 kB
MemFree:         4233240 kB
MemAvailable:    3966676 kB
Buffers:            5176 kB
Cached:           314156 kB
SwapCached:       427120 kB
Active:          2274240 kB
Inactive:         879264 kB
Active(anon):    2165540 kB
Inactive(anon):   723052 kB
Active(file):     108700 kB
Inactive(file):   156212 kB
Unevictable:          16 kB
Mlocked:              16 kB
SwapTotal:       4194300 kB
SwapFree:        3629800 kB
Zswap:                 0 kB
Zswapped:              0 kB
Dirty:               524 kB
Writeback:         10812 kB
AnonPages:       2410024 kB
Mapped:           268428 kB
Shmem:             54452 kB
KReclaimable:      57044 kB
Slab:             285228 kB
SReclaimable:      57044 kB
SUnreclaim:       228184 kB
KernelStack:       18336 kB
PageTables:        49072 kB
SecPageTables:         0 kB
NFS_Unstable:          0 kB
Bounce:                0 kB
WritebackTmp:          0 kB
CommitLimit:     8258920 kB
Committed_AS:   11409632 kB
VmallocTotal:   34359738367 kB
VmallocUsed:       46568 kB
VmallocChunk:          0 kB
Percpu:            13280 kB
HardwareCorrupted:     0 kB
AnonHugePages:    921600 kB
ShmemHugePages:        0 kB
ShmemPmdMapped:        0 kB
FileHugePages:         0 kB
FilePmdMapped:         0 kB
CmaTotal:              0 kB
CmaFree:               0 kB
Unaccepted:            0 kB
Balloon:               0 kB
HugePages_Total:       0
HugePages_Free:        0
HugePages_Rsvd:        0
HugePages_Surp:        0
Hugepagesize:       2048 kB
Hugetlb:               0 kB
DirectMap4k:      194432 kB
DirectMap2M:     6096896 kB
DirectMap1G:     4194304 kB
---SNAPSHOT---
2026-04-27 15:20:48
MemTotal:        8129240 kB
MemFree:         4205840 kB
MemAvailable:    3939280 kB
Buffers:            5176 kB
Cached:           314160 kB
SwapCached:       143852 kB
Active:          2580456 kB
Inactive:         606580 kB
Active(anon):    2471756 kB
Inactive(anon):   450364 kB
Active(file):     108700 kB
Inactive(file):   156216 kB
Unevictable:          16 kB
Mlocked:              16 kB
SwapTotal:       4194300 kB
SwapFree:        3912940 kB
Zswap:                 0 kB
Zswapped:              0 kB
Dirty:               528 kB
Writeback:             0 kB
AnonPages:       2726972 kB
Mapped:           268428 kB
Shmem:             54452 kB
KReclaimable:      57044 kB
Slab:             284308 kB
SReclaimable:      57044 kB
SUnreclaim:       227264 kB
KernelStack:       18336 kB
PageTables:        48972 kB
SecPageTables:         0 kB
NFS_Unstable:          0 kB
Bounce:                0 kB
WritebackTmp:          0 kB
CommitLimit:     8258920 kB
Committed_AS:   11409344 kB
VmallocTotal:   34359738367 kB
VmallocUsed:       46584 kB
VmallocChunk:          0 kB
Percpu:            13280 kB
HardwareCorrupted:     0 kB
AnonHugePages:   1052672 kB
ShmemHugePages:        0 kB
ShmemPmdMapped:        0 kB
FileHugePages:         0 kB
FilePmdMapped:         0 kB
CmaTotal:              0 kB
CmaFree:               0 kB
Unaccepted:            0 kB
Balloon:               0 kB
HugePages_Total:       0
HugePages_Free:        0
HugePages_Rsvd:        0
HugePages_Surp:        0
Hugepagesize:       2048 kB
Hugetlb:               0 kB
DirectMap4k:      194432 kB
DirectMap2M:     6096896 kB
DirectMap1G:     4194304 kB
---SNAPSHOT---
2026-04-27 15:20:49
MemTotal:        8129240 kB
MemFree:         3426672 kB
MemAvailable:    3160116 kB
Buffers:            5176 kB
Cached:           314172 kB
SwapCached:       143852 kB
Active:          3397224 kB
Inactive:         606588 kB
Active(anon):    3288524 kB
Inactive(anon):   450364 kB
Active(file):     108700 kB
Inactive(file):   156224 kB
Unevictable:          16 kB
Mlocked:              16 kB
SwapTotal:       4194300 kB
SwapFree:        3912940 kB
Zswap:                 0 kB
Zswapped:              0 kB
Dirty:               540 kB
Writeback:             0 kB
AnonPages:       3543836 kB
Mapped:           268428 kB
Shmem:             54452 kB
KReclaimable:      57044 kB
Slab:             284308 kB
SReclaimable:      57044 kB
SUnreclaim:       227264 kB
KernelStack:       18336 kB
PageTables:        50652 kB
SecPageTables:         0 kB
NFS_Unstable:          0 kB
Bounce:                0 kB
WritebackTmp:          0 kB
CommitLimit:     8258920 kB
Committed_AS:   11409572 kB
VmallocTotal:   34359738367 kB
VmallocUsed:       46568 kB
VmallocChunk:          0 kB
Percpu:            13280 kB
HardwareCorrupted:     0 kB
AnonHugePages:   1646592 kB
ShmemHugePages:        0 kB
ShmemPmdMapped:        0 kB
FileHugePages:         0 kB
FilePmdMapped:         0 kB
CmaTotal:              0 kB
CmaFree:               0 kB
Unaccepted:            0 kB
Balloon:               0 kB
HugePages_Total:       0
HugePages_Free:        0
HugePages_Rsvd:        0
HugePages_Surp:        0
Hugepagesize:       2048 kB
Hugetlb:               0 kB
DirectMap4k:      194432 kB
DirectMap2M:     6096896 kB
DirectMap1G:     4194304 kB
---SNAPSHOT---
2026-04-27 15:20:50
MemTotal:        8129240 kB
MemFree:         3316344 kB
MemAvailable:    3049792 kB
Buffers:            5176 kB
Cached:           314176 kB
SwapCached:       143852 kB
Active:          3506320 kB
Inactive:         606596 kB
Active(anon):    3397620 kB
Inactive(anon):   450364 kB
Active(file):     108700 kB
Inactive(file):   156232 kB
Unevictable:          16 kB
Mlocked:              16 kB
SwapTotal:       4194300 kB
SwapFree:        3912940 kB
Zswap:                 0 kB
Zswapped:              0 kB
Dirty:               544 kB
Writeback:             0 kB
AnonPages:       3652492 kB
Mapped:           268428 kB
Shmem:             54452 kB
KReclaimable:      57044 kB
Slab:             284308 kB
SReclaimable:      57044 kB
SUnreclaim:       227264 kB
KernelStack:       18320 kB
PageTables:        50316 kB
SecPageTables:         0 kB
NFS_Unstable:          0 kB
Bounce:                0 kB
WritebackTmp:          0 kB
CommitLimit:     8258920 kB
Committed_AS:   11409572 kB
VmallocTotal:   34359738367 kB
VmallocUsed:       46568 kB
VmallocChunk:          0 kB
Percpu:            13280 kB
HardwareCorrupted:     0 kB
AnonHugePages:   1533952 kB
ShmemHugePages:        0 kB
ShmemPmdMapped:        0 kB
FileHugePages:         0 kB
FilePmdMapped:         0 kB
CmaTotal:              0 kB
CmaFree:               0 kB
Unaccepted:            0 kB
Balloon:               0 kB
HugePages_Total:       0
HugePages_Free:        0
HugePages_Rsvd:        0
HugePages_Surp:        0
Hugepagesize:       2048 kB
Hugetlb:               0 kB
DirectMap4k:      194432 kB
DirectMap2M:     6096896 kB
DirectMap1G:     4194304 kB
---SNAPSHOT---
2026-04-27 15:20:51
MemTotal:        8129240 kB
MemFree:         4432356 kB
MemAvailable:    4165804 kB
Buffers:            5184 kB
Cached:           314172 kB
SwapCached:       143852 kB
Active:          2372080 kB
Inactive:         606636 kB
Active(anon):    2263380 kB
Inactive(anon):   450400 kB
Active(file):     108700 kB
Inactive(file):   156236 kB
Unevictable:          16 kB
Mlocked:              16 kB
SwapTotal:       4194300 kB
SwapFree:        3912940 kB
Zswap:                 0 kB
Zswapped:              0 kB
Dirty:               548 kB
Writeback:             0 kB
AnonPages:       2518328 kB
Mapped:           268428 kB
Shmem:             54452 kB
KReclaimable:      57044 kB
Slab:             284308 kB
SReclaimable:      57044 kB
SUnreclaim:       227264 kB
KernelStack:       18336 kB
PageTables:        47932 kB
SecPageTables:         0 kB
NFS_Unstable:          0 kB
Bounce:                0 kB
WritebackTmp:          0 kB
CommitLimit:     8258920 kB
Committed_AS:   11409572 kB
VmallocTotal:   34359738367 kB
VmallocUsed:       46600 kB
VmallocChunk:          0 kB
Percpu:            13280 kB
HardwareCorrupted:     0 kB
AnonHugePages:   1028096 kB
ShmemHugePages:        0 kB
ShmemPmdMapped:        0 kB
FileHugePages:         0 kB
FilePmdMapped:         0 kB
CmaTotal:              0 kB
CmaFree:               0 kB
Unaccepted:            0 kB
Balloon:               0 kB
HugePages_Total:       0
HugePages_Free:        0
HugePages_Rsvd:        0
HugePages_Surp:        0
Hugepagesize:       2048 kB
Hugetlb:               0 kB
DirectMap4k:      194432 kB
DirectMap2M:     6096896 kB
DirectMap1G:     4194304 kB
---SNAPSHOT---
2026-04-27 15:20:52
MemTotal:        8129240 kB
MemFree:         3450300 kB
MemAvailable:    3183756 kB
Buffers:            5184 kB
Cached:           314188 kB
SwapCached:       143852 kB
Active:          3391180 kB
Inactive:         606652 kB
Active(anon):    3282480 kB
Inactive(anon):   450400 kB
Active(file):     108700 kB
Inactive(file):   156252 kB
Unevictable:          16 kB
Mlocked:              16 kB
SwapTotal:       4194300 kB
SwapFree:        3912940 kB
Zswap:                 0 kB
Zswapped:              0 kB
Dirty:               556 kB
Writeback:             0 kB
AnonPages:       3537472 kB
Mapped:           268428 kB
Shmem:             54452 kB
KReclaimable:      57044 kB
Slab:             284308 kB
SReclaimable:      57044 kB
SUnreclaim:       227264 kB
KernelStack:       18352 kB
PageTables:        49720 kB
SecPageTables:         0 kB
NFS_Unstable:          0 kB
Bounce:                0 kB
WritebackTmp:          0 kB
CommitLimit:     8258920 kB
Committed_AS:   11409792 kB
VmallocTotal:   34359738367 kB
VmallocUsed:       46616 kB
VmallocChunk:          0 kB
Percpu:            13280 kB
HardwareCorrupted:     0 kB
AnonHugePages:   2045952 kB
ShmemHugePages:        0 kB
ShmemPmdMapped:        0 kB
FileHugePages:         0 kB
FilePmdMapped:         0 kB
CmaTotal:              0 kB
CmaFree:               0 kB
Unaccepted:            0 kB
Balloon:               0 kB
HugePages_Total:       0
HugePages_Free:        0
HugePages_Rsvd:        0
HugePages_Surp:        0
Hugepagesize:       2048 kB
Hugetlb:               0 kB
DirectMap4k:      194432 kB
DirectMap2M:     6096896 kB
DirectMap1G:     4194304 kB
---SNAPSHOT---
2026-04-27 15:20:53
MemTotal:        8129240 kB
MemFree:         3350440 kB
MemAvailable:    3083900 kB
Buffers:            5184 kB
Cached:           314192 kB
SwapCached:       143852 kB
Active:          3491168 kB
Inactive:         606656 kB
Active(anon):    3382468 kB
Inactive(anon):   450400 kB
Active(file):     108700 kB
Inactive(file):   156256 kB
Unevictable:          16 kB
Mlocked:              16 kB
SwapTotal:       4194300 kB
SwapFree:        3912940 kB
Zswap:                 0 kB
Zswapped:              0 kB
Dirty:               560 kB
Writeback:             0 kB
AnonPages:       3637272 kB
Mapped:           268428 kB
Shmem:             54452 kB
KReclaimable:      57044 kB
Slab:             284308 kB
SReclaimable:      57044 kB
SUnreclaim:       227264 kB
KernelStack:       18396 kB
PageTables:        50232 kB
SecPageTables:         0 kB
NFS_Unstable:          0 kB
Bounce:                0 kB
WritebackTmp:          0 kB
CommitLimit:     8258920 kB
Committed_AS:   11409208 kB
VmallocTotal:   34359738367 kB
VmallocUsed:       46616 kB
VmallocChunk:          0 kB
Percpu:            13280 kB
HardwareCorrupted:     0 kB
AnonHugePages:   2144256 kB
ShmemHugePages:        0 kB
ShmemPmdMapped:        0 kB
FileHugePages:         0 kB
FilePmdMapped:         0 kB
CmaTotal:              0 kB
CmaFree:               0 kB
Unaccepted:            0 kB
Balloon:               0 kB
HugePages_Total:       0
HugePages_Free:        0
HugePages_Rsvd:        0
HugePages_Surp:        0
Hugepagesize:       2048 kB
Hugetlb:               0 kB
DirectMap4k:      194432 kB
DirectMap2M:     6096896 kB
DirectMap1G:     4194304 kB
---SNAPSHOT---
2026-04-27 15:20:54
MemTotal:        8129240 kB
MemFree:         3471992 kB
MemAvailable:    3205452 kB
Buffers:            5184 kB
Cached:           314200 kB
SwapCached:       143852 kB
Active:          3386792 kB
Inactive:         606660 kB
Active(anon):    3278092 kB
Inactive(anon):   450400 kB
Active(file):     108700 kB
Inactive(file):   156260 kB
Unevictable:          16 kB
Mlocked:              16 kB
SwapTotal:       4194300 kB
SwapFree:        3912940 kB
Zswap:                 0 kB
Zswapped:              0 kB
Dirty:               568 kB
Writeback:             0 kB
AnonPages:       3533224 kB
Mapped:           268428 kB
Shmem:             54452 kB
KReclaimable:      57044 kB
Slab:             284308 kB
SReclaimable:      57044 kB
SUnreclaim:       227264 kB
KernelStack:       18336 kB
PageTables:        49836 kB
SecPageTables:         0 kB
NFS_Unstable:          0 kB
Bounce:                0 kB
WritebackTmp:          0 kB
CommitLimit:     8258920 kB
Committed_AS:   11409688 kB
VmallocTotal:   34359738367 kB
VmallocUsed:       46600 kB
VmallocChunk:          0 kB
Percpu:            13280 kB
HardwareCorrupted:     0 kB
AnonHugePages:   2039808 kB
ShmemHugePages:        0 kB
ShmemPmdMapped:        0 kB
FileHugePages:         0 kB
FilePmdMapped:         0 kB
CmaTotal:              0 kB
CmaFree:               0 kB
Unaccepted:            0 kB
Balloon:               0 kB
HugePages_Total:       0
HugePages_Free:        0
HugePages_Rsvd:        0
HugePages_Surp:        0
Hugepagesize:       2048 kB
Hugetlb:               0 kB
DirectMap4k:      194432 kB
DirectMap2M:     6096896 kB
DirectMap1G:     4194304 kB
---SNAPSHOT---
2026-04-27 15:20:55
MemTotal:        8129240 kB
MemFree:         3389088 kB
MemAvailable:    3122552 kB
Buffers:            5184 kB
Cached:           314204 kB
SwapCached:       143852 kB
Active:          3470152 kB
Inactive:         606668 kB
Active(anon):    3361452 kB
Inactive(anon):   450400 kB
Active(file):     108700 kB
Inactive(file):   156268 kB
Unevictable:          16 kB
Mlocked:              16 kB
SwapTotal:       4194300 kB
SwapFree:        3912940 kB
Zswap:                 0 kB
Zswapped:              0 kB
Dirty:               572 kB
Writeback:             0 kB
AnonPages:       3616572 kB
Mapped:           268428 kB
Shmem:             54452 kB
KReclaimable:      57044 kB
Slab:             284308 kB
SReclaimable:      57044 kB
SUnreclaim:       227264 kB
KernelStack:       18336 kB
PageTables:        49976 kB
SecPageTables:         0 kB
NFS_Unstable:          0 kB
Bounce:                0 kB
WritebackTmp:          0 kB
CommitLimit:     8258920 kB
Committed_AS:   11409348 kB
VmallocTotal:   34359738367 kB
VmallocUsed:       46584 kB
VmallocChunk:          0 kB
Percpu:            13280 kB
HardwareCorrupted:     0 kB
AnonHugePages:   2125824 kB
ShmemHugePages:        0 kB
ShmemPmdMapped:        0 kB
FileHugePages:         0 kB
FilePmdMapped:         0 kB
CmaTotal:              0 kB
CmaFree:               0 kB
Unaccepted:            0 kB
Balloon:               0 kB
HugePages_Total:       0
HugePages_Free:        0
HugePages_Rsvd:        0
HugePages_Surp:        0
Hugepagesize:       2048 kB
Hugetlb:               0 kB
DirectMap4k:      194432 kB
DirectMap2M:     6096896 kB
DirectMap1G:     4194304 kB
---SNAPSHOT---
2026-04-27 15:20:56
MemTotal:        8129240 kB
MemFree:         4326968 kB
MemAvailable:    4060436 kB
Buffers:            5192 kB
Cached:           314200 kB
SwapCached:       143852 kB
Active:          2544920 kB
Inactive:         606672 kB
Active(anon):    2436220 kB
Inactive(anon):   450400 kB
Active(file):     108700 kB
Inactive(file):   156272 kB
Unevictable:          16 kB
Mlocked:              16 kB
SwapTotal:       4194300 kB
SwapFree:        3912940 kB
Zswap:                 0 kB
Zswapped:              0 kB
Dirty:               576 kB
Writeback:             0 kB
AnonPages:       2691240 kB
Mapped:           268428 kB
Shmem:             54452 kB
KReclaimable:      57044 kB
Slab:             284308 kB
SReclaimable:      57044 kB
SUnreclaim:       227264 kB
KernelStack:       18320 kB
PageTables:        48228 kB
SecPageTables:         0 kB
NFS_Unstable:          0 kB
Bounce:                0 kB
WritebackTmp:          0 kB
CommitLimit:     8258920 kB
Committed_AS:   11409036 kB
VmallocTotal:   34359738367 kB
VmallocUsed:       46600 kB
VmallocChunk:          0 kB
Percpu:            13280 kB
HardwareCorrupted:     0 kB
AnonHugePages:   1202176 kB
ShmemHugePages:        0 kB
ShmemPmdMapped:        0 kB
FileHugePages:         0 kB
FilePmdMapped:         0 kB
CmaTotal:              0 kB
CmaFree:               0 kB
Unaccepted:            0 kB
Balloon:               0 kB
HugePages_Total:       0
HugePages_Free:        0
HugePages_Rsvd:        0
HugePages_Surp:        0
Hugepagesize:       2048 kB
Hugetlb:               0 kB
DirectMap4k:      194432 kB
DirectMap2M:     6096896 kB
DirectMap1G:     4194304 kB
---SNAPSHOT---
2026-04-27 15:20:57
MemTotal:        8129240 kB
MemFree:         3902460 kB
MemAvailable:    3635940 kB
Buffers:            5200 kB
Cached:           314216 kB
SwapCached:       143852 kB
Active:          2933972 kB
Inactive:         606696 kB
Active(anon):    2825272 kB
Inactive(anon):   450400 kB
Active(file):     108700 kB
Inactive(file):   156296 kB
Unevictable:          16 kB
Mlocked:              16 kB
SwapTotal:       4194300 kB
SwapFree:        3912940 kB
Zswap:                 0 kB
Zswapped:              0 kB
Dirty:               396 kB
Writeback:            76 kB
AnonPages:       3080680 kB
Mapped:           268428 kB
Shmem:             54452 kB
KReclaimable:      57044 kB
Slab:             284304 kB
SReclaimable:      57044 kB
SUnreclaim:       227260 kB
KernelStack:       18336 kB
PageTables:        48984 kB
SecPageTables:         0 kB
NFS_Unstable:          0 kB
Bounce:                0 kB
WritebackTmp:          0 kB
CommitLimit:     8258920 kB
Committed_AS:   11409536 kB
VmallocTotal:   34359738367 kB
VmallocUsed:       46600 kB
VmallocChunk:          0 kB
Percpu:            13280 kB
HardwareCorrupted:     0 kB
AnonHugePages:   1591296 kB
ShmemHugePages:        0 kB
ShmemPmdMapped:        0 kB
FileHugePages:         0 kB
FilePmdMapped:         0 kB
CmaTotal:              0 kB
CmaFree:               0 kB
Unaccepted:            0 kB
Balloon:               0 kB
HugePages_Total:       0
HugePages_Free:        0
HugePages_Rsvd:        0
HugePages_Surp:        0
Hugepagesize:       2048 kB
Hugetlb:               0 kB
DirectMap4k:      194432 kB
DirectMap2M:     6096896 kB
DirectMap1G:     4194304 kB
---SNAPSHOT---
2026-04-27 15:20:58
MemTotal:        8129240 kB
MemFree:         4100612 kB
MemAvailable:    3834092 kB
Buffers:            5200 kB
Cached:           314220 kB
SwapCached:       143852 kB
Active:          2710964 kB
Inactive:         606696 kB
Active(anon):    2602264 kB
Inactive(anon):   450400 kB
Active(file):     108700 kB
Inactive(file):   156296 kB
Unevictable:          16 kB
Mlocked:              16 kB
SwapTotal:       4194300 kB
SwapFree:        3912940 kB
Zswap:                 0 kB
Zswapped:              0 kB
Dirty:               196 kB
Writeback:             0 kB
AnonPages:       2857452 kB
Mapped:           268428 kB
Shmem:             54452 kB
KReclaimable:      57044 kB
Slab:             284304 kB
SReclaimable:      57044 kB
SUnreclaim:       227260 kB
KernelStack:       18336 kB
PageTables:        48148 kB
SecPageTables:         0 kB
NFS_Unstable:          0 kB
Bounce:                0 kB
WritebackTmp:          0 kB
CommitLimit:     8258920 kB
Committed_AS:   11409556 kB
VmallocTotal:   34359738367 kB
VmallocUsed:       46584 kB
VmallocChunk:          0 kB
Percpu:            13280 kB
HardwareCorrupted:     0 kB
AnonHugePages:   1368064 kB
ShmemHugePages:        0 kB
ShmemPmdMapped:        0 kB
FileHugePages:         0 kB
FilePmdMapped:         0 kB
CmaTotal:              0 kB
CmaFree:               0 kB
Unaccepted:            0 kB
Balloon:               0 kB
HugePages_Total:       0
HugePages_Free:        0
HugePages_Rsvd:        0
HugePages_Surp:        0
Hugepagesize:       2048 kB
Hugetlb:               0 kB
DirectMap4k:      194432 kB
DirectMap2M:     6096896 kB
DirectMap1G:     4194304 kB
---SNAPSHOT---
2026-04-27 15:20:59
MemTotal:        8129240 kB
MemFree:         3742440 kB
MemAvailable:    3475924 kB
Buffers:            5200 kB
Cached:           314228 kB
SwapCached:       143852 kB
Active:          3132724 kB
Inactive:         606708 kB
Active(anon):    3024024 kB
Inactive(anon):   450400 kB
Active(file):     108700 kB
Inactive(file):   156308 kB
Unevictable:          16 kB
Mlocked:              16 kB
SwapTotal:       4194300 kB
SwapFree:        3912940 kB
Zswap:                 0 kB
Zswapped:              0 kB
Dirty:               204 kB
Writeback:             0 kB
AnonPages:       3279340 kB
Mapped:           268428 kB
Shmem:             54452 kB
KReclaimable:      57044 kB
Slab:             284304 kB
SReclaimable:      57044 kB
SUnreclaim:       227260 kB
KernelStack:       18336 kB
PageTables:        49432 kB
SecPageTables:         0 kB
NFS_Unstable:          0 kB
Bounce:                0 kB
WritebackTmp:          0 kB
CommitLimit:     8258920 kB
Committed_AS:   11409192 kB
VmallocTotal:   34359738367 kB
VmallocUsed:       46568 kB
VmallocChunk:          0 kB
Percpu:            13280 kB
HardwareCorrupted:     0 kB
AnonHugePages:   1789952 kB
ShmemHugePages:        0 kB
ShmemPmdMapped:        0 kB
FileHugePages:         0 kB
FilePmdMapped:         0 kB
CmaTotal:              0 kB
CmaFree:               0 kB
Unaccepted:            0 kB
Balloon:               0 kB
HugePages_Total:       0
HugePages_Free:        0
HugePages_Rsvd:        0
HugePages_Surp:        0
Hugepagesize:       2048 kB
Hugetlb:               0 kB
DirectMap4k:      194432 kB
DirectMap2M:     6096896 kB
DirectMap1G:     4194304 kB
---SNAPSHOT---
2026-04-27 15:21:00
MemTotal:        8129240 kB
MemFree:         3315212 kB
MemAvailable:    3048696 kB
Buffers:            5200 kB
Cached:           314232 kB
SwapCached:       143852 kB
Active:          3562904 kB
Inactive:         606708 kB
Active(anon):    3454204 kB
Inactive(anon):   450400 kB
Active(file):     108700 kB
Inactive(file):   156308 kB
Unevictable:          16 kB
Mlocked:              16 kB
SwapTotal:       4194300 kB
SwapFree:        3912940 kB
Zswap:                 0 kB
Zswapped:              0 kB
Dirty:               208 kB
Writeback:             0 kB
AnonPages:       3709208 kB
Mapped:           268428 kB
Shmem:             54452 kB
KReclaimable:      57044 kB
Slab:             284304 kB
SReclaimable:      57044 kB
SUnreclaim:       227260 kB
KernelStack:       18336 kB
PageTables:        50208 kB
SecPageTables:         0 kB
NFS_Unstable:          0 kB
Bounce:                0 kB
WritebackTmp:          0 kB
CommitLimit:     8258920 kB
Committed_AS:   11409688 kB
VmallocTotal:   34359738367 kB
VmallocUsed:       46632 kB
VmallocChunk:          0 kB
Percpu:            13280 kB
HardwareCorrupted:     0 kB
AnonHugePages:   2220032 kB
ShmemHugePages:        0 kB
ShmemPmdMapped:        0 kB
FileHugePages:         0 kB
FilePmdMapped:         0 kB
CmaTotal:              0 kB
CmaFree:               0 kB
Unaccepted:            0 kB
Balloon:               0 kB
HugePages_Total:       0
HugePages_Free:        0
HugePages_Rsvd:        0
HugePages_Surp:        0
Hugepagesize:       2048 kB
Hugetlb:               0 kB
DirectMap4k:      194432 kB
DirectMap2M:     6096896 kB
DirectMap1G:     4194304 kB
---SNAPSHOT---
2026-04-27 15:21:01
MemTotal:        8129240 kB
MemFree:         3320060 kB
MemAvailable:    3053556 kB
Buffers:            5220 kB
Cached:           314244 kB
SwapCached:       656932 kB
Active:          3091184 kB
Inactive:        1095496 kB
Active(anon):    2982484 kB
Inactive(anon):   939168 kB
Active(file):     108700 kB
Inactive(file):   156328 kB
Unevictable:          16 kB
Mlocked:              16 kB
SwapTotal:       4194300 kB
SwapFree:        3399860 kB
Zswap:                 0 kB
Zswapped:              0 kB
Dirty:               192 kB
Writeback:         24124 kB
AnonPages:       3215432 kB
Mapped:           268428 kB
Shmem:             54452 kB
KReclaimable:      57044 kB
Slab:             285768 kB
SReclaimable:      57044 kB
SUnreclaim:       228724 kB
KernelStack:       18336 kB
PageTables:        50148 kB
SecPageTables:         0 kB
NFS_Unstable:          0 kB
Bounce:                0 kB
WritebackTmp:          0 kB
CommitLimit:     8258920 kB
Committed_AS:   11409580 kB
VmallocTotal:   34359738367 kB
VmallocUsed:       46616 kB
VmallocChunk:          0 kB
Percpu:            13280 kB
HardwareCorrupted:     0 kB
AnonHugePages:   1724416 kB
ShmemHugePages:        0 kB
ShmemPmdMapped:        0 kB
FileHugePages:         0 kB
FilePmdMapped:         0 kB
CmaTotal:              0 kB
CmaFree:               0 kB
Unaccepted:            0 kB
Balloon:               0 kB
HugePages_Total:       0
HugePages_Free:        0
HugePages_Rsvd:        0
HugePages_Surp:        0
Hugepagesize:       2048 kB
Hugetlb:               0 kB
DirectMap4k:      194432 kB
DirectMap2M:     6096896 kB
DirectMap1G:     4194304 kB
---SNAPSHOT---
2026-04-27 15:21:02
MemTotal:        8129240 kB
MemFree:         2940824 kB
MemAvailable:    2674432 kB
Buffers:            5488 kB
Cached:           314256 kB
SwapCached:       735744 kB
Active:          3366016 kB
Inactive:        1197304 kB
Active(anon):    3257316 kB
Inactive(anon):  1040748 kB
Active(file):     108700 kB
Inactive(file):   156556 kB
Unevictable:          16 kB
Mlocked:              16 kB
SwapTotal:       4194300 kB
SwapFree:        3320996 kB
Zswap:                 0 kB
Zswapped:              0 kB
Dirty:                64 kB
Writeback:           220 kB
AnonPages:       3515256 kB
Mapped:           268200 kB
Shmem:             54452 kB
KReclaimable:      57044 kB
Slab:             284272 kB
SReclaimable:      57044 kB
SUnreclaim:       227228 kB
KernelStack:       18336 kB
PageTables:        51048 kB
SecPageTables:         0 kB
NFS_Unstable:          0 kB
Bounce:                0 kB
WritebackTmp:          0 kB
CommitLimit:     8258920 kB
Committed_AS:   11409324 kB
VmallocTotal:   34359738367 kB
VmallocUsed:       46632 kB
VmallocChunk:          0 kB
Percpu:            13280 kB
HardwareCorrupted:     0 kB
AnonHugePages:   2021376 kB
ShmemHugePages:        0 kB
ShmemPmdMapped:        0 kB
FileHugePages:         0 kB
FilePmdMapped:         0 kB
CmaTotal:              0 kB
CmaFree:               0 kB
Unaccepted:            0 kB
Balloon:               0 kB
HugePages_Total:       0
HugePages_Free:        0
HugePages_Rsvd:        0
HugePages_Surp:        0
Hugepagesize:       2048 kB
Hugetlb:               0 kB
DirectMap4k:      194432 kB
DirectMap2M:     6096896 kB
DirectMap1G:     4194304 kB
---SNAPSHOT---
2026-04-27 15:21:03
MemTotal:        8129240 kB
MemFree:         3883012 kB
MemAvailable:    3616656 kB
Buffers:            5488 kB
Cached:           314260 kB
SwapCached:       757900 kB
Active:          2331704 kB
Inactive:        1220088 kB
Active(anon):    2223004 kB
Inactive(anon):  1063460 kB
Active(file):     108700 kB
Inactive(file):   156628 kB
Unevictable:          16 kB
Mlocked:              16 kB
SwapTotal:       4194300 kB
SwapFree:        3298892 kB
Zswap:                 0 kB
Zswapped:              0 kB
Dirty:                68 kB
Writeback:           472 kB
AnonPages:       2481968 kB
Mapped:           268656 kB
Shmem:             54452 kB
KReclaimable:      57044 kB
Slab:             284312 kB
SReclaimable:      57044 kB
SUnreclaim:       227268 kB
KernelStack:       18396 kB
PageTables:        50564 kB
SecPageTables:         0 kB
NFS_Unstable:          0 kB
Bounce:                0 kB
WritebackTmp:          0 kB
CommitLimit:     8258920 kB
Committed_AS:   11409532 kB
VmallocTotal:   34359738367 kB
VmallocUsed:       46632 kB
VmallocChunk:          0 kB
Percpu:            13280 kB
HardwareCorrupted:     0 kB
AnonHugePages:    903168 kB
ShmemHugePages:        0 kB
ShmemPmdMapped:        0 kB
FileHugePages:         0 kB
FilePmdMapped:         0 kB
CmaTotal:              0 kB
CmaFree:               0 kB
Unaccepted:            0 kB
Balloon:               0 kB
HugePages_Total:       0
HugePages_Free:        0
HugePages_Rsvd:        0
HugePages_Surp:        0
Hugepagesize:       2048 kB
Hugetlb:               0 kB
DirectMap4k:      194432 kB
DirectMap2M:     6096896 kB
DirectMap1G:     4194304 kB
---SNAPSHOT---
2026-04-27 15:21:04
MemTotal:        8129240 kB
MemFree:         3395892 kB
MemAvailable:    3129540 kB
Buffers:            5488 kB
Cached:           314268 kB
SwapCached:       760356 kB
Active:          2840564 kB
Inactive:        1222192 kB
Active(anon):    2731864 kB
Inactive(anon):  1065560 kB
Active(file):     108700 kB
Inactive(file):   156632 kB
Unevictable:          16 kB
Mlocked:              16 kB
SwapTotal:       4194300 kB
SwapFree:        3296436 kB
Zswap:                 0 kB
Zswapped:              0 kB
Dirty:                76 kB
Writeback:           528 kB
AnonPages:       2990020 kB
Mapped:           268428 kB
Shmem:             54452 kB
KReclaimable:      57044 kB
Slab:             284320 kB
SReclaimable:      57044 kB
SUnreclaim:       227276 kB
KernelStack:       18396 kB
PageTables:        50916 kB
SecPageTables:         0 kB
NFS_Unstable:          0 kB
Bounce:                0 kB
WritebackTmp:          0 kB
CommitLimit:     8258920 kB
Committed_AS:   11409192 kB
VmallocTotal:   34359738367 kB
VmallocUsed:       46600 kB
VmallocChunk:          0 kB
Percpu:            13280 kB
HardwareCorrupted:     0 kB
AnonHugePages:   1173504 kB
ShmemHugePages:        0 kB
ShmemPmdMapped:        0 kB
FileHugePages:         0 kB
FilePmdMapped:         0 kB
CmaTotal:              0 kB
CmaFree:               0 kB
Unaccepted:            0 kB
Balloon:               0 kB
HugePages_Total:       0
HugePages_Free:        0
HugePages_Rsvd:        0
HugePages_Surp:        0
Hugepagesize:       2048 kB
Hugetlb:               0 kB
DirectMap4k:      194432 kB
DirectMap2M:     6096896 kB
DirectMap1G:     4194304 kB
---SNAPSHOT---
2026-04-27 15:21:05
MemTotal:        8129240 kB
MemFree:         2905012 kB
MemAvailable:    2638664 kB
Buffers:            5488 kB
Cached:           314272 kB
SwapCached:       761660 kB
Active:          3342868 kB
Inactive:        1222464 kB
Active(anon):    3234168 kB
Inactive(anon):  1065824 kB
Active(file):     108700 kB
Inactive(file):   156640 kB
Unevictable:          16 kB
Mlocked:              16 kB
SwapTotal:       4194300 kB
SwapFree:        3295132 kB
Zswap:                 0 kB
Zswapped:              0 kB
Dirty:                80 kB
Writeback:           352 kB
AnonPages:       3491280 kB
Mapped:           268428 kB
Shmem:             54452 kB
KReclaimable:      57044 kB
Slab:             284320 kB
SReclaimable:      57044 kB
SUnreclaim:       227276 kB
KernelStack:       18396 kB
PageTables:        51156 kB
SecPageTables:         0 kB
NFS_Unstable:          0 kB
Bounce:                0 kB
WritebackTmp:          0 kB
CommitLimit:     8258920 kB
Committed_AS:   11409824 kB
VmallocTotal:   34359738367 kB
VmallocUsed:       46616 kB
VmallocChunk:          0 kB
Percpu:            13280 kB
HardwareCorrupted:     0 kB
AnonHugePages:   1443840 kB
ShmemHugePages:        0 kB
ShmemPmdMapped:        0 kB
FileHugePages:         0 kB
FilePmdMapped:         0 kB
CmaTotal:              0 kB
CmaFree:               0 kB
Unaccepted:            0 kB
Balloon:               0 kB
HugePages_Total:       0
HugePages_Free:        0
HugePages_Rsvd:        0
HugePages_Surp:        0
Hugepagesize:       2048 kB
Hugetlb:               0 kB
DirectMap4k:      194432 kB
DirectMap2M:     6096896 kB
DirectMap1G:     4194304 kB
---SNAPSHOT---
2026-04-27 15:21:06
MemTotal:        8129240 kB
MemFree:         3671532 kB
MemAvailable:    3405184 kB
Buffers:            5496 kB
Cached:           314276 kB
SwapCached:       764628 kB
Active:          2544980 kB
Inactive:        1226324 kB
Active(anon):    2436280 kB
Inactive(anon):  1069680 kB
Active(file):     108700 kB
Inactive(file):   156644 kB
Unevictable:          16 kB
Mlocked:              16 kB
SwapTotal:       4194300 kB
SwapFree:        3292164 kB
Zswap:                 0 kB
Zswapped:              0 kB
Dirty:                84 kB
Writeback:           456 kB
AnonPages:       2694372 kB
Mapped:           268428 kB
Shmem:             54452 kB
KReclaimable:      57044 kB
Slab:             284320 kB
SReclaimable:      57044 kB
SUnreclaim:       227276 kB
KernelStack:       18396 kB
PageTables:        49460 kB
SecPageTables:         0 kB
NFS_Unstable:          0 kB
Bounce:                0 kB
WritebackTmp:          0 kB
CommitLimit:     8258920 kB
Committed_AS:   11409460 kB
VmallocTotal:   34359738367 kB
VmallocUsed:       46584 kB
VmallocChunk:          0 kB
Percpu:            13280 kB
HardwareCorrupted:     0 kB
AnonHugePages:   1202176 kB
ShmemHugePages:        0 kB
ShmemPmdMapped:        0 kB
FileHugePages:         0 kB
FilePmdMapped:         0 kB
CmaTotal:              0 kB
CmaFree:               0 kB
Unaccepted:            0 kB
Balloon:               0 kB
HugePages_Total:       0
HugePages_Free:        0
HugePages_Rsvd:        0
HugePages_Surp:        0
Hugepagesize:       2048 kB
Hugetlb:               0 kB
DirectMap4k:      194432 kB
DirectMap2M:     6096896 kB
DirectMap1G:     4194304 kB
---SNAPSHOT---
2026-04-27 15:21:07
MemTotal:        8129240 kB
MemFree:         3190892 kB
MemAvailable:    2924552 kB
Buffers:            5496 kB
Cached:           314284 kB
SwapCached:       766816 kB
Active:          3048680 kB
Inactive:        1228532 kB
Active(anon):    2939980 kB
Inactive(anon):  1071876 kB
Active(file):     108700 kB
Inactive(file):   156656 kB
Unevictable:          16 kB
Mlocked:              16 kB
SwapTotal:       4194300 kB
SwapFree:        3289976 kB
Zswap:                 0 kB
Zswapped:              0 kB
Dirty:                88 kB
Writeback:           236 kB
AnonPages:       3198088 kB
Mapped:           268428 kB
Shmem:             54452 kB
KReclaimable:      57044 kB
Slab:             284320 kB
SReclaimable:      57044 kB
SUnreclaim:       227276 kB
KernelStack:       18396 kB
PageTables:        50540 kB
SecPageTables:         0 kB
NFS_Unstable:          0 kB
Bounce:                0 kB
WritebackTmp:          0 kB
CommitLimit:     8258920 kB
Committed_AS:   11409688 kB
VmallocTotal:   34359738367 kB
VmallocUsed:       46616 kB
VmallocChunk:          0 kB
Percpu:            13280 kB
HardwareCorrupted:     0 kB
AnonHugePages:   1705984 kB
ShmemHugePages:        0 kB
ShmemPmdMapped:        0 kB
FileHugePages:         0 kB
FilePmdMapped:         0 kB
CmaTotal:              0 kB
CmaFree:               0 kB
Unaccepted:            0 kB
Balloon:               0 kB
HugePages_Total:       0
HugePages_Free:        0
HugePages_Rsvd:        0
HugePages_Surp:        0
Hugepagesize:       2048 kB
Hugetlb:               0 kB
DirectMap4k:      194432 kB
DirectMap2M:     6096896 kB
DirectMap1G:     4194304 kB
---SNAPSHOT---
2026-04-27 15:21:08
MemTotal:        8129240 kB
MemFree:         3876684 kB
MemAvailable:    3610344 kB
Buffers:            5496 kB
Cached:           314288 kB
SwapCached:       771864 kB
Active:          2295244 kB
Inactive:        1232520 kB
Active(anon):    2186544 kB
Inactive(anon):  1075860 kB
Active(file):     108700 kB
Inactive(file):   156660 kB
Unevictable:          16 kB
Mlocked:              16 kB
SwapTotal:       4194300 kB
SwapFree:        3284776 kB
Zswap:                 0 kB
Zswapped:              0 kB
Dirty:                92 kB
Writeback:           244 kB
AnonPages:       2443132 kB
Mapped:           268428 kB
Shmem:             54452 kB
KReclaimable:      57044 kB
Slab:             284320 kB
SReclaimable:      57044 kB
SUnreclaim:       227276 kB
KernelStack:       18380 kB
PageTables:        49176 kB
SecPageTables:         0 kB
NFS_Unstable:          0 kB
Bounce:                0 kB
WritebackTmp:          0 kB
CommitLimit:     8258920 kB
Committed_AS:   11409576 kB
VmallocTotal:   34359738367 kB
VmallocUsed:       46648 kB
VmallocChunk:          0 kB
Percpu:            13280 kB
HardwareCorrupted:     0 kB
AnonHugePages:    952320 kB
ShmemHugePages:        0 kB
ShmemPmdMapped:        0 kB
FileHugePages:         0 kB
FilePmdMapped:         0 kB
CmaTotal:              0 kB
CmaFree:               0 kB
Unaccepted:            0 kB
Balloon:               0 kB
HugePages_Total:       0
HugePages_Free:        0
HugePages_Rsvd:        0
HugePages_Surp:        0
Hugepagesize:       2048 kB
Hugetlb:               0 kB
DirectMap4k:      194432 kB
DirectMap2M:     6096896 kB
DirectMap1G:     4194304 kB
---SNAPSHOT---
2026-04-27 15:21:09
MemTotal:        8129240 kB
MemFree:         3420360 kB
MemAvailable:    3154028 kB
Buffers:            5496 kB
Cached:           314300 kB
SwapCached:       782944 kB
Active:          2817452 kB
Inactive:        1244764 kB
Active(anon):    2708752 kB
Inactive(anon):  1088088 kB
Active(file):     108700 kB
Inactive(file):   156676 kB
Unevictable:          16 kB
Mlocked:              16 kB
SwapTotal:       4194300 kB
SwapFree:        3273848 kB
Zswap:                 0 kB
Zswapped:              0 kB
Dirty:               104 kB
Writeback:           740 kB
AnonPages:       2966696 kB
Mapped:           268428 kB
Shmem:             54452 kB
KReclaimable:      57044 kB
Slab:             284296 kB
SReclaimable:      57044 kB
SUnreclaim:       227252 kB
KernelStack:       18456 kB
PageTables:        50076 kB
SecPageTables:         0 kB
NFS_Unstable:          0 kB
Bounce:                0 kB
WritebackTmp:          0 kB
CommitLimit:     8258920 kB
Committed_AS:   11409444 kB
VmallocTotal:   34359738367 kB
VmallocUsed:       46680 kB
VmallocChunk:          0 kB
Percpu:            13280 kB
HardwareCorrupted:     0 kB
AnonHugePages:   1474560 kB
ShmemHugePages:        0 kB
ShmemPmdMapped:        0 kB
FileHugePages:         0 kB
FilePmdMapped:         0 kB
CmaTotal:              0 kB
CmaFree:               0 kB
Unaccepted:            0 kB
Balloon:               0 kB
HugePages_Total:       0
HugePages_Free:        0
HugePages_Rsvd:        0
HugePages_Surp:        0
Hugepagesize:       2048 kB
Hugetlb:               0 kB
DirectMap4k:      194432 kB
DirectMap2M:     6096896 kB
DirectMap1G:     4194304 kB
---SNAPSHOT---
2026-04-27 15:21:10
MemTotal:        8129240 kB
MemFree:         2879780 kB
MemAvailable:    2613452 kB
Buffers:            5496 kB
Cached:           314304 kB
SwapCached:       787348 kB
Active:          3348068 kB
Inactive:        1248884 kB
Active(anon):    3239368 kB
Inactive(anon):  1092204 kB
Active(file):     108700 kB
Inactive(file):   156680 kB
Unevictable:          16 kB
Mlocked:              16 kB
SwapTotal:       4194300 kB
SwapFree:        3269444 kB
Zswap:                 0 kB
Zswapped:              0 kB
Dirty:               108 kB
Writeback:           212 kB
AnonPages:       3496832 kB
Mapped:           268428 kB
Shmem:             54452 kB
KReclaimable:      57044 kB
Slab:             284296 kB
SReclaimable:      57044 kB
SUnreclaim:       227252 kB
KernelStack:       18424 kB
PageTables:        51092 kB
SecPageTables:         0 kB
NFS_Unstable:          0 kB
Bounce:                0 kB
WritebackTmp:          0 kB
CommitLimit:     8258920 kB
Committed_AS:   11409576 kB
VmallocTotal:   34359738367 kB
VmallocUsed:       46680 kB
VmallocChunk:          0 kB
Percpu:            13280 kB
HardwareCorrupted:     0 kB
AnonHugePages:   2004992 kB
ShmemHugePages:        0 kB
ShmemPmdMapped:        0 kB
FileHugePages:         0 kB
FilePmdMapped:         0 kB
CmaTotal:              0 kB
CmaFree:               0 kB
Unaccepted:            0 kB
Balloon:               0 kB
HugePages_Total:       0
HugePages_Free:        0
HugePages_Rsvd:        0
HugePages_Surp:        0
Hugepagesize:       2048 kB
Hugetlb:               0 kB
DirectMap4k:      194432 kB
DirectMap2M:     6096896 kB
DirectMap1G:     4194304 kB
---SNAPSHOT---
2026-04-27 15:21:11
MemTotal:        8129240 kB
MemFree:         3188264 kB
MemAvailable:    2921936 kB
Buffers:            5504 kB
Cached:           314312 kB
SwapCached:       787916 kB
Active:          3046804 kB
Inactive:        1248996 kB
Active(anon):    2938104 kB
Inactive(anon):  1092316 kB
Active(file):     108700 kB
Inactive(file):   156680 kB
Unevictable:          16 kB
Mlocked:              16 kB
SwapTotal:       4194300 kB
SwapFree:        3268876 kB
Zswap:                 0 kB
Zswapped:              0 kB
Dirty:               116 kB
Writeback:           228 kB
AnonPages:       3196680 kB
Mapped:           268428 kB
Shmem:             54452 kB
KReclaimable:      57044 kB
Slab:             284296 kB
SReclaimable:      57044 kB
SUnreclaim:       227252 kB
KernelStack:       18384 kB
PageTables:        50596 kB
SecPageTables:         0 kB
NFS_Unstable:          0 kB
Bounce:                0 kB
WritebackTmp:          0 kB
CommitLimit:     8258920 kB
Committed_AS:   11409576 kB
VmallocTotal:   34359738367 kB
VmallocUsed:       46680 kB
VmallocChunk:          0 kB
Percpu:            13280 kB
HardwareCorrupted:     0 kB
AnonHugePages:   1703936 kB
ShmemHugePages:        0 kB
ShmemPmdMapped:        0 kB
FileHugePages:         0 kB
FilePmdMapped:         0 kB
CmaTotal:              0 kB
CmaFree:               0 kB
Unaccepted:            0 kB
Balloon:               0 kB
HugePages_Total:       0
HugePages_Free:        0
HugePages_Rsvd:        0
HugePages_Surp:        0
Hugepagesize:       2048 kB
Hugetlb:               0 kB
DirectMap4k:      194432 kB
DirectMap2M:     6096896 kB
DirectMap1G:     4194304 kB
---SNAPSHOT---
2026-04-27 15:21:12
MemTotal:        8129240 kB
MemFree:         2921024 kB
MemAvailable:    2654708 kB
Buffers:            5504 kB
Cached:           314320 kB
SwapCached:       803712 kB
Active:          3298828 kB
Inactive:        1264616 kB
Active(anon):    3190128 kB
Inactive(anon):  1107912 kB
Active(file):     108700 kB
Inactive(file):   156704 kB
Unevictable:          16 kB
Mlocked:              16 kB
SwapTotal:       4194300 kB
SwapFree:        3252760 kB
Zswap:                 0 kB
Zswapped:              0 kB
Dirty:               124 kB
Writeback:           292 kB
AnonPages:       3448928 kB
Mapped:           268428 kB
Shmem:             54452 kB
KReclaimable:      57044 kB
Slab:             284300 kB
SReclaimable:      57044 kB
SUnreclaim:       227256 kB
KernelStack:       18424 kB
PageTables:        51056 kB
SecPageTables:         0 kB
NFS_Unstable:          0 kB
Bounce:                0 kB
WritebackTmp:          0 kB
CommitLimit:     8258920 kB
Committed_AS:   11409444 kB
VmallocTotal:   34359738367 kB
VmallocUsed:       46696 kB
VmallocChunk:          0 kB
Percpu:            13280 kB
HardwareCorrupted:     0 kB
AnonHugePages:   1955840 kB
ShmemHugePages:        0 kB
ShmemPmdMapped:        0 kB
FileHugePages:         0 kB
FilePmdMapped:         0 kB
CmaTotal:              0 kB
CmaFree:               0 kB
Unaccepted:            0 kB
Balloon:               0 kB
HugePages_Total:       0
HugePages_Free:        0
HugePages_Rsvd:        0
HugePages_Surp:        0
Hugepagesize:       2048 kB
Hugetlb:               0 kB
DirectMap4k:      194432 kB
DirectMap2M:     6096896 kB
DirectMap1G:     4194304 kB
---SNAPSHOT---
2026-04-27 15:21:13
MemTotal:        8129240 kB
MemFree:         3829924 kB
MemAvailable:    3563608 kB
Buffers:            5504 kB
Cached:           314324 kB
SwapCached:       314208 kB
Active:          2831884 kB
Inactive:         775808 kB
Active(anon):    2723184 kB
Inactive(anon):   619100 kB
Active(file):     108700 kB
Inactive(file):   156708 kB
Unevictable:          16 kB
Mlocked:              16 kB
SwapTotal:       4194300 kB
SwapFree:        3742372 kB
Zswap:                 0 kB
Zswapped:              0 kB
Dirty:               128 kB
Writeback:           872 kB
AnonPages:       2980768 kB
Mapped:           268428 kB
Shmem:             54452 kB
KReclaimable:      57044 kB
Slab:             284316 kB
SReclaimable:      57044 kB
SUnreclaim:       227272 kB
KernelStack:       18396 kB
PageTables:        49364 kB
SecPageTables:         0 kB
NFS_Unstable:          0 kB
Bounce:                0 kB
WritebackTmp:          0 kB
CommitLimit:     8258920 kB
Committed_AS:   11409444 kB
VmallocTotal:   34359738367 kB
VmallocUsed:       46680 kB
VmallocChunk:          0 kB
Percpu:            13280 kB
HardwareCorrupted:     0 kB
AnonHugePages:   1488896 kB
ShmemHugePages:        0 kB
ShmemPmdMapped:        0 kB
FileHugePages:         0 kB
FilePmdMapped:         0 kB
CmaTotal:              0 kB
CmaFree:               0 kB
Unaccepted:            0 kB
Balloon:               0 kB
HugePages_Total:       0
HugePages_Free:        0
HugePages_Rsvd:        0
HugePages_Surp:        0
Hugepagesize:       2048 kB
Hugetlb:               0 kB
DirectMap4k:      194432 kB
DirectMap2M:     6096896 kB
DirectMap1G:     4194304 kB
---SNAPSHOT---
2026-04-27 15:21:14
MemTotal:        8129240 kB
MemFree:         3356344 kB
MemAvailable:    3090032 kB
Buffers:            5504 kB
Cached:           314332 kB
SwapCached:       526712 kB
Active:          3140808 kB
Inactive:         988776 kB
Active(anon):    3032108 kB
Inactive(anon):   832060 kB
Active(file):     108700 kB
Inactive(file):   156716 kB
Unevictable:          16 kB
Mlocked:              16 kB
SwapTotal:       4194300 kB
SwapFree:        3529860 kB
Zswap:                 0 kB
Zswapped:              0 kB
Dirty:               136 kB
Writeback:           272 kB
AnonPages:       3290332 kB
Mapped:           268428 kB
Shmem:             54452 kB
KReclaimable:      57044 kB
Slab:             284292 kB
SReclaimable:      57044 kB
SUnreclaim:       227248 kB
KernelStack:       18396 kB
PageTables:        50168 kB
SecPageTables:         0 kB
NFS_Unstable:          0 kB
Bounce:                0 kB
WritebackTmp:          0 kB
CommitLimit:     8258920 kB
Committed_AS:   11409676 kB
VmallocTotal:   34359738367 kB
VmallocUsed:       46648 kB
VmallocChunk:          0 kB
Percpu:            13280 kB
HardwareCorrupted:     0 kB
AnonHugePages:   1798144 kB
ShmemHugePages:        0 kB
ShmemPmdMapped:        0 kB
FileHugePages:         0 kB
FilePmdMapped:         0 kB
CmaTotal:              0 kB
CmaFree:               0 kB
Unaccepted:            0 kB
Balloon:               0 kB
HugePages_Total:       0
HugePages_Free:        0
HugePages_Rsvd:        0
HugePages_Surp:        0
Hugepagesize:       2048 kB
Hugetlb:               0 kB
DirectMap4k:      194432 kB
DirectMap2M:     6096896 kB
DirectMap1G:     4194304 kB
---SNAPSHOT---
2026-04-27 15:21:15
MemTotal:        8129240 kB
MemFree:         2823260 kB
MemAvailable:    2556952 kB
Buffers:            5504 kB
Cached:           314336 kB
SwapCached:       538472 kB
Active:          3663072 kB
Inactive:         999312 kB
Active(anon):    3554372 kB
Inactive(anon):   842592 kB
Active(file):     108700 kB
Inactive(file):   156720 kB
Unevictable:          16 kB
Mlocked:              16 kB
SwapTotal:       4194300 kB
SwapFree:        3518320 kB
Zswap:                 0 kB
Zswapped:              0 kB
Dirty:               140 kB
Writeback:           232 kB
AnonPages:       3811280 kB
Mapped:           268428 kB
Shmem:             54452 kB
KReclaimable:      57044 kB
Slab:             284316 kB
SReclaimable:      57044 kB
SUnreclaim:       227272 kB
KernelStack:       18352 kB
PageTables:        51040 kB
SecPageTables:         0 kB
NFS_Unstable:          0 kB
Bounce:                0 kB
WritebackTmp:          0 kB
CommitLimit:     8258920 kB
Committed_AS:   11409204 kB
VmallocTotal:   34359738367 kB
VmallocUsed:       46648 kB
VmallocChunk:          0 kB
Percpu:            13280 kB
HardwareCorrupted:     0 kB
AnonHugePages:   2320384 kB
ShmemHugePages:        0 kB
ShmemPmdMapped:        0 kB
FileHugePages:         0 kB
FilePmdMapped:         0 kB
CmaTotal:              0 kB
CmaFree:               0 kB
Unaccepted:            0 kB
Balloon:               0 kB
HugePages_Total:       0
HugePages_Free:        0
HugePages_Rsvd:        0
HugePages_Surp:        0
Hugepagesize:       2048 kB
Hugetlb:               0 kB
DirectMap4k:      194432 kB
DirectMap2M:     6096896 kB
DirectMap1G:     4194304 kB
---SNAPSHOT---
2026-04-27 15:21:16
MemTotal:        8129240 kB
MemFree:         3569208 kB
MemAvailable:    3302904 kB
Buffers:            5512 kB
Cached:           314340 kB
SwapCached:       540196 kB
Active:          2919716 kB
Inactive:        1001244 kB
Active(anon):    2811016 kB
Inactive(anon):   844512 kB
Active(file):     108700 kB
Inactive(file):   156732 kB
Unevictable:          16 kB
Mlocked:              16 kB
SwapTotal:       4194300 kB
SwapFree:        3516596 kB
Zswap:                 0 kB
Zswapped:              0 kB
Dirty:               144 kB
Writeback:           428 kB
AnonPages:       3068204 kB
Mapped:           268508 kB
Shmem:             54452 kB
KReclaimable:      57044 kB
Slab:             284316 kB
SReclaimable:      57044 kB
SUnreclaim:       227272 kB
KernelStack:       18364 kB
PageTables:        49772 kB
SecPageTables:         0 kB
NFS_Unstable:          0 kB
Bounce:                0 kB
WritebackTmp:          0 kB
CommitLimit:     8258920 kB
Committed_AS:   11409216 kB
VmallocTotal:   34359738367 kB
VmallocUsed:       46664 kB
VmallocChunk:          0 kB
Percpu:            13280 kB
HardwareCorrupted:     0 kB
AnonHugePages:   1576960 kB
ShmemHugePages:        0 kB
ShmemPmdMapped:        0 kB
FileHugePages:         0 kB
FilePmdMapped:         0 kB
CmaTotal:              0 kB
CmaFree:               0 kB
Unaccepted:            0 kB
Balloon:               0 kB
HugePages_Total:       0
HugePages_Free:        0
HugePages_Rsvd:        0
HugePages_Surp:        0
Hugepagesize:       2048 kB
Hugetlb:               0 kB
DirectMap4k:      194432 kB
DirectMap2M:     6096896 kB
DirectMap1G:     4194304 kB
---SNAPSHOT---
2026-04-27 15:21:17
MemTotal:        8129240 kB
MemFree:         3028408 kB
MemAvailable:    2762108 kB
Buffers:            5512 kB
Cached:           314348 kB
SwapCached:       660936 kB
Active:          3339636 kB
Inactive:        1122036 kB
Active(anon):    3230936 kB
Inactive(anon):   965300 kB
Active(file):     108700 kB
Inactive(file):   156736 kB
Unevictable:          16 kB
Mlocked:              16 kB
SwapTotal:       4194300 kB
SwapFree:        3395820 kB
Zswap:                 0 kB
Zswapped:              0 kB
Dirty:               152 kB
Writeback:           216 kB
AnonPages:       3488064 kB
Mapped:           268428 kB
Shmem:             54452 kB
KReclaimable:      57044 kB
Slab:             284308 kB
SReclaimable:      57044 kB
SUnreclaim:       227264 kB
KernelStack:       18396 kB
PageTables:        50752 kB
SecPageTables:         0 kB
NFS_Unstable:          0 kB
Bounce:                0 kB
WritebackTmp:          0 kB
CommitLimit:     8258920 kB
Committed_AS:   11409456 kB
VmallocTotal:   34359738367 kB
VmallocUsed:       46648 kB
VmallocChunk:          0 kB
Percpu:            13280 kB
HardwareCorrupted:     0 kB
AnonHugePages:   1996800 kB
ShmemHugePages:        0 kB
ShmemPmdMapped:        0 kB
FileHugePages:         0 kB
FilePmdMapped:         0 kB
CmaTotal:              0 kB
CmaFree:               0 kB
Unaccepted:            0 kB
Balloon:               0 kB
HugePages_Total:       0
HugePages_Free:        0
HugePages_Rsvd:        0
HugePages_Surp:        0
Hugepagesize:       2048 kB
Hugetlb:               0 kB
DirectMap4k:      194432 kB
DirectMap2M:     6096896 kB
DirectMap1G:     4194304 kB
---SNAPSHOT---
2026-04-27 15:21:18
MemTotal:        8129240 kB
MemFree:         3702796 kB
MemAvailable:    3436500 kB
Buffers:            5512 kB
Cached:           314352 kB
SwapCached:       702200 kB
Active:          2551368 kB
Inactive:        1162988 kB
Active(anon):    2442668 kB
Inactive(anon):  1006244 kB
Active(file):     108700 kB
Inactive(file):   156744 kB
Unevictable:          16 kB
Mlocked:              16 kB
SwapTotal:       4194300 kB
SwapFree:        3354592 kB
Zswap:                 0 kB
Zswapped:              0 kB
Dirty:               156 kB
Writeback:           348 kB
AnonPages:       2699508 kB
Mapped:           268428 kB
Shmem:             54452 kB
KReclaimable:      57044 kB
Slab:             284292 kB
SReclaimable:      57044 kB
SUnreclaim:       227248 kB
KernelStack:       18396 kB
PageTables:        49488 kB
SecPageTables:         0 kB
NFS_Unstable:          0 kB
Bounce:                0 kB
WritebackTmp:          0 kB
CommitLimit:     8258920 kB
Committed_AS:   11409300 kB
VmallocTotal:   34359738367 kB
VmallocUsed:       46648 kB
VmallocChunk:          0 kB
Percpu:            13280 kB
HardwareCorrupted:     0 kB
AnonHugePages:   1208320 kB
ShmemHugePages:        0 kB
ShmemPmdMapped:        0 kB
FileHugePages:         0 kB
FilePmdMapped:         0 kB
CmaTotal:              0 kB
CmaFree:               0 kB
Unaccepted:            0 kB
Balloon:               0 kB
HugePages_Total:       0
HugePages_Free:        0
HugePages_Rsvd:        0
HugePages_Surp:        0
Hugepagesize:       2048 kB
Hugetlb:               0 kB
DirectMap4k:      194432 kB
DirectMap2M:     6096896 kB
DirectMap1G:     4194304 kB
---SNAPSHOT---
2026-04-27 15:21:19
MemTotal:        8129240 kB
MemFree:         3236388 kB
MemAvailable:    2970096 kB
Buffers:            5516 kB
Cached:           314360 kB
SwapCached:       702624 kB
Active:          3094032 kB
Inactive:        1164868 kB
Active(anon):    2985332 kB
Inactive(anon):  1008116 kB
Active(file):     108700 kB
Inactive(file):   156752 kB
Unevictable:          16 kB
Mlocked:              16 kB
SwapTotal:       4194300 kB
SwapFree:        3354168 kB
Zswap:                 0 kB
Zswapped:              0 kB
Dirty:               164 kB
Writeback:           228 kB
AnonPages:       3243740 kB
Mapped:           268428 kB
Shmem:             54452 kB
KReclaimable:      57044 kB
Slab:             284292 kB
SReclaimable:      57044 kB
SUnreclaim:       227248 kB
KernelStack:       18380 kB
PageTables:        50272 kB
SecPageTables:         0 kB
NFS_Unstable:          0 kB
Bounce:                0 kB
WritebackTmp:          0 kB
CommitLimit:     8258920 kB
Committed_AS:   11409684 kB
VmallocTotal:   34359738367 kB
VmallocUsed:       46680 kB
VmallocChunk:          0 kB
Percpu:            13280 kB
HardwareCorrupted:     0 kB
AnonHugePages:   1751040 kB
ShmemHugePages:        0 kB
ShmemPmdMapped:        0 kB
FileHugePages:         0 kB
FilePmdMapped:         0 kB
CmaTotal:              0 kB
CmaFree:               0 kB
Unaccepted:            0 kB
Balloon:               0 kB
HugePages_Total:       0
HugePages_Free:        0
HugePages_Rsvd:        0
HugePages_Surp:        0
Hugepagesize:       2048 kB
Hugetlb:               0 kB
DirectMap4k:      194432 kB
DirectMap2M:     6096896 kB
DirectMap1G:     4194304 kB
---SNAPSHOT---
2026-04-27 15:21:20
MemTotal:        8129240 kB
MemFree:         3904276 kB
MemAvailable:    3637984 kB
Buffers:            5516 kB
Cached:           314364 kB
SwapCached:       704168 kB
Active:          2350532 kB
Inactive:        1165136 kB
Active(anon):    2241832 kB
Inactive(anon):  1008380 kB
Active(file):     108700 kB
Inactive(file):   156756 kB
Unevictable:          16 kB
Mlocked:              16 kB
SwapTotal:       4194300 kB
SwapFree:        3352624 kB
Zswap:                 0 kB
Zswapped:              0 kB
Dirty:               168 kB
Writeback:           156 kB
AnonPages:       2498888 kB
Mapped:           268428 kB
Shmem:             54452 kB
KReclaimable:      57044 kB
Slab:             284292 kB
SReclaimable:      57044 kB
SUnreclaim:       227248 kB
KernelStack:       18396 kB
PageTables:        49356 kB
SecPageTables:         0 kB
NFS_Unstable:          0 kB
Bounce:                0 kB
WritebackTmp:          0 kB
CommitLimit:     8258920 kB
Committed_AS:   11409824 kB
VmallocTotal:   34359738367 kB
VmallocUsed:       46632 kB
VmallocChunk:          0 kB
Percpu:            13280 kB
HardwareCorrupted:     0 kB
AnonHugePages:   1007616 kB
ShmemHugePages:        0 kB
ShmemPmdMapped:        0 kB
FileHugePages:         0 kB
FilePmdMapped:         0 kB
CmaTotal:              0 kB
CmaFree:               0 kB
Unaccepted:            0 kB
Balloon:               0 kB
HugePages_Total:       0
HugePages_Free:        0
HugePages_Rsvd:        0
HugePages_Surp:        0
Hugepagesize:       2048 kB
Hugetlb:               0 kB
DirectMap4k:      194432 kB
DirectMap2M:     6096896 kB
DirectMap1G:     4194304 kB
---SNAPSHOT---
2026-04-27 15:21:21
MemTotal:        8129240 kB
MemFree:         3351180 kB
MemAvailable:    3084892 kB
Buffers:            5524 kB
Cached:           314368 kB
SwapCached:       706032 kB
Active:          2973296 kB
Inactive:        1167136 kB
Active(anon):    2864596 kB
Inactive(anon):  1010372 kB
Active(file):     108700 kB
Inactive(file):   156764 kB
Unevictable:          16 kB
Mlocked:              16 kB
SwapTotal:       4194300 kB
SwapFree:        3350760 kB
Zswap:                 0 kB
Zswapped:              0 kB
Dirty:               172 kB
Writeback:           328 kB
AnonPages:       3121832 kB
Mapped:           268528 kB
Shmem:             54452 kB
KReclaimable:      57044 kB
Slab:             284324 kB
SReclaimable:      57044 kB
SUnreclaim:       227280 kB
KernelStack:       18364 kB
PageTables:        50224 kB
SecPageTables:         0 kB
NFS_Unstable:          0 kB
Bounce:                0 kB
WritebackTmp:          0 kB
CommitLimit:     8258920 kB
Committed_AS:   11409576 kB
VmallocTotal:   34359738367 kB
VmallocUsed:       46632 kB
VmallocChunk:          0 kB
Percpu:            13280 kB
HardwareCorrupted:     0 kB
AnonHugePages:   1630208 kB
ShmemHugePages:        0 kB
ShmemPmdMapped:        0 kB
FileHugePages:         0 kB
FilePmdMapped:         0 kB
CmaTotal:              0 kB
CmaFree:               0 kB
Unaccepted:            0 kB
Balloon:               0 kB
HugePages_Total:       0
HugePages_Free:        0
HugePages_Rsvd:        0
HugePages_Surp:        0
Hugepagesize:       2048 kB
Hugetlb:               0 kB
DirectMap4k:      194432 kB
DirectMap2M:     6096896 kB
DirectMap1G:     4194304 kB
---SNAPSHOT---
2026-04-27 15:21:22
MemTotal:        8129240 kB
MemFree:         2825428 kB
MemAvailable:    2559144 kB
Buffers:            5524 kB
Cached:           314376 kB
SwapCached:       706484 kB
Active:          3499888 kB
Inactive:        1167288 kB
Active(anon):    3391188 kB
Inactive(anon):  1010516 kB
Active(file):     108700 kB
Inactive(file):   156772 kB
Unevictable:          16 kB
Mlocked:              16 kB
SwapTotal:       4194300 kB
SwapFree:        3350308 kB
Zswap:                 0 kB
Zswapped:              0 kB
Dirty:               184 kB
Writeback:           180 kB
AnonPages:       3647708 kB
Mapped:           268428 kB
Shmem:             54452 kB
KReclaimable:      57044 kB
Slab:             284300 kB
SReclaimable:      57044 kB
SUnreclaim:       227256 kB
KernelStack:       18336 kB
PageTables:        51424 kB
SecPageTables:         0 kB
NFS_Unstable:          0 kB
Bounce:                0 kB
WritebackTmp:          0 kB
CommitLimit:     8258920 kB
Committed_AS:   11409312 kB
VmallocTotal:   34359738367 kB
VmallocUsed:       46664 kB
VmallocChunk:          0 kB
Percpu:            13280 kB
HardwareCorrupted:     0 kB
AnonHugePages:   2156544 kB
ShmemHugePages:        0 kB
ShmemPmdMapped:        0 kB
FileHugePages:         0 kB
FilePmdMapped:         0 kB
CmaTotal:              0 kB
CmaFree:               0 kB
Unaccepted:            0 kB
Balloon:               0 kB
HugePages_Total:       0
HugePages_Free:        0
HugePages_Rsvd:        0
HugePages_Surp:        0
Hugepagesize:       2048 kB
Hugetlb:               0 kB
DirectMap4k:      194432 kB
DirectMap2M:     6096896 kB
DirectMap1G:     4194304 kB
---SNAPSHOT---
2026-04-27 15:21:23
MemTotal:        8129240 kB
MemFree:         3592104 kB
MemAvailable:    3325824 kB
Buffers:            5524 kB
Cached:           314380 kB
SwapCached:       707776 kB
Active:          2727596 kB
Inactive:        1169272 kB
Active(anon):    2618896 kB
Inactive(anon):  1012492 kB
Active(file):     108700 kB
Inactive(file):   156780 kB
Unevictable:          16 kB
Mlocked:              16 kB
SwapTotal:       4194300 kB
SwapFree:        3348908 kB
Zswap:                 0 kB
Zswapped:              0 kB
Dirty:               188 kB
Writeback:           708 kB
AnonPages:       2876144 kB
Mapped:           268428 kB
Shmem:             54452 kB
KReclaimable:      57044 kB
Slab:             284300 kB
SReclaimable:      57044 kB
SUnreclaim:       227256 kB
KernelStack:       18396 kB
PageTables:        49616 kB
SecPageTables:         0 kB
NFS_Unstable:          0 kB
Bounce:                0 kB
WritebackTmp:          0 kB
CommitLimit:     8258920 kB
Committed_AS:   11409684 kB
VmallocTotal:   34359738367 kB
VmallocUsed:       46664 kB
VmallocChunk:          0 kB
Percpu:            13280 kB
HardwareCorrupted:     0 kB
AnonHugePages:   1384448 kB
ShmemHugePages:        0 kB
ShmemPmdMapped:        0 kB
FileHugePages:         0 kB
FilePmdMapped:         0 kB
CmaTotal:              0 kB
CmaFree:               0 kB
Unaccepted:            0 kB
Balloon:               0 kB
HugePages_Total:       0
HugePages_Free:        0
HugePages_Rsvd:        0
HugePages_Surp:        0
Hugepagesize:       2048 kB
Hugetlb:               0 kB
DirectMap4k:      194432 kB
DirectMap2M:     6096896 kB
DirectMap1G:     4194304 kB
---SNAPSHOT---
2026-04-27 15:21:24
MemTotal:        8129240 kB
MemFree:         3050676 kB
MemAvailable:    2784400 kB
Buffers:            5524 kB
Cached:           314384 kB
SwapCached:       709484 kB
Active:          3268452 kB
Inactive:        1169288 kB
Active(anon):    3159752 kB
Inactive(anon):  1012500 kB
Active(file):     108700 kB
Inactive(file):   156788 kB
Unevictable:          16 kB
Mlocked:              16 kB
SwapTotal:       4194300 kB
SwapFree:        3347104 kB
Zswap:                 0 kB
Zswapped:              0 kB
Dirty:               192 kB
Writeback:           196 kB
AnonPages:       3415196 kB
Mapped:           268476 kB
Shmem:             54452 kB
KReclaimable:      57044 kB
Slab:             284300 kB
SReclaimable:      57044 kB
SUnreclaim:       227256 kB
KernelStack:       18416 kB
PageTables:        51192 kB
SecPageTables:         0 kB
NFS_Unstable:          0 kB
Bounce:                0 kB
WritebackTmp:          0 kB
CommitLimit:     8258920 kB
Committed_AS:   11409332 kB
VmallocTotal:   34359738367 kB
VmallocUsed:       46632 kB
VmallocChunk:          0 kB
Percpu:            13280 kB
HardwareCorrupted:     0 kB
AnonHugePages:   1925120 kB
ShmemHugePages:        0 kB
ShmemPmdMapped:        0 kB
FileHugePages:         0 kB
FilePmdMapped:         0 kB
CmaTotal:              0 kB
CmaFree:               0 kB
Unaccepted:            0 kB
Balloon:               0 kB
HugePages_Total:       0
HugePages_Free:        0
HugePages_Rsvd:        0
HugePages_Surp:        0
Hugepagesize:       2048 kB
Hugetlb:               0 kB
DirectMap4k:      194432 kB
DirectMap2M:     6096896 kB
DirectMap1G:     4194304 kB
---SNAPSHOT---
2026-04-27 15:21:25
MemTotal:        8129240 kB
MemFree:         3731868 kB
MemAvailable:    3465596 kB
Buffers:            5524 kB
Cached:           314392 kB
SwapCached:       711640 kB
Active:          2508632 kB
Inactive:        1173468 kB
Active(anon):    2399932 kB
Inactive(anon):  1016672 kB
Active(file):     108700 kB
Inactive(file):   156796 kB
Unevictable:          16 kB
Mlocked:              16 kB
SwapTotal:       4194300 kB
SwapFree:        3345152 kB
Zswap:                 0 kB
Zswapped:              0 kB
Dirty:               200 kB
Writeback:           304 kB
AnonPages:       2657304 kB
Mapped:           268428 kB
Shmem:             54452 kB
KReclaimable:      57044 kB
Slab:             284316 kB
SReclaimable:      57044 kB
SUnreclaim:       227272 kB
KernelStack:       18352 kB
PageTables:        51656 kB
SecPageTables:         0 kB
NFS_Unstable:          0 kB
Bounce:                0 kB
WritebackTmp:          0 kB
CommitLimit:     8258920 kB
Committed_AS:   11409576 kB
VmallocTotal:   34359738367 kB
VmallocUsed:       46664 kB
VmallocChunk:          0 kB
Percpu:            13280 kB
HardwareCorrupted:     0 kB
AnonHugePages:   1165312 kB
ShmemHugePages:        0 kB
ShmemPmdMapped:        0 kB
FileHugePages:         0 kB
FilePmdMapped:         0 kB
CmaTotal:              0 kB
CmaFree:               0 kB
Unaccepted:            0 kB
Balloon:               0 kB
HugePages_Total:       0
HugePages_Free:        0
HugePages_Rsvd:        0
HugePages_Surp:        0
Hugepagesize:       2048 kB
Hugetlb:               0 kB
DirectMap4k:      194432 kB
DirectMap2M:     6096896 kB
DirectMap1G:     4194304 kB
---SNAPSHOT---
2026-04-27 15:21:26
MemTotal:        8129240 kB
MemFree:         3284512 kB
MemAvailable:    3018244 kB
Buffers:            5532 kB
Cached:           314396 kB
SwapCached:       713048 kB
Active:          3030748 kB
Inactive:        1173472 kB
Active(anon):    2922048 kB
Inactive(anon):  1016672 kB
Active(file):     108700 kB
Inactive(file):   156800 kB
Unevictable:          16 kB
Mlocked:              16 kB
SwapTotal:       4194300 kB
SwapFree:        3343744 kB
Zswap:                 0 kB
Zswapped:              0 kB
Dirty:               204 kB
Writeback:           232 kB
AnonPages:       3178520 kB
Mapped:           268428 kB
Shmem:             54452 kB
KReclaimable:      57044 kB
Slab:             284316 kB
SReclaimable:      57044 kB
SUnreclaim:       227272 kB
KernelStack:       18396 kB
PageTables:        51600 kB
SecPageTables:         0 kB
NFS_Unstable:          0 kB
Bounce:                0 kB
WritebackTmp:          0 kB
CommitLimit:     8258920 kB
Committed_AS:   11409192 kB
VmallocTotal:   34359738367 kB
VmallocUsed:       46664 kB
VmallocChunk:          0 kB
Percpu:            13280 kB
HardwareCorrupted:     0 kB
AnonHugePages:   1687552 kB
ShmemHugePages:        0 kB
ShmemPmdMapped:        0 kB
FileHugePages:         0 kB
FilePmdMapped:         0 kB
CmaTotal:              0 kB
CmaFree:               0 kB
Unaccepted:            0 kB
Balloon:               0 kB
HugePages_Total:       0
HugePages_Free:        0
HugePages_Rsvd:        0
HugePages_Surp:        0
Hugepagesize:       2048 kB
Hugetlb:               0 kB
DirectMap4k:      194432 kB
DirectMap2M:     6096896 kB
DirectMap1G:     4194304 kB
---SNAPSHOT---
2026-04-27 15:21:27
MemTotal:        8129240 kB
MemFree:         3951348 kB
MemAvailable:    3685084 kB
Buffers:            5532 kB
Cached:           314400 kB
SwapCached:       715868 kB
Active:          2279916 kB
Inactive:        1177300 kB
Active(anon):    2171216 kB
Inactive(anon):  1020488 kB
Active(file):     108700 kB
Inactive(file):   156812 kB
Unevictable:          16 kB
Mlocked:              16 kB
SwapTotal:       4194300 kB
SwapFree:        3340924 kB
Zswap:                 0 kB
Zswapped:              0 kB
Dirty:               208 kB
Writeback:          1248 kB
AnonPages:       2428704 kB
Mapped:           268484 kB
Shmem:             54452 kB
KReclaimable:      57044 kB
Slab:             284324 kB
SReclaimable:      57044 kB
SUnreclaim:       227280 kB
KernelStack:       18412 kB
PageTables:        49344 kB
SecPageTables:         0 kB
NFS_Unstable:          0 kB
Bounce:                0 kB
WritebackTmp:          0 kB
CommitLimit:     8258920 kB
Committed_AS:   11409576 kB
VmallocTotal:   34359738367 kB
VmallocUsed:       46648 kB
VmallocChunk:          0 kB
Percpu:            13280 kB
HardwareCorrupted:     0 kB
AnonHugePages:    937984 kB
ShmemHugePages:        0 kB
ShmemPmdMapped:        0 kB
FileHugePages:         0 kB
FilePmdMapped:         0 kB
CmaTotal:              0 kB
CmaFree:               0 kB
Unaccepted:            0 kB
Balloon:               0 kB
HugePages_Total:       0
HugePages_Free:        0
HugePages_Rsvd:        0
HugePages_Surp:        0
Hugepagesize:       2048 kB
Hugetlb:               0 kB
DirectMap4k:      194432 kB
DirectMap2M:     6096896 kB
DirectMap1G:     4194304 kB
---SNAPSHOT---
2026-04-27 15:21:28
MemTotal:        8129240 kB
MemFree:         3531332 kB
MemAvailable:    3265072 kB
Buffers:            5532 kB
Cached:           314408 kB
SwapCached:       748276 kB
Active:          2750164 kB
Inactive:        1210088 kB
Active(anon):    2641464 kB
Inactive(anon):  1053272 kB
Active(file):     108700 kB
Inactive(file):   156816 kB
Unevictable:          16 kB
Mlocked:              16 kB
SwapTotal:       4194300 kB
SwapFree:        3308148 kB
Zswap:                 0 kB
Zswapped:              0 kB
Dirty:               216 kB
Writeback:           416 kB
AnonPages:       2899072 kB
Mapped:           268428 kB
Shmem:             54452 kB
KReclaimable:      57044 kB
Slab:             284292 kB
SReclaimable:      57044 kB
SUnreclaim:       227248 kB
KernelStack:       18412 kB
PageTables:        50308 kB
SecPageTables:         0 kB
NFS_Unstable:          0 kB
Bounce:                0 kB
WritebackTmp:          0 kB
CommitLimit:     8258920 kB
Committed_AS:   11409576 kB
VmallocTotal:   34359738367 kB
VmallocUsed:       46648 kB
VmallocChunk:          0 kB
Percpu:            13280 kB
HardwareCorrupted:     0 kB
AnonHugePages:   1406976 kB
ShmemHugePages:        0 kB
ShmemPmdMapped:        0 kB
FileHugePages:         0 kB
FilePmdMapped:         0 kB
CmaTotal:              0 kB
CmaFree:               0 kB
Unaccepted:            0 kB
Balloon:               0 kB
HugePages_Total:       0
HugePages_Free:        0
HugePages_Rsvd:        0
HugePages_Surp:        0
Hugepagesize:       2048 kB
Hugetlb:               0 kB
DirectMap4k:      194432 kB
DirectMap2M:     6096896 kB
DirectMap1G:     4194304 kB
---SNAPSHOT---
2026-04-27 15:21:29
MemTotal:        8129240 kB
MemFree:         3018852 kB
MemAvailable:    2752600 kB
Buffers:            5532 kB
Cached:           314420 kB
SwapCached:       859196 kB
Active:          3151692 kB
Inactive:        1320872 kB
Active(anon):    3042992 kB
Inactive(anon):  1164040 kB
Active(file):     108700 kB
Inactive(file):   156832 kB
Unevictable:          16 kB
Mlocked:              16 kB
SwapTotal:       4194300 kB
SwapFree:        3197596 kB
Zswap:                 0 kB
Zswapped:              0 kB
Dirty:               228 kB
Writeback:           184 kB
AnonPages:       3300372 kB
Mapped:           268428 kB
Shmem:             54452 kB
KReclaimable:      57044 kB
Slab:             284300 kB
SReclaimable:      57044 kB
SUnreclaim:       227256 kB
KernelStack:       18396 kB
PageTables:        51128 kB
SecPageTables:         0 kB
NFS_Unstable:          0 kB
Bounce:                0 kB
WritebackTmp:          0 kB
CommitLimit:     8258920 kB
