---SNAPSHOT---
2026-04-27 16:00:29
MemTotal:        8129240 kB
MemFree:         5297468 kB
MemAvailable:    5018712 kB
Buffers:            3712 kB
Cached:           281292 kB
SwapCached:        28804 kB
Active:          1569992 kB
Inactive:         607332 kB
Active(anon):    1477572 kB
Inactive(anon):   454020 kB
Active(file):      92420 kB
Inactive(file):   153312 kB
Unevictable:           0 kB
Mlocked:               0 kB
SwapTotal:       4194300 kB
SwapFree:        4165496 kB
Zswap:                 0 kB
Zswapped:              0 kB
Dirty:               280 kB
Writeback:             0 kB
AnonPages:       1863972 kB
Mapped:           243048 kB
Shmem:             38824 kB
KReclaimable:      51836 kB
Slab:             278624 kB
SReclaimable:      51836 kB
SUnreclaim:       226788 kB
KernelStack:       18044 kB
PageTables:        45312 kB
SecPageTables:         0 kB
NFS_Unstable:          0 kB
Bounce:                0 kB
WritebackTmp:          0 kB
CommitLimit:     8258920 kB
Committed_AS:    8697356 kB
VmallocTotal:   34359738367 kB
VmallocUsed:       46280 kB
VmallocChunk:          0 kB
Percpu:            13280 kB
HardwareCorrupted:     0 kB
AnonHugePages:    192512 kB
ShmemHugePages:        0 kB
ShmemPmdMapped:        0 kB
FileHugePages:         0 kB
FilePmdMapped:         0 kB
CmaTotal:              0 kB
CmaFree:               0 kB
Unaccepted:            0 kB
Balloon:               0 kB
HugePages_Total:       0
HugePages_Free:        0
HugePages_Rsvd:        0
HugePages_Surp:        0
Hugepagesize:       2048 kB
Hugetlb:               0 kB
DirectMap4k:      194432 kB
DirectMap2M:     6096896 kB
DirectMap1G:     4194304 kB
---SNAPSHOT---
2026-04-27 16:00:30
MemTotal:        8129240 kB
MemFree:         5299208 kB
MemAvailable:    5021180 kB
Buffers:            4292 kB
Cached:           281848 kB
SwapCached:        28804 kB
Active:          1570328 kB
Inactive:         608612 kB
Active(anon):    1477732 kB
Inactive(anon):   454020 kB
Active(file):      92596 kB
Inactive(file):   154592 kB
Unevictable:           0 kB
Mlocked:               0 kB
SwapTotal:       4194300 kB
SwapFree:        4165496 kB
Zswap:                 0 kB
Zswapped:              0 kB
Dirty:               304 kB
Writeback:             0 kB
AnonPages:       1864372 kB
Mapped:           243076 kB
Shmem:             38824 kB
KReclaimable:      51836 kB
Slab:             278624 kB
SReclaimable:      51836 kB
SUnreclaim:       226788 kB
KernelStack:       18064 kB
PageTables:        45136 kB
SecPageTables:         0 kB
NFS_Unstable:          0 kB
Bounce:                0 kB
WritebackTmp:          0 kB
CommitLimit:     8258920 kB
Committed_AS:    8697620 kB
VmallocTotal:   34359738367 kB
VmallocUsed:       46296 kB
VmallocChunk:          0 kB
Percpu:            13280 kB
HardwareCorrupted:     0 kB
AnonHugePages:    192512 kB
ShmemHugePages:        0 kB
ShmemPmdMapped:        0 kB
FileHugePages:         0 kB
FilePmdMapped:         0 kB
CmaTotal:              0 kB
CmaFree:               0 kB
Unaccepted:            0 kB
Balloon:               0 kB
HugePages_Total:       0
HugePages_Free:        0
HugePages_Rsvd:        0
HugePages_Surp:        0
Hugepagesize:       2048 kB
Hugetlb:               0 kB
DirectMap4k:      194432 kB
DirectMap2M:     6096896 kB
DirectMap1G:     4194304 kB
---SNAPSHOT---
2026-04-27 16:00:31
MemTotal:        8129240 kB
MemFree:         5303212 kB
MemAvailable:    5025672 kB
Buffers:            4316 kB
Cached:           282004 kB
SwapCached:        28804 kB
Active:          1570920 kB
Inactive:         608796 kB
Active(anon):    1478188 kB
Inactive(anon):   454020 kB
Active(file):      92732 kB
Inactive(file):   154776 kB
Unevictable:           0 kB
Mlocked:               0 kB
SwapTotal:       4194300 kB
SwapFree:        4165496 kB
Zswap:                 0 kB
Zswapped:              0 kB
Dirty:               308 kB
Writeback:             0 kB
AnonPages:       1864860 kB
Mapped:           243092 kB
Shmem:             38824 kB
KReclaimable:      52492 kB
Slab:             279280 kB
SReclaimable:      52492 kB
SUnreclaim:       226788 kB
KernelStack:       18112 kB
PageTables:        45392 kB
SecPageTables:         0 kB
NFS_Unstable:          0 kB
Bounce:                0 kB
WritebackTmp:          0 kB
CommitLimit:     8258920 kB
Committed_AS:    8699104 kB
VmallocTotal:   34359738367 kB
VmallocUsed:       46360 kB
VmallocChunk:          0 kB
Percpu:            13280 kB
HardwareCorrupted:     0 kB
AnonHugePages:    192512 kB
ShmemHugePages:        0 kB
ShmemPmdMapped:        0 kB
FileHugePages:         0 kB
FilePmdMapped:         0 kB
CmaTotal:              0 kB
CmaFree:               0 kB
Unaccepted:            0 kB
Balloon:               0 kB
HugePages_Total:       0
HugePages_Free:        0
HugePages_Rsvd:        0
HugePages_Surp:        0
Hugepagesize:       2048 kB
Hugetlb:               0 kB
DirectMap4k:      194432 kB
DirectMap2M:     6096896 kB
DirectMap1G:     4194304 kB
---SNAPSHOT---
2026-04-27 16:00:32
MemTotal:        8129240 kB
MemFree:         5302616 kB
MemAvailable:    5027248 kB
Buffers:            4860 kB
Cached:           285812 kB
SwapCached:        28804 kB
Active:          1574700 kB
Inactive:         609268 kB
Active(anon):    1478092 kB
Inactive(anon):   454020 kB
Active(file):      96608 kB
Inactive(file):   155248 kB
Unevictable:           0 kB
Mlocked:               0 kB
SwapTotal:       4194300 kB
SwapFree:        4165496 kB
Zswap:                 0 kB
Zswapped:              0 kB
Dirty:               368 kB
Writeback:             0 kB
AnonPages:       1864588 kB
Mapped:           243532 kB
Shmem:             38824 kB
KReclaimable:      52492 kB
Slab:             279280 kB
SReclaimable:      52492 kB
SUnreclaim:       226788 kB
KernelStack:       18048 kB
PageTables:        45348 kB
SecPageTables:         0 kB
NFS_Unstable:          0 kB
Bounce:                0 kB
WritebackTmp:          0 kB
CommitLimit:     8258920 kB
Committed_AS:    8706144 kB
VmallocTotal:   34359738367 kB
VmallocUsed:       46328 kB
VmallocChunk:          0 kB
Percpu:            13280 kB
HardwareCorrupted:     0 kB
AnonHugePages:    192512 kB
ShmemHugePages:        0 kB
ShmemPmdMapped:        0 kB
FileHugePages:         0 kB
FilePmdMapped:         0 kB
CmaTotal:              0 kB
CmaFree:               0 kB
Unaccepted:            0 kB
Balloon:               0 kB
HugePages_Total:       0
HugePages_Free:        0
HugePages_Rsvd:        0
HugePages_Surp:        0
Hugepagesize:       2048 kB
Hugetlb:               0 kB
DirectMap4k:      194432 kB
DirectMap2M:     6096896 kB
DirectMap1G:     4194304 kB
---SNAPSHOT---
2026-04-27 16:00:33
MemTotal:        8129240 kB
MemFree:         4357896 kB
MemAvailable:    4086684 kB
Buffers:            4860 kB
Cached:           311284 kB
SwapCached:        28804 kB
Active:          2541708 kB
Inactive:         609572 kB
Active(anon):    2437092 kB
Inactive(anon):   454020 kB
Active(file):     104616 kB
Inactive(file):   155552 kB
Unevictable:          16 kB
Mlocked:              16 kB
SwapTotal:       4194300 kB
SwapFree:        4165496 kB
Zswap:                 0 kB
Zswapped:              0 kB
Dirty:               452 kB
Writeback:             0 kB
AnonPages:       2806464 kB
Mapped:           264040 kB
Shmem:             55972 kB
KReclaimable:      52492 kB
Slab:             279352 kB
SReclaimable:      52492 kB
SUnreclaim:       226860 kB
KernelStack:       18224 kB
PageTables:        47756 kB
SecPageTables:         0 kB
NFS_Unstable:          0 kB
Bounce:                0 kB
WritebackTmp:          0 kB
CommitLimit:     8258920 kB
Committed_AS:   11354732 kB
VmallocTotal:   34359738367 kB
VmallocUsed:       46392 kB
VmallocChunk:          0 kB
Percpu:            13280 kB
HardwareCorrupted:     0 kB
AnonHugePages:   1126400 kB
ShmemHugePages:        0 kB
ShmemPmdMapped:        0 kB
FileHugePages:         0 kB
FilePmdMapped:         0 kB
CmaTotal:              0 kB
CmaFree:               0 kB
Unaccepted:            0 kB
Balloon:               0 kB
HugePages_Total:       0
HugePages_Free:        0
HugePages_Rsvd:        0
HugePages_Surp:        0
Hugepagesize:       2048 kB
Hugetlb:               0 kB
DirectMap4k:      194432 kB
DirectMap2M:     6096896 kB
DirectMap1G:     4194304 kB
---SNAPSHOT---
2026-04-27 16:00:34
MemTotal:        8129240 kB
MemFree:         3402724 kB
MemAvailable:    3131516 kB
Buffers:            4860 kB
Cached:           311292 kB
SwapCached:        28804 kB
Active:          3492176 kB
Inactive:         609580 kB
Active(anon):    3387560 kB
Inactive(anon):   454020 kB
Active(file):     104616 kB
Inactive(file):   155560 kB
Unevictable:          16 kB
Mlocked:              16 kB
SwapTotal:       4194300 kB
SwapFree:        4165496 kB
Zswap:                 0 kB
Zswapped:              0 kB
Dirty:               460 kB
Writeback:             0 kB
AnonPages:       3756948 kB
Mapped:           264040 kB
Shmem:             55972 kB
KReclaimable:      52492 kB
Slab:             279360 kB
SReclaimable:      52492 kB
SUnreclaim:       226868 kB
KernelStack:       18224 kB
PageTables:        49236 kB
SecPageTables:         0 kB
NFS_Unstable:          0 kB
Bounce:                0 kB
WritebackTmp:          0 kB
CommitLimit:     8258920 kB
Committed_AS:   11354636 kB
VmallocTotal:   34359738367 kB
VmallocUsed:       46424 kB
VmallocChunk:          0 kB
Percpu:            13280 kB
HardwareCorrupted:     0 kB
AnonHugePages:   2076672 kB
ShmemHugePages:        0 kB
ShmemPmdMapped:        0 kB
FileHugePages:         0 kB
FilePmdMapped:         0 kB
CmaTotal:              0 kB
CmaFree:               0 kB
Unaccepted:            0 kB
Balloon:               0 kB
HugePages_Total:       0
HugePages_Free:        0
HugePages_Rsvd:        0
HugePages_Surp:        0
Hugepagesize:       2048 kB
Hugetlb:               0 kB
DirectMap4k:      194432 kB
DirectMap2M:     6096896 kB
DirectMap1G:     4194304 kB
---SNAPSHOT---
2026-04-27 16:00:35
MemTotal:        8129240 kB
MemFree:         4827040 kB
MemAvailable:    4556580 kB
Buffers:            4860 kB
Cached:           311300 kB
SwapCached:        28804 kB
Active:          1970372 kB
Inactive:         609588 kB
Active(anon):    1865756 kB
Inactive(anon):   454020 kB
Active(file):     104616 kB
Inactive(file):   155568 kB
Unevictable:          16 kB
Mlocked:              16 kB
SwapTotal:       4194300 kB
SwapFree:        4165496 kB
Zswap:                 0 kB
Zswapped:              0 kB
Dirty:               464 kB
Writeback:             0 kB
AnonPages:       2235120 kB
Mapped:           264040 kB
Shmem:             55972 kB
KReclaimable:      53980 kB
Slab:             280876 kB
SReclaimable:      53980 kB
SUnreclaim:       226896 kB
KernelStack:       18224 kB
PageTables:        46376 kB
SecPageTables:         0 kB
NFS_Unstable:          0 kB
Bounce:                0 kB
WritebackTmp:          0 kB
CommitLimit:     8258920 kB
Committed_AS:   11354732 kB
VmallocTotal:   34359738367 kB
VmallocUsed:       46424 kB
VmallocChunk:          0 kB
Percpu:            13280 kB
HardwareCorrupted:     0 kB
AnonHugePages:    555008 kB
ShmemHugePages:        0 kB
ShmemPmdMapped:        0 kB
FileHugePages:         0 kB
FilePmdMapped:         0 kB
CmaTotal:              0 kB
CmaFree:               0 kB
Unaccepted:            0 kB
Balloon:               0 kB
HugePages_Total:       0
HugePages_Free:        0
HugePages_Rsvd:        0
HugePages_Surp:        0
Hugepagesize:       2048 kB
Hugetlb:               0 kB
DirectMap4k:      194432 kB
DirectMap2M:     6096896 kB
DirectMap1G:     4194304 kB
---SNAPSHOT---
2026-04-27 16:00:36
MemTotal:        8129240 kB
MemFree:         3885796 kB
MemAvailable:    3615356 kB
Buffers:            4868 kB
Cached:           311296 kB
SwapCached:        28804 kB
Active:          3015468 kB
Inactive:         609592 kB
Active(anon):    2910852 kB
Inactive(anon):   454020 kB
Active(file):     104616 kB
Inactive(file):   155572 kB
Unevictable:          16 kB
Mlocked:              16 kB
SwapTotal:       4194300 kB
SwapFree:        4165496 kB
Zswap:                 0 kB
Zswapped:              0 kB
Dirty:               468 kB
Writeback:             0 kB
AnonPages:       3280108 kB
Mapped:           264040 kB
Shmem:             55972 kB
KReclaimable:      54012 kB
Slab:             280948 kB
SReclaimable:      54012 kB
SUnreclaim:       226936 kB
KernelStack:       18256 kB
PageTables:        48424 kB
SecPageTables:         0 kB
NFS_Unstable:          0 kB
Bounce:                0 kB
WritebackTmp:          0 kB
CommitLimit:     8258920 kB
Committed_AS:   11356244 kB
VmallocTotal:   34359738367 kB
VmallocUsed:       46536 kB
VmallocChunk:          0 kB
Percpu:            13280 kB
HardwareCorrupted:     0 kB
AnonHugePages:   1599488 kB
ShmemHugePages:        0 kB
ShmemPmdMapped:        0 kB
FileHugePages:         0 kB
FilePmdMapped:         0 kB
CmaTotal:              0 kB
CmaFree:               0 kB
Unaccepted:            0 kB
Balloon:               0 kB
HugePages_Total:       0
HugePages_Free:        0
HugePages_Rsvd:        0
HugePages_Surp:        0
Hugepagesize:       2048 kB
Hugetlb:               0 kB
DirectMap4k:      194432 kB
DirectMap2M:     6096896 kB
DirectMap1G:     4194304 kB
---SNAPSHOT---
2026-04-27 16:00:37
MemTotal:        8129240 kB
MemFree:         3429232 kB
MemAvailable:    3158800 kB
Buffers:            4868 kB
Cached:           311312 kB
SwapCached:        28804 kB
Active:          3422252 kB
Inactive:         609608 kB
Active(anon):    3317636 kB
Inactive(anon):   454020 kB
Active(file):     104616 kB
Inactive(file):   155588 kB
Unevictable:          16 kB
Mlocked:              16 kB
SwapTotal:       4194300 kB
SwapFree:        4165496 kB
Zswap:                 0 kB
Zswapped:              0 kB
Dirty:               476 kB
Writeback:             0 kB
AnonPages:       3686996 kB
Mapped:           264040 kB
Shmem:             55972 kB
KReclaimable:      54012 kB
Slab:             280972 kB
SReclaimable:      54012 kB
SUnreclaim:       226960 kB
KernelStack:       18224 kB
PageTables:        49360 kB
SecPageTables:         0 kB
NFS_Unstable:          0 kB
Bounce:                0 kB
WritebackTmp:          0 kB
CommitLimit:     8258920 kB
Committed_AS:   11354884 kB
VmallocTotal:   34359738367 kB
VmallocUsed:       46472 kB
VmallocChunk:          0 kB
Percpu:            13280 kB
HardwareCorrupted:     0 kB
AnonHugePages:   1996800 kB
ShmemHugePages:        0 kB
ShmemPmdMapped:        0 kB
FileHugePages:         0 kB
FilePmdMapped:         0 kB
CmaTotal:              0 kB
CmaFree:               0 kB
Unaccepted:            0 kB
Balloon:               0 kB
HugePages_Total:       0
HugePages_Free:        0
HugePages_Rsvd:        0
HugePages_Surp:        0
Hugepagesize:       2048 kB
Hugetlb:               0 kB
DirectMap4k:      194432 kB
DirectMap2M:     6096896 kB
DirectMap1G:     4194304 kB
---SNAPSHOT---
2026-04-27 16:00:38
MemTotal:        8129240 kB
MemFree:         3515412 kB
MemAvailable:    3244980 kB
Buffers:            4868 kB
Cached:           311316 kB
SwapCached:       384404 kB
Active:          2989880 kB
Inactive:         963140 kB
Active(anon):    2885264 kB
Inactive(anon):   807548 kB
Active(file):     104616 kB
Inactive(file):   155592 kB
Unevictable:          16 kB
Mlocked:              16 kB
SwapTotal:       4194300 kB
SwapFree:        3809800 kB
Zswap:                 0 kB
Zswapped:              0 kB
Dirty:               480 kB
Writeback:           852 kB
AnonPages:       3254780 kB
Mapped:           263976 kB
Shmem:             55972 kB
KReclaimable:      54012 kB
Slab:             280920 kB
SReclaimable:      54012 kB
SUnreclaim:       226908 kB
KernelStack:       18268 kB
PageTables:        49460 kB
SecPageTables:         0 kB
NFS_Unstable:          0 kB
Bounce:                0 kB
WritebackTmp:          0 kB
CommitLimit:     8258920 kB
Committed_AS:   11355120 kB
VmallocTotal:   34359738367 kB
VmallocUsed:       46488 kB
VmallocChunk:          0 kB
Percpu:            13280 kB
HardwareCorrupted:     0 kB
AnonHugePages:   1335296 kB
ShmemHugePages:        0 kB
ShmemPmdMapped:        0 kB
FileHugePages:         0 kB
FilePmdMapped:         0 kB
CmaTotal:              0 kB
CmaFree:               0 kB
Unaccepted:            0 kB
Balloon:               0 kB
HugePages_Total:       0
HugePages_Free:        0
HugePages_Rsvd:        0
HugePages_Surp:        0
Hugepagesize:       2048 kB
Hugetlb:               0 kB
DirectMap4k:      194432 kB
DirectMap2M:     6096896 kB
DirectMap1G:     4194304 kB
---SNAPSHOT---
2026-04-27 16:00:39
MemTotal:        8129240 kB
MemFree:         3583776 kB
MemAvailable:    3313348 kB
Buffers:            4868 kB
Cached:           311324 kB
SwapCached:        28988 kB
Active:          3264616 kB
Inactive:         609668 kB
Active(anon):    3160000 kB
Inactive(anon):   454068 kB
Active(file):     104616 kB
Inactive(file):   155600 kB
Unevictable:          16 kB
Mlocked:              16 kB
SwapTotal:       4194300 kB
SwapFree:        4165496 kB
Zswap:                 0 kB
Zswapped:              0 kB
Dirty:               488 kB
Writeback:             0 kB
AnonPages:       3529472 kB
Mapped:           264040 kB
Shmem:             55972 kB
KReclaimable:      54012 kB
Slab:             280888 kB
SReclaimable:      54012 kB
SUnreclaim:       226876 kB
KernelStack:       18300 kB
PageTables:        49468 kB
SecPageTables:         0 kB
NFS_Unstable:          0 kB
Bounce:                0 kB
WritebackTmp:          0 kB
CommitLimit:     8258920 kB
Committed_AS:   11355356 kB
VmallocTotal:   34359738367 kB
VmallocUsed:       46504 kB
VmallocChunk:          0 kB
Percpu:            13280 kB
HardwareCorrupted:     0 kB
AnonHugePages:   1380352 kB
ShmemHugePages:        0 kB
ShmemPmdMapped:        0 kB
FileHugePages:         0 kB
FilePmdMapped:         0 kB
CmaTotal:              0 kB
CmaFree:               0 kB
Unaccepted:            0 kB
Balloon:               0 kB
HugePages_Total:       0
HugePages_Free:        0
HugePages_Rsvd:        0
HugePages_Surp:        0
Hugepagesize:       2048 kB
Hugetlb:               0 kB
DirectMap4k:      194432 kB
DirectMap2M:     6096896 kB
DirectMap1G:     4194304 kB
---SNAPSHOT---
2026-04-27 16:00:40
MemTotal:        8129240 kB
MemFree:         4038032 kB
MemAvailable:    3767608 kB
Buffers:            4868 kB
Cached:           311328 kB
SwapCached:        28804 kB
Active:          2731884 kB
Inactive:         609624 kB
Active(anon):    2627268 kB
Inactive(anon):   454020 kB
Active(file):     104616 kB
Inactive(file):   155604 kB
Unevictable:          16 kB
Mlocked:              16 kB
SwapTotal:       4194300 kB
SwapFree:        4165496 kB
Zswap:                 0 kB
Zswapped:              0 kB
Dirty:               492 kB
Writeback:             0 kB
AnonPages:       2996464 kB
Mapped:           264040 kB
Shmem:             55972 kB
KReclaimable:      54012 kB
Slab:             280884 kB
SReclaimable:      54012 kB
SUnreclaim:       226872 kB
KernelStack:       18284 kB
PageTables:        48048 kB
SecPageTables:         0 kB
NFS_Unstable:          0 kB
Bounce:                0 kB
WritebackTmp:          0 kB
CommitLimit:     8258920 kB
Committed_AS:   11355356 kB
VmallocTotal:   34359738367 kB
VmallocUsed:       46488 kB
VmallocChunk:          0 kB
Percpu:            13280 kB
HardwareCorrupted:     0 kB
AnonHugePages:   1314816 kB
ShmemHugePages:        0 kB
ShmemPmdMapped:        0 kB
FileHugePages:         0 kB
FilePmdMapped:         0 kB
CmaTotal:              0 kB
CmaFree:               0 kB
Unaccepted:            0 kB
Balloon:               0 kB
HugePages_Total:       0
HugePages_Free:        0
HugePages_Rsvd:        0
HugePages_Surp:        0
Hugepagesize:       2048 kB
Hugetlb:               0 kB
DirectMap4k:      194432 kB
DirectMap2M:     6096896 kB
DirectMap1G:     4194304 kB
---SNAPSHOT---
2026-04-27 16:00:41
MemTotal:        8129240 kB
MemFree:         3301896 kB
MemAvailable:    3031472 kB
Buffers:            4876 kB
Cached:           311324 kB
SwapCached:        28804 kB
Active:          3536712 kB
Inactive:         609628 kB
Active(anon):    3432096 kB
Inactive(anon):   454020 kB
Active(file):     104616 kB
Inactive(file):   155608 kB
Unevictable:          16 kB
Mlocked:              16 kB
SwapTotal:       4194300 kB
SwapFree:        4165496 kB
Zswap:                 0 kB
Zswapped:              0 kB
Dirty:               496 kB
Writeback:             0 kB
AnonPages:       3801212 kB
Mapped:           264040 kB
Shmem:             55972 kB
KReclaimable:      54012 kB
Slab:             280872 kB
SReclaimable:      54012 kB
SUnreclaim:       226860 kB
KernelStack:       18240 kB
PageTables:        49532 kB
SecPageTables:         0 kB
NFS_Unstable:          0 kB
Bounce:                0 kB
WritebackTmp:          0 kB
CommitLimit:     8258920 kB
Committed_AS:   11354896 kB
VmallocTotal:   34359738367 kB
VmallocUsed:       46472 kB
VmallocChunk:          0 kB
Percpu:            13280 kB
HardwareCorrupted:     0 kB
AnonHugePages:   2119680 kB
ShmemHugePages:        0 kB
ShmemPmdMapped:        0 kB
FileHugePages:         0 kB
FilePmdMapped:         0 kB
CmaTotal:              0 kB
CmaFree:               0 kB
Unaccepted:            0 kB
Balloon:               0 kB
HugePages_Total:       0
HugePages_Free:        0
HugePages_Rsvd:        0
HugePages_Surp:        0
Hugepagesize:       2048 kB
Hugetlb:               0 kB
DirectMap4k:      194432 kB
DirectMap2M:     6096896 kB
DirectMap1G:     4194304 kB
---SNAPSHOT---
2026-04-27 16:00:42
MemTotal:        8129240 kB
MemFree:         3753440 kB
MemAvailable:    3483024 kB
Buffers:            4876 kB
Cached:           311340 kB
SwapCached:        28804 kB
Active:          3044952 kB
Inactive:         609644 kB
Active(anon):    2940336 kB
Inactive(anon):   454020 kB
Active(file):     104616 kB
Inactive(file):   155624 kB
Unevictable:          16 kB
Mlocked:              16 kB
SwapTotal:       4194300 kB
SwapFree:        4165496 kB
Zswap:                 0 kB
Zswapped:              0 kB
Dirty:               504 kB
Writeback:             0 kB
AnonPages:       3309808 kB
Mapped:           264040 kB
Shmem:             55972 kB
KReclaimable:      54012 kB
Slab:             280864 kB
SReclaimable:      54012 kB
SUnreclaim:       226852 kB
KernelStack:       18240 kB
PageTables:        48944 kB
SecPageTables:         0 kB
NFS_Unstable:          0 kB
Bounce:                0 kB
WritebackTmp:          0 kB
CommitLimit:     8258920 kB
Committed_AS:   11354868 kB
VmallocTotal:   34359738367 kB
VmallocUsed:       46456 kB
VmallocChunk:          0 kB
Percpu:            13280 kB
HardwareCorrupted:     0 kB
AnonHugePages:   1628160 kB
ShmemHugePages:        0 kB
ShmemPmdMapped:        0 kB
FileHugePages:         0 kB
FilePmdMapped:         0 kB
CmaTotal:              0 kB
CmaFree:               0 kB
Unaccepted:            0 kB
Balloon:               0 kB
HugePages_Total:       0
HugePages_Free:        0
HugePages_Rsvd:        0
HugePages_Surp:        0
Hugepagesize:       2048 kB
Hugetlb:               0 kB
DirectMap4k:      194432 kB
DirectMap2M:     6096896 kB
DirectMap1G:     4194304 kB
---SNAPSHOT---
2026-04-27 16:00:43
MemTotal:        8129240 kB
MemFree:         3652704 kB
MemAvailable:    3382292 kB
Buffers:            4876 kB
Cached:           311344 kB
SwapCached:        28804 kB
Active:          3196744 kB
Inactive:         609648 kB
Active(anon):    3092128 kB
Inactive(anon):   454020 kB
Active(file):     104616 kB
Inactive(file):   155628 kB
Unevictable:          16 kB
Mlocked:              16 kB
SwapTotal:       4194300 kB
SwapFree:        4165496 kB
Zswap:                 0 kB
Zswapped:              0 kB
Dirty:               508 kB
Writeback:             0 kB
AnonPages:       3461708 kB
Mapped:           264040 kB
Shmem:             55972 kB
KReclaimable:      54012 kB
Slab:             280880 kB
SReclaimable:      54012 kB
SUnreclaim:       226868 kB
KernelStack:       18284 kB
PageTables:        49028 kB
SecPageTables:         0 kB
NFS_Unstable:          0 kB
Bounce:                0 kB
WritebackTmp:          0 kB
CommitLimit:     8258920 kB
Committed_AS:   11355248 kB
VmallocTotal:   34359738367 kB
VmallocUsed:       46488 kB
VmallocChunk:          0 kB
Percpu:            13280 kB
HardwareCorrupted:     0 kB
AnonHugePages:   1779712 kB
ShmemHugePages:        0 kB
ShmemPmdMapped:        0 kB
FileHugePages:         0 kB
FilePmdMapped:         0 kB
CmaTotal:              0 kB
CmaFree:               0 kB
Unaccepted:            0 kB
Balloon:               0 kB
HugePages_Total:       0
HugePages_Free:        0
HugePages_Rsvd:        0
HugePages_Surp:        0
Hugepagesize:       2048 kB
Hugetlb:               0 kB
DirectMap4k:      194432 kB
DirectMap2M:     6096896 kB
DirectMap1G:     4194304 kB
---SNAPSHOT---
2026-04-27 16:00:44
MemTotal:        8129240 kB
MemFree:         3517188 kB
MemAvailable:    3246776 kB
Buffers:            4876 kB
Cached:           311352 kB
SwapCached:        28804 kB
Active:          3333428 kB
Inactive:         609652 kB
Active(anon):    3228812 kB
Inactive(anon):   454020 kB
Active(file):     104616 kB
Inactive(file):   155632 kB
Unevictable:          16 kB
Mlocked:              16 kB
SwapTotal:       4194300 kB
SwapFree:        4165496 kB
Zswap:                 0 kB
Zswapped:              0 kB
Dirty:               516 kB
Writeback:             0 kB
AnonPages:       3598112 kB
Mapped:           264040 kB
Shmem:             55972 kB
KReclaimable:      54012 kB
Slab:             280876 kB
SReclaimable:      54012 kB
SUnreclaim:       226864 kB
KernelStack:       18284 kB
PageTables:        49136 kB
SecPageTables:         0 kB
NFS_Unstable:          0 kB
Bounce:                0 kB
WritebackTmp:          0 kB
CommitLimit:     8258920 kB
Committed_AS:   11355248 kB
VmallocTotal:   34359738367 kB
VmallocUsed:       46488 kB
VmallocChunk:          0 kB
Percpu:            13280 kB
HardwareCorrupted:     0 kB
AnonHugePages:   1830912 kB
ShmemHugePages:        0 kB
ShmemPmdMapped:        0 kB
FileHugePages:         0 kB
FilePmdMapped:         0 kB
CmaTotal:              0 kB
CmaFree:               0 kB
Unaccepted:            0 kB
Balloon:               0 kB
HugePages_Total:       0
HugePages_Free:        0
HugePages_Rsvd:        0
HugePages_Surp:        0
Hugepagesize:       2048 kB
Hugetlb:               0 kB
DirectMap4k:      194432 kB
DirectMap2M:     6096896 kB
DirectMap1G:     4194304 kB
---SNAPSHOT---
2026-04-27 16:00:45
MemTotal:        8129240 kB
MemFree:         3979448 kB
MemAvailable:    3709040 kB
Buffers:            4876 kB
Cached:           311356 kB
SwapCached:        28804 kB
Active:          2825772 kB
Inactive:         609660 kB
Active(anon):    2721156 kB
Inactive(anon):   454020 kB
Active(file):     104616 kB
Inactive(file):   155640 kB
Unevictable:          16 kB
Mlocked:              16 kB
SwapTotal:       4194300 kB
SwapFree:        4165496 kB
Zswap:                 0 kB
Zswapped:              0 kB
Dirty:               520 kB
Writeback:             0 kB
AnonPages:       3090160 kB
Mapped:           264040 kB
Shmem:             55972 kB
KReclaimable:      54012 kB
Slab:             280872 kB
SReclaimable:      54012 kB
SUnreclaim:       226860 kB
KernelStack:       18284 kB
PageTables:        48188 kB
SecPageTables:         0 kB
NFS_Unstable:          0 kB
Bounce:                0 kB
WritebackTmp:          0 kB
CommitLimit:     8258920 kB
Committed_AS:   11355116 kB
VmallocTotal:   34359738367 kB
VmallocUsed:       46504 kB
VmallocChunk:          0 kB
Percpu:            13280 kB
HardwareCorrupted:     0 kB
AnonHugePages:   1099776 kB
ShmemHugePages:        0 kB
ShmemPmdMapped:        0 kB
FileHugePages:         0 kB
FilePmdMapped:         0 kB
CmaTotal:              0 kB
CmaFree:               0 kB
Unaccepted:            0 kB
Balloon:               0 kB
HugePages_Total:       0
HugePages_Free:        0
HugePages_Rsvd:        0
HugePages_Surp:        0
Hugepagesize:       2048 kB
Hugetlb:               0 kB
DirectMap4k:      194432 kB
DirectMap2M:     6096896 kB
DirectMap1G:     4194304 kB
---SNAPSHOT---
2026-04-27 16:00:46
MemTotal:        8129240 kB
MemFree:         3274208 kB
MemAvailable:    3003804 kB
Buffers:            4884 kB
Cached:           311352 kB
SwapCached:        28804 kB
Active:          3577544 kB
Inactive:         609664 kB
Active(anon):    3472928 kB
Inactive(anon):   454020 kB
Active(file):     104616 kB
Inactive(file):   155644 kB
Unevictable:          16 kB
Mlocked:              16 kB
SwapTotal:       4194300 kB
SwapFree:        4165496 kB
Zswap:                 0 kB
Zswapped:              0 kB
Dirty:               524 kB
Writeback:             0 kB
AnonPages:       3842452 kB
Mapped:           264040 kB
Shmem:             55972 kB
KReclaimable:      54012 kB
Slab:             280876 kB
SReclaimable:      54012 kB
SUnreclaim:       226864 kB
KernelStack:       18284 kB
PageTables:        49800 kB
SecPageTables:         0 kB
NFS_Unstable:          0 kB
Bounce:                0 kB
WritebackTmp:          0 kB
CommitLimit:     8258920 kB
Committed_AS:   11355248 kB
VmallocTotal:   34359738367 kB
VmallocUsed:       46472 kB
VmallocChunk:          0 kB
Percpu:            13280 kB
HardwareCorrupted:     0 kB
AnonHugePages:   1628160 kB
ShmemHugePages:        0 kB
ShmemPmdMapped:        0 kB
FileHugePages:         0 kB
FilePmdMapped:         0 kB
CmaTotal:              0 kB
CmaFree:               0 kB
Unaccepted:            0 kB
Balloon:               0 kB
HugePages_Total:       0
HugePages_Free:        0
HugePages_Rsvd:        0
HugePages_Surp:        0
Hugepagesize:       2048 kB
Hugetlb:               0 kB
DirectMap4k:      194432 kB
DirectMap2M:     6096896 kB
DirectMap1G:     4194304 kB
---SNAPSHOT---
2026-04-27 16:00:48
MemTotal:        8129240 kB
MemFree:         4331500 kB
MemAvailable:    4061104 kB
Buffers:            4884 kB
Cached:           311368 kB
SwapCached:        28804 kB
Active:          2472248 kB
Inactive:         609680 kB
Active(anon):    2367632 kB
Inactive(anon):   454020 kB
Active(file):     104616 kB
Inactive(file):   155660 kB
Unevictable:          16 kB
Mlocked:              16 kB
SwapTotal:       4194300 kB
SwapFree:        4165496 kB
Zswap:                 0 kB
Zswapped:              0 kB
Dirty:               532 kB
Writeback:             0 kB
AnonPages:       2736776 kB
Mapped:           264040 kB
Shmem:             55972 kB
KReclaimable:      54012 kB
Slab:             280868 kB
SReclaimable:      54012 kB
SUnreclaim:       226856 kB
KernelStack:       18284 kB
PageTables:        47512 kB
SecPageTables:         0 kB
NFS_Unstable:          0 kB
Bounce:                0 kB
WritebackTmp:          0 kB
CommitLimit:     8258920 kB
Committed_AS:   11355248 kB
VmallocTotal:   34359738367 kB
VmallocUsed:       46488 kB
VmallocChunk:          0 kB
Percpu:            13280 kB
HardwareCorrupted:     0 kB
AnonHugePages:   1056768 kB
ShmemHugePages:        0 kB
ShmemPmdMapped:        0 kB
FileHugePages:         0 kB
FilePmdMapped:         0 kB
CmaTotal:              0 kB
CmaFree:               0 kB
Unaccepted:            0 kB
Balloon:               0 kB
HugePages_Total:       0
HugePages_Free:        0
HugePages_Rsvd:        0
HugePages_Surp:        0
Hugepagesize:       2048 kB
Hugetlb:               0 kB
DirectMap4k:      194432 kB
DirectMap2M:     6096896 kB
DirectMap1G:     4194304 kB
---SNAPSHOT---
2026-04-27 16:00:49
MemTotal:        8129240 kB
MemFree:         4014904 kB
MemAvailable:    3744508 kB
Buffers:            4884 kB
Cached:           311372 kB
SwapCached:        28804 kB
Active:          2853076 kB
Inactive:         609684 kB
Active(anon):    2748460 kB
Inactive(anon):   454020 kB
Active(file):     104616 kB
Inactive(file):   155664 kB
Unevictable:          16 kB
Mlocked:              16 kB
SwapTotal:       4194300 kB
SwapFree:        4165496 kB
Zswap:                 0 kB
Zswapped:              0 kB
Dirty:               536 kB
Writeback:             0 kB
AnonPages:       3117680 kB
Mapped:           264076 kB
Shmem:             55972 kB
KReclaimable:      54012 kB
Slab:             280860 kB
SReclaimable:      54012 kB
SUnreclaim:       226848 kB
KernelStack:       18236 kB
PageTables:        48860 kB
SecPageTables:         0 kB
NFS_Unstable:          0 kB
Bounce:                0 kB
WritebackTmp:          0 kB
CommitLimit:     8258920 kB
Committed_AS:   11355468 kB
VmallocTotal:   34359738367 kB
VmallocUsed:       46472 kB
VmallocChunk:          0 kB
Percpu:            13280 kB
HardwareCorrupted:     0 kB
AnonHugePages:   1437696 kB
ShmemHugePages:        0 kB
ShmemPmdMapped:        0 kB
FileHugePages:         0 kB
FilePmdMapped:         0 kB
CmaTotal:              0 kB
CmaFree:               0 kB
Unaccepted:            0 kB
Balloon:               0 kB
HugePages_Total:       0
HugePages_Free:        0
HugePages_Rsvd:        0
HugePages_Surp:        0
Hugepagesize:       2048 kB
Hugetlb:               0 kB
DirectMap4k:      194432 kB
DirectMap2M:     6096896 kB
DirectMap1G:     4194304 kB
---SNAPSHOT---
2026-04-27 16:00:50
MemTotal:        8129240 kB
MemFree:         3626320 kB
MemAvailable:    3355932 kB
Buffers:            4884 kB
Cached:           311384 kB
SwapCached:        28804 kB
Active:          3217596 kB
Inactive:         609696 kB
Active(anon):    3112980 kB
Inactive(anon):   454020 kB
Active(file):     104616 kB
Inactive(file):   155676 kB
Unevictable:          16 kB
Mlocked:              16 kB
SwapTotal:       4194300 kB
SwapFree:        4165496 kB
Zswap:                 0 kB
Zswapped:              0 kB
Dirty:               548 kB
Writeback:             0 kB
AnonPages:       3482252 kB
Mapped:           264040 kB
Shmem:             55972 kB
KReclaimable:      54012 kB
Slab:             280872 kB
SReclaimable:      54012 kB
SUnreclaim:       226860 kB
KernelStack:       18224 kB
PageTables:        49652 kB
SecPageTables:         0 kB
NFS_Unstable:          0 kB
Bounce:                0 kB
WritebackTmp:          0 kB
CommitLimit:     8258920 kB
Committed_AS:   11354640 kB
VmallocTotal:   34359738367 kB
VmallocUsed:       46440 kB
VmallocChunk:          0 kB
Percpu:            13280 kB
HardwareCorrupted:     0 kB
AnonHugePages:   1802240 kB
ShmemHugePages:        0 kB
ShmemPmdMapped:        0 kB
FileHugePages:         0 kB
FilePmdMapped:         0 kB
CmaTotal:              0 kB
CmaFree:               0 kB
Unaccepted:            0 kB
Balloon:               0 kB
HugePages_Total:       0
HugePages_Free:        0
HugePages_Rsvd:        0
HugePages_Surp:        0
Hugepagesize:       2048 kB
Hugetlb:               0 kB
DirectMap4k:      194432 kB
DirectMap2M:     6096896 kB
DirectMap1G:     4194304 kB
---SNAPSHOT---
2026-04-27 16:00:51
MemTotal:        8129240 kB
MemFree:         4034896 kB
MemAvailable:    3764508 kB
Buffers:            4884 kB
Cached:           311388 kB
SwapCached:       485832 kB
Active:          2284960 kB
Inactive:        1061104 kB
Active(anon):    2180344 kB
Inactive(anon):   905424 kB
Active(file):     104616 kB
Inactive(file):   155680 kB
Unevictable:          16 kB
Mlocked:              16 kB
SwapTotal:       4194300 kB
SwapFree:        3708452 kB
Zswap:                 0 kB
Zswapped:              0 kB
Dirty:               552 kB
Writeback:          5376 kB
AnonPages:       2546372 kB
Mapped:           263960 kB
Shmem:             55972 kB
KReclaimable:      54012 kB
Slab:             281592 kB
SReclaimable:      54012 kB
SUnreclaim:       227580 kB
KernelStack:       18192 kB
PageTables:        49096 kB
SecPageTables:         0 kB
NFS_Unstable:          0 kB
Bounce:                0 kB
WritebackTmp:          0 kB
CommitLimit:     8258920 kB
Committed_AS:   11355468 kB
VmallocTotal:   34359738367 kB
VmallocUsed:       46440 kB
VmallocChunk:          0 kB
Percpu:            13280 kB
HardwareCorrupted:     0 kB
AnonHugePages:    690176 kB
ShmemHugePages:        0 kB
ShmemPmdMapped:        0 kB
FileHugePages:         0 kB
FilePmdMapped:         0 kB
CmaTotal:              0 kB
CmaFree:               0 kB
Unaccepted:            0 kB
Balloon:               0 kB
HugePages_Total:       0
HugePages_Free:        0
HugePages_Rsvd:        0
HugePages_Surp:        0
Hugepagesize:       2048 kB
Hugetlb:               0 kB
DirectMap4k:      194432 kB
DirectMap2M:     6096896 kB
DirectMap1G:     4194304 kB
---SNAPSHOT---
2026-04-27 16:00:52
MemTotal:        8129240 kB
MemFree:         3197552 kB
MemAvailable:    2927168 kB
Buffers:            4892 kB
Cached:           311384 kB
SwapCached:       619144 kB
Active:          3021164 kB
Inactive:        1185076 kB
Active(anon):    2916548 kB
Inactive(anon):  1029392 kB
Active(file):     104616 kB
Inactive(file):   155684 kB
Unevictable:          16 kB
Mlocked:              16 kB
SwapTotal:       4194300 kB
SwapFree:        3575156 kB
Zswap:                 0 kB
Zswapped:              0 kB
Dirty:               556 kB
Writeback:         14960 kB
AnonPages:       3273032 kB
Mapped:           264140 kB
Shmem:             55972 kB
KReclaimable:      54012 kB
Slab:             281972 kB
SReclaimable:      54012 kB
SUnreclaim:       227960 kB
KernelStack:       18224 kB
PageTables:        49356 kB
SecPageTables:         0 kB
NFS_Unstable:          0 kB
Bounce:                0 kB
WritebackTmp:          0 kB
CommitLimit:     8258920 kB
Committed_AS:   11354636 kB
VmallocTotal:   34359738367 kB
VmallocUsed:       46408 kB
VmallocChunk:          0 kB
Percpu:            13280 kB
HardwareCorrupted:     0 kB
AnonHugePages:    956416 kB
ShmemHugePages:        0 kB
ShmemPmdMapped:        0 kB
FileHugePages:         0 kB
FilePmdMapped:         0 kB
CmaTotal:              0 kB
CmaFree:               0 kB
Unaccepted:            0 kB
Balloon:               0 kB
HugePages_Total:       0
HugePages_Free:        0
HugePages_Rsvd:        0
HugePages_Surp:        0
Hugepagesize:       2048 kB
Hugetlb:               0 kB
DirectMap4k:      194432 kB
DirectMap2M:     6096896 kB
DirectMap1G:     4194304 kB
---SNAPSHOT---
2026-04-27 16:00:54
MemTotal:        8129240 kB
MemFree:         4204388 kB
MemAvailable:    3934008 kB
Buffers:            4892 kB
Cached:           311400 kB
SwapCached:        28804 kB
Active:          2621528 kB
Inactive:         609716 kB
Active(anon):    2516912 kB
Inactive(anon):   454020 kB
Active(file):     104616 kB
Inactive(file):   155696 kB
Unevictable:          16 kB
Mlocked:              16 kB
SwapTotal:       4194300 kB
SwapFree:        4165496 kB
Zswap:                 0 kB
Zswapped:              0 kB
Dirty:               564 kB
Writeback:             0 kB
AnonPages:       2886248 kB
Mapped:           264040 kB
Shmem:             55972 kB
KReclaimable:      54012 kB
Slab:             280876 kB
SReclaimable:      54012 kB
SUnreclaim:       226864 kB
KernelStack:       18224 kB
PageTables:        47904 kB
SecPageTables:         0 kB
NFS_Unstable:          0 kB
Bounce:                0 kB
WritebackTmp:          0 kB
CommitLimit:     8258920 kB
Committed_AS:   11354864 kB
VmallocTotal:   34359738367 kB
VmallocUsed:       46424 kB
VmallocChunk:          0 kB
Percpu:            13280 kB
HardwareCorrupted:     0 kB
AnonHugePages:   1206272 kB
ShmemHugePages:        0 kB
ShmemPmdMapped:        0 kB
FileHugePages:         0 kB
FilePmdMapped:         0 kB
CmaTotal:              0 kB
CmaFree:               0 kB
Unaccepted:            0 kB
Balloon:               0 kB
HugePages_Total:       0
HugePages_Free:        0
HugePages_Rsvd:        0
HugePages_Surp:        0
Hugepagesize:       2048 kB
Hugetlb:               0 kB
DirectMap4k:      194432 kB
DirectMap2M:     6096896 kB
DirectMap1G:     4194304 kB
---SNAPSHOT---
2026-04-27 16:00:55
MemTotal:        8129240 kB
MemFree:         3776380 kB
MemAvailable:    3506000 kB
Buffers:            4892 kB
Cached:           311400 kB
SwapCached:        28804 kB
Active:          3021068 kB
Inactive:         609716 kB
Active(anon):    2916452 kB
Inactive(anon):   454020 kB
Active(file):     104616 kB
Inactive(file):   155696 kB
Unevictable:          16 kB
Mlocked:              16 kB
SwapTotal:       4194300 kB
SwapFree:        4165496 kB
Zswap:                 0 kB
Zswapped:              0 kB
Dirty:               564 kB
Writeback:             0 kB
AnonPages:       3285680 kB
Mapped:           263976 kB
Shmem:             55972 kB
KReclaimable:      54012 kB
Slab:             280876 kB
SReclaimable:      54012 kB
SUnreclaim:       226864 kB
KernelStack:       18208 kB
PageTables:        48924 kB
SecPageTables:         0 kB
NFS_Unstable:          0 kB
Bounce:                0 kB
WritebackTmp:          0 kB
CommitLimit:     8258920 kB
Committed_AS:   11354864 kB
VmallocTotal:   34359738367 kB
VmallocUsed:       46440 kB
VmallocChunk:          0 kB
Percpu:            13280 kB
HardwareCorrupted:     0 kB
AnonHugePages:   1605632 kB
ShmemHugePages:        0 kB
ShmemPmdMapped:        0 kB
FileHugePages:         0 kB
FilePmdMapped:         0 kB
CmaTotal:              0 kB
CmaFree:               0 kB
Unaccepted:            0 kB
Balloon:               0 kB
HugePages_Total:       0
HugePages_Free:        0
HugePages_Rsvd:        0
HugePages_Surp:        0
Hugepagesize:       2048 kB
Hugetlb:               0 kB
DirectMap4k:      194432 kB
DirectMap2M:     6096896 kB
DirectMap1G:     4194304 kB
---SNAPSHOT---
2026-04-27 16:00:56
MemTotal:        8129240 kB
MemFree:         4705560 kB
MemAvailable:    4435188 kB
Buffers:            5036 kB
Cached:           311268 kB
SwapCached:        28804 kB
Active:          2037448 kB
Inactive:         609728 kB
Active(anon):    1932832 kB
Inactive(anon):   454020 kB
Active(file):     104616 kB
Inactive(file):   155708 kB
Unevictable:          16 kB
Mlocked:              16 kB
SwapTotal:       4194300 kB
SwapFree:        4165496 kB
Zswap:                 0 kB
Zswapped:              0 kB
Dirty:               576 kB
Writeback:             0 kB
AnonPages:       2302180 kB
Mapped:           264040 kB
Shmem:             55972 kB
KReclaimable:      54012 kB
Slab:             280868 kB
SReclaimable:      54012 kB
SUnreclaim:       226856 kB
KernelStack:       18224 kB
PageTables:        47800 kB
SecPageTables:         0 kB
NFS_Unstable:          0 kB
Bounce:                0 kB
WritebackTmp:          0 kB
CommitLimit:     8258920 kB
Committed_AS:   11354724 kB
VmallocTotal:   34359738367 kB
VmallocUsed:       46456 kB
VmallocChunk:          0 kB
Percpu:            13280 kB
HardwareCorrupted:     0 kB
AnonHugePages:    548864 kB
ShmemHugePages:        0 kB
ShmemPmdMapped:        0 kB
FileHugePages:         0 kB
FilePmdMapped:         0 kB
CmaTotal:              0 kB
CmaFree:               0 kB
Unaccepted:            0 kB
Balloon:               0 kB
HugePages_Total:       0
HugePages_Free:        0
HugePages_Rsvd:        0
HugePages_Surp:        0
Hugepagesize:       2048 kB
Hugetlb:               0 kB
DirectMap4k:      194432 kB
DirectMap2M:     6096896 kB
DirectMap1G:     4194304 kB
---SNAPSHOT---
2026-04-27 16:00:57
MemTotal:        8129240 kB
MemFree:         3759608 kB
MemAvailable:    3489312 kB
Buffers:            5044 kB
Cached:           311408 kB
SwapCached:        28804 kB
Active:          3027216 kB
Inactive:         609880 kB
Active(anon):    2922600 kB
Inactive(anon):   454020 kB
Active(file):     104616 kB
Inactive(file):   155860 kB
Unevictable:          16 kB
Mlocked:              16 kB
SwapTotal:       4194300 kB
SwapFree:        4165496 kB
Zswap:                 0 kB
Zswapped:              0 kB
Dirty:               580 kB
Writeback:             0 kB
AnonPages:       3292080 kB
Mapped:           264056 kB
Shmem:             55972 kB
KReclaimable:      54012 kB
Slab:             280864 kB
SReclaimable:      54012 kB
SUnreclaim:       226852 kB
KernelStack:       18228 kB
PageTables:        49688 kB
SecPageTables:         0 kB
NFS_Unstable:          0 kB
Bounce:                0 kB
WritebackTmp:          0 kB
CommitLimit:     8258920 kB
Committed_AS:   11354800 kB
VmallocTotal:   34359738367 kB
VmallocUsed:       46456 kB
VmallocChunk:          0 kB
Percpu:            13280 kB
HardwareCorrupted:     0 kB
AnonHugePages:   1312768 kB
ShmemHugePages:        0 kB
ShmemPmdMapped:        0 kB
FileHugePages:         0 kB
FilePmdMapped:         0 kB
CmaTotal:              0 kB
CmaFree:               0 kB
Unaccepted:            0 kB
Balloon:               0 kB
HugePages_Total:       0
HugePages_Free:        0
HugePages_Rsvd:        0
HugePages_Surp:        0
Hugepagesize:       2048 kB
Hugetlb:               0 kB
DirectMap4k:      194432 kB
DirectMap2M:     6096896 kB
DirectMap1G:     4194304 kB
---SNAPSHOT---
2026-04-27 16:00:58
MemTotal:        8129240 kB
MemFree:         3473844 kB
MemAvailable:    3203552 kB
Buffers:            5044 kB
Cached:           311420 kB
SwapCached:        28804 kB
Active:          3321584 kB
Inactive:         609892 kB
Active(anon):    3216968 kB
Inactive(anon):   454020 kB
Active(file):     104616 kB
Inactive(file):   155872 kB
Unevictable:          16 kB
Mlocked:              16 kB
SwapTotal:       4194300 kB
SwapFree:        4165496 kB
Zswap:                 0 kB
Zswapped:              0 kB
Dirty:               376 kB
Writeback:             0 kB
AnonPages:       3586260 kB
Mapped:           264040 kB
Shmem:             55972 kB
KReclaimable:      54012 kB
Slab:             280848 kB
SReclaimable:      54012 kB
SUnreclaim:       226836 kB
KernelStack:       18224 kB
PageTables:        49272 kB
SecPageTables:         0 kB
NFS_Unstable:          0 kB
Bounce:                0 kB
WritebackTmp:          0 kB
CommitLimit:     8258920 kB
Committed_AS:   11355388 kB
VmallocTotal:   34359738367 kB
VmallocUsed:       46440 kB
VmallocChunk:          0 kB
Percpu:            13280 kB
HardwareCorrupted:     0 kB
AnonHugePages:   1406976 kB
ShmemHugePages:        0 kB
ShmemPmdMapped:        0 kB
FileHugePages:         0 kB
FilePmdMapped:         0 kB
CmaTotal:              0 kB
CmaFree:               0 kB
Unaccepted:            0 kB
Balloon:               0 kB
HugePages_Total:       0
HugePages_Free:        0
HugePages_Rsvd:        0
HugePages_Surp:        0
Hugepagesize:       2048 kB
Hugetlb:               0 kB
DirectMap4k:      194432 kB
DirectMap2M:     6096896 kB
DirectMap1G:     4194304 kB
---SNAPSHOT---
2026-04-27 16:00:59
MemTotal:        8129240 kB
MemFree:         3989620 kB
MemAvailable:    3719332 kB
Buffers:            5044 kB
Cached:           311428 kB
SwapCached:        28804 kB
Active:          2739704 kB
Inactive:         609900 kB
Active(anon):    2635088 kB
Inactive(anon):   454020 kB
Active(file):     104616 kB
Inactive(file):   155880 kB
Unevictable:          16 kB
Mlocked:              16 kB
SwapTotal:       4194300 kB
SwapFree:        4165496 kB
Zswap:                 0 kB
Zswapped:              0 kB
Dirty:               188 kB
Writeback:             0 kB
AnonPages:       3004788 kB
Mapped:           264040 kB
Shmem:             55972 kB
KReclaimable:      54012 kB
Slab:             280856 kB
SReclaimable:      54012 kB
SUnreclaim:       226844 kB
KernelStack:       18224 kB
PageTables:        47932 kB
SecPageTables:         0 kB
NFS_Unstable:          0 kB
Bounce:                0 kB
WritebackTmp:          0 kB
CommitLimit:     8258920 kB
Committed_AS:   11355224 kB
VmallocTotal:   34359738367 kB
VmallocUsed:       46440 kB
VmallocChunk:          0 kB
Percpu:            13280 kB
HardwareCorrupted:     0 kB
AnonHugePages:   1196032 kB
ShmemHugePages:        0 kB
ShmemPmdMapped:        0 kB
FileHugePages:         0 kB
FilePmdMapped:         0 kB
CmaTotal:              0 kB
CmaFree:               0 kB
Unaccepted:            0 kB
Balloon:               0 kB
HugePages_Total:       0
HugePages_Free:        0
HugePages_Rsvd:        0
HugePages_Surp:        0
Hugepagesize:       2048 kB
Hugetlb:               0 kB
DirectMap4k:      194432 kB
DirectMap2M:     6096896 kB
DirectMap1G:     4194304 kB
---SNAPSHOT---
2026-04-27 16:01:00
MemTotal:        8129240 kB
MemFree:         3320240 kB
MemAvailable:    3049956 kB
Buffers:            5044 kB
Cached:           311432 kB
SwapCached:        28804 kB
Active:          3441560 kB
Inactive:         609904 kB
Active(anon):    3336944 kB
Inactive(anon):   454020 kB
Active(file):     104616 kB
Inactive(file):   155884 kB
Unevictable:          16 kB
Mlocked:              16 kB
SwapTotal:       4194300 kB
SwapFree:        4165496 kB
Zswap:                 0 kB
Zswapped:              0 kB
Dirty:               192 kB
Writeback:             0 kB
AnonPages:       3706424 kB
Mapped:           264040 kB
Shmem:             55972 kB
KReclaimable:      54012 kB
Slab:             280856 kB
SReclaimable:      54012 kB
SUnreclaim:       226844 kB
KernelStack:       18224 kB
PageTables:        49404 kB
SecPageTables:         0 kB
NFS_Unstable:          0 kB
Bounce:                0 kB
WritebackTmp:          0 kB
CommitLimit:     8258920 kB
Committed_AS:   11355024 kB
VmallocTotal:   34359738367 kB
VmallocUsed:       46408 kB
VmallocChunk:          0 kB
Percpu:            13280 kB
HardwareCorrupted:     0 kB
AnonHugePages:   1683456 kB
ShmemHugePages:        0 kB
ShmemPmdMapped:        0 kB
FileHugePages:         0 kB
FilePmdMapped:         0 kB
CmaTotal:              0 kB
CmaFree:               0 kB
Unaccepted:            0 kB
Balloon:               0 kB
HugePages_Total:       0
HugePages_Free:        0
HugePages_Rsvd:        0
HugePages_Surp:        0
Hugepagesize:       2048 kB
Hugetlb:               0 kB
DirectMap4k:      194432 kB
DirectMap2M:     6096896 kB
DirectMap1G:     4194304 kB
---SNAPSHOT---
2026-04-27 16:01:01
MemTotal:        8129240 kB
MemFree:         3808276 kB
MemAvailable:    3537996 kB
Buffers:            5044 kB
Cached:           311440 kB
SwapCached:        28804 kB
Active:          2927808 kB
Inactive:         609912 kB
Active(anon):    2823192 kB
Inactive(anon):   454020 kB
Active(file):     104616 kB
Inactive(file):   155892 kB
Unevictable:          16 kB
Mlocked:              16 kB
SwapTotal:       4194300 kB
SwapFree:        4165496 kB
Zswap:                 0 kB
Zswapped:              0 kB
Dirty:               200 kB
Writeback:             0 kB
AnonPages:       3192684 kB
Mapped:           264268 kB
Shmem:             55972 kB
KReclaimable:      54012 kB
Slab:             280856 kB
SReclaimable:      54012 kB
SUnreclaim:       226844 kB
KernelStack:       18224 kB
PageTables:        48732 kB
SecPageTables:         0 kB
NFS_Unstable:          0 kB
Bounce:                0 kB
WritebackTmp:          0 kB
CommitLimit:     8258920 kB
Committed_AS:   11355296 kB
VmallocTotal:   34359738367 kB
VmallocUsed:       46440 kB
VmallocChunk:          0 kB
Percpu:            13280 kB
HardwareCorrupted:     0 kB
AnonHugePages:    923648 kB
ShmemHugePages:        0 kB
ShmemPmdMapped:        0 kB
FileHugePages:         0 kB
FilePmdMapped:         0 kB
CmaTotal:              0 kB
CmaFree:               0 kB
Unaccepted:            0 kB
Balloon:               0 kB
HugePages_Total:       0
HugePages_Free:        0
HugePages_Rsvd:        0
HugePages_Surp:        0
Hugepagesize:       2048 kB
Hugetlb:               0 kB
DirectMap4k:      194432 kB
DirectMap2M:     6096896 kB
DirectMap1G:     4194304 kB
---SNAPSHOT---
2026-04-27 16:01:02
MemTotal:        8129240 kB
MemFree:         3625328 kB
MemAvailable:    3355184 kB
Buffers:            5324 kB
Cached:           311440 kB
SwapCached:       422876 kB
Active:          2711132 kB
Inactive:        1002532 kB
Active(anon):    2606516 kB
Inactive(anon):   846368 kB
Active(file):     104616 kB
Inactive(file):   156164 kB
Unevictable:          16 kB
Mlocked:              16 kB
SwapTotal:       4194300 kB
SwapFree:        3771396 kB
Zswap:                 0 kB
Zswapped:              0 kB
Dirty:               200 kB
Writeback:          1012 kB
AnonPages:       2976292 kB
Mapped:           264260 kB
Shmem:             55972 kB
KReclaimable:      54012 kB
Slab:             280892 kB
SReclaimable:      54012 kB
SUnreclaim:       226880 kB
KernelStack:       18252 kB
PageTables:        49212 kB
SecPageTables:         0 kB
NFS_Unstable:          0 kB
Bounce:                0 kB
WritebackTmp:          0 kB
CommitLimit:     8258920 kB
Committed_AS:   11354892 kB
VmallocTotal:   34359738367 kB
VmallocUsed:       46456 kB
VmallocChunk:          0 kB
Percpu:            13280 kB
HardwareCorrupted:     0 kB
AnonHugePages:    800768 kB
ShmemHugePages:        0 kB
ShmemPmdMapped:        0 kB
FileHugePages:         0 kB
FilePmdMapped:         0 kB
CmaTotal:              0 kB
CmaFree:               0 kB
Unaccepted:            0 kB
Balloon:               0 kB
HugePages_Total:       0
HugePages_Free:        0
HugePages_Rsvd:        0
HugePages_Surp:        0
Hugepagesize:       2048 kB
Hugetlb:               0 kB
DirectMap4k:      194432 kB
DirectMap2M:     6096896 kB
DirectMap1G:     4194304 kB
---SNAPSHOT---
2026-04-27 16:01:03
MemTotal:        8129240 kB
MemFree:         4122492 kB
MemAvailable:    3852356 kB
Buffers:            5332 kB
Cached:           311444 kB
SwapCached:        28964 kB
Active:          2643376 kB
Inactive:         610252 kB
Active(anon):    2538760 kB
Inactive(anon):   454068 kB
Active(file):     104616 kB
Inactive(file):   156184 kB
Unevictable:          16 kB
Mlocked:              16 kB
SwapTotal:       4194300 kB
SwapFree:        4165496 kB
Zswap:                 0 kB
Zswapped:              0 kB
Dirty:               228 kB
Writeback:             0 kB
AnonPages:       2908032 kB
Mapped:           264268 kB
Shmem:             55972 kB
KReclaimable:      54012 kB
Slab:             280844 kB
SReclaimable:      54012 kB
SUnreclaim:       226832 kB
KernelStack:       18284 kB
PageTables:        49236 kB
SecPageTables:         0 kB
NFS_Unstable:          0 kB
Bounce:                0 kB
WritebackTmp:          0 kB
CommitLimit:     8258920 kB
Committed_AS:   11355032 kB
VmallocTotal:   34359738367 kB
VmallocUsed:       46456 kB
VmallocChunk:          0 kB
Percpu:            13280 kB
HardwareCorrupted:     0 kB
AnonHugePages:    757760 kB
ShmemHugePages:        0 kB
ShmemPmdMapped:        0 kB
FileHugePages:         0 kB
FilePmdMapped:         0 kB
CmaTotal:              0 kB
CmaFree:               0 kB
Unaccepted:            0 kB
Balloon:               0 kB
HugePages_Total:       0
HugePages_Free:        0
HugePages_Rsvd:        0
HugePages_Surp:        0
Hugepagesize:       2048 kB
Hugetlb:               0 kB
DirectMap4k:      194432 kB
DirectMap2M:     6096896 kB
DirectMap1G:     4194304 kB
---SNAPSHOT---
2026-04-27 16:01:04
MemTotal:        8129240 kB
MemFree:         4445232 kB
MemAvailable:    4175108 kB
Buffers:            5332 kB
Cached:           311468 kB
SwapCached:        28804 kB
Active:          2295576 kB
Inactive:         610228 kB
Active(anon):    2190960 kB
Inactive(anon):   454020 kB
Active(file):     104616 kB
Inactive(file):   156208 kB
Unevictable:          16 kB
Mlocked:              16 kB
SwapTotal:       4194300 kB
SwapFree:        4165496 kB
Zswap:                 0 kB
Zswapped:              0 kB
Dirty:                40 kB
Writeback:             0 kB
AnonPages:       2560160 kB
Mapped:           264040 kB
Shmem:             55972 kB
KReclaimable:      54012 kB
Slab:             280840 kB
SReclaimable:      54012 kB
SUnreclaim:       226828 kB
KernelStack:       18284 kB
PageTables:        48272 kB
SecPageTables:         0 kB
NFS_Unstable:          0 kB
Bounce:                0 kB
WritebackTmp:          0 kB
CommitLimit:     8258920 kB
Committed_AS:   11355360 kB
VmallocTotal:   34359738367 kB
VmallocUsed:       46456 kB
VmallocChunk:          0 kB
Percpu:            13280 kB
HardwareCorrupted:     0 kB
AnonHugePages:    884736 kB
ShmemHugePages:        0 kB
ShmemPmdMapped:        0 kB
FileHugePages:         0 kB
FilePmdMapped:         0 kB
CmaTotal:              0 kB
CmaFree:               0 kB
Unaccepted:            0 kB
Balloon:               0 kB
HugePages_Total:       0
HugePages_Free:        0
HugePages_Rsvd:        0
HugePages_Surp:        0
Hugepagesize:       2048 kB
Hugetlb:               0 kB
DirectMap4k:      194432 kB
DirectMap2M:     6096896 kB
DirectMap1G:     4194304 kB
---SNAPSHOT---
2026-04-27 16:01:05
MemTotal:        8129240 kB
MemFree:         3494984 kB
MemAvailable:    3224860 kB
Buffers:            5332 kB
Cached:           311468 kB
SwapCached:        28804 kB
Active:          3293092 kB
Inactive:         610228 kB
Active(anon):    3188476 kB
Inactive(anon):   454020 kB
Active(file):     104616 kB
Inactive(file):   156208 kB
Unevictable:          16 kB
Mlocked:              16 kB
SwapTotal:       4194300 kB
SwapFree:        4165496 kB
Zswap:                 0 kB
Zswapped:              0 kB
Dirty:                40 kB
Writeback:             0 kB
AnonPages:       3557768 kB
Mapped:           264040 kB
Shmem:             55972 kB
KReclaimable:      54012 kB
Slab:             280840 kB
SReclaimable:      54012 kB
SUnreclaim:       226828 kB
KernelStack:       18236 kB
PageTables:        49924 kB
SecPageTables:         0 kB
NFS_Unstable:          0 kB
Bounce:                0 kB
WritebackTmp:          0 kB
CommitLimit:     8258920 kB
Committed_AS:   11355252 kB
VmallocTotal:   34359738367 kB
VmallocUsed:       46440 kB
VmallocChunk:          0 kB
Percpu:            13280 kB
HardwareCorrupted:     0 kB
AnonHugePages:   1882112 kB
ShmemHugePages:        0 kB
ShmemPmdMapped:        0 kB
FileHugePages:         0 kB
FilePmdMapped:         0 kB
CmaTotal:              0 kB
CmaFree:               0 kB
Unaccepted:            0 kB
Balloon:               0 kB
HugePages_Total:       0
HugePages_Free:        0
HugePages_Rsvd:        0
HugePages_Surp:        0
Hugepagesize:       2048 kB
Hugetlb:               0 kB
DirectMap4k:      194432 kB
DirectMap2M:     6096896 kB
DirectMap1G:     4194304 kB
---SNAPSHOT---
2026-04-27 16:01:06
MemTotal:        8129240 kB
MemFree:         3764888 kB
MemAvailable:    3494768 kB
Buffers:            5332 kB
Cached:           311480 kB
SwapCached:        28804 kB
Active:          2973876 kB
Inactive:         610236 kB
Active(anon):    2869260 kB
Inactive(anon):   454020 kB
Active(file):     104616 kB
Inactive(file):   156216 kB
Unevictable:          16 kB
Mlocked:              16 kB
SwapTotal:       4194300 kB
SwapFree:        4165496 kB
Zswap:                 0 kB
Zswapped:              0 kB
Dirty:                52 kB
Writeback:             0 kB
AnonPages:       3238560 kB
Mapped:           264040 kB
Shmem:             55972 kB
KReclaimable:      54012 kB
Slab:             280840 kB
SReclaimable:      54012 kB
SUnreclaim:       226828 kB
KernelStack:       18224 kB
PageTables:        48764 kB
SecPageTables:         0 kB
NFS_Unstable:          0 kB
Bounce:                0 kB
WritebackTmp:          0 kB
CommitLimit:     8258920 kB
Committed_AS:   11355252 kB
VmallocTotal:   34359738367 kB
VmallocUsed:       46440 kB
VmallocChunk:          0 kB
Percpu:            13280 kB
HardwareCorrupted:     0 kB
AnonHugePages:   1456128 kB
ShmemHugePages:        0 kB
ShmemPmdMapped:        0 kB
FileHugePages:         0 kB
FilePmdMapped:         0 kB
CmaTotal:              0 kB
CmaFree:               0 kB
Unaccepted:            0 kB
Balloon:               0 kB
HugePages_Total:       0
HugePages_Free:        0
HugePages_Rsvd:        0
HugePages_Surp:        0
Hugepagesize:       2048 kB
Hugetlb:               0 kB
DirectMap4k:      194432 kB
DirectMap2M:     6096896 kB
DirectMap1G:     4194304 kB
---SNAPSHOT---
2026-04-27 16:01:07
MemTotal:        8129240 kB
MemFree:         3637672 kB
MemAvailable:    3367556 kB
Buffers:            5340 kB
Cached:           311476 kB
SwapCached:       524772 kB
Active:          2646616 kB
Inactive:        1105132 kB
Active(anon):    2542000 kB
Inactive(anon):   948908 kB
Active(file):     104616 kB
Inactive(file):   156224 kB
Unevictable:          16 kB
Mlocked:              16 kB
SwapTotal:       4194300 kB
SwapFree:        3669440 kB
Zswap:                 0 kB
Zswapped:              0 kB
Dirty:                56 kB
Writeback:           832 kB
AnonPages:       2912332 kB
Mapped:           264040 kB
Shmem:             55972 kB
KReclaimable:      54012 kB
Slab:             281080 kB
SReclaimable:      54012 kB
SUnreclaim:       227068 kB
KernelStack:       18224 kB
PageTables:        50352 kB
SecPageTables:         0 kB
NFS_Unstable:          0 kB
Bounce:                0 kB
WritebackTmp:          0 kB
CommitLimit:     8258920 kB
Committed_AS:   11354900 kB
VmallocTotal:   34359738367 kB
VmallocUsed:       46392 kB
VmallocChunk:          0 kB
Percpu:            13280 kB
HardwareCorrupted:     0 kB
AnonHugePages:    905216 kB
ShmemHugePages:        0 kB
ShmemPmdMapped:        0 kB
FileHugePages:         0 kB
FilePmdMapped:         0 kB
CmaTotal:              0 kB
CmaFree:               0 kB
Unaccepted:            0 kB
Balloon:               0 kB
HugePages_Total:       0
HugePages_Free:        0
HugePages_Rsvd:        0
HugePages_Surp:        0
Hugepagesize:       2048 kB
Hugetlb:               0 kB
DirectMap4k:      194432 kB
DirectMap2M:     6096896 kB
DirectMap1G:     4194304 kB
---SNAPSHOT---
2026-04-27 16:01:08
MemTotal:        8129240 kB
MemFree:         3976824 kB
MemAvailable:    3706716 kB
Buffers:            5340 kB
Cached:           311488 kB
SwapCached:        28920 kB
Active:          2775508 kB
Inactive:         610372 kB
Active(anon):    2670892 kB
Inactive(anon):   454136 kB
Active(file):     104616 kB
Inactive(file):   156236 kB
Unevictable:          16 kB
Mlocked:              16 kB
SwapTotal:       4194300 kB
SwapFree:        4165496 kB
Zswap:                 0 kB
Zswapped:              0 kB
Dirty:                80 kB
Writeback:             0 kB
AnonPages:       3040160 kB
Mapped:           264040 kB
Shmem:             55972 kB
KReclaimable:      54012 kB
Slab:             280832 kB
SReclaimable:      54012 kB
SUnreclaim:       226820 kB
KernelStack:       18224 kB
PageTables:        48816 kB
SecPageTables:         0 kB
NFS_Unstable:          0 kB
Bounce:                0 kB
WritebackTmp:          0 kB
CommitLimit:     8258920 kB
Committed_AS:   11355472 kB
VmallocTotal:   34359738367 kB
VmallocUsed:       46376 kB
VmallocChunk:          0 kB
Percpu:            13280 kB
HardwareCorrupted:     0 kB
AnonHugePages:    800768 kB
ShmemHugePages:        0 kB
ShmemPmdMapped:        0 kB
FileHugePages:         0 kB
FilePmdMapped:         0 kB
CmaTotal:              0 kB
CmaFree:               0 kB
Unaccepted:            0 kB
Balloon:               0 kB
HugePages_Total:       0
HugePages_Free:        0
HugePages_Rsvd:        0
HugePages_Surp:        0
Hugepagesize:       2048 kB
Hugetlb:               0 kB
DirectMap4k:      194432 kB
DirectMap2M:     6096896 kB
DirectMap1G:     4194304 kB
---SNAPSHOT---
2026-04-27 16:01:09
MemTotal:        8129240 kB
MemFree:         4236904 kB
MemAvailable:    3966800 kB
Buffers:            5472 kB
Cached:           311364 kB
SwapCached:        28804 kB
Active:          2516732 kB
Inactive:         610264 kB
Active(anon):    2412116 kB
Inactive(anon):   454020 kB
Active(file):     104616 kB
Inactive(file):   156244 kB
Unevictable:          16 kB
Mlocked:              16 kB
SwapTotal:       4194300 kB
SwapFree:        4165496 kB
Zswap:                 0 kB
Zswapped:              0 kB
Dirty:                84 kB
Writeback:             0 kB
AnonPages:       2781628 kB
Mapped:           264040 kB
Shmem:             55972 kB
KReclaimable:      54012 kB
Slab:             280828 kB
SReclaimable:      54012 kB
SUnreclaim:       226816 kB
KernelStack:       18224 kB
PageTables:        48224 kB
SecPageTables:         0 kB
NFS_Unstable:          0 kB
Bounce:                0 kB
WritebackTmp:          0 kB
CommitLimit:     8258920 kB
Committed_AS:   11354840 kB
VmallocTotal:   34359738367 kB
VmallocUsed:       46360 kB
VmallocChunk:          0 kB
Percpu:            13280 kB
HardwareCorrupted:     0 kB
AnonHugePages:   1105920 kB
ShmemHugePages:        0 kB
ShmemPmdMapped:        0 kB
FileHugePages:         0 kB
FilePmdMapped:         0 kB
CmaTotal:              0 kB
CmaFree:               0 kB
Unaccepted:            0 kB
Balloon:               0 kB
HugePages_Total:       0
HugePages_Free:        0
HugePages_Rsvd:        0
HugePages_Surp:        0
Hugepagesize:       2048 kB
Hugetlb:               0 kB
DirectMap4k:      194432 kB
DirectMap2M:     6096896 kB
DirectMap1G:     4194304 kB
---SNAPSHOT---
2026-04-27 16:01:10
MemTotal:        8129240 kB
MemFree:         3836536 kB
MemAvailable:    3566500 kB
Buffers:            5472 kB
Cached:           311500 kB
SwapCached:        28804 kB
Active:          2934644 kB
Inactive:         610400 kB
Active(anon):    2830028 kB
Inactive(anon):   454020 kB
Active(file):     104616 kB
Inactive(file):   156380 kB
Unevictable:          16 kB
Mlocked:              16 kB
SwapTotal:       4194300 kB
SwapFree:        4165496 kB
Zswap:                 0 kB
Zswapped:              0 kB
Dirty:                88 kB
Writeback:             0 kB
AnonPages:       3199432 kB
Mapped:           264040 kB
Shmem:             55972 kB
KReclaimable:      54012 kB
Slab:             280828 kB
SReclaimable:      54012 kB
SUnreclaim:       226816 kB
KernelStack:       18224 kB
PageTables:        49620 kB
SecPageTables:         0 kB
NFS_Unstable:          0 kB
Bounce:                0 kB
WritebackTmp:          0 kB
CommitLimit:     8258920 kB
Committed_AS:   11354868 kB
VmallocTotal:   34359738367 kB
VmallocUsed:       46360 kB
VmallocChunk:          0 kB
Percpu:            13280 kB
HardwareCorrupted:     0 kB
AnonHugePages:   1523712 kB
ShmemHugePages:        0 kB
ShmemPmdMapped:        0 kB
FileHugePages:         0 kB
FilePmdMapped:         0 kB
CmaTotal:              0 kB
CmaFree:               0 kB
Unaccepted:            0 kB
Balloon:               0 kB
HugePages_Total:       0
HugePages_Free:        0
HugePages_Rsvd:        0
HugePages_Surp:        0
Hugepagesize:       2048 kB
Hugetlb:               0 kB
DirectMap4k:      194432 kB
DirectMap2M:     6096896 kB
DirectMap1G:     4194304 kB
---SNAPSHOT---
2026-04-27 16:01:11
MemTotal:        8129240 kB
MemFree:         4028568 kB
MemAvailable:    3758536 kB
Buffers:            5472 kB
Cached:           311512 kB
SwapCached:        28804 kB
Active:          2689024 kB
Inactive:         610412 kB
Active(anon):    2584408 kB
Inactive(anon):   454020 kB
Active(file):     104616 kB
Inactive(file):   156392 kB
Unevictable:          16 kB
Mlocked:              16 kB
SwapTotal:       4194300 kB
SwapFree:        4165496 kB
Zswap:                 0 kB
Zswapped:              0 kB
Dirty:               100 kB
Writeback:             0 kB
AnonPages:       2953728 kB
Mapped:           264268 kB
Shmem:             55972 kB
KReclaimable:      54012 kB
Slab:             280828 kB
SReclaimable:      54012 kB
SUnreclaim:       226816 kB
KernelStack:       18268 kB
PageTables:        49928 kB
SecPageTables:         0 kB
NFS_Unstable:          0 kB
Bounce:                0 kB
WritebackTmp:          0 kB
CommitLimit:     8258920 kB
Committed_AS:   11354992 kB
VmallocTotal:   34359738367 kB
VmallocUsed:       46424 kB
VmallocChunk:          0 kB
Percpu:            13280 kB
HardwareCorrupted:     0 kB
AnonHugePages:   1277952 kB
ShmemHugePages:        0 kB
ShmemPmdMapped:        0 kB
FileHugePages:         0 kB
FilePmdMapped:         0 kB
CmaTotal:              0 kB
CmaFree:               0 kB
Unaccepted:            0 kB
Balloon:               0 kB
HugePages_Total:       0
HugePages_Free:        0
HugePages_Rsvd:        0
HugePages_Surp:        0
Hugepagesize:       2048 kB
Hugetlb:               0 kB
DirectMap4k:      194432 kB
DirectMap2M:     6096896 kB
DirectMap1G:     4194304 kB
---SNAPSHOT---
2026-04-27 16:01:12
MemTotal:        8129240 kB
MemFree:         3664280 kB
MemAvailable:    3394252 kB
Buffers:            5480 kB
Cached:           311512 kB
SwapCached:        28804 kB
Active:          3096340 kB
Inactive:         610416 kB
Active(anon):    2991724 kB
Inactive(anon):   454020 kB
Active(file):     104616 kB
Inactive(file):   156396 kB
Unevictable:          16 kB
Mlocked:              16 kB
SwapTotal:       4194300 kB
SwapFree:        4165496 kB
Zswap:                 0 kB
Zswapped:              0 kB
Dirty:               108 kB
Writeback:             0 kB
AnonPages:       3361268 kB
Mapped:           264040 kB
Shmem:             55972 kB
KReclaimable:      54012 kB
Slab:             280836 kB
SReclaimable:      54012 kB
SUnreclaim:       226824 kB
KernelStack:       18284 kB
PageTables:        49672 kB
SecPageTables:         0 kB
NFS_Unstable:          0 kB
Bounce:                0 kB
WritebackTmp:          0 kB
CommitLimit:     8258920 kB
Committed_AS:   11355232 kB
VmallocTotal:   34359738367 kB
VmallocUsed:       46472 kB
VmallocChunk:          0 kB
Percpu:            13280 kB
HardwareCorrupted:     0 kB
AnonHugePages:   1685504 kB
ShmemHugePages:        0 kB
ShmemPmdMapped:        0 kB
FileHugePages:         0 kB
FilePmdMapped:         0 kB
CmaTotal:              0 kB
CmaFree:               0 kB
Unaccepted:            0 kB
Balloon:               0 kB
HugePages_Total:       0
HugePages_Free:        0
HugePages_Rsvd:        0
HugePages_Surp:        0
Hugepagesize:       2048 kB
Hugetlb:               0 kB
DirectMap4k:      194432 kB
DirectMap2M:     6096896 kB
DirectMap1G:     4194304 kB
---SNAPSHOT---
2026-04-27 16:01:13
MemTotal:        8129240 kB
MemFree:         3902252 kB
MemAvailable:    3632232 kB
Buffers:            5480 kB
Cached:           311524 kB
SwapCached:        28804 kB
Active:          2837996 kB
Inactive:         610432 kB
Active(anon):    2733380 kB
Inactive(anon):   454020 kB
Active(file):     104616 kB
Inactive(file):   156412 kB
Unevictable:          16 kB
Mlocked:              16 kB
SwapTotal:       4194300 kB
SwapFree:        4165496 kB
Zswap:                 0 kB
Zswapped:              0 kB
Dirty:               116 kB
Writeback:             0 kB
AnonPages:       3102360 kB
Mapped:           264040 kB
Shmem:             55972 kB
KReclaimable:      54012 kB
Slab:             280832 kB
SReclaimable:      54012 kB
SUnreclaim:       226820 kB
KernelStack:       18316 kB
PageTables:        48628 kB
SecPageTables:         0 kB
NFS_Unstable:          0 kB
Bounce:                0 kB
WritebackTmp:          0 kB
CommitLimit:     8258920 kB
Committed_AS:   11355132 kB
VmallocTotal:   34359738367 kB
VmallocUsed:       46520 kB
VmallocChunk:          0 kB
Percpu:            13280 kB
HardwareCorrupted:     0 kB
AnonHugePages:   1271808 kB
ShmemHugePages:        0 kB
ShmemPmdMapped:        0 kB
FileHugePages:         0 kB
FilePmdMapped:         0 kB
CmaTotal:              0 kB
CmaFree:               0 kB
Unaccepted:            0 kB
Balloon:               0 kB
HugePages_Total:       0
HugePages_Free:        0
HugePages_Rsvd:        0
HugePages_Surp:        0
Hugepagesize:       2048 kB
Hugetlb:               0 kB
DirectMap4k:      194432 kB
DirectMap2M:     6096896 kB
DirectMap1G:     4194304 kB
---SNAPSHOT---
2026-04-27 16:01:14
MemTotal:        8129240 kB
MemFree:         4164228 kB
MemAvailable:    3894208 kB
Buffers:            5480 kB
Cached:           311532 kB
SwapCached:        28804 kB
Active:          2545252 kB
Inactive:         610436 kB
Active(anon):    2440636 kB
Inactive(anon):   454020 kB
Active(file):     104616 kB
Inactive(file):   156416 kB
Unevictable:          16 kB
Mlocked:              16 kB
SwapTotal:       4194300 kB
SwapFree:        4165496 kB
Zswap:                 0 kB
Zswapped:              0 kB
Dirty:               124 kB
Writeback:             0 kB
AnonPages:       2809760 kB
Mapped:           264040 kB
Shmem:             55972 kB
KReclaimable:      54012 kB
Slab:             280856 kB
SReclaimable:      54012 kB
SUnreclaim:       226844 kB
KernelStack:       18240 kB
PageTables:        48004 kB
SecPageTables:         0 kB
NFS_Unstable:          0 kB
Bounce:                0 kB
WritebackTmp:          0 kB
CommitLimit:     8258920 kB
Committed_AS:   11355360 kB
VmallocTotal:   34359738367 kB
VmallocUsed:       46472 kB
VmallocChunk:          0 kB
Percpu:            13280 kB
HardwareCorrupted:     0 kB
AnonHugePages:    755712 kB
ShmemHugePages:        0 kB
ShmemPmdMapped:        0 kB
FileHugePages:         0 kB
FilePmdMapped:         0 kB
CmaTotal:              0 kB
CmaFree:               0 kB
Unaccepted:            0 kB
Balloon:               0 kB
HugePages_Total:       0
HugePages_Free:        0
HugePages_Rsvd:        0
HugePages_Surp:        0
Hugepagesize:       2048 kB
Hugetlb:               0 kB
DirectMap4k:      194432 kB
DirectMap2M:     6096896 kB
DirectMap1G:     4194304 kB
---SNAPSHOT---
2026-04-27 16:01:15
MemTotal:        8129240 kB
MemFree:         3205240 kB
MemAvailable:    2935224 kB
Buffers:            5480 kB
Cached:           311536 kB
SwapCached:        28804 kB
Active:          3572752 kB
Inactive:         610440 kB
Active(anon):    3468136 kB
Inactive(anon):   454020 kB
Active(file):     104616 kB
Inactive(file):   156420 kB
Unevictable:          16 kB
Mlocked:              16 kB
SwapTotal:       4194300 kB
SwapFree:        4165496 kB
Zswap:                 0 kB
Zswapped:              0 kB
Dirty:               128 kB
Writeback:             0 kB
AnonPages:       3837580 kB
Mapped:           264040 kB
Shmem:             55972 kB
KReclaimable:      54012 kB
Slab:             280860 kB
SReclaimable:      54012 kB
SUnreclaim:       226848 kB
KernelStack:       18240 kB
PageTables:        49664 kB
SecPageTables:         0 kB
NFS_Unstable:          0 kB
Bounce:                0 kB
WritebackTmp:          0 kB
CommitLimit:     8258920 kB
Committed_AS:   11354868 kB
VmallocTotal:   34359738367 kB
VmallocUsed:       46472 kB
VmallocChunk:          0 kB
Percpu:            13280 kB
HardwareCorrupted:     0 kB
AnonHugePages:   1548288 kB
ShmemHugePages:        0 kB
ShmemPmdMapped:        0 kB
FileHugePages:         0 kB
FilePmdMapped:         0 kB
CmaTotal:              0 kB
CmaFree:               0 kB
Unaccepted:            0 kB
Balloon:               0 kB
HugePages_Total:       0
HugePages_Free:        0
HugePages_Rsvd:        0
HugePages_Surp:        0
Hugepagesize:       2048 kB
Hugetlb:               0 kB
DirectMap4k:      194432 kB
DirectMap2M:     6096896 kB
DirectMap1G:     4194304 kB
---SNAPSHOT---
2026-04-27 16:01:16
MemTotal:        8129240 kB
MemFree:         3589048 kB
MemAvailable:    3319036 kB
Buffers:            5480 kB
Cached:           311544 kB
SwapCached:        28804 kB
Active:          3229032 kB
Inactive:         610452 kB
Active(anon):    3124416 kB
Inactive(anon):   454020 kB
Active(file):     104616 kB
Inactive(file):   156432 kB
Unevictable:          16 kB
Mlocked:              16 kB
SwapTotal:       4194300 kB
SwapFree:        4165496 kB
Zswap:                 0 kB
Zswapped:              0 kB
Dirty:               136 kB
Writeback:             0 kB
AnonPages:       3493676 kB
Mapped:           264040 kB
Shmem:             55972 kB
KReclaimable:      54012 kB
Slab:             280840 kB
SReclaimable:      54012 kB
SUnreclaim:       226828 kB
KernelStack:       18224 kB
PageTables:        49028 kB
SecPageTables:         0 kB
NFS_Unstable:          0 kB
Bounce:                0 kB
WritebackTmp:          0 kB
CommitLimit:     8258920 kB
Committed_AS:   11355136 kB
VmallocTotal:   34359738367 kB
VmallocUsed:       46456 kB
VmallocChunk:          0 kB
Percpu:            13280 kB
HardwareCorrupted:     0 kB
AnonHugePages:   1816576 kB
ShmemHugePages:        0 kB
ShmemPmdMapped:        0 kB
FileHugePages:         0 kB
FilePmdMapped:         0 kB
CmaTotal:              0 kB
CmaFree:               0 kB
Unaccepted:            0 kB
Balloon:               0 kB
HugePages_Total:       0
HugePages_Free:        0
HugePages_Rsvd:        0
HugePages_Surp:        0
Hugepagesize:       2048 kB
Hugetlb:               0 kB
DirectMap4k:      194432 kB
DirectMap2M:     6096896 kB
DirectMap1G:     4194304 kB
---SNAPSHOT---
2026-04-27 16:01:17
MemTotal:        8129240 kB
MemFree:         3449428 kB
MemAvailable:    3179416 kB
Buffers:            5488 kB
Cached:           311540 kB
SwapCached:        28804 kB
Active:          3376744 kB
Inactive:         610452 kB
Active(anon):    3272128 kB
Inactive(anon):   454020 kB
Active(file):     104616 kB
Inactive(file):   156432 kB
Unevictable:          16 kB
Mlocked:              16 kB
SwapTotal:       4194300 kB
SwapFree:        4165496 kB
Zswap:                 0 kB
Zswapped:              0 kB
Dirty:               140 kB
Writeback:             0 kB
AnonPages:       3641116 kB
Mapped:           264040 kB
Shmem:             55972 kB
KReclaimable:      54012 kB
Slab:             280852 kB
SReclaimable:      54012 kB
SUnreclaim:       226840 kB
KernelStack:       18240 kB
PageTables:        50208 kB
SecPageTables:         0 kB
NFS_Unstable:          0 kB
Bounce:                0 kB
WritebackTmp:          0 kB
CommitLimit:     8258920 kB
Committed_AS:   11355120 kB
VmallocTotal:   34359738367 kB
VmallocUsed:       46456 kB
VmallocChunk:          0 kB
Percpu:            13280 kB
HardwareCorrupted:     0 kB
AnonHugePages:   1964032 kB
ShmemHugePages:        0 kB
ShmemPmdMapped:        0 kB
FileHugePages:         0 kB
FilePmdMapped:         0 kB
CmaTotal:              0 kB
CmaFree:               0 kB
Unaccepted:            0 kB
Balloon:               0 kB
HugePages_Total:       0
HugePages_Free:        0
HugePages_Rsvd:        0
HugePages_Surp:        0
Hugepagesize:       2048 kB
Hugetlb:               0 kB
DirectMap4k:      194432 kB
DirectMap2M:     6096896 kB
DirectMap1G:     4194304 kB
---SNAPSHOT---
2026-04-27 16:01:18
MemTotal:        8129240 kB
MemFree:         3350268 kB
MemAvailable:    3080264 kB
Buffers:            5488 kB
Cached:           311552 kB
SwapCached:        28804 kB
Active:          3437464 kB
Inactive:         610468 kB
Active(anon):    3332848 kB
Inactive(anon):   454020 kB
Active(file):     104616 kB
Inactive(file):   156448 kB
Unevictable:          16 kB
Mlocked:              16 kB
SwapTotal:       4194300 kB
SwapFree:        4165496 kB
Zswap:                 0 kB
Zswapped:              0 kB
Dirty:               144 kB
Writeback:             0 kB
AnonPages:       3702284 kB
Mapped:           264040 kB
Shmem:             55972 kB
KReclaimable:      54012 kB
Slab:             280852 kB
SReclaimable:      54012 kB
SUnreclaim:       226840 kB
KernelStack:       18284 kB
PageTables:        50032 kB
SecPageTables:         0 kB
NFS_Unstable:          0 kB
Bounce:                0 kB
WritebackTmp:          0 kB
CommitLimit:     8258920 kB
Committed_AS:   11355364 kB
VmallocTotal:   34359738367 kB
VmallocUsed:       46456 kB
VmallocChunk:          0 kB
Percpu:            13280 kB
HardwareCorrupted:     0 kB
AnonHugePages:   2023424 kB
ShmemHugePages:        0 kB
ShmemPmdMapped:        0 kB
FileHugePages:         0 kB
FilePmdMapped:         0 kB
CmaTotal:              0 kB
CmaFree:               0 kB
Unaccepted:            0 kB
Balloon:               0 kB
HugePages_Total:       0
HugePages_Free:        0
HugePages_Rsvd:        0
HugePages_Surp:        0
Hugepagesize:       2048 kB
Hugetlb:               0 kB
DirectMap4k:      194432 kB
DirectMap2M:     6096896 kB
DirectMap1G:     4194304 kB
---SNAPSHOT---
2026-04-27 16:01:19
MemTotal:        8129240 kB
MemFree:         3892824 kB
MemAvailable:    3622824 kB
Buffers:            5488 kB
Cached:           311560 kB
SwapCached:        28804 kB
Active:          2934400 kB
Inactive:         610476 kB
Active(anon):    2829784 kB
Inactive(anon):   454020 kB
Active(file):     104616 kB
Inactive(file):   156456 kB
Unevictable:          16 kB
Mlocked:              16 kB
SwapTotal:       4194300 kB
SwapFree:        4165496 kB
Zswap:                 0 kB
Zswapped:              0 kB
Dirty:               152 kB
Writeback:             0 kB
AnonPages:       3198928 kB
Mapped:           264040 kB
Shmem:             55972 kB
KReclaimable:      54012 kB
Slab:             280840 kB
SReclaimable:      54012 kB
SUnreclaim:       226828 kB
KernelStack:       18284 kB
PageTables:        48544 kB
SecPageTables:         0 kB
NFS_Unstable:          0 kB
Bounce:                0 kB
WritebackTmp:          0 kB
CommitLimit:     8258920 kB
Committed_AS:   11354736 kB
VmallocTotal:   34359738367 kB
VmallocUsed:       46456 kB
VmallocChunk:          0 kB
Percpu:            13280 kB
HardwareCorrupted:     0 kB
AnonHugePages:   1521664 kB
ShmemHugePages:        0 kB
ShmemPmdMapped:        0 kB
FileHugePages:         0 kB
FilePmdMapped:         0 kB
CmaTotal:              0 kB
CmaFree:               0 kB
Unaccepted:            0 kB
Balloon:               0 kB
HugePages_Total:       0
HugePages_Free:        0
HugePages_Rsvd:        0
HugePages_Surp:        0
Hugepagesize:       2048 kB
Hugetlb:               0 kB
DirectMap4k:      194432 kB
DirectMap2M:     6096896 kB
DirectMap1G:     4194304 kB
---SNAPSHOT---
2026-04-27 16:01:20
MemTotal:        8129240 kB
MemFree:         3093192 kB
MemAvailable:    2823192 kB
Buffers:            5488 kB
Cached:           311560 kB
SwapCached:        28804 kB
Active:          3741236 kB
Inactive:         610476 kB
Active(anon):    3636620 kB
Inactive(anon):   454020 kB
Active(file):     104616 kB
Inactive(file):   156456 kB
Unevictable:          16 kB
Mlocked:              16 kB
SwapTotal:       4194300 kB
SwapFree:        4165496 kB
Zswap:                 0 kB
Zswapped:              0 kB
Dirty:               152 kB
Writeback:             0 kB
AnonPages:       4005740 kB
Mapped:           264040 kB
Shmem:             55972 kB
KReclaimable:      54012 kB
Slab:             280836 kB
SReclaimable:      54012 kB
SUnreclaim:       226824 kB
KernelStack:       18280 kB
PageTables:        50072 kB
SecPageTables:         0 kB
NFS_Unstable:          0 kB
Bounce:                0 kB
WritebackTmp:          0 kB
CommitLimit:     8258920 kB
Committed_AS:   11355120 kB
VmallocTotal:   34359738367 kB
VmallocUsed:       46472 kB
VmallocChunk:          0 kB
Percpu:            13280 kB
HardwareCorrupted:     0 kB
AnonHugePages:   2328576 kB
ShmemHugePages:        0 kB
ShmemPmdMapped:        0 kB
FileHugePages:         0 kB
FilePmdMapped:         0 kB
CmaTotal:              0 kB
CmaFree:               0 kB
Unaccepted:            0 kB
Balloon:               0 kB
HugePages_Total:       0
HugePages_Free:        0
HugePages_Rsvd:        0
HugePages_Surp:        0
Hugepagesize:       2048 kB
Hugetlb:               0 kB
DirectMap4k:      194432 kB
DirectMap2M:     6096896 kB
DirectMap1G:     4194304 kB
---SNAPSHOT---
2026-04-27 16:01:21
MemTotal:        8129240 kB
MemFree:         4073388 kB
MemAvailable:    3803396 kB
Buffers:            5488 kB
Cached:           311572 kB
SwapCached:        28804 kB
Active:          2778884 kB
Inactive:         610488 kB
Active(anon):    2674268 kB
Inactive(anon):   454020 kB
Active(file):     104616 kB
Inactive(file):   156468 kB
Unevictable:          16 kB
Mlocked:              16 kB
SwapTotal:       4194300 kB
SwapFree:        4165496 kB
Zswap:                 0 kB
Zswapped:              0 kB
Dirty:               164 kB
Writeback:             0 kB
AnonPages:       3043604 kB
Mapped:           264040 kB
Shmem:             55972 kB
KReclaimable:      54012 kB
Slab:             280840 kB
SReclaimable:      54012 kB
SUnreclaim:       226828 kB
KernelStack:       18208 kB
PageTables:        47852 kB
SecPageTables:         0 kB
NFS_Unstable:          0 kB
Bounce:                0 kB
WritebackTmp:          0 kB
CommitLimit:     8258920 kB
Committed_AS:   11354728 kB
VmallocTotal:   34359738367 kB
VmallocUsed:       46440 kB
VmallocChunk:          0 kB
Percpu:            13280 kB
HardwareCorrupted:     0 kB
AnonHugePages:   1368064 kB
ShmemHugePages:        0 kB
ShmemPmdMapped:        0 kB
FileHugePages:         0 kB
FilePmdMapped:         0 kB
CmaTotal:              0 kB
CmaFree:               0 kB
Unaccepted:            0 kB
Balloon:               0 kB
HugePages_Total:       0
HugePages_Free:        0
HugePages_Rsvd:        0
HugePages_Surp:        0
Hugepagesize:       2048 kB
Hugetlb:               0 kB
DirectMap4k:      194432 kB
DirectMap2M:     6096896 kB
DirectMap1G:     4194304 kB
---SNAPSHOT---
2026-04-27 16:01:22
MemTotal:        8129240 kB
MemFree:         3516364 kB
MemAvailable:    3246372 kB
Buffers:            5496 kB
Cached:           311568 kB
SwapCached:        28804 kB
Active:          3348368 kB
Inactive:         610492 kB
Active(anon):    3243752 kB
Inactive(anon):   454020 kB
Active(file):     104616 kB
Inactive(file):   156472 kB
Unevictable:          16 kB
Mlocked:              16 kB
SwapTotal:       4194300 kB
SwapFree:        4165496 kB
Zswap:                 0 kB
Zswapped:              0 kB
Dirty:               168 kB
Writeback:             0 kB
AnonPages:       3613188 kB
Mapped:           264140 kB
Shmem:             55972 kB
KReclaimable:      54012 kB
Slab:             280832 kB
SReclaimable:      54012 kB
SUnreclaim:       226820 kB
KernelStack:       18208 kB
PageTables:        48616 kB
SecPageTables:         0 kB
NFS_Unstable:          0 kB
Bounce:                0 kB
WritebackTmp:          0 kB
CommitLimit:     8258920 kB
Committed_AS:   11355232 kB
VmallocTotal:   34359738367 kB
VmallocUsed:       46408 kB
VmallocChunk:          0 kB
Percpu:            13280 kB
HardwareCorrupted:     0 kB
AnonHugePages:   1937408 kB
ShmemHugePages:        0 kB
ShmemPmdMapped:        0 kB
FileHugePages:         0 kB
FilePmdMapped:         0 kB
CmaTotal:              0 kB
CmaFree:               0 kB
Unaccepted:            0 kB
Balloon:               0 kB
HugePages_Total:       0
HugePages_Free:        0
HugePages_Rsvd:        0
HugePages_Surp:        0
Hugepagesize:       2048 kB
Hugetlb:               0 kB
DirectMap4k:      194432 kB
DirectMap2M:     6096896 kB
DirectMap1G:     4194304 kB
---SNAPSHOT---
2026-04-27 16:01:23
MemTotal:        8129240 kB
MemFree:         3755936 kB
MemAvailable:    3485952 kB
Buffers:            5496 kB
Cached:           311580 kB
SwapCached:        28804 kB
Active:          3056320 kB
Inactive:         610504 kB
Active(anon):    2951704 kB
Inactive(anon):   454020 kB
Active(file):     104616 kB
Inactive(file):   156484 kB
Unevictable:          16 kB
Mlocked:              16 kB
SwapTotal:       4194300 kB
SwapFree:        4165496 kB
Zswap:                 0 kB
Zswapped:              0 kB
Dirty:               172 kB
Writeback:             0 kB
AnonPages:       3321148 kB
Mapped:           264040 kB
Shmem:             55972 kB
KReclaimable:      54012 kB
Slab:             280828 kB
SReclaimable:      54012 kB
SUnreclaim:       226816 kB
KernelStack:       18224 kB
PageTables:        48428 kB
SecPageTables:         0 kB
NFS_Unstable:          0 kB
Bounce:                0 kB
WritebackTmp:          0 kB
CommitLimit:     8258920 kB
Committed_AS:   11354868 kB
VmallocTotal:   34359738367 kB
VmallocUsed:       46408 kB
VmallocChunk:          0 kB
Percpu:            13280 kB
HardwareCorrupted:     0 kB
AnonHugePages:   1509376 kB
ShmemHugePages:        0 kB
ShmemPmdMapped:        0 kB
FileHugePages:         0 kB
FilePmdMapped:         0 kB
CmaTotal:              0 kB
CmaFree:               0 kB
Unaccepted:            0 kB
Balloon:               0 kB
HugePages_Total:       0
HugePages_Free:        0
HugePages_Rsvd:        0
HugePages_Surp:        0
Hugepagesize:       2048 kB
Hugetlb:               0 kB
DirectMap4k:      194432 kB
DirectMap2M:     6096896 kB
DirectMap1G:     4194304 kB
---SNAPSHOT---
2026-04-27 16:01:24
MemTotal:        8129240 kB
MemFree:         3612144 kB
MemAvailable:    3342160 kB
Buffers:            5496 kB
Cached:           311584 kB
SwapCached:        28804 kB
Active:          3186184 kB
Inactive:         610508 kB
Active(anon):    3081568 kB
Inactive(anon):   454020 kB
Active(file):     104616 kB
Inactive(file):   156488 kB
Unevictable:          16 kB
Mlocked:              16 kB
SwapTotal:       4194300 kB
SwapFree:        4165496 kB
Zswap:                 0 kB
Zswapped:              0 kB
Dirty:               176 kB
Writeback:             0 kB
AnonPages:       3450772 kB
Mapped:           264112 kB
Shmem:             55972 kB
KReclaimable:      54012 kB
Slab:             280828 kB
SReclaimable:      54012 kB
SUnreclaim:       226816 kB
KernelStack:       18268 kB
PageTables:        49060 kB
SecPageTables:         0 kB
NFS_Unstable:          0 kB
Bounce:                0 kB
WritebackTmp:          0 kB
CommitLimit:     8258920 kB
Committed_AS:   11354868 kB
VmallocTotal:   34359738367 kB
VmallocUsed:       46408 kB
VmallocChunk:          0 kB
Percpu:            13280 kB
HardwareCorrupted:     0 kB
AnonHugePages:   1402880 kB
ShmemHugePages:        0 kB
ShmemPmdMapped:        0 kB
FileHugePages:         0 kB
FilePmdMapped:         0 kB
CmaTotal:              0 kB
CmaFree:               0 kB
Unaccepted:            0 kB
Balloon:               0 kB
HugePages_Total:       0
HugePages_Free:        0
HugePages_Rsvd:        0
HugePages_Surp:        0
Hugepagesize:       2048 kB
Hugetlb:               0 kB
DirectMap4k:      194432 kB
DirectMap2M:     6096896 kB
DirectMap1G:     4194304 kB
---SNAPSHOT---
2026-04-27 16:01:25
MemTotal:        8129240 kB
MemFree:         3483792 kB
MemAvailable:    3213812 kB
Buffers:            5496 kB
Cached:           311592 kB
SwapCached:        28804 kB
Active:          3319584 kB
Inactive:         610516 kB
Active(anon):    3214968 kB
Inactive(anon):   454020 kB
Active(file):     104616 kB
Inactive(file):   156496 kB
Unevictable:          16 kB
Mlocked:              16 kB
SwapTotal:       4194300 kB
SwapFree:        4165496 kB
Zswap:                 0 kB
Zswapped:              0 kB
Dirty:               184 kB
Writeback:             0 kB
AnonPages:       3584388 kB
Mapped:           264040 kB
Shmem:             55972 kB
KReclaimable:      54012 kB
Slab:             280844 kB
SReclaimable:      54012 kB
SUnreclaim:       226832 kB
KernelStack:       18224 kB
PageTables:        49128 kB
SecPageTables:         0 kB
NFS_Unstable:          0 kB
Bounce:                0 kB
WritebackTmp:          0 kB
CommitLimit:     8258920 kB
Committed_AS:   11355256 kB
VmallocTotal:   34359738367 kB
VmallocUsed:       46424 kB
VmallocChunk:          0 kB
Percpu:            13280 kB
HardwareCorrupted:     0 kB
AnonHugePages:   1300480 kB
ShmemHugePages:        0 kB
ShmemPmdMapped:        0 kB
FileHugePages:         0 kB
FilePmdMapped:         0 kB
CmaTotal:              0 kB
CmaFree:               0 kB
Unaccepted:            0 kB
Balloon:               0 kB
HugePages_Total:       0
HugePages_Free:        0
HugePages_Rsvd:        0
HugePages_Surp:        0
Hugepagesize:       2048 kB
Hugetlb:               0 kB
DirectMap4k:      194432 kB
DirectMap2M:     6096896 kB
DirectMap1G:     4194304 kB
---SNAPSHOT---
2026-04-27 16:01:26
MemTotal:        8129240 kB
MemFree:         3860408 kB
MemAvailable:    3590432 kB
Buffers:            5496 kB
Cached:           311600 kB
SwapCached:        28804 kB
Active:          2988380 kB
Inactive:         610524 kB
Active(anon):    2883764 kB
Inactive(anon):   454020 kB
Active(file):     104616 kB
Inactive(file):   156504 kB
Unevictable:          16 kB
Mlocked:              16 kB
SwapTotal:       4194300 kB
SwapFree:        4165496 kB
Zswap:                 0 kB
Zswapped:              0 kB
Dirty:               192 kB
Writeback:             0 kB
AnonPages:       3253392 kB
Mapped:           264040 kB
Shmem:             55972 kB
KReclaimable:      54012 kB
Slab:             280844 kB
SReclaimable:      54012 kB
SUnreclaim:       226832 kB
KernelStack:       18224 kB
PageTables:        48664 kB
SecPageTables:         0 kB
NFS_Unstable:          0 kB
Bounce:                0 kB
WritebackTmp:          0 kB
CommitLimit:     8258920 kB
Committed_AS:   11355124 kB
VmallocTotal:   34359738367 kB
VmallocUsed:       46424 kB
VmallocChunk:          0 kB
Percpu:            13280 kB
HardwareCorrupted:     0 kB
AnonHugePages:   1409024 kB
ShmemHugePages:        0 kB
ShmemPmdMapped:        0 kB
FileHugePages:         0 kB
FilePmdMapped:         0 kB
CmaTotal:              0 kB
CmaFree:               0 kB
Unaccepted:            0 kB
Balloon:               0 kB
HugePages_Total:       0
HugePages_Free:        0
HugePages_Rsvd:        0
HugePages_Surp:        0
Hugepagesize:       2048 kB
Hugetlb:               0 kB
DirectMap4k:      194432 kB
DirectMap2M:     6096896 kB
DirectMap1G:     4194304 kB
---SNAPSHOT---
2026-04-27 16:01:27
MemTotal:        8129240 kB
MemFree:         3940584 kB
MemAvailable:    3670612 kB
Buffers:            5504 kB
Cached:           311604 kB
SwapCached:        28804 kB
Active:          2882744 kB
Inactive:         610528 kB
Active(anon):    2778128 kB
Inactive(anon):   454020 kB
Active(file):     104616 kB
Inactive(file):   156508 kB
Unevictable:          16 kB
Mlocked:              16 kB
SwapTotal:       4194300 kB
SwapFree:        4165496 kB
Zswap:                 0 kB
Zswapped:              0 kB
Dirty:               196 kB
Writeback:             0 kB
AnonPages:       3147544 kB
Mapped:           264140 kB
Shmem:             55972 kB
KReclaimable:      54012 kB
Slab:             280840 kB
SReclaimable:      54012 kB
SUnreclaim:       226828 kB
KernelStack:       18208 kB
PageTables:        48512 kB
SecPageTables:         0 kB
NFS_Unstable:          0 kB
Bounce:                0 kB
WritebackTmp:          0 kB
CommitLimit:     8258920 kB
Committed_AS:   11355388 kB
VmallocTotal:   34359738367 kB
VmallocUsed:       46392 kB
VmallocChunk:          0 kB
Percpu:            13280 kB
HardwareCorrupted:     0 kB
AnonHugePages:   1038336 kB
ShmemHugePages:        0 kB
ShmemPmdMapped:        0 kB
FileHugePages:         0 kB
FilePmdMapped:         0 kB
CmaTotal:              0 kB
CmaFree:               0 kB
Unaccepted:            0 kB
Balloon:               0 kB
HugePages_Total:       0
HugePages_Free:        0
HugePages_Rsvd:        0
HugePages_Surp:        0
Hugepagesize:       2048 kB
Hugetlb:               0 kB
DirectMap4k:      194432 kB
DirectMap2M:     6096896 kB
DirectMap1G:     4194304 kB
---SNAPSHOT---
2026-04-27 16:01:28
MemTotal:        8129240 kB
MemFree:         3777068 kB
MemAvailable:    3507100 kB
Buffers:            5504 kB
Cached:           311608 kB
SwapCached:        28804 kB
Active:          3102204 kB
Inactive:         610540 kB
Active(anon):    2997588 kB
Inactive(anon):   454020 kB
Active(file):     104616 kB
Inactive(file):   156520 kB
Unevictable:          16 kB
Mlocked:              16 kB
SwapTotal:       4194300 kB
SwapFree:        4165496 kB
Zswap:                 0 kB
Zswapped:              0 kB
Dirty:               200 kB
Writeback:             0 kB
AnonPages:       3366940 kB
Mapped:           264040 kB
Shmem:             55972 kB
KReclaimable:      54012 kB
Slab:             280840 kB
SReclaimable:      54012 kB
SUnreclaim:       226828 kB
KernelStack:       18224 kB
PageTables:        49364 kB
SecPageTables:         0 kB
NFS_Unstable:          0 kB
Bounce:                0 kB
WritebackTmp:          0 kB
CommitLimit:     8258920 kB
Committed_AS:   11354876 kB
VmallocTotal:   34359738367 kB
VmallocUsed:       46408 kB
VmallocChunk:          0 kB
Percpu:            13280 kB
HardwareCorrupted:     0 kB
AnonHugePages:   1689600 kB
ShmemHugePages:        0 kB
ShmemPmdMapped:        0 kB
FileHugePages:         0 kB
FilePmdMapped:         0 kB
CmaTotal:              0 kB
CmaFree:               0 kB
Unaccepted:            0 kB
Balloon:               0 kB
HugePages_Total:       0
HugePages_Free:        0
HugePages_Rsvd:        0
HugePages_Surp:        0
Hugepagesize:       2048 kB
Hugetlb:               0 kB
DirectMap4k:      194432 kB
DirectMap2M:     6096896 kB
DirectMap1G:     4194304 kB
---SNAPSHOT---
2026-04-27 16:01:29
MemTotal:        8129240 kB
MemFree:         3644612 kB
MemAvailable:    3374648 kB
Buffers:            5504 kB
Cached:           311616 kB
SwapCached:        28804 kB
Active:          3266212 kB
Inactive:         610544 kB
Active(anon):    3161596 kB
Inactive(anon):   454020 kB
Active(file):     104616 kB
Inactive(file):   156524 kB
Unevictable:          16 kB
Mlocked:              16 kB
SwapTotal:       4194300 kB
SwapFree:        4165496 kB
Zswap:                 0 kB
Zswapped:              0 kB
Dirty:               208 kB
Writeback:             0 kB
AnonPages:       3530980 kB
Mapped:           264040 kB
Shmem:             55972 kB
KReclaimable:      54012 kB
Slab:             280844 kB
SReclaimable:      54012 kB
SUnreclaim:       226832 kB
KernelStack:       18224 kB
PageTables:        49508 kB
SecPageTables:         0 kB
NFS_Unstable:          0 kB
Bounce:                0 kB
WritebackTmp:          0 kB
CommitLimit:     8258920 kB
Committed_AS:   11355008 kB
VmallocTotal:   34359738367 kB
VmallocUsed:       46440 kB
VmallocChunk:          0 kB
Percpu:            13280 kB
HardwareCorrupted:     0 kB
AnonHugePages:   1853440 kB
ShmemHugePages:        0 kB
ShmemPmdMapped:        0 kB
FileHugePages:         0 kB
FilePmdMapped:         0 kB
CmaTotal:              0 kB
CmaFree:               0 kB
Unaccepted:            0 kB
Balloon:               0 kB
HugePages_Total:       0
HugePages_Free:        0
HugePages_Rsvd:        0
HugePages_Surp:        0
Hugepagesize:       2048 kB
Hugetlb:               0 kB
DirectMap4k:      194432 kB
DirectMap2M:     6096896 kB
DirectMap1G:     4194304 kB
---SNAPSHOT---
2026-04-27 16:01:30
MemTotal:        8129240 kB
MemFree:         3590640 kB
MemAvailable:    3320676 kB
Buffers:            5504 kB
Cached:           311620 kB
SwapCached:        28804 kB
Active:          3294616 kB
Inactive:         610548 kB
Active(anon):    3190000 kB
Inactive(anon):   454020 kB
Active(file):     104616 kB
Inactive(file):   156528 kB
Unevictable:          16 kB
Mlocked:              16 kB
SwapTotal:       4194300 kB
SwapFree:        4165496 kB
Zswap:                 0 kB
Zswapped:              0 kB
Dirty:               212 kB
Writeback:             0 kB
AnonPages:       3559460 kB
Mapped:           264040 kB
Shmem:             55972 kB
KReclaimable:      54012 kB
Slab:             280848 kB
SReclaimable:      54012 kB
SUnreclaim:       226836 kB
KernelStack:       18224 kB
PageTables:        49568 kB
SecPageTables:         0 kB
NFS_Unstable:          0 kB
Bounce:                0 kB
WritebackTmp:          0 kB
CommitLimit:     8258920 kB
Committed_AS:   11355252 kB
VmallocTotal:   34359738367 kB
VmallocUsed:       46424 kB
VmallocChunk:          0 kB
Percpu:            13280 kB
HardwareCorrupted:     0 kB
AnonHugePages:   1882112 kB
ShmemHugePages:        0 kB
ShmemPmdMapped:        0 kB
FileHugePages:         0 kB
FilePmdMapped:         0 kB
CmaTotal:              0 kB
CmaFree:               0 kB
Unaccepted:            0 kB
Balloon:               0 kB
HugePages_Total:       0
HugePages_Free:        0
HugePages_Rsvd:        0
HugePages_Surp:        0
Hugepagesize:       2048 kB
Hugetlb:               0 kB
DirectMap4k:      194432 kB
DirectMap2M:     6096896 kB
DirectMap1G:     4194304 kB
---SNAPSHOT---
2026-04-27 16:01:31
MemTotal:        8129240 kB
MemFree:         4027992 kB
MemAvailable:    3758036 kB
Buffers:            5504 kB
Cached:           311632 kB
SwapCached:        28804 kB
Active:          2821488 kB
Inactive:         610564 kB
Active(anon):    2716872 kB
Inactive(anon):   454020 kB
Active(file):     104616 kB
Inactive(file):   156544 kB
Unevictable:          16 kB
Mlocked:              16 kB
SwapTotal:       4194300 kB
SwapFree:        4165496 kB
Zswap:                 0 kB
Zswapped:              0 kB
Dirty:               224 kB
Writeback:             0 kB
AnonPages:       3086192 kB
Mapped:           264040 kB
Shmem:             55972 kB
KReclaimable:      54012 kB
Slab:             280844 kB
SReclaimable:      54012 kB
SUnreclaim:       226832 kB
KernelStack:       18224 kB
PageTables:        48476 kB
SecPageTables:         0 kB
NFS_Unstable:          0 kB
Bounce:                0 kB
WritebackTmp:          0 kB
CommitLimit:     8258920 kB
