---SNAPSHOT---
2026-04-27 15:11:58
MemTotal:        8129240 kB
MemFree:         5349636 kB
MemAvailable:    5543376 kB
Buffers:            4852 kB
Cached:           288632 kB
SwapCached:        82712 kB
Active:          1523764 kB
Inactive:         544264 kB
Active(anon):    1423152 kB
Inactive(anon):   389260 kB
Active(file):     100612 kB
Inactive(file):   155004 kB
Unevictable:           0 kB
Mlocked:               0 kB
SwapTotal:       4194300 kB
SwapFree:        3974080 kB
Zswap:                 0 kB
Zswapped:              0 kB
Dirty:               236 kB
Writeback:             0 kB
AnonPages:       1695640 kB
Mapped:           247856 kB
Shmem:             37304 kB
KReclaimable:      55020 kB
Slab:             282344 kB
SReclaimable:      55020 kB
SUnreclaim:       227324 kB
KernelStack:       18192 kB
PageTables:        45920 kB
SecPageTables:         0 kB
NFS_Unstable:          0 kB
Bounce:                0 kB
WritebackTmp:          0 kB
CommitLimit:     8258920 kB
Committed_AS:    8751960 kB
VmallocTotal:   34359738367 kB
VmallocUsed:       46328 kB
VmallocChunk:          0 kB
Percpu:            13280 kB
HardwareCorrupted:     0 kB
AnonHugePages:    212992 kB
ShmemHugePages:        0 kB
ShmemPmdMapped:        0 kB
FileHugePages:         0 kB
FilePmdMapped:         0 kB
CmaTotal:              0 kB
CmaFree:               0 kB
Unaccepted:            0 kB
Balloon:               0 kB
HugePages_Total:       0
HugePages_Free:        0
HugePages_Rsvd:        0
HugePages_Surp:        0
Hugepagesize:       2048 kB
Hugetlb:               0 kB
DirectMap4k:      194432 kB
DirectMap2M:     6096896 kB
DirectMap1G:     4194304 kB
---SNAPSHOT---
2026-04-27 15:11:59
MemTotal:        8129240 kB
MemFree:         5356928 kB
MemAvailable:    5552116 kB
Buffers:            5300 kB
Cached:           289148 kB
SwapCached:        82712 kB
Active:          1524540 kB
Inactive:         545144 kB
Active(anon):    1423360 kB
Inactive(anon):   389260 kB
Active(file):     101180 kB
Inactive(file):   155884 kB
Unevictable:           0 kB
Mlocked:               0 kB
SwapTotal:       4194300 kB
SwapFree:        3974080 kB
Zswap:                 0 kB
Zswapped:              0 kB
Dirty:               480 kB
Writeback:             0 kB
AnonPages:       1695700 kB
Mapped:           247684 kB
Shmem:             37304 kB
KReclaimable:      55020 kB
Slab:             282344 kB
SReclaimable:      55020 kB
SUnreclaim:       227324 kB
KernelStack:       18112 kB
PageTables:        45348 kB
SecPageTables:         0 kB
NFS_Unstable:          0 kB
Bounce:                0 kB
WritebackTmp:          0 kB
CommitLimit:     8258920 kB
Committed_AS:    8751952 kB
VmallocTotal:   34359738367 kB
VmallocUsed:       46328 kB
VmallocChunk:          0 kB
Percpu:            13280 kB
HardwareCorrupted:     0 kB
AnonHugePages:    212992 kB
ShmemHugePages:        0 kB
ShmemPmdMapped:        0 kB
FileHugePages:         0 kB
FilePmdMapped:         0 kB
CmaTotal:              0 kB
CmaFree:               0 kB
Unaccepted:            0 kB
Balloon:               0 kB
HugePages_Total:       0
HugePages_Free:        0
HugePages_Rsvd:        0
HugePages_Surp:        0
Hugepagesize:       2048 kB
Hugetlb:               0 kB
DirectMap4k:      194432 kB
DirectMap2M:     6096896 kB
DirectMap1G:     4194304 kB
---SNAPSHOT---
2026-04-27 15:12:00
MemTotal:        8129240 kB
MemFree:         5367224 kB
MemAvailable:    5563292 kB
Buffers:            5316 kB
Cached:           289308 kB
SwapCached:        82712 kB
Active:          1525028 kB
Inactive:         545280 kB
Active(anon):    1423680 kB
Inactive(anon):   389260 kB
Active(file):     101348 kB
Inactive(file):   156020 kB
Unevictable:           0 kB
Mlocked:               0 kB
SwapTotal:       4194300 kB
SwapFree:        3974080 kB
Zswap:                 0 kB
Zswapped:              0 kB
Dirty:               484 kB
Writeback:             0 kB
AnonPages:       1696208 kB
Mapped:           247912 kB
Shmem:             37304 kB
KReclaimable:      55596 kB
Slab:             282916 kB
SReclaimable:      55596 kB
SUnreclaim:       227320 kB
KernelStack:       18160 kB
PageTables:        45552 kB
SecPageTables:         0 kB
NFS_Unstable:          0 kB
Bounce:                0 kB
WritebackTmp:          0 kB
CommitLimit:     8258920 kB
Committed_AS:    8753492 kB
VmallocTotal:   34359738367 kB
VmallocUsed:       46392 kB
VmallocChunk:          0 kB
Percpu:            13280 kB
HardwareCorrupted:     0 kB
AnonHugePages:    212992 kB
ShmemHugePages:        0 kB
ShmemPmdMapped:        0 kB
FileHugePages:         0 kB
FilePmdMapped:         0 kB
CmaTotal:              0 kB
CmaFree:               0 kB
Unaccepted:            0 kB
Balloon:               0 kB
HugePages_Total:       0
HugePages_Free:        0
HugePages_Rsvd:        0
HugePages_Surp:        0
Hugepagesize:       2048 kB
Hugetlb:               0 kB
DirectMap4k:      194432 kB
DirectMap2M:     6096896 kB
DirectMap1G:     4194304 kB
---SNAPSHOT---
2026-04-27 15:12:01
MemTotal:        8129240 kB
MemFree:         5382216 kB
MemAvailable:    5581256 kB
Buffers:            5588 kB
Cached:           292244 kB
SwapCached:        82712 kB
Active:          1527744 kB
Inactive:         545516 kB
Active(anon):    1423660 kB
Inactive(anon):   389260 kB
Active(file):     104084 kB
Inactive(file):   156256 kB
Unevictable:           0 kB
Mlocked:               0 kB
SwapTotal:       4194300 kB
SwapFree:        3974080 kB
Zswap:                 0 kB
Zswapped:              0 kB
Dirty:               492 kB
Writeback:             0 kB
AnonPages:       1695908 kB
Mapped:           247912 kB
Shmem:             37304 kB
KReclaimable:      55596 kB
Slab:             282916 kB
SReclaimable:      55596 kB
SUnreclaim:       227320 kB
KernelStack:       18096 kB
PageTables:        45324 kB
SecPageTables:         0 kB
NFS_Unstable:          0 kB
Bounce:                0 kB
WritebackTmp:          0 kB
CommitLimit:     8258920 kB
Committed_AS:    8759892 kB
VmallocTotal:   34359738367 kB
VmallocUsed:       46376 kB
VmallocChunk:          0 kB
Percpu:            13280 kB
HardwareCorrupted:     0 kB
AnonHugePages:    212992 kB
ShmemHugePages:        0 kB
ShmemPmdMapped:        0 kB
FileHugePages:         0 kB
FilePmdMapped:         0 kB
CmaTotal:              0 kB
CmaFree:               0 kB
Unaccepted:            0 kB
Balloon:               0 kB
HugePages_Total:       0
HugePages_Free:        0
HugePages_Rsvd:        0
HugePages_Surp:        0
Hugepagesize:       2048 kB
Hugetlb:               0 kB
DirectMap4k:      194432 kB
DirectMap2M:     6096896 kB
DirectMap1G:     4194304 kB
---SNAPSHOT---
2026-04-27 15:12:02
MemTotal:        8129240 kB
MemFree:         4535844 kB
MemAvailable:    4743432 kB
Buffers:            5980 kB
Cached:           317352 kB
SwapCached:        82712 kB
Active:          2394180 kB
Inactive:         546136 kB
Active(anon):    2282168 kB
Inactive(anon):   389260 kB
Active(file):     112012 kB
Inactive(file):   156876 kB
Unevictable:          16 kB
Mlocked:              16 kB
SwapTotal:       4194300 kB
SwapFree:        3974080 kB
Zswap:                 0 kB
Zswapped:              0 kB
Dirty:               572 kB
Writeback:             0 kB
AnonPages:       2537288 kB
Mapped:           268560 kB
Shmem:             54452 kB
KReclaimable:      55596 kB
Slab:             282948 kB
SReclaimable:      55596 kB
SUnreclaim:       227352 kB
KernelStack:       18288 kB
PageTables:        47388 kB
SecPageTables:         0 kB
NFS_Unstable:          0 kB
Bounce:                0 kB
WritebackTmp:          0 kB
CommitLimit:     8258920 kB
Committed_AS:   11409100 kB
VmallocTotal:   34359738367 kB
VmallocUsed:       46472 kB
VmallocChunk:          0 kB
Percpu:            13280 kB
HardwareCorrupted:     0 kB
AnonHugePages:    212992 kB
ShmemHugePages:        0 kB
ShmemPmdMapped:        0 kB
FileHugePages:         0 kB
FilePmdMapped:         0 kB
CmaTotal:              0 kB
CmaFree:               0 kB
Unaccepted:            0 kB
Balloon:               0 kB
HugePages_Total:       0
HugePages_Free:        0
HugePages_Rsvd:        0
HugePages_Surp:        0
Hugepagesize:       2048 kB
Hugetlb:               0 kB
DirectMap4k:      194432 kB
DirectMap2M:     6096896 kB
DirectMap1G:     4194304 kB
---SNAPSHOT---
2026-04-27 15:12:05
MemTotal:        8129240 kB
MemFree:         4350872 kB
MemAvailable:    4559040 kB
Buffers:            5988 kB
Cached:           317360 kB
SwapCached:        82712 kB
Active:          2456080 kB
Inactive:         546172 kB
Active(anon):    2344068 kB
Inactive(anon):   389260 kB
Active(file):     112012 kB
Inactive(file):   156912 kB
Unevictable:          16 kB
Mlocked:              16 kB
SwapTotal:       4194300 kB
SwapFree:        3974080 kB
Zswap:                 0 kB
Zswapped:              0 kB
Dirty:               580 kB
Writeback:             0 kB
AnonPages:       2599040 kB
Mapped:           268660 kB
Shmem:             54452 kB
KReclaimable:      56140 kB
Slab:             283492 kB
SReclaimable:      56140 kB
SUnreclaim:       227352 kB
KernelStack:       18348 kB
PageTables:        48988 kB
SecPageTables:         0 kB
NFS_Unstable:          0 kB
Bounce:                0 kB
WritebackTmp:          0 kB
CommitLimit:     8258920 kB
Committed_AS:   11410636 kB
VmallocTotal:   34359738367 kB
VmallocUsed:       46552 kB
VmallocChunk:          0 kB
Percpu:            13280 kB
HardwareCorrupted:     0 kB
AnonHugePages:    212992 kB
ShmemHugePages:        0 kB
ShmemPmdMapped:        0 kB
FileHugePages:         0 kB
FilePmdMapped:         0 kB
CmaTotal:              0 kB
CmaFree:               0 kB
Unaccepted:            0 kB
Balloon:               0 kB
HugePages_Total:       0
HugePages_Free:        0
HugePages_Rsvd:        0
HugePages_Surp:        0
Hugepagesize:       2048 kB
Hugetlb:               0 kB
DirectMap4k:      194432 kB
DirectMap2M:     6096896 kB
DirectMap1G:     4194304 kB
---SNAPSHOT---
2026-04-27 15:12:06
MemTotal:        8129240 kB
MemFree:         3513784 kB
MemAvailable:    3722956 kB
Buffers:            5988 kB
Cached:           317368 kB
SwapCached:        82712 kB
Active:          3325388 kB
Inactive:         546184 kB
Active(anon):    3213376 kB
Inactive(anon):   389260 kB
Active(file):     112012 kB
Inactive(file):   156924 kB
Unevictable:          16 kB
Mlocked:              16 kB
SwapTotal:       4194300 kB
SwapFree:        3974080 kB
Zswap:                 0 kB
Zswapped:              0 kB
Dirty:               596 kB
Writeback:             0 kB
AnonPages:       3468608 kB
Mapped:           268788 kB
Shmem:             54452 kB
KReclaimable:      57132 kB
Slab:             284480 kB
SReclaimable:      57132 kB
SUnreclaim:       227348 kB
KernelStack:       18332 kB
PageTables:        49996 kB
SecPageTables:         0 kB
NFS_Unstable:          0 kB
Bounce:                0 kB
WritebackTmp:          0 kB
CommitLimit:     8258920 kB
Committed_AS:   11409340 kB
VmallocTotal:   34359738367 kB
VmallocUsed:       46568 kB
VmallocChunk:          0 kB
Percpu:            13280 kB
HardwareCorrupted:     0 kB
AnonHugePages:    212992 kB
ShmemHugePages:        0 kB
ShmemPmdMapped:        0 kB
FileHugePages:         0 kB
FilePmdMapped:         0 kB
CmaTotal:              0 kB
CmaFree:               0 kB
Unaccepted:            0 kB
Balloon:               0 kB
HugePages_Total:       0
HugePages_Free:        0
HugePages_Rsvd:        0
HugePages_Surp:        0
Hugepagesize:       2048 kB
Hugetlb:               0 kB
DirectMap4k:      194432 kB
DirectMap2M:     6096896 kB
DirectMap1G:     4194304 kB
---SNAPSHOT---
2026-04-27 15:12:07
MemTotal:        8129240 kB
MemFree:         4605520 kB
MemAvailable:    4814696 kB
Buffers:            5988 kB
Cached:           317372 kB
SwapCached:        82712 kB
Active:          2179532 kB
Inactive:         546188 kB
Active(anon):    2067520 kB
Inactive(anon):   389260 kB
Active(file):     112012 kB
Inactive(file):   156928 kB
Unevictable:          16 kB
Mlocked:              16 kB
SwapTotal:       4194300 kB
SwapFree:        3974080 kB
Zswap:                 0 kB
Zswapped:              0 kB
Dirty:               600 kB
Writeback:             0 kB
AnonPages:       2323388 kB
Mapped:           268560 kB
Shmem:             54452 kB
KReclaimable:      57132 kB
Slab:             284476 kB
SReclaimable:      57132 kB
SUnreclaim:       227344 kB
KernelStack:       18348 kB
PageTables:        47972 kB
SecPageTables:         0 kB
NFS_Unstable:          0 kB
Bounce:                0 kB
WritebackTmp:          0 kB
CommitLimit:     8258920 kB
Committed_AS:   11409340 kB
VmallocTotal:   34359738367 kB
VmallocUsed:       46616 kB
VmallocChunk:          0 kB
Percpu:            13280 kB
HardwareCorrupted:     0 kB
AnonHugePages:    212992 kB
ShmemHugePages:        0 kB
ShmemPmdMapped:        0 kB
FileHugePages:         0 kB
FilePmdMapped:         0 kB
CmaTotal:              0 kB
CmaFree:               0 kB
Unaccepted:            0 kB
Balloon:               0 kB
HugePages_Total:       0
HugePages_Free:        0
HugePages_Rsvd:        0
HugePages_Surp:        0
Hugepagesize:       2048 kB
Hugetlb:               0 kB
DirectMap4k:      194432 kB
DirectMap2M:     6096896 kB
DirectMap1G:     4194304 kB
---SNAPSHOT---
2026-04-27 15:12:08
MemTotal:        8129240 kB
MemFree:         4454020 kB
MemAvailable:    4663204 kB
Buffers:            5996 kB
Cached:           317380 kB
SwapCached:        82712 kB
Active:          2415144 kB
Inactive:         546196 kB
Active(anon):    2303132 kB
Inactive(anon):   389260 kB
Active(file):     112012 kB
Inactive(file):   156936 kB
Unevictable:          16 kB
Mlocked:              16 kB
SwapTotal:       4194300 kB
SwapFree:        3974080 kB
Zswap:                 0 kB
Zswapped:              0 kB
Dirty:               612 kB
Writeback:             0 kB
AnonPages:       2558708 kB
Mapped:           268560 kB
Shmem:             54452 kB
KReclaimable:      57132 kB
Slab:             284476 kB
SReclaimable:      57132 kB
SUnreclaim:       227344 kB
KernelStack:       18332 kB
PageTables:        47644 kB
SecPageTables:         0 kB
NFS_Unstable:          0 kB
Bounce:                0 kB
WritebackTmp:          0 kB
CommitLimit:     8258920 kB
Committed_AS:   11409620 kB
VmallocTotal:   34359738367 kB
VmallocUsed:       46568 kB
VmallocChunk:          0 kB
Percpu:            13280 kB
HardwareCorrupted:     0 kB
AnonHugePages:    212992 kB
ShmemHugePages:        0 kB
ShmemPmdMapped:        0 kB
FileHugePages:         0 kB
FilePmdMapped:         0 kB
CmaTotal:              0 kB
CmaFree:               0 kB
Unaccepted:            0 kB
Balloon:               0 kB
HugePages_Total:       0
HugePages_Free:        0
HugePages_Rsvd:        0
HugePages_Surp:        0
Hugepagesize:       2048 kB
Hugetlb:               0 kB
DirectMap4k:      194432 kB
DirectMap2M:     6096896 kB
DirectMap1G:     4194304 kB
---SNAPSHOT---
2026-04-27 15:12:09
MemTotal:        8129240 kB
MemFree:         3521992 kB
MemAvailable:    3731184 kB
Buffers:            5996 kB
Cached:           317384 kB
SwapCached:        82712 kB
Active:          3353500 kB
Inactive:         546204 kB
Active(anon):    3241488 kB
Inactive(anon):   389260 kB
Active(file):     112012 kB
Inactive(file):   156944 kB
Unevictable:          16 kB
Mlocked:              16 kB
SwapTotal:       4194300 kB
SwapFree:        3974080 kB
Zswap:                 0 kB
Zswapped:              0 kB
Dirty:               616 kB
Writeback:             0 kB
AnonPages:       3496832 kB
Mapped:           268560 kB
Shmem:             54452 kB
KReclaimable:      57132 kB
Slab:             284476 kB
SReclaimable:      57132 kB
SUnreclaim:       227344 kB
KernelStack:       18348 kB
PageTables:        49280 kB
SecPageTables:         0 kB
NFS_Unstable:          0 kB
Bounce:                0 kB
WritebackTmp:          0 kB
CommitLimit:     8258920 kB
Committed_AS:   11409588 kB
VmallocTotal:   34359738367 kB
VmallocUsed:       46552 kB
VmallocChunk:          0 kB
Percpu:            13280 kB
HardwareCorrupted:     0 kB
AnonHugePages:    212992 kB
ShmemHugePages:        0 kB
ShmemPmdMapped:        0 kB
FileHugePages:         0 kB
FilePmdMapped:         0 kB
CmaTotal:              0 kB
CmaFree:               0 kB
Unaccepted:            0 kB
Balloon:               0 kB
HugePages_Total:       0
HugePages_Free:        0
HugePages_Rsvd:        0
HugePages_Surp:        0
Hugepagesize:       2048 kB
Hugetlb:               0 kB
DirectMap4k:      194432 kB
DirectMap2M:     6096896 kB
DirectMap1G:     4194304 kB
---SNAPSHOT---
2026-04-27 15:12:10
MemTotal:        8129240 kB
MemFree:         3995840 kB
MemAvailable:    4205040 kB
Buffers:            5996 kB
Cached:           317392 kB
SwapCached:        82712 kB
Active:          2888144 kB
Inactive:         546212 kB
Active(anon):    2776132 kB
Inactive(anon):   389260 kB
Active(file):     112012 kB
Inactive(file):   156952 kB
Unevictable:          16 kB
Mlocked:              16 kB
SwapTotal:       4194300 kB
SwapFree:        3974080 kB
Zswap:                 0 kB
Zswapped:              0 kB
Dirty:               624 kB
Writeback:             0 kB
AnonPages:       3031664 kB
Mapped:           268560 kB
Shmem:             54452 kB
KReclaimable:      57132 kB
Slab:             284476 kB
SReclaimable:      57132 kB
SUnreclaim:       227344 kB
KernelStack:       18316 kB
PageTables:        48800 kB
SecPageTables:         0 kB
NFS_Unstable:          0 kB
Bounce:                0 kB
WritebackTmp:          0 kB
CommitLimit:     8258920 kB
Committed_AS:   11409256 kB
VmallocTotal:   34359738367 kB
VmallocUsed:       46584 kB
VmallocChunk:          0 kB
Percpu:            13280 kB
HardwareCorrupted:     0 kB
AnonHugePages:    212992 kB
ShmemHugePages:        0 kB
ShmemPmdMapped:        0 kB
FileHugePages:         0 kB
FilePmdMapped:         0 kB
CmaTotal:              0 kB
CmaFree:               0 kB
Unaccepted:            0 kB
Balloon:               0 kB
HugePages_Total:       0
HugePages_Free:        0
HugePages_Rsvd:        0
HugePages_Surp:        0
Hugepagesize:       2048 kB
Hugetlb:               0 kB
DirectMap4k:      194432 kB
DirectMap2M:     6096896 kB
DirectMap1G:     4194304 kB
---SNAPSHOT---
2026-04-27 15:12:11
MemTotal:        8129240 kB
MemFree:         4016992 kB
MemAvailable:    4226200 kB
Buffers:            5996 kB
Cached:           317396 kB
SwapCached:        82712 kB
Active:          2883120 kB
Inactive:         546220 kB
Active(anon):    2771108 kB
Inactive(anon):   389260 kB
Active(file):     112012 kB
Inactive(file):   156960 kB
Unevictable:          16 kB
Mlocked:              16 kB
SwapTotal:       4194300 kB
SwapFree:        3974080 kB
Zswap:                 0 kB
Zswapped:              0 kB
Dirty:               628 kB
Writeback:             0 kB
AnonPages:       3026240 kB
Mapped:           268560 kB
Shmem:             54452 kB
KReclaimable:      57132 kB
Slab:             284456 kB
SReclaimable:      57132 kB
SUnreclaim:       227324 kB
KernelStack:       18332 kB
PageTables:        48788 kB
SecPageTables:         0 kB
NFS_Unstable:          0 kB
Bounce:                0 kB
WritebackTmp:          0 kB
CommitLimit:     8258920 kB
Committed_AS:   11409340 kB
VmallocTotal:   34359738367 kB
VmallocUsed:       46552 kB
VmallocChunk:          0 kB
Percpu:            13280 kB
HardwareCorrupted:     0 kB
AnonHugePages:    212992 kB
ShmemHugePages:        0 kB
ShmemPmdMapped:        0 kB
FileHugePages:         0 kB
FilePmdMapped:         0 kB
CmaTotal:              0 kB
CmaFree:               0 kB
Unaccepted:            0 kB
Balloon:               0 kB
HugePages_Total:       0
HugePages_Free:        0
HugePages_Rsvd:        0
HugePages_Surp:        0
Hugepagesize:       2048 kB
Hugetlb:               0 kB
DirectMap4k:      194432 kB
DirectMap2M:     6096896 kB
DirectMap1G:     4194304 kB
---SNAPSHOT---
2026-04-27 15:12:12
MemTotal:        8129240 kB
MemFree:         3335896 kB
MemAvailable:    3545108 kB
Buffers:            5996 kB
Cached:           317400 kB
SwapCached:        82712 kB
Active:          3571516 kB
Inactive:         546224 kB
Active(anon):    3459504 kB
Inactive(anon):   389260 kB
Active(file):     112012 kB
Inactive(file):   156964 kB
Unevictable:          16 kB
Mlocked:              16 kB
SwapTotal:       4194300 kB
SwapFree:        3974080 kB
Zswap:                 0 kB
Zswapped:              0 kB
Dirty:               632 kB
Writeback:             0 kB
AnonPages:       3714692 kB
Mapped:           268560 kB
Shmem:             54452 kB
KReclaimable:      57132 kB
Slab:             284456 kB
SReclaimable:      57132 kB
SUnreclaim:       227324 kB
KernelStack:       18288 kB
PageTables:        49664 kB
SecPageTables:         0 kB
NFS_Unstable:          0 kB
Bounce:                0 kB
WritebackTmp:          0 kB
CommitLimit:     8258920 kB
Committed_AS:   11409480 kB
VmallocTotal:   34359738367 kB
VmallocUsed:       46552 kB
VmallocChunk:          0 kB
Percpu:            13280 kB
HardwareCorrupted:     0 kB
AnonHugePages:    212992 kB
ShmemHugePages:        0 kB
ShmemPmdMapped:        0 kB
FileHugePages:         0 kB
FilePmdMapped:         0 kB
CmaTotal:              0 kB
CmaFree:               0 kB
Unaccepted:            0 kB
Balloon:               0 kB
HugePages_Total:       0
HugePages_Free:        0
HugePages_Rsvd:        0
HugePages_Surp:        0
Hugepagesize:       2048 kB
Hugetlb:               0 kB
DirectMap4k:      194432 kB
DirectMap2M:     6096896 kB
DirectMap1G:     4194304 kB
---SNAPSHOT---
2026-04-27 15:12:13
MemTotal:        8129240 kB
MemFree:         3783132 kB
MemAvailable:    3992356 kB
Buffers:            6004 kB
Cached:           317408 kB
SwapCached:       122652 kB
Active:          3135332 kB
Inactive:         570584 kB
Active(anon):    3023320 kB
Inactive(anon):   413608 kB
Active(file):     112012 kB
Inactive(file):   156976 kB
Unevictable:          16 kB
Mlocked:              16 kB
SwapTotal:       4194300 kB
SwapFree:        3934140 kB
Zswap:                 0 kB
Zswapped:              0 kB
Dirty:               640 kB
Writeback:         15476 kB
AnonPages:       3265360 kB
Mapped:           268660 kB
Shmem:             54452 kB
KReclaimable:      57132 kB
Slab:             285488 kB
SReclaimable:      57132 kB
SUnreclaim:       228356 kB
KernelStack:       18332 kB
PageTables:        49388 kB
SecPageTables:         0 kB
NFS_Unstable:          0 kB
Bounce:                0 kB
WritebackTmp:          0 kB
CommitLimit:     8258920 kB
Committed_AS:   11409156 kB
VmallocTotal:   34359738367 kB
VmallocUsed:       46568 kB
VmallocChunk:          0 kB
Percpu:            13280 kB
HardwareCorrupted:     0 kB
AnonHugePages:    212992 kB
ShmemHugePages:        0 kB
ShmemPmdMapped:        0 kB
FileHugePages:         0 kB
FilePmdMapped:         0 kB
CmaTotal:              0 kB
CmaFree:               0 kB
Unaccepted:            0 kB
Balloon:               0 kB
HugePages_Total:       0
HugePages_Free:        0
HugePages_Rsvd:        0
HugePages_Surp:        0
Hugepagesize:       2048 kB
Hugetlb:               0 kB
DirectMap4k:      194432 kB
DirectMap2M:     6096896 kB
DirectMap1G:     4194304 kB
---SNAPSHOT---
2026-04-27 15:12:15
MemTotal:        8129240 kB
MemFree:         3696140 kB
MemAvailable:    3905368 kB
Buffers:            6004 kB
Cached:           317412 kB
SwapCached:       379108 kB
Active:          2919592 kB
Inactive:         835336 kB
Active(anon):    2807580 kB
Inactive(anon):   678356 kB
Active(file):     112012 kB
Inactive(file):   156980 kB
Unevictable:          16 kB
Mlocked:              16 kB
SwapTotal:       4194300 kB
SwapFree:        3677628 kB
Zswap:                 0 kB
Zswapped:              0 kB
Dirty:               644 kB
Writeback:          7252 kB
AnonPages:       3057952 kB
Mapped:           268560 kB
Shmem:             54452 kB
KReclaimable:      57132 kB
Slab:             285232 kB
SReclaimable:      57132 kB
SUnreclaim:       228100 kB
KernelStack:       18332 kB
PageTables:        49680 kB
SecPageTables:         0 kB
NFS_Unstable:          0 kB
Bounce:                0 kB
WritebackTmp:          0 kB
CommitLimit:     8258920 kB
Committed_AS:   11409320 kB
VmallocTotal:   34359738367 kB
VmallocUsed:       46584 kB
VmallocChunk:          0 kB
Percpu:            13280 kB
HardwareCorrupted:     0 kB
AnonHugePages:    212992 kB
ShmemHugePages:        0 kB
ShmemPmdMapped:        0 kB
FileHugePages:         0 kB
FilePmdMapped:         0 kB
CmaTotal:              0 kB
CmaFree:               0 kB
Unaccepted:            0 kB
Balloon:               0 kB
HugePages_Total:       0
HugePages_Free:        0
HugePages_Rsvd:        0
HugePages_Surp:        0
Hugepagesize:       2048 kB
Hugetlb:               0 kB
DirectMap4k:      194432 kB
DirectMap2M:     6096896 kB
DirectMap1G:     4194304 kB
---SNAPSHOT---
2026-04-27 15:12:16
MemTotal:        8129240 kB
MemFree:         3712160 kB
MemAvailable:    3921400 kB
Buffers:            6004 kB
Cached:           317420 kB
SwapCached:       566044 kB
Active:          2775356 kB
Inactive:        1006980 kB
Active(anon):    2663344 kB
Inactive(anon):   849988 kB
Active(file):     112012 kB
Inactive(file):   156992 kB
Unevictable:          16 kB
Mlocked:              16 kB
SwapTotal:       4194300 kB
SwapFree:        3490748 kB
Zswap:                 0 kB
Zswapped:              0 kB
Dirty:               652 kB
Writeback:         22756 kB
AnonPages:       2898264 kB
Mapped:           268560 kB
Shmem:             54452 kB
KReclaimable:      57132 kB
Slab:             285928 kB
SReclaimable:      57132 kB
SUnreclaim:       228796 kB
KernelStack:       18348 kB
PageTables:        49604 kB
SecPageTables:         0 kB
NFS_Unstable:          0 kB
Bounce:                0 kB
WritebackTmp:          0 kB
CommitLimit:     8258920 kB
Committed_AS:   11409376 kB
VmallocTotal:   34359738367 kB
VmallocUsed:       46584 kB
VmallocChunk:          0 kB
Percpu:            13280 kB
HardwareCorrupted:     0 kB
AnonHugePages:    212992 kB
ShmemHugePages:        0 kB
ShmemPmdMapped:        0 kB
FileHugePages:         0 kB
FilePmdMapped:         0 kB
CmaTotal:              0 kB
CmaFree:               0 kB
Unaccepted:            0 kB
Balloon:               0 kB
HugePages_Total:       0
HugePages_Free:        0
HugePages_Rsvd:        0
HugePages_Surp:        0
Hugepagesize:       2048 kB
Hugetlb:               0 kB
DirectMap4k:      194432 kB
DirectMap2M:     6096896 kB
DirectMap1G:     4194304 kB
---SNAPSHOT---
2026-04-27 15:12:17
MemTotal:        8129240 kB
MemFree:         3681104 kB
MemAvailable:    3890348 kB
Buffers:            6004 kB
Cached:           317424 kB
SwapCached:       603932 kB
Active:          2781960 kB
Inactive:        1044244 kB
Active(anon):    2669948 kB
Inactive(anon):   887248 kB
Active(file):     112012 kB
Inactive(file):   156996 kB
Unevictable:          16 kB
Mlocked:              16 kB
SwapTotal:       4194300 kB
SwapFree:        3452860 kB
Zswap:                 0 kB
Zswapped:              0 kB
Dirty:               656 kB
Writeback:         23212 kB
AnonPages:       2904732 kB
Mapped:           268560 kB
Shmem:             54452 kB
KReclaimable:      57132 kB
Slab:             285928 kB
SReclaimable:      57132 kB
SUnreclaim:       228796 kB
KernelStack:       18348 kB
PageTables:        49704 kB
SecPageTables:         0 kB
NFS_Unstable:          0 kB
Bounce:                0 kB
WritebackTmp:          0 kB
CommitLimit:     8258920 kB
Committed_AS:   11409232 kB
VmallocTotal:   34359738367 kB
VmallocUsed:       46584 kB
VmallocChunk:          0 kB
Percpu:            13280 kB
HardwareCorrupted:     0 kB
AnonHugePages:    212992 kB
ShmemHugePages:        0 kB
ShmemPmdMapped:        0 kB
FileHugePages:         0 kB
FilePmdMapped:         0 kB
CmaTotal:              0 kB
CmaFree:               0 kB
Unaccepted:            0 kB
Balloon:               0 kB
HugePages_Total:       0
HugePages_Free:        0
HugePages_Rsvd:        0
HugePages_Surp:        0
Hugepagesize:       2048 kB
Hugetlb:               0 kB
DirectMap4k:      194432 kB
DirectMap2M:     6096896 kB
DirectMap1G:     4194304 kB
---SNAPSHOT---
2026-04-27 15:12:19
MemTotal:        8129240 kB
MemFree:         3782212 kB
MemAvailable:    3991456 kB
Buffers:            6012 kB
Cached:           317424 kB
SwapCached:       620364 kB
Active:          2642732 kB
Inactive:        1082064 kB
Active(anon):    2530720 kB
Inactive(anon):   925068 kB
Active(file):     112012 kB
Inactive(file):   156996 kB
Unevictable:          16 kB
Mlocked:              16 kB
SwapTotal:       4194300 kB
SwapFree:        3436288 kB
Zswap:                 0 kB
Zswapped:              0 kB
Dirty:               660 kB
Writeback:           180 kB
AnonPages:       2787812 kB
Mapped:           268560 kB
Shmem:             54452 kB
KReclaimable:      57132 kB
Slab:             284592 kB
SReclaimable:      57132 kB
SUnreclaim:       227460 kB
KernelStack:       18300 kB
PageTables:        49340 kB
SecPageTables:         0 kB
NFS_Unstable:          0 kB
Bounce:                0 kB
WritebackTmp:          0 kB
CommitLimit:     8258920 kB
Committed_AS:   11409480 kB
VmallocTotal:   34359738367 kB
VmallocUsed:       46568 kB
VmallocChunk:          0 kB
Percpu:            13280 kB
HardwareCorrupted:     0 kB
AnonHugePages:    212992 kB
ShmemHugePages:        0 kB
ShmemPmdMapped:        0 kB
FileHugePages:         0 kB
FilePmdMapped:         0 kB
CmaTotal:              0 kB
CmaFree:               0 kB
Unaccepted:            0 kB
Balloon:               0 kB
HugePages_Total:       0
HugePages_Free:        0
HugePages_Rsvd:        0
HugePages_Surp:        0
Hugepagesize:       2048 kB
Hugetlb:               0 kB
DirectMap4k:      194432 kB
DirectMap2M:     6096896 kB
DirectMap1G:     4194304 kB
---SNAPSHOT---
2026-04-27 15:12:20
MemTotal:        8129240 kB
MemFree:         3351240 kB
MemAvailable:    3560500 kB
Buffers:            6012 kB
Cached:           317436 kB
SwapCached:       816428 kB
Active:          2900964 kB
Inactive:        1278008 kB
Active(anon):    2788952 kB
Inactive(anon):  1120996 kB
Active(file):     112012 kB
Inactive(file):   157012 kB
Unevictable:          16 kB
Mlocked:              16 kB
SwapTotal:       4194300 kB
SwapFree:        3240256 kB
Zswap:                 0 kB
Zswapped:              0 kB
Dirty:               668 kB
Writeback:           308 kB
AnonPages:       3046708 kB
Mapped:           268788 kB
Shmem:             54452 kB
KReclaimable:      57132 kB
Slab:             284416 kB
SReclaimable:      57132 kB
SUnreclaim:       227284 kB
KernelStack:       18316 kB
PageTables:        50424 kB
SecPageTables:         0 kB
NFS_Unstable:          0 kB
Bounce:                0 kB
WritebackTmp:          0 kB
CommitLimit:     8258920 kB
Committed_AS:   11409500 kB
VmallocTotal:   34359738367 kB
VmallocUsed:       46616 kB
VmallocChunk:          0 kB
Percpu:            13280 kB
HardwareCorrupted:     0 kB
AnonHugePages:    212992 kB
ShmemHugePages:        0 kB
ShmemPmdMapped:        0 kB
FileHugePages:         0 kB
FilePmdMapped:         0 kB
CmaTotal:              0 kB
CmaFree:               0 kB
Unaccepted:            0 kB
Balloon:               0 kB
HugePages_Total:       0
HugePages_Free:        0
HugePages_Rsvd:        0
HugePages_Surp:        0
Hugepagesize:       2048 kB
Hugetlb:               0 kB
DirectMap4k:      194432 kB
DirectMap2M:     6096896 kB
DirectMap1G:     4194304 kB
---SNAPSHOT---
2026-04-27 15:12:22
MemTotal:        8129240 kB
MemFree:         3543620 kB
MemAvailable:    3752888 kB
Buffers:            6012 kB
Cached:           317440 kB
SwapCached:       831736 kB
Active:          2696676 kB
Inactive:        1292420 kB
Active(anon):    2584664 kB
Inactive(anon):  1135400 kB
Active(file):     112012 kB
Inactive(file):   157020 kB
Unevictable:          16 kB
Mlocked:              16 kB
SwapTotal:       4194300 kB
SwapFree:        3225056 kB
Zswap:                 0 kB
Zswapped:              0 kB
Dirty:               672 kB
Writeback:           724 kB
AnonPages:       2841548 kB
Mapped:           268560 kB
Shmem:             54452 kB
KReclaimable:      57132 kB
Slab:             284432 kB
SReclaimable:      57132 kB
SUnreclaim:       227300 kB
KernelStack:       18316 kB
PageTables:        49856 kB
SecPageTables:         0 kB
NFS_Unstable:          0 kB
Bounce:                0 kB
WritebackTmp:          0 kB
CommitLimit:     8258920 kB
Committed_AS:   11409228 kB
VmallocTotal:   34359738367 kB
VmallocUsed:       46584 kB
VmallocChunk:          0 kB
Percpu:            13280 kB
HardwareCorrupted:     0 kB
AnonHugePages:    212992 kB
ShmemHugePages:        0 kB
ShmemPmdMapped:        0 kB
FileHugePages:         0 kB
FilePmdMapped:         0 kB
CmaTotal:              0 kB
CmaFree:               0 kB
Unaccepted:            0 kB
Balloon:               0 kB
HugePages_Total:       0
HugePages_Free:        0
HugePages_Rsvd:        0
HugePages_Surp:        0
Hugepagesize:       2048 kB
Hugetlb:               0 kB
DirectMap4k:      194432 kB
DirectMap2M:     6096896 kB
DirectMap1G:     4194304 kB
---SNAPSHOT---
2026-04-27 15:12:23
MemTotal:        8129240 kB
MemFree:         3735644 kB
MemAvailable:    3944916 kB
Buffers:            6012 kB
Cached:           317448 kB
SwapCached:       831880 kB
Active:          2511252 kB
Inactive:        1292636 kB
Active(anon):    2399240 kB
Inactive(anon):  1135612 kB
Active(file):     112012 kB
Inactive(file):   157024 kB
Unevictable:          16 kB
Mlocked:              16 kB
SwapTotal:       4194300 kB
SwapFree:        3224912 kB
Zswap:                 0 kB
Zswapped:              0 kB
Dirty:               680 kB
Writeback:           772 kB
AnonPages:       2656116 kB
Mapped:           268560 kB
Shmem:             54452 kB
KReclaimable:      57132 kB
Slab:             284432 kB
SReclaimable:      57132 kB
SUnreclaim:       227300 kB
KernelStack:       18332 kB
PageTables:        49624 kB
SecPageTables:         0 kB
NFS_Unstable:          0 kB
Bounce:                0 kB
WritebackTmp:          0 kB
CommitLimit:     8258920 kB
Committed_AS:   11409588 kB
VmallocTotal:   34359738367 kB
VmallocUsed:       46616 kB
VmallocChunk:          0 kB
Percpu:            13280 kB
HardwareCorrupted:     0 kB
AnonHugePages:    212992 kB
ShmemHugePages:        0 kB
ShmemPmdMapped:        0 kB
FileHugePages:         0 kB
FilePmdMapped:         0 kB
CmaTotal:              0 kB
CmaFree:               0 kB
Unaccepted:            0 kB
Balloon:               0 kB
HugePages_Total:       0
HugePages_Free:        0
HugePages_Rsvd:        0
HugePages_Surp:        0
Hugepagesize:       2048 kB
Hugetlb:               0 kB
DirectMap4k:      194432 kB
DirectMap2M:     6096896 kB
DirectMap1G:     4194304 kB
---SNAPSHOT---
2026-04-27 15:12:24
MemTotal:        8129240 kB
MemFree:         3665148 kB
MemAvailable:    3874436 kB
Buffers:            6020 kB
Cached:           317452 kB
SwapCached:       832284 kB
Active:          2577664 kB
Inactive:        1292652 kB
Active(anon):    2465652 kB
Inactive(anon):  1135612 kB
Active(file):     112012 kB
Inactive(file):   157040 kB
Unevictable:          16 kB
Mlocked:              16 kB
SwapTotal:       4194300 kB
SwapFree:        3224508 kB
Zswap:                 0 kB
Zswapped:              0 kB
Dirty:               688 kB
Writeback:           260 kB
AnonPages:       2721912 kB
Mapped:           268660 kB
Shmem:             54452 kB
KReclaimable:      57132 kB
Slab:             284408 kB
SReclaimable:      57132 kB
SUnreclaim:       227276 kB
KernelStack:       18300 kB
PageTables:        49588 kB
SecPageTables:         0 kB
NFS_Unstable:          0 kB
Bounce:                0 kB
WritebackTmp:          0 kB
CommitLimit:     8258920 kB
Committed_AS:   11409384 kB
VmallocTotal:   34359738367 kB
VmallocUsed:       46600 kB
VmallocChunk:          0 kB
Percpu:            13280 kB
HardwareCorrupted:     0 kB
AnonHugePages:    212992 kB
ShmemHugePages:        0 kB
ShmemPmdMapped:        0 kB
FileHugePages:         0 kB
FilePmdMapped:         0 kB
CmaTotal:              0 kB
CmaFree:               0 kB
Unaccepted:            0 kB
Balloon:               0 kB
HugePages_Total:       0
HugePages_Free:        0
HugePages_Rsvd:        0
HugePages_Surp:        0
Hugepagesize:       2048 kB
Hugetlb:               0 kB
DirectMap4k:      194432 kB
DirectMap2M:     6096896 kB
DirectMap1G:     4194304 kB
---SNAPSHOT---
2026-04-27 15:12:25
MemTotal:        8129240 kB
MemFree:         3669920 kB
MemAvailable:    3879212 kB
Buffers:            6020 kB
Cached:           317460 kB
SwapCached:       833508 kB
Active:          2506888 kB
Inactive:        1294568 kB
Active(anon):    2394876 kB
Inactive(anon):  1137524 kB
Active(file):     112012 kB
Inactive(file):   157044 kB
Unevictable:          16 kB
Mlocked:              16 kB
SwapTotal:       4194300 kB
SwapFree:        3223284 kB
Zswap:                 0 kB
Zswapped:              0 kB
Dirty:               692 kB
Writeback:           152 kB
AnonPages:       2630312 kB
Mapped:           268560 kB
Shmem:             54452 kB
KReclaimable:      57132 kB
Slab:             284408 kB
SReclaimable:      57132 kB
SUnreclaim:       227276 kB
KernelStack:       18332 kB
PageTables:        50676 kB
SecPageTables:         0 kB
NFS_Unstable:          0 kB
Bounce:                0 kB
WritebackTmp:          0 kB
CommitLimit:     8258920 kB
Committed_AS:   11409384 kB
VmallocTotal:   34359738367 kB
VmallocUsed:       46648 kB
VmallocChunk:          0 kB
Percpu:            13280 kB
HardwareCorrupted:     0 kB
AnonHugePages:    212992 kB
ShmemHugePages:        0 kB
ShmemPmdMapped:        0 kB
FileHugePages:         0 kB
FilePmdMapped:         0 kB
CmaTotal:              0 kB
CmaFree:               0 kB
Unaccepted:            0 kB
Balloon:               0 kB
HugePages_Total:       0
HugePages_Free:        0
HugePages_Rsvd:        0
HugePages_Surp:        0
Hugepagesize:       2048 kB
Hugetlb:               0 kB
DirectMap4k:      194432 kB
DirectMap2M:     6096896 kB
DirectMap1G:     4194304 kB
---SNAPSHOT---
2026-04-27 15:12:26
MemTotal:        8129240 kB
MemFree:         4013224 kB
MemAvailable:    4222520 kB
Buffers:            6024 kB
Cached:           317464 kB
SwapCached:       217324 kB
Active:          2872188 kB
Inactive:         661332 kB
Active(anon):    2760176 kB
Inactive(anon):   504284 kB
Active(file):     112012 kB
Inactive(file):   157048 kB
Unevictable:          16 kB
Mlocked:              16 kB
SwapTotal:       4194300 kB
SwapFree:        3839424 kB
Zswap:                 0 kB
Zswapped:              0 kB
Dirty:               448 kB
Writeback:         19312 kB
AnonPages:       2996872 kB
Mapped:           268560 kB
Shmem:             54452 kB
KReclaimable:      57132 kB
Slab:             285352 kB
SReclaimable:      57132 kB
SUnreclaim:       228220 kB
KernelStack:       18364 kB
PageTables:        48912 kB
SecPageTables:         0 kB
NFS_Unstable:          0 kB
Bounce:                0 kB
WritebackTmp:          0 kB
CommitLimit:     8258920 kB
Committed_AS:   11409832 kB
VmallocTotal:   34359738367 kB
VmallocUsed:       46664 kB
VmallocChunk:          0 kB
Percpu:            13280 kB
HardwareCorrupted:     0 kB
AnonHugePages:    212992 kB
ShmemHugePages:        0 kB
ShmemPmdMapped:        0 kB
FileHugePages:         0 kB
FilePmdMapped:         0 kB
CmaTotal:              0 kB
CmaFree:               0 kB
Unaccepted:            0 kB
Balloon:               0 kB
HugePages_Total:       0
HugePages_Free:        0
HugePages_Rsvd:        0
HugePages_Surp:        0
Hugepagesize:       2048 kB
Hugetlb:               0 kB
DirectMap4k:      194432 kB
DirectMap2M:     6096896 kB
DirectMap1G:     4194304 kB
---SNAPSHOT---
2026-04-27 15:12:27
MemTotal:        8129240 kB
MemFree:         3978812 kB
MemAvailable:    4188124 kB
Buffers:            6024 kB
Cached:           317472 kB
SwapCached:       223004 kB
Active:          2905016 kB
Inactive:         664004 kB
Active(anon):    2793004 kB
Inactive(anon):   506940 kB
Active(file):     112012 kB
Inactive(file):   157064 kB
Unevictable:          16 kB
Mlocked:              16 kB
SwapTotal:       4194300 kB
SwapFree:        3833788 kB
Zswap:                 0 kB
Zswapped:              0 kB
Dirty:               416 kB
Writeback:         22648 kB
AnonPages:       3027804 kB
Mapped:           268560 kB
Shmem:             54452 kB
KReclaimable:      57132 kB
Slab:             285808 kB
SReclaimable:      57132 kB
SUnreclaim:       228676 kB
KernelStack:       18332 kB
PageTables:        49520 kB
SecPageTables:         0 kB
NFS_Unstable:          0 kB
Bounce:                0 kB
WritebackTmp:          0 kB
CommitLimit:     8258920 kB
Committed_AS:   11409228 kB
VmallocTotal:   34359738367 kB
VmallocUsed:       46632 kB
VmallocChunk:          0 kB
Percpu:            13280 kB
HardwareCorrupted:     0 kB
AnonHugePages:    212992 kB
ShmemHugePages:        0 kB
ShmemPmdMapped:        0 kB
FileHugePages:         0 kB
FilePmdMapped:         0 kB
CmaTotal:              0 kB
CmaFree:               0 kB
Unaccepted:            0 kB
Balloon:               0 kB
HugePages_Total:       0
HugePages_Free:        0
HugePages_Rsvd:        0
HugePages_Surp:        0
Hugepagesize:       2048 kB
Hugetlb:               0 kB
DirectMap4k:      194432 kB
DirectMap2M:     6096896 kB
DirectMap1G:     4194304 kB
---SNAPSHOT---
2026-04-27 15:12:28
MemTotal:        8129240 kB
MemFree:         3963940 kB
MemAvailable:    4173260 kB
Buffers:            6024 kB
Cached:           317480 kB
SwapCached:       223004 kB
Active:          2875520 kB
Inactive:         672156 kB
Active(anon):    2763508 kB
Inactive(anon):   515084 kB
Active(file):     112012 kB
Inactive(file):   157072 kB
Unevictable:          16 kB
Mlocked:              16 kB
SwapTotal:       4194300 kB
SwapFree:        3833788 kB
Zswap:                 0 kB
Zswapped:              0 kB
Dirty:               424 kB
Writeback:         14500 kB
AnonPages:       3006740 kB
Mapped:           268560 kB
Shmem:             54452 kB
KReclaimable:      57132 kB
Slab:             285344 kB
SReclaimable:      57132 kB
SUnreclaim:       228212 kB
KernelStack:       18364 kB
PageTables:        48940 kB
SecPageTables:         0 kB
NFS_Unstable:          0 kB
Bounce:                0 kB
WritebackTmp:          0 kB
CommitLimit:     8258920 kB
Committed_AS:   11409096 kB
VmallocTotal:   34359738367 kB
VmallocUsed:       46664 kB
VmallocChunk:          0 kB
Percpu:            13280 kB
HardwareCorrupted:     0 kB
AnonHugePages:    212992 kB
ShmemHugePages:        0 kB
ShmemPmdMapped:        0 kB
FileHugePages:         0 kB
FilePmdMapped:         0 kB
CmaTotal:              0 kB
CmaFree:               0 kB
Unaccepted:            0 kB
Balloon:               0 kB
HugePages_Total:       0
HugePages_Free:        0
HugePages_Rsvd:        0
HugePages_Surp:        0
Hugepagesize:       2048 kB
Hugetlb:               0 kB
DirectMap4k:      194432 kB
DirectMap2M:     6096896 kB
DirectMap1G:     4194304 kB
---SNAPSHOT---
2026-04-27 15:12:30
MemTotal:        8129240 kB
MemFree:         4247032 kB
MemAvailable:    4456360 kB
Buffers:            6032 kB
Cached:           317480 kB
SwapCached:       254748 kB
Active:          2578748 kB
Inactive:         707580 kB
Active(anon):    2466736 kB
Inactive(anon):   550500 kB
Active(file):     112012 kB
Inactive(file):   157080 kB
Unevictable:          16 kB
Mlocked:              16 kB
SwapTotal:       4194300 kB
SwapFree:        3802044 kB
Zswap:                 0 kB
Zswapped:              0 kB
Dirty:               216 kB
Writeback:         11024 kB
AnonPages:       2713504 kB
Mapped:           268660 kB
Shmem:             54452 kB
KReclaimable:      57132 kB
Slab:             285608 kB
SReclaimable:      57132 kB
SUnreclaim:       228476 kB
KernelStack:       18332 kB
PageTables:        49716 kB
SecPageTables:         0 kB
NFS_Unstable:          0 kB
Bounce:                0 kB
WritebackTmp:          0 kB
CommitLimit:     8258920 kB
Committed_AS:   11409340 kB
VmallocTotal:   34359738367 kB
VmallocUsed:       46632 kB
VmallocChunk:          0 kB
Percpu:            13280 kB
HardwareCorrupted:     0 kB
AnonHugePages:    212992 kB
ShmemHugePages:        0 kB
ShmemPmdMapped:        0 kB
FileHugePages:         0 kB
FilePmdMapped:         0 kB
CmaTotal:              0 kB
CmaFree:               0 kB
Unaccepted:            0 kB
Balloon:               0 kB
HugePages_Total:       0
HugePages_Free:        0
HugePages_Rsvd:        0
HugePages_Surp:        0
Hugepagesize:       2048 kB
Hugetlb:               0 kB
DirectMap4k:      194432 kB
DirectMap2M:     6096896 kB
DirectMap1G:     4194304 kB
---SNAPSHOT---
2026-04-27 15:12:31
MemTotal:        8129240 kB
MemFree:         3595516 kB
MemAvailable:    3804852 kB
Buffers:            6032 kB
Cached:           317488 kB
SwapCached:       593180 kB
Active:          2920344 kB
Inactive:        1039740 kB
Active(anon):    2808332 kB
Inactive(anon):   882652 kB
Active(file):     112012 kB
Inactive(file):   157088 kB
Unevictable:          16 kB
Mlocked:              16 kB
SwapTotal:       4194300 kB
SwapFree:        3463612 kB
Zswap:                 0 kB
Zswapped:              0 kB
Dirty:               196 kB
Writeback:         17004 kB
AnonPages:       3048500 kB
Mapped:           268560 kB
Shmem:             54452 kB
KReclaimable:      57132 kB
Slab:             285840 kB
SReclaimable:      57132 kB
SUnreclaim:       228708 kB
KernelStack:       18364 kB
PageTables:        50748 kB
SecPageTables:         0 kB
NFS_Unstable:          0 kB
Bounce:                0 kB
WritebackTmp:          0 kB
CommitLimit:     8258920 kB
Committed_AS:   11409528 kB
VmallocTotal:   34359738367 kB
VmallocUsed:       46664 kB
VmallocChunk:          0 kB
Percpu:            13280 kB
HardwareCorrupted:     0 kB
AnonHugePages:    212992 kB
ShmemHugePages:        0 kB
ShmemPmdMapped:        0 kB
FileHugePages:         0 kB
FilePmdMapped:         0 kB
CmaTotal:              0 kB
CmaFree:               0 kB
Unaccepted:            0 kB
Balloon:               0 kB
HugePages_Total:       0
HugePages_Free:        0
HugePages_Rsvd:        0
HugePages_Surp:        0
Hugepagesize:       2048 kB
Hugetlb:               0 kB
DirectMap4k:      194432 kB
DirectMap2M:     6096896 kB
DirectMap1G:     4194304 kB
---SNAPSHOT---
2026-04-27 15:12:32
MemTotal:        8129240 kB
MemFree:         3569328 kB
MemAvailable:    3778672 kB
Buffers:            6032 kB
Cached:           317496 kB
SwapCached:       625436 kB
Active:          2918948 kB
Inactive:        1067428 kB
Active(anon):    2806936 kB
Inactive(anon):   910332 kB
Active(file):     112012 kB
Inactive(file):   157096 kB
Unevictable:          16 kB
Mlocked:              16 kB
SwapTotal:       4194300 kB
SwapFree:        3431356 kB
Zswap:                 0 kB
Zswapped:              0 kB
Dirty:               204 kB
Writeback:         21564 kB
AnonPages:       3042984 kB
Mapped:           268560 kB
Shmem:             54452 kB
KReclaimable:      57132 kB
Slab:             285808 kB
SReclaimable:      57132 kB
SUnreclaim:       228676 kB
KernelStack:       18348 kB
PageTables:        50392 kB
SecPageTables:         0 kB
NFS_Unstable:          0 kB
Bounce:                0 kB
WritebackTmp:          0 kB
CommitLimit:     8258920 kB
Committed_AS:   11409856 kB
VmallocTotal:   34359738367 kB
VmallocUsed:       46632 kB
VmallocChunk:          0 kB
Percpu:            13280 kB
HardwareCorrupted:     0 kB
AnonHugePages:    212992 kB
ShmemHugePages:        0 kB
ShmemPmdMapped:        0 kB
FileHugePages:         0 kB
FilePmdMapped:         0 kB
CmaTotal:              0 kB
CmaFree:               0 kB
Unaccepted:            0 kB
Balloon:               0 kB
HugePages_Total:       0
HugePages_Free:        0
HugePages_Rsvd:        0
HugePages_Surp:        0
Hugepagesize:       2048 kB
Hugetlb:               0 kB
DirectMap4k:      194432 kB
DirectMap2M:     6096896 kB
DirectMap1G:     4194304 kB
---SNAPSHOT---
2026-04-27 15:12:33
MemTotal:        8129240 kB
MemFree:         4289888 kB
MemAvailable:    4499248 kB
Buffers:            6036 kB
Cached:           317508 kB
SwapCached:        82780 kB
Active:          2742856 kB
Inactive:         546460 kB
Active(anon):    2630844 kB
Inactive(anon):   389348 kB
Active(file):     112012 kB
Inactive(file):   157112 kB
Unevictable:          16 kB
Mlocked:              16 kB
SwapTotal:       4194300 kB
SwapFree:        3974080 kB
Zswap:                 0 kB
Zswapped:              0 kB
Dirty:                16 kB
Writeback:           184 kB
AnonPages:       2885652 kB
Mapped:           268560 kB
Shmem:             54452 kB
KReclaimable:      57132 kB
Slab:             284536 kB
SReclaimable:      57132 kB
SUnreclaim:       227404 kB
KernelStack:       18304 kB
PageTables:        48720 kB
SecPageTables:         0 kB
NFS_Unstable:          0 kB
Bounce:                0 kB
WritebackTmp:          0 kB
CommitLimit:     8258920 kB
Committed_AS:   11409384 kB
VmallocTotal:   34359738367 kB
VmallocUsed:       46600 kB
VmallocChunk:          0 kB
Percpu:            13280 kB
HardwareCorrupted:     0 kB
AnonHugePages:    212992 kB
ShmemHugePages:        0 kB
ShmemPmdMapped:        0 kB
FileHugePages:         0 kB
FilePmdMapped:         0 kB
CmaTotal:              0 kB
CmaFree:               0 kB
Unaccepted:            0 kB
Balloon:               0 kB
HugePages_Total:       0
HugePages_Free:        0
HugePages_Rsvd:        0
HugePages_Surp:        0
Hugepagesize:       2048 kB
Hugetlb:               0 kB
DirectMap4k:      194432 kB
DirectMap2M:     6096896 kB
DirectMap1G:     4194304 kB
---SNAPSHOT---
2026-04-27 15:12:34
MemTotal:        8129240 kB
MemFree:         3950992 kB
MemAvailable:    4160360 kB
Buffers:            6036 kB
Cached:           317516 kB
SwapCached:        82712 kB
Active:          3003512 kB
Inactive:         546380 kB
Active(anon):    2891500 kB
Inactive(anon):   389260 kB
Active(file):     112012 kB
Inactive(file):   157120 kB
Unevictable:          16 kB
Mlocked:              16 kB
SwapTotal:       4194300 kB
SwapFree:        3974080 kB
Zswap:                 0 kB
Zswapped:              0 kB
Dirty:                40 kB
Writeback:             0 kB
AnonPages:       3123900 kB
Mapped:           268560 kB
Shmem:             54452 kB
KReclaimable:      57132 kB
Slab:             284472 kB
SReclaimable:      57132 kB
SUnreclaim:       227340 kB
KernelStack:       18320 kB
PageTables:        50536 kB
SecPageTables:         0 kB
NFS_Unstable:          0 kB
Bounce:                0 kB
WritebackTmp:          0 kB
CommitLimit:     8258920 kB
Committed_AS:   11409600 kB
VmallocTotal:   34359738367 kB
VmallocUsed:       46584 kB
VmallocChunk:          0 kB
Percpu:            13280 kB
HardwareCorrupted:     0 kB
AnonHugePages:    212992 kB
ShmemHugePages:        0 kB
ShmemPmdMapped:        0 kB
FileHugePages:         0 kB
FilePmdMapped:         0 kB
CmaTotal:              0 kB
CmaFree:               0 kB
Unaccepted:            0 kB
Balloon:               0 kB
HugePages_Total:       0
HugePages_Free:        0
HugePages_Rsvd:        0
HugePages_Surp:        0
Hugepagesize:       2048 kB
Hugetlb:               0 kB
DirectMap4k:      194432 kB
DirectMap2M:     6096896 kB
DirectMap1G:     4194304 kB
---SNAPSHOT---
2026-04-27 15:12:35
MemTotal:        8129240 kB
MemFree:         3540096 kB
MemAvailable:    3749476 kB
Buffers:            6044 kB
Cached:           317520 kB
SwapCached:        82712 kB
Active:          3480264 kB
Inactive:         546392 kB
Active(anon):    3368252 kB
Inactive(anon):   389260 kB
Active(file):     112012 kB
Inactive(file):   157132 kB
Unevictable:          16 kB
Mlocked:              16 kB
SwapTotal:       4194300 kB
SwapFree:        3974080 kB
Zswap:                 0 kB
Zswapped:              0 kB
Dirty:                64 kB
Writeback:             0 kB
AnonPages:       3623740 kB
Mapped:           268560 kB
Shmem:             54452 kB
KReclaimable:      57132 kB
Slab:             284472 kB
SReclaimable:      57132 kB
SUnreclaim:       227340 kB
KernelStack:       18288 kB
PageTables:        50124 kB
SecPageTables:         0 kB
NFS_Unstable:          0 kB
Bounce:                0 kB
WritebackTmp:          0 kB
CommitLimit:     8258920 kB
Committed_AS:   11409600 kB
VmallocTotal:   34359738367 kB
VmallocUsed:       46584 kB
VmallocChunk:          0 kB
Percpu:            13280 kB
HardwareCorrupted:     0 kB
AnonHugePages:    212992 kB
ShmemHugePages:        0 kB
ShmemPmdMapped:        0 kB
FileHugePages:         0 kB
FilePmdMapped:         0 kB
CmaTotal:              0 kB
CmaFree:               0 kB
Unaccepted:            0 kB
Balloon:               0 kB
HugePages_Total:       0
HugePages_Free:        0
HugePages_Rsvd:        0
HugePages_Surp:        0
Hugepagesize:       2048 kB
Hugetlb:               0 kB
DirectMap4k:      194432 kB
DirectMap2M:     6096896 kB
DirectMap1G:     4194304 kB
---SNAPSHOT---
2026-04-27 15:12:36
MemTotal:        8129240 kB
MemFree:         4636272 kB
MemAvailable:    4845660 kB
Buffers:            6044 kB
Cached:           317528 kB
SwapCached:        82712 kB
Active:          2362528 kB
Inactive:         546400 kB
Active(anon):    2250516 kB
Inactive(anon):   389260 kB
Active(file):     112012 kB
Inactive(file):   157140 kB
Unevictable:          16 kB
Mlocked:              16 kB
SwapTotal:       4194300 kB
SwapFree:        3974080 kB
Zswap:                 0 kB
Zswapped:              0 kB
Dirty:                72 kB
Writeback:             0 kB
AnonPages:       2505912 kB
Mapped:           268560 kB
Shmem:             54452 kB
KReclaimable:      57132 kB
Slab:             284468 kB
SReclaimable:      57132 kB
SUnreclaim:       227336 kB
KernelStack:       18304 kB
PageTables:        48904 kB
SecPageTables:         0 kB
NFS_Unstable:          0 kB
Bounce:                0 kB
WritebackTmp:          0 kB
CommitLimit:     8258920 kB
Committed_AS:   11409612 kB
VmallocTotal:   34359738367 kB
VmallocUsed:       46552 kB
VmallocChunk:          0 kB
Percpu:            13280 kB
HardwareCorrupted:     0 kB
AnonHugePages:    212992 kB
ShmemHugePages:        0 kB
ShmemPmdMapped:        0 kB
FileHugePages:         0 kB
FilePmdMapped:         0 kB
CmaTotal:              0 kB
CmaFree:               0 kB
Unaccepted:            0 kB
Balloon:               0 kB
HugePages_Total:       0
HugePages_Free:        0
HugePages_Rsvd:        0
HugePages_Surp:        0
Hugepagesize:       2048 kB
Hugetlb:               0 kB
DirectMap4k:      194432 kB
DirectMap2M:     6096896 kB
DirectMap1G:     4194304 kB
---SNAPSHOT---
2026-04-27 15:12:37
MemTotal:        8129240 kB
MemFree:         4403720 kB
MemAvailable:    4613112 kB
Buffers:            6044 kB
Cached:           317536 kB
SwapCached:        82712 kB
Active:          2581536 kB
Inactive:         546404 kB
Active(anon):    2469524 kB
Inactive(anon):   389260 kB
Active(file):     112012 kB
Inactive(file):   157144 kB
Unevictable:          16 kB
Mlocked:              16 kB
SwapTotal:       4194300 kB
SwapFree:        3974080 kB
Zswap:                 0 kB
Zswapped:              0 kB
Dirty:                80 kB
Writeback:             0 kB
AnonPages:       2724940 kB
Mapped:           268560 kB
Shmem:             54452 kB
KReclaimable:      57132 kB
Slab:             284468 kB
SReclaimable:      57132 kB
SUnreclaim:       227336 kB
KernelStack:       18348 kB
PageTables:        49564 kB
SecPageTables:         0 kB
NFS_Unstable:          0 kB
Bounce:                0 kB
WritebackTmp:          0 kB
CommitLimit:     8258920 kB
Committed_AS:   11409384 kB
VmallocTotal:   34359738367 kB
VmallocUsed:       46552 kB
VmallocChunk:          0 kB
Percpu:            13280 kB
HardwareCorrupted:     0 kB
AnonHugePages:    212992 kB
ShmemHugePages:        0 kB
ShmemPmdMapped:        0 kB
FileHugePages:         0 kB
FilePmdMapped:         0 kB
CmaTotal:              0 kB
CmaFree:               0 kB
Unaccepted:            0 kB
Balloon:               0 kB
HugePages_Total:       0
HugePages_Free:        0
HugePages_Rsvd:        0
HugePages_Surp:        0
Hugepagesize:       2048 kB
Hugetlb:               0 kB
DirectMap4k:      194432 kB
DirectMap2M:     6096896 kB
DirectMap1G:     4194304 kB
---SNAPSHOT---
2026-04-27 15:12:38
MemTotal:        8129240 kB
MemFree:         3558728 kB
MemAvailable:    3768128 kB
Buffers:            6044 kB
Cached:           317540 kB
SwapCached:        82712 kB
Active:          3389924 kB
Inactive:         546412 kB
Active(anon):    3277912 kB
Inactive(anon):   389260 kB
Active(file):     112012 kB
Inactive(file):   157152 kB
Unevictable:          16 kB
Mlocked:              16 kB
SwapTotal:       4194300 kB
SwapFree:        3974080 kB
Zswap:                 0 kB
Zswapped:              0 kB
Dirty:                84 kB
Writeback:             0 kB
AnonPages:       3524960 kB
Mapped:           268560 kB
Shmem:             54452 kB
KReclaimable:      57132 kB
Slab:             284468 kB
SReclaimable:      57132 kB
SUnreclaim:       227336 kB
KernelStack:       18364 kB
PageTables:        50780 kB
SecPageTables:         0 kB
NFS_Unstable:          0 kB
Bounce:                0 kB
WritebackTmp:          0 kB
CommitLimit:     8258920 kB
Committed_AS:   11409480 kB
VmallocTotal:   34359738367 kB
VmallocUsed:       46600 kB
VmallocChunk:          0 kB
Percpu:            13280 kB
HardwareCorrupted:     0 kB
AnonHugePages:    212992 kB
ShmemHugePages:        0 kB
ShmemPmdMapped:        0 kB
FileHugePages:         0 kB
FilePmdMapped:         0 kB
CmaTotal:              0 kB
CmaFree:               0 kB
Unaccepted:            0 kB
Balloon:               0 kB
HugePages_Total:       0
HugePages_Free:        0
HugePages_Rsvd:        0
HugePages_Surp:        0
Hugepagesize:       2048 kB
Hugetlb:               0 kB
DirectMap4k:      194432 kB
DirectMap2M:     6096896 kB
DirectMap1G:     4194304 kB
---SNAPSHOT---
2026-04-27 15:12:39
MemTotal:        8129240 kB
MemFree:         3946056 kB
MemAvailable:    4155464 kB
Buffers:            6052 kB
Cached:           317548 kB
SwapCached:        82712 kB
Active:          3064968 kB
Inactive:         546420 kB
Active(anon):    2952956 kB
Inactive(anon):   389260 kB
Active(file):     112012 kB
Inactive(file):   157160 kB
Unevictable:          16 kB
Mlocked:              16 kB
SwapTotal:       4194300 kB
SwapFree:        3974080 kB
Zswap:                 0 kB
Zswapped:              0 kB
Dirty:                92 kB
Writeback:             0 kB
AnonPages:       3208388 kB
Mapped:           268560 kB
Shmem:             54452 kB
KReclaimable:      57132 kB
Slab:             284468 kB
SReclaimable:      57132 kB
SUnreclaim:       227336 kB
KernelStack:       18304 kB
PageTables:        49376 kB
SecPageTables:         0 kB
NFS_Unstable:          0 kB
Bounce:                0 kB
WritebackTmp:          0 kB
CommitLimit:     8258920 kB
Committed_AS:   11409828 kB
VmallocTotal:   34359738367 kB
VmallocUsed:       46568 kB
VmallocChunk:          0 kB
Percpu:            13280 kB
HardwareCorrupted:     0 kB
AnonHugePages:    212992 kB
ShmemHugePages:        0 kB
ShmemPmdMapped:        0 kB
FileHugePages:         0 kB
FilePmdMapped:         0 kB
CmaTotal:              0 kB
CmaFree:               0 kB
Unaccepted:            0 kB
Balloon:               0 kB
HugePages_Total:       0
HugePages_Free:        0
HugePages_Rsvd:        0
HugePages_Surp:        0
Hugepagesize:       2048 kB
Hugetlb:               0 kB
DirectMap4k:      194432 kB
DirectMap2M:     6096896 kB
DirectMap1G:     4194304 kB
---SNAPSHOT---
2026-04-27 15:12:40
MemTotal:        8129240 kB
MemFree:         4343008 kB
MemAvailable:    4552428 kB
Buffers:            6052 kB
Cached:           317552 kB
SwapCached:        82712 kB
Active:          2660988 kB
Inactive:         546432 kB
Active(anon):    2548976 kB
Inactive(anon):   389260 kB
Active(file):     112012 kB
Inactive(file):   157172 kB
Unevictable:          16 kB
Mlocked:              16 kB
SwapTotal:       4194300 kB
SwapFree:        3974080 kB
Zswap:                 0 kB
Zswapped:              0 kB
Dirty:                96 kB
Writeback:             0 kB
AnonPages:       2804368 kB
Mapped:           268560 kB
Shmem:             54452 kB
KReclaimable:      57132 kB
Slab:             284468 kB
SReclaimable:      57132 kB
SUnreclaim:       227336 kB
KernelStack:       18364 kB
PageTables:        48592 kB
SecPageTables:         0 kB
NFS_Unstable:          0 kB
Bounce:                0 kB
WritebackTmp:          0 kB
CommitLimit:     8258920 kB
Committed_AS:   11409416 kB
VmallocTotal:   34359738367 kB
VmallocUsed:       46584 kB
VmallocChunk:          0 kB
Percpu:            13280 kB
HardwareCorrupted:     0 kB
AnonHugePages:    212992 kB
ShmemHugePages:        0 kB
ShmemPmdMapped:        0 kB
FileHugePages:         0 kB
FilePmdMapped:         0 kB
CmaTotal:              0 kB
CmaFree:               0 kB
Unaccepted:            0 kB
Balloon:               0 kB
HugePages_Total:       0
HugePages_Free:        0
HugePages_Rsvd:        0
HugePages_Surp:        0
Hugepagesize:       2048 kB
Hugetlb:               0 kB
DirectMap4k:      194432 kB
DirectMap2M:     6096896 kB
DirectMap1G:     4194304 kB
---SNAPSHOT---
2026-04-27 15:12:41
MemTotal:        8129240 kB
MemFree:         4512512 kB
MemAvailable:    4721936 kB
Buffers:            6052 kB
Cached:           317556 kB
SwapCached:        82712 kB
Active:          2380592 kB
Inactive:         546436 kB
Active(anon):    2268580 kB
Inactive(anon):   389260 kB
Active(file):     112012 kB
Inactive(file):   157176 kB
Unevictable:          16 kB
Mlocked:              16 kB
SwapTotal:       4194300 kB
SwapFree:        3974080 kB
Zswap:                 0 kB
Zswapped:              0 kB
Dirty:               100 kB
Writeback:             0 kB
AnonPages:       2522432 kB
Mapped:           268560 kB
Shmem:             54452 kB
KReclaimable:      57132 kB
Slab:             284468 kB
SReclaimable:      57132 kB
SUnreclaim:       227336 kB
KernelStack:       18364 kB
PageTables:        49012 kB
SecPageTables:         0 kB
NFS_Unstable:          0 kB
Bounce:                0 kB
WritebackTmp:          0 kB
CommitLimit:     8258920 kB
Committed_AS:   11408844 kB
VmallocTotal:   34359738367 kB
VmallocUsed:       46600 kB
VmallocChunk:          0 kB
Percpu:            13280 kB
HardwareCorrupted:     0 kB
AnonHugePages:    212992 kB
ShmemHugePages:        0 kB
ShmemPmdMapped:        0 kB
FileHugePages:         0 kB
FilePmdMapped:         0 kB
CmaTotal:              0 kB
CmaFree:               0 kB
Unaccepted:            0 kB
Balloon:               0 kB
HugePages_Total:       0
HugePages_Free:        0
HugePages_Rsvd:        0
HugePages_Surp:        0
Hugepagesize:       2048 kB
Hugetlb:               0 kB
DirectMap4k:      194432 kB
DirectMap2M:     6096896 kB
DirectMap1G:     4194304 kB
---SNAPSHOT---
2026-04-27 15:12:42
MemTotal:        8129240 kB
MemFree:         3843672 kB
MemAvailable:    4053100 kB
Buffers:            6052 kB
Cached:           317568 kB
SwapCached:        82712 kB
Active:          3170132 kB
Inactive:         546440 kB
Active(anon):    3058120 kB
Inactive(anon):   389260 kB
Active(file):     112012 kB
Inactive(file):   157180 kB
Unevictable:          16 kB
Mlocked:              16 kB
SwapTotal:       4194300 kB
SwapFree:        3974080 kB
Zswap:                 0 kB
Zswapped:              0 kB
Dirty:               112 kB
Writeback:             0 kB
AnonPages:       3313388 kB
Mapped:           268560 kB
Shmem:             54452 kB
KReclaimable:      57132 kB
Slab:             284468 kB
SReclaimable:      57132 kB
SUnreclaim:       227336 kB
KernelStack:       18364 kB
PageTables:        50564 kB
SecPageTables:         0 kB
NFS_Unstable:          0 kB
Bounce:                0 kB
WritebackTmp:          0 kB
CommitLimit:     8258920 kB
Committed_AS:   11409592 kB
VmallocTotal:   34359738367 kB
VmallocUsed:       46584 kB
VmallocChunk:          0 kB
Percpu:            13280 kB
HardwareCorrupted:     0 kB
AnonHugePages:    212992 kB
ShmemHugePages:        0 kB
ShmemPmdMapped:        0 kB
FileHugePages:         0 kB
FilePmdMapped:         0 kB
CmaTotal:              0 kB
CmaFree:               0 kB
Unaccepted:            0 kB
Balloon:               0 kB
HugePages_Total:       0
HugePages_Free:        0
HugePages_Rsvd:        0
HugePages_Surp:        0
Hugepagesize:       2048 kB
Hugetlb:               0 kB
DirectMap4k:      194432 kB
DirectMap2M:     6096896 kB
DirectMap1G:     4194304 kB
---SNAPSHOT---
2026-04-27 15:12:43
MemTotal:        8129240 kB
MemFree:         4252224 kB
MemAvailable:    4461664 kB
Buffers:            6052 kB
Cached:           317572 kB
SwapCached:        82712 kB
Active:          2758412 kB
Inactive:         546452 kB
Active(anon):    2646400 kB
Inactive(anon):   389260 kB
Active(file):     112012 kB
Inactive(file):   157192 kB
Unevictable:          16 kB
Mlocked:              16 kB
SwapTotal:       4194300 kB
SwapFree:        3974080 kB
Zswap:                 0 kB
Zswapped:              0 kB
Dirty:               116 kB
Writeback:             0 kB
AnonPages:       2901308 kB
Mapped:           268560 kB
Shmem:             54452 kB
KReclaimable:      57132 kB
Slab:             284468 kB
SReclaimable:      57132 kB
SUnreclaim:       227336 kB
KernelStack:       18364 kB
PageTables:        49080 kB
SecPageTables:         0 kB
NFS_Unstable:          0 kB
Bounce:                0 kB
WritebackTmp:          0 kB
CommitLimit:     8258920 kB
Committed_AS:   11409000 kB
VmallocTotal:   34359738367 kB
VmallocUsed:       46568 kB
VmallocChunk:          0 kB
Percpu:            13280 kB
HardwareCorrupted:     0 kB
AnonHugePages:    212992 kB
ShmemHugePages:        0 kB
ShmemPmdMapped:        0 kB
FileHugePages:         0 kB
FilePmdMapped:         0 kB
CmaTotal:              0 kB
CmaFree:               0 kB
Unaccepted:            0 kB
Balloon:               0 kB
HugePages_Total:       0
HugePages_Free:        0
HugePages_Rsvd:        0
HugePages_Surp:        0
Hugepagesize:       2048 kB
Hugetlb:               0 kB
DirectMap4k:      194432 kB
DirectMap2M:     6096896 kB
DirectMap1G:     4194304 kB
---SNAPSHOT---
2026-04-27 15:12:44
MemTotal:        8129240 kB
MemFree:         4001700 kB
MemAvailable:    4211156 kB
Buffers:            6060 kB
Cached:           317580 kB
SwapCached:        82712 kB
Active:          3003752 kB
Inactive:         546468 kB
Active(anon):    2891740 kB
Inactive(anon):   389260 kB
Active(file):     112012 kB
Inactive(file):   157208 kB
Unevictable:          16 kB
Mlocked:              16 kB
SwapTotal:       4194300 kB
SwapFree:        3974080 kB
Zswap:                 0 kB
Zswapped:              0 kB
Dirty:               124 kB
Writeback:             0 kB
AnonPages:       3146764 kB
Mapped:           268560 kB
Shmem:             54452 kB
KReclaimable:      57132 kB
Slab:             284468 kB
SReclaimable:      57132 kB
SUnreclaim:       227336 kB
KernelStack:       18304 kB
PageTables:        49312 kB
SecPageTables:         0 kB
NFS_Unstable:          0 kB
Bounce:                0 kB
WritebackTmp:          0 kB
CommitLimit:     8258920 kB
Committed_AS:   11409340 kB
VmallocTotal:   34359738367 kB
VmallocUsed:       46552 kB
VmallocChunk:          0 kB
Percpu:            13280 kB
HardwareCorrupted:     0 kB
AnonHugePages:    212992 kB
ShmemHugePages:        0 kB
ShmemPmdMapped:        0 kB
FileHugePages:         0 kB
FilePmdMapped:         0 kB
CmaTotal:              0 kB
CmaFree:               0 kB
Unaccepted:            0 kB
Balloon:               0 kB
HugePages_Total:       0
HugePages_Free:        0
HugePages_Rsvd:        0
HugePages_Surp:        0
Hugepagesize:       2048 kB
Hugetlb:               0 kB
DirectMap4k:      194432 kB
DirectMap2M:     6096896 kB
DirectMap1G:     4194304 kB
---SNAPSHOT---
2026-04-27 15:12:45
MemTotal:        8129240 kB
MemFree:         4327088 kB
MemAvailable:    4536544 kB
Buffers:            6060 kB
Cached:           317588 kB
SwapCached:        82712 kB
Active:          2626800 kB
Inactive:         546468 kB
Active(anon):    2514788 kB
Inactive(anon):   389260 kB
Active(file):     112012 kB
Inactive(file):   157208 kB
Unevictable:          16 kB
Mlocked:              16 kB
SwapTotal:       4194300 kB
SwapFree:        3974080 kB
Zswap:                 0 kB
Zswapped:              0 kB
Dirty:               132 kB
Writeback:             0 kB
AnonPages:       2770036 kB
Mapped:           268560 kB
Shmem:             54452 kB
KReclaimable:      57132 kB
Slab:             284468 kB
SReclaimable:      57132 kB
SUnreclaim:       227336 kB
KernelStack:       18304 kB
PageTables:        48420 kB
SecPageTables:         0 kB
NFS_Unstable:          0 kB
Bounce:                0 kB
WritebackTmp:          0 kB
CommitLimit:     8258920 kB
Committed_AS:   11409724 kB
VmallocTotal:   34359738367 kB
VmallocUsed:       46568 kB
VmallocChunk:          0 kB
Percpu:            13280 kB
HardwareCorrupted:     0 kB
AnonHugePages:    212992 kB
ShmemHugePages:        0 kB
ShmemPmdMapped:        0 kB
FileHugePages:         0 kB
FilePmdMapped:         0 kB
CmaTotal:              0 kB
CmaFree:               0 kB
Unaccepted:            0 kB
Balloon:               0 kB
HugePages_Total:       0
HugePages_Free:        0
HugePages_Rsvd:        0
HugePages_Surp:        0
Hugepagesize:       2048 kB
Hugetlb:               0 kB
DirectMap4k:      194432 kB
DirectMap2M:     6096896 kB
DirectMap1G:     4194304 kB
---SNAPSHOT---
2026-04-27 15:12:46
MemTotal:        8129240 kB
MemFree:         4099916 kB
MemAvailable:    4309380 kB
Buffers:            6060 kB
Cached:           317592 kB
SwapCached:        82712 kB
Active:          2906156 kB
Inactive:         546476 kB
Active(anon):    2794144 kB
Inactive(anon):   389260 kB
Active(file):     112012 kB
Inactive(file):   157216 kB
Unevictable:          16 kB
Mlocked:              16 kB
SwapTotal:       4194300 kB
SwapFree:        3974080 kB
Zswap:                 0 kB
Zswapped:              0 kB
Dirty:               136 kB
Writeback:             0 kB
AnonPages:       3048980 kB
Mapped:           268560 kB
Shmem:             54452 kB
KReclaimable:      57132 kB
Slab:             284468 kB
SReclaimable:      57132 kB
SUnreclaim:       227336 kB
KernelStack:       18304 kB
PageTables:        48644 kB
SecPageTables:         0 kB
NFS_Unstable:          0 kB
Bounce:                0 kB
WritebackTmp:          0 kB
CommitLimit:     8258920 kB
Committed_AS:   11409472 kB
VmallocTotal:   34359738367 kB
VmallocUsed:       46552 kB
VmallocChunk:          0 kB
Percpu:            13280 kB
HardwareCorrupted:     0 kB
AnonHugePages:    212992 kB
ShmemHugePages:        0 kB
ShmemPmdMapped:        0 kB
FileHugePages:         0 kB
FilePmdMapped:         0 kB
CmaTotal:              0 kB
CmaFree:               0 kB
Unaccepted:            0 kB
Balloon:               0 kB
HugePages_Total:       0
HugePages_Free:        0
HugePages_Rsvd:        0
HugePages_Surp:        0
Hugepagesize:       2048 kB
Hugetlb:               0 kB
DirectMap4k:      194432 kB
DirectMap2M:     6096896 kB
DirectMap1G:     4194304 kB
---SNAPSHOT---
2026-04-27 15:12:47
MemTotal:        8129240 kB
MemFree:         3821880 kB
MemAvailable:    4031356 kB
Buffers:            6060 kB
Cached:           317600 kB
SwapCached:        82712 kB
Active:          3186060 kB
Inactive:         546488 kB
Active(anon):    3074048 kB
Inactive(anon):   389260 kB
Active(file):     112012 kB
Inactive(file):   157228 kB
Unevictable:          16 kB
Mlocked:              16 kB
SwapTotal:       4194300 kB
SwapFree:        3974080 kB
Zswap:                 0 kB
Zswapped:              0 kB
Dirty:               144 kB
Writeback:             0 kB
AnonPages:       3329532 kB
Mapped:           268560 kB
Shmem:             54452 kB
KReclaimable:      57132 kB
Slab:             284468 kB
SReclaimable:      57132 kB
SUnreclaim:       227336 kB
KernelStack:       18348 kB
PageTables:        49232 kB
SecPageTables:         0 kB
NFS_Unstable:          0 kB
Bounce:                0 kB
WritebackTmp:          0 kB
CommitLimit:     8258920 kB
Committed_AS:   11409008 kB
VmallocTotal:   34359738367 kB
VmallocUsed:       46568 kB
VmallocChunk:          0 kB
Percpu:            13280 kB
HardwareCorrupted:     0 kB
AnonHugePages:    212992 kB
ShmemHugePages:        0 kB
ShmemPmdMapped:        0 kB
FileHugePages:         0 kB
FilePmdMapped:         0 kB
CmaTotal:              0 kB
CmaFree:               0 kB
Unaccepted:            0 kB
Balloon:               0 kB
HugePages_Total:       0
HugePages_Free:        0
HugePages_Rsvd:        0
HugePages_Surp:        0
Hugepagesize:       2048 kB
Hugetlb:               0 kB
DirectMap4k:      194432 kB
DirectMap2M:     6096896 kB
DirectMap1G:     4194304 kB
---SNAPSHOT---
2026-04-27 15:12:48
MemTotal:        8129240 kB
MemFree:         4248548 kB
MemAvailable:    4458028 kB
Buffers:            6060 kB
Cached:           317604 kB
SwapCached:        82712 kB
Active:          2750228 kB
Inactive:         546492 kB
Active(anon):    2638216 kB
Inactive(anon):   389260 kB
Active(file):     112012 kB
Inactive(file):   157232 kB
Unevictable:          16 kB
Mlocked:              16 kB
SwapTotal:       4194300 kB
SwapFree:        3974080 kB
Zswap:                 0 kB
Zswapped:              0 kB
Dirty:               148 kB
Writeback:             0 kB
AnonPages:       2892876 kB
Mapped:           268560 kB
Shmem:             54452 kB
KReclaimable:      57132 kB
Slab:             284468 kB
SReclaimable:      57132 kB
SUnreclaim:       227336 kB
KernelStack:       18304 kB
PageTables:        49672 kB
SecPageTables:         0 kB
NFS_Unstable:          0 kB
Bounce:                0 kB
WritebackTmp:          0 kB
CommitLimit:     8258920 kB
Committed_AS:   11409000 kB
VmallocTotal:   34359738367 kB
VmallocUsed:       46600 kB
VmallocChunk:          0 kB
Percpu:            13280 kB
HardwareCorrupted:     0 kB
AnonHugePages:    212992 kB
ShmemHugePages:        0 kB
ShmemPmdMapped:        0 kB
FileHugePages:         0 kB
FilePmdMapped:         0 kB
CmaTotal:              0 kB
CmaFree:               0 kB
Unaccepted:            0 kB
Balloon:               0 kB
HugePages_Total:       0
HugePages_Free:        0
HugePages_Rsvd:        0
HugePages_Surp:        0
Hugepagesize:       2048 kB
Hugetlb:               0 kB
DirectMap4k:      194432 kB
DirectMap2M:     6096896 kB
DirectMap1G:     4194304 kB
---SNAPSHOT---
2026-04-27 15:12:49
MemTotal:        8129240 kB
MemFree:         4038312 kB
MemAvailable:    4247796 kB
Buffers:            6200 kB
Cached:           317480 kB
SwapCached:        82712 kB
Active:          2959940 kB
Inactive:         546496 kB
Active(anon):    2847928 kB
Inactive(anon):   389260 kB
Active(file):     112012 kB
Inactive(file):   157236 kB
Unevictable:          16 kB
Mlocked:              16 kB
SwapTotal:       4194300 kB
SwapFree:        3974080 kB
Zswap:                 0 kB
Zswapped:              0 kB
Dirty:               160 kB
Writeback:             0 kB
AnonPages:       3103300 kB
Mapped:           268560 kB
Shmem:             54452 kB
KReclaimable:      57132 kB
Slab:             284468 kB
SReclaimable:      57132 kB
SUnreclaim:       227336 kB
KernelStack:       18348 kB
PageTables:        50500 kB
SecPageTables:         0 kB
NFS_Unstable:          0 kB
Bounce:                0 kB
WritebackTmp:          0 kB
CommitLimit:     8258920 kB
Committed_AS:   11409720 kB
VmallocTotal:   34359738367 kB
VmallocUsed:       46584 kB
VmallocChunk:          0 kB
Percpu:            13280 kB
HardwareCorrupted:     0 kB
AnonHugePages:    212992 kB
ShmemHugePages:        0 kB
ShmemPmdMapped:        0 kB
FileHugePages:         0 kB
FilePmdMapped:         0 kB
CmaTotal:              0 kB
CmaFree:               0 kB
Unaccepted:            0 kB
Balloon:               0 kB
HugePages_Total:       0
HugePages_Free:        0
HugePages_Rsvd:        0
HugePages_Surp:        0
Hugepagesize:       2048 kB
Hugetlb:               0 kB
DirectMap4k:      194432 kB
DirectMap2M:     6096896 kB
DirectMap1G:     4194304 kB
---SNAPSHOT---
2026-04-27 15:12:50
MemTotal:        8129240 kB
MemFree:         3813520 kB
MemAvailable:    4023148 kB
Buffers:            6200 kB
Cached:           317616 kB
SwapCached:        82712 kB
Active:          3190376 kB
Inactive:         546640 kB
Active(anon):    3078364 kB
Inactive(anon):   389260 kB
Active(file):     112012 kB
Inactive(file):   157380 kB
Unevictable:          16 kB
Mlocked:              16 kB
SwapTotal:       4194300 kB
SwapFree:        3974080 kB
Zswap:                 0 kB
Zswapped:              0 kB
Dirty:               164 kB
Writeback:             0 kB
AnonPages:       3333652 kB
Mapped:           268560 kB
Shmem:             54452 kB
KReclaimable:      57132 kB
Slab:             284468 kB
SReclaimable:      57132 kB
SUnreclaim:       227336 kB
KernelStack:       18364 kB
PageTables:        50028 kB
SecPageTables:         0 kB
NFS_Unstable:          0 kB
Bounce:                0 kB
WritebackTmp:          0 kB
CommitLimit:     8258920 kB
Committed_AS:   11409612 kB
VmallocTotal:   34359738367 kB
VmallocUsed:       46600 kB
VmallocChunk:          0 kB
Percpu:            13280 kB
HardwareCorrupted:     0 kB
AnonHugePages:    212992 kB
ShmemHugePages:        0 kB
ShmemPmdMapped:        0 kB
FileHugePages:         0 kB
FilePmdMapped:         0 kB
CmaTotal:              0 kB
CmaFree:               0 kB
Unaccepted:            0 kB
Balloon:               0 kB
HugePages_Total:       0
HugePages_Free:        0
HugePages_Rsvd:        0
HugePages_Surp:        0
Hugepagesize:       2048 kB
Hugetlb:               0 kB
DirectMap4k:      194432 kB
DirectMap2M:     6096896 kB
DirectMap1G:     4194304 kB
---SNAPSHOT---
2026-04-27 15:12:51
MemTotal:        8129240 kB
MemFree:         4246748 kB
MemAvailable:    4456384 kB
Buffers:            6200 kB
Cached:           317620 kB
SwapCached:        82712 kB
Active:          2753296 kB
Inactive:         546648 kB
Active(anon):    2641284 kB
Inactive(anon):   389260 kB
Active(file):     112012 kB
Inactive(file):   157388 kB
Unevictable:          16 kB
Mlocked:              16 kB
SwapTotal:       4194300 kB
SwapFree:        3974080 kB
Zswap:                 0 kB
Zswapped:              0 kB
Dirty:               168 kB
Writeback:             0 kB
AnonPages:       2896556 kB
Mapped:           268560 kB
Shmem:             54452 kB
KReclaimable:      57132 kB
Slab:             284472 kB
SReclaimable:      57132 kB
SUnreclaim:       227340 kB
KernelStack:       18364 kB
PageTables:        48776 kB
SecPageTables:         0 kB
NFS_Unstable:          0 kB
Bounce:                0 kB
WritebackTmp:          0 kB
CommitLimit:     8258920 kB
Committed_AS:   11409720 kB
VmallocTotal:   34359738367 kB
VmallocUsed:       46616 kB
VmallocChunk:          0 kB
Percpu:            13280 kB
HardwareCorrupted:     0 kB
AnonHugePages:    212992 kB
ShmemHugePages:        0 kB
ShmemPmdMapped:        0 kB
FileHugePages:         0 kB
FilePmdMapped:         0 kB
CmaTotal:              0 kB
CmaFree:               0 kB
Unaccepted:            0 kB
Balloon:               0 kB
HugePages_Total:       0
HugePages_Free:        0
HugePages_Rsvd:        0
HugePages_Surp:        0
Hugepagesize:       2048 kB
Hugetlb:               0 kB
DirectMap4k:      194432 kB
DirectMap2M:     6096896 kB
DirectMap1G:     4194304 kB
---SNAPSHOT---
2026-04-27 15:12:52
MemTotal:        8129240 kB
MemFree:         3972204 kB
MemAvailable:    4181844 kB
Buffers:            6200 kB
Cached:           317628 kB
SwapCached:        82712 kB
Active:          3032452 kB
Inactive:         546652 kB
Active(anon):    2920440 kB
Inactive(anon):   389260 kB
Active(file):     112012 kB
Inactive(file):   157392 kB
Unevictable:          16 kB
Mlocked:              16 kB
SwapTotal:       4194300 kB
SwapFree:        3974080 kB
Zswap:                 0 kB
Zswapped:              0 kB
Dirty:               176 kB
Writeback:             0 kB
AnonPages:       3176236 kB
Mapped:           268560 kB
Shmem:             54452 kB
KReclaimable:      57132 kB
Slab:             284472 kB
SReclaimable:      57132 kB
SUnreclaim:       227340 kB
KernelStack:       18364 kB
PageTables:        48836 kB
SecPageTables:         0 kB
NFS_Unstable:          0 kB
Bounce:                0 kB
WritebackTmp:          0 kB
CommitLimit:     8258920 kB
Committed_AS:   11409484 kB
VmallocTotal:   34359738367 kB
VmallocUsed:       46616 kB
VmallocChunk:          0 kB
Percpu:            13280 kB
HardwareCorrupted:     0 kB
AnonHugePages:    212992 kB
ShmemHugePages:        0 kB
ShmemPmdMapped:        0 kB
FileHugePages:         0 kB
FilePmdMapped:         0 kB
CmaTotal:              0 kB
CmaFree:               0 kB
Unaccepted:            0 kB
Balloon:               0 kB
HugePages_Total:       0
HugePages_Free:        0
HugePages_Rsvd:        0
HugePages_Surp:        0
Hugepagesize:       2048 kB
Hugetlb:               0 kB
DirectMap4k:      194432 kB
DirectMap2M:     6096896 kB
DirectMap1G:     4194304 kB
---SNAPSHOT---
2026-04-27 15:12:53
MemTotal:        8129240 kB
MemFree:         3694672 kB
MemAvailable:    3904316 kB
Buffers:            6200 kB
Cached:           317632 kB
SwapCached:        82712 kB
Active:          3306288 kB
Inactive:         546656 kB
Active(anon):    3194276 kB
Inactive(anon):   389260 kB
Active(file):     112012 kB
Inactive(file):   157396 kB
Unevictable:          16 kB
Mlocked:              16 kB
SwapTotal:       4194300 kB
SwapFree:        3974080 kB
Zswap:                 0 kB
Zswapped:              0 kB
Dirty:               180 kB
Writeback:             0 kB
AnonPages:       3449248 kB
Mapped:           268560 kB
Shmem:             54452 kB
KReclaimable:      57132 kB
Slab:             284472 kB
SReclaimable:      57132 kB
SUnreclaim:       227340 kB
KernelStack:       18304 kB
PageTables:        49464 kB
SecPageTables:         0 kB
NFS_Unstable:          0 kB
Bounce:                0 kB
WritebackTmp:          0 kB
CommitLimit:     8258920 kB
Committed_AS:   11409484 kB
VmallocTotal:   34359738367 kB
VmallocUsed:       46600 kB
VmallocChunk:          0 kB
Percpu:            13280 kB
HardwareCorrupted:     0 kB
AnonHugePages:    212992 kB
ShmemHugePages:        0 kB
ShmemPmdMapped:        0 kB
FileHugePages:         0 kB
FilePmdMapped:         0 kB
CmaTotal:              0 kB
CmaFree:               0 kB
Unaccepted:            0 kB
Balloon:               0 kB
HugePages_Total:       0
HugePages_Free:        0
HugePages_Rsvd:        0
HugePages_Surp:        0
Hugepagesize:       2048 kB
Hugetlb:               0 kB
DirectMap4k:      194432 kB
DirectMap2M:     6096896 kB
DirectMap1G:     4194304 kB
---SNAPSHOT---
2026-04-27 15:12:54
MemTotal:        8129240 kB
MemFree:         4069356 kB
MemAvailable:    4279008 kB
Buffers:            6208 kB
Cached:           317640 kB
SwapCached:        82712 kB
Active:          2941644 kB
Inactive:         546664 kB
Active(anon):    2829632 kB
Inactive(anon):   389260 kB
Active(file):     112012 kB
Inactive(file):   157404 kB
Unevictable:          16 kB
Mlocked:              16 kB
SwapTotal:       4194300 kB
SwapFree:        3974080 kB
Zswap:                 0 kB
Zswapped:              0 kB
Dirty:               188 kB
Writeback:             0 kB
AnonPages:       3084736 kB
Mapped:           268560 kB
Shmem:             54452 kB
KReclaimable:      57132 kB
Slab:             284472 kB
SReclaimable:      57132 kB
SUnreclaim:       227340 kB
KernelStack:       18304 kB
PageTables:        48724 kB
SecPageTables:         0 kB
NFS_Unstable:          0 kB
Bounce:                0 kB
WritebackTmp:          0 kB
CommitLimit:     8258920 kB
Committed_AS:   11409720 kB
VmallocTotal:   34359738367 kB
VmallocUsed:       46600 kB
VmallocChunk:          0 kB
Percpu:            13280 kB
HardwareCorrupted:     0 kB
AnonHugePages:    212992 kB
ShmemHugePages:        0 kB
ShmemPmdMapped:        0 kB
FileHugePages:         0 kB
FilePmdMapped:         0 kB
CmaTotal:              0 kB
CmaFree:               0 kB
Unaccepted:            0 kB
Balloon:               0 kB
HugePages_Total:       0
HugePages_Free:        0
HugePages_Rsvd:        0
HugePages_Surp:        0
Hugepagesize:       2048 kB
Hugetlb:               0 kB
DirectMap4k:      194432 kB
DirectMap2M:     6096896 kB
DirectMap1G:     4194304 kB
---SNAPSHOT---
2026-04-27 15:12:55
MemTotal:        8129240 kB
MemFree:         4391920 kB
MemAvailable:    4601588 kB
Buffers:            6208 kB
Cached:           317644 kB
SwapCached:        82712 kB
Active:          2553860 kB
Inactive:         546680 kB
Active(anon):    2441848 kB
Inactive(anon):   389260 kB
Active(file):     112012 kB
Inactive(file):   157420 kB
Unevictable:          16 kB
Mlocked:              16 kB
SwapTotal:       4194300 kB
SwapFree:        3974080 kB
Zswap:                 0 kB
Zswapped:              0 kB
Dirty:               192 kB
Writeback:             0 kB
AnonPages:       2697360 kB
Mapped:           268560 kB
Shmem:             54452 kB
KReclaimable:      57132 kB
Slab:             284472 kB
SReclaimable:      57132 kB
SUnreclaim:       227340 kB
KernelStack:       18304 kB
PageTables:        49252 kB
SecPageTables:         0 kB
NFS_Unstable:          0 kB
Bounce:                0 kB
WritebackTmp:          0 kB
CommitLimit:     8258920 kB
Committed_AS:   11409000 kB
VmallocTotal:   34359738367 kB
VmallocUsed:       46584 kB
VmallocChunk:          0 kB
Percpu:            13280 kB
HardwareCorrupted:     0 kB
AnonHugePages:    212992 kB
ShmemHugePages:        0 kB
ShmemPmdMapped:        0 kB
FileHugePages:         0 kB
FilePmdMapped:         0 kB
CmaTotal:              0 kB
CmaFree:               0 kB
Unaccepted:            0 kB
Balloon:               0 kB
HugePages_Total:       0
HugePages_Free:        0
HugePages_Rsvd:        0
HugePages_Surp:        0
Hugepagesize:       2048 kB
Hugetlb:               0 kB
DirectMap4k:      194432 kB
DirectMap2M:     6096896 kB
DirectMap1G:     4194304 kB
---SNAPSHOT---
2026-04-27 15:12:56
MemTotal:        8129240 kB
MemFree:         3563356 kB
MemAvailable:    3773120 kB
Buffers:            6352 kB
Cached:           317648 kB
SwapCached:        82712 kB
Active:          3454868 kB
Inactive:         546776 kB
Active(anon):    3342856 kB
Inactive(anon):   389260 kB
Active(file):     112012 kB
Inactive(file):   157516 kB
Unevictable:          16 kB
Mlocked:              16 kB
SwapTotal:       4194300 kB
SwapFree:        3974080 kB
Zswap:                 0 kB
Zswapped:              0 kB
Dirty:               196 kB
Writeback:             0 kB
AnonPages:       3598024 kB
Mapped:           268560 kB
Shmem:             54452 kB
KReclaimable:      57132 kB
Slab:             284472 kB
SReclaimable:      57132 kB
SUnreclaim:       227340 kB
KernelStack:       18304 kB
PageTables:        50464 kB
SecPageTables:         0 kB
NFS_Unstable:          0 kB
Bounce:                0 kB
WritebackTmp:          0 kB
CommitLimit:     8258920 kB
Committed_AS:   11409728 kB
VmallocTotal:   34359738367 kB
VmallocUsed:       46552 kB
VmallocChunk:          0 kB
Percpu:            13280 kB
HardwareCorrupted:     0 kB
AnonHugePages:    212992 kB
ShmemHugePages:        0 kB
ShmemPmdMapped:        0 kB
FileHugePages:         0 kB
FilePmdMapped:         0 kB
CmaTotal:              0 kB
CmaFree:               0 kB
Unaccepted:            0 kB
Balloon:               0 kB
HugePages_Total:       0
HugePages_Free:        0
HugePages_Rsvd:        0
HugePages_Surp:        0
Hugepagesize:       2048 kB
Hugetlb:               0 kB
DirectMap4k:      194432 kB
DirectMap2M:     6096896 kB
DirectMap1G:     4194304 kB
---SNAPSHOT---
2026-04-27 15:12:57
MemTotal:        8129240 kB
MemFree:         4648048 kB
MemAvailable:    4857868 kB
Buffers:            6352 kB
Cached:           317656 kB
SwapCached:        82712 kB
Active:          2331548 kB
Inactive:         546832 kB
Active(anon):    2219536 kB
Inactive(anon):   389260 kB
Active(file):     112012 kB
Inactive(file):   157572 kB
Unevictable:          16 kB
Mlocked:              16 kB
SwapTotal:       4194300 kB
SwapFree:        3974080 kB
Zswap:                 0 kB
Zswapped:              0 kB
Dirty:               204 kB
Writeback:             0 kB
AnonPages:       2474716 kB
Mapped:           268560 kB
Shmem:             54452 kB
KReclaimable:      57132 kB
Slab:             284472 kB
SReclaimable:      57132 kB
SUnreclaim:       227340 kB
KernelStack:       18304 kB
PageTables:        48168 kB
SecPageTables:         0 kB
NFS_Unstable:          0 kB
Bounce:                0 kB
WritebackTmp:          0 kB
CommitLimit:     8258920 kB
Committed_AS:   11409592 kB
VmallocTotal:   34359738367 kB
VmallocUsed:       46568 kB
VmallocChunk:          0 kB
Percpu:            13280 kB
HardwareCorrupted:     0 kB
AnonHugePages:    212992 kB
ShmemHugePages:        0 kB
ShmemPmdMapped:        0 kB
FileHugePages:         0 kB
FilePmdMapped:         0 kB
CmaTotal:              0 kB
CmaFree:               0 kB
Unaccepted:            0 kB
Balloon:               0 kB
HugePages_Total:       0
HugePages_Free:        0
HugePages_Rsvd:        0
HugePages_Surp:        0
Hugepagesize:       2048 kB
Hugetlb:               0 kB
DirectMap4k:      194432 kB
DirectMap2M:     6096896 kB
DirectMap1G:     4194304 kB
---SNAPSHOT---
2026-04-27 15:12:58
MemTotal:        8129240 kB
MemFree:         3792436 kB
MemAvailable:    4002260 kB
Buffers:            6352 kB
Cached:           317660 kB
SwapCached:        82712 kB
Active:          3222528 kB
Inactive:         546836 kB
Active(anon):    3110516 kB
Inactive(anon):   389260 kB
Active(file):     112012 kB
Inactive(file):   157576 kB
Unevictable:          16 kB
Mlocked:              16 kB
SwapTotal:       4194300 kB
SwapFree:        3974080 kB
Zswap:                 0 kB
Zswapped:              0 kB
Dirty:               208 kB
Writeback:             0 kB
AnonPages:       3365860 kB
Mapped:           268560 kB
Shmem:             54452 kB
KReclaimable:      57132 kB
Slab:             284472 kB
SReclaimable:      57132 kB
SUnreclaim:       227340 kB
KernelStack:       18304 kB
PageTables:        49256 kB
SecPageTables:         0 kB
NFS_Unstable:          0 kB
Bounce:                0 kB
WritebackTmp:          0 kB
CommitLimit:     8258920 kB
Committed_AS:   11409232 kB
VmallocTotal:   34359738367 kB
VmallocUsed:       46568 kB
VmallocChunk:          0 kB
Percpu:            13280 kB
HardwareCorrupted:     0 kB
AnonHugePages:    212992 kB
ShmemHugePages:        0 kB
ShmemPmdMapped:        0 kB
FileHugePages:         0 kB
FilePmdMapped:         0 kB
CmaTotal:              0 kB
CmaFree:               0 kB
Unaccepted:            0 kB
Balloon:               0 kB
HugePages_Total:       0
HugePages_Free:        0
HugePages_Rsvd:        0
HugePages_Surp:        0
Hugepagesize:       2048 kB
Hugetlb:               0 kB
DirectMap4k:      194432 kB
DirectMap2M:     6096896 kB
DirectMap1G:     4194304 kB
---SNAPSHOT---
2026-04-27 15:12:59
MemTotal:        8129240 kB
MemFree:         3824904 kB
MemAvailable:    4034740 kB
Buffers:            6360 kB
Cached:           317668 kB
SwapCached:       110072 kB
Active:          3103272 kB
Inactive:         572612 kB
Active(anon):    2991260 kB
Inactive(anon):   415024 kB
Active(file):     112012 kB
Inactive(file):   157588 kB
Unevictable:          16 kB
Mlocked:              16 kB
SwapTotal:       4194300 kB
SwapFree:        3946524 kB
Zswap:                 0 kB
Zswapped:              0 kB
Dirty:               216 kB
Writeback:          1368 kB
AnonPages:       3219424 kB
Mapped:           268560 kB
Shmem:             54452 kB
KReclaimable:      57132 kB
Slab:             284472 kB
SReclaimable:      57132 kB
SUnreclaim:       227340 kB
KernelStack:       18364 kB
PageTables:        49708 kB
SecPageTables:         0 kB
NFS_Unstable:          0 kB
Bounce:                0 kB
WritebackTmp:          0 kB
CommitLimit:     8258920 kB
Committed_AS:   11409336 kB
VmallocTotal:   34359738367 kB
VmallocUsed:       46600 kB
VmallocChunk:          0 kB
Percpu:            13280 kB
HardwareCorrupted:     0 kB
AnonHugePages:    212992 kB
ShmemHugePages:        0 kB
ShmemPmdMapped:        0 kB
FileHugePages:         0 kB
FilePmdMapped:         0 kB
CmaTotal:              0 kB
CmaFree:               0 kB
Unaccepted:            0 kB
Balloon:               0 kB
HugePages_Total:       0
HugePages_Free:        0
HugePages_Rsvd:        0
HugePages_Surp:        0
Hugepagesize:       2048 kB
Hugetlb:               0 kB
DirectMap4k:      194432 kB
DirectMap2M:     6096896 kB
DirectMap1G:     4194304 kB
---SNAPSHOT---
2026-04-27 15:13:00
MemTotal:        8129240 kB
MemFree:         4255360 kB
MemAvailable:    4465208 kB
Buffers:            6360 kB
Cached:           317672 kB
SwapCached:       586464 kB
Active:          2184368 kB
Inactive:        1050272 kB
Active(anon):    2072356 kB
Inactive(anon):   892672 kB
Active(file):     112012 kB
Inactive(file):   157600 kB
Unevictable:          16 kB
Mlocked:              16 kB
SwapTotal:       4194300 kB
SwapFree:        3470552 kB
Zswap:                 0 kB
Zswapped:              0 kB
Dirty:               220 kB
Writeback:            48 kB
AnonPages:       2327776 kB
Mapped:           268560 kB
Shmem:             54452 kB
KReclaimable:      57132 kB
Slab:             284512 kB
SReclaimable:      57132 kB
SUnreclaim:       227380 kB
KernelStack:       18304 kB
PageTables:        48676 kB
SecPageTables:         0 kB
NFS_Unstable:          0 kB
Bounce:                0 kB
WritebackTmp:          0 kB
CommitLimit:     8258920 kB
Committed_AS:   11409392 kB
VmallocTotal:   34359738367 kB
VmallocUsed:       46568 kB
VmallocChunk:          0 kB
Percpu:            13280 kB
HardwareCorrupted:     0 kB
AnonHugePages:    212992 kB
ShmemHugePages:        0 kB
ShmemPmdMapped:        0 kB
FileHugePages:         0 kB
FilePmdMapped:         0 kB
CmaTotal:              0 kB
CmaFree:               0 kB
Unaccepted:            0 kB
Balloon:               0 kB
HugePages_Total:       0
HugePages_Free:        0
HugePages_Rsvd:        0
HugePages_Surp:        0
Hugepagesize:       2048 kB
Hugetlb:               0 kB
DirectMap4k:      194432 kB
DirectMap2M:     6096896 kB
DirectMap1G:     4194304 kB
---SNAPSHOT---
2026-04-27 15:13:01
MemTotal:        8129240 kB
MemFree:         3942448 kB
MemAvailable:    4152300 kB
Buffers:            6360 kB
Cached:           317676 kB
SwapCached:        82712 kB
Active:          3066652 kB
Inactive:         546864 kB
Active(anon):    2954640 kB
Inactive(anon):   389260 kB
Active(file):     112012 kB
Inactive(file):   157604 kB
Unevictable:          16 kB
Mlocked:              16 kB
SwapTotal:       4194300 kB
SwapFree:        3974080 kB
Zswap:                 0 kB
Zswapped:              0 kB
Dirty:               224 kB
Writeback:             0 kB
AnonPages:       3209788 kB
Mapped:           268560 kB
Shmem:             54452 kB
KReclaimable:      57132 kB
Slab:             284504 kB
SReclaimable:      57132 kB
SUnreclaim:       227372 kB
KernelStack:       18304 kB
PageTables:        48972 kB
SecPageTables:         0 kB
NFS_Unstable:          0 kB
Bounce:                0 kB
WritebackTmp:          0 kB
CommitLimit:     8258920 kB
Committed_AS:   11409236 kB
VmallocTotal:   34359738367 kB
VmallocUsed:       46568 kB
VmallocChunk:          0 kB
Percpu:            13280 kB
HardwareCorrupted:     0 kB
AnonHugePages:    212992 kB
ShmemHugePages:        0 kB
ShmemPmdMapped:        0 kB
FileHugePages:         0 kB
FilePmdMapped:         0 kB
CmaTotal:              0 kB
CmaFree:               0 kB
Unaccepted:            0 kB
Balloon:               0 kB
HugePages_Total:       0
HugePages_Free:        0
HugePages_Rsvd:        0
HugePages_Surp:        0
Hugepagesize:       2048 kB
Hugetlb:               0 kB
DirectMap4k:      194432 kB
DirectMap2M:     6096896 kB
DirectMap1G:     4194304 kB
---SNAPSHOT---
2026-04-27 15:13:02
MemTotal:        8129240 kB
MemFree:         4346148 kB
MemAvailable:    4556008 kB
Buffers:            6360 kB
Cached:           317684 kB
SwapCached:        82712 kB
Active:          2637492 kB
Inactive:         546872 kB
Active(anon):    2525480 kB
Inactive(anon):   389260 kB
Active(file):     112012 kB
Inactive(file):   157612 kB
Unevictable:          16 kB
Mlocked:              16 kB
SwapTotal:       4194300 kB
SwapFree:        3974080 kB
Zswap:                 0 kB
Zswapped:              0 kB
Dirty:               232 kB
Writeback:             0 kB
AnonPages:       2780680 kB
Mapped:           268560 kB
Shmem:             54452 kB
KReclaimable:      57132 kB
Slab:             284448 kB
SReclaimable:      57132 kB
SUnreclaim:       227316 kB
KernelStack:       18288 kB
PageTables:        47888 kB
SecPageTables:         0 kB
NFS_Unstable:          0 kB
Bounce:                0 kB
WritebackTmp:          0 kB
CommitLimit:     8258920 kB
Committed_AS:   11409236 kB
VmallocTotal:   34359738367 kB
VmallocUsed:       46568 kB
VmallocChunk:          0 kB
Percpu:            13280 kB
HardwareCorrupted:     0 kB
AnonHugePages:    212992 kB
ShmemHugePages:        0 kB
ShmemPmdMapped:        0 kB
FileHugePages:         0 kB
FilePmdMapped:         0 kB
CmaTotal:              0 kB
CmaFree:               0 kB
Unaccepted:            0 kB
Balloon:               0 kB
HugePages_Total:       0
HugePages_Free:        0
HugePages_Rsvd:        0
HugePages_Surp:        0
Hugepagesize:       2048 kB
Hugetlb:               0 kB
DirectMap4k:      194432 kB
DirectMap2M:     6096896 kB
DirectMap1G:     4194304 kB
---SNAPSHOT---
2026-04-27 15:13:03
MemTotal:        8129240 kB
MemFree:         4683704 kB
MemAvailable:    4894024 kB
Buffers:            6360 kB
Cached:           317688 kB
SwapCached:        82712 kB
Active:          2277192 kB
Inactive:         546876 kB
Active(anon):    2165180 kB
Inactive(anon):   389260 kB
Active(file):     112012 kB
Inactive(file):   157616 kB
Unevictable:          16 kB
Mlocked:              16 kB
SwapTotal:       4194300 kB
SwapFree:        3974080 kB
Zswap:                 0 kB
Zswapped:              0 kB
Dirty:               236 kB
Writeback:             0 kB
AnonPages:       2399408 kB
Mapped:           268560 kB
Shmem:             54452 kB
KReclaimable:      57132 kB
Slab:             284448 kB
SReclaimable:      57132 kB
SUnreclaim:       227316 kB
KernelStack:       18304 kB
PageTables:        48652 kB
SecPageTables:         0 kB
NFS_Unstable:          0 kB
Bounce:                0 kB
WritebackTmp:          0 kB
CommitLimit:     8258920 kB
Committed_AS:   11409288 kB
VmallocTotal:   34359738367 kB
VmallocUsed:       46552 kB
VmallocChunk:          0 kB
Percpu:            13280 kB
HardwareCorrupted:     0 kB
AnonHugePages:    212992 kB
ShmemHugePages:        0 kB
ShmemPmdMapped:        0 kB
FileHugePages:         0 kB
FilePmdMapped:         0 kB
CmaTotal:              0 kB
CmaFree:               0 kB
Unaccepted:            0 kB
Balloon:               0 kB
HugePages_Total:       0
HugePages_Free:        0
HugePages_Rsvd:        0
HugePages_Surp:        0
Hugepagesize:       2048 kB
Hugetlb:               0 kB
DirectMap4k:      194432 kB
DirectMap2M:     6096896 kB
DirectMap1G:     4194304 kB
---SNAPSHOT---
2026-04-27 15:13:04
MemTotal:        8129240 kB
MemFree:         3869872 kB
MemAvailable:    4079740 kB
Buffers:            6368 kB
Cached:           317696 kB
SwapCached:        82712 kB
Active:          3150376 kB
Inactive:         546880 kB
Active(anon):    3038364 kB
Inactive(anon):   389260 kB
Active(file):     112012 kB
Inactive(file):   157620 kB
Unevictable:          16 kB
Mlocked:              16 kB
SwapTotal:       4194300 kB
SwapFree:        3974080 kB
Zswap:                 0 kB
Zswapped:              0 kB
Dirty:                44 kB
Writeback:             0 kB
AnonPages:       3293668 kB
Mapped:           268560 kB
Shmem:             54452 kB
KReclaimable:      57132 kB
Slab:             284448 kB
SReclaimable:      57132 kB
SUnreclaim:       227316 kB
KernelStack:       18304 kB
PageTables:        49248 kB
SecPageTables:         0 kB
NFS_Unstable:          0 kB
Bounce:                0 kB
WritebackTmp:          0 kB
CommitLimit:     8258920 kB
