---SNAPSHOT---
2026-04-27 15:51:56
MemTotal:        8129240 kB
MemFree:         5260924 kB
MemAvailable:    5445300 kB
Buffers:            5240 kB
Cached:           283384 kB
SwapCached:        17924 kB
Active:          1565780 kB
Inactive:         598524 kB
Active(anon):    1471640 kB
Inactive(anon):   443140 kB
Active(file):      94140 kB
Inactive(file):   155384 kB
Unevictable:           0 kB
Mlocked:               0 kB
SwapTotal:       4194300 kB
SwapFree:        4176376 kB
Zswap:                 0 kB
Zswapped:              0 kB
Dirty:               532 kB
Writeback:             0 kB
AnonPages:       1858336 kB
Mapped:           242720 kB
Shmem:             38824 kB
KReclaimable:      51748 kB
Slab:             278564 kB
SReclaimable:      51748 kB
SUnreclaim:       226816 kB
KernelStack:       17980 kB
PageTables:        44976 kB
SecPageTables:         0 kB
NFS_Unstable:          0 kB
Bounce:                0 kB
WritebackTmp:          0 kB
CommitLimit:     8258920 kB
Committed_AS:    8693616 kB
VmallocTotal:   34359738367 kB
VmallocUsed:       46200 kB
VmallocChunk:          0 kB
Percpu:            13280 kB
HardwareCorrupted:     0 kB
AnonHugePages:    194560 kB
ShmemHugePages:        0 kB
ShmemPmdMapped:        0 kB
FileHugePages:         0 kB
FilePmdMapped:         0 kB
CmaTotal:              0 kB
CmaFree:               0 kB
Unaccepted:            0 kB
Balloon:               0 kB
HugePages_Total:       0
HugePages_Free:        0
HugePages_Rsvd:        0
HugePages_Surp:        0
Hugepagesize:       2048 kB
Hugetlb:               0 kB
DirectMap4k:      194432 kB
DirectMap2M:     6096896 kB
DirectMap1G:     4194304 kB
---SNAPSHOT---
2026-04-27 15:51:57
MemTotal:        8129240 kB
MemFree:         5269336 kB
MemAvailable:    5455140 kB
Buffers:            5396 kB
Cached:           283728 kB
SwapCached:        17924 kB
Active:          1566840 kB
Inactive:         598980 kB
Active(anon):    1472368 kB
Inactive(anon):   443140 kB
Active(file):      94472 kB
Inactive(file):   155840 kB
Unevictable:           0 kB
Mlocked:               0 kB
SwapTotal:       4194300 kB
SwapFree:        4176376 kB
Zswap:                 0 kB
Zswapped:              0 kB
Dirty:               548 kB
Writeback:             0 kB
AnonPages:       1859184 kB
Mapped:           243000 kB
Shmem:             38824 kB
KReclaimable:      52388 kB
Slab:             279204 kB
SReclaimable:      52388 kB
SUnreclaim:       226816 kB
KernelStack:       18080 kB
PageTables:        45380 kB
SecPageTables:         0 kB
NFS_Unstable:          0 kB
Bounce:                0 kB
WritebackTmp:          0 kB
CommitLimit:     8258920 kB
Committed_AS:    8695424 kB
VmallocTotal:   34359738367 kB
VmallocUsed:       46296 kB
VmallocChunk:          0 kB
Percpu:            13280 kB
HardwareCorrupted:     0 kB
AnonHugePages:    194560 kB
ShmemHugePages:        0 kB
ShmemPmdMapped:        0 kB
FileHugePages:         0 kB
FilePmdMapped:         0 kB
CmaTotal:              0 kB
CmaFree:               0 kB
Unaccepted:            0 kB
Balloon:               0 kB
HugePages_Total:       0
HugePages_Free:        0
HugePages_Rsvd:        0
HugePages_Surp:        0
Hugepagesize:       2048 kB
Hugetlb:               0 kB
DirectMap4k:      194432 kB
DirectMap2M:     6096896 kB
DirectMap1G:     4194304 kB
---SNAPSHOT---
2026-04-27 15:51:58
MemTotal:        8129240 kB
MemFree:         5276532 kB
MemAvailable:    5462340 kB
Buffers:            5404 kB
Cached:           283732 kB
SwapCached:        17924 kB
Active:          1566932 kB
Inactive:         598984 kB
Active(anon):    1472460 kB
Inactive(anon):   443140 kB
Active(file):      94472 kB
Inactive(file):   155844 kB
Unevictable:           0 kB
Mlocked:               0 kB
SwapTotal:       4194300 kB
SwapFree:        4176376 kB
Zswap:                 0 kB
Zswapped:              0 kB
Dirty:               572 kB
Writeback:             0 kB
AnonPages:       1858920 kB
Mapped:           242984 kB
Shmem:             38824 kB
KReclaimable:      52388 kB
Slab:             279204 kB
SReclaimable:      52388 kB
SUnreclaim:       226816 kB
KernelStack:       18000 kB
PageTables:        45116 kB
SecPageTables:         0 kB
NFS_Unstable:          0 kB
Bounce:                0 kB
WritebackTmp:          0 kB
CommitLimit:     8258920 kB
Committed_AS:    8693932 kB
VmallocTotal:   34359738367 kB
VmallocUsed:       46248 kB
VmallocChunk:          0 kB
Percpu:            13280 kB
HardwareCorrupted:     0 kB
AnonHugePages:    194560 kB
ShmemHugePages:        0 kB
ShmemPmdMapped:        0 kB
FileHugePages:         0 kB
FilePmdMapped:         0 kB
CmaTotal:              0 kB
CmaFree:               0 kB
Unaccepted:            0 kB
Balloon:               0 kB
HugePages_Total:       0
HugePages_Free:        0
HugePages_Rsvd:        0
HugePages_Surp:        0
Hugepagesize:       2048 kB
Hugetlb:               0 kB
DirectMap4k:      194432 kB
DirectMap2M:     6096896 kB
DirectMap1G:     4194304 kB
---SNAPSHOT---
2026-04-27 15:51:59
MemTotal:        8129240 kB
MemFree:         5290432 kB
MemAvailable:    5476568 kB
Buffers:            5536 kB
Cached:           284024 kB
SwapCached:        17924 kB
Active:          1567056 kB
Inactive:         599144 kB
Active(anon):    1472416 kB
Inactive(anon):   443140 kB
Active(file):      94640 kB
Inactive(file):   156004 kB
Unevictable:           0 kB
Mlocked:               0 kB
SwapTotal:       4194300 kB
SwapFree:        4176376 kB
Zswap:                 0 kB
Zswapped:              0 kB
Dirty:               580 kB
Writeback:             0 kB
AnonPages:       1859208 kB
Mapped:           242984 kB
Shmem:             38824 kB
KReclaimable:      52388 kB
Slab:             279204 kB
SReclaimable:      52388 kB
SUnreclaim:       226816 kB
KernelStack:       18028 kB
PageTables:        45188 kB
SecPageTables:         0 kB
NFS_Unstable:          0 kB
Bounce:                0 kB
WritebackTmp:          0 kB
CommitLimit:     8258920 kB
Committed_AS:    8695096 kB
VmallocTotal:   34359738367 kB
VmallocUsed:       46264 kB
VmallocChunk:          0 kB
Percpu:            13280 kB
HardwareCorrupted:     0 kB
AnonHugePages:    194560 kB
ShmemHugePages:        0 kB
ShmemPmdMapped:        0 kB
FileHugePages:         0 kB
FilePmdMapped:         0 kB
CmaTotal:              0 kB
CmaFree:               0 kB
Unaccepted:            0 kB
Balloon:               0 kB
HugePages_Total:       0
HugePages_Free:        0
HugePages_Rsvd:        0
HugePages_Surp:        0
Hugepagesize:       2048 kB
Hugetlb:               0 kB
DirectMap4k:      194432 kB
DirectMap2M:     6096896 kB
DirectMap1G:     4194304 kB
---SNAPSHOT---
2026-04-27 15:52:00
MemTotal:        8129240 kB
MemFree:         5034256 kB
MemAvailable:    5231228 kB
Buffers:            5808 kB
Cached:           311708 kB
SwapCached:        17924 kB
Active:          1859488 kB
Inactive:         599612 kB
Active(anon):    1754480 kB
Inactive(anon):   443140 kB
Active(file):     105008 kB
Inactive(file):   156472 kB
Unevictable:           0 kB
Mlocked:               0 kB
SwapTotal:       4194300 kB
SwapFree:        4176376 kB
Zswap:                 0 kB
Zswapped:              0 kB
Dirty:               664 kB
Writeback:             0 kB
AnonPages:       2124064 kB
Mapped:           263716 kB
Shmem:             55940 kB
KReclaimable:      52388 kB
Slab:             279228 kB
SReclaimable:      52388 kB
SUnreclaim:       226840 kB
KernelStack:       18200 kB
PageTables:        46324 kB
SecPageTables:         0 kB
NFS_Unstable:          0 kB
Bounce:                0 kB
WritebackTmp:          0 kB
CommitLimit:     8258920 kB
Committed_AS:   11351408 kB
VmallocTotal:   34359738367 kB
VmallocUsed:       46392 kB
VmallocChunk:          0 kB
Percpu:            13280 kB
HardwareCorrupted:     0 kB
AnonHugePages:    194560 kB
ShmemHugePages:        0 kB
ShmemPmdMapped:        0 kB
FileHugePages:         0 kB
FilePmdMapped:         0 kB
CmaTotal:              0 kB
CmaFree:               0 kB
Unaccepted:            0 kB
Balloon:               0 kB
HugePages_Total:       0
HugePages_Free:        0
HugePages_Rsvd:        0
HugePages_Surp:        0
Hugepagesize:       2048 kB
Hugetlb:               0 kB
DirectMap4k:      194432 kB
DirectMap2M:     6096896 kB
DirectMap1G:     4194304 kB
---SNAPSHOT---
2026-04-27 15:52:01
MemTotal:        8129240 kB
MemFree:         4141576 kB
MemAvailable:    4338896 kB
Buffers:            6068 kB
Cached:           311784 kB
SwapCached:        17924 kB
Active:          2732168 kB
Inactive:         599832 kB
Active(anon):    2627032 kB
Inactive(anon):   443140 kB
Active(file):     105136 kB
Inactive(file):   156692 kB
Unevictable:          16 kB
Mlocked:              16 kB
SwapTotal:       4194300 kB
SwapFree:        4176376 kB
Zswap:                 0 kB
Zswapped:              0 kB
Dirty:               672 kB
Writeback:             0 kB
AnonPages:       2996640 kB
Mapped:           263864 kB
Shmem:             55972 kB
KReclaimable:      52388 kB
Slab:             279288 kB
SReclaimable:      52388 kB
SUnreclaim:       226900 kB
KernelStack:       18144 kB
PageTables:        47936 kB
SecPageTables:         0 kB
NFS_Unstable:          0 kB
Bounce:                0 kB
WritebackTmp:          0 kB
CommitLimit:     8258920 kB
Committed_AS:   11351312 kB
VmallocTotal:   34359738367 kB
VmallocUsed:       46360 kB
VmallocChunk:          0 kB
Percpu:            13280 kB
HardwareCorrupted:     0 kB
AnonHugePages:    194560 kB
ShmemHugePages:        0 kB
ShmemPmdMapped:        0 kB
FileHugePages:         0 kB
FilePmdMapped:         0 kB
CmaTotal:              0 kB
CmaFree:               0 kB
Unaccepted:            0 kB
Balloon:               0 kB
HugePages_Total:       0
HugePages_Free:        0
HugePages_Rsvd:        0
HugePages_Surp:        0
Hugepagesize:       2048 kB
Hugetlb:               0 kB
DirectMap4k:      194432 kB
DirectMap2M:     6096896 kB
DirectMap1G:     4194304 kB
---SNAPSHOT---
2026-04-27 15:52:03
MemTotal:        8129240 kB
MemFree:         3240360 kB
MemAvailable:    3437716 kB
Buffers:            6068 kB
Cached:           311788 kB
SwapCached:        17924 kB
Active:          3640340 kB
Inactive:         599884 kB
Active(anon):    3535204 kB
Inactive(anon):   443140 kB
Active(file):     105136 kB
Inactive(file):   156744 kB
Unevictable:          16 kB
Mlocked:              16 kB
SwapTotal:       4194300 kB
SwapFree:        4176376 kB
Zswap:                 0 kB
Zswapped:              0 kB
Dirty:               676 kB
Writeback:             0 kB
AnonPages:       3904460 kB
Mapped:           263864 kB
Shmem:             55972 kB
KReclaimable:      52372 kB
Slab:             279296 kB
SReclaimable:      52372 kB
SUnreclaim:       226924 kB
KernelStack:       18192 kB
PageTables:        49716 kB
SecPageTables:         0 kB
NFS_Unstable:          0 kB
Bounce:                0 kB
WritebackTmp:          0 kB
CommitLimit:     8258920 kB
Committed_AS:   11351936 kB
VmallocTotal:   34359738367 kB
VmallocUsed:       46408 kB
VmallocChunk:          0 kB
Percpu:            13280 kB
HardwareCorrupted:     0 kB
AnonHugePages:    194560 kB
ShmemHugePages:        0 kB
ShmemPmdMapped:        0 kB
FileHugePages:         0 kB
FilePmdMapped:         0 kB
CmaTotal:              0 kB
CmaFree:               0 kB
Unaccepted:            0 kB
Balloon:               0 kB
HugePages_Total:       0
HugePages_Free:        0
HugePages_Rsvd:        0
HugePages_Surp:        0
Hugepagesize:       2048 kB
Hugetlb:               0 kB
DirectMap4k:      194432 kB
DirectMap2M:     6096896 kB
DirectMap1G:     4194304 kB
---SNAPSHOT---
2026-04-27 15:52:04
MemTotal:        8129240 kB
MemFree:         3983016 kB
MemAvailable:    4180376 kB
Buffers:            6076 kB
Cached:           311784 kB
SwapCached:       314888 kB
Active:          2544732 kB
Inactive:         873132 kB
Active(anon):    2439596 kB
Inactive(anon):   716384 kB
Active(file):     105136 kB
Inactive(file):   156748 kB
Unevictable:          16 kB
Mlocked:              16 kB
SwapTotal:       4194300 kB
SwapFree:        3879412 kB
Zswap:                 0 kB
Zswapped:              0 kB
Dirty:               680 kB
Writeback:         23668 kB
AnonPages:       2787464 kB
Mapped:           263964 kB
Shmem:             55972 kB
KReclaimable:      52372 kB
Slab:             280784 kB
SReclaimable:      52372 kB
SUnreclaim:       228412 kB
KernelStack:       18188 kB
PageTables:        48168 kB
SecPageTables:         0 kB
NFS_Unstable:          0 kB
Bounce:                0 kB
WritebackTmp:          0 kB
CommitLimit:     8258920 kB
Committed_AS:   11351536 kB
VmallocTotal:   34359738367 kB
VmallocUsed:       46408 kB
VmallocChunk:          0 kB
Percpu:            13280 kB
HardwareCorrupted:     0 kB
AnonHugePages:    194560 kB
ShmemHugePages:        0 kB
ShmemPmdMapped:        0 kB
FileHugePages:         0 kB
FilePmdMapped:         0 kB
CmaTotal:              0 kB
CmaFree:               0 kB
Unaccepted:            0 kB
Balloon:               0 kB
HugePages_Total:       0
HugePages_Free:        0
HugePages_Rsvd:        0
HugePages_Surp:        0
Hugepagesize:       2048 kB
Hugetlb:               0 kB
DirectMap4k:      194432 kB
DirectMap2M:     6096896 kB
DirectMap1G:     4194304 kB
---SNAPSHOT---
2026-04-27 15:52:05
MemTotal:        8129240 kB
MemFree:         3327960 kB
MemAvailable:    3526812 kB
Buffers:            6076 kB
Cached:           311804 kB
SwapCached:       451080 kB
Active:          3063392 kB
Inactive:        1014892 kB
Active(anon):    2958256 kB
Inactive(anon):   858124 kB
Active(file):     105136 kB
Inactive(file):   156768 kB
Unevictable:          16 kB
Mlocked:              16 kB
SwapTotal:       4194300 kB
SwapFree:        3743220 kB
Zswap:                 0 kB
Zswapped:              0 kB
Dirty:               688 kB
Writeback:         18088 kB
AnonPages:       3312000 kB
Mapped:           264092 kB
Shmem:             55972 kB
KReclaimable:      53844 kB
Slab:             282124 kB
SReclaimable:      53844 kB
SUnreclaim:       228280 kB
KernelStack:       18144 kB
PageTables:        49820 kB
SecPageTables:         0 kB
NFS_Unstable:          0 kB
Bounce:                0 kB
WritebackTmp:          0 kB
CommitLimit:     8258920 kB
Committed_AS:   11351152 kB
VmallocTotal:   34359738367 kB
VmallocUsed:       46376 kB
VmallocChunk:          0 kB
Percpu:            13280 kB
HardwareCorrupted:     0 kB
AnonHugePages:    194560 kB
ShmemHugePages:        0 kB
ShmemPmdMapped:        0 kB
FileHugePages:         0 kB
FilePmdMapped:         0 kB
CmaTotal:              0 kB
CmaFree:               0 kB
Unaccepted:            0 kB
Balloon:               0 kB
HugePages_Total:       0
HugePages_Free:        0
HugePages_Rsvd:        0
HugePages_Surp:        0
Hugepagesize:       2048 kB
Hugetlb:               0 kB
DirectMap4k:      194432 kB
DirectMap2M:     6096896 kB
DirectMap1G:     4194304 kB
---SNAPSHOT---
2026-04-27 15:52:06
MemTotal:        8129240 kB
MemFree:         3850468 kB
MemAvailable:    4049320 kB
Buffers:            6076 kB
Cached:           311808 kB
SwapCached:       482312 kB
Active:          2402552 kB
Inactive:        1040076 kB
Active(anon):    2297416 kB
Inactive(anon):   883308 kB
Active(file):     105136 kB
Inactive(file):   156768 kB
Unevictable:          16 kB
Mlocked:              16 kB
SwapTotal:       4194300 kB
SwapFree:        3711988 kB
Zswap:                 0 kB
Zswapped:              0 kB
Dirty:               692 kB
Writeback:         24124 kB
AnonPages:       2645008 kB
Mapped:           263864 kB
Shmem:             55972 kB
KReclaimable:      53844 kB
Slab:             282252 kB
SReclaimable:      53844 kB
SUnreclaim:       228408 kB
KernelStack:       18204 kB
PageTables:        49008 kB
SecPageTables:         0 kB
NFS_Unstable:          0 kB
Bounce:                0 kB
WritebackTmp:          0 kB
CommitLimit:     8258920 kB
Committed_AS:   11351540 kB
VmallocTotal:   34359738367 kB
VmallocUsed:       46456 kB
VmallocChunk:          0 kB
Percpu:            13280 kB
HardwareCorrupted:     0 kB
AnonHugePages:    194560 kB
ShmemHugePages:        0 kB
ShmemPmdMapped:        0 kB
FileHugePages:         0 kB
FilePmdMapped:         0 kB
CmaTotal:              0 kB
CmaFree:               0 kB
Unaccepted:            0 kB
Balloon:               0 kB
HugePages_Total:       0
HugePages_Free:        0
HugePages_Rsvd:        0
HugePages_Surp:        0
Hugepagesize:       2048 kB
Hugetlb:               0 kB
DirectMap4k:      194432 kB
DirectMap2M:     6096896 kB
DirectMap1G:     4194304 kB
---SNAPSHOT---
2026-04-27 15:52:07
MemTotal:        8129240 kB
MemFree:         3868048 kB
MemAvailable:    4066908 kB
Buffers:            6076 kB
Cached:           311816 kB
SwapCached:       482312 kB
Active:          2440096 kB
Inactive:        1048928 kB
Active(anon):    2334960 kB
Inactive(anon):   892152 kB
Active(file):     105136 kB
Inactive(file):   156776 kB
Unevictable:          16 kB
Mlocked:              16 kB
SwapTotal:       4194300 kB
SwapFree:        3711988 kB
Zswap:                 0 kB
Zswapped:              0 kB
Dirty:               700 kB
Writeback:         15364 kB
AnonPages:       2691140 kB
Mapped:           263864 kB
Shmem:             55972 kB
KReclaimable:      53844 kB
Slab:             281720 kB
SReclaimable:      53844 kB
SUnreclaim:       227876 kB
KernelStack:       18204 kB
PageTables:        48732 kB
SecPageTables:         0 kB
NFS_Unstable:          0 kB
Bounce:                0 kB
WritebackTmp:          0 kB
CommitLimit:     8258920 kB
Committed_AS:   11351128 kB
VmallocTotal:   34359738367 kB
VmallocUsed:       46504 kB
VmallocChunk:          0 kB
Percpu:            13280 kB
HardwareCorrupted:     0 kB
AnonHugePages:    194560 kB
ShmemHugePages:        0 kB
ShmemPmdMapped:        0 kB
FileHugePages:         0 kB
FilePmdMapped:         0 kB
CmaTotal:              0 kB
CmaFree:               0 kB
Unaccepted:            0 kB
Balloon:               0 kB
HugePages_Total:       0
HugePages_Free:        0
HugePages_Rsvd:        0
HugePages_Surp:        0
Hugepagesize:       2048 kB
Hugetlb:               0 kB
DirectMap4k:      194432 kB
DirectMap2M:     6096896 kB
DirectMap1G:     4194304 kB
---SNAPSHOT---
2026-04-27 15:52:08
MemTotal:        8129240 kB
MemFree:         3190564 kB
MemAvailable:    3389432 kB
Buffers:            6076 kB
Cached:           311820 kB
SwapCached:       482312 kB
Active:          3138296 kB
Inactive:        1048936 kB
Active(anon):    3033160 kB
Inactive(anon):   892152 kB
Active(file):     105136 kB
Inactive(file):   156784 kB
Unevictable:          16 kB
Mlocked:              16 kB
SwapTotal:       4194300 kB
SwapFree:        3711988 kB
Zswap:                 0 kB
Zswapped:              0 kB
Dirty:               704 kB
Writeback:         15364 kB
AnonPages:       3389224 kB
Mapped:           263864 kB
Shmem:             55972 kB
KReclaimable:      53844 kB
Slab:             281712 kB
SReclaimable:      53844 kB
SUnreclaim:       227868 kB
KernelStack:       18204 kB
PageTables:        50196 kB
SecPageTables:         0 kB
NFS_Unstable:          0 kB
Bounce:                0 kB
WritebackTmp:          0 kB
CommitLimit:     8258920 kB
Committed_AS:   11351152 kB
VmallocTotal:   34359738367 kB
VmallocUsed:       46536 kB
VmallocChunk:          0 kB
Percpu:            13280 kB
HardwareCorrupted:     0 kB
AnonHugePages:    194560 kB
ShmemHugePages:        0 kB
ShmemPmdMapped:        0 kB
FileHugePages:         0 kB
FilePmdMapped:         0 kB
CmaTotal:              0 kB
CmaFree:               0 kB
Unaccepted:            0 kB
Balloon:               0 kB
HugePages_Total:       0
HugePages_Free:        0
HugePages_Rsvd:        0
HugePages_Surp:        0
Hugepagesize:       2048 kB
Hugetlb:               0 kB
DirectMap4k:      194432 kB
DirectMap2M:     6096896 kB
DirectMap1G:     4194304 kB
---SNAPSHOT---
2026-04-27 15:52:12
MemTotal:        8129240 kB
MemFree:         2916588 kB
MemAvailable:    3115464 kB
Buffers:            6084 kB
Cached:           311820 kB
SwapCached:       497672 kB
Active:          3486112 kB
Inactive:        1064156 kB
Active(anon):    3380976 kB
Inactive(anon):   907364 kB
Active(file):     105136 kB
Inactive(file):   156792 kB
Unevictable:          16 kB
Mlocked:              16 kB
SwapTotal:       4194300 kB
SwapFree:        3696628 kB
Zswap:                 0 kB
Zswapped:              0 kB
Dirty:               708 kB
Writeback:         15420 kB
AnonPages:       3737060 kB
Mapped:           263964 kB
Shmem:             55972 kB
KReclaimable:      53844 kB
Slab:             281760 kB
SReclaimable:      53844 kB
SUnreclaim:       227916 kB
KernelStack:       18172 kB
PageTables:        50364 kB
SecPageTables:         0 kB
NFS_Unstable:          0 kB
Bounce:                0 kB
WritebackTmp:          0 kB
CommitLimit:     8258920 kB
Committed_AS:   11351044 kB
VmallocTotal:   34359738367 kB
VmallocUsed:       46472 kB
VmallocChunk:          0 kB
Percpu:            13280 kB
HardwareCorrupted:     0 kB
AnonHugePages:    194560 kB
ShmemHugePages:        0 kB
ShmemPmdMapped:        0 kB
FileHugePages:         0 kB
FilePmdMapped:         0 kB
CmaTotal:              0 kB
CmaFree:               0 kB
Unaccepted:            0 kB
Balloon:               0 kB
HugePages_Total:       0
HugePages_Free:        0
HugePages_Rsvd:        0
HugePages_Surp:        0
Hugepagesize:       2048 kB
Hugetlb:               0 kB
DirectMap4k:      194432 kB
DirectMap2M:     6096896 kB
DirectMap1G:     4194304 kB
---SNAPSHOT---
2026-04-27 15:52:13
MemTotal:        8129240 kB
MemFree:         4124964 kB
MemAvailable:    4323848 kB
Buffers:            6084 kB
Cached:           311832 kB
SwapCached:       497672 kB
Active:          2164472 kB
Inactive:        1069772 kB
Active(anon):    2059336 kB
Inactive(anon):   912972 kB
Active(file):     105136 kB
Inactive(file):   156800 kB
Unevictable:          16 kB
Mlocked:              16 kB
SwapTotal:       4194300 kB
SwapFree:        3696628 kB
Zswap:                 0 kB
Zswapped:              0 kB
Dirty:               716 kB
Writeback:          9840 kB
AnonPages:       2420784 kB
Mapped:           263864 kB
Shmem:             55972 kB
KReclaimable:      53844 kB
Slab:             281596 kB
SReclaimable:      53844 kB
SUnreclaim:       227752 kB
KernelStack:       18144 kB
PageTables:        48084 kB
SecPageTables:         0 kB
NFS_Unstable:          0 kB
Bounce:                0 kB
WritebackTmp:          0 kB
CommitLimit:     8258920 kB
Committed_AS:   11351540 kB
VmallocTotal:   34359738367 kB
VmallocUsed:       46440 kB
VmallocChunk:          0 kB
Percpu:            13280 kB
HardwareCorrupted:     0 kB
AnonHugePages:    194560 kB
ShmemHugePages:        0 kB
ShmemPmdMapped:        0 kB
FileHugePages:         0 kB
FilePmdMapped:         0 kB
CmaTotal:              0 kB
CmaFree:               0 kB
Unaccepted:            0 kB
Balloon:               0 kB
HugePages_Total:       0
HugePages_Free:        0
HugePages_Rsvd:        0
HugePages_Surp:        0
Hugepagesize:       2048 kB
Hugetlb:               0 kB
DirectMap4k:      194432 kB
DirectMap2M:     6096896 kB
DirectMap1G:     4194304 kB
---SNAPSHOT---
2026-04-27 15:52:14
MemTotal:        8129240 kB
MemFree:         3159320 kB
MemAvailable:    3358216 kB
Buffers:            6092 kB
Cached:           311832 kB
SwapCached:       553556 kB
Active:          3105684 kB
Inactive:        1118360 kB
Active(anon):    3000548 kB
Inactive(anon):   961548 kB
Active(file):     105136 kB
Inactive(file):   156812 kB
Unevictable:          16 kB
Mlocked:              16 kB
SwapTotal:       4194300 kB
SwapFree:        3640724 kB
Zswap:                 0 kB
Zswapped:              0 kB
Dirty:               720 kB
Writeback:         17060 kB
AnonPages:       3355108 kB
Mapped:           263964 kB
Shmem:             55972 kB
KReclaimable:      53844 kB
Slab:             281988 kB
SReclaimable:      53844 kB
SUnreclaim:       228144 kB
KernelStack:       18128 kB
PageTables:        49880 kB
SecPageTables:         0 kB
NFS_Unstable:          0 kB
Bounce:                0 kB
WritebackTmp:          0 kB
CommitLimit:     8258920 kB
Committed_AS:   11350816 kB
VmallocTotal:   34359738367 kB
VmallocUsed:       46376 kB
VmallocChunk:          0 kB
Percpu:            13280 kB
HardwareCorrupted:     0 kB
AnonHugePages:    194560 kB
ShmemHugePages:        0 kB
ShmemPmdMapped:        0 kB
FileHugePages:         0 kB
FilePmdMapped:         0 kB
CmaTotal:              0 kB
CmaFree:               0 kB
Unaccepted:            0 kB
Balloon:               0 kB
HugePages_Total:       0
HugePages_Free:        0
HugePages_Rsvd:        0
HugePages_Surp:        0
Hugepagesize:       2048 kB
Hugetlb:               0 kB
DirectMap4k:      194432 kB
DirectMap2M:     6096896 kB
DirectMap1G:     4194304 kB
---SNAPSHOT---
2026-04-27 15:52:15
MemTotal:        8129240 kB
MemFree:         3803348 kB
MemAvailable:    4002256 kB
Buffers:            6092 kB
Cached:           311844 kB
SwapCached:        17924 kB
Active:          2966788 kB
Inactive:         599964 kB
Active(anon):    2861652 kB
Inactive(anon):   443140 kB
Active(file):     105136 kB
Inactive(file):   156824 kB
Unevictable:          16 kB
Mlocked:              16 kB
SwapTotal:       4194300 kB
SwapFree:        4176376 kB
Zswap:                 0 kB
Zswapped:              0 kB
Dirty:               728 kB
Writeback:             0 kB
AnonPages:       3231220 kB
Mapped:           263880 kB
Shmem:             55972 kB
KReclaimable:      53844 kB
Slab:             280748 kB
SReclaimable:      53844 kB
SUnreclaim:       226904 kB
KernelStack:       18144 kB
PageTables:        49096 kB
SecPageTables:         0 kB
NFS_Unstable:          0 kB
Bounce:                0 kB
WritebackTmp:          0 kB
CommitLimit:     8258920 kB
Committed_AS:   11351296 kB
VmallocTotal:   34359738367 kB
VmallocUsed:       46376 kB
VmallocChunk:          0 kB
Percpu:            13280 kB
HardwareCorrupted:     0 kB
AnonHugePages:    194560 kB
ShmemHugePages:        0 kB
ShmemPmdMapped:        0 kB
FileHugePages:         0 kB
FilePmdMapped:         0 kB
CmaTotal:              0 kB
CmaFree:               0 kB
Unaccepted:            0 kB
Balloon:               0 kB
HugePages_Total:       0
HugePages_Free:        0
HugePages_Rsvd:        0
HugePages_Surp:        0
Hugepagesize:       2048 kB
Hugetlb:               0 kB
DirectMap4k:      194432 kB
DirectMap2M:     6096896 kB
DirectMap1G:     4194304 kB
---SNAPSHOT---
2026-04-27 15:52:16
MemTotal:        8129240 kB
MemFree:         3866764 kB
MemAvailable:    4065676 kB
Buffers:            6092 kB
Cached:           311848 kB
SwapCached:        17924 kB
Active:          2961536 kB
Inactive:         599968 kB
Active(anon):    2856400 kB
Inactive(anon):   443140 kB
Active(file):     105136 kB
Inactive(file):   156828 kB
Unevictable:          16 kB
Mlocked:              16 kB
SwapTotal:       4194300 kB
SwapFree:        4176376 kB
Zswap:                 0 kB
Zswapped:              0 kB
Dirty:               732 kB
Writeback:             0 kB
AnonPages:       3226044 kB
Mapped:           263864 kB
Shmem:             55972 kB
KReclaimable:      53844 kB
Slab:             280732 kB
SReclaimable:      53844 kB
SUnreclaim:       226888 kB
KernelStack:       18204 kB
PageTables:        49912 kB
SecPageTables:         0 kB
NFS_Unstable:          0 kB
Bounce:                0 kB
WritebackTmp:          0 kB
CommitLimit:     8258920 kB
Committed_AS:   11351296 kB
VmallocTotal:   34359738367 kB
VmallocUsed:       46424 kB
VmallocChunk:          0 kB
Percpu:            13280 kB
HardwareCorrupted:     0 kB
AnonHugePages:    194560 kB
ShmemHugePages:        0 kB
ShmemPmdMapped:        0 kB
FileHugePages:         0 kB
FilePmdMapped:         0 kB
CmaTotal:              0 kB
CmaFree:               0 kB
Unaccepted:            0 kB
Balloon:               0 kB
HugePages_Total:       0
HugePages_Free:        0
HugePages_Rsvd:        0
HugePages_Surp:        0
Hugepagesize:       2048 kB
Hugetlb:               0 kB
DirectMap4k:      194432 kB
DirectMap2M:     6096896 kB
DirectMap1G:     4194304 kB
---SNAPSHOT---
2026-04-27 15:52:17
MemTotal:        8129240 kB
MemFree:         3202504 kB
MemAvailable:    3401420 kB
Buffers:            6092 kB
Cached:           311852 kB
SwapCached:        17924 kB
Active:          3637368 kB
Inactive:         599972 kB
Active(anon):    3532232 kB
Inactive(anon):   443140 kB
Active(file):     105136 kB
Inactive(file):   156832 kB
Unevictable:          16 kB
Mlocked:              16 kB
SwapTotal:       4194300 kB
SwapFree:        4176376 kB
Zswap:                 0 kB
Zswapped:              0 kB
Dirty:               736 kB
Writeback:             0 kB
AnonPages:       3901832 kB
Mapped:           263864 kB
Shmem:             55972 kB
KReclaimable:      53844 kB
Slab:             280732 kB
SReclaimable:      53844 kB
SUnreclaim:       226888 kB
KernelStack:       18144 kB
PageTables:        50820 kB
SecPageTables:         0 kB
NFS_Unstable:          0 kB
Bounce:                0 kB
WritebackTmp:          0 kB
CommitLimit:     8258920 kB
Committed_AS:   11351208 kB
VmallocTotal:   34359738367 kB
VmallocUsed:       46376 kB
VmallocChunk:          0 kB
Percpu:            13280 kB
HardwareCorrupted:     0 kB
AnonHugePages:    194560 kB
ShmemHugePages:        0 kB
ShmemPmdMapped:        0 kB
FileHugePages:         0 kB
FilePmdMapped:         0 kB
CmaTotal:              0 kB
CmaFree:               0 kB
Unaccepted:            0 kB
Balloon:               0 kB
HugePages_Total:       0
HugePages_Free:        0
HugePages_Rsvd:        0
HugePages_Surp:        0
Hugepagesize:       2048 kB
Hugetlb:               0 kB
DirectMap4k:      194432 kB
DirectMap2M:     6096896 kB
DirectMap1G:     4194304 kB
---SNAPSHOT---
2026-04-27 15:52:18
MemTotal:        8129240 kB
MemFree:         4343408 kB
MemAvailable:    4542328 kB
Buffers:            6092 kB
Cached:           311860 kB
SwapCached:        17924 kB
Active:          2507772 kB
Inactive:         599976 kB
Active(anon):    2402636 kB
Inactive(anon):   443140 kB
Active(file):     105136 kB
Inactive(file):   156836 kB
Unevictable:          16 kB
Mlocked:              16 kB
SwapTotal:       4194300 kB
SwapFree:        4176376 kB
Zswap:                 0 kB
Zswapped:              0 kB
Dirty:               744 kB
Writeback:             0 kB
AnonPages:       2771932 kB
Mapped:           263864 kB
Shmem:             55972 kB
KReclaimable:      53844 kB
Slab:             280732 kB
SReclaimable:      53844 kB
SUnreclaim:       226888 kB
KernelStack:       18204 kB
PageTables:        48184 kB
SecPageTables:         0 kB
NFS_Unstable:          0 kB
Bounce:                0 kB
WritebackTmp:          0 kB
CommitLimit:     8258920 kB
Committed_AS:   11351428 kB
VmallocTotal:   34359738367 kB
VmallocUsed:       46392 kB
VmallocChunk:          0 kB
Percpu:            13280 kB
HardwareCorrupted:     0 kB
AnonHugePages:    194560 kB
ShmemHugePages:        0 kB
ShmemPmdMapped:        0 kB
FileHugePages:         0 kB
FilePmdMapped:         0 kB
CmaTotal:              0 kB
CmaFree:               0 kB
Unaccepted:            0 kB
Balloon:               0 kB
HugePages_Total:       0
HugePages_Free:        0
HugePages_Rsvd:        0
HugePages_Surp:        0
Hugepagesize:       2048 kB
Hugetlb:               0 kB
DirectMap4k:      194432 kB
DirectMap2M:     6096896 kB
DirectMap1G:     4194304 kB
---SNAPSHOT---
2026-04-27 15:52:19
MemTotal:        8129240 kB
MemFree:         4113828 kB
MemAvailable:    4312764 kB
Buffers:            6100 kB
Cached:           311864 kB
SwapCached:        17924 kB
Active:          2745744 kB
Inactive:         599992 kB
Active(anon):    2640608 kB
Inactive(anon):   443140 kB
Active(file):     105136 kB
Inactive(file):   156852 kB
Unevictable:          16 kB
Mlocked:              16 kB
SwapTotal:       4194300 kB
SwapFree:        4176376 kB
Zswap:                 0 kB
Zswapped:              0 kB
Dirty:               748 kB
Writeback:             0 kB
AnonPages:       3010064 kB
Mapped:           263864 kB
Shmem:             55972 kB
KReclaimable:      53844 kB
Slab:             280716 kB
SReclaimable:      53844 kB
SUnreclaim:       226872 kB
KernelStack:       18160 kB
PageTables:        48636 kB
SecPageTables:         0 kB
NFS_Unstable:          0 kB
Bounce:                0 kB
WritebackTmp:          0 kB
CommitLimit:     8258920 kB
Committed_AS:   11352452 kB
VmallocTotal:   34359738367 kB
VmallocUsed:       46408 kB
VmallocChunk:          0 kB
Percpu:            13280 kB
HardwareCorrupted:     0 kB
AnonHugePages:    194560 kB
ShmemHugePages:        0 kB
ShmemPmdMapped:        0 kB
FileHugePages:         0 kB
FilePmdMapped:         0 kB
CmaTotal:              0 kB
CmaFree:               0 kB
Unaccepted:            0 kB
Balloon:               0 kB
HugePages_Total:       0
HugePages_Free:        0
HugePages_Rsvd:        0
HugePages_Surp:        0
Hugepagesize:       2048 kB
Hugetlb:               0 kB
DirectMap4k:      194432 kB
DirectMap2M:     6096896 kB
DirectMap1G:     4194304 kB
---SNAPSHOT---
2026-04-27 15:52:20
MemTotal:        8129240 kB
MemFree:         3218208 kB
MemAvailable:    3417168 kB
Buffers:            6100 kB
Cached:           311876 kB
SwapCached:        17924 kB
Active:          3654568 kB
Inactive:         600000 kB
Active(anon):    3549432 kB
Inactive(anon):   443140 kB
Active(file):     105136 kB
Inactive(file):   156860 kB
Unevictable:          16 kB
Mlocked:              16 kB
SwapTotal:       4194300 kB
SwapFree:        4176376 kB
Zswap:                 0 kB
Zswapped:              0 kB
Dirty:               760 kB
Writeback:             0 kB
AnonPages:       3918696 kB
Mapped:           263864 kB
Shmem:             55972 kB
KReclaimable:      53860 kB
Slab:             280728 kB
SReclaimable:      53860 kB
SUnreclaim:       226868 kB
KernelStack:       18188 kB
PageTables:        50168 kB
SecPageTables:         0 kB
NFS_Unstable:          0 kB
Bounce:                0 kB
WritebackTmp:          0 kB
CommitLimit:     8258920 kB
Committed_AS:   11352224 kB
VmallocTotal:   34359738367 kB
VmallocUsed:       46424 kB
VmallocChunk:          0 kB
Percpu:            13280 kB
HardwareCorrupted:     0 kB
AnonHugePages:    194560 kB
ShmemHugePages:        0 kB
ShmemPmdMapped:        0 kB
FileHugePages:         0 kB
FilePmdMapped:         0 kB
CmaTotal:              0 kB
CmaFree:               0 kB
Unaccepted:            0 kB
Balloon:               0 kB
HugePages_Total:       0
HugePages_Free:        0
HugePages_Rsvd:        0
HugePages_Surp:        0
Hugepagesize:       2048 kB
Hugetlb:               0 kB
DirectMap4k:      194432 kB
DirectMap2M:     6096896 kB
DirectMap1G:     4194304 kB
---SNAPSHOT---
2026-04-27 15:52:21
MemTotal:        8129240 kB
MemFree:         3294196 kB
MemAvailable:    3493160 kB
Buffers:            6100 kB
Cached:           311880 kB
SwapCached:        17924 kB
Active:          3586992 kB
Inactive:         600004 kB
Active(anon):    3481856 kB
Inactive(anon):   443140 kB
Active(file):     105136 kB
Inactive(file):   156864 kB
Unevictable:          16 kB
Mlocked:              16 kB
SwapTotal:       4194300 kB
SwapFree:        4176376 kB
Zswap:                 0 kB
Zswapped:              0 kB
Dirty:               764 kB
Writeback:             0 kB
AnonPages:       3851268 kB
Mapped:           263884 kB
Shmem:             55972 kB
KReclaimable:      53860 kB
Slab:             280720 kB
SReclaimable:      53860 kB
SUnreclaim:       226860 kB
KernelStack:       18188 kB
PageTables:        49992 kB
SecPageTables:         0 kB
NFS_Unstable:          0 kB
Bounce:                0 kB
WritebackTmp:          0 kB
CommitLimit:     8258920 kB
Committed_AS:   11352560 kB
VmallocTotal:   34359738367 kB
VmallocUsed:       46456 kB
VmallocChunk:          0 kB
Percpu:            13280 kB
HardwareCorrupted:     0 kB
AnonHugePages:    194560 kB
ShmemHugePages:        0 kB
ShmemPmdMapped:        0 kB
FileHugePages:         0 kB
FilePmdMapped:         0 kB
CmaTotal:              0 kB
CmaFree:               0 kB
Unaccepted:            0 kB
Balloon:               0 kB
HugePages_Total:       0
HugePages_Free:        0
HugePages_Rsvd:        0
HugePages_Surp:        0
Hugepagesize:       2048 kB
Hugetlb:               0 kB
DirectMap4k:      194432 kB
DirectMap2M:     6096896 kB
DirectMap1G:     4194304 kB
---SNAPSHOT---
2026-04-27 15:52:22
MemTotal:        8129240 kB
MemFree:         3522644 kB
MemAvailable:    3721612 kB
Buffers:            6100 kB
Cached:           311884 kB
SwapCached:        17924 kB
Active:          3370612 kB
Inactive:         600008 kB
Active(anon):    3265476 kB
Inactive(anon):   443140 kB
Active(file):     105136 kB
Inactive(file):   156868 kB
Unevictable:          16 kB
Mlocked:              16 kB
SwapTotal:       4194300 kB
SwapFree:        4176376 kB
Zswap:                 0 kB
Zswapped:              0 kB
Dirty:               768 kB
Writeback:             0 kB
AnonPages:       3634976 kB
Mapped:           263864 kB
Shmem:             55972 kB
KReclaimable:      53860 kB
Slab:             280720 kB
SReclaimable:      53860 kB
SUnreclaim:       226860 kB
KernelStack:       18172 kB
PageTables:        49688 kB
SecPageTables:         0 kB
NFS_Unstable:          0 kB
Bounce:                0 kB
WritebackTmp:          0 kB
CommitLimit:     8258920 kB
Committed_AS:   11352332 kB
VmallocTotal:   34359738367 kB
VmallocUsed:       46440 kB
VmallocChunk:          0 kB
Percpu:            13280 kB
HardwareCorrupted:     0 kB
AnonHugePages:    194560 kB
ShmemHugePages:        0 kB
ShmemPmdMapped:        0 kB
FileHugePages:         0 kB
FilePmdMapped:         0 kB
CmaTotal:              0 kB
CmaFree:               0 kB
Unaccepted:            0 kB
Balloon:               0 kB
HugePages_Total:       0
HugePages_Free:        0
HugePages_Rsvd:        0
HugePages_Surp:        0
Hugepagesize:       2048 kB
Hugetlb:               0 kB
DirectMap4k:      194432 kB
DirectMap2M:     6096896 kB
DirectMap1G:     4194304 kB
---SNAPSHOT---
2026-04-27 15:52:23
MemTotal:        8129240 kB
MemFree:         3656520 kB
MemAvailable:    3855500 kB
Buffers:            6100 kB
Cached:           311892 kB
SwapCached:        17924 kB
Active:          3224628 kB
Inactive:         600020 kB
Active(anon):    3119492 kB
Inactive(anon):   443140 kB
Active(file):     105136 kB
Inactive(file):   156880 kB
Unevictable:          16 kB
Mlocked:              16 kB
SwapTotal:       4194300 kB
SwapFree:        4176376 kB
Zswap:                 0 kB
Zswapped:              0 kB
Dirty:               160 kB
Writeback:             0 kB
AnonPages:       3488788 kB
Mapped:           263864 kB
Shmem:             55972 kB
KReclaimable:      53860 kB
Slab:             280708 kB
SReclaimable:      53860 kB
SUnreclaim:       226848 kB
KernelStack:       18172 kB
PageTables:        49348 kB
SecPageTables:         0 kB
NFS_Unstable:          0 kB
Bounce:                0 kB
WritebackTmp:          0 kB
CommitLimit:     8258920 kB
Committed_AS:   11352564 kB
VmallocTotal:   34359738367 kB
VmallocUsed:       46392 kB
VmallocChunk:          0 kB
Percpu:            13280 kB
HardwareCorrupted:     0 kB
AnonHugePages:    194560 kB
ShmemHugePages:        0 kB
ShmemPmdMapped:        0 kB
FileHugePages:         0 kB
FilePmdMapped:         0 kB
CmaTotal:              0 kB
CmaFree:               0 kB
Unaccepted:            0 kB
Balloon:               0 kB
HugePages_Total:       0
HugePages_Free:        0
HugePages_Rsvd:        0
HugePages_Surp:        0
Hugepagesize:       2048 kB
Hugetlb:               0 kB
DirectMap4k:      194432 kB
DirectMap2M:     6096896 kB
DirectMap1G:     4194304 kB
---SNAPSHOT---
2026-04-27 15:52:24
MemTotal:        8129240 kB
MemFree:         4158344 kB
MemAvailable:    4357332 kB
Buffers:            6108 kB
Cached:           311896 kB
SwapCached:        17924 kB
Active:          2720452 kB
Inactive:         600028 kB
Active(anon):    2615316 kB
Inactive(anon):   443140 kB
Active(file):     105136 kB
Inactive(file):   156888 kB
Unevictable:          16 kB
Mlocked:              16 kB
SwapTotal:       4194300 kB
SwapFree:        4176376 kB
Zswap:                 0 kB
Zswapped:              0 kB
Dirty:               176 kB
Writeback:             0 kB
AnonPages:       2984688 kB
Mapped:           263864 kB
Shmem:             55972 kB
KReclaimable:      53860 kB
Slab:             280744 kB
SReclaimable:      53860 kB
SUnreclaim:       226884 kB
KernelStack:       18188 kB
PageTables:        48304 kB
SecPageTables:         0 kB
NFS_Unstable:          0 kB
Bounce:                0 kB
WritebackTmp:          0 kB
CommitLimit:     8258920 kB
Committed_AS:   11352456 kB
VmallocTotal:   34359738367 kB
VmallocUsed:       46424 kB
VmallocChunk:          0 kB
Percpu:            13280 kB
HardwareCorrupted:     0 kB
AnonHugePages:    194560 kB
ShmemHugePages:        0 kB
ShmemPmdMapped:        0 kB
FileHugePages:         0 kB
FilePmdMapped:         0 kB
CmaTotal:              0 kB
CmaFree:               0 kB
Unaccepted:            0 kB
Balloon:               0 kB
HugePages_Total:       0
HugePages_Free:        0
HugePages_Rsvd:        0
HugePages_Surp:        0
Hugepagesize:       2048 kB
Hugetlb:               0 kB
DirectMap4k:      194432 kB
DirectMap2M:     6096896 kB
DirectMap1G:     4194304 kB
---SNAPSHOT---
2026-04-27 15:52:25
MemTotal:        8129240 kB
MemFree:         3436748 kB
MemAvailable:    3635748 kB
Buffers:            6108 kB
Cached:           311904 kB
SwapCached:        17924 kB
Active:          3454628 kB
Inactive:         600040 kB
Active(anon):    3349492 kB
Inactive(anon):   443140 kB
Active(file):     105136 kB
Inactive(file):   156900 kB
Unevictable:          16 kB
Mlocked:              16 kB
SwapTotal:       4194300 kB
SwapFree:        4176376 kB
Zswap:                 0 kB
Zswapped:              0 kB
Dirty:               184 kB
Writeback:             0 kB
AnonPages:       3719120 kB
Mapped:           263864 kB
Shmem:             55972 kB
KReclaimable:      53860 kB
Slab:             280728 kB
SReclaimable:      53860 kB
SUnreclaim:       226868 kB
KernelStack:       18264 kB
PageTables:        50016 kB
SecPageTables:         0 kB
NFS_Unstable:          0 kB
Bounce:                0 kB
WritebackTmp:          0 kB
CommitLimit:     8258920 kB
Committed_AS:   11352320 kB
VmallocTotal:   34359738367 kB
VmallocUsed:       46392 kB
VmallocChunk:          0 kB
Percpu:            13280 kB
HardwareCorrupted:     0 kB
AnonHugePages:    194560 kB
ShmemHugePages:        0 kB
ShmemPmdMapped:        0 kB
FileHugePages:         0 kB
FilePmdMapped:         0 kB
CmaTotal:              0 kB
CmaFree:               0 kB
Unaccepted:            0 kB
Balloon:               0 kB
HugePages_Total:       0
HugePages_Free:        0
HugePages_Rsvd:        0
HugePages_Surp:        0
Hugepagesize:       2048 kB
Hugetlb:               0 kB
DirectMap4k:      194432 kB
DirectMap2M:     6096896 kB
DirectMap1G:     4194304 kB
---SNAPSHOT---
2026-04-27 15:52:26
MemTotal:        8129240 kB
MemFree:         3946568 kB
MemAvailable:    4145572 kB
Buffers:            6108 kB
Cached:           311908 kB
SwapCached:        17924 kB
Active:          2830028 kB
Inactive:         600044 kB
Active(anon):    2724892 kB
Inactive(anon):   443140 kB
Active(file):     105136 kB
Inactive(file):   156904 kB
Unevictable:          16 kB
Mlocked:              16 kB
SwapTotal:       4194300 kB
SwapFree:        4176376 kB
Zswap:                 0 kB
Zswapped:              0 kB
Dirty:               188 kB
Writeback:             0 kB
AnonPages:       3094144 kB
Mapped:           263864 kB
Shmem:             55972 kB
KReclaimable:      53860 kB
Slab:             280736 kB
SReclaimable:      53860 kB
SUnreclaim:       226876 kB
KernelStack:       18188 kB
PageTables:        48648 kB
SecPageTables:         0 kB
NFS_Unstable:          0 kB
Bounce:                0 kB
WritebackTmp:          0 kB
CommitLimit:     8258920 kB
Committed_AS:   11352176 kB
VmallocTotal:   34359738367 kB
VmallocUsed:       46392 kB
VmallocChunk:          0 kB
Percpu:            13280 kB
HardwareCorrupted:     0 kB
AnonHugePages:    194560 kB
ShmemHugePages:        0 kB
ShmemPmdMapped:        0 kB
FileHugePages:         0 kB
FilePmdMapped:         0 kB
CmaTotal:              0 kB
CmaFree:               0 kB
Unaccepted:            0 kB
Balloon:               0 kB
HugePages_Total:       0
HugePages_Free:        0
HugePages_Rsvd:        0
HugePages_Surp:        0
Hugepagesize:       2048 kB
Hugetlb:               0 kB
DirectMap4k:      194432 kB
DirectMap2M:     6096896 kB
DirectMap1G:     4194304 kB
---SNAPSHOT---
2026-04-27 15:52:27
MemTotal:        8129240 kB
MemFree:         3943732 kB
MemAvailable:    4142740 kB
Buffers:            6108 kB
Cached:           311912 kB
SwapCached:        17924 kB
Active:          2864860 kB
Inactive:         600048 kB
Active(anon):    2759724 kB
Inactive(anon):   443140 kB
Active(file):     105136 kB
Inactive(file):   156908 kB
Unevictable:          16 kB
Mlocked:              16 kB
SwapTotal:       4194300 kB
SwapFree:        4176376 kB
Zswap:                 0 kB
Zswapped:              0 kB
Dirty:               192 kB
Writeback:             0 kB
AnonPages:       3129404 kB
Mapped:           263864 kB
Shmem:             55972 kB
KReclaimable:      53860 kB
Slab:             280712 kB
SReclaimable:      53860 kB
SUnreclaim:       226852 kB
KernelStack:       18144 kB
PageTables:        48348 kB
SecPageTables:         0 kB
NFS_Unstable:          0 kB
Bounce:                0 kB
WritebackTmp:          0 kB
CommitLimit:     8258920 kB
Committed_AS:   11352300 kB
VmallocTotal:   34359738367 kB
VmallocUsed:       46392 kB
VmallocChunk:          0 kB
Percpu:            13280 kB
HardwareCorrupted:     0 kB
AnonHugePages:    194560 kB
ShmemHugePages:        0 kB
ShmemPmdMapped:        0 kB
FileHugePages:         0 kB
FilePmdMapped:         0 kB
CmaTotal:              0 kB
CmaFree:               0 kB
Unaccepted:            0 kB
Balloon:               0 kB
HugePages_Total:       0
HugePages_Free:        0
HugePages_Rsvd:        0
HugePages_Surp:        0
Hugepagesize:       2048 kB
Hugetlb:               0 kB
DirectMap4k:      194432 kB
DirectMap2M:     6096896 kB
DirectMap1G:     4194304 kB
---SNAPSHOT---
2026-04-27 15:52:28
MemTotal:        8129240 kB
MemFree:         3252416 kB
MemAvailable:    3451448 kB
Buffers:            6116 kB
Cached:           311928 kB
SwapCached:        17924 kB
Active:          3571572 kB
Inactive:         600072 kB
Active(anon):    3466436 kB
Inactive(anon):   443140 kB
Active(file):     105136 kB
Inactive(file):   156932 kB
Unevictable:          16 kB
Mlocked:              16 kB
SwapTotal:       4194300 kB
SwapFree:        4176376 kB
Zswap:                 0 kB
Zswapped:              0 kB
Dirty:                16 kB
Writeback:             0 kB
AnonPages:       3836404 kB
Mapped:           263864 kB
Shmem:             55972 kB
KReclaimable:      53860 kB
Slab:             280708 kB
SReclaimable:      53860 kB
SUnreclaim:       226848 kB
KernelStack:       18156 kB
PageTables:        49736 kB
SecPageTables:         0 kB
NFS_Unstable:          0 kB
Bounce:                0 kB
WritebackTmp:          0 kB
CommitLimit:     8258920 kB
Committed_AS:   11352280 kB
VmallocTotal:   34359738367 kB
VmallocUsed:       46392 kB
VmallocChunk:          0 kB
Percpu:            13280 kB
HardwareCorrupted:     0 kB
AnonHugePages:    194560 kB
ShmemHugePages:        0 kB
ShmemPmdMapped:        0 kB
FileHugePages:         0 kB
FilePmdMapped:         0 kB
CmaTotal:              0 kB
CmaFree:               0 kB
Unaccepted:            0 kB
Balloon:               0 kB
HugePages_Total:       0
HugePages_Free:        0
HugePages_Rsvd:        0
HugePages_Surp:        0
Hugepagesize:       2048 kB
Hugetlb:               0 kB
DirectMap4k:      194432 kB
DirectMap2M:     6096896 kB
DirectMap1G:     4194304 kB
---SNAPSHOT---
2026-04-27 15:52:29
MemTotal:        8129240 kB
MemFree:         3877344 kB
MemAvailable:    4076376 kB
Buffers:            6124 kB
Cached:           311932 kB
SwapCached:        17924 kB
Active:          2954452 kB
Inactive:         600072 kB
Active(anon):    2849316 kB
Inactive(anon):   443140 kB
Active(file):     105136 kB
Inactive(file):   156932 kB
Unevictable:          16 kB
Mlocked:              16 kB
SwapTotal:       4194300 kB
SwapFree:        4176376 kB
Zswap:                 0 kB
Zswapped:              0 kB
Dirty:                48 kB
Writeback:             0 kB
AnonPages:       3218892 kB
Mapped:           263864 kB
Shmem:             55972 kB
KReclaimable:      53860 kB
Slab:             280716 kB
SReclaimable:      53860 kB
SUnreclaim:       226856 kB
KernelStack:       18172 kB
PageTables:        48776 kB
SecPageTables:         0 kB
NFS_Unstable:          0 kB
Bounce:                0 kB
WritebackTmp:          0 kB
CommitLimit:     8258920 kB
Committed_AS:   11352564 kB
VmallocTotal:   34359738367 kB
VmallocUsed:       46392 kB
VmallocChunk:          0 kB
Percpu:            13280 kB
HardwareCorrupted:     0 kB
AnonHugePages:    194560 kB
ShmemHugePages:        0 kB
ShmemPmdMapped:        0 kB
FileHugePages:         0 kB
FilePmdMapped:         0 kB
CmaTotal:              0 kB
CmaFree:               0 kB
Unaccepted:            0 kB
Balloon:               0 kB
HugePages_Total:       0
HugePages_Free:        0
HugePages_Rsvd:        0
HugePages_Surp:        0
Hugepagesize:       2048 kB
Hugetlb:               0 kB
DirectMap4k:      194432 kB
DirectMap2M:     6096896 kB
DirectMap1G:     4194304 kB
---SNAPSHOT---
2026-04-27 15:52:30
MemTotal:        8129240 kB
MemFree:         4400844 kB
MemAvailable:    4599892 kB
Buffers:            6124 kB
Cached:           311940 kB
SwapCached:        17924 kB
Active:          2415564 kB
Inactive:         600088 kB
Active(anon):    2310428 kB
Inactive(anon):   443140 kB
Active(file):     105136 kB
Inactive(file):   156948 kB
Unevictable:          16 kB
Mlocked:              16 kB
SwapTotal:       4194300 kB
SwapFree:        4176376 kB
Zswap:                 0 kB
Zswapped:              0 kB
Dirty:                56 kB
Writeback:             0 kB
AnonPages:       2679944 kB
Mapped:           264092 kB
Shmem:             55972 kB
KReclaimable:      53860 kB
Slab:             280708 kB
SReclaimable:      53860 kB
SUnreclaim:       226848 kB
KernelStack:       18128 kB
PageTables:        47324 kB
SecPageTables:         0 kB
NFS_Unstable:          0 kB
Bounce:                0 kB
WritebackTmp:          0 kB
CommitLimit:     8258920 kB
Committed_AS:   11352564 kB
VmallocTotal:   34359738367 kB
VmallocUsed:       46312 kB
VmallocChunk:          0 kB
Percpu:            13280 kB
HardwareCorrupted:     0 kB
AnonHugePages:    194560 kB
ShmemHugePages:        0 kB
ShmemPmdMapped:        0 kB
FileHugePages:         0 kB
FilePmdMapped:         0 kB
CmaTotal:              0 kB
CmaFree:               0 kB
Unaccepted:            0 kB
Balloon:               0 kB
HugePages_Total:       0
HugePages_Free:        0
HugePages_Rsvd:        0
HugePages_Surp:        0
Hugepagesize:       2048 kB
Hugetlb:               0 kB
DirectMap4k:      194432 kB
DirectMap2M:     6096896 kB
DirectMap1G:     4194304 kB
---SNAPSHOT---
2026-04-27 15:52:31
MemTotal:        8129240 kB
MemFree:         3526920 kB
MemAvailable:    3725972 kB
Buffers:            6124 kB
Cached:           311944 kB
SwapCached:        17924 kB
Active:          3321332 kB
Inactive:         600092 kB
Active(anon):    3216196 kB
Inactive(anon):   443140 kB
Active(file):     105136 kB
Inactive(file):   156952 kB
Unevictable:          16 kB
Mlocked:              16 kB
SwapTotal:       4194300 kB
SwapFree:        4176376 kB
Zswap:                 0 kB
Zswapped:              0 kB
Dirty:                60 kB
Writeback:             0 kB
AnonPages:       3585272 kB
Mapped:           263864 kB
Shmem:             55972 kB
KReclaimable:      53860 kB
Slab:             280712 kB
SReclaimable:      53860 kB
SUnreclaim:       226852 kB
KernelStack:       18112 kB
PageTables:        49112 kB
SecPageTables:         0 kB
NFS_Unstable:          0 kB
Bounce:                0 kB
WritebackTmp:          0 kB
CommitLimit:     8258920 kB
Committed_AS:   11352000 kB
VmallocTotal:   34359738367 kB
VmallocUsed:       46360 kB
VmallocChunk:          0 kB
Percpu:            13280 kB
HardwareCorrupted:     0 kB
AnonHugePages:    194560 kB
ShmemHugePages:        0 kB
ShmemPmdMapped:        0 kB
FileHugePages:         0 kB
FilePmdMapped:         0 kB
CmaTotal:              0 kB
CmaFree:               0 kB
Unaccepted:            0 kB
Balloon:               0 kB
HugePages_Total:       0
HugePages_Free:        0
HugePages_Rsvd:        0
HugePages_Surp:        0
Hugepagesize:       2048 kB
Hugetlb:               0 kB
DirectMap4k:      194432 kB
DirectMap2M:     6096896 kB
DirectMap1G:     4194304 kB
---SNAPSHOT---
2026-04-27 15:52:32
MemTotal:        8129240 kB
MemFree:         3422720 kB
MemAvailable:    3621784 kB
Buffers:            6124 kB
Cached:           311952 kB
SwapCached:        17924 kB
Active:          3433444 kB
Inactive:         600104 kB
Active(anon):    3328308 kB
Inactive(anon):   443140 kB
Active(file):     105136 kB
Inactive(file):   156964 kB
Unevictable:          16 kB
Mlocked:              16 kB
SwapTotal:       4194300 kB
SwapFree:        4176376 kB
Zswap:                 0 kB
Zswapped:              0 kB
Dirty:                68 kB
Writeback:             0 kB
AnonPages:       3697936 kB
Mapped:           263864 kB
Shmem:             55972 kB
KReclaimable:      53860 kB
Slab:             280708 kB
SReclaimable:      53860 kB
SUnreclaim:       226848 kB
KernelStack:       18112 kB
PageTables:        49380 kB
SecPageTables:         0 kB
NFS_Unstable:          0 kB
Bounce:                0 kB
WritebackTmp:          0 kB
CommitLimit:     8258920 kB
Committed_AS:   11352232 kB
VmallocTotal:   34359738367 kB
VmallocUsed:       46344 kB
VmallocChunk:          0 kB
Percpu:            13280 kB
HardwareCorrupted:     0 kB
AnonHugePages:    194560 kB
ShmemHugePages:        0 kB
ShmemPmdMapped:        0 kB
FileHugePages:         0 kB
FilePmdMapped:         0 kB
CmaTotal:              0 kB
CmaFree:               0 kB
Unaccepted:            0 kB
Balloon:               0 kB
HugePages_Total:       0
HugePages_Free:        0
HugePages_Rsvd:        0
HugePages_Surp:        0
Hugepagesize:       2048 kB
Hugetlb:               0 kB
DirectMap4k:      194432 kB
DirectMap2M:     6096896 kB
DirectMap1G:     4194304 kB
---SNAPSHOT---
2026-04-27 15:52:33
MemTotal:        8129240 kB
MemFree:         4082892 kB
MemAvailable:    4281960 kB
Buffers:            6124 kB
Cached:           311960 kB
SwapCached:        17924 kB
Active:          2791788 kB
Inactive:         600108 kB
Active(anon):    2686652 kB
Inactive(anon):   443140 kB
Active(file):     105136 kB
Inactive(file):   156968 kB
Unevictable:          16 kB
Mlocked:              16 kB
SwapTotal:       4194300 kB
SwapFree:        4176376 kB
Zswap:                 0 kB
Zswapped:              0 kB
Dirty:                72 kB
Writeback:             0 kB
AnonPages:       3056220 kB
Mapped:           263864 kB
Shmem:             55972 kB
KReclaimable:      53860 kB
Slab:             280724 kB
SReclaimable:      53860 kB
SUnreclaim:       226864 kB
KernelStack:       18112 kB
PageTables:        48140 kB
SecPageTables:         0 kB
NFS_Unstable:          0 kB
Bounce:                0 kB
WritebackTmp:          0 kB
CommitLimit:     8258920 kB
Committed_AS:   11351684 kB
VmallocTotal:   34359738367 kB
VmallocUsed:       46328 kB
VmallocChunk:          0 kB
Percpu:            13280 kB
HardwareCorrupted:     0 kB
AnonHugePages:    194560 kB
ShmemHugePages:        0 kB
ShmemPmdMapped:        0 kB
FileHugePages:         0 kB
FilePmdMapped:         0 kB
CmaTotal:              0 kB
CmaFree:               0 kB
Unaccepted:            0 kB
Balloon:               0 kB
HugePages_Total:       0
HugePages_Free:        0
HugePages_Rsvd:        0
HugePages_Surp:        0
Hugepagesize:       2048 kB
Hugetlb:               0 kB
DirectMap4k:      194432 kB
DirectMap2M:     6096896 kB
DirectMap1G:     4194304 kB
---SNAPSHOT---
2026-04-27 15:52:34
MemTotal:        8129240 kB
MemFree:         3405352 kB
MemAvailable:    3604436 kB
Buffers:            6132 kB
Cached:           311964 kB
SwapCached:        17924 kB
Active:          3490880 kB
Inactive:         600124 kB
Active(anon):    3385744 kB
Inactive(anon):   443140 kB
Active(file):     105136 kB
Inactive(file):   156984 kB
Unevictable:          16 kB
Mlocked:              16 kB
SwapTotal:       4194300 kB
SwapFree:        4176376 kB
Zswap:                 0 kB
Zswapped:              0 kB
Dirty:                76 kB
Writeback:             0 kB
AnonPages:       3755204 kB
Mapped:           263864 kB
Shmem:             55972 kB
KReclaimable:      53860 kB
Slab:             280720 kB
SReclaimable:      53860 kB
SUnreclaim:       226860 kB
KernelStack:       18172 kB
PageTables:        49456 kB
SecPageTables:         0 kB
NFS_Unstable:          0 kB
Bounce:                0 kB
WritebackTmp:          0 kB
CommitLimit:     8258920 kB
Committed_AS:   11352672 kB
VmallocTotal:   34359738367 kB
VmallocUsed:       46392 kB
VmallocChunk:          0 kB
Percpu:            13280 kB
HardwareCorrupted:     0 kB
AnonHugePages:    194560 kB
ShmemHugePages:        0 kB
ShmemPmdMapped:        0 kB
FileHugePages:         0 kB
FilePmdMapped:         0 kB
CmaTotal:              0 kB
CmaFree:               0 kB
Unaccepted:            0 kB
Balloon:               0 kB
HugePages_Total:       0
HugePages_Free:        0
HugePages_Rsvd:        0
HugePages_Surp:        0
Hugepagesize:       2048 kB
Hugetlb:               0 kB
DirectMap4k:      194432 kB
DirectMap2M:     6096896 kB
DirectMap1G:     4194304 kB
---SNAPSHOT---
2026-04-27 15:52:35
MemTotal:        8129240 kB
MemFree:         3847628 kB
MemAvailable:    4046720 kB
Buffers:            6132 kB
Cached:           311972 kB
SwapCached:        17924 kB
Active:          3059556 kB
Inactive:         600132 kB
Active(anon):    2954420 kB
Inactive(anon):   443140 kB
Active(file):     105136 kB
Inactive(file):   156992 kB
Unevictable:          16 kB
Mlocked:              16 kB
SwapTotal:       4194300 kB
SwapFree:        4176376 kB
Zswap:                 0 kB
Zswapped:              0 kB
Dirty:                84 kB
Writeback:             0 kB
AnonPages:       3324396 kB
Mapped:           263864 kB
Shmem:             55972 kB
KReclaimable:      53860 kB
Slab:             280704 kB
SReclaimable:      53860 kB
SUnreclaim:       226844 kB
KernelStack:       18128 kB
PageTables:        48728 kB
SecPageTables:         0 kB
NFS_Unstable:          0 kB
Bounce:                0 kB
WritebackTmp:          0 kB
CommitLimit:     8258920 kB
Committed_AS:   11351816 kB
VmallocTotal:   34359738367 kB
VmallocUsed:       46328 kB
VmallocChunk:          0 kB
Percpu:            13280 kB
HardwareCorrupted:     0 kB
AnonHugePages:    194560 kB
ShmemHugePages:        0 kB
ShmemPmdMapped:        0 kB
FileHugePages:         0 kB
FilePmdMapped:         0 kB
CmaTotal:              0 kB
CmaFree:               0 kB
Unaccepted:            0 kB
Balloon:               0 kB
HugePages_Total:       0
HugePages_Free:        0
HugePages_Rsvd:        0
HugePages_Surp:        0
Hugepagesize:       2048 kB
Hugetlb:               0 kB
DirectMap4k:      194432 kB
DirectMap2M:     6096896 kB
DirectMap1G:     4194304 kB
---SNAPSHOT---
2026-04-27 15:52:36
MemTotal:        8129240 kB
MemFree:         4259536 kB
MemAvailable:    4458628 kB
Buffers:            6132 kB
Cached:           311976 kB
SwapCached:        17924 kB
Active:          2639932 kB
Inactive:         600132 kB
Active(anon):    2534796 kB
Inactive(anon):   443140 kB
Active(file):     105136 kB
Inactive(file):   156992 kB
Unevictable:          16 kB
Mlocked:              16 kB
SwapTotal:       4194300 kB
SwapFree:        4176376 kB
Zswap:                 0 kB
Zswapped:              0 kB
Dirty:                88 kB
Writeback:             0 kB
AnonPages:       2903992 kB
Mapped:           263864 kB
Shmem:             55972 kB
KReclaimable:      53860 kB
Slab:             280692 kB
SReclaimable:      53860 kB
SUnreclaim:       226832 kB
KernelStack:       18128 kB
PageTables:        47696 kB
SecPageTables:         0 kB
NFS_Unstable:          0 kB
Bounce:                0 kB
WritebackTmp:          0 kB
CommitLimit:     8258920 kB
Committed_AS:   11352320 kB
VmallocTotal:   34359738367 kB
VmallocUsed:       46296 kB
VmallocChunk:          0 kB
Percpu:            13280 kB
HardwareCorrupted:     0 kB
AnonHugePages:    194560 kB
ShmemHugePages:        0 kB
ShmemPmdMapped:        0 kB
FileHugePages:         0 kB
FilePmdMapped:         0 kB
CmaTotal:              0 kB
CmaFree:               0 kB
Unaccepted:            0 kB
Balloon:               0 kB
HugePages_Total:       0
HugePages_Free:        0
HugePages_Rsvd:        0
HugePages_Surp:        0
Hugepagesize:       2048 kB
Hugetlb:               0 kB
DirectMap4k:      194432 kB
DirectMap2M:     6096896 kB
DirectMap1G:     4194304 kB
---SNAPSHOT---
2026-04-27 15:52:37
MemTotal:        8129240 kB
MemFree:         3394276 kB
MemAvailable:    3593376 kB
Buffers:            6132 kB
Cached:           311980 kB
SwapCached:        17924 kB
Active:          3510576 kB
Inactive:         600140 kB
Active(anon):    3405440 kB
Inactive(anon):   443140 kB
Active(file):     105136 kB
Inactive(file):   157000 kB
Unevictable:          16 kB
Mlocked:              16 kB
SwapTotal:       4194300 kB
SwapFree:        4176376 kB
Zswap:                 0 kB
Zswapped:              0 kB
Dirty:                92 kB
Writeback:             0 kB
AnonPages:       3775276 kB
Mapped:           263864 kB
Shmem:             55972 kB
KReclaimable:      53860 kB
Slab:             280692 kB
SReclaimable:      53860 kB
SUnreclaim:       226832 kB
KernelStack:       18144 kB
PageTables:        49412 kB
SecPageTables:         0 kB
NFS_Unstable:          0 kB
Bounce:                0 kB
WritebackTmp:          0 kB
CommitLimit:     8258920 kB
Committed_AS:   11352432 kB
VmallocTotal:   34359738367 kB
VmallocUsed:       46296 kB
VmallocChunk:          0 kB
Percpu:            13280 kB
HardwareCorrupted:     0 kB
AnonHugePages:    194560 kB
ShmemHugePages:        0 kB
ShmemPmdMapped:        0 kB
FileHugePages:         0 kB
FilePmdMapped:         0 kB
CmaTotal:              0 kB
CmaFree:               0 kB
Unaccepted:            0 kB
Balloon:               0 kB
HugePages_Total:       0
HugePages_Free:        0
HugePages_Rsvd:        0
HugePages_Surp:        0
Hugepagesize:       2048 kB
Hugetlb:               0 kB
DirectMap4k:      194432 kB
DirectMap2M:     6096896 kB
DirectMap1G:     4194304 kB
---SNAPSHOT---
2026-04-27 15:52:38
MemTotal:        8129240 kB
MemFree:         3709820 kB
MemAvailable:    3909152 kB
Buffers:            6132 kB
Cached:           311988 kB
SwapCached:        17924 kB
Active:          3137016 kB
Inactive:         600144 kB
Active(anon):    3031880 kB
Inactive(anon):   443140 kB
Active(file):     105136 kB
Inactive(file):   157004 kB
Unevictable:          16 kB
Mlocked:              16 kB
SwapTotal:       4194300 kB
SwapFree:        4176376 kB
Zswap:                 0 kB
Zswapped:              0 kB
Dirty:               100 kB
Writeback:             0 kB
AnonPages:       3391400 kB
Mapped:           263864 kB
Shmem:             55972 kB
KReclaimable:      53860 kB
Slab:             280688 kB
SReclaimable:      53860 kB
SUnreclaim:       226828 kB
KernelStack:       18128 kB
PageTables:        49632 kB
SecPageTables:         0 kB
NFS_Unstable:          0 kB
Bounce:                0 kB
WritebackTmp:          0 kB
CommitLimit:     8258920 kB
Committed_AS:   11352560 kB
VmallocTotal:   34359738367 kB
VmallocUsed:       46312 kB
VmallocChunk:          0 kB
Percpu:            13280 kB
HardwareCorrupted:     0 kB
AnonHugePages:    194560 kB
ShmemHugePages:        0 kB
ShmemPmdMapped:        0 kB
FileHugePages:         0 kB
FilePmdMapped:         0 kB
CmaTotal:              0 kB
CmaFree:               0 kB
Unaccepted:            0 kB
Balloon:               0 kB
HugePages_Total:       0
HugePages_Free:        0
HugePages_Rsvd:        0
HugePages_Surp:        0
Hugepagesize:       2048 kB
Hugetlb:               0 kB
DirectMap4k:      194432 kB
DirectMap2M:     6096896 kB
DirectMap1G:     4194304 kB
---SNAPSHOT---
2026-04-27 15:52:39
MemTotal:        8129240 kB
MemFree:         3358852 kB
MemAvailable:    3557960 kB
Buffers:            6140 kB
Cached:           311992 kB
SwapCached:        17924 kB
Active:          3551804 kB
Inactive:         600148 kB
Active(anon):    3446668 kB
Inactive(anon):   443140 kB
Active(file):     105136 kB
Inactive(file):   157008 kB
Unevictable:          16 kB
Mlocked:              16 kB
SwapTotal:       4194300 kB
SwapFree:        4176376 kB
Zswap:                 0 kB
Zswapped:              0 kB
Dirty:               104 kB
Writeback:             0 kB
AnonPages:       3816196 kB
Mapped:           263864 kB
Shmem:             55972 kB
KReclaimable:      53860 kB
Slab:             280688 kB
SReclaimable:      53860 kB
SUnreclaim:       226828 kB
KernelStack:       18128 kB
PageTables:        49448 kB
SecPageTables:         0 kB
NFS_Unstable:          0 kB
Bounce:                0 kB
WritebackTmp:          0 kB
CommitLimit:     8258920 kB
Committed_AS:   11352072 kB
VmallocTotal:   34359738367 kB
VmallocUsed:       46296 kB
VmallocChunk:          0 kB
Percpu:            13280 kB
HardwareCorrupted:     0 kB
AnonHugePages:    194560 kB
ShmemHugePages:        0 kB
ShmemPmdMapped:        0 kB
FileHugePages:         0 kB
FilePmdMapped:         0 kB
CmaTotal:              0 kB
CmaFree:               0 kB
Unaccepted:            0 kB
Balloon:               0 kB
HugePages_Total:       0
HugePages_Free:        0
HugePages_Rsvd:        0
HugePages_Surp:        0
Hugepagesize:       2048 kB
Hugetlb:               0 kB
DirectMap4k:      194432 kB
DirectMap2M:     6096896 kB
DirectMap1G:     4194304 kB
---SNAPSHOT---
2026-04-27 15:52:40
MemTotal:        8129240 kB
MemFree:         3468936 kB
MemAvailable:    3668060 kB
Buffers:            6140 kB
Cached:           312000 kB
SwapCached:        27728 kB
Active:          3341540 kB
Inactive:         609284 kB
Active(anon):    3236404 kB
Inactive(anon):   452260 kB
Active(file):     105136 kB
Inactive(file):   157024 kB
Unevictable:          16 kB
Mlocked:              16 kB
SwapTotal:       4194300 kB
SwapFree:        4166572 kB
Zswap:                 0 kB
Zswapped:              0 kB
Dirty:               112 kB
Writeback:           684 kB
AnonPages:       3607296 kB
Mapped:           263864 kB
Shmem:             55972 kB
KReclaimable:      53860 kB
Slab:             280684 kB
SReclaimable:      53860 kB
SUnreclaim:       226824 kB
KernelStack:       18128 kB
PageTables:        49620 kB
SecPageTables:         0 kB
NFS_Unstable:          0 kB
Bounce:                0 kB
WritebackTmp:          0 kB
CommitLimit:     8258920 kB
Committed_AS:   11352560 kB
VmallocTotal:   34359738367 kB
VmallocUsed:       46296 kB
VmallocChunk:          0 kB
Percpu:            13280 kB
HardwareCorrupted:     0 kB
AnonHugePages:    194560 kB
ShmemHugePages:        0 kB
ShmemPmdMapped:        0 kB
FileHugePages:         0 kB
FilePmdMapped:         0 kB
CmaTotal:              0 kB
CmaFree:               0 kB
Unaccepted:            0 kB
Balloon:               0 kB
HugePages_Total:       0
HugePages_Free:        0
HugePages_Rsvd:        0
HugePages_Surp:        0
Hugepagesize:       2048 kB
Hugetlb:               0 kB
DirectMap4k:      194432 kB
DirectMap2M:     6096896 kB
DirectMap1G:     4194304 kB
---SNAPSHOT---
2026-04-27 15:52:41
MemTotal:        8129240 kB
MemFree:         3829584 kB
MemAvailable:    4028712 kB
Buffers:            6140 kB
Cached:           312008 kB
SwapCached:       474864 kB
Active:          2517740 kB
Inactive:        1057076 kB
Active(anon):    2412604 kB
Inactive(anon):   900048 kB
Active(file):     105136 kB
Inactive(file):   157028 kB
Unevictable:          16 kB
Mlocked:              16 kB
SwapTotal:       4194300 kB
SwapFree:        3719516 kB
Zswap:                 0 kB
Zswapped:              0 kB
Dirty:               120 kB
Writeback:           128 kB
AnonPages:       2781988 kB
Mapped:           263864 kB
Shmem:             55972 kB
KReclaimable:      53860 kB
Slab:             280756 kB
SReclaimable:      53860 kB
SUnreclaim:       226896 kB
KernelStack:       18188 kB
PageTables:        49228 kB
SecPageTables:         0 kB
NFS_Unstable:          0 kB
Bounce:                0 kB
WritebackTmp:          0 kB
CommitLimit:     8258920 kB
Committed_AS:   11352672 kB
VmallocTotal:   34359738367 kB
VmallocUsed:       46344 kB
VmallocChunk:          0 kB
Percpu:            13280 kB
HardwareCorrupted:     0 kB
AnonHugePages:    194560 kB
ShmemHugePages:        0 kB
ShmemPmdMapped:        0 kB
FileHugePages:         0 kB
FilePmdMapped:         0 kB
CmaTotal:              0 kB
CmaFree:               0 kB
Unaccepted:            0 kB
Balloon:               0 kB
HugePages_Total:       0
HugePages_Free:        0
HugePages_Rsvd:        0
HugePages_Surp:        0
Hugepagesize:       2048 kB
Hugetlb:               0 kB
DirectMap4k:      194432 kB
DirectMap2M:     6096896 kB
DirectMap1G:     4194304 kB
---SNAPSHOT---
2026-04-27 15:52:42
MemTotal:        8129240 kB
MemFree:         4188628 kB
MemAvailable:    4387768 kB
Buffers:            6140 kB
Cached:           312016 kB
SwapCached:        17924 kB
Active:          2680040 kB
Inactive:         600180 kB
Active(anon):    2574904 kB
Inactive(anon):   443140 kB
Active(file):     105136 kB
Inactive(file):   157040 kB
Unevictable:          16 kB
Mlocked:              16 kB
SwapTotal:       4194300 kB
SwapFree:        4176376 kB
Zswap:                 0 kB
Zswapped:              0 kB
Dirty:               128 kB
Writeback:             0 kB
AnonPages:       2944344 kB
Mapped:           263940 kB
Shmem:             55972 kB
KReclaimable:      53860 kB
Slab:             280696 kB
SReclaimable:      53860 kB
SUnreclaim:       226836 kB
KernelStack:       18112 kB
PageTables:        47932 kB
SecPageTables:         0 kB
NFS_Unstable:          0 kB
Bounce:                0 kB
WritebackTmp:          0 kB
CommitLimit:     8258920 kB
Committed_AS:   11351840 kB
VmallocTotal:   34359738367 kB
VmallocUsed:       46312 kB
VmallocChunk:          0 kB
Percpu:            13280 kB
HardwareCorrupted:     0 kB
AnonHugePages:    194560 kB
ShmemHugePages:        0 kB
ShmemPmdMapped:        0 kB
FileHugePages:         0 kB
FilePmdMapped:         0 kB
CmaTotal:              0 kB
CmaFree:               0 kB
Unaccepted:            0 kB
Balloon:               0 kB
HugePages_Total:       0
HugePages_Free:        0
HugePages_Rsvd:        0
HugePages_Surp:        0
Hugepagesize:       2048 kB
Hugetlb:               0 kB
DirectMap4k:      194432 kB
DirectMap2M:     6096896 kB
DirectMap1G:     4194304 kB
---SNAPSHOT---
2026-04-27 15:52:43
MemTotal:        8129240 kB
MemFree:         3932164 kB
MemAvailable:    4131316 kB
Buffers:            6140 kB
Cached:           312024 kB
SwapCached:        17924 kB
Active:          2943140 kB
Inactive:         600192 kB
Active(anon):    2838004 kB
Inactive(anon):   443140 kB
Active(file):     105136 kB
Inactive(file):   157052 kB
Unevictable:          16 kB
Mlocked:              16 kB
SwapTotal:       4194300 kB
SwapFree:        4176376 kB
Zswap:                 0 kB
Zswapped:              0 kB
Dirty:               136 kB
Writeback:             0 kB
AnonPages:       3207704 kB
Mapped:           263864 kB
Shmem:             55972 kB
KReclaimable:      53860 kB
Slab:             280680 kB
SReclaimable:      53860 kB
SUnreclaim:       226820 kB
KernelStack:       18128 kB
PageTables:        48516 kB
SecPageTables:         0 kB
NFS_Unstable:          0 kB
Bounce:                0 kB
WritebackTmp:          0 kB
CommitLimit:     8258920 kB
Committed_AS:   11352232 kB
VmallocTotal:   34359738367 kB
VmallocUsed:       46296 kB
VmallocChunk:          0 kB
Percpu:            13280 kB
HardwareCorrupted:     0 kB
AnonHugePages:    194560 kB
ShmemHugePages:        0 kB
ShmemPmdMapped:        0 kB
FileHugePages:         0 kB
FilePmdMapped:         0 kB
CmaTotal:              0 kB
CmaFree:               0 kB
Unaccepted:            0 kB
Balloon:               0 kB
HugePages_Total:       0
HugePages_Free:        0
HugePages_Rsvd:        0
HugePages_Surp:        0
Hugepagesize:       2048 kB
Hugetlb:               0 kB
DirectMap4k:      194432 kB
DirectMap2M:     6096896 kB
DirectMap1G:     4194304 kB
---SNAPSHOT---
2026-04-27 15:52:44
MemTotal:        8129240 kB
MemFree:         4305280 kB
MemAvailable:    4504444 kB
Buffers:            6148 kB
Cached:           312028 kB
SwapCached:        17924 kB
Active:          2503308 kB
Inactive:         600204 kB
Active(anon):    2398172 kB
Inactive(anon):   443140 kB
Active(file):     105136 kB
Inactive(file):   157064 kB
Unevictable:          16 kB
Mlocked:              16 kB
SwapTotal:       4194300 kB
SwapFree:        4176376 kB
Zswap:                 0 kB
Zswapped:              0 kB
Dirty:               140 kB
Writeback:             0 kB
AnonPages:       2767664 kB
Mapped:           264092 kB
Shmem:             55972 kB
KReclaimable:      53860 kB
Slab:             280696 kB
SReclaimable:      53860 kB
SUnreclaim:       226836 kB
KernelStack:       18128 kB
PageTables:        47752 kB
SecPageTables:         0 kB
NFS_Unstable:          0 kB
Bounce:                0 kB
WritebackTmp:          0 kB
CommitLimit:     8258920 kB
Committed_AS:   11352224 kB
VmallocTotal:   34359738367 kB
VmallocUsed:       46312 kB
VmallocChunk:          0 kB
Percpu:            13280 kB
HardwareCorrupted:     0 kB
AnonHugePages:    194560 kB
ShmemHugePages:        0 kB
ShmemPmdMapped:        0 kB
FileHugePages:         0 kB
FilePmdMapped:         0 kB
CmaTotal:              0 kB
CmaFree:               0 kB
Unaccepted:            0 kB
Balloon:               0 kB
HugePages_Total:       0
HugePages_Free:        0
HugePages_Rsvd:        0
HugePages_Surp:        0
Hugepagesize:       2048 kB
Hugetlb:               0 kB
DirectMap4k:      194432 kB
DirectMap2M:     6096896 kB
DirectMap1G:     4194304 kB
---SNAPSHOT---
2026-04-27 15:52:45
MemTotal:        8129240 kB
MemFree:         4161088 kB
MemAvailable:    4360260 kB
Buffers:            6148 kB
Cached:           312036 kB
SwapCached:        17924 kB
Active:          2731304 kB
Inactive:         600212 kB
Active(anon):    2626168 kB
Inactive(anon):   443140 kB
Active(file):     105136 kB
Inactive(file):   157072 kB
Unevictable:          16 kB
Mlocked:              16 kB
SwapTotal:       4194300 kB
SwapFree:        4176376 kB
Zswap:                 0 kB
Zswapped:              0 kB
Dirty:               148 kB
Writeback:             0 kB
AnonPages:       2995784 kB
Mapped:           264092 kB
Shmem:             55972 kB
KReclaimable:      53860 kB
Slab:             280692 kB
SReclaimable:      53860 kB
SUnreclaim:       226832 kB
KernelStack:       18188 kB
PageTables:        49084 kB
SecPageTables:         0 kB
NFS_Unstable:          0 kB
Bounce:                0 kB
WritebackTmp:          0 kB
CommitLimit:     8258920 kB
Committed_AS:   11352296 kB
VmallocTotal:   34359738367 kB
VmallocUsed:       46360 kB
VmallocChunk:          0 kB
Percpu:            13280 kB
HardwareCorrupted:     0 kB
AnonHugePages:    194560 kB
ShmemHugePages:        0 kB
ShmemPmdMapped:        0 kB
FileHugePages:         0 kB
FilePmdMapped:         0 kB
CmaTotal:              0 kB
CmaFree:               0 kB
Unaccepted:            0 kB
Balloon:               0 kB
HugePages_Total:       0
HugePages_Free:        0
HugePages_Rsvd:        0
HugePages_Surp:        0
Hugepagesize:       2048 kB
Hugetlb:               0 kB
DirectMap4k:      194432 kB
DirectMap2M:     6096896 kB
DirectMap1G:     4194304 kB
---SNAPSHOT---
2026-04-27 15:52:46
MemTotal:        8129240 kB
MemFree:         3888756 kB
MemAvailable:    4087932 kB
Buffers:            6148 kB
Cached:           312040 kB
SwapCached:        17924 kB
Active:          2968132 kB
Inactive:         600216 kB
Active(anon):    2862996 kB
Inactive(anon):   443140 kB
Active(file):     105136 kB
Inactive(file):   157076 kB
Unevictable:          16 kB
Mlocked:              16 kB
SwapTotal:       4194300 kB
SwapFree:        4176376 kB
Zswap:                 0 kB
Zswapped:              0 kB
Dirty:               152 kB
Writeback:             0 kB
AnonPages:       3232268 kB
Mapped:           263864 kB
Shmem:             55972 kB
KReclaimable:      53860 kB
Slab:             280692 kB
SReclaimable:      53860 kB
SUnreclaim:       226832 kB
KernelStack:       18112 kB
PageTables:        49284 kB
SecPageTables:         0 kB
NFS_Unstable:          0 kB
Bounce:                0 kB
WritebackTmp:          0 kB
CommitLimit:     8258920 kB
Committed_AS:   11351996 kB
VmallocTotal:   34359738367 kB
VmallocUsed:       46376 kB
VmallocChunk:          0 kB
Percpu:            13280 kB
HardwareCorrupted:     0 kB
AnonHugePages:    194560 kB
ShmemHugePages:        0 kB
ShmemPmdMapped:        0 kB
FileHugePages:         0 kB
FilePmdMapped:         0 kB
CmaTotal:              0 kB
CmaFree:               0 kB
Unaccepted:            0 kB
Balloon:               0 kB
HugePages_Total:       0
HugePages_Free:        0
HugePages_Rsvd:        0
HugePages_Surp:        0
Hugepagesize:       2048 kB
Hugetlb:               0 kB
DirectMap4k:      194432 kB
DirectMap2M:     6096896 kB
DirectMap1G:     4194304 kB
---SNAPSHOT---
2026-04-27 15:52:47
MemTotal:        8129240 kB
MemFree:         3789640 kB
MemAvailable:    3988820 kB
Buffers:            6148 kB
Cached:           312044 kB
SwapCached:       331272 kB
Active:          2771880 kB
Inactive:         889428 kB
Active(anon):    2666744 kB
Inactive(anon):   732348 kB
Active(file):     105136 kB
Inactive(file):   157080 kB
Unevictable:          16 kB
Mlocked:              16 kB
SwapTotal:       4194300 kB
SwapFree:        3863028 kB
Zswap:                 0 kB
Zswapped:              0 kB
Dirty:               156 kB
Writeback:         24124 kB
AnonPages:       3014044 kB
Mapped:           263864 kB
Shmem:             55972 kB
KReclaimable:      53860 kB
Slab:             282148 kB
SReclaimable:      53860 kB
SUnreclaim:       228288 kB
KernelStack:       18128 kB
PageTables:        48984 kB
SecPageTables:         0 kB
NFS_Unstable:          0 kB
Bounce:                0 kB
WritebackTmp:          0 kB
CommitLimit:     8258920 kB
Committed_AS:   11352228 kB
VmallocTotal:   34359738367 kB
VmallocUsed:       46344 kB
VmallocChunk:          0 kB
Percpu:            13280 kB
HardwareCorrupted:     0 kB
AnonHugePages:    194560 kB
ShmemHugePages:        0 kB
ShmemPmdMapped:        0 kB
FileHugePages:         0 kB
FilePmdMapped:         0 kB
CmaTotal:              0 kB
CmaFree:               0 kB
Unaccepted:            0 kB
Balloon:               0 kB
HugePages_Total:       0
HugePages_Free:        0
HugePages_Rsvd:        0
HugePages_Surp:        0
Hugepagesize:       2048 kB
Hugetlb:               0 kB
DirectMap4k:      194432 kB
DirectMap2M:     6096896 kB
DirectMap1G:     4194304 kB
---SNAPSHOT---
2026-04-27 15:52:48
MemTotal:        8129240 kB
MemFree:         3819316 kB
MemAvailable:    4018500 kB
Buffers:            6148 kB
Cached:           312052 kB
SwapCached:       331272 kB
Active:          2787228 kB
Inactive:         896608 kB
Active(anon):    2682092 kB
Inactive(anon):   739524 kB
Active(file):     105136 kB
Inactive(file):   157084 kB
Unevictable:          16 kB
Mlocked:              16 kB
SwapTotal:       4194300 kB
SwapFree:        3863028 kB
Zswap:                 0 kB
Zswapped:              0 kB
Dirty:               164 kB
Writeback:         17124 kB
AnonPages:       3036676 kB
Mapped:           263864 kB
Shmem:             55972 kB
KReclaimable:      53860 kB
Slab:             281872 kB
SReclaimable:      53860 kB
SUnreclaim:       228012 kB
KernelStack:       18128 kB
PageTables:        48476 kB
SecPageTables:         0 kB
NFS_Unstable:          0 kB
Bounce:                0 kB
WritebackTmp:          0 kB
CommitLimit:     8258920 kB
Committed_AS:   11352436 kB
VmallocTotal:   34359738367 kB
VmallocUsed:       46376 kB
VmallocChunk:          0 kB
Percpu:            13280 kB
HardwareCorrupted:     0 kB
AnonHugePages:    194560 kB
ShmemHugePages:        0 kB
ShmemPmdMapped:        0 kB
FileHugePages:         0 kB
FilePmdMapped:         0 kB
CmaTotal:              0 kB
CmaFree:               0 kB
Unaccepted:            0 kB
Balloon:               0 kB
HugePages_Total:       0
HugePages_Free:        0
HugePages_Rsvd:        0
HugePages_Surp:        0
Hugepagesize:       2048 kB
Hugetlb:               0 kB
DirectMap4k:      194432 kB
DirectMap2M:     6096896 kB
DirectMap1G:     4194304 kB
---SNAPSHOT---
2026-04-27 15:52:50
MemTotal:        8129240 kB
MemFree:         3413148 kB
MemAvailable:    3612344 kB
Buffers:            6156 kB
Cached:           312056 kB
SwapCached:       346632 kB
Active:          3178384 kB
Inactive:         914852 kB
Active(anon):    3073248 kB
Inactive(anon):   757756 kB
Active(file):     105136 kB
Inactive(file):   157096 kB
Unevictable:          16 kB
Mlocked:              16 kB
SwapTotal:       4194300 kB
SwapFree:        3847668 kB
Zswap:                 0 kB
Zswapped:              0 kB
Dirty:               168 kB
Writeback:         13864 kB
AnonPages:       3430664 kB
Mapped:           263964 kB
Shmem:             55972 kB
KReclaimable:      53860 kB
Slab:             282168 kB
SReclaimable:      53860 kB
SUnreclaim:       228308 kB
KernelStack:       18128 kB
PageTables:        49596 kB
SecPageTables:         0 kB
NFS_Unstable:          0 kB
Bounce:                0 kB
WritebackTmp:          0 kB
CommitLimit:     8258920 kB
Committed_AS:   11352072 kB
VmallocTotal:   34359738367 kB
VmallocUsed:       46392 kB
VmallocChunk:          0 kB
Percpu:            13280 kB
HardwareCorrupted:     0 kB
AnonHugePages:    194560 kB
ShmemHugePages:        0 kB
ShmemPmdMapped:        0 kB
FileHugePages:         0 kB
FilePmdMapped:         0 kB
CmaTotal:              0 kB
CmaFree:               0 kB
Unaccepted:            0 kB
Balloon:               0 kB
HugePages_Total:       0
HugePages_Free:        0
HugePages_Rsvd:        0
HugePages_Surp:        0
Hugepagesize:       2048 kB
Hugetlb:               0 kB
DirectMap4k:      194432 kB
DirectMap2M:     6096896 kB
DirectMap1G:     4194304 kB
---SNAPSHOT---
2026-04-27 15:52:51
MemTotal:        8129240 kB
MemFree:         3513204 kB
MemAvailable:    3712412 kB
Buffers:            6156 kB
Cached:           312064 kB
SwapCached:       540228 kB
Active:          2782016 kB
Inactive:        1121312 kB
Active(anon):    2676880 kB
Inactive(anon):   964204 kB
Active(file):     105136 kB
Inactive(file):   157108 kB
Unevictable:          16 kB
Mlocked:              16 kB
SwapTotal:       4194300 kB
SwapFree:        3654008 kB
Zswap:                 0 kB
Zswapped:              0 kB
Dirty:               176 kB
Writeback:           216 kB
AnonPages:       3049340 kB
Mapped:           263864 kB
Shmem:             55972 kB
KReclaimable:      53860 kB
Slab:             280696 kB
SReclaimable:      53860 kB
SUnreclaim:       226836 kB
KernelStack:       18128 kB
PageTables:        50112 kB
SecPageTables:         0 kB
NFS_Unstable:          0 kB
Bounce:                0 kB
WritebackTmp:          0 kB
CommitLimit:     8258920 kB
Committed_AS:   11352308 kB
VmallocTotal:   34359738367 kB
VmallocUsed:       46360 kB
VmallocChunk:          0 kB
Percpu:            13280 kB
HardwareCorrupted:     0 kB
AnonHugePages:    194560 kB
ShmemHugePages:        0 kB
ShmemPmdMapped:        0 kB
FileHugePages:         0 kB
FilePmdMapped:         0 kB
CmaTotal:              0 kB
CmaFree:               0 kB
Unaccepted:            0 kB
Balloon:               0 kB
HugePages_Total:       0
HugePages_Free:        0
HugePages_Rsvd:        0
HugePages_Surp:        0
Hugepagesize:       2048 kB
Hugetlb:               0 kB
DirectMap4k:      194432 kB
DirectMap2M:     6096896 kB
DirectMap1G:     4194304 kB
---SNAPSHOT---
2026-04-27 15:52:52
MemTotal:        8129240 kB
MemFree:         3131052 kB
MemAvailable:    3330264 kB
Buffers:            6156 kB
Cached:           312068 kB
SwapCached:       707884 kB
Active:          3052616 kB
Inactive:        1289140 kB
Active(anon):    2947480 kB
Inactive(anon):  1132028 kB
Active(file):     105136 kB
Inactive(file):   157112 kB
Unevictable:          16 kB
Mlocked:              16 kB
SwapTotal:       4194300 kB
SwapFree:        3486232 kB
Zswap:                 0 kB
Zswapped:              0 kB
Dirty:               180 kB
Writeback:           220 kB
AnonPages:       3320496 kB
Mapped:           263864 kB
Shmem:             55972 kB
KReclaimable:      53860 kB
Slab:             280712 kB
SReclaimable:      53860 kB
SUnreclaim:       226852 kB
KernelStack:       18128 kB
PageTables:        50152 kB
SecPageTables:         0 kB
NFS_Unstable:          0 kB
Bounce:                0 kB
WritebackTmp:          0 kB
CommitLimit:     8258920 kB
Committed_AS:   11352588 kB
VmallocTotal:   34359738367 kB
VmallocUsed:       46360 kB
VmallocChunk:          0 kB
Percpu:            13280 kB
HardwareCorrupted:     0 kB
AnonHugePages:    194560 kB
ShmemHugePages:        0 kB
ShmemPmdMapped:        0 kB
FileHugePages:         0 kB
FilePmdMapped:         0 kB
CmaTotal:              0 kB
CmaFree:               0 kB
Unaccepted:            0 kB
Balloon:               0 kB
HugePages_Total:       0
HugePages_Free:        0
HugePages_Rsvd:        0
HugePages_Surp:        0
Hugepagesize:       2048 kB
Hugetlb:               0 kB
DirectMap4k:      194432 kB
DirectMap2M:     6096896 kB
DirectMap1G:     4194304 kB
---SNAPSHOT---
2026-04-27 15:52:53
MemTotal:        8129240 kB
MemFree:         3340176 kB
MemAvailable:    3539392 kB
Buffers:            6156 kB
Cached:           312072 kB
SwapCached:       912948 kB
Active:          2578024 kB
Inactive:        1493724 kB
Active(anon):    2472888 kB
Inactive(anon):  1336608 kB
Active(file):     105136 kB
Inactive(file):   157116 kB
Unevictable:          16 kB
Mlocked:              16 kB
SwapTotal:       4194300 kB
SwapFree:        3281328 kB
Zswap:                 0 kB
Zswapped:              0 kB
Dirty:               184 kB
Writeback:           380 kB
AnonPages:       2844564 kB
Mapped:           263864 kB
Shmem:             55972 kB
KReclaimable:      53860 kB
Slab:             280696 kB
SReclaimable:      53860 kB
SUnreclaim:       226836 kB
KernelStack:       18128 kB
PageTables:        49784 kB
SecPageTables:         0 kB
NFS_Unstable:          0 kB
Bounce:                0 kB
WritebackTmp:          0 kB
CommitLimit:     8258920 kB
Committed_AS:   11352560 kB
VmallocTotal:   34359738367 kB
VmallocUsed:       46408 kB
VmallocChunk:          0 kB
Percpu:            13280 kB
HardwareCorrupted:     0 kB
AnonHugePages:    194560 kB
ShmemHugePages:        0 kB
ShmemPmdMapped:        0 kB
FileHugePages:         0 kB
FilePmdMapped:         0 kB
CmaTotal:              0 kB
CmaFree:               0 kB
Unaccepted:            0 kB
Balloon:               0 kB
HugePages_Total:       0
HugePages_Free:        0
HugePages_Rsvd:        0
HugePages_Surp:        0
Hugepagesize:       2048 kB
Hugetlb:               0 kB
DirectMap4k:      194432 kB
DirectMap2M:     6096896 kB
DirectMap1G:     4194304 kB
---SNAPSHOT---
2026-04-27 15:52:54
MemTotal:        8129240 kB
MemFree:         4526112 kB
MemAvailable:    4725328 kB
Buffers:            6164 kB
Cached:           312068 kB
SwapCached:       166708 kB
Active:          2120576 kB
Inactive:         749044 kB
Active(anon):    2015440 kB
Inactive(anon):   591928 kB
Active(file):     105136 kB
Inactive(file):   157116 kB
Unevictable:          16 kB
Mlocked:              16 kB
SwapTotal:       4194300 kB
SwapFree:        4027816 kB
Zswap:                 0 kB
Zswapped:              0 kB
Dirty:               188 kB
Writeback:           188 kB
AnonPages:       2384448 kB
Mapped:           263788 kB
Shmem:             55972 kB
KReclaimable:      53860 kB
Slab:             280788 kB
SReclaimable:      53860 kB
SUnreclaim:       226928 kB
KernelStack:       18176 kB
PageTables:        48588 kB
SecPageTables:         0 kB
NFS_Unstable:          0 kB
Bounce:                0 kB
WritebackTmp:          0 kB
CommitLimit:     8258920 kB
Committed_AS:   11352200 kB
VmallocTotal:   34359738367 kB
VmallocUsed:       46408 kB
VmallocChunk:          0 kB
Percpu:            13280 kB
HardwareCorrupted:     0 kB
AnonHugePages:    194560 kB
ShmemHugePages:        0 kB
ShmemPmdMapped:        0 kB
FileHugePages:         0 kB
FilePmdMapped:         0 kB
CmaTotal:              0 kB
CmaFree:               0 kB
Unaccepted:            0 kB
Balloon:               0 kB
HugePages_Total:       0
HugePages_Free:        0
HugePages_Rsvd:        0
HugePages_Surp:        0
Hugepagesize:       2048 kB
Hugetlb:               0 kB
DirectMap4k:      194432 kB
DirectMap2M:     6096896 kB
DirectMap1G:     4194304 kB
---SNAPSHOT---
2026-04-27 15:52:55
MemTotal:        8129240 kB
MemFree:         3942608 kB
MemAvailable:    4141840 kB
Buffers:            6164 kB
Cached:           312084 kB
SwapCached:        17924 kB
Active:          2915196 kB
Inactive:         600272 kB
Active(anon):    2810060 kB
Inactive(anon):   443140 kB
Active(file):     105136 kB
Inactive(file):   157132 kB
Unevictable:          16 kB
Mlocked:              16 kB
SwapTotal:       4194300 kB
SwapFree:        4176376 kB
Zswap:                 0 kB
Zswapped:              0 kB
Dirty:               196 kB
Writeback:             0 kB
AnonPages:       3179412 kB
Mapped:           263864 kB
Shmem:             55972 kB
KReclaimable:      53860 kB
Slab:             280676 kB
SReclaimable:      53860 kB
SUnreclaim:       226816 kB
KernelStack:       18128 kB
PageTables:        48336 kB
SecPageTables:         0 kB
NFS_Unstable:          0 kB
Bounce:                0 kB
WritebackTmp:          0 kB
CommitLimit:     8258920 kB
Committed_AS:   11352072 kB
VmallocTotal:   34359738367 kB
VmallocUsed:       46360 kB
VmallocChunk:          0 kB
Percpu:            13280 kB
HardwareCorrupted:     0 kB
AnonHugePages:    194560 kB
ShmemHugePages:        0 kB
ShmemPmdMapped:        0 kB
FileHugePages:         0 kB
FilePmdMapped:         0 kB
CmaTotal:              0 kB
CmaFree:               0 kB
Unaccepted:            0 kB
Balloon:               0 kB
HugePages_Total:       0
HugePages_Free:        0
HugePages_Rsvd:        0
HugePages_Surp:        0
Hugepagesize:       2048 kB
Hugetlb:               0 kB
DirectMap4k:      194432 kB
DirectMap2M:     6096896 kB
DirectMap1G:     4194304 kB
---SNAPSHOT---
2026-04-27 15:52:56
MemTotal:        8129240 kB
MemFree:         3740352 kB
MemAvailable:    3939592 kB
Buffers:            6164 kB
Cached:           312092 kB
SwapCached:        17924 kB
Active:          3129004 kB
Inactive:         600280 kB
Active(anon):    3023868 kB
Inactive(anon):   443140 kB
Active(file):     105136 kB
Inactive(file):   157140 kB
Unevictable:          16 kB
Mlocked:              16 kB
SwapTotal:       4194300 kB
SwapFree:        4176376 kB
Zswap:                 0 kB
Zswapped:              0 kB
Dirty:               204 kB
Writeback:             0 kB
AnonPages:       3393372 kB
Mapped:           263864 kB
Shmem:             55972 kB
KReclaimable:      53860 kB
Slab:             280676 kB
SReclaimable:      53860 kB
SUnreclaim:       226816 kB
KernelStack:       18128 kB
PageTables:        48644 kB
SecPageTables:         0 kB
NFS_Unstable:          0 kB
Bounce:                0 kB
WritebackTmp:          0 kB
CommitLimit:     8258920 kB
Committed_AS:   11351928 kB
VmallocTotal:   34359738367 kB
VmallocUsed:       46344 kB
VmallocChunk:          0 kB
Percpu:            13280 kB
HardwareCorrupted:     0 kB
AnonHugePages:    194560 kB
ShmemHugePages:        0 kB
ShmemPmdMapped:        0 kB
FileHugePages:         0 kB
FilePmdMapped:         0 kB
CmaTotal:              0 kB
CmaFree:               0 kB
Unaccepted:            0 kB
Balloon:               0 kB
HugePages_Total:       0
HugePages_Free:        0
HugePages_Rsvd:        0
HugePages_Surp:        0
Hugepagesize:       2048 kB
Hugetlb:               0 kB
DirectMap4k:      194432 kB
DirectMap2M:     6096896 kB
DirectMap1G:     4194304 kB
---SNAPSHOT---
2026-04-27 15:52:57
MemTotal:        8129240 kB
MemFree:         3624120 kB
MemAvailable:    3823368 kB
Buffers:            6164 kB
Cached:           312096 kB
SwapCached:        17924 kB
Active:          3199524 kB
Inactive:         600288 kB
Active(anon):    3094388 kB
Inactive(anon):   443140 kB
Active(file):     105136 kB
Inactive(file):   157148 kB
Unevictable:          16 kB
Mlocked:              16 kB
SwapTotal:       4194300 kB
SwapFree:        4176376 kB
Zswap:                 0 kB
Zswapped:              0 kB
Dirty:               208 kB
Writeback:             0 kB
AnonPages:       3463928 kB
Mapped:           263864 kB
Shmem:             55972 kB
KReclaimable:      53860 kB
Slab:             280676 kB
SReclaimable:      53860 kB
SUnreclaim:       226816 kB
KernelStack:       18128 kB
PageTables:        48644 kB
SecPageTables:         0 kB
NFS_Unstable:          0 kB
Bounce:                0 kB
WritebackTmp:          0 kB
CommitLimit:     8258920 kB
Committed_AS:   11352432 kB
VmallocTotal:   34359738367 kB
VmallocUsed:       46360 kB
VmallocChunk:          0 kB
Percpu:            13280 kB
HardwareCorrupted:     0 kB
AnonHugePages:    194560 kB
ShmemHugePages:        0 kB
ShmemPmdMapped:        0 kB
FileHugePages:         0 kB
FilePmdMapped:         0 kB
CmaTotal:              0 kB
CmaFree:               0 kB
Unaccepted:            0 kB
Balloon:               0 kB
HugePages_Total:       0
HugePages_Free:        0
HugePages_Rsvd:        0
HugePages_Surp:        0
Hugepagesize:       2048 kB
Hugetlb:               0 kB
DirectMap4k:      194432 kB
DirectMap2M:     6096896 kB
DirectMap1G:     4194304 kB
---SNAPSHOT---
2026-04-27 15:52:58
MemTotal:        8129240 kB
MemFree:         3197380 kB
MemAvailable:    3396632 kB
Buffers:            6164 kB
Cached:           312100 kB
SwapCached:        17924 kB
Active:          3685124 kB
Inactive:         600292 kB
Active(anon):    3579988 kB
Inactive(anon):   443140 kB
Active(file):     105136 kB
Inactive(file):   157152 kB
Unevictable:          16 kB
Mlocked:              16 kB
SwapTotal:       4194300 kB
SwapFree:        4176376 kB
Zswap:                 0 kB
Zswapped:              0 kB
Dirty:               212 kB
Writeback:             0 kB
AnonPages:       3949480 kB
Mapped:           263864 kB
Shmem:             55972 kB
KReclaimable:      53860 kB
Slab:             280664 kB
SReclaimable:      53860 kB
SUnreclaim:       226804 kB
KernelStack:       18128 kB
PageTables:        49724 kB
SecPageTables:         0 kB
NFS_Unstable:          0 kB
Bounce:                0 kB
WritebackTmp:          0 kB
CommitLimit:     8258920 kB
Committed_AS:   11352568 kB
VmallocTotal:   34359738367 kB
VmallocUsed:       46360 kB
VmallocChunk:          0 kB
Percpu:            13280 kB
HardwareCorrupted:     0 kB
AnonHugePages:    194560 kB
ShmemHugePages:        0 kB
ShmemPmdMapped:        0 kB
FileHugePages:         0 kB
FilePmdMapped:         0 kB
CmaTotal:              0 kB
CmaFree:               0 kB
Unaccepted:            0 kB
Balloon:               0 kB
HugePages_Total:       0
HugePages_Free:        0
HugePages_Rsvd:        0
HugePages_Surp:        0
Hugepagesize:       2048 kB
Hugetlb:               0 kB
DirectMap4k:      194432 kB
DirectMap2M:     6096896 kB
DirectMap1G:     4194304 kB
---SNAPSHOT---
2026-04-27 15:52:59
MemTotal:        8129240 kB
MemFree:         3458780 kB
MemAvailable:    3658040 kB
Buffers:            6176 kB
Cached:           312100 kB
SwapCached:        17924 kB
Active:          3420840 kB
Inactive:         600300 kB
Active(anon):    3315704 kB
Inactive(anon):   443140 kB
Active(file):     105136 kB
Inactive(file):   157160 kB
Unevictable:          16 kB
Mlocked:              16 kB
SwapTotal:       4194300 kB
SwapFree:        4176376 kB
Zswap:                 0 kB
Zswapped:              0 kB
Dirty:               220 kB
Writeback:             0 kB
AnonPages:       3685060 kB
Mapped:           263864 kB
Shmem:             55972 kB
KReclaimable:      53860 kB
Slab:             280664 kB
SReclaimable:      53860 kB
SUnreclaim:       226804 kB
KernelStack:       18188 kB
PageTables:        50656 kB
SecPageTables:         0 kB
NFS_Unstable:          0 kB
Bounce:                0 kB
WritebackTmp:          0 kB
CommitLimit:     8258920 kB
Committed_AS:   11352660 kB
VmallocTotal:   34359738367 kB
VmallocUsed:       46360 kB
VmallocChunk:          0 kB
Percpu:            13280 kB
HardwareCorrupted:     0 kB
AnonHugePages:    194560 kB
ShmemHugePages:        0 kB
ShmemPmdMapped:        0 kB
FileHugePages:         0 kB
FilePmdMapped:         0 kB
CmaTotal:              0 kB
CmaFree:               0 kB
Unaccepted:            0 kB
Balloon:               0 kB
HugePages_Total:       0
HugePages_Free:        0
HugePages_Rsvd:        0
HugePages_Surp:        0
Hugepagesize:       2048 kB
Hugetlb:               0 kB
DirectMap4k:      194432 kB
DirectMap2M:     6096896 kB
DirectMap1G:     4194304 kB
---SNAPSHOT---
2026-04-27 15:53:00
MemTotal:        8129240 kB
MemFree:         3790068 kB
MemAvailable:    3989352 kB
Buffers:            6176 kB
Cached:           312120 kB
SwapCached:        17924 kB
Active:          3011924 kB
Inactive:         600324 kB
Active(anon):    2906788 kB
Inactive(anon):   443140 kB
Active(file):     105136 kB
Inactive(file):   157184 kB
Unevictable:          16 kB
Mlocked:              16 kB
SwapTotal:       4194300 kB
SwapFree:        4176376 kB
Zswap:                 0 kB
Zswapped:              0 kB
Dirty:                40 kB
Writeback:             0 kB
AnonPages:       3267608 kB
Mapped:           263864 kB
Shmem:             55972 kB
KReclaimable:      53860 kB
Slab:             280664 kB
SReclaimable:      53860 kB
SUnreclaim:       226804 kB
KernelStack:       18128 kB
PageTables:        49948 kB
SecPageTables:         0 kB
NFS_Unstable:          0 kB
Bounce:                0 kB
WritebackTmp:          0 kB
CommitLimit:     8258920 kB
Committed_AS:   11352312 kB
VmallocTotal:   34359738367 kB
VmallocUsed:       46328 kB
VmallocChunk:          0 kB
Percpu:            13280 kB
HardwareCorrupted:     0 kB
AnonHugePages:    194560 kB
ShmemHugePages:        0 kB
ShmemPmdMapped:        0 kB
FileHugePages:         0 kB
FilePmdMapped:         0 kB
CmaTotal:              0 kB
CmaFree:               0 kB
Unaccepted:            0 kB
Balloon:               0 kB
HugePages_Total:       0
HugePages_Free:        0
HugePages_Rsvd:        0
HugePages_Surp:        0
Hugepagesize:       2048 kB
Hugetlb:               0 kB
DirectMap4k:      194432 kB
DirectMap2M:     6096896 kB
DirectMap1G:     4194304 kB
---SNAPSHOT---
2026-04-27 15:53:01
MemTotal:        8129240 kB
MemFree:         3658032 kB
MemAvailable:    3857324 kB
Buffers:            6176 kB
Cached:           312128 kB
SwapCached:        17924 kB
Active:          3234164 kB
Inactive:         600332 kB
Active(anon):    3129028 kB
Inactive(anon):   443140 kB
Active(file):     105136 kB
Inactive(file):   157192 kB
Unevictable:          16 kB
Mlocked:              16 kB
SwapTotal:       4194300 kB
SwapFree:        4176376 kB
Zswap:                 0 kB
Zswapped:              0 kB
Dirty:                48 kB
Writeback:             0 kB
AnonPages:       3498924 kB
Mapped:           263952 kB
Shmem:             55972 kB
KReclaimable:      53860 kB
Slab:             280680 kB
SReclaimable:      53860 kB
SUnreclaim:       226820 kB
KernelStack:       18144 kB
PageTables:        49944 kB
SecPageTables:         0 kB
NFS_Unstable:          0 kB
Bounce:                0 kB
WritebackTmp:          0 kB
CommitLimit:     8258920 kB
