---SNAPSHOT---
2026-04-27 15:13:36
MemTotal:        8129240 kB
MemFree:         5336196 kB
MemAvailable:    5062524 kB
Buffers:            4396 kB
Cached:           284428 kB
SwapCached:        82712 kB
Active:          1519048 kB
Inactive:         543960 kB
Active(anon):    1422176 kB
Inactive(anon):   389260 kB
Active(file):      96872 kB
Inactive(file):   154700 kB
Unevictable:           0 kB
Mlocked:               0 kB
SwapTotal:       4194300 kB
SwapFree:        3974080 kB
Zswap:                 0 kB
Zswapped:              0 kB
Dirty:               320 kB
Writeback:             0 kB
AnonPages:       1694920 kB
Mapped:           247660 kB
Shmem:             37304 kB
KReclaimable:      56164 kB
Slab:             283452 kB
SReclaimable:      56164 kB
SUnreclaim:       227288 kB
KernelStack:       18140 kB
PageTables:        45412 kB
SecPageTables:         0 kB
NFS_Unstable:          0 kB
Bounce:                0 kB
WritebackTmp:          0 kB
CommitLimit:     8258920 kB
Committed_AS:    8752352 kB
VmallocTotal:   34359738367 kB
VmallocUsed:       46392 kB
VmallocChunk:          0 kB
Percpu:            13280 kB
HardwareCorrupted:     0 kB
AnonHugePages:    212992 kB
ShmemHugePages:        0 kB
ShmemPmdMapped:        0 kB
FileHugePages:         0 kB
FilePmdMapped:         0 kB
CmaTotal:              0 kB
CmaFree:               0 kB
Unaccepted:            0 kB
Balloon:               0 kB
HugePages_Total:       0
HugePages_Free:        0
HugePages_Rsvd:        0
HugePages_Surp:        0
Hugepagesize:       2048 kB
Hugetlb:               0 kB
DirectMap4k:      194432 kB
DirectMap2M:     6096896 kB
DirectMap1G:     4194304 kB
---SNAPSHOT---
2026-04-27 15:13:37
MemTotal:        8129240 kB
MemFree:         5349492 kB
MemAvailable:    5076040 kB
Buffers:            4408 kB
Cached:           284880 kB
SwapCached:        82712 kB
Active:          1519560 kB
Inactive:         544228 kB
Active(anon):    1422512 kB
Inactive(anon):   389260 kB
Active(file):      97048 kB
Inactive(file):   154968 kB
Unevictable:           0 kB
Mlocked:               0 kB
SwapTotal:       4194300 kB
SwapFree:        3974080 kB
Zswap:                 0 kB
Zswapped:              0 kB
Dirty:               340 kB
Writeback:             0 kB
AnonPages:       1695192 kB
Mapped:           247708 kB
Shmem:             37304 kB
KReclaimable:      56164 kB
Slab:             283428 kB
SReclaimable:      56164 kB
SUnreclaim:       227264 kB
KernelStack:       18176 kB
PageTables:        45312 kB
SecPageTables:         0 kB
NFS_Unstable:          0 kB
Bounce:                0 kB
WritebackTmp:          0 kB
CommitLimit:     8258920 kB
Committed_AS:    8752188 kB
VmallocTotal:   34359738367 kB
VmallocUsed:       46424 kB
VmallocChunk:          0 kB
Percpu:            13280 kB
HardwareCorrupted:     0 kB
AnonHugePages:    212992 kB
ShmemHugePages:        0 kB
ShmemPmdMapped:        0 kB
FileHugePages:         0 kB
FilePmdMapped:         0 kB
CmaTotal:              0 kB
CmaFree:               0 kB
Unaccepted:            0 kB
Balloon:               0 kB
HugePages_Total:       0
HugePages_Free:        0
HugePages_Rsvd:        0
HugePages_Surp:        0
Hugepagesize:       2048 kB
Hugetlb:               0 kB
DirectMap4k:      194432 kB
DirectMap2M:     6096896 kB
DirectMap1G:     4194304 kB
---SNAPSHOT---
2026-04-27 15:13:38
MemTotal:        8129240 kB
MemFree:         5365580 kB
MemAvailable:    5092512 kB
Buffers:            4436 kB
Cached:           284896 kB
SwapCached:        82712 kB
Active:          1520472 kB
Inactive:         544268 kB
Active(anon):    1423416 kB
Inactive(anon):   389260 kB
Active(file):      97056 kB
Inactive(file):   155008 kB
Unevictable:           0 kB
Mlocked:               0 kB
SwapTotal:       4194300 kB
SwapFree:        3974080 kB
Zswap:                 0 kB
Zswapped:              0 kB
Dirty:               396 kB
Writeback:             0 kB
AnonPages:       1695632 kB
Mapped:           247704 kB
Shmem:             37304 kB
KReclaimable:      56884 kB
Slab:             284116 kB
SReclaimable:      56884 kB
SUnreclaim:       227232 kB
KernelStack:       18224 kB
PageTables:        45612 kB
SecPageTables:         0 kB
NFS_Unstable:          0 kB
Bounce:                0 kB
WritebackTmp:          0 kB
CommitLimit:     8258920 kB
Committed_AS:    8753168 kB
VmallocTotal:   34359738367 kB
VmallocUsed:       46456 kB
VmallocChunk:          0 kB
Percpu:            13280 kB
HardwareCorrupted:     0 kB
AnonHugePages:    212992 kB
ShmemHugePages:        0 kB
ShmemPmdMapped:        0 kB
FileHugePages:         0 kB
FilePmdMapped:         0 kB
CmaTotal:              0 kB
CmaFree:               0 kB
Unaccepted:            0 kB
Balloon:               0 kB
HugePages_Total:       0
HugePages_Free:        0
HugePages_Rsvd:        0
HugePages_Surp:        0
Hugepagesize:       2048 kB
Hugetlb:               0 kB
DirectMap4k:      194432 kB
DirectMap2M:     6096896 kB
DirectMap1G:     4194304 kB
---SNAPSHOT---
2026-04-27 15:13:39
MemTotal:        8129240 kB
MemFree:         5386000 kB
MemAvailable:    5114880 kB
Buffers:            4848 kB
Cached:           288440 kB
SwapCached:        82712 kB
Active:          1523488 kB
Inactive:         544648 kB
Active(anon):    1423112 kB
Inactive(anon):   389260 kB
Active(file):     100376 kB
Inactive(file):   155388 kB
Unevictable:           0 kB
Mlocked:               0 kB
SwapTotal:       4194300 kB
SwapFree:        3974080 kB
Zswap:                 0 kB
Zswapped:              0 kB
Dirty:               404 kB
Writeback:             0 kB
AnonPages:       1695452 kB
Mapped:           247936 kB
Shmem:             37304 kB
KReclaimable:      57076 kB
Slab:             284308 kB
SReclaimable:      57076 kB
SUnreclaim:       227232 kB
KernelStack:       18092 kB
PageTables:        45344 kB
SecPageTables:         0 kB
NFS_Unstable:          0 kB
Bounce:                0 kB
WritebackTmp:          0 kB
CommitLimit:     8258920 kB
Committed_AS:    8760468 kB
VmallocTotal:   34359738367 kB
VmallocUsed:       46424 kB
VmallocChunk:          0 kB
Percpu:            13280 kB
HardwareCorrupted:     0 kB
AnonHugePages:    212992 kB
ShmemHugePages:        0 kB
ShmemPmdMapped:        0 kB
FileHugePages:         0 kB
FilePmdMapped:         0 kB
CmaTotal:              0 kB
CmaFree:               0 kB
Unaccepted:            0 kB
Balloon:               0 kB
HugePages_Total:       0
HugePages_Free:        0
HugePages_Rsvd:        0
HugePages_Surp:        0
Hugepagesize:       2048 kB
Hugetlb:               0 kB
DirectMap4k:      194432 kB
DirectMap2M:     6096896 kB
DirectMap1G:     4194304 kB
---SNAPSHOT---
2026-04-27 15:13:40
MemTotal:        8129240 kB
MemFree:         4455308 kB
MemAvailable:    4188724 kB
Buffers:            4980 kB
Cached:           314276 kB
SwapCached:        82712 kB
Active:          2460520 kB
Inactive:         545064 kB
Active(anon):    2351488 kB
Inactive(anon):   389260 kB
Active(file):     109032 kB
Inactive(file):   155804 kB
Unevictable:          16 kB
Mlocked:              16 kB
SwapTotal:       4194300 kB
SwapFree:        3974080 kB
Zswap:                 0 kB
Zswapped:              0 kB
Dirty:               492 kB
Writeback:             0 kB
AnonPages:       2606740 kB
Mapped:           268280 kB
Shmem:             54452 kB
KReclaimable:      57076 kB
Slab:             284344 kB
SReclaimable:      57076 kB
SUnreclaim:       227268 kB
KernelStack:       18352 kB
PageTables:        47892 kB
SecPageTables:         0 kB
NFS_Unstable:          0 kB
Bounce:                0 kB
WritebackTmp:          0 kB
CommitLimit:     8258920 kB
Committed_AS:   11409280 kB
VmallocTotal:   34359738367 kB
VmallocUsed:       46472 kB
VmallocChunk:          0 kB
Percpu:            13280 kB
HardwareCorrupted:     0 kB
AnonHugePages:   1116160 kB
ShmemHugePages:        0 kB
ShmemPmdMapped:        0 kB
FileHugePages:         0 kB
FilePmdMapped:         0 kB
CmaTotal:              0 kB
CmaFree:               0 kB
Unaccepted:            0 kB
Balloon:               0 kB
HugePages_Total:       0
HugePages_Free:        0
HugePages_Rsvd:        0
HugePages_Surp:        0
Hugepagesize:       2048 kB
Hugetlb:               0 kB
DirectMap4k:      194432 kB
DirectMap2M:     6096896 kB
DirectMap1G:     4194304 kB
---SNAPSHOT---
2026-04-27 15:13:41
MemTotal:        8129240 kB
MemFree:         3553076 kB
MemAvailable:    3286496 kB
Buffers:            4980 kB
Cached:           314284 kB
SwapCached:        82712 kB
Active:          3361572 kB
Inactive:         545072 kB
Active(anon):    3252540 kB
Inactive(anon):   389260 kB
Active(file):     109032 kB
Inactive(file):   155812 kB
Unevictable:          16 kB
Mlocked:              16 kB
SwapTotal:       4194300 kB
SwapFree:        3974080 kB
Zswap:                 0 kB
Zswapped:              0 kB
Dirty:               500 kB
Writeback:             0 kB
AnonPages:       3507868 kB
Mapped:           268280 kB
Shmem:             54452 kB
KReclaimable:      57076 kB
Slab:             284344 kB
SReclaimable:      57076 kB
SUnreclaim:       227268 kB
KernelStack:       18320 kB
PageTables:        49596 kB
SecPageTables:         0 kB
NFS_Unstable:          0 kB
Bounce:                0 kB
WritebackTmp:          0 kB
CommitLimit:     8258920 kB
Committed_AS:   11409608 kB
VmallocTotal:   34359738367 kB
VmallocUsed:       46488 kB
VmallocChunk:          0 kB
Percpu:            13280 kB
HardwareCorrupted:     0 kB
AnonHugePages:   2017280 kB
ShmemHugePages:        0 kB
ShmemPmdMapped:        0 kB
FileHugePages:         0 kB
FilePmdMapped:         0 kB
CmaTotal:              0 kB
CmaFree:               0 kB
Unaccepted:            0 kB
Balloon:               0 kB
HugePages_Total:       0
HugePages_Free:        0
HugePages_Rsvd:        0
HugePages_Surp:        0
Hugepagesize:       2048 kB
Hugetlb:               0 kB
DirectMap4k:      194432 kB
DirectMap2M:     6096896 kB
DirectMap1G:     4194304 kB
---SNAPSHOT---
2026-04-27 15:13:42
MemTotal:        8129240 kB
MemFree:         4483492 kB
MemAvailable:    4216912 kB
Buffers:            4980 kB
Cached:           314288 kB
SwapCached:        82712 kB
Active:          2396356 kB
Inactive:         545076 kB
Active(anon):    2287324 kB
Inactive(anon):   389260 kB
Active(file):     109032 kB
Inactive(file):   155816 kB
Unevictable:          16 kB
Mlocked:              16 kB
SwapTotal:       4194300 kB
SwapFree:        3974080 kB
Zswap:                 0 kB
Zswapped:              0 kB
Dirty:               504 kB
Writeback:             0 kB
AnonPages:       2542704 kB
Mapped:           268280 kB
Shmem:             54452 kB
KReclaimable:      57076 kB
Slab:             284344 kB
SReclaimable:      57076 kB
SUnreclaim:       227268 kB
KernelStack:       18320 kB
PageTables:        49196 kB
SecPageTables:         0 kB
NFS_Unstable:          0 kB
Bounce:                0 kB
WritebackTmp:          0 kB
CommitLimit:     8258920 kB
Committed_AS:   11409288 kB
VmallocTotal:   34359738367 kB
VmallocUsed:       46504 kB
VmallocChunk:          0 kB
Percpu:            13280 kB
HardwareCorrupted:     0 kB
AnonHugePages:   1050624 kB
ShmemHugePages:        0 kB
ShmemPmdMapped:        0 kB
FileHugePages:         0 kB
FilePmdMapped:         0 kB
CmaTotal:              0 kB
CmaFree:               0 kB
Unaccepted:            0 kB
Balloon:               0 kB
HugePages_Total:       0
HugePages_Free:        0
HugePages_Rsvd:        0
HugePages_Surp:        0
Hugepagesize:       2048 kB
Hugetlb:               0 kB
DirectMap4k:      194432 kB
DirectMap2M:     6096896 kB
DirectMap1G:     4194304 kB
---SNAPSHOT---
2026-04-27 15:13:43
MemTotal:        8129240 kB
MemFree:         3748576 kB
MemAvailable:    3482000 kB
Buffers:            4988 kB
Cached:           314284 kB
SwapCached:        82712 kB
Active:          3187392 kB
Inactive:         545080 kB
Active(anon):    3078360 kB
Inactive(anon):   389260 kB
Active(file):     109032 kB
Inactive(file):   155820 kB
Unevictable:          16 kB
Mlocked:              16 kB
SwapTotal:       4194300 kB
SwapFree:        3974080 kB
Zswap:                 0 kB
Zswapped:              0 kB
Dirty:               508 kB
Writeback:             0 kB
AnonPages:       3333524 kB
Mapped:           268280 kB
Shmem:             54452 kB
KReclaimable:      57076 kB
Slab:             284344 kB
SReclaimable:      57076 kB
SUnreclaim:       227268 kB
KernelStack:       18428 kB
PageTables:        50288 kB
SecPageTables:         0 kB
NFS_Unstable:          0 kB
Bounce:                0 kB
WritebackTmp:          0 kB
CommitLimit:     8258920 kB
Committed_AS:   11410692 kB
VmallocTotal:   34359738367 kB
VmallocUsed:       46584 kB
VmallocChunk:          0 kB
Percpu:            13280 kB
HardwareCorrupted:     0 kB
AnonHugePages:   1841152 kB
ShmemHugePages:        0 kB
ShmemPmdMapped:        0 kB
FileHugePages:         0 kB
FilePmdMapped:         0 kB
CmaTotal:              0 kB
CmaFree:               0 kB
Unaccepted:            0 kB
Balloon:               0 kB
HugePages_Total:       0
HugePages_Free:        0
HugePages_Rsvd:        0
HugePages_Surp:        0
Hugepagesize:       2048 kB
Hugetlb:               0 kB
DirectMap4k:      194432 kB
DirectMap2M:     6096896 kB
DirectMap1G:     4194304 kB
---SNAPSHOT---
2026-04-27 15:13:44
MemTotal:        8129240 kB
MemFree:         2981544 kB
MemAvailable:    2714976 kB
Buffers:            4988 kB
Cached:           314300 kB
SwapCached:        82712 kB
Active:          3953112 kB
Inactive:         545096 kB
Active(anon):    3844080 kB
Inactive(anon):   389260 kB
Active(file):     109032 kB
Inactive(file):   155836 kB
Unevictable:          16 kB
Mlocked:              16 kB
SwapTotal:       4194300 kB
SwapFree:        3974080 kB
Zswap:                 0 kB
Zswapped:              0 kB
Dirty:               516 kB
Writeback:             0 kB
AnonPages:       4099208 kB
Mapped:           268280 kB
Shmem:             54452 kB
KReclaimable:      57076 kB
Slab:             284344 kB
SReclaimable:      57076 kB
SUnreclaim:       227268 kB
KernelStack:       18332 kB
PageTables:        51056 kB
SecPageTables:         0 kB
NFS_Unstable:          0 kB
Bounce:                0 kB
WritebackTmp:          0 kB
CommitLimit:     8258920 kB
Committed_AS:   11409444 kB
VmallocTotal:   34359738367 kB
VmallocUsed:       46488 kB
VmallocChunk:          0 kB
Percpu:            13280 kB
HardwareCorrupted:     0 kB
AnonHugePages:   2607104 kB
ShmemHugePages:        0 kB
ShmemPmdMapped:        0 kB
FileHugePages:         0 kB
FilePmdMapped:         0 kB
CmaTotal:              0 kB
CmaFree:               0 kB
Unaccepted:            0 kB
Balloon:               0 kB
HugePages_Total:       0
HugePages_Free:        0
HugePages_Rsvd:        0
HugePages_Surp:        0
Hugepagesize:       2048 kB
Hugetlb:               0 kB
DirectMap4k:      194432 kB
DirectMap2M:     6096896 kB
DirectMap1G:     4194304 kB
---SNAPSHOT---
2026-04-27 15:13:45
MemTotal:        8129240 kB
MemFree:         4098084 kB
MemAvailable:    3831516 kB
Buffers:            4988 kB
Cached:           314304 kB
SwapCached:        82712 kB
Active:          2836788 kB
Inactive:         545100 kB
Active(anon):    2727756 kB
Inactive(anon):   389260 kB
Active(file):     109032 kB
Inactive(file):   155840 kB
Unevictable:          16 kB
Mlocked:              16 kB
SwapTotal:       4194300 kB
SwapFree:        3974080 kB
Zswap:                 0 kB
Zswapped:              0 kB
Dirty:               520 kB
Writeback:             0 kB
AnonPages:       2983016 kB
Mapped:           268280 kB
Shmem:             54452 kB
KReclaimable:      57076 kB
Slab:             284344 kB
SReclaimable:      57076 kB
SUnreclaim:       227268 kB
KernelStack:       18320 kB
PageTables:        48744 kB
SecPageTables:         0 kB
NFS_Unstable:          0 kB
Bounce:                0 kB
WritebackTmp:          0 kB
CommitLimit:     8258920 kB
Committed_AS:   11409660 kB
VmallocTotal:   34359738367 kB
VmallocUsed:       46488 kB
VmallocChunk:          0 kB
Percpu:            13280 kB
HardwareCorrupted:     0 kB
AnonHugePages:   1490944 kB
ShmemHugePages:        0 kB
ShmemPmdMapped:        0 kB
FileHugePages:         0 kB
FilePmdMapped:         0 kB
CmaTotal:              0 kB
CmaFree:               0 kB
Unaccepted:            0 kB
Balloon:               0 kB
HugePages_Total:       0
HugePages_Free:        0
HugePages_Rsvd:        0
HugePages_Surp:        0
Hugepagesize:       2048 kB
Hugetlb:               0 kB
DirectMap4k:      194432 kB
DirectMap2M:     6096896 kB
DirectMap1G:     4194304 kB
---SNAPSHOT---
2026-04-27 15:13:46
MemTotal:        8129240 kB
MemFree:         3303920 kB
MemAvailable:    3037356 kB
Buffers:            4988 kB
Cached:           314312 kB
SwapCached:        82712 kB
Active:          3631276 kB
Inactive:         545108 kB
Active(anon):    3522244 kB
Inactive(anon):   389260 kB
Active(file):     109032 kB
Inactive(file):   155848 kB
Unevictable:          16 kB
Mlocked:              16 kB
SwapTotal:       4194300 kB
SwapFree:        3974080 kB
Zswap:                 0 kB
Zswapped:              0 kB
Dirty:               528 kB
Writeback:             0 kB
AnonPages:       3777696 kB
Mapped:           268280 kB
Shmem:             54452 kB
KReclaimable:      57076 kB
Slab:             284344 kB
SReclaimable:      57076 kB
SUnreclaim:       227268 kB
KernelStack:       18320 kB
PageTables:        50212 kB
SecPageTables:         0 kB
NFS_Unstable:          0 kB
Bounce:                0 kB
WritebackTmp:          0 kB
CommitLimit:     8258920 kB
Committed_AS:   11409552 kB
VmallocTotal:   34359738367 kB
VmallocUsed:       46504 kB
VmallocChunk:          0 kB
Percpu:            13280 kB
HardwareCorrupted:     0 kB
AnonHugePages:   2285568 kB
ShmemHugePages:        0 kB
ShmemPmdMapped:        0 kB
FileHugePages:         0 kB
FilePmdMapped:         0 kB
CmaTotal:              0 kB
CmaFree:               0 kB
Unaccepted:            0 kB
Balloon:               0 kB
HugePages_Total:       0
HugePages_Free:        0
HugePages_Rsvd:        0
HugePages_Surp:        0
Hugepagesize:       2048 kB
Hugetlb:               0 kB
DirectMap4k:      194432 kB
DirectMap2M:     6096896 kB
DirectMap1G:     4194304 kB
---SNAPSHOT---
2026-04-27 15:13:47
MemTotal:        8129240 kB
MemFree:         4772384 kB
MemAvailable:    4505824 kB
Buffers:            4988 kB
Cached:           314316 kB
SwapCached:        82712 kB
Active:          2024252 kB
Inactive:         545112 kB
Active(anon):    1915220 kB
Inactive(anon):   389260 kB
Active(file):     109032 kB
Inactive(file):   155852 kB
Unevictable:          16 kB
Mlocked:              16 kB
SwapTotal:       4194300 kB
SwapFree:        3974080 kB
Zswap:                 0 kB
Zswapped:              0 kB
Dirty:               532 kB
Writeback:             0 kB
AnonPages:       2170364 kB
Mapped:           268280 kB
Shmem:             54452 kB
KReclaimable:      57076 kB
Slab:             284344 kB
SReclaimable:      57076 kB
SUnreclaim:       227268 kB
KernelStack:       18304 kB
PageTables:        48548 kB
SecPageTables:         0 kB
NFS_Unstable:          0 kB
Bounce:                0 kB
WritebackTmp:          0 kB
CommitLimit:     8258920 kB
Committed_AS:   11409552 kB
VmallocTotal:   34359738367 kB
VmallocUsed:       46488 kB
VmallocChunk:          0 kB
Percpu:            13280 kB
HardwareCorrupted:     0 kB
AnonHugePages:    679936 kB
ShmemHugePages:        0 kB
ShmemPmdMapped:        0 kB
FileHugePages:         0 kB
FilePmdMapped:         0 kB
CmaTotal:              0 kB
CmaFree:               0 kB
Unaccepted:            0 kB
Balloon:               0 kB
HugePages_Total:       0
HugePages_Free:        0
HugePages_Rsvd:        0
HugePages_Surp:        0
Hugepagesize:       2048 kB
Hugetlb:               0 kB
DirectMap4k:      194432 kB
DirectMap2M:     6096896 kB
DirectMap1G:     4194304 kB
---SNAPSHOT---
2026-04-27 15:13:48
MemTotal:        8129240 kB
MemFree:         3861732 kB
MemAvailable:    3595172 kB
Buffers:            4996 kB
Cached:           314312 kB
SwapCached:        82712 kB
Active:          3075064 kB
Inactive:         545116 kB
Active(anon):    2966032 kB
Inactive(anon):   389260 kB
Active(file):     109032 kB
Inactive(file):   155856 kB
Unevictable:          16 kB
Mlocked:              16 kB
SwapTotal:       4194300 kB
SwapFree:        3974080 kB
Zswap:                 0 kB
Zswapped:              0 kB
Dirty:               536 kB
Writeback:             0 kB
AnonPages:       3221104 kB
Mapped:           268280 kB
Shmem:             54452 kB
KReclaimable:      57076 kB
Slab:             284344 kB
SReclaimable:      57076 kB
SUnreclaim:       227268 kB
KernelStack:       18260 kB
PageTables:        49904 kB
SecPageTables:         0 kB
NFS_Unstable:          0 kB
Bounce:                0 kB
WritebackTmp:          0 kB
CommitLimit:     8258920 kB
Committed_AS:   11409552 kB
VmallocTotal:   34359738367 kB
VmallocUsed:       46472 kB
VmallocChunk:          0 kB
Percpu:            13280 kB
HardwareCorrupted:     0 kB
AnonHugePages:   1730560 kB
ShmemHugePages:        0 kB
ShmemPmdMapped:        0 kB
FileHugePages:         0 kB
FilePmdMapped:         0 kB
CmaTotal:              0 kB
CmaFree:               0 kB
Unaccepted:            0 kB
Balloon:               0 kB
HugePages_Total:       0
HugePages_Free:        0
HugePages_Rsvd:        0
HugePages_Surp:        0
Hugepagesize:       2048 kB
Hugetlb:               0 kB
DirectMap4k:      194432 kB
DirectMap2M:     6096896 kB
DirectMap1G:     4194304 kB
---SNAPSHOT---
2026-04-27 15:13:49
MemTotal:        8129240 kB
MemFree:         4023552 kB
MemAvailable:    3757000 kB
Buffers:            4996 kB
Cached:           314328 kB
SwapCached:        82712 kB
Active:          2833480 kB
Inactive:         545132 kB
Active(anon):    2724448 kB
Inactive(anon):   389260 kB
Active(file):     109032 kB
Inactive(file):   155872 kB
Unevictable:          16 kB
Mlocked:              16 kB
SwapTotal:       4194300 kB
SwapFree:        3974080 kB
Zswap:                 0 kB
Zswapped:              0 kB
Dirty:               544 kB
Writeback:             0 kB
AnonPages:       2979324 kB
Mapped:           268280 kB
Shmem:             54452 kB
KReclaimable:      57076 kB
Slab:             284344 kB
SReclaimable:      57076 kB
SUnreclaim:       227268 kB
KernelStack:       18304 kB
PageTables:        48964 kB
SecPageTables:         0 kB
NFS_Unstable:          0 kB
Bounce:                0 kB
WritebackTmp:          0 kB
CommitLimit:     8258920 kB
Committed_AS:   11409552 kB
VmallocTotal:   34359738367 kB
VmallocUsed:       46504 kB
VmallocChunk:          0 kB
Percpu:            13280 kB
HardwareCorrupted:     0 kB
AnonHugePages:   1488896 kB
ShmemHugePages:        0 kB
ShmemPmdMapped:        0 kB
FileHugePages:         0 kB
FilePmdMapped:         0 kB
CmaTotal:              0 kB
CmaFree:               0 kB
Unaccepted:            0 kB
Balloon:               0 kB
HugePages_Total:       0
HugePages_Free:        0
HugePages_Rsvd:        0
HugePages_Surp:        0
Hugepagesize:       2048 kB
Hugetlb:               0 kB
DirectMap4k:      194432 kB
DirectMap2M:     6096896 kB
DirectMap1G:     4194304 kB
---SNAPSHOT---
2026-04-27 15:13:50
MemTotal:        8129240 kB
MemFree:         3918792 kB
MemAvailable:    3652244 kB
Buffers:            4996 kB
Cached:           314332 kB
SwapCached:       533416 kB
Active:          2569140 kB
Inactive:         995032 kB
Active(anon):    2460108 kB
Inactive(anon):   839156 kB
Active(file):     109032 kB
Inactive(file):   155876 kB
Unevictable:          16 kB
Mlocked:              16 kB
SwapTotal:       4194300 kB
SwapFree:        3523324 kB
Zswap:                 0 kB
Zswapped:              0 kB
Dirty:               548 kB
Writeback:           708 kB
AnonPages:       2716548 kB
Mapped:           268508 kB
Shmem:             54452 kB
KReclaimable:      57076 kB
Slab:             284352 kB
SReclaimable:      57076 kB
SUnreclaim:       227276 kB
KernelStack:       18304 kB
PageTables:        49228 kB
SecPageTables:         0 kB
NFS_Unstable:          0 kB
Bounce:                0 kB
WritebackTmp:          0 kB
CommitLimit:     8258920 kB
Committed_AS:   11409552 kB
VmallocTotal:   34359738367 kB
VmallocUsed:       46488 kB
VmallocChunk:          0 kB
Percpu:            13280 kB
HardwareCorrupted:     0 kB
AnonHugePages:   1224704 kB
ShmemHugePages:        0 kB
ShmemPmdMapped:        0 kB
FileHugePages:         0 kB
FilePmdMapped:         0 kB
CmaTotal:              0 kB
CmaFree:               0 kB
Unaccepted:            0 kB
Balloon:               0 kB
HugePages_Total:       0
HugePages_Free:        0
HugePages_Rsvd:        0
HugePages_Surp:        0
Hugepagesize:       2048 kB
Hugetlb:               0 kB
DirectMap4k:      194432 kB
DirectMap2M:     6096896 kB
DirectMap1G:     4194304 kB
---SNAPSHOT---
2026-04-27 15:13:51
MemTotal:        8129240 kB
MemFree:         3691148 kB
MemAvailable:    3424604 kB
Buffers:            4996 kB
Cached:           314340 kB
SwapCached:        82712 kB
Active:          3261596 kB
Inactive:         545144 kB
Active(anon):    3152564 kB
Inactive(anon):   389260 kB
Active(file):     109032 kB
Inactive(file):   155884 kB
Unevictable:          16 kB
Mlocked:              16 kB
SwapTotal:       4194300 kB
SwapFree:        3974080 kB
Zswap:                 0 kB
Zswapped:              0 kB
Dirty:               556 kB
Writeback:             0 kB
AnonPages:       3407796 kB
Mapped:           268280 kB
Shmem:             54452 kB
KReclaimable:      57076 kB
Slab:             284392 kB
SReclaimable:      57076 kB
SUnreclaim:       227316 kB
KernelStack:       18380 kB
PageTables:        49328 kB
SecPageTables:         0 kB
NFS_Unstable:          0 kB
Bounce:                0 kB
WritebackTmp:          0 kB
CommitLimit:     8258920 kB
Committed_AS:   11409552 kB
VmallocTotal:   34359738367 kB
VmallocUsed:       46520 kB
VmallocChunk:          0 kB
Percpu:            13280 kB
HardwareCorrupted:     0 kB
AnonHugePages:   1916928 kB
ShmemHugePages:        0 kB
ShmemPmdMapped:        0 kB
FileHugePages:         0 kB
FilePmdMapped:         0 kB
CmaTotal:              0 kB
CmaFree:               0 kB
Unaccepted:            0 kB
Balloon:               0 kB
HugePages_Total:       0
HugePages_Free:        0
HugePages_Rsvd:        0
HugePages_Surp:        0
Hugepagesize:       2048 kB
Hugetlb:               0 kB
DirectMap4k:      194432 kB
DirectMap2M:     6096896 kB
DirectMap1G:     4194304 kB
---SNAPSHOT---
2026-04-27 15:13:52
MemTotal:        8129240 kB
MemFree:         4075808 kB
MemAvailable:    3809264 kB
Buffers:            4996 kB
Cached:           314344 kB
SwapCached:       166684 kB
Active:          2788508 kB
Inactive:         612416 kB
Active(anon):    2679476 kB
Inactive(anon):   456528 kB
Active(file):     109032 kB
Inactive(file):   155888 kB
Unevictable:          16 kB
Mlocked:              16 kB
SwapTotal:       4194300 kB
SwapFree:        3890108 kB
Zswap:                 0 kB
Zswapped:              0 kB
Dirty:               560 kB
Writeback:         16552 kB
AnonPages:       2919860 kB
Mapped:           268280 kB
Shmem:             54452 kB
KReclaimable:      57076 kB
Slab:             285400 kB
SReclaimable:      57076 kB
SUnreclaim:       228324 kB
KernelStack:       18440 kB
PageTables:        48716 kB
SecPageTables:         0 kB
NFS_Unstable:          0 kB
Bounce:                0 kB
WritebackTmp:          0 kB
CommitLimit:     8258920 kB
Committed_AS:   11409552 kB
VmallocTotal:   34359738367 kB
VmallocUsed:       46616 kB
VmallocChunk:          0 kB
Percpu:            13280 kB
HardwareCorrupted:     0 kB
AnonHugePages:   1427456 kB
ShmemHugePages:        0 kB
ShmemPmdMapped:        0 kB
FileHugePages:         0 kB
FilePmdMapped:         0 kB
CmaTotal:              0 kB
CmaFree:               0 kB
Unaccepted:            0 kB
Balloon:               0 kB
HugePages_Total:       0
HugePages_Free:        0
HugePages_Rsvd:        0
HugePages_Surp:        0
Hugepagesize:       2048 kB
Hugetlb:               0 kB
DirectMap4k:      194432 kB
DirectMap2M:     6096896 kB
DirectMap1G:     4194304 kB
---SNAPSHOT---
2026-04-27 15:13:53
MemTotal:        8129240 kB
MemFree:         3298804 kB
MemAvailable:    3032264 kB
Buffers:            5004 kB
Cached:           314340 kB
SwapCached:       233572 kB
Active:          3511744 kB
Inactive:         679556 kB
Active(anon):    3402712 kB
Inactive(anon):   523664 kB
Active(file):     109032 kB
Inactive(file):   155892 kB
Unevictable:          16 kB
Mlocked:              16 kB
SwapTotal:       4194300 kB
SwapFree:        3823040 kB
Zswap:                 0 kB
Zswapped:              0 kB
Dirty:               564 kB
Writeback:         16372 kB
AnonPages:       3642352 kB
Mapped:           268380 kB
Shmem:             54452 kB
KReclaimable:      57076 kB
Slab:             285400 kB
SReclaimable:      57076 kB
SUnreclaim:       228324 kB
KernelStack:       18332 kB
PageTables:        49896 kB
SecPageTables:         0 kB
NFS_Unstable:          0 kB
Bounce:                0 kB
WritebackTmp:          0 kB
CommitLimit:     8258920 kB
Committed_AS:   11409420 kB
VmallocTotal:   34359738367 kB
VmallocUsed:       46600 kB
VmallocChunk:          0 kB
Percpu:            13280 kB
HardwareCorrupted:     0 kB
AnonHugePages:   2150400 kB
ShmemHugePages:        0 kB
ShmemPmdMapped:        0 kB
FileHugePages:         0 kB
FilePmdMapped:         0 kB
CmaTotal:              0 kB
CmaFree:               0 kB
Unaccepted:            0 kB
Balloon:               0 kB
HugePages_Total:       0
HugePages_Free:        0
HugePages_Rsvd:        0
HugePages_Surp:        0
Hugepagesize:       2048 kB
Hugetlb:               0 kB
DirectMap4k:      194432 kB
DirectMap2M:     6096896 kB
DirectMap1G:     4194304 kB
---SNAPSHOT---
2026-04-27 15:13:54
MemTotal:        8129240 kB
MemFree:         3237884 kB
MemAvailable:    2971352 kB
Buffers:            5004 kB
Cached:           314356 kB
SwapCached:       591044 kB
Active:          3208192 kB
Inactive:        1050972 kB
Active(anon):    3099160 kB
Inactive(anon):   895064 kB
Active(file):     109032 kB
Inactive(file):   155908 kB
Unevictable:          16 kB
Mlocked:              16 kB
SwapTotal:       4194300 kB
SwapFree:        3465624 kB
Zswap:                 0 kB
Zswapped:              0 kB
Dirty:               572 kB
Writeback:          1068 kB
AnonPages:       3355952 kB
Mapped:           268280 kB
Shmem:             54452 kB
KReclaimable:      57076 kB
Slab:             284424 kB
SReclaimable:      57076 kB
SUnreclaim:       227348 kB
KernelStack:       18396 kB
PageTables:        50396 kB
SecPageTables:         0 kB
NFS_Unstable:          0 kB
Bounce:                0 kB
WritebackTmp:          0 kB
CommitLimit:     8258920 kB
Committed_AS:   11409796 kB
VmallocTotal:   34359738367 kB
VmallocUsed:       46616 kB
VmallocChunk:          0 kB
Percpu:            13280 kB
HardwareCorrupted:     0 kB
AnonHugePages:   1863680 kB
ShmemHugePages:        0 kB
ShmemPmdMapped:        0 kB
FileHugePages:         0 kB
FilePmdMapped:         0 kB
CmaTotal:              0 kB
CmaFree:               0 kB
Unaccepted:            0 kB
Balloon:               0 kB
HugePages_Total:       0
HugePages_Free:        0
HugePages_Rsvd:        0
HugePages_Surp:        0
Hugepagesize:       2048 kB
Hugetlb:               0 kB
DirectMap4k:      194432 kB
DirectMap2M:     6096896 kB
DirectMap1G:     4194304 kB
---SNAPSHOT---
2026-04-27 15:13:55
MemTotal:        8129240 kB
MemFree:         3339412 kB
MemAvailable:    3072880 kB
Buffers:            5004 kB
Cached:           314360 kB
SwapCached:       637596 kB
Active:          3053608 kB
Inactive:        1098728 kB
Active(anon):    2944576 kB
Inactive(anon):   942816 kB
Active(file):     109032 kB
Inactive(file):   155912 kB
Unevictable:          16 kB
Mlocked:              16 kB
SwapTotal:       4194300 kB
SwapFree:        3419196 kB
Zswap:                 0 kB
Zswapped:              0 kB
Dirty:               576 kB
Writeback:           404 kB
AnonPages:       3202728 kB
Mapped:           268508 kB
Shmem:             54452 kB
KReclaimable:      57076 kB
Slab:             284392 kB
SReclaimable:      57076 kB
SUnreclaim:       227316 kB
KernelStack:       18380 kB
PageTables:        50292 kB
SecPageTables:         0 kB
NFS_Unstable:          0 kB
Bounce:                0 kB
WritebackTmp:          0 kB
CommitLimit:     8258920 kB
Committed_AS:   11409660 kB
VmallocTotal:   34359738367 kB
VmallocUsed:       46600 kB
VmallocChunk:          0 kB
Percpu:            13280 kB
HardwareCorrupted:     0 kB
AnonHugePages:   1710080 kB
ShmemHugePages:        0 kB
ShmemPmdMapped:        0 kB
FileHugePages:         0 kB
FilePmdMapped:         0 kB
CmaTotal:              0 kB
CmaFree:               0 kB
Unaccepted:            0 kB
Balloon:               0 kB
HugePages_Total:       0
HugePages_Free:        0
HugePages_Rsvd:        0
HugePages_Surp:        0
Hugepagesize:       2048 kB
Hugetlb:               0 kB
DirectMap4k:      194432 kB
DirectMap2M:     6096896 kB
DirectMap1G:     4194304 kB
---SNAPSHOT---
2026-04-27 15:13:56
MemTotal:        8129240 kB
MemFree:         3450068 kB
MemAvailable:    3183540 kB
Buffers:            5004 kB
Cached:           314372 kB
SwapCached:       642552 kB
Active:          2940816 kB
Inactive:        1102928 kB
Active(anon):    2831784 kB
Inactive(anon):   947008 kB
Active(file):     109032 kB
Inactive(file):   155920 kB
Unevictable:          16 kB
Mlocked:              16 kB
SwapTotal:       4194300 kB
SwapFree:        3414240 kB
Zswap:                 0 kB
Zswapped:              0 kB
Dirty:               588 kB
Writeback:           820 kB
AnonPages:       3089176 kB
Mapped:           268280 kB
Shmem:             54452 kB
KReclaimable:      57076 kB
Slab:             284400 kB
SReclaimable:      57076 kB
SUnreclaim:       227324 kB
KernelStack:       18396 kB
PageTables:        49816 kB
SecPageTables:         0 kB
NFS_Unstable:          0 kB
Bounce:                0 kB
WritebackTmp:          0 kB
CommitLimit:     8258920 kB
Committed_AS:   11409200 kB
VmallocTotal:   34359738367 kB
VmallocUsed:       46616 kB
VmallocChunk:          0 kB
Percpu:            13280 kB
HardwareCorrupted:     0 kB
AnonHugePages:   1597440 kB
ShmemHugePages:        0 kB
ShmemPmdMapped:        0 kB
FileHugePages:         0 kB
FilePmdMapped:         0 kB
CmaTotal:              0 kB
CmaFree:               0 kB
Unaccepted:            0 kB
Balloon:               0 kB
HugePages_Total:       0
HugePages_Free:        0
HugePages_Rsvd:        0
HugePages_Surp:        0
Hugepagesize:       2048 kB
Hugetlb:               0 kB
DirectMap4k:      194432 kB
DirectMap2M:     6096896 kB
DirectMap1G:     4194304 kB
---SNAPSHOT---
2026-04-27 15:13:57
MemTotal:        8129240 kB
MemFree:         3553348 kB
MemAvailable:    3286824 kB
Buffers:            5004 kB
Cached:           314376 kB
SwapCached:       644524 kB
Active:          2834472 kB
Inactive:        1105072 kB
Active(anon):    2725440 kB
Inactive(anon):   949144 kB
Active(file):     109032 kB
Inactive(file):   155928 kB
Unevictable:          16 kB
Mlocked:              16 kB
SwapTotal:       4194300 kB
SwapFree:        3412268 kB
Zswap:                 0 kB
Zswapped:              0 kB
Dirty:               592 kB
Writeback:           172 kB
AnonPages:       2983032 kB
Mapped:           268280 kB
Shmem:             54452 kB
KReclaimable:      57076 kB
Slab:             284376 kB
SReclaimable:      57076 kB
SUnreclaim:       227300 kB
KernelStack:       18336 kB
PageTables:        49652 kB
SecPageTables:         0 kB
NFS_Unstable:          0 kB
Bounce:                0 kB
WritebackTmp:          0 kB
CommitLimit:     8258920 kB
Committed_AS:   11409300 kB
VmallocTotal:   34359738367 kB
VmallocUsed:       46600 kB
VmallocChunk:          0 kB
Percpu:            13280 kB
HardwareCorrupted:     0 kB
AnonHugePages:   1490944 kB
ShmemHugePages:        0 kB
ShmemPmdMapped:        0 kB
FileHugePages:         0 kB
FilePmdMapped:         0 kB
CmaTotal:              0 kB
CmaFree:               0 kB
Unaccepted:            0 kB
Balloon:               0 kB
HugePages_Total:       0
HugePages_Free:        0
HugePages_Rsvd:        0
HugePages_Surp:        0
Hugepagesize:       2048 kB
Hugetlb:               0 kB
DirectMap4k:      194432 kB
DirectMap2M:     6096896 kB
DirectMap1G:     4194304 kB
---SNAPSHOT---
2026-04-27 15:13:58
MemTotal:        8129240 kB
MemFree:         3618424 kB
MemAvailable:    3351904 kB
Buffers:            5012 kB
Cached:           314380 kB
SwapCached:       647880 kB
Active:          2730208 kB
Inactive:        1107200 kB
Active(anon):    2621176 kB
Inactive(anon):   951268 kB
Active(file):     109032 kB
Inactive(file):   155932 kB
Unevictable:          16 kB
Mlocked:              16 kB
SwapTotal:       4194300 kB
SwapFree:        3408912 kB
Zswap:                 0 kB
Zswapped:              0 kB
Dirty:               596 kB
Writeback:           668 kB
AnonPages:       2877184 kB
Mapped:           268380 kB
Shmem:             54452 kB
KReclaimable:      57076 kB
Slab:             284368 kB
SReclaimable:      57076 kB
SUnreclaim:       227292 kB
KernelStack:       18336 kB
PageTables:        49816 kB
SecPageTables:         0 kB
NFS_Unstable:          0 kB
Bounce:                0 kB
WritebackTmp:          0 kB
CommitLimit:     8258920 kB
Committed_AS:   11409332 kB
VmallocTotal:   34359738367 kB
VmallocUsed:       46520 kB
VmallocChunk:          0 kB
Percpu:            13280 kB
HardwareCorrupted:     0 kB
AnonHugePages:   1359872 kB
ShmemHugePages:        0 kB
ShmemPmdMapped:        0 kB
FileHugePages:         0 kB
FilePmdMapped:         0 kB
CmaTotal:              0 kB
CmaFree:               0 kB
Unaccepted:            0 kB
Balloon:               0 kB
HugePages_Total:       0
HugePages_Free:        0
HugePages_Rsvd:        0
HugePages_Surp:        0
Hugepagesize:       2048 kB
Hugetlb:               0 kB
DirectMap4k:      194432 kB
DirectMap2M:     6096896 kB
DirectMap1G:     4194304 kB
---SNAPSHOT---
2026-04-27 15:13:59
MemTotal:        8129240 kB
MemFree:         3209796 kB
MemAvailable:    2943280 kB
Buffers:            5012 kB
Cached:           314388 kB
SwapCached:       649820 kB
Active:          3143992 kB
Inactive:        1111232 kB
Active(anon):    3034960 kB
Inactive(anon):   955288 kB
Active(file):     109032 kB
Inactive(file):   155944 kB
Unevictable:          16 kB
Mlocked:              16 kB
SwapTotal:       4194300 kB
SwapFree:        3406972 kB
Zswap:                 0 kB
Zswapped:              0 kB
Dirty:               604 kB
Writeback:           204 kB
AnonPages:       3293260 kB
Mapped:           268280 kB
Shmem:             54452 kB
KReclaimable:      57076 kB
Slab:             284368 kB
SReclaimable:      57076 kB
SUnreclaim:       227292 kB
KernelStack:       18336 kB
PageTables:        50424 kB
SecPageTables:         0 kB
NFS_Unstable:          0 kB
Bounce:                0 kB
WritebackTmp:          0 kB
CommitLimit:     8258920 kB
Committed_AS:   11409148 kB
VmallocTotal:   34359738367 kB
VmallocUsed:       46520 kB
VmallocChunk:          0 kB
Percpu:            13280 kB
HardwareCorrupted:     0 kB
AnonHugePages:   1566720 kB
ShmemHugePages:        0 kB
ShmemPmdMapped:        0 kB
FileHugePages:         0 kB
FilePmdMapped:         0 kB
CmaTotal:              0 kB
CmaFree:               0 kB
Unaccepted:            0 kB
Balloon:               0 kB
HugePages_Total:       0
HugePages_Free:        0
HugePages_Rsvd:        0
HugePages_Surp:        0
Hugepagesize:       2048 kB
Hugetlb:               0 kB
DirectMap4k:      194432 kB
DirectMap2M:     6096896 kB
DirectMap1G:     4194304 kB
---SNAPSHOT---
2026-04-27 15:14:00
MemTotal:        8129240 kB
MemFree:         2981740 kB
MemAvailable:    2715228 kB
Buffers:            5012 kB
Cached:           314392 kB
SwapCached:       652700 kB
Active:          3373568 kB
Inactive:        1111380 kB
Active(anon):    3264536 kB
Inactive(anon):   955432 kB
Active(file):     109032 kB
Inactive(file):   155948 kB
Unevictable:          16 kB
Mlocked:              16 kB
SwapTotal:       4194300 kB
SwapFree:        3404028 kB
Zswap:                 0 kB
Zswapped:              0 kB
Dirty:               608 kB
Writeback:           216 kB
AnonPages:       3519848 kB
Mapped:           268280 kB
Shmem:             54452 kB
KReclaimable:      57076 kB
Slab:             284400 kB
SReclaimable:      57076 kB
SUnreclaim:       227324 kB
KernelStack:       18336 kB
PageTables:        50768 kB
SecPageTables:         0 kB
NFS_Unstable:          0 kB
Bounce:                0 kB
WritebackTmp:          0 kB
CommitLimit:     8258920 kB
Committed_AS:   11409640 kB
VmallocTotal:   34359738367 kB
VmallocUsed:       46504 kB
VmallocChunk:          0 kB
Percpu:            13280 kB
HardwareCorrupted:     0 kB
AnonHugePages:   1566720 kB
ShmemHugePages:        0 kB
ShmemPmdMapped:        0 kB
FileHugePages:         0 kB
FilePmdMapped:         0 kB
CmaTotal:              0 kB
CmaFree:               0 kB
Unaccepted:            0 kB
Balloon:               0 kB
HugePages_Total:       0
HugePages_Free:        0
HugePages_Rsvd:        0
HugePages_Surp:        0
Hugepagesize:       2048 kB
Hugetlb:               0 kB
DirectMap4k:      194432 kB
DirectMap2M:     6096896 kB
DirectMap1G:     4194304 kB
---SNAPSHOT---
2026-04-27 15:14:01
MemTotal:        8129240 kB
MemFree:         3412164 kB
MemAvailable:    3145656 kB
Buffers:            5012 kB
Cached:           314400 kB
SwapCached:       655216 kB
Active:          2964716 kB
Inactive:        1115456 kB
Active(anon):    2855684 kB
Inactive(anon):   959496 kB
Active(file):     109032 kB
Inactive(file):   155960 kB
Unevictable:          16 kB
Mlocked:              16 kB
SwapTotal:       4194300 kB
SwapFree:        3401576 kB
Zswap:                 0 kB
Zswapped:              0 kB
Dirty:               616 kB
Writeback:           196 kB
AnonPages:       3112872 kB
Mapped:           268280 kB
Shmem:             54452 kB
KReclaimable:      57076 kB
Slab:             284384 kB
SReclaimable:      57076 kB
SUnreclaim:       227308 kB
KernelStack:       18336 kB
PageTables:        50276 kB
SecPageTables:         0 kB
NFS_Unstable:          0 kB
Bounce:                0 kB
WritebackTmp:          0 kB
CommitLimit:     8258920 kB
Committed_AS:   11409436 kB
VmallocTotal:   34359738367 kB
VmallocUsed:       46520 kB
VmallocChunk:          0 kB
Percpu:            13280 kB
HardwareCorrupted:     0 kB
AnonHugePages:   1619968 kB
ShmemHugePages:        0 kB
ShmemPmdMapped:        0 kB
FileHugePages:         0 kB
FilePmdMapped:         0 kB
CmaTotal:              0 kB
CmaFree:               0 kB
Unaccepted:            0 kB
Balloon:               0 kB
HugePages_Total:       0
HugePages_Free:        0
HugePages_Rsvd:        0
HugePages_Surp:        0
Hugepagesize:       2048 kB
Hugetlb:               0 kB
DirectMap4k:      194432 kB
DirectMap2M:     6096896 kB
DirectMap1G:     4194304 kB
---SNAPSHOT---
2026-04-27 15:14:02
MemTotal:        8129240 kB
MemFree:         3149692 kB
MemAvailable:    2883300 kB
Buffers:            5280 kB
Cached:           314364 kB
SwapCached:       674264 kB
Active:          3214212 kB
Inactive:        1134120 kB
Active(anon):    3105180 kB
Inactive(anon):   977932 kB
Active(file):     109032 kB
Inactive(file):   156188 kB
Unevictable:          16 kB
Mlocked:              16 kB
SwapTotal:       4194300 kB
SwapFree:        3382520 kB
Zswap:                 0 kB
Zswapped:              0 kB
Dirty:               620 kB
Writeback:           228 kB
AnonPages:       3361832 kB
Mapped:           268268 kB
Shmem:             54452 kB
KReclaimable:      57076 kB
Slab:             284384 kB
SReclaimable:      57076 kB
SUnreclaim:       227308 kB
KernelStack:       18304 kB
PageTables:        50716 kB
SecPageTables:         0 kB
NFS_Unstable:          0 kB
Bounce:                0 kB
WritebackTmp:          0 kB
CommitLimit:     8258920 kB
Committed_AS:   11409332 kB
VmallocTotal:   34359738367 kB
VmallocUsed:       46568 kB
VmallocChunk:          0 kB
Percpu:            13280 kB
HardwareCorrupted:     0 kB
AnonHugePages:   1869824 kB
ShmemHugePages:        0 kB
ShmemPmdMapped:        0 kB
FileHugePages:         0 kB
FilePmdMapped:         0 kB
CmaTotal:              0 kB
CmaFree:               0 kB
Unaccepted:            0 kB
Balloon:               0 kB
HugePages_Total:       0
HugePages_Free:        0
HugePages_Rsvd:        0
HugePages_Surp:        0
Hugepagesize:       2048 kB
Hugetlb:               0 kB
DirectMap4k:      194432 kB
DirectMap2M:     6096896 kB
DirectMap1G:     4194304 kB
---SNAPSHOT---
2026-04-27 15:14:03
MemTotal:        8129240 kB
MemFree:         2887380 kB
MemAvailable:    2621016 kB
Buffers:            5288 kB
Cached:           314408 kB
SwapCached:       770832 kB
Active:          3376308 kB
Inactive:        1232460 kB
Active(anon):    3267276 kB
Inactive(anon):  1076216 kB
Active(file):     109032 kB
Inactive(file):   156244 kB
Unevictable:          16 kB
Mlocked:              16 kB
SwapTotal:       4194300 kB
SwapFree:        3285960 kB
Zswap:                 0 kB
Zswapped:              0 kB
Dirty:               624 kB
Writeback:           728 kB
AnonPages:       3525352 kB
Mapped:           268280 kB
Shmem:             54452 kB
KReclaimable:      57076 kB
Slab:             284392 kB
SReclaimable:      57076 kB
SUnreclaim:       227316 kB
KernelStack:       18304 kB
PageTables:        51304 kB
SecPageTables:         0 kB
NFS_Unstable:          0 kB
Bounce:                0 kB
WritebackTmp:          0 kB
CommitLimit:     8258920 kB
Committed_AS:   11409172 kB
VmallocTotal:   34359738367 kB
VmallocUsed:       46552 kB
VmallocChunk:          0 kB
Percpu:            13280 kB
HardwareCorrupted:     0 kB
AnonHugePages:   2031616 kB
ShmemHugePages:        0 kB
ShmemPmdMapped:        0 kB
FileHugePages:         0 kB
FilePmdMapped:         0 kB
CmaTotal:              0 kB
CmaFree:               0 kB
Unaccepted:            0 kB
Balloon:               0 kB
HugePages_Total:       0
HugePages_Free:        0
HugePages_Rsvd:        0
HugePages_Surp:        0
Hugepagesize:       2048 kB
Hugetlb:               0 kB
DirectMap4k:      194432 kB
DirectMap2M:     6096896 kB
DirectMap1G:     4194304 kB
---SNAPSHOT---
2026-04-27 15:14:04
MemTotal:        8129240 kB
MemFree:         3811028 kB
MemAvailable:    3544668 kB
Buffers:            5288 kB
Cached:           314416 kB
SwapCached:       811464 kB
Active:          2387056 kB
Inactive:        1273260 kB
Active(anon):    2278024 kB
Inactive(anon):  1117008 kB
Active(file):     109032 kB
Inactive(file):   156252 kB
Unevictable:          16 kB
Mlocked:              16 kB
SwapTotal:       4194300 kB
SwapFree:        3245140 kB
Zswap:                 0 kB
Zswapped:              0 kB
Dirty:               188 kB
Writeback:           440 kB
AnonPages:       2536124 kB
Mapped:           268280 kB
Shmem:             54452 kB
KReclaimable:      57076 kB
Slab:             284392 kB
SReclaimable:      57076 kB
SUnreclaim:       227316 kB
KernelStack:       18336 kB
PageTables:        49104 kB
SecPageTables:         0 kB
NFS_Unstable:          0 kB
Bounce:                0 kB
WritebackTmp:          0 kB
CommitLimit:     8258920 kB
Committed_AS:   11408944 kB
VmallocTotal:   34359738367 kB
VmallocUsed:       46552 kB
VmallocChunk:          0 kB
Percpu:            13280 kB
HardwareCorrupted:     0 kB
AnonHugePages:   1044480 kB
ShmemHugePages:        0 kB
ShmemPmdMapped:        0 kB
FileHugePages:         0 kB
FilePmdMapped:         0 kB
CmaTotal:              0 kB
CmaFree:               0 kB
Unaccepted:            0 kB
Balloon:               0 kB
HugePages_Total:       0
HugePages_Free:        0
HugePages_Rsvd:        0
HugePages_Surp:        0
Hugepagesize:       2048 kB
Hugetlb:               0 kB
DirectMap4k:      194432 kB
DirectMap2M:     6096896 kB
DirectMap1G:     4194304 kB
---SNAPSHOT---
2026-04-27 15:14:05
MemTotal:        8129240 kB
MemFree:         3881848 kB
MemAvailable:    3615488 kB
Buffers:            5288 kB
Cached:           314420 kB
SwapCached:       476592 kB
Active:          2675512 kB
Inactive:         921196 kB
Active(anon):    2566480 kB
Inactive(anon):   764944 kB
Active(file):     109032 kB
Inactive(file):   156252 kB
Unevictable:          16 kB
Mlocked:              16 kB
SwapTotal:       4194300 kB
SwapFree:        3580224 kB
Zswap:                 0 kB
Zswapped:              0 kB
Dirty:               192 kB
Writeback:         17940 kB
AnonPages:       2805568 kB
Mapped:           268280 kB
Shmem:             54452 kB
KReclaimable:      57076 kB
Slab:             285336 kB
SReclaimable:      57076 kB
SUnreclaim:       228260 kB
KernelStack:       18336 kB
PageTables:        49456 kB
SecPageTables:         0 kB
NFS_Unstable:          0 kB
Bounce:                0 kB
WritebackTmp:          0 kB
CommitLimit:     8258920 kB
Committed_AS:   11409776 kB
VmallocTotal:   34359738367 kB
VmallocUsed:       46552 kB
VmallocChunk:          0 kB
Percpu:            13280 kB
HardwareCorrupted:     0 kB
AnonHugePages:   1316864 kB
ShmemHugePages:        0 kB
ShmemPmdMapped:        0 kB
FileHugePages:         0 kB
FilePmdMapped:         0 kB
CmaTotal:              0 kB
CmaFree:               0 kB
Unaccepted:            0 kB
Balloon:               0 kB
HugePages_Total:       0
HugePages_Free:        0
HugePages_Rsvd:        0
HugePages_Surp:        0
Hugepagesize:       2048 kB
Hugetlb:               0 kB
DirectMap4k:      194432 kB
DirectMap2M:     6096896 kB
DirectMap1G:     4194304 kB
---SNAPSHOT---
2026-04-27 15:14:06
MemTotal:        8129240 kB
MemFree:         3727520 kB
MemAvailable:    3461164 kB
Buffers:            5288 kB
Cached:           314428 kB
SwapCached:       483612 kB
Active:          2815548 kB
Inactive:         926944 kB
Active(anon):    2706516 kB
Inactive(anon):   770680 kB
Active(file):     109032 kB
Inactive(file):   156264 kB
Unevictable:          16 kB
Mlocked:              16 kB
SwapTotal:       4194300 kB
SwapFree:        3573180 kB
Zswap:                 0 kB
Zswapped:              0 kB
Dirty:               200 kB
Writeback:         19460 kB
AnonPages:       2944400 kB
Mapped:           268280 kB
Shmem:             54452 kB
KReclaimable:      57076 kB
Slab:             285600 kB
SReclaimable:      57076 kB
SUnreclaim:       228524 kB
KernelStack:       18336 kB
PageTables:        49644 kB
SecPageTables:         0 kB
NFS_Unstable:          0 kB
Bounce:                0 kB
WritebackTmp:          0 kB
CommitLimit:     8258920 kB
Committed_AS:   11409552 kB
VmallocTotal:   34359738367 kB
VmallocUsed:       46552 kB
VmallocChunk:          0 kB
Percpu:            13280 kB
HardwareCorrupted:     0 kB
AnonHugePages:   1454080 kB
ShmemHugePages:        0 kB
ShmemPmdMapped:        0 kB
FileHugePages:         0 kB
FilePmdMapped:         0 kB
CmaTotal:              0 kB
CmaFree:               0 kB
Unaccepted:            0 kB
Balloon:               0 kB
HugePages_Total:       0
HugePages_Free:        0
HugePages_Rsvd:        0
HugePages_Surp:        0
Hugepagesize:       2048 kB
Hugetlb:               0 kB
DirectMap4k:      194432 kB
DirectMap2M:     6096896 kB
DirectMap1G:     4194304 kB
---SNAPSHOT---
2026-04-27 15:14:07
MemTotal:        8129240 kB
MemFree:         3583656 kB
MemAvailable:    3317300 kB
Buffers:            5288 kB
Cached:           314432 kB
SwapCached:       483612 kB
Active:          2967092 kB
Inactive:         928928 kB
Active(anon):    2858060 kB
Inactive(anon):   772664 kB
Active(file):     109032 kB
Inactive(file):   156264 kB
Unevictable:          16 kB
Mlocked:              16 kB
SwapTotal:       4194300 kB
SwapFree:        3573180 kB
Zswap:                 0 kB
Zswapped:              0 kB
Dirty:               204 kB
Writeback:         17412 kB
AnonPages:       3097704 kB
Mapped:           268280 kB
Shmem:             54452 kB
KReclaimable:      57076 kB
Slab:             285472 kB
SReclaimable:      57076 kB
SUnreclaim:       228396 kB
KernelStack:       18288 kB
PageTables:        49808 kB
SecPageTables:         0 kB
NFS_Unstable:          0 kB
Bounce:                0 kB
WritebackTmp:          0 kB
CommitLimit:     8258920 kB
Committed_AS:   11408928 kB
VmallocTotal:   34359738367 kB
VmallocUsed:       46552 kB
VmallocChunk:          0 kB
Percpu:            13280 kB
HardwareCorrupted:     0 kB
AnonHugePages:   1607680 kB
ShmemHugePages:        0 kB
ShmemPmdMapped:        0 kB
FileHugePages:         0 kB
FilePmdMapped:         0 kB
CmaTotal:              0 kB
CmaFree:               0 kB
Unaccepted:            0 kB
Balloon:               0 kB
HugePages_Total:       0
HugePages_Free:        0
HugePages_Rsvd:        0
HugePages_Surp:        0
Hugepagesize:       2048 kB
Hugetlb:               0 kB
DirectMap4k:      194432 kB
DirectMap2M:     6096896 kB
DirectMap1G:     4194304 kB
---SNAPSHOT---
2026-04-27 15:14:09
MemTotal:        8129240 kB
MemFree:         3571560 kB
MemAvailable:    3305212 kB
Buffers:            5300 kB
Cached:           314432 kB
SwapCached:       498976 kB
Active:          2919560 kB
Inactive:         946364 kB
Active(anon):    2810528 kB
Inactive(anon):   790084 kB
Active(file):     109032 kB
Inactive(file):   156280 kB
Unevictable:          16 kB
Mlocked:              16 kB
SwapTotal:       4194300 kB
SwapFree:        3557816 kB
Zswap:                 0 kB
Zswapped:              0 kB
Dirty:               212 kB
Writeback:         15424 kB
AnonPages:       3053644 kB
Mapped:           268380 kB
Shmem:             54452 kB
KReclaimable:      57076 kB
Slab:             285384 kB
SReclaimable:      57076 kB
SUnreclaim:       228308 kB
KernelStack:       18304 kB
PageTables:        49564 kB
SecPageTables:         0 kB
NFS_Unstable:          0 kB
Bounce:                0 kB
WritebackTmp:          0 kB
CommitLimit:     8258920 kB
Committed_AS:   11409688 kB
VmallocTotal:   34359738367 kB
VmallocUsed:       46536 kB
VmallocChunk:          0 kB
Percpu:            13280 kB
HardwareCorrupted:     0 kB
AnonHugePages:   1497088 kB
ShmemHugePages:        0 kB
ShmemPmdMapped:        0 kB
FileHugePages:         0 kB
FilePmdMapped:         0 kB
CmaTotal:              0 kB
CmaFree:               0 kB
Unaccepted:            0 kB
Balloon:               0 kB
HugePages_Total:       0
HugePages_Free:        0
HugePages_Rsvd:        0
HugePages_Surp:        0
Hugepagesize:       2048 kB
Hugetlb:               0 kB
DirectMap4k:      194432 kB
DirectMap2M:     6096896 kB
DirectMap1G:     4194304 kB
---SNAPSHOT---
2026-04-27 15:14:10
MemTotal:        8129240 kB
MemFree:         3699420 kB
MemAvailable:    3433080 kB
Buffers:            5300 kB
Cached:           314448 kB
SwapCached:       498976 kB
Active:          2768828 kB
Inactive:         949920 kB
Active(anon):    2659796 kB
Inactive(anon):   793628 kB
Active(file):     109032 kB
Inactive(file):   156292 kB
Unevictable:          16 kB
Mlocked:              16 kB
SwapTotal:       4194300 kB
SwapFree:        3557816 kB
Zswap:                 0 kB
Zswapped:              0 kB
Dirty:               220 kB
Writeback:         11784 kB
AnonPages:       2907048 kB
Mapped:           268280 kB
Shmem:             54452 kB
KReclaimable:      57076 kB
Slab:             285112 kB
SReclaimable:      57076 kB
SUnreclaim:       228036 kB
KernelStack:       18320 kB
PageTables:        49644 kB
SecPageTables:         0 kB
NFS_Unstable:          0 kB
Bounce:                0 kB
WritebackTmp:          0 kB
CommitLimit:     8258920 kB
Committed_AS:   11409332 kB
VmallocTotal:   34359738367 kB
VmallocUsed:       46568 kB
VmallocChunk:          0 kB
Percpu:            13280 kB
HardwareCorrupted:     0 kB
AnonHugePages:   1118208 kB
ShmemHugePages:        0 kB
ShmemPmdMapped:        0 kB
FileHugePages:         0 kB
FilePmdMapped:         0 kB
CmaTotal:              0 kB
CmaFree:               0 kB
Unaccepted:            0 kB
Balloon:               0 kB
HugePages_Total:       0
HugePages_Free:        0
HugePages_Rsvd:        0
HugePages_Surp:        0
Hugepagesize:       2048 kB
Hugetlb:               0 kB
DirectMap4k:      194432 kB
DirectMap2M:     6096896 kB
DirectMap1G:     4194304 kB
---SNAPSHOT---
2026-04-27 15:14:11
MemTotal:        8129240 kB
MemFree:         3231228 kB
MemAvailable:    2964888 kB
Buffers:            5300 kB
Cached:           314448 kB
SwapCached:       498976 kB
Active:          3266624 kB
Inactive:         956120 kB
Active(anon):    3157592 kB
Inactive(anon):   799828 kB
Active(file):     109032 kB
Inactive(file):   156292 kB
Unevictable:          16 kB
Mlocked:              16 kB
SwapTotal:       4194300 kB
SwapFree:        3557816 kB
Zswap:                 0 kB
Zswapped:              0 kB
Dirty:               220 kB
Writeback:          5860 kB
AnonPages:       3410712 kB
Mapped:           268284 kB
Shmem:             54452 kB
KReclaimable:      57076 kB
Slab:             284752 kB
SReclaimable:      57076 kB
SUnreclaim:       227676 kB
KernelStack:       18384 kB
PageTables:        50592 kB
SecPageTables:         0 kB
NFS_Unstable:          0 kB
Bounce:                0 kB
WritebackTmp:          0 kB
CommitLimit:     8258920 kB
Committed_AS:   11409028 kB
VmallocTotal:   34359738367 kB
VmallocUsed:       46536 kB
VmallocChunk:          0 kB
Percpu:            13280 kB
HardwareCorrupted:     0 kB
AnonHugePages:   1388544 kB
ShmemHugePages:        0 kB
ShmemPmdMapped:        0 kB
FileHugePages:         0 kB
FilePmdMapped:         0 kB
CmaTotal:              0 kB
CmaFree:               0 kB
Unaccepted:            0 kB
Balloon:               0 kB
HugePages_Total:       0
HugePages_Free:        0
HugePages_Rsvd:        0
HugePages_Surp:        0
Hugepagesize:       2048 kB
Hugetlb:               0 kB
DirectMap4k:      194432 kB
DirectMap2M:     6096896 kB
DirectMap1G:     4194304 kB
---SNAPSHOT---
2026-04-27 15:14:12
MemTotal:        8129240 kB
MemFree:         3403344 kB
MemAvailable:    3137012 kB
Buffers:            5300 kB
Cached:           314460 kB
SwapCached:       498976 kB
Active:          3127920 kB
Inactive:         956688 kB
Active(anon):    3018888 kB
Inactive(anon):   800380 kB
Active(file):     109032 kB
Inactive(file):   156308 kB
Unevictable:          16 kB
Mlocked:              16 kB
SwapTotal:       4194300 kB
SwapFree:        3557816 kB
Zswap:                 0 kB
Zswapped:              0 kB
Dirty:               232 kB
Writeback:          5128 kB
AnonPages:       3272348 kB
Mapped:           268280 kB
Shmem:             54452 kB
KReclaimable:      57076 kB
Slab:             284680 kB
SReclaimable:      57076 kB
SUnreclaim:       227604 kB
KernelStack:       18380 kB
PageTables:        50308 kB
SecPageTables:         0 kB
NFS_Unstable:          0 kB
Bounce:                0 kB
WritebackTmp:          0 kB
CommitLimit:     8258920 kB
Committed_AS:   11409552 kB
VmallocTotal:   34359738367 kB
VmallocUsed:       46584 kB
VmallocChunk:          0 kB
Percpu:            13280 kB
HardwareCorrupted:     0 kB
AnonHugePages:   1781760 kB
ShmemHugePages:        0 kB
ShmemPmdMapped:        0 kB
FileHugePages:         0 kB
FilePmdMapped:         0 kB
CmaTotal:              0 kB
CmaFree:               0 kB
Unaccepted:            0 kB
Balloon:               0 kB
HugePages_Total:       0
HugePages_Free:        0
HugePages_Rsvd:        0
HugePages_Surp:        0
Hugepagesize:       2048 kB
Hugetlb:               0 kB
DirectMap4k:      194432 kB
DirectMap2M:     6096896 kB
DirectMap1G:     4194304 kB
---SNAPSHOT---
2026-04-27 15:14:13
MemTotal:        8129240 kB
MemFree:         3524680 kB
MemAvailable:    3258348 kB
Buffers:            5300 kB
Cached:           314464 kB
SwapCached:       498976 kB
Active:          3013784 kB
Inactive:         958196 kB
Active(anon):    2904752 kB
Inactive(anon):   801884 kB
Active(file):     109032 kB
Inactive(file):   156312 kB
Unevictable:          16 kB
Mlocked:              16 kB
SwapTotal:       4194300 kB
SwapFree:        3557816 kB
Zswap:                 0 kB
Zswapped:              0 kB
Dirty:               236 kB
Writeback:          3592 kB
AnonPages:       3159704 kB
Mapped:           268508 kB
Shmem:             54452 kB
KReclaimable:      57076 kB
Slab:             284584 kB
SReclaimable:      57076 kB
SUnreclaim:       227508 kB
KernelStack:       18380 kB
PageTables:        50120 kB
SecPageTables:         0 kB
NFS_Unstable:          0 kB
Bounce:                0 kB
WritebackTmp:          0 kB
CommitLimit:     8258920 kB
Committed_AS:   11409688 kB
VmallocTotal:   34359738367 kB
VmallocUsed:       46632 kB
VmallocChunk:          0 kB
Percpu:            13280 kB
HardwareCorrupted:     0 kB
AnonHugePages:   1669120 kB
ShmemHugePages:        0 kB
ShmemPmdMapped:        0 kB
FileHugePages:         0 kB
FilePmdMapped:         0 kB
CmaTotal:              0 kB
CmaFree:               0 kB
Unaccepted:            0 kB
Balloon:               0 kB
HugePages_Total:       0
HugePages_Free:        0
HugePages_Rsvd:        0
HugePages_Surp:        0
Hugepagesize:       2048 kB
Hugetlb:               0 kB
DirectMap4k:      194432 kB
DirectMap2M:     6096896 kB
DirectMap1G:     4194304 kB
---SNAPSHOT---
2026-04-27 15:14:14
MemTotal:        8129240 kB
MemFree:         3143500 kB
MemAvailable:    2877172 kB
Buffers:            5300 kB
Cached:           314468 kB
SwapCached:       498976 kB
Active:          3398844 kB
Inactive:         960264 kB
Active(anon):    3289812 kB
Inactive(anon):   803948 kB
Active(file):     109032 kB
Inactive(file):   156316 kB
Unevictable:          16 kB
Mlocked:              16 kB
SwapTotal:       4194300 kB
SwapFree:        3557816 kB
Zswap:                 0 kB
Zswapped:              0 kB
Dirty:               240 kB
Writeback:          1544 kB
AnonPages:       3547012 kB
Mapped:           268280 kB
Shmem:             54452 kB
KReclaimable:      57076 kB
Slab:             284456 kB
SReclaimable:      57076 kB
SUnreclaim:       227380 kB
KernelStack:       18380 kB
PageTables:        50712 kB
SecPageTables:         0 kB
NFS_Unstable:          0 kB
Bounce:                0 kB
WritebackTmp:          0 kB
CommitLimit:     8258920 kB
Committed_AS:   11409420 kB
VmallocTotal:   34359738367 kB
VmallocUsed:       46584 kB
VmallocChunk:          0 kB
Percpu:            13280 kB
HardwareCorrupted:     0 kB
AnonHugePages:   2056192 kB
ShmemHugePages:        0 kB
ShmemPmdMapped:        0 kB
FileHugePages:         0 kB
FilePmdMapped:         0 kB
CmaTotal:              0 kB
CmaFree:               0 kB
Unaccepted:            0 kB
Balloon:               0 kB
HugePages_Total:       0
HugePages_Free:        0
HugePages_Rsvd:        0
HugePages_Surp:        0
Hugepagesize:       2048 kB
Hugetlb:               0 kB
DirectMap4k:      194432 kB
DirectMap2M:     6096896 kB
DirectMap1G:     4194304 kB
---SNAPSHOT---
2026-04-27 15:14:15
MemTotal:        8129240 kB
MemFree:         3368300 kB
MemAvailable:    3101972 kB
Buffers:            5300 kB
Cached:           314476 kB
SwapCached:       498976 kB
Active:          3139916 kB
Inactive:         960300 kB
Active(anon):    3030884 kB
Inactive(anon):   803980 kB
Active(file):     109032 kB
Inactive(file):   156320 kB
Unevictable:          16 kB
Mlocked:              16 kB
SwapTotal:       4194300 kB
SwapFree:        3557816 kB
Zswap:                 0 kB
Zswapped:              0 kB
Dirty:               248 kB
Writeback:          1544 kB
AnonPages:       3288176 kB
Mapped:           268360 kB
Shmem:             54452 kB
KReclaimable:      57076 kB
Slab:             284456 kB
SReclaimable:      57076 kB
SUnreclaim:       227380 kB
KernelStack:       18272 kB
PageTables:        50396 kB
SecPageTables:         0 kB
NFS_Unstable:          0 kB
Bounce:                0 kB
WritebackTmp:          0 kB
CommitLimit:     8258920 kB
Committed_AS:   11409776 kB
VmallocTotal:   34359738367 kB
VmallocUsed:       46536 kB
VmallocChunk:          0 kB
Percpu:            13280 kB
HardwareCorrupted:     0 kB
AnonHugePages:   1796096 kB
ShmemHugePages:        0 kB
ShmemPmdMapped:        0 kB
FileHugePages:         0 kB
FilePmdMapped:         0 kB
CmaTotal:              0 kB
CmaFree:               0 kB
Unaccepted:            0 kB
Balloon:               0 kB
HugePages_Total:       0
HugePages_Free:        0
HugePages_Rsvd:        0
HugePages_Surp:        0
Hugepagesize:       2048 kB
Hugetlb:               0 kB
DirectMap4k:      194432 kB
DirectMap2M:     6096896 kB
DirectMap1G:     4194304 kB
---SNAPSHOT---
2026-04-27 15:14:16
MemTotal:        8129240 kB
MemFree:         3128636 kB
MemAvailable:    2862312 kB
Buffers:            5300 kB
Cached:           314480 kB
SwapCached:       498976 kB
Active:          3412476 kB
Inactive:         960304 kB
Active(anon):    3303444 kB
Inactive(anon):   803980 kB
Active(file):     109032 kB
Inactive(file):   156324 kB
Unevictable:          16 kB
Mlocked:              16 kB
SwapTotal:       4194300 kB
SwapFree:        3557816 kB
Zswap:                 0 kB
Zswapped:              0 kB
Dirty:               252 kB
Writeback:          1544 kB
AnonPages:       3560836 kB
Mapped:           268280 kB
Shmem:             54452 kB
KReclaimable:      57076 kB
Slab:             284456 kB
SReclaimable:      57076 kB
SUnreclaim:       227380 kB
KernelStack:       18320 kB
PageTables:        50712 kB
SecPageTables:         0 kB
NFS_Unstable:          0 kB
Bounce:                0 kB
WritebackTmp:          0 kB
CommitLimit:     8258920 kB
Committed_AS:   11409624 kB
VmallocTotal:   34359738367 kB
VmallocUsed:       46552 kB
VmallocChunk:          0 kB
Percpu:            13280 kB
HardwareCorrupted:     0 kB
AnonHugePages:   2068480 kB
ShmemHugePages:        0 kB
ShmemPmdMapped:        0 kB
FileHugePages:         0 kB
FilePmdMapped:         0 kB
CmaTotal:              0 kB
CmaFree:               0 kB
Unaccepted:            0 kB
Balloon:               0 kB
HugePages_Total:       0
HugePages_Free:        0
HugePages_Rsvd:        0
HugePages_Surp:        0
Hugepagesize:       2048 kB
Hugetlb:               0 kB
DirectMap4k:      194432 kB
DirectMap2M:     6096896 kB
DirectMap1G:     4194304 kB
---SNAPSHOT---
2026-04-27 15:14:17
MemTotal:        8129240 kB
MemFree:         3316824 kB
MemAvailable:    3050500 kB
Buffers:            5300 kB
Cached:           314484 kB
SwapCached:       498976 kB
Active:          3222592 kB
Inactive:         960308 kB
Active(anon):    3113560 kB
Inactive(anon):   803980 kB
Active(file):     109032 kB
Inactive(file):   156328 kB
Unevictable:          16 kB
Mlocked:              16 kB
SwapTotal:       4194300 kB
SwapFree:        3557816 kB
Zswap:                 0 kB
Zswapped:              0 kB
Dirty:               256 kB
Writeback:          1544 kB
AnonPages:       3370912 kB
Mapped:           268280 kB
Shmem:             54452 kB
KReclaimable:      57076 kB
Slab:             284456 kB
SReclaimable:      57076 kB
SUnreclaim:       227380 kB
KernelStack:       18332 kB
PageTables:        51212 kB
SecPageTables:         0 kB
NFS_Unstable:          0 kB
Bounce:                0 kB
WritebackTmp:          0 kB
CommitLimit:     8258920 kB
Committed_AS:   11409024 kB
VmallocTotal:   34359738367 kB
VmallocUsed:       46536 kB
VmallocChunk:          0 kB
Percpu:            13280 kB
HardwareCorrupted:     0 kB
AnonHugePages:   1880064 kB
ShmemHugePages:        0 kB
ShmemPmdMapped:        0 kB
FileHugePages:         0 kB
FilePmdMapped:         0 kB
CmaTotal:              0 kB
CmaFree:               0 kB
Unaccepted:            0 kB
Balloon:               0 kB
HugePages_Total:       0
HugePages_Free:        0
HugePages_Rsvd:        0
HugePages_Surp:        0
Hugepagesize:       2048 kB
Hugetlb:               0 kB
DirectMap4k:      194432 kB
DirectMap2M:     6096896 kB
DirectMap1G:     4194304 kB
---SNAPSHOT---
2026-04-27 15:14:18
MemTotal:        8129240 kB
MemFree:         3414876 kB
MemAvailable:    3148560 kB
Buffers:            5300 kB
Cached:           314500 kB
SwapCached:       498976 kB
Active:          3119712 kB
Inactive:         960816 kB
Active(anon):    3010680 kB
Inactive(anon):   804476 kB
Active(file):     109032 kB
Inactive(file):   156340 kB
Unevictable:          16 kB
Mlocked:              16 kB
SwapTotal:       4194300 kB
SwapFree:        3557816 kB
Zswap:                 0 kB
Zswapped:              0 kB
Dirty:               272 kB
Writeback:           520 kB
AnonPages:       3268472 kB
Mapped:           268508 kB
Shmem:             54452 kB
KReclaimable:      57076 kB
Slab:             284392 kB
SReclaimable:      57076 kB
SUnreclaim:       227316 kB
KernelStack:       18320 kB
PageTables:        50372 kB
SecPageTables:         0 kB
NFS_Unstable:          0 kB
Bounce:                0 kB
WritebackTmp:          0 kB
CommitLimit:     8258920 kB
Committed_AS:   11409156 kB
VmallocTotal:   34359738367 kB
VmallocUsed:       46536 kB
VmallocChunk:          0 kB
Percpu:            13280 kB
HardwareCorrupted:     0 kB
AnonHugePages:   1777664 kB
ShmemHugePages:        0 kB
ShmemPmdMapped:        0 kB
FileHugePages:         0 kB
FilePmdMapped:         0 kB
CmaTotal:              0 kB
CmaFree:               0 kB
Unaccepted:            0 kB
Balloon:               0 kB
HugePages_Total:       0
HugePages_Free:        0
HugePages_Rsvd:        0
HugePages_Surp:        0
Hugepagesize:       2048 kB
Hugetlb:               0 kB
DirectMap4k:      194432 kB
DirectMap2M:     6096896 kB
DirectMap1G:     4194304 kB
---SNAPSHOT---
2026-04-27 15:14:19
MemTotal:        8129240 kB
MemFree:         3353184 kB
MemAvailable:    3086880 kB
Buffers:            5320 kB
Cached:           314500 kB
SwapCached:       499056 kB
Active:          3182856 kB
Inactive:         960856 kB
Active(anon):    3073824 kB
Inactive(anon):   804492 kB
Active(file):     109032 kB
Inactive(file):   156364 kB
Unevictable:          16 kB
Mlocked:              16 kB
SwapTotal:       4194300 kB
SwapFree:        3557736 kB
Zswap:                 0 kB
Zswapped:              0 kB
Dirty:                52 kB
Writeback:           324 kB
AnonPages:       3331548 kB
Mapped:           268380 kB
Shmem:             54452 kB
KReclaimable:      57076 kB
Slab:             284392 kB
SReclaimable:      57076 kB
SUnreclaim:       227316 kB
KernelStack:       18304 kB
PageTables:        49916 kB
SecPageTables:         0 kB
NFS_Unstable:          0 kB
Bounce:                0 kB
WritebackTmp:          0 kB
CommitLimit:     8258920 kB
Committed_AS:   11409660 kB
VmallocTotal:   34359738367 kB
VmallocUsed:       46536 kB
VmallocChunk:          0 kB
Percpu:            13280 kB
HardwareCorrupted:     0 kB
AnonHugePages:   1841152 kB
ShmemHugePages:        0 kB
ShmemPmdMapped:        0 kB
FileHugePages:         0 kB
FilePmdMapped:         0 kB
CmaTotal:              0 kB
CmaFree:               0 kB
Unaccepted:            0 kB
Balloon:               0 kB
HugePages_Total:       0
HugePages_Free:        0
HugePages_Rsvd:        0
HugePages_Surp:        0
Hugepagesize:       2048 kB
Hugetlb:               0 kB
DirectMap4k:      194432 kB
DirectMap2M:     6096896 kB
DirectMap1G:     4194304 kB
---SNAPSHOT---
2026-04-27 15:14:20
MemTotal:        8129240 kB
MemFree:         3473620 kB
MemAvailable:    3207332 kB
Buffers:            5320 kB
Cached:           314528 kB
SwapCached:       526900 kB
Active:          3033896 kB
Inactive:         986816 kB
Active(anon):    2924864 kB
Inactive(anon):   830420 kB
Active(file):     109032 kB
Inactive(file):   156396 kB
Unevictable:          16 kB
Mlocked:              16 kB
SwapTotal:       4194300 kB
SwapFree:        3529852 kB
Zswap:                 0 kB
Zswapped:              0 kB
Dirty:                28 kB
Writeback:           192 kB
AnonPages:       3181488 kB
Mapped:           268280 kB
Shmem:             54452 kB
KReclaimable:      57076 kB
Slab:             284376 kB
SReclaimable:      57076 kB
SUnreclaim:       227300 kB
KernelStack:       18320 kB
PageTables:        50800 kB
SecPageTables:         0 kB
NFS_Unstable:          0 kB
Bounce:                0 kB
WritebackTmp:          0 kB
CommitLimit:     8258920 kB
Committed_AS:   11409436 kB
VmallocTotal:   34359738367 kB
VmallocUsed:       46536 kB
VmallocChunk:          0 kB
Percpu:            13280 kB
HardwareCorrupted:     0 kB
AnonHugePages:   1691648 kB
ShmemHugePages:        0 kB
ShmemPmdMapped:        0 kB
FileHugePages:         0 kB
FilePmdMapped:         0 kB
CmaTotal:              0 kB
CmaFree:               0 kB
Unaccepted:            0 kB
Balloon:               0 kB
HugePages_Total:       0
HugePages_Free:        0
HugePages_Rsvd:        0
HugePages_Surp:        0
Hugepagesize:       2048 kB
Hugetlb:               0 kB
DirectMap4k:      194432 kB
DirectMap2M:     6096896 kB
DirectMap1G:     4194304 kB
---SNAPSHOT---
2026-04-27 15:14:21
MemTotal:        8129240 kB
MemFree:         3018892 kB
MemAvailable:    2752604 kB
Buffers:            5320 kB
Cached:           314532 kB
SwapCached:       640448 kB
Active:          3381460 kB
Inactive:        1101540 kB
Active(anon):    3272428 kB
Inactive(anon):   945144 kB
Active(file):     109032 kB
Inactive(file):   156396 kB
Unevictable:          16 kB
Mlocked:              16 kB
SwapTotal:       4194300 kB
SwapFree:        3416344 kB
Zswap:                 0 kB
Zswapped:              0 kB
Dirty:                36 kB
Writeback:           652 kB
AnonPages:       3529912 kB
Mapped:           268280 kB
Shmem:             54452 kB
KReclaimable:      57076 kB
Slab:             284360 kB
SReclaimable:      57076 kB
SUnreclaim:       227284 kB
KernelStack:       18320 kB
PageTables:        51264 kB
SecPageTables:         0 kB
NFS_Unstable:          0 kB
Bounce:                0 kB
WritebackTmp:          0 kB
CommitLimit:     8258920 kB
Committed_AS:   11409100 kB
VmallocTotal:   34359738367 kB
VmallocUsed:       46552 kB
VmallocChunk:          0 kB
Percpu:            13280 kB
HardwareCorrupted:     0 kB
AnonHugePages:   2037760 kB
ShmemHugePages:        0 kB
ShmemPmdMapped:        0 kB
FileHugePages:         0 kB
FilePmdMapped:         0 kB
CmaTotal:              0 kB
CmaFree:               0 kB
Unaccepted:            0 kB
Balloon:               0 kB
HugePages_Total:       0
HugePages_Free:        0
HugePages_Rsvd:        0
HugePages_Surp:        0
Hugepagesize:       2048 kB
Hugetlb:               0 kB
DirectMap4k:      194432 kB
DirectMap2M:     6096896 kB
DirectMap1G:     4194304 kB
---SNAPSHOT---
2026-04-27 15:14:22
MemTotal:        8129240 kB
MemFree:         3354284 kB
MemAvailable:    3087996 kB
Buffers:            5320 kB
Cached:           314540 kB
SwapCached:       642944 kB
Active:          3002868 kB
Inactive:        1103624 kB
Active(anon):    2893836 kB
Inactive(anon):   947224 kB
Active(file):     109032 kB
Inactive(file):   156400 kB
Unevictable:          16 kB
Mlocked:              16 kB
SwapTotal:       4194300 kB
SwapFree:        3413848 kB
Zswap:                 0 kB
Zswapped:              0 kB
Dirty:                44 kB
Writeback:           608 kB
AnonPages:       3150972 kB
Mapped:           268280 kB
Shmem:             54452 kB
KReclaimable:      57076 kB
Slab:             284360 kB
SReclaimable:      57076 kB
SUnreclaim:       227284 kB
KernelStack:       18320 kB
PageTables:        50164 kB
SecPageTables:         0 kB
NFS_Unstable:          0 kB
Bounce:                0 kB
WritebackTmp:          0 kB
CommitLimit:     8258920 kB
Committed_AS:   11409660 kB
VmallocTotal:   34359738367 kB
VmallocUsed:       46552 kB
VmallocChunk:          0 kB
Percpu:            13280 kB
HardwareCorrupted:     0 kB
AnonHugePages:   1658880 kB
ShmemHugePages:        0 kB
ShmemPmdMapped:        0 kB
FileHugePages:         0 kB
FilePmdMapped:         0 kB
CmaTotal:              0 kB
CmaFree:               0 kB
Unaccepted:            0 kB
Balloon:               0 kB
HugePages_Total:       0
HugePages_Free:        0
HugePages_Rsvd:        0
HugePages_Surp:        0
Hugepagesize:       2048 kB
Hugetlb:               0 kB
DirectMap4k:      194432 kB
DirectMap2M:     6096896 kB
DirectMap1G:     4194304 kB
---SNAPSHOT---
2026-04-27 15:14:23
MemTotal:        8129240 kB
MemFree:         3141016 kB
MemAvailable:    2874732 kB
Buffers:            5320 kB
Cached:           314544 kB
SwapCached:       757136 kB
Active:          3140128 kB
Inactive:        1218188 kB
Active(anon):    3031096 kB
Inactive(anon):  1061780 kB
Active(file):     109032 kB
Inactive(file):   156408 kB
Unevictable:          16 kB
Mlocked:              16 kB
SwapTotal:       4194300 kB
SwapFree:        3299492 kB
Zswap:                 0 kB
Zswapped:              0 kB
Dirty:                48 kB
Writeback:           260 kB
AnonPages:       3288612 kB
Mapped:           268280 kB
Shmem:             54452 kB
KReclaimable:      57076 kB
Slab:             284384 kB
SReclaimable:      57076 kB
SUnreclaim:       227308 kB
KernelStack:       18320 kB
PageTables:        50612 kB
SecPageTables:         0 kB
NFS_Unstable:          0 kB
Bounce:                0 kB
WritebackTmp:          0 kB
CommitLimit:     8258920 kB
Committed_AS:   11409660 kB
VmallocTotal:   34359738367 kB
VmallocUsed:       46552 kB
VmallocChunk:          0 kB
Percpu:            13280 kB
HardwareCorrupted:     0 kB
AnonHugePages:   1796096 kB
ShmemHugePages:        0 kB
ShmemPmdMapped:        0 kB
FileHugePages:         0 kB
FilePmdMapped:         0 kB
CmaTotal:              0 kB
CmaFree:               0 kB
Unaccepted:            0 kB
Balloon:               0 kB
HugePages_Total:       0
HugePages_Free:        0
HugePages_Rsvd:        0
HugePages_Surp:        0
Hugepagesize:       2048 kB
Hugetlb:               0 kB
DirectMap4k:      194432 kB
DirectMap2M:     6096896 kB
DirectMap1G:     4194304 kB
---SNAPSHOT---
2026-04-27 15:14:24
MemTotal:        8129240 kB
MemFree:         3648308 kB
MemAvailable:    3382032 kB
Buffers:            5328 kB
Cached:           314548 kB
SwapCached:       730428 kB
Active:          2656036 kB
Inactive:        1191740 kB
Active(anon):    2547004 kB
Inactive(anon):  1035316 kB
Active(file):     109032 kB
Inactive(file):   156424 kB
Unevictable:          16 kB
Mlocked:              16 kB
SwapTotal:       4194300 kB
SwapFree:        3326284 kB
Zswap:                 0 kB
Zswapped:              0 kB
Dirty:                84 kB
Writeback:          1684 kB
AnonPages:       2802360 kB
Mapped:           268280 kB
Shmem:             54452 kB
KReclaimable:      57076 kB
Slab:             284576 kB
SReclaimable:      57076 kB
SUnreclaim:       227500 kB
KernelStack:       18320 kB
PageTables:        50364 kB
SecPageTables:         0 kB
NFS_Unstable:          0 kB
Bounce:                0 kB
WritebackTmp:          0 kB
CommitLimit:     8258920 kB
Committed_AS:   11409420 kB
VmallocTotal:   34359738367 kB
VmallocUsed:       46536 kB
VmallocChunk:          0 kB
Percpu:            13280 kB
HardwareCorrupted:     0 kB
AnonHugePages:   1314816 kB
ShmemHugePages:        0 kB
ShmemPmdMapped:        0 kB
FileHugePages:         0 kB
FilePmdMapped:         0 kB
CmaTotal:              0 kB
CmaFree:               0 kB
Unaccepted:            0 kB
Balloon:               0 kB
HugePages_Total:       0
HugePages_Free:        0
HugePages_Rsvd:        0
HugePages_Surp:        0
Hugepagesize:       2048 kB
Hugetlb:               0 kB
DirectMap4k:      194432 kB
DirectMap2M:     6096896 kB
DirectMap1G:     4194304 kB
---SNAPSHOT---
2026-04-27 15:14:25
MemTotal:        8129240 kB
MemFree:         3948376 kB
MemAvailable:    3682104 kB
Buffers:            5328 kB
Cached:           314556 kB
SwapCached:       419612 kB
Active:          2678812 kB
Inactive:         863508 kB
Active(anon):    2569780 kB
Inactive(anon):   707080 kB
Active(file):     109032 kB
Inactive(file):   156428 kB
Unevictable:          16 kB
Mlocked:              16 kB
SwapTotal:       4194300 kB
SwapFree:        3637180 kB
Zswap:                 0 kB
Zswapped:              0 kB
Dirty:                92 kB
Writeback:         19004 kB
AnonPages:       2807812 kB
Mapped:           268508 kB
Shmem:             54452 kB
KReclaimable:      57076 kB
Slab:             285584 kB
SReclaimable:      57076 kB
SUnreclaim:       228508 kB
KernelStack:       18336 kB
PageTables:        49652 kB
SecPageTables:         0 kB
NFS_Unstable:          0 kB
Bounce:                0 kB
WritebackTmp:          0 kB
CommitLimit:     8258920 kB
Committed_AS:   11409420 kB
VmallocTotal:   34359738367 kB
VmallocUsed:       46520 kB
VmallocChunk:          0 kB
Percpu:            13280 kB
HardwareCorrupted:     0 kB
AnonHugePages:   1318912 kB
ShmemHugePages:        0 kB
ShmemPmdMapped:        0 kB
FileHugePages:         0 kB
FilePmdMapped:         0 kB
CmaTotal:              0 kB
CmaFree:               0 kB
Unaccepted:            0 kB
Balloon:               0 kB
HugePages_Total:       0
HugePages_Free:        0
HugePages_Rsvd:        0
HugePages_Surp:        0
Hugepagesize:       2048 kB
Hugetlb:               0 kB
DirectMap4k:      194432 kB
DirectMap2M:     6096896 kB
DirectMap1G:     4194304 kB
---SNAPSHOT---
2026-04-27 15:14:26
MemTotal:        8129240 kB
MemFree:         3349484 kB
MemAvailable:    3083212 kB
Buffers:            5328 kB
Cached:           314560 kB
SwapCached:       434972 kB
Active:          3268088 kB
Inactive:         874176 kB
Active(anon):    3159056 kB
Inactive(anon):   717744 kB
Active(file):     109032 kB
Inactive(file):   156432 kB
Unevictable:          16 kB
Mlocked:              16 kB
SwapTotal:       4194300 kB
SwapFree:        3621820 kB
Zswap:                 0 kB
Zswapped:              0 kB
Dirty:                96 kB
Writeback:         23612 kB
AnonPages:       3392744 kB
Mapped:           268280 kB
Shmem:             54452 kB
KReclaimable:      57076 kB
Slab:             285824 kB
SReclaimable:      57076 kB
SUnreclaim:       228748 kB
KernelStack:       18260 kB
PageTables:        50632 kB
SecPageTables:         0 kB
NFS_Unstable:          0 kB
Bounce:                0 kB
WritebackTmp:          0 kB
CommitLimit:     8258920 kB
Committed_AS:   11409528 kB
VmallocTotal:   34359738367 kB
VmallocUsed:       46600 kB
VmallocChunk:          0 kB
Percpu:            13280 kB
HardwareCorrupted:     0 kB
AnonHugePages:   1902592 kB
ShmemHugePages:        0 kB
ShmemPmdMapped:        0 kB
FileHugePages:         0 kB
FilePmdMapped:         0 kB
CmaTotal:              0 kB
CmaFree:               0 kB
Unaccepted:            0 kB
Balloon:               0 kB
HugePages_Total:       0
HugePages_Free:        0
HugePages_Rsvd:        0
HugePages_Surp:        0
Hugepagesize:       2048 kB
Hugetlb:               0 kB
DirectMap4k:      194432 kB
DirectMap2M:     6096896 kB
DirectMap1G:     4194304 kB
---SNAPSHOT---
2026-04-27 15:14:27
MemTotal:        8129240 kB
MemFree:         3883028 kB
MemAvailable:    3616764 kB
Buffers:            5328 kB
Cached:           314568 kB
SwapCached:       451356 kB
Active:          2658724 kB
Inactive:         889592 kB
Active(anon):    2549692 kB
Inactive(anon):   733148 kB
Active(file):     109032 kB
Inactive(file):   156444 kB
Unevictable:          16 kB
Mlocked:              16 kB
SwapTotal:       4194300 kB
SwapFree:        3605436 kB
Zswap:                 0 kB
Zswapped:              0 kB
Dirty:               104 kB
Writeback:         24580 kB
AnonPages:       2782176 kB
Mapped:           268280 kB
Shmem:             54452 kB
KReclaimable:      57076 kB
Slab:             285824 kB
SReclaimable:      57076 kB
SUnreclaim:       228748 kB
KernelStack:       18380 kB
PageTables:        49092 kB
SecPageTables:         0 kB
NFS_Unstable:          0 kB
Bounce:                0 kB
WritebackTmp:          0 kB
CommitLimit:     8258920 kB
Committed_AS:   11409280 kB
VmallocTotal:   34359738367 kB
VmallocUsed:       46568 kB
VmallocChunk:          0 kB
Percpu:            13280 kB
HardwareCorrupted:     0 kB
AnonHugePages:   1290240 kB
ShmemHugePages:        0 kB
ShmemPmdMapped:        0 kB
FileHugePages:         0 kB
FilePmdMapped:         0 kB
CmaTotal:              0 kB
CmaFree:               0 kB
Unaccepted:            0 kB
Balloon:               0 kB
HugePages_Total:       0
HugePages_Free:        0
HugePages_Rsvd:        0
HugePages_Surp:        0
Hugepagesize:       2048 kB
Hugetlb:               0 kB
DirectMap4k:      194432 kB
DirectMap2M:     6096896 kB
DirectMap1G:     4194304 kB
---SNAPSHOT---
2026-04-27 15:14:28
MemTotal:        8129240 kB
MemFree:         3414012 kB
MemAvailable:    3147748 kB
Buffers:            5328 kB
Cached:           314572 kB
SwapCached:       451356 kB
Active:          3182668 kB
Inactive:         893684 kB
Active(anon):    3073636 kB
Inactive(anon):   737240 kB
Active(file):     109032 kB
Inactive(file):   156444 kB
Unevictable:          16 kB
Mlocked:              16 kB
SwapTotal:       4194300 kB
SwapFree:        3605436 kB
Zswap:                 0 kB
Zswapped:              0 kB
Dirty:               108 kB
Writeback:         20484 kB
AnonPages:       3310360 kB
Mapped:           268280 kB
Shmem:             54452 kB
KReclaimable:      57076 kB
Slab:             285608 kB
SReclaimable:      57076 kB
SUnreclaim:       228532 kB
KernelStack:       18336 kB
PageTables:        49944 kB
SecPageTables:         0 kB
NFS_Unstable:          0 kB
Bounce:                0 kB
WritebackTmp:          0 kB
CommitLimit:     8258920 kB
Committed_AS:   11409324 kB
VmallocTotal:   34359738367 kB
VmallocUsed:       46568 kB
VmallocChunk:          0 kB
Percpu:            13280 kB
HardwareCorrupted:     0 kB
AnonHugePages:   1818624 kB
ShmemHugePages:        0 kB
ShmemPmdMapped:        0 kB
FileHugePages:         0 kB
FilePmdMapped:         0 kB
CmaTotal:              0 kB
CmaFree:               0 kB
Unaccepted:            0 kB
Balloon:               0 kB
HugePages_Total:       0
HugePages_Free:        0
HugePages_Rsvd:        0
HugePages_Surp:        0
Hugepagesize:       2048 kB
Hugetlb:               0 kB
DirectMap4k:      194432 kB
DirectMap2M:     6096896 kB
DirectMap1G:     4194304 kB
---SNAPSHOT---
2026-04-27 15:14:32
MemTotal:        8129240 kB
MemFree:         3236748 kB
MemAvailable:    2970492 kB
Buffers:            5336 kB
Cached:           314576 kB
SwapCached:       467228 kB
Active:          3309996 kB
Inactive:         914352 kB
Active(anon):    3200964 kB
Inactive(anon):   757892 kB
Active(file):     109032 kB
Inactive(file):   156460 kB
Unevictable:          16 kB
Mlocked:              16 kB
SwapTotal:       4194300 kB
SwapFree:        3589564 kB
Zswap:                 0 kB
Zswapped:              0 kB
Dirty:               112 kB
Writeback:         15876 kB
AnonPages:       3442340 kB
Mapped:           268380 kB
Shmem:             54452 kB
KReclaimable:      57076 kB
Slab:             285320 kB
SReclaimable:      57076 kB
SUnreclaim:       228244 kB
KernelStack:       18304 kB
PageTables:        50408 kB
SecPageTables:         0 kB
NFS_Unstable:          0 kB
Bounce:                0 kB
WritebackTmp:          0 kB
CommitLimit:     8258920 kB
Committed_AS:   11409552 kB
VmallocTotal:   34359738367 kB
VmallocUsed:       46552 kB
VmallocChunk:          0 kB
Percpu:            13280 kB
HardwareCorrupted:     0 kB
AnonHugePages:   1951744 kB
ShmemHugePages:        0 kB
ShmemPmdMapped:        0 kB
FileHugePages:         0 kB
FilePmdMapped:         0 kB
CmaTotal:              0 kB
CmaFree:               0 kB
Unaccepted:            0 kB
Balloon:               0 kB
HugePages_Total:       0
HugePages_Free:        0
HugePages_Rsvd:        0
HugePages_Surp:        0
Hugepagesize:       2048 kB
Hugetlb:               0 kB
DirectMap4k:      194432 kB
DirectMap2M:     6096896 kB
DirectMap1G:     4194304 kB
---SNAPSHOT---
2026-04-27 15:14:33
MemTotal:        8129240 kB
MemFree:         3722676 kB
MemAvailable:    3456424 kB
Buffers:            5336 kB
Cached:           314584 kB
SwapCached:       482588 kB
Active:          2810576 kB
Inactive:         922504 kB
Active(anon):    2701544 kB
Inactive(anon):   766036 kB
Active(file):     109032 kB
Inactive(file):   156468 kB
Unevictable:          16 kB
Mlocked:              16 kB
SwapTotal:       4194300 kB
SwapFree:        3574204 kB
Zswap:                 0 kB
Zswapped:              0 kB
Dirty:               120 kB
Writeback:         23100 kB
AnonPages:       2935748 kB
Mapped:           268280 kB
Shmem:             54452 kB
KReclaimable:      57076 kB
Slab:             285800 kB
SReclaimable:      57076 kB
SUnreclaim:       228724 kB
KernelStack:       18380 kB
PageTables:        49296 kB
SecPageTables:         0 kB
NFS_Unstable:          0 kB
Bounce:                0 kB
WritebackTmp:          0 kB
CommitLimit:     8258920 kB
Committed_AS:   11409524 kB
VmallocTotal:   34359738367 kB
VmallocUsed:       46584 kB
VmallocChunk:          0 kB
Percpu:            13280 kB
HardwareCorrupted:     0 kB
AnonHugePages:   1445888 kB
ShmemHugePages:        0 kB
ShmemPmdMapped:        0 kB
FileHugePages:         0 kB
FilePmdMapped:         0 kB
CmaTotal:              0 kB
CmaFree:               0 kB
Unaccepted:            0 kB
Balloon:               0 kB
HugePages_Total:       0
HugePages_Free:        0
HugePages_Rsvd:        0
HugePages_Surp:        0
Hugepagesize:       2048 kB
Hugetlb:               0 kB
DirectMap4k:      194432 kB
DirectMap2M:     6096896 kB
DirectMap1G:     4194304 kB
---SNAPSHOT---
2026-04-27 15:14:34
MemTotal:        8129240 kB
MemFree:         3547572 kB
MemAvailable:    3281388 kB
Buffers:            5468 kB
Cached:           314588 kB
SwapCached:       482588 kB
Active:          2971940 kB
Inactive:         924744 kB
Active(anon):    2862908 kB
Inactive(anon):   768140 kB
Active(file):     109032 kB
Inactive(file):   156604 kB
Unevictable:          16 kB
Mlocked:              16 kB
SwapTotal:       4194300 kB
SwapFree:        3574204 kB
Zswap:                 0 kB
Zswapped:              0 kB
Dirty:               124 kB
Writeback:         20996 kB
AnonPages:       3099040 kB
Mapped:           268280 kB
Shmem:             54452 kB
KReclaimable:      57076 kB
Slab:             285640 kB
SReclaimable:      57076 kB
SUnreclaim:       228564 kB
KernelStack:       18320 kB
PageTables:        49592 kB
SecPageTables:         0 kB
NFS_Unstable:          0 kB
Bounce:                0 kB
WritebackTmp:          0 kB
CommitLimit:     8258920 kB
Committed_AS:   11409432 kB
VmallocTotal:   34359738367 kB
VmallocUsed:       46584 kB
VmallocChunk:          0 kB
Percpu:            13280 kB
HardwareCorrupted:     0 kB
AnonHugePages:   1609728 kB
ShmemHugePages:        0 kB
ShmemPmdMapped:        0 kB
FileHugePages:         0 kB
FilePmdMapped:         0 kB
CmaTotal:              0 kB
CmaFree:               0 kB
Unaccepted:            0 kB
Balloon:               0 kB
HugePages_Total:       0
HugePages_Free:        0
HugePages_Rsvd:        0
HugePages_Surp:        0
Hugepagesize:       2048 kB
Hugetlb:               0 kB
DirectMap4k:      194432 kB
DirectMap2M:     6096896 kB
DirectMap1G:     4194304 kB
---SNAPSHOT---
2026-04-27 15:14:35
MemTotal:        8129240 kB
MemFree:         4051844 kB
MemAvailable:    3785756 kB
Buffers:            5648 kB
Cached:           314604 kB
SwapCached:       572720 kB
Active:          2375980 kB
Inactive:        1024204 kB
Active(anon):    2266948 kB
Inactive(anon):   867408 kB
Active(file):     109032 kB
Inactive(file):   156796 kB
Unevictable:          16 kB
Mlocked:              16 kB
SwapTotal:       4194300 kB
SwapFree:        3483996 kB
Zswap:                 0 kB
Zswapped:              0 kB
Dirty:               136 kB
Writeback:         11788 kB
AnonPages:       2512412 kB
Mapped:           268280 kB
Shmem:             54452 kB
KReclaimable:      57076 kB
Slab:             284808 kB
SReclaimable:      57076 kB
SUnreclaim:       227732 kB
KernelStack:       18304 kB
PageTables:        49028 kB
SecPageTables:         0 kB
NFS_Unstable:          0 kB
Bounce:                0 kB
WritebackTmp:          0 kB
CommitLimit:     8258920 kB
Committed_AS:   11409444 kB
VmallocTotal:   34359738367 kB
VmallocUsed:       46536 kB
VmallocChunk:          0 kB
Percpu:            13280 kB
HardwareCorrupted:     0 kB
AnonHugePages:   1024000 kB
ShmemHugePages:        0 kB
ShmemPmdMapped:        0 kB
FileHugePages:         0 kB
FilePmdMapped:         0 kB
CmaTotal:              0 kB
CmaFree:               0 kB
Unaccepted:            0 kB
Balloon:               0 kB
HugePages_Total:       0
HugePages_Free:        0
HugePages_Rsvd:        0
HugePages_Surp:        0
Hugepagesize:       2048 kB
Hugetlb:               0 kB
DirectMap4k:      194432 kB
DirectMap2M:     6096896 kB
DirectMap1G:     4194304 kB
---SNAPSHOT---
2026-04-27 15:14:36
MemTotal:        8129240 kB
MemFree:         3342724 kB
MemAvailable:    3076640 kB
Buffers:            5648 kB
Cached:           314608 kB
SwapCached:       630556 kB
Active:          3044752 kB
Inactive:        1081544 kB
Active(anon):    2935720 kB
Inactive(anon):   924740 kB
Active(file):     109032 kB
Inactive(file):   156804 kB
Unevictable:          16 kB
Mlocked:              16 kB
SwapTotal:       4194300 kB
SwapFree:        3426236 kB
Zswap:                 0 kB
Zswapped:              0 kB
Dirty:               140 kB
Writeback:         12292 kB
AnonPages:       3180744 kB
Mapped:           268280 kB
Shmem:             54452 kB
KReclaimable:      57076 kB
Slab:             285104 kB
SReclaimable:      57076 kB
SUnreclaim:       228028 kB
KernelStack:       18260 kB
PageTables:        50736 kB
SecPageTables:         0 kB
NFS_Unstable:          0 kB
Bounce:                0 kB
WritebackTmp:          0 kB
CommitLimit:     8258920 kB
Committed_AS:   11409192 kB
VmallocTotal:   34359738367 kB
VmallocUsed:       46568 kB
VmallocChunk:          0 kB
Percpu:            13280 kB
HardwareCorrupted:     0 kB
AnonHugePages:   1691648 kB
ShmemHugePages:        0 kB
ShmemPmdMapped:        0 kB
FileHugePages:         0 kB
FilePmdMapped:         0 kB
CmaTotal:              0 kB
CmaFree:               0 kB
Unaccepted:            0 kB
Balloon:               0 kB
HugePages_Total:       0
HugePages_Free:        0
HugePages_Rsvd:        0
HugePages_Surp:        0
Hugepagesize:       2048 kB
Hugetlb:               0 kB
DirectMap4k:      194432 kB
DirectMap2M:     6096896 kB
DirectMap1G:     4194304 kB
---SNAPSHOT---
2026-04-27 15:14:37
MemTotal:        8129240 kB
MemFree:         3817048 kB
MemAvailable:    3550964 kB
Buffers:            5648 kB
Cached:           314616 kB
SwapCached:       646940 kB
Active:          2533480 kB
Inactive:        1088740 kB
Active(anon):    2424448 kB
Inactive(anon):   931932 kB
Active(file):     109032 kB
Inactive(file):   156808 kB
Unevictable:          16 kB
Mlocked:              16 kB
SwapTotal:       4194300 kB
SwapFree:        3409852 kB
Zswap:                 0 kB
Zswapped:              0 kB
Dirty:               148 kB
Writeback:         21508 kB
AnonPages:       2660164 kB
Mapped:           268348 kB
Shmem:             54452 kB
KReclaimable:      57076 kB
Slab:             285672 kB
SReclaimable:      57076 kB
SUnreclaim:       228596 kB
KernelStack:       18320 kB
PageTables:        49696 kB
SecPageTables:         0 kB
NFS_Unstable:          0 kB
Bounce:                0 kB
WritebackTmp:          0 kB
CommitLimit:     8258920 kB
Committed_AS:   11409192 kB
VmallocTotal:   34359738367 kB
VmallocUsed:       46552 kB
VmallocChunk:          0 kB
Percpu:            13280 kB
HardwareCorrupted:     0 kB
AnonHugePages:   1171456 kB
ShmemHugePages:        0 kB
ShmemPmdMapped:        0 kB
FileHugePages:         0 kB
FilePmdMapped:         0 kB
CmaTotal:              0 kB
CmaFree:               0 kB
Unaccepted:            0 kB
Balloon:               0 kB
HugePages_Total:       0
HugePages_Free:        0
HugePages_Rsvd:        0
HugePages_Surp:        0
Hugepagesize:       2048 kB
Hugetlb:               0 kB
DirectMap4k:      194432 kB
DirectMap2M:     6096896 kB
DirectMap1G:     4194304 kB
---SNAPSHOT---
2026-04-27 15:14:38
MemTotal:        8129240 kB
MemFree:         3960864 kB
MemAvailable:    3694784 kB
Buffers:            5648 kB
Cached:           314620 kB
SwapCached:       464476 kB
Active:          2583908 kB
Inactive:         927700 kB
Active(anon):    2474876 kB
Inactive(anon):   770884 kB
Active(file):     109032 kB
Inactive(file):   156816 kB
Unevictable:          16 kB
Mlocked:              16 kB
SwapTotal:       4194300 kB
SwapFree:        3592480 kB
Zswap:                 0 kB
Zswapped:              0 kB
Dirty:               152 kB
Writeback:            48 kB
AnonPages:       2729936 kB
Mapped:           268280 kB
Shmem:             54452 kB
KReclaimable:      57076 kB
Slab:             284728 kB
SReclaimable:      57076 kB
SUnreclaim:       227652 kB
KernelStack:       18304 kB
PageTables:        49512 kB
SecPageTables:         0 kB
NFS_Unstable:          0 kB
Bounce:                0 kB
WritebackTmp:          0 kB
CommitLimit:     8258920 kB
Committed_AS:   11409276 kB
VmallocTotal:   34359738367 kB
VmallocUsed:       46520 kB
VmallocChunk:          0 kB
Percpu:            13280 kB
HardwareCorrupted:     0 kB
AnonHugePages:   1243136 kB
ShmemHugePages:        0 kB
ShmemPmdMapped:        0 kB
FileHugePages:         0 kB
FilePmdMapped:         0 kB
CmaTotal:              0 kB
CmaFree:               0 kB
Unaccepted:            0 kB
Balloon:               0 kB
HugePages_Total:       0
HugePages_Free:        0
HugePages_Rsvd:        0
HugePages_Surp:        0
Hugepagesize:       2048 kB
Hugetlb:               0 kB
DirectMap4k:      194432 kB
DirectMap2M:     6096896 kB
DirectMap1G:     4194304 kB
---SNAPSHOT---
2026-04-27 15:14:39
MemTotal:        8129240 kB
MemFree:         4012140 kB
MemAvailable:    3746064 kB
Buffers:            5648 kB
Cached:           314624 kB
SwapCached:        82712 kB
Active:          2927384 kB
Inactive:         546080 kB
Active(anon):    2818352 kB
Inactive(anon):   389260 kB
Active(file):     109032 kB
Inactive(file):   156820 kB
Unevictable:          16 kB
Mlocked:              16 kB
SwapTotal:       4194300 kB
SwapFree:        3974080 kB
Zswap:                 0 kB
Zswapped:              0 kB
Dirty:               156 kB
Writeback:             0 kB
AnonPages:       3073592 kB
Mapped:           268280 kB
Shmem:             54452 kB
KReclaimable:      57076 kB
Slab:             284328 kB
SReclaimable:      57076 kB
SUnreclaim:       227252 kB
KernelStack:       18320 kB
PageTables:        49244 kB
SecPageTables:         0 kB
NFS_Unstable:          0 kB
Bounce:                0 kB
WritebackTmp:          0 kB
CommitLimit:     8258920 kB
Committed_AS:   11409420 kB
VmallocTotal:   34359738367 kB
VmallocUsed:       46520 kB
VmallocChunk:          0 kB
Percpu:            13280 kB
HardwareCorrupted:     0 kB
AnonHugePages:   1585152 kB
ShmemHugePages:        0 kB
ShmemPmdMapped:        0 kB
FileHugePages:         0 kB
FilePmdMapped:         0 kB
CmaTotal:              0 kB
CmaFree:               0 kB
Unaccepted:            0 kB
Balloon:               0 kB
HugePages_Total:       0
HugePages_Free:        0
HugePages_Rsvd:        0
HugePages_Surp:        0
Hugepagesize:       2048 kB
Hugetlb:               0 kB
DirectMap4k:      194432 kB
DirectMap2M:     6096896 kB
DirectMap1G:     4194304 kB
---SNAPSHOT---
2026-04-27 15:14:40
MemTotal:        8129240 kB
MemFree:         4232632 kB
MemAvailable:    3966564 kB
Buffers:            5656 kB
Cached:           314636 kB
SwapCached:        82712 kB
Active:          2644916 kB
Inactive:         546096 kB
Active(anon):    2535884 kB
Inactive(anon):   389260 kB
Active(file):     109032 kB
Inactive(file):   156836 kB
Unevictable:          16 kB
Mlocked:              16 kB
SwapTotal:       4194300 kB
SwapFree:        3974080 kB
Zswap:                 0 kB
Zswapped:              0 kB
Dirty:               168 kB
Writeback:             0 kB
AnonPages:       2791180 kB
Mapped:           268280 kB
Shmem:             54452 kB
KReclaimable:      57076 kB
Slab:             284328 kB
SReclaimable:      57076 kB
SUnreclaim:       227252 kB
KernelStack:       18304 kB
PageTables:        48564 kB
SecPageTables:         0 kB
NFS_Unstable:          0 kB
Bounce:                0 kB
WritebackTmp:          0 kB
CommitLimit:     8258920 kB
