---SNAPSHOT---
2026-04-27 15:53:42
MemTotal:        8129240 kB
MemFree:         5343748 kB
MemAvailable:    5065948 kB
Buffers:            4508 kB
Cached:           281672 kB
SwapCached:        17924 kB
Active:          1567904 kB
Inactive:         597680 kB
Active(anon):    1475208 kB
Inactive(anon):   443140 kB
Active(file):      92696 kB
Inactive(file):   154540 kB
Unevictable:           0 kB
Mlocked:               0 kB
SwapTotal:       4194300 kB
SwapFree:        4176376 kB
Zswap:                 0 kB
Zswapped:              0 kB
Dirty:               304 kB
Writeback:             0 kB
AnonPages:       1861892 kB
Mapped:           243096 kB
Shmem:             38824 kB
KReclaimable:      52244 kB
Slab:             279000 kB
SReclaimable:      52244 kB
SUnreclaim:       226756 kB
KernelStack:       18028 kB
PageTables:        45300 kB
SecPageTables:         0 kB
NFS_Unstable:          0 kB
Bounce:                0 kB
WritebackTmp:          0 kB
CommitLimit:     8258920 kB
Committed_AS:    8696300 kB
VmallocTotal:   34359738367 kB
VmallocUsed:       46216 kB
VmallocChunk:          0 kB
Percpu:            13280 kB
HardwareCorrupted:     0 kB
AnonHugePages:    194560 kB
ShmemHugePages:        0 kB
ShmemPmdMapped:        0 kB
FileHugePages:         0 kB
FilePmdMapped:         0 kB
CmaTotal:              0 kB
CmaFree:               0 kB
Unaccepted:            0 kB
Balloon:               0 kB
HugePages_Total:       0
HugePages_Free:        0
HugePages_Rsvd:        0
HugePages_Surp:        0
Hugepagesize:       2048 kB
Hugetlb:               0 kB
DirectMap4k:      194432 kB
DirectMap2M:     6096896 kB
DirectMap1G:     4194304 kB
---SNAPSHOT---
2026-04-27 15:53:43
MemTotal:        8129240 kB
MemFree:         5346224 kB
MemAvailable:    5068816 kB
Buffers:            4956 kB
Cached:           281776 kB
SwapCached:        17924 kB
Active:          1567776 kB
Inactive:         598260 kB
Active(anon):    1474984 kB
Inactive(anon):   443140 kB
Active(file):      92792 kB
Inactive(file):   155120 kB
Unevictable:           0 kB
Mlocked:               0 kB
SwapTotal:       4194300 kB
SwapFree:        4176376 kB
Zswap:                 0 kB
Zswapped:              0 kB
Dirty:               312 kB
Writeback:             0 kB
AnonPages:       1861264 kB
Mapped:           243232 kB
Shmem:             38824 kB
KReclaimable:      52356 kB
Slab:             279112 kB
SReclaimable:      52356 kB
SUnreclaim:       226756 kB
KernelStack:       18072 kB
PageTables:        45456 kB
SecPageTables:         0 kB
NFS_Unstable:          0 kB
Bounce:                0 kB
WritebackTmp:          0 kB
CommitLimit:     8258920 kB
Committed_AS:    8694976 kB
VmallocTotal:   34359738367 kB
VmallocUsed:       46264 kB
VmallocChunk:          0 kB
Percpu:            13280 kB
HardwareCorrupted:     0 kB
AnonHugePages:    194560 kB
ShmemHugePages:        0 kB
ShmemPmdMapped:        0 kB
FileHugePages:         0 kB
FilePmdMapped:         0 kB
CmaTotal:              0 kB
CmaFree:               0 kB
Unaccepted:            0 kB
Balloon:               0 kB
HugePages_Total:       0
HugePages_Free:        0
HugePages_Rsvd:        0
HugePages_Surp:        0
Hugepagesize:       2048 kB
Hugetlb:               0 kB
DirectMap4k:      194432 kB
DirectMap2M:     6096896 kB
DirectMap1G:     4194304 kB
---SNAPSHOT---
2026-04-27 15:53:44
MemTotal:        8129240 kB
MemFree:         5346192 kB
MemAvailable:    5068872 kB
Buffers:            4964 kB
Cached:           281936 kB
SwapCached:        17924 kB
Active:          1567628 kB
Inactive:         598436 kB
Active(anon):    1474836 kB
Inactive(anon):   443140 kB
Active(file):      92792 kB
Inactive(file):   155296 kB
Unevictable:           0 kB
Mlocked:               0 kB
SwapTotal:       4194300 kB
SwapFree:        4176376 kB
Zswap:                 0 kB
Zswapped:              0 kB
Dirty:               316 kB
Writeback:             0 kB
AnonPages:       1861472 kB
Mapped:           243004 kB
Shmem:             38824 kB
KReclaimable:      52356 kB
Slab:             279112 kB
SReclaimable:      52356 kB
SUnreclaim:       226756 kB
KernelStack:       18000 kB
PageTables:        45072 kB
SecPageTables:         0 kB
NFS_Unstable:          0 kB
Bounce:                0 kB
WritebackTmp:          0 kB
CommitLimit:     8258920 kB
Committed_AS:    8695020 kB
VmallocTotal:   34359738367 kB
VmallocUsed:       46280 kB
VmallocChunk:          0 kB
Percpu:            13280 kB
HardwareCorrupted:     0 kB
AnonHugePages:    194560 kB
ShmemHugePages:        0 kB
ShmemPmdMapped:        0 kB
FileHugePages:         0 kB
FilePmdMapped:         0 kB
CmaTotal:              0 kB
CmaFree:               0 kB
Unaccepted:            0 kB
Balloon:               0 kB
HugePages_Total:       0
HugePages_Free:        0
HugePages_Rsvd:        0
HugePages_Surp:        0
Hugepagesize:       2048 kB
Hugetlb:               0 kB
DirectMap4k:      194432 kB
DirectMap2M:     6096896 kB
DirectMap1G:     4194304 kB
---SNAPSHOT---
2026-04-27 15:53:45
MemTotal:        8129240 kB
MemFree:         5345304 kB
MemAvailable:    5068220 kB
Buffers:            5100 kB
Cached:           282724 kB
SwapCached:        17924 kB
Active:          1568616 kB
Inactive:         598444 kB
Active(anon):    1475364 kB
Inactive(anon):   443140 kB
Active(file):      93252 kB
Inactive(file):   155304 kB
Unevictable:           0 kB
Mlocked:               0 kB
SwapTotal:       4194300 kB
SwapFree:        4176376 kB
Zswap:                 0 kB
Zswapped:              0 kB
Dirty:               324 kB
Writeback:             0 kB
AnonPages:       1861712 kB
Mapped:           242900 kB
Shmem:             38824 kB
KReclaimable:      52356 kB
Slab:             279112 kB
SReclaimable:      52356 kB
SUnreclaim:       226756 kB
KernelStack:       18072 kB
PageTables:        45584 kB
SecPageTables:         0 kB
NFS_Unstable:          0 kB
Bounce:                0 kB
WritebackTmp:          0 kB
CommitLimit:     8258920 kB
Committed_AS:    8703280 kB
VmallocTotal:   34359738367 kB
VmallocUsed:       46344 kB
VmallocChunk:          0 kB
Percpu:            13280 kB
HardwareCorrupted:     0 kB
AnonHugePages:    194560 kB
ShmemHugePages:        0 kB
ShmemPmdMapped:        0 kB
FileHugePages:         0 kB
FilePmdMapped:         0 kB
CmaTotal:              0 kB
CmaFree:               0 kB
Unaccepted:            0 kB
Balloon:               0 kB
HugePages_Total:       0
HugePages_Free:        0
HugePages_Rsvd:        0
HugePages_Surp:        0
Hugepagesize:       2048 kB
Hugetlb:               0 kB
DirectMap4k:      194432 kB
DirectMap2M:     6096896 kB
DirectMap1G:     4194304 kB
---SNAPSHOT---
2026-04-27 15:53:46
MemTotal:        8129240 kB
MemFree:         4910408 kB
MemAvailable:    4639336 kB
Buffers:            5508 kB
Cached:           311108 kB
SwapCached:        17924 kB
Active:          2014632 kB
Inactive:         599208 kB
Active(anon):    1910116 kB
Inactive(anon):   443140 kB
Active(file):     104516 kB
Inactive(file):   156068 kB
Unevictable:          16 kB
Mlocked:              16 kB
SwapTotal:       4194300 kB
SwapFree:        4176376 kB
Zswap:                 0 kB
Zswapped:              0 kB
Dirty:               464 kB
Writeback:             0 kB
AnonPages:       2279420 kB
Mapped:           263852 kB
Shmem:             55972 kB
KReclaimable:      52356 kB
Slab:             279124 kB
SReclaimable:      52356 kB
SUnreclaim:       226768 kB
KernelStack:       18160 kB
PageTables:        46640 kB
SecPageTables:         0 kB
NFS_Unstable:          0 kB
Bounce:                0 kB
WritebackTmp:          0 kB
CommitLimit:     8258920 kB
Committed_AS:   11352160 kB
VmallocTotal:   34359738367 kB
VmallocUsed:       46360 kB
VmallocChunk:          0 kB
Percpu:            13280 kB
HardwareCorrupted:     0 kB
AnonHugePages:    604160 kB
ShmemHugePages:        0 kB
ShmemPmdMapped:        0 kB
FileHugePages:         0 kB
FilePmdMapped:         0 kB
CmaTotal:              0 kB
CmaFree:               0 kB
Unaccepted:            0 kB
Balloon:               0 kB
HugePages_Total:       0
HugePages_Free:        0
HugePages_Rsvd:        0
HugePages_Surp:        0
Hugepagesize:       2048 kB
Hugetlb:               0 kB
DirectMap4k:      194432 kB
DirectMap2M:     6096896 kB
DirectMap1G:     4194304 kB
---SNAPSHOT---
2026-04-27 15:53:47
MemTotal:        8129240 kB
MemFree:         3929288 kB
MemAvailable:    3658220 kB
Buffers:            5508 kB
Cached:           311112 kB
SwapCached:        17924 kB
Active:          2993752 kB
Inactive:         599212 kB
Active(anon):    2889236 kB
Inactive(anon):   443140 kB
Active(file):     104516 kB
Inactive(file):   156072 kB
Unevictable:          16 kB
Mlocked:              16 kB
SwapTotal:       4194300 kB
SwapFree:        4176376 kB
Zswap:                 0 kB
Zswapped:              0 kB
Dirty:               468 kB
Writeback:             0 kB
AnonPages:       3258816 kB
Mapped:           263916 kB
Shmem:             55972 kB
KReclaimable:      52356 kB
Slab:             279124 kB
SReclaimable:      52356 kB
SUnreclaim:       226768 kB
KernelStack:       18144 kB
PageTables:        49160 kB
SecPageTables:         0 kB
NFS_Unstable:          0 kB
Bounce:                0 kB
WritebackTmp:          0 kB
CommitLimit:     8258920 kB
Committed_AS:   11353792 kB
VmallocTotal:   34359738367 kB
VmallocUsed:       46392 kB
VmallocChunk:          0 kB
Percpu:            13280 kB
HardwareCorrupted:     0 kB
AnonHugePages:   1583104 kB
ShmemHugePages:        0 kB
ShmemPmdMapped:        0 kB
FileHugePages:         0 kB
FilePmdMapped:         0 kB
CmaTotal:              0 kB
CmaFree:               0 kB
Unaccepted:            0 kB
Balloon:               0 kB
HugePages_Total:       0
HugePages_Free:        0
HugePages_Rsvd:        0
HugePages_Surp:        0
Hugepagesize:       2048 kB
Hugetlb:               0 kB
DirectMap4k:      194432 kB
DirectMap2M:     6096896 kB
DirectMap1G:     4194304 kB
---SNAPSHOT---
2026-04-27 15:53:48
MemTotal:        8129240 kB
MemFree:         2914796 kB
MemAvailable:    2643800 kB
Buffers:            5508 kB
Cached:           311204 kB
SwapCached:        17924 kB
Active:          4003264 kB
Inactive:         599220 kB
Active(anon):    3898608 kB
Inactive(anon):   443140 kB
Active(file):     104656 kB
Inactive(file):   156080 kB
Unevictable:          16 kB
Mlocked:              16 kB
SwapTotal:       4194300 kB
SwapFree:        4176376 kB
Zswap:                 0 kB
Zswapped:              0 kB
Dirty:               476 kB
Writeback:             0 kB
AnonPages:       4267944 kB
Mapped:           263868 kB
Shmem:             55972 kB
KReclaimable:      52356 kB
Slab:             279180 kB
SReclaimable:      52356 kB
SUnreclaim:       226824 kB
KernelStack:       18172 kB
PageTables:        50604 kB
SecPageTables:         0 kB
NFS_Unstable:          0 kB
Bounce:                0 kB
WritebackTmp:          0 kB
CommitLimit:     8258920 kB
Committed_AS:   11352520 kB
VmallocTotal:   34359738367 kB
VmallocUsed:       46376 kB
VmallocChunk:          0 kB
Percpu:            13280 kB
HardwareCorrupted:     0 kB
AnonHugePages:   2592768 kB
ShmemHugePages:        0 kB
ShmemPmdMapped:        0 kB
FileHugePages:         0 kB
FilePmdMapped:         0 kB
CmaTotal:              0 kB
CmaFree:               0 kB
Unaccepted:            0 kB
Balloon:               0 kB
HugePages_Total:       0
HugePages_Free:        0
HugePages_Rsvd:        0
HugePages_Surp:        0
Hugepagesize:       2048 kB
Hugetlb:               0 kB
DirectMap4k:      194432 kB
DirectMap2M:     6096896 kB
DirectMap1G:     4194304 kB
---SNAPSHOT---
2026-04-27 15:53:49
MemTotal:        8129240 kB
MemFree:         4422364 kB
MemAvailable:    4151372 kB
Buffers:            5516 kB
Cached:           311200 kB
SwapCached:        17924 kB
Active:          2497696 kB
Inactive:         599224 kB
Active(anon):    2393040 kB
Inactive(anon):   443140 kB
Active(file):     104656 kB
Inactive(file):   156084 kB
Unevictable:          16 kB
Mlocked:              16 kB
SwapTotal:       4194300 kB
SwapFree:        4176376 kB
Zswap:                 0 kB
Zswapped:              0 kB
Dirty:               480 kB
Writeback:             0 kB
AnonPages:       2762296 kB
Mapped:           263868 kB
Shmem:             55972 kB
KReclaimable:      52356 kB
Slab:             279168 kB
SReclaimable:      52356 kB
SUnreclaim:       226812 kB
KernelStack:       18220 kB
PageTables:        47660 kB
SecPageTables:         0 kB
NFS_Unstable:          0 kB
Bounce:                0 kB
WritebackTmp:          0 kB
CommitLimit:     8258920 kB
Committed_AS:   11352388 kB
VmallocTotal:   34359738367 kB
VmallocUsed:       46376 kB
VmallocChunk:          0 kB
Percpu:            13280 kB
HardwareCorrupted:     0 kB
AnonHugePages:   1087488 kB
ShmemHugePages:        0 kB
ShmemPmdMapped:        0 kB
FileHugePages:         0 kB
FilePmdMapped:         0 kB
CmaTotal:              0 kB
CmaFree:               0 kB
Unaccepted:            0 kB
Balloon:               0 kB
HugePages_Total:       0
HugePages_Free:        0
HugePages_Rsvd:        0
HugePages_Surp:        0
Hugepagesize:       2048 kB
Hugetlb:               0 kB
DirectMap4k:      194432 kB
DirectMap2M:     6096896 kB
DirectMap1G:     4194304 kB
---SNAPSHOT---
2026-04-27 15:53:50
MemTotal:        8129240 kB
MemFree:         3352804 kB
MemAvailable:    3081816 kB
Buffers:            5516 kB
Cached:           311212 kB
SwapCached:        17924 kB
Active:          3571236 kB
Inactive:         599236 kB
Active(anon):    3466580 kB
Inactive(anon):   443140 kB
Active(file):     104656 kB
Inactive(file):   156096 kB
Unevictable:          16 kB
Mlocked:              16 kB
SwapTotal:       4194300 kB
SwapFree:        4176376 kB
Zswap:                 0 kB
Zswapped:              0 kB
Dirty:               484 kB
Writeback:             0 kB
AnonPages:       3835908 kB
Mapped:           263892 kB
Shmem:             55972 kB
KReclaimable:      52356 kB
Slab:             279144 kB
SReclaimable:      52356 kB
SUnreclaim:       226788 kB
KernelStack:       18164 kB
PageTables:        49180 kB
SecPageTables:         0 kB
NFS_Unstable:          0 kB
Bounce:                0 kB
WritebackTmp:          0 kB
CommitLimit:     8258920 kB
Committed_AS:   11352404 kB
VmallocTotal:   34359738367 kB
VmallocUsed:       46344 kB
VmallocChunk:          0 kB
Percpu:            13280 kB
HardwareCorrupted:     0 kB
AnonHugePages:   2160640 kB
ShmemHugePages:        0 kB
ShmemPmdMapped:        0 kB
FileHugePages:         0 kB
FilePmdMapped:         0 kB
CmaTotal:              0 kB
CmaFree:               0 kB
Unaccepted:            0 kB
Balloon:               0 kB
HugePages_Total:       0
HugePages_Free:        0
HugePages_Rsvd:        0
HugePages_Surp:        0
Hugepagesize:       2048 kB
Hugetlb:               0 kB
DirectMap4k:      194432 kB
DirectMap2M:     6096896 kB
DirectMap1G:     4194304 kB
---SNAPSHOT---
2026-04-27 15:53:51
MemTotal:        8129240 kB
MemFree:         4736324 kB
MemAvailable:    4466088 kB
Buffers:            5516 kB
Cached:           311224 kB
SwapCached:        17924 kB
Active:          2047232 kB
Inactive:         599248 kB
Active(anon):    1942576 kB
Inactive(anon):   443140 kB
Active(file):     104656 kB
Inactive(file):   156108 kB
Unevictable:          16 kB
Mlocked:              16 kB
SwapTotal:       4194300 kB
SwapFree:        4176376 kB
Zswap:                 0 kB
Zswapped:              0 kB
Dirty:               492 kB
Writeback:             0 kB
AnonPages:       2311992 kB
Mapped:           263868 kB
Shmem:             55972 kB
KReclaimable:      53844 kB
Slab:             280648 kB
SReclaimable:      53844 kB
SUnreclaim:       226804 kB
KernelStack:       18160 kB
PageTables:        46740 kB
SecPageTables:         0 kB
NFS_Unstable:          0 kB
Bounce:                0 kB
WritebackTmp:          0 kB
CommitLimit:     8258920 kB
Committed_AS:   11352248 kB
VmallocTotal:   34359738367 kB
VmallocUsed:       46392 kB
VmallocChunk:          0 kB
Percpu:            13280 kB
HardwareCorrupted:     0 kB
AnonHugePages:    636928 kB
ShmemHugePages:        0 kB
ShmemPmdMapped:        0 kB
FileHugePages:         0 kB
FilePmdMapped:         0 kB
CmaTotal:              0 kB
CmaFree:               0 kB
Unaccepted:            0 kB
Balloon:               0 kB
HugePages_Total:       0
HugePages_Free:        0
HugePages_Rsvd:        0
HugePages_Surp:        0
Hugepagesize:       2048 kB
Hugetlb:               0 kB
DirectMap4k:      194432 kB
DirectMap2M:     6096896 kB
DirectMap1G:     4194304 kB
---SNAPSHOT---
2026-04-27 15:53:52
MemTotal:        8129240 kB
MemFree:         3818936 kB
MemAvailable:    3548712 kB
Buffers:            5516 kB
Cached:           311232 kB
SwapCached:        17924 kB
Active:          3100516 kB
Inactive:         599256 kB
Active(anon):    2995860 kB
Inactive(anon):   443140 kB
Active(file):     104656 kB
Inactive(file):   156116 kB
Unevictable:          16 kB
Mlocked:              16 kB
SwapTotal:       4194300 kB
SwapFree:        4176376 kB
Zswap:                 0 kB
Zswapped:              0 kB
Dirty:               500 kB
Writeback:             0 kB
AnonPages:       3365412 kB
Mapped:           263868 kB
Shmem:             55972 kB
KReclaimable:      53860 kB
Slab:             280704 kB
SReclaimable:      53860 kB
SUnreclaim:       226844 kB
KernelStack:       18252 kB
PageTables:        48992 kB
SecPageTables:         0 kB
NFS_Unstable:          0 kB
Bounce:                0 kB
WritebackTmp:          0 kB
CommitLimit:     8258920 kB
Committed_AS:   11353660 kB
VmallocTotal:   34359738367 kB
VmallocUsed:       46440 kB
VmallocChunk:          0 kB
Percpu:            13280 kB
HardwareCorrupted:     0 kB
AnonHugePages:   1689600 kB
ShmemHugePages:        0 kB
ShmemPmdMapped:        0 kB
FileHugePages:         0 kB
FilePmdMapped:         0 kB
CmaTotal:              0 kB
CmaFree:               0 kB
Unaccepted:            0 kB
Balloon:               0 kB
HugePages_Total:       0
HugePages_Free:        0
HugePages_Rsvd:        0
HugePages_Surp:        0
Hugepagesize:       2048 kB
Hugetlb:               0 kB
DirectMap4k:      194432 kB
DirectMap2M:     6096896 kB
DirectMap1G:     4194304 kB
---SNAPSHOT---
2026-04-27 15:53:53
MemTotal:        8129240 kB
MemFree:         3977744 kB
MemAvailable:    3707520 kB
Buffers:            5516 kB
Cached:           311236 kB
SwapCached:        46652 kB
Active:          2831564 kB
Inactive:         627304 kB
Active(anon):    2726908 kB
Inactive(anon):   471184 kB
Active(file):     104656 kB
Inactive(file):   156120 kB
Unevictable:          16 kB
Mlocked:              16 kB
SwapTotal:       4194300 kB
SwapFree:        4147468 kB
Zswap:                 0 kB
Zswapped:              0 kB
Dirty:               504 kB
Writeback:           684 kB
AnonPages:       3097272 kB
Mapped:           263868 kB
Shmem:             55972 kB
KReclaimable:      53860 kB
Slab:             280700 kB
SReclaimable:      53860 kB
SUnreclaim:       226840 kB
KernelStack:       18252 kB
PageTables:        48936 kB
SecPageTables:         0 kB
NFS_Unstable:          0 kB
Bounce:                0 kB
WritebackTmp:          0 kB
CommitLimit:     8258920 kB
Committed_AS:   11352388 kB
VmallocTotal:   34359738367 kB
VmallocUsed:       46360 kB
VmallocChunk:          0 kB
Percpu:            13280 kB
HardwareCorrupted:     0 kB
AnonHugePages:   1421312 kB
ShmemHugePages:        0 kB
ShmemPmdMapped:        0 kB
FileHugePages:         0 kB
FilePmdMapped:         0 kB
CmaTotal:              0 kB
CmaFree:               0 kB
Unaccepted:            0 kB
Balloon:               0 kB
HugePages_Total:       0
HugePages_Free:        0
HugePages_Rsvd:        0
HugePages_Surp:        0
Hugepagesize:       2048 kB
Hugetlb:               0 kB
DirectMap4k:      194432 kB
DirectMap2M:     6096896 kB
DirectMap1G:     4194304 kB
---SNAPSHOT---
2026-04-27 15:53:54
MemTotal:        8129240 kB
MemFree:         3910692 kB
MemAvailable:    3640472 kB
Buffers:            5524 kB
Cached:           311232 kB
SwapCached:       614036 kB
Active:          2424828 kB
Inactive:        1194008 kB
Active(anon):    2320172 kB
Inactive(anon):  1037884 kB
Active(file):     104656 kB
Inactive(file):   156124 kB
Unevictable:          16 kB
Mlocked:              16 kB
SwapTotal:       4194300 kB
SwapFree:        3580056 kB
Zswap:                 0 kB
Zswapped:              0 kB
Dirty:               508 kB
Writeback:          1252 kB
AnonPages:       2689964 kB
Mapped:           263868 kB
Shmem:             55972 kB
KReclaimable:      53860 kB
Slab:             280932 kB
SReclaimable:      53860 kB
SUnreclaim:       227072 kB
KernelStack:       18236 kB
PageTables:        48512 kB
SecPageTables:         0 kB
NFS_Unstable:          0 kB
Bounce:                0 kB
WritebackTmp:          0 kB
CommitLimit:     8258920 kB
Committed_AS:   11352520 kB
VmallocTotal:   34359738367 kB
VmallocUsed:       46392 kB
VmallocChunk:          0 kB
Percpu:            13280 kB
HardwareCorrupted:     0 kB
AnonHugePages:   1013760 kB
ShmemHugePages:        0 kB
ShmemPmdMapped:        0 kB
FileHugePages:         0 kB
FilePmdMapped:         0 kB
CmaTotal:              0 kB
CmaFree:               0 kB
Unaccepted:            0 kB
Balloon:               0 kB
HugePages_Total:       0
HugePages_Free:        0
HugePages_Rsvd:        0
HugePages_Surp:        0
Hugepagesize:       2048 kB
Hugetlb:               0 kB
DirectMap4k:      194432 kB
DirectMap2M:     6096896 kB
DirectMap1G:     4194304 kB
---SNAPSHOT---
2026-04-27 15:53:55
MemTotal:        8129240 kB
MemFree:         3511000 kB
MemAvailable:    3240784 kB
Buffers:            5524 kB
Cached:           311248 kB
SwapCached:        17936 kB
Active:          3376324 kB
Inactive:         599432 kB
Active(anon):    3271668 kB
Inactive(anon):   443296 kB
Active(file):     104656 kB
Inactive(file):   156136 kB
Unevictable:          16 kB
Mlocked:              16 kB
SwapTotal:       4194300 kB
SwapFree:        4176376 kB
Zswap:                 0 kB
Zswapped:              0 kB
Dirty:               516 kB
Writeback:             0 kB
AnonPages:       3641144 kB
Mapped:           263868 kB
Shmem:             55972 kB
KReclaimable:      53860 kB
Slab:             280680 kB
SReclaimable:      53860 kB
SUnreclaim:       226820 kB
KernelStack:       18236 kB
PageTables:        49176 kB
SecPageTables:         0 kB
NFS_Unstable:          0 kB
Bounce:                0 kB
WritebackTmp:          0 kB
CommitLimit:     8258920 kB
Committed_AS:   11352212 kB
VmallocTotal:   34359738367 kB
VmallocUsed:       46392 kB
VmallocChunk:          0 kB
Percpu:            13280 kB
HardwareCorrupted:     0 kB
AnonHugePages:   1966080 kB
ShmemHugePages:        0 kB
ShmemPmdMapped:        0 kB
FileHugePages:         0 kB
FilePmdMapped:         0 kB
CmaTotal:              0 kB
CmaFree:               0 kB
Unaccepted:            0 kB
Balloon:               0 kB
HugePages_Total:       0
HugePages_Free:        0
HugePages_Rsvd:        0
HugePages_Surp:        0
Hugepagesize:       2048 kB
Hugetlb:               0 kB
DirectMap4k:      194432 kB
DirectMap2M:     6096896 kB
DirectMap1G:     4194304 kB
---SNAPSHOT---
2026-04-27 15:53:56
MemTotal:        8129240 kB
MemFree:         4299132 kB
MemAvailable:    4028920 kB
Buffers:            5524 kB
Cached:           311252 kB
SwapCached:        17924 kB
Active:          2477340 kB
Inactive:         599284 kB
Active(anon):    2372684 kB
Inactive(anon):   443140 kB
Active(file):     104656 kB
Inactive(file):   156144 kB
Unevictable:          16 kB
Mlocked:              16 kB
SwapTotal:       4194300 kB
SwapFree:        4176376 kB
Zswap:                 0 kB
Zswapped:              0 kB
Dirty:               520 kB
Writeback:             0 kB
AnonPages:       2741848 kB
Mapped:           263868 kB
Shmem:             55972 kB
KReclaimable:      53860 kB
Slab:             280656 kB
SReclaimable:      53860 kB
SUnreclaim:       226796 kB
KernelStack:       18236 kB
PageTables:        47616 kB
SecPageTables:         0 kB
NFS_Unstable:          0 kB
Bounce:                0 kB
WritebackTmp:          0 kB
CommitLimit:     8258920 kB
Committed_AS:   11352160 kB
VmallocTotal:   34359738367 kB
VmallocUsed:       46392 kB
VmallocChunk:          0 kB
Percpu:            13280 kB
HardwareCorrupted:     0 kB
AnonHugePages:   1067008 kB
ShmemHugePages:        0 kB
ShmemPmdMapped:        0 kB
FileHugePages:         0 kB
FilePmdMapped:         0 kB
CmaTotal:              0 kB
CmaFree:               0 kB
Unaccepted:            0 kB
Balloon:               0 kB
HugePages_Total:       0
HugePages_Free:        0
HugePages_Rsvd:        0
HugePages_Surp:        0
Hugepagesize:       2048 kB
Hugetlb:               0 kB
DirectMap4k:      194432 kB
DirectMap2M:     6096896 kB
DirectMap1G:     4194304 kB
---SNAPSHOT---
2026-04-27 15:53:57
MemTotal:        8129240 kB
MemFree:         4016864 kB
MemAvailable:    3746656 kB
Buffers:            5524 kB
Cached:           311260 kB
SwapCached:        17924 kB
Active:          2862628 kB
Inactive:         599288 kB
Active(anon):    2757972 kB
Inactive(anon):   443140 kB
Active(file):     104656 kB
Inactive(file):   156148 kB
Unevictable:          16 kB
Mlocked:              16 kB
SwapTotal:       4194300 kB
SwapFree:        4176376 kB
Zswap:                 0 kB
Zswapped:              0 kB
Dirty:               528 kB
Writeback:             0 kB
AnonPages:       3127328 kB
Mapped:           264096 kB
Shmem:             55972 kB
KReclaimable:      53860 kB
Slab:             280648 kB
SReclaimable:      53860 kB
SUnreclaim:       226788 kB
KernelStack:       18236 kB
PageTables:        48152 kB
SecPageTables:         0 kB
NFS_Unstable:          0 kB
Bounce:                0 kB
WritebackTmp:          0 kB
CommitLimit:     8258920 kB
Committed_AS:   11352004 kB
VmallocTotal:   34359738367 kB
VmallocUsed:       46408 kB
VmallocChunk:          0 kB
Percpu:            13280 kB
HardwareCorrupted:     0 kB
AnonHugePages:   1452032 kB
ShmemHugePages:        0 kB
ShmemPmdMapped:        0 kB
FileHugePages:         0 kB
FilePmdMapped:         0 kB
CmaTotal:              0 kB
CmaFree:               0 kB
Unaccepted:            0 kB
Balloon:               0 kB
HugePages_Total:       0
HugePages_Free:        0
HugePages_Rsvd:        0
HugePages_Surp:        0
Hugepagesize:       2048 kB
Hugetlb:               0 kB
DirectMap4k:      194432 kB
DirectMap2M:     6096896 kB
DirectMap1G:     4194304 kB
---SNAPSHOT---
2026-04-27 15:53:58
MemTotal:        8129240 kB
MemFree:         4166836 kB
MemAvailable:    3896632 kB
Buffers:            5524 kB
Cached:           311264 kB
SwapCached:        17924 kB
Active:          2641116 kB
Inactive:         599296 kB
Active(anon):    2536460 kB
Inactive(anon):   443140 kB
Active(file):     104656 kB
Inactive(file):   156156 kB
Unevictable:          16 kB
Mlocked:              16 kB
SwapTotal:       4194300 kB
SwapFree:        4176376 kB
Zswap:                 0 kB
Zswapped:              0 kB
Dirty:               532 kB
Writeback:             0 kB
AnonPages:       2905752 kB
Mapped:           263868 kB
Shmem:             55972 kB
KReclaimable:      53860 kB
Slab:             280652 kB
SReclaimable:      53860 kB
SUnreclaim:       226792 kB
KernelStack:       18236 kB
PageTables:        48848 kB
SecPageTables:         0 kB
NFS_Unstable:          0 kB
Bounce:                0 kB
WritebackTmp:          0 kB
CommitLimit:     8258920 kB
Committed_AS:   11352628 kB
VmallocTotal:   34359738367 kB
VmallocUsed:       46376 kB
VmallocChunk:          0 kB
Percpu:            13280 kB
HardwareCorrupted:     0 kB
AnonHugePages:   1230848 kB
ShmemHugePages:        0 kB
ShmemPmdMapped:        0 kB
FileHugePages:         0 kB
FilePmdMapped:         0 kB
CmaTotal:              0 kB
CmaFree:               0 kB
Unaccepted:            0 kB
Balloon:               0 kB
HugePages_Total:       0
HugePages_Free:        0
HugePages_Rsvd:        0
HugePages_Surp:        0
Hugepagesize:       2048 kB
Hugetlb:               0 kB
DirectMap4k:      194432 kB
DirectMap2M:     6096896 kB
DirectMap1G:     4194304 kB
---SNAPSHOT---
2026-04-27 15:53:59
MemTotal:        8129240 kB
MemFree:         3828036 kB
MemAvailable:    3560504 kB
Buffers:            6620 kB
Cached:           315520 kB
SwapCached:        17924 kB
Active:          3061172 kB
Inactive:         600488 kB
Active(anon):    2952364 kB
Inactive(anon):   443140 kB
Active(file):     108808 kB
Inactive(file):   157348 kB
Unevictable:          16 kB
Mlocked:              16 kB
SwapTotal:       4194300 kB
SwapFree:        4176376 kB
Zswap:                 0 kB
Zswapped:              0 kB
Dirty:               540 kB
Writeback:             0 kB
AnonPages:       3321740 kB
Mapped:           263868 kB
Shmem:             55972 kB
KReclaimable:      53860 kB
Slab:             280668 kB
SReclaimable:      53860 kB
SUnreclaim:       226808 kB
KernelStack:       18176 kB
PageTables:        50148 kB
SecPageTables:         0 kB
NFS_Unstable:          0 kB
Bounce:                0 kB
WritebackTmp:          0 kB
CommitLimit:     8258920 kB
Committed_AS:   11352296 kB
VmallocTotal:   34359738367 kB
VmallocUsed:       46328 kB
VmallocChunk:          0 kB
Percpu:            13280 kB
HardwareCorrupted:     0 kB
AnonHugePages:   1646592 kB
ShmemHugePages:        0 kB
ShmemPmdMapped:        0 kB
FileHugePages:         0 kB
FilePmdMapped:         0 kB
CmaTotal:              0 kB
CmaFree:               0 kB
Unaccepted:            0 kB
Balloon:               0 kB
HugePages_Total:       0
HugePages_Free:        0
HugePages_Rsvd:        0
HugePages_Surp:        0
Hugepagesize:       2048 kB
Hugetlb:               0 kB
DirectMap4k:      194432 kB
DirectMap2M:     6096896 kB
DirectMap1G:     4194304 kB
---SNAPSHOT---
2026-04-27 15:54:00
MemTotal:        8129240 kB
MemFree:         3452944 kB
MemAvailable:    3185424 kB
Buffers:            6620 kB
Cached:           315540 kB
SwapCached:        17924 kB
Active:          3436464 kB
Inactive:         600516 kB
Active(anon):    3327656 kB
Inactive(anon):   443140 kB
Active(file):     108808 kB
Inactive(file):   157376 kB
Unevictable:          16 kB
Mlocked:              16 kB
SwapTotal:       4194300 kB
SwapFree:        4176376 kB
Zswap:                 0 kB
Zswapped:              0 kB
Dirty:               552 kB
Writeback:             0 kB
AnonPages:       3696972 kB
Mapped:           263868 kB
Shmem:             55972 kB
KReclaimable:      53860 kB
Slab:             280656 kB
SReclaimable:      53860 kB
SUnreclaim:       226796 kB
KernelStack:       18236 kB
PageTables:        50948 kB
SecPageTables:         0 kB
NFS_Unstable:          0 kB
Bounce:                0 kB
WritebackTmp:          0 kB
CommitLimit:     8258920 kB
Committed_AS:   11352892 kB
VmallocTotal:   34359738367 kB
VmallocUsed:       46392 kB
VmallocChunk:          0 kB
Percpu:            13280 kB
HardwareCorrupted:     0 kB
AnonHugePages:   2021376 kB
ShmemHugePages:        0 kB
ShmemPmdMapped:        0 kB
FileHugePages:         0 kB
FilePmdMapped:         0 kB
CmaTotal:              0 kB
CmaFree:               0 kB
Unaccepted:            0 kB
Balloon:               0 kB
HugePages_Total:       0
HugePages_Free:        0
HugePages_Rsvd:        0
HugePages_Surp:        0
Hugepagesize:       2048 kB
Hugetlb:               0 kB
DirectMap4k:      194432 kB
DirectMap2M:     6096896 kB
DirectMap1G:     4194304 kB
---SNAPSHOT---
2026-04-27 15:54:01
MemTotal:        8129240 kB
MemFree:         3841068 kB
MemAvailable:    3573552 kB
Buffers:            6620 kB
Cached:           315544 kB
SwapCached:        17924 kB
Active:          3054968 kB
Inactive:         600520 kB
Active(anon):    2946160 kB
Inactive(anon):   443140 kB
Active(file):     108808 kB
Inactive(file):   157380 kB
Unevictable:          16 kB
Mlocked:              16 kB
SwapTotal:       4194300 kB
SwapFree:        4176376 kB
Zswap:                 0 kB
Zswapped:              0 kB
Dirty:               556 kB
Writeback:             0 kB
AnonPages:       3315480 kB
Mapped:           264096 kB
Shmem:             55972 kB
KReclaimable:      53860 kB
Slab:             280648 kB
SReclaimable:      53860 kB
SUnreclaim:       226788 kB
KernelStack:       18236 kB
PageTables:        49328 kB
SecPageTables:         0 kB
NFS_Unstable:          0 kB
Bounce:                0 kB
WritebackTmp:          0 kB
CommitLimit:     8258920 kB
Committed_AS:   11352900 kB
VmallocTotal:   34359738367 kB
VmallocUsed:       46408 kB
VmallocChunk:          0 kB
Percpu:            13280 kB
HardwareCorrupted:     0 kB
AnonHugePages:   1638400 kB
ShmemHugePages:        0 kB
ShmemPmdMapped:        0 kB
FileHugePages:         0 kB
FilePmdMapped:         0 kB
CmaTotal:              0 kB
CmaFree:               0 kB
Unaccepted:            0 kB
Balloon:               0 kB
HugePages_Total:       0
HugePages_Free:        0
HugePages_Rsvd:        0
HugePages_Surp:        0
Hugepagesize:       2048 kB
Hugetlb:               0 kB
DirectMap4k:      194432 kB
DirectMap2M:     6096896 kB
DirectMap1G:     4194304 kB
---SNAPSHOT---
2026-04-27 15:54:02
MemTotal:        8129240 kB
MemFree:         3689508 kB
MemAvailable:    3422124 kB
Buffers:            6888 kB
Cached:           315552 kB
SwapCached:        17924 kB
Active:          3204576 kB
Inactive:         600784 kB
Active(anon):    3095768 kB
Inactive(anon):   443140 kB
Active(file):     108808 kB
Inactive(file):   157644 kB
Unevictable:          16 kB
Mlocked:              16 kB
SwapTotal:       4194300 kB
SwapFree:        4176376 kB
Zswap:                 0 kB
Zswapped:              0 kB
Dirty:               564 kB
Writeback:             0 kB
AnonPages:       3465196 kB
Mapped:           263868 kB
Shmem:             55972 kB
KReclaimable:      53860 kB
Slab:             280644 kB
SReclaimable:      53860 kB
SUnreclaim:       226784 kB
KernelStack:       18236 kB
PageTables:        49152 kB
SecPageTables:         0 kB
NFS_Unstable:          0 kB
Bounce:                0 kB
WritebackTmp:          0 kB
CommitLimit:     8258920 kB
Committed_AS:   11352508 kB
VmallocTotal:   34359738367 kB
VmallocUsed:       46392 kB
VmallocChunk:          0 kB
Percpu:            13280 kB
HardwareCorrupted:     0 kB
AnonHugePages:   1787904 kB
ShmemHugePages:        0 kB
ShmemPmdMapped:        0 kB
FileHugePages:         0 kB
FilePmdMapped:         0 kB
CmaTotal:              0 kB
CmaFree:               0 kB
Unaccepted:            0 kB
Balloon:               0 kB
HugePages_Total:       0
HugePages_Free:        0
HugePages_Rsvd:        0
HugePages_Surp:        0
Hugepagesize:       2048 kB
Hugetlb:               0 kB
DirectMap4k:      194432 kB
DirectMap2M:     6096896 kB
DirectMap1G:     4194304 kB
---SNAPSHOT---
2026-04-27 15:54:03
MemTotal:        8129240 kB
MemFree:         4126600 kB
MemAvailable:    3859224 kB
Buffers:            6888 kB
Cached:           315560 kB
SwapCached:        17924 kB
Active:          2717164 kB
Inactive:         600800 kB
Active(anon):    2608356 kB
Inactive(anon):   443140 kB
Active(file):     108808 kB
Inactive(file):   157660 kB
Unevictable:          16 kB
Mlocked:              16 kB
SwapTotal:       4194300 kB
SwapFree:        4176376 kB
Zswap:                 0 kB
Zswapped:              0 kB
Dirty:               572 kB
Writeback:             0 kB
AnonPages:       2977740 kB
Mapped:           263868 kB
Shmem:             55972 kB
KReclaimable:      53860 kB
Slab:             280640 kB
SReclaimable:      53860 kB
SUnreclaim:       226780 kB
KernelStack:       18236 kB
PageTables:        48292 kB
SecPageTables:         0 kB
NFS_Unstable:          0 kB
Bounce:                0 kB
WritebackTmp:          0 kB
CommitLimit:     8258920 kB
Committed_AS:   11352784 kB
VmallocTotal:   34359738367 kB
VmallocUsed:       46376 kB
VmallocChunk:          0 kB
Percpu:            13280 kB
HardwareCorrupted:     0 kB
AnonHugePages:   1300480 kB
ShmemHugePages:        0 kB
ShmemPmdMapped:        0 kB
FileHugePages:         0 kB
FilePmdMapped:         0 kB
CmaTotal:              0 kB
CmaFree:               0 kB
Unaccepted:            0 kB
Balloon:               0 kB
HugePages_Total:       0
HugePages_Free:        0
HugePages_Rsvd:        0
HugePages_Surp:        0
Hugepagesize:       2048 kB
Hugetlb:               0 kB
DirectMap4k:      194432 kB
DirectMap2M:     6096896 kB
DirectMap1G:     4194304 kB
---SNAPSHOT---
2026-04-27 15:54:04
MemTotal:        8129240 kB
MemFree:         3770956 kB
MemAvailable:    3503584 kB
Buffers:            6896 kB
Cached:           315564 kB
SwapCached:        17924 kB
Active:          3131464 kB
Inactive:         600808 kB
Active(anon):    3022656 kB
Inactive(anon):   443140 kB
Active(file):     108808 kB
Inactive(file):   157668 kB
Unevictable:          16 kB
Mlocked:              16 kB
SwapTotal:       4194300 kB
SwapFree:        4176376 kB
Zswap:                 0 kB
Zswapped:              0 kB
Dirty:               576 kB
Writeback:             0 kB
AnonPages:       3391948 kB
Mapped:           263868 kB
Shmem:             55972 kB
KReclaimable:      53860 kB
Slab:             280640 kB
SReclaimable:      53860 kB
SUnreclaim:       226780 kB
KernelStack:       18236 kB
PageTables:        49224 kB
SecPageTables:         0 kB
NFS_Unstable:          0 kB
Bounce:                0 kB
WritebackTmp:          0 kB
CommitLimit:     8258920 kB
Committed_AS:   11352556 kB
VmallocTotal:   34359738367 kB
VmallocUsed:       46376 kB
VmallocChunk:          0 kB
Percpu:            13280 kB
HardwareCorrupted:     0 kB
AnonHugePages:   1716224 kB
ShmemHugePages:        0 kB
ShmemPmdMapped:        0 kB
FileHugePages:         0 kB
FilePmdMapped:         0 kB
CmaTotal:              0 kB
CmaFree:               0 kB
Unaccepted:            0 kB
Balloon:               0 kB
HugePages_Total:       0
HugePages_Free:        0
HugePages_Rsvd:        0
HugePages_Surp:        0
Hugepagesize:       2048 kB
Hugetlb:               0 kB
DirectMap4k:      194432 kB
DirectMap2M:     6096896 kB
DirectMap1G:     4194304 kB
---SNAPSHOT---
2026-04-27 15:54:05
MemTotal:        8129240 kB
MemFree:         3348352 kB
MemAvailable:    3080988 kB
Buffers:            6896 kB
Cached:           315572 kB
SwapCached:        17924 kB
Active:          3556196 kB
Inactive:         600824 kB
Active(anon):    3447388 kB
Inactive(anon):   443140 kB
Active(file):     108808 kB
Inactive(file):   157684 kB
Unevictable:          16 kB
Mlocked:              16 kB
SwapTotal:       4194300 kB
SwapFree:        4176376 kB
Zswap:                 0 kB
Zswapped:              0 kB
Dirty:               584 kB
Writeback:             0 kB
AnonPages:       3816568 kB
Mapped:           263868 kB
Shmem:             55972 kB
KReclaimable:      53860 kB
Slab:             280640 kB
SReclaimable:      53860 kB
SUnreclaim:       226780 kB
KernelStack:       18176 kB
PageTables:        49868 kB
SecPageTables:         0 kB
NFS_Unstable:          0 kB
Bounce:                0 kB
WritebackTmp:          0 kB
CommitLimit:     8258920 kB
Committed_AS:   11352896 kB
VmallocTotal:   34359738367 kB
VmallocUsed:       46344 kB
VmallocChunk:          0 kB
Percpu:            13280 kB
HardwareCorrupted:     0 kB
AnonHugePages:   2140160 kB
ShmemHugePages:        0 kB
ShmemPmdMapped:        0 kB
FileHugePages:         0 kB
FilePmdMapped:         0 kB
CmaTotal:              0 kB
CmaFree:               0 kB
Unaccepted:            0 kB
Balloon:               0 kB
HugePages_Total:       0
HugePages_Free:        0
HugePages_Rsvd:        0
HugePages_Surp:        0
Hugepagesize:       2048 kB
Hugetlb:               0 kB
DirectMap4k:      194432 kB
DirectMap2M:     6096896 kB
DirectMap1G:     4194304 kB
---SNAPSHOT---
2026-04-27 15:54:06
MemTotal:        8129240 kB
MemFree:         3346540 kB
MemAvailable:    3079176 kB
Buffers:            6896 kB
Cached:           315576 kB
SwapCached:       537420 kB
Active:          3044680 kB
Inactive:        1118312 kB
Active(anon):    2935872 kB
Inactive(anon):   960624 kB
Active(file):     108808 kB
Inactive(file):   157688 kB
Unevictable:          16 kB
Mlocked:              16 kB
SwapTotal:       4194300 kB
SwapFree:        3656724 kB
Zswap:                 0 kB
Zswapped:              0 kB
Dirty:               588 kB
Writeback:           796 kB
AnonPages:       3305320 kB
Mapped:           263868 kB
Shmem:             55972 kB
KReclaimable:      53860 kB
Slab:             280668 kB
SReclaimable:      53860 kB
SUnreclaim:       226808 kB
KernelStack:       18176 kB
PageTables:        49400 kB
SecPageTables:         0 kB
NFS_Unstable:          0 kB
Bounce:                0 kB
WritebackTmp:          0 kB
CommitLimit:     8258920 kB
Committed_AS:   11352668 kB
VmallocTotal:   34359738367 kB
VmallocUsed:       46312 kB
VmallocChunk:          0 kB
Percpu:            13280 kB
HardwareCorrupted:     0 kB
AnonHugePages:   1628160 kB
ShmemHugePages:        0 kB
ShmemPmdMapped:        0 kB
FileHugePages:         0 kB
FilePmdMapped:         0 kB
CmaTotal:              0 kB
CmaFree:               0 kB
Unaccepted:            0 kB
Balloon:               0 kB
HugePages_Total:       0
HugePages_Free:        0
HugePages_Rsvd:        0
HugePages_Surp:        0
Hugepagesize:       2048 kB
Hugetlb:               0 kB
DirectMap4k:      194432 kB
DirectMap2M:     6096896 kB
DirectMap1G:     4194304 kB
---SNAPSHOT---
2026-04-27 15:54:07
MemTotal:        8129240 kB
MemFree:         3430556 kB
MemAvailable:    3163196 kB
Buffers:            6896 kB
Cached:           315584 kB
SwapCached:        18060 kB
Active:          3449992 kB
Inactive:         600968 kB
Active(anon):    3341184 kB
Inactive(anon):   443276 kB
Active(file):     108808 kB
Inactive(file):   157692 kB
Unevictable:          16 kB
Mlocked:              16 kB
SwapTotal:       4194300 kB
SwapFree:        4176376 kB
Zswap:                 0 kB
Zswapped:              0 kB
Dirty:               596 kB
Writeback:           208 kB
AnonPages:       3710084 kB
Mapped:           263868 kB
Shmem:             55972 kB
KReclaimable:      53860 kB
Slab:             280660 kB
SReclaimable:      53860 kB
SUnreclaim:       226800 kB
KernelStack:       18160 kB
PageTables:        49748 kB
SecPageTables:         0 kB
NFS_Unstable:          0 kB
Bounce:                0 kB
WritebackTmp:          0 kB
CommitLimit:     8258920 kB
Committed_AS:   11353268 kB
VmallocTotal:   34359738367 kB
VmallocUsed:       46328 kB
VmallocChunk:          0 kB
Percpu:            13280 kB
HardwareCorrupted:     0 kB
AnonHugePages:   2031616 kB
ShmemHugePages:        0 kB
ShmemPmdMapped:        0 kB
FileHugePages:         0 kB
FilePmdMapped:         0 kB
CmaTotal:              0 kB
CmaFree:               0 kB
Unaccepted:            0 kB
Balloon:               0 kB
HugePages_Total:       0
HugePages_Free:        0
HugePages_Rsvd:        0
HugePages_Surp:        0
Hugepagesize:       2048 kB
Hugetlb:               0 kB
DirectMap4k:      194432 kB
DirectMap2M:     6096896 kB
DirectMap1G:     4194304 kB
---SNAPSHOT---
2026-04-27 15:54:08
MemTotal:        8129240 kB
MemFree:         3557560 kB
MemAvailable:    3290204 kB
Buffers:            6896 kB
Cached:           315588 kB
SwapCached:        17924 kB
Active:          3306452 kB
Inactive:         600840 kB
Active(anon):    3197644 kB
Inactive(anon):   443140 kB
Active(file):     108808 kB
Inactive(file):   157700 kB
Unevictable:          16 kB
Mlocked:              16 kB
SwapTotal:       4194300 kB
SwapFree:        4176376 kB
Zswap:                 0 kB
Zswapped:              0 kB
Dirty:               600 kB
Writeback:             0 kB
AnonPages:       3566996 kB
Mapped:           263868 kB
Shmem:             55972 kB
KReclaimable:      53860 kB
Slab:             280636 kB
SReclaimable:      53860 kB
SUnreclaim:       226776 kB
KernelStack:       18220 kB
PageTables:        49772 kB
SecPageTables:         0 kB
NFS_Unstable:          0 kB
Bounce:                0 kB
WritebackTmp:          0 kB
CommitLimit:     8258920 kB
Committed_AS:   11353024 kB
VmallocTotal:   34359738367 kB
VmallocUsed:       46360 kB
VmallocChunk:          0 kB
Percpu:            13280 kB
HardwareCorrupted:     0 kB
AnonHugePages:   1888256 kB
ShmemHugePages:        0 kB
ShmemPmdMapped:        0 kB
FileHugePages:         0 kB
FilePmdMapped:         0 kB
CmaTotal:              0 kB
CmaFree:               0 kB
Unaccepted:            0 kB
Balloon:               0 kB
HugePages_Total:       0
HugePages_Free:        0
HugePages_Rsvd:        0
HugePages_Surp:        0
Hugepagesize:       2048 kB
Hugetlb:               0 kB
DirectMap4k:      194432 kB
DirectMap2M:     6096896 kB
DirectMap1G:     4194304 kB
---SNAPSHOT---
2026-04-27 15:54:09
MemTotal:        8129240 kB
MemFree:         4236260 kB
MemAvailable:    3968904 kB
Buffers:            7036 kB
Cached:           315452 kB
SwapCached:        17924 kB
Active:          2587736 kB
Inactive:         600844 kB
Active(anon):    2478928 kB
Inactive(anon):   443140 kB
Active(file):     108808 kB
Inactive(file):   157704 kB
Unevictable:          16 kB
Mlocked:              16 kB
SwapTotal:       4194300 kB
SwapFree:        4176376 kB
Zswap:                 0 kB
Zswapped:              0 kB
Dirty:               604 kB
Writeback:             0 kB
AnonPages:       2848388 kB
Mapped:           263868 kB
Shmem:             55972 kB
KReclaimable:      53860 kB
Slab:             280636 kB
SReclaimable:      53860 kB
SUnreclaim:       226776 kB
KernelStack:       18220 kB
PageTables:        48332 kB
SecPageTables:         0 kB
NFS_Unstable:          0 kB
Bounce:                0 kB
WritebackTmp:          0 kB
CommitLimit:     8258920 kB
Committed_AS:   11352772 kB
VmallocTotal:   34359738367 kB
VmallocUsed:       46360 kB
VmallocChunk:          0 kB
Percpu:            13280 kB
HardwareCorrupted:     0 kB
AnonHugePages:   1173504 kB
ShmemHugePages:        0 kB
ShmemPmdMapped:        0 kB
FileHugePages:         0 kB
FilePmdMapped:         0 kB
CmaTotal:              0 kB
CmaFree:               0 kB
Unaccepted:            0 kB
Balloon:               0 kB
HugePages_Total:       0
HugePages_Free:        0
HugePages_Rsvd:        0
HugePages_Surp:        0
Hugepagesize:       2048 kB
Hugetlb:               0 kB
DirectMap4k:      194432 kB
DirectMap2M:     6096896 kB
DirectMap1G:     4194304 kB
---SNAPSHOT---
2026-04-27 15:54:10
MemTotal:        8129240 kB
MemFree:         3505868 kB
MemAvailable:    3238588 kB
Buffers:            7036 kB
Cached:           315600 kB
SwapCached:        17924 kB
Active:          3384568 kB
Inactive:         600992 kB
Active(anon):    3275760 kB
Inactive(anon):   443140 kB
Active(file):     108808 kB
Inactive(file):   157852 kB
Unevictable:          16 kB
Mlocked:              16 kB
SwapTotal:       4194300 kB
SwapFree:        4176376 kB
Zswap:                 0 kB
Zswapped:              0 kB
Dirty:               292 kB
Writeback:             0 kB
AnonPages:       3645060 kB
Mapped:           263868 kB
Shmem:             55972 kB
KReclaimable:      53860 kB
Slab:             280636 kB
SReclaimable:      53860 kB
SUnreclaim:       226776 kB
KernelStack:       18220 kB
PageTables:        49680 kB
SecPageTables:         0 kB
NFS_Unstable:          0 kB
Bounce:                0 kB
WritebackTmp:          0 kB
CommitLimit:     8258920 kB
Committed_AS:   11353156 kB
VmallocTotal:   34359738367 kB
VmallocUsed:       46376 kB
VmallocChunk:          0 kB
Percpu:            13280 kB
HardwareCorrupted:     0 kB
AnonHugePages:   1970176 kB
ShmemHugePages:        0 kB
ShmemPmdMapped:        0 kB
FileHugePages:         0 kB
FilePmdMapped:         0 kB
CmaTotal:              0 kB
CmaFree:               0 kB
Unaccepted:            0 kB
Balloon:               0 kB
HugePages_Total:       0
HugePages_Free:        0
HugePages_Rsvd:        0
HugePages_Surp:        0
Hugepagesize:       2048 kB
Hugetlb:               0 kB
DirectMap4k:      194432 kB
DirectMap2M:     6096896 kB
DirectMap1G:     4194304 kB
---SNAPSHOT---
2026-04-27 15:54:11
MemTotal:        8129240 kB
MemFree:         3760084 kB
MemAvailable:    3492804 kB
Buffers:            7036 kB
Cached:           315604 kB
SwapCached:        17924 kB
Active:          3110344 kB
Inactive:         600996 kB
Active(anon):    3001536 kB
Inactive(anon):   443140 kB
Active(file):     108808 kB
Inactive(file):   157856 kB
Unevictable:          16 kB
Mlocked:              16 kB
SwapTotal:       4194300 kB
SwapFree:        4176376 kB
Zswap:                 0 kB
Zswapped:              0 kB
Dirty:               200 kB
Writeback:             0 kB
AnonPages:       3370848 kB
Mapped:           263868 kB
Shmem:             55972 kB
KReclaimable:      53860 kB
Slab:             280640 kB
SReclaimable:      53860 kB
SUnreclaim:       226780 kB
KernelStack:       18160 kB
PageTables:        49164 kB
SecPageTables:         0 kB
NFS_Unstable:          0 kB
Bounce:                0 kB
WritebackTmp:          0 kB
CommitLimit:     8258920 kB
Committed_AS:   11352908 kB
VmallocTotal:   34359738367 kB
VmallocUsed:       46376 kB
VmallocChunk:          0 kB
Percpu:            13280 kB
HardwareCorrupted:     0 kB
AnonHugePages:   1497088 kB
ShmemHugePages:        0 kB
ShmemPmdMapped:        0 kB
FileHugePages:         0 kB
FilePmdMapped:         0 kB
CmaTotal:              0 kB
CmaFree:               0 kB
Unaccepted:            0 kB
Balloon:               0 kB
HugePages_Total:       0
HugePages_Free:        0
HugePages_Rsvd:        0
HugePages_Surp:        0
Hugepagesize:       2048 kB
Hugetlb:               0 kB
DirectMap4k:      194432 kB
DirectMap2M:     6096896 kB
DirectMap1G:     4194304 kB
---SNAPSHOT---
2026-04-27 15:54:12
MemTotal:        8129240 kB
MemFree:         4003472 kB
MemAvailable:    3736196 kB
Buffers:            7036 kB
Cached:           315612 kB
SwapCached:        17924 kB
Active:          2838800 kB
Inactive:         601000 kB
Active(anon):    2729992 kB
Inactive(anon):   443140 kB
Active(file):     108808 kB
Inactive(file):   157860 kB
Unevictable:          16 kB
Mlocked:              16 kB
SwapTotal:       4194300 kB
SwapFree:        4176376 kB
Zswap:                 0 kB
Zswapped:              0 kB
Dirty:               208 kB
Writeback:             0 kB
AnonPages:       3099312 kB
Mapped:           263868 kB
Shmem:             55972 kB
KReclaimable:      53860 kB
Slab:             280644 kB
SReclaimable:      53860 kB
SUnreclaim:       226784 kB
KernelStack:       18220 kB
PageTables:        48388 kB
SecPageTables:         0 kB
NFS_Unstable:          0 kB
Bounce:                0 kB
WritebackTmp:          0 kB
CommitLimit:     8258920 kB
Committed_AS:   11352996 kB
VmallocTotal:   34359738367 kB
VmallocUsed:       46408 kB
VmallocChunk:          0 kB
Percpu:            13280 kB
HardwareCorrupted:     0 kB
AnonHugePages:    833536 kB
ShmemHugePages:        0 kB
ShmemPmdMapped:        0 kB
FileHugePages:         0 kB
FilePmdMapped:         0 kB
CmaTotal:              0 kB
CmaFree:               0 kB
Unaccepted:            0 kB
Balloon:               0 kB
HugePages_Total:       0
HugePages_Free:        0
HugePages_Rsvd:        0
HugePages_Surp:        0
Hugepagesize:       2048 kB
Hugetlb:               0 kB
DirectMap4k:      194432 kB
DirectMap2M:     6096896 kB
DirectMap1G:     4194304 kB
---SNAPSHOT---
2026-04-27 15:54:13
MemTotal:        8129240 kB
MemFree:         3795992 kB
MemAvailable:    3528724 kB
Buffers:            7052 kB
Cached:           315620 kB
SwapCached:       244556 kB
Active:          2853964 kB
Inactive:         816936 kB
Active(anon):    2745156 kB
Inactive(anon):   659056 kB
Active(file):     108808 kB
Inactive(file):   157880 kB
Unevictable:          16 kB
Mlocked:              16 kB
SwapTotal:       4194300 kB
SwapFree:        3949560 kB
Zswap:                 0 kB
Zswapped:              0 kB
Dirty:               212 kB
Writeback:         10716 kB
AnonPages:       3103748 kB
Mapped:           263868 kB
Shmem:             55972 kB
KReclaimable:      53860 kB
Slab:             281120 kB
SReclaimable:      53860 kB
SUnreclaim:       227260 kB
KernelStack:       18220 kB
PageTables:        49220 kB
SecPageTables:         0 kB
NFS_Unstable:          0 kB
Bounce:                0 kB
WritebackTmp:          0 kB
CommitLimit:     8258920 kB
Committed_AS:   11353268 kB
VmallocTotal:   34359738367 kB
VmallocUsed:       46424 kB
VmallocChunk:          0 kB
Percpu:            13280 kB
HardwareCorrupted:     0 kB
AnonHugePages:   1046528 kB
ShmemHugePages:        0 kB
ShmemPmdMapped:        0 kB
FileHugePages:         0 kB
FilePmdMapped:         0 kB
CmaTotal:              0 kB
CmaFree:               0 kB
Unaccepted:            0 kB
Balloon:               0 kB
HugePages_Total:       0
HugePages_Free:        0
HugePages_Rsvd:        0
HugePages_Surp:        0
Hugepagesize:       2048 kB
Hugetlb:               0 kB
DirectMap4k:      194432 kB
DirectMap2M:     6096896 kB
DirectMap1G:     4194304 kB
---SNAPSHOT---
2026-04-27 15:54:14
MemTotal:        8129240 kB
MemFree:         3683212 kB
MemAvailable:    3415956 kB
Buffers:            7052 kB
Cached:           315636 kB
SwapCached:       644792 kB
Active:          2516916 kB
Inactive:        1222376 kB
Active(anon):    2408108 kB
Inactive(anon):  1064476 kB
Active(file):     108808 kB
Inactive(file):   157900 kB
Unevictable:          16 kB
Mlocked:              16 kB
SwapTotal:       4194300 kB
SwapFree:        3549568 kB
Zswap:                 0 kB
Zswapped:              0 kB
Dirty:               260 kB
Writeback:          5656 kB
AnonPages:       2771800 kB
Mapped:           263868 kB
Shmem:             55972 kB
KReclaimable:      53860 kB
Slab:             280968 kB
SReclaimable:      53860 kB
SUnreclaim:       227108 kB
KernelStack:       18160 kB
PageTables:        48956 kB
SecPageTables:         0 kB
NFS_Unstable:          0 kB
Bounce:                0 kB
WritebackTmp:          0 kB
CommitLimit:     8258920 kB
Committed_AS:   11352936 kB
VmallocTotal:   34359738367 kB
VmallocUsed:       46408 kB
VmallocChunk:          0 kB
Percpu:            13280 kB
HardwareCorrupted:     0 kB
AnonHugePages:    456704 kB
ShmemHugePages:        0 kB
ShmemPmdMapped:        0 kB
FileHugePages:         0 kB
FilePmdMapped:         0 kB
CmaTotal:              0 kB
CmaFree:               0 kB
Unaccepted:            0 kB
Balloon:               0 kB
HugePages_Total:       0
HugePages_Free:        0
HugePages_Rsvd:        0
HugePages_Surp:        0
Hugepagesize:       2048 kB
Hugetlb:               0 kB
DirectMap4k:      194432 kB
DirectMap2M:     6096896 kB
DirectMap1G:     4194304 kB
---SNAPSHOT---
2026-04-27 15:54:15
MemTotal:        8129240 kB
MemFree:         3933844 kB
MemAvailable:    3666588 kB
Buffers:            7056 kB
Cached:           315640 kB
SwapCached:        18020 kB
Active:          2816072 kB
Inactive:         601068 kB
Active(anon):    2707264 kB
Inactive(anon):   443164 kB
Active(file):     108808 kB
Inactive(file):   157904 kB
Unevictable:          16 kB
Mlocked:              16 kB
SwapTotal:       4194300 kB
SwapFree:        4176376 kB
Zswap:                 0 kB
Zswapped:              0 kB
Dirty:               272 kB
Writeback:             0 kB
AnonPages:       3076428 kB
Mapped:           263868 kB
Shmem:             55972 kB
KReclaimable:      53860 kB
Slab:             280656 kB
SReclaimable:      53860 kB
SUnreclaim:       226796 kB
KernelStack:       18220 kB
PageTables:        48652 kB
SecPageTables:         0 kB
NFS_Unstable:          0 kB
Bounce:                0 kB
WritebackTmp:          0 kB
CommitLimit:     8258920 kB
Committed_AS:   11353024 kB
VmallocTotal:   34359738367 kB
VmallocUsed:       46392 kB
VmallocChunk:          0 kB
Percpu:            13280 kB
HardwareCorrupted:     0 kB
AnonHugePages:   1134592 kB
ShmemHugePages:        0 kB
ShmemPmdMapped:        0 kB
FileHugePages:         0 kB
FilePmdMapped:         0 kB
CmaTotal:              0 kB
CmaFree:               0 kB
Unaccepted:            0 kB
Balloon:               0 kB
HugePages_Total:       0
HugePages_Free:        0
HugePages_Rsvd:        0
HugePages_Surp:        0
Hugepagesize:       2048 kB
Hugetlb:               0 kB
DirectMap4k:      194432 kB
DirectMap2M:     6096896 kB
DirectMap1G:     4194304 kB
---SNAPSHOT---
2026-04-27 15:54:16
MemTotal:        8129240 kB
MemFree:         3604056 kB
MemAvailable:    3336812 kB
Buffers:            7056 kB
Cached:           315656 kB
SwapCached:        17924 kB
Active:          3178772 kB
Inactive:         601068 kB
Active(anon):    3069964 kB
Inactive(anon):   443140 kB
Active(file):     108808 kB
Inactive(file):   157928 kB
Unevictable:          16 kB
Mlocked:              16 kB
SwapTotal:       4194300 kB
SwapFree:        4176376 kB
Zswap:                 0 kB
Zswapped:              0 kB
Dirty:                72 kB
Writeback:             0 kB
AnonPages:       3439272 kB
Mapped:           264096 kB
Shmem:             55972 kB
KReclaimable:      53860 kB
Slab:             280636 kB
SReclaimable:      53860 kB
SUnreclaim:       226776 kB
KernelStack:       18160 kB
PageTables:        49592 kB
SecPageTables:         0 kB
NFS_Unstable:          0 kB
Bounce:                0 kB
WritebackTmp:          0 kB
CommitLimit:     8258920 kB
Committed_AS:   11353264 kB
VmallocTotal:   34359738367 kB
VmallocUsed:       46376 kB
VmallocChunk:          0 kB
Percpu:            13280 kB
HardwareCorrupted:     0 kB
AnonHugePages:   1288192 kB
ShmemHugePages:        0 kB
ShmemPmdMapped:        0 kB
FileHugePages:         0 kB
FilePmdMapped:         0 kB
CmaTotal:              0 kB
CmaFree:               0 kB
Unaccepted:            0 kB
Balloon:               0 kB
HugePages_Total:       0
HugePages_Free:        0
HugePages_Rsvd:        0
HugePages_Surp:        0
Hugepagesize:       2048 kB
Hugetlb:               0 kB
DirectMap4k:      194432 kB
DirectMap2M:     6096896 kB
DirectMap1G:     4194304 kB
---SNAPSHOT---
2026-04-27 15:54:17
MemTotal:        8129240 kB
MemFree:         4449716 kB
MemAvailable:    4182476 kB
Buffers:            7056 kB
Cached:           315664 kB
SwapCached:        17924 kB
Active:          2275104 kB
Inactive:         601076 kB
Active(anon):    2166296 kB
Inactive(anon):   443140 kB
Active(file):     108808 kB
Inactive(file):   157936 kB
Unevictable:          16 kB
Mlocked:              16 kB
SwapTotal:       4194300 kB
SwapFree:        4176376 kB
Zswap:                 0 kB
Zswapped:              0 kB
Dirty:                80 kB
Writeback:             0 kB
AnonPages:       2535572 kB
Mapped:           263868 kB
Shmem:             55972 kB
KReclaimable:      53860 kB
Slab:             280632 kB
SReclaimable:      53860 kB
SUnreclaim:       226772 kB
KernelStack:       18160 kB
PageTables:        47312 kB
SecPageTables:         0 kB
NFS_Unstable:          0 kB
Bounce:                0 kB
WritebackTmp:          0 kB
CommitLimit:     8258920 kB
Committed_AS:   11352912 kB
VmallocTotal:   34359738367 kB
VmallocUsed:       46360 kB
VmallocChunk:          0 kB
Percpu:            13280 kB
HardwareCorrupted:     0 kB
AnonHugePages:    862208 kB
ShmemHugePages:        0 kB
ShmemPmdMapped:        0 kB
FileHugePages:         0 kB
FilePmdMapped:         0 kB
CmaTotal:              0 kB
CmaFree:               0 kB
Unaccepted:            0 kB
Balloon:               0 kB
HugePages_Total:       0
HugePages_Free:        0
HugePages_Rsvd:        0
HugePages_Surp:        0
Hugepagesize:       2048 kB
Hugetlb:               0 kB
DirectMap4k:      194432 kB
DirectMap2M:     6096896 kB
DirectMap1G:     4194304 kB
---SNAPSHOT---
2026-04-27 15:54:18
MemTotal:        8129240 kB
MemFree:         4073844 kB
MemAvailable:    3806608 kB
Buffers:            7064 kB
Cached:           315660 kB
SwapCached:        17924 kB
Active:          2682480 kB
Inactive:         601080 kB
Active(anon):    2573672 kB
Inactive(anon):   443140 kB
Active(file):     108808 kB
Inactive(file):   157940 kB
Unevictable:          16 kB
Mlocked:              16 kB
SwapTotal:       4194300 kB
SwapFree:        4176376 kB
Zswap:                 0 kB
Zswapped:              0 kB
Dirty:                84 kB
Writeback:             0 kB
AnonPages:       2943080 kB
Mapped:           263868 kB
Shmem:             55972 kB
KReclaimable:      53860 kB
Slab:             280640 kB
SReclaimable:      53860 kB
SUnreclaim:       226780 kB
KernelStack:       18176 kB
PageTables:        48384 kB
SecPageTables:         0 kB
NFS_Unstable:          0 kB
Bounce:                0 kB
WritebackTmp:          0 kB
CommitLimit:     8258920 kB
Committed_AS:   11352904 kB
VmallocTotal:   34359738367 kB
VmallocUsed:       46360 kB
VmallocChunk:          0 kB
Percpu:            13280 kB
HardwareCorrupted:     0 kB
AnonHugePages:   1269760 kB
ShmemHugePages:        0 kB
ShmemPmdMapped:        0 kB
FileHugePages:         0 kB
FilePmdMapped:         0 kB
CmaTotal:              0 kB
CmaFree:               0 kB
Unaccepted:            0 kB
Balloon:               0 kB
HugePages_Total:       0
HugePages_Free:        0
HugePages_Rsvd:        0
HugePages_Surp:        0
Hugepagesize:       2048 kB
Hugetlb:               0 kB
DirectMap4k:      194432 kB
DirectMap2M:     6096896 kB
DirectMap1G:     4194304 kB
---SNAPSHOT---
2026-04-27 15:54:19
MemTotal:        8129240 kB
MemFree:         3073396 kB
MemAvailable:    2806164 kB
Buffers:            7064 kB
Cached:           315672 kB
SwapCached:        17924 kB
Active:          3737176 kB
Inactive:         601092 kB
Active(anon):    3628368 kB
Inactive(anon):   443140 kB
Active(file):     108808 kB
Inactive(file):   157952 kB
Unevictable:          16 kB
Mlocked:              16 kB
SwapTotal:       4194300 kB
SwapFree:        4176376 kB
Zswap:                 0 kB
Zswapped:              0 kB
Dirty:               108 kB
Writeback:             0 kB
AnonPages:       3997704 kB
Mapped:           263868 kB
Shmem:             55972 kB
KReclaimable:      53860 kB
Slab:             280644 kB
SReclaimable:      53860 kB
SUnreclaim:       226784 kB
KernelStack:       18236 kB
PageTables:        50208 kB
SecPageTables:         0 kB
NFS_Unstable:          0 kB
Bounce:                0 kB
WritebackTmp:          0 kB
CommitLimit:     8258920 kB
Committed_AS:   11352772 kB
VmallocTotal:   34359738367 kB
VmallocUsed:       46360 kB
VmallocChunk:          0 kB
Percpu:            13280 kB
HardwareCorrupted:     0 kB
AnonHugePages:   2324480 kB
ShmemHugePages:        0 kB
ShmemPmdMapped:        0 kB
FileHugePages:         0 kB
FilePmdMapped:         0 kB
CmaTotal:              0 kB
CmaFree:               0 kB
Unaccepted:            0 kB
Balloon:               0 kB
HugePages_Total:       0
HugePages_Free:        0
HugePages_Rsvd:        0
HugePages_Surp:        0
Hugepagesize:       2048 kB
Hugetlb:               0 kB
DirectMap4k:      194432 kB
DirectMap2M:     6096896 kB
DirectMap1G:     4194304 kB
---SNAPSHOT---
2026-04-27 15:54:20
MemTotal:        8129240 kB
MemFree:         3936992 kB
MemAvailable:    3669772 kB
Buffers:            7064 kB
Cached:           315680 kB
SwapCached:        17924 kB
Active:          2879912 kB
Inactive:         601100 kB
Active(anon):    2771104 kB
Inactive(anon):   443140 kB
Active(file):     108808 kB
Inactive(file):   157960 kB
Unevictable:          16 kB
Mlocked:              16 kB
SwapTotal:       4194300 kB
SwapFree:        4176376 kB
Zswap:                 0 kB
Zswapped:              0 kB
Dirty:               112 kB
Writeback:             0 kB
AnonPages:       3140680 kB
Mapped:           263868 kB
Shmem:             55972 kB
KReclaimable:      53876 kB
Slab:             280660 kB
SReclaimable:      53876 kB
SUnreclaim:       226784 kB
KernelStack:       18144 kB
PageTables:        48744 kB
SecPageTables:         0 kB
NFS_Unstable:          0 kB
Bounce:                0 kB
WritebackTmp:          0 kB
CommitLimit:     8258920 kB
Committed_AS:   11353784 kB
VmallocTotal:   34359738367 kB
VmallocUsed:       46392 kB
VmallocChunk:          0 kB
Percpu:            13280 kB
HardwareCorrupted:     0 kB
AnonHugePages:   1466368 kB
ShmemHugePages:        0 kB
ShmemPmdMapped:        0 kB
FileHugePages:         0 kB
FilePmdMapped:         0 kB
CmaTotal:              0 kB
CmaFree:               0 kB
Unaccepted:            0 kB
Balloon:               0 kB
HugePages_Total:       0
HugePages_Free:        0
HugePages_Rsvd:        0
HugePages_Surp:        0
Hugepagesize:       2048 kB
Hugetlb:               0 kB
DirectMap4k:      194432 kB
DirectMap2M:     6096896 kB
DirectMap1G:     4194304 kB
---SNAPSHOT---
2026-04-27 15:54:21
MemTotal:        8129240 kB
MemFree:         3511324 kB
MemAvailable:    3244108 kB
Buffers:            7064 kB
Cached:           315684 kB
SwapCached:        17924 kB
Active:          3309476 kB
Inactive:         601104 kB
Active(anon):    3200668 kB
Inactive(anon):   443140 kB
Active(file):     108808 kB
Inactive(file):   157964 kB
Unevictable:          16 kB
Mlocked:              16 kB
SwapTotal:       4194300 kB
SwapFree:        4176376 kB
Zswap:                 0 kB
Zswapped:              0 kB
Dirty:               116 kB
Writeback:             0 kB
AnonPages:       3569904 kB
Mapped:           263804 kB
Shmem:             55972 kB
KReclaimable:      53876 kB
Slab:             280652 kB
SReclaimable:      53876 kB
SUnreclaim:       226776 kB
KernelStack:       18128 kB
PageTables:        49760 kB
SecPageTables:         0 kB
NFS_Unstable:          0 kB
Bounce:                0 kB
WritebackTmp:          0 kB
CommitLimit:     8258920 kB
Committed_AS:   11353800 kB
VmallocTotal:   34359738367 kB
VmallocUsed:       46392 kB
VmallocChunk:          0 kB
Percpu:            13280 kB
HardwareCorrupted:     0 kB
AnonHugePages:   1896448 kB
ShmemHugePages:        0 kB
ShmemPmdMapped:        0 kB
FileHugePages:         0 kB
FilePmdMapped:         0 kB
CmaTotal:              0 kB
CmaFree:               0 kB
Unaccepted:            0 kB
Balloon:               0 kB
HugePages_Total:       0
HugePages_Free:        0
HugePages_Rsvd:        0
HugePages_Surp:        0
Hugepagesize:       2048 kB
Hugetlb:               0 kB
DirectMap4k:      194432 kB
DirectMap2M:     6096896 kB
DirectMap1G:     4194304 kB
---SNAPSHOT---
2026-04-27 15:54:22
MemTotal:        8129240 kB
MemFree:         3326776 kB
MemAvailable:    3059564 kB
Buffers:            7064 kB
Cached:           315692 kB
SwapCached:       309880 kB
Active:          3202572 kB
Inactive:         891276 kB
Active(anon):    3093764 kB
Inactive(anon):   733304 kB
Active(file):     108808 kB
Inactive(file):   157972 kB
Unevictable:          16 kB
Mlocked:              16 kB
SwapTotal:       4194300 kB
SwapFree:        3884364 kB
Zswap:                 0 kB
Zswapped:              0 kB
Dirty:               124 kB
Writeback:           796 kB
AnonPages:       3463504 kB
Mapped:           263868 kB
Shmem:             55972 kB
KReclaimable:      53876 kB
Slab:             280704 kB
SReclaimable:      53876 kB
SUnreclaim:       226828 kB
KernelStack:       18160 kB
PageTables:        50964 kB
SecPageTables:         0 kB
NFS_Unstable:          0 kB
Bounce:                0 kB
WritebackTmp:          0 kB
CommitLimit:     8258920 kB
Committed_AS:   11353528 kB
VmallocTotal:   34359738367 kB
VmallocUsed:       46360 kB
VmallocChunk:          0 kB
Percpu:            13280 kB
HardwareCorrupted:     0 kB
AnonHugePages:   1787904 kB
ShmemHugePages:        0 kB
ShmemPmdMapped:        0 kB
FileHugePages:         0 kB
FilePmdMapped:         0 kB
CmaTotal:              0 kB
CmaFree:               0 kB
Unaccepted:            0 kB
Balloon:               0 kB
HugePages_Total:       0
HugePages_Free:        0
HugePages_Rsvd:        0
HugePages_Surp:        0
Hugepagesize:       2048 kB
Hugetlb:               0 kB
DirectMap4k:      194432 kB
DirectMap2M:     6096896 kB
DirectMap1G:     4194304 kB
---SNAPSHOT---
2026-04-27 15:54:23
MemTotal:        8129240 kB
MemFree:         3952112 kB
MemAvailable:    3684908 kB
Buffers:            7072 kB
Cached:           315700 kB
SwapCached:        17924 kB
Active:          2811524 kB
Inactive:         601128 kB
Active(anon):    2702716 kB
Inactive(anon):   443140 kB
Active(file):     108808 kB
Inactive(file):   157988 kB
Unevictable:          16 kB
Mlocked:              16 kB
SwapTotal:       4194300 kB
SwapFree:        4176376 kB
Zswap:                 0 kB
Zswapped:              0 kB
Dirty:               132 kB
Writeback:             0 kB
AnonPages:       3071936 kB
Mapped:           264096 kB
Shmem:             55972 kB
KReclaimable:      53876 kB
Slab:             280652 kB
SReclaimable:      53876 kB
SUnreclaim:       226776 kB
KernelStack:       18220 kB
PageTables:        49084 kB
SecPageTables:         0 kB
NFS_Unstable:          0 kB
Bounce:                0 kB
WritebackTmp:          0 kB
CommitLimit:     8258920 kB
Committed_AS:   11353652 kB
VmallocTotal:   34359738367 kB
VmallocUsed:       46392 kB
VmallocChunk:          0 kB
Percpu:            13280 kB
HardwareCorrupted:     0 kB
AnonHugePages:   1396736 kB
ShmemHugePages:        0 kB
ShmemPmdMapped:        0 kB
FileHugePages:         0 kB
FilePmdMapped:         0 kB
CmaTotal:              0 kB
CmaFree:               0 kB
Unaccepted:            0 kB
Balloon:               0 kB
HugePages_Total:       0
HugePages_Free:        0
HugePages_Rsvd:        0
HugePages_Surp:        0
Hugepagesize:       2048 kB
Hugetlb:               0 kB
DirectMap4k:      194432 kB
DirectMap2M:     6096896 kB
DirectMap1G:     4194304 kB
---SNAPSHOT---
2026-04-27 15:54:24
MemTotal:        8129240 kB
MemFree:         3790088 kB
MemAvailable:    3522884 kB
Buffers:            7072 kB
Cached:           315708 kB
SwapCached:        26360 kB
Active:          2965560 kB
Inactive:         608424 kB
Active(anon):    2856752 kB
Inactive(anon):   450436 kB
Active(file):     108808 kB
Inactive(file):   157988 kB
Unevictable:          16 kB
Mlocked:              16 kB
SwapTotal:       4194300 kB
SwapFree:        4167916 kB
Zswap:                 0 kB
Zswapped:              0 kB
Dirty:               140 kB
Writeback:           912 kB
AnonPages:       3226992 kB
Mapped:           263868 kB
Shmem:             55972 kB
KReclaimable:      53876 kB
Slab:             280656 kB
SReclaimable:      53876 kB
SUnreclaim:       226780 kB
KernelStack:       18128 kB
PageTables:        48640 kB
SecPageTables:         0 kB
NFS_Unstable:          0 kB
Bounce:                0 kB
WritebackTmp:          0 kB
CommitLimit:     8258920 kB
Committed_AS:   11354136 kB
VmallocTotal:   34359738367 kB
VmallocUsed:       46376 kB
VmallocChunk:          0 kB
Percpu:            13280 kB
HardwareCorrupted:     0 kB
AnonHugePages:   1552384 kB
ShmemHugePages:        0 kB
ShmemPmdMapped:        0 kB
FileHugePages:         0 kB
FilePmdMapped:         0 kB
CmaTotal:              0 kB
CmaFree:               0 kB
Unaccepted:            0 kB
Balloon:               0 kB
HugePages_Total:       0
HugePages_Free:        0
HugePages_Rsvd:        0
HugePages_Surp:        0
Hugepagesize:       2048 kB
Hugetlb:               0 kB
DirectMap4k:      194432 kB
DirectMap2M:     6096896 kB
DirectMap1G:     4194304 kB
---SNAPSHOT---
2026-04-27 15:54:25
MemTotal:        8129240 kB
MemFree:         3071248 kB
MemAvailable:    2804052 kB
Buffers:            7072 kB
Cached:           315716 kB
SwapCached:       648388 kB
Active:          3119768 kB
Inactive:        1231328 kB
Active(anon):    3010960 kB
Inactive(anon):  1073324 kB
Active(file):     108808 kB
Inactive(file):   158004 kB
Unevictable:          16 kB
Mlocked:              16 kB
SwapTotal:       4194300 kB
SwapFree:        3546108 kB
Zswap:                 0 kB
Zswapped:              0 kB
Dirty:               148 kB
Writeback:           184 kB
AnonPages:       3380180 kB
Mapped:           263868 kB
Shmem:             55972 kB
KReclaimable:      53876 kB
Slab:             280704 kB
SReclaimable:      53876 kB
SUnreclaim:       226828 kB
KernelStack:       18144 kB
PageTables:        50188 kB
SecPageTables:         0 kB
NFS_Unstable:          0 kB
Bounce:                0 kB
WritebackTmp:          0 kB
CommitLimit:     8258920 kB
Committed_AS:   11353644 kB
VmallocTotal:   34359738367 kB
VmallocUsed:       46392 kB
VmallocChunk:          0 kB
Percpu:            13280 kB
HardwareCorrupted:     0 kB
AnonHugePages:   1708032 kB
ShmemHugePages:        0 kB
ShmemPmdMapped:        0 kB
FileHugePages:         0 kB
FilePmdMapped:         0 kB
CmaTotal:              0 kB
CmaFree:               0 kB
Unaccepted:            0 kB
Balloon:               0 kB
HugePages_Total:       0
HugePages_Free:        0
HugePages_Rsvd:        0
HugePages_Surp:        0
Hugepagesize:       2048 kB
Hugetlb:               0 kB
DirectMap4k:      194432 kB
DirectMap2M:     6096896 kB
DirectMap1G:     4194304 kB
---SNAPSHOT---
2026-04-27 15:54:26
MemTotal:        8129240 kB
MemFree:         3973696 kB
MemAvailable:    3706500 kB
Buffers:            7072 kB
Cached:           315720 kB
SwapCached:        17924 kB
Active:          2834276 kB
Inactive:         601148 kB
Active(anon):    2725468 kB
Inactive(anon):   443140 kB
Active(file):     108808 kB
Inactive(file):   158008 kB
Unevictable:          16 kB
Mlocked:              16 kB
SwapTotal:       4194300 kB
SwapFree:        4176376 kB
Zswap:                 0 kB
Zswapped:              0 kB
Dirty:               152 kB
Writeback:             0 kB
AnonPages:       3094816 kB
Mapped:           263868 kB
Shmem:             55972 kB
KReclaimable:      53876 kB
Slab:             280656 kB
SReclaimable:      53876 kB
SUnreclaim:       226780 kB
KernelStack:       18160 kB
PageTables:        48436 kB
SecPageTables:         0 kB
NFS_Unstable:          0 kB
Bounce:                0 kB
WritebackTmp:          0 kB
CommitLimit:     8258920 kB
Committed_AS:   11353696 kB
VmallocTotal:   34359738367 kB
VmallocUsed:       46392 kB
VmallocChunk:          0 kB
Percpu:            13280 kB
HardwareCorrupted:     0 kB
AnonHugePages:   1421312 kB
ShmemHugePages:        0 kB
ShmemPmdMapped:        0 kB
FileHugePages:         0 kB
FilePmdMapped:         0 kB
CmaTotal:              0 kB
CmaFree:               0 kB
Unaccepted:            0 kB
Balloon:               0 kB
HugePages_Total:       0
HugePages_Free:        0
HugePages_Rsvd:        0
HugePages_Surp:        0
Hugepagesize:       2048 kB
Hugetlb:               0 kB
DirectMap4k:      194432 kB
DirectMap2M:     6096896 kB
DirectMap1G:     4194304 kB
---SNAPSHOT---
2026-04-27 15:54:27
MemTotal:        8129240 kB
MemFree:         3542860 kB
MemAvailable:    3275668 kB
Buffers:            7072 kB
Cached:           315728 kB
SwapCached:        17924 kB
Active:          3264272 kB
Inactive:         601156 kB
Active(anon):    3155464 kB
Inactive(anon):   443140 kB
Active(file):     108808 kB
Inactive(file):   158016 kB
Unevictable:          16 kB
Mlocked:              16 kB
SwapTotal:       4194300 kB
SwapFree:        4176376 kB
Zswap:                 0 kB
Zswapped:              0 kB
Dirty:               160 kB
Writeback:             0 kB
AnonPages:       3524748 kB
Mapped:           263868 kB
Shmem:             55972 kB
KReclaimable:      53876 kB
Slab:             280648 kB
SReclaimable:      53876 kB
SUnreclaim:       226772 kB
KernelStack:       18144 kB
PageTables:        49328 kB
SecPageTables:         0 kB
NFS_Unstable:          0 kB
Bounce:                0 kB
WritebackTmp:          0 kB
CommitLimit:     8258920 kB
Committed_AS:   11353668 kB
VmallocTotal:   34359738367 kB
VmallocUsed:       46360 kB
VmallocChunk:          0 kB
Percpu:            13280 kB
HardwareCorrupted:     0 kB
AnonHugePages:   1851392 kB
ShmemHugePages:        0 kB
ShmemPmdMapped:        0 kB
FileHugePages:         0 kB
FilePmdMapped:         0 kB
CmaTotal:              0 kB
CmaFree:               0 kB
Unaccepted:            0 kB
Balloon:               0 kB
HugePages_Total:       0
HugePages_Free:        0
HugePages_Rsvd:        0
HugePages_Surp:        0
Hugepagesize:       2048 kB
Hugetlb:               0 kB
DirectMap4k:      194432 kB
DirectMap2M:     6096896 kB
DirectMap1G:     4194304 kB
---SNAPSHOT---
2026-04-27 15:54:28
MemTotal:        8129240 kB
MemFree:         4332232 kB
MemAvailable:    4065048 kB
Buffers:            7080 kB
Cached:           315732 kB
SwapCached:        17924 kB
Active:          2410592 kB
Inactive:         601168 kB
Active(anon):    2301784 kB
Inactive(anon):   443140 kB
Active(file):     108808 kB
Inactive(file):   158028 kB
Unevictable:          16 kB
Mlocked:              16 kB
SwapTotal:       4194300 kB
SwapFree:        4176376 kB
Zswap:                 0 kB
Zswapped:              0 kB
Dirty:               164 kB
Writeback:             0 kB
AnonPages:       2671220 kB
Mapped:           263868 kB
Shmem:             55972 kB
KReclaimable:      53876 kB
Slab:             280652 kB
SReclaimable:      53876 kB
SUnreclaim:       226776 kB
KernelStack:       18160 kB
PageTables:        47688 kB
SecPageTables:         0 kB
NFS_Unstable:          0 kB
Bounce:                0 kB
WritebackTmp:          0 kB
CommitLimit:     8258920 kB
Committed_AS:   11353536 kB
VmallocTotal:   34359738367 kB
VmallocUsed:       46360 kB
VmallocChunk:          0 kB
Percpu:            13280 kB
HardwareCorrupted:     0 kB
AnonHugePages:    997376 kB
ShmemHugePages:        0 kB
ShmemPmdMapped:        0 kB
FileHugePages:         0 kB
FilePmdMapped:         0 kB
CmaTotal:              0 kB
CmaFree:               0 kB
Unaccepted:            0 kB
Balloon:               0 kB
HugePages_Total:       0
HugePages_Free:        0
HugePages_Rsvd:        0
HugePages_Surp:        0
Hugepagesize:       2048 kB
Hugetlb:               0 kB
DirectMap4k:      194432 kB
DirectMap2M:     6096896 kB
DirectMap1G:     4194304 kB
---SNAPSHOT---
2026-04-27 15:54:29
MemTotal:        8129240 kB
MemFree:         3931768 kB
MemAvailable:    3664584 kB
Buffers:            7080 kB
Cached:           315736 kB
SwapCached:        17924 kB
Active:          2836460 kB
Inactive:         601172 kB
Active(anon):    2727652 kB
Inactive(anon):   443140 kB
Active(file):     108808 kB
Inactive(file):   158032 kB
Unevictable:          16 kB
Mlocked:              16 kB
SwapTotal:       4194300 kB
SwapFree:        4176376 kB
Zswap:                 0 kB
Zswapped:              0 kB
Dirty:               168 kB
Writeback:             0 kB
AnonPages:       3097032 kB
Mapped:           263868 kB
Shmem:             55972 kB
KReclaimable:      53876 kB
Slab:             280652 kB
SReclaimable:      53876 kB
SUnreclaim:       226776 kB
KernelStack:       18160 kB
PageTables:        48248 kB
SecPageTables:         0 kB
NFS_Unstable:          0 kB
Bounce:                0 kB
WritebackTmp:          0 kB
CommitLimit:     8258920 kB
Committed_AS:   11353392 kB
VmallocTotal:   34359738367 kB
VmallocUsed:       46312 kB
VmallocChunk:          0 kB
Percpu:            13280 kB
HardwareCorrupted:     0 kB
AnonHugePages:   1423360 kB
ShmemHugePages:        0 kB
ShmemPmdMapped:        0 kB
FileHugePages:         0 kB
FilePmdMapped:         0 kB
CmaTotal:              0 kB
CmaFree:               0 kB
Unaccepted:            0 kB
Balloon:               0 kB
HugePages_Total:       0
HugePages_Free:        0
HugePages_Rsvd:        0
HugePages_Surp:        0
Hugepagesize:       2048 kB
Hugetlb:               0 kB
DirectMap4k:      194432 kB
DirectMap2M:     6096896 kB
DirectMap1G:     4194304 kB
---SNAPSHOT---
2026-04-27 15:54:30
MemTotal:        8129240 kB
MemFree:         4136696 kB
MemAvailable:    3869516 kB
Buffers:            7080 kB
Cached:           315744 kB
SwapCached:        17924 kB
Active:          2630440 kB
Inactive:         601180 kB
Active(anon):    2521632 kB
Inactive(anon):   443140 kB
Active(file):     108808 kB
Inactive(file):   158040 kB
Unevictable:          16 kB
Mlocked:              16 kB
SwapTotal:       4194300 kB
SwapFree:        4176376 kB
Zswap:                 0 kB
Zswapped:              0 kB
Dirty:               176 kB
Writeback:             0 kB
AnonPages:       2890620 kB
Mapped:           263868 kB
Shmem:             55972 kB
KReclaimable:      53876 kB
Slab:             280652 kB
SReclaimable:      53876 kB
SUnreclaim:       226776 kB
KernelStack:       18160 kB
PageTables:        49384 kB
SecPageTables:         0 kB
NFS_Unstable:          0 kB
Bounce:                0 kB
WritebackTmp:          0 kB
CommitLimit:     8258920 kB
Committed_AS:   11353896 kB
VmallocTotal:   34359738367 kB
VmallocUsed:       46376 kB
VmallocChunk:          0 kB
Percpu:            13280 kB
HardwareCorrupted:     0 kB
AnonHugePages:   1216512 kB
ShmemHugePages:        0 kB
ShmemPmdMapped:        0 kB
FileHugePages:         0 kB
FilePmdMapped:         0 kB
CmaTotal:              0 kB
CmaFree:               0 kB
Unaccepted:            0 kB
Balloon:               0 kB
HugePages_Total:       0
HugePages_Free:        0
HugePages_Rsvd:        0
HugePages_Surp:        0
Hugepagesize:       2048 kB
Hugetlb:               0 kB
DirectMap4k:      194432 kB
DirectMap2M:     6096896 kB
DirectMap1G:     4194304 kB
---SNAPSHOT---
2026-04-27 15:54:31
MemTotal:        8129240 kB
MemFree:         3743252 kB
MemAvailable:    3476076 kB
Buffers:            7080 kB
Cached:           315748 kB
SwapCached:        17924 kB
Active:          3065896 kB
Inactive:         601184 kB
Active(anon):    2957088 kB
Inactive(anon):   443140 kB
Active(file):     108808 kB
Inactive(file):   158044 kB
Unevictable:          16 kB
Mlocked:              16 kB
SwapTotal:       4194300 kB
SwapFree:        4176376 kB
Zswap:                 0 kB
Zswapped:              0 kB
Dirty:               176 kB
Writeback:             0 kB
AnonPages:       3326056 kB
Mapped:           263868 kB
Shmem:             55972 kB
KReclaimable:      53876 kB
Slab:             280664 kB
SReclaimable:      53876 kB
SUnreclaim:       226788 kB
KernelStack:       18144 kB
PageTables:        49620 kB
SecPageTables:         0 kB
NFS_Unstable:          0 kB
Bounce:                0 kB
WritebackTmp:          0 kB
CommitLimit:     8258920 kB
Committed_AS:   11353400 kB
VmallocTotal:   34359738367 kB
VmallocUsed:       46408 kB
VmallocChunk:          0 kB
Percpu:            13280 kB
HardwareCorrupted:     0 kB
AnonHugePages:   1652736 kB
ShmemHugePages:        0 kB
ShmemPmdMapped:        0 kB
FileHugePages:         0 kB
FilePmdMapped:         0 kB
CmaTotal:              0 kB
CmaFree:               0 kB
Unaccepted:            0 kB
Balloon:               0 kB
HugePages_Total:       0
HugePages_Free:        0
HugePages_Rsvd:        0
HugePages_Surp:        0
Hugepagesize:       2048 kB
Hugetlb:               0 kB
DirectMap4k:      194432 kB
DirectMap2M:     6096896 kB
DirectMap1G:     4194304 kB
---SNAPSHOT---
2026-04-27 15:54:32
MemTotal:        8129240 kB
MemFree:         2939316 kB
MemAvailable:    2672144 kB
Buffers:            7080 kB
Cached:           315756 kB
SwapCached:       502876 kB
Active:          3392732 kB
Inactive:        1084704 kB
Active(anon):    3283924 kB
Inactive(anon):   926652 kB
Active(file):     108808 kB
Inactive(file):   158052 kB
Unevictable:          16 kB
Mlocked:              16 kB
SwapTotal:       4194300 kB
SwapFree:        3691340 kB
Zswap:                 0 kB
Zswapped:              0 kB
Dirty:               184 kB
Writeback:          1032 kB
AnonPages:       3653892 kB
Mapped:           263868 kB
Shmem:             55972 kB
KReclaimable:      53876 kB
Slab:             280748 kB
SReclaimable:      53876 kB
SUnreclaim:       226872 kB
KernelStack:       18160 kB
PageTables:        51196 kB
SecPageTables:         0 kB
NFS_Unstable:          0 kB
Bounce:                0 kB
WritebackTmp:          0 kB
CommitLimit:     8258920 kB
Committed_AS:   11354028 kB
VmallocTotal:   34359738367 kB
VmallocUsed:       46392 kB
VmallocChunk:          0 kB
Percpu:            13280 kB
HardwareCorrupted:     0 kB
AnonHugePages:   1978368 kB
ShmemHugePages:        0 kB
ShmemPmdMapped:        0 kB
FileHugePages:         0 kB
FilePmdMapped:         0 kB
CmaTotal:              0 kB
CmaFree:               0 kB
Unaccepted:            0 kB
Balloon:               0 kB
HugePages_Total:       0
HugePages_Free:        0
HugePages_Rsvd:        0
HugePages_Surp:        0
Hugepagesize:       2048 kB
Hugetlb:               0 kB
DirectMap4k:      194432 kB
DirectMap2M:     6096896 kB
DirectMap1G:     4194304 kB
---SNAPSHOT---
2026-04-27 15:54:33
MemTotal:        8129240 kB
MemFree:         3604868 kB
MemAvailable:    3337700 kB
Buffers:            7088 kB
Cached:           315760 kB
SwapCached:       360076 kB
Active:          2846740 kB
Inactive:         942024 kB
Active(anon):    2737932 kB
Inactive(anon):   783960 kB
Active(file):     108808 kB
Inactive(file):   158064 kB
Unevictable:          16 kB
Mlocked:              16 kB
SwapTotal:       4194300 kB
SwapFree:        3834108 kB
Zswap:                 0 kB
Zswapped:              0 kB
Dirty:               188 kB
Writeback:          1212 kB
AnonPages:       3108168 kB
Mapped:           263868 kB
Shmem:             55972 kB
KReclaimable:      53876 kB
Slab:             280860 kB
SReclaimable:      53876 kB
SUnreclaim:       226984 kB
KernelStack:       18160 kB
PageTables:        49480 kB
SecPageTables:         0 kB
NFS_Unstable:          0 kB
Bounce:                0 kB
WritebackTmp:          0 kB
CommitLimit:     8258920 kB
Committed_AS:   11353916 kB
VmallocTotal:   34359738367 kB
VmallocUsed:       46344 kB
VmallocChunk:          0 kB
Percpu:            13280 kB
HardwareCorrupted:     0 kB
AnonHugePages:   1431552 kB
ShmemHugePages:        0 kB
ShmemPmdMapped:        0 kB
FileHugePages:         0 kB
FilePmdMapped:         0 kB
CmaTotal:              0 kB
CmaFree:               0 kB
Unaccepted:            0 kB
Balloon:               0 kB
HugePages_Total:       0
HugePages_Free:        0
HugePages_Rsvd:        0
HugePages_Surp:        0
Hugepagesize:       2048 kB
Hugetlb:               0 kB
DirectMap4k:      194432 kB
DirectMap2M:     6096896 kB
DirectMap1G:     4194304 kB
---SNAPSHOT---
2026-04-27 15:54:34
MemTotal:        8129240 kB
MemFree:         3068292 kB
MemAvailable:    2801192 kB
Buffers:            7216 kB
Cached:           315764 kB
SwapCached:       440840 kB
Active:          3318104 kB
Inactive:        1009252 kB
Active(anon):    3209296 kB
Inactive(anon):   851056 kB
Active(file):     108808 kB
Inactive(file):   158196 kB
Unevictable:          16 kB
Mlocked:              16 kB
SwapTotal:       4194300 kB
SwapFree:        3753460 kB
Zswap:                 0 kB
Zswapped:              0 kB
Dirty:               192 kB
Writeback:         14964 kB
AnonPages:       3565792 kB
Mapped:           263868 kB
Shmem:             55972 kB
KReclaimable:      53876 kB
Slab:             281724 kB
SReclaimable:      53876 kB
SUnreclaim:       227848 kB
KernelStack:       18128 kB
PageTables:        50288 kB
SecPageTables:         0 kB
NFS_Unstable:          0 kB
Bounce:                0 kB
WritebackTmp:          0 kB
CommitLimit:     8258920 kB
Committed_AS:   11353916 kB
VmallocTotal:   34359738367 kB
VmallocUsed:       46344 kB
VmallocChunk:          0 kB
Percpu:            13280 kB
HardwareCorrupted:     0 kB
AnonHugePages:   1890304 kB
ShmemHugePages:        0 kB
ShmemPmdMapped:        0 kB
FileHugePages:         0 kB
FilePmdMapped:         0 kB
CmaTotal:              0 kB
CmaFree:               0 kB
Unaccepted:            0 kB
Balloon:               0 kB
HugePages_Total:       0
HugePages_Free:        0
HugePages_Rsvd:        0
HugePages_Surp:        0
Hugepagesize:       2048 kB
Hugetlb:               0 kB
DirectMap4k:      194432 kB
DirectMap2M:     6096896 kB
DirectMap1G:     4194304 kB
---SNAPSHOT---
2026-04-27 15:54:35
MemTotal:        8129240 kB
MemFree:         3842404 kB
MemAvailable:    3575308 kB
Buffers:            7216 kB
Cached:           315772 kB
SwapCached:       440840 kB
Active:          2551088 kB
Inactive:        1017940 kB
Active(anon):    2442280 kB
Inactive(anon):   859736 kB
Active(file):     108808 kB
Inactive(file):   158204 kB
Unevictable:          16 kB
Mlocked:              16 kB
SwapTotal:       4194300 kB
SwapFree:        3753460 kB
Zswap:                 0 kB
Zswapped:              0 kB
Dirty:               200 kB
Writeback:          6260 kB
AnonPages:       2807340 kB
Mapped:           263868 kB
Shmem:             55972 kB
KReclaimable:      53876 kB
Slab:             281172 kB
SReclaimable:      53876 kB
SUnreclaim:       227296 kB
KernelStack:       18160 kB
PageTables:        49124 kB
SecPageTables:         0 kB
NFS_Unstable:          0 kB
Bounce:                0 kB
WritebackTmp:          0 kB
CommitLimit:     8258920 kB
Committed_AS:   11353784 kB
VmallocTotal:   34359738367 kB
VmallocUsed:       46408 kB
VmallocChunk:          0 kB
Percpu:            13280 kB
HardwareCorrupted:     0 kB
AnonHugePages:   1132544 kB
ShmemHugePages:        0 kB
ShmemPmdMapped:        0 kB
FileHugePages:         0 kB
FilePmdMapped:         0 kB
CmaTotal:              0 kB
CmaFree:               0 kB
Unaccepted:            0 kB
Balloon:               0 kB
HugePages_Total:       0
HugePages_Free:        0
HugePages_Rsvd:        0
HugePages_Surp:        0
Hugepagesize:       2048 kB
Hugetlb:               0 kB
DirectMap4k:      194432 kB
DirectMap2M:     6096896 kB
DirectMap1G:     4194304 kB
---SNAPSHOT---
2026-04-27 15:54:36
MemTotal:        8129240 kB
MemFree:         3325072 kB
MemAvailable:    3058068 kB
Buffers:            7388 kB
Cached:           315784 kB
SwapCached:       464392 kB
Active:          3059552 kB
Inactive:        1026348 kB
Active(anon):    2950744 kB
Inactive(anon):   867960 kB
Active(file):     108808 kB
Inactive(file):   158388 kB
Unevictable:          16 kB
Mlocked:              16 kB
SwapTotal:       4194300 kB
SwapFree:        3729908 kB
Zswap:                 0 kB
Zswapped:              0 kB
Dirty:               204 kB
Writeback:         21564 kB
AnonPages:       3300560 kB
Mapped:           263868 kB
Shmem:             55972 kB
KReclaimable:      53876 kB
Slab:             282112 kB
SReclaimable:      53876 kB
SUnreclaim:       228236 kB
KernelStack:       18236 kB
PageTables:        50072 kB
SecPageTables:         0 kB
NFS_Unstable:          0 kB
Bounce:                0 kB
WritebackTmp:          0 kB
CommitLimit:     8258920 kB
Committed_AS:   11353784 kB
VmallocTotal:   34359738367 kB
VmallocUsed:       46440 kB
VmallocChunk:          0 kB
Percpu:            13280 kB
HardwareCorrupted:     0 kB
AnonHugePages:   1624064 kB
ShmemHugePages:        0 kB
ShmemPmdMapped:        0 kB
FileHugePages:         0 kB
FilePmdMapped:         0 kB
CmaTotal:              0 kB
CmaFree:               0 kB
Unaccepted:            0 kB
Balloon:               0 kB
HugePages_Total:       0
HugePages_Free:        0
HugePages_Rsvd:        0
HugePages_Surp:        0
Hugepagesize:       2048 kB
Hugetlb:               0 kB
DirectMap4k:      194432 kB
DirectMap2M:     6096896 kB
DirectMap1G:     4194304 kB
---SNAPSHOT---
2026-04-27 15:54:37
MemTotal:        8129240 kB
MemFree:         2782864 kB
MemAvailable:    2515860 kB
Buffers:            7388 kB
Cached:           315792 kB
SwapCached:       464392 kB
Active:          3588108 kB
Inactive:        1036188 kB
Active(anon):    3479300 kB
Inactive(anon):   877796 kB
Active(file):     108808 kB
Inactive(file):   158392 kB
Unevictable:          16 kB
Mlocked:              16 kB
SwapTotal:       4194300 kB
SwapFree:        3729908 kB
Zswap:                 0 kB
Zswapped:              0 kB
Dirty:               212 kB
Writeback:         11780 kB
AnonPages:       3838964 kB
Mapped:           263868 kB
Shmem:             55972 kB
KReclaimable:      53876 kB
Slab:             281468 kB
SReclaimable:      53876 kB
SUnreclaim:       227592 kB
KernelStack:       18176 kB
PageTables:        50640 kB
SecPageTables:         0 kB
NFS_Unstable:          0 kB
Bounce:                0 kB
WritebackTmp:          0 kB
CommitLimit:     8258920 kB
Committed_AS:   11353916 kB
VmallocTotal:   34359738367 kB
VmallocUsed:       46424 kB
VmallocChunk:          0 kB
Percpu:            13280 kB
HardwareCorrupted:     0 kB
AnonHugePages:   2162688 kB
ShmemHugePages:        0 kB
ShmemPmdMapped:        0 kB
FileHugePages:         0 kB
FilePmdMapped:         0 kB
CmaTotal:              0 kB
CmaFree:               0 kB
Unaccepted:            0 kB
Balloon:               0 kB
HugePages_Total:       0
HugePages_Free:        0
HugePages_Rsvd:        0
HugePages_Surp:        0
Hugepagesize:       2048 kB
Hugetlb:               0 kB
DirectMap4k:      194432 kB
DirectMap2M:     6096896 kB
DirectMap1G:     4194304 kB
---SNAPSHOT---
2026-04-27 15:54:39
MemTotal:        8129240 kB
MemFree:         3185708 kB
MemAvailable:    2918712 kB
Buffers:            7396 kB
Cached:           315792 kB
SwapCached:       488644 kB
Active:          3157504 kB
Inactive:        1065712 kB
Active(anon):    3048696 kB
Inactive(anon):   907308 kB
Active(file):     108808 kB
Inactive(file):   158404 kB
Unevictable:          16 kB
Mlocked:              16 kB
SwapTotal:       4194300 kB
SwapFree:        3705656 kB
Zswap:                 0 kB
Zswapped:              0 kB
Dirty:               216 kB
Writeback:          6308 kB
AnonPages:       3413396 kB
Mapped:           263868 kB
Shmem:             55972 kB
KReclaimable:      53876 kB
Slab:             281468 kB
SReclaimable:      53876 kB
SUnreclaim:       227592 kB
KernelStack:       18128 kB
PageTables:        49892 kB
SecPageTables:         0 kB
NFS_Unstable:          0 kB
Bounce:                0 kB
WritebackTmp:          0 kB
CommitLimit:     8258920 kB
Committed_AS:   11353336 kB
VmallocTotal:   34359738367 kB
VmallocUsed:       46344 kB
VmallocChunk:          0 kB
Percpu:            13280 kB
HardwareCorrupted:     0 kB
AnonHugePages:   1738752 kB
ShmemHugePages:        0 kB
ShmemPmdMapped:        0 kB
FileHugePages:         0 kB
FilePmdMapped:         0 kB
CmaTotal:              0 kB
CmaFree:               0 kB
Unaccepted:            0 kB
Balloon:               0 kB
HugePages_Total:       0
HugePages_Free:        0
HugePages_Rsvd:        0
HugePages_Surp:        0
Hugepagesize:       2048 kB
Hugetlb:               0 kB
DirectMap4k:      194432 kB
DirectMap2M:     6096896 kB
DirectMap1G:     4194304 kB
---SNAPSHOT---
2026-04-27 15:54:40
MemTotal:        8129240 kB
MemFree:         4847616 kB
MemAvailable:    4580624 kB
Buffers:            7396 kB
Cached:           315800 kB
SwapCached:        17924 kB
Active:          1896116 kB
Inactive:         601552 kB
Active(anon):    1787308 kB
Inactive(anon):   443140 kB
Active(file):     108808 kB
Inactive(file):   158412 kB
Unevictable:          16 kB
Mlocked:              16 kB
SwapTotal:       4194300 kB
SwapFree:        4176376 kB
Zswap:                 0 kB
Zswapped:              0 kB
Dirty:               220 kB
Writeback:             0 kB
AnonPages:       2156472 kB
Mapped:           263868 kB
Shmem:             55972 kB
KReclaimable:      53876 kB
Slab:             280708 kB
SReclaimable:      53876 kB
SUnreclaim:       226832 kB
KernelStack:       18160 kB
PageTables:        46396 kB
SecPageTables:         0 kB
NFS_Unstable:          0 kB
Bounce:                0 kB
WritebackTmp:          0 kB
CommitLimit:     8258920 kB
Committed_AS:   11354136 kB
VmallocTotal:   34359738367 kB
VmallocUsed:       46360 kB
VmallocChunk:          0 kB
Percpu:            13280 kB
HardwareCorrupted:     0 kB
AnonHugePages:    483328 kB
ShmemHugePages:        0 kB
ShmemPmdMapped:        0 kB
FileHugePages:         0 kB
FilePmdMapped:         0 kB
CmaTotal:              0 kB
CmaFree:               0 kB
Unaccepted:            0 kB
Balloon:               0 kB
HugePages_Total:       0
HugePages_Free:        0
HugePages_Rsvd:        0
HugePages_Surp:        0
Hugepagesize:       2048 kB
Hugetlb:               0 kB
DirectMap4k:      194432 kB
DirectMap2M:     6096896 kB
DirectMap1G:     4194304 kB
---SNAPSHOT---
2026-04-27 15:54:41
MemTotal:        8129240 kB
MemFree:         3841252 kB
MemAvailable:    3574264 kB
Buffers:            7396 kB
Cached:           315808 kB
SwapCached:        17924 kB
Active:          2948440 kB
Inactive:         601560 kB
Active(anon):    2839632 kB
Inactive(anon):   443140 kB
Active(file):     108808 kB
Inactive(file):   158420 kB
Unevictable:          16 kB
Mlocked:              16 kB
SwapTotal:       4194300 kB
SwapFree:        4176376 kB
Zswap:                 0 kB
Zswapped:              0 kB
Dirty:               228 kB
Writeback:             0 kB
AnonPages:       3209092 kB
Mapped:           263868 kB
Shmem:             55972 kB
KReclaimable:      53876 kB
Slab:             280700 kB
SReclaimable:      53876 kB
SUnreclaim:       226824 kB
KernelStack:       18160 kB
PageTables:        48384 kB
SecPageTables:         0 kB
NFS_Unstable:          0 kB
Bounce:                0 kB
WritebackTmp:          0 kB
CommitLimit:     8258920 kB
Committed_AS:   11353532 kB
VmallocTotal:   34359738367 kB
VmallocUsed:       46344 kB
VmallocChunk:          0 kB
Percpu:            13280 kB
HardwareCorrupted:     0 kB
AnonHugePages:   1536000 kB
ShmemHugePages:        0 kB
ShmemPmdMapped:        0 kB
FileHugePages:         0 kB
FilePmdMapped:         0 kB
CmaTotal:              0 kB
CmaFree:               0 kB
Unaccepted:            0 kB
Balloon:               0 kB
HugePages_Total:       0
HugePages_Free:        0
HugePages_Rsvd:        0
HugePages_Surp:        0
Hugepagesize:       2048 kB
Hugetlb:               0 kB
DirectMap4k:      194432 kB
DirectMap2M:     6096896 kB
DirectMap1G:     4194304 kB
---SNAPSHOT---
2026-04-27 15:54:42
MemTotal:        8129240 kB
MemFree:         2775284 kB
MemAvailable:    2508296 kB
Buffers:            7396 kB
Cached:           315812 kB
SwapCached:        17924 kB
Active:          4018108 kB
Inactive:         601564 kB
Active(anon):    3909300 kB
Inactive(anon):   443140 kB
Active(file):     108808 kB
Inactive(file):   158424 kB
Unevictable:          16 kB
Mlocked:              16 kB
SwapTotal:       4194300 kB
SwapFree:        4176376 kB
Zswap:                 0 kB
Zswapped:              0 kB
Dirty:               232 kB
Writeback:             0 kB
AnonPages:       4278836 kB
Mapped:           263868 kB
Shmem:             55972 kB
KReclaimable:      53876 kB
Slab:             280704 kB
SReclaimable:      53876 kB
SUnreclaim:       226828 kB
KernelStack:       18160 kB
PageTables:        50684 kB
SecPageTables:         0 kB
NFS_Unstable:          0 kB
Bounce:                0 kB
WritebackTmp:          0 kB
CommitLimit:     8258920 kB
Committed_AS:   11353640 kB
VmallocTotal:   34359738367 kB
VmallocUsed:       46344 kB
VmallocChunk:          0 kB
Percpu:            13280 kB
HardwareCorrupted:     0 kB
AnonHugePages:   2605056 kB
ShmemHugePages:        0 kB
ShmemPmdMapped:        0 kB
FileHugePages:         0 kB
FilePmdMapped:         0 kB
CmaTotal:              0 kB
CmaFree:               0 kB
Unaccepted:            0 kB
Balloon:               0 kB
HugePages_Total:       0
HugePages_Free:        0
HugePages_Rsvd:        0
HugePages_Surp:        0
Hugepagesize:       2048 kB
Hugetlb:               0 kB
DirectMap4k:      194432 kB
DirectMap2M:     6096896 kB
DirectMap1G:     4194304 kB
---SNAPSHOT---
2026-04-27 15:54:43
MemTotal:        8129240 kB
MemFree:         3509276 kB
MemAvailable:    3242300 kB
Buffers:            7404 kB
Cached:           315824 kB
SwapCached:       639648 kB
Active:          2671440 kB
Inactive:        1221472 kB
Active(anon):    2562632 kB
Inactive(anon):  1063028 kB
Active(file):     108808 kB
Inactive(file):   158444 kB
Unevictable:          16 kB
Mlocked:              16 kB
SwapTotal:       4194300 kB
SwapFree:        3554608 kB
Zswap:                 0 kB
Zswapped:              0 kB
Dirty:               244 kB
Writeback:          1216 kB
AnonPages:       2932388 kB
Mapped:           263868 kB
Shmem:             55972 kB
KReclaimable:      53876 kB
Slab:             280816 kB
SReclaimable:      53876 kB
SUnreclaim:       226940 kB
KernelStack:       18160 kB
PageTables:        49604 kB
SecPageTables:         0 kB
NFS_Unstable:          0 kB
Bounce:                0 kB
WritebackTmp:          0 kB
CommitLimit:     8258920 kB
