---SNAPSHOT---
2026-04-27 13:59:56
MemTotal:        8129240 kB
MemFree:         4759816 kB
MemAvailable:    4478936 kB
Buffers:            5340 kB
Cached:           271384 kB
SwapCached:       126460 kB
Active:          1966780 kB
Inactive:         657372 kB
Active(anon):    1874804 kB
Inactive(anon):   510572 kB
Active(file):      91976 kB
Inactive(file):   146800 kB
Unevictable:           0 kB
Mlocked:               0 kB
SwapTotal:       4194300 kB
SwapFree:        3930324 kB
Zswap:                 0 kB
Zswapped:              0 kB
Dirty:               272 kB
Writeback:             0 kB
AnonPages:       2225436 kB
Mapped:           230608 kB
Shmem:             37300 kB
KReclaimable:      54552 kB
Slab:             282468 kB
SReclaimable:      54552 kB
SUnreclaim:       227916 kB
KernelStack:       18964 kB
PageTables:        56060 kB
SecPageTables:         0 kB
NFS_Unstable:          0 kB
Bounce:                0 kB
WritebackTmp:          0 kB
CommitLimit:     8258920 kB
Committed_AS:    9374548 kB
VmallocTotal:   34359738367 kB
VmallocUsed:       47112 kB
VmallocChunk:          0 kB
Percpu:            13280 kB
HardwareCorrupted:     0 kB
AnonHugePages:    247808 kB
ShmemHugePages:        0 kB
ShmemPmdMapped:        0 kB
FileHugePages:         0 kB
FilePmdMapped:         0 kB
CmaTotal:              0 kB
CmaFree:               0 kB
Unaccepted:            0 kB
Balloon:               0 kB
HugePages_Total:       0
HugePages_Free:        0
HugePages_Rsvd:        0
HugePages_Surp:        0
Hugepagesize:       2048 kB
Hugetlb:               0 kB
DirectMap4k:      194432 kB
DirectMap2M:     6096896 kB
DirectMap1G:     4194304 kB
---SNAPSHOT---
2026-04-27 13:59:57
MemTotal:        8129240 kB
MemFree:         4775076 kB
MemAvailable:    4494744 kB
Buffers:            5348 kB
Cached:           271800 kB
SwapCached:       126460 kB
Active:          1967224 kB
Inactive:         657956 kB
Active(anon):    1874736 kB
Inactive(anon):   510572 kB
Active(file):      92488 kB
Inactive(file):   147384 kB
Unevictable:           0 kB
Mlocked:               0 kB
SwapTotal:       4194300 kB
SwapFree:        3930324 kB
Zswap:                 0 kB
Zswapped:              0 kB
Dirty:               300 kB
Writeback:             0 kB
AnonPages:       2225552 kB
Mapped:           230636 kB
Shmem:             37300 kB
KReclaimable:      54552 kB
Slab:             282468 kB
SReclaimable:      54552 kB
SUnreclaim:       227916 kB
KernelStack:       18912 kB
PageTables:        56028 kB
SecPageTables:         0 kB
NFS_Unstable:          0 kB
Bounce:                0 kB
WritebackTmp:          0 kB
CommitLimit:     8258920 kB
Committed_AS:    9374296 kB
VmallocTotal:   34359738367 kB
VmallocUsed:       47128 kB
VmallocChunk:          0 kB
Percpu:            13280 kB
HardwareCorrupted:     0 kB
AnonHugePages:    247808 kB
ShmemHugePages:        0 kB
ShmemPmdMapped:        0 kB
FileHugePages:         0 kB
FilePmdMapped:         0 kB
CmaTotal:              0 kB
CmaFree:               0 kB
Unaccepted:            0 kB
Balloon:               0 kB
HugePages_Total:       0
HugePages_Free:        0
HugePages_Rsvd:        0
HugePages_Surp:        0
Hugepagesize:       2048 kB
Hugetlb:               0 kB
DirectMap4k:      194432 kB
DirectMap2M:     6096896 kB
DirectMap1G:     4194304 kB
---SNAPSHOT---
2026-04-27 13:59:58
MemTotal:        8129240 kB
MemFree:         4782996 kB
MemAvailable:    4503088 kB
Buffers:            5372 kB
Cached:           271960 kB
SwapCached:       126460 kB
Active:          1967720 kB
Inactive:         658008 kB
Active(anon):    1875096 kB
Inactive(anon):   510572 kB
Active(file):      92624 kB
Inactive(file):   147436 kB
Unevictable:           0 kB
Mlocked:               0 kB
SwapTotal:       4194300 kB
SwapFree:        3930324 kB
Zswap:                 0 kB
Zswapped:              0 kB
Dirty:               356 kB
Writeback:             0 kB
AnonPages:       2225764 kB
Mapped:           230636 kB
Shmem:             37300 kB
KReclaimable:      55208 kB
Slab:             283188 kB
SReclaimable:      55208 kB
SUnreclaim:       227980 kB
KernelStack:       18880 kB
PageTables:        56324 kB
SecPageTables:         0 kB
NFS_Unstable:          0 kB
Bounce:                0 kB
WritebackTmp:          0 kB
CommitLimit:     8258920 kB
Committed_AS:    9375952 kB
VmallocTotal:   34359738367 kB
VmallocUsed:       47144 kB
VmallocChunk:          0 kB
Percpu:            13280 kB
HardwareCorrupted:     0 kB
AnonHugePages:    247808 kB
ShmemHugePages:        0 kB
ShmemPmdMapped:        0 kB
FileHugePages:         0 kB
FilePmdMapped:         0 kB
CmaTotal:              0 kB
CmaFree:               0 kB
Unaccepted:            0 kB
Balloon:               0 kB
HugePages_Total:       0
HugePages_Free:        0
HugePages_Rsvd:        0
HugePages_Surp:        0
Hugepagesize:       2048 kB
Hugetlb:               0 kB
DirectMap4k:      194432 kB
DirectMap2M:     6096896 kB
DirectMap1G:     4194304 kB
---SNAPSHOT---
2026-04-27 13:59:59
MemTotal:        8129240 kB
MemFree:         4795684 kB
MemAvailable:    4517288 kB
Buffers:            5784 kB
Cached:           274676 kB
SwapCached:       126460 kB
Active:          1970400 kB
Inactive:         658300 kB
Active(anon):    1875040 kB
Inactive(anon):   510572 kB
Active(file):      95360 kB
Inactive(file):   147728 kB
Unevictable:           0 kB
Mlocked:               0 kB
SwapTotal:       4194300 kB
SwapFree:        3930324 kB
Zswap:                 0 kB
Zswapped:              0 kB
Dirty:               364 kB
Writeback:             0 kB
AnonPages:       2225636 kB
Mapped:           230868 kB
Shmem:             37300 kB
KReclaimable:      55208 kB
Slab:             283316 kB
SReclaimable:      55208 kB
SUnreclaim:       228108 kB
KernelStack:       18928 kB
PageTables:        56176 kB
SecPageTables:         0 kB
NFS_Unstable:          0 kB
Bounce:                0 kB
WritebackTmp:          0 kB
CommitLimit:     8258920 kB
Committed_AS:    9382820 kB
VmallocTotal:   34359738367 kB
VmallocUsed:       47176 kB
VmallocChunk:          0 kB
Percpu:            13280 kB
HardwareCorrupted:     0 kB
AnonHugePages:    247808 kB
ShmemHugePages:        0 kB
ShmemPmdMapped:        0 kB
FileHugePages:         0 kB
FilePmdMapped:         0 kB
CmaTotal:              0 kB
CmaFree:               0 kB
Unaccepted:            0 kB
Balloon:               0 kB
HugePages_Total:       0
HugePages_Free:        0
HugePages_Rsvd:        0
HugePages_Surp:        0
Hugepagesize:       2048 kB
Hugetlb:               0 kB
DirectMap4k:      194432 kB
DirectMap2M:     6096896 kB
DirectMap1G:     4194304 kB
---SNAPSHOT---
2026-04-27 14:00:00
MemTotal:        8129240 kB
MemFree:         2192320 kB
MemAvailable:    1918732 kB
Buffers:            5916 kB
Cached:           301216 kB
SwapCached:       126460 kB
Active:          4558940 kB
Inactive:         658780 kB
Active(anon):    4454452 kB
Inactive(anon):   510568 kB
Active(file):     104488 kB
Inactive(file):   148212 kB
Unevictable:          16 kB
Mlocked:              16 kB
SwapTotal:       4194300 kB
SwapFree:        3930324 kB
Zswap:                 0 kB
Zswapped:              0 kB
Dirty:               440 kB
Writeback:             0 kB
AnonPages:       4788000 kB
Mapped:           251424 kB
Shmem:             54448 kB
KReclaimable:      55208 kB
Slab:             283396 kB
SReclaimable:      55208 kB
SUnreclaim:       228188 kB
KernelStack:       19116 kB
PageTables:        62204 kB
SecPageTables:         0 kB
NFS_Unstable:          0 kB
Bounce:                0 kB
WritebackTmp:          0 kB
CommitLimit:     8258920 kB
Committed_AS:   12031600 kB
VmallocTotal:   34359738367 kB
VmallocUsed:       47288 kB
VmallocChunk:          0 kB
Percpu:            13280 kB
HardwareCorrupted:     0 kB
AnonHugePages:   2795520 kB
ShmemHugePages:        0 kB
ShmemPmdMapped:        0 kB
FileHugePages:         0 kB
FilePmdMapped:         0 kB
CmaTotal:              0 kB
CmaFree:               0 kB
Unaccepted:            0 kB
Balloon:               0 kB
HugePages_Total:       0
HugePages_Free:        0
HugePages_Rsvd:        0
HugePages_Surp:        0
Hugepagesize:       2048 kB
Hugetlb:               0 kB
DirectMap4k:      194432 kB
DirectMap2M:     6096896 kB
DirectMap1G:     4194304 kB
---SNAPSHOT---
2026-04-27 14:00:01
MemTotal:        8129240 kB
MemFree:         2991116 kB
MemAvailable:    2717524 kB
Buffers:            5916 kB
Cached:           301224 kB
SwapCached:       386836 kB
Active:          3515928 kB
Inactive:         918256 kB
Active(anon):    3411456 kB
Inactive(anon):   770036 kB
Active(file):     104472 kB
Inactive(file):   148220 kB
Unevictable:          16 kB
Mlocked:              16 kB
SwapTotal:       4194300 kB
SwapFree:        3669776 kB
Zswap:                 0 kB
Zswapped:              0 kB
Dirty:               448 kB
Writeback:           912 kB
AnonPages:       3746036 kB
Mapped:           251376 kB
Shmem:             54448 kB
KReclaimable:      55208 kB
Slab:             283440 kB
SReclaimable:      55208 kB
SUnreclaim:       228232 kB
KernelStack:       19116 kB
PageTables:        60608 kB
SecPageTables:         0 kB
NFS_Unstable:          0 kB
Bounce:                0 kB
WritebackTmp:          0 kB
CommitLimit:     8258920 kB
Committed_AS:   12031820 kB
VmallocTotal:   34359738367 kB
VmallocUsed:       47352 kB
VmallocChunk:          0 kB
Percpu:            13280 kB
HardwareCorrupted:     0 kB
AnonHugePages:   1757184 kB
ShmemHugePages:        0 kB
ShmemPmdMapped:        0 kB
FileHugePages:         0 kB
FilePmdMapped:         0 kB
CmaTotal:              0 kB
CmaFree:               0 kB
Unaccepted:            0 kB
Balloon:               0 kB
HugePages_Total:       0
HugePages_Free:        0
HugePages_Rsvd:        0
HugePages_Surp:        0
Hugepagesize:       2048 kB
Hugetlb:               0 kB
DirectMap4k:      194432 kB
DirectMap2M:     6096896 kB
DirectMap1G:     4194304 kB
---SNAPSHOT---
2026-04-27 14:00:02
MemTotal:        8129240 kB
MemFree:         2600252 kB
MemAvailable:    2326784 kB
Buffers:            6184 kB
Cached:           301188 kB
SwapCached:       126568 kB
Active:          4141148 kB
Inactive:         659044 kB
Active(anon):    4036656 kB
Inactive(anon):   510592 kB
Active(file):     104492 kB
Inactive(file):   148452 kB
Unevictable:          16 kB
Mlocked:              16 kB
SwapTotal:       4194300 kB
SwapFree:        3930324 kB
Zswap:                 0 kB
Zswapped:              0 kB
Dirty:               452 kB
Writeback:           128 kB
AnonPages:       4369944 kB
Mapped:           251376 kB
Shmem:             54448 kB
KReclaimable:      55208 kB
Slab:             283532 kB
SReclaimable:      55208 kB
SUnreclaim:       228324 kB
KernelStack:       19056 kB
PageTables:        60864 kB
SecPageTables:         0 kB
NFS_Unstable:          0 kB
Bounce:                0 kB
WritebackTmp:          0 kB
CommitLimit:     8258920 kB
Committed_AS:   12031804 kB
VmallocTotal:   34359738367 kB
VmallocUsed:       47288 kB
VmallocChunk:          0 kB
Percpu:            13280 kB
HardwareCorrupted:     0 kB
AnonHugePages:   2379776 kB
ShmemHugePages:        0 kB
ShmemPmdMapped:        0 kB
FileHugePages:         0 kB
FilePmdMapped:         0 kB
CmaTotal:              0 kB
CmaFree:               0 kB
Unaccepted:            0 kB
Balloon:               0 kB
HugePages_Total:       0
HugePages_Free:        0
HugePages_Rsvd:        0
HugePages_Surp:        0
Hugepagesize:       2048 kB
Hugetlb:               0 kB
DirectMap4k:      194432 kB
DirectMap2M:     6096896 kB
DirectMap1G:     4194304 kB
---SNAPSHOT---
2026-04-27 14:00:03
MemTotal:        8129240 kB
MemFree:         2270972 kB
MemAvailable:    1997516 kB
Buffers:            6192 kB
Cached:           301232 kB
SwapCached:       126460 kB
Active:          4473452 kB
Inactive:         659048 kB
Active(anon):    4368960 kB
Inactive(anon):   510572 kB
Active(file):     104492 kB
Inactive(file):   148476 kB
Unevictable:          16 kB
Mlocked:              16 kB
SwapTotal:       4194300 kB
SwapFree:        3930324 kB
Zswap:                 0 kB
Zswapped:              0 kB
Dirty:               456 kB
Writeback:             0 kB
AnonPages:       4702412 kB
Mapped:           251376 kB
Shmem:             54448 kB
KReclaimable:      55208 kB
Slab:             283368 kB
SReclaimable:      55208 kB
SUnreclaim:       228160 kB
KernelStack:       19096 kB
PageTables:        61972 kB
SecPageTables:         0 kB
NFS_Unstable:          0 kB
Bounce:                0 kB
WritebackTmp:          0 kB
CommitLimit:     8258920 kB
Committed_AS:   12032820 kB
VmallocTotal:   34359738367 kB
VmallocUsed:       47320 kB
VmallocChunk:          0 kB
Percpu:            13280 kB
HardwareCorrupted:     0 kB
AnonHugePages:   2711552 kB
ShmemHugePages:        0 kB
ShmemPmdMapped:        0 kB
FileHugePages:         0 kB
FilePmdMapped:         0 kB
CmaTotal:              0 kB
CmaFree:               0 kB
Unaccepted:            0 kB
Balloon:               0 kB
HugePages_Total:       0
HugePages_Free:        0
HugePages_Rsvd:        0
HugePages_Surp:        0
Hugepagesize:       2048 kB
Hugetlb:               0 kB
DirectMap4k:      194432 kB
DirectMap2M:     6096896 kB
DirectMap1G:     4194304 kB
---SNAPSHOT---
2026-04-27 14:00:04
MemTotal:        8129240 kB
MemFree:         2977372 kB
MemAvailable:    2703936 kB
Buffers:            6192 kB
Cached:           301240 kB
SwapCached:       164352 kB
Active:          3747116 kB
Inactive:         672804 kB
Active(anon):    3642624 kB
Inactive(anon):   524292 kB
Active(file):     104492 kB
Inactive(file):   148512 kB
Unevictable:          16 kB
Mlocked:              16 kB
SwapTotal:       4194300 kB
SwapFree:        3892432 kB
Zswap:                 0 kB
Zswapped:              0 kB
Dirty:               464 kB
Writeback:         24068 kB
AnonPages:       3954092 kB
Mapped:           251376 kB
Shmem:             54448 kB
KReclaimable:      55208 kB
Slab:             284704 kB
SReclaimable:      55208 kB
SUnreclaim:       229496 kB
KernelStack:       19008 kB
PageTables:        60604 kB
SecPageTables:         0 kB
NFS_Unstable:          0 kB
Bounce:                0 kB
WritebackTmp:          0 kB
CommitLimit:     8258920 kB
Committed_AS:   12032060 kB
VmallocTotal:   34359738367 kB
VmallocUsed:       47288 kB
VmallocChunk:          0 kB
Percpu:            13280 kB
HardwareCorrupted:     0 kB
AnonHugePages:   1966080 kB
ShmemHugePages:        0 kB
ShmemPmdMapped:        0 kB
FileHugePages:         0 kB
FilePmdMapped:         0 kB
CmaTotal:              0 kB
CmaFree:               0 kB
Unaccepted:            0 kB
Balloon:               0 kB
HugePages_Total:       0
HugePages_Free:        0
HugePages_Rsvd:        0
HugePages_Surp:        0
Hugepagesize:       2048 kB
Hugetlb:               0 kB
DirectMap4k:      194432 kB
DirectMap2M:     6096896 kB
DirectMap1G:     4194304 kB
---SNAPSHOT---
2026-04-27 14:00:05
MemTotal:        8129240 kB
MemFree:         2561088 kB
MemAvailable:    2287772 kB
Buffers:            6192 kB
Cached:           301244 kB
SwapCached:       164352 kB
Active:          4145408 kB
Inactive:         679464 kB
Active(anon):    4040916 kB
Inactive(anon):   530948 kB
Active(file):     104492 kB
Inactive(file):   148516 kB
Unevictable:          16 kB
Mlocked:              16 kB
SwapTotal:       4194300 kB
SwapFree:        3892432 kB
Zswap:                 0 kB
Zswapped:              0 kB
Dirty:               468 kB
Writeback:         17468 kB
AnonPages:       4358800 kB
Mapped:           251376 kB
Shmem:             54448 kB
KReclaimable:      55448 kB
Slab:             284640 kB
SReclaimable:      55448 kB
SUnreclaim:       229192 kB
KernelStack:       19056 kB
PageTables:        60772 kB
SecPageTables:         0 kB
NFS_Unstable:          0 kB
Bounce:                0 kB
WritebackTmp:          0 kB
CommitLimit:     8258920 kB
Committed_AS:   12031676 kB
VmallocTotal:   34359738367 kB
VmallocUsed:       47288 kB
VmallocChunk:          0 kB
Percpu:            13280 kB
HardwareCorrupted:     0 kB
AnonHugePages:   2369536 kB
ShmemHugePages:        0 kB
ShmemPmdMapped:        0 kB
FileHugePages:         0 kB
FilePmdMapped:         0 kB
CmaTotal:              0 kB
CmaFree:               0 kB
Unaccepted:            0 kB
Balloon:               0 kB
HugePages_Total:       0
HugePages_Free:        0
HugePages_Rsvd:        0
HugePages_Surp:        0
Hugepagesize:       2048 kB
Hugetlb:               0 kB
DirectMap4k:      194432 kB
DirectMap2M:     6096896 kB
DirectMap1G:     4194304 kB
---SNAPSHOT---
2026-04-27 14:00:06
MemTotal:        8129240 kB
MemFree:         2192952 kB
MemAvailable:    1920300 kB
Buffers:            6196 kB
Cached:           301256 kB
SwapCached:       164352 kB
Active:          4524524 kB
Inactive:         682124 kB
Active(anon):    4420032 kB
Inactive(anon):   533592 kB
Active(file):     104492 kB
Inactive(file):   148532 kB
Unevictable:          16 kB
Mlocked:              16 kB
SwapTotal:       4194300 kB
SwapFree:        3892432 kB
Zswap:                 0 kB
Zswapped:              0 kB
Dirty:               476 kB
Writeback:         14852 kB
AnonPages:       4741120 kB
Mapped:           251376 kB
Shmem:             54448 kB
KReclaimable:      56760 kB
Slab:             285752 kB
SReclaimable:      56760 kB
SUnreclaim:       228992 kB
KernelStack:       19040 kB
PageTables:        61936 kB
SecPageTables:         0 kB
NFS_Unstable:          0 kB
Bounce:                0 kB
WritebackTmp:          0 kB
CommitLimit:     8258920 kB
Committed_AS:   12031952 kB
VmallocTotal:   34359738367 kB
VmallocUsed:       47272 kB
VmallocChunk:          0 kB
Percpu:            13280 kB
HardwareCorrupted:     0 kB
AnonHugePages:   2752512 kB
ShmemHugePages:        0 kB
ShmemPmdMapped:        0 kB
FileHugePages:         0 kB
FilePmdMapped:         0 kB
CmaTotal:              0 kB
CmaFree:               0 kB
Unaccepted:            0 kB
Balloon:               0 kB
HugePages_Total:       0
HugePages_Free:        0
HugePages_Rsvd:        0
HugePages_Surp:        0
Hugepagesize:       2048 kB
Hugetlb:               0 kB
DirectMap4k:      194432 kB
DirectMap2M:     6096896 kB
DirectMap1G:     4194304 kB
---SNAPSHOT---
2026-04-27 14:00:07
MemTotal:        8129240 kB
MemFree:         2913580 kB
MemAvailable:    2640932 kB
Buffers:            6196 kB
Cached:           301260 kB
SwapCached:       164352 kB
Active:          3779188 kB
Inactive:         685104 kB
Active(anon):    3674696 kB
Inactive(anon):   536568 kB
Active(file):     104492 kB
Inactive(file):   148536 kB
Unevictable:          16 kB
Mlocked:              16 kB
SwapTotal:       4194300 kB
SwapFree:        3892432 kB
Zswap:                 0 kB
Zswapped:              0 kB
Dirty:               480 kB
Writeback:         11780 kB
AnonPages:       3998576 kB
Mapped:           251376 kB
Shmem:             54448 kB
KReclaimable:      56760 kB
Slab:             285560 kB
SReclaimable:      56760 kB
SUnreclaim:       228800 kB
KernelStack:       19116 kB
PageTables:        60380 kB
SecPageTables:         0 kB
NFS_Unstable:          0 kB
Bounce:                0 kB
WritebackTmp:          0 kB
CommitLimit:     8258920 kB
Committed_AS:   12031952 kB
VmallocTotal:   34359738367 kB
VmallocUsed:       47320 kB
VmallocChunk:          0 kB
Percpu:            13280 kB
HardwareCorrupted:     0 kB
AnonHugePages:   1466368 kB
ShmemHugePages:        0 kB
ShmemPmdMapped:        0 kB
FileHugePages:         0 kB
FilePmdMapped:         0 kB
CmaTotal:              0 kB
CmaFree:               0 kB
Unaccepted:            0 kB
Balloon:               0 kB
HugePages_Total:       0
HugePages_Free:        0
HugePages_Rsvd:        0
HugePages_Surp:        0
Hugepagesize:       2048 kB
Hugetlb:               0 kB
DirectMap4k:      194432 kB
DirectMap2M:     6096896 kB
DirectMap1G:     4194304 kB
---SNAPSHOT---
2026-04-27 14:00:16
MemTotal:        8129240 kB
MemFree:         2527604 kB
MemAvailable:    2254996 kB
Buffers:            6344 kB
Cached:           301244 kB
SwapCached:       164356 kB
Active:          4195128 kB
Inactive:         695316 kB
Active(anon):    4090636 kB
Inactive(anon):   546700 kB
Active(file):     104492 kB
Inactive(file):   148616 kB
Unevictable:          16 kB
Mlocked:              16 kB
SwapTotal:       4194300 kB
SwapFree:        3892420 kB
Zswap:                 0 kB
Zswapped:              0 kB
Dirty:               484 kB
Writeback:           108 kB
AnonPages:       4426072 kB
Mapped:           251476 kB
Shmem:             54448 kB
KReclaimable:      56760 kB
Slab:             285012 kB
SReclaimable:      56760 kB
SUnreclaim:       228252 kB
KernelStack:       19100 kB
PageTables:        61228 kB
SecPageTables:         0 kB
NFS_Unstable:          0 kB
Bounce:                0 kB
WritebackTmp:          0 kB
CommitLimit:     8258920 kB
Committed_AS:   12032172 kB
VmallocTotal:   34359738367 kB
VmallocUsed:       47288 kB
VmallocChunk:          0 kB
Percpu:            13280 kB
HardwareCorrupted:     0 kB
AnonHugePages:   2437120 kB
ShmemHugePages:        0 kB
ShmemPmdMapped:        0 kB
FileHugePages:         0 kB
FilePmdMapped:         0 kB
CmaTotal:              0 kB
CmaFree:               0 kB
Unaccepted:            0 kB
Balloon:               0 kB
HugePages_Total:       0
HugePages_Free:        0
HugePages_Rsvd:        0
HugePages_Surp:        0
Hugepagesize:       2048 kB
Hugetlb:               0 kB
DirectMap4k:      194432 kB
DirectMap2M:     6096896 kB
DirectMap1G:     4194304 kB
---SNAPSHOT---
2026-04-27 14:00:17
MemTotal:        8129240 kB
MemFree:         2518460 kB
MemAvailable:    2247052 kB
Buffers:            6780 kB
Cached:           303220 kB
SwapCached:       166792 kB
Active:          4164024 kB
Inactive:         698132 kB
Active(anon):    4057708 kB
Inactive(anon):   548972 kB
Active(file):     106316 kB
Inactive(file):   149160 kB
Unevictable:          16 kB
Mlocked:              16 kB
SwapTotal:       4194300 kB
SwapFree:        3889992 kB
Zswap:                 0 kB
Zswapped:              0 kB
Dirty:               684 kB
Writeback:           768 kB
AnonPages:       4392948 kB
Mapped:           251376 kB
Shmem:             54448 kB
KReclaimable:      56792 kB
Slab:             284920 kB
SReclaimable:      56792 kB
SUnreclaim:       228128 kB
KernelStack:       19132 kB
PageTables:        61308 kB
SecPageTables:         0 kB
NFS_Unstable:          0 kB
Bounce:                0 kB
WritebackTmp:          0 kB
CommitLimit:     8258920 kB
Committed_AS:   12032088 kB
VmallocTotal:   34359738367 kB
VmallocUsed:       47320 kB
VmallocChunk:          0 kB
Percpu:            13280 kB
HardwareCorrupted:     0 kB
AnonHugePages:   2119680 kB
ShmemHugePages:        0 kB
ShmemPmdMapped:        0 kB
FileHugePages:         0 kB
FilePmdMapped:         0 kB
CmaTotal:              0 kB
CmaFree:               0 kB
Unaccepted:            0 kB
Balloon:               0 kB
HugePages_Total:       0
HugePages_Free:        0
HugePages_Rsvd:        0
HugePages_Surp:        0
Hugepagesize:       2048 kB
Hugetlb:               0 kB
DirectMap4k:      194432 kB
DirectMap2M:     6096896 kB
DirectMap1G:     4194304 kB
---SNAPSHOT---
2026-04-27 14:00:18
MemTotal:        8129240 kB
MemFree:         2168312 kB
MemAvailable:    1896952 kB
Buffers:            6780 kB
Cached:           303224 kB
SwapCached:       167620 kB
Active:          4516836 kB
Inactive:         699968 kB
Active(anon):    4410520 kB
Inactive(anon):   550708 kB
Active(file):     106316 kB
Inactive(file):   149260 kB
Unevictable:          16 kB
Mlocked:              16 kB
SwapTotal:       4194300 kB
SwapFree:        3889164 kB
Zswap:                 0 kB
Zswapped:              0 kB
Dirty:               688 kB
Writeback:           608 kB
AnonPages:       4746716 kB
Mapped:           251376 kB
Shmem:             54448 kB
KReclaimable:      56792 kB
Slab:             284884 kB
SReclaimable:      56792 kB
SUnreclaim:       228092 kB
KernelStack:       19132 kB
PageTables:        62220 kB
SecPageTables:         0 kB
NFS_Unstable:          0 kB
Bounce:                0 kB
WritebackTmp:          0 kB
CommitLimit:     8258920 kB
Committed_AS:   12031708 kB
VmallocTotal:   34359738367 kB
VmallocUsed:       47368 kB
VmallocChunk:          0 kB
Percpu:            13280 kB
HardwareCorrupted:     0 kB
AnonHugePages:   2117632 kB
ShmemHugePages:        0 kB
ShmemPmdMapped:        0 kB
FileHugePages:         0 kB
FilePmdMapped:         0 kB
CmaTotal:              0 kB
CmaFree:               0 kB
Unaccepted:            0 kB
Balloon:               0 kB
HugePages_Total:       0
HugePages_Free:        0
HugePages_Rsvd:        0
HugePages_Surp:        0
Hugepagesize:       2048 kB
Hugetlb:               0 kB
DirectMap4k:      194432 kB
DirectMap2M:     6096896 kB
DirectMap1G:     4194304 kB
---SNAPSHOT---
2026-04-27 14:00:19
MemTotal:        8129240 kB
MemFree:         2646524 kB
MemAvailable:    2375168 kB
Buffers:            6780 kB
Cached:           303232 kB
SwapCached:       168132 kB
Active:          4079392 kB
Inactive:         700284 kB
Active(anon):    3973076 kB
Inactive(anon):   551020 kB
Active(file):     106316 kB
Inactive(file):   149264 kB
Unevictable:          16 kB
Mlocked:              16 kB
SwapTotal:       4194300 kB
SwapFree:        3888652 kB
Zswap:                 0 kB
Zswapped:              0 kB
Dirty:               696 kB
Writeback:           176 kB
AnonPages:       4309080 kB
Mapped:           251680 kB
Shmem:             54448 kB
KReclaimable:      56792 kB
Slab:             284876 kB
SReclaimable:      56792 kB
SUnreclaim:       228084 kB
KernelStack:       19080 kB
PageTables:        60980 kB
SecPageTables:         0 kB
NFS_Unstable:          0 kB
Bounce:                0 kB
WritebackTmp:          0 kB
CommitLimit:     8258920 kB
Committed_AS:   12031952 kB
VmallocTotal:   34359738367 kB
VmallocUsed:       47352 kB
VmallocChunk:          0 kB
Percpu:            13280 kB
HardwareCorrupted:     0 kB
AnonHugePages:   2320384 kB
ShmemHugePages:        0 kB
ShmemPmdMapped:        0 kB
FileHugePages:         0 kB
FilePmdMapped:         0 kB
CmaTotal:              0 kB
CmaFree:               0 kB
Unaccepted:            0 kB
Balloon:               0 kB
HugePages_Total:       0
HugePages_Free:        0
HugePages_Rsvd:        0
HugePages_Surp:        0
Hugepagesize:       2048 kB
Hugetlb:               0 kB
DirectMap4k:      194432 kB
DirectMap2M:     6096896 kB
DirectMap1G:     4194304 kB
---SNAPSHOT---
2026-04-27 14:00:20
MemTotal:        8129240 kB
MemFree:         2699776 kB
MemAvailable:    2428424 kB
Buffers:            6780 kB
Cached:           303240 kB
SwapCached:       169152 kB
Active:          3988716 kB
Inactive:         700296 kB
Active(anon):    3882400 kB
Inactive(anon):   551020 kB
Active(file):     106316 kB
Inactive(file):   149276 kB
Unevictable:          16 kB
Mlocked:              16 kB
SwapTotal:       4194300 kB
SwapFree:        3887632 kB
Zswap:                 0 kB
Zswapped:              0 kB
Dirty:               700 kB
Writeback:           156 kB
AnonPages:       4217468 kB
Mapped:           251376 kB
Shmem:             54448 kB
KReclaimable:      56792 kB
Slab:             284908 kB
SReclaimable:      56792 kB
SUnreclaim:       228116 kB
KernelStack:       19132 kB
PageTables:        61104 kB
SecPageTables:         0 kB
NFS_Unstable:          0 kB
Bounce:                0 kB
WritebackTmp:          0 kB
CommitLimit:     8258920 kB
Committed_AS:   12031820 kB
VmallocTotal:   34359738367 kB
VmallocUsed:       47368 kB
VmallocChunk:          0 kB
Percpu:            13280 kB
HardwareCorrupted:     0 kB
AnonHugePages:   2228224 kB
ShmemHugePages:        0 kB
ShmemPmdMapped:        0 kB
FileHugePages:         0 kB
FilePmdMapped:         0 kB
CmaTotal:              0 kB
CmaFree:               0 kB
Unaccepted:            0 kB
Balloon:               0 kB
HugePages_Total:       0
HugePages_Free:        0
HugePages_Rsvd:        0
HugePages_Surp:        0
Hugepagesize:       2048 kB
Hugetlb:               0 kB
DirectMap4k:      194432 kB
DirectMap2M:     6096896 kB
DirectMap1G:     4194304 kB
---SNAPSHOT---
2026-04-27 14:00:22
MemTotal:        8129240 kB
MemFree:         2666216 kB
MemAvailable:    2394872 kB
Buffers:            6788 kB
Cached:           303244 kB
SwapCached:       169852 kB
Active:          4041864 kB
Inactive:         700308 kB
Active(anon):    3935548 kB
Inactive(anon):   551020 kB
Active(file):     106316 kB
Inactive(file):   149288 kB
Unevictable:          16 kB
Mlocked:              16 kB
SwapTotal:       4194300 kB
SwapFree:        3886932 kB
Zswap:                 0 kB
Zswapped:              0 kB
Dirty:               704 kB
Writeback:           236 kB
AnonPages:       4269784 kB
Mapped:           251476 kB
Shmem:             54448 kB
KReclaimable:      56792 kB
Slab:             284872 kB
SReclaimable:      56792 kB
SUnreclaim:       228080 kB
KernelStack:       19056 kB
PageTables:        60984 kB
SecPageTables:         0 kB
NFS_Unstable:          0 kB
Bounce:                0 kB
WritebackTmp:          0 kB
CommitLimit:     8258920 kB
Committed_AS:   12184016 kB
VmallocTotal:   34359738367 kB
VmallocUsed:       47304 kB
VmallocChunk:          0 kB
Percpu:            13280 kB
HardwareCorrupted:     0 kB
AnonHugePages:   2281472 kB
ShmemHugePages:        0 kB
ShmemPmdMapped:        0 kB
FileHugePages:         0 kB
FilePmdMapped:         0 kB
CmaTotal:              0 kB
CmaFree:               0 kB
Unaccepted:            0 kB
Balloon:               0 kB
HugePages_Total:       0
HugePages_Free:        0
HugePages_Rsvd:        0
HugePages_Surp:        0
Hugepagesize:       2048 kB
Hugetlb:               0 kB
DirectMap4k:      194432 kB
DirectMap2M:     6096896 kB
DirectMap1G:     4194304 kB
---SNAPSHOT---
2026-04-27 14:00:23
MemTotal:        8129240 kB
MemFree:         2233700 kB
MemAvailable:    1962360 kB
Buffers:            6788 kB
Cached:           303252 kB
SwapCached:       172328 kB
Active:          4512292 kB
Inactive:         703720 kB
Active(anon):    4405976 kB
Inactive(anon):   554424 kB
Active(file):     106316 kB
Inactive(file):   149296 kB
Unevictable:          16 kB
Mlocked:              16 kB
SwapTotal:       4194300 kB
SwapFree:        3884456 kB
Zswap:                 0 kB
Zswapped:              0 kB
Dirty:               716 kB
Writeback:           684 kB
AnonPages:       4741644 kB
Mapped:           251440 kB
Shmem:             54448 kB
KReclaimable:      56792 kB
Slab:             284892 kB
SReclaimable:      56792 kB
SUnreclaim:       228100 kB
KernelStack:       19068 kB
PageTables:        62000 kB
SecPageTables:         0 kB
NFS_Unstable:          0 kB
Bounce:                0 kB
WritebackTmp:          0 kB
CommitLimit:     8258920 kB
Committed_AS:   12031952 kB
VmallocTotal:   34359738367 kB
VmallocUsed:       47320 kB
VmallocChunk:          0 kB
Percpu:            13280 kB
HardwareCorrupted:     0 kB
AnonHugePages:   2750464 kB
ShmemHugePages:        0 kB
ShmemPmdMapped:        0 kB
FileHugePages:         0 kB
FilePmdMapped:         0 kB
CmaTotal:              0 kB
CmaFree:               0 kB
Unaccepted:            0 kB
Balloon:               0 kB
HugePages_Total:       0
HugePages_Free:        0
HugePages_Rsvd:        0
HugePages_Surp:        0
Hugepagesize:       2048 kB
Hugetlb:               0 kB
DirectMap4k:      194432 kB
DirectMap2M:     6096896 kB
DirectMap1G:     4194304 kB
---SNAPSHOT---
2026-04-27 14:00:24
MemTotal:        8129240 kB
MemFree:         2233964 kB
MemAvailable:    1962624 kB
Buffers:            6788 kB
Cached:           303256 kB
SwapCached:       172808 kB
Active:          4511328 kB
Inactive:         703904 kB
Active(anon):    4405012 kB
Inactive(anon):   554604 kB
Active(file):     106316 kB
Inactive(file):   149300 kB
Unevictable:          16 kB
Mlocked:              16 kB
SwapTotal:       4194300 kB
SwapFree:        3883976 kB
Zswap:                 0 kB
Zswapped:              0 kB
Dirty:               720 kB
Writeback:           212 kB
AnonPages:       4741672 kB
Mapped:           251376 kB
Shmem:             54448 kB
KReclaimable:      56792 kB
Slab:             284884 kB
SReclaimable:      56792 kB
SUnreclaim:       228092 kB
KernelStack:       19116 kB
PageTables:        62192 kB
SecPageTables:         0 kB
NFS_Unstable:          0 kB
Bounce:                0 kB
WritebackTmp:          0 kB
CommitLimit:     8258920 kB
Committed_AS:   12031952 kB
VmallocTotal:   34359738367 kB
VmallocUsed:       47384 kB
VmallocChunk:          0 kB
Percpu:            13280 kB
HardwareCorrupted:     0 kB
AnonHugePages:   2750464 kB
ShmemHugePages:        0 kB
ShmemPmdMapped:        0 kB
FileHugePages:         0 kB
FilePmdMapped:         0 kB
CmaTotal:              0 kB
CmaFree:               0 kB
Unaccepted:            0 kB
Balloon:               0 kB
HugePages_Total:       0
HugePages_Free:        0
HugePages_Rsvd:        0
HugePages_Surp:        0
Hugepagesize:       2048 kB
Hugetlb:               0 kB
DirectMap4k:      194432 kB
DirectMap2M:     6096896 kB
DirectMap1G:     4194304 kB
---SNAPSHOT---
2026-04-27 14:00:25
MemTotal:        8129240 kB
MemFree:         2625924 kB
MemAvailable:    2354592 kB
Buffers:            6788 kB
Cached:           303268 kB
SwapCached:       235608 kB
Active:          4022376 kB
Inactive:         766668 kB
Active(anon):    3916060 kB
Inactive(anon):   617356 kB
Active(file):     106316 kB
Inactive(file):   149312 kB
Unevictable:          16 kB
Mlocked:              16 kB
SwapTotal:       4194300 kB
SwapFree:        3820908 kB
Zswap:                 0 kB
Zswapped:              0 kB
Dirty:               160 kB
Writeback:           704 kB
AnonPages:       4253004 kB
Mapped:           251376 kB
Shmem:             54448 kB
KReclaimable:      56792 kB
Slab:             284836 kB
SReclaimable:      56792 kB
SUnreclaim:       228044 kB
KernelStack:       19080 kB
PageTables:        61240 kB
SecPageTables:         0 kB
NFS_Unstable:          0 kB
Bounce:                0 kB
WritebackTmp:          0 kB
CommitLimit:     8258920 kB
Committed_AS:   12031820 kB
VmallocTotal:   34359738367 kB
VmallocUsed:       47384 kB
VmallocChunk:          0 kB
Percpu:            13280 kB
HardwareCorrupted:     0 kB
AnonHugePages:   2263040 kB
ShmemHugePages:        0 kB
ShmemPmdMapped:        0 kB
FileHugePages:         0 kB
FilePmdMapped:         0 kB
CmaTotal:              0 kB
CmaFree:               0 kB
Unaccepted:            0 kB
Balloon:               0 kB
HugePages_Total:       0
HugePages_Free:        0
HugePages_Rsvd:        0
HugePages_Surp:        0
Hugepagesize:       2048 kB
Hugetlb:               0 kB
DirectMap4k:      194432 kB
DirectMap2M:     6096896 kB
DirectMap1G:     4194304 kB
---SNAPSHOT---
2026-04-27 14:00:26
MemTotal:        8129240 kB
MemFree:         2233336 kB
MemAvailable:    1962004 kB
Buffers:            6788 kB
Cached:           303272 kB
SwapCached:       351252 kB
Active:          4331024 kB
Inactive:         883268 kB
Active(anon):    4224708 kB
Inactive(anon):   733952 kB
Active(file):     106316 kB
Inactive(file):   149316 kB
Unevictable:          16 kB
Mlocked:              16 kB
SwapTotal:       4194300 kB
SwapFree:        3705356 kB
Zswap:                 0 kB
Zswapped:              0 kB
Dirty:               164 kB
Writeback:           232 kB
AnonPages:       4563232 kB
Mapped:           251376 kB
Shmem:             54448 kB
KReclaimable:      56792 kB
Slab:             284840 kB
SReclaimable:      56792 kB
SUnreclaim:       228048 kB
KernelStack:       19056 kB
PageTables:        62136 kB
SecPageTables:         0 kB
NFS_Unstable:          0 kB
Bounce:                0 kB
WritebackTmp:          0 kB
CommitLimit:     8258920 kB
Committed_AS:   12031676 kB
VmallocTotal:   34359738367 kB
VmallocUsed:       47352 kB
VmallocChunk:          0 kB
Percpu:            13280 kB
HardwareCorrupted:     0 kB
AnonHugePages:   2570240 kB
ShmemHugePages:        0 kB
ShmemPmdMapped:        0 kB
FileHugePages:         0 kB
FilePmdMapped:         0 kB
CmaTotal:              0 kB
CmaFree:               0 kB
Unaccepted:            0 kB
Balloon:               0 kB
HugePages_Total:       0
HugePages_Free:        0
HugePages_Rsvd:        0
HugePages_Surp:        0
Hugepagesize:       2048 kB
Hugetlb:               0 kB
DirectMap4k:      194432 kB
DirectMap2M:     6096896 kB
DirectMap1G:     4194304 kB
---SNAPSHOT---
2026-04-27 14:00:27
MemTotal:        8129240 kB
MemFree:         2233956 kB
MemAvailable:    1962628 kB
Buffers:            6796 kB
Cached:           303268 kB
SwapCached:       496116 kB
Active:          4187768 kB
Inactive:        1026536 kB
Active(anon):    4081452 kB
Inactive(anon):   877216 kB
Active(file):     106316 kB
Inactive(file):   149320 kB
Unevictable:          16 kB
Mlocked:              16 kB
SwapTotal:       4194300 kB
SwapFree:        3560564 kB
Zswap:                 0 kB
Zswapped:              0 kB
Dirty:               168 kB
Writeback:           244 kB
AnonPages:       4418304 kB
Mapped:           251376 kB
Shmem:             54448 kB
KReclaimable:      56792 kB
Slab:             284880 kB
SReclaimable:      56792 kB
SUnreclaim:       228088 kB
KernelStack:       19056 kB
PageTables:        62272 kB
SecPageTables:         0 kB
NFS_Unstable:          0 kB
Bounce:                0 kB
WritebackTmp:          0 kB
CommitLimit:     8258920 kB
Committed_AS:   12031724 kB
VmallocTotal:   34359738367 kB
VmallocUsed:       47352 kB
VmallocChunk:          0 kB
Percpu:            13280 kB
HardwareCorrupted:     0 kB
AnonHugePages:   2426880 kB
ShmemHugePages:        0 kB
ShmemPmdMapped:        0 kB
FileHugePages:         0 kB
FilePmdMapped:         0 kB
CmaTotal:              0 kB
CmaFree:               0 kB
Unaccepted:            0 kB
Balloon:               0 kB
HugePages_Total:       0
HugePages_Free:        0
HugePages_Rsvd:        0
HugePages_Surp:        0
Hugepagesize:       2048 kB
Hugetlb:               0 kB
DirectMap4k:      194432 kB
DirectMap2M:     6096896 kB
DirectMap1G:     4194304 kB
---SNAPSHOT---
2026-04-27 14:00:28
MemTotal:        8129240 kB
MemFree:         2570576 kB
MemAvailable:    2299256 kB
Buffers:            6796 kB
Cached:           303284 kB
SwapCached:       622972 kB
Active:          3692736 kB
Inactive:        1153536 kB
Active(anon):    3586420 kB
Inactive(anon):  1004200 kB
Active(file):     106316 kB
Inactive(file):   149336 kB
Unevictable:          16 kB
Mlocked:              16 kB
SwapTotal:       4194300 kB
SwapFree:        3433540 kB
Zswap:                 0 kB
Zswapped:              0 kB
Dirty:               180 kB
Writeback:           688 kB
AnonPages:       3923108 kB
Mapped:           251376 kB
Shmem:             54448 kB
KReclaimable:      56792 kB
Slab:             284896 kB
SReclaimable:      56792 kB
SUnreclaim:       228104 kB
KernelStack:       19116 kB
PageTables:        61292 kB
SecPageTables:         0 kB
NFS_Unstable:          0 kB
Bounce:                0 kB
WritebackTmp:          0 kB
CommitLimit:     8258920 kB
Committed_AS:   12031356 kB
VmallocTotal:   34359738367 kB
VmallocUsed:       47384 kB
VmallocChunk:          0 kB
Percpu:            13280 kB
HardwareCorrupted:     0 kB
AnonHugePages:   1933312 kB
ShmemHugePages:        0 kB
ShmemPmdMapped:        0 kB
FileHugePages:         0 kB
FilePmdMapped:         0 kB
CmaTotal:              0 kB
CmaFree:               0 kB
Unaccepted:            0 kB
Balloon:               0 kB
HugePages_Total:       0
HugePages_Free:        0
HugePages_Rsvd:        0
HugePages_Surp:        0
Hugepagesize:       2048 kB
Hugetlb:               0 kB
DirectMap4k:      194432 kB
DirectMap2M:     6096896 kB
DirectMap1G:     4194304 kB
---SNAPSHOT---
2026-04-27 14:00:29
MemTotal:        8129240 kB
MemFree:         2234632 kB
MemAvailable:    1963312 kB
Buffers:            6796 kB
Cached:           303288 kB
SwapCached:       640644 kB
Active:          4044260 kB
Inactive:        1169912 kB
Active(anon):    3937944 kB
Inactive(anon):  1020576 kB
Active(file):     106316 kB
Inactive(file):   149336 kB
Unevictable:          16 kB
Mlocked:              16 kB
SwapTotal:       4194300 kB
SwapFree:        3416140 kB
Zswap:                 0 kB
Zswapped:              0 kB
Dirty:               184 kB
Writeback:           556 kB
AnonPages:       4273616 kB
Mapped:           251376 kB
Shmem:             54448 kB
KReclaimable:      56792 kB
Slab:             284868 kB
SReclaimable:      56792 kB
SUnreclaim:       228076 kB
KernelStack:       19056 kB
PageTables:        61744 kB
SecPageTables:         0 kB
NFS_Unstable:          0 kB
Bounce:                0 kB
WritebackTmp:          0 kB
CommitLimit:     8258920 kB
Committed_AS:   12031572 kB
VmallocTotal:   34359738367 kB
VmallocUsed:       47336 kB
VmallocChunk:          0 kB
Percpu:            13280 kB
HardwareCorrupted:     0 kB
AnonHugePages:   2283520 kB
ShmemHugePages:        0 kB
ShmemPmdMapped:        0 kB
FileHugePages:         0 kB
FilePmdMapped:         0 kB
CmaTotal:              0 kB
CmaFree:               0 kB
Unaccepted:            0 kB
Balloon:               0 kB
HugePages_Total:       0
HugePages_Free:        0
HugePages_Rsvd:        0
HugePages_Surp:        0
Hugepagesize:       2048 kB
Hugetlb:               0 kB
DirectMap4k:      194432 kB
DirectMap2M:     6096896 kB
DirectMap1G:     4194304 kB
---SNAPSHOT---
2026-04-27 14:00:30
MemTotal:        8129240 kB
MemFree:         2233348 kB
MemAvailable:    1962032 kB
Buffers:            6804 kB
Cached:           303288 kB
SwapCached:       705120 kB
Active:          3978780 kB
Inactive:        1235520 kB
Active(anon):    3872464 kB
Inactive(anon):  1086176 kB
Active(file):     106316 kB
Inactive(file):   149344 kB
Unevictable:          16 kB
Mlocked:              16 kB
SwapTotal:       4194300 kB
SwapFree:        3351664 kB
Zswap:                 0 kB
Zswapped:              0 kB
Dirty:               192 kB
Writeback:           244 kB
AnonPages:       4209260 kB
Mapped:           251376 kB
Shmem:             54448 kB
KReclaimable:      56792 kB
Slab:             284888 kB
SReclaimable:      56792 kB
SUnreclaim:       228096 kB
KernelStack:       19100 kB
PageTables:        62144 kB
SecPageTables:         0 kB
NFS_Unstable:          0 kB
Bounce:                0 kB
WritebackTmp:          0 kB
CommitLimit:     8258920 kB
Committed_AS:   12031724 kB
VmallocTotal:   34359738367 kB
VmallocUsed:       47352 kB
VmallocChunk:          0 kB
Percpu:            13280 kB
HardwareCorrupted:     0 kB
AnonHugePages:   2217984 kB
ShmemHugePages:        0 kB
ShmemPmdMapped:        0 kB
FileHugePages:         0 kB
FilePmdMapped:         0 kB
CmaTotal:              0 kB
CmaFree:               0 kB
Unaccepted:            0 kB
Balloon:               0 kB
HugePages_Total:       0
HugePages_Free:        0
HugePages_Rsvd:        0
HugePages_Surp:        0
Hugepagesize:       2048 kB
Hugetlb:               0 kB
DirectMap4k:      194432 kB
DirectMap2M:     6096896 kB
DirectMap1G:     4194304 kB
---SNAPSHOT---
2026-04-27 14:00:31
MemTotal:        8129240 kB
MemFree:         2550272 kB
MemAvailable:    2278968 kB
Buffers:            6804 kB
Cached:           303308 kB
SwapCached:       738028 kB
Active:          3633352 kB
Inactive:        1266280 kB
Active(anon):    3527036 kB
Inactive(anon):  1116912 kB
Active(file):     106316 kB
Inactive(file):   149368 kB
Unevictable:          16 kB
Mlocked:              16 kB
SwapTotal:       4194300 kB
SwapFree:        3318756 kB
Zswap:                 0 kB
Zswapped:              0 kB
Dirty:                32 kB
Writeback:           160 kB
AnonPages:       3861640 kB
Mapped:           251376 kB
Shmem:             54448 kB
KReclaimable:      56792 kB
Slab:             284936 kB
SReclaimable:      56792 kB
SUnreclaim:       228144 kB
KernelStack:       19100 kB
PageTables:        61456 kB
SecPageTables:         0 kB
NFS_Unstable:          0 kB
Bounce:                0 kB
WritebackTmp:          0 kB
CommitLimit:     8258920 kB
Committed_AS:   12031676 kB
VmallocTotal:   34359738367 kB
VmallocUsed:       47352 kB
VmallocChunk:          0 kB
Percpu:            13280 kB
HardwareCorrupted:     0 kB
AnonHugePages:   1873920 kB
ShmemHugePages:        0 kB
ShmemPmdMapped:        0 kB
FileHugePages:         0 kB
FilePmdMapped:         0 kB
CmaTotal:              0 kB
CmaFree:               0 kB
Unaccepted:            0 kB
Balloon:               0 kB
HugePages_Total:       0
HugePages_Free:        0
HugePages_Rsvd:        0
HugePages_Surp:        0
Hugepagesize:       2048 kB
Hugetlb:               0 kB
DirectMap4k:      194432 kB
DirectMap2M:     6096896 kB
DirectMap1G:     4194304 kB
---SNAPSHOT---
2026-04-27 14:00:32
MemTotal:        8129240 kB
MemFree:         2666164 kB
MemAvailable:    2394860 kB
Buffers:            6812 kB
Cached:           303308 kB
SwapCached:       742384 kB
Active:          3475328 kB
Inactive:        1272560 kB
Active(anon):    3369012 kB
Inactive(anon):  1123188 kB
Active(file):     106316 kB
Inactive(file):   149372 kB
Unevictable:          16 kB
Mlocked:              16 kB
SwapTotal:       4194300 kB
SwapFree:        3314368 kB
Zswap:                 0 kB
Zswapped:              0 kB
Dirty:                36 kB
Writeback:           260 kB
AnonPages:       3705516 kB
Mapped:           251476 kB
Shmem:             54448 kB
KReclaimable:      56792 kB
Slab:             284912 kB
SReclaimable:      56792 kB
SUnreclaim:       228120 kB
KernelStack:       19040 kB
PageTables:        60996 kB
SecPageTables:         0 kB
NFS_Unstable:          0 kB
Bounce:                0 kB
WritebackTmp:          0 kB
CommitLimit:     8258920 kB
Committed_AS:   12031952 kB
VmallocTotal:   34359738367 kB
VmallocUsed:       47288 kB
VmallocChunk:          0 kB
Percpu:            13280 kB
HardwareCorrupted:     0 kB
AnonHugePages:   1716224 kB
ShmemHugePages:        0 kB
ShmemPmdMapped:        0 kB
FileHugePages:         0 kB
FilePmdMapped:         0 kB
CmaTotal:              0 kB
CmaFree:               0 kB
Unaccepted:            0 kB
Balloon:               0 kB
HugePages_Total:       0
HugePages_Free:        0
HugePages_Rsvd:        0
HugePages_Surp:        0
Hugepagesize:       2048 kB
Hugetlb:               0 kB
DirectMap4k:      194432 kB
DirectMap2M:     6096896 kB
DirectMap1G:     4194304 kB
---SNAPSHOT---
2026-04-27 14:00:33
MemTotal:        8129240 kB
MemFree:         2221548 kB
MemAvailable:    1950252 kB
Buffers:            6812 kB
Cached:           303320 kB
SwapCached:       746652 kB
Active:          3937768 kB
Inactive:        1276744 kB
Active(anon):    3831452 kB
Inactive(anon):  1127356 kB
Active(file):     106316 kB
Inactive(file):   149388 kB
Unevictable:          16 kB
Mlocked:              16 kB
SwapTotal:       4194300 kB
SwapFree:        3309908 kB
Zswap:                 0 kB
Zswapped:              0 kB
Dirty:                68 kB
Writeback:           276 kB
AnonPages:       4167832 kB
Mapped:           251376 kB
Shmem:             54448 kB
KReclaimable:      56792 kB
Slab:             284912 kB
SReclaimable:      56792 kB
SUnreclaim:       228120 kB
KernelStack:       19024 kB
PageTables:        61868 kB
SecPageTables:         0 kB
NFS_Unstable:          0 kB
Bounce:                0 kB
WritebackTmp:          0 kB
CommitLimit:     8258920 kB
Committed_AS:   12031952 kB
VmallocTotal:   34359738367 kB
VmallocUsed:       47272 kB
VmallocChunk:          0 kB
Percpu:            13280 kB
HardwareCorrupted:     0 kB
AnonHugePages:   2177024 kB
ShmemHugePages:        0 kB
ShmemPmdMapped:        0 kB
FileHugePages:         0 kB
FilePmdMapped:         0 kB
CmaTotal:              0 kB
CmaFree:               0 kB
Unaccepted:            0 kB
Balloon:               0 kB
HugePages_Total:       0
HugePages_Free:        0
HugePages_Rsvd:        0
HugePages_Surp:        0
Hugepagesize:       2048 kB
Hugetlb:               0 kB
DirectMap4k:      194432 kB
DirectMap2M:     6096896 kB
DirectMap1G:     4194304 kB
---SNAPSHOT---
2026-04-27 14:00:34
MemTotal:        8129240 kB
MemFree:         2222892 kB
MemAvailable:    1951600 kB
Buffers:            6812 kB
Cached:           303324 kB
SwapCached:       766360 kB
Active:          3917400 kB
Inactive:        1297136 kB
Active(anon):    3811084 kB
Inactive(anon):  1147744 kB
Active(file):     106316 kB
Inactive(file):   149392 kB
Unevictable:          16 kB
Mlocked:              16 kB
SwapTotal:       4194300 kB
SwapFree:        3290424 kB
Zswap:                 0 kB
Zswapped:              0 kB
Dirty:                72 kB
Writeback:           948 kB
AnonPages:       4147976 kB
Mapped:           251376 kB
Shmem:             54448 kB
KReclaimable:      56792 kB
Slab:             284908 kB
SReclaimable:      56792 kB
SUnreclaim:       228116 kB
KernelStack:       19072 kB
PageTables:        62016 kB
SecPageTables:         0 kB
NFS_Unstable:          0 kB
Bounce:                0 kB
WritebackTmp:          0 kB
CommitLimit:     8258920 kB
Committed_AS:   12031952 kB
VmallocTotal:   34359738367 kB
VmallocUsed:       47336 kB
VmallocChunk:          0 kB
Percpu:            13280 kB
HardwareCorrupted:     0 kB
AnonHugePages:   2156544 kB
ShmemHugePages:        0 kB
ShmemPmdMapped:        0 kB
FileHugePages:         0 kB
FilePmdMapped:         0 kB
CmaTotal:              0 kB
CmaFree:               0 kB
Unaccepted:            0 kB
Balloon:               0 kB
HugePages_Total:       0
HugePages_Free:        0
HugePages_Rsvd:        0
HugePages_Surp:        0
Hugepagesize:       2048 kB
Hugetlb:               0 kB
DirectMap4k:      194432 kB
DirectMap2M:     6096896 kB
DirectMap1G:     4194304 kB
---SNAPSHOT---
2026-04-27 14:00:35
MemTotal:        8129240 kB
MemFree:         2560764 kB
MemAvailable:    2289476 kB
Buffers:            6812 kB
Cached:           303332 kB
SwapCached:       770596 kB
Active:          3532420 kB
Inactive:        1301272 kB
Active(anon):    3426104 kB
Inactive(anon):  1151872 kB
Active(file):     106316 kB
Inactive(file):   149400 kB
Unevictable:          16 kB
Mlocked:              16 kB
SwapTotal:       4194300 kB
SwapFree:        3286188 kB
Zswap:                 0 kB
Zswapped:              0 kB
Dirty:                80 kB
Writeback:           820 kB
AnonPages:       3762984 kB
Mapped:           251376 kB
Shmem:             54448 kB
KReclaimable:      56792 kB
Slab:             284900 kB
SReclaimable:      56792 kB
SUnreclaim:       228108 kB
KernelStack:       19116 kB
PageTables:        61316 kB
SecPageTables:         0 kB
NFS_Unstable:          0 kB
Bounce:                0 kB
WritebackTmp:          0 kB
CommitLimit:     8258920 kB
Committed_AS:   12031952 kB
VmallocTotal:   34359738367 kB
VmallocUsed:       47352 kB
VmallocChunk:          0 kB
Percpu:            13280 kB
HardwareCorrupted:     0 kB
AnonHugePages:   1773568 kB
ShmemHugePages:        0 kB
ShmemPmdMapped:        0 kB
FileHugePages:         0 kB
FilePmdMapped:         0 kB
CmaTotal:              0 kB
CmaFree:               0 kB
Unaccepted:            0 kB
Balloon:               0 kB
HugePages_Total:       0
HugePages_Free:        0
HugePages_Rsvd:        0
HugePages_Surp:        0
Hugepagesize:       2048 kB
Hugetlb:               0 kB
DirectMap4k:      194432 kB
DirectMap2M:     6096896 kB
DirectMap1G:     4194304 kB
---SNAPSHOT---
2026-04-27 14:00:36
MemTotal:        8129240 kB
MemFree:         2222616 kB
MemAvailable:    1951328 kB
Buffers:            6812 kB
Cached:           303336 kB
SwapCached:       774972 kB
Active:          3910804 kB
Inactive:        1303360 kB
Active(anon):    3804488 kB
Inactive(anon):  1153960 kB
Active(file):     106316 kB
Inactive(file):   149400 kB
Unevictable:          16 kB
Mlocked:              16 kB
SwapTotal:       4194300 kB
SwapFree:        3281692 kB
Zswap:                 0 kB
Zswapped:              0 kB
Dirty:                84 kB
Writeback:          1404 kB
AnonPages:       4139044 kB
Mapped:           251376 kB
Shmem:             54448 kB
KReclaimable:      56792 kB
Slab:             284936 kB
SReclaimable:      56792 kB
SUnreclaim:       228144 kB
KernelStack:       19116 kB
PageTables:        62228 kB
SecPageTables:         0 kB
NFS_Unstable:          0 kB
Bounce:                0 kB
WritebackTmp:          0 kB
CommitLimit:     8258920 kB
Committed_AS:   12032064 kB
VmallocTotal:   34359738367 kB
VmallocUsed:       47400 kB
VmallocChunk:          0 kB
Percpu:            13280 kB
HardwareCorrupted:     0 kB
AnonHugePages:   2150400 kB
ShmemHugePages:        0 kB
ShmemPmdMapped:        0 kB
FileHugePages:         0 kB
FilePmdMapped:         0 kB
CmaTotal:              0 kB
CmaFree:               0 kB
Unaccepted:            0 kB
Balloon:               0 kB
HugePages_Total:       0
HugePages_Free:        0
HugePages_Rsvd:        0
HugePages_Surp:        0
Hugepagesize:       2048 kB
Hugetlb:               0 kB
DirectMap4k:      194432 kB
DirectMap2M:     6096896 kB
DirectMap1G:     4194304 kB
---SNAPSHOT---
2026-04-27 14:00:37
MemTotal:        8129240 kB
MemFree:         2222616 kB
MemAvailable:    1951332 kB
Buffers:            6820 kB
Cached:           303340 kB
SwapCached:       778188 kB
Active:          3904212 kB
Inactive:        1309528 kB
Active(anon):    3797896 kB
Inactive(anon):  1160116 kB
Active(file):     106316 kB
Inactive(file):   149412 kB
Unevictable:          16 kB
Mlocked:              16 kB
SwapTotal:       4194300 kB
SwapFree:        3278596 kB
Zswap:                 0 kB
Zswapped:              0 kB
Dirty:                92 kB
Writeback:           172 kB
AnonPages:       4135488 kB
Mapped:           251704 kB
Shmem:             54448 kB
KReclaimable:      56792 kB
Slab:             284988 kB
SReclaimable:      56792 kB
SUnreclaim:       228196 kB
KernelStack:       19100 kB
PageTables:        61704 kB
SecPageTables:         0 kB
NFS_Unstable:          0 kB
Bounce:                0 kB
WritebackTmp:          0 kB
CommitLimit:     8258920 kB
Committed_AS:   12031680 kB
VmallocTotal:   34359738367 kB
VmallocUsed:       47352 kB
VmallocChunk:          0 kB
Percpu:            13280 kB
HardwareCorrupted:     0 kB
AnonHugePages:   2144256 kB
ShmemHugePages:        0 kB
ShmemPmdMapped:        0 kB
FileHugePages:         0 kB
FilePmdMapped:         0 kB
CmaTotal:              0 kB
CmaFree:               0 kB
Unaccepted:            0 kB
Balloon:               0 kB
HugePages_Total:       0
HugePages_Free:        0
HugePages_Rsvd:        0
HugePages_Surp:        0
Hugepagesize:       2048 kB
Hugetlb:               0 kB
DirectMap4k:      194432 kB
DirectMap2M:     6096896 kB
DirectMap1G:     4194304 kB
---SNAPSHOT---
2026-04-27 14:00:38
MemTotal:        8129240 kB
MemFree:         2402516 kB
MemAvailable:    2131240 kB
Buffers:            6820 kB
Cached:           303352 kB
SwapCached:       781780 kB
Active:          3706340 kB
Inactive:        1311668 kB
Active(anon):    3600024 kB
Inactive(anon):  1162240 kB
Active(file):     106316 kB
Inactive(file):   149428 kB
Unevictable:          16 kB
Mlocked:              16 kB
SwapTotal:       4194300 kB
SwapFree:        3275004 kB
Zswap:                 0 kB
Zswapped:              0 kB
Dirty:               100 kB
Writeback:           228 kB
AnonPages:       3936152 kB
Mapped:           251376 kB
Shmem:             54448 kB
KReclaimable:      56792 kB
Slab:             285004 kB
SReclaimable:      56792 kB
SUnreclaim:       228212 kB
KernelStack:       19072 kB
PageTables:        61516 kB
SecPageTables:         0 kB
NFS_Unstable:          0 kB
Bounce:                0 kB
WritebackTmp:          0 kB
CommitLimit:     8258920 kB
Committed_AS:   12031836 kB
VmallocTotal:   34359738367 kB
VmallocUsed:       47368 kB
VmallocChunk:          0 kB
Percpu:            13280 kB
HardwareCorrupted:     0 kB
AnonHugePages:   1947648 kB
ShmemHugePages:        0 kB
ShmemPmdMapped:        0 kB
FileHugePages:         0 kB
FilePmdMapped:         0 kB
CmaTotal:              0 kB
CmaFree:               0 kB
Unaccepted:            0 kB
Balloon:               0 kB
HugePages_Total:       0
HugePages_Free:        0
HugePages_Rsvd:        0
HugePages_Surp:        0
Hugepagesize:       2048 kB
Hugetlb:               0 kB
DirectMap4k:      194432 kB
DirectMap2M:     6096896 kB
DirectMap1G:     4194304 kB
---SNAPSHOT---
2026-04-27 14:00:39
MemTotal:        8129240 kB
MemFree:         2220048 kB
MemAvailable:    1948776 kB
Buffers:            6820 kB
Cached:           303356 kB
SwapCached:       785692 kB
Active:          3898076 kB
Inactive:        1315752 kB
Active(anon):    3791760 kB
Inactive(anon):  1166320 kB
Active(file):     106316 kB
Inactive(file):   149432 kB
Unevictable:          16 kB
Mlocked:              16 kB
SwapTotal:       4194300 kB
SwapFree:        3271092 kB
Zswap:                 0 kB
Zswapped:              0 kB
Dirty:               104 kB
Writeback:           220 kB
AnonPages:       4128408 kB
Mapped:           251376 kB
Shmem:             54448 kB
KReclaimable:      56792 kB
Slab:             285008 kB
SReclaimable:      56792 kB
SUnreclaim:       228216 kB
KernelStack:       19100 kB
PageTables:        61900 kB
SecPageTables:         0 kB
NFS_Unstable:          0 kB
Bounce:                0 kB
WritebackTmp:          0 kB
CommitLimit:     8258920 kB
Committed_AS:   12031536 kB
VmallocTotal:   34359738367 kB
VmallocUsed:       47368 kB
VmallocChunk:          0 kB
Percpu:            13280 kB
HardwareCorrupted:     0 kB
AnonHugePages:   2138112 kB
ShmemHugePages:        0 kB
ShmemPmdMapped:        0 kB
FileHugePages:         0 kB
FilePmdMapped:         0 kB
CmaTotal:              0 kB
CmaFree:               0 kB
Unaccepted:            0 kB
Balloon:               0 kB
HugePages_Total:       0
HugePages_Free:        0
HugePages_Rsvd:        0
HugePages_Surp:        0
Hugepagesize:       2048 kB
Hugetlb:               0 kB
DirectMap4k:      194432 kB
DirectMap2M:     6096896 kB
DirectMap1G:     4194304 kB
---SNAPSHOT---
2026-04-27 14:00:40
MemTotal:        8129240 kB
MemFree:         2220228 kB
MemAvailable:    1948956 kB
Buffers:            6820 kB
Cached:           303364 kB
SwapCached:       792328 kB
Active:          3890188 kB
Inactive:        1323780 kB
Active(anon):    3783872 kB
Inactive(anon):  1174344 kB
Active(file):     106316 kB
Inactive(file):   149436 kB
Unevictable:          16 kB
Mlocked:              16 kB
SwapTotal:       4194300 kB
SwapFree:        3264456 kB
Zswap:                 0 kB
Zswapped:              0 kB
Dirty:               112 kB
Writeback:           236 kB
AnonPages:       4121468 kB
Mapped:           251376 kB
Shmem:             54448 kB
KReclaimable:      56792 kB
Slab:             284980 kB
SReclaimable:      56792 kB
SUnreclaim:       228188 kB
KernelStack:       19116 kB
PageTables:        61764 kB
SecPageTables:         0 kB
NFS_Unstable:          0 kB
Bounce:                0 kB
WritebackTmp:          0 kB
CommitLimit:     8258920 kB
Committed_AS:   12031820 kB
VmallocTotal:   34359738367 kB
VmallocUsed:       47384 kB
VmallocChunk:          0 kB
Percpu:            13280 kB
HardwareCorrupted:     0 kB
AnonHugePages:   2129920 kB
ShmemHugePages:        0 kB
ShmemPmdMapped:        0 kB
FileHugePages:         0 kB
FilePmdMapped:         0 kB
CmaTotal:              0 kB
CmaFree:               0 kB
Unaccepted:            0 kB
Balloon:               0 kB
HugePages_Total:       0
HugePages_Free:        0
HugePages_Rsvd:        0
HugePages_Surp:        0
Hugepagesize:       2048 kB
Hugetlb:               0 kB
DirectMap4k:      194432 kB
DirectMap2M:     6096896 kB
DirectMap1G:     4194304 kB
---SNAPSHOT---
2026-04-27 14:00:41
MemTotal:        8129240 kB
MemFree:         2219540 kB
MemAvailable:    1948272 kB
Buffers:            6820 kB
Cached:           303368 kB
SwapCached:       793048 kB
Active:          3890340 kB
Inactive:        1323948 kB
Active(anon):    3784024 kB
Inactive(anon):  1174508 kB
Active(file):     106316 kB
Inactive(file):   149440 kB
Unevictable:          16 kB
Mlocked:              16 kB
SwapTotal:       4194300 kB
SwapFree:        3263736 kB
Zswap:                 0 kB
Zswapped:              0 kB
Dirty:               116 kB
Writeback:           252 kB
AnonPages:       4120960 kB
Mapped:           251376 kB
Shmem:             54448 kB
KReclaimable:      56792 kB
Slab:             284972 kB
SReclaimable:      56792 kB
SUnreclaim:       228180 kB
KernelStack:       19116 kB
PageTables:        61856 kB
SecPageTables:         0 kB
NFS_Unstable:          0 kB
Bounce:                0 kB
WritebackTmp:          0 kB
CommitLimit:     8258920 kB
Committed_AS:   12031568 kB
VmallocTotal:   34359738367 kB
VmallocUsed:       47384 kB
VmallocChunk:          0 kB
Percpu:            13280 kB
HardwareCorrupted:     0 kB
AnonHugePages:   2129920 kB
ShmemHugePages:        0 kB
ShmemPmdMapped:        0 kB
FileHugePages:         0 kB
FilePmdMapped:         0 kB
CmaTotal:              0 kB
CmaFree:               0 kB
Unaccepted:            0 kB
Balloon:               0 kB
HugePages_Total:       0
HugePages_Free:        0
HugePages_Rsvd:        0
HugePages_Surp:        0
Hugepagesize:       2048 kB
Hugetlb:               0 kB
DirectMap4k:      194432 kB
DirectMap2M:     6096896 kB
DirectMap1G:     4194304 kB
---SNAPSHOT---
2026-04-27 14:00:43
MemTotal:        8129240 kB
MemFree:         2219364 kB
MemAvailable:    1948096 kB
Buffers:            6828 kB
Cached:           303368 kB
SwapCached:       803272 kB
Active:          3879696 kB
Inactive:        1334160 kB
Active(anon):    3773380 kB
Inactive(anon):  1184716 kB
Active(file):     106316 kB
Inactive(file):   149444 kB
Unevictable:          16 kB
Mlocked:              16 kB
SwapTotal:       4194300 kB
SwapFree:        3253512 kB
Zswap:                 0 kB
Zswapped:              0 kB
Dirty:               120 kB
Writeback:           236 kB
AnonPages:       4110904 kB
Mapped:           251376 kB
Shmem:             54448 kB
KReclaimable:      56792 kB
Slab:             284944 kB
SReclaimable:      56792 kB
SUnreclaim:       228152 kB
KernelStack:       19148 kB
PageTables:        62112 kB
SecPageTables:         0 kB
NFS_Unstable:          0 kB
Bounce:                0 kB
WritebackTmp:          0 kB
CommitLimit:     8258920 kB
Committed_AS:   12031592 kB
VmallocTotal:   34359738367 kB
VmallocUsed:       47384 kB
VmallocChunk:          0 kB
Percpu:            13280 kB
HardwareCorrupted:     0 kB
AnonHugePages:   2119680 kB
ShmemHugePages:        0 kB
ShmemPmdMapped:        0 kB
FileHugePages:         0 kB
FilePmdMapped:         0 kB
CmaTotal:              0 kB
CmaFree:               0 kB
Unaccepted:            0 kB
Balloon:               0 kB
HugePages_Total:       0
HugePages_Free:        0
HugePages_Rsvd:        0
HugePages_Surp:        0
Hugepagesize:       2048 kB
Hugetlb:               0 kB
DirectMap4k:      194432 kB
DirectMap2M:     6096896 kB
DirectMap1G:     4194304 kB
---SNAPSHOT---
2026-04-27 14:00:44
MemTotal:        8129240 kB
MemFree:         2219132 kB
MemAvailable:    1947872 kB
Buffers:            6828 kB
Cached:           303380 kB
SwapCached:       810856 kB
Active:          3871604 kB
Inactive:        1342276 kB
Active(anon):    3765288 kB
Inactive(anon):  1192816 kB
Active(file):     106316 kB
Inactive(file):   149460 kB
Unevictable:          16 kB
Mlocked:              16 kB
SwapTotal:       4194300 kB
SwapFree:        3245928 kB
Zswap:                 0 kB
Zswapped:              0 kB
Dirty:               132 kB
Writeback:           328 kB
AnonPages:       4102936 kB
Mapped:           251376 kB
Shmem:             54448 kB
KReclaimable:      56792 kB
Slab:             284920 kB
SReclaimable:      56792 kB
SUnreclaim:       228128 kB
KernelStack:       19116 kB
PageTables:        61956 kB
SecPageTables:         0 kB
NFS_Unstable:          0 kB
Bounce:                0 kB
WritebackTmp:          0 kB
CommitLimit:     8258920 kB
Committed_AS:   12031704 kB
VmallocTotal:   34359738367 kB
VmallocUsed:       47352 kB
VmallocChunk:          0 kB
Percpu:            13280 kB
HardwareCorrupted:     0 kB
AnonHugePages:   2111488 kB
ShmemHugePages:        0 kB
ShmemPmdMapped:        0 kB
FileHugePages:         0 kB
FilePmdMapped:         0 kB
CmaTotal:              0 kB
CmaFree:               0 kB
Unaccepted:            0 kB
Balloon:               0 kB
HugePages_Total:       0
HugePages_Free:        0
HugePages_Rsvd:        0
HugePages_Surp:        0
Hugepagesize:       2048 kB
Hugetlb:               0 kB
DirectMap4k:      194432 kB
DirectMap2M:     6096896 kB
DirectMap1G:     4194304 kB
---SNAPSHOT---
2026-04-27 14:00:45
MemTotal:        8129240 kB
MemFree:         2391344 kB
MemAvailable:    2120088 kB
Buffers:            6828 kB
Cached:           303380 kB
SwapCached:       812584 kB
Active:          3671600 kB
Inactive:        1342364 kB
Active(anon):    3565284 kB
Inactive(anon):  1192900 kB
Active(file):     106316 kB
Inactive(file):   149464 kB
Unevictable:          16 kB
Mlocked:              16 kB
SwapTotal:       4194300 kB
SwapFree:        3244148 kB
Zswap:                 0 kB
Zswapped:              0 kB
Dirty:               132 kB
Writeback:           832 kB
AnonPages:       3901356 kB
Mapped:           251388 kB
Shmem:             54448 kB
KReclaimable:      56792 kB
Slab:             284848 kB
SReclaimable:      56792 kB
SUnreclaim:       228056 kB
KernelStack:       19180 kB
PageTables:        61668 kB
SecPageTables:         0 kB
NFS_Unstable:          0 kB
Bounce:                0 kB
WritebackTmp:          0 kB
CommitLimit:     8258920 kB
Committed_AS:   12032060 kB
VmallocTotal:   34359738367 kB
VmallocUsed:       47368 kB
VmallocChunk:          0 kB
Percpu:            13280 kB
HardwareCorrupted:     0 kB
AnonHugePages:   1918976 kB
ShmemHugePages:        0 kB
ShmemPmdMapped:        0 kB
FileHugePages:         0 kB
FilePmdMapped:         0 kB
CmaTotal:              0 kB
CmaFree:               0 kB
Unaccepted:            0 kB
Balloon:               0 kB
HugePages_Total:       0
HugePages_Free:        0
HugePages_Rsvd:        0
HugePages_Surp:        0
Hugepagesize:       2048 kB
Hugetlb:               0 kB
DirectMap4k:      194432 kB
DirectMap2M:     6096896 kB
DirectMap1G:     4194304 kB
---SNAPSHOT---
2026-04-27 14:00:46
MemTotal:        8129240 kB
MemFree:         2210296 kB
MemAvailable:    1939044 kB
Buffers:            6828 kB
Cached:           303400 kB
SwapCached:       816176 kB
Active:          3867544 kB
Inactive:        1348480 kB
Active(anon):    3761228 kB
Inactive(anon):  1199008 kB
Active(file):     106316 kB
Inactive(file):   149472 kB
Unevictable:          16 kB
Mlocked:              16 kB
SwapTotal:       4194300 kB
SwapFree:        3240608 kB
Zswap:                 0 kB
Zswapped:              0 kB
Dirty:               152 kB
Writeback:           220 kB
AnonPages:       4099844 kB
Mapped:           251376 kB
Shmem:             54448 kB
KReclaimable:      56792 kB
Slab:             284752 kB
SReclaimable:      56792 kB
SUnreclaim:       227960 kB
KernelStack:       19116 kB
PageTables:        61976 kB
SecPageTables:         0 kB
NFS_Unstable:          0 kB
Bounce:                0 kB
WritebackTmp:          0 kB
CommitLimit:     8258920 kB
Committed_AS:   12031340 kB
VmallocTotal:   34359738367 kB
VmallocUsed:       47368 kB
VmallocChunk:          0 kB
Percpu:            13280 kB
HardwareCorrupted:     0 kB
AnonHugePages:   2113536 kB
ShmemHugePages:        0 kB
ShmemPmdMapped:        0 kB
FileHugePages:         0 kB
FilePmdMapped:         0 kB
CmaTotal:              0 kB
CmaFree:               0 kB
Unaccepted:            0 kB
Balloon:               0 kB
HugePages_Total:       0
HugePages_Free:        0
HugePages_Rsvd:        0
HugePages_Surp:        0
Hugepagesize:       2048 kB
Hugetlb:               0 kB
DirectMap4k:      194432 kB
DirectMap2M:     6096896 kB
DirectMap1G:     4194304 kB
---SNAPSHOT---
2026-04-27 14:00:47
MemTotal:        8129240 kB
MemFree:         2209560 kB
MemAvailable:    1938312 kB
Buffers:            6828 kB
Cached:           303404 kB
SwapCached:       826196 kB
Active:          3857524 kB
Inactive:        1358740 kB
Active(anon):    3751208 kB
Inactive(anon):  1209256 kB
Active(file):     106316 kB
Inactive(file):   149484 kB
Unevictable:          16 kB
Mlocked:              16 kB
SwapTotal:       4194300 kB
SwapFree:        3230588 kB
Zswap:                 0 kB
Zswapped:              0 kB
Dirty:               156 kB
Writeback:           248 kB
AnonPages:       4089608 kB
Mapped:           251376 kB
Shmem:             54448 kB
KReclaimable:      56792 kB
Slab:             284732 kB
SReclaimable:      56792 kB
SUnreclaim:       227940 kB
KernelStack:       19072 kB
PageTables:        61880 kB
SecPageTables:         0 kB
NFS_Unstable:          0 kB
Bounce:                0 kB
WritebackTmp:          0 kB
CommitLimit:     8258920 kB
Committed_AS:   12031508 kB
VmallocTotal:   34359738367 kB
VmallocUsed:       47368 kB
VmallocChunk:          0 kB
Percpu:            13280 kB
HardwareCorrupted:     0 kB
AnonHugePages:   2103296 kB
ShmemHugePages:        0 kB
ShmemPmdMapped:        0 kB
FileHugePages:         0 kB
FilePmdMapped:         0 kB
CmaTotal:              0 kB
CmaFree:               0 kB
Unaccepted:            0 kB
Balloon:               0 kB
HugePages_Total:       0
HugePages_Free:        0
HugePages_Rsvd:        0
HugePages_Surp:        0
Hugepagesize:       2048 kB
Hugetlb:               0 kB
DirectMap4k:      194432 kB
DirectMap2M:     6096896 kB
DirectMap1G:     4194304 kB
---SNAPSHOT---
2026-04-27 14:00:48
MemTotal:        8129240 kB
MemFree:         2410524 kB
MemAvailable:    2139280 kB
Buffers:            6836 kB
Cached:           303408 kB
SwapCached:       829836 kB
Active:          3616408 kB
Inactive:        1358768 kB
Active(anon):    3510092 kB
Inactive(anon):  1209276 kB
Active(file):     106316 kB
Inactive(file):   149492 kB
Unevictable:          16 kB
Mlocked:              16 kB
SwapTotal:       4194300 kB
SwapFree:        3226948 kB
Zswap:                 0 kB
Zswapped:              0 kB
Dirty:               160 kB
Writeback:           180 kB
AnonPages:       3845116 kB
Mapped:           251376 kB
Shmem:             54448 kB
KReclaimable:      56792 kB
Slab:             284756 kB
SReclaimable:      56792 kB
SUnreclaim:       227964 kB
KernelStack:       19056 kB
PageTables:        61316 kB
SecPageTables:         0 kB
NFS_Unstable:          0 kB
Bounce:                0 kB
WritebackTmp:          0 kB
CommitLimit:     8258920 kB
Committed_AS:   12031732 kB
VmallocTotal:   34359738367 kB
VmallocUsed:       47320 kB
VmallocChunk:          0 kB
Percpu:            13280 kB
HardwareCorrupted:     0 kB
AnonHugePages:   1863680 kB
ShmemHugePages:        0 kB
ShmemPmdMapped:        0 kB
FileHugePages:         0 kB
FilePmdMapped:         0 kB
CmaTotal:              0 kB
CmaFree:               0 kB
Unaccepted:            0 kB
Balloon:               0 kB
HugePages_Total:       0
HugePages_Free:        0
HugePages_Rsvd:        0
HugePages_Surp:        0
Hugepagesize:       2048 kB
Hugetlb:               0 kB
DirectMap4k:      194432 kB
DirectMap2M:     6096896 kB
DirectMap1G:     4194304 kB
---SNAPSHOT---
2026-04-27 14:00:49
MemTotal:        8129240 kB
MemFree:         2209340 kB
MemAvailable:    1938108 kB
Buffers:            6840 kB
Cached:           303424 kB
SwapCached:       838796 kB
Active:          3847076 kB
Inactive:        1368984 kB
Active(anon):    3740760 kB
Inactive(anon):  1219468 kB
Active(file):     106316 kB
Inactive(file):   149516 kB
Unevictable:          16 kB
Mlocked:              16 kB
SwapTotal:       4194300 kB
SwapFree:        3217988 kB
Zswap:                 0 kB
Zswapped:              0 kB
Dirty:               160 kB
Writeback:           156 kB
AnonPages:       4077236 kB
Mapped:           251376 kB
Shmem:             54448 kB
KReclaimable:      56792 kB
Slab:             284764 kB
SReclaimable:      56792 kB
SUnreclaim:       227972 kB
KernelStack:       19056 kB
PageTables:        61968 kB
SecPageTables:         0 kB
NFS_Unstable:          0 kB
Bounce:                0 kB
WritebackTmp:          0 kB
CommitLimit:     8258920 kB
Committed_AS:   12031844 kB
VmallocTotal:   34359738367 kB
VmallocUsed:       47336 kB
VmallocChunk:          0 kB
Percpu:            13280 kB
HardwareCorrupted:     0 kB
AnonHugePages:   2093056 kB
ShmemHugePages:        0 kB
ShmemPmdMapped:        0 kB
FileHugePages:         0 kB
FilePmdMapped:         0 kB
CmaTotal:              0 kB
CmaFree:               0 kB
Unaccepted:            0 kB
Balloon:               0 kB
HugePages_Total:       0
HugePages_Free:        0
HugePages_Rsvd:        0
HugePages_Surp:        0
Hugepagesize:       2048 kB
Hugetlb:               0 kB
DirectMap4k:      194432 kB
DirectMap2M:     6096896 kB
DirectMap1G:     4194304 kB
---SNAPSHOT---
2026-04-27 14:00:50
MemTotal:        8129240 kB
MemFree:         2207536 kB
MemAvailable:    1936308 kB
Buffers:            6840 kB
Cached:           303428 kB
SwapCached:       910980 kB
Active:          3775780 kB
Inactive:        1440028 kB
Active(anon):    3669464 kB
Inactive(anon):  1290508 kB
Active(file):     106316 kB
Inactive(file):   149520 kB
Unevictable:          16 kB
Mlocked:              16 kB
SwapTotal:       4194300 kB
SwapFree:        3145640 kB
Zswap:                 0 kB
Zswapped:              0 kB
Dirty:               164 kB
Writeback:          4364 kB
AnonPages:       4004776 kB
Mapped:           251376 kB
Shmem:             54448 kB
KReclaimable:      56792 kB
Slab:             284780 kB
SReclaimable:      56792 kB
SUnreclaim:       227988 kB
KernelStack:       19116 kB
PageTables:        61760 kB
SecPageTables:         0 kB
NFS_Unstable:          0 kB
Bounce:                0 kB
WritebackTmp:          0 kB
CommitLimit:     8258920 kB
Committed_AS:   12032176 kB
VmallocTotal:   34359738367 kB
VmallocUsed:       47368 kB
VmallocChunk:          0 kB
Percpu:            13280 kB
HardwareCorrupted:     0 kB
AnonHugePages:   2021376 kB
ShmemHugePages:        0 kB
ShmemPmdMapped:        0 kB
FileHugePages:         0 kB
FilePmdMapped:         0 kB
CmaTotal:              0 kB
CmaFree:               0 kB
Unaccepted:            0 kB
Balloon:               0 kB
HugePages_Total:       0
HugePages_Free:        0
HugePages_Rsvd:        0
HugePages_Surp:        0
Hugepagesize:       2048 kB
Hugetlb:               0 kB
DirectMap4k:      194432 kB
DirectMap2M:     6096896 kB
DirectMap1G:     4194304 kB
---SNAPSHOT---
2026-04-27 14:00:51
MemTotal:        8129240 kB
MemFree:         2535324 kB
MemAvailable:    2264100 kB
Buffers:            6840 kB
Cached:           303436 kB
SwapCached:      1122892 kB
Active:          3151444 kB
Inactive:        1655452 kB
Active(anon):    3045128 kB
Inactive(anon):  1505924 kB
Active(file):     106316 kB
Inactive(file):   149528 kB
Unevictable:          16 kB
Mlocked:              16 kB
SwapTotal:       4194300 kB
SwapFree:        2933680 kB
Zswap:                 0 kB
Zswapped:              0 kB
Dirty:               172 kB
Writeback:           344 kB
AnonPages:       3384068 kB
Mapped:           251376 kB
Shmem:             54448 kB
KReclaimable:      56792 kB
Slab:             284808 kB
SReclaimable:      56792 kB
SUnreclaim:       228016 kB
KernelStack:       19116 kB
PageTables:        61056 kB
SecPageTables:         0 kB
NFS_Unstable:          0 kB
Bounce:                0 kB
WritebackTmp:          0 kB
CommitLimit:     8258920 kB
Committed_AS:   12031576 kB
VmallocTotal:   34359738367 kB
VmallocUsed:       47368 kB
VmallocChunk:          0 kB
Percpu:            13280 kB
HardwareCorrupted:     0 kB
AnonHugePages:   1169408 kB
ShmemHugePages:        0 kB
ShmemPmdMapped:        0 kB
FileHugePages:         0 kB
FilePmdMapped:         0 kB
CmaTotal:              0 kB
CmaFree:               0 kB
Unaccepted:            0 kB
Balloon:               0 kB
HugePages_Total:       0
HugePages_Free:        0
HugePages_Rsvd:        0
HugePages_Surp:        0
Hugepagesize:       2048 kB
Hugetlb:               0 kB
DirectMap4k:      194432 kB
DirectMap2M:     6096896 kB
DirectMap1G:     4194304 kB
---SNAPSHOT---
2026-04-27 14:00:52
MemTotal:        8129240 kB
MemFree:         2123544 kB
MemAvailable:    1852324 kB
Buffers:            6840 kB
Cached:           303440 kB
SwapCached:      1222884 kB
Active:          3464444 kB
Inactive:        1751992 kB
Active(anon):    3358128 kB
Inactive(anon):  1602456 kB
Active(file):     106316 kB
Inactive(file):   149536 kB
Unevictable:          16 kB
Mlocked:              16 kB
SwapTotal:       4194300 kB
SwapFree:        2833900 kB
Zswap:                 0 kB
Zswapped:              0 kB
Dirty:               176 kB
Writeback:           388 kB
AnonPages:       3693336 kB
Mapped:           251376 kB
Shmem:             54448 kB
KReclaimable:      56792 kB
Slab:             284780 kB
SReclaimable:      56792 kB
SUnreclaim:       227988 kB
KernelStack:       19116 kB
PageTables:        62120 kB
SecPageTables:         0 kB
NFS_Unstable:          0 kB
Bounce:                0 kB
WritebackTmp:          0 kB
CommitLimit:     8258920 kB
Committed_AS:   12031908 kB
VmallocTotal:   34359738367 kB
VmallocUsed:       47384 kB
VmallocChunk:          0 kB
Percpu:            13280 kB
HardwareCorrupted:     0 kB
AnonHugePages:   1073152 kB
ShmemHugePages:        0 kB
ShmemPmdMapped:        0 kB
FileHugePages:         0 kB
FilePmdMapped:         0 kB
CmaTotal:              0 kB
CmaFree:               0 kB
Unaccepted:            0 kB
Balloon:               0 kB
HugePages_Total:       0
HugePages_Free:        0
HugePages_Rsvd:        0
HugePages_Surp:        0
Hugepagesize:       2048 kB
Hugetlb:               0 kB
DirectMap4k:      194432 kB
DirectMap2M:     6096896 kB
DirectMap1G:     4194304 kB
---SNAPSHOT---
2026-04-27 14:00:53
MemTotal:        8129240 kB
MemFree:         2285300 kB
MemAvailable:    2014080 kB
Buffers:            6848 kB
Cached:           303436 kB
SwapCached:      1234264 kB
Active:          3363448 kB
Inactive:        1763660 kB
Active(anon):    3257132 kB
Inactive(anon):  1614120 kB
Active(file):     106316 kB
Inactive(file):   149540 kB
Unevictable:          16 kB
Mlocked:              16 kB
SwapTotal:       4194300 kB
SwapFree:        2822188 kB
Zswap:                 0 kB
Zswapped:              0 kB
Dirty:               180 kB
Writeback:           632 kB
AnonPages:       3592596 kB
Mapped:           251376 kB
Shmem:             54448 kB
KReclaimable:      56792 kB
Slab:             284784 kB
SReclaimable:      56792 kB
SUnreclaim:       227992 kB
KernelStack:       19116 kB
PageTables:        62000 kB
SecPageTables:         0 kB
NFS_Unstable:          0 kB
Bounce:                0 kB
WritebackTmp:          0 kB
CommitLimit:     8258920 kB
Committed_AS:   12031592 kB
VmallocTotal:   34359738367 kB
VmallocUsed:       47416 kB
VmallocChunk:          0 kB
Percpu:            13280 kB
HardwareCorrupted:     0 kB
AnonHugePages:   1611776 kB
ShmemHugePages:        0 kB
ShmemPmdMapped:        0 kB
FileHugePages:         0 kB
FilePmdMapped:         0 kB
CmaTotal:              0 kB
CmaFree:               0 kB
Unaccepted:            0 kB
Balloon:               0 kB
HugePages_Total:       0
HugePages_Free:        0
HugePages_Rsvd:        0
HugePages_Surp:        0
Hugepagesize:       2048 kB
Hugetlb:               0 kB
DirectMap4k:      194432 kB
DirectMap2M:     6096896 kB
DirectMap1G:     4194304 kB
---SNAPSHOT---
2026-04-27 14:00:54
MemTotal:        8129240 kB
MemFree:         2752796 kB
MemAvailable:    2481584 kB
Buffers:            6848 kB
Cached:           303452 kB
SwapCached:      1343884 kB
Active:          2758972 kB
Inactive:        1872828 kB
Active(anon):    2652656 kB
Inactive(anon):  1723272 kB
Active(file):     106316 kB
Inactive(file):   149556 kB
Unevictable:          16 kB
Mlocked:              16 kB
SwapTotal:       4194300 kB
SwapFree:        2712860 kB
Zswap:                 0 kB
Zswapped:              0 kB
Dirty:               204 kB
Writeback:           376 kB
AnonPages:       2987548 kB
Mapped:           251376 kB
Shmem:             54448 kB
KReclaimable:      56792 kB
Slab:             284792 kB
SReclaimable:      56792 kB
SUnreclaim:       228000 kB
KernelStack:       19116 kB
PageTables:        61060 kB
SecPageTables:         0 kB
NFS_Unstable:          0 kB
Bounce:                0 kB
WritebackTmp:          0 kB
CommitLimit:     8258920 kB
Committed_AS:   12032172 kB
VmallocTotal:   34359738367 kB
VmallocUsed:       47416 kB
VmallocChunk:          0 kB
Percpu:            13280 kB
HardwareCorrupted:     0 kB
AnonHugePages:   1005568 kB
ShmemHugePages:        0 kB
ShmemPmdMapped:        0 kB
FileHugePages:         0 kB
FilePmdMapped:         0 kB
CmaTotal:              0 kB
CmaFree:               0 kB
Unaccepted:            0 kB
Balloon:               0 kB
HugePages_Total:       0
HugePages_Free:        0
HugePages_Rsvd:        0
HugePages_Surp:        0
Hugepagesize:       2048 kB
Hugetlb:               0 kB
DirectMap4k:      194432 kB
DirectMap2M:     6096896 kB
DirectMap1G:     4194304 kB
---SNAPSHOT---
2026-04-27 14:00:55
MemTotal:        8129240 kB
MemFree:         2195444 kB
MemAvailable:    1924236 kB
Buffers:            6848 kB
Cached:           303456 kB
SwapCached:      1447168 kB
Active:          3239388 kB
Inactive:        1977328 kB
Active(anon):    3133072 kB
Inactive(anon):  1827768 kB
Active(file):     106316 kB
Inactive(file):   149560 kB
Unevictable:          16 kB
Mlocked:              16 kB
SwapTotal:       4194300 kB
SwapFree:        2609616 kB
Zswap:                 0 kB
Zswapped:              0 kB
Dirty:               208 kB
Writeback:           212 kB
AnonPages:       3469096 kB
Mapped:           251376 kB
Shmem:             54448 kB
KReclaimable:      56792 kB
Slab:             284712 kB
SReclaimable:      56792 kB
SUnreclaim:       227920 kB
KernelStack:       19116 kB
PageTables:        62060 kB
SecPageTables:         0 kB
NFS_Unstable:          0 kB
Bounce:                0 kB
WritebackTmp:          0 kB
CommitLimit:     8258920 kB
Committed_AS:   12031932 kB
VmallocTotal:   34359738367 kB
VmallocUsed:       47400 kB
VmallocChunk:          0 kB
Percpu:            13280 kB
HardwareCorrupted:     0 kB
AnonHugePages:   1490944 kB
ShmemHugePages:        0 kB
ShmemPmdMapped:        0 kB
FileHugePages:         0 kB
FilePmdMapped:         0 kB
CmaTotal:              0 kB
CmaFree:               0 kB
Unaccepted:            0 kB
Balloon:               0 kB
HugePages_Total:       0
HugePages_Free:        0
HugePages_Rsvd:        0
HugePages_Surp:        0
Hugepagesize:       2048 kB
Hugetlb:               0 kB
DirectMap4k:      194432 kB
DirectMap2M:     6096896 kB
DirectMap1G:     4194304 kB
---SNAPSHOT---
2026-04-27 14:00:56
MemTotal:        8129240 kB
MemFree:         2218040 kB
MemAvailable:    1946872 kB
Buffers:            6992 kB
Cached:           303464 kB
SwapCached:      1461744 kB
Active:          3200876 kB
Inactive:        1991636 kB
Active(anon):    3094560 kB
Inactive(anon):  1841996 kB
Active(file):     106316 kB
Inactive(file):   149640 kB
Unevictable:          16 kB
Mlocked:              16 kB
SwapTotal:       4194300 kB
SwapFree:        2595040 kB
Zswap:                 0 kB
Zswapped:              0 kB
Dirty:               216 kB
Writeback:           304 kB
AnonPages:       3430400 kB
Mapped:           251376 kB
Shmem:             54448 kB
KReclaimable:      56792 kB
Slab:             284740 kB
SReclaimable:      56792 kB
SUnreclaim:       227948 kB
KernelStack:       19056 kB
PageTables:        61740 kB
SecPageTables:         0 kB
NFS_Unstable:          0 kB
Bounce:                0 kB
WritebackTmp:          0 kB
CommitLimit:     8258920 kB
Committed_AS:   12031676 kB
VmallocTotal:   34359738367 kB
VmallocUsed:       47368 kB
VmallocChunk:          0 kB
Percpu:            13280 kB
HardwareCorrupted:     0 kB
AnonHugePages:   1454080 kB
ShmemHugePages:        0 kB
ShmemPmdMapped:        0 kB
FileHugePages:         0 kB
FilePmdMapped:         0 kB
CmaTotal:              0 kB
CmaFree:               0 kB
Unaccepted:            0 kB
Balloon:               0 kB
HugePages_Total:       0
HugePages_Free:        0
HugePages_Rsvd:        0
HugePages_Surp:        0
Hugepagesize:       2048 kB
Hugetlb:               0 kB
DirectMap4k:      194432 kB
DirectMap2M:     6096896 kB
DirectMap1G:     4194304 kB
---SNAPSHOT---
2026-04-27 14:00:57
MemTotal:        8129240 kB
MemFree:         2750284 kB
MemAvailable:    2479152 kB
Buffers:            6992 kB
Cached:           303468 kB
SwapCached:      1465744 kB
Active:          2605092 kB
Inactive:        1997940 kB
Active(anon):    2498776 kB
Inactive(anon):  1848224 kB
Active(file):     106316 kB
Inactive(file):   149716 kB
Unevictable:          16 kB
Mlocked:              16 kB
SwapTotal:       4194300 kB
SwapFree:        2591040 kB
Zswap:                 0 kB
Zswapped:              0 kB
Dirty:               220 kB
Writeback:           188 kB
AnonPages:       2836616 kB
Mapped:           251376 kB
Shmem:             54448 kB
KReclaimable:      56792 kB
Slab:             284732 kB
SReclaimable:      56792 kB
SUnreclaim:       227940 kB
KernelStack:       19056 kB
PageTables:        61992 kB
SecPageTables:         0 kB
NFS_Unstable:          0 kB
Bounce:                0 kB
WritebackTmp:          0 kB
CommitLimit:     8258920 kB
Committed_AS:   12032064 kB
VmallocTotal:   34359738367 kB
VmallocUsed:       47368 kB
VmallocChunk:          0 kB
Percpu:            13280 kB
HardwareCorrupted:     0 kB
AnonHugePages:    858112 kB
ShmemHugePages:        0 kB
ShmemPmdMapped:        0 kB
FileHugePages:         0 kB
FilePmdMapped:         0 kB
CmaTotal:              0 kB
CmaFree:               0 kB
Unaccepted:            0 kB
Balloon:               0 kB
HugePages_Total:       0
HugePages_Free:        0
HugePages_Rsvd:        0
HugePages_Surp:        0
Hugepagesize:       2048 kB
Hugetlb:               0 kB
DirectMap4k:      194432 kB
DirectMap2M:     6096896 kB
DirectMap1G:     4194304 kB
---SNAPSHOT---
2026-04-27 14:00:58
MemTotal:        8129240 kB
MemFree:         2193684 kB
MemAvailable:    1922552 kB
Buffers:            7000 kB
Cached:           303472 kB
SwapCached:      1470608 kB
Active:          3214732 kB
Inactive:        2002096 kB
Active(anon):    3108416 kB
Inactive(anon):  1852380 kB
Active(file):     106316 kB
Inactive(file):   149716 kB
Unevictable:          16 kB
Mlocked:              16 kB
SwapTotal:       4194300 kB
SwapFree:        2586176 kB
Zswap:                 0 kB
Zswapped:              0 kB
Dirty:               224 kB
Writeback:           432 kB
AnonPages:       3445700 kB
Mapped:           251376 kB
Shmem:             54448 kB
KReclaimable:      56792 kB
Slab:             284728 kB
SReclaimable:      56792 kB
SUnreclaim:       227936 kB
KernelStack:       19116 kB
PageTables:        61988 kB
SecPageTables:         0 kB
NFS_Unstable:          0 kB
Bounce:                0 kB
WritebackTmp:          0 kB
CommitLimit:     8258920 kB
Committed_AS:   12031428 kB
VmallocTotal:   34359738367 kB
VmallocUsed:       47368 kB
VmallocChunk:          0 kB
Percpu:            13280 kB
HardwareCorrupted:     0 kB
AnonHugePages:   1466368 kB
ShmemHugePages:        0 kB
ShmemPmdMapped:        0 kB
FileHugePages:         0 kB
FilePmdMapped:         0 kB
CmaTotal:              0 kB
CmaFree:               0 kB
Unaccepted:            0 kB
Balloon:               0 kB
HugePages_Total:       0
HugePages_Free:        0
HugePages_Rsvd:        0
HugePages_Surp:        0
Hugepagesize:       2048 kB
Hugetlb:               0 kB
DirectMap4k:      194432 kB
DirectMap2M:     6096896 kB
DirectMap1G:     4194304 kB
---SNAPSHOT---
2026-04-27 14:00:59
MemTotal:        8129240 kB
MemFree:         2226324 kB
MemAvailable:    1955200 kB
Buffers:            7004 kB
Cached:           303476 kB
SwapCached:      1474744 kB
Active:          3178304 kB
Inactive:        2004056 kB
Active(anon):    3071988 kB
Inactive(anon):  1854328 kB
Active(file):     106316 kB
Inactive(file):   149728 kB
Unevictable:          16 kB
Mlocked:              16 kB
SwapTotal:       4194300 kB
SwapFree:        2582040 kB
Zswap:                 0 kB
Zswapped:              0 kB
Dirty:               232 kB
Writeback:           224 kB
AnonPages:       3407156 kB
Mapped:           251376 kB
Shmem:             54448 kB
KReclaimable:      56792 kB
Slab:             284692 kB
SReclaimable:      56792 kB
SUnreclaim:       227900 kB
KernelStack:       19116 kB
PageTables:        61896 kB
SecPageTables:         0 kB
NFS_Unstable:          0 kB
Bounce:                0 kB
WritebackTmp:          0 kB
CommitLimit:     8258920 kB
Committed_AS:   12031932 kB
VmallocTotal:   34359738367 kB
VmallocUsed:       47336 kB
VmallocChunk:          0 kB
Percpu:            13280 kB
HardwareCorrupted:     0 kB
AnonHugePages:   1431552 kB
ShmemHugePages:        0 kB
ShmemPmdMapped:        0 kB
FileHugePages:         0 kB
FilePmdMapped:         0 kB
CmaTotal:              0 kB
CmaFree:               0 kB
Unaccepted:            0 kB
Balloon:               0 kB
HugePages_Total:       0
HugePages_Free:        0
HugePages_Rsvd:        0
HugePages_Surp:        0
Hugepagesize:       2048 kB
Hugetlb:               0 kB
DirectMap4k:      194432 kB
DirectMap2M:     6096896 kB
DirectMap1G:     4194304 kB
---SNAPSHOT---
2026-04-27 14:01:00
MemTotal:        8129240 kB
MemFree:         2713772 kB
MemAvailable:    2442648 kB
Buffers:            7004 kB
Cached:           303476 kB
SwapCached:      1498924 kB
Active:          2629540 kB
Inactive:        2030660 kB
Active(anon):    2523224 kB
Inactive(anon):  1880932 kB
Active(file):     106316 kB
Inactive(file):   149728 kB
Unevictable:          16 kB
Mlocked:              16 kB
SwapTotal:       4194300 kB
SwapFree:        2557844 kB
Zswap:                 0 kB
Zswapped:              0 kB
Dirty:               232 kB
Writeback:           264 kB
AnonPages:       2861148 kB
Mapped:           251376 kB
Shmem:             54448 kB
KReclaimable:      56792 kB
Slab:             284688 kB
SReclaimable:      56792 kB
SUnreclaim:       227896 kB
KernelStack:       19096 kB
PageTables:        61044 kB
SecPageTables:         0 kB
NFS_Unstable:          0 kB
Bounce:                0 kB
WritebackTmp:          0 kB
CommitLimit:     8258920 kB
Committed_AS:   12032068 kB
VmallocTotal:   34359738367 kB
VmallocUsed:       47336 kB
VmallocChunk:          0 kB
Percpu:            13280 kB
HardwareCorrupted:     0 kB
AnonHugePages:    882688 kB
ShmemHugePages:        0 kB
ShmemPmdMapped:        0 kB
FileHugePages:         0 kB
FilePmdMapped:         0 kB
CmaTotal:              0 kB
CmaFree:               0 kB
Unaccepted:            0 kB
Balloon:               0 kB
HugePages_Total:       0
HugePages_Free:        0
HugePages_Rsvd:        0
HugePages_Surp:        0
Hugepagesize:       2048 kB
Hugetlb:               0 kB
DirectMap4k:      194432 kB
DirectMap2M:     6096896 kB
DirectMap1G:     4194304 kB
---SNAPSHOT---
2026-04-27 14:01:01
MemTotal:        8129240 kB
MemFree:         2193760 kB
MemAvailable:    1922648 kB
Buffers:            7004 kB
Cached:           303500 kB
SwapCached:      1570272 kB
Active:          3116228 kB
Inactive:        2100312 kB
Active(anon):    3009912 kB
Inactive(anon):  1950556 kB
Active(file):     106316 kB
Inactive(file):   149756 kB
Unevictable:          16 kB
Mlocked:              16 kB
SwapTotal:       4194300 kB
SwapFree:        2486512 kB
Zswap:                 0 kB
Zswapped:              0 kB
Dirty:                 8 kB
Writeback:           272 kB
AnonPages:       3345892 kB
Mapped:           251376 kB
Shmem:             54448 kB
KReclaimable:      56792 kB
Slab:             284700 kB
SReclaimable:      56792 kB
SUnreclaim:       227908 kB
KernelStack:       19040 kB
PageTables:        61792 kB
SecPageTables:         0 kB
NFS_Unstable:          0 kB
Bounce:                0 kB
WritebackTmp:          0 kB
CommitLimit:     8258920 kB
Committed_AS:   12031956 kB
VmallocTotal:   34359738367 kB
VmallocUsed:       47320 kB
VmallocChunk:          0 kB
Percpu:            13280 kB
HardwareCorrupted:     0 kB
AnonHugePages:   1368064 kB
ShmemHugePages:        0 kB
ShmemPmdMapped:        0 kB
FileHugePages:         0 kB
FilePmdMapped:         0 kB
CmaTotal:              0 kB
CmaFree:               0 kB
Unaccepted:            0 kB
Balloon:               0 kB
HugePages_Total:       0
HugePages_Free:        0
HugePages_Rsvd:        0
HugePages_Surp:        0
Hugepagesize:       2048 kB
Hugetlb:               0 kB
DirectMap4k:      194432 kB
DirectMap2M:     6096896 kB
DirectMap1G:     4194304 kB
---SNAPSHOT---
2026-04-27 14:01:02
MemTotal:        8129240 kB
MemFree:         2197632 kB
MemAvailable:    1926524 kB
Buffers:            7004 kB
Cached:           303504 kB
SwapCached:      1571048 kB
Active:          3114124 kB
Inactive:        2102436 kB
Active(anon):    3007808 kB
Inactive(anon):  1952676 kB
Active(file):     106316 kB
Inactive(file):   149760 kB
Unevictable:          16 kB
Mlocked:              16 kB
SwapTotal:       4194300 kB
SwapFree:        2485736 kB
Zswap:                 0 kB
Zswapped:              0 kB
Dirty:                24 kB
Writeback:           180 kB
AnonPages:       3345112 kB
Mapped:           251376 kB
Shmem:             54448 kB
KReclaimable:      56792 kB
Slab:             284684 kB
SReclaimable:      56792 kB
SUnreclaim:       227892 kB
KernelStack:       19040 kB
PageTables:        61964 kB
SecPageTables:         0 kB
NFS_Unstable:          0 kB
Bounce:                0 kB
WritebackTmp:          0 kB
CommitLimit:     8258920 kB
Committed_AS:   12031956 kB
VmallocTotal:   34359738367 kB
VmallocUsed:       47320 kB
VmallocChunk:          0 kB
Percpu:            13280 kB
HardwareCorrupted:     0 kB
AnonHugePages:   1366016 kB
ShmemHugePages:        0 kB
ShmemPmdMapped:        0 kB
FileHugePages:         0 kB
FilePmdMapped:         0 kB
CmaTotal:              0 kB
CmaFree:               0 kB
Unaccepted:            0 kB
Balloon:               0 kB
HugePages_Total:       0
HugePages_Free:        0
HugePages_Rsvd:        0
HugePages_Surp:        0
Hugepagesize:       2048 kB
Hugetlb:               0 kB
DirectMap4k:      194432 kB
DirectMap2M:     6096896 kB
DirectMap1G:     4194304 kB
---SNAPSHOT---
2026-04-27 14:01:03
MemTotal:        8129240 kB
MemFree:         2662552 kB
MemAvailable:    2391444 kB
Buffers:            7012 kB
Cached:           303508 kB
SwapCached:      1571960 kB
Active:          2607012 kB
Inactive:        2102564 kB
Active(anon):    2500696 kB
Inactive(anon):  1952800 kB
Active(file):     106316 kB
Inactive(file):   149764 kB
Unevictable:          16 kB
Mlocked:              16 kB
SwapTotal:       4194300 kB
SwapFree:        2484704 kB
Zswap:                 0 kB
Zswapped:              0 kB
Dirty:                28 kB
Writeback:           608 kB
AnonPages:       2836904 kB
Mapped:           251376 kB
Shmem:             54448 kB
KReclaimable:      56792 kB
Slab:             284676 kB
SReclaimable:      56792 kB
SUnreclaim:       227884 kB
KernelStack:       19056 kB
PageTables:        60828 kB
SecPageTables:         0 kB
NFS_Unstable:          0 kB
Bounce:                0 kB
WritebackTmp:          0 kB
CommitLimit:     8258920 kB
Committed_AS:   12031716 kB
VmallocTotal:   34359738367 kB
VmallocUsed:       47336 kB
VmallocChunk:          0 kB
Percpu:            13280 kB
HardwareCorrupted:     0 kB
AnonHugePages:    860160 kB
ShmemHugePages:        0 kB
ShmemPmdMapped:        0 kB
FileHugePages:         0 kB
FilePmdMapped:         0 kB
CmaTotal:              0 kB
CmaFree:               0 kB
Unaccepted:            0 kB
Balloon:               0 kB
HugePages_Total:       0
HugePages_Free:        0
HugePages_Rsvd:        0
HugePages_Surp:        0
Hugepagesize:       2048 kB
Hugetlb:               0 kB
DirectMap4k:      194432 kB
DirectMap2M:     6096896 kB
DirectMap1G:     4194304 kB
---SNAPSHOT---
2026-04-27 14:01:04
MemTotal:        8129240 kB
MemFree:         2197636 kB
MemAvailable:    1926536 kB
Buffers:            7012 kB
Cached:           303516 kB
SwapCached:      1572772 kB
Active:          3114544 kB
Inactive:        2102576 kB
Active(anon):    3008228 kB
Inactive(anon):  1952800 kB
Active(file):     106316 kB
Inactive(file):   149776 kB
Unevictable:          16 kB
Mlocked:              16 kB
SwapTotal:       4194300 kB
SwapFree:        2484012 kB
Zswap:                 0 kB
Zswapped:              0 kB
Dirty:                68 kB
Writeback:           204 kB
AnonPages:       3343780 kB
Mapped:           251376 kB
Shmem:             54448 kB
KReclaimable:      56792 kB
Slab:             284720 kB
SReclaimable:      56792 kB
SUnreclaim:       227928 kB
KernelStack:       19116 kB
PageTables:        61840 kB
SecPageTables:         0 kB
NFS_Unstable:          0 kB
Bounce:                0 kB
WritebackTmp:          0 kB
CommitLimit:     8258920 kB
Committed_AS:   12032096 kB
VmallocTotal:   34359738367 kB
VmallocUsed:       47336 kB
VmallocChunk:          0 kB
Percpu:            13280 kB
HardwareCorrupted:     0 kB
AnonHugePages:   1366016 kB
ShmemHugePages:        0 kB
ShmemPmdMapped:        0 kB
FileHugePages:         0 kB
FilePmdMapped:         0 kB
CmaTotal:              0 kB
CmaFree:               0 kB
Unaccepted:            0 kB
Balloon:               0 kB
HugePages_Total:       0
HugePages_Free:        0
HugePages_Rsvd:        0
HugePages_Surp:        0
Hugepagesize:       2048 kB
Hugetlb:               0 kB
DirectMap4k:      194432 kB
DirectMap2M:     6096896 kB
DirectMap1G:     4194304 kB
---SNAPSHOT---
2026-04-27 14:01:05
MemTotal:        8129240 kB
MemFree:         2204612 kB
MemAvailable:    1933516 kB
Buffers:            7012 kB
Cached:           303520 kB
SwapCached:      1572948 kB
Active:          3114384 kB
Inactive:        2102664 kB
Active(anon):    3008068 kB
Inactive(anon):  1952876 kB
Active(file):     106316 kB
Inactive(file):   149788 kB
Unevictable:          16 kB
Mlocked:              16 kB
SwapTotal:       4194300 kB
SwapFree:        2483836 kB
Zswap:                 0 kB
Zswapped:              0 kB
Dirty:                72 kB
Writeback:           192 kB
AnonPages:       3343372 kB
Mapped:           251376 kB
Shmem:             54448 kB
KReclaimable:      56792 kB
Slab:             284744 kB
SReclaimable:      56792 kB
SUnreclaim:       227952 kB
KernelStack:       19116 kB
PageTables:        61976 kB
SecPageTables:         0 kB
NFS_Unstable:          0 kB
Bounce:                0 kB
WritebackTmp:          0 kB
CommitLimit:     8258920 kB
Committed_AS:   12031332 kB
VmallocTotal:   34359738367 kB
VmallocUsed:       47352 kB
VmallocChunk:          0 kB
Percpu:            13280 kB
HardwareCorrupted:     0 kB
AnonHugePages:   1370112 kB
ShmemHugePages:        0 kB
ShmemPmdMapped:        0 kB
FileHugePages:         0 kB
FilePmdMapped:         0 kB
CmaTotal:              0 kB
CmaFree:               0 kB
Unaccepted:            0 kB
Balloon:               0 kB
HugePages_Total:       0
HugePages_Free:        0
HugePages_Rsvd:        0
HugePages_Surp:        0
Hugepagesize:       2048 kB
Hugetlb:               0 kB
DirectMap4k:      194432 kB
DirectMap2M:     6096896 kB
DirectMap1G:     4194304 kB
---SNAPSHOT---
2026-04-27 14:01:06
MemTotal:        8129240 kB
MemFree:         2675796 kB
MemAvailable:    2404704 kB
Buffers:            7012 kB
Cached:           303524 kB
SwapCached:      1573176 kB
Active:          2604784 kB
Inactive:        2102668 kB
Active(anon):    2498468 kB
Inactive(anon):  1952876 kB
Active(file):     106316 kB
Inactive(file):   149792 kB
Unevictable:          16 kB
Mlocked:              16 kB
SwapTotal:       4194300 kB
SwapFree:        2483312 kB
Zswap:                 0 kB
Zswapped:              0 kB
Dirty:                76 kB
Writeback:           192 kB
AnonPages:       2832940 kB
Mapped:           251512 kB
Shmem:             54448 kB
KReclaimable:      56792 kB
Slab:             284736 kB
SReclaimable:      56792 kB
SUnreclaim:       227944 kB
KernelStack:       19112 kB
PageTables:        61280 kB
SecPageTables:         0 kB
NFS_Unstable:          0 kB
Bounce:                0 kB
WritebackTmp:          0 kB
CommitLimit:     8258920 kB
