---SNAPSHOT---
2026-04-27 15:22:15
MemTotal:        8129240 kB
MemFree:         5265204 kB
MemAvailable:    5458520 kB
Buffers:            5532 kB
Cached:           286588 kB
SwapCached:       143980 kB
Active:          1523000 kB
Inactive:         606268 kB
Active(anon):    1423984 kB
Inactive(anon):   450528 kB
Active(file):      99016 kB
Inactive(file):   155740 kB
Unevictable:           0 kB
Mlocked:               0 kB
SwapTotal:       4194300 kB
SwapFree:        3912812 kB
Zswap:                 0 kB
Zswapped:              0 kB
Dirty:               496 kB
Writeback:             0 kB
AnonPages:       1696536 kB
Mapped:           247960 kB
Shmem:             37304 kB
KReclaimable:      55456 kB
Slab:             282716 kB
SReclaimable:      55456 kB
SUnreclaim:       227260 kB
KernelStack:       18132 kB
PageTables:        45380 kB
SecPageTables:         0 kB
NFS_Unstable:          0 kB
Bounce:                0 kB
WritebackTmp:          0 kB
CommitLimit:     8258920 kB
Committed_AS:    8751924 kB
VmallocTotal:   34359738367 kB
VmallocUsed:       46376 kB
VmallocChunk:          0 kB
Percpu:            13280 kB
HardwareCorrupted:     0 kB
AnonHugePages:    212992 kB
ShmemHugePages:        0 kB
ShmemPmdMapped:        0 kB
FileHugePages:         0 kB
FilePmdMapped:         0 kB
CmaTotal:              0 kB
CmaFree:               0 kB
Unaccepted:            0 kB
Balloon:               0 kB
HugePages_Total:       0
HugePages_Free:        0
HugePages_Rsvd:        0
HugePages_Surp:        0
Hugepagesize:       2048 kB
Hugetlb:               0 kB
DirectMap4k:      194432 kB
DirectMap2M:     6096896 kB
DirectMap1G:     4194304 kB
---SNAPSHOT---
2026-04-27 15:22:16
MemTotal:        8129240 kB
MemFree:         5281668 kB
MemAvailable:    5475704 kB
Buffers:            5552 kB
Cached:           287204 kB
SwapCached:       143980 kB
Active:          1523620 kB
Inactive:         606760 kB
Active(anon):    1424376 kB
Inactive(anon):   450528 kB
Active(file):      99244 kB
Inactive(file):   156232 kB
Unevictable:           0 kB
Mlocked:               0 kB
SwapTotal:       4194300 kB
SwapFree:        3912812 kB
Zswap:                 0 kB
Zswapped:              0 kB
Dirty:               520 kB
Writeback:             0 kB
AnonPages:       1696572 kB
Mapped:           247772 kB
Shmem:             37304 kB
KReclaimable:      55456 kB
Slab:             282716 kB
SReclaimable:      55456 kB
SUnreclaim:       227260 kB
KernelStack:       18144 kB
PageTables:        45404 kB
SecPageTables:         0 kB
NFS_Unstable:          0 kB
Bounce:                0 kB
WritebackTmp:          0 kB
CommitLimit:     8258920 kB
Committed_AS:    8752420 kB
VmallocTotal:   34359738367 kB
VmallocUsed:       46408 kB
VmallocChunk:          0 kB
Percpu:            13280 kB
HardwareCorrupted:     0 kB
AnonHugePages:    212992 kB
ShmemHugePages:        0 kB
ShmemPmdMapped:        0 kB
FileHugePages:         0 kB
FilePmdMapped:         0 kB
CmaTotal:              0 kB
CmaFree:               0 kB
Unaccepted:            0 kB
Balloon:               0 kB
HugePages_Total:       0
HugePages_Free:        0
HugePages_Rsvd:        0
HugePages_Surp:        0
Hugepagesize:       2048 kB
Hugetlb:               0 kB
DirectMap4k:      194432 kB
DirectMap2M:     6096896 kB
DirectMap1G:     4194304 kB
---SNAPSHOT---
2026-04-27 15:22:17
MemTotal:        8129240 kB
MemFree:         5305352 kB
MemAvailable:    5499420 kB
Buffers:            5564 kB
Cached:           287208 kB
SwapCached:       143980 kB
Active:          1523568 kB
Inactive:         606792 kB
Active(anon):    1424324 kB
Inactive(anon):   450528 kB
Active(file):      99244 kB
Inactive(file):   156264 kB
Unevictable:           0 kB
Mlocked:               0 kB
SwapTotal:       4194300 kB
SwapFree:        3912812 kB
Zswap:                 0 kB
Zswapped:              0 kB
Dirty:               552 kB
Writeback:             0 kB
AnonPages:       1696796 kB
Mapped:           247772 kB
Shmem:             37304 kB
KReclaimable:      55456 kB
Slab:             282716 kB
SReclaimable:      55456 kB
SUnreclaim:       227260 kB
KernelStack:       18144 kB
PageTables:        45420 kB
SecPageTables:         0 kB
NFS_Unstable:          0 kB
Bounce:                0 kB
WritebackTmp:          0 kB
CommitLimit:     8258920 kB
Committed_AS:    8752188 kB
VmallocTotal:   34359738367 kB
VmallocUsed:       46408 kB
VmallocChunk:          0 kB
Percpu:            13280 kB
HardwareCorrupted:     0 kB
AnonHugePages:    212992 kB
ShmemHugePages:        0 kB
ShmemPmdMapped:        0 kB
FileHugePages:         0 kB
FilePmdMapped:         0 kB
CmaTotal:              0 kB
CmaFree:               0 kB
Unaccepted:            0 kB
Balloon:               0 kB
HugePages_Total:       0
HugePages_Free:        0
HugePages_Rsvd:        0
HugePages_Surp:        0
Hugepagesize:       2048 kB
Hugetlb:               0 kB
DirectMap4k:      194432 kB
DirectMap2M:     6096896 kB
DirectMap1G:     4194304 kB
---SNAPSHOT---
2026-04-27 15:22:18
MemTotal:        8129240 kB
MemFree:         5319704 kB
MemAvailable:    5517892 kB
Buffers:            5968 kB
Cached:           290916 kB
SwapCached:       143980 kB
Active:          1527732 kB
Inactive:         607264 kB
Active(anon):    1424840 kB
Inactive(anon):   450528 kB
Active(file):     102892 kB
Inactive(file):   156736 kB
Unevictable:           0 kB
Mlocked:               0 kB
SwapTotal:       4194300 kB
SwapFree:        3912812 kB
Zswap:                 0 kB
Zswapped:              0 kB
Dirty:               560 kB
Writeback:             0 kB
AnonPages:       1697552 kB
Mapped:           248228 kB
Shmem:             37304 kB
KReclaimable:      55456 kB
Slab:             282720 kB
SReclaimable:      55456 kB
SUnreclaim:       227264 kB
KernelStack:       18192 kB
PageTables:        46136 kB
SecPageTables:         0 kB
NFS_Unstable:          0 kB
Bounce:                0 kB
WritebackTmp:          0 kB
CommitLimit:     8258920 kB
Committed_AS:    8762324 kB
VmallocTotal:   34359738367 kB
VmallocUsed:       46424 kB
VmallocChunk:          0 kB
Percpu:            13280 kB
HardwareCorrupted:     0 kB
AnonHugePages:    212992 kB
ShmemHugePages:        0 kB
ShmemPmdMapped:        0 kB
FileHugePages:         0 kB
FilePmdMapped:         0 kB
CmaTotal:              0 kB
CmaFree:               0 kB
Unaccepted:            0 kB
Balloon:               0 kB
HugePages_Total:       0
HugePages_Free:        0
HugePages_Rsvd:        0
HugePages_Surp:        0
Hugepagesize:       2048 kB
Hugetlb:               0 kB
DirectMap4k:      194432 kB
DirectMap2M:     6096896 kB
DirectMap1G:     4194304 kB
---SNAPSHOT---
2026-04-27 15:22:19
MemTotal:        8129240 kB
MemFree:         4560492 kB
MemAvailable:    4765856 kB
Buffers:            5968 kB
Cached:           315256 kB
SwapCached:       143980 kB
Active:          2311524 kB
Inactive:         607420 kB
Active(anon):    2201612 kB
Inactive(anon):   450528 kB
Active(file):     109912 kB
Inactive(file):   156892 kB
Unevictable:          16 kB
Mlocked:              16 kB
SwapTotal:       4194300 kB
SwapFree:        3912812 kB
Zswap:                 0 kB
Zswapped:              0 kB
Dirty:               640 kB
Writeback:             0 kB
AnonPages:       2457160 kB
Mapped:           268816 kB
Shmem:             54452 kB
KReclaimable:      55456 kB
Slab:             282756 kB
SReclaimable:      55456 kB
SUnreclaim:       227300 kB
KernelStack:       18304 kB
PageTables:        47980 kB
SecPageTables:         0 kB
NFS_Unstable:          0 kB
Bounce:                0 kB
WritebackTmp:          0 kB
CommitLimit:     8258920 kB
Committed_AS:   11409560 kB
VmallocTotal:   34359738367 kB
VmallocUsed:       46536 kB
VmallocChunk:          0 kB
Percpu:            13280 kB
HardwareCorrupted:     0 kB
AnonHugePages:    212992 kB
ShmemHugePages:        0 kB
ShmemPmdMapped:        0 kB
FileHugePages:         0 kB
FilePmdMapped:         0 kB
CmaTotal:              0 kB
CmaFree:               0 kB
Unaccepted:            0 kB
Balloon:               0 kB
HugePages_Total:       0
HugePages_Free:        0
HugePages_Rsvd:        0
HugePages_Surp:        0
Hugepagesize:       2048 kB
Hugetlb:               0 kB
DirectMap4k:      194432 kB
DirectMap2M:     6096896 kB
DirectMap1G:     4194304 kB
---SNAPSHOT---
2026-04-27 15:22:20
MemTotal:        8129240 kB
MemFree:         3670272 kB
MemAvailable:    3877184 kB
Buffers:            5968 kB
Cached:           315268 kB
SwapCached:       143980 kB
Active:          3189956 kB
Inactive:         607432 kB
Active(anon):    3080044 kB
Inactive(anon):   450528 kB
Active(file):     109912 kB
Inactive(file):   156904 kB
Unevictable:          16 kB
Mlocked:              16 kB
SwapTotal:       4194300 kB
SwapFree:        3912812 kB
Zswap:                 0 kB
Zswapped:              0 kB
Dirty:               648 kB
Writeback:             0 kB
AnonPages:       3335232 kB
Mapped:           268968 kB
Shmem:             54452 kB
KReclaimable:      56992 kB
Slab:             284288 kB
SReclaimable:      56992 kB
SUnreclaim:       227296 kB
KernelStack:       18304 kB
PageTables:        49184 kB
SecPageTables:         0 kB
NFS_Unstable:          0 kB
Bounce:                0 kB
WritebackTmp:          0 kB
CommitLimit:     8258920 kB
Committed_AS:   11409308 kB
VmallocTotal:   34359738367 kB
VmallocUsed:       46504 kB
VmallocChunk:          0 kB
Percpu:            13280 kB
HardwareCorrupted:     0 kB
AnonHugePages:    212992 kB
ShmemHugePages:        0 kB
ShmemPmdMapped:        0 kB
FileHugePages:         0 kB
FilePmdMapped:         0 kB
CmaTotal:              0 kB
CmaFree:               0 kB
Unaccepted:            0 kB
Balloon:               0 kB
HugePages_Total:       0
HugePages_Free:        0
HugePages_Rsvd:        0
HugePages_Surp:        0
Hugepagesize:       2048 kB
Hugetlb:               0 kB
DirectMap4k:      194432 kB
DirectMap2M:     6096896 kB
DirectMap1G:     4194304 kB
---SNAPSHOT---
2026-04-27 15:22:21
MemTotal:        8129240 kB
MemFree:         3335248 kB
MemAvailable:    3542160 kB
Buffers:            5968 kB
Cached:           315272 kB
SwapCached:       143980 kB
Active:          3431892 kB
Inactive:         607432 kB
Active(anon):    3321980 kB
Inactive(anon):   450528 kB
Active(file):     109912 kB
Inactive(file):   156904 kB
Unevictable:          16 kB
Mlocked:              16 kB
SwapTotal:       4194300 kB
SwapFree:        3912812 kB
Zswap:                 0 kB
Zswapped:              0 kB
Dirty:               652 kB
Writeback:             0 kB
AnonPages:       3577160 kB
Mapped:           268740 kB
Shmem:             54452 kB
KReclaimable:      56992 kB
Slab:             284288 kB
SReclaimable:      56992 kB
SUnreclaim:       227296 kB
KernelStack:       18320 kB
PageTables:        50520 kB
SecPageTables:         0 kB
NFS_Unstable:          0 kB
Bounce:                0 kB
WritebackTmp:          0 kB
CommitLimit:     8258920 kB
Committed_AS:   11408956 kB
VmallocTotal:   34359738367 kB
VmallocUsed:       46552 kB
VmallocChunk:          0 kB
Percpu:            13280 kB
HardwareCorrupted:     0 kB
AnonHugePages:    212992 kB
ShmemHugePages:        0 kB
ShmemPmdMapped:        0 kB
FileHugePages:         0 kB
FilePmdMapped:         0 kB
CmaTotal:              0 kB
CmaFree:               0 kB
Unaccepted:            0 kB
Balloon:               0 kB
HugePages_Total:       0
HugePages_Free:        0
HugePages_Rsvd:        0
HugePages_Surp:        0
Hugepagesize:       2048 kB
Hugetlb:               0 kB
DirectMap4k:      194432 kB
DirectMap2M:     6096896 kB
DirectMap1G:     4194304 kB
---SNAPSHOT---
2026-04-27 15:22:22
MemTotal:        8129240 kB
MemFree:         4450208 kB
MemAvailable:    4657128 kB
Buffers:            5976 kB
Cached:           315268 kB
SwapCached:       143980 kB
Active:          2305096 kB
Inactive:         607440 kB
Active(anon):    2195184 kB
Inactive(anon):   450528 kB
Active(file):     109912 kB
Inactive(file):   156912 kB
Unevictable:          16 kB
Mlocked:              16 kB
SwapTotal:       4194300 kB
SwapFree:        3912812 kB
Zswap:                 0 kB
Zswapped:              0 kB
Dirty:               656 kB
Writeback:             0 kB
AnonPages:       2450320 kB
Mapped:           268740 kB
Shmem:             54452 kB
KReclaimable:      56992 kB
Slab:             284288 kB
SReclaimable:      56992 kB
SUnreclaim:       227296 kB
KernelStack:       18288 kB
PageTables:        47772 kB
SecPageTables:         0 kB
NFS_Unstable:          0 kB
Bounce:                0 kB
WritebackTmp:          0 kB
CommitLimit:     8258920 kB
Committed_AS:   11409196 kB
VmallocTotal:   34359738367 kB
VmallocUsed:       46504 kB
VmallocChunk:          0 kB
Percpu:            13280 kB
HardwareCorrupted:     0 kB
AnonHugePages:    212992 kB
ShmemHugePages:        0 kB
ShmemPmdMapped:        0 kB
FileHugePages:         0 kB
FilePmdMapped:         0 kB
CmaTotal:              0 kB
CmaFree:               0 kB
Unaccepted:            0 kB
Balloon:               0 kB
HugePages_Total:       0
HugePages_Free:        0
HugePages_Rsvd:        0
HugePages_Surp:        0
Hugepagesize:       2048 kB
Hugetlb:               0 kB
DirectMap4k:      194432 kB
DirectMap2M:     6096896 kB
DirectMap1G:     4194304 kB
---SNAPSHOT---
2026-04-27 15:22:23
MemTotal:        8129240 kB
MemFree:         3548360 kB
MemAvailable:    3755312 kB
Buffers:            5976 kB
Cached:           315284 kB
SwapCached:       143980 kB
Active:          3209600 kB
Inactive:         607456 kB
Active(anon):    3099688 kB
Inactive(anon):   450528 kB
Active(file):     109912 kB
Inactive(file):   156928 kB
Unevictable:          16 kB
Mlocked:              16 kB
SwapTotal:       4194300 kB
SwapFree:        3912812 kB
Zswap:                 0 kB
Zswapped:              0 kB
Dirty:               664 kB
Writeback:             0 kB
AnonPages:       3354828 kB
Mapped:           268740 kB
Shmem:             54452 kB
KReclaimable:      57008 kB
Slab:             284304 kB
SReclaimable:      57008 kB
SUnreclaim:       227296 kB
KernelStack:       18380 kB
PageTables:        49956 kB
SecPageTables:         0 kB
NFS_Unstable:          0 kB
Bounce:                0 kB
WritebackTmp:          0 kB
CommitLimit:     8258920 kB
Committed_AS:   11410624 kB
VmallocTotal:   34359738367 kB
VmallocUsed:       46568 kB
VmallocChunk:          0 kB
Percpu:            13280 kB
HardwareCorrupted:     0 kB
AnonHugePages:    210944 kB
ShmemHugePages:        0 kB
ShmemPmdMapped:        0 kB
FileHugePages:         0 kB
FilePmdMapped:         0 kB
CmaTotal:              0 kB
CmaFree:               0 kB
Unaccepted:            0 kB
Balloon:               0 kB
HugePages_Total:       0
HugePages_Free:        0
HugePages_Rsvd:        0
HugePages_Surp:        0
Hugepagesize:       2048 kB
Hugetlb:               0 kB
DirectMap4k:      194432 kB
DirectMap2M:     6096896 kB
DirectMap1G:     4194304 kB
---SNAPSHOT---
2026-04-27 15:22:24
MemTotal:        8129240 kB
MemFree:         3649628 kB
MemAvailable:    3856584 kB
Buffers:            5976 kB
Cached:           315288 kB
SwapCached:       143980 kB
Active:          3102300 kB
Inactive:         607460 kB
Active(anon):    2992388 kB
Inactive(anon):   450528 kB
Active(file):     109912 kB
Inactive(file):   156932 kB
Unevictable:          16 kB
Mlocked:              16 kB
SwapTotal:       4194300 kB
SwapFree:        3912812 kB
Zswap:                 0 kB
Zswapped:              0 kB
Dirty:               668 kB
Writeback:             0 kB
AnonPages:       3227316 kB
Mapped:           268760 kB
Shmem:             54452 kB
KReclaimable:      57008 kB
Slab:             284300 kB
SReclaimable:      57008 kB
SUnreclaim:       227292 kB
KernelStack:       18256 kB
PageTables:        51752 kB
SecPageTables:         0 kB
NFS_Unstable:          0 kB
Bounce:                0 kB
WritebackTmp:          0 kB
CommitLimit:     8258920 kB
Committed_AS:   11409580 kB
VmallocTotal:   34359738367 kB
VmallocUsed:       46536 kB
VmallocChunk:          0 kB
Percpu:            13280 kB
HardwareCorrupted:     0 kB
AnonHugePages:    210944 kB
ShmemHugePages:        0 kB
ShmemPmdMapped:        0 kB
FileHugePages:         0 kB
FilePmdMapped:         0 kB
CmaTotal:              0 kB
CmaFree:               0 kB
Unaccepted:            0 kB
Balloon:               0 kB
HugePages_Total:       0
HugePages_Free:        0
HugePages_Rsvd:        0
HugePages_Surp:        0
Hugepagesize:       2048 kB
Hugetlb:               0 kB
DirectMap4k:      194432 kB
DirectMap2M:     6096896 kB
DirectMap1G:     4194304 kB
---SNAPSHOT---
2026-04-27 15:22:25
MemTotal:        8129240 kB
MemFree:         4348276 kB
MemAvailable:    4555240 kB
Buffers:            5976 kB
Cached:           315296 kB
SwapCached:       143980 kB
Active:          2398216 kB
Inactive:         607468 kB
Active(anon):    2288304 kB
Inactive(anon):   450528 kB
Active(file):     109912 kB
Inactive(file):   156940 kB
Unevictable:          16 kB
Mlocked:              16 kB
SwapTotal:       4194300 kB
SwapFree:        3912812 kB
Zswap:                 0 kB
Zswapped:              0 kB
Dirty:               676 kB
Writeback:             0 kB
AnonPages:       2543852 kB
Mapped:           268740 kB
Shmem:             54452 kB
KReclaimable:      57008 kB
Slab:             284296 kB
SReclaimable:      57008 kB
SUnreclaim:       227288 kB
KernelStack:       18348 kB
PageTables:        48120 kB
SecPageTables:         0 kB
NFS_Unstable:          0 kB
Bounce:                0 kB
WritebackTmp:          0 kB
CommitLimit:     8258920 kB
Committed_AS:   11409464 kB
VmallocTotal:   34359738367 kB
VmallocUsed:       46520 kB
VmallocChunk:          0 kB
Percpu:            13280 kB
HardwareCorrupted:     0 kB
AnonHugePages:    210944 kB
ShmemHugePages:        0 kB
ShmemPmdMapped:        0 kB
FileHugePages:         0 kB
FilePmdMapped:         0 kB
CmaTotal:              0 kB
CmaFree:               0 kB
Unaccepted:            0 kB
Balloon:               0 kB
HugePages_Total:       0
HugePages_Free:        0
HugePages_Rsvd:        0
HugePages_Surp:        0
Hugepagesize:       2048 kB
Hugetlb:               0 kB
DirectMap4k:      194432 kB
DirectMap2M:     6096896 kB
DirectMap1G:     4194304 kB
---SNAPSHOT---
2026-04-27 15:22:26
MemTotal:        8129240 kB
MemFree:         3434272 kB
MemAvailable:    3641240 kB
Buffers:            5976 kB
Cached:           315300 kB
SwapCached:       143980 kB
Active:          3341216 kB
Inactive:         607472 kB
Active(anon):    3231304 kB
Inactive(anon):   450528 kB
Active(file):     109912 kB
Inactive(file):   156944 kB
Unevictable:          16 kB
Mlocked:              16 kB
SwapTotal:       4194300 kB
SwapFree:        3912812 kB
Zswap:                 0 kB
Zswapped:              0 kB
Dirty:               680 kB
Writeback:             0 kB
AnonPages:       3486656 kB
Mapped:           268740 kB
Shmem:             54452 kB
KReclaimable:      57008 kB
Slab:             284296 kB
SReclaimable:      57008 kB
SUnreclaim:       227288 kB
KernelStack:       18304 kB
PageTables:        49960 kB
SecPageTables:         0 kB
NFS_Unstable:          0 kB
Bounce:                0 kB
WritebackTmp:          0 kB
CommitLimit:     8258920 kB
Committed_AS:   11409580 kB
VmallocTotal:   34359738367 kB
VmallocUsed:       46504 kB
VmallocChunk:          0 kB
Percpu:            13280 kB
HardwareCorrupted:     0 kB
AnonHugePages:    210944 kB
ShmemHugePages:        0 kB
ShmemPmdMapped:        0 kB
FileHugePages:         0 kB
FilePmdMapped:         0 kB
CmaTotal:              0 kB
CmaFree:               0 kB
Unaccepted:            0 kB
Balloon:               0 kB
HugePages_Total:       0
HugePages_Free:        0
HugePages_Rsvd:        0
HugePages_Surp:        0
Hugepagesize:       2048 kB
Hugetlb:               0 kB
DirectMap4k:      194432 kB
DirectMap2M:     6096896 kB
DirectMap1G:     4194304 kB
---SNAPSHOT---
2026-04-27 15:22:27
MemTotal:        8129240 kB
MemFree:         4416560 kB
MemAvailable:    4623532 kB
Buffers:            5984 kB
Cached:           315296 kB
SwapCached:       143980 kB
Active:          2288364 kB
Inactive:         607476 kB
Active(anon):    2178452 kB
Inactive(anon):   450528 kB
Active(file):     109912 kB
Inactive(file):   156948 kB
Unevictable:          16 kB
Mlocked:              16 kB
SwapTotal:       4194300 kB
SwapFree:        3912812 kB
Zswap:                 0 kB
Zswapped:              0 kB
Dirty:               684 kB
Writeback:             0 kB
AnonPages:       2433728 kB
Mapped:           268740 kB
Shmem:             54452 kB
KReclaimable:      57008 kB
Slab:             284296 kB
SReclaimable:      57008 kB
SUnreclaim:       227288 kB
KernelStack:       18288 kB
PageTables:        48152 kB
SecPageTables:         0 kB
NFS_Unstable:          0 kB
Bounce:                0 kB
WritebackTmp:          0 kB
CommitLimit:     8258920 kB
Committed_AS:   11409560 kB
VmallocTotal:   34359738367 kB
VmallocUsed:       46520 kB
VmallocChunk:          0 kB
Percpu:            13280 kB
HardwareCorrupted:     0 kB
AnonHugePages:    210944 kB
ShmemHugePages:        0 kB
ShmemPmdMapped:        0 kB
FileHugePages:         0 kB
FilePmdMapped:         0 kB
CmaTotal:              0 kB
CmaFree:               0 kB
Unaccepted:            0 kB
Balloon:               0 kB
HugePages_Total:       0
HugePages_Free:        0
HugePages_Rsvd:        0
HugePages_Surp:        0
Hugepagesize:       2048 kB
Hugetlb:               0 kB
DirectMap4k:      194432 kB
DirectMap2M:     6096896 kB
DirectMap1G:     4194304 kB
---SNAPSHOT---
2026-04-27 15:22:28
MemTotal:        8129240 kB
MemFree:         4206304 kB
MemAvailable:    4413292 kB
Buffers:            5984 kB
Cached:           315312 kB
SwapCached:       143980 kB
Active:          2551080 kB
Inactive:         607492 kB
Active(anon):    2441168 kB
Inactive(anon):   450528 kB
Active(file):     109912 kB
Inactive(file):   156964 kB
Unevictable:          16 kB
Mlocked:              16 kB
SwapTotal:       4194300 kB
SwapFree:        3912812 kB
Zswap:                 0 kB
Zswapped:              0 kB
Dirty:               692 kB
Writeback:             0 kB
AnonPages:       2696476 kB
Mapped:           268740 kB
Shmem:             54452 kB
KReclaimable:      57008 kB
Slab:             284296 kB
SReclaimable:      57008 kB
SUnreclaim:       227288 kB
KernelStack:       18364 kB
PageTables:        48412 kB
SecPageTables:         0 kB
NFS_Unstable:          0 kB
Bounce:                0 kB
WritebackTmp:          0 kB
CommitLimit:     8258920 kB
Committed_AS:   11409308 kB
VmallocTotal:   34359738367 kB
VmallocUsed:       46520 kB
VmallocChunk:          0 kB
Percpu:            13280 kB
HardwareCorrupted:     0 kB
AnonHugePages:    210944 kB
ShmemHugePages:        0 kB
ShmemPmdMapped:        0 kB
FileHugePages:         0 kB
FilePmdMapped:         0 kB
CmaTotal:              0 kB
CmaFree:               0 kB
Unaccepted:            0 kB
Balloon:               0 kB
HugePages_Total:       0
HugePages_Free:        0
HugePages_Rsvd:        0
HugePages_Surp:        0
Hugepagesize:       2048 kB
Hugetlb:               0 kB
DirectMap4k:      194432 kB
DirectMap2M:     6096896 kB
DirectMap1G:     4194304 kB
---SNAPSHOT---
2026-04-27 15:22:29
MemTotal:        8129240 kB
MemFree:         3307936 kB
MemAvailable:    3514948 kB
Buffers:            6116 kB
Cached:           315316 kB
SwapCached:       143980 kB
Active:          3475044 kB
Inactive:         607516 kB
Active(anon):    3365132 kB
Inactive(anon):   450528 kB
Active(file):     109912 kB
Inactive(file):   156988 kB
Unevictable:          16 kB
Mlocked:              16 kB
SwapTotal:       4194300 kB
SwapFree:        3912812 kB
Zswap:                 0 kB
Zswapped:              0 kB
Dirty:               696 kB
Writeback:             0 kB
AnonPages:       3620220 kB
Mapped:           268740 kB
Shmem:             54452 kB
KReclaimable:      57008 kB
Slab:             284296 kB
SReclaimable:      57008 kB
SUnreclaim:       227288 kB
KernelStack:       18304 kB
PageTables:        50104 kB
SecPageTables:         0 kB
NFS_Unstable:          0 kB
Bounce:                0 kB
WritebackTmp:          0 kB
CommitLimit:     8258920 kB
Committed_AS:   11409488 kB
VmallocTotal:   34359738367 kB
VmallocUsed:       46520 kB
VmallocChunk:          0 kB
Percpu:            13280 kB
HardwareCorrupted:     0 kB
AnonHugePages:    210944 kB
ShmemHugePages:        0 kB
ShmemPmdMapped:        0 kB
FileHugePages:         0 kB
FilePmdMapped:         0 kB
CmaTotal:              0 kB
CmaFree:               0 kB
Unaccepted:            0 kB
Balloon:               0 kB
HugePages_Total:       0
HugePages_Free:        0
HugePages_Rsvd:        0
HugePages_Surp:        0
Hugepagesize:       2048 kB
Hugetlb:               0 kB
DirectMap4k:      194432 kB
DirectMap2M:     6096896 kB
DirectMap1G:     4194304 kB
---SNAPSHOT---
2026-04-27 15:22:30
MemTotal:        8129240 kB
MemFree:         3821976 kB
MemAvailable:    4029108 kB
Buffers:            6116 kB
Cached:           315324 kB
SwapCached:       333012 kB
Active:          2764756 kB
Inactive:         785208 kB
Active(anon):    2654844 kB
Inactive(anon):   628100 kB
Active(file):     109912 kB
Inactive(file):   157108 kB
Unevictable:          16 kB
Mlocked:              16 kB
SwapTotal:       4194300 kB
SwapFree:        3723612 kB
Zswap:                 0 kB
Zswapped:              0 kB
Dirty:               704 kB
Writeback:         11652 kB
AnonPages:       2900104 kB
Mapped:           268740 kB
Shmem:             54452 kB
KReclaimable:      57008 kB
Slab:             284848 kB
SReclaimable:      57008 kB
SUnreclaim:       227840 kB
KernelStack:       18304 kB
PageTables:        48816 kB
SecPageTables:         0 kB
NFS_Unstable:          0 kB
Bounce:                0 kB
WritebackTmp:          0 kB
CommitLimit:     8258920 kB
Committed_AS:   11409064 kB
VmallocTotal:   34359738367 kB
VmallocUsed:       46536 kB
VmallocChunk:          0 kB
Percpu:            13280 kB
HardwareCorrupted:     0 kB
AnonHugePages:    210944 kB
ShmemHugePages:        0 kB
ShmemPmdMapped:        0 kB
FileHugePages:         0 kB
FilePmdMapped:         0 kB
CmaTotal:              0 kB
CmaFree:               0 kB
Unaccepted:            0 kB
Balloon:               0 kB
HugePages_Total:       0
HugePages_Free:        0
HugePages_Rsvd:        0
HugePages_Surp:        0
Hugepagesize:       2048 kB
Hugetlb:               0 kB
DirectMap4k:      194432 kB
DirectMap2M:     6096896 kB
DirectMap1G:     4194304 kB
---SNAPSHOT---
2026-04-27 15:22:31
MemTotal:        8129240 kB
MemFree:         3391200 kB
MemAvailable:    3598336 kB
Buffers:            6116 kB
Cached:           315328 kB
SwapCached:       479856 kB
Active:          3092248 kB
Inactive:         925980 kB
Active(anon):    2982336 kB
Inactive(anon):   768868 kB
Active(file):     109912 kB
Inactive(file):   157112 kB
Unevictable:          16 kB
Mlocked:              16 kB
SwapTotal:       4194300 kB
SwapFree:        3576936 kB
Zswap:                 0 kB
Zswapped:              0 kB
Dirty:               708 kB
Writeback:         17464 kB
AnonPages:       3221976 kB
Mapped:           268740 kB
Shmem:             54452 kB
KReclaimable:      57008 kB
Slab:             285536 kB
SReclaimable:      57008 kB
SUnreclaim:       228528 kB
KernelStack:       18272 kB
PageTables:        50056 kB
SecPageTables:         0 kB
NFS_Unstable:          0 kB
Bounce:                0 kB
WritebackTmp:          0 kB
CommitLimit:     8258920 kB
Committed_AS:   11409360 kB
VmallocTotal:   34359738367 kB
VmallocUsed:       46520 kB
VmallocChunk:          0 kB
Percpu:            13280 kB
HardwareCorrupted:     0 kB
AnonHugePages:    210944 kB
ShmemHugePages:        0 kB
ShmemPmdMapped:        0 kB
FileHugePages:         0 kB
FilePmdMapped:         0 kB
CmaTotal:              0 kB
CmaFree:               0 kB
Unaccepted:            0 kB
Balloon:               0 kB
HugePages_Total:       0
HugePages_Free:        0
HugePages_Rsvd:        0
HugePages_Surp:        0
Hugepagesize:       2048 kB
Hugetlb:               0 kB
DirectMap4k:      194432 kB
DirectMap2M:     6096896 kB
DirectMap1G:     4194304 kB
---SNAPSHOT---
2026-04-27 15:22:32
MemTotal:        8129240 kB
MemFree:         2944916 kB
MemAvailable:    3152056 kB
Buffers:            6124 kB
Cached:           315324 kB
SwapCached:       536688 kB
Active:          3555680 kB
Inactive:         987336 kB
Active(anon):    3445768 kB
Inactive(anon):   830220 kB
Active(file):     109912 kB
Inactive(file):   157116 kB
Unevictable:          16 kB
Mlocked:              16 kB
SwapTotal:       4194300 kB
SwapFree:        3520104 kB
Zswap:                 0 kB
Zswapped:              0 kB
Dirty:               712 kB
Writeback:         12904 kB
AnonPages:       3690336 kB
Mapped:           268840 kB
Shmem:             54452 kB
KReclaimable:      57008 kB
Slab:             285308 kB
SReclaimable:      57008 kB
SUnreclaim:       228300 kB
KernelStack:       18288 kB
PageTables:        50640 kB
SecPageTables:         0 kB
NFS_Unstable:          0 kB
Bounce:                0 kB
WritebackTmp:          0 kB
CommitLimit:     8258920 kB
Committed_AS:   11409692 kB
VmallocTotal:   34359738367 kB
VmallocUsed:       46504 kB
VmallocChunk:          0 kB
Percpu:            13280 kB
HardwareCorrupted:     0 kB
AnonHugePages:    210944 kB
ShmemHugePages:        0 kB
ShmemPmdMapped:        0 kB
FileHugePages:         0 kB
FilePmdMapped:         0 kB
CmaTotal:              0 kB
CmaFree:               0 kB
Unaccepted:            0 kB
Balloon:               0 kB
HugePages_Total:       0
HugePages_Free:        0
HugePages_Rsvd:        0
HugePages_Surp:        0
Hugepagesize:       2048 kB
Hugetlb:               0 kB
DirectMap4k:      194432 kB
DirectMap2M:     6096896 kB
DirectMap1G:     4194304 kB
---SNAPSHOT---
2026-04-27 15:22:33
MemTotal:        8129240 kB
MemFree:         3683148 kB
MemAvailable:    3890304 kB
Buffers:            6124 kB
Cached:           315340 kB
SwapCached:       650932 kB
Active:          2662260 kB
Inactive:        1112304 kB
Active(anon):    2552348 kB
Inactive(anon):   955172 kB
Active(file):     109912 kB
Inactive(file):   157132 kB
Unevictable:          16 kB
Mlocked:              16 kB
SwapTotal:       4194300 kB
SwapFree:        3405860 kB
Zswap:                 0 kB
Zswapped:              0 kB
Dirty:               724 kB
Writeback:           972 kB
AnonPages:       2809192 kB
Mapped:           268968 kB
Shmem:             54452 kB
KReclaimable:      57008 kB
Slab:             284300 kB
SReclaimable:      57008 kB
SUnreclaim:       227292 kB
KernelStack:       18288 kB
PageTables:        49444 kB
SecPageTables:         0 kB
NFS_Unstable:          0 kB
Bounce:                0 kB
WritebackTmp:          0 kB
CommitLimit:     8258920 kB
Committed_AS:   11409304 kB
VmallocTotal:   34359738367 kB
VmallocUsed:       46536 kB
VmallocChunk:          0 kB
Percpu:            13280 kB
HardwareCorrupted:     0 kB
AnonHugePages:    210944 kB
ShmemHugePages:        0 kB
ShmemPmdMapped:        0 kB
FileHugePages:         0 kB
FilePmdMapped:         0 kB
CmaTotal:              0 kB
CmaFree:               0 kB
Unaccepted:            0 kB
Balloon:               0 kB
HugePages_Total:       0
HugePages_Free:        0
HugePages_Rsvd:        0
HugePages_Surp:        0
Hugepagesize:       2048 kB
Hugetlb:               0 kB
DirectMap4k:      194432 kB
DirectMap2M:     6096896 kB
DirectMap1G:     4194304 kB
---SNAPSHOT---
2026-04-27 15:22:34
MemTotal:        8129240 kB
MemFree:         3224104 kB
MemAvailable:    3431260 kB
Buffers:            6124 kB
Cached:           315344 kB
SwapCached:       673080 kB
Active:          3112620 kB
Inactive:        1134788 kB
Active(anon):    3002708 kB
Inactive(anon):   977656 kB
Active(file):     109912 kB
Inactive(file):   157132 kB
Unevictable:          16 kB
Mlocked:              16 kB
SwapTotal:       4194300 kB
SwapFree:        3383416 kB
Zswap:                 0 kB
Zswapped:              0 kB
Dirty:               728 kB
Writeback:           276 kB
AnonPages:       3259960 kB
Mapped:           268740 kB
Shmem:             54452 kB
KReclaimable:      57008 kB
Slab:             284300 kB
SReclaimable:      57008 kB
SUnreclaim:       227292 kB
KernelStack:       18304 kB
PageTables:        50124 kB
SecPageTables:         0 kB
NFS_Unstable:          0 kB
Bounce:                0 kB
WritebackTmp:          0 kB
CommitLimit:     8258920 kB
Committed_AS:   11409720 kB
VmallocTotal:   34359738367 kB
VmallocUsed:       46536 kB
VmallocChunk:          0 kB
Percpu:            13280 kB
HardwareCorrupted:     0 kB
AnonHugePages:    210944 kB
ShmemHugePages:        0 kB
ShmemPmdMapped:        0 kB
FileHugePages:         0 kB
FilePmdMapped:         0 kB
CmaTotal:              0 kB
CmaFree:               0 kB
Unaccepted:            0 kB
Balloon:               0 kB
HugePages_Total:       0
HugePages_Free:        0
HugePages_Rsvd:        0
HugePages_Surp:        0
Hugepagesize:       2048 kB
Hugetlb:               0 kB
DirectMap4k:      194432 kB
DirectMap2M:     6096896 kB
DirectMap1G:     4194304 kB
---SNAPSHOT---
2026-04-27 15:22:35
MemTotal:        8129240 kB
MemFree:         2910568 kB
MemAvailable:    3117740 kB
Buffers:            6124 kB
Cached:           315356 kB
SwapCached:       748064 kB
Active:          3341688 kB
Inactive:        1210412 kB
Active(anon):    3231776 kB
Inactive(anon):  1053264 kB
Active(file):     109912 kB
Inactive(file):   157148 kB
Unevictable:          16 kB
Mlocked:              16 kB
SwapTotal:       4194300 kB
SwapFree:        3308648 kB
Zswap:                 0 kB
Zswapped:              0 kB
Dirty:               740 kB
Writeback:           700 kB
AnonPages:       3479068 kB
Mapped:           268512 kB
Shmem:             54452 kB
KReclaimable:      57008 kB
Slab:             284300 kB
SReclaimable:      57008 kB
SUnreclaim:       227292 kB
KernelStack:       18304 kB
PageTables:        51464 kB
SecPageTables:         0 kB
NFS_Unstable:          0 kB
Bounce:                0 kB
WritebackTmp:          0 kB
CommitLimit:     8258920 kB
Committed_AS:   11409448 kB
VmallocTotal:   34359738367 kB
VmallocUsed:       46520 kB
VmallocChunk:          0 kB
Percpu:            13280 kB
HardwareCorrupted:     0 kB
AnonHugePages:    210944 kB
ShmemHugePages:        0 kB
ShmemPmdMapped:        0 kB
FileHugePages:         0 kB
FilePmdMapped:         0 kB
CmaTotal:              0 kB
CmaFree:               0 kB
Unaccepted:            0 kB
Balloon:               0 kB
HugePages_Total:       0
HugePages_Free:        0
HugePages_Rsvd:        0
HugePages_Surp:        0
Hugepagesize:       2048 kB
Hugetlb:               0 kB
DirectMap4k:      194432 kB
DirectMap2M:     6096896 kB
DirectMap1G:     4194304 kB
---SNAPSHOT---
2026-04-27 15:22:36
MemTotal:        8129240 kB
MemFree:         3593424 kB
MemAvailable:    3800600 kB
Buffers:            6124 kB
Cached:           315360 kB
SwapCached:       920680 kB
Active:          2475012 kB
Inactive:        1382520 kB
Active(anon):    2365100 kB
Inactive(anon):  1225368 kB
Active(file):     109912 kB
Inactive(file):   157152 kB
Unevictable:          16 kB
Mlocked:              16 kB
SwapTotal:       4194300 kB
SwapFree:        3135748 kB
Zswap:                 0 kB
Zswapped:              0 kB
Dirty:               744 kB
Writeback:           124 kB
AnonPages:       2622368 kB
Mapped:           268740 kB
Shmem:             54452 kB
KReclaimable:      57008 kB
Slab:             284284 kB
SReclaimable:      57008 kB
SUnreclaim:       227276 kB
KernelStack:       18304 kB
PageTables:        49608 kB
SecPageTables:         0 kB
NFS_Unstable:          0 kB
Bounce:                0 kB
WritebackTmp:          0 kB
CommitLimit:     8258920 kB
Committed_AS:   11409196 kB
VmallocTotal:   34359738367 kB
VmallocUsed:       46552 kB
VmallocChunk:          0 kB
Percpu:            13280 kB
HardwareCorrupted:     0 kB
AnonHugePages:    210944 kB
ShmemHugePages:        0 kB
ShmemPmdMapped:        0 kB
FileHugePages:         0 kB
FilePmdMapped:         0 kB
CmaTotal:              0 kB
CmaFree:               0 kB
Unaccepted:            0 kB
Balloon:               0 kB
HugePages_Total:       0
HugePages_Free:        0
HugePages_Rsvd:        0
HugePages_Surp:        0
Hugepagesize:       2048 kB
Hugetlb:               0 kB
DirectMap4k:      194432 kB
DirectMap2M:     6096896 kB
DirectMap1G:     4194304 kB
---SNAPSHOT---
2026-04-27 15:22:37
MemTotal:        8129240 kB
MemFree:         3086984 kB
MemAvailable:    3294164 kB
Buffers:            6132 kB
Cached:           315364 kB
SwapCached:       956764 kB
Active:          2950144 kB
Inactive:        1417600 kB
Active(anon):    2840232 kB
Inactive(anon):  1260444 kB
Active(file):     109912 kB
Inactive(file):   157156 kB
Unevictable:          16 kB
Mlocked:              16 kB
SwapTotal:       4194300 kB
SwapFree:        3100028 kB
Zswap:                 0 kB
Zswapped:              0 kB
Dirty:               748 kB
Writeback:           400 kB
AnonPages:       3096612 kB
Mapped:           268612 kB
Shmem:             54452 kB
KReclaimable:      57008 kB
Slab:             284276 kB
SReclaimable:      57008 kB
SUnreclaim:       227268 kB
KernelStack:       18304 kB
PageTables:        50240 kB
SecPageTables:         0 kB
NFS_Unstable:          0 kB
Bounce:                0 kB
WritebackTmp:          0 kB
CommitLimit:     8258920 kB
Committed_AS:   11409580 kB
VmallocTotal:   34359738367 kB
VmallocUsed:       46504 kB
VmallocChunk:          0 kB
Percpu:            13280 kB
HardwareCorrupted:     0 kB
AnonHugePages:    210944 kB
ShmemHugePages:        0 kB
ShmemPmdMapped:        0 kB
FileHugePages:         0 kB
FilePmdMapped:         0 kB
CmaTotal:              0 kB
CmaFree:               0 kB
Unaccepted:            0 kB
Balloon:               0 kB
HugePages_Total:       0
HugePages_Free:        0
HugePages_Rsvd:        0
HugePages_Surp:        0
Hugepagesize:       2048 kB
Hugetlb:               0 kB
DirectMap4k:      194432 kB
DirectMap2M:     6096896 kB
DirectMap1G:     4194304 kB
---SNAPSHOT---
2026-04-27 15:22:38
MemTotal:        8129240 kB
MemFree:         3298600 kB
MemAvailable:    3505792 kB
Buffers:            6132 kB
Cached:           315372 kB
SwapCached:       535864 kB
Active:          3156076 kB
Inactive:         998308 kB
Active(anon):    3046164 kB
Inactive(anon):   841140 kB
Active(file):     109912 kB
Inactive(file):   157168 kB
Unevictable:          16 kB
Mlocked:              16 kB
SwapTotal:       4194300 kB
SwapFree:        3520928 kB
Zswap:                 0 kB
Zswapped:              0 kB
Dirty:               756 kB
Writeback:           380 kB
AnonPages:       3303880 kB
Mapped:           268748 kB
Shmem:             54452 kB
KReclaimable:      57008 kB
Slab:             284308 kB
SReclaimable:      57008 kB
SUnreclaim:       227300 kB
KernelStack:       18288 kB
PageTables:        50352 kB
SecPageTables:         0 kB
NFS_Unstable:          0 kB
Bounce:                0 kB
WritebackTmp:          0 kB
CommitLimit:     8258920 kB
Committed_AS:   11409352 kB
VmallocTotal:   34359738367 kB
VmallocUsed:       46536 kB
VmallocChunk:          0 kB
Percpu:            13280 kB
HardwareCorrupted:     0 kB
AnonHugePages:    210944 kB
ShmemHugePages:        0 kB
ShmemPmdMapped:        0 kB
FileHugePages:         0 kB
FilePmdMapped:         0 kB
CmaTotal:              0 kB
CmaFree:               0 kB
Unaccepted:            0 kB
Balloon:               0 kB
HugePages_Total:       0
HugePages_Free:        0
HugePages_Rsvd:        0
HugePages_Surp:        0
Hugepagesize:       2048 kB
Hugetlb:               0 kB
DirectMap4k:      194432 kB
DirectMap2M:     6096896 kB
DirectMap1G:     4194304 kB
---SNAPSHOT---
2026-04-27 15:22:39
MemTotal:        8129240 kB
MemFree:         3011152 kB
MemAvailable:    3218352 kB
Buffers:            6132 kB
Cached:           315376 kB
SwapCached:       592848 kB
Active:          3393952 kB
Inactive:        1054920 kB
Active(anon):    3284040 kB
Inactive(anon):   897744 kB
Active(file):     109912 kB
Inactive(file):   157176 kB
Unevictable:          16 kB
Mlocked:              16 kB
SwapTotal:       4194300 kB
SwapFree:        3463944 kB
Zswap:                 0 kB
Zswapped:              0 kB
Dirty:               760 kB
Writeback:           160 kB
AnonPages:       3541728 kB
Mapped:           268740 kB
Shmem:             54452 kB
KReclaimable:      57008 kB
Slab:             284276 kB
SReclaimable:      57008 kB
SUnreclaim:       227268 kB
KernelStack:       18320 kB
PageTables:        50900 kB
SecPageTables:         0 kB
NFS_Unstable:          0 kB
Bounce:                0 kB
WritebackTmp:          0 kB
CommitLimit:     8258920 kB
Committed_AS:   11409044 kB
VmallocTotal:   34359738367 kB
VmallocUsed:       46536 kB
VmallocChunk:          0 kB
Percpu:            13280 kB
HardwareCorrupted:     0 kB
AnonHugePages:    210944 kB
ShmemHugePages:        0 kB
ShmemPmdMapped:        0 kB
FileHugePages:         0 kB
FilePmdMapped:         0 kB
CmaTotal:              0 kB
CmaFree:               0 kB
Unaccepted:            0 kB
Balloon:               0 kB
HugePages_Total:       0
HugePages_Free:        0
HugePages_Rsvd:        0
HugePages_Surp:        0
Hugepagesize:       2048 kB
Hugetlb:               0 kB
DirectMap4k:      194432 kB
DirectMap2M:     6096896 kB
DirectMap1G:     4194304 kB
---SNAPSHOT---
2026-04-27 15:22:40
MemTotal:        8129240 kB
MemFree:         2801288 kB
MemAvailable:    3008492 kB
Buffers:            6132 kB
Cached:           315384 kB
SwapCached:       593020 kB
Active:          3627792 kB
Inactive:        1055048 kB
Active(anon):    3517880 kB
Inactive(anon):   897868 kB
Active(file):     109912 kB
Inactive(file):   157180 kB
Unevictable:          16 kB
Mlocked:              16 kB
SwapTotal:       4194300 kB
SwapFree:        3463772 kB
Zswap:                 0 kB
Zswapped:              0 kB
Dirty:               768 kB
Writeback:           280 kB
AnonPages:       3775536 kB
Mapped:           268740 kB
Shmem:             54452 kB
KReclaimable:      57008 kB
Slab:             284276 kB
SReclaimable:      57008 kB
SUnreclaim:       227268 kB
KernelStack:       18320 kB
PageTables:        51328 kB
SecPageTables:         0 kB
NFS_Unstable:          0 kB
Bounce:                0 kB
WritebackTmp:          0 kB
CommitLimit:     8258920 kB
Committed_AS:   11409432 kB
VmallocTotal:   34359738367 kB
VmallocUsed:       46520 kB
VmallocChunk:          0 kB
Percpu:            13280 kB
HardwareCorrupted:     0 kB
AnonHugePages:    210944 kB
ShmemHugePages:        0 kB
ShmemPmdMapped:        0 kB
FileHugePages:         0 kB
FilePmdMapped:         0 kB
CmaTotal:              0 kB
CmaFree:               0 kB
Unaccepted:            0 kB
Balloon:               0 kB
HugePages_Total:       0
HugePages_Free:        0
HugePages_Rsvd:        0
HugePages_Surp:        0
Hugepagesize:       2048 kB
Hugetlb:               0 kB
DirectMap4k:      194432 kB
DirectMap2M:     6096896 kB
DirectMap1G:     4194304 kB
---SNAPSHOT---
2026-04-27 15:22:41
MemTotal:        8129240 kB
MemFree:         3692924 kB
MemAvailable:    3900132 kB
Buffers:            6132 kB
Cached:           315388 kB
SwapCached:       594048 kB
Active:          2717044 kB
Inactive:        1055052 kB
Active(anon):    2607132 kB
Inactive(anon):   897868 kB
Active(file):     109912 kB
Inactive(file):   157184 kB
Unevictable:          16 kB
Mlocked:              16 kB
SwapTotal:       4194300 kB
SwapFree:        3462744 kB
Zswap:                 0 kB
Zswapped:              0 kB
Dirty:               460 kB
Writeback:           412 kB
AnonPages:       2863924 kB
Mapped:           268740 kB
Shmem:             54452 kB
KReclaimable:      57008 kB
Slab:             284268 kB
SReclaimable:      57008 kB
SUnreclaim:       227260 kB
KernelStack:       18304 kB
PageTables:        49308 kB
SecPageTables:         0 kB
NFS_Unstable:          0 kB
Bounce:                0 kB
WritebackTmp:          0 kB
CommitLimit:     8258920 kB
Committed_AS:   11409796 kB
VmallocTotal:   34359738367 kB
VmallocUsed:       46520 kB
VmallocChunk:          0 kB
Percpu:            13280 kB
HardwareCorrupted:     0 kB
AnonHugePages:    210944 kB
ShmemHugePages:        0 kB
ShmemPmdMapped:        0 kB
FileHugePages:         0 kB
FilePmdMapped:         0 kB
CmaTotal:              0 kB
CmaFree:               0 kB
Unaccepted:            0 kB
Balloon:               0 kB
HugePages_Total:       0
HugePages_Free:        0
HugePages_Rsvd:        0
HugePages_Surp:        0
Hugepagesize:       2048 kB
Hugetlb:               0 kB
DirectMap4k:      194432 kB
DirectMap2M:     6096896 kB
DirectMap1G:     4194304 kB
---SNAPSHOT---
2026-04-27 15:22:43
MemTotal:        8129240 kB
MemFree:         2877352 kB
MemAvailable:    3084572 kB
Buffers:            6140 kB
Cached:           315388 kB
SwapCached:       595560 kB
Active:          3584036 kB
Inactive:        1056992 kB
Active(anon):    3474124 kB
Inactive(anon):   899796 kB
Active(file):     109912 kB
Inactive(file):   157196 kB
Unevictable:          16 kB
Mlocked:              16 kB
SwapTotal:       4194300 kB
SwapFree:        3461232 kB
Zswap:                 0 kB
Zswapped:              0 kB
Dirty:               280 kB
Writeback:           420 kB
AnonPages:       3731232 kB
Mapped:           268840 kB
Shmem:             54452 kB
KReclaimable:      57008 kB
Slab:             284268 kB
SReclaimable:      57008 kB
SUnreclaim:       227260 kB
KernelStack:       18304 kB
PageTables:        50892 kB
SecPageTables:         0 kB
NFS_Unstable:          0 kB
Bounce:                0 kB
WritebackTmp:          0 kB
CommitLimit:     8258920 kB
Committed_AS:   11409580 kB
VmallocTotal:   34359738367 kB
VmallocUsed:       46536 kB
VmallocChunk:          0 kB
Percpu:            13280 kB
HardwareCorrupted:     0 kB
AnonHugePages:    210944 kB
ShmemHugePages:        0 kB
ShmemPmdMapped:        0 kB
FileHugePages:         0 kB
FilePmdMapped:         0 kB
CmaTotal:              0 kB
CmaFree:               0 kB
Unaccepted:            0 kB
Balloon:               0 kB
HugePages_Total:       0
HugePages_Free:        0
HugePages_Rsvd:        0
HugePages_Surp:        0
Hugepagesize:       2048 kB
Hugetlb:               0 kB
DirectMap4k:      194432 kB
DirectMap2M:     6096896 kB
DirectMap1G:     4194304 kB
---SNAPSHOT---
2026-04-27 15:22:44
MemTotal:        8129240 kB
MemFree:         3640976 kB
MemAvailable:    3848204 kB
Buffers:            6140 kB
Cached:           315400 kB
SwapCached:       595980 kB
Active:          2744708 kB
Inactive:        1059144 kB
Active(anon):    2634796 kB
Inactive(anon):   901940 kB
Active(file):     109912 kB
Inactive(file):   157204 kB
Unevictable:          16 kB
Mlocked:              16 kB
SwapTotal:       4194300 kB
SwapFree:        3460812 kB
Zswap:                 0 kB
Zswapped:              0 kB
Dirty:               296 kB
Writeback:           220 kB
AnonPages:       2893944 kB
Mapped:           268740 kB
Shmem:             54452 kB
KReclaimable:      57008 kB
Slab:             284268 kB
SReclaimable:      57008 kB
SUnreclaim:       227260 kB
KernelStack:       18364 kB
PageTables:        49744 kB
SecPageTables:         0 kB
NFS_Unstable:          0 kB
Bounce:                0 kB
WritebackTmp:          0 kB
CommitLimit:     8258920 kB
Committed_AS:   11409580 kB
VmallocTotal:   34359738367 kB
VmallocUsed:       46536 kB
VmallocChunk:          0 kB
Percpu:            13280 kB
HardwareCorrupted:     0 kB
AnonHugePages:    210944 kB
ShmemHugePages:        0 kB
ShmemPmdMapped:        0 kB
FileHugePages:         0 kB
FilePmdMapped:         0 kB
CmaTotal:              0 kB
CmaFree:               0 kB
Unaccepted:            0 kB
Balloon:               0 kB
HugePages_Total:       0
HugePages_Free:        0
HugePages_Rsvd:        0
HugePages_Surp:        0
Hugepagesize:       2048 kB
Hugetlb:               0 kB
DirectMap4k:      194432 kB
DirectMap2M:     6096896 kB
DirectMap1G:     4194304 kB
---SNAPSHOT---
2026-04-27 15:22:45
MemTotal:        8129240 kB
MemFree:         3181136 kB
MemAvailable:    3388372 kB
Buffers:            6140 kB
Cached:           315404 kB
SwapCached:       595980 kB
Active:          3212012 kB
Inactive:        1059312 kB
Active(anon):    3102100 kB
Inactive(anon):   902100 kB
Active(file):     109912 kB
Inactive(file):   157212 kB
Unevictable:          16 kB
Mlocked:              16 kB
SwapTotal:       4194300 kB
SwapFree:        3460812 kB
Zswap:                 0 kB
Zswapped:              0 kB
Dirty:               300 kB
Writeback:           200 kB
AnonPages:       3361092 kB
Mapped:           268740 kB
Shmem:             54452 kB
KReclaimable:      57008 kB
Slab:             284268 kB
SReclaimable:      57008 kB
SUnreclaim:       227260 kB
KernelStack:       18288 kB
PageTables:        50304 kB
SecPageTables:         0 kB
NFS_Unstable:          0 kB
Bounce:                0 kB
WritebackTmp:          0 kB
CommitLimit:     8258920 kB
Committed_AS:   11409580 kB
VmallocTotal:   34359738367 kB
VmallocUsed:       46488 kB
VmallocChunk:          0 kB
Percpu:            13280 kB
HardwareCorrupted:     0 kB
AnonHugePages:    210944 kB
ShmemHugePages:        0 kB
ShmemPmdMapped:        0 kB
FileHugePages:         0 kB
FilePmdMapped:         0 kB
CmaTotal:              0 kB
CmaFree:               0 kB
Unaccepted:            0 kB
Balloon:               0 kB
HugePages_Total:       0
HugePages_Free:        0
HugePages_Rsvd:        0
HugePages_Surp:        0
Hugepagesize:       2048 kB
Hugetlb:               0 kB
DirectMap4k:      194432 kB
DirectMap2M:     6096896 kB
DirectMap1G:     4194304 kB
---SNAPSHOT---
2026-04-27 15:22:46
MemTotal:        8129240 kB
MemFree:         3345744 kB
MemAvailable:    3552984 kB
Buffers:            6140 kB
Cached:           315412 kB
SwapCached:       598252 kB
Active:          3017412 kB
Inactive:        1060136 kB
Active(anon):    2907500 kB
Inactive(anon):   902920 kB
Active(file):     109912 kB
Inactive(file):   157216 kB
Unevictable:          16 kB
Mlocked:              16 kB
SwapTotal:       4194300 kB
SwapFree:        3458540 kB
Zswap:                 0 kB
Zswapped:              0 kB
Dirty:               300 kB
Writeback:          1416 kB
AnonPages:       3164936 kB
Mapped:           268740 kB
Shmem:             54452 kB
KReclaimable:      57008 kB
Slab:             284340 kB
SReclaimable:      57008 kB
SUnreclaim:       227332 kB
KernelStack:       18348 kB
PageTables:        50304 kB
SecPageTables:         0 kB
NFS_Unstable:          0 kB
Bounce:                0 kB
WritebackTmp:          0 kB
CommitLimit:     8258920 kB
Committed_AS:   11409360 kB
VmallocTotal:   34359738367 kB
VmallocUsed:       46536 kB
VmallocChunk:          0 kB
Percpu:            13280 kB
HardwareCorrupted:     0 kB
AnonHugePages:    210944 kB
ShmemHugePages:        0 kB
ShmemPmdMapped:        0 kB
FileHugePages:         0 kB
FilePmdMapped:         0 kB
CmaTotal:              0 kB
CmaFree:               0 kB
Unaccepted:            0 kB
Balloon:               0 kB
HugePages_Total:       0
HugePages_Free:        0
HugePages_Rsvd:        0
HugePages_Surp:        0
Hugepagesize:       2048 kB
Hugetlb:               0 kB
DirectMap4k:      194432 kB
DirectMap2M:     6096896 kB
DirectMap1G:     4194304 kB
---SNAPSHOT---
2026-04-27 15:22:47
MemTotal:        8129240 kB
MemFree:         3561728 kB
MemAvailable:    3768996 kB
Buffers:            6160 kB
Cached:           315416 kB
SwapCached:       599980 kB
Active:          2824412 kB
Inactive:        1061308 kB
Active(anon):    2714500 kB
Inactive(anon):   904064 kB
Active(file):     109912 kB
Inactive(file):   157244 kB
Unevictable:          16 kB
Mlocked:              16 kB
SwapTotal:       4194300 kB
SwapFree:        3456812 kB
Zswap:                 0 kB
Zswapped:              0 kB
Dirty:                24 kB
Writeback:           464 kB
AnonPages:       2971432 kB
Mapped:           268840 kB
Shmem:             54452 kB
KReclaimable:      57008 kB
Slab:             284284 kB
SReclaimable:      57008 kB
SUnreclaim:       227276 kB
KernelStack:       18304 kB
PageTables:        49368 kB
SecPageTables:         0 kB
NFS_Unstable:          0 kB
Bounce:                0 kB
WritebackTmp:          0 kB
CommitLimit:     8258920 kB
Committed_AS:   11409828 kB
VmallocTotal:   34359738367 kB
VmallocUsed:       46536 kB
VmallocChunk:          0 kB
Percpu:            13280 kB
HardwareCorrupted:     0 kB
AnonHugePages:    210944 kB
ShmemHugePages:        0 kB
ShmemPmdMapped:        0 kB
FileHugePages:         0 kB
FilePmdMapped:         0 kB
CmaTotal:              0 kB
CmaFree:               0 kB
Unaccepted:            0 kB
Balloon:               0 kB
HugePages_Total:       0
HugePages_Free:        0
HugePages_Rsvd:        0
HugePages_Surp:        0
Hugepagesize:       2048 kB
Hugetlb:               0 kB
DirectMap4k:      194432 kB
DirectMap2M:     6096896 kB
DirectMap1G:     4194304 kB
---SNAPSHOT---
2026-04-27 15:22:48
MemTotal:        8129240 kB
MemFree:         3104888 kB
MemAvailable:    3312172 kB
Buffers:            6160 kB
Cached:           315432 kB
SwapCached:       644304 kB
Active:          3245556 kB
Inactive:        1106264 kB
Active(anon):    3135644 kB
Inactive(anon):   949004 kB
Active(file):     109912 kB
Inactive(file):   157260 kB
Unevictable:          16 kB
Mlocked:              16 kB
SwapTotal:       4194300 kB
SwapFree:        3412432 kB
Zswap:                 0 kB
Zswapped:              0 kB
Dirty:                52 kB
Writeback:           472 kB
AnonPages:       3393076 kB
Mapped:           268740 kB
Shmem:             54452 kB
KReclaimable:      57008 kB
Slab:             284300 kB
SReclaimable:      57008 kB
SUnreclaim:       227292 kB
KernelStack:       18304 kB
PageTables:        50524 kB
SecPageTables:         0 kB
NFS_Unstable:          0 kB
Bounce:                0 kB
WritebackTmp:          0 kB
CommitLimit:     8258920 kB
Committed_AS:   11409464 kB
VmallocTotal:   34359738367 kB
VmallocUsed:       46536 kB
VmallocChunk:          0 kB
Percpu:            13280 kB
HardwareCorrupted:     0 kB
AnonHugePages:    210944 kB
ShmemHugePages:        0 kB
ShmemPmdMapped:        0 kB
FileHugePages:         0 kB
FilePmdMapped:         0 kB
CmaTotal:              0 kB
CmaFree:               0 kB
Unaccepted:            0 kB
Balloon:               0 kB
HugePages_Total:       0
HugePages_Free:        0
HugePages_Rsvd:        0
HugePages_Surp:        0
Hugepagesize:       2048 kB
Hugetlb:               0 kB
DirectMap4k:      194432 kB
DirectMap2M:     6096896 kB
DirectMap1G:     4194304 kB
---SNAPSHOT---
2026-04-27 15:22:49
MemTotal:        8129240 kB
MemFree:         3889916 kB
MemAvailable:    4097204 kB
Buffers:            6160 kB
Cached:           315440 kB
SwapCached:       845556 kB
Active:          2198176 kB
Inactive:        1306880 kB
Active(anon):    2088264 kB
Inactive(anon):  1149616 kB
Active(file):     109912 kB
Inactive(file):   157264 kB
Unevictable:          16 kB
Mlocked:              16 kB
SwapTotal:       4194300 kB
SwapFree:        3210944 kB
Zswap:                 0 kB
Zswapped:              0 kB
Dirty:                60 kB
Writeback:           964 kB
AnonPages:       2345032 kB
Mapped:           268740 kB
Shmem:             54452 kB
KReclaimable:      57008 kB
Slab:             284268 kB
SReclaimable:      57008 kB
SUnreclaim:       227260 kB
KernelStack:       18288 kB
PageTables:        49328 kB
SecPageTables:         0 kB
NFS_Unstable:          0 kB
Bounce:                0 kB
WritebackTmp:          0 kB
CommitLimit:     8258920 kB
Committed_AS:   11409064 kB
VmallocTotal:   34359738367 kB
VmallocUsed:       46552 kB
VmallocChunk:          0 kB
Percpu:            13280 kB
HardwareCorrupted:     0 kB
AnonHugePages:    210944 kB
ShmemHugePages:        0 kB
ShmemPmdMapped:        0 kB
FileHugePages:         0 kB
FilePmdMapped:         0 kB
CmaTotal:              0 kB
CmaFree:               0 kB
Unaccepted:            0 kB
Balloon:               0 kB
HugePages_Total:       0
HugePages_Free:        0
HugePages_Rsvd:        0
HugePages_Surp:        0
Hugepagesize:       2048 kB
Hugetlb:               0 kB
DirectMap4k:      194432 kB
DirectMap2M:     6096896 kB
DirectMap1G:     4194304 kB
---SNAPSHOT---
2026-04-27 15:22:50
MemTotal:        8129240 kB
MemFree:         3483008 kB
MemAvailable:    3690304 kB
Buffers:            6160 kB
Cached:           315444 kB
SwapCached:       945856 kB
Active:          2567000 kB
Inactive:        1407268 kB
Active(anon):    2457088 kB
Inactive(anon):  1249996 kB
Active(file):     109912 kB
Inactive(file):   157272 kB
Unevictable:          16 kB
Mlocked:              16 kB
SwapTotal:       4194300 kB
SwapFree:        3110936 kB
Zswap:                 0 kB
Zswapped:              0 kB
Dirty:                64 kB
Writeback:           164 kB
AnonPages:       2714064 kB
Mapped:           268740 kB
Shmem:             54452 kB
KReclaimable:      57008 kB
Slab:             284284 kB
SReclaimable:      57008 kB
SUnreclaim:       227276 kB
KernelStack:       18348 kB
PageTables:        49976 kB
SecPageTables:         0 kB
NFS_Unstable:          0 kB
Bounce:                0 kB
WritebackTmp:          0 kB
CommitLimit:     8258920 kB
Committed_AS:   11409580 kB
VmallocTotal:   34359738367 kB
VmallocUsed:       46552 kB
VmallocChunk:          0 kB
Percpu:            13280 kB
HardwareCorrupted:     0 kB
AnonHugePages:    210944 kB
ShmemHugePages:        0 kB
ShmemPmdMapped:        0 kB
FileHugePages:         0 kB
FilePmdMapped:         0 kB
CmaTotal:              0 kB
CmaFree:               0 kB
Unaccepted:            0 kB
Balloon:               0 kB
HugePages_Total:       0
HugePages_Free:        0
HugePages_Rsvd:        0
HugePages_Surp:        0
Hugepagesize:       2048 kB
Hugetlb:               0 kB
DirectMap4k:      194432 kB
DirectMap2M:     6096896 kB
DirectMap1G:     4194304 kB
---SNAPSHOT---
2026-04-27 15:22:51
MemTotal:        8129240 kB
MemFree:         3017612 kB
MemAvailable:    3224916 kB
Buffers:            6160 kB
Cached:           315452 kB
SwapCached:       956080 kB
Active:          3029212 kB
Inactive:        1417536 kB
Active(anon):    2919300 kB
Inactive(anon):  1260256 kB
Active(file):     109912 kB
Inactive(file):   157280 kB
Unevictable:          16 kB
Mlocked:              16 kB
SwapTotal:       4194300 kB
SwapFree:        3100712 kB
Zswap:                 0 kB
Zswapped:              0 kB
Dirty:                72 kB
Writeback:           844 kB
AnonPages:       3176664 kB
Mapped:           268740 kB
Shmem:             54452 kB
KReclaimable:      57008 kB
Slab:             284284 kB
SReclaimable:      57008 kB
SUnreclaim:       227276 kB
KernelStack:       18364 kB
PageTables:        50884 kB
SecPageTables:         0 kB
NFS_Unstable:          0 kB
Bounce:                0 kB
WritebackTmp:          0 kB
CommitLimit:     8258920 kB
Committed_AS:   11409580 kB
VmallocTotal:   34359738367 kB
VmallocUsed:       46520 kB
VmallocChunk:          0 kB
Percpu:            13280 kB
HardwareCorrupted:     0 kB
AnonHugePages:    210944 kB
ShmemHugePages:        0 kB
ShmemPmdMapped:        0 kB
FileHugePages:         0 kB
FilePmdMapped:         0 kB
CmaTotal:              0 kB
CmaFree:               0 kB
Unaccepted:            0 kB
Balloon:               0 kB
HugePages_Total:       0
HugePages_Free:        0
HugePages_Rsvd:        0
HugePages_Surp:        0
Hugepagesize:       2048 kB
Hugetlb:               0 kB
DirectMap4k:      194432 kB
DirectMap2M:     6096896 kB
DirectMap1G:     4194304 kB
---SNAPSHOT---
2026-04-27 15:22:53
MemTotal:        8129240 kB
MemFree:         4317316 kB
MemAvailable:    4524624 kB
Buffers:            6168 kB
Cached:           315448 kB
SwapCached:       599888 kB
Active:          2093100 kB
Inactive:        1044376 kB
Active(anon):    1983188 kB
Inactive(anon):   887092 kB
Active(file):     109912 kB
Inactive(file):   157284 kB
Unevictable:          16 kB
Mlocked:              16 kB
SwapTotal:       4194300 kB
SwapFree:        3457128 kB
Zswap:                 0 kB
Zswapped:              0 kB
Dirty:                76 kB
Writeback:         19052 kB
AnonPages:       2221760 kB
Mapped:           268840 kB
Shmem:             54452 kB
KReclaimable:      57008 kB
Slab:             285548 kB
SReclaimable:      57008 kB
SUnreclaim:       228540 kB
KernelStack:       18332 kB
PageTables:        48088 kB
SecPageTables:         0 kB
NFS_Unstable:          0 kB
Bounce:                0 kB
WritebackTmp:          0 kB
CommitLimit:     8258920 kB
Committed_AS:   11409688 kB
VmallocTotal:   34359738367 kB
VmallocUsed:       46520 kB
VmallocChunk:          0 kB
Percpu:            13280 kB
HardwareCorrupted:     0 kB
AnonHugePages:    210944 kB
ShmemHugePages:        0 kB
ShmemPmdMapped:        0 kB
FileHugePages:         0 kB
FilePmdMapped:         0 kB
CmaTotal:              0 kB
CmaFree:               0 kB
Unaccepted:            0 kB
Balloon:               0 kB
HugePages_Total:       0
HugePages_Free:        0
HugePages_Rsvd:        0
HugePages_Surp:        0
Hugepagesize:       2048 kB
Hugetlb:               0 kB
DirectMap4k:      194432 kB
DirectMap2M:     6096896 kB
DirectMap1G:     4194304 kB
---SNAPSHOT---
2026-04-27 15:22:54
MemTotal:        8129240 kB
MemFree:         3609040 kB
MemAvailable:    3816360 kB
Buffers:            6168 kB
Cached:           315460 kB
SwapCached:       646768 kB
Active:          2759172 kB
Inactive:        1088564 kB
Active(anon):    2649260 kB
Inactive(anon):   931268 kB
Active(file):     109912 kB
Inactive(file):   157296 kB
Unevictable:          16 kB
Mlocked:              16 kB
SwapTotal:       4194300 kB
SwapFree:        3410024 kB
Zswap:                 0 kB
Zswapped:              0 kB
Dirty:                76 kB
Writeback:         22020 kB
AnonPages:       2884116 kB
Mapped:           268740 kB
Shmem:             54452 kB
KReclaimable:      57008 kB
Slab:             285700 kB
SReclaimable:      57008 kB
SUnreclaim:       228692 kB
KernelStack:       18364 kB
PageTables:        49704 kB
SecPageTables:         0 kB
NFS_Unstable:          0 kB
Bounce:                0 kB
WritebackTmp:          0 kB
CommitLimit:     8258920 kB
Committed_AS:   11409688 kB
VmallocTotal:   34359738367 kB
VmallocUsed:       46536 kB
VmallocChunk:          0 kB
Percpu:            13280 kB
HardwareCorrupted:     0 kB
AnonHugePages:    210944 kB
ShmemHugePages:        0 kB
ShmemPmdMapped:        0 kB
FileHugePages:         0 kB
FilePmdMapped:         0 kB
CmaTotal:              0 kB
CmaFree:               0 kB
Unaccepted:            0 kB
Balloon:               0 kB
HugePages_Total:       0
HugePages_Free:        0
HugePages_Rsvd:        0
HugePages_Surp:        0
Hugepagesize:       2048 kB
Hugetlb:               0 kB
DirectMap4k:      194432 kB
DirectMap2M:     6096896 kB
DirectMap1G:     4194304 kB
---SNAPSHOT---
2026-04-27 15:22:55
MemTotal:        8129240 kB
MemFree:         2984556 kB
MemAvailable:    3191880 kB
Buffers:            6168 kB
Cached:           315468 kB
SwapCached:       662128 kB
Active:          3443328 kB
Inactive:        1102332 kB
Active(anon):    3333416 kB
Inactive(anon):   945032 kB
Active(file):     109912 kB
Inactive(file):   157300 kB
Unevictable:          16 kB
Mlocked:              16 kB
SwapTotal:       4194300 kB
SwapFree:        3394664 kB
Zswap:                 0 kB
Zswapped:              0 kB
Dirty:                84 kB
Writeback:         23556 kB
AnonPages:       3566800 kB
Mapped:           268740 kB
Shmem:             54452 kB
KReclaimable:      57008 kB
Slab:             285788 kB
SReclaimable:      57008 kB
SUnreclaim:       228780 kB
KernelStack:       18320 kB
PageTables:        51144 kB
SecPageTables:         0 kB
NFS_Unstable:          0 kB
Bounce:                0 kB
WritebackTmp:          0 kB
CommitLimit:     8258920 kB
Committed_AS:   11409196 kB
VmallocTotal:   34359738367 kB
VmallocUsed:       46520 kB
VmallocChunk:          0 kB
Percpu:            13280 kB
HardwareCorrupted:     0 kB
AnonHugePages:    210944 kB
ShmemHugePages:        0 kB
ShmemPmdMapped:        0 kB
FileHugePages:         0 kB
FilePmdMapped:         0 kB
CmaTotal:              0 kB
CmaFree:               0 kB
Unaccepted:            0 kB
Balloon:               0 kB
HugePages_Total:       0
HugePages_Free:        0
HugePages_Rsvd:        0
HugePages_Surp:        0
Hugepagesize:       2048 kB
Hugetlb:               0 kB
DirectMap4k:      194432 kB
DirectMap2M:     6096896 kB
DirectMap1G:     4194304 kB
---SNAPSHOT---
2026-04-27 15:22:56
MemTotal:        8129240 kB
MemFree:         4156144 kB
MemAvailable:    4363472 kB
Buffers:            6168 kB
Cached:           315472 kB
SwapCached:       662128 kB
Active:          2163916 kB
Inactive:        1107544 kB
Active(anon):    2054004 kB
Inactive(anon):   950240 kB
Active(file):     109912 kB
Inactive(file):   157304 kB
Unevictable:          16 kB
Mlocked:              16 kB
SwapTotal:       4194300 kB
SwapFree:        3394664 kB
Zswap:                 0 kB
Zswapped:              0 kB
Dirty:                88 kB
Writeback:         18436 kB
AnonPages:       2292880 kB
Mapped:           268740 kB
Shmem:             54452 kB
KReclaimable:      57008 kB
Slab:             285460 kB
SReclaimable:      57008 kB
SUnreclaim:       228452 kB
KernelStack:       18288 kB
PageTables:        48512 kB
SecPageTables:         0 kB
NFS_Unstable:          0 kB
Bounce:                0 kB
WritebackTmp:          0 kB
CommitLimit:     8258920 kB
Committed_AS:   11409304 kB
VmallocTotal:   34359738367 kB
VmallocUsed:       46504 kB
VmallocChunk:          0 kB
Percpu:            13280 kB
HardwareCorrupted:     0 kB
AnonHugePages:    210944 kB
ShmemHugePages:        0 kB
ShmemPmdMapped:        0 kB
FileHugePages:         0 kB
FilePmdMapped:         0 kB
CmaTotal:              0 kB
CmaFree:               0 kB
Unaccepted:            0 kB
Balloon:               0 kB
HugePages_Total:       0
HugePages_Free:        0
HugePages_Rsvd:        0
HugePages_Surp:        0
Hugepagesize:       2048 kB
Hugetlb:               0 kB
DirectMap4k:      194432 kB
DirectMap2M:     6096896 kB
DirectMap1G:     4194304 kB
---SNAPSHOT---
2026-04-27 15:22:57
MemTotal:        8129240 kB
MemFree:         3459184 kB
MemAvailable:    3666528 kB
Buffers:            6168 kB
Cached:           315484 kB
SwapCached:       662128 kB
Active:          2858468 kB
Inactive:        1113636 kB
Active(anon):    2748556 kB
Inactive(anon):   956316 kB
Active(file):     109912 kB
Inactive(file):   157320 kB
Unevictable:          16 kB
Mlocked:              16 kB
SwapTotal:       4194300 kB
SwapFree:        3394664 kB
Zswap:                 0 kB
Zswapped:              0 kB
Dirty:               100 kB
Writeback:         12292 kB
AnonPages:       2993676 kB
Mapped:           268740 kB
Shmem:             54452 kB
KReclaimable:      57008 kB
Slab:             285092 kB
SReclaimable:      57008 kB
SUnreclaim:       228084 kB
KernelStack:       18320 kB
PageTables:        49968 kB
SecPageTables:         0 kB
NFS_Unstable:          0 kB
Bounce:                0 kB
WritebackTmp:          0 kB
CommitLimit:     8258920 kB
Committed_AS:   11409580 kB
VmallocTotal:   34359738367 kB
VmallocUsed:       46552 kB
VmallocChunk:          0 kB
Percpu:            13280 kB
HardwareCorrupted:     0 kB
AnonHugePages:    210944 kB
ShmemHugePages:        0 kB
ShmemPmdMapped:        0 kB
FileHugePages:         0 kB
FilePmdMapped:         0 kB
CmaTotal:              0 kB
CmaFree:               0 kB
Unaccepted:            0 kB
Balloon:               0 kB
HugePages_Total:       0
HugePages_Free:        0
HugePages_Rsvd:        0
HugePages_Surp:        0
Hugepagesize:       2048 kB
Hugetlb:               0 kB
DirectMap4k:      194432 kB
DirectMap2M:     6096896 kB
DirectMap1G:     4194304 kB
---SNAPSHOT---
2026-04-27 15:22:58
MemTotal:        8129240 kB
MemFree:         3438104 kB
MemAvailable:    3645452 kB
Buffers:            6176 kB
Cached:           315480 kB
SwapCached:       714864 kB
Active:          2856848 kB
Inactive:        1154104 kB
Active(anon):    2746936 kB
Inactive(anon):   996780 kB
Active(file):     109912 kB
Inactive(file):   157324 kB
Unevictable:          16 kB
Mlocked:              16 kB
SwapTotal:       4194300 kB
SwapFree:        3341928 kB
Zswap:                 0 kB
Zswapped:              0 kB
Dirty:               104 kB
Writeback:         24580 kB
AnonPages:       2979960 kB
Mapped:           268740 kB
Shmem:             54452 kB
KReclaimable:      57008 kB
Slab:             285788 kB
SReclaimable:      57008 kB
SUnreclaim:       228780 kB
KernelStack:       18364 kB
PageTables:        50388 kB
SecPageTables:         0 kB
NFS_Unstable:          0 kB
Bounce:                0 kB
WritebackTmp:          0 kB
CommitLimit:     8258920 kB
Committed_AS:   11409348 kB
VmallocTotal:   34359738367 kB
VmallocUsed:       46552 kB
VmallocChunk:          0 kB
Percpu:            13280 kB
HardwareCorrupted:     0 kB
AnonHugePages:    210944 kB
ShmemHugePages:        0 kB
ShmemPmdMapped:        0 kB
FileHugePages:         0 kB
FilePmdMapped:         0 kB
CmaTotal:              0 kB
CmaFree:               0 kB
Unaccepted:            0 kB
Balloon:               0 kB
HugePages_Total:       0
HugePages_Free:        0
HugePages_Rsvd:        0
HugePages_Surp:        0
Hugepagesize:       2048 kB
Hugetlb:               0 kB
DirectMap4k:      194432 kB
DirectMap2M:     6096896 kB
DirectMap1G:     4194304 kB
---SNAPSHOT---
2026-04-27 15:22:59
MemTotal:        8129240 kB
MemFree:         4565072 kB
MemAvailable:    4772436 kB
Buffers:            6176 kB
Cached:           315496 kB
SwapCached:       144012 kB
Active:          2248532 kB
Inactive:         608000 kB
Active(anon):    2138620 kB
Inactive(anon):   450660 kB
Active(file):     109912 kB
Inactive(file):   157340 kB
Unevictable:          16 kB
Mlocked:              16 kB
SwapTotal:       4194300 kB
SwapFree:        3912812 kB
Zswap:                 0 kB
Zswapped:              0 kB
Dirty:               116 kB
Writeback:             0 kB
AnonPages:       2393648 kB
Mapped:           268968 kB
Shmem:             54452 kB
KReclaimable:      57008 kB
Slab:             284316 kB
SReclaimable:      57008 kB
SUnreclaim:       227308 kB
KernelStack:       18364 kB
PageTables:        48132 kB
SecPageTables:         0 kB
NFS_Unstable:          0 kB
Bounce:                0 kB
WritebackTmp:          0 kB
CommitLimit:     8258920 kB
Committed_AS:   11409568 kB
VmallocTotal:   34359738367 kB
VmallocUsed:       46536 kB
VmallocChunk:          0 kB
Percpu:            13280 kB
HardwareCorrupted:     0 kB
AnonHugePages:    210944 kB
ShmemHugePages:        0 kB
ShmemPmdMapped:        0 kB
FileHugePages:         0 kB
FilePmdMapped:         0 kB
CmaTotal:              0 kB
CmaFree:               0 kB
Unaccepted:            0 kB
Balloon:               0 kB
HugePages_Total:       0
HugePages_Free:        0
HugePages_Rsvd:        0
HugePages_Surp:        0
Hugepagesize:       2048 kB
Hugetlb:               0 kB
DirectMap4k:      194432 kB
DirectMap2M:     6096896 kB
DirectMap1G:     4194304 kB
---SNAPSHOT---
2026-04-27 15:23:00
MemTotal:        8129240 kB
MemFree:         3674940 kB
MemAvailable:    3882312 kB
Buffers:            6176 kB
Cached:           315504 kB
SwapCached:       143980 kB
Active:          3158568 kB
Inactive:         607876 kB
Active(anon):    3048656 kB
Inactive(anon):   450528 kB
Active(file):     109912 kB
Inactive(file):   157348 kB
Unevictable:          16 kB
Mlocked:              16 kB
SwapTotal:       4194300 kB
SwapFree:        3912812 kB
Zswap:                 0 kB
Zswapped:              0 kB
Dirty:               124 kB
Writeback:             0 kB
AnonPages:       3303808 kB
Mapped:           268740 kB
Shmem:             54452 kB
KReclaimable:      57008 kB
Slab:             284316 kB
SReclaimable:      57008 kB
SUnreclaim:       227308 kB
KernelStack:       18364 kB
PageTables:        49672 kB
SecPageTables:         0 kB
NFS_Unstable:          0 kB
Bounce:                0 kB
WritebackTmp:          0 kB
CommitLimit:     8258920 kB
Committed_AS:   11409436 kB
VmallocTotal:   34359738367 kB
VmallocUsed:       46552 kB
VmallocChunk:          0 kB
Percpu:            13280 kB
HardwareCorrupted:     0 kB
AnonHugePages:    210944 kB
ShmemHugePages:        0 kB
ShmemPmdMapped:        0 kB
FileHugePages:         0 kB
FilePmdMapped:         0 kB
CmaTotal:              0 kB
CmaFree:               0 kB
Unaccepted:            0 kB
Balloon:               0 kB
HugePages_Total:       0
HugePages_Free:        0
HugePages_Rsvd:        0
HugePages_Surp:        0
Hugepagesize:       2048 kB
Hugetlb:               0 kB
DirectMap4k:      194432 kB
DirectMap2M:     6096896 kB
DirectMap1G:     4194304 kB
---SNAPSHOT---
2026-04-27 15:23:01
MemTotal:        8129240 kB
MemFree:         3491488 kB
MemAvailable:    3698864 kB
Buffers:            6176 kB
Cached:           315508 kB
SwapCached:       143980 kB
Active:          3348332 kB
Inactive:         607880 kB
Active(anon):    3238420 kB
Inactive(anon):   450528 kB
Active(file):     109912 kB
Inactive(file):   157352 kB
Unevictable:          16 kB
Mlocked:              16 kB
SwapTotal:       4194300 kB
SwapFree:        3912812 kB
Zswap:                 0 kB
Zswapped:              0 kB
Dirty:               128 kB
Writeback:             0 kB
AnonPages:       3493768 kB
Mapped:           268968 kB
Shmem:             54452 kB
KReclaimable:      57008 kB
Slab:             284316 kB
SReclaimable:      57008 kB
SUnreclaim:       227308 kB
KernelStack:       18320 kB
PageTables:        50172 kB
SecPageTables:         0 kB
NFS_Unstable:          0 kB
Bounce:                0 kB
WritebackTmp:          0 kB
CommitLimit:     8258920 kB
Committed_AS:   11409580 kB
VmallocTotal:   34359738367 kB
VmallocUsed:       46504 kB
VmallocChunk:          0 kB
Percpu:            13280 kB
HardwareCorrupted:     0 kB
AnonHugePages:    210944 kB
ShmemHugePages:        0 kB
ShmemPmdMapped:        0 kB
FileHugePages:         0 kB
FilePmdMapped:         0 kB
CmaTotal:              0 kB
CmaFree:               0 kB
Unaccepted:            0 kB
Balloon:               0 kB
HugePages_Total:       0
HugePages_Free:        0
HugePages_Rsvd:        0
HugePages_Surp:        0
Hugepagesize:       2048 kB
Hugetlb:               0 kB
DirectMap4k:      194432 kB
DirectMap2M:     6096896 kB
DirectMap1G:     4194304 kB
---SNAPSHOT---
2026-04-27 15:23:02
MemTotal:        8129240 kB
MemFree:         4591412 kB
MemAvailable:    4799056 kB
Buffers:            6436 kB
Cached:           315516 kB
SwapCached:       143980 kB
Active:          2262096 kB
Inactive:         608148 kB
Active(anon):    2152184 kB
Inactive(anon):   450528 kB
Active(file):     109912 kB
Inactive(file):   157620 kB
Unevictable:          16 kB
Mlocked:              16 kB
SwapTotal:       4194300 kB
SwapFree:        3912812 kB
Zswap:                 0 kB
Zswapped:              0 kB
Dirty:               136 kB
Writeback:             0 kB
AnonPages:       2407712 kB
Mapped:           268740 kB
Shmem:             54452 kB
KReclaimable:      57008 kB
Slab:             284316 kB
SReclaimable:      57008 kB
SUnreclaim:       227308 kB
KernelStack:       18320 kB
PageTables:        47560 kB
SecPageTables:         0 kB
NFS_Unstable:          0 kB
Bounce:                0 kB
WritebackTmp:          0 kB
CommitLimit:     8258920 kB
Committed_AS:   11409332 kB
VmallocTotal:   34359738367 kB
VmallocUsed:       46520 kB
VmallocChunk:          0 kB
Percpu:            13280 kB
HardwareCorrupted:     0 kB
AnonHugePages:    210944 kB
ShmemHugePages:        0 kB
ShmemPmdMapped:        0 kB
FileHugePages:         0 kB
FilePmdMapped:         0 kB
CmaTotal:              0 kB
CmaFree:               0 kB
Unaccepted:            0 kB
Balloon:               0 kB
HugePages_Total:       0
HugePages_Free:        0
HugePages_Rsvd:        0
HugePages_Surp:        0
Hugepagesize:       2048 kB
Hugetlb:               0 kB
DirectMap4k:      194432 kB
DirectMap2M:     6096896 kB
DirectMap1G:     4194304 kB
---SNAPSHOT---
2026-04-27 15:23:03
MemTotal:        8129240 kB
MemFree:         3737720 kB
MemAvailable:    3945368 kB
Buffers:            6444 kB
Cached:           315512 kB
SwapCached:       143980 kB
Active:          3130516 kB
Inactive:         608152 kB
Active(anon):    3020604 kB
Inactive(anon):   450528 kB
Active(file):     109912 kB
Inactive(file):   157624 kB
Unevictable:          16 kB
Mlocked:              16 kB
SwapTotal:       4194300 kB
SwapFree:        3912812 kB
Zswap:                 0 kB
Zswapped:              0 kB
Dirty:               140 kB
Writeback:             0 kB
AnonPages:       3275928 kB
Mapped:           268740 kB
Shmem:             54452 kB
KReclaimable:      57008 kB
Slab:             284316 kB
SReclaimable:      57008 kB
SUnreclaim:       227308 kB
KernelStack:       18304 kB
PageTables:        49428 kB
SecPageTables:         0 kB
NFS_Unstable:          0 kB
Bounce:                0 kB
WritebackTmp:          0 kB
CommitLimit:     8258920 kB
Committed_AS:   11409360 kB
VmallocTotal:   34359738367 kB
VmallocUsed:       46520 kB
VmallocChunk:          0 kB
Percpu:            13280 kB
HardwareCorrupted:     0 kB
AnonHugePages:    210944 kB
ShmemHugePages:        0 kB
ShmemPmdMapped:        0 kB
FileHugePages:         0 kB
FilePmdMapped:         0 kB
CmaTotal:              0 kB
CmaFree:               0 kB
Unaccepted:            0 kB
Balloon:               0 kB
HugePages_Total:       0
HugePages_Free:        0
HugePages_Rsvd:        0
HugePages_Surp:        0
Hugepagesize:       2048 kB
Hugetlb:               0 kB
DirectMap4k:      194432 kB
DirectMap2M:     6096896 kB
DirectMap1G:     4194304 kB
---SNAPSHOT---
2026-04-27 15:23:04
MemTotal:        8129240 kB
MemFree:         3478948 kB
MemAvailable:    3686608 kB
Buffers:            6444 kB
Cached:           315524 kB
SwapCached:       143980 kB
Active:          3391344 kB
Inactive:         608164 kB
Active(anon):    3281432 kB
Inactive(anon):   450528 kB
Active(file):     109912 kB
Inactive(file):   157636 kB
Unevictable:          16 kB
Mlocked:              16 kB
SwapTotal:       4194300 kB
SwapFree:        3912812 kB
Zswap:                 0 kB
Zswapped:              0 kB
Dirty:               144 kB
Writeback:             0 kB
AnonPages:       3536796 kB
Mapped:           268740 kB
Shmem:             54452 kB
KReclaimable:      57008 kB
Slab:             284296 kB
SReclaimable:      57008 kB
SUnreclaim:       227288 kB
KernelStack:       18364 kB
PageTables:        49880 kB
SecPageTables:         0 kB
NFS_Unstable:          0 kB
Bounce:                0 kB
WritebackTmp:          0 kB
CommitLimit:     8258920 kB
Committed_AS:   11409624 kB
VmallocTotal:   34359738367 kB
VmallocUsed:       46552 kB
VmallocChunk:          0 kB
Percpu:            13280 kB
HardwareCorrupted:     0 kB
AnonHugePages:    210944 kB
ShmemHugePages:        0 kB
ShmemPmdMapped:        0 kB
FileHugePages:         0 kB
FilePmdMapped:         0 kB
CmaTotal:              0 kB
CmaFree:               0 kB
Unaccepted:            0 kB
Balloon:               0 kB
HugePages_Total:       0
HugePages_Free:        0
HugePages_Rsvd:        0
HugePages_Surp:        0
Hugepagesize:       2048 kB
Hugetlb:               0 kB
DirectMap4k:      194432 kB
DirectMap2M:     6096896 kB
DirectMap1G:     4194304 kB
---SNAPSHOT---
2026-04-27 15:23:05
MemTotal:        8129240 kB
MemFree:         4531040 kB
MemAvailable:    4738704 kB
Buffers:            6444 kB
Cached:           315532 kB
SwapCached:       143980 kB
Active:          2352980 kB
Inactive:         608168 kB
Active(anon):    2243068 kB
Inactive(anon):   450528 kB
Active(file):     109912 kB
Inactive(file):   157640 kB
Unevictable:          16 kB
Mlocked:              16 kB
SwapTotal:       4194300 kB
SwapFree:        3912812 kB
Zswap:                 0 kB
Zswapped:              0 kB
Dirty:               152 kB
Writeback:             0 kB
AnonPages:       2498328 kB
Mapped:           268740 kB
Shmem:             54452 kB
KReclaimable:      57008 kB
Slab:             284296 kB
SReclaimable:      57008 kB
SUnreclaim:       227288 kB
KernelStack:       18304 kB
PageTables:        47444 kB
SecPageTables:         0 kB
NFS_Unstable:          0 kB
Bounce:                0 kB
WritebackTmp:          0 kB
CommitLimit:     8258920 kB
Committed_AS:   11409080 kB
VmallocTotal:   34359738367 kB
VmallocUsed:       46520 kB
VmallocChunk:          0 kB
Percpu:            13280 kB
HardwareCorrupted:     0 kB
AnonHugePages:    210944 kB
ShmemHugePages:        0 kB
ShmemPmdMapped:        0 kB
FileHugePages:         0 kB
FilePmdMapped:         0 kB
CmaTotal:              0 kB
CmaFree:               0 kB
Unaccepted:            0 kB
Balloon:               0 kB
HugePages_Total:       0
HugePages_Free:        0
HugePages_Rsvd:        0
HugePages_Surp:        0
Hugepagesize:       2048 kB
Hugetlb:               0 kB
DirectMap4k:      194432 kB
DirectMap2M:     6096896 kB
DirectMap1G:     4194304 kB
---SNAPSHOT---
2026-04-27 15:23:06
MemTotal:        8129240 kB
MemFree:         3636324 kB
MemAvailable:    3843996 kB
Buffers:            6444 kB
Cached:           315536 kB
SwapCached:       143980 kB
Active:          3240128 kB
Inactive:         608176 kB
Active(anon):    3130216 kB
Inactive(anon):   450528 kB
Active(file):     109912 kB
Inactive(file):   157648 kB
Unevictable:          16 kB
Mlocked:              16 kB
SwapTotal:       4194300 kB
SwapFree:        3912812 kB
Zswap:                 0 kB
Zswapped:              0 kB
Dirty:               156 kB
Writeback:             0 kB
AnonPages:       3385584 kB
Mapped:           268740 kB
Shmem:             54452 kB
KReclaimable:      57008 kB
Slab:             284296 kB
SReclaimable:      57008 kB
SUnreclaim:       227288 kB
KernelStack:       18304 kB
PageTables:        49312 kB
SecPageTables:         0 kB
NFS_Unstable:          0 kB
Bounce:                0 kB
WritebackTmp:          0 kB
CommitLimit:     8258920 kB
Committed_AS:   11409064 kB
VmallocTotal:   34359738367 kB
VmallocUsed:       46472 kB
VmallocChunk:          0 kB
Percpu:            13280 kB
HardwareCorrupted:     0 kB
AnonHugePages:    210944 kB
ShmemHugePages:        0 kB
ShmemPmdMapped:        0 kB
FileHugePages:         0 kB
FilePmdMapped:         0 kB
CmaTotal:              0 kB
CmaFree:               0 kB
Unaccepted:            0 kB
Balloon:               0 kB
HugePages_Total:       0
HugePages_Free:        0
HugePages_Rsvd:        0
HugePages_Surp:        0
Hugepagesize:       2048 kB
Hugetlb:               0 kB
DirectMap4k:      194432 kB
DirectMap2M:     6096896 kB
DirectMap1G:     4194304 kB
---SNAPSHOT---
2026-04-27 15:23:07
MemTotal:        8129240 kB
MemFree:         4040692 kB
MemAvailable:    4248372 kB
Buffers:            6444 kB
Cached:           315544 kB
SwapCached:       143980 kB
Active:          2788616 kB
Inactive:         608184 kB
Active(anon):    2678704 kB
Inactive(anon):   450528 kB
Active(file):     109912 kB
Inactive(file):   157656 kB
Unevictable:          16 kB
Mlocked:              16 kB
SwapTotal:       4194300 kB
SwapFree:        3912812 kB
Zswap:                 0 kB
Zswapped:              0 kB
Dirty:               164 kB
Writeback:             0 kB
AnonPages:       2933772 kB
Mapped:           268740 kB
Shmem:             54452 kB
KReclaimable:      57008 kB
Slab:             284296 kB
SReclaimable:      57008 kB
SUnreclaim:       227288 kB
KernelStack:       18304 kB
PageTables:        49020 kB
SecPageTables:         0 kB
NFS_Unstable:          0 kB
Bounce:                0 kB
WritebackTmp:          0 kB
CommitLimit:     8258920 kB
Committed_AS:   11409156 kB
VmallocTotal:   34359738367 kB
VmallocUsed:       46456 kB
VmallocChunk:          0 kB
Percpu:            13280 kB
HardwareCorrupted:     0 kB
AnonHugePages:    210944 kB
ShmemHugePages:        0 kB
ShmemPmdMapped:        0 kB
FileHugePages:         0 kB
FilePmdMapped:         0 kB
CmaTotal:              0 kB
CmaFree:               0 kB
Unaccepted:            0 kB
Balloon:               0 kB
HugePages_Total:       0
HugePages_Free:        0
HugePages_Rsvd:        0
HugePages_Surp:        0
Hugepagesize:       2048 kB
Hugetlb:               0 kB
DirectMap4k:      194432 kB
DirectMap2M:     6096896 kB
DirectMap1G:     4194304 kB
---SNAPSHOT---
2026-04-27 15:23:08
MemTotal:        8129240 kB
MemFree:         3920804 kB
MemAvailable:    4128488 kB
Buffers:            6452 kB
Cached:           315540 kB
SwapCached:       323472 kB
Active:          2786612 kB
Inactive:         786732 kB
Active(anon):    2676700 kB
Inactive(anon):   629072 kB
Active(file):     109912 kB
Inactive(file):   157660 kB
Unevictable:          16 kB
Mlocked:              16 kB
SwapTotal:       4194300 kB
SwapFree:        3733100 kB
Zswap:                 0 kB
Zswapped:              0 kB
Dirty:               168 kB
Writeback:           900 kB
AnonPages:       2931152 kB
Mapped:           268740 kB
Shmem:             54452 kB
KReclaimable:      57008 kB
Slab:             284504 kB
SReclaimable:      57008 kB
SUnreclaim:       227496 kB
KernelStack:       18304 kB
PageTables:        49240 kB
SecPageTables:         0 kB
NFS_Unstable:          0 kB
Bounce:                0 kB
WritebackTmp:          0 kB
CommitLimit:     8258920 kB
Committed_AS:   11409560 kB
VmallocTotal:   34359738367 kB
VmallocUsed:       46472 kB
VmallocChunk:          0 kB
Percpu:            13280 kB
HardwareCorrupted:     0 kB
AnonHugePages:    210944 kB
ShmemHugePages:        0 kB
ShmemPmdMapped:        0 kB
FileHugePages:         0 kB
FilePmdMapped:         0 kB
CmaTotal:              0 kB
CmaFree:               0 kB
Unaccepted:            0 kB
Balloon:               0 kB
HugePages_Total:       0
HugePages_Free:        0
HugePages_Rsvd:        0
HugePages_Surp:        0
Hugepagesize:       2048 kB
Hugetlb:               0 kB
DirectMap4k:      194432 kB
DirectMap2M:     6096896 kB
DirectMap1G:     4194304 kB
---SNAPSHOT---
2026-04-27 15:23:09
MemTotal:        8129240 kB
MemFree:         3823124 kB
MemAvailable:    4030820 kB
Buffers:            6452 kB
Cached:           315552 kB
SwapCached:       144168 kB
Active:          3024864 kB
Inactive:         608424 kB
Active(anon):    2914952 kB
Inactive(anon):   450752 kB
Active(file):     109912 kB
Inactive(file):   157672 kB
Unevictable:          16 kB
Mlocked:              16 kB
SwapTotal:       4194300 kB
SwapFree:        3912812 kB
Zswap:                 0 kB
Zswapped:              0 kB
Dirty:               172 kB
Writeback:            20 kB
AnonPages:       3170128 kB
Mapped:           268740 kB
Shmem:             54452 kB
KReclaimable:      57008 kB
Slab:             284352 kB
SReclaimable:      57008 kB
SUnreclaim:       227344 kB
KernelStack:       18304 kB
PageTables:        49008 kB
SecPageTables:         0 kB
NFS_Unstable:          0 kB
Bounce:                0 kB
WritebackTmp:          0 kB
CommitLimit:     8258920 kB
Committed_AS:   11409580 kB
VmallocTotal:   34359738367 kB
VmallocUsed:       46456 kB
VmallocChunk:          0 kB
Percpu:            13280 kB
HardwareCorrupted:     0 kB
AnonHugePages:    210944 kB
ShmemHugePages:        0 kB
ShmemPmdMapped:        0 kB
FileHugePages:         0 kB
FilePmdMapped:         0 kB
CmaTotal:              0 kB
CmaFree:               0 kB
Unaccepted:            0 kB
Balloon:               0 kB
HugePages_Total:       0
HugePages_Free:        0
HugePages_Rsvd:        0
HugePages_Surp:        0
Hugepagesize:       2048 kB
Hugetlb:               0 kB
DirectMap4k:      194432 kB
DirectMap2M:     6096896 kB
DirectMap1G:     4194304 kB
---SNAPSHOT---
2026-04-27 15:23:10
MemTotal:        8129240 kB
MemFree:         4884328 kB
MemAvailable:    5092032 kB
Buffers:            6452 kB
Cached:           315560 kB
SwapCached:       143980 kB
Active:          1933156 kB
Inactive:         608208 kB
Active(anon):    1823244 kB
Inactive(anon):   450528 kB
Active(file):     109912 kB
Inactive(file):   157680 kB
Unevictable:          16 kB
Mlocked:              16 kB
SwapTotal:       4194300 kB
SwapFree:        3912812 kB
Zswap:                 0 kB
Zswapped:              0 kB
Dirty:               180 kB
Writeback:             0 kB
AnonPages:       2078304 kB
Mapped:           268740 kB
Shmem:             54452 kB
KReclaimable:      57008 kB
Slab:             284288 kB
SReclaimable:      57008 kB
SUnreclaim:       227280 kB
KernelStack:       18288 kB
PageTables:        48484 kB
SecPageTables:         0 kB
NFS_Unstable:          0 kB
Bounce:                0 kB
WritebackTmp:          0 kB
CommitLimit:     8258920 kB
Committed_AS:   11408968 kB
VmallocTotal:   34359738367 kB
VmallocUsed:       46456 kB
VmallocChunk:          0 kB
Percpu:            13280 kB
HardwareCorrupted:     0 kB
AnonHugePages:    210944 kB
ShmemHugePages:        0 kB
ShmemPmdMapped:        0 kB
FileHugePages:         0 kB
FilePmdMapped:         0 kB
CmaTotal:              0 kB
CmaFree:               0 kB
Unaccepted:            0 kB
Balloon:               0 kB
HugePages_Total:       0
HugePages_Free:        0
HugePages_Rsvd:        0
HugePages_Surp:        0
Hugepagesize:       2048 kB
Hugetlb:               0 kB
DirectMap4k:      194432 kB
DirectMap2M:     6096896 kB
DirectMap1G:     4194304 kB
---SNAPSHOT---
2026-04-27 15:23:11
MemTotal:        8129240 kB
MemFree:         4152412 kB
MemAvailable:    4360120 kB
Buffers:            6452 kB
Cached:           315564 kB
SwapCached:       143980 kB
Active:          2755068 kB
Inactive:         608212 kB
Active(anon):    2645156 kB
Inactive(anon):   450528 kB
Active(file):     109912 kB
Inactive(file):   157684 kB
Unevictable:          16 kB
Mlocked:              16 kB
SwapTotal:       4194300 kB
SwapFree:        3912812 kB
Zswap:                 0 kB
Zswapped:              0 kB
Dirty:               184 kB
Writeback:             0 kB
AnonPages:       2900428 kB
Mapped:           268740 kB
Shmem:             54452 kB
KReclaimable:      57008 kB
Slab:             284288 kB
SReclaimable:      57008 kB
SUnreclaim:       227280 kB
KernelStack:       18304 kB
PageTables:        49180 kB
SecPageTables:         0 kB
NFS_Unstable:          0 kB
Bounce:                0 kB
WritebackTmp:          0 kB
CommitLimit:     8258920 kB
Committed_AS:   11409560 kB
VmallocTotal:   34359738367 kB
VmallocUsed:       46456 kB
VmallocChunk:          0 kB
Percpu:            13280 kB
HardwareCorrupted:     0 kB
AnonHugePages:    210944 kB
ShmemHugePages:        0 kB
ShmemPmdMapped:        0 kB
FileHugePages:         0 kB
FilePmdMapped:         0 kB
CmaTotal:              0 kB
CmaFree:               0 kB
Unaccepted:            0 kB
Balloon:               0 kB
HugePages_Total:       0
HugePages_Free:        0
HugePages_Rsvd:        0
HugePages_Surp:        0
Hugepagesize:       2048 kB
Hugetlb:               0 kB
DirectMap4k:      194432 kB
DirectMap2M:     6096896 kB
DirectMap1G:     4194304 kB
---SNAPSHOT---
2026-04-27 15:23:12
MemTotal:        8129240 kB
MemFree:         3285532 kB
MemAvailable:    3493248 kB
Buffers:            6452 kB
Cached:           315572 kB
SwapCached:       143980 kB
Active:          3626980 kB
Inactive:         608220 kB
Active(anon):    3517068 kB
Inactive(anon):   450528 kB
Active(file):     109912 kB
Inactive(file):   157692 kB
Unevictable:          16 kB
Mlocked:              16 kB
SwapTotal:       4194300 kB
SwapFree:        3912812 kB
Zswap:                 0 kB
Zswapped:              0 kB
Dirty:               192 kB
Writeback:             0 kB
AnonPages:       3772256 kB
Mapped:           268740 kB
Shmem:             54452 kB
KReclaimable:      57008 kB
Slab:             284288 kB
SReclaimable:      57008 kB
SUnreclaim:       227280 kB
KernelStack:       18364 kB
PageTables:        50548 kB
SecPageTables:         0 kB
NFS_Unstable:          0 kB
Bounce:                0 kB
WritebackTmp:          0 kB
CommitLimit:     8258920 kB
Committed_AS:   11409448 kB
VmallocTotal:   34359738367 kB
VmallocUsed:       46504 kB
VmallocChunk:          0 kB
Percpu:            13280 kB
HardwareCorrupted:     0 kB
AnonHugePages:    210944 kB
ShmemHugePages:        0 kB
ShmemPmdMapped:        0 kB
FileHugePages:         0 kB
FilePmdMapped:         0 kB
CmaTotal:              0 kB
CmaFree:               0 kB
Unaccepted:            0 kB
Balloon:               0 kB
HugePages_Total:       0
HugePages_Free:        0
HugePages_Rsvd:        0
HugePages_Surp:        0
Hugepagesize:       2048 kB
Hugetlb:               0 kB
DirectMap4k:      194432 kB
DirectMap2M:     6096896 kB
DirectMap1G:     4194304 kB
---SNAPSHOT---
2026-04-27 15:23:13
MemTotal:        8129240 kB
MemFree:         4420904 kB
MemAvailable:    4628620 kB
Buffers:            6460 kB
Cached:           315568 kB
SwapCached:       742148 kB
Active:          1679068 kB
Inactive:        1206252 kB
Active(anon):    1569156 kB
Inactive(anon):  1048560 kB
Active(file):     109912 kB
Inactive(file):   157692 kB
Unevictable:          16 kB
Mlocked:              16 kB
SwapTotal:       4194300 kB
SwapFree:        3314708 kB
Zswap:                 0 kB
Zswapped:              0 kB
Dirty:               196 kB
Writeback:           100 kB
AnonPages:       1824692 kB
Mapped:           268740 kB
Shmem:             54452 kB
KReclaimable:      57008 kB
Slab:             284800 kB
SReclaimable:      57008 kB
SUnreclaim:       227792 kB
KernelStack:       18304 kB
PageTables:        48120 kB
SecPageTables:         0 kB
NFS_Unstable:          0 kB
Bounce:                0 kB
WritebackTmp:          0 kB
CommitLimit:     8258920 kB
Committed_AS:   11409580 kB
VmallocTotal:   34359738367 kB
VmallocUsed:       46568 kB
VmallocChunk:          0 kB
Percpu:            13280 kB
HardwareCorrupted:     0 kB
AnonHugePages:    210944 kB
ShmemHugePages:        0 kB
ShmemPmdMapped:        0 kB
FileHugePages:         0 kB
FilePmdMapped:         0 kB
CmaTotal:              0 kB
CmaFree:               0 kB
Unaccepted:            0 kB
Balloon:               0 kB
HugePages_Total:       0
HugePages_Free:        0
HugePages_Rsvd:        0
HugePages_Surp:        0
Hugepagesize:       2048 kB
Hugetlb:               0 kB
DirectMap4k:      194432 kB
DirectMap2M:     6096896 kB
DirectMap1G:     4194304 kB
---SNAPSHOT---
2026-04-27 15:23:14
MemTotal:        8129240 kB
MemFree:         4297484 kB
MemAvailable:    4505216 kB
Buffers:            6460 kB
Cached:           315580 kB
SwapCached:       144128 kB
Active:          2529356 kB
Inactive:         608240 kB
Active(anon):    2419444 kB
Inactive(anon):   450532 kB
Active(file):     109912 kB
Inactive(file):   157708 kB
Unevictable:          16 kB
Mlocked:              16 kB
SwapTotal:       4194300 kB
SwapFree:        3912812 kB
Zswap:                 0 kB
Zswapped:              0 kB
Dirty:               200 kB
Writeback:             0 kB
AnonPages:       2674428 kB
Mapped:           268740 kB
Shmem:             54452 kB
KReclaimable:      57008 kB
Slab:             284272 kB
SReclaimable:      57008 kB
SUnreclaim:       227264 kB
KernelStack:       18304 kB
PageTables:        47904 kB
SecPageTables:         0 kB
NFS_Unstable:          0 kB
Bounce:                0 kB
WritebackTmp:          0 kB
CommitLimit:     8258920 kB
Committed_AS:   11409332 kB
VmallocTotal:   34359738367 kB
VmallocUsed:       46536 kB
VmallocChunk:          0 kB
Percpu:            13280 kB
HardwareCorrupted:     0 kB
AnonHugePages:    210944 kB
ShmemHugePages:        0 kB
ShmemPmdMapped:        0 kB
FileHugePages:         0 kB
FilePmdMapped:         0 kB
CmaTotal:              0 kB
CmaFree:               0 kB
Unaccepted:            0 kB
Balloon:               0 kB
HugePages_Total:       0
HugePages_Free:        0
HugePages_Rsvd:        0
HugePages_Surp:        0
Hugepagesize:       2048 kB
Hugetlb:               0 kB
DirectMap4k:      194432 kB
DirectMap2M:     6096896 kB
DirectMap1G:     4194304 kB
---SNAPSHOT---
2026-04-27 15:23:15
MemTotal:        8129240 kB
MemFree:         3395640 kB
MemAvailable:    3603380 kB
Buffers:            6460 kB
Cached:           315588 kB
SwapCached:       143980 kB
Active:          3445584 kB
Inactive:         608244 kB
Active(anon):    3335672 kB
Inactive(anon):   450528 kB
Active(file):     109912 kB
Inactive(file):   157716 kB
Unevictable:          16 kB
Mlocked:              16 kB
SwapTotal:       4194300 kB
SwapFree:        3912812 kB
Zswap:                 0 kB
Zswapped:              0 kB
Dirty:               208 kB
Writeback:             0 kB
AnonPages:       3590808 kB
Mapped:           268740 kB
Shmem:             54452 kB
KReclaimable:      57008 kB
Slab:             284272 kB
SReclaimable:      57008 kB
SUnreclaim:       227264 kB
KernelStack:       18304 kB
PageTables:        49544 kB
SecPageTables:         0 kB
NFS_Unstable:          0 kB
Bounce:                0 kB
WritebackTmp:          0 kB
CommitLimit:     8258920 kB
Committed_AS:   11409564 kB
VmallocTotal:   34359738367 kB
VmallocUsed:       46536 kB
VmallocChunk:          0 kB
Percpu:            13280 kB
HardwareCorrupted:     0 kB
AnonHugePages:    210944 kB
ShmemHugePages:        0 kB
ShmemPmdMapped:        0 kB
FileHugePages:         0 kB
FilePmdMapped:         0 kB
CmaTotal:              0 kB
CmaFree:               0 kB
Unaccepted:            0 kB
Balloon:               0 kB
HugePages_Total:       0
HugePages_Free:        0
HugePages_Rsvd:        0
HugePages_Surp:        0
Hugepagesize:       2048 kB
Hugetlb:               0 kB
DirectMap4k:      194432 kB
DirectMap2M:     6096896 kB
DirectMap1G:     4194304 kB
---SNAPSHOT---
2026-04-27 15:23:16
MemTotal:        8129240 kB
MemFree:         3925632 kB
MemAvailable:    4133376 kB
Buffers:            6460 kB
Cached:           315592 kB
SwapCached:       374488 kB
Active:          2744592 kB
Inactive:         829636 kB
Active(anon):    2634680 kB
Inactive(anon):   671916 kB
Active(file):     109912 kB
Inactive(file):   157720 kB
Unevictable:          16 kB
Mlocked:              16 kB
SwapTotal:       4194300 kB
SwapFree:        3682240 kB
Zswap:                 0 kB
Zswapped:              0 kB
Dirty:               184 kB
Writeback:          8664 kB
AnonPages:       2883120 kB
Mapped:           268740 kB
Shmem:             54452 kB
KReclaimable:      57008 kB
Slab:             284736 kB
SReclaimable:      57008 kB
SUnreclaim:       227728 kB
KernelStack:       18304 kB
PageTables:        48800 kB
SecPageTables:         0 kB
NFS_Unstable:          0 kB
Bounce:                0 kB
WritebackTmp:          0 kB
CommitLimit:     8258920 kB
Committed_AS:   11409688 kB
VmallocTotal:   34359738367 kB
VmallocUsed:       46520 kB
VmallocChunk:          0 kB
Percpu:            13280 kB
HardwareCorrupted:     0 kB
AnonHugePages:    210944 kB
ShmemHugePages:        0 kB
ShmemPmdMapped:        0 kB
FileHugePages:         0 kB
FilePmdMapped:         0 kB
CmaTotal:              0 kB
CmaFree:               0 kB
Unaccepted:            0 kB
Balloon:               0 kB
HugePages_Total:       0
HugePages_Free:        0
HugePages_Rsvd:        0
HugePages_Surp:        0
Hugepagesize:       2048 kB
Hugetlb:               0 kB
DirectMap4k:      194432 kB
DirectMap2M:     6096896 kB
DirectMap1G:     4194304 kB
---SNAPSHOT---
2026-04-27 15:23:17
MemTotal:        8129240 kB
MemFree:         4437796 kB
MemAvailable:    4645552 kB
Buffers:            6460 kB
Cached:           315604 kB
SwapCached:       144132 kB
Active:          2410032 kB
Inactive:         608340 kB
Active(anon):    2300120 kB
Inactive(anon):   450608 kB
Active(file):     109912 kB
Inactive(file):   157732 kB
Unevictable:          16 kB
Mlocked:              16 kB
SwapTotal:       4194300 kB
SwapFree:        3912812 kB
Zswap:                 0 kB
Zswapped:              0 kB
Dirty:               196 kB
Writeback:            28 kB
AnonPages:       2555268 kB
Mapped:           268740 kB
Shmem:             54452 kB
KReclaimable:      57008 kB
Slab:             284320 kB
SReclaimable:      57008 kB
SUnreclaim:       227312 kB
KernelStack:       18304 kB
PageTables:        47640 kB
SecPageTables:         0 kB
NFS_Unstable:          0 kB
Bounce:                0 kB
WritebackTmp:          0 kB
CommitLimit:     8258920 kB
