---SNAPSHOT---
2026-04-27 16:02:36
MemTotal:        8129240 kB
MemFree:         5232616 kB
MemAvailable:    5419564 kB
Buffers:            5536 kB
Cached:           283808 kB
SwapCached:        29260 kB
Active:          1573876 kB
Inactive:         610176 kB
Active(anon):    1479536 kB
Inactive(anon):   454476 kB
Active(file):      94340 kB
Inactive(file):   155700 kB
Unevictable:           0 kB
Mlocked:               0 kB
SwapTotal:       4194300 kB
SwapFree:        4165040 kB
Zswap:                 0 kB
Zswapped:              0 kB
Dirty:               492 kB
Writeback:             0 kB
AnonPages:       1866288 kB
Mapped:           243104 kB
Shmem:             38824 kB
KReclaimable:      53804 kB
Slab:             280572 kB
SReclaimable:      53804 kB
SUnreclaim:       226768 kB
KernelStack:       18004 kB
PageTables:        45324 kB
SecPageTables:         0 kB
NFS_Unstable:          0 kB
Bounce:                0 kB
WritebackTmp:          0 kB
CommitLimit:     8258920 kB
Committed_AS:    8698872 kB
VmallocTotal:   34359738367 kB
VmallocUsed:       46296 kB
VmallocChunk:          0 kB
Percpu:            13280 kB
HardwareCorrupted:     0 kB
AnonHugePages:    192512 kB
ShmemHugePages:        0 kB
ShmemPmdMapped:        0 kB
FileHugePages:         0 kB
FilePmdMapped:         0 kB
CmaTotal:              0 kB
CmaFree:               0 kB
Unaccepted:            0 kB
Balloon:               0 kB
HugePages_Total:       0
HugePages_Free:        0
HugePages_Rsvd:        0
HugePages_Surp:        0
Hugepagesize:       2048 kB
Hugetlb:               0 kB
DirectMap4k:      194432 kB
DirectMap2M:     6096896 kB
DirectMap1G:     4194304 kB
---SNAPSHOT---
2026-04-27 16:02:37
MemTotal:        8129240 kB
MemFree:         5240360 kB
MemAvailable:    5427872 kB
Buffers:            5540 kB
Cached:           283876 kB
SwapCached:        29260 kB
Active:          1574324 kB
Inactive:         610464 kB
Active(anon):    1479708 kB
Inactive(anon):   454476 kB
Active(file):      94616 kB
Inactive(file):   155988 kB
Unevictable:           0 kB
Mlocked:               0 kB
SwapTotal:       4194300 kB
SwapFree:        4165040 kB
Zswap:                 0 kB
Zswapped:              0 kB
Dirty:               512 kB
Writeback:             0 kB
AnonPages:       1866184 kB
Mapped:           243068 kB
Shmem:             38824 kB
KReclaimable:      53804 kB
Slab:             280588 kB
SReclaimable:      53804 kB
SUnreclaim:       226784 kB
KernelStack:       18048 kB
PageTables:        45400 kB
SecPageTables:         0 kB
NFS_Unstable:          0 kB
Bounce:                0 kB
WritebackTmp:          0 kB
CommitLimit:     8258920 kB
Committed_AS:    8697868 kB
VmallocTotal:   34359738367 kB
VmallocUsed:       46328 kB
VmallocChunk:          0 kB
Percpu:            13280 kB
HardwareCorrupted:     0 kB
AnonHugePages:    192512 kB
ShmemHugePages:        0 kB
ShmemPmdMapped:        0 kB
FileHugePages:         0 kB
FilePmdMapped:         0 kB
CmaTotal:              0 kB
CmaFree:               0 kB
Unaccepted:            0 kB
Balloon:               0 kB
HugePages_Total:       0
HugePages_Free:        0
HugePages_Rsvd:        0
HugePages_Surp:        0
Hugepagesize:       2048 kB
Hugetlb:               0 kB
DirectMap4k:      194432 kB
DirectMap2M:     6096896 kB
DirectMap1G:     4194304 kB
---SNAPSHOT---
2026-04-27 16:02:38
MemTotal:        8129240 kB
MemFree:         5268264 kB
MemAvailable:    5455776 kB
Buffers:            5548 kB
Cached:           283876 kB
SwapCached:        29260 kB
Active:          1574156 kB
Inactive:         610464 kB
Active(anon):    1479540 kB
Inactive(anon):   454476 kB
Active(file):      94616 kB
Inactive(file):   155988 kB
Unevictable:           0 kB
Mlocked:               0 kB
SwapTotal:       4194300 kB
SwapFree:        4165040 kB
Zswap:                 0 kB
Zswapped:              0 kB
Dirty:               516 kB
Writeback:             0 kB
AnonPages:       1866076 kB
Mapped:           243068 kB
Shmem:             38824 kB
KReclaimable:      53804 kB
Slab:             280588 kB
SReclaimable:      53804 kB
SUnreclaim:       226784 kB
KernelStack:       18048 kB
PageTables:        45188 kB
SecPageTables:         0 kB
NFS_Unstable:          0 kB
Bounce:                0 kB
WritebackTmp:          0 kB
CommitLimit:     8258920 kB
Committed_AS:    8697852 kB
VmallocTotal:   34359738367 kB
VmallocUsed:       46328 kB
VmallocChunk:          0 kB
Percpu:            13280 kB
HardwareCorrupted:     0 kB
AnonHugePages:    192512 kB
ShmemHugePages:        0 kB
ShmemPmdMapped:        0 kB
FileHugePages:         0 kB
FilePmdMapped:         0 kB
CmaTotal:              0 kB
CmaFree:               0 kB
Unaccepted:            0 kB
Balloon:               0 kB
HugePages_Total:       0
HugePages_Free:        0
HugePages_Rsvd:        0
HugePages_Surp:        0
Hugepagesize:       2048 kB
Hugetlb:               0 kB
DirectMap4k:      194432 kB
DirectMap2M:     6096896 kB
DirectMap1G:     4194304 kB
---SNAPSHOT---
2026-04-27 16:02:39
MemTotal:        8129240 kB
MemFree:         5285120 kB
MemAvailable:    5473068 kB
Buffers:            5680 kB
Cached:           284172 kB
SwapCached:        29260 kB
Active:          1575688 kB
Inactive:         610636 kB
Active(anon):    1480808 kB
Inactive(anon):   454476 kB
Active(file):      94880 kB
Inactive(file):   156160 kB
Unevictable:           0 kB
Mlocked:               0 kB
SwapTotal:       4194300 kB
SwapFree:        4165040 kB
Zswap:                 0 kB
Zswapped:              0 kB
Dirty:               552 kB
Writeback:             0 kB
AnonPages:       1867316 kB
Mapped:           243068 kB
Shmem:             38824 kB
KReclaimable:      53804 kB
Slab:             280588 kB
SReclaimable:      53804 kB
SUnreclaim:       226784 kB
KernelStack:       18204 kB
PageTables:        45732 kB
SecPageTables:         0 kB
NFS_Unstable:          0 kB
Bounce:                0 kB
WritebackTmp:          0 kB
CommitLimit:     8258920 kB
Committed_AS:    8700068 kB
VmallocTotal:   34359738367 kB
VmallocUsed:       46472 kB
VmallocChunk:          0 kB
Percpu:            13280 kB
HardwareCorrupted:     0 kB
AnonHugePages:    192512 kB
ShmemHugePages:        0 kB
ShmemPmdMapped:        0 kB
FileHugePages:         0 kB
FilePmdMapped:         0 kB
CmaTotal:              0 kB
CmaFree:               0 kB
Unaccepted:            0 kB
Balloon:               0 kB
HugePages_Total:       0
HugePages_Free:        0
HugePages_Rsvd:        0
HugePages_Surp:        0
Hugepagesize:       2048 kB
Hugetlb:               0 kB
DirectMap4k:      194432 kB
DirectMap2M:     6096896 kB
DirectMap1G:     4194304 kB
---SNAPSHOT---
2026-04-27 16:02:40
MemTotal:        8129240 kB
MemFree:         5303392 kB
MemAvailable:    5492144 kB
Buffers:            5684 kB
Cached:           285028 kB
SwapCached:        29260 kB
Active:          1575704 kB
Inactive:         610676 kB
Active(anon):    1480060 kB
Inactive(anon):   454476 kB
Active(file):      95644 kB
Inactive(file):   156200 kB
Unevictable:           0 kB
Mlocked:               0 kB
SwapTotal:       4194300 kB
SwapFree:        4165040 kB
Zswap:                 0 kB
Zswapped:              0 kB
Dirty:               556 kB
Writeback:             0 kB
AnonPages:       1866708 kB
Mapped:           243280 kB
Shmem:             38824 kB
KReclaimable:      53804 kB
Slab:             280584 kB
SReclaimable:      53804 kB
SUnreclaim:       226780 kB
KernelStack:       18124 kB
PageTables:        45536 kB
SecPageTables:         0 kB
NFS_Unstable:          0 kB
Bounce:                0 kB
WritebackTmp:          0 kB
CommitLimit:     8258920 kB
Committed_AS:    8705952 kB
VmallocTotal:   34359738367 kB
VmallocUsed:       46360 kB
VmallocChunk:          0 kB
Percpu:            13280 kB
HardwareCorrupted:     0 kB
AnonHugePages:    192512 kB
ShmemHugePages:        0 kB
ShmemPmdMapped:        0 kB
FileHugePages:         0 kB
FilePmdMapped:         0 kB
CmaTotal:              0 kB
CmaFree:               0 kB
Unaccepted:            0 kB
Balloon:               0 kB
HugePages_Total:       0
HugePages_Free:        0
HugePages_Rsvd:        0
HugePages_Surp:        0
Hugepagesize:       2048 kB
Hugetlb:               0 kB
DirectMap4k:      194432 kB
DirectMap2M:     6096896 kB
DirectMap1G:     4194304 kB
---SNAPSHOT---
2026-04-27 16:02:41
MemTotal:        8129240 kB
MemFree:         5313032 kB
MemAvailable:    5510500 kB
Buffers:            5952 kB
Cached:           293468 kB
SwapCached:        29260 kB
Active:          1585316 kB
Inactive:         611096 kB
Active(anon):    1481376 kB
Inactive(anon):   454476 kB
Active(file):     103940 kB
Inactive(file):   156620 kB
Unevictable:           0 kB
Mlocked:               0 kB
SwapTotal:       4194300 kB
SwapFree:        4165040 kB
Zswap:                 0 kB
Zswapped:              0 kB
Dirty:               564 kB
Writeback:             0 kB
AnonPages:       1867756 kB
Mapped:           244996 kB
Shmem:             38824 kB
KReclaimable:      53804 kB
Slab:             280584 kB
SReclaimable:      53804 kB
SUnreclaim:       226780 kB
KernelStack:       18140 kB
PageTables:        45628 kB
SecPageTables:         0 kB
NFS_Unstable:          0 kB
Bounce:                0 kB
WritebackTmp:          0 kB
CommitLimit:     8258920 kB
Committed_AS:    8707240 kB
VmallocTotal:   34359738367 kB
VmallocUsed:       46392 kB
VmallocChunk:          0 kB
Percpu:            13280 kB
HardwareCorrupted:     0 kB
AnonHugePages:    192512 kB
ShmemHugePages:        0 kB
ShmemPmdMapped:        0 kB
FileHugePages:         0 kB
FilePmdMapped:         0 kB
CmaTotal:              0 kB
CmaFree:               0 kB
Unaccepted:            0 kB
Balloon:               0 kB
HugePages_Total:       0
HugePages_Free:        0
HugePages_Rsvd:        0
HugePages_Surp:        0
Hugepagesize:       2048 kB
Hugetlb:               0 kB
DirectMap4k:      194432 kB
DirectMap2M:     6096896 kB
DirectMap1G:     4194304 kB
---SNAPSHOT---
2026-04-27 16:02:42
MemTotal:        8129240 kB
MemFree:         4687432 kB
MemAvailable:    4886168 kB
Buffers:            5952 kB
Cached:           311852 kB
SwapCached:        29260 kB
Active:          2212496 kB
Inactive:         611108 kB
Active(anon):    2107300 kB
Inactive(anon):   454476 kB
Active(file):     105196 kB
Inactive(file):   156632 kB
Unevictable:          16 kB
Mlocked:              16 kB
SwapTotal:       4194300 kB
SwapFree:        4165040 kB
Zswap:                 0 kB
Zswapped:              0 kB
Dirty:               648 kB
Writeback:             0 kB
AnonPages:       2476916 kB
Mapped:           263956 kB
Shmem:             55972 kB
KReclaimable:      53804 kB
Slab:             280616 kB
SReclaimable:      53804 kB
SUnreclaim:       226812 kB
KernelStack:       18300 kB
PageTables:        47116 kB
SecPageTables:         0 kB
NFS_Unstable:          0 kB
Bounce:                0 kB
WritebackTmp:          0 kB
CommitLimit:     8258920 kB
Committed_AS:   11354992 kB
VmallocTotal:   34359738367 kB
VmallocUsed:       46472 kB
VmallocChunk:          0 kB
Percpu:            13280 kB
HardwareCorrupted:     0 kB
AnonHugePages:    192512 kB
ShmemHugePages:        0 kB
ShmemPmdMapped:        0 kB
FileHugePages:         0 kB
FilePmdMapped:         0 kB
CmaTotal:              0 kB
CmaFree:               0 kB
Unaccepted:            0 kB
Balloon:               0 kB
HugePages_Total:       0
HugePages_Free:        0
HugePages_Rsvd:        0
HugePages_Surp:        0
Hugepagesize:       2048 kB
Hugetlb:               0 kB
DirectMap4k:      194432 kB
DirectMap2M:     6096896 kB
DirectMap1G:     4194304 kB
---SNAPSHOT---
2026-04-27 16:02:43
MemTotal:        8129240 kB
MemFree:         3882192 kB
MemAvailable:    4081016 kB
Buffers:            5960 kB
Cached:           311940 kB
SwapCached:        29260 kB
Active:          3016224 kB
Inactive:         611112 kB
Active(anon):    2910944 kB
Inactive(anon):   454476 kB
Active(file):     105280 kB
Inactive(file):   156636 kB
Unevictable:          16 kB
Mlocked:              16 kB
SwapTotal:       4194300 kB
SwapFree:        4165040 kB
Zswap:                 0 kB
Zswapped:              0 kB
Dirty:               656 kB
Writeback:             0 kB
AnonPages:       3280640 kB
Mapped:           263996 kB
Shmem:             55972 kB
KReclaimable:      53804 kB
Slab:             280656 kB
SReclaimable:      53804 kB
SUnreclaim:       226852 kB
KernelStack:       18268 kB
PageTables:        48568 kB
SecPageTables:         0 kB
NFS_Unstable:          0 kB
Bounce:                0 kB
WritebackTmp:          0 kB
CommitLimit:     8258920 kB
Committed_AS:   11354992 kB
VmallocTotal:   34359738367 kB
VmallocUsed:       46536 kB
VmallocChunk:          0 kB
Percpu:            13280 kB
HardwareCorrupted:     0 kB
AnonHugePages:    192512 kB
ShmemHugePages:        0 kB
ShmemPmdMapped:        0 kB
FileHugePages:         0 kB
FilePmdMapped:         0 kB
CmaTotal:              0 kB
CmaFree:               0 kB
Unaccepted:            0 kB
Balloon:               0 kB
HugePages_Total:       0
HugePages_Free:        0
HugePages_Rsvd:        0
HugePages_Surp:        0
Hugepagesize:       2048 kB
Hugetlb:               0 kB
DirectMap4k:      194432 kB
DirectMap2M:     6096896 kB
DirectMap1G:     4194304 kB
---SNAPSHOT---
2026-04-27 16:02:44
MemTotal:        8129240 kB
MemFree:         3027624 kB
MemAvailable:    3226480 kB
Buffers:            5960 kB
Cached:           311948 kB
SwapCached:        29260 kB
Active:          3864464 kB
Inactive:         611128 kB
Active(anon):    3759184 kB
Inactive(anon):   454476 kB
Active(file):     105280 kB
Inactive(file):   156652 kB
Unevictable:          16 kB
Mlocked:              16 kB
SwapTotal:       4194300 kB
SwapFree:        4165040 kB
Zswap:                 0 kB
Zswapped:              0 kB
Dirty:               664 kB
Writeback:             0 kB
AnonPages:       4128492 kB
Mapped:           264012 kB
Shmem:             55972 kB
KReclaimable:      53820 kB
Slab:             280732 kB
SReclaimable:      53820 kB
SUnreclaim:       226912 kB
KernelStack:       18332 kB
PageTables:        50580 kB
SecPageTables:         0 kB
NFS_Unstable:          0 kB
Bounce:                0 kB
WritebackTmp:          0 kB
CommitLimit:     8258920 kB
Committed_AS:   11356528 kB
VmallocTotal:   34359738367 kB
VmallocUsed:       46584 kB
VmallocChunk:          0 kB
Percpu:            13280 kB
HardwareCorrupted:     0 kB
AnonHugePages:    192512 kB
ShmemHugePages:        0 kB
ShmemPmdMapped:        0 kB
FileHugePages:         0 kB
FilePmdMapped:         0 kB
CmaTotal:              0 kB
CmaFree:               0 kB
Unaccepted:            0 kB
Balloon:               0 kB
HugePages_Total:       0
HugePages_Free:        0
HugePages_Rsvd:        0
HugePages_Surp:        0
Hugepagesize:       2048 kB
Hugetlb:               0 kB
DirectMap4k:      194432 kB
DirectMap2M:     6096896 kB
DirectMap1G:     4194304 kB
---SNAPSHOT---
2026-04-27 16:02:45
MemTotal:        8129240 kB
MemFree:         4133800 kB
MemAvailable:    4332660 kB
Buffers:            5960 kB
Cached:           311952 kB
SwapCached:        29260 kB
Active:          2613364 kB
Inactive:         611132 kB
Active(anon):    2508084 kB
Inactive(anon):   454476 kB
Active(file):     105280 kB
Inactive(file):   156656 kB
Unevictable:          16 kB
Mlocked:              16 kB
SwapTotal:       4194300 kB
SwapFree:        4165040 kB
Zswap:                 0 kB
Zswapped:              0 kB
Dirty:               668 kB
Writeback:             0 kB
AnonPages:       2877464 kB
Mapped:           263996 kB
Shmem:             55972 kB
KReclaimable:      53820 kB
Slab:             280728 kB
SReclaimable:      53820 kB
SUnreclaim:       226908 kB
KernelStack:       18284 kB
PageTables:        47936 kB
SecPageTables:         0 kB
NFS_Unstable:          0 kB
Bounce:                0 kB
WritebackTmp:          0 kB
CommitLimit:     8258920 kB
Committed_AS:   11355124 kB
VmallocTotal:   34359738367 kB
VmallocUsed:       46520 kB
VmallocChunk:          0 kB
Percpu:            13280 kB
HardwareCorrupted:     0 kB
AnonHugePages:    192512 kB
ShmemHugePages:        0 kB
ShmemPmdMapped:        0 kB
FileHugePages:         0 kB
FilePmdMapped:         0 kB
CmaTotal:              0 kB
CmaFree:               0 kB
Unaccepted:            0 kB
Balloon:               0 kB
HugePages_Total:       0
HugePages_Free:        0
HugePages_Rsvd:        0
HugePages_Surp:        0
Hugepagesize:       2048 kB
Hugetlb:               0 kB
DirectMap4k:      194432 kB
DirectMap2M:     6096896 kB
DirectMap1G:     4194304 kB
---SNAPSHOT---
2026-04-27 16:02:46
MemTotal:        8129240 kB
MemFree:         3465984 kB
MemAvailable:    3664848 kB
Buffers:            5960 kB
Cached:           311960 kB
SwapCached:        29260 kB
Active:          3299264 kB
Inactive:         611136 kB
Active(anon):    3193984 kB
Inactive(anon):   454476 kB
Active(file):     105280 kB
Inactive(file):   156660 kB
Unevictable:          16 kB
Mlocked:              16 kB
SwapTotal:       4194300 kB
SwapFree:        4165040 kB
Zswap:                 0 kB
Zswapped:              0 kB
Dirty:               676 kB
Writeback:             0 kB
AnonPages:       3563220 kB
Mapped:           263996 kB
Shmem:             55972 kB
KReclaimable:      53820 kB
Slab:             280688 kB
SReclaimable:      53820 kB
SUnreclaim:       226868 kB
KernelStack:       18284 kB
PageTables:        49640 kB
SecPageTables:         0 kB
NFS_Unstable:          0 kB
Bounce:                0 kB
WritebackTmp:          0 kB
CommitLimit:     8258920 kB
Committed_AS:   11355256 kB
VmallocTotal:   34359738367 kB
VmallocUsed:       46536 kB
VmallocChunk:          0 kB
Percpu:            13280 kB
HardwareCorrupted:     0 kB
AnonHugePages:    192512 kB
ShmemHugePages:        0 kB
ShmemPmdMapped:        0 kB
FileHugePages:         0 kB
FilePmdMapped:         0 kB
CmaTotal:              0 kB
CmaFree:               0 kB
Unaccepted:            0 kB
Balloon:               0 kB
HugePages_Total:       0
HugePages_Free:        0
HugePages_Rsvd:        0
HugePages_Surp:        0
Hugepagesize:       2048 kB
Hugetlb:               0 kB
DirectMap4k:      194432 kB
DirectMap2M:     6096896 kB
DirectMap1G:     4194304 kB
---SNAPSHOT---
2026-04-27 16:02:47
MemTotal:        8129240 kB
MemFree:         2893480 kB
MemAvailable:    3092348 kB
Buffers:            5960 kB
Cached:           311964 kB
SwapCached:        29260 kB
Active:          3980280 kB
Inactive:         611140 kB
Active(anon):    3875000 kB
Inactive(anon):   454476 kB
Active(file):     105280 kB
Inactive(file):   156664 kB
Unevictable:          16 kB
Mlocked:              16 kB
SwapTotal:       4194300 kB
SwapFree:        4165040 kB
Zswap:                 0 kB
Zswapped:              0 kB
Dirty:               680 kB
Writeback:             0 kB
AnonPages:       4244316 kB
Mapped:           263996 kB
Shmem:             55972 kB
KReclaimable:      53820 kB
Slab:             280684 kB
SReclaimable:      53820 kB
SUnreclaim:       226864 kB
KernelStack:       18284 kB
PageTables:        50796 kB
SecPageTables:         0 kB
NFS_Unstable:          0 kB
Bounce:                0 kB
WritebackTmp:          0 kB
CommitLimit:     8258920 kB
Committed_AS:   11355256 kB
VmallocTotal:   34359738367 kB
VmallocUsed:       46472 kB
VmallocChunk:          0 kB
Percpu:            13280 kB
HardwareCorrupted:     0 kB
AnonHugePages:    192512 kB
ShmemHugePages:        0 kB
ShmemPmdMapped:        0 kB
FileHugePages:         0 kB
FilePmdMapped:         0 kB
CmaTotal:              0 kB
CmaFree:               0 kB
Unaccepted:            0 kB
Balloon:               0 kB
HugePages_Total:       0
HugePages_Free:        0
HugePages_Rsvd:        0
HugePages_Surp:        0
Hugepagesize:       2048 kB
Hugetlb:               0 kB
DirectMap4k:      194432 kB
DirectMap2M:     6096896 kB
DirectMap1G:     4194304 kB
---SNAPSHOT---
2026-04-27 16:02:48
MemTotal:        8129240 kB
MemFree:         4530700 kB
MemAvailable:    4729584 kB
Buffers:            5968 kB
Cached:           311968 kB
SwapCached:        29260 kB
Active:          2244912 kB
Inactive:         611156 kB
Active(anon):    2139632 kB
Inactive(anon):   454476 kB
Active(file):     105280 kB
Inactive(file):   156680 kB
Unevictable:          16 kB
Mlocked:              16 kB
SwapTotal:       4194300 kB
SwapFree:        4165040 kB
Zswap:                 0 kB
Zswapped:              0 kB
Dirty:               684 kB
Writeback:             0 kB
AnonPages:       2508900 kB
Mapped:           263996 kB
Shmem:             55972 kB
KReclaimable:      53820 kB
Slab:             280680 kB
SReclaimable:      53820 kB
SUnreclaim:       226860 kB
KernelStack:       18284 kB
PageTables:        46940 kB
SecPageTables:         0 kB
NFS_Unstable:          0 kB
Bounce:                0 kB
WritebackTmp:          0 kB
CommitLimit:     8258920 kB
Committed_AS:   11355256 kB
VmallocTotal:   34359738367 kB
VmallocUsed:       46504 kB
VmallocChunk:          0 kB
Percpu:            13280 kB
HardwareCorrupted:     0 kB
AnonHugePages:    192512 kB
ShmemHugePages:        0 kB
ShmemPmdMapped:        0 kB
FileHugePages:         0 kB
FilePmdMapped:         0 kB
CmaTotal:              0 kB
CmaFree:               0 kB
Unaccepted:            0 kB
Balloon:               0 kB
HugePages_Total:       0
HugePages_Free:        0
HugePages_Rsvd:        0
HugePages_Surp:        0
Hugepagesize:       2048 kB
Hugetlb:               0 kB
DirectMap4k:      194432 kB
DirectMap2M:     6096896 kB
DirectMap1G:     4194304 kB
---SNAPSHOT---
2026-04-27 16:02:49
MemTotal:        8129240 kB
MemFree:         3607736 kB
MemAvailable:    3806624 kB
Buffers:            5968 kB
Cached:           311976 kB
SwapCached:        29260 kB
Active:          3179280 kB
Inactive:         611160 kB
Active(anon):    3074000 kB
Inactive(anon):   454476 kB
Active(file):     105280 kB
Inactive(file):   156684 kB
Unevictable:          16 kB
Mlocked:              16 kB
SwapTotal:       4194300 kB
SwapFree:        4165040 kB
Zswap:                 0 kB
Zswapped:              0 kB
Dirty:               692 kB
Writeback:             0 kB
AnonPages:       3443860 kB
Mapped:           263996 kB
Shmem:             55972 kB
KReclaimable:      53820 kB
Slab:             280676 kB
SReclaimable:      53820 kB
SUnreclaim:       226856 kB
KernelStack:       18224 kB
PageTables:        48744 kB
SecPageTables:         0 kB
NFS_Unstable:          0 kB
Bounce:                0 kB
WritebackTmp:          0 kB
CommitLimit:     8258920 kB
Committed_AS:   11354628 kB
VmallocTotal:   34359738367 kB
VmallocUsed:       46536 kB
VmallocChunk:          0 kB
Percpu:            13280 kB
HardwareCorrupted:     0 kB
AnonHugePages:    192512 kB
ShmemHugePages:        0 kB
ShmemPmdMapped:        0 kB
FileHugePages:         0 kB
FilePmdMapped:         0 kB
CmaTotal:              0 kB
CmaFree:               0 kB
Unaccepted:            0 kB
Balloon:               0 kB
HugePages_Total:       0
HugePages_Free:        0
HugePages_Rsvd:        0
HugePages_Surp:        0
Hugepagesize:       2048 kB
Hugetlb:               0 kB
DirectMap4k:      194432 kB
DirectMap2M:     6096896 kB
DirectMap1G:     4194304 kB
---SNAPSHOT---
2026-04-27 16:02:50
MemTotal:        8129240 kB
MemFree:         2920256 kB
MemAvailable:    3119152 kB
Buffers:            5968 kB
Cached:           311980 kB
SwapCached:        29260 kB
Active:          3869880 kB
Inactive:         611168 kB
Active(anon):    3764600 kB
Inactive(anon):   454476 kB
Active(file):     105280 kB
Inactive(file):   156692 kB
Unevictable:          16 kB
Mlocked:              16 kB
SwapTotal:       4194300 kB
SwapFree:        4165040 kB
Zswap:                 0 kB
Zswapped:              0 kB
Dirty:               696 kB
Writeback:             0 kB
AnonPages:       4105488 kB
Mapped:           263996 kB
Shmem:             55972 kB
KReclaimable:      53820 kB
Slab:             280704 kB
SReclaimable:      53820 kB
SUnreclaim:       226884 kB
KernelStack:       18224 kB
PageTables:        50664 kB
SecPageTables:         0 kB
NFS_Unstable:          0 kB
Bounce:                0 kB
WritebackTmp:          0 kB
CommitLimit:     8258920 kB
Committed_AS:   11354644 kB
VmallocTotal:   34359738367 kB
VmallocUsed:       46440 kB
VmallocChunk:          0 kB
Percpu:            13280 kB
HardwareCorrupted:     0 kB
AnonHugePages:    192512 kB
ShmemHugePages:        0 kB
ShmemPmdMapped:        0 kB
FileHugePages:         0 kB
FilePmdMapped:         0 kB
CmaTotal:              0 kB
CmaFree:               0 kB
Unaccepted:            0 kB
Balloon:               0 kB
HugePages_Total:       0
HugePages_Free:        0
HugePages_Rsvd:        0
HugePages_Surp:        0
Hugepagesize:       2048 kB
Hugetlb:               0 kB
DirectMap4k:      194432 kB
DirectMap2M:     6096896 kB
DirectMap1G:     4194304 kB
---SNAPSHOT---
2026-04-27 16:02:52
MemTotal:        8129240 kB
MemFree:         4470780 kB
MemAvailable:    4669684 kB
Buffers:            5968 kB
Cached:           311988 kB
SwapCached:        29260 kB
Active:          2287136 kB
Inactive:         611176 kB
Active(anon):    2181856 kB
Inactive(anon):   454476 kB
Active(file):     105280 kB
Inactive(file):   156700 kB
Unevictable:          16 kB
Mlocked:              16 kB
SwapTotal:       4194300 kB
SwapFree:        4165040 kB
Zswap:                 0 kB
Zswapped:              0 kB
Dirty:               704 kB
Writeback:             0 kB
AnonPages:       2551448 kB
Mapped:           263996 kB
Shmem:             55972 kB
KReclaimable:      53820 kB
Slab:             280692 kB
SReclaimable:      53820 kB
SUnreclaim:       226872 kB
KernelStack:       18208 kB
PageTables:        46828 kB
SecPageTables:         0 kB
NFS_Unstable:          0 kB
Bounce:                0 kB
WritebackTmp:          0 kB
CommitLimit:     8258920 kB
Committed_AS:   11354876 kB
VmallocTotal:   34359738367 kB
VmallocUsed:       46440 kB
VmallocChunk:          0 kB
Percpu:            13280 kB
HardwareCorrupted:     0 kB
AnonHugePages:    192512 kB
ShmemHugePages:        0 kB
ShmemPmdMapped:        0 kB
FileHugePages:         0 kB
FilePmdMapped:         0 kB
CmaTotal:              0 kB
CmaFree:               0 kB
Unaccepted:            0 kB
Balloon:               0 kB
HugePages_Total:       0
HugePages_Free:        0
HugePages_Rsvd:        0
HugePages_Surp:        0
Hugepagesize:       2048 kB
Hugetlb:               0 kB
DirectMap4k:      194432 kB
DirectMap2M:     6096896 kB
DirectMap1G:     4194304 kB
---SNAPSHOT---
2026-04-27 16:02:53
MemTotal:        8129240 kB
MemFree:         3562592 kB
MemAvailable:    3761500 kB
Buffers:            5968 kB
Cached:           311992 kB
SwapCached:        29260 kB
Active:          3197120 kB
Inactive:         611180 kB
Active(anon):    3091840 kB
Inactive(anon):   454476 kB
Active(file):     105280 kB
Inactive(file):   156704 kB
Unevictable:          16 kB
Mlocked:              16 kB
SwapTotal:       4194300 kB
SwapFree:        4165040 kB
Zswap:                 0 kB
Zswapped:              0 kB
Dirty:               708 kB
Writeback:             0 kB
AnonPages:       3461280 kB
Mapped:           263996 kB
Shmem:             55972 kB
KReclaimable:      53820 kB
Slab:             280692 kB
SReclaimable:      53820 kB
SUnreclaim:       226872 kB
KernelStack:       18240 kB
PageTables:        48820 kB
SecPageTables:         0 kB
NFS_Unstable:          0 kB
Bounce:                0 kB
WritebackTmp:          0 kB
CommitLimit:     8258920 kB
Committed_AS:   11355000 kB
VmallocTotal:   34359738367 kB
VmallocUsed:       46440 kB
VmallocChunk:          0 kB
Percpu:            13280 kB
HardwareCorrupted:     0 kB
AnonHugePages:    192512 kB
ShmemHugePages:        0 kB
ShmemPmdMapped:        0 kB
FileHugePages:         0 kB
FilePmdMapped:         0 kB
CmaTotal:              0 kB
CmaFree:               0 kB
Unaccepted:            0 kB
Balloon:               0 kB
HugePages_Total:       0
HugePages_Free:        0
HugePages_Rsvd:        0
HugePages_Surp:        0
Hugepagesize:       2048 kB
Hugetlb:               0 kB
DirectMap4k:      194432 kB
DirectMap2M:     6096896 kB
DirectMap1G:     4194304 kB
---SNAPSHOT---
2026-04-27 16:02:54
MemTotal:        8129240 kB
MemFree:         2818236 kB
MemAvailable:    3017148 kB
Buffers:            5976 kB
Cached:           311996 kB
SwapCached:       108832 kB
Active:          3990156 kB
Inactive:         689844 kB
Active(anon):    3884876 kB
Inactive(anon):   533136 kB
Active(file):     105280 kB
Inactive(file):   156708 kB
Unevictable:          16 kB
Mlocked:              16 kB
SwapTotal:       4194300 kB
SwapFree:        4085392 kB
Zswap:                 0 kB
Zswapped:              0 kB
Dirty:               712 kB
Writeback:           684 kB
AnonPages:       4255308 kB
Mapped:           263996 kB
Shmem:             55972 kB
KReclaimable:      53820 kB
Slab:             280668 kB
SReclaimable:      53820 kB
SUnreclaim:       226848 kB
KernelStack:       18224 kB
PageTables:        50316 kB
SecPageTables:         0 kB
NFS_Unstable:          0 kB
Bounce:                0 kB
WritebackTmp:          0 kB
CommitLimit:     8258920 kB
Committed_AS:   11355136 kB
VmallocTotal:   34359738367 kB
VmallocUsed:       46440 kB
VmallocChunk:          0 kB
Percpu:            13280 kB
HardwareCorrupted:     0 kB
AnonHugePages:    192512 kB
ShmemHugePages:        0 kB
ShmemPmdMapped:        0 kB
FileHugePages:         0 kB
FilePmdMapped:         0 kB
CmaTotal:              0 kB
CmaFree:               0 kB
Unaccepted:            0 kB
Balloon:               0 kB
HugePages_Total:       0
HugePages_Free:        0
HugePages_Rsvd:        0
HugePages_Surp:        0
Hugepagesize:       2048 kB
Hugetlb:               0 kB
DirectMap4k:      194432 kB
DirectMap2M:     6096896 kB
DirectMap1G:     4194304 kB
---SNAPSHOT---
2026-04-27 16:02:55
MemTotal:        8129240 kB
MemFree:         3531876 kB
MemAvailable:    3730804 kB
Buffers:            5976 kB
Cached:           312004 kB
SwapCached:       330832 kB
Active:          2964132 kB
Inactive:         890664 kB
Active(anon):    2858852 kB
Inactive(anon):   733940 kB
Active(file):     105280 kB
Inactive(file):   156724 kB
Unevictable:          16 kB
Mlocked:              16 kB
SwapTotal:       4194300 kB
SwapFree:        3863468 kB
Zswap:                 0 kB
Zswapped:              0 kB
Dirty:               720 kB
Writeback:         22076 kB
AnonPages:       3208480 kB
Mapped:           263996 kB
Shmem:             55972 kB
KReclaimable:      53820 kB
Slab:             282100 kB
SReclaimable:      53820 kB
SUnreclaim:       228280 kB
KernelStack:       18284 kB
PageTables:        49188 kB
SecPageTables:         0 kB
NFS_Unstable:          0 kB
Bounce:                0 kB
WritebackTmp:          0 kB
CommitLimit:     8258920 kB
Committed_AS:   11354980 kB
VmallocTotal:   34359738367 kB
VmallocUsed:       46472 kB
VmallocChunk:          0 kB
Percpu:            13280 kB
HardwareCorrupted:     0 kB
AnonHugePages:    192512 kB
ShmemHugePages:        0 kB
ShmemPmdMapped:        0 kB
FileHugePages:         0 kB
FilePmdMapped:         0 kB
CmaTotal:              0 kB
CmaFree:               0 kB
Unaccepted:            0 kB
Balloon:               0 kB
HugePages_Total:       0
HugePages_Free:        0
HugePages_Rsvd:        0
HugePages_Surp:        0
Hugepagesize:       2048 kB
Hugetlb:               0 kB
DirectMap4k:      194432 kB
DirectMap2M:     6096896 kB
DirectMap1G:     4194304 kB
---SNAPSHOT---
2026-04-27 16:02:56
MemTotal:        8129240 kB
MemFree:         3083596 kB
MemAvailable:    3282528 kB
Buffers:            5976 kB
Cached:           312008 kB
SwapCached:       425040 kB
Active:          3333688 kB
Inactive:         984852 kB
Active(anon):    3228408 kB
Inactive(anon):   828124 kB
Active(file):     105280 kB
Inactive(file):   156728 kB
Unevictable:          16 kB
Mlocked:              16 kB
SwapTotal:       4194300 kB
SwapFree:        3769260 kB
Zswap:                 0 kB
Zswapped:              0 kB
Dirty:               724 kB
Writeback:         22072 kB
AnonPages:       3578076 kB
Mapped:           263996 kB
Shmem:             55972 kB
KReclaimable:      53820 kB
Slab:             282168 kB
SReclaimable:      53820 kB
SUnreclaim:       228348 kB
KernelStack:       18224 kB
PageTables:        50016 kB
SecPageTables:         0 kB
NFS_Unstable:          0 kB
Bounce:                0 kB
WritebackTmp:          0 kB
CommitLimit:     8258920 kB
Committed_AS:   11355116 kB
VmallocTotal:   34359738367 kB
VmallocUsed:       46472 kB
VmallocChunk:          0 kB
Percpu:            13280 kB
HardwareCorrupted:     0 kB
AnonHugePages:    192512 kB
ShmemHugePages:        0 kB
ShmemPmdMapped:        0 kB
FileHugePages:         0 kB
FilePmdMapped:         0 kB
CmaTotal:              0 kB
CmaFree:               0 kB
Unaccepted:            0 kB
Balloon:               0 kB
HugePages_Total:       0
HugePages_Free:        0
HugePages_Rsvd:        0
HugePages_Surp:        0
Hugepagesize:       2048 kB
Hugetlb:               0 kB
DirectMap4k:      194432 kB
DirectMap2M:     6096896 kB
DirectMap1G:     4194304 kB
---SNAPSHOT---
2026-04-27 16:02:57
MemTotal:        8129240 kB
MemFree:         3301900 kB
MemAvailable:    3500844 kB
Buffers:            5976 kB
Cached:           312020 kB
SwapCached:       491600 kB
Active:          3020404 kB
Inactive:        1054912 kB
Active(anon):    2915124 kB
Inactive(anon):   898172 kB
Active(file):     105280 kB
Inactive(file):   156740 kB
Unevictable:          16 kB
Mlocked:              16 kB
SwapTotal:       4194300 kB
SwapFree:        3702700 kB
Zswap:                 0 kB
Zswapped:              0 kB
Dirty:               736 kB
Writeback:         18596 kB
AnonPages:       3266012 kB
Mapped:           263996 kB
Shmem:             55972 kB
KReclaimable:      53820 kB
Slab:             281932 kB
SReclaimable:      53820 kB
SUnreclaim:       228112 kB
KernelStack:       18224 kB
PageTables:        49836 kB
SecPageTables:         0 kB
NFS_Unstable:          0 kB
Bounce:                0 kB
WritebackTmp:          0 kB
CommitLimit:     8258920 kB
Committed_AS:   11355000 kB
VmallocTotal:   34359738367 kB
VmallocUsed:       46488 kB
VmallocChunk:          0 kB
Percpu:            13280 kB
HardwareCorrupted:     0 kB
AnonHugePages:    192512 kB
ShmemHugePages:        0 kB
ShmemPmdMapped:        0 kB
FileHugePages:         0 kB
FilePmdMapped:         0 kB
CmaTotal:              0 kB
CmaFree:               0 kB
Unaccepted:            0 kB
Balloon:               0 kB
HugePages_Total:       0
HugePages_Free:        0
HugePages_Rsvd:        0
HugePages_Surp:        0
Hugepagesize:       2048 kB
Hugetlb:               0 kB
DirectMap4k:      194432 kB
DirectMap2M:     6096896 kB
DirectMap1G:     4194304 kB
---SNAPSHOT---
2026-04-27 16:02:58
MemTotal:        8129240 kB
MemFree:         3906612 kB
MemAvailable:    4105560 kB
Buffers:            5976 kB
Cached:           312024 kB
SwapCached:       527952 kB
Active:          2395052 kB
Inactive:        1099568 kB
Active(anon):    2289772 kB
Inactive(anon):   942824 kB
Active(file):     105280 kB
Inactive(file):   156744 kB
Unevictable:          16 kB
Mlocked:              16 kB
SwapTotal:       4194300 kB
SwapFree:        3666348 kB
Zswap:                 0 kB
Zswapped:              0 kB
Dirty:               740 kB
Writeback:         10296 kB
AnonPages:       2650796 kB
Mapped:           263996 kB
Shmem:             55972 kB
KReclaimable:      53820 kB
Slab:             281472 kB
SReclaimable:      53820 kB
SUnreclaim:       227652 kB
KernelStack:       18224 kB
PageTables:        49144 kB
SecPageTables:         0 kB
NFS_Unstable:          0 kB
Bounce:                0 kB
WritebackTmp:          0 kB
CommitLimit:     8258920 kB
Committed_AS:   11354808 kB
VmallocTotal:   34359738367 kB
VmallocUsed:       46472 kB
VmallocChunk:          0 kB
Percpu:            13280 kB
HardwareCorrupted:     0 kB
AnonHugePages:    192512 kB
ShmemHugePages:        0 kB
ShmemPmdMapped:        0 kB
FileHugePages:         0 kB
FilePmdMapped:         0 kB
CmaTotal:              0 kB
CmaFree:               0 kB
Unaccepted:            0 kB
Balloon:               0 kB
HugePages_Total:       0
HugePages_Free:        0
HugePages_Rsvd:        0
HugePages_Surp:        0
Hugepagesize:       2048 kB
Hugetlb:               0 kB
DirectMap4k:      194432 kB
DirectMap2M:     6096896 kB
DirectMap1G:     4194304 kB
---SNAPSHOT---
2026-04-27 16:03:00
MemTotal:        8129240 kB
MemFree:         4053808 kB
MemAvailable:    4252764 kB
Buffers:            5984 kB
Cached:           312028 kB
SwapCached:       558672 kB
Active:          2198716 kB
Inactive:        1125096 kB
Active(anon):    2093436 kB
Inactive(anon):   968344 kB
Active(file):     105280 kB
Inactive(file):   156752 kB
Unevictable:          16 kB
Mlocked:              16 kB
SwapTotal:       4194300 kB
SwapFree:        3635628 kB
Zswap:                 0 kB
Zswapped:              0 kB
Dirty:               744 kB
Writeback:         15532 kB
AnonPages:       2449536 kB
Mapped:           264096 kB
Shmem:             55972 kB
KReclaimable:      53820 kB
Slab:             281668 kB
SReclaimable:      53820 kB
SUnreclaim:       227848 kB
KernelStack:       18208 kB
PageTables:        48040 kB
SecPageTables:         0 kB
NFS_Unstable:          0 kB
Bounce:                0 kB
WritebackTmp:          0 kB
CommitLimit:     8258920 kB
Committed_AS:   11354812 kB
VmallocTotal:   34359738367 kB
VmallocUsed:       46440 kB
VmallocChunk:          0 kB
Percpu:            13280 kB
HardwareCorrupted:     0 kB
AnonHugePages:    192512 kB
ShmemHugePages:        0 kB
ShmemPmdMapped:        0 kB
FileHugePages:         0 kB
FilePmdMapped:         0 kB
CmaTotal:              0 kB
CmaFree:               0 kB
Unaccepted:            0 kB
Balloon:               0 kB
HugePages_Total:       0
HugePages_Free:        0
HugePages_Rsvd:        0
HugePages_Surp:        0
Hugepagesize:       2048 kB
Hugetlb:               0 kB
DirectMap4k:      194432 kB
DirectMap2M:     6096896 kB
DirectMap1G:     4194304 kB
---SNAPSHOT---
2026-04-27 16:03:01
MemTotal:        8129240 kB
MemFree:         3356892 kB
MemAvailable:    3555856 kB
Buffers:            5992 kB
Cached:           312032 kB
SwapCached:       574032 kB
Active:          2901544 kB
Inactive:        1135392 kB
Active(anon):    2796264 kB
Inactive(anon):   978632 kB
Active(file):     105280 kB
Inactive(file):   156760 kB
Unevictable:          16 kB
Mlocked:              16 kB
SwapTotal:       4194300 kB
SwapFree:        3620268 kB
Zswap:                 0 kB
Zswapped:              0 kB
Dirty:               752 kB
Writeback:         20484 kB
AnonPages:       3147404 kB
Mapped:           263996 kB
Shmem:             55972 kB
KReclaimable:      53820 kB
Slab:             281924 kB
SReclaimable:      53820 kB
SUnreclaim:       228104 kB
KernelStack:       18224 kB
PageTables:        49468 kB
SecPageTables:         0 kB
NFS_Unstable:          0 kB
Bounce:                0 kB
WritebackTmp:          0 kB
CommitLimit:     8258920 kB
Committed_AS:   11355400 kB
VmallocTotal:   34359738367 kB
VmallocUsed:       46440 kB
VmallocChunk:          0 kB
Percpu:            13280 kB
HardwareCorrupted:     0 kB
AnonHugePages:    192512 kB
ShmemHugePages:        0 kB
ShmemPmdMapped:        0 kB
FileHugePages:         0 kB
FilePmdMapped:         0 kB
CmaTotal:              0 kB
CmaFree:               0 kB
Unaccepted:            0 kB
Balloon:               0 kB
HugePages_Total:       0
HugePages_Free:        0
HugePages_Rsvd:        0
HugePages_Surp:        0
Hugepagesize:       2048 kB
Hugetlb:               0 kB
DirectMap4k:      194432 kB
DirectMap2M:     6096896 kB
DirectMap1G:     4194304 kB
---SNAPSHOT---
2026-04-27 16:03:02
MemTotal:        8129240 kB
MemFree:         3888352 kB
MemAvailable:    4087360 kB
Buffers:            6120 kB
Cached:           312040 kB
SwapCached:       574032 kB
Active:          2289328 kB
Inactive:        1143736 kB
Active(anon):    2184048 kB
Inactive(anon):   986932 kB
Active(file):     105280 kB
Inactive(file):   156804 kB
Unevictable:          16 kB
Mlocked:              16 kB
SwapTotal:       4194300 kB
SwapFree:        3620268 kB
Zswap:                 0 kB
Zswapped:              0 kB
Dirty:               740 kB
Writeback:         12308 kB
AnonPages:       2543196 kB
Mapped:           263996 kB
Shmem:             55972 kB
KReclaimable:      53820 kB
Slab:             281436 kB
SReclaimable:      53820 kB
SUnreclaim:       227616 kB
KernelStack:       18224 kB
PageTables:        49900 kB
SecPageTables:         0 kB
NFS_Unstable:          0 kB
Bounce:                0 kB
WritebackTmp:          0 kB
CommitLimit:     8258920 kB
Committed_AS:   11355140 kB
VmallocTotal:   34359738367 kB
VmallocUsed:       46536 kB
VmallocChunk:          0 kB
Percpu:            13280 kB
HardwareCorrupted:     0 kB
AnonHugePages:    192512 kB
ShmemHugePages:        0 kB
ShmemPmdMapped:        0 kB
FileHugePages:         0 kB
FilePmdMapped:         0 kB
CmaTotal:              0 kB
CmaFree:               0 kB
Unaccepted:            0 kB
Balloon:               0 kB
HugePages_Total:       0
HugePages_Free:        0
HugePages_Rsvd:        0
HugePages_Surp:        0
Hugepagesize:       2048 kB
Hugetlb:               0 kB
DirectMap4k:      194432 kB
DirectMap2M:     6096896 kB
DirectMap1G:     4194304 kB
---SNAPSHOT---
2026-04-27 16:03:04
MemTotal:        8129240 kB
MemFree:         3442568 kB
MemAvailable:    3641684 kB
Buffers:            6124 kB
Cached:           312048 kB
SwapCached:       574544 kB
Active:          2796496 kB
Inactive:        1155608 kB
Active(anon):    2691216 kB
Inactive(anon):   998696 kB
Active(file):     105280 kB
Inactive(file):   156912 kB
Unevictable:          16 kB
Mlocked:              16 kB
SwapTotal:       4194300 kB
SwapFree:        3619756 kB
Zswap:                 0 kB
Zswapped:              0 kB
Dirty:               744 kB
Writeback:           536 kB
AnonPages:       3061668 kB
Mapped:           264096 kB
Shmem:             55972 kB
KReclaimable:      53820 kB
Slab:             280696 kB
SReclaimable:      53820 kB
SUnreclaim:       226876 kB
KernelStack:       18224 kB
PageTables:        49064 kB
SecPageTables:         0 kB
NFS_Unstable:          0 kB
Bounce:                0 kB
WritebackTmp:          0 kB
CommitLimit:     8258920 kB
Committed_AS:   11354900 kB
VmallocTotal:   34359738367 kB
VmallocUsed:       46456 kB
VmallocChunk:          0 kB
Percpu:            13280 kB
HardwareCorrupted:     0 kB
AnonHugePages:    192512 kB
ShmemHugePages:        0 kB
ShmemPmdMapped:        0 kB
FileHugePages:         0 kB
FilePmdMapped:         0 kB
CmaTotal:              0 kB
CmaFree:               0 kB
Unaccepted:            0 kB
Balloon:               0 kB
HugePages_Total:       0
HugePages_Free:        0
HugePages_Rsvd:        0
HugePages_Surp:        0
Hugepagesize:       2048 kB
Hugetlb:               0 kB
DirectMap4k:      194432 kB
DirectMap2M:     6096896 kB
DirectMap1G:     4194304 kB
---SNAPSHOT---
2026-04-27 16:03:05
MemTotal:        8129240 kB
MemFree:         3242152 kB
MemAvailable:    3441408 kB
Buffers:            6256 kB
Cached:           312052 kB
SwapCached:       599120 kB
Active:          3020548 kB
Inactive:        1158620 kB
Active(anon):    2915268 kB
Inactive(anon):  1001568 kB
Active(file):     105280 kB
Inactive(file):   157052 kB
Unevictable:          16 kB
Mlocked:              16 kB
SwapTotal:       4194300 kB
SwapFree:        3595180 kB
Zswap:                 0 kB
Zswapped:              0 kB
Dirty:               744 kB
Writeback:         22724 kB
AnonPages:       3264128 kB
Mapped:           263996 kB
Shmem:             55972 kB
KReclaimable:      53820 kB
Slab:             282144 kB
SReclaimable:      53820 kB
SUnreclaim:       228324 kB
KernelStack:       18224 kB
PageTables:        50592 kB
SecPageTables:         0 kB
NFS_Unstable:          0 kB
Bounce:                0 kB
WritebackTmp:          0 kB
CommitLimit:     8258920 kB
Committed_AS:   11354972 kB
VmallocTotal:   34359738367 kB
VmallocUsed:       46456 kB
VmallocChunk:          0 kB
Percpu:            13280 kB
HardwareCorrupted:     0 kB
AnonHugePages:    192512 kB
ShmemHugePages:        0 kB
ShmemPmdMapped:        0 kB
FileHugePages:         0 kB
FilePmdMapped:         0 kB
CmaTotal:              0 kB
CmaFree:               0 kB
Unaccepted:            0 kB
Balloon:               0 kB
HugePages_Total:       0
HugePages_Free:        0
HugePages_Rsvd:        0
HugePages_Surp:        0
Hugepagesize:       2048 kB
Hugetlb:               0 kB
DirectMap4k:      194432 kB
DirectMap2M:     6096896 kB
DirectMap1G:     4194304 kB
---SNAPSHOT---
2026-04-27 16:03:06
MemTotal:        8129240 kB
MemFree:         3604428 kB
MemAvailable:    3803688 kB
Buffers:            6256 kB
Cached:           312056 kB
SwapCached:       599124 kB
Active:          2656636 kB
Inactive:        1165792 kB
Active(anon):    2551356 kB
Inactive(anon):  1008736 kB
Active(file):     105280 kB
Inactive(file):   157056 kB
Unevictable:          16 kB
Mlocked:              16 kB
SwapTotal:       4194300 kB
SwapFree:        3595176 kB
Zswap:                 0 kB
Zswapped:              0 kB
Dirty:               596 kB
Writeback:         15672 kB
AnonPages:       2909508 kB
Mapped:           263996 kB
Shmem:             55972 kB
KReclaimable:      53820 kB
Slab:             281740 kB
SReclaimable:      53820 kB
SUnreclaim:       227920 kB
KernelStack:       18224 kB
PageTables:        49084 kB
SecPageTables:         0 kB
NFS_Unstable:          0 kB
Bounce:                0 kB
WritebackTmp:          0 kB
CommitLimit:     8258920 kB
Committed_AS:   11354624 kB
VmallocTotal:   34359738367 kB
VmallocUsed:       46456 kB
VmallocChunk:          0 kB
Percpu:            13280 kB
HardwareCorrupted:     0 kB
AnonHugePages:    192512 kB
ShmemHugePages:        0 kB
ShmemPmdMapped:        0 kB
FileHugePages:         0 kB
FilePmdMapped:         0 kB
CmaTotal:              0 kB
CmaFree:               0 kB
Unaccepted:            0 kB
Balloon:               0 kB
HugePages_Total:       0
HugePages_Free:        0
HugePages_Rsvd:        0
HugePages_Surp:        0
Hugepagesize:       2048 kB
Hugetlb:               0 kB
DirectMap4k:      194432 kB
DirectMap2M:     6096896 kB
DirectMap1G:     4194304 kB
---SNAPSHOT---
2026-04-27 16:03:07
MemTotal:        8129240 kB
MemFree:         3140712 kB
MemAvailable:    3339976 kB
Buffers:            6256 kB
Cached:           312064 kB
SwapCached:       599264 kB
Active:          3118412 kB
Inactive:        1178800 kB
Active(anon):    3013132 kB
Inactive(anon):  1021740 kB
Active(file):     105280 kB
Inactive(file):   157060 kB
Unevictable:          16 kB
Mlocked:              16 kB
SwapTotal:       4194300 kB
SwapFree:        3595036 kB
Zswap:                 0 kB
Zswapped:              0 kB
Dirty:               604 kB
Writeback:          3020 kB
AnonPages:       3383812 kB
Mapped:           263996 kB
Shmem:             55972 kB
KReclaimable:      53820 kB
Slab:             280856 kB
SReclaimable:      53820 kB
SUnreclaim:       227036 kB
KernelStack:       18224 kB
PageTables:        50336 kB
SecPageTables:         0 kB
NFS_Unstable:          0 kB
Bounce:                0 kB
WritebackTmp:          0 kB
CommitLimit:     8258920 kB
Committed_AS:   11355476 kB
VmallocTotal:   34359738367 kB
VmallocUsed:       46504 kB
VmallocChunk:          0 kB
Percpu:            13280 kB
HardwareCorrupted:     0 kB
AnonHugePages:    192512 kB
ShmemHugePages:        0 kB
ShmemPmdMapped:        0 kB
FileHugePages:         0 kB
FilePmdMapped:         0 kB
CmaTotal:              0 kB
CmaFree:               0 kB
Unaccepted:            0 kB
Balloon:               0 kB
HugePages_Total:       0
HugePages_Free:        0
HugePages_Rsvd:        0
HugePages_Surp:        0
Hugepagesize:       2048 kB
Hugetlb:               0 kB
DirectMap4k:      194432 kB
DirectMap2M:     6096896 kB
DirectMap1G:     4194304 kB
---SNAPSHOT---
2026-04-27 16:03:08
MemTotal:        8129240 kB
MemFree:         3301336 kB
MemAvailable:    3500608 kB
Buffers:            6256 kB
Cached:           312068 kB
SwapCached:       599928 kB
Active:          2926144 kB
Inactive:        1180328 kB
Active(anon):    2820864 kB
Inactive(anon):  1023260 kB
Active(file):     105280 kB
Inactive(file):   157068 kB
Unevictable:          16 kB
Mlocked:              16 kB
SwapTotal:       4194300 kB
SwapFree:        3594372 kB
Zswap:                 0 kB
Zswapped:              0 kB
Dirty:               512 kB
Writeback:           844 kB
AnonPages:       3191988 kB
Mapped:           263996 kB
Shmem:             55972 kB
KReclaimable:      53820 kB
Slab:             280704 kB
SReclaimable:      53820 kB
SUnreclaim:       226884 kB
KernelStack:       18240 kB
PageTables:        49676 kB
SecPageTables:         0 kB
NFS_Unstable:          0 kB
Bounce:                0 kB
WritebackTmp:          0 kB
CommitLimit:     8258920 kB
Committed_AS:   11355372 kB
VmallocTotal:   34359738367 kB
VmallocUsed:       46520 kB
VmallocChunk:          0 kB
Percpu:            13280 kB
HardwareCorrupted:     0 kB
AnonHugePages:    192512 kB
ShmemHugePages:        0 kB
ShmemPmdMapped:        0 kB
FileHugePages:         0 kB
FilePmdMapped:         0 kB
CmaTotal:              0 kB
CmaFree:               0 kB
Unaccepted:            0 kB
Balloon:               0 kB
HugePages_Total:       0
HugePages_Free:        0
HugePages_Rsvd:        0
HugePages_Surp:        0
Hugepagesize:       2048 kB
Hugetlb:               0 kB
DirectMap4k:      194432 kB
DirectMap2M:     6096896 kB
DirectMap1G:     4194304 kB
---SNAPSHOT---
2026-04-27 16:03:09
MemTotal:        8129240 kB
MemFree:         3495476 kB
MemAvailable:    3694764 kB
Buffers:            6264 kB
Cached:           312076 kB
SwapCached:       623992 kB
Active:          2717820 kB
Inactive:        1204188 kB
Active(anon):    2612540 kB
Inactive(anon):  1047104 kB
Active(file):     105280 kB
Inactive(file):   157084 kB
Unevictable:          16 kB
Mlocked:              16 kB
SwapTotal:       4194300 kB
SwapFree:        3569964 kB
Zswap:                 0 kB
Zswapped:              0 kB
Dirty:               232 kB
Writeback:           296 kB
AnonPages:       2983460 kB
Mapped:           263996 kB
Shmem:             55972 kB
KReclaimable:      53820 kB
Slab:             280696 kB
SReclaimable:      53820 kB
SUnreclaim:       226876 kB
KernelStack:       18224 kB
PageTables:        49484 kB
SecPageTables:         0 kB
NFS_Unstable:          0 kB
Bounce:                0 kB
WritebackTmp:          0 kB
CommitLimit:     8258920 kB
Committed_AS:   11355484 kB
VmallocTotal:   34359738367 kB
VmallocUsed:       46520 kB
VmallocChunk:          0 kB
Percpu:            13280 kB
HardwareCorrupted:     0 kB
AnonHugePages:    192512 kB
ShmemHugePages:        0 kB
ShmemPmdMapped:        0 kB
FileHugePages:         0 kB
FilePmdMapped:         0 kB
CmaTotal:              0 kB
CmaFree:               0 kB
Unaccepted:            0 kB
Balloon:               0 kB
HugePages_Total:       0
HugePages_Free:        0
HugePages_Rsvd:        0
HugePages_Surp:        0
Hugepagesize:       2048 kB
Hugetlb:               0 kB
DirectMap4k:      194432 kB
DirectMap2M:     6096896 kB
DirectMap1G:     4194304 kB
---SNAPSHOT---
2026-04-27 16:03:10
MemTotal:        8129240 kB
MemFree:         3665968 kB
MemAvailable:    3865260 kB
Buffers:            6268 kB
Cached:           312076 kB
SwapCached:       121424 kB
Active:          3074416 kB
Inactive:         688908 kB
Active(anon):    2969136 kB
Inactive(anon):   531820 kB
Active(file):     105280 kB
Inactive(file):   157088 kB
Unevictable:          16 kB
Mlocked:              16 kB
SwapTotal:       4194300 kB
SwapFree:        4072876 kB
Zswap:                 0 kB
Zswapped:              0 kB
Dirty:               236 kB
Writeback:         15084 kB
AnonPages:       3325812 kB
Mapped:           263996 kB
Shmem:             55972 kB
KReclaimable:      53820 kB
Slab:             281656 kB
SReclaimable:      53820 kB
SUnreclaim:       227836 kB
KernelStack:       18224 kB
PageTables:        48868 kB
SecPageTables:         0 kB
NFS_Unstable:          0 kB
Bounce:                0 kB
WritebackTmp:          0 kB
CommitLimit:     8258920 kB
Committed_AS:   11355372 kB
VmallocTotal:   34359738367 kB
VmallocUsed:       46488 kB
VmallocChunk:          0 kB
Percpu:            13280 kB
HardwareCorrupted:     0 kB
AnonHugePages:    192512 kB
ShmemHugePages:        0 kB
ShmemPmdMapped:        0 kB
FileHugePages:         0 kB
FilePmdMapped:         0 kB
CmaTotal:              0 kB
CmaFree:               0 kB
Unaccepted:            0 kB
Balloon:               0 kB
HugePages_Total:       0
HugePages_Free:        0
HugePages_Rsvd:        0
HugePages_Surp:        0
Hugepagesize:       2048 kB
Hugetlb:               0 kB
DirectMap4k:      194432 kB
DirectMap2M:     6096896 kB
DirectMap1G:     4194304 kB
---SNAPSHOT---
2026-04-27 16:03:11
MemTotal:        8129240 kB
MemFree:         3635620 kB
MemAvailable:    3834924 kB
Buffers:            6268 kB
Cached:           312088 kB
SwapCached:       151120 kB
Active:          3092804 kB
Inactive:         708848 kB
Active(anon):    2987524 kB
Inactive(anon):   551748 kB
Active(file):     105280 kB
Inactive(file):   157100 kB
Unevictable:          16 kB
Mlocked:              16 kB
SwapTotal:       4194300 kB
SwapFree:        4043180 kB
Zswap:                 0 kB
Zswapped:              0 kB
Dirty:               248 kB
Writeback:         24580 kB
AnonPages:       3334216 kB
Mapped:           263996 kB
Shmem:             55972 kB
KReclaimable:      53820 kB
Slab:             282152 kB
SReclaimable:      53820 kB
SUnreclaim:       228332 kB
KernelStack:       18284 kB
PageTables:        49260 kB
SecPageTables:         0 kB
NFS_Unstable:          0 kB
Bounce:                0 kB
WritebackTmp:          0 kB
CommitLimit:     8258920 kB
Committed_AS:   11355260 kB
VmallocTotal:   34359738367 kB
VmallocUsed:       46472 kB
VmallocChunk:          0 kB
Percpu:            13280 kB
HardwareCorrupted:     0 kB
AnonHugePages:    192512 kB
ShmemHugePages:        0 kB
ShmemPmdMapped:        0 kB
FileHugePages:         0 kB
FilePmdMapped:         0 kB
CmaTotal:              0 kB
CmaFree:               0 kB
Unaccepted:            0 kB
Balloon:               0 kB
HugePages_Total:       0
HugePages_Free:        0
HugePages_Rsvd:        0
HugePages_Surp:        0
Hugepagesize:       2048 kB
Hugetlb:               0 kB
DirectMap4k:      194432 kB
DirectMap2M:     6096896 kB
DirectMap1G:     4194304 kB
---SNAPSHOT---
2026-04-27 16:03:12
MemTotal:        8129240 kB
MemFree:         3607080 kB
MemAvailable:    3806388 kB
Buffers:            6268 kB
Cached:           312104 kB
SwapCached:       167504 kB
Active:          3118108 kB
Inactive:         729320 kB
Active(anon):    3012828 kB
Inactive(anon):   572208 kB
Active(file):     105280 kB
Inactive(file):   157112 kB
Unevictable:          16 kB
Mlocked:              16 kB
SwapTotal:       4194300 kB
SwapFree:        4026796 kB
Zswap:                 0 kB
Zswapped:              0 kB
Dirty:                60 kB
Writeback:         20484 kB
AnonPages:       3364016 kB
Mapped:           263996 kB
Shmem:             55972 kB
KReclaimable:      53812 kB
Slab:             281916 kB
SReclaimable:      53812 kB
SUnreclaim:       228104 kB
KernelStack:       18224 kB
PageTables:        49344 kB
SecPageTables:         0 kB
NFS_Unstable:          0 kB
Bounce:                0 kB
WritebackTmp:          0 kB
CommitLimit:     8258920 kB
Committed_AS:   11355128 kB
VmallocTotal:   34359738367 kB
VmallocUsed:       46488 kB
VmallocChunk:          0 kB
Percpu:            13280 kB
HardwareCorrupted:     0 kB
AnonHugePages:    192512 kB
ShmemHugePages:        0 kB
ShmemPmdMapped:        0 kB
FileHugePages:         0 kB
FilePmdMapped:         0 kB
CmaTotal:              0 kB
CmaFree:               0 kB
Unaccepted:            0 kB
Balloon:               0 kB
HugePages_Total:       0
HugePages_Free:        0
HugePages_Rsvd:        0
HugePages_Surp:        0
Hugepagesize:       2048 kB
Hugetlb:               0 kB
DirectMap4k:      194432 kB
DirectMap2M:     6096896 kB
DirectMap1G:     4194304 kB
---SNAPSHOT---
2026-04-27 16:03:13
MemTotal:        8129240 kB
MemFree:         3122800 kB
MemAvailable:    3322116 kB
Buffers:            6268 kB
Cached:           312108 kB
SwapCached:       363088 kB
Active:          3410844 kB
Inactive:         921696 kB
Active(anon):    3305564 kB
Inactive(anon):   764576 kB
Active(file):     105280 kB
Inactive(file):   157120 kB
Unevictable:          16 kB
Mlocked:              16 kB
SwapTotal:       4194300 kB
SwapFree:        3831212 kB
Zswap:                 0 kB
Zswapped:              0 kB
Dirty:                64 kB
Writeback:         23668 kB
AnonPages:       3654048 kB
Mapped:           263996 kB
Shmem:             55972 kB
KReclaimable:      53812 kB
Slab:             282120 kB
SReclaimable:      53812 kB
SUnreclaim:       228308 kB
KernelStack:       18284 kB
PageTables:        50324 kB
SecPageTables:         0 kB
NFS_Unstable:          0 kB
Bounce:                0 kB
WritebackTmp:          0 kB
CommitLimit:     8258920 kB
Committed_AS:   11355040 kB
VmallocTotal:   34359738367 kB
VmallocUsed:       46504 kB
VmallocChunk:          0 kB
Percpu:            13280 kB
HardwareCorrupted:     0 kB
AnonHugePages:    192512 kB
ShmemHugePages:        0 kB
ShmemPmdMapped:        0 kB
FileHugePages:         0 kB
FilePmdMapped:         0 kB
CmaTotal:              0 kB
CmaFree:               0 kB
Unaccepted:            0 kB
Balloon:               0 kB
HugePages_Total:       0
HugePages_Free:        0
HugePages_Rsvd:        0
HugePages_Surp:        0
Hugepagesize:       2048 kB
Hugetlb:               0 kB
DirectMap4k:      194432 kB
DirectMap2M:     6096896 kB
DirectMap1G:     4194304 kB
---SNAPSHOT---
2026-04-27 16:03:15
MemTotal:        8129240 kB
MemFree:         3534544 kB
MemAvailable:    3733868 kB
Buffers:            6276 kB
Cached:           312112 kB
SwapCached:       418896 kB
Active:          2908284 kB
Inactive:         988676 kB
Active(anon):    2803004 kB
Inactive(anon):   831548 kB
Active(file):     105280 kB
Inactive(file):   157128 kB
Unevictable:          16 kB
Mlocked:              16 kB
SwapTotal:       4194300 kB
SwapFree:        3775404 kB
Zswap:                 0 kB
Zswapped:              0 kB
Dirty:                72 kB
Writeback:         12496 kB
AnonPages:       3162004 kB
Mapped:           264096 kB
Shmem:             55972 kB
KReclaimable:      53812 kB
Slab:             281624 kB
SReclaimable:      53812 kB
SUnreclaim:       227812 kB
KernelStack:       18224 kB
PageTables:        49608 kB
SecPageTables:         0 kB
NFS_Unstable:          0 kB
Bounce:                0 kB
WritebackTmp:          0 kB
CommitLimit:     8258920 kB
Committed_AS:   11355372 kB
VmallocTotal:   34359738367 kB
VmallocUsed:       46488 kB
VmallocChunk:          0 kB
Percpu:            13280 kB
HardwareCorrupted:     0 kB
AnonHugePages:    192512 kB
ShmemHugePages:        0 kB
ShmemPmdMapped:        0 kB
FileHugePages:         0 kB
FilePmdMapped:         0 kB
CmaTotal:              0 kB
CmaFree:               0 kB
Unaccepted:            0 kB
Balloon:               0 kB
HugePages_Total:       0
HugePages_Free:        0
HugePages_Rsvd:        0
HugePages_Surp:        0
Hugepagesize:       2048 kB
Hugetlb:               0 kB
DirectMap4k:      194432 kB
DirectMap2M:     6096896 kB
DirectMap1G:     4194304 kB
---SNAPSHOT---
2026-04-27 16:03:16
MemTotal:        8129240 kB
MemFree:         3651596 kB
MemAvailable:    3850924 kB
Buffers:            6276 kB
Cached:           312120 kB
SwapCached:       436816 kB
Active:          2770808 kB
Inactive:        1003712 kB
Active(anon):    2665528 kB
Inactive(anon):   846580 kB
Active(file):     105280 kB
Inactive(file):   157132 kB
Unevictable:          16 kB
Mlocked:              16 kB
SwapTotal:       4194300 kB
SwapFree:        3757484 kB
Zswap:                 0 kB
Zswapped:              0 kB
Dirty:                84 kB
Writeback:         15420 kB
AnonPages:       3021572 kB
Mapped:           263996 kB
Shmem:             55972 kB
KReclaimable:      53812 kB
Slab:             281604 kB
SReclaimable:      53812 kB
SUnreclaim:       227792 kB
KernelStack:       18224 kB
PageTables:        49376 kB
SecPageTables:         0 kB
NFS_Unstable:          0 kB
Bounce:                0 kB
WritebackTmp:          0 kB
CommitLimit:     8258920 kB
Committed_AS:   11355128 kB
VmallocTotal:   34359738367 kB
VmallocUsed:       46472 kB
VmallocChunk:          0 kB
Percpu:            13280 kB
HardwareCorrupted:     0 kB
AnonHugePages:    192512 kB
ShmemHugePages:        0 kB
ShmemPmdMapped:        0 kB
FileHugePages:         0 kB
FilePmdMapped:         0 kB
CmaTotal:              0 kB
CmaFree:               0 kB
Unaccepted:            0 kB
Balloon:               0 kB
HugePages_Total:       0
HugePages_Free:        0
HugePages_Rsvd:        0
HugePages_Surp:        0
Hugepagesize:       2048 kB
Hugetlb:               0 kB
DirectMap4k:      194432 kB
DirectMap2M:     6096896 kB
DirectMap1G:     4194304 kB
---SNAPSHOT---
2026-04-27 16:03:17
MemTotal:        8129240 kB
MemFree:         3614552 kB
MemAvailable:    3813888 kB
Buffers:            6276 kB
Cached:           312124 kB
SwapCached:       452176 kB
Active:          2814556 kB
Inactive:        1011432 kB
Active(anon):    2709276 kB
Inactive(anon):   854292 kB
Active(file):     105280 kB
Inactive(file):   157140 kB
Unevictable:          16 kB
Mlocked:              16 kB
SwapTotal:       4194300 kB
SwapFree:        3742124 kB
Zswap:                 0 kB
Zswapped:              0 kB
Dirty:                84 kB
Writeback:         23216 kB
AnonPages:       3057768 kB
Mapped:           263996 kB
Shmem:             55972 kB
KReclaimable:      53812 kB
Slab:             282092 kB
SReclaimable:      53812 kB
SUnreclaim:       228280 kB
KernelStack:       18284 kB
PageTables:        49360 kB
SecPageTables:         0 kB
NFS_Unstable:          0 kB
Bounce:                0 kB
WritebackTmp:          0 kB
CommitLimit:     8258920 kB
Committed_AS:   11355476 kB
VmallocTotal:   34359738367 kB
VmallocUsed:       46504 kB
VmallocChunk:          0 kB
Percpu:            13280 kB
HardwareCorrupted:     0 kB
AnonHugePages:    192512 kB
ShmemHugePages:        0 kB
ShmemPmdMapped:        0 kB
FileHugePages:         0 kB
FilePmdMapped:         0 kB
CmaTotal:              0 kB
CmaFree:               0 kB
Unaccepted:            0 kB
Balloon:               0 kB
HugePages_Total:       0
HugePages_Free:        0
HugePages_Rsvd:        0
HugePages_Surp:        0
Hugepagesize:       2048 kB
Hugetlb:               0 kB
DirectMap4k:      194432 kB
DirectMap2M:     6096896 kB
DirectMap1G:     4194304 kB
---SNAPSHOT---
2026-04-27 16:03:18
MemTotal:        8129240 kB
MemFree:         3577880 kB
MemAvailable:    3777224 kB
Buffers:            6276 kB
Cached:           312132 kB
SwapCached:       452176 kB
Active:          2855408 kB
Inactive:        1015052 kB
Active(anon):    2750128 kB
Inactive(anon):   857904 kB
Active(file):     105280 kB
Inactive(file):   157148 kB
Unevictable:          16 kB
Mlocked:              16 kB
SwapTotal:       4194300 kB
SwapFree:        3742124 kB
Zswap:                 0 kB
Zswapped:              0 kB
Dirty:                92 kB
Writeback:         19464 kB
AnonPages:       3102028 kB
Mapped:           263996 kB
Shmem:             55972 kB
KReclaimable:      53812 kB
Slab:             281808 kB
SReclaimable:      53812 kB
SUnreclaim:       227996 kB
KernelStack:       18284 kB
PageTables:        49676 kB
SecPageTables:         0 kB
NFS_Unstable:          0 kB
Bounce:                0 kB
WritebackTmp:          0 kB
CommitLimit:     8258920 kB
Committed_AS:   11355128 kB
VmallocTotal:   34359738367 kB
VmallocUsed:       46456 kB
VmallocChunk:          0 kB
Percpu:            13280 kB
HardwareCorrupted:     0 kB
AnonHugePages:    192512 kB
ShmemHugePages:        0 kB
ShmemPmdMapped:        0 kB
FileHugePages:         0 kB
FilePmdMapped:         0 kB
CmaTotal:              0 kB
CmaFree:               0 kB
Unaccepted:            0 kB
Balloon:               0 kB
HugePages_Total:       0
HugePages_Free:        0
HugePages_Rsvd:        0
HugePages_Surp:        0
Hugepagesize:       2048 kB
Hugetlb:               0 kB
DirectMap4k:      194432 kB
DirectMap2M:     6096896 kB
DirectMap1G:     4194304 kB
---SNAPSHOT---
2026-04-27 16:03:19
MemTotal:        8129240 kB
MemFree:         3545732 kB
MemAvailable:    3745084 kB
Buffers:            6276 kB
Cached:           312136 kB
SwapCached:       452176 kB
Active:          2901428 kB
Inactive:        1017420 kB
Active(anon):    2796148 kB
Inactive(anon):   860264 kB
Active(file):     105280 kB
Inactive(file):   157156 kB
Unevictable:          16 kB
Mlocked:              16 kB
SwapTotal:       4194300 kB
SwapFree:        3742124 kB
Zswap:                 0 kB
Zswapped:              0 kB
Dirty:                96 kB
Writeback:         17068 kB
AnonPages:       3150872 kB
Mapped:           263996 kB
Shmem:             55972 kB
KReclaimable:      53812 kB
Slab:             281740 kB
SReclaimable:      53812 kB
SUnreclaim:       227928 kB
KernelStack:       18284 kB
PageTables:        49716 kB
SecPageTables:         0 kB
NFS_Unstable:          0 kB
Bounce:                0 kB
WritebackTmp:          0 kB
CommitLimit:     8258920 kB
Committed_AS:   11355128 kB
VmallocTotal:   34359738367 kB
VmallocUsed:       46472 kB
VmallocChunk:          0 kB
Percpu:            13280 kB
HardwareCorrupted:     0 kB
AnonHugePages:    192512 kB
ShmemHugePages:        0 kB
ShmemPmdMapped:        0 kB
FileHugePages:         0 kB
FilePmdMapped:         0 kB
CmaTotal:              0 kB
CmaFree:               0 kB
Unaccepted:            0 kB
Balloon:               0 kB
HugePages_Total:       0
HugePages_Free:        0
HugePages_Rsvd:        0
HugePages_Surp:        0
Hugepagesize:       2048 kB
Hugetlb:               0 kB
DirectMap4k:      194432 kB
DirectMap2M:     6096896 kB
DirectMap1G:     4194304 kB
---SNAPSHOT---
2026-04-27 16:03:20
MemTotal:        8129240 kB
MemFree:         3944964 kB
MemAvailable:    4144332 kB
Buffers:            6284 kB
Cached:           312148 kB
SwapCached:       468048 kB
Active:          2508232 kB
Inactive:        1034544 kB
Active(anon):    2402952 kB
Inactive(anon):   877372 kB
Active(file):     105280 kB
Inactive(file):   157172 kB
Unevictable:          16 kB
Mlocked:              16 kB
SwapTotal:       4194300 kB
SwapFree:        3726252 kB
Zswap:                 0 kB
Zswapped:              0 kB
Dirty:               112 kB
Writeback:         15876 kB
AnonPages:       2758804 kB
Mapped:           264096 kB
Shmem:             55972 kB
KReclaimable:      53812 kB
Slab:             281576 kB
SReclaimable:      53812 kB
SUnreclaim:       227764 kB
KernelStack:       18224 kB
PageTables:        48616 kB
SecPageTables:         0 kB
NFS_Unstable:          0 kB
Bounce:                0 kB
WritebackTmp:          0 kB
CommitLimit:     8258920 kB
Committed_AS:   11355240 kB
VmallocTotal:   34359738367 kB
VmallocUsed:       46488 kB
VmallocChunk:          0 kB
Percpu:            13280 kB
HardwareCorrupted:     0 kB
AnonHugePages:    192512 kB
ShmemHugePages:        0 kB
ShmemPmdMapped:        0 kB
FileHugePages:         0 kB
FilePmdMapped:         0 kB
CmaTotal:              0 kB
CmaFree:               0 kB
Unaccepted:            0 kB
Balloon:               0 kB
HugePages_Total:       0
HugePages_Free:        0
HugePages_Rsvd:        0
HugePages_Surp:        0
Hugepagesize:       2048 kB
Hugetlb:               0 kB
DirectMap4k:      194432 kB
DirectMap2M:     6096896 kB
DirectMap1G:     4194304 kB
---SNAPSHOT---
2026-04-27 16:03:21
MemTotal:        8129240 kB
MemFree:         3246404 kB
MemAvailable:    3445780 kB
Buffers:            6284 kB
Cached:           312156 kB
SwapCached:       468048 kB
Active:          3212412 kB
Inactive:        1037408 kB
Active(anon):    3107132 kB
Inactive(anon):   880228 kB
Active(file):     105280 kB
Inactive(file):   157180 kB
Unevictable:          16 kB
Mlocked:              16 kB
SwapTotal:       4194300 kB
SwapFree:        3726252 kB
Zswap:                 0 kB
Zswapped:              0 kB
Dirty:               116 kB
Writeback:         12972 kB
AnonPages:       3465996 kB
Mapped:           263996 kB
Shmem:             55972 kB
KReclaimable:      53812 kB
Slab:             281504 kB
SReclaimable:      53812 kB
SUnreclaim:       227692 kB
KernelStack:       18284 kB
PageTables:        50132 kB
SecPageTables:         0 kB
NFS_Unstable:          0 kB
Bounce:                0 kB
WritebackTmp:          0 kB
CommitLimit:     8258920 kB
Committed_AS:   11355236 kB
VmallocTotal:   34359738367 kB
VmallocUsed:       46504 kB
VmallocChunk:          0 kB
Percpu:            13280 kB
HardwareCorrupted:     0 kB
AnonHugePages:    192512 kB
ShmemHugePages:        0 kB
ShmemPmdMapped:        0 kB
FileHugePages:         0 kB
FilePmdMapped:         0 kB
CmaTotal:              0 kB
CmaFree:               0 kB
Unaccepted:            0 kB
Balloon:               0 kB
HugePages_Total:       0
HugePages_Free:        0
HugePages_Rsvd:        0
HugePages_Surp:        0
Hugepagesize:       2048 kB
Hugetlb:               0 kB
DirectMap4k:      194432 kB
DirectMap2M:     6096896 kB
DirectMap1G:     4194304 kB
---SNAPSHOT---
2026-04-27 16:03:22
MemTotal:        8129240 kB
MemFree:         3830324 kB
MemAvailable:    4029708 kB
Buffers:            6284 kB
Cached:           312160 kB
SwapCached:       644688 kB
Active:          2409224 kB
Inactive:        1217296 kB
Active(anon):    2303944 kB
Inactive(anon):  1060108 kB
Active(file):     105280 kB
Inactive(file):   157188 kB
Unevictable:          16 kB
Mlocked:              16 kB
SwapTotal:       4194300 kB
SwapFree:        3549612 kB
Zswap:                 0 kB
Zswapped:              0 kB
Dirty:               120 kB
Writeback:          9760 kB
AnonPages:       2666108 kB
Mapped:           263996 kB
Shmem:             55972 kB
KReclaimable:      53812 kB
Slab:             281628 kB
SReclaimable:      53812 kB
SUnreclaim:       227816 kB
KernelStack:       18208 kB
PageTables:        48996 kB
SecPageTables:         0 kB
NFS_Unstable:          0 kB
Bounce:                0 kB
WritebackTmp:          0 kB
CommitLimit:     8258920 kB
Committed_AS:   11355376 kB
VmallocTotal:   34359738367 kB
VmallocUsed:       46504 kB
VmallocChunk:          0 kB
Percpu:            13280 kB
HardwareCorrupted:     0 kB
AnonHugePages:    192512 kB
ShmemHugePages:        0 kB
ShmemPmdMapped:        0 kB
FileHugePages:         0 kB
FilePmdMapped:         0 kB
CmaTotal:              0 kB
CmaFree:               0 kB
Unaccepted:            0 kB
Balloon:               0 kB
HugePages_Total:       0
HugePages_Free:        0
HugePages_Rsvd:        0
HugePages_Surp:        0
Hugepagesize:       2048 kB
Hugetlb:               0 kB
DirectMap4k:      194432 kB
DirectMap2M:     6096896 kB
DirectMap1G:     4194304 kB
---SNAPSHOT---
2026-04-27 16:03:23
MemTotal:        8129240 kB
MemFree:         3789276 kB
MemAvailable:    3988668 kB
Buffers:            6284 kB
Cached:           312168 kB
SwapCached:       134736 kB
Active:          3030900 kB
Inactive:         706088 kB
Active(anon):    2925620 kB
Inactive(anon):   548892 kB
Active(file):     105280 kB
Inactive(file):   157196 kB
Unevictable:          16 kB
Mlocked:              16 kB
SwapTotal:       4194300 kB
SwapFree:        4059564 kB
Zswap:                 0 kB
Zswapped:              0 kB
Dirty:               128 kB
Writeback:         10924 kB
AnonPages:       3286308 kB
Mapped:           263996 kB
Shmem:             55972 kB
KReclaimable:      53812 kB
Slab:             281368 kB
SReclaimable:      53812 kB
SUnreclaim:       227556 kB
KernelStack:       18224 kB
PageTables:        49084 kB
SecPageTables:         0 kB
NFS_Unstable:          0 kB
Bounce:                0 kB
WritebackTmp:          0 kB
CommitLimit:     8258920 kB
Committed_AS:   11355376 kB
VmallocTotal:   34359738367 kB
VmallocUsed:       46488 kB
VmallocChunk:          0 kB
Percpu:            13280 kB
HardwareCorrupted:     0 kB
AnonHugePages:    192512 kB
ShmemHugePages:        0 kB
ShmemPmdMapped:        0 kB
FileHugePages:         0 kB
FilePmdMapped:         0 kB
CmaTotal:              0 kB
CmaFree:               0 kB
Unaccepted:            0 kB
Balloon:               0 kB
HugePages_Total:       0
HugePages_Free:        0
HugePages_Rsvd:        0
HugePages_Surp:        0
Hugepagesize:       2048 kB
Hugetlb:               0 kB
DirectMap4k:      194432 kB
DirectMap2M:     6096896 kB
DirectMap1G:     4194304 kB
---SNAPSHOT---
2026-04-27 16:03:25
MemTotal:        8129240 kB
MemFree:         3456856 kB
MemAvailable:    3656256 kB
Buffers:            6292 kB
Cached:           312168 kB
SwapCached:       359636 kB
Active:          3130048 kB
Inactive:         936680 kB
Active(anon):    3024768 kB
Inactive(anon):   779476 kB
Active(file):     105280 kB
Inactive(file):   157204 kB
Unevictable:          16 kB
Mlocked:              16 kB
SwapTotal:       4194300 kB
SwapFree:        3834616 kB
Zswap:                 0 kB
Zswapped:              0 kB
Dirty:               132 kB
Writeback:          5268 kB
AnonPages:       3391220 kB
Mapped:           264096 kB
Shmem:             55972 kB
KReclaimable:      53812 kB
Slab:             281128 kB
SReclaimable:      53812 kB
SUnreclaim:       227316 kB
KernelStack:       18252 kB
PageTables:        49508 kB
SecPageTables:         0 kB
NFS_Unstable:          0 kB
Bounce:                0 kB
WritebackTmp:          0 kB
CommitLimit:     8258920 kB
Committed_AS:   11355128 kB
VmallocTotal:   34359738367 kB
VmallocUsed:       46472 kB
VmallocChunk:          0 kB
Percpu:            13280 kB
HardwareCorrupted:     0 kB
AnonHugePages:    192512 kB
ShmemHugePages:        0 kB
ShmemPmdMapped:        0 kB
FileHugePages:         0 kB
FilePmdMapped:         0 kB
CmaTotal:              0 kB
CmaFree:               0 kB
Unaccepted:            0 kB
Balloon:               0 kB
HugePages_Total:       0
HugePages_Free:        0
HugePages_Rsvd:        0
HugePages_Surp:        0
Hugepagesize:       2048 kB
Hugetlb:               0 kB
DirectMap4k:      194432 kB
DirectMap2M:     6096896 kB
DirectMap1G:     4194304 kB
---SNAPSHOT---
2026-04-27 16:03:26
MemTotal:        8129240 kB
MemFree:         4079044 kB
MemAvailable:    4278456 kB
Buffers:            6292 kB
Cached:           312180 kB
SwapCached:       425040 kB
Active:          2461908 kB
Inactive:         995508 kB
Active(anon):    2356628 kB
Inactive(anon):   838292 kB
Active(file):     105280 kB
Inactive(file):   157216 kB
Unevictable:          16 kB
Mlocked:              16 kB
SwapTotal:       4194300 kB
SwapFree:        3769260 kB
Zswap:                 0 kB
Zswapped:              0 kB
Dirty:               140 kB
Writeback:         12004 kB
AnonPages:       2716392 kB
Mapped:           263996 kB
Shmem:             55972 kB
KReclaimable:      53812 kB
Slab:             281456 kB
SReclaimable:      53812 kB
SUnreclaim:       227644 kB
KernelStack:       18252 kB
PageTables:        48652 kB
SecPageTables:         0 kB
NFS_Unstable:          0 kB
Bounce:                0 kB
WritebackTmp:          0 kB
CommitLimit:     8258920 kB
Committed_AS:   11354984 kB
VmallocTotal:   34359738367 kB
VmallocUsed:       46456 kB
VmallocChunk:          0 kB
Percpu:            13280 kB
HardwareCorrupted:     0 kB
AnonHugePages:    192512 kB
ShmemHugePages:        0 kB
ShmemPmdMapped:        0 kB
FileHugePages:         0 kB
FilePmdMapped:         0 kB
CmaTotal:              0 kB
CmaFree:               0 kB
Unaccepted:            0 kB
Balloon:               0 kB
HugePages_Total:       0
HugePages_Free:        0
HugePages_Rsvd:        0
HugePages_Surp:        0
Hugepagesize:       2048 kB
Hugetlb:               0 kB
DirectMap4k:      194432 kB
DirectMap2M:     6096896 kB
DirectMap1G:     4194304 kB
---SNAPSHOT---
2026-04-27 16:03:27
MemTotal:        8129240 kB
MemFree:         3376728 kB
MemAvailable:    3576144 kB
Buffers:            6292 kB
Cached:           312184 kB
SwapCached:       440400 kB
Active:          3164976 kB
Inactive:        1001028 kB
Active(anon):    3059696 kB
Inactive(anon):   843808 kB
Active(file):     105280 kB
Inactive(file):   157220 kB
Unevictable:          16 kB
Mlocked:              16 kB
SwapTotal:       4194300 kB
SwapFree:        3753900 kB
Zswap:                 0 kB
Zswapped:              0 kB
Dirty:               144 kB
Writeback:         21676 kB
AnonPages:       3409720 kB
Mapped:           263996 kB
Shmem:             55972 kB
KReclaimable:      53812 kB
Slab:             282008 kB
SReclaimable:      53812 kB
SUnreclaim:       228196 kB
KernelStack:       18284 kB
PageTables:        49516 kB
SecPageTables:         0 kB
NFS_Unstable:          0 kB
Bounce:                0 kB
WritebackTmp:          0 kB
CommitLimit:     8258920 kB
Committed_AS:   11354996 kB
VmallocTotal:   34359738367 kB
VmallocUsed:       46488 kB
VmallocChunk:          0 kB
Percpu:            13280 kB
HardwareCorrupted:     0 kB
AnonHugePages:    192512 kB
ShmemHugePages:        0 kB
ShmemPmdMapped:        0 kB
FileHugePages:         0 kB
FilePmdMapped:         0 kB
CmaTotal:              0 kB
CmaFree:               0 kB
Unaccepted:            0 kB
Balloon:               0 kB
HugePages_Total:       0
HugePages_Free:        0
HugePages_Rsvd:        0
HugePages_Surp:        0
Hugepagesize:       2048 kB
Hugetlb:               0 kB
DirectMap4k:      194432 kB
DirectMap2M:     6096896 kB
DirectMap1G:     4194304 kB
---SNAPSHOT---
2026-04-27 16:03:28
MemTotal:        8129240 kB
MemFree:         3318084 kB
MemAvailable:    3517504 kB
Buffers:            6292 kB
Cached:           312188 kB
SwapCached:       440400 kB
Active:          3210872 kB
Inactive:        1006816 kB
Active(anon):    3105592 kB
Inactive(anon):   849592 kB
Active(file):     105280 kB
Inactive(file):   157224 kB
Unevictable:          16 kB
Mlocked:              16 kB
SwapTotal:       4194300 kB
SwapFree:        3753900 kB
Zswap:                 0 kB
Zswapped:              0 kB
Dirty:               148 kB
Writeback:         15932 kB
AnonPages:       3461288 kB
Mapped:           263996 kB
Shmem:             55972 kB
KReclaimable:      53812 kB
Slab:             281624 kB
SReclaimable:      53812 kB
SUnreclaim:       227812 kB
KernelStack:       18224 kB
PageTables:        49420 kB
SecPageTables:         0 kB
NFS_Unstable:          0 kB
Bounce:                0 kB
WritebackTmp:          0 kB
CommitLimit:     8258920 kB
Committed_AS:   11355132 kB
VmallocTotal:   34359738367 kB
VmallocUsed:       46488 kB
VmallocChunk:          0 kB
Percpu:            13280 kB
HardwareCorrupted:     0 kB
AnonHugePages:    192512 kB
ShmemHugePages:        0 kB
ShmemPmdMapped:        0 kB
FileHugePages:         0 kB
FilePmdMapped:         0 kB
CmaTotal:              0 kB
CmaFree:               0 kB
Unaccepted:            0 kB
Balloon:               0 kB
HugePages_Total:       0
HugePages_Free:        0
HugePages_Rsvd:        0
HugePages_Surp:        0
Hugepagesize:       2048 kB
Hugetlb:               0 kB
DirectMap4k:      194432 kB
DirectMap2M:     6096896 kB
DirectMap1G:     4194304 kB
---SNAPSHOT---
2026-04-27 16:03:29
MemTotal:        8129240 kB
MemFree:         3979300 kB
MemAvailable:    4178724 kB
Buffers:            6296 kB
Cached:           312196 kB
SwapCached:       440400 kB
Active:          2559564 kB
Inactive:        1011020 kB
Active(anon):    2454284 kB
Inactive(anon):   853792 kB
Active(file):     105280 kB
Inactive(file):   157228 kB
Unevictable:          16 kB
Mlocked:              16 kB
SwapTotal:       4194300 kB
SwapFree:        3753900 kB
Zswap:                 0 kB
Zswapped:              0 kB
Dirty:               156 kB
Writeback:         11948 kB
AnonPages:       2813956 kB
Mapped:           263996 kB
Shmem:             55972 kB
KReclaimable:      53812 kB
Slab:             281416 kB
SReclaimable:      53812 kB
SUnreclaim:       227604 kB
KernelStack:       18208 kB
PageTables:        49840 kB
SecPageTables:         0 kB
NFS_Unstable:          0 kB
Bounce:                0 kB
WritebackTmp:          0 kB
CommitLimit:     8258920 kB
Committed_AS:   11354744 kB
VmallocTotal:   34359738367 kB
VmallocUsed:       46504 kB
VmallocChunk:          0 kB
Percpu:            13280 kB
HardwareCorrupted:     0 kB
AnonHugePages:    192512 kB
ShmemHugePages:        0 kB
ShmemPmdMapped:        0 kB
FileHugePages:         0 kB
FilePmdMapped:         0 kB
CmaTotal:              0 kB
CmaFree:               0 kB
Unaccepted:            0 kB
Balloon:               0 kB
HugePages_Total:       0
HugePages_Free:        0
HugePages_Rsvd:        0
HugePages_Surp:        0
Hugepagesize:       2048 kB
Hugetlb:               0 kB
DirectMap4k:      194432 kB
DirectMap2M:     6096896 kB
DirectMap1G:     4194304 kB
---SNAPSHOT---
2026-04-27 16:03:30
MemTotal:        8129240 kB
MemFree:         3315720 kB
MemAvailable:    3515280 kB
Buffers:            6432 kB
Cached:           312192 kB
SwapCached:       459344 kB
Active:          3207092 kB
Inactive:        1026500 kB
Active(anon):    3101812 kB
Inactive(anon):   869136 kB
Active(file):     105280 kB
Inactive(file):   157364 kB
Unevictable:          16 kB
Mlocked:              16 kB
SwapTotal:       4194300 kB
SwapFree:        3734956 kB
Zswap:                 0 kB
Zswapped:              0 kB
Dirty:               160 kB
Writeback:         15420 kB
AnonPages:       3457616 kB
Mapped:           263996 kB
Shmem:             55972 kB
KReclaimable:      53812 kB
Slab:             281528 kB
SReclaimable:      53812 kB
SUnreclaim:       227716 kB
KernelStack:       18268 kB
PageTables:        50768 kB
SecPageTables:         0 kB
NFS_Unstable:          0 kB
Bounce:                0 kB
WritebackTmp:          0 kB
CommitLimit:     8258920 kB
Committed_AS:   11354984 kB
VmallocTotal:   34359738367 kB
VmallocUsed:       46488 kB
VmallocChunk:          0 kB
Percpu:            13280 kB
HardwareCorrupted:     0 kB
AnonHugePages:    192512 kB
ShmemHugePages:        0 kB
ShmemPmdMapped:        0 kB
FileHugePages:         0 kB
FilePmdMapped:         0 kB
CmaTotal:              0 kB
CmaFree:               0 kB
Unaccepted:            0 kB
Balloon:               0 kB
HugePages_Total:       0
HugePages_Free:        0
HugePages_Rsvd:        0
HugePages_Surp:        0
Hugepagesize:       2048 kB
Hugetlb:               0 kB
DirectMap4k:      194432 kB
DirectMap2M:     6096896 kB
DirectMap1G:     4194304 kB
---SNAPSHOT---
2026-04-27 16:03:31
MemTotal:        8129240 kB
MemFree:         3349884 kB
MemAvailable:    3549460 kB
Buffers:            6432 kB
Cached:           312208 kB
SwapCached:       469588 kB
Active:          3161620 kB
Inactive:        1034148 kB
Active(anon):    3056340 kB
Inactive(anon):   876768 kB
Active(file):     105280 kB
Inactive(file):   157380 kB
Unevictable:          16 kB
Mlocked:              16 kB
SwapTotal:       4194300 kB
SwapFree:        3724712 kB
Zswap:                 0 kB
Zswapped:              0 kB
Dirty:               168 kB
Writeback:         17980 kB
AnonPages:       3411304 kB
Mapped:           263996 kB
Shmem:             55972 kB
KReclaimable:      53812 kB
Slab:             281864 kB
SReclaimable:      53812 kB
SUnreclaim:       228052 kB
KernelStack:       18224 kB
PageTables:        50336 kB
SecPageTables:         0 kB
NFS_Unstable:          0 kB
Bounce:                0 kB
WritebackTmp:          0 kB
CommitLimit:     8258920 kB
Committed_AS:   11354648 kB
VmallocTotal:   34359738367 kB
VmallocUsed:       46488 kB
VmallocChunk:          0 kB
Percpu:            13280 kB
HardwareCorrupted:     0 kB
AnonHugePages:    192512 kB
ShmemHugePages:        0 kB
ShmemPmdMapped:        0 kB
FileHugePages:         0 kB
FilePmdMapped:         0 kB
CmaTotal:              0 kB
CmaFree:               0 kB
Unaccepted:            0 kB
Balloon:               0 kB
HugePages_Total:       0
HugePages_Free:        0
HugePages_Rsvd:        0
HugePages_Surp:        0
Hugepagesize:       2048 kB
Hugetlb:               0 kB
DirectMap4k:      194432 kB
DirectMap2M:     6096896 kB
DirectMap1G:     4194304 kB
---SNAPSHOT---
2026-04-27 16:03:32
MemTotal:        8129240 kB
MemFree:         3521324 kB
MemAvailable:    3720908 kB
Buffers:            6432 kB
Cached:           312212 kB
SwapCached:       469588 kB
Active:          2962884 kB
Inactive:        1037188 kB
Active(anon):    2857604 kB
Inactive(anon):   879800 kB
Active(file):     105280 kB
Inactive(file):   157388 kB
Unevictable:          16 kB
Mlocked:              16 kB
SwapTotal:       4194300 kB
SwapFree:        3724712 kB
Zswap:                 0 kB
Zswapped:              0 kB
Dirty:               172 kB
Writeback:         14912 kB
AnonPages:       3215564 kB
Mapped:           263996 kB
Shmem:             55972 kB
KReclaimable:      53812 kB
Slab:             281548 kB
SReclaimable:      53812 kB
SUnreclaim:       227736 kB
KernelStack:       18208 kB
PageTables:        49572 kB
SecPageTables:         0 kB
NFS_Unstable:          0 kB
Bounce:                0 kB
WritebackTmp:          0 kB
CommitLimit:     8258920 kB
Committed_AS:   11354876 kB
VmallocTotal:   34359738367 kB
VmallocUsed:       46488 kB
VmallocChunk:          0 kB
Percpu:            13280 kB
HardwareCorrupted:     0 kB
AnonHugePages:    192512 kB
ShmemHugePages:        0 kB
ShmemPmdMapped:        0 kB
FileHugePages:         0 kB
FilePmdMapped:         0 kB
CmaTotal:              0 kB
CmaFree:               0 kB
Unaccepted:            0 kB
Balloon:               0 kB
HugePages_Total:       0
HugePages_Free:        0
HugePages_Rsvd:        0
HugePages_Surp:        0
Hugepagesize:       2048 kB
Hugetlb:               0 kB
DirectMap4k:      194432 kB
DirectMap2M:     6096896 kB
DirectMap1G:     4194304 kB
---SNAPSHOT---
2026-04-27 16:03:33
MemTotal:        8129240 kB
MemFree:         3507104 kB
MemAvailable:    3706688 kB
Buffers:            6432 kB
Cached:           312216 kB
SwapCached:       469588 kB
Active:          2876300 kB
Inactive:        1041320 kB
Active(anon):    2771020 kB
Inactive(anon):   883932 kB
Active(file):     105280 kB
Inactive(file):   157388 kB
Unevictable:          16 kB
Mlocked:              16 kB
SwapTotal:       4194300 kB
SwapFree:        3724712 kB
Zswap:                 0 kB
Zswapped:              0 kB
Dirty:               176 kB
Writeback:         10760 kB
AnonPages:       3096752 kB
Mapped:           263996 kB
Shmem:             55972 kB
KReclaimable:      53812 kB
Slab:             281256 kB
SReclaimable:      53812 kB
SUnreclaim:       227444 kB
KernelStack:       18284 kB
PageTables:        50788 kB
SecPageTables:         0 kB
NFS_Unstable:          0 kB
Bounce:                0 kB
WritebackTmp:          0 kB
CommitLimit:     8258920 kB
Committed_AS:   11355128 kB
VmallocTotal:   34359738367 kB
VmallocUsed:       46520 kB
VmallocChunk:          0 kB
Percpu:            13280 kB
HardwareCorrupted:     0 kB
AnonHugePages:    192512 kB
ShmemHugePages:        0 kB
ShmemPmdMapped:        0 kB
FileHugePages:         0 kB
FilePmdMapped:         0 kB
CmaTotal:              0 kB
CmaFree:               0 kB
Unaccepted:            0 kB
Balloon:               0 kB
HugePages_Total:       0
HugePages_Free:        0
HugePages_Rsvd:        0
HugePages_Surp:        0
Hugepagesize:       2048 kB
Hugetlb:               0 kB
DirectMap4k:      194432 kB
DirectMap2M:     6096896 kB
DirectMap1G:     4194304 kB
---SNAPSHOT---
2026-04-27 16:03:34
MemTotal:        8129240 kB
MemFree:         3206748 kB
MemAvailable:    3406340 kB
Buffers:            6432 kB
Cached:           312224 kB
SwapCached:       469752 kB
Active:          3238944 kB
Inactive:        1044348 kB
Active(anon):    3133664 kB
Inactive(anon):   886952 kB
Active(file):     105280 kB
Inactive(file):   157396 kB
Unevictable:          16 kB
Mlocked:              16 kB
SwapTotal:       4194300 kB
SwapFree:        3724548 kB
Zswap:                 0 kB
Zswapped:              0 kB
Dirty:               184 kB
Writeback:          7964 kB
AnonPages:       3498856 kB
Mapped:           263996 kB
Shmem:             55972 kB
KReclaimable:      53812 kB
Slab:             281136 kB
SReclaimable:      53812 kB
SUnreclaim:       227324 kB
KernelStack:       18224 kB
PageTables:        50180 kB
SecPageTables:         0 kB
NFS_Unstable:          0 kB
Bounce:                0 kB
WritebackTmp:          0 kB
CommitLimit:     8258920 kB
Committed_AS:   11354648 kB
VmallocTotal:   34359738367 kB
VmallocUsed:       46520 kB
VmallocChunk:          0 kB
Percpu:            13280 kB
HardwareCorrupted:     0 kB
AnonHugePages:    192512 kB
ShmemHugePages:        0 kB
ShmemPmdMapped:        0 kB
FileHugePages:         0 kB
FilePmdMapped:         0 kB
CmaTotal:              0 kB
CmaFree:               0 kB
Unaccepted:            0 kB
Balloon:               0 kB
HugePages_Total:       0
HugePages_Free:        0
HugePages_Rsvd:        0
HugePages_Surp:        0
Hugepagesize:       2048 kB
Hugetlb:               0 kB
DirectMap4k:      194432 kB
DirectMap2M:     6096896 kB
DirectMap1G:     4194304 kB
---SNAPSHOT---
2026-04-27 16:03:35
MemTotal:        8129240 kB
MemFree:         3183368 kB
MemAvailable:    3382972 kB
Buffers:            6440 kB
Cached:           312224 kB
SwapCached:       471428 kB
Active:          3305176 kB
Inactive:        1051632 kB
Active(anon):    3199896 kB
Inactive(anon):   894224 kB
Active(file):     105280 kB
Inactive(file):   157408 kB
Unevictable:          16 kB
Mlocked:              16 kB
SwapTotal:       4194300 kB
SwapFree:        3722492 kB
Zswap:                 0 kB
Zswapped:              0 kB
Dirty:               188 kB
Writeback:           292 kB
AnonPages:       3570336 kB
Mapped:           264096 kB
Shmem:             55972 kB
KReclaimable:      53812 kB
Slab:             280616 kB
SReclaimable:      53812 kB
SUnreclaim:       226804 kB
KernelStack:       18224 kB
PageTables:        50700 kB
SecPageTables:         0 kB
NFS_Unstable:          0 kB
Bounce:                0 kB
WritebackTmp:          0 kB
CommitLimit:     8258920 kB
Committed_AS:   11355128 kB
VmallocTotal:   34359738367 kB
VmallocUsed:       46488 kB
VmallocChunk:          0 kB
Percpu:            13280 kB
HardwareCorrupted:     0 kB
AnonHugePages:    192512 kB
ShmemHugePages:        0 kB
ShmemPmdMapped:        0 kB
FileHugePages:         0 kB
FilePmdMapped:         0 kB
CmaTotal:              0 kB
CmaFree:               0 kB
Unaccepted:            0 kB
Balloon:               0 kB
HugePages_Total:       0
HugePages_Free:        0
HugePages_Rsvd:        0
HugePages_Surp:        0
Hugepagesize:       2048 kB
Hugetlb:               0 kB
DirectMap4k:      194432 kB
DirectMap2M:     6096896 kB
DirectMap1G:     4194304 kB
---SNAPSHOT---
2026-04-27 16:03:36
MemTotal:        8129240 kB
MemFree:         3395992 kB
MemAvailable:    3595608 kB
Buffers:            6440 kB
Cached:           312236 kB
SwapCached:       674832 kB
Active:          2870276 kB
Inactive:        1255556 kB
Active(anon):    2764996 kB
Inactive(anon):  1098136 kB
Active(file):     105280 kB
Inactive(file):   157420 kB
Unevictable:          16 kB
Mlocked:              16 kB
SwapTotal:       4194300 kB
SwapFree:        3519216 kB
Zswap:                 0 kB
Zswapped:              0 kB
Dirty:               200 kB
Writeback:           452 kB
AnonPages:       3137160 kB
Mapped:           264012 kB
Shmem:             55972 kB
KReclaimable:      53812 kB
Slab:             280600 kB
SReclaimable:      53812 kB
SUnreclaim:       226788 kB
KernelStack:       18284 kB
PageTables:        50288 kB
SecPageTables:         0 kB
NFS_Unstable:          0 kB
Bounce:                0 kB
WritebackTmp:          0 kB
CommitLimit:     8258920 kB
Committed_AS:   11355128 kB
VmallocTotal:   34359738367 kB
VmallocUsed:       46520 kB
VmallocChunk:          0 kB
Percpu:            13280 kB
HardwareCorrupted:     0 kB
AnonHugePages:    192512 kB
ShmemHugePages:        0 kB
ShmemPmdMapped:        0 kB
FileHugePages:         0 kB
FilePmdMapped:         0 kB
CmaTotal:              0 kB
CmaFree:               0 kB
Unaccepted:            0 kB
Balloon:               0 kB
HugePages_Total:       0
HugePages_Free:        0
HugePages_Rsvd:        0
HugePages_Surp:        0
Hugepagesize:       2048 kB
Hugetlb:               0 kB
DirectMap4k:      194432 kB
DirectMap2M:     6096896 kB
DirectMap1G:     4194304 kB
---SNAPSHOT---
2026-04-27 16:03:37
MemTotal:        8129240 kB
MemFree:         3617728 kB
MemAvailable:    3817348 kB
Buffers:            6440 kB
Cached:           312240 kB
SwapCached:       882052 kB
Active:          2427780 kB
Inactive:        1462608 kB
Active(anon):    2322500 kB
Inactive(anon):  1305184 kB
Active(file):     105280 kB
Inactive(file):   157424 kB
Unevictable:          16 kB
Mlocked:              16 kB
SwapTotal:       4194300 kB
SwapFree:        3312004 kB
Zswap:                 0 kB
Zswapped:              0 kB
Dirty:               160 kB
Writeback:           128 kB
AnonPages:       2695116 kB
Mapped:           263996 kB
Shmem:             55972 kB
KReclaimable:      53812 kB
Slab:             280620 kB
SReclaimable:      53812 kB
SUnreclaim:       226808 kB
KernelStack:       18268 kB
PageTables:        49776 kB
SecPageTables:         0 kB
NFS_Unstable:          0 kB
Bounce:                0 kB
WritebackTmp:          0 kB
CommitLimit:     8258920 kB
Committed_AS:   11355108 kB
VmallocTotal:   34359738367 kB
VmallocUsed:       46536 kB
VmallocChunk:          0 kB
Percpu:            13280 kB
HardwareCorrupted:     0 kB
AnonHugePages:    192512 kB
ShmemHugePages:        0 kB
ShmemPmdMapped:        0 kB
FileHugePages:         0 kB
FilePmdMapped:         0 kB
CmaTotal:              0 kB
CmaFree:               0 kB
Unaccepted:            0 kB
Balloon:               0 kB
HugePages_Total:       0
HugePages_Free:        0
HugePages_Rsvd:        0
HugePages_Surp:        0
Hugepagesize:       2048 kB
Hugetlb:               0 kB
DirectMap4k:      194432 kB
DirectMap2M:     6096896 kB
DirectMap1G:     4194304 kB
---SNAPSHOT---
2026-04-27 16:03:38
MemTotal:        8129240 kB
MemFree:         4250368 kB
MemAvailable:    4449992 kB
Buffers:            6440 kB
Cached:           312244 kB
SwapCached:        37520 kB
Active:          2642036 kB
Inactive:         620292 kB
Active(anon):    2536756 kB
Inactive(anon):   462864 kB
Active(file):     105280 kB
Inactive(file):   157428 kB
Unevictable:          16 kB
Mlocked:              16 kB
SwapTotal:       4194300 kB
SwapFree:        4156848 kB
Zswap:                 0 kB
Zswapped:              0 kB
Dirty:               164 kB
Writeback:             0 kB
AnonPages:       2905872 kB
Mapped:           263996 kB
Shmem:             55972 kB
KReclaimable:      53812 kB
Slab:             280568 kB
SReclaimable:      53812 kB
SUnreclaim:       226756 kB
KernelStack:       18224 kB
PageTables:        48568 kB
SecPageTables:         0 kB
NFS_Unstable:          0 kB
Bounce:                0 kB
WritebackTmp:          0 kB
CommitLimit:     8258920 kB
Committed_AS:   11355108 kB
VmallocTotal:   34359738367 kB
VmallocUsed:       46456 kB
VmallocChunk:          0 kB
Percpu:            13280 kB
HardwareCorrupted:     0 kB
AnonHugePages:    192512 kB
ShmemHugePages:        0 kB
ShmemPmdMapped:        0 kB
FileHugePages:         0 kB
FilePmdMapped:         0 kB
CmaTotal:              0 kB
CmaFree:               0 kB
Unaccepted:            0 kB
Balloon:               0 kB
HugePages_Total:       0
HugePages_Free:        0
HugePages_Rsvd:        0
HugePages_Surp:        0
Hugepagesize:       2048 kB
Hugetlb:               0 kB
DirectMap4k:      194432 kB
DirectMap2M:     6096896 kB
DirectMap1G:     4194304 kB
---SNAPSHOT---
2026-04-27 16:03:39
MemTotal:        8129240 kB
MemFree:         4064800 kB
MemAvailable:    4264428 kB
Buffers:            6448 kB
Cached:           312244 kB
SwapCached:        37452 kB
Active:          2822772 kB
Inactive:         620100 kB
Active(anon):    2717492 kB
Inactive(anon):   462668 kB
Active(file):     105280 kB
Inactive(file):   157432 kB
Unevictable:          16 kB
Mlocked:              16 kB
SwapTotal:       4194300 kB
SwapFree:        4156848 kB
Zswap:                 0 kB
Zswapped:              0 kB
Dirty:               172 kB
Writeback:             0 kB
AnonPages:       3086856 kB
Mapped:           263996 kB
Shmem:             55972 kB
KReclaimable:      53812 kB
Slab:             280560 kB
SReclaimable:      53812 kB
SUnreclaim:       226748 kB
KernelStack:       18224 kB
PageTables:        48732 kB
SecPageTables:         0 kB
NFS_Unstable:          0 kB
Bounce:                0 kB
WritebackTmp:          0 kB
CommitLimit:     8258920 kB
Committed_AS:   11355128 kB
VmallocTotal:   34359738367 kB
VmallocUsed:       46408 kB
VmallocChunk:          0 kB
Percpu:            13280 kB
HardwareCorrupted:     0 kB
AnonHugePages:    192512 kB
ShmemHugePages:        0 kB
ShmemPmdMapped:        0 kB
FileHugePages:         0 kB
FilePmdMapped:         0 kB
CmaTotal:              0 kB
CmaFree:               0 kB
Unaccepted:            0 kB
Balloon:               0 kB
HugePages_Total:       0
HugePages_Free:        0
HugePages_Rsvd:        0
HugePages_Surp:        0
Hugepagesize:       2048 kB
Hugetlb:               0 kB
DirectMap4k:      194432 kB
DirectMap2M:     6096896 kB
DirectMap1G:     4194304 kB
---SNAPSHOT---
2026-04-27 16:03:40
MemTotal:        8129240 kB
MemFree:         3870432 kB
MemAvailable:    4070076 kB
Buffers:            6448 kB
Cached:           312256 kB
SwapCached:        37452 kB
Active:          3022340 kB
Inactive:         620116 kB
Active(anon):    2917060 kB
Inactive(anon):   462668 kB
Active(file):     105280 kB
Inactive(file):   157448 kB
Unevictable:          16 kB
Mlocked:              16 kB
SwapTotal:       4194300 kB
SwapFree:        4156848 kB
Zswap:                 0 kB
Zswapped:              0 kB
Dirty:               180 kB
Writeback:             0 kB
AnonPages:       3286556 kB
Mapped:           263996 kB
Shmem:             55972 kB
KReclaimable:      53812 kB
Slab:             280560 kB
SReclaimable:      53812 kB
SUnreclaim:       226748 kB
KernelStack:       18224 kB
PageTables:        49172 kB
SecPageTables:         0 kB
NFS_Unstable:          0 kB
Bounce:                0 kB
WritebackTmp:          0 kB
CommitLimit:     8258920 kB
Committed_AS:   11354876 kB
VmallocTotal:   34359738367 kB
VmallocUsed:       46424 kB
VmallocChunk:          0 kB
Percpu:            13280 kB
HardwareCorrupted:     0 kB
AnonHugePages:    192512 kB
ShmemHugePages:        0 kB
ShmemPmdMapped:        0 kB
FileHugePages:         0 kB
FilePmdMapped:         0 kB
CmaTotal:              0 kB
CmaFree:               0 kB
Unaccepted:            0 kB
Balloon:               0 kB
HugePages_Total:       0
HugePages_Free:        0
HugePages_Rsvd:        0
HugePages_Surp:        0
Hugepagesize:       2048 kB
Hugetlb:               0 kB
DirectMap4k:      194432 kB
DirectMap2M:     6096896 kB
DirectMap1G:     4194304 kB
---SNAPSHOT---
2026-04-27 16:03:41
MemTotal:        8129240 kB
MemFree:         4013260 kB
MemAvailable:    4212916 kB
Buffers:            6448 kB
Cached:           312268 kB
SwapCached:        37452 kB
Active:          2888748 kB
Inactive:         620128 kB
Active(anon):    2783468 kB
Inactive(anon):   462668 kB
Active(file):     105280 kB
Inactive(file):   157460 kB
Unevictable:          16 kB
Mlocked:              16 kB
SwapTotal:       4194300 kB
SwapFree:        4156848 kB
Zswap:                 0 kB
Zswapped:              0 kB
Dirty:               192 kB
Writeback:             0 kB
AnonPages:       3152628 kB
Mapped:           263996 kB
Shmem:             55972 kB
KReclaimable:      53812 kB
Slab:             280560 kB
SReclaimable:      53812 kB
SUnreclaim:       226748 kB
KernelStack:       18180 kB
PageTables:        48200 kB
SecPageTables:         0 kB
NFS_Unstable:          0 kB
Bounce:                0 kB
WritebackTmp:          0 kB
CommitLimit:     8258920 kB
