---SNAPSHOT---
2026-04-27 14:51:32
MemTotal:        8129240 kB
MemFree:         4729552 kB
MemAvailable:    4932508 kB
Buffers:            6244 kB
Cached:           295300 kB
SwapCached:        80928 kB
Active:          2042608 kB
Inactive:         625120 kB
Active(anon):    1940680 kB
Inactive(anon):   462840 kB
Active(file):     101928 kB
Inactive(file):   162280 kB
Unevictable:           0 kB
Mlocked:               0 kB
SwapTotal:       4194300 kB
SwapFree:        3975856 kB
Zswap:                 0 kB
Zswapped:              0 kB
Dirty:               456 kB
Writeback:             0 kB
AnonPages:       2288512 kB
Mapped:           252068 kB
Shmem:             37300 kB
KReclaimable:      55644 kB
Slab:             283580 kB
SReclaimable:      55644 kB
SUnreclaim:       227936 kB
KernelStack:       18788 kB
PageTables:        56440 kB
SecPageTables:         0 kB
NFS_Unstable:          0 kB
Bounce:                0 kB
WritebackTmp:          0 kB
CommitLimit:     8258920 kB
Committed_AS:    9376324 kB
VmallocTotal:   34359738367 kB
VmallocUsed:       47016 kB
VmallocChunk:          0 kB
Percpu:            13280 kB
HardwareCorrupted:     0 kB
AnonHugePages:    374784 kB
ShmemHugePages:        0 kB
ShmemPmdMapped:        0 kB
FileHugePages:         0 kB
FilePmdMapped:         0 kB
CmaTotal:              0 kB
CmaFree:               0 kB
Unaccepted:            0 kB
Balloon:               0 kB
HugePages_Total:       0
HugePages_Free:        0
HugePages_Rsvd:        0
HugePages_Surp:        0
Hugepagesize:       2048 kB
Hugetlb:               0 kB
DirectMap4k:      194432 kB
DirectMap2M:     6096896 kB
DirectMap1G:     4194304 kB
---SNAPSHOT---
2026-04-27 14:51:33
MemTotal:        8129240 kB
MemFree:         4734228 kB
MemAvailable:    4937620 kB
Buffers:            6252 kB
Cached:           295672 kB
SwapCached:        80928 kB
Active:          2042996 kB
Inactive:         625404 kB
Active(anon):    1940916 kB
Inactive(anon):   462840 kB
Active(file):     102080 kB
Inactive(file):   162564 kB
Unevictable:           0 kB
Mlocked:               0 kB
SwapTotal:       4194300 kB
SwapFree:        3975856 kB
Zswap:                 0 kB
Zswapped:              0 kB
Dirty:               528 kB
Writeback:             0 kB
AnonPages:       2288656 kB
Mapped:           252116 kB
Shmem:             37300 kB
KReclaimable:      55644 kB
Slab:             283580 kB
SReclaimable:      55644 kB
SUnreclaim:       227936 kB
KernelStack:       18800 kB
PageTables:        56396 kB
SecPageTables:         0 kB
NFS_Unstable:          0 kB
Bounce:                0 kB
WritebackTmp:          0 kB
CommitLimit:     8258920 kB
Committed_AS:    9376372 kB
VmallocTotal:   34359738367 kB
VmallocUsed:       47048 kB
VmallocChunk:          0 kB
Percpu:            13280 kB
HardwareCorrupted:     0 kB
AnonHugePages:    374784 kB
ShmemHugePages:        0 kB
ShmemPmdMapped:        0 kB
FileHugePages:         0 kB
FilePmdMapped:         0 kB
CmaTotal:              0 kB
CmaFree:               0 kB
Unaccepted:            0 kB
Balloon:               0 kB
HugePages_Total:       0
HugePages_Free:        0
HugePages_Rsvd:        0
HugePages_Surp:        0
Hugepagesize:       2048 kB
Hugetlb:               0 kB
DirectMap4k:      194432 kB
DirectMap2M:     6096896 kB
DirectMap1G:     4194304 kB
---SNAPSHOT---
2026-04-27 14:51:34
MemTotal:        8129240 kB
MemFree:         4749968 kB
MemAvailable:    4953380 kB
Buffers:            6252 kB
Cached:           295676 kB
SwapCached:        80928 kB
Active:          2043500 kB
Inactive:         625424 kB
Active(anon):    1941420 kB
Inactive(anon):   462840 kB
Active(file):     102080 kB
Inactive(file):   162584 kB
Unevictable:           0 kB
Mlocked:               0 kB
SwapTotal:       4194300 kB
SwapFree:        3975856 kB
Zswap:                 0 kB
Zswapped:              0 kB
Dirty:               532 kB
Writeback:             0 kB
AnonPages:       2289060 kB
Mapped:           252116 kB
Shmem:             37300 kB
KReclaimable:      55644 kB
Slab:             283484 kB
SReclaimable:      55644 kB
SUnreclaim:       227840 kB
KernelStack:       18816 kB
PageTables:        56724 kB
SecPageTables:         0 kB
NFS_Unstable:          0 kB
Bounce:                0 kB
WritebackTmp:          0 kB
CommitLimit:     8258920 kB
Committed_AS:    9377868 kB
VmallocTotal:   34359738367 kB
VmallocUsed:       47032 kB
VmallocChunk:          0 kB
Percpu:            13280 kB
HardwareCorrupted:     0 kB
AnonHugePages:    374784 kB
ShmemHugePages:        0 kB
ShmemPmdMapped:        0 kB
FileHugePages:         0 kB
FilePmdMapped:         0 kB
CmaTotal:              0 kB
CmaFree:               0 kB
Unaccepted:            0 kB
Balloon:               0 kB
HugePages_Total:       0
HugePages_Free:        0
HugePages_Rsvd:        0
HugePages_Surp:        0
Hugepagesize:       2048 kB
Hugetlb:               0 kB
DirectMap4k:      194432 kB
DirectMap2M:     6096896 kB
DirectMap1G:     4194304 kB
---SNAPSHOT---
2026-04-27 14:51:35
MemTotal:        8129240 kB
MemFree:         4761408 kB
MemAvailable:    4967052 kB
Buffers:            6388 kB
Cached:           297836 kB
SwapCached:        80928 kB
Active:          2045752 kB
Inactive:         625620 kB
Active(anon):    1941636 kB
Inactive(anon):   462840 kB
Active(file):     104116 kB
Inactive(file):   162780 kB
Unevictable:           0 kB
Mlocked:               0 kB
SwapTotal:       4194300 kB
SwapFree:        3975856 kB
Zswap:                 0 kB
Zswapped:              0 kB
Dirty:               540 kB
Writeback:             0 kB
AnonPages:       2289244 kB
Mapped:           252408 kB
Shmem:             37300 kB
KReclaimable:      55644 kB
Slab:             283484 kB
SReclaimable:      55644 kB
SUnreclaim:       227840 kB
KernelStack:       18876 kB
PageTables:        56704 kB
SecPageTables:         0 kB
NFS_Unstable:          0 kB
Bounce:                0 kB
WritebackTmp:          0 kB
CommitLimit:     8258920 kB
Committed_AS:    9384296 kB
VmallocTotal:   34359738367 kB
VmallocUsed:       47096 kB
VmallocChunk:          0 kB
Percpu:            13280 kB
HardwareCorrupted:     0 kB
AnonHugePages:    374784 kB
ShmemHugePages:        0 kB
ShmemPmdMapped:        0 kB
FileHugePages:         0 kB
FilePmdMapped:         0 kB
CmaTotal:              0 kB
CmaFree:               0 kB
Unaccepted:            0 kB
Balloon:               0 kB
HugePages_Total:       0
HugePages_Free:        0
HugePages_Rsvd:        0
HugePages_Surp:        0
Hugepagesize:       2048 kB
Hugetlb:               0 kB
DirectMap4k:      194432 kB
DirectMap2M:     6096896 kB
DirectMap1G:     4194304 kB
---SNAPSHOT---
2026-04-27 14:51:36
MemTotal:        8129240 kB
MemFree:         4289456 kB
MemAvailable:    4505736 kB
Buffers:            6656 kB
Cached:           323720 kB
SwapCached:        80928 kB
Active:          2532692 kB
Inactive:         626044 kB
Active(anon):    2419948 kB
Inactive(anon):   462840 kB
Active(file):     112744 kB
Inactive(file):   163204 kB
Unevictable:          16 kB
Mlocked:              16 kB
SwapTotal:       4194300 kB
SwapFree:        3975856 kB
Zswap:                 0 kB
Zswapped:              0 kB
Dirty:               624 kB
Writeback:             0 kB
AnonPages:       2750624 kB
Mapped:           272964 kB
Shmem:             54444 kB
KReclaimable:      57228 kB
Slab:             285152 kB
SReclaimable:      57228 kB
SUnreclaim:       227924 kB
KernelStack:       18988 kB
PageTables:        57940 kB
SecPageTables:         0 kB
NFS_Unstable:          0 kB
Bounce:                0 kB
WritebackTmp:          0 kB
CommitLimit:     8258920 kB
Committed_AS:   12033256 kB
VmallocTotal:   34359738367 kB
VmallocUsed:       47176 kB
VmallocChunk:          0 kB
Percpu:            13280 kB
HardwareCorrupted:     0 kB
AnonHugePages:    374784 kB
ShmemHugePages:        0 kB
ShmemPmdMapped:        0 kB
FileHugePages:         0 kB
FilePmdMapped:         0 kB
CmaTotal:              0 kB
CmaFree:               0 kB
Unaccepted:            0 kB
Balloon:               0 kB
HugePages_Total:       0
HugePages_Free:        0
HugePages_Rsvd:        0
HugePages_Surp:        0
Hugepagesize:       2048 kB
Hugetlb:               0 kB
DirectMap4k:      194432 kB
DirectMap2M:     6096896 kB
DirectMap1G:     4194304 kB
---SNAPSHOT---
2026-04-27 14:51:37
MemTotal:        8129240 kB
MemFree:         3499984 kB
MemAvailable:    3716276 kB
Buffers:            6656 kB
Cached:           323732 kB
SwapCached:        80928 kB
Active:          3310828 kB
Inactive:         626056 kB
Active(anon):    3198084 kB
Inactive(anon):   462840 kB
Active(file):     112744 kB
Inactive(file):   163216 kB
Unevictable:          16 kB
Mlocked:              16 kB
SwapTotal:       4194300 kB
SwapFree:        3975856 kB
Zswap:                 0 kB
Zswapped:              0 kB
Dirty:               632 kB
Writeback:             0 kB
AnonPages:       3528772 kB
Mapped:           272968 kB
Shmem:             54448 kB
KReclaimable:      57228 kB
Slab:             285188 kB
SReclaimable:      57228 kB
SUnreclaim:       227960 kB
KernelStack:       18988 kB
PageTables:        59568 kB
SecPageTables:         0 kB
NFS_Unstable:          0 kB
Bounce:                0 kB
WritebackTmp:          0 kB
CommitLimit:     8258920 kB
Committed_AS:   12033752 kB
VmallocTotal:   34359738367 kB
VmallocUsed:       47240 kB
VmallocChunk:          0 kB
Percpu:            13280 kB
HardwareCorrupted:     0 kB
AnonHugePages:    374784 kB
ShmemHugePages:        0 kB
ShmemPmdMapped:        0 kB
FileHugePages:         0 kB
FilePmdMapped:         0 kB
CmaTotal:              0 kB
CmaFree:               0 kB
Unaccepted:            0 kB
Balloon:               0 kB
HugePages_Total:       0
HugePages_Free:        0
HugePages_Rsvd:        0
HugePages_Surp:        0
Hugepagesize:       2048 kB
Hugetlb:               0 kB
DirectMap4k:      194432 kB
DirectMap2M:     6096896 kB
DirectMap1G:     4194304 kB
---SNAPSHOT---
2026-04-27 14:51:38
MemTotal:        8129240 kB
MemFree:         2701268 kB
MemAvailable:    2917564 kB
Buffers:            6664 kB
Cached:           323736 kB
SwapCached:        80928 kB
Active:          4149740 kB
Inactive:         626060 kB
Active(anon):    4036996 kB
Inactive(anon):   462840 kB
Active(file):     112744 kB
Inactive(file):   163220 kB
Unevictable:          16 kB
Mlocked:              16 kB
SwapTotal:       4194300 kB
SwapFree:        3975856 kB
Zswap:                 0 kB
Zswapped:              0 kB
Dirty:               636 kB
Writeback:             0 kB
AnonPages:       4367856 kB
Mapped:           272968 kB
Shmem:             54448 kB
KReclaimable:      57228 kB
Slab:             285196 kB
SReclaimable:      57228 kB
SUnreclaim:       227968 kB
KernelStack:       19004 kB
PageTables:        61632 kB
SecPageTables:         0 kB
NFS_Unstable:          0 kB
Bounce:                0 kB
WritebackTmp:          0 kB
CommitLimit:     8258920 kB
Committed_AS:   12033260 kB
VmallocTotal:   34359738367 kB
VmallocUsed:       47224 kB
VmallocChunk:          0 kB
Percpu:            13280 kB
HardwareCorrupted:     0 kB
AnonHugePages:    374784 kB
ShmemHugePages:        0 kB
ShmemPmdMapped:        0 kB
FileHugePages:         0 kB
FilePmdMapped:         0 kB
CmaTotal:              0 kB
CmaFree:               0 kB
Unaccepted:            0 kB
Balloon:               0 kB
HugePages_Total:       0
HugePages_Free:        0
HugePages_Rsvd:        0
HugePages_Surp:        0
Hugepagesize:       2048 kB
Hugetlb:               0 kB
DirectMap4k:      194432 kB
DirectMap2M:     6096896 kB
DirectMap1G:     4194304 kB
---SNAPSHOT---
2026-04-27 14:51:39
MemTotal:        8129240 kB
MemFree:         4305432 kB
MemAvailable:    4521740 kB
Buffers:            6664 kB
Cached:           323740 kB
SwapCached:        80928 kB
Active:          2333296 kB
Inactive:         626072 kB
Active(anon):    2220552 kB
Inactive(anon):   462840 kB
Active(file):     112744 kB
Inactive(file):   163232 kB
Unevictable:          16 kB
Mlocked:              16 kB
SwapTotal:       4194300 kB
SwapFree:        3975856 kB
Zswap:                 0 kB
Zswapped:              0 kB
Dirty:               640 kB
Writeback:             0 kB
AnonPages:       2551304 kB
Mapped:           272968 kB
Shmem:             54448 kB
KReclaimable:      57228 kB
Slab:             285232 kB
SReclaimable:      57228 kB
SUnreclaim:       228004 kB
KernelStack:       19008 kB
PageTables:        58228 kB
SecPageTables:         0 kB
NFS_Unstable:          0 kB
Bounce:                0 kB
WritebackTmp:          0 kB
CommitLimit:     8258920 kB
Committed_AS:   12035252 kB
VmallocTotal:   34359738367 kB
VmallocUsed:       47208 kB
VmallocChunk:          0 kB
Percpu:            13280 kB
HardwareCorrupted:     0 kB
AnonHugePages:    374784 kB
ShmemHugePages:        0 kB
ShmemPmdMapped:        0 kB
FileHugePages:         0 kB
FilePmdMapped:         0 kB
CmaTotal:              0 kB
CmaFree:               0 kB
Unaccepted:            0 kB
Balloon:               0 kB
HugePages_Total:       0
HugePages_Free:        0
HugePages_Rsvd:        0
HugePages_Surp:        0
Hugepagesize:       2048 kB
Hugetlb:               0 kB
DirectMap4k:      194432 kB
DirectMap2M:     6096896 kB
DirectMap1G:     4194304 kB
---SNAPSHOT---
2026-04-27 14:51:40
MemTotal:        8129240 kB
MemFree:         3457660 kB
MemAvailable:    3673976 kB
Buffers:            6664 kB
Cached:           323748 kB
SwapCached:        80928 kB
Active:          3239172 kB
Inactive:         626080 kB
Active(anon):    3126428 kB
Inactive(anon):   462840 kB
Active(file):     112744 kB
Inactive(file):   163240 kB
Unevictable:          16 kB
Mlocked:              16 kB
SwapTotal:       4194300 kB
SwapFree:        3975856 kB
Zswap:                 0 kB
Zswapped:              0 kB
Dirty:               648 kB
Writeback:             0 kB
AnonPages:       3457036 kB
Mapped:           272968 kB
Shmem:             54448 kB
KReclaimable:      57228 kB
Slab:             285188 kB
SReclaimable:      57228 kB
SUnreclaim:       227960 kB
KernelStack:       18944 kB
PageTables:        59704 kB
SecPageTables:         0 kB
NFS_Unstable:          0 kB
Bounce:                0 kB
WritebackTmp:          0 kB
CommitLimit:     8258920 kB
Committed_AS:   12034084 kB
VmallocTotal:   34359738367 kB
VmallocUsed:       47160 kB
VmallocChunk:          0 kB
Percpu:            13280 kB
HardwareCorrupted:     0 kB
AnonHugePages:    374784 kB
ShmemHugePages:        0 kB
ShmemPmdMapped:        0 kB
FileHugePages:         0 kB
FilePmdMapped:         0 kB
CmaTotal:              0 kB
CmaFree:               0 kB
Unaccepted:            0 kB
Balloon:               0 kB
HugePages_Total:       0
HugePages_Free:        0
HugePages_Rsvd:        0
HugePages_Surp:        0
Hugepagesize:       2048 kB
Hugetlb:               0 kB
DirectMap4k:      194432 kB
DirectMap2M:     6096896 kB
DirectMap1G:     4194304 kB
---SNAPSHOT---
2026-04-27 14:51:41
MemTotal:        8129240 kB
MemFree:         2678120 kB
MemAvailable:    2894440 kB
Buffers:            6664 kB
Cached:           323752 kB
SwapCached:        80928 kB
Active:          4165588 kB
Inactive:         626084 kB
Active(anon):    4052844 kB
Inactive(anon):   462840 kB
Active(file):     112744 kB
Inactive(file):   163244 kB
Unevictable:          16 kB
Mlocked:              16 kB
SwapTotal:       4194300 kB
SwapFree:        3975856 kB
Zswap:                 0 kB
Zswapped:              0 kB
Dirty:               652 kB
Writeback:             0 kB
AnonPages:       4383420 kB
Mapped:           272968 kB
Shmem:             54448 kB
KReclaimable:      57228 kB
Slab:             285176 kB
SReclaimable:      57228 kB
SUnreclaim:       227948 kB
KernelStack:       18944 kB
PageTables:        61520 kB
SecPageTables:         0 kB
NFS_Unstable:          0 kB
Bounce:                0 kB
WritebackTmp:          0 kB
CommitLimit:     8258920 kB
Committed_AS:   12033620 kB
VmallocTotal:   34359738367 kB
VmallocUsed:       47128 kB
VmallocChunk:          0 kB
Percpu:            13280 kB
HardwareCorrupted:     0 kB
AnonHugePages:    374784 kB
ShmemHugePages:        0 kB
ShmemPmdMapped:        0 kB
FileHugePages:         0 kB
FilePmdMapped:         0 kB
CmaTotal:              0 kB
CmaFree:               0 kB
Unaccepted:            0 kB
Balloon:               0 kB
HugePages_Total:       0
HugePages_Free:        0
HugePages_Rsvd:        0
HugePages_Surp:        0
Hugepagesize:       2048 kB
Hugetlb:               0 kB
DirectMap4k:      194432 kB
DirectMap2M:     6096896 kB
DirectMap1G:     4194304 kB
---SNAPSHOT---
2026-04-27 14:51:42
MemTotal:        8129240 kB
MemFree:         4290172 kB
MemAvailable:    4506500 kB
Buffers:            6664 kB
Cached:           323760 kB
SwapCached:        80928 kB
Active:          2414680 kB
Inactive:         626092 kB
Active(anon):    2301936 kB
Inactive(anon):   462840 kB
Active(file):     112744 kB
Inactive(file):   163252 kB
Unevictable:          16 kB
Mlocked:              16 kB
SwapTotal:       4194300 kB
SwapFree:        3975856 kB
Zswap:                 0 kB
Zswapped:              0 kB
Dirty:               660 kB
Writeback:             0 kB
AnonPages:       2632968 kB
Mapped:           272968 kB
Shmem:             54448 kB
KReclaimable:      57228 kB
Slab:             285128 kB
SReclaimable:      57228 kB
SUnreclaim:       227900 kB
KernelStack:       19004 kB
PageTables:        59360 kB
SecPageTables:         0 kB
NFS_Unstable:          0 kB
Bounce:                0 kB
WritebackTmp:          0 kB
CommitLimit:     8258920 kB
Committed_AS:   12033352 kB
VmallocTotal:   34359738367 kB
VmallocUsed:       47128 kB
VmallocChunk:          0 kB
Percpu:            13280 kB
HardwareCorrupted:     0 kB
AnonHugePages:    374784 kB
ShmemHugePages:        0 kB
ShmemPmdMapped:        0 kB
FileHugePages:         0 kB
FilePmdMapped:         0 kB
CmaTotal:              0 kB
CmaFree:               0 kB
Unaccepted:            0 kB
Balloon:               0 kB
HugePages_Total:       0
HugePages_Free:        0
HugePages_Rsvd:        0
HugePages_Surp:        0
Hugepagesize:       2048 kB
Hugetlb:               0 kB
DirectMap4k:      194432 kB
DirectMap2M:     6096896 kB
DirectMap1G:     4194304 kB
---SNAPSHOT---
2026-04-27 14:51:44
MemTotal:        8129240 kB
MemFree:         2825780 kB
MemAvailable:    3042500 kB
Buffers:            6672 kB
Cached:           324152 kB
SwapCached:        80928 kB
Active:          4034016 kB
Inactive:         626116 kB
Active(anon):    3920904 kB
Inactive(anon):   462840 kB
Active(file):     113112 kB
Inactive(file):   163276 kB
Unevictable:          16 kB
Mlocked:              16 kB
SwapTotal:       4194300 kB
SwapFree:        3975856 kB
Zswap:                 0 kB
Zswapped:              0 kB
Dirty:               676 kB
Writeback:             0 kB
AnonPages:       4251252 kB
Mapped:           273104 kB
Shmem:             54448 kB
KReclaimable:      57228 kB
Slab:             285092 kB
SReclaimable:      57228 kB
SUnreclaim:       227864 kB
KernelStack:       18784 kB
PageTables:        60436 kB
SecPageTables:         0 kB
NFS_Unstable:          0 kB
Bounce:                0 kB
WritebackTmp:          0 kB
CommitLimit:     8258920 kB
Committed_AS:   11953696 kB
VmallocTotal:   34359738367 kB
VmallocUsed:       46984 kB
VmallocChunk:          0 kB
Percpu:            13280 kB
HardwareCorrupted:     0 kB
AnonHugePages:    374784 kB
ShmemHugePages:        0 kB
ShmemPmdMapped:        0 kB
FileHugePages:         0 kB
FilePmdMapped:         0 kB
CmaTotal:              0 kB
CmaFree:               0 kB
Unaccepted:            0 kB
Balloon:               0 kB
HugePages_Total:       0
HugePages_Free:        0
HugePages_Rsvd:        0
HugePages_Surp:        0
Hugepagesize:       2048 kB
Hugetlb:               0 kB
DirectMap4k:      194432 kB
DirectMap2M:     6096896 kB
DirectMap1G:     4194304 kB
---SNAPSHOT---
2026-04-27 14:51:45
MemTotal:        8129240 kB
MemFree:         4373608 kB
MemAvailable:    4590560 kB
Buffers:            6748 kB
Cached:           324400 kB
SwapCached:        80928 kB
Active:          2336636 kB
Inactive:         626208 kB
Active(anon):    2223384 kB
Inactive(anon):   462840 kB
Active(file):     113252 kB
Inactive(file):   163368 kB
Unevictable:          16 kB
Mlocked:              16 kB
SwapTotal:       4194300 kB
SwapFree:        3975856 kB
Zswap:                 0 kB
Zswapped:              0 kB
Dirty:               684 kB
Writeback:             0 kB
AnonPages:       2553848 kB
Mapped:           273156 kB
Shmem:             54448 kB
KReclaimable:      57228 kB
Slab:             285040 kB
SReclaimable:      57228 kB
SUnreclaim:       227812 kB
KernelStack:       18576 kB
PageTables:        51508 kB
SecPageTables:         0 kB
NFS_Unstable:          0 kB
Bounce:                0 kB
WritebackTmp:          0 kB
CommitLimit:     8258920 kB
Committed_AS:   11666664 kB
VmallocTotal:   34359738367 kB
VmallocUsed:       46856 kB
VmallocChunk:          0 kB
Percpu:            13280 kB
HardwareCorrupted:     0 kB
AnonHugePages:    256000 kB
ShmemHugePages:        0 kB
ShmemPmdMapped:        0 kB
FileHugePages:         0 kB
FilePmdMapped:         0 kB
CmaTotal:              0 kB
CmaFree:               0 kB
Unaccepted:            0 kB
Balloon:               0 kB
HugePages_Total:       0
HugePages_Free:        0
HugePages_Rsvd:        0
HugePages_Surp:        0
Hugepagesize:       2048 kB
Hugetlb:               0 kB
DirectMap4k:      194432 kB
DirectMap2M:     6096896 kB
DirectMap1G:     4194304 kB
---SNAPSHOT---
2026-04-27 14:51:46
MemTotal:        8129240 kB
MemFree:         4192408 kB
MemAvailable:    4409468 kB
Buffers:            6748 kB
Cached:           324408 kB
SwapCached:        80928 kB
Active:          2561728 kB
Inactive:         626216 kB
Active(anon):    2448376 kB
Inactive(anon):   462840 kB
Active(file):     113352 kB
Inactive(file):   163376 kB
Unevictable:          16 kB
Mlocked:              16 kB
SwapTotal:       4194300 kB
SwapFree:        3975856 kB
Zswap:                 0 kB
Zswapped:              0 kB
Dirty:               692 kB
Writeback:             0 kB
AnonPages:       2778632 kB
Mapped:           272928 kB
Shmem:             54448 kB
KReclaimable:      57228 kB
Slab:             285024 kB
SReclaimable:      57228 kB
SUnreclaim:       227796 kB
KernelStack:       18620 kB
PageTables:        51380 kB
SecPageTables:         0 kB
NFS_Unstable:          0 kB
Bounce:                0 kB
WritebackTmp:          0 kB
CommitLimit:     8258920 kB
Committed_AS:   11666892 kB
VmallocTotal:   34359738367 kB
VmallocUsed:       46856 kB
VmallocChunk:          0 kB
Percpu:            13280 kB
HardwareCorrupted:     0 kB
AnonHugePages:    256000 kB
ShmemHugePages:        0 kB
ShmemPmdMapped:        0 kB
FileHugePages:         0 kB
FilePmdMapped:         0 kB
CmaTotal:              0 kB
CmaFree:               0 kB
Unaccepted:            0 kB
Balloon:               0 kB
HugePages_Total:       0
HugePages_Free:        0
HugePages_Rsvd:        0
HugePages_Surp:        0
Hugepagesize:       2048 kB
Hugetlb:               0 kB
DirectMap4k:      194432 kB
DirectMap2M:     6096896 kB
DirectMap1G:     4194304 kB
---SNAPSHOT---
2026-04-27 14:51:47
MemTotal:        8129240 kB
MemFree:         3313348 kB
MemAvailable:    3530416 kB
Buffers:            6748 kB
Cached:           324412 kB
SwapCached:        80928 kB
Active:          3450332 kB
Inactive:         626224 kB
Active(anon):    3336980 kB
Inactive(anon):   462840 kB
Active(file):     113352 kB
Inactive(file):   163384 kB
Unevictable:          16 kB
Mlocked:              16 kB
SwapTotal:       4194300 kB
SwapFree:        3975856 kB
Zswap:                 0 kB
Zswapped:              0 kB
Dirty:               696 kB
Writeback:             0 kB
AnonPages:       3667676 kB
Mapped:           272928 kB
Shmem:             54448 kB
KReclaimable:      57228 kB
Slab:             285004 kB
SReclaimable:      57228 kB
SUnreclaim:       227776 kB
KernelStack:       18576 kB
PageTables:        53000 kB
SecPageTables:         0 kB
NFS_Unstable:          0 kB
Bounce:                0 kB
WritebackTmp:          0 kB
CommitLimit:     8258920 kB
Committed_AS:   11666664 kB
VmallocTotal:   34359738367 kB
VmallocUsed:       46856 kB
VmallocChunk:          0 kB
Percpu:            13280 kB
HardwareCorrupted:     0 kB
AnonHugePages:    256000 kB
ShmemHugePages:        0 kB
ShmemPmdMapped:        0 kB
FileHugePages:         0 kB
FilePmdMapped:         0 kB
CmaTotal:              0 kB
CmaFree:               0 kB
Unaccepted:            0 kB
Balloon:               0 kB
HugePages_Total:       0
HugePages_Free:        0
HugePages_Rsvd:        0
HugePages_Surp:        0
Hugepagesize:       2048 kB
Hugetlb:               0 kB
DirectMap4k:      194432 kB
DirectMap2M:     6096896 kB
DirectMap1G:     4194304 kB
---SNAPSHOT---
2026-04-27 14:51:48
MemTotal:        8129240 kB
MemFree:         4272776 kB
MemAvailable:    4489852 kB
Buffers:            6756 kB
Cached:           324420 kB
SwapCached:        80928 kB
Active:          2514152 kB
Inactive:         626232 kB
Active(anon):    2400800 kB
Inactive(anon):   462840 kB
Active(file):     113352 kB
Inactive(file):   163392 kB
Unevictable:          16 kB
Mlocked:              16 kB
SwapTotal:       4194300 kB
SwapFree:        3975856 kB
Zswap:                 0 kB
Zswapped:              0 kB
Dirty:               752 kB
Writeback:             0 kB
AnonPages:       2731516 kB
Mapped:           272928 kB
Shmem:             54448 kB
KReclaimable:      57228 kB
Slab:             285004 kB
SReclaimable:      57228 kB
SUnreclaim:       227776 kB
KernelStack:       18576 kB
PageTables:        50380 kB
SecPageTables:         0 kB
NFS_Unstable:          0 kB
Bounce:                0 kB
WritebackTmp:          0 kB
CommitLimit:     8258920 kB
Committed_AS:   11666868 kB
VmallocTotal:   34359738367 kB
VmallocUsed:       46840 kB
VmallocChunk:          0 kB
Percpu:            13280 kB
HardwareCorrupted:     0 kB
AnonHugePages:    256000 kB
ShmemHugePages:        0 kB
ShmemPmdMapped:        0 kB
FileHugePages:         0 kB
FilePmdMapped:         0 kB
CmaTotal:              0 kB
CmaFree:               0 kB
Unaccepted:            0 kB
Balloon:               0 kB
HugePages_Total:       0
HugePages_Free:        0
HugePages_Rsvd:        0
HugePages_Surp:        0
Hugepagesize:       2048 kB
Hugetlb:               0 kB
DirectMap4k:      194432 kB
DirectMap2M:     6096896 kB
DirectMap1G:     4194304 kB
---SNAPSHOT---
2026-04-27 14:51:49
MemTotal:        8129240 kB
MemFree:         3816492 kB
MemAvailable:    4033704 kB
Buffers:            6888 kB
Cached:           324424 kB
SwapCached:        80928 kB
Active:          3003124 kB
Inactive:         626368 kB
Active(anon):    2889772 kB
Inactive(anon):   462840 kB
Active(file):     113352 kB
Inactive(file):   163528 kB
Unevictable:          16 kB
Mlocked:              16 kB
SwapTotal:       4194300 kB
SwapFree:        3975856 kB
Zswap:                 0 kB
Zswapped:              0 kB
Dirty:               756 kB
Writeback:             0 kB
AnonPages:       3220420 kB
Mapped:           272928 kB
Shmem:             54448 kB
KReclaimable:      57228 kB
Slab:             285004 kB
SReclaimable:      57228 kB
SUnreclaim:       227776 kB
KernelStack:       18636 kB
PageTables:        51484 kB
SecPageTables:         0 kB
NFS_Unstable:          0 kB
Bounce:                0 kB
WritebackTmp:          0 kB
CommitLimit:     8258920 kB
Committed_AS:   11667112 kB
VmallocTotal:   34359738367 kB
VmallocUsed:       46840 kB
VmallocChunk:          0 kB
Percpu:            13280 kB
HardwareCorrupted:     0 kB
AnonHugePages:    256000 kB
ShmemHugePages:        0 kB
ShmemPmdMapped:        0 kB
FileHugePages:         0 kB
FilePmdMapped:         0 kB
CmaTotal:              0 kB
CmaFree:               0 kB
Unaccepted:            0 kB
Balloon:               0 kB
HugePages_Total:       0
HugePages_Free:        0
HugePages_Rsvd:        0
HugePages_Surp:        0
Hugepagesize:       2048 kB
Hugetlb:               0 kB
DirectMap4k:      194432 kB
DirectMap2M:     6096896 kB
DirectMap1G:     4194304 kB
---SNAPSHOT---
2026-04-27 14:51:50
MemTotal:        8129240 kB
MemFree:         3132992 kB
MemAvailable:    3350216 kB
Buffers:            6888 kB
Cached:           324428 kB
SwapCached:        80928 kB
Active:          3681700 kB
Inactive:         626380 kB
Active(anon):    3568348 kB
Inactive(anon):   462840 kB
Active(file):     113352 kB
Inactive(file):   163540 kB
Unevictable:          16 kB
Mlocked:              16 kB
SwapTotal:       4194300 kB
SwapFree:        3975856 kB
Zswap:                 0 kB
Zswapped:              0 kB
Dirty:               760 kB
Writeback:             0 kB
AnonPages:       3899324 kB
Mapped:           272928 kB
Shmem:             54448 kB
KReclaimable:      57228 kB
Slab:             285004 kB
SReclaimable:      57228 kB
SUnreclaim:       227776 kB
KernelStack:       18620 kB
PageTables:        52756 kB
SecPageTables:         0 kB
NFS_Unstable:          0 kB
Bounce:                0 kB
WritebackTmp:          0 kB
CommitLimit:     8258920 kB
Committed_AS:   11666888 kB
VmallocTotal:   34359738367 kB
VmallocUsed:       46856 kB
VmallocChunk:          0 kB
Percpu:            13280 kB
HardwareCorrupted:     0 kB
AnonHugePages:    256000 kB
ShmemHugePages:        0 kB
ShmemPmdMapped:        0 kB
FileHugePages:         0 kB
FilePmdMapped:         0 kB
CmaTotal:              0 kB
CmaFree:               0 kB
Unaccepted:            0 kB
Balloon:               0 kB
HugePages_Total:       0
HugePages_Free:        0
HugePages_Rsvd:        0
HugePages_Surp:        0
Hugepagesize:       2048 kB
Hugetlb:               0 kB
DirectMap4k:      194432 kB
DirectMap2M:     6096896 kB
DirectMap1G:     4194304 kB
---SNAPSHOT---
2026-04-27 14:51:51
MemTotal:        8129240 kB
MemFree:         4351912 kB
MemAvailable:    4569128 kB
Buffers:            6888 kB
Cached:           324436 kB
SwapCached:        80928 kB
Active:          2364044 kB
Inactive:         626388 kB
Active(anon):    2250692 kB
Inactive(anon):   462840 kB
Active(file):     113352 kB
Inactive(file):   163548 kB
Unevictable:          16 kB
Mlocked:              16 kB
SwapTotal:       4194300 kB
SwapFree:        3975856 kB
Zswap:                 0 kB
Zswapped:              0 kB
Dirty:               768 kB
Writeback:             0 kB
AnonPages:       2581020 kB
Mapped:           272928 kB
Shmem:             54448 kB
KReclaimable:      57212 kB
Slab:             284988 kB
SReclaimable:      57212 kB
SUnreclaim:       227776 kB
KernelStack:       18636 kB
PageTables:        50524 kB
SecPageTables:         0 kB
NFS_Unstable:          0 kB
Bounce:                0 kB
WritebackTmp:          0 kB
CommitLimit:     8258920 kB
Committed_AS:   11666256 kB
VmallocTotal:   34359738367 kB
VmallocUsed:       46808 kB
VmallocChunk:          0 kB
Percpu:            13280 kB
HardwareCorrupted:     0 kB
AnonHugePages:    256000 kB
ShmemHugePages:        0 kB
ShmemPmdMapped:        0 kB
FileHugePages:         0 kB
FilePmdMapped:         0 kB
CmaTotal:              0 kB
CmaFree:               0 kB
Unaccepted:            0 kB
Balloon:               0 kB
HugePages_Total:       0
HugePages_Free:        0
HugePages_Rsvd:        0
HugePages_Surp:        0
Hugepagesize:       2048 kB
Hugetlb:               0 kB
DirectMap4k:      194432 kB
DirectMap2M:     6096896 kB
DirectMap1G:     4194304 kB
---SNAPSHOT---
2026-04-27 14:51:52
MemTotal:        8129240 kB
MemFree:         3745708 kB
MemAvailable:    3962928 kB
Buffers:            6888 kB
Cached:           324440 kB
SwapCached:        80928 kB
Active:          3030592 kB
Inactive:         626392 kB
Active(anon):    2917240 kB
Inactive(anon):   462840 kB
Active(file):     113352 kB
Inactive(file):   163552 kB
Unevictable:          16 kB
Mlocked:              16 kB
SwapTotal:       4194300 kB
SwapFree:        3975856 kB
Zswap:                 0 kB
Zswapped:              0 kB
Dirty:               772 kB
Writeback:             0 kB
AnonPages:       3248164 kB
Mapped:           272928 kB
Shmem:             54448 kB
KReclaimable:      57212 kB
Slab:             284988 kB
SReclaimable:      57212 kB
SUnreclaim:       227776 kB
KernelStack:       18604 kB
PageTables:        51556 kB
SecPageTables:         0 kB
NFS_Unstable:          0 kB
Bounce:                0 kB
WritebackTmp:          0 kB
CommitLimit:     8258920 kB
Committed_AS:   11666452 kB
VmallocTotal:   34359738367 kB
VmallocUsed:       46888 kB
VmallocChunk:          0 kB
Percpu:            13280 kB
HardwareCorrupted:     0 kB
AnonHugePages:    256000 kB
ShmemHugePages:        0 kB
ShmemPmdMapped:        0 kB
FileHugePages:         0 kB
FilePmdMapped:         0 kB
CmaTotal:              0 kB
CmaFree:               0 kB
Unaccepted:            0 kB
Balloon:               0 kB
HugePages_Total:       0
HugePages_Free:        0
HugePages_Rsvd:        0
HugePages_Surp:        0
Hugepagesize:       2048 kB
Hugetlb:               0 kB
DirectMap4k:      194432 kB
DirectMap2M:     6096896 kB
DirectMap1G:     4194304 kB
---SNAPSHOT---
2026-04-27 14:51:53
MemTotal:        8129240 kB
MemFree:         3085964 kB
MemAvailable:    3303192 kB
Buffers:            6896 kB
Cached:           324452 kB
SwapCached:        80928 kB
Active:          3714396 kB
Inactive:         626400 kB
Active(anon):    3601044 kB
Inactive(anon):   462840 kB
Active(file):     113352 kB
Inactive(file):   163560 kB
Unevictable:          16 kB
Mlocked:              16 kB
SwapTotal:       4194300 kB
SwapFree:        3975856 kB
Zswap:                 0 kB
Zswapped:              0 kB
Dirty:               788 kB
Writeback:             0 kB
AnonPages:       3931604 kB
Mapped:           273156 kB
Shmem:             54448 kB
KReclaimable:      57212 kB
Slab:             284988 kB
SReclaimable:      57212 kB
SUnreclaim:       227776 kB
KernelStack:       18576 kB
PageTables:        52840 kB
SecPageTables:         0 kB
NFS_Unstable:          0 kB
Bounce:                0 kB
WritebackTmp:          0 kB
CommitLimit:     8258920 kB
Committed_AS:   11666892 kB
VmallocTotal:   34359738367 kB
VmallocUsed:       46856 kB
VmallocChunk:          0 kB
Percpu:            13280 kB
HardwareCorrupted:     0 kB
AnonHugePages:    256000 kB
ShmemHugePages:        0 kB
ShmemPmdMapped:        0 kB
FileHugePages:         0 kB
FilePmdMapped:         0 kB
CmaTotal:              0 kB
CmaFree:               0 kB
Unaccepted:            0 kB
Balloon:               0 kB
HugePages_Total:       0
HugePages_Free:        0
HugePages_Rsvd:        0
HugePages_Surp:        0
Hugepagesize:       2048 kB
Hugetlb:               0 kB
DirectMap4k:      194432 kB
DirectMap2M:     6096896 kB
DirectMap1G:     4194304 kB
---SNAPSHOT---
2026-04-27 14:51:54
MemTotal:        8129240 kB
MemFree:         4843256 kB
MemAvailable:    5060500 kB
Buffers:            6896 kB
Cached:           324456 kB
SwapCached:        80928 kB
Active:          1907068 kB
Inactive:         626416 kB
Active(anon):    1793716 kB
Inactive(anon):   462840 kB
Active(file):     113352 kB
Inactive(file):   163576 kB
Unevictable:          16 kB
Mlocked:              16 kB
SwapTotal:       4194300 kB
SwapFree:        3975856 kB
Zswap:                 0 kB
Zswapped:              0 kB
Dirty:               792 kB
Writeback:             0 kB
AnonPages:       2124216 kB
Mapped:           272928 kB
Shmem:             54448 kB
KReclaimable:      57212 kB
Slab:             284988 kB
SReclaimable:      57212 kB
SUnreclaim:       227776 kB
KernelStack:       18664 kB
PageTables:        52560 kB
SecPageTables:         0 kB
NFS_Unstable:          0 kB
Bounce:                0 kB
WritebackTmp:          0 kB
CommitLimit:     8258920 kB
Committed_AS:   11666760 kB
VmallocTotal:   34359738367 kB
VmallocUsed:       46888 kB
VmallocChunk:          0 kB
Percpu:            13280 kB
HardwareCorrupted:     0 kB
AnonHugePages:    256000 kB
ShmemHugePages:        0 kB
ShmemPmdMapped:        0 kB
FileHugePages:         0 kB
FilePmdMapped:         0 kB
CmaTotal:              0 kB
CmaFree:               0 kB
Unaccepted:            0 kB
Balloon:               0 kB
HugePages_Total:       0
HugePages_Free:        0
HugePages_Rsvd:        0
HugePages_Surp:        0
Hugepagesize:       2048 kB
Hugetlb:               0 kB
DirectMap4k:      194432 kB
DirectMap2M:     6096896 kB
DirectMap1G:     4194304 kB
---SNAPSHOT---
2026-04-27 14:51:55
MemTotal:        8129240 kB
MemFree:         4089084 kB
MemAvailable:    4306332 kB
Buffers:            6896 kB
Cached:           324460 kB
SwapCached:        80928 kB
Active:          2743428 kB
Inactive:         626420 kB
Active(anon):    2630076 kB
Inactive(anon):   462840 kB
Active(file):     113352 kB
Inactive(file):   163580 kB
Unevictable:          16 kB
Mlocked:              16 kB
SwapTotal:       4194300 kB
SwapFree:        3975856 kB
Zswap:                 0 kB
Zswapped:              0 kB
Dirty:               796 kB
Writeback:             0 kB
AnonPages:       2961008 kB
Mapped:           272928 kB
Shmem:             54448 kB
KReclaimable:      57212 kB
Slab:             284988 kB
SReclaimable:      57212 kB
SUnreclaim:       227776 kB
KernelStack:       18620 kB
PageTables:        53272 kB
SecPageTables:         0 kB
NFS_Unstable:          0 kB
Bounce:                0 kB
WritebackTmp:          0 kB
CommitLimit:     8258920 kB
Committed_AS:   11666664 kB
VmallocTotal:   34359738367 kB
VmallocUsed:       46840 kB
VmallocChunk:          0 kB
Percpu:            13280 kB
HardwareCorrupted:     0 kB
AnonHugePages:    256000 kB
ShmemHugePages:        0 kB
ShmemPmdMapped:        0 kB
FileHugePages:         0 kB
FilePmdMapped:         0 kB
CmaTotal:              0 kB
CmaFree:               0 kB
Unaccepted:            0 kB
Balloon:               0 kB
HugePages_Total:       0
HugePages_Free:        0
HugePages_Rsvd:        0
HugePages_Surp:        0
Hugepagesize:       2048 kB
Hugetlb:               0 kB
DirectMap4k:      194432 kB
DirectMap2M:     6096896 kB
DirectMap1G:     4194304 kB
---SNAPSHOT---
2026-04-27 14:51:56
MemTotal:        8129240 kB
MemFree:         3859596 kB
MemAvailable:    4076996 kB
Buffers:            7040 kB
Cached:           324468 kB
SwapCached:        80928 kB
Active:          2929736 kB
Inactive:         626572 kB
Active(anon):    2816384 kB
Inactive(anon):   462840 kB
Active(file):     113352 kB
Inactive(file):   163732 kB
Unevictable:          16 kB
Mlocked:              16 kB
SwapTotal:       4194300 kB
SwapFree:        3975856 kB
Zswap:                 0 kB
Zswapped:              0 kB
Dirty:               804 kB
Writeback:             0 kB
AnonPages:       3147048 kB
Mapped:           272928 kB
Shmem:             54448 kB
KReclaimable:      57212 kB
Slab:             284988 kB
SReclaimable:      57212 kB
SUnreclaim:       227776 kB
KernelStack:       18592 kB
PageTables:        54012 kB
SecPageTables:         0 kB
NFS_Unstable:          0 kB
Bounce:                0 kB
WritebackTmp:          0 kB
CommitLimit:     8258920 kB
Committed_AS:   11666892 kB
VmallocTotal:   34359738367 kB
VmallocUsed:       46792 kB
VmallocChunk:          0 kB
Percpu:            13280 kB
HardwareCorrupted:     0 kB
AnonHugePages:    256000 kB
ShmemHugePages:        0 kB
ShmemPmdMapped:        0 kB
FileHugePages:         0 kB
FilePmdMapped:         0 kB
CmaTotal:              0 kB
CmaFree:               0 kB
Unaccepted:            0 kB
Balloon:               0 kB
HugePages_Total:       0
HugePages_Free:        0
HugePages_Rsvd:        0
HugePages_Surp:        0
Hugepagesize:       2048 kB
Hugetlb:               0 kB
DirectMap4k:      194432 kB
DirectMap2M:     6096896 kB
DirectMap1G:     4194304 kB
---SNAPSHOT---
2026-04-27 14:51:57
MemTotal:        8129240 kB
MemFree:         4297920 kB
MemAvailable:    4515324 kB
Buffers:            7040 kB
Cached:           324472 kB
SwapCached:        80928 kB
Active:          2482292 kB
Inactive:         626576 kB
Active(anon):    2368940 kB
Inactive(anon):   462840 kB
Active(file):     113352 kB
Inactive(file):   163736 kB
Unevictable:          16 kB
Mlocked:              16 kB
SwapTotal:       4194300 kB
SwapFree:        3975856 kB
Zswap:                 0 kB
Zswapped:              0 kB
Dirty:               808 kB
Writeback:             0 kB
AnonPages:       2700016 kB
Mapped:           272928 kB
Shmem:             54448 kB
KReclaimable:      57212 kB
Slab:             284988 kB
SReclaimable:      57212 kB
SUnreclaim:       227776 kB
KernelStack:       18576 kB
PageTables:        50656 kB
SecPageTables:         0 kB
NFS_Unstable:          0 kB
Bounce:                0 kB
WritebackTmp:          0 kB
CommitLimit:     8258920 kB
Committed_AS:   11666892 kB
VmallocTotal:   34359738367 kB
VmallocUsed:       46776 kB
VmallocChunk:          0 kB
Percpu:            13280 kB
HardwareCorrupted:     0 kB
AnonHugePages:    256000 kB
ShmemHugePages:        0 kB
ShmemPmdMapped:        0 kB
FileHugePages:         0 kB
FilePmdMapped:         0 kB
CmaTotal:              0 kB
CmaFree:               0 kB
Unaccepted:            0 kB
Balloon:               0 kB
HugePages_Total:       0
HugePages_Free:        0
HugePages_Rsvd:        0
HugePages_Surp:        0
Hugepagesize:       2048 kB
Hugetlb:               0 kB
DirectMap4k:      194432 kB
DirectMap2M:     6096896 kB
DirectMap1G:     4194304 kB
---SNAPSHOT---
2026-04-27 14:51:58
MemTotal:        8129240 kB
MemFree:         4125008 kB
MemAvailable:    4342424 kB
Buffers:            7056 kB
Cached:           324472 kB
SwapCached:        80928 kB
Active:          2731740 kB
Inactive:         626588 kB
Active(anon):    2618388 kB
Inactive(anon):   462840 kB
Active(file):     113352 kB
Inactive(file):   163748 kB
Unevictable:          16 kB
Mlocked:              16 kB
SwapTotal:       4194300 kB
SwapFree:        3975856 kB
Zswap:                 0 kB
Zswapped:              0 kB
Dirty:               300 kB
Writeback:             0 kB
AnonPages:       2949400 kB
Mapped:           272928 kB
Shmem:             54448 kB
KReclaimable:      57212 kB
Slab:             284988 kB
SReclaimable:      57212 kB
SUnreclaim:       227776 kB
KernelStack:       18576 kB
PageTables:        50784 kB
SecPageTables:         0 kB
NFS_Unstable:          0 kB
Bounce:                0 kB
WritebackTmp:          0 kB
CommitLimit:     8258920 kB
Committed_AS:   11666892 kB
VmallocTotal:   34359738367 kB
VmallocUsed:       46760 kB
VmallocChunk:          0 kB
Percpu:            13280 kB
HardwareCorrupted:     0 kB
AnonHugePages:    256000 kB
ShmemHugePages:        0 kB
ShmemPmdMapped:        0 kB
FileHugePages:         0 kB
FilePmdMapped:         0 kB
CmaTotal:              0 kB
CmaFree:               0 kB
Unaccepted:            0 kB
Balloon:               0 kB
HugePages_Total:       0
HugePages_Free:        0
HugePages_Rsvd:        0
HugePages_Surp:        0
Hugepagesize:       2048 kB
Hugetlb:               0 kB
DirectMap4k:      194432 kB
DirectMap2M:     6096896 kB
DirectMap1G:     4194304 kB
---SNAPSHOT---
2026-04-27 14:51:59
MemTotal:        8129240 kB
MemFree:         3868732 kB
MemAvailable:    4086164 kB
Buffers:            7056 kB
Cached:           324484 kB
SwapCached:        80928 kB
Active:          2992448 kB
Inactive:         626604 kB
Active(anon):    2879096 kB
Inactive(anon):   462840 kB
Active(file):     113352 kB
Inactive(file):   163764 kB
Unevictable:          16 kB
Mlocked:              16 kB
SwapTotal:       4194300 kB
SwapFree:        3975856 kB
Zswap:                 0 kB
Zswapped:              0 kB
Dirty:               200 kB
Writeback:             0 kB
AnonPages:       3210212 kB
Mapped:           272928 kB
Shmem:             54448 kB
KReclaimable:      57212 kB
Slab:             284988 kB
SReclaimable:      57212 kB
SUnreclaim:       227776 kB
KernelStack:       18560 kB
PageTables:        51088 kB
SecPageTables:         0 kB
NFS_Unstable:          0 kB
Bounce:                0 kB
WritebackTmp:          0 kB
CommitLimit:     8258920 kB
Committed_AS:   11667004 kB
VmallocTotal:   34359738367 kB
VmallocUsed:       46776 kB
VmallocChunk:          0 kB
Percpu:            13280 kB
HardwareCorrupted:     0 kB
AnonHugePages:    256000 kB
ShmemHugePages:        0 kB
ShmemPmdMapped:        0 kB
FileHugePages:         0 kB
FilePmdMapped:         0 kB
CmaTotal:              0 kB
CmaFree:               0 kB
Unaccepted:            0 kB
Balloon:               0 kB
HugePages_Total:       0
HugePages_Free:        0
HugePages_Rsvd:        0
HugePages_Surp:        0
Hugepagesize:       2048 kB
Hugetlb:               0 kB
DirectMap4k:      194432 kB
DirectMap2M:     6096896 kB
DirectMap1G:     4194304 kB
---SNAPSHOT---
2026-04-27 14:52:00
MemTotal:        8129240 kB
MemFree:         3702016 kB
MemAvailable:    3919452 kB
Buffers:            7056 kB
Cached:           324488 kB
SwapCached:       291676 kB
Active:          2940444 kB
Inactive:         835600 kB
Active(anon):    2827092 kB
Inactive(anon):   671832 kB
Active(file):     113352 kB
Inactive(file):   163768 kB
Unevictable:          16 kB
Mlocked:              16 kB
SwapTotal:       4194300 kB
SwapFree:        3764880 kB
Zswap:                 0 kB
Zswapped:              0 kB
Dirty:               204 kB
Writeback:          1668 kB
AnonPages:       3158468 kB
Mapped:           272928 kB
Shmem:             54448 kB
KReclaimable:      57212 kB
Slab:             284976 kB
SReclaimable:      57212 kB
SUnreclaim:       227764 kB
KernelStack:       18576 kB
PageTables:        51796 kB
SecPageTables:         0 kB
NFS_Unstable:          0 kB
Bounce:                0 kB
WritebackTmp:          0 kB
CommitLimit:     8258920 kB
Committed_AS:   11666508 kB
VmallocTotal:   34359738367 kB
VmallocUsed:       46792 kB
VmallocChunk:          0 kB
Percpu:            13280 kB
HardwareCorrupted:     0 kB
AnonHugePages:    256000 kB
ShmemHugePages:        0 kB
ShmemPmdMapped:        0 kB
FileHugePages:         0 kB
FilePmdMapped:         0 kB
CmaTotal:              0 kB
CmaFree:               0 kB
Unaccepted:            0 kB
Balloon:               0 kB
HugePages_Total:       0
HugePages_Free:        0
HugePages_Rsvd:        0
HugePages_Surp:        0
Hugepagesize:       2048 kB
Hugetlb:               0 kB
DirectMap4k:      194432 kB
DirectMap2M:     6096896 kB
DirectMap1G:     4194304 kB
---SNAPSHOT---
2026-04-27 14:52:01
MemTotal:        8129240 kB
MemFree:         3714380 kB
MemAvailable:    3931820 kB
Buffers:            7056 kB
Cached:           324496 kB
SwapCached:       536636 kB
Active:          2717512 kB
Inactive:        1066236 kB
Active(anon):    2604160 kB
Inactive(anon):   902464 kB
Active(file):     113352 kB
Inactive(file):   163772 kB
Unevictable:          16 kB
Mlocked:              16 kB
SwapTotal:       4194300 kB
SwapFree:        3520148 kB
Zswap:                 0 kB
Zswapped:              0 kB
Dirty:               212 kB
Writeback:         15924 kB
AnonPages:       2920992 kB
Mapped:           272928 kB
Shmem:             54448 kB
KReclaimable:      57212 kB
Slab:             285996 kB
SReclaimable:      57212 kB
SUnreclaim:       228784 kB
KernelStack:       18636 kB
PageTables:        51836 kB
SecPageTables:         0 kB
NFS_Unstable:          0 kB
Bounce:                0 kB
WritebackTmp:          0 kB
CommitLimit:     8258920 kB
Committed_AS:   11666892 kB
VmallocTotal:   34359738367 kB
VmallocUsed:       46856 kB
VmallocChunk:          0 kB
Percpu:            13280 kB
HardwareCorrupted:     0 kB
AnonHugePages:    256000 kB
ShmemHugePages:        0 kB
ShmemPmdMapped:        0 kB
FileHugePages:         0 kB
FilePmdMapped:         0 kB
CmaTotal:              0 kB
CmaFree:               0 kB
Unaccepted:            0 kB
Balloon:               0 kB
HugePages_Total:       0
HugePages_Free:        0
HugePages_Rsvd:        0
HugePages_Surp:        0
Hugepagesize:       2048 kB
Hugetlb:               0 kB
DirectMap4k:      194432 kB
DirectMap2M:     6096896 kB
DirectMap1G:     4194304 kB
---SNAPSHOT---
2026-04-27 14:52:02
MemTotal:        8129240 kB
MemFree:         3665748 kB
MemAvailable:    3883428 kB
Buffers:            7316 kB
Cached:           324500 kB
SwapCached:       536636 kB
Active:          2757576 kB
Inactive:        1078284 kB
Active(anon):    2644224 kB
Inactive(anon):   914272 kB
Active(file):     113352 kB
Inactive(file):   164012 kB
Unevictable:          16 kB
Mlocked:              16 kB
SwapTotal:       4194300 kB
SwapFree:        3520148 kB
Zswap:                 0 kB
Zswapped:              0 kB
Dirty:               216 kB
Writeback:          4100 kB
AnonPages:       2973028 kB
Mapped:           272928 kB
Shmem:             54448 kB
KReclaimable:      57212 kB
Slab:             285212 kB
SReclaimable:      57212 kB
SUnreclaim:       228000 kB
KernelStack:       18592 kB
PageTables:        51644 kB
SecPageTables:         0 kB
NFS_Unstable:          0 kB
Bounce:                0 kB
WritebackTmp:          0 kB
CommitLimit:     8258920 kB
Committed_AS:   11666532 kB
VmallocTotal:   34359738367 kB
VmallocUsed:       46840 kB
VmallocChunk:          0 kB
Percpu:            13280 kB
HardwareCorrupted:     0 kB
AnonHugePages:    256000 kB
ShmemHugePages:        0 kB
ShmemPmdMapped:        0 kB
FileHugePages:         0 kB
FilePmdMapped:         0 kB
CmaTotal:              0 kB
CmaFree:               0 kB
Unaccepted:            0 kB
Balloon:               0 kB
HugePages_Total:       0
HugePages_Free:        0
HugePages_Rsvd:        0
HugePages_Surp:        0
Hugepagesize:       2048 kB
Hugetlb:               0 kB
DirectMap4k:      194432 kB
DirectMap2M:     6096896 kB
DirectMap1G:     4194304 kB
---SNAPSHOT---
2026-04-27 14:52:04
MemTotal:        8129240 kB
MemFree:         3798632 kB
MemAvailable:    4016360 kB
Buffers:            7324 kB
Cached:           324516 kB
SwapCached:       561212 kB
Active:          2627636 kB
Inactive:        1093120 kB
Active(anon):    2514284 kB
Inactive(anon):   929060 kB
Active(file):     113352 kB
Inactive(file):   164060 kB
Unevictable:          16 kB
Mlocked:              16 kB
SwapTotal:       4194300 kB
SwapFree:        3495572 kB
Zswap:                 0 kB
Zswapped:              0 kB
Dirty:                20 kB
Writeback:         14088 kB
AnonPages:       2832708 kB
Mapped:           273028 kB
Shmem:             54448 kB
KReclaimable:      57212 kB
Slab:             285844 kB
SReclaimable:      57212 kB
SUnreclaim:       228632 kB
KernelStack:       18560 kB
PageTables:        50808 kB
SecPageTables:         0 kB
NFS_Unstable:          0 kB
Bounce:                0 kB
WritebackTmp:          0 kB
CommitLimit:     8258920 kB
Committed_AS:   11666508 kB
VmallocTotal:   34359738367 kB
VmallocUsed:       46824 kB
VmallocChunk:          0 kB
Percpu:            13280 kB
HardwareCorrupted:     0 kB
AnonHugePages:    256000 kB
ShmemHugePages:        0 kB
ShmemPmdMapped:        0 kB
FileHugePages:         0 kB
FilePmdMapped:         0 kB
CmaTotal:              0 kB
CmaFree:               0 kB
Unaccepted:            0 kB
Balloon:               0 kB
HugePages_Total:       0
HugePages_Free:        0
HugePages_Rsvd:        0
HugePages_Surp:        0
Hugepagesize:       2048 kB
Hugetlb:               0 kB
DirectMap4k:      194432 kB
DirectMap2M:     6096896 kB
DirectMap1G:     4194304 kB
---SNAPSHOT---
2026-04-27 14:52:05
MemTotal:        8129240 kB
MemFree:         3754660 kB
MemAvailable:    3972396 kB
Buffers:            7324 kB
Cached:           324520 kB
SwapCached:       561212 kB
Active:          2671244 kB
Inactive:        1094284 kB
Active(anon):    2557892 kB
Inactive(anon):   930216 kB
Active(file):     113352 kB
Inactive(file):   164068 kB
Unevictable:          16 kB
Mlocked:              16 kB
SwapTotal:       4194300 kB
SwapFree:        3495572 kB
Zswap:                 0 kB
Zswapped:              0 kB
Dirty:                40 kB
Writeback:         13008 kB
AnonPages:       2877844 kB
Mapped:           273156 kB
Shmem:             54448 kB
KReclaimable:      57212 kB
Slab:             285748 kB
SReclaimable:      57212 kB
SUnreclaim:       228536 kB
KernelStack:       18636 kB
PageTables:        51392 kB
SecPageTables:         0 kB
NFS_Unstable:          0 kB
Bounce:                0 kB
WritebackTmp:          0 kB
CommitLimit:     8258920 kB
Committed_AS:   11666376 kB
VmallocTotal:   34359738367 kB
VmallocUsed:       46824 kB
VmallocChunk:          0 kB
Percpu:            13280 kB
HardwareCorrupted:     0 kB
AnonHugePages:    256000 kB
ShmemHugePages:        0 kB
ShmemPmdMapped:        0 kB
FileHugePages:         0 kB
FilePmdMapped:         0 kB
CmaTotal:              0 kB
CmaFree:               0 kB
Unaccepted:            0 kB
Balloon:               0 kB
HugePages_Total:       0
HugePages_Free:        0
HugePages_Rsvd:        0
HugePages_Surp:        0
Hugepagesize:       2048 kB
Hugetlb:               0 kB
DirectMap4k:      194432 kB
DirectMap2M:     6096896 kB
DirectMap1G:     4194304 kB
---SNAPSHOT---
2026-04-27 14:52:06
MemTotal:        8129240 kB
MemFree:         4278752 kB
MemAvailable:    4496496 kB
Buffers:            7324 kB
Cached:           324528 kB
SwapCached:       577084 kB
Active:          2038432 kB
Inactive:        1100368 kB
Active(anon):    1925080 kB
Inactive(anon):   936292 kB
Active(file):     113352 kB
Inactive(file):   164076 kB
Unevictable:          16 kB
Mlocked:              16 kB
SwapTotal:       4194300 kB
SwapFree:        3479700 kB
Zswap:                 0 kB
Zswapped:              0 kB
Dirty:                48 kB
Writeback:         22736 kB
AnonPages:       2232464 kB
Mapped:           272928 kB
Shmem:             54448 kB
KReclaimable:      57212 kB
Slab:             286356 kB
SReclaimable:      57212 kB
SUnreclaim:       229144 kB
KernelStack:       18636 kB
PageTables:        52580 kB
SecPageTables:         0 kB
NFS_Unstable:          0 kB
Bounce:                0 kB
WritebackTmp:          0 kB
CommitLimit:     8258920 kB
Committed_AS:   11666532 kB
VmallocTotal:   34359738367 kB
VmallocUsed:       46840 kB
VmallocChunk:          0 kB
Percpu:            13280 kB
HardwareCorrupted:     0 kB
AnonHugePages:    256000 kB
ShmemHugePages:        0 kB
ShmemPmdMapped:        0 kB
FileHugePages:         0 kB
FilePmdMapped:         0 kB
CmaTotal:              0 kB
CmaFree:               0 kB
Unaccepted:            0 kB
Balloon:               0 kB
HugePages_Total:       0
HugePages_Free:        0
HugePages_Rsvd:        0
HugePages_Surp:        0
Hugepagesize:       2048 kB
Hugetlb:               0 kB
DirectMap4k:      194432 kB
DirectMap2M:     6096896 kB
DirectMap1G:     4194304 kB
---SNAPSHOT---
2026-04-27 14:52:07
MemTotal:        8129240 kB
MemFree:         3768580 kB
MemAvailable:    3986324 kB
Buffers:            7324 kB
Cached:           324536 kB
SwapCached:       577084 kB
Active:          2650616 kB
Inactive:        1102476 kB
Active(anon):    2537264 kB
Inactive(anon):   938400 kB
Active(file):     113352 kB
Inactive(file):   164076 kB
Unevictable:          16 kB
Mlocked:              16 kB
SwapTotal:       4194300 kB
SwapFree:        3479700 kB
Zswap:                 0 kB
Zswapped:              0 kB
Dirty:                56 kB
Writeback:         20688 kB
AnonPages:       2849152 kB
Mapped:           272928 kB
Shmem:             54448 kB
KReclaimable:      57212 kB
Slab:             286228 kB
SReclaimable:      57212 kB
SUnreclaim:       229016 kB
KernelStack:       18604 kB
PageTables:        52280 kB
SecPageTables:         0 kB
NFS_Unstable:          0 kB
Bounce:                0 kB
WritebackTmp:          0 kB
CommitLimit:     8258920 kB
Committed_AS:   11666628 kB
VmallocTotal:   34359738367 kB
VmallocUsed:       46872 kB
VmallocChunk:          0 kB
Percpu:            13280 kB
HardwareCorrupted:     0 kB
AnonHugePages:    256000 kB
ShmemHugePages:        0 kB
ShmemPmdMapped:        0 kB
FileHugePages:         0 kB
FilePmdMapped:         0 kB
CmaTotal:              0 kB
CmaFree:               0 kB
Unaccepted:            0 kB
Balloon:               0 kB
HugePages_Total:       0
HugePages_Free:        0
HugePages_Rsvd:        0
HugePages_Surp:        0
Hugepagesize:       2048 kB
Hugetlb:               0 kB
DirectMap4k:      194432 kB
DirectMap2M:     6096896 kB
DirectMap1G:     4194304 kB
---SNAPSHOT---
2026-04-27 14:52:08
MemTotal:        8129240 kB
MemFree:         3718584 kB
MemAvailable:    3936340 kB
Buffers:            7324 kB
Cached:           324540 kB
SwapCached:       577084 kB
Active:          2638292 kB
Inactive:        1102568 kB
Active(anon):    2524940 kB
Inactive(anon):   938480 kB
Active(file):     113352 kB
Inactive(file):   164088 kB
Unevictable:          16 kB
Mlocked:              16 kB
SwapTotal:       4194300 kB
SwapFree:        3479700 kB
Zswap:                 0 kB
Zswapped:              0 kB
Dirty:                60 kB
Writeback:         20688 kB
AnonPages:       2837236 kB
Mapped:           273156 kB
Shmem:             54448 kB
KReclaimable:      57212 kB
Slab:             286228 kB
SReclaimable:      57212 kB
SUnreclaim:       229016 kB
KernelStack:       18680 kB
PageTables:        53120 kB
SecPageTables:         0 kB
NFS_Unstable:          0 kB
Bounce:                0 kB
WritebackTmp:          0 kB
CommitLimit:     8258920 kB
Committed_AS:   11666868 kB
VmallocTotal:   34359738367 kB
VmallocUsed:       46888 kB
VmallocChunk:          0 kB
Percpu:            13280 kB
HardwareCorrupted:     0 kB
AnonHugePages:    256000 kB
ShmemHugePages:        0 kB
ShmemPmdMapped:        0 kB
FileHugePages:         0 kB
FilePmdMapped:         0 kB
CmaTotal:              0 kB
CmaFree:               0 kB
Unaccepted:            0 kB
Balloon:               0 kB
HugePages_Total:       0
HugePages_Free:        0
HugePages_Rsvd:        0
HugePages_Surp:        0
Hugepagesize:       2048 kB
Hugetlb:               0 kB
DirectMap4k:      194432 kB
DirectMap2M:     6096896 kB
DirectMap1G:     4194304 kB
---SNAPSHOT---
2026-04-27 14:52:09
MemTotal:        8129240 kB
MemFree:         3316256 kB
MemAvailable:    3534020 kB
Buffers:            7324 kB
Cached:           324548 kB
SwapCached:       577084 kB
Active:          3104456 kB
Inactive:        1104560 kB
Active(anon):    2991104 kB
Inactive(anon):   940464 kB
Active(file):     113352 kB
Inactive(file):   164096 kB
Unevictable:          16 kB
Mlocked:              16 kB
SwapTotal:       4194300 kB
SwapFree:        3479700 kB
Zswap:                 0 kB
Zswapped:              0 kB
Dirty:                68 kB
Writeback:         18640 kB
AnonPages:       3305556 kB
Mapped:           272928 kB
Shmem:             54448 kB
KReclaimable:      57212 kB
Slab:             286100 kB
SReclaimable:      57212 kB
SUnreclaim:       228888 kB
KernelStack:       18696 kB
PageTables:        53456 kB
SecPageTables:         0 kB
NFS_Unstable:          0 kB
Bounce:                0 kB
WritebackTmp:          0 kB
CommitLimit:     8258920 kB
Committed_AS:   11666444 kB
VmallocTotal:   34359738367 kB
VmallocUsed:       46888 kB
VmallocChunk:          0 kB
Percpu:            13280 kB
HardwareCorrupted:     0 kB
AnonHugePages:    256000 kB
ShmemHugePages:        0 kB
ShmemPmdMapped:        0 kB
FileHugePages:         0 kB
FilePmdMapped:         0 kB
CmaTotal:              0 kB
CmaFree:               0 kB
Unaccepted:            0 kB
Balloon:               0 kB
HugePages_Total:       0
HugePages_Free:        0
HugePages_Rsvd:        0
HugePages_Surp:        0
Hugepagesize:       2048 kB
Hugetlb:               0 kB
DirectMap4k:      194432 kB
DirectMap2M:     6096896 kB
DirectMap1G:     4194304 kB
---SNAPSHOT---
2026-04-27 14:52:10
MemTotal:        8129240 kB
MemFree:         3480120 kB
MemAvailable:    3697888 kB
Buffers:            7324 kB
Cached:           324552 kB
SwapCached:       577084 kB
Active:          2951828 kB
Inactive:        1105060 kB
Active(anon):    2838476 kB
Inactive(anon):   940960 kB
Active(file):     113352 kB
Inactive(file):   164100 kB
Unevictable:          16 kB
Mlocked:              16 kB
SwapTotal:       4194300 kB
SwapFree:        3479700 kB
Zswap:                 0 kB
Zswapped:              0 kB
Dirty:                68 kB
Writeback:         18132 kB
AnonPages:       3152804 kB
Mapped:           272928 kB
Shmem:             54448 kB
KReclaimable:      57212 kB
Slab:             286068 kB
SReclaimable:      57212 kB
SUnreclaim:       228856 kB
KernelStack:       18636 kB
PageTables:        53124 kB
SecPageTables:         0 kB
NFS_Unstable:          0 kB
Bounce:                0 kB
WritebackTmp:          0 kB
CommitLimit:     8258920 kB
Committed_AS:   11666892 kB
VmallocTotal:   34359738367 kB
VmallocUsed:       46872 kB
VmallocChunk:          0 kB
Percpu:            13280 kB
HardwareCorrupted:     0 kB
AnonHugePages:    256000 kB
ShmemHugePages:        0 kB
ShmemPmdMapped:        0 kB
FileHugePages:         0 kB
FilePmdMapped:         0 kB
CmaTotal:              0 kB
CmaFree:               0 kB
Unaccepted:            0 kB
Balloon:               0 kB
HugePages_Total:       0
HugePages_Free:        0
HugePages_Rsvd:        0
HugePages_Surp:        0
Hugepagesize:       2048 kB
Hugetlb:               0 kB
DirectMap4k:      194432 kB
DirectMap2M:     6096896 kB
DirectMap1G:     4194304 kB
---SNAPSHOT---
2026-04-27 14:52:11
MemTotal:        8129240 kB
MemFree:         3063476 kB
MemAvailable:    3281248 kB
Buffers:            7324 kB
Cached:           324556 kB
SwapCached:       577084 kB
Active:          3364520 kB
Inactive:        1105684 kB
Active(anon):    3251168 kB
Inactive(anon):   941580 kB
Active(file):     113352 kB
Inactive(file):   164104 kB
Unevictable:          16 kB
Mlocked:              16 kB
SwapTotal:       4194300 kB
SwapFree:        3479700 kB
Zswap:                 0 kB
Zswapped:              0 kB
Dirty:                72 kB
Writeback:         17620 kB
AnonPages:       3566624 kB
Mapped:           272928 kB
Shmem:             54448 kB
KReclaimable:      57212 kB
Slab:             286032 kB
SReclaimable:      57212 kB
SUnreclaim:       228820 kB
KernelStack:       18620 kB
PageTables:        53092 kB
SecPageTables:         0 kB
NFS_Unstable:          0 kB
Bounce:                0 kB
WritebackTmp:          0 kB
CommitLimit:     8258920 kB
Committed_AS:   11666872 kB
VmallocTotal:   34359738367 kB
VmallocUsed:       46856 kB
VmallocChunk:          0 kB
Percpu:            13280 kB
HardwareCorrupted:     0 kB
AnonHugePages:    256000 kB
ShmemHugePages:        0 kB
ShmemPmdMapped:        0 kB
FileHugePages:         0 kB
FilePmdMapped:         0 kB
CmaTotal:              0 kB
CmaFree:               0 kB
Unaccepted:            0 kB
Balloon:               0 kB
HugePages_Total:       0
HugePages_Free:        0
HugePages_Rsvd:        0
HugePages_Surp:        0
Hugepagesize:       2048 kB
Hugetlb:               0 kB
DirectMap4k:      194432 kB
DirectMap2M:     6096896 kB
DirectMap1G:     4194304 kB
---SNAPSHOT---
2026-04-27 14:52:12
MemTotal:        8129240 kB
MemFree:         3237792 kB
MemAvailable:    3455568 kB
Buffers:            7324 kB
Cached:           324564 kB
SwapCached:       577084 kB
Active:          3138708 kB
Inactive:        1105692 kB
Active(anon):    3025356 kB
Inactive(anon):   941584 kB
Active(file):     113352 kB
Inactive(file):   164108 kB
Unevictable:          16 kB
Mlocked:              16 kB
SwapTotal:       4194300 kB
SwapFree:        3479700 kB
Zswap:                 0 kB
Zswapped:              0 kB
Dirty:                80 kB
Writeback:         17620 kB
AnonPages:       3340388 kB
Mapped:           272928 kB
Shmem:             54448 kB
KReclaimable:      57212 kB
Slab:             286032 kB
SReclaimable:      57212 kB
SUnreclaim:       228820 kB
KernelStack:       18544 kB
PageTables:        52520 kB
SecPageTables:         0 kB
NFS_Unstable:          0 kB
Bounce:                0 kB
WritebackTmp:          0 kB
CommitLimit:     8258920 kB
Committed_AS:   11666616 kB
VmallocTotal:   34359738367 kB
VmallocUsed:       46808 kB
VmallocChunk:          0 kB
Percpu:            13280 kB
HardwareCorrupted:     0 kB
AnonHugePages:    256000 kB
ShmemHugePages:        0 kB
ShmemPmdMapped:        0 kB
FileHugePages:         0 kB
FilePmdMapped:         0 kB
CmaTotal:              0 kB
CmaFree:               0 kB
Unaccepted:            0 kB
Balloon:               0 kB
HugePages_Total:       0
HugePages_Free:        0
HugePages_Rsvd:        0
HugePages_Surp:        0
Hugepagesize:       2048 kB
Hugetlb:               0 kB
DirectMap4k:      194432 kB
DirectMap2M:     6096896 kB
DirectMap1G:     4194304 kB
---SNAPSHOT---
2026-04-27 14:52:13
MemTotal:        8129240 kB
MemFree:         3402668 kB
MemAvailable:    3620448 kB
Buffers:            7324 kB
Cached:           324568 kB
SwapCached:       577084 kB
Active:          2945228 kB
Inactive:        1106648 kB
Active(anon):    2831876 kB
Inactive(anon):   942536 kB
Active(file):     113352 kB
Inactive(file):   164112 kB
Unevictable:          16 kB
Mlocked:              16 kB
SwapTotal:       4194300 kB
SwapFree:        3479700 kB
Zswap:                 0 kB
Zswapped:              0 kB
Dirty:                84 kB
Writeback:         16652 kB
AnonPages:       3148052 kB
Mapped:           272928 kB
Shmem:             54448 kB
KReclaimable:      57212 kB
Slab:             286000 kB
SReclaimable:      57212 kB
SUnreclaim:       228788 kB
KernelStack:       18576 kB
PageTables:        52156 kB
SecPageTables:         0 kB
NFS_Unstable:          0 kB
Bounce:                0 kB
WritebackTmp:          0 kB
CommitLimit:     8258920 kB
Committed_AS:   11666264 kB
VmallocTotal:   34359738367 kB
VmallocUsed:       46792 kB
VmallocChunk:          0 kB
Percpu:            13280 kB
HardwareCorrupted:     0 kB
AnonHugePages:    256000 kB
ShmemHugePages:        0 kB
ShmemPmdMapped:        0 kB
FileHugePages:         0 kB
FilePmdMapped:         0 kB
CmaTotal:              0 kB
CmaFree:               0 kB
Unaccepted:            0 kB
Balloon:               0 kB
HugePages_Total:       0
HugePages_Free:        0
HugePages_Rsvd:        0
HugePages_Surp:        0
Hugepagesize:       2048 kB
Hugetlb:               0 kB
DirectMap4k:      194432 kB
DirectMap2M:     6096896 kB
DirectMap1G:     4194304 kB
---SNAPSHOT---
2026-04-27 14:52:14
MemTotal:        8129240 kB
MemFree:         3009448 kB
MemAvailable:    3227236 kB
Buffers:            7324 kB
Cached:           324580 kB
SwapCached:       577084 kB
Active:          3411504 kB
Inactive:        1106696 kB
Active(anon):    3298152 kB
Inactive(anon):   942576 kB
Active(file):     113352 kB
Inactive(file):   164120 kB
Unevictable:          16 kB
Mlocked:              16 kB
SwapTotal:       4194300 kB
SwapFree:        3479700 kB
Zswap:                 0 kB
Zswapped:              0 kB
Dirty:                96 kB
Writeback:         16596 kB
AnonPages:       3614584 kB
Mapped:           272928 kB
Shmem:             54448 kB
KReclaimable:      57212 kB
Slab:             285968 kB
SReclaimable:      57212 kB
SUnreclaim:       228756 kB
KernelStack:       18576 kB
PageTables:        53108 kB
SecPageTables:         0 kB
NFS_Unstable:          0 kB
Bounce:                0 kB
WritebackTmp:          0 kB
CommitLimit:     8258920 kB
Committed_AS:   11666768 kB
VmallocTotal:   34359738367 kB
VmallocUsed:       46808 kB
VmallocChunk:          0 kB
Percpu:            13280 kB
HardwareCorrupted:     0 kB
AnonHugePages:    256000 kB
ShmemHugePages:        0 kB
ShmemPmdMapped:        0 kB
FileHugePages:         0 kB
FilePmdMapped:         0 kB
CmaTotal:              0 kB
CmaFree:               0 kB
Unaccepted:            0 kB
Balloon:               0 kB
HugePages_Total:       0
HugePages_Free:        0
HugePages_Rsvd:        0
HugePages_Surp:        0
Hugepagesize:       2048 kB
Hugetlb:               0 kB
DirectMap4k:      194432 kB
DirectMap2M:     6096896 kB
DirectMap1G:     4194304 kB
---SNAPSHOT---
2026-04-27 14:52:15
MemTotal:        8129240 kB
MemFree:         4234740 kB
MemAvailable:    4452536 kB
Buffers:            7324 kB
Cached:           324584 kB
SwapCached:       577084 kB
Active:          2053444 kB
Inactive:        1106736 kB
Active(anon):    1940092 kB
Inactive(anon):   942608 kB
Active(file):     113352 kB
Inactive(file):   164128 kB
Unevictable:          16 kB
Mlocked:              16 kB
SwapTotal:       4194300 kB
SwapFree:        3479700 kB
Zswap:                 0 kB
Zswapped:              0 kB
Dirty:                84 kB
Writeback:         16612 kB
AnonPages:       2256244 kB
Mapped:           272928 kB
Shmem:             54448 kB
KReclaimable:      57212 kB
Slab:             285968 kB
SReclaimable:      57212 kB
SUnreclaim:       228756 kB
KernelStack:       18576 kB
PageTables:        51564 kB
SecPageTables:         0 kB
NFS_Unstable:          0 kB
Bounce:                0 kB
WritebackTmp:          0 kB
CommitLimit:     8258920 kB
Committed_AS:   11667032 kB
VmallocTotal:   34359738367 kB
VmallocUsed:       46808 kB
VmallocChunk:          0 kB
Percpu:            13280 kB
HardwareCorrupted:     0 kB
AnonHugePages:    256000 kB
ShmemHugePages:        0 kB
ShmemPmdMapped:        0 kB
FileHugePages:         0 kB
FilePmdMapped:         0 kB
CmaTotal:              0 kB
CmaFree:               0 kB
Unaccepted:            0 kB
Balloon:               0 kB
HugePages_Total:       0
HugePages_Free:        0
HugePages_Rsvd:        0
HugePages_Surp:        0
Hugepagesize:       2048 kB
Hugetlb:               0 kB
DirectMap4k:      194432 kB
DirectMap2M:     6096896 kB
DirectMap1G:     4194304 kB
---SNAPSHOT---
2026-04-27 14:52:16
MemTotal:        8129240 kB
MemFree:         3629916 kB
MemAvailable:    3847716 kB
Buffers:            7332 kB
Cached:           324592 kB
SwapCached:       656444 kB
Active:          2636908 kB
Inactive:        1183992 kB
Active(anon):    2523556 kB
Inactive(anon):  1019860 kB
Active(file):     113352 kB
Inactive(file):   164132 kB
Unevictable:          16 kB
Mlocked:              16 kB
SwapTotal:       4194300 kB
SwapFree:        3400340 kB
Zswap:                 0 kB
Zswapped:              0 kB
Dirty:               140 kB
Writeback:         18436 kB
AnonPages:       2837644 kB
Mapped:           272928 kB
Shmem:             54448 kB
KReclaimable:      57212 kB
Slab:             286096 kB
SReclaimable:      57212 kB
SUnreclaim:       228884 kB
KernelStack:       18620 kB
PageTables:        52320 kB
SecPageTables:         0 kB
NFS_Unstable:          0 kB
Bounce:                0 kB
WritebackTmp:          0 kB
CommitLimit:     8258920 kB
Committed_AS:   11667004 kB
VmallocTotal:   34359738367 kB
VmallocUsed:       46824 kB
VmallocChunk:          0 kB
Percpu:            13280 kB
HardwareCorrupted:     0 kB
AnonHugePages:    256000 kB
ShmemHugePages:        0 kB
ShmemPmdMapped:        0 kB
FileHugePages:         0 kB
FilePmdMapped:         0 kB
CmaTotal:              0 kB
CmaFree:               0 kB
Unaccepted:            0 kB
Balloon:               0 kB
HugePages_Total:       0
HugePages_Free:        0
HugePages_Rsvd:        0
HugePages_Surp:        0
Hugepagesize:       2048 kB
Hugetlb:               0 kB
DirectMap4k:      194432 kB
DirectMap2M:     6096896 kB
DirectMap1G:     4194304 kB
---SNAPSHOT---
2026-04-27 14:52:17
MemTotal:        8129240 kB
MemFree:         3233204 kB
MemAvailable:    3451024 kB
Buffers:            7332 kB
Cached:           324600 kB
SwapCached:       674364 kB
Active:          2987552 kB
Inactive:        1209972 kB
Active(anon):    2874200 kB
Inactive(anon):  1045820 kB
Active(file):     113352 kB
Inactive(file):   164152 kB
Unevictable:          16 kB
Mlocked:              16 kB
SwapTotal:       4194300 kB
SwapFree:        3382420 kB
Zswap:                 0 kB
Zswapped:              0 kB
Dirty:               148 kB
Writeback:         10456 kB
AnonPages:       3176912 kB
Mapped:           272928 kB
Shmem:             54448 kB
KReclaimable:      57212 kB
Slab:             285632 kB
SReclaimable:      57212 kB
SUnreclaim:       228420 kB
KernelStack:       18576 kB
PageTables:        53172 kB
SecPageTables:         0 kB
NFS_Unstable:          0 kB
Bounce:                0 kB
WritebackTmp:          0 kB
CommitLimit:     8258920 kB
Committed_AS:   11666492 kB
VmallocTotal:   34359738367 kB
VmallocUsed:       46808 kB
VmallocChunk:          0 kB
Percpu:            13280 kB
HardwareCorrupted:     0 kB
AnonHugePages:    256000 kB
ShmemHugePages:        0 kB
ShmemPmdMapped:        0 kB
FileHugePages:         0 kB
FilePmdMapped:         0 kB
CmaTotal:              0 kB
CmaFree:               0 kB
Unaccepted:            0 kB
Balloon:               0 kB
HugePages_Total:       0
HugePages_Free:        0
HugePages_Rsvd:        0
HugePages_Surp:        0
Hugepagesize:       2048 kB
Hugetlb:               0 kB
DirectMap4k:      194432 kB
DirectMap2M:     6096896 kB
DirectMap1G:     4194304 kB
---SNAPSHOT---
2026-04-27 14:52:18
MemTotal:        8129240 kB
MemFree:         4262012 kB
MemAvailable:    4479840 kB
Buffers:            7332 kB
Cached:           324604 kB
SwapCached:       689724 kB
Active:          1969660 kB
Inactive:        1216192 kB
Active(anon):    1856308 kB
Inactive(anon):  1052032 kB
Active(file):     113352 kB
Inactive(file):   164160 kB
Unevictable:          16 kB
Mlocked:              16 kB
SwapTotal:       4194300 kB
SwapFree:        3367060 kB
Zswap:                 0 kB
Zswapped:              0 kB
Dirty:               152 kB
Writeback:         19564 kB
AnonPages:       2169700 kB
Mapped:           272928 kB
Shmem:             54448 kB
KReclaimable:      57212 kB
Slab:             286176 kB
SReclaimable:      57212 kB
SUnreclaim:       228964 kB
KernelStack:       18576 kB
PageTables:        51896 kB
SecPageTables:         0 kB
NFS_Unstable:          0 kB
Bounce:                0 kB
WritebackTmp:          0 kB
CommitLimit:     8258920 kB
Committed_AS:   11666608 kB
VmallocTotal:   34359738367 kB
VmallocUsed:       46808 kB
VmallocChunk:          0 kB
Percpu:            13280 kB
HardwareCorrupted:     0 kB
AnonHugePages:    256000 kB
ShmemHugePages:        0 kB
ShmemPmdMapped:        0 kB
FileHugePages:         0 kB
FilePmdMapped:         0 kB
CmaTotal:              0 kB
CmaFree:               0 kB
Unaccepted:            0 kB
Balloon:               0 kB
HugePages_Total:       0
HugePages_Free:        0
HugePages_Rsvd:        0
HugePages_Surp:        0
Hugepagesize:       2048 kB
Hugetlb:               0 kB
DirectMap4k:      194432 kB
DirectMap2M:     6096896 kB
DirectMap1G:     4194304 kB
---SNAPSHOT---
2026-04-27 14:52:19
MemTotal:        8129240 kB
MemFree:         3619060 kB
MemAvailable:    3836888 kB
Buffers:            7332 kB
Cached:           324612 kB
SwapCached:       689724 kB
Active:          2625016 kB
Inactive:        1221332 kB
Active(anon):    2511664 kB
Inactive(anon):  1057172 kB
Active(file):     113352 kB
Inactive(file):   164160 kB
Unevictable:          16 kB
Mlocked:              16 kB
SwapTotal:       4194300 kB
SwapFree:        3367060 kB
Zswap:                 0 kB
Zswapped:              0 kB
Dirty:               160 kB
Writeback:         14448 kB
AnonPages:       2830248 kB
Mapped:           272928 kB
Shmem:             54448 kB
KReclaimable:      57212 kB
Slab:             286032 kB
SReclaimable:      57212 kB
SUnreclaim:       228820 kB
KernelStack:       18576 kB
PageTables:        52676 kB
SecPageTables:         0 kB
NFS_Unstable:          0 kB
Bounce:                0 kB
WritebackTmp:          0 kB
CommitLimit:     8258920 kB
Committed_AS:   11666444 kB
VmallocTotal:   34359738367 kB
VmallocUsed:       46824 kB
VmallocChunk:          0 kB
Percpu:            13280 kB
HardwareCorrupted:     0 kB
AnonHugePages:    256000 kB
ShmemHugePages:        0 kB
ShmemPmdMapped:        0 kB
FileHugePages:         0 kB
FilePmdMapped:         0 kB
CmaTotal:              0 kB
CmaFree:               0 kB
Unaccepted:            0 kB
Balloon:               0 kB
HugePages_Total:       0
HugePages_Free:        0
HugePages_Rsvd:        0
HugePages_Surp:        0
Hugepagesize:       2048 kB
Hugetlb:               0 kB
DirectMap4k:      194432 kB
DirectMap2M:     6096896 kB
DirectMap1G:     4194304 kB
---SNAPSHOT---
2026-04-27 14:52:20
MemTotal:        8129240 kB
MemFree:         3562792 kB
MemAvailable:    3780632 kB
Buffers:            7332 kB
Cached:           324616 kB
SwapCached:       689724 kB
Active:          2638628 kB
Inactive:        1225448 kB
Active(anon):    2525276 kB
Inactive(anon):  1061276 kB
Active(file):     113352 kB
Inactive(file):   164172 kB
Unevictable:          16 kB
Mlocked:              16 kB
SwapTotal:       4194300 kB
SwapFree:        3367060 kB
Zswap:                 0 kB
Zswapped:              0 kB
Dirty:               164 kB
Writeback:         10244 kB
AnonPages:       2847836 kB
Mapped:           272928 kB
Shmem:             54448 kB
KReclaimable:      57212 kB
Slab:             285584 kB
SReclaimable:      57212 kB
SUnreclaim:       228372 kB
KernelStack:       18636 kB
PageTables:        52164 kB
SecPageTables:         0 kB
NFS_Unstable:          0 kB
Bounce:                0 kB
WritebackTmp:          0 kB
CommitLimit:     8258920 kB
Committed_AS:   11667000 kB
VmallocTotal:   34359738367 kB
VmallocUsed:       46824 kB
VmallocChunk:          0 kB
Percpu:            13280 kB
HardwareCorrupted:     0 kB
AnonHugePages:    256000 kB
ShmemHugePages:        0 kB
ShmemPmdMapped:        0 kB
FileHugePages:         0 kB
FilePmdMapped:         0 kB
CmaTotal:              0 kB
CmaFree:               0 kB
Unaccepted:            0 kB
Balloon:               0 kB
HugePages_Total:       0
HugePages_Free:        0
HugePages_Rsvd:        0
HugePages_Surp:        0
Hugepagesize:       2048 kB
Hugetlb:               0 kB
DirectMap4k:      194432 kB
DirectMap2M:     6096896 kB
DirectMap1G:     4194304 kB
---SNAPSHOT---
2026-04-27 14:52:23
MemTotal:        8129240 kB
MemFree:         3310724 kB
MemAvailable:    3528568 kB
Buffers:            7340 kB
Cached:           324616 kB
SwapCached:       676128 kB
Active:          2960908 kB
Inactive:        1206908 kB
Active(anon):    2847556 kB
Inactive(anon):  1042732 kB
Active(file):     113352 kB
Inactive(file):   164176 kB
Unevictable:          16 kB
Mlocked:              16 kB
SwapTotal:       4194300 kB
SwapFree:        3380780 kB
Zswap:                 0 kB
Zswapped:              0 kB
Dirty:               168 kB
Writeback:         15524 kB
AnonPages:       3162912 kB
Mapped:           273028 kB
Shmem:             54448 kB
KReclaimable:      57212 kB
Slab:             286024 kB
SReclaimable:      57212 kB
SUnreclaim:       228812 kB
KernelStack:       18604 kB
PageTables:        52620 kB
SecPageTables:         0 kB
NFS_Unstable:          0 kB
Bounce:                0 kB
WritebackTmp:          0 kB
CommitLimit:     8258920 kB
Committed_AS:   11666760 kB
VmallocTotal:   34359738367 kB
VmallocUsed:       46824 kB
VmallocChunk:          0 kB
Percpu:            13280 kB
HardwareCorrupted:     0 kB
AnonHugePages:    256000 kB
ShmemHugePages:        0 kB
ShmemPmdMapped:        0 kB
FileHugePages:         0 kB
FilePmdMapped:         0 kB
CmaTotal:              0 kB
CmaFree:               0 kB
Unaccepted:            0 kB
Balloon:               0 kB
HugePages_Total:       0
HugePages_Free:        0
HugePages_Rsvd:        0
HugePages_Surp:        0
Hugepagesize:       2048 kB
Hugetlb:               0 kB
DirectMap4k:      194432 kB
DirectMap2M:     6096896 kB
DirectMap1G:     4194304 kB
---SNAPSHOT---
2026-04-27 14:52:24
MemTotal:        8129240 kB
MemFree:         4395748 kB
MemAvailable:    4613608 kB
Buffers:            7340 kB
Cached:           324628 kB
SwapCached:        80956 kB
Active:          2429112 kB
Inactive:         627140 kB
Active(anon):    2315760 kB
Inactive(anon):   462948 kB
Active(file):     113352 kB
Inactive(file):   164192 kB
Unevictable:          16 kB
Mlocked:              16 kB
SwapTotal:       4194300 kB
SwapFree:        3975856 kB
Zswap:                 0 kB
Zswapped:              0 kB
Dirty:               176 kB
Writeback:             0 kB
AnonPages:       2646128 kB
Mapped:           273156 kB
Shmem:             54448 kB
KReclaimable:      57212 kB
Slab:             284992 kB
SReclaimable:      57212 kB
SUnreclaim:       227780 kB
KernelStack:       18576 kB
PageTables:        49860 kB
SecPageTables:         0 kB
NFS_Unstable:          0 kB
Bounce:                0 kB
WritebackTmp:          0 kB
CommitLimit:     8258920 kB
Committed_AS:   11666804 kB
VmallocTotal:   34359738367 kB
VmallocUsed:       46808 kB
VmallocChunk:          0 kB
Percpu:            13280 kB
HardwareCorrupted:     0 kB
AnonHugePages:    256000 kB
ShmemHugePages:        0 kB
ShmemPmdMapped:        0 kB
FileHugePages:         0 kB
FilePmdMapped:         0 kB
CmaTotal:              0 kB
CmaFree:               0 kB
Unaccepted:            0 kB
Balloon:               0 kB
HugePages_Total:       0
HugePages_Free:        0
HugePages_Rsvd:        0
HugePages_Surp:        0
Hugepagesize:       2048 kB
Hugetlb:               0 kB
DirectMap4k:      194432 kB
DirectMap2M:     6096896 kB
DirectMap1G:     4194304 kB
---SNAPSHOT---
2026-04-27 14:52:25
MemTotal:        8129240 kB
MemFree:         3491368 kB
MemAvailable:    3709228 kB
Buffers:            7340 kB
Cached:           324632 kB
SwapCached:        80928 kB
Active:          3351940 kB
Inactive:         627032 kB
Active(anon):    3238588 kB
Inactive(anon):   462840 kB
Active(file):     113352 kB
Inactive(file):   164192 kB
Unevictable:          16 kB
Mlocked:              16 kB
SwapTotal:       4194300 kB
SwapFree:        3975856 kB
Zswap:                 0 kB
Zswapped:              0 kB
Dirty:               180 kB
Writeback:             0 kB
AnonPages:       3569308 kB
Mapped:           272928 kB
Shmem:             54448 kB
KReclaimable:      57212 kB
Slab:             284928 kB
SReclaimable:      57212 kB
SUnreclaim:       227716 kB
KernelStack:       18576 kB
PageTables:        51308 kB
SecPageTables:         0 kB
NFS_Unstable:          0 kB
Bounce:                0 kB
WritebackTmp:          0 kB
CommitLimit:     8258920 kB
Committed_AS:   11666280 kB
VmallocTotal:   34359738367 kB
VmallocUsed:       46776 kB
VmallocChunk:          0 kB
Percpu:            13280 kB
HardwareCorrupted:     0 kB
AnonHugePages:    256000 kB
ShmemHugePages:        0 kB
ShmemPmdMapped:        0 kB
FileHugePages:         0 kB
FilePmdMapped:         0 kB
CmaTotal:              0 kB
CmaFree:               0 kB
Unaccepted:            0 kB
Balloon:               0 kB
HugePages_Total:       0
HugePages_Free:        0
HugePages_Rsvd:        0
HugePages_Surp:        0
Hugepagesize:       2048 kB
Hugetlb:               0 kB
DirectMap4k:      194432 kB
DirectMap2M:     6096896 kB
DirectMap1G:     4194304 kB
---SNAPSHOT---
2026-04-27 14:52:26
MemTotal:        8129240 kB
MemFree:         3234592 kB
MemAvailable:    3452464 kB
Buffers:            7348 kB
Cached:           324640 kB
SwapCached:       110796 kB
Active:          3581616 kB
Inactive:         655088 kB
Active(anon):    3468264 kB
Inactive(anon):   490884 kB
Active(file):     113352 kB
Inactive(file):   164204 kB
Unevictable:          16 kB
Mlocked:              16 kB
SwapTotal:       4194300 kB
SwapFree:        3945804 kB
Zswap:                 0 kB
Zswapped:              0 kB
Dirty:               192 kB
Writeback:          1368 kB
AnonPages:       3799200 kB
Mapped:           272928 kB
Shmem:             54448 kB
KReclaimable:      57212 kB
Slab:             284928 kB
SReclaimable:      57212 kB
SUnreclaim:       227716 kB
KernelStack:       18576 kB
PageTables:        52228 kB
SecPageTables:         0 kB
NFS_Unstable:          0 kB
Bounce:                0 kB
WritebackTmp:          0 kB
CommitLimit:     8258920 kB
Committed_AS:   11667140 kB
VmallocTotal:   34359738367 kB
VmallocUsed:       46776 kB
VmallocChunk:          0 kB
Percpu:            13280 kB
HardwareCorrupted:     0 kB
AnonHugePages:    256000 kB
ShmemHugePages:        0 kB
ShmemPmdMapped:        0 kB
FileHugePages:         0 kB
FilePmdMapped:         0 kB
CmaTotal:              0 kB
CmaFree:               0 kB
Unaccepted:            0 kB
Balloon:               0 kB
HugePages_Total:       0
HugePages_Free:        0
HugePages_Rsvd:        0
HugePages_Surp:        0
Hugepagesize:       2048 kB
Hugetlb:               0 kB
DirectMap4k:      194432 kB
DirectMap2M:     6096896 kB
DirectMap1G:     4194304 kB
---SNAPSHOT---
2026-04-27 14:52:27
MemTotal:        8129240 kB
MemFree:         3876312 kB
MemAvailable:    4094192 kB
Buffers:            7348 kB
Cached:           324644 kB
SwapCached:       514084 kB
Active:          2560776 kB
Inactive:        1040612 kB
Active(anon):    2447424 kB
Inactive(anon):   876400 kB
Active(file):     113352 kB
Inactive(file):   164212 kB
Unevictable:          16 kB
Mlocked:              16 kB
SwapTotal:       4194300 kB
SwapFree:        3542700 kB
Zswap:                 0 kB
Zswapped:              0 kB
Dirty:               196 kB
Writeback:         19572 kB
AnonPages:       2760764 kB
Mapped:           272928 kB
Shmem:             54448 kB
KReclaimable:      57212 kB
Slab:             286144 kB
SReclaimable:      57212 kB
SUnreclaim:       228932 kB
KernelStack:       18576 kB
PageTables:        51268 kB
SecPageTables:         0 kB
NFS_Unstable:          0 kB
Bounce:                0 kB
WritebackTmp:          0 kB
CommitLimit:     8258920 kB
Committed_AS:   11667000 kB
VmallocTotal:   34359738367 kB
VmallocUsed:       46760 kB
VmallocChunk:          0 kB
Percpu:            13280 kB
HardwareCorrupted:     0 kB
AnonHugePages:    256000 kB
ShmemHugePages:        0 kB
ShmemPmdMapped:        0 kB
FileHugePages:         0 kB
FilePmdMapped:         0 kB
CmaTotal:              0 kB
CmaFree:               0 kB
Unaccepted:            0 kB
Balloon:               0 kB
HugePages_Total:       0
HugePages_Free:        0
HugePages_Rsvd:        0
HugePages_Surp:        0
Hugepagesize:       2048 kB
Hugetlb:               0 kB
DirectMap4k:      194432 kB
DirectMap2M:     6096896 kB
DirectMap1G:     4194304 kB
---SNAPSHOT---
2026-04-27 14:52:28
MemTotal:        8129240 kB
MemFree:         3215292 kB
MemAvailable:    3433180 kB
Buffers:            7348 kB
Cached:           324648 kB
SwapCached:       532004 kB
Active:          3212136 kB
Inactive:        1053968 kB
Active(anon):    3098784 kB
Inactive(anon):   889748 kB
Active(file):     113352 kB
Inactive(file):   164220 kB
Unevictable:          16 kB
Mlocked:              16 kB
SwapTotal:       4194300 kB
SwapFree:        3524780 kB
Zswap:                 0 kB
Zswapped:              0 kB
Dirty:               200 kB
Writeback:         24068 kB
AnonPages:       3407844 kB
Mapped:           272928 kB
Shmem:             54448 kB
KReclaimable:      57212 kB
Slab:             286328 kB
SReclaimable:      57212 kB
SUnreclaim:       229116 kB
KernelStack:       18592 kB
PageTables:        52084 kB
SecPageTables:         0 kB
NFS_Unstable:          0 kB
Bounce:                0 kB
WritebackTmp:          0 kB
CommitLimit:     8258920 kB
Committed_AS:   11666376 kB
VmallocTotal:   34359738367 kB
VmallocUsed:       46808 kB
VmallocChunk:          0 kB
Percpu:            13280 kB
HardwareCorrupted:     0 kB
AnonHugePages:    256000 kB
ShmemHugePages:        0 kB
ShmemPmdMapped:        0 kB
FileHugePages:         0 kB
FilePmdMapped:         0 kB
CmaTotal:              0 kB
CmaFree:               0 kB
Unaccepted:            0 kB
Balloon:               0 kB
HugePages_Total:       0
HugePages_Free:        0
HugePages_Rsvd:        0
HugePages_Surp:        0
Hugepagesize:       2048 kB
Hugetlb:               0 kB
DirectMap4k:      194432 kB
DirectMap2M:     6096896 kB
DirectMap1G:     4194304 kB
---SNAPSHOT---
2026-04-27 14:52:29
MemTotal:        8129240 kB
MemFree:         3805532 kB
MemAvailable:    4023424 kB
Buffers:            7348 kB
Cached:           324656 kB
SwapCached:       532004 kB
Active:          2584440 kB
Inactive:        1057544 kB
Active(anon):    2471088 kB
Inactive(anon):   893320 kB
Active(file):     113352 kB
Inactive(file):   164224 kB
Unevictable:          16 kB
Mlocked:              16 kB
SwapTotal:       4194300 kB
SwapFree:        3524780 kB
Zswap:                 0 kB
Zswapped:              0 kB
Dirty:               208 kB
Writeback:         20484 kB
AnonPages:       2783400 kB
Mapped:           272928 kB
Shmem:             54448 kB
KReclaimable:      57212 kB
Slab:             286144 kB
SReclaimable:      57212 kB
SUnreclaim:       228932 kB
KernelStack:       18576 kB
PageTables:        51360 kB
SecPageTables:         0 kB
NFS_Unstable:          0 kB
Bounce:                0 kB
WritebackTmp:          0 kB
CommitLimit:     8258920 kB
Committed_AS:   11667136 kB
VmallocTotal:   34359738367 kB
VmallocUsed:       46840 kB
VmallocChunk:          0 kB
Percpu:            13280 kB
HardwareCorrupted:     0 kB
AnonHugePages:    256000 kB
ShmemHugePages:        0 kB
ShmemPmdMapped:        0 kB
FileHugePages:         0 kB
FilePmdMapped:         0 kB
CmaTotal:              0 kB
CmaFree:               0 kB
Unaccepted:            0 kB
Balloon:               0 kB
HugePages_Total:       0
HugePages_Free:        0
HugePages_Rsvd:        0
HugePages_Surp:        0
Hugepagesize:       2048 kB
Hugetlb:               0 kB
DirectMap4k:      194432 kB
DirectMap2M:     6096896 kB
DirectMap1G:     4194304 kB
---SNAPSHOT---
2026-04-27 14:52:30
MemTotal:        8129240 kB
MemFree:         3809340 kB
MemAvailable:    4027240 kB
Buffers:            7348 kB
Cached:           324660 kB
SwapCached:       532004 kB
Active:          2619928 kB
Inactive:        1061136 kB
Active(anon):    2506576 kB
Inactive(anon):   896904 kB
Active(file):     113352 kB
Inactive(file):   164232 kB
Unevictable:          16 kB
Mlocked:              16 kB
SwapTotal:       4194300 kB
SwapFree:        3524780 kB
Zswap:                 0 kB
Zswapped:              0 kB
Dirty:               212 kB
Writeback:         16900 kB
AnonPages:       2822296 kB
Mapped:           272928 kB
Shmem:             54448 kB
KReclaimable:      57212 kB
Slab:             285920 kB
SReclaimable:      57212 kB
SUnreclaim:       228708 kB
KernelStack:       18576 kB
PageTables:        50976 kB
SecPageTables:         0 kB
NFS_Unstable:          0 kB
Bounce:                0 kB
WritebackTmp:          0 kB
CommitLimit:     8258920 kB
Committed_AS:   11666620 kB
VmallocTotal:   34359738367 kB
VmallocUsed:       46824 kB
VmallocChunk:          0 kB
Percpu:            13280 kB
HardwareCorrupted:     0 kB
AnonHugePages:    256000 kB
ShmemHugePages:        0 kB
ShmemPmdMapped:        0 kB
FileHugePages:         0 kB
FilePmdMapped:         0 kB
CmaTotal:              0 kB
CmaFree:               0 kB
Unaccepted:            0 kB
Balloon:               0 kB
HugePages_Total:       0
HugePages_Free:        0
HugePages_Rsvd:        0
HugePages_Surp:        0
Hugepagesize:       2048 kB
Hugetlb:               0 kB
DirectMap4k:      194432 kB
DirectMap2M:     6096896 kB
DirectMap1G:     4194304 kB
---SNAPSHOT---
2026-04-27 14:52:34
MemTotal:        8129240 kB
MemFree:         2904884 kB
MemAvailable:    3122800 kB
Buffers:            7356 kB
Cached:           324668 kB
SwapCached:       547368 kB
Active:          3479668 kB
Inactive:        1078124 kB
Active(anon):    3366316 kB
Inactive(anon):   913876 kB
Active(file):     113352 kB
Inactive(file):   164248 kB
Unevictable:          16 kB
Mlocked:              16 kB
SwapTotal:       4194300 kB
SwapFree:        3509416 kB
Zswap:                 0 kB
Zswapped:              0 kB
Dirty:               220 kB
Writeback:         15536 kB
AnonPages:       3685220 kB
Mapped:           273028 kB
Shmem:             54448 kB
KReclaimable:      57212 kB
Slab:             285920 kB
SReclaimable:      57212 kB
SUnreclaim:       228708 kB
KernelStack:       18576 kB
PageTables:        53236 kB
SecPageTables:         0 kB
NFS_Unstable:          0 kB
Bounce:                0 kB
WritebackTmp:          0 kB
CommitLimit:     8258920 kB
Committed_AS:   11666892 kB
VmallocTotal:   34359738367 kB
VmallocUsed:       46824 kB
VmallocChunk:          0 kB
Percpu:            13280 kB
HardwareCorrupted:     0 kB
AnonHugePages:    256000 kB
ShmemHugePages:        0 kB
ShmemPmdMapped:        0 kB
FileHugePages:         0 kB
FilePmdMapped:         0 kB
CmaTotal:              0 kB
CmaFree:               0 kB
Unaccepted:            0 kB
Balloon:               0 kB
HugePages_Total:       0
HugePages_Free:        0
HugePages_Rsvd:        0
HugePages_Surp:        0
Hugepagesize:       2048 kB
Hugetlb:               0 kB
DirectMap4k:      194432 kB
DirectMap2M:     6096896 kB
DirectMap1G:     4194304 kB
---SNAPSHOT---
2026-04-27 14:52:35
MemTotal:        8129240 kB
MemFree:         3803028 kB
MemAvailable:    4020948 kB
Buffers:            7356 kB
Cached:           324672 kB
SwapCached:       547508 kB
Active:          2493992 kB
Inactive:        1087816 kB
Active(anon):    2380640 kB
Inactive(anon):   923564 kB
Active(file):     113352 kB
Inactive(file):   164252 kB
Unevictable:          16 kB
Mlocked:              16 kB
SwapTotal:       4194300 kB
SwapFree:        3509276 kB
Zswap:                 0 kB
Zswapped:              0 kB
Dirty:               228 kB
Writeback:          5780 kB
AnonPages:       2709012 kB
Mapped:           273012 kB
Shmem:             54448 kB
KReclaimable:      57212 kB
Slab:             285216 kB
SReclaimable:      57212 kB
SUnreclaim:       228004 kB
KernelStack:       18576 kB
PageTables:        51704 kB
SecPageTables:         0 kB
NFS_Unstable:          0 kB
Bounce:                0 kB
WritebackTmp:          0 kB
CommitLimit:     8258920 kB
Committed_AS:   11666892 kB
VmallocTotal:   34359738367 kB
VmallocUsed:       46856 kB
VmallocChunk:          0 kB
Percpu:            13280 kB
HardwareCorrupted:     0 kB
AnonHugePages:    256000 kB
ShmemHugePages:        0 kB
ShmemPmdMapped:        0 kB
FileHugePages:         0 kB
FilePmdMapped:         0 kB
CmaTotal:              0 kB
CmaFree:               0 kB
Unaccepted:            0 kB
Balloon:               0 kB
HugePages_Total:       0
HugePages_Free:        0
HugePages_Rsvd:        0
HugePages_Surp:        0
Hugepagesize:       2048 kB
Hugetlb:               0 kB
DirectMap4k:      194432 kB
DirectMap2M:     6096896 kB
DirectMap1G:     4194304 kB
---SNAPSHOT---
2026-04-27 14:52:36
MemTotal:        8129240 kB
MemFree:         3387756 kB
MemAvailable:    3605696 kB
Buffers:            7356 kB
Cached:           324692 kB
SwapCached:       547508 kB
Active:          2959672 kB
Inactive:        1090440 kB
Active(anon):    2846320 kB
Inactive(anon):   926168 kB
Active(file):     113352 kB
Inactive(file):   164272 kB
Unevictable:          16 kB
Mlocked:              16 kB
SwapTotal:       4194300 kB
SwapFree:        3509276 kB
Zswap:                 0 kB
Zswapped:              0 kB
Dirty:                72 kB
Writeback:          3392 kB
AnonPages:       3177184 kB
Mapped:           272928 kB
Shmem:             54448 kB
KReclaimable:      57212 kB
Slab:             285056 kB
SReclaimable:      57212 kB
SUnreclaim:       227844 kB
KernelStack:       18576 kB
PageTables:        52380 kB
SecPageTables:         0 kB
NFS_Unstable:          0 kB
Bounce:                0 kB
WritebackTmp:          0 kB
CommitLimit:     8258920 kB
Committed_AS:   11666760 kB
VmallocTotal:   34359738367 kB
VmallocUsed:       46856 kB
VmallocChunk:          0 kB
Percpu:            13280 kB
HardwareCorrupted:     0 kB
AnonHugePages:    256000 kB
ShmemHugePages:        0 kB
ShmemPmdMapped:        0 kB
FileHugePages:         0 kB
FilePmdMapped:         0 kB
CmaTotal:              0 kB
CmaFree:               0 kB
Unaccepted:            0 kB
Balloon:               0 kB
HugePages_Total:       0
HugePages_Free:        0
HugePages_Rsvd:        0
HugePages_Surp:        0
Hugepagesize:       2048 kB
Hugetlb:               0 kB
DirectMap4k:      194432 kB
DirectMap2M:     6096896 kB
DirectMap1G:     4194304 kB
---SNAPSHOT---
2026-04-27 14:52:37
MemTotal:        8129240 kB
MemFree:         2949280 kB
MemAvailable:    3167220 kB
Buffers:            7364 kB
Cached:           324700 kB
SwapCached:       547804 kB
Active:          3414556 kB
Inactive:        1093540 kB
Active(anon):    3301204 kB
Inactive(anon):   929268 kB
Active(file):     113352 kB
Inactive(file):   164272 kB
Unevictable:          16 kB
Mlocked:              16 kB
SwapTotal:       4194300 kB
SwapFree:        3508980 kB
Zswap:                 0 kB
Zswapped:              0 kB
Dirty:                80 kB
Writeback:           244 kB
AnonPages:       3634684 kB
Mapped:           272928 kB
Shmem:             54448 kB
KReclaimable:      57212 kB
Slab:             284864 kB
SReclaimable:      57212 kB
SUnreclaim:       227652 kB
KernelStack:       18560 kB
PageTables:        53104 kB
SecPageTables:         0 kB
NFS_Unstable:          0 kB
Bounce:                0 kB
WritebackTmp:          0 kB
CommitLimit:     8258920 kB
Committed_AS:   11667028 kB
VmallocTotal:   34359738367 kB
VmallocUsed:       46856 kB
VmallocChunk:          0 kB
Percpu:            13280 kB
HardwareCorrupted:     0 kB
AnonHugePages:    256000 kB
ShmemHugePages:        0 kB
ShmemPmdMapped:        0 kB
FileHugePages:         0 kB
FilePmdMapped:         0 kB
CmaTotal:              0 kB
CmaFree:               0 kB
Unaccepted:            0 kB
Balloon:               0 kB
HugePages_Total:       0
HugePages_Free:        0
HugePages_Rsvd:        0
HugePages_Surp:        0
Hugepagesize:       2048 kB
Hugetlb:               0 kB
DirectMap4k:      194432 kB
DirectMap2M:     6096896 kB
DirectMap1G:     4194304 kB
---SNAPSHOT---
2026-04-27 14:52:38
MemTotal:        8129240 kB
MemFree:         3754136 kB
MemAvailable:    3972096 kB
Buffers:            7364 kB
Cached:           324704 kB
SwapCached:       547804 kB
Active:          2572400 kB
Inactive:        1093564 kB
Active(anon):    2459048 kB
Inactive(anon):   929272 kB
Active(file):     113352 kB
Inactive(file):   164292 kB
Unevictable:          16 kB
Mlocked:              16 kB
SwapTotal:       4194300 kB
SwapFree:        3508980 kB
Zswap:                 0 kB
Zswapped:              0 kB
Dirty:                84 kB
Writeback:           160 kB
AnonPages:       2792976 kB
Mapped:           272928 kB
Shmem:             54448 kB
KReclaimable:      57212 kB
Slab:             284864 kB
SReclaimable:      57212 kB
SUnreclaim:       227652 kB
KernelStack:       18592 kB
PageTables:        51244 kB
SecPageTables:         0 kB
NFS_Unstable:          0 kB
Bounce:                0 kB
WritebackTmp:          0 kB
CommitLimit:     8258920 kB
Committed_AS:   11666892 kB
VmallocTotal:   34359738367 kB
VmallocUsed:       46856 kB
VmallocChunk:          0 kB
Percpu:            13280 kB
HardwareCorrupted:     0 kB
AnonHugePages:    256000 kB
ShmemHugePages:        0 kB
ShmemPmdMapped:        0 kB
FileHugePages:         0 kB
FilePmdMapped:         0 kB
CmaTotal:              0 kB
CmaFree:               0 kB
Unaccepted:            0 kB
Balloon:               0 kB
HugePages_Total:       0
HugePages_Free:        0
HugePages_Rsvd:        0
HugePages_Surp:        0
Hugepagesize:       2048 kB
Hugetlb:               0 kB
DirectMap4k:      194432 kB
DirectMap2M:     6096896 kB
DirectMap1G:     4194304 kB
---SNAPSHOT---
2026-04-27 14:52:39
MemTotal:        8129240 kB
MemFree:         3298840 kB
MemAvailable:    3516812 kB
Buffers:            7364 kB
Cached:           324716 kB
SwapCached:       547984 kB
Active:          3040832 kB
Inactive:        1093576 kB
Active(anon):    2927480 kB
Inactive(anon):   929272 kB
Active(file):     113352 kB
Inactive(file):   164304 kB
Unevictable:          16 kB
Mlocked:              16 kB
SwapTotal:       4194300 kB
SwapFree:        3508800 kB
Zswap:                 0 kB
Zswapped:              0 kB
Dirty:               100 kB
Writeback:           192 kB
AnonPages:       3261100 kB
Mapped:           272928 kB
Shmem:             54448 kB
KReclaimable:      57212 kB
Slab:             284864 kB
SReclaimable:      57212 kB
SUnreclaim:       227652 kB
KernelStack:       18560 kB
PageTables:        52316 kB
SecPageTables:         0 kB
NFS_Unstable:          0 kB
Bounce:                0 kB
WritebackTmp:          0 kB
CommitLimit:     8258920 kB
