---SNAPSHOT---
2026-04-27 13:37:09
MemTotal:        8129240 kB
MemFree:         4912572 kB
MemAvailable:    5095660 kB
Buffers:            6220 kB
Cached:           273264 kB
SwapCached:        39396 kB
Active:          1888488 kB
Inactive:         593552 kB
Active(anon):    1794540 kB
Inactive(anon):   445328 kB
Active(file):      93948 kB
Inactive(file):   148224 kB
Unevictable:           0 kB
Mlocked:               0 kB
SwapTotal:       4194300 kB
SwapFree:        4017388 kB
Zswap:                 0 kB
Zswapped:              0 kB
Dirty:               436 kB
Writeback:             0 kB
AnonPages:       2168036 kB
Mapped:           230132 kB
Shmem:             37300 kB
KReclaimable:      57812 kB
Slab:             285324 kB
SReclaimable:      57812 kB
SUnreclaim:       227512 kB
KernelStack:       18700 kB
PageTables:        54028 kB
SecPageTables:         0 kB
NFS_Unstable:          0 kB
Bounce:                0 kB
WritebackTmp:          0 kB
CommitLimit:     8258920 kB
Committed_AS:    9308760 kB
VmallocTotal:   34359738367 kB
VmallocUsed:       46936 kB
VmallocChunk:          0 kB
Percpu:            13280 kB
HardwareCorrupted:     0 kB
AnonHugePages:    249856 kB
ShmemHugePages:        0 kB
ShmemPmdMapped:        0 kB
FileHugePages:         0 kB
FilePmdMapped:         0 kB
CmaTotal:              0 kB
CmaFree:               0 kB
Unaccepted:            0 kB
Balloon:               0 kB
HugePages_Total:       0
HugePages_Free:        0
HugePages_Rsvd:        0
HugePages_Surp:        0
Hugepagesize:       2048 kB
Hugetlb:               0 kB
DirectMap4k:      194432 kB
DirectMap2M:     6096896 kB
DirectMap1G:     4194304 kB
---SNAPSHOT---
2026-04-27 13:37:10
MemTotal:        8129240 kB
MemFree:         4919260 kB
MemAvailable:    5102672 kB
Buffers:            6228 kB
Cached:           273544 kB
SwapCached:        39396 kB
Active:          1889028 kB
Inactive:         593748 kB
Active(anon):    1794952 kB
Inactive(anon):   445328 kB
Active(file):      94076 kB
Inactive(file):   148420 kB
Unevictable:           0 kB
Mlocked:               0 kB
SwapTotal:       4194300 kB
SwapFree:        4017388 kB
Zswap:                 0 kB
Zswapped:              0 kB
Dirty:               500 kB
Writeback:             0 kB
AnonPages:       2168696 kB
Mapped:           230184 kB
Shmem:             37300 kB
KReclaimable:      57812 kB
Slab:             285324 kB
SReclaimable:      57812 kB
SUnreclaim:       227512 kB
KernelStack:       18780 kB
PageTables:        54436 kB
SecPageTables:         0 kB
NFS_Unstable:          0 kB
Bounce:                0 kB
WritebackTmp:          0 kB
CommitLimit:     8258920 kB
Committed_AS:    9308904 kB
VmallocTotal:   34359738367 kB
VmallocUsed:       47016 kB
VmallocChunk:          0 kB
Percpu:            13280 kB
HardwareCorrupted:     0 kB
AnonHugePages:    249856 kB
ShmemHugePages:        0 kB
ShmemPmdMapped:        0 kB
FileHugePages:         0 kB
FilePmdMapped:         0 kB
CmaTotal:              0 kB
CmaFree:               0 kB
Unaccepted:            0 kB
Balloon:               0 kB
HugePages_Total:       0
HugePages_Free:        0
HugePages_Rsvd:        0
HugePages_Surp:        0
Hugepagesize:       2048 kB
Hugetlb:               0 kB
DirectMap4k:      194432 kB
DirectMap2M:     6096896 kB
DirectMap1G:     4194304 kB
---SNAPSHOT---
2026-04-27 13:37:11
MemTotal:        8129240 kB
MemFree:         4932136 kB
MemAvailable:    5115580 kB
Buffers:            6228 kB
Cached:           273548 kB
SwapCached:        39396 kB
Active:          1889604 kB
Inactive:         593764 kB
Active(anon):    1795528 kB
Inactive(anon):   445328 kB
Active(file):      94076 kB
Inactive(file):   148436 kB
Unevictable:           0 kB
Mlocked:               0 kB
SwapTotal:       4194300 kB
SwapFree:        4017388 kB
Zswap:                 0 kB
Zswapped:              0 kB
Dirty:               504 kB
Writeback:             0 kB
AnonPages:       2169212 kB
Mapped:           230184 kB
Shmem:             37300 kB
KReclaimable:      57828 kB
Slab:             285372 kB
SReclaimable:      57828 kB
SUnreclaim:       227544 kB
KernelStack:       18812 kB
PageTables:        54560 kB
SecPageTables:         0 kB
NFS_Unstable:          0 kB
Bounce:                0 kB
WritebackTmp:          0 kB
CommitLimit:     8258920 kB
Committed_AS:    9310956 kB
VmallocTotal:   34359738367 kB
VmallocUsed:       47048 kB
VmallocChunk:          0 kB
Percpu:            13280 kB
HardwareCorrupted:     0 kB
AnonHugePages:    249856 kB
ShmemHugePages:        0 kB
ShmemPmdMapped:        0 kB
FileHugePages:         0 kB
FilePmdMapped:         0 kB
CmaTotal:              0 kB
CmaFree:               0 kB
Unaccepted:            0 kB
Balloon:               0 kB
HugePages_Total:       0
HugePages_Free:        0
HugePages_Rsvd:        0
HugePages_Surp:        0
Hugepagesize:       2048 kB
Hugetlb:               0 kB
DirectMap4k:      194432 kB
DirectMap2M:     6096896 kB
DirectMap1G:     4194304 kB
---SNAPSHOT---
2026-04-27 13:37:12
MemTotal:        8129240 kB
MemFree:         4947988 kB
MemAvailable:    5131480 kB
Buffers:            6360 kB
Cached:           273576 kB
SwapCached:        39396 kB
Active:          1889612 kB
Inactive:         593812 kB
Active(anon):    1795536 kB
Inactive(anon):   445328 kB
Active(file):      94076 kB
Inactive(file):   148484 kB
Unevictable:           0 kB
Mlocked:               0 kB
SwapTotal:       4194300 kB
SwapFree:        4017388 kB
Zswap:                 0 kB
Zswapped:              0 kB
Dirty:               512 kB
Writeback:             0 kB
AnonPages:       2168992 kB
Mapped:           230184 kB
Shmem:             37300 kB
KReclaimable:      57828 kB
Slab:             285500 kB
SReclaimable:      57828 kB
SUnreclaim:       227672 kB
KernelStack:       18688 kB
PageTables:        54804 kB
SecPageTables:         0 kB
NFS_Unstable:          0 kB
Bounce:                0 kB
WritebackTmp:          0 kB
CommitLimit:     8258920 kB
Committed_AS:    9310936 kB
VmallocTotal:   34359738367 kB
VmallocUsed:       47000 kB
VmallocChunk:          0 kB
Percpu:            13280 kB
HardwareCorrupted:     0 kB
AnonHugePages:    249856 kB
ShmemHugePages:        0 kB
ShmemPmdMapped:        0 kB
FileHugePages:         0 kB
FilePmdMapped:         0 kB
CmaTotal:              0 kB
CmaFree:               0 kB
Unaccepted:            0 kB
Balloon:               0 kB
HugePages_Total:       0
HugePages_Free:        0
HugePages_Rsvd:        0
HugePages_Surp:        0
Hugepagesize:       2048 kB
Hugetlb:               0 kB
DirectMap4k:      194432 kB
DirectMap2M:     6096896 kB
DirectMap1G:     4194304 kB
---SNAPSHOT---
2026-04-27 13:37:13
MemTotal:        8129240 kB
MemFree:         4514152 kB
MemAvailable:    4709112 kB
Buffers:            6632 kB
Cached:           301924 kB
SwapCached:        39396 kB
Active:          2324152 kB
Inactive:         594380 kB
Active(anon):    2219176 kB
Inactive(anon):   445328 kB
Active(file):     104976 kB
Inactive(file):   149052 kB
Unevictable:          16 kB
Mlocked:              16 kB
SwapTotal:       4194300 kB
SwapFree:        4017388 kB
Zswap:                 0 kB
Zswapped:              0 kB
Dirty:               592 kB
Writeback:             0 kB
AnonPages:       2575476 kB
Mapped:           250852 kB
Shmem:             54448 kB
KReclaimable:      57828 kB
Slab:             285680 kB
SReclaimable:      57828 kB
SUnreclaim:       227852 kB
KernelStack:       18940 kB
PageTables:        55872 kB
SecPageTables:         0 kB
NFS_Unstable:          0 kB
Bounce:                0 kB
WritebackTmp:          0 kB
CommitLimit:     8258920 kB
Committed_AS:   11967088 kB
VmallocTotal:   34359738367 kB
VmallocUsed:       47128 kB
VmallocChunk:          0 kB
Percpu:            13280 kB
HardwareCorrupted:     0 kB
AnonHugePages:    249856 kB
ShmemHugePages:        0 kB
ShmemPmdMapped:        0 kB
FileHugePages:         0 kB
FilePmdMapped:         0 kB
CmaTotal:              0 kB
CmaFree:               0 kB
Unaccepted:            0 kB
Balloon:               0 kB
HugePages_Total:       0
HugePages_Free:        0
HugePages_Rsvd:        0
HugePages_Surp:        0
Hugepagesize:       2048 kB
Hugetlb:               0 kB
DirectMap4k:      194432 kB
DirectMap2M:     6096896 kB
DirectMap1G:     4194304 kB
---SNAPSHOT---
2026-04-27 13:37:14
MemTotal:        8129240 kB
MemFree:         3577412 kB
MemAvailable:    3772480 kB
Buffers:            6632 kB
Cached:           301932 kB
SwapCached:        39396 kB
Active:          3240584 kB
Inactive:         594392 kB
Active(anon):    3135512 kB
Inactive(anon):   445328 kB
Active(file):     105072 kB
Inactive(file):   149064 kB
Unevictable:          16 kB
Mlocked:              16 kB
SwapTotal:       4194300 kB
SwapFree:        4017388 kB
Zswap:                 0 kB
Zswapped:              0 kB
Dirty:               600 kB
Writeback:             0 kB
AnonPages:       3491872 kB
Mapped:           250968 kB
Shmem:             54448 kB
KReclaimable:      57828 kB
Slab:             285804 kB
SReclaimable:      57828 kB
SUnreclaim:       227976 kB
KernelStack:       18928 kB
PageTables:        57572 kB
SecPageTables:         0 kB
NFS_Unstable:          0 kB
Bounce:                0 kB
WritebackTmp:          0 kB
CommitLimit:     8258920 kB
Committed_AS:   11966868 kB
VmallocTotal:   34359738367 kB
VmallocUsed:       47112 kB
VmallocChunk:          0 kB
Percpu:            13280 kB
HardwareCorrupted:     0 kB
AnonHugePages:    249856 kB
ShmemHugePages:        0 kB
ShmemPmdMapped:        0 kB
FileHugePages:         0 kB
FilePmdMapped:         0 kB
CmaTotal:              0 kB
CmaFree:               0 kB
Unaccepted:            0 kB
Balloon:               0 kB
HugePages_Total:       0
HugePages_Free:        0
HugePages_Rsvd:        0
HugePages_Surp:        0
Hugepagesize:       2048 kB
Hugetlb:               0 kB
DirectMap4k:      194432 kB
DirectMap2M:     6096896 kB
DirectMap1G:     4194304 kB
---SNAPSHOT---
2026-04-27 13:37:15
MemTotal:        8129240 kB
MemFree:         3050760 kB
MemAvailable:    3245832 kB
Buffers:            6640 kB
Cached:           301928 kB
SwapCached:        39396 kB
Active:          3773820 kB
Inactive:         594396 kB
Active(anon):    3668748 kB
Inactive(anon):   445328 kB
Active(file):     105072 kB
Inactive(file):   149068 kB
Unevictable:          16 kB
Mlocked:              16 kB
SwapTotal:       4194300 kB
SwapFree:        4017388 kB
Zswap:                 0 kB
Zswapped:              0 kB
Dirty:               604 kB
Writeback:             0 kB
AnonPages:       4025124 kB
Mapped:           250892 kB
Shmem:             54448 kB
KReclaimable:      57828 kB
Slab:             285900 kB
SReclaimable:      57828 kB
SUnreclaim:       228072 kB
KernelStack:       18896 kB
PageTables:        58840 kB
SecPageTables:         0 kB
NFS_Unstable:          0 kB
Bounce:                0 kB
WritebackTmp:          0 kB
CommitLimit:     8258920 kB
Committed_AS:   11967860 kB
VmallocTotal:   34359738367 kB
VmallocUsed:       47112 kB
VmallocChunk:          0 kB
Percpu:            13280 kB
HardwareCorrupted:     0 kB
AnonHugePages:    249856 kB
ShmemHugePages:        0 kB
ShmemPmdMapped:        0 kB
FileHugePages:         0 kB
FilePmdMapped:         0 kB
CmaTotal:              0 kB
CmaFree:               0 kB
Unaccepted:            0 kB
Balloon:               0 kB
HugePages_Total:       0
HugePages_Free:        0
HugePages_Rsvd:        0
HugePages_Surp:        0
Hugepagesize:       2048 kB
Hugetlb:               0 kB
DirectMap4k:      194432 kB
DirectMap2M:     6096896 kB
DirectMap1G:     4194304 kB
---SNAPSHOT---
2026-04-27 13:37:16
MemTotal:        8129240 kB
MemFree:         3042664 kB
MemAvailable:    3237740 kB
Buffers:            6640 kB
Cached:           301940 kB
SwapCached:        39396 kB
Active:          3770876 kB
Inactive:         594400 kB
Active(anon):    3665804 kB
Inactive(anon):   445328 kB
Active(file):     105072 kB
Inactive(file):   149072 kB
Unevictable:          16 kB
Mlocked:              16 kB
SwapTotal:       4194300 kB
SwapFree:        4017388 kB
Zswap:                 0 kB
Zswapped:              0 kB
Dirty:               612 kB
Writeback:             0 kB
AnonPages:       4022396 kB
Mapped:           250892 kB
Shmem:             54448 kB
KReclaimable:      57828 kB
Slab:             286024 kB
SReclaimable:      57828 kB
SUnreclaim:       228196 kB
KernelStack:       18988 kB
PageTables:        58744 kB
SecPageTables:         0 kB
NFS_Unstable:          0 kB
Bounce:                0 kB
WritebackTmp:          0 kB
CommitLimit:     8258920 kB
Committed_AS:   11968712 kB
VmallocTotal:   34359738367 kB
VmallocUsed:       47208 kB
VmallocChunk:          0 kB
Percpu:            13280 kB
HardwareCorrupted:     0 kB
AnonHugePages:    249856 kB
ShmemHugePages:        0 kB
ShmemPmdMapped:        0 kB
FileHugePages:         0 kB
FilePmdMapped:         0 kB
CmaTotal:              0 kB
CmaFree:               0 kB
Unaccepted:            0 kB
Balloon:               0 kB
HugePages_Total:       0
HugePages_Free:        0
HugePages_Rsvd:        0
HugePages_Surp:        0
Hugepagesize:       2048 kB
Hugetlb:               0 kB
DirectMap4k:      194432 kB
DirectMap2M:     6096896 kB
DirectMap1G:     4194304 kB
---SNAPSHOT---
2026-04-27 13:37:17
MemTotal:        8129240 kB
MemFree:         4016956 kB
MemAvailable:    4212048 kB
Buffers:            6640 kB
Cached:           301948 kB
SwapCached:        39396 kB
Active:          2704996 kB
Inactive:         594416 kB
Active(anon):    2599924 kB
Inactive(anon):   445328 kB
Active(file):     105072 kB
Inactive(file):   149088 kB
Unevictable:          16 kB
Mlocked:              16 kB
SwapTotal:       4194300 kB
SwapFree:        4017388 kB
Zswap:                 0 kB
Zswapped:              0 kB
Dirty:               620 kB
Writeback:             0 kB
AnonPages:       2956372 kB
Mapped:           250892 kB
Shmem:             54448 kB
KReclaimable:      57828 kB
Slab:             286124 kB
SReclaimable:      57828 kB
SUnreclaim:       228296 kB
KernelStack:       18880 kB
PageTables:        56924 kB
SecPageTables:         0 kB
NFS_Unstable:          0 kB
Bounce:                0 kB
WritebackTmp:          0 kB
CommitLimit:     8258920 kB
Committed_AS:   11966944 kB
VmallocTotal:   34359738367 kB
VmallocUsed:       47128 kB
VmallocChunk:          0 kB
Percpu:            13280 kB
HardwareCorrupted:     0 kB
AnonHugePages:    249856 kB
ShmemHugePages:        0 kB
ShmemPmdMapped:        0 kB
FileHugePages:         0 kB
FilePmdMapped:         0 kB
CmaTotal:              0 kB
CmaFree:               0 kB
Unaccepted:            0 kB
Balloon:               0 kB
HugePages_Total:       0
HugePages_Free:        0
HugePages_Rsvd:        0
HugePages_Surp:        0
Hugepagesize:       2048 kB
Hugetlb:               0 kB
DirectMap4k:      194432 kB
DirectMap2M:     6096896 kB
DirectMap1G:     4194304 kB
---SNAPSHOT---
2026-04-27 13:37:18
MemTotal:        8129240 kB
MemFree:         3092740 kB
MemAvailable:    3287836 kB
Buffers:            6640 kB
Cached:           301952 kB
SwapCached:        39396 kB
Active:          3642784 kB
Inactive:         594420 kB
Active(anon):    3537712 kB
Inactive(anon):   445328 kB
Active(file):     105072 kB
Inactive(file):   149092 kB
Unevictable:          16 kB
Mlocked:              16 kB
SwapTotal:       4194300 kB
SwapFree:        4017388 kB
Zswap:                 0 kB
Zswapped:              0 kB
Dirty:               624 kB
Writeback:             0 kB
AnonPages:       3894376 kB
Mapped:           250892 kB
Shmem:             54448 kB
KReclaimable:      57828 kB
Slab:             286052 kB
SReclaimable:      57828 kB
SUnreclaim:       228224 kB
KernelStack:       18912 kB
PageTables:        58756 kB
SecPageTables:         0 kB
NFS_Unstable:          0 kB
Bounce:                0 kB
WritebackTmp:          0 kB
CommitLimit:     8258920 kB
Committed_AS:   11967100 kB
VmallocTotal:   34359738367 kB
VmallocUsed:       47176 kB
VmallocChunk:          0 kB
Percpu:            13280 kB
HardwareCorrupted:     0 kB
AnonHugePages:    249856 kB
ShmemHugePages:        0 kB
ShmemPmdMapped:        0 kB
FileHugePages:         0 kB
FilePmdMapped:         0 kB
CmaTotal:              0 kB
CmaFree:               0 kB
Unaccepted:            0 kB
Balloon:               0 kB
HugePages_Total:       0
HugePages_Free:        0
HugePages_Rsvd:        0
HugePages_Surp:        0
Hugepagesize:       2048 kB
Hugetlb:               0 kB
DirectMap4k:      194432 kB
DirectMap2M:     6096896 kB
DirectMap1G:     4194304 kB
---SNAPSHOT---
2026-04-27 13:37:19
MemTotal:        8129240 kB
MemFree:         2886060 kB
MemAvailable:    3081164 kB
Buffers:            6640 kB
Cached:           301960 kB
SwapCached:        39396 kB
Active:          3893520 kB
Inactive:         594428 kB
Active(anon):    3788448 kB
Inactive(anon):   445328 kB
Active(file):     105072 kB
Inactive(file):   149100 kB
Unevictable:          16 kB
Mlocked:              16 kB
SwapTotal:       4194300 kB
SwapFree:        4017388 kB
Zswap:                 0 kB
Zswapped:              0 kB
Dirty:               632 kB
Writeback:             0 kB
AnonPages:       4144716 kB
Mapped:           251120 kB
Shmem:             54448 kB
KReclaimable:      57828 kB
Slab:             286032 kB
SReclaimable:      57828 kB
SUnreclaim:       228204 kB
KernelStack:       18940 kB
PageTables:        58772 kB
SecPageTables:         0 kB
NFS_Unstable:          0 kB
Bounce:                0 kB
WritebackTmp:          0 kB
CommitLimit:     8258920 kB
Committed_AS:   11967132 kB
VmallocTotal:   34359738367 kB
VmallocUsed:       47160 kB
VmallocChunk:          0 kB
Percpu:            13280 kB
HardwareCorrupted:     0 kB
AnonHugePages:    249856 kB
ShmemHugePages:        0 kB
ShmemPmdMapped:        0 kB
FileHugePages:         0 kB
FilePmdMapped:         0 kB
CmaTotal:              0 kB
CmaFree:               0 kB
Unaccepted:            0 kB
Balloon:               0 kB
HugePages_Total:       0
HugePages_Free:        0
HugePages_Rsvd:        0
HugePages_Surp:        0
Hugepagesize:       2048 kB
Hugetlb:               0 kB
DirectMap4k:      194432 kB
DirectMap2M:     6096896 kB
DirectMap1G:     4194304 kB
---SNAPSHOT---
2026-04-27 13:37:20
MemTotal:        8129240 kB
MemFree:         3868004 kB
MemAvailable:    4063132 kB
Buffers:            6648 kB
Cached:           301964 kB
SwapCached:        39396 kB
Active:          2845320 kB
Inactive:         594436 kB
Active(anon):    2740248 kB
Inactive(anon):   445328 kB
Active(file):     105072 kB
Inactive(file):   149108 kB
Unevictable:          16 kB
Mlocked:              16 kB
SwapTotal:       4194300 kB
SwapFree:        4017388 kB
Zswap:                 0 kB
Zswapped:              0 kB
Dirty:               636 kB
Writeback:             0 kB
AnonPages:       3096456 kB
Mapped:           250892 kB
Shmem:             54448 kB
KReclaimable:      57844 kB
Slab:             285968 kB
SReclaimable:      57844 kB
SUnreclaim:       228124 kB
KernelStack:       18896 kB
PageTables:        57244 kB
SecPageTables:         0 kB
NFS_Unstable:          0 kB
Bounce:                0 kB
WritebackTmp:          0 kB
CommitLimit:     8258920 kB
Committed_AS:   11966708 kB
VmallocTotal:   34359738367 kB
VmallocUsed:       47144 kB
VmallocChunk:          0 kB
Percpu:            13280 kB
HardwareCorrupted:     0 kB
AnonHugePages:    249856 kB
ShmemHugePages:        0 kB
ShmemPmdMapped:        0 kB
FileHugePages:         0 kB
FilePmdMapped:         0 kB
CmaTotal:              0 kB
CmaFree:               0 kB
Unaccepted:            0 kB
Balloon:               0 kB
HugePages_Total:       0
HugePages_Free:        0
HugePages_Rsvd:        0
HugePages_Surp:        0
Hugepagesize:       2048 kB
Hugetlb:               0 kB
DirectMap4k:      194432 kB
DirectMap2M:     6096896 kB
DirectMap1G:     4194304 kB
---SNAPSHOT---
2026-04-27 13:37:21
MemTotal:        8129240 kB
MemFree:         3051012 kB
MemAvailable:    3246148 kB
Buffers:            6648 kB
Cached:           301968 kB
SwapCached:        39396 kB
Active:          3684296 kB
Inactive:         594444 kB
Active(anon):    3579224 kB
Inactive(anon):   445328 kB
Active(file):     105072 kB
Inactive(file):   149116 kB
Unevictable:          16 kB
Mlocked:              16 kB
SwapTotal:       4194300 kB
SwapFree:        4017388 kB
Zswap:                 0 kB
Zswapped:              0 kB
Dirty:               640 kB
Writeback:             0 kB
AnonPages:       3935820 kB
Mapped:           250892 kB
Shmem:             54448 kB
KReclaimable:      57844 kB
Slab:             285976 kB
SReclaimable:      57844 kB
SUnreclaim:       228132 kB
KernelStack:       18956 kB
PageTables:        58880 kB
SecPageTables:         0 kB
NFS_Unstable:          0 kB
Bounce:                0 kB
WritebackTmp:          0 kB
CommitLimit:     8258920 kB
Committed_AS:   11967076 kB
VmallocTotal:   34359738367 kB
VmallocUsed:       47144 kB
VmallocChunk:          0 kB
Percpu:            13280 kB
HardwareCorrupted:     0 kB
AnonHugePages:    249856 kB
ShmemHugePages:        0 kB
ShmemPmdMapped:        0 kB
FileHugePages:         0 kB
FilePmdMapped:         0 kB
CmaTotal:              0 kB
CmaFree:               0 kB
Unaccepted:            0 kB
Balloon:               0 kB
HugePages_Total:       0
HugePages_Free:        0
HugePages_Rsvd:        0
HugePages_Surp:        0
Hugepagesize:       2048 kB
Hugetlb:               0 kB
DirectMap4k:      194432 kB
DirectMap2M:     6096896 kB
DirectMap1G:     4194304 kB
---SNAPSHOT---
2026-04-27 13:37:22
MemTotal:        8129240 kB
MemFree:         2530240 kB
MemAvailable:    2725384 kB
Buffers:            6648 kB
Cached:           301976 kB
SwapCached:        39396 kB
Active:          4283380 kB
Inactive:         594452 kB
Active(anon):    4178308 kB
Inactive(anon):   445328 kB
Active(file):     105072 kB
Inactive(file):   149124 kB
Unevictable:          16 kB
Mlocked:              16 kB
SwapTotal:       4194300 kB
SwapFree:        4017388 kB
Zswap:                 0 kB
Zswapped:              0 kB
Dirty:               648 kB
Writeback:             0 kB
AnonPages:       4534716 kB
Mapped:           250892 kB
Shmem:             54448 kB
KReclaimable:      57844 kB
Slab:             286000 kB
SReclaimable:      57844 kB
SUnreclaim:       228156 kB
KernelStack:       18876 kB
PageTables:        60004 kB
SecPageTables:         0 kB
NFS_Unstable:          0 kB
Bounce:                0 kB
WritebackTmp:          0 kB
CommitLimit:     8258920 kB
Committed_AS:   11966592 kB
VmallocTotal:   34359738367 kB
VmallocUsed:       47144 kB
VmallocChunk:          0 kB
Percpu:            13280 kB
HardwareCorrupted:     0 kB
AnonHugePages:    249856 kB
ShmemHugePages:        0 kB
ShmemPmdMapped:        0 kB
FileHugePages:         0 kB
FilePmdMapped:         0 kB
CmaTotal:              0 kB
CmaFree:               0 kB
Unaccepted:            0 kB
Balloon:               0 kB
HugePages_Total:       0
HugePages_Free:        0
HugePages_Rsvd:        0
HugePages_Surp:        0
Hugepagesize:       2048 kB
Hugetlb:               0 kB
DirectMap4k:      194432 kB
DirectMap2M:     6096896 kB
DirectMap1G:     4194304 kB
---SNAPSHOT---
2026-04-27 13:37:23
MemTotal:        8129240 kB
MemFree:         3786016 kB
MemAvailable:    3981164 kB
Buffers:            6648 kB
Cached:           301980 kB
SwapCached:        39396 kB
Active:          2927388 kB
Inactive:         594456 kB
Active(anon):    2822316 kB
Inactive(anon):   445328 kB
Active(file):     105072 kB
Inactive(file):   149128 kB
Unevictable:          16 kB
Mlocked:              16 kB
SwapTotal:       4194300 kB
SwapFree:        4017388 kB
Zswap:                 0 kB
Zswapped:              0 kB
Dirty:               652 kB
Writeback:             0 kB
AnonPages:       3178868 kB
Mapped:           250892 kB
Shmem:             54448 kB
KReclaimable:      57844 kB
Slab:             285984 kB
SReclaimable:      57844 kB
SUnreclaim:       228140 kB
KernelStack:       18800 kB
PageTables:        57072 kB
SecPageTables:         0 kB
NFS_Unstable:          0 kB
Bounce:                0 kB
WritebackTmp:          0 kB
CommitLimit:     8258920 kB
Committed_AS:   11966452 kB
VmallocTotal:   34359738367 kB
VmallocUsed:       47080 kB
VmallocChunk:          0 kB
Percpu:            13280 kB
HardwareCorrupted:     0 kB
AnonHugePages:    249856 kB
ShmemHugePages:        0 kB
ShmemPmdMapped:        0 kB
FileHugePages:         0 kB
FilePmdMapped:         0 kB
CmaTotal:              0 kB
CmaFree:               0 kB
Unaccepted:            0 kB
Balloon:               0 kB
HugePages_Total:       0
HugePages_Free:        0
HugePages_Rsvd:        0
HugePages_Surp:        0
Hugepagesize:       2048 kB
Hugetlb:               0 kB
DirectMap4k:      194432 kB
DirectMap2M:     6096896 kB
DirectMap1G:     4194304 kB
---SNAPSHOT---
2026-04-27 13:37:24
MemTotal:        8129240 kB
MemFree:         3129000 kB
MemAvailable:    3324156 kB
Buffers:            6648 kB
Cached:           301988 kB
SwapCached:        39396 kB
Active:          3603856 kB
Inactive:         594464 kB
Active(anon):    3498784 kB
Inactive(anon):   445328 kB
Active(file):     105072 kB
Inactive(file):   149136 kB
Unevictable:          16 kB
Mlocked:              16 kB
SwapTotal:       4194300 kB
SwapFree:        4017388 kB
Zswap:                 0 kB
Zswapped:              0 kB
Dirty:               660 kB
Writeback:             0 kB
AnonPages:       3855212 kB
Mapped:           250892 kB
Shmem:             54448 kB
KReclaimable:      57844 kB
Slab:             285968 kB
SReclaimable:      57844 kB
SUnreclaim:       228124 kB
KernelStack:       18848 kB
PageTables:        58420 kB
SecPageTables:         0 kB
NFS_Unstable:          0 kB
Bounce:                0 kB
WritebackTmp:          0 kB
CommitLimit:     8258920 kB
Committed_AS:   11966868 kB
VmallocTotal:   34359738367 kB
VmallocUsed:       47048 kB
VmallocChunk:          0 kB
Percpu:            13280 kB
HardwareCorrupted:     0 kB
AnonHugePages:    249856 kB
ShmemHugePages:        0 kB
ShmemPmdMapped:        0 kB
FileHugePages:         0 kB
FilePmdMapped:         0 kB
CmaTotal:              0 kB
CmaFree:               0 kB
Unaccepted:            0 kB
Balloon:               0 kB
HugePages_Total:       0
HugePages_Free:        0
HugePages_Rsvd:        0
HugePages_Surp:        0
Hugepagesize:       2048 kB
Hugetlb:               0 kB
DirectMap4k:      194432 kB
DirectMap2M:     6096896 kB
DirectMap1G:     4194304 kB
---SNAPSHOT---
2026-04-27 13:37:25
MemTotal:        8129240 kB
MemFree:         2939028 kB
MemAvailable:    3134192 kB
Buffers:            6656 kB
Cached:           301992 kB
SwapCached:        39396 kB
Active:          3850236 kB
Inactive:         594472 kB
Active(anon):    3745164 kB
Inactive(anon):   445328 kB
Active(file):     105072 kB
Inactive(file):   149144 kB
Unevictable:          16 kB
Mlocked:              16 kB
SwapTotal:       4194300 kB
SwapFree:        4017388 kB
Zswap:                 0 kB
Zswapped:              0 kB
Dirty:               664 kB
Writeback:             0 kB
AnonPages:       4101372 kB
Mapped:           251120 kB
Shmem:             54448 kB
KReclaimable:      57844 kB
Slab:             285956 kB
SReclaimable:      57844 kB
SUnreclaim:       228112 kB
KernelStack:       18832 kB
PageTables:        58856 kB
SecPageTables:         0 kB
NFS_Unstable:          0 kB
Bounce:                0 kB
WritebackTmp:          0 kB
CommitLimit:     8258920 kB
Committed_AS:   11966868 kB
VmallocTotal:   34359738367 kB
VmallocUsed:       47016 kB
VmallocChunk:          0 kB
Percpu:            13280 kB
HardwareCorrupted:     0 kB
AnonHugePages:    249856 kB
ShmemHugePages:        0 kB
ShmemPmdMapped:        0 kB
FileHugePages:         0 kB
FilePmdMapped:         0 kB
CmaTotal:              0 kB
CmaFree:               0 kB
Unaccepted:            0 kB
Balloon:               0 kB
HugePages_Total:       0
HugePages_Free:        0
HugePages_Rsvd:        0
HugePages_Surp:        0
Hugepagesize:       2048 kB
Hugetlb:               0 kB
DirectMap4k:      194432 kB
DirectMap2M:     6096896 kB
DirectMap1G:     4194304 kB
---SNAPSHOT---
2026-04-27 13:37:26
MemTotal:        8129240 kB
MemFree:         3349428 kB
MemAvailable:    3544600 kB
Buffers:            6656 kB
Cached:           301996 kB
SwapCached:        39396 kB
Active:          3323832 kB
Inactive:         594480 kB
Active(anon):    3218760 kB
Inactive(anon):   445328 kB
Active(file):     105072 kB
Inactive(file):   149152 kB
Unevictable:          16 kB
Mlocked:              16 kB
SwapTotal:       4194300 kB
SwapFree:        4017388 kB
Zswap:                 0 kB
Zswapped:              0 kB
Dirty:               668 kB
Writeback:             0 kB
AnonPages:       3575340 kB
Mapped:           250892 kB
Shmem:             54448 kB
KReclaimable:      57844 kB
Slab:             285952 kB
SReclaimable:      57844 kB
SUnreclaim:       228108 kB
KernelStack:       18848 kB
PageTables:        58108 kB
SecPageTables:         0 kB
NFS_Unstable:          0 kB
Bounce:                0 kB
WritebackTmp:          0 kB
CommitLimit:     8258920 kB
Committed_AS:   11966772 kB
VmallocTotal:   34359738367 kB
VmallocUsed:       47048 kB
VmallocChunk:          0 kB
Percpu:            13280 kB
HardwareCorrupted:     0 kB
AnonHugePages:    249856 kB
ShmemHugePages:        0 kB
ShmemPmdMapped:        0 kB
FileHugePages:         0 kB
FilePmdMapped:         0 kB
CmaTotal:              0 kB
CmaFree:               0 kB
Unaccepted:            0 kB
Balloon:               0 kB
HugePages_Total:       0
HugePages_Free:        0
HugePages_Rsvd:        0
HugePages_Surp:        0
Hugepagesize:       2048 kB
Hugetlb:               0 kB
DirectMap4k:      194432 kB
DirectMap2M:     6096896 kB
DirectMap1G:     4194304 kB
---SNAPSHOT---
2026-04-27 13:37:27
MemTotal:        8129240 kB
MemFree:         3361608 kB
MemAvailable:    3556784 kB
Buffers:            6656 kB
Cached:           302004 kB
SwapCached:        39396 kB
Active:          3349900 kB
Inactive:         594484 kB
Active(anon):    3244828 kB
Inactive(anon):   445328 kB
Active(file):     105072 kB
Inactive(file):   149156 kB
Unevictable:          16 kB
Mlocked:              16 kB
SwapTotal:       4194300 kB
SwapFree:        4017388 kB
Zswap:                 0 kB
Zswapped:              0 kB
Dirty:               676 kB
Writeback:             0 kB
AnonPages:       3601000 kB
Mapped:           250892 kB
Shmem:             54448 kB
KReclaimable:      57844 kB
Slab:             285992 kB
SReclaimable:      57844 kB
SUnreclaim:       228148 kB
KernelStack:       18848 kB
PageTables:        59224 kB
SecPageTables:         0 kB
NFS_Unstable:          0 kB
Bounce:                0 kB
WritebackTmp:          0 kB
CommitLimit:     8258920 kB
Committed_AS:   11967224 kB
VmallocTotal:   34359738367 kB
VmallocUsed:       47048 kB
VmallocChunk:          0 kB
Percpu:            13280 kB
HardwareCorrupted:     0 kB
AnonHugePages:    249856 kB
ShmemHugePages:        0 kB
ShmemPmdMapped:        0 kB
FileHugePages:         0 kB
FilePmdMapped:         0 kB
CmaTotal:              0 kB
CmaFree:               0 kB
Unaccepted:            0 kB
Balloon:               0 kB
HugePages_Total:       0
HugePages_Free:        0
HugePages_Rsvd:        0
HugePages_Surp:        0
Hugepagesize:       2048 kB
Hugetlb:               0 kB
DirectMap4k:      194432 kB
DirectMap2M:     6096896 kB
DirectMap1G:     4194304 kB
---SNAPSHOT---
2026-04-27 13:37:28
MemTotal:        8129240 kB
MemFree:         2764200 kB
MemAvailable:    2959380 kB
Buffers:            6656 kB
Cached:           302008 kB
SwapCached:        39396 kB
Active:          4030616 kB
Inactive:         594488 kB
Active(anon):    3925544 kB
Inactive(anon):   445328 kB
Active(file):     105072 kB
Inactive(file):   149160 kB
Unevictable:          16 kB
Mlocked:              16 kB
SwapTotal:       4194300 kB
SwapFree:        4017388 kB
Zswap:                 0 kB
Zswapped:              0 kB
Dirty:               680 kB
Writeback:             0 kB
AnonPages:       4282040 kB
Mapped:           250892 kB
Shmem:             54448 kB
KReclaimable:      57844 kB
Slab:             286076 kB
SReclaimable:      57844 kB
SUnreclaim:       228232 kB
KernelStack:       18848 kB
PageTables:        59392 kB
SecPageTables:         0 kB
NFS_Unstable:          0 kB
Bounce:                0 kB
WritebackTmp:          0 kB
CommitLimit:     8258920 kB
Committed_AS:   11966704 kB
VmallocTotal:   34359738367 kB
VmallocUsed:       47048 kB
VmallocChunk:          0 kB
Percpu:            13280 kB
HardwareCorrupted:     0 kB
AnonHugePages:    249856 kB
ShmemHugePages:        0 kB
ShmemPmdMapped:        0 kB
FileHugePages:         0 kB
FilePmdMapped:         0 kB
CmaTotal:              0 kB
CmaFree:               0 kB
Unaccepted:            0 kB
Balloon:               0 kB
HugePages_Total:       0
HugePages_Free:        0
HugePages_Rsvd:        0
HugePages_Surp:        0
Hugepagesize:       2048 kB
Hugetlb:               0 kB
DirectMap4k:      194432 kB
DirectMap2M:     6096896 kB
DirectMap1G:     4194304 kB
---SNAPSHOT---
2026-04-27 13:37:29
MemTotal:        8129240 kB
MemFree:         3783908 kB
MemAvailable:    3979096 kB
Buffers:            6656 kB
Cached:           302016 kB
SwapCached:        39396 kB
Active:          2931944 kB
Inactive:         594496 kB
Active(anon):    2826872 kB
Inactive(anon):   445328 kB
Active(file):     105072 kB
Inactive(file):   149168 kB
Unevictable:          16 kB
Mlocked:              16 kB
SwapTotal:       4194300 kB
SwapFree:        4017388 kB
Zswap:                 0 kB
Zswapped:              0 kB
Dirty:               688 kB
Writeback:             0 kB
AnonPages:       3182936 kB
Mapped:           250892 kB
Shmem:             54448 kB
KReclaimable:      57844 kB
Slab:             286060 kB
SReclaimable:      57844 kB
SUnreclaim:       228216 kB
KernelStack:       18908 kB
PageTables:        57248 kB
SecPageTables:         0 kB
NFS_Unstable:          0 kB
Bounce:                0 kB
WritebackTmp:          0 kB
CommitLimit:     8258920 kB
Committed_AS:   11967332 kB
VmallocTotal:   34359738367 kB
VmallocUsed:       47080 kB
VmallocChunk:          0 kB
Percpu:            13280 kB
HardwareCorrupted:     0 kB
AnonHugePages:    249856 kB
ShmemHugePages:        0 kB
ShmemPmdMapped:        0 kB
FileHugePages:         0 kB
FilePmdMapped:         0 kB
CmaTotal:              0 kB
CmaFree:               0 kB
Unaccepted:            0 kB
Balloon:               0 kB
HugePages_Total:       0
HugePages_Free:        0
HugePages_Rsvd:        0
HugePages_Surp:        0
Hugepagesize:       2048 kB
Hugetlb:               0 kB
DirectMap4k:      194432 kB
DirectMap2M:     6096896 kB
DirectMap1G:     4194304 kB
---SNAPSHOT---
2026-04-27 13:37:30
MemTotal:        8129240 kB
MemFree:         3501108 kB
MemAvailable:    3696308 kB
Buffers:            6664 kB
Cached:           302024 kB
SwapCached:        39396 kB
Active:          3183364 kB
Inactive:         594508 kB
Active(anon):    3078292 kB
Inactive(anon):   445328 kB
Active(file):     105072 kB
Inactive(file):   149180 kB
Unevictable:          16 kB
Mlocked:              16 kB
SwapTotal:       4194300 kB
SwapFree:        4017388 kB
Zswap:                 0 kB
Zswapped:              0 kB
Dirty:               696 kB
Writeback:             0 kB
AnonPages:       3434812 kB
Mapped:           250892 kB
Shmem:             54448 kB
KReclaimable:      57844 kB
Slab:             286040 kB
SReclaimable:      57844 kB
SUnreclaim:       228196 kB
KernelStack:       18848 kB
PageTables:        57708 kB
SecPageTables:         0 kB
NFS_Unstable:          0 kB
Bounce:                0 kB
WritebackTmp:          0 kB
CommitLimit:     8258920 kB
Committed_AS:   11966704 kB
VmallocTotal:   34359738367 kB
VmallocUsed:       47048 kB
VmallocChunk:          0 kB
Percpu:            13280 kB
HardwareCorrupted:     0 kB
AnonHugePages:    249856 kB
ShmemHugePages:        0 kB
ShmemPmdMapped:        0 kB
FileHugePages:         0 kB
FilePmdMapped:         0 kB
CmaTotal:              0 kB
CmaFree:               0 kB
Unaccepted:            0 kB
Balloon:               0 kB
HugePages_Total:       0
HugePages_Free:        0
HugePages_Rsvd:        0
HugePages_Surp:        0
Hugepagesize:       2048 kB
Hugetlb:               0 kB
DirectMap4k:      194432 kB
DirectMap2M:     6096896 kB
DirectMap1G:     4194304 kB
---SNAPSHOT---
2026-04-27 13:37:31
MemTotal:        8129240 kB
MemFree:         3308600 kB
MemAvailable:    3503812 kB
Buffers:            6664 kB
Cached:           302028 kB
SwapCached:        39396 kB
Active:          3463268 kB
Inactive:         594520 kB
Active(anon):    3358196 kB
Inactive(anon):   445328 kB
Active(file):     105072 kB
Inactive(file):   149192 kB
Unevictable:          16 kB
Mlocked:              16 kB
SwapTotal:       4194300 kB
SwapFree:        4017388 kB
Zswap:                 0 kB
Zswapped:              0 kB
Dirty:               700 kB
Writeback:             0 kB
AnonPages:       3714720 kB
Mapped:           250892 kB
Shmem:             54448 kB
KReclaimable:      57844 kB
Slab:             286052 kB
SReclaimable:      57844 kB
SUnreclaim:       228208 kB
KernelStack:       18832 kB
PageTables:        58036 kB
SecPageTables:         0 kB
NFS_Unstable:          0 kB
Bounce:                0 kB
WritebackTmp:          0 kB
CommitLimit:     8258920 kB
Committed_AS:   11966948 kB
VmallocTotal:   34359738367 kB
VmallocUsed:       47032 kB
VmallocChunk:          0 kB
Percpu:            13280 kB
HardwareCorrupted:     0 kB
AnonHugePages:    249856 kB
ShmemHugePages:        0 kB
ShmemPmdMapped:        0 kB
FileHugePages:         0 kB
FilePmdMapped:         0 kB
CmaTotal:              0 kB
CmaFree:               0 kB
Unaccepted:            0 kB
Balloon:               0 kB
HugePages_Total:       0
HugePages_Free:        0
HugePages_Rsvd:        0
HugePages_Surp:        0
Hugepagesize:       2048 kB
Hugetlb:               0 kB
DirectMap4k:      194432 kB
DirectMap2M:     6096896 kB
DirectMap1G:     4194304 kB
---SNAPSHOT---
2026-04-27 13:37:32
MemTotal:        8129240 kB
MemFree:         3694600 kB
MemAvailable:    3889820 kB
Buffers:            6664 kB
Cached:           302036 kB
SwapCached:        39396 kB
Active:          3060428 kB
Inactive:         594528 kB
Active(anon):    2955356 kB
Inactive(anon):   445328 kB
Active(file):     105072 kB
Inactive(file):   149200 kB
Unevictable:          16 kB
Mlocked:              16 kB
SwapTotal:       4194300 kB
SwapFree:        4017388 kB
Zswap:                 0 kB
Zswapped:              0 kB
Dirty:               708 kB
Writeback:             0 kB
AnonPages:       3311732 kB
Mapped:           251120 kB
Shmem:             54448 kB
KReclaimable:      57844 kB
Slab:             286044 kB
SReclaimable:      57844 kB
SUnreclaim:       228200 kB
KernelStack:       18848 kB
PageTables:        57432 kB
SecPageTables:         0 kB
NFS_Unstable:          0 kB
Bounce:                0 kB
WritebackTmp:          0 kB
CommitLimit:     8258920 kB
Committed_AS:   11966704 kB
VmallocTotal:   34359738367 kB
VmallocUsed:       47032 kB
VmallocChunk:          0 kB
Percpu:            13280 kB
HardwareCorrupted:     0 kB
AnonHugePages:    249856 kB
ShmemHugePages:        0 kB
ShmemPmdMapped:        0 kB
FileHugePages:         0 kB
FilePmdMapped:         0 kB
CmaTotal:              0 kB
CmaFree:               0 kB
Unaccepted:            0 kB
Balloon:               0 kB
HugePages_Total:       0
HugePages_Free:        0
HugePages_Rsvd:        0
HugePages_Surp:        0
Hugepagesize:       2048 kB
Hugetlb:               0 kB
DirectMap4k:      194432 kB
DirectMap2M:     6096896 kB
DirectMap1G:     4194304 kB
---SNAPSHOT---
2026-04-27 13:37:33
MemTotal:        8129240 kB
MemFree:         2912472 kB
MemAvailable:    3107696 kB
Buffers:            6664 kB
Cached:           302040 kB
SwapCached:        39396 kB
Active:          3906256 kB
Inactive:         594532 kB
Active(anon):    3801184 kB
Inactive(anon):   445328 kB
Active(file):     105072 kB
Inactive(file):   149204 kB
Unevictable:          16 kB
Mlocked:              16 kB
SwapTotal:       4194300 kB
SwapFree:        4017388 kB
Zswap:                 0 kB
Zswapped:              0 kB
Dirty:               712 kB
Writeback:             0 kB
AnonPages:       4157512 kB
Mapped:           250892 kB
Shmem:             54448 kB
KReclaimable:      57844 kB
Slab:             286044 kB
SReclaimable:      57844 kB
SUnreclaim:       228200 kB
KernelStack:       18832 kB
PageTables:        58960 kB
SecPageTables:         0 kB
NFS_Unstable:          0 kB
Bounce:                0 kB
WritebackTmp:          0 kB
CommitLimit:     8258920 kB
Committed_AS:   11967200 kB
VmallocTotal:   34359738367 kB
VmallocUsed:       47048 kB
VmallocChunk:          0 kB
Percpu:            13280 kB
HardwareCorrupted:     0 kB
AnonHugePages:    249856 kB
ShmemHugePages:        0 kB
ShmemPmdMapped:        0 kB
FileHugePages:         0 kB
FilePmdMapped:         0 kB
CmaTotal:              0 kB
CmaFree:               0 kB
Unaccepted:            0 kB
Balloon:               0 kB
HugePages_Total:       0
HugePages_Free:        0
HugePages_Rsvd:        0
HugePages_Surp:        0
Hugepagesize:       2048 kB
Hugetlb:               0 kB
DirectMap4k:      194432 kB
DirectMap2M:     6096896 kB
DirectMap1G:     4194304 kB
---SNAPSHOT---
2026-04-27 13:37:34
MemTotal:        8129240 kB
MemFree:         3471444 kB
MemAvailable:    3666672 kB
Buffers:            6664 kB
Cached:           302048 kB
SwapCached:        39396 kB
Active:          3285296 kB
Inactive:         594536 kB
Active(anon):    3180224 kB
Inactive(anon):   445328 kB
Active(file):     105072 kB
Inactive(file):   149208 kB
Unevictable:          16 kB
Mlocked:              16 kB
SwapTotal:       4194300 kB
SwapFree:        4017388 kB
Zswap:                 0 kB
Zswapped:              0 kB
Dirty:               720 kB
Writeback:             0 kB
AnonPages:       3536844 kB
Mapped:           250892 kB
Shmem:             54448 kB
KReclaimable:      57844 kB
Slab:             286052 kB
SReclaimable:      57844 kB
SUnreclaim:       228208 kB
KernelStack:       18880 kB
PageTables:        57884 kB
SecPageTables:         0 kB
NFS_Unstable:          0 kB
Bounce:                0 kB
WritebackTmp:          0 kB
CommitLimit:     8258920 kB
Committed_AS:   11967468 kB
VmallocTotal:   34359738367 kB
VmallocUsed:       47064 kB
VmallocChunk:          0 kB
Percpu:            13280 kB
HardwareCorrupted:     0 kB
AnonHugePages:    249856 kB
ShmemHugePages:        0 kB
ShmemPmdMapped:        0 kB
FileHugePages:         0 kB
FilePmdMapped:         0 kB
CmaTotal:              0 kB
CmaFree:               0 kB
Unaccepted:            0 kB
Balloon:               0 kB
HugePages_Total:       0
HugePages_Free:        0
HugePages_Rsvd:        0
HugePages_Surp:        0
Hugepagesize:       2048 kB
Hugetlb:               0 kB
DirectMap4k:      194432 kB
DirectMap2M:     6096896 kB
DirectMap1G:     4194304 kB
---SNAPSHOT---
2026-04-27 13:37:35
MemTotal:        8129240 kB
MemFree:         3471572 kB
MemAvailable:    3666808 kB
Buffers:            6676 kB
Cached:           302048 kB
SwapCached:        39396 kB
Active:          3293260 kB
Inactive:         594544 kB
Active(anon):    3188188 kB
Inactive(anon):   445328 kB
Active(file):     105072 kB
Inactive(file):   149216 kB
Unevictable:          16 kB
Mlocked:              16 kB
SwapTotal:       4194300 kB
SwapFree:        4017388 kB
Zswap:                 0 kB
Zswapped:              0 kB
Dirty:               312 kB
Writeback:             0 kB
AnonPages:       3544484 kB
Mapped:           250892 kB
Shmem:             54448 kB
KReclaimable:      57844 kB
Slab:             286052 kB
SReclaimable:      57844 kB
SUnreclaim:       228208 kB
KernelStack:       18940 kB
PageTables:        57908 kB
SecPageTables:         0 kB
NFS_Unstable:          0 kB
Bounce:                0 kB
WritebackTmp:          0 kB
CommitLimit:     8258920 kB
Committed_AS:   11966840 kB
VmallocTotal:   34359738367 kB
VmallocUsed:       47112 kB
VmallocChunk:          0 kB
Percpu:            13280 kB
HardwareCorrupted:     0 kB
AnonHugePages:    249856 kB
ShmemHugePages:        0 kB
ShmemPmdMapped:        0 kB
FileHugePages:         0 kB
FilePmdMapped:         0 kB
CmaTotal:              0 kB
CmaFree:               0 kB
Unaccepted:            0 kB
Balloon:               0 kB
HugePages_Total:       0
HugePages_Free:        0
HugePages_Rsvd:        0
HugePages_Surp:        0
Hugepagesize:       2048 kB
Hugetlb:               0 kB
DirectMap4k:      194432 kB
DirectMap2M:     6096896 kB
DirectMap1G:     4194304 kB
---SNAPSHOT---
2026-04-27 13:37:36
MemTotal:        8129240 kB
MemFree:         3278308 kB
MemAvailable:    3473560 kB
Buffers:            6676 kB
Cached:           302056 kB
SwapCached:        39396 kB
Active:          3487820 kB
Inactive:         594560 kB
Active(anon):    3382748 kB
Inactive(anon):   445328 kB
Active(file):     105072 kB
Inactive(file):   149232 kB
Unevictable:          16 kB
Mlocked:              16 kB
SwapTotal:       4194300 kB
SwapFree:        4017388 kB
Zswap:                 0 kB
Zswapped:              0 kB
Dirty:               184 kB
Writeback:             0 kB
AnonPages:       3739024 kB
Mapped:           250892 kB
Shmem:             54448 kB
KReclaimable:      57844 kB
Slab:             286072 kB
SReclaimable:      57844 kB
SUnreclaim:       228228 kB
KernelStack:       18940 kB
PageTables:        58148 kB
SecPageTables:         0 kB
NFS_Unstable:          0 kB
Bounce:                0 kB
WritebackTmp:          0 kB
CommitLimit:     8258920 kB
Committed_AS:   11967328 kB
VmallocTotal:   34359738367 kB
VmallocUsed:       47080 kB
VmallocChunk:          0 kB
Percpu:            13280 kB
HardwareCorrupted:     0 kB
AnonHugePages:    249856 kB
ShmemHugePages:        0 kB
ShmemPmdMapped:        0 kB
FileHugePages:         0 kB
FilePmdMapped:         0 kB
CmaTotal:              0 kB
CmaFree:               0 kB
Unaccepted:            0 kB
Balloon:               0 kB
HugePages_Total:       0
HugePages_Free:        0
HugePages_Rsvd:        0
HugePages_Surp:        0
Hugepagesize:       2048 kB
Hugetlb:               0 kB
DirectMap4k:      194432 kB
DirectMap2M:     6096896 kB
DirectMap1G:     4194304 kB
---SNAPSHOT---
2026-04-27 13:37:37
MemTotal:        8129240 kB
MemFree:         4333960 kB
MemAvailable:    4529216 kB
Buffers:            6676 kB
Cached:           302064 kB
SwapCached:        39396 kB
Active:          2431572 kB
Inactive:         594564 kB
Active(anon):    2326500 kB
Inactive(anon):   445328 kB
Active(file):     105072 kB
Inactive(file):   149236 kB
Unevictable:          16 kB
Mlocked:              16 kB
SwapTotal:       4194300 kB
SwapFree:        4017388 kB
Zswap:                 0 kB
Zswapped:              0 kB
Dirty:               192 kB
Writeback:             0 kB
AnonPages:       2683136 kB
Mapped:           250892 kB
Shmem:             54448 kB
KReclaimable:      57844 kB
Slab:             286060 kB
SReclaimable:      57844 kB
SUnreclaim:       228216 kB
KernelStack:       18880 kB
PageTables:        56408 kB
SecPageTables:         0 kB
NFS_Unstable:          0 kB
Bounce:                0 kB
WritebackTmp:          0 kB
CommitLimit:     8258920 kB
Committed_AS:   11967088 kB
VmallocTotal:   34359738367 kB
VmallocUsed:       47064 kB
VmallocChunk:          0 kB
Percpu:            13280 kB
HardwareCorrupted:     0 kB
AnonHugePages:    249856 kB
ShmemHugePages:        0 kB
ShmemPmdMapped:        0 kB
FileHugePages:         0 kB
FilePmdMapped:         0 kB
CmaTotal:              0 kB
CmaFree:               0 kB
Unaccepted:            0 kB
Balloon:               0 kB
HugePages_Total:       0
HugePages_Free:        0
HugePages_Rsvd:        0
HugePages_Surp:        0
Hugepagesize:       2048 kB
Hugetlb:               0 kB
DirectMap4k:      194432 kB
DirectMap2M:     6096896 kB
DirectMap1G:     4194304 kB
---SNAPSHOT---
2026-04-27 13:37:38
MemTotal:        8129240 kB
MemFree:         3454612 kB
MemAvailable:    3649192 kB
Buffers:            6676 kB
Cached:           302068 kB
SwapCached:        39396 kB
Active:          3362920 kB
Inactive:         594572 kB
Active(anon):    3257848 kB
Inactive(anon):   445328 kB
Active(file):     105072 kB
Inactive(file):   149244 kB
Unevictable:          16 kB
Mlocked:              16 kB
SwapTotal:       4194300 kB
SwapFree:        4017388 kB
Zswap:                 0 kB
Zswapped:              0 kB
Dirty:               196 kB
Writeback:             0 kB
AnonPages:       3614152 kB
Mapped:           250892 kB
Shmem:             54448 kB
KReclaimable:      57844 kB
Slab:             286040 kB
SReclaimable:      57844 kB
SUnreclaim:       228196 kB
KernelStack:       18924 kB
PageTables:        57976 kB
SecPageTables:         0 kB
NFS_Unstable:          0 kB
Bounce:                0 kB
WritebackTmp:          0 kB
CommitLimit:     8258920 kB
Committed_AS:   11967088 kB
VmallocTotal:   34359738367 kB
VmallocUsed:       47080 kB
VmallocChunk:          0 kB
Percpu:            13280 kB
HardwareCorrupted:     0 kB
AnonHugePages:    249856 kB
ShmemHugePages:        0 kB
ShmemPmdMapped:        0 kB
FileHugePages:         0 kB
FilePmdMapped:         0 kB
CmaTotal:              0 kB
CmaFree:               0 kB
Unaccepted:            0 kB
Balloon:               0 kB
HugePages_Total:       0
HugePages_Free:        0
HugePages_Rsvd:        0
HugePages_Surp:        0
Hugepagesize:       2048 kB
Hugetlb:               0 kB
DirectMap4k:      194432 kB
DirectMap2M:     6096896 kB
DirectMap1G:     4194304 kB
---SNAPSHOT---
2026-04-27 13:37:39
MemTotal:        8129240 kB
MemFree:         3166356 kB
MemAvailable:    3361728 kB
Buffers:            6808 kB
Cached:           302076 kB
SwapCached:        39396 kB
Active:          3641184 kB
Inactive:         594680 kB
Active(anon):    3536112 kB
Inactive(anon):   445328 kB
Active(file):     105072 kB
Inactive(file):   149352 kB
Unevictable:          16 kB
Mlocked:              16 kB
SwapTotal:       4194300 kB
SwapFree:        4017388 kB
Zswap:                 0 kB
Zswapped:              0 kB
Dirty:               204 kB
Writeback:             0 kB
AnonPages:       3892528 kB
Mapped:           250892 kB
Shmem:             54448 kB
KReclaimable:      57844 kB
Slab:             286052 kB
SReclaimable:      57844 kB
SUnreclaim:       228208 kB
KernelStack:       18864 kB
PageTables:        58656 kB
SecPageTables:         0 kB
NFS_Unstable:          0 kB
Bounce:                0 kB
WritebackTmp:          0 kB
CommitLimit:     8258920 kB
Committed_AS:   11967076 kB
VmallocTotal:   34359738367 kB
VmallocUsed:       47096 kB
VmallocChunk:          0 kB
Percpu:            13280 kB
HardwareCorrupted:     0 kB
AnonHugePages:    249856 kB
ShmemHugePages:        0 kB
ShmemPmdMapped:        0 kB
FileHugePages:         0 kB
FilePmdMapped:         0 kB
CmaTotal:              0 kB
CmaFree:               0 kB
Unaccepted:            0 kB
Balloon:               0 kB
HugePages_Total:       0
HugePages_Free:        0
HugePages_Rsvd:        0
HugePages_Surp:        0
Hugepagesize:       2048 kB
Hugetlb:               0 kB
DirectMap4k:      194432 kB
DirectMap2M:     6096896 kB
DirectMap1G:     4194304 kB
---SNAPSHOT---
2026-04-27 13:37:40
MemTotal:        8129240 kB
MemFree:         3735216 kB
MemAvailable:    3930632 kB
Buffers:            6824 kB
Cached:           302072 kB
SwapCached:       222696 kB
Active:          2906140 kB
Inactive:         776164 kB
Active(anon):    2801068 kB
Inactive(anon):   626768 kB
Active(file):     105072 kB
Inactive(file):   149396 kB
Unevictable:          16 kB
Mlocked:              16 kB
SwapTotal:       4194300 kB
SwapFree:        3833896 kB
Zswap:                 0 kB
Zswapped:              0 kB
Dirty:               244 kB
Writeback:          1388 kB
AnonPages:       3157880 kB
Mapped:           250892 kB
Shmem:             54448 kB
KReclaimable:      57844 kB
Slab:             286124 kB
SReclaimable:      57844 kB
SUnreclaim:       228280 kB
KernelStack:       18896 kB
PageTables:        57636 kB
SecPageTables:         0 kB
NFS_Unstable:          0 kB
Bounce:                0 kB
WritebackTmp:          0 kB
CommitLimit:     8258920 kB
Committed_AS:   11966932 kB
VmallocTotal:   34359738367 kB
VmallocUsed:       47128 kB
VmallocChunk:          0 kB
Percpu:            13280 kB
HardwareCorrupted:     0 kB
AnonHugePages:    249856 kB
ShmemHugePages:        0 kB
ShmemPmdMapped:        0 kB
FileHugePages:         0 kB
FilePmdMapped:         0 kB
CmaTotal:              0 kB
CmaFree:               0 kB
Unaccepted:            0 kB
Balloon:               0 kB
HugePages_Total:       0
HugePages_Free:        0
HugePages_Rsvd:        0
HugePages_Surp:        0
Hugepagesize:       2048 kB
Hugetlb:               0 kB
DirectMap4k:      194432 kB
DirectMap2M:     6096896 kB
DirectMap1G:     4194304 kB
---SNAPSHOT---
2026-04-27 13:37:41
MemTotal:        8129240 kB
MemFree:         3034272 kB
MemAvailable:    3229716 kB
Buffers:            6824 kB
Cached:           302104 kB
SwapCached:       388832 kB
Active:          3451612 kB
Inactive:         932376 kB
Active(anon):    3346540 kB
Inactive(anon):   782952 kB
Active(file):     105072 kB
Inactive(file):   149424 kB
Unevictable:          16 kB
Mlocked:              16 kB
SwapTotal:       4194300 kB
SwapFree:        3667952 kB
Zswap:                 0 kB
Zswapped:              0 kB
Dirty:                60 kB
Writeback:         11940 kB
AnonPages:       3693436 kB
Mapped:           250892 kB
Shmem:             54448 kB
KReclaimable:      57844 kB
Slab:             286908 kB
SReclaimable:      57844 kB
SUnreclaim:       229064 kB
KernelStack:       18896 kB
PageTables:        58588 kB
SecPageTables:         0 kB
NFS_Unstable:          0 kB
Bounce:                0 kB
WritebackTmp:          0 kB
CommitLimit:     8258920 kB
Committed_AS:   11967328 kB
VmallocTotal:   34359738367 kB
VmallocUsed:       47048 kB
VmallocChunk:          0 kB
Percpu:            13280 kB
HardwareCorrupted:     0 kB
AnonHugePages:    249856 kB
ShmemHugePages:        0 kB
ShmemPmdMapped:        0 kB
FileHugePages:         0 kB
FilePmdMapped:         0 kB
CmaTotal:              0 kB
CmaFree:               0 kB
Unaccepted:            0 kB
Balloon:               0 kB
HugePages_Total:       0
HugePages_Free:        0
HugePages_Rsvd:        0
HugePages_Surp:        0
Hugepagesize:       2048 kB
Hugetlb:               0 kB
DirectMap4k:      194432 kB
DirectMap2M:     6096896 kB
DirectMap1G:     4194304 kB
---SNAPSHOT---
2026-04-27 13:37:42
MemTotal:        8129240 kB
MemFree:         3018076 kB
MemAvailable:    3213532 kB
Buffers:            6824 kB
Cached:           302112 kB
SwapCached:       404192 kB
Active:          3430680 kB
Inactive:         935492 kB
Active(anon):    3325608 kB
Inactive(anon):   786056 kB
Active(file):     105072 kB
Inactive(file):   149436 kB
Unevictable:          16 kB
Mlocked:              16 kB
SwapTotal:       4194300 kB
SwapFree:        3652592 kB
Zswap:                 0 kB
Zswapped:              0 kB
Dirty:                68 kB
Writeback:         24068 kB
AnonPages:       3659912 kB
Mapped:           250892 kB
Shmem:             54448 kB
KReclaimable:      57844 kB
Slab:             287496 kB
SReclaimable:      57844 kB
SUnreclaim:       229652 kB
KernelStack:       18864 kB
PageTables:        60040 kB
SecPageTables:         0 kB
NFS_Unstable:          0 kB
Bounce:                0 kB
WritebackTmp:          0 kB
CommitLimit:     8258920 kB
Committed_AS:   11967332 kB
VmallocTotal:   34359738367 kB
VmallocUsed:       47096 kB
VmallocChunk:          0 kB
Percpu:            13280 kB
HardwareCorrupted:     0 kB
AnonHugePages:    249856 kB
ShmemHugePages:        0 kB
ShmemPmdMapped:        0 kB
FileHugePages:         0 kB
FilePmdMapped:         0 kB
CmaTotal:              0 kB
CmaFree:               0 kB
Unaccepted:            0 kB
Balloon:               0 kB
HugePages_Total:       0
HugePages_Free:        0
HugePages_Rsvd:        0
HugePages_Surp:        0
Hugepagesize:       2048 kB
Hugetlb:               0 kB
DirectMap4k:      194432 kB
DirectMap2M:     6096896 kB
DirectMap1G:     4194304 kB
---SNAPSHOT---
2026-04-27 13:37:43
MemTotal:        8129240 kB
MemFree:         3667328 kB
MemAvailable:    3862788 kB
Buffers:            6824 kB
Cached:           302116 kB
SwapCached:       404192 kB
Active:          2764572 kB
Inactive:         937976 kB
Active(anon):    2659500 kB
Inactive(anon):   788536 kB
Active(file):     105072 kB
Inactive(file):   149440 kB
Unevictable:          16 kB
Mlocked:              16 kB
SwapTotal:       4194300 kB
SwapFree:        3652592 kB
Zswap:                 0 kB
Zswapped:              0 kB
Dirty:                72 kB
Writeback:         21508 kB
AnonPages:       2996200 kB
Mapped:           250892 kB
Shmem:             54448 kB
KReclaimable:      57844 kB
Slab:             287372 kB
SReclaimable:      57844 kB
SUnreclaim:       229528 kB
KernelStack:       18820 kB
PageTables:        58132 kB
SecPageTables:         0 kB
NFS_Unstable:          0 kB
Bounce:                0 kB
WritebackTmp:          0 kB
CommitLimit:     8258920 kB
Committed_AS:   11966992 kB
VmallocTotal:   34359738367 kB
VmallocUsed:       47144 kB
VmallocChunk:          0 kB
Percpu:            13280 kB
HardwareCorrupted:     0 kB
AnonHugePages:    249856 kB
ShmemHugePages:        0 kB
ShmemPmdMapped:        0 kB
FileHugePages:         0 kB
FilePmdMapped:         0 kB
CmaTotal:              0 kB
CmaFree:               0 kB
Unaccepted:            0 kB
Balloon:               0 kB
HugePages_Total:       0
HugePages_Free:        0
HugePages_Rsvd:        0
HugePages_Surp:        0
Hugepagesize:       2048 kB
Hugetlb:               0 kB
DirectMap4k:      194432 kB
DirectMap2M:     6096896 kB
DirectMap1G:     4194304 kB
---SNAPSHOT---
2026-04-27 13:37:44
MemTotal:        8129240 kB
MemFree:         3005508 kB
MemAvailable:    3200972 kB
Buffers:            6824 kB
Cached:           302124 kB
SwapCached:       404192 kB
Active:          3433872 kB
Inactive:         942072 kB
Active(anon):    3328800 kB
Inactive(anon):   792628 kB
Active(file):     105072 kB
Inactive(file):   149444 kB
Unevictable:          16 kB
Mlocked:              16 kB
SwapTotal:       4194300 kB
SwapFree:        3652592 kB
Zswap:                 0 kB
Zswapped:              0 kB
Dirty:                80 kB
Writeback:         17412 kB
AnonPages:       3669412 kB
Mapped:           250892 kB
Shmem:             54448 kB
KReclaimable:      57844 kB
Slab:             287104 kB
SReclaimable:      57844 kB
SUnreclaim:       229260 kB
KernelStack:       18864 kB
PageTables:        59224 kB
SecPageTables:         0 kB
NFS_Unstable:          0 kB
Bounce:                0 kB
WritebackTmp:          0 kB
CommitLimit:     8258920 kB
Committed_AS:   11967332 kB
VmallocTotal:   34359738367 kB
VmallocUsed:       47160 kB
VmallocChunk:          0 kB
Percpu:            13280 kB
HardwareCorrupted:     0 kB
AnonHugePages:    249856 kB
ShmemHugePages:        0 kB
ShmemPmdMapped:        0 kB
FileHugePages:         0 kB
FilePmdMapped:         0 kB
CmaTotal:              0 kB
CmaFree:               0 kB
Unaccepted:            0 kB
Balloon:               0 kB
HugePages_Total:       0
HugePages_Free:        0
HugePages_Rsvd:        0
HugePages_Surp:        0
Hugepagesize:       2048 kB
Hugetlb:               0 kB
DirectMap4k:      194432 kB
DirectMap2M:     6096896 kB
DirectMap1G:     4194304 kB
---SNAPSHOT---
2026-04-27 13:37:47
MemTotal:        8129240 kB
MemFree:         3310512 kB
MemAvailable:    3505988 kB
Buffers:            6832 kB
Cached:           302124 kB
SwapCached:       421600 kB
Active:          3081344 kB
Inactive:         962516 kB
Active(anon):    2976272 kB
Inactive(anon):   813060 kB
Active(file):     105072 kB
Inactive(file):   149456 kB
Unevictable:          16 kB
Mlocked:              16 kB
SwapTotal:       4194300 kB
SwapFree:        3635184 kB
Zswap:                 0 kB
Zswapped:              0 kB
Dirty:                84 kB
Writeback:         14388 kB
AnonPages:       3320024 kB
Mapped:           250992 kB
Shmem:             54448 kB
KReclaimable:      57844 kB
Slab:             287212 kB
SReclaimable:      57844 kB
SUnreclaim:       229368 kB
KernelStack:       18848 kB
PageTables:        58352 kB
SecPageTables:         0 kB
NFS_Unstable:          0 kB
Bounce:                0 kB
WritebackTmp:          0 kB
CommitLimit:     8258920 kB
Committed_AS:   12119560 kB
VmallocTotal:   34359738367 kB
VmallocUsed:       47096 kB
VmallocChunk:          0 kB
Percpu:            13280 kB
HardwareCorrupted:     0 kB
AnonHugePages:    249856 kB
ShmemHugePages:        0 kB
ShmemPmdMapped:        0 kB
FileHugePages:         0 kB
FilePmdMapped:         0 kB
CmaTotal:              0 kB
CmaFree:               0 kB
Unaccepted:            0 kB
Balloon:               0 kB
HugePages_Total:       0
HugePages_Free:        0
HugePages_Rsvd:        0
HugePages_Surp:        0
Hugepagesize:       2048 kB
Hugetlb:               0 kB
DirectMap4k:      194432 kB
DirectMap2M:     6096896 kB
DirectMap1G:     4194304 kB
---SNAPSHOT---
2026-04-27 13:37:48
MemTotal:        8129240 kB
MemFree:         3238092 kB
MemAvailable:    3433576 kB
Buffers:            6832 kB
Cached:           302132 kB
SwapCached:       436960 kB
Active:          3177180 kB
Inactive:         969664 kB
Active(anon):    3072108 kB
Inactive(anon):   820200 kB
Active(file):     105072 kB
Inactive(file):   149464 kB
Unevictable:          16 kB
Mlocked:              16 kB
SwapTotal:       4194300 kB
SwapFree:        3619824 kB
Zswap:                 0 kB
Zswapped:              0 kB
Dirty:                88 kB
Writeback:         22648 kB
AnonPages:       3392844 kB
Mapped:           251120 kB
Shmem:             54448 kB
KReclaimable:      57844 kB
Slab:             287488 kB
SReclaimable:      57844 kB
SUnreclaim:       229644 kB
KernelStack:       18940 kB
PageTables:        59560 kB
SecPageTables:         0 kB
NFS_Unstable:          0 kB
Bounce:                0 kB
WritebackTmp:          0 kB
CommitLimit:     8258920 kB
Committed_AS:   11967084 kB
VmallocTotal:   34359738367 kB
VmallocUsed:       47112 kB
VmallocChunk:          0 kB
Percpu:            13280 kB
HardwareCorrupted:     0 kB
AnonHugePages:    249856 kB
ShmemHugePages:        0 kB
ShmemPmdMapped:        0 kB
FileHugePages:         0 kB
FilePmdMapped:         0 kB
CmaTotal:              0 kB
CmaFree:               0 kB
Unaccepted:            0 kB
Balloon:               0 kB
HugePages_Total:       0
HugePages_Free:        0
HugePages_Rsvd:        0
HugePages_Surp:        0
Hugepagesize:       2048 kB
Hugetlb:               0 kB
DirectMap4k:      194432 kB
DirectMap2M:     6096896 kB
DirectMap1G:     4194304 kB
---SNAPSHOT---
2026-04-27 13:37:49
MemTotal:        8129240 kB
MemFree:         3878240 kB
MemAvailable:    4073732 kB
Buffers:            6832 kB
Cached:           302140 kB
SwapCached:       452320 kB
Active:          2461992 kB
Inactive:         984592 kB
Active(anon):    2356920 kB
Inactive(anon):   835120 kB
Active(file):     105072 kB
Inactive(file):   149472 kB
Unevictable:          16 kB
Mlocked:              16 kB
SwapTotal:       4194300 kB
SwapFree:        3604464 kB
Zswap:                 0 kB
Zswapped:              0 kB
Dirty:               112 kB
Writeback:         23100 kB
AnonPages:       2691952 kB
Mapped:           250892 kB
Shmem:             54448 kB
KReclaimable:      57844 kB
Slab:             287524 kB
SReclaimable:      57844 kB
SUnreclaim:       229680 kB
KernelStack:       18880 kB
PageTables:        57348 kB
SecPageTables:         0 kB
NFS_Unstable:          0 kB
Bounce:                0 kB
WritebackTmp:          0 kB
CommitLimit:     8258920 kB
Committed_AS:   11967076 kB
VmallocTotal:   34359738367 kB
VmallocUsed:       47080 kB
VmallocChunk:          0 kB
Percpu:            13280 kB
HardwareCorrupted:     0 kB
AnonHugePages:    249856 kB
ShmemHugePages:        0 kB
ShmemPmdMapped:        0 kB
FileHugePages:         0 kB
FilePmdMapped:         0 kB
CmaTotal:              0 kB
CmaFree:               0 kB
Unaccepted:            0 kB
Balloon:               0 kB
HugePages_Total:       0
HugePages_Free:        0
HugePages_Rsvd:        0
HugePages_Surp:        0
Hugepagesize:       2048 kB
Hugetlb:               0 kB
DirectMap4k:      194432 kB
DirectMap2M:     6096896 kB
DirectMap1G:     4194304 kB
---SNAPSHOT---
2026-04-27 13:37:50
MemTotal:        8129240 kB
MemFree:         2953396 kB
MemAvailable:    3148896 kB
Buffers:            6840 kB
Cached:           302140 kB
SwapCached:       469728 kB
Active:          3506912 kB
Inactive:        1008540 kB
Active(anon):    3401840 kB
Inactive(anon):   859060 kB
Active(file):     105072 kB
Inactive(file):   149480 kB
Unevictable:          16 kB
Mlocked:              16 kB
SwapTotal:       4194300 kB
SwapFree:        3587056 kB
Zswap:                 0 kB
Zswapped:              0 kB
Dirty:               116 kB
Writeback:         16600 kB
AnonPages:       3743804 kB
Mapped:           250992 kB
Shmem:             54448 kB
KReclaimable:      57844 kB
Slab:             287296 kB
SReclaimable:      57844 kB
SUnreclaim:       229452 kB
KernelStack:       18880 kB
PageTables:        58808 kB
SecPageTables:         0 kB
NFS_Unstable:          0 kB
Bounce:                0 kB
WritebackTmp:          0 kB
CommitLimit:     8258920 kB
Committed_AS:   11966852 kB
VmallocTotal:   34359738367 kB
VmallocUsed:       47080 kB
VmallocChunk:          0 kB
Percpu:            13280 kB
HardwareCorrupted:     0 kB
AnonHugePages:    249856 kB
ShmemHugePages:        0 kB
ShmemPmdMapped:        0 kB
FileHugePages:         0 kB
FilePmdMapped:         0 kB
CmaTotal:              0 kB
CmaFree:               0 kB
Unaccepted:            0 kB
Balloon:               0 kB
HugePages_Total:       0
HugePages_Free:        0
HugePages_Rsvd:        0
HugePages_Surp:        0
Hugepagesize:       2048 kB
Hugetlb:               0 kB
DirectMap4k:      194432 kB
DirectMap2M:     6096896 kB
DirectMap1G:     4194304 kB
---SNAPSHOT---
2026-04-27 13:37:51
MemTotal:        8129240 kB
MemFree:         2877276 kB
MemAvailable:    3072332 kB
Buffers:            6840 kB
Cached:           302152 kB
SwapCached:       486112 kB
Active:          3512504 kB
Inactive:        1026948 kB
Active(anon):    3407432 kB
Inactive(anon):   877456 kB
Active(file):     105072 kB
Inactive(file):   149492 kB
Unevictable:          16 kB
Mlocked:              16 kB
SwapTotal:       4194300 kB
SwapFree:        3570672 kB
Zswap:                 0 kB
Zswapped:              0 kB
Dirty:               132 kB
Writeback:         14564 kB
AnonPages:       3751536 kB
Mapped:           250892 kB
Shmem:             54448 kB
KReclaimable:      57844 kB
Slab:             287076 kB
SReclaimable:      57844 kB
SUnreclaim:       229232 kB
KernelStack:       18880 kB
PageTables:        58908 kB
SecPageTables:         0 kB
NFS_Unstable:          0 kB
Bounce:                0 kB
WritebackTmp:          0 kB
CommitLimit:     8258920 kB
Committed_AS:   11967464 kB
VmallocTotal:   34359738367 kB
VmallocUsed:       47096 kB
VmallocChunk:          0 kB
Percpu:            13280 kB
HardwareCorrupted:     0 kB
AnonHugePages:    249856 kB
ShmemHugePages:        0 kB
ShmemPmdMapped:        0 kB
FileHugePages:         0 kB
FilePmdMapped:         0 kB
CmaTotal:              0 kB
CmaFree:               0 kB
Unaccepted:            0 kB
Balloon:               0 kB
HugePages_Total:       0
HugePages_Free:        0
HugePages_Rsvd:        0
HugePages_Surp:        0
Hugepagesize:       2048 kB
Hugetlb:               0 kB
DirectMap4k:      194432 kB
DirectMap2M:     6096896 kB
DirectMap1G:     4194304 kB
---SNAPSHOT---
2026-04-27 13:37:52
MemTotal:        8129240 kB
MemFree:         3055892 kB
MemAvailable:    3251412 kB
Buffers:            6840 kB
Cached:           302160 kB
SwapCached:       486888 kB
Active:          3307928 kB
Inactive:        1038360 kB
Active(anon):    3202856 kB
Inactive(anon):   888860 kB
Active(file):     105072 kB
Inactive(file):   149500 kB
Unevictable:          16 kB
Mlocked:              16 kB
SwapTotal:       4194300 kB
SwapFree:        3569896 kB
Zswap:                 0 kB
Zswapped:              0 kB
Dirty:               140 kB
Writeback:          3908 kB
AnonPages:       3558900 kB
Mapped:           250892 kB
Shmem:             54448 kB
KReclaimable:      57844 kB
Slab:             286332 kB
SReclaimable:      57844 kB
SUnreclaim:       228488 kB
KernelStack:       18864 kB
PageTables:        58872 kB
SecPageTables:         0 kB
NFS_Unstable:          0 kB
Bounce:                0 kB
WritebackTmp:          0 kB
CommitLimit:     8258920 kB
Committed_AS:   11967196 kB
VmallocTotal:   34359738367 kB
VmallocUsed:       47128 kB
VmallocChunk:          0 kB
Percpu:            13280 kB
HardwareCorrupted:     0 kB
AnonHugePages:    247808 kB
ShmemHugePages:        0 kB
ShmemPmdMapped:        0 kB
FileHugePages:         0 kB
FilePmdMapped:         0 kB
CmaTotal:              0 kB
CmaFree:               0 kB
Unaccepted:            0 kB
Balloon:               0 kB
HugePages_Total:       0
HugePages_Free:        0
HugePages_Rsvd:        0
HugePages_Surp:        0
Hugepagesize:       2048 kB
Hugetlb:               0 kB
DirectMap4k:      194432 kB
DirectMap2M:     6096896 kB
DirectMap1G:     4194304 kB
---SNAPSHOT---
2026-04-27 13:37:53
MemTotal:        8129240 kB
MemFree:         2617060 kB
MemAvailable:    2812580 kB
Buffers:            6840 kB
Cached:           302168 kB
SwapCached:       486888 kB
Active:          3766268 kB
Inactive:        1039888 kB
Active(anon):    3661196 kB
Inactive(anon):   890388 kB
Active(file):     105072 kB
Inactive(file):   149500 kB
Unevictable:          16 kB
Mlocked:              16 kB
SwapTotal:       4194300 kB
SwapFree:        3569896 kB
Zswap:                 0 kB
Zswapped:              0 kB
Dirty:               148 kB
Writeback:          2316 kB
AnonPages:       4018828 kB
Mapped:           250892 kB
Shmem:             54448 kB
KReclaimable:      57844 kB
Slab:             286172 kB
SReclaimable:      57844 kB
SUnreclaim:       228328 kB
KernelStack:       18880 kB
PageTables:        59508 kB
SecPageTables:         0 kB
NFS_Unstable:          0 kB
Bounce:                0 kB
WritebackTmp:          0 kB
CommitLimit:     8258920 kB
Committed_AS:   11967332 kB
VmallocTotal:   34359738367 kB
VmallocUsed:       47144 kB
VmallocChunk:          0 kB
Percpu:            13280 kB
HardwareCorrupted:     0 kB
AnonHugePages:    247808 kB
ShmemHugePages:        0 kB
ShmemPmdMapped:        0 kB
FileHugePages:         0 kB
FilePmdMapped:         0 kB
CmaTotal:              0 kB
CmaFree:               0 kB
Unaccepted:            0 kB
Balloon:               0 kB
HugePages_Total:       0
HugePages_Free:        0
HugePages_Rsvd:        0
HugePages_Surp:        0
Hugepagesize:       2048 kB
Hugetlb:               0 kB
DirectMap4k:      194432 kB
DirectMap2M:     6096896 kB
DirectMap1G:     4194304 kB
---SNAPSHOT---
2026-04-27 13:37:54
MemTotal:        8129240 kB
MemFree:         2374704 kB
MemAvailable:    2570236 kB
Buffers:            6840 kB
Cached:           302176 kB
SwapCached:       486888 kB
Active:          4005616 kB
Inactive:        1040768 kB
Active(anon):    3900544 kB
Inactive(anon):   891256 kB
Active(file):     105072 kB
Inactive(file):   149512 kB
Unevictable:          16 kB
Mlocked:              16 kB
SwapTotal:       4194300 kB
SwapFree:        3569896 kB
Zswap:                 0 kB
Zswapped:              0 kB
Dirty:               156 kB
Writeback:          1292 kB
AnonPages:       4258616 kB
Mapped:           250892 kB
Shmem:             54448 kB
KReclaimable:      57844 kB
Slab:             286076 kB
SReclaimable:      57844 kB
SUnreclaim:       228232 kB
KernelStack:       18864 kB
PageTables:        60064 kB
SecPageTables:         0 kB
NFS_Unstable:          0 kB
Bounce:                0 kB
WritebackTmp:          0 kB
CommitLimit:     8258920 kB
Committed_AS:   11966864 kB
VmallocTotal:   34359738367 kB
VmallocUsed:       47128 kB
VmallocChunk:          0 kB
Percpu:            13280 kB
HardwareCorrupted:     0 kB
AnonHugePages:    247808 kB
ShmemHugePages:        0 kB
ShmemPmdMapped:        0 kB
FileHugePages:         0 kB
FilePmdMapped:         0 kB
CmaTotal:              0 kB
CmaFree:               0 kB
Unaccepted:            0 kB
Balloon:               0 kB
HugePages_Total:       0
HugePages_Free:        0
HugePages_Rsvd:        0
HugePages_Surp:        0
Hugepagesize:       2048 kB
Hugetlb:               0 kB
DirectMap4k:      194432 kB
DirectMap2M:     6096896 kB
DirectMap1G:     4194304 kB
---SNAPSHOT---
2026-04-27 13:37:56
MemTotal:        8129240 kB
MemFree:         2761808 kB
MemAvailable:    2957348 kB
Buffers:            6848 kB
Cached:           302176 kB
SwapCached:       487120 kB
Active:          3574396 kB
Inactive:        1040776 kB
Active(anon):    3469324 kB
Inactive(anon):   891256 kB
Active(file):     105072 kB
Inactive(file):   149520 kB
Unevictable:          16 kB
Mlocked:              16 kB
SwapTotal:       4194300 kB
SwapFree:        3569664 kB
Zswap:                 0 kB
Zswapped:              0 kB
Dirty:               160 kB
Writeback:           952 kB
AnonPages:       3827644 kB
Mapped:           250992 kB
Shmem:             54448 kB
KReclaimable:      57844 kB
Slab:             286052 kB
SReclaimable:      57844 kB
SUnreclaim:       228208 kB
KernelStack:       18924 kB
PageTables:        60076 kB
SecPageTables:         0 kB
NFS_Unstable:          0 kB
Bounce:                0 kB
WritebackTmp:          0 kB
CommitLimit:     8258920 kB
Committed_AS:   11966860 kB
VmallocTotal:   34359738367 kB
VmallocUsed:       47144 kB
VmallocChunk:          0 kB
Percpu:            13280 kB
HardwareCorrupted:     0 kB
AnonHugePages:    247808 kB
ShmemHugePages:        0 kB
ShmemPmdMapped:        0 kB
FileHugePages:         0 kB
FilePmdMapped:         0 kB
CmaTotal:              0 kB
CmaFree:               0 kB
Unaccepted:            0 kB
Balloon:               0 kB
HugePages_Total:       0
HugePages_Free:        0
HugePages_Rsvd:        0
HugePages_Surp:        0
Hugepagesize:       2048 kB
Hugetlb:               0 kB
DirectMap4k:      194432 kB
DirectMap2M:     6096896 kB
DirectMap1G:     4194304 kB
---SNAPSHOT---
2026-04-27 13:37:57
MemTotal:        8129240 kB
MemFree:         3113032 kB
MemAvailable:    3308576 kB
Buffers:            6848 kB
Cached:           302188 kB
SwapCached:       487364 kB
Active:          3211700 kB
Inactive:        1040780 kB
Active(anon):    3106628 kB
Inactive(anon):   891256 kB
Active(file):     105072 kB
Inactive(file):   149524 kB
Unevictable:          16 kB
Mlocked:              16 kB
SwapTotal:       4194300 kB
SwapFree:        3569420 kB
Zswap:                 0 kB
Zswapped:              0 kB
Dirty:               168 kB
Writeback:           408 kB
AnonPages:       3464580 kB
Mapped:           250892 kB
Shmem:             54448 kB
KReclaimable:      57844 kB
Slab:             286040 kB
SReclaimable:      57844 kB
SUnreclaim:       228196 kB
KernelStack:       18880 kB
PageTables:        59264 kB
SecPageTables:         0 kB
NFS_Unstable:          0 kB
Bounce:                0 kB
WritebackTmp:          0 kB
CommitLimit:     8258920 kB
Committed_AS:   11967000 kB
VmallocTotal:   34359738367 kB
VmallocUsed:       47144 kB
VmallocChunk:          0 kB
Percpu:            13280 kB
HardwareCorrupted:     0 kB
AnonHugePages:    247808 kB
ShmemHugePages:        0 kB
ShmemPmdMapped:        0 kB
FileHugePages:         0 kB
FilePmdMapped:         0 kB
CmaTotal:              0 kB
CmaFree:               0 kB
Unaccepted:            0 kB
Balloon:               0 kB
HugePages_Total:       0
HugePages_Free:        0
HugePages_Rsvd:        0
HugePages_Surp:        0
Hugepagesize:       2048 kB
Hugetlb:               0 kB
DirectMap4k:      194432 kB
DirectMap2M:     6096896 kB
DirectMap1G:     4194304 kB
---SNAPSHOT---
2026-04-27 13:37:58
MemTotal:        8129240 kB
MemFree:         2750300 kB
MemAvailable:    2945272 kB
Buffers:            6848 kB
Cached:           302192 kB
SwapCached:       487580 kB
Active:          3639696 kB
Inactive:        1040796 kB
Active(anon):    3534624 kB
Inactive(anon):   891256 kB
Active(file):     105072 kB
Inactive(file):   149540 kB
Unevictable:          16 kB
Mlocked:              16 kB
SwapTotal:       4194300 kB
SwapFree:        3569204 kB
Zswap:                 0 kB
Zswapped:              0 kB
Dirty:               172 kB
Writeback:           224 kB
AnonPages:       3892496 kB
Mapped:           250892 kB
Shmem:             54448 kB
KReclaimable:      57844 kB
Slab:             286044 kB
SReclaimable:      57844 kB
SUnreclaim:       228200 kB
KernelStack:       18880 kB
PageTables:        59276 kB
SecPageTables:         0 kB
NFS_Unstable:          0 kB
Bounce:                0 kB
WritebackTmp:          0 kB
CommitLimit:     8258920 kB
Committed_AS:   11967332 kB
VmallocTotal:   34359738367 kB
VmallocUsed:       47144 kB
VmallocChunk:          0 kB
Percpu:            13280 kB
HardwareCorrupted:     0 kB
AnonHugePages:    247808 kB
ShmemHugePages:        0 kB
ShmemPmdMapped:        0 kB
FileHugePages:         0 kB
FilePmdMapped:         0 kB
CmaTotal:              0 kB
CmaFree:               0 kB
Unaccepted:            0 kB
Balloon:               0 kB
HugePages_Total:       0
HugePages_Free:        0
HugePages_Rsvd:        0
HugePages_Surp:        0
Hugepagesize:       2048 kB
Hugetlb:               0 kB
DirectMap4k:      194432 kB
DirectMap2M:     6096896 kB
DirectMap1G:     4194304 kB
---SNAPSHOT---
2026-04-27 13:37:59
MemTotal:        8129240 kB
MemFree:         2907304 kB
MemAvailable:    3102868 kB
Buffers:            6848 kB
Cached:           302196 kB
SwapCached:       490276 kB
Active:          3433956 kB
Inactive:        1044140 kB
Active(anon):    3328884 kB
Inactive(anon):   894596 kB
Active(file):     105072 kB
Inactive(file):   149544 kB
Unevictable:          16 kB
Mlocked:              16 kB
SwapTotal:       4194300 kB
SwapFree:        3566508 kB
Zswap:                 0 kB
Zswapped:              0 kB
Dirty:               176 kB
Writeback:           228 kB
AnonPages:       3688332 kB
Mapped:           250892 kB
Shmem:             54448 kB
KReclaimable:      57844 kB
Slab:             286048 kB
SReclaimable:      57844 kB
SUnreclaim:       228204 kB
KernelStack:       18880 kB
PageTables:        58648 kB
SecPageTables:         0 kB
NFS_Unstable:          0 kB
Bounce:                0 kB
WritebackTmp:          0 kB
CommitLimit:     8258920 kB
Committed_AS:   11966704 kB
VmallocTotal:   34359738367 kB
VmallocUsed:       47144 kB
VmallocChunk:          0 kB
Percpu:            13280 kB
HardwareCorrupted:     0 kB
AnonHugePages:    247808 kB
ShmemHugePages:        0 kB
ShmemPmdMapped:        0 kB
FileHugePages:         0 kB
FilePmdMapped:         0 kB
CmaTotal:              0 kB
CmaFree:               0 kB
Unaccepted:            0 kB
Balloon:               0 kB
HugePages_Total:       0
HugePages_Free:        0
HugePages_Rsvd:        0
HugePages_Surp:        0
Hugepagesize:       2048 kB
Hugetlb:               0 kB
DirectMap4k:      194432 kB
DirectMap2M:     6096896 kB
DirectMap1G:     4194304 kB
---SNAPSHOT---
2026-04-27 13:38:00
MemTotal:        8129240 kB
MemFree:         3103060 kB
MemAvailable:    3298632 kB
Buffers:            6848 kB
Cached:           302204 kB
SwapCached:       559128 kB
Active:          3152544 kB
Inactive:        1113484 kB
Active(anon):    3047472 kB
Inactive(anon):   963932 kB
Active(file):     105072 kB
Inactive(file):   149552 kB
Unevictable:          16 kB
Mlocked:              16 kB
SwapTotal:       4194300 kB
SwapFree:        3497656 kB
Zswap:                 0 kB
Zswapped:              0 kB
Dirty:               184 kB
Writeback:           884 kB
AnonPages:       3407200 kB
Mapped:           250892 kB
Shmem:             54448 kB
KReclaimable:      57844 kB
Slab:             286044 kB
SReclaimable:      57844 kB
SUnreclaim:       228200 kB
KernelStack:       18880 kB
PageTables:        58308 kB
SecPageTables:         0 kB
NFS_Unstable:          0 kB
Bounce:                0 kB
WritebackTmp:          0 kB
CommitLimit:     8258920 kB
Committed_AS:   11966844 kB
VmallocTotal:   34359738367 kB
VmallocUsed:       47112 kB
VmallocChunk:          0 kB
Percpu:            13280 kB
HardwareCorrupted:     0 kB
AnonHugePages:    247808 kB
ShmemHugePages:        0 kB
ShmemPmdMapped:        0 kB
FileHugePages:         0 kB
FilePmdMapped:         0 kB
CmaTotal:              0 kB
CmaFree:               0 kB
Unaccepted:            0 kB
Balloon:               0 kB
HugePages_Total:       0
HugePages_Free:        0
HugePages_Rsvd:        0
HugePages_Surp:        0
Hugepagesize:       2048 kB
Hugetlb:               0 kB
DirectMap4k:      194432 kB
DirectMap2M:     6096896 kB
DirectMap1G:     4194304 kB
---SNAPSHOT---
2026-04-27 13:38:01
MemTotal:        8129240 kB
MemFree:         2714248 kB
MemAvailable:    2909820 kB
Buffers:            6856 kB
Cached:           302208 kB
SwapCached:       561112 kB
Active:          3610024 kB
Inactive:        1113808 kB
Active(anon):    3504952 kB
Inactive(anon):   964256 kB
Active(file):     105072 kB
Inactive(file):   149552 kB
Unevictable:          16 kB
Mlocked:              16 kB
SwapTotal:       4194300 kB
SwapFree:        3495628 kB
Zswap:                 0 kB
Zswapped:              0 kB
Dirty:               188 kB
Writeback:          1036 kB
AnonPages:       3862672 kB
Mapped:           250892 kB
Shmem:             54448 kB
KReclaimable:      57844 kB
Slab:             286044 kB
SReclaimable:      57844 kB
SUnreclaim:       228200 kB
KernelStack:       18880 kB
PageTables:        59104 kB
SecPageTables:         0 kB
NFS_Unstable:          0 kB
Bounce:                0 kB
WritebackTmp:          0 kB
CommitLimit:     8258920 kB
Committed_AS:   11967200 kB
VmallocTotal:   34359738367 kB
VmallocUsed:       47096 kB
VmallocChunk:          0 kB
Percpu:            13280 kB
HardwareCorrupted:     0 kB
AnonHugePages:    247808 kB
ShmemHugePages:        0 kB
ShmemPmdMapped:        0 kB
FileHugePages:         0 kB
FilePmdMapped:         0 kB
CmaTotal:              0 kB
CmaFree:               0 kB
Unaccepted:            0 kB
Balloon:               0 kB
HugePages_Total:       0
HugePages_Free:        0
HugePages_Rsvd:        0
HugePages_Surp:        0
Hugepagesize:       2048 kB
Hugetlb:               0 kB
DirectMap4k:      194432 kB
DirectMap2M:     6096896 kB
DirectMap1G:     4194304 kB
---SNAPSHOT---
2026-04-27 13:38:02
MemTotal:        8129240 kB
MemFree:         2852752 kB
MemAvailable:    3048604 kB
Buffers:            7116 kB
Cached:           302216 kB
SwapCached:       608668 kB
Active:          3359280 kB
Inactive:        1163088 kB
Active(anon):    3254208 kB
Inactive(anon):  1013256 kB
Active(file):     105072 kB
Inactive(file):   149832 kB
Unevictable:          16 kB
Mlocked:              16 kB
SwapTotal:       4194300 kB
SwapFree:        3448116 kB
Zswap:                 0 kB
Zswapped:              0 kB
Dirty:               196 kB
Writeback:           388 kB
AnonPages:       3613420 kB
Mapped:           250892 kB
Shmem:             54448 kB
KReclaimable:      57844 kB
Slab:             286024 kB
SReclaimable:      57844 kB
SUnreclaim:       228180 kB
KernelStack:       18880 kB
PageTables:        58668 kB
SecPageTables:         0 kB
NFS_Unstable:          0 kB
Bounce:                0 kB
WritebackTmp:          0 kB
CommitLimit:     8258920 kB
Committed_AS:   11966948 kB
VmallocTotal:   34359738367 kB
VmallocUsed:       47080 kB
VmallocChunk:          0 kB
Percpu:            13280 kB
HardwareCorrupted:     0 kB
AnonHugePages:    247808 kB
ShmemHugePages:        0 kB
ShmemPmdMapped:        0 kB
FileHugePages:         0 kB
FilePmdMapped:         0 kB
CmaTotal:              0 kB
CmaFree:               0 kB
Unaccepted:            0 kB
Balloon:               0 kB
HugePages_Total:       0
HugePages_Free:        0
HugePages_Rsvd:        0
HugePages_Surp:        0
Hugepagesize:       2048 kB
Hugetlb:               0 kB
DirectMap4k:      194432 kB
DirectMap2M:     6096896 kB
DirectMap1G:     4194304 kB
---SNAPSHOT---
2026-04-27 13:38:03
MemTotal:        8129240 kB
MemFree:         3036448 kB
MemAvailable:    3232304 kB
Buffers:            7116 kB
Cached:           302220 kB
SwapCached:       610224 kB
Active:          3165188 kB
Inactive:        1163308 kB
Active(anon):    3060116 kB
Inactive(anon):  1013472 kB
Active(file):     105072 kB
Inactive(file):   149836 kB
Unevictable:          16 kB
Mlocked:              16 kB
SwapTotal:       4194300 kB
SwapFree:        3446560 kB
Zswap:                 0 kB
Zswapped:              0 kB
Dirty:               200 kB
Writeback:          1092 kB
AnonPages:       3418324 kB
Mapped:           250892 kB
Shmem:             54448 kB
KReclaimable:      57844 kB
Slab:             286020 kB
SReclaimable:      57844 kB
SUnreclaim:       228176 kB
KernelStack:       18880 kB
PageTables:        58572 kB
SecPageTables:         0 kB
NFS_Unstable:          0 kB
Bounce:                0 kB
WritebackTmp:          0 kB
CommitLimit:     8258920 kB
Committed_AS:   11967444 kB
VmallocTotal:   34359738367 kB
VmallocUsed:       47096 kB
VmallocChunk:          0 kB
Percpu:            13280 kB
HardwareCorrupted:     0 kB
AnonHugePages:    247808 kB
ShmemHugePages:        0 kB
ShmemPmdMapped:        0 kB
FileHugePages:         0 kB
FilePmdMapped:         0 kB
CmaTotal:              0 kB
CmaFree:               0 kB
Unaccepted:            0 kB
Balloon:               0 kB
HugePages_Total:       0
HugePages_Free:        0
HugePages_Rsvd:        0
HugePages_Surp:        0
Hugepagesize:       2048 kB
Hugetlb:               0 kB
DirectMap4k:      194432 kB
DirectMap2M:     6096896 kB
DirectMap1G:     4194304 kB
---SNAPSHOT---
2026-04-27 13:38:04
MemTotal:        8129240 kB
MemFree:         2648796 kB
MemAvailable:    2844652 kB
Buffers:            7116 kB
Cached:           302224 kB
SwapCached:       616700 kB
Active:          3615568 kB
Inactive:        1169472 kB
Active(anon):    3510496 kB
Inactive(anon):  1019636 kB
Active(file):     105072 kB
Inactive(file):   149836 kB
Unevictable:          16 kB
Mlocked:              16 kB
SwapTotal:       4194300 kB
SwapFree:        3440084 kB
Zswap:                 0 kB
Zswapped:              0 kB
Dirty:               204 kB
Writeback:           884 kB
AnonPages:       3868384 kB
Mapped:           250892 kB
Shmem:             54448 kB
KReclaimable:      57844 kB
Slab:             286032 kB
SReclaimable:      57844 kB
SUnreclaim:       228188 kB
KernelStack:       18880 kB
PageTables:        59372 kB
SecPageTables:         0 kB
NFS_Unstable:          0 kB
Bounce:                0 kB
WritebackTmp:          0 kB
CommitLimit:     8258920 kB
Committed_AS:   11967072 kB
VmallocTotal:   34359738367 kB
VmallocUsed:       47112 kB
VmallocChunk:          0 kB
Percpu:            13280 kB
HardwareCorrupted:     0 kB
AnonHugePages:    247808 kB
ShmemHugePages:        0 kB
ShmemPmdMapped:        0 kB
FileHugePages:         0 kB
FilePmdMapped:         0 kB
CmaTotal:              0 kB
CmaFree:               0 kB
Unaccepted:            0 kB
Balloon:               0 kB
HugePages_Total:       0
HugePages_Free:        0
HugePages_Rsvd:        0
HugePages_Surp:        0
Hugepagesize:       2048 kB
Hugetlb:               0 kB
DirectMap4k:      194432 kB
DirectMap2M:     6096896 kB
DirectMap1G:     4194304 kB
---SNAPSHOT---
2026-04-27 13:38:05
MemTotal:        8129240 kB
MemFree:         2799520 kB
MemAvailable:    2995388 kB
Buffers:            7116 kB
Cached:           302232 kB
SwapCached:       618448 kB
Active:          3415824 kB
Inactive:        1173548 kB
Active(anon):    3310752 kB
Inactive(anon):  1023700 kB
Active(file):     105072 kB
Inactive(file):   149848 kB
Unevictable:          16 kB
Mlocked:              16 kB
SwapTotal:       4194300 kB
SwapFree:        3438336 kB
Zswap:                 0 kB
Zswapped:              0 kB
Dirty:               212 kB
Writeback:           396 kB
AnonPages:       3670696 kB
Mapped:           250892 kB
Shmem:             54448 kB
KReclaimable:      57844 kB
Slab:             286024 kB
SReclaimable:      57844 kB
SUnreclaim:       228180 kB
KernelStack:       18880 kB
PageTables:        58780 kB
SecPageTables:         0 kB
NFS_Unstable:          0 kB
Bounce:                0 kB
WritebackTmp:          0 kB
CommitLimit:     8258920 kB
Committed_AS:   11966956 kB
VmallocTotal:   34359738367 kB
VmallocUsed:       47096 kB
VmallocChunk:          0 kB
Percpu:            13280 kB
HardwareCorrupted:     0 kB
AnonHugePages:    247808 kB
ShmemHugePages:        0 kB
ShmemPmdMapped:        0 kB
FileHugePages:         0 kB
FilePmdMapped:         0 kB
CmaTotal:              0 kB
CmaFree:               0 kB
Unaccepted:            0 kB
Balloon:               0 kB
HugePages_Total:       0
HugePages_Free:        0
HugePages_Rsvd:        0
HugePages_Surp:        0
Hugepagesize:       2048 kB
Hugetlb:               0 kB
DirectMap4k:      194432 kB
DirectMap2M:     6096896 kB
DirectMap1G:     4194304 kB
---SNAPSHOT---
2026-04-27 13:38:06
MemTotal:        8129240 kB
MemFree:         2994352 kB
MemAvailable:    3190224 kB
Buffers:            7124 kB
Cached:           302236 kB
SwapCached:       708224 kB
Active:          3107576 kB
Inactive:        1261572 kB
Active(anon):    3002504 kB
Inactive(anon):  1111720 kB
Active(file):     105072 kB
Inactive(file):   149852 kB
Unevictable:          16 kB
Mlocked:              16 kB
SwapTotal:       4194300 kB
SwapFree:        3348560 kB
Zswap:                 0 kB
Zswapped:              0 kB
Dirty:               216 kB
Writeback:           216 kB
AnonPages:       3361004 kB
Mapped:           250892 kB
Shmem:             54448 kB
KReclaimable:      57844 kB
Slab:             285996 kB
SReclaimable:      57844 kB
SUnreclaim:       228152 kB
KernelStack:       18880 kB
PageTables:        58572 kB
SecPageTables:         0 kB
NFS_Unstable:          0 kB
Bounce:                0 kB
WritebackTmp:          0 kB
CommitLimit:     8258920 kB
Committed_AS:   11967440 kB
VmallocTotal:   34359738367 kB
VmallocUsed:       47128 kB
VmallocChunk:          0 kB
Percpu:            13280 kB
HardwareCorrupted:     0 kB
AnonHugePages:    247808 kB
ShmemHugePages:        0 kB
ShmemPmdMapped:        0 kB
FileHugePages:         0 kB
FilePmdMapped:         0 kB
CmaTotal:              0 kB
CmaFree:               0 kB
Unaccepted:            0 kB
Balloon:               0 kB
HugePages_Total:       0
HugePages_Free:        0
HugePages_Rsvd:        0
HugePages_Surp:        0
Hugepagesize:       2048 kB
Hugetlb:               0 kB
DirectMap4k:      194432 kB
DirectMap2M:     6096896 kB
DirectMap1G:     4194304 kB
---SNAPSHOT---
2026-04-27 13:38:07
MemTotal:        8129240 kB
MemFree:         2601744 kB
MemAvailable:    2797632 kB
Buffers:            7124 kB
Cached:           302244 kB
SwapCached:       728016 kB
Active:          3520916 kB
Inactive:        1282136 kB
Active(anon):    3415844 kB
Inactive(anon):  1132268 kB
Active(file):     105072 kB
Inactive(file):   149868 kB
Unevictable:          16 kB
Mlocked:              16 kB
SwapTotal:       4194300 kB
SwapFree:        3328672 kB
Zswap:                 0 kB
Zswapped:              0 kB
Dirty:               224 kB
Writeback:           164 kB
AnonPages:       3774856 kB
Mapped:           250892 kB
Shmem:             54448 kB
KReclaimable:      57844 kB
Slab:             285992 kB
SReclaimable:      57844 kB
SUnreclaim:       228148 kB
KernelStack:       18880 kB
PageTables:        59428 kB
SecPageTables:         0 kB
NFS_Unstable:          0 kB
Bounce:                0 kB
WritebackTmp:          0 kB
CommitLimit:     8258920 kB
Committed_AS:   11967336 kB
VmallocTotal:   34359738367 kB
VmallocUsed:       47144 kB
VmallocChunk:          0 kB
Percpu:            13280 kB
HardwareCorrupted:     0 kB
AnonHugePages:    247808 kB
ShmemHugePages:        0 kB
ShmemPmdMapped:        0 kB
FileHugePages:         0 kB
FilePmdMapped:         0 kB
CmaTotal:              0 kB
CmaFree:               0 kB
Unaccepted:            0 kB
Balloon:               0 kB
HugePages_Total:       0
HugePages_Free:        0
HugePages_Rsvd:        0
HugePages_Surp:        0
Hugepagesize:       2048 kB
Hugetlb:               0 kB
DirectMap4k:      194432 kB
DirectMap2M:     6096896 kB
DirectMap1G:     4194304 kB
---SNAPSHOT---
2026-04-27 13:38:08
MemTotal:        8129240 kB
MemFree:         2781736 kB
MemAvailable:    2977624 kB
Buffers:            7124 kB
Cached:           302248 kB
SwapCached:       734300 kB
Active:          3297704 kB
Inactive:        1288384 kB
Active(anon):    3192632 kB
Inactive(anon):  1138516 kB
Active(file):     105072 kB
Inactive(file):   149868 kB
Unevictable:          16 kB
Mlocked:              16 kB
SwapTotal:       4194300 kB
SwapFree:        3322484 kB
Zswap:                 0 kB
Zswapped:              0 kB
Dirty:               228 kB
Writeback:           172 kB
AnonPages:       3551548 kB
Mapped:           250892 kB
Shmem:             54448 kB
KReclaimable:      57844 kB
Slab:             286028 kB
SReclaimable:      57844 kB
SUnreclaim:       228184 kB
KernelStack:       18864 kB
PageTables:        59088 kB
SecPageTables:         0 kB
NFS_Unstable:          0 kB
Bounce:                0 kB
WritebackTmp:          0 kB
CommitLimit:     8258920 kB
Committed_AS:   11966948 kB
VmallocTotal:   34359738367 kB
VmallocUsed:       47144 kB
VmallocChunk:          0 kB
Percpu:            13280 kB
HardwareCorrupted:     0 kB
AnonHugePages:    247808 kB
ShmemHugePages:        0 kB
ShmemPmdMapped:        0 kB
FileHugePages:         0 kB
FilePmdMapped:         0 kB
CmaTotal:              0 kB
CmaFree:               0 kB
Unaccepted:            0 kB
Balloon:               0 kB
HugePages_Total:       0
HugePages_Free:        0
HugePages_Rsvd:        0
HugePages_Surp:        0
Hugepagesize:       2048 kB
Hugetlb:               0 kB
DirectMap4k:      194432 kB
DirectMap2M:     6096896 kB
DirectMap1G:     4194304 kB
---SNAPSHOT---
2026-04-27 13:38:09
MemTotal:        8129240 kB
MemFree:         2582004 kB
MemAvailable:    2777896 kB
Buffers:            7124 kB
Cached:           302252 kB
SwapCached:       734436 kB
Active:          3538284 kB
Inactive:        1288388 kB
Active(anon):    3433212 kB
Inactive(anon):  1138516 kB
Active(file):     105072 kB
Inactive(file):   149872 kB
Unevictable:          16 kB
Mlocked:              16 kB
SwapTotal:       4194300 kB
SwapFree:        3322348 kB
Zswap:                 0 kB
Zswapped:              0 kB
Dirty:               232 kB
Writeback:           148 kB
AnonPages:       3793428 kB
Mapped:           250892 kB
Shmem:             54448 kB
KReclaimable:      57844 kB
Slab:             286052 kB
SReclaimable:      57844 kB
SUnreclaim:       228208 kB
KernelStack:       18940 kB
PageTables:        59684 kB
SecPageTables:         0 kB
NFS_Unstable:          0 kB
Bounce:                0 kB
WritebackTmp:          0 kB
CommitLimit:     8258920 kB
Committed_AS:   11967200 kB
VmallocTotal:   34359738367 kB
VmallocUsed:       47176 kB
VmallocChunk:          0 kB
Percpu:            13280 kB
HardwareCorrupted:     0 kB
AnonHugePages:    247808 kB
ShmemHugePages:        0 kB
ShmemPmdMapped:        0 kB
FileHugePages:         0 kB
FilePmdMapped:         0 kB
CmaTotal:              0 kB
CmaFree:               0 kB
Unaccepted:            0 kB
Balloon:               0 kB
HugePages_Total:       0
HugePages_Free:        0
HugePages_Rsvd:        0
HugePages_Surp:        0
Hugepagesize:       2048 kB
Hugetlb:               0 kB
DirectMap4k:      194432 kB
DirectMap2M:     6096896 kB
DirectMap1G:     4194304 kB
---SNAPSHOT---
2026-04-27 13:38:10
MemTotal:        8129240 kB
MemFree:         2367472 kB
MemAvailable:    2563372 kB
Buffers:            7124 kB
Cached:           302260 kB
SwapCached:       735080 kB
Active:          3758924 kB
Inactive:        1288396 kB
Active(anon):    3653852 kB
Inactive(anon):  1138516 kB
Active(file):     105072 kB
Inactive(file):   149880 kB
Unevictable:          16 kB
Mlocked:              16 kB
SwapTotal:       4194300 kB
SwapFree:        3321704 kB
Zswap:                 0 kB
Zswapped:              0 kB
Dirty:               240 kB
Writeback:           212 kB
AnonPages:       4013156 kB
Mapped:           250892 kB
Shmem:             54448 kB
KReclaimable:      57844 kB
Slab:             286032 kB
SReclaimable:      57844 kB
SUnreclaim:       228188 kB
KernelStack:       18896 kB
PageTables:        60168 kB
SecPageTables:         0 kB
NFS_Unstable:          0 kB
Bounce:                0 kB
WritebackTmp:          0 kB
CommitLimit:     8258920 kB
Committed_AS:   11966868 kB
VmallocTotal:   34359738367 kB
VmallocUsed:       47192 kB
VmallocChunk:          0 kB
Percpu:            13280 kB
HardwareCorrupted:     0 kB
AnonHugePages:    247808 kB
ShmemHugePages:        0 kB
ShmemPmdMapped:        0 kB
FileHugePages:         0 kB
FilePmdMapped:         0 kB
CmaTotal:              0 kB
CmaFree:               0 kB
Unaccepted:            0 kB
Balloon:               0 kB
HugePages_Total:       0
HugePages_Free:        0
HugePages_Rsvd:        0
HugePages_Surp:        0
Hugepagesize:       2048 kB
Hugetlb:               0 kB
DirectMap4k:      194432 kB
DirectMap2M:     6096896 kB
DirectMap1G:     4194304 kB
---SNAPSHOT---
2026-04-27 13:38:12
MemTotal:        8129240 kB
MemFree:         2355932 kB
MemAvailable:    2551844 kB
Buffers:            7132 kB
Cached:           302264 kB
SwapCached:       735224 kB
Active:          3779920 kB
Inactive:        1288464 kB
Active(anon):    3674848 kB
Inactive(anon):  1138572 kB
Active(file):     105072 kB
Inactive(file):   149892 kB
Unevictable:          16 kB
Mlocked:              16 kB
SwapTotal:       4194300 kB
SwapFree:        3321560 kB
Zswap:                 0 kB
Zswapped:              0 kB
Dirty:               244 kB
Writeback:           228 kB
AnonPages:       4035768 kB
Mapped:           250992 kB
Shmem:             54448 kB
KReclaimable:      57844 kB
Slab:             286044 kB
SReclaimable:      57844 kB
SUnreclaim:       228200 kB
KernelStack:       18880 kB
PageTables:        60140 kB
SecPageTables:         0 kB
NFS_Unstable:          0 kB
Bounce:                0 kB
WritebackTmp:          0 kB
CommitLimit:     8258920 kB
Committed_AS:   11966840 kB
VmallocTotal:   34359738367 kB
VmallocUsed:       47128 kB
VmallocChunk:          0 kB
Percpu:            13280 kB
HardwareCorrupted:     0 kB
AnonHugePages:    247808 kB
ShmemHugePages:        0 kB
ShmemPmdMapped:        0 kB
FileHugePages:         0 kB
FilePmdMapped:         0 kB
CmaTotal:              0 kB
CmaFree:               0 kB
Unaccepted:            0 kB
Balloon:               0 kB
HugePages_Total:       0
HugePages_Free:        0
HugePages_Rsvd:        0
HugePages_Surp:        0
Hugepagesize:       2048 kB
Hugetlb:               0 kB
DirectMap4k:      194432 kB
DirectMap2M:     6096896 kB
DirectMap1G:     4194304 kB
---SNAPSHOT---
2026-04-27 13:38:13
MemTotal:        8129240 kB
MemFree:         2358328 kB
MemAvailable:    2554260 kB
Buffers:            7136 kB
Cached:           302280 kB
SwapCached:       735772 kB
Active:          3780000 kB
Inactive:        1288484 kB
Active(anon):    3674928 kB
Inactive(anon):  1138572 kB
Active(file):     105072 kB
Inactive(file):   149912 kB
Unevictable:          16 kB
Mlocked:              16 kB
SwapTotal:       4194300 kB
SwapFree:        3321012 kB
Zswap:                 0 kB
Zswapped:              0 kB
Dirty:                 8 kB
Writeback:           168 kB
AnonPages:       4035324 kB
Mapped:           250892 kB
Shmem:             54448 kB
KReclaimable:      57844 kB
Slab:             286048 kB
SReclaimable:      57844 kB
SUnreclaim:       228204 kB
KernelStack:       18880 kB
PageTables:        60148 kB
SecPageTables:         0 kB
NFS_Unstable:          0 kB
Bounce:                0 kB
WritebackTmp:          0 kB
CommitLimit:     8258920 kB
