---SNAPSHOT---
2026-04-27 01:19:47
MemTotal:        8129240 kB
MemFree:         4924740 kB
MemAvailable:    4645560 kB
Buffers:            5024 kB
Cached:           275060 kB
SwapCached:        50128 kB
Active:          2022984 kB
Inactive:         615620 kB
Active(anon):    1898688 kB
Inactive(anon):   498492 kB
Active(file):     124296 kB
Inactive(file):   117128 kB
Unevictable:           0 kB
Mlocked:               0 kB
SwapTotal:       4194300 kB
SwapFree:        4022852 kB
Zswap:                 0 kB
Zswapped:              0 kB
Dirty:               256 kB
Writeback:             0 kB
AnonPages:       2312524 kB
Mapped:           232428 kB
Shmem:             38812 kB
KReclaimable:      55300 kB
Slab:             283260 kB
SReclaimable:      55300 kB
SUnreclaim:       227960 kB
KernelStack:       18776 kB
PageTables:        58108 kB
SecPageTables:         0 kB
NFS_Unstable:          0 kB
Bounce:                0 kB
WritebackTmp:          0 kB
CommitLimit:     8258920 kB
Committed_AS:    9389820 kB
VmallocTotal:   34359738367 kB
VmallocUsed:       47096 kB
VmallocChunk:          0 kB
Percpu:            13280 kB
HardwareCorrupted:     0 kB
AnonHugePages:      4096 kB
ShmemHugePages:        0 kB
ShmemPmdMapped:        0 kB
FileHugePages:         0 kB
FilePmdMapped:         0 kB
CmaTotal:              0 kB
CmaFree:               0 kB
Unaccepted:            0 kB
Balloon:               0 kB
HugePages_Total:       0
HugePages_Free:        0
HugePages_Rsvd:        0
HugePages_Surp:        0
Hugepagesize:       2048 kB
Hugetlb:               0 kB
DirectMap4k:      194432 kB
DirectMap2M:     6096896 kB
DirectMap1G:     4194304 kB
---SNAPSHOT---
2026-04-27 01:19:48
MemTotal:        8129240 kB
MemFree:         4924488 kB
MemAvailable:    4645444 kB
Buffers:            5044 kB
Cached:           275436 kB
SwapCached:        50128 kB
Active:          2022840 kB
Inactive:         615740 kB
Active(anon):    1898392 kB
Inactive(anon):   498492 kB
Active(file):     124448 kB
Inactive(file):   117248 kB
Unevictable:           0 kB
Mlocked:               0 kB
SwapTotal:       4194300 kB
SwapFree:        4022852 kB
Zswap:                 0 kB
Zswapped:              0 kB
Dirty:               284 kB
Writeback:             0 kB
AnonPages:       2312452 kB
Mapped:           232456 kB
Shmem:             38812 kB
KReclaimable:      55300 kB
Slab:             283260 kB
SReclaimable:      55300 kB
SUnreclaim:       227960 kB
KernelStack:       18844 kB
PageTables:        57816 kB
SecPageTables:         0 kB
NFS_Unstable:          0 kB
Bounce:                0 kB
WritebackTmp:          0 kB
CommitLimit:     8258920 kB
Committed_AS:    9390064 kB
VmallocTotal:   34359738367 kB
VmallocUsed:       47112 kB
VmallocChunk:          0 kB
Percpu:            13280 kB
HardwareCorrupted:     0 kB
AnonHugePages:      4096 kB
ShmemHugePages:        0 kB
ShmemPmdMapped:        0 kB
FileHugePages:         0 kB
FilePmdMapped:         0 kB
CmaTotal:              0 kB
CmaFree:               0 kB
Unaccepted:            0 kB
Balloon:               0 kB
HugePages_Total:       0
HugePages_Free:        0
HugePages_Rsvd:        0
HugePages_Surp:        0
Hugepagesize:       2048 kB
Hugetlb:               0 kB
DirectMap4k:      194432 kB
DirectMap2M:     6096896 kB
DirectMap1G:     4194304 kB
---SNAPSHOT---
2026-04-27 01:19:49
MemTotal:        8129240 kB
MemFree:         4923344 kB
MemAvailable:    4644300 kB
Buffers:            5052 kB
Cached:           275432 kB
SwapCached:        50128 kB
Active:          2022908 kB
Inactive:         615740 kB
Active(anon):    1898460 kB
Inactive(anon):   498492 kB
Active(file):     124448 kB
Inactive(file):   117248 kB
Unevictable:           0 kB
Mlocked:               0 kB
SwapTotal:       4194300 kB
SwapFree:        4022852 kB
Zswap:                 0 kB
Zswapped:              0 kB
Dirty:               288 kB
Writeback:             0 kB
AnonPages:       2312660 kB
Mapped:           232480 kB
Shmem:             38812 kB
KReclaimable:      55300 kB
Slab:             283260 kB
SReclaimable:      55300 kB
SUnreclaim:       227960 kB
KernelStack:       18784 kB
PageTables:        58280 kB
SecPageTables:         0 kB
NFS_Unstable:          0 kB
Bounce:                0 kB
WritebackTmp:          0 kB
CommitLimit:     8258920 kB
Committed_AS:    9390336 kB
VmallocTotal:   34359738367 kB
VmallocUsed:       47096 kB
VmallocChunk:          0 kB
Percpu:            13280 kB
HardwareCorrupted:     0 kB
AnonHugePages:      4096 kB
ShmemHugePages:        0 kB
ShmemPmdMapped:        0 kB
FileHugePages:         0 kB
FilePmdMapped:         0 kB
CmaTotal:              0 kB
CmaFree:               0 kB
Unaccepted:            0 kB
Balloon:               0 kB
HugePages_Total:       0
HugePages_Free:        0
HugePages_Rsvd:        0
HugePages_Surp:        0
Hugepagesize:       2048 kB
Hugetlb:               0 kB
DirectMap4k:      194432 kB
DirectMap2M:     6096896 kB
DirectMap1G:     4194304 kB
---SNAPSHOT---
2026-04-27 01:19:50
MemTotal:        8129240 kB
MemFree:         4920196 kB
MemAvailable:    4642088 kB
Buffers:            5732 kB
Cached:           276820 kB
SwapCached:        50128 kB
Active:          2025952 kB
Inactive:         616472 kB
Active(anon):    1900364 kB
Inactive(anon):   498492 kB
Active(file):     125588 kB
Inactive(file):   117980 kB
Unevictable:           0 kB
Mlocked:               0 kB
SwapTotal:       4194300 kB
SwapFree:        4022852 kB
Zswap:                 0 kB
Zswapped:              0 kB
Dirty:               360 kB
Writeback:             0 kB
AnonPages:       2314668 kB
Mapped:           233596 kB
Shmem:             38812 kB
KReclaimable:      55300 kB
Slab:             283260 kB
SReclaimable:      55300 kB
SUnreclaim:       227960 kB
KernelStack:       18908 kB
PageTables:        58500 kB
SecPageTables:         0 kB
NFS_Unstable:          0 kB
Bounce:                0 kB
WritebackTmp:          0 kB
CommitLimit:     8258920 kB
Committed_AS:    9393252 kB
VmallocTotal:   34359738367 kB
VmallocUsed:       47208 kB
VmallocChunk:          0 kB
Percpu:            13280 kB
HardwareCorrupted:     0 kB
AnonHugePages:      4096 kB
ShmemHugePages:        0 kB
ShmemPmdMapped:        0 kB
FileHugePages:         0 kB
FilePmdMapped:         0 kB
CmaTotal:              0 kB
CmaFree:               0 kB
Unaccepted:            0 kB
Balloon:               0 kB
HugePages_Total:       0
HugePages_Free:        0
HugePages_Rsvd:        0
HugePages_Surp:        0
Hugepagesize:       2048 kB
Hugetlb:               0 kB
DirectMap4k:      194432 kB
DirectMap2M:     6096896 kB
DirectMap1G:     4194304 kB
