---SNAPSHOT---
2026-04-27 02:26:27
MemTotal:        8129240 kB
MemFree:         4723984 kB
MemAvailable:    4447696 kB
Buffers:            4672 kB
Cached:           282568 kB
SwapCached:       159872 kB
Active:          2077096 kB
Inactive:         690940 kB
Active(anon):    1945100 kB
Inactive(anon):   574856 kB
Active(file):     131996 kB
Inactive(file):   116084 kB
Unevictable:           0 kB
Mlocked:               0 kB
SwapTotal:       4194300 kB
SwapFree:        3913108 kB
Zswap:                 0 kB
Zswapped:              0 kB
Dirty:               308 kB
Writeback:             0 kB
AnonPages:       2325608 kB
Mapped:           237440 kB
Shmem:             38812 kB
KReclaimable:      54428 kB
Slab:             282568 kB
SReclaimable:      54428 kB
SUnreclaim:       228140 kB
KernelStack:       18748 kB
PageTables:        58072 kB
SecPageTables:         0 kB
NFS_Unstable:          0 kB
Bounce:                0 kB
WritebackTmp:          0 kB
CommitLimit:     8258920 kB
Committed_AS:    9396444 kB
VmallocTotal:   34359738367 kB
VmallocUsed:       47096 kB
VmallocChunk:          0 kB
Percpu:            13280 kB
HardwareCorrupted:     0 kB
AnonHugePages:     22528 kB
ShmemHugePages:        0 kB
ShmemPmdMapped:        0 kB
FileHugePages:         0 kB
FilePmdMapped:         0 kB
CmaTotal:              0 kB
CmaFree:               0 kB
Unaccepted:            0 kB
Balloon:               0 kB
HugePages_Total:       0
HugePages_Free:        0
HugePages_Rsvd:        0
HugePages_Surp:        0
Hugepagesize:       2048 kB
Hugetlb:               0 kB
DirectMap4k:      194432 kB
DirectMap2M:     6096896 kB
DirectMap1G:     4194304 kB
---SNAPSHOT---
2026-04-27 02:26:28
MemTotal:        8129240 kB
MemFree:         4723912 kB
MemAvailable:    4448068 kB
Buffers:            4696 kB
Cached:           283028 kB
SwapCached:       159872 kB
Active:          2077856 kB
Inactive:         691564 kB
Active(anon):    1945600 kB
Inactive(anon):   574856 kB
Active(file):     132256 kB
Inactive(file):   116708 kB
Unevictable:           0 kB
Mlocked:               0 kB
SwapTotal:       4194300 kB
SwapFree:        3913108 kB
Zswap:                 0 kB
Zswapped:              0 kB
Dirty:               328 kB
Writeback:             0 kB
AnonPages:       2326408 kB
Mapped:           237456 kB
Shmem:             38812 kB
KReclaimable:      54428 kB
Slab:             282568 kB
SReclaimable:      54428 kB
SUnreclaim:       228140 kB
KernelStack:       18892 kB
PageTables:        58076 kB
SecPageTables:         0 kB
NFS_Unstable:          0 kB
Bounce:                0 kB
WritebackTmp:          0 kB
CommitLimit:     8258920 kB
Committed_AS:    9396204 kB
VmallocTotal:   34359738367 kB
VmallocUsed:       47176 kB
VmallocChunk:          0 kB
Percpu:            13280 kB
HardwareCorrupted:     0 kB
AnonHugePages:     22528 kB
ShmemHugePages:        0 kB
ShmemPmdMapped:        0 kB
FileHugePages:         0 kB
FilePmdMapped:         0 kB
CmaTotal:              0 kB
CmaFree:               0 kB
Unaccepted:            0 kB
Balloon:               0 kB
HugePages_Total:       0
HugePages_Free:        0
HugePages_Rsvd:        0
HugePages_Surp:        0
Hugepagesize:       2048 kB
Hugetlb:               0 kB
DirectMap4k:      194432 kB
DirectMap2M:     6096896 kB
DirectMap1G:     4194304 kB
---SNAPSHOT---
2026-04-27 02:26:29
MemTotal:        8129240 kB
MemFree:         4724780 kB
MemAvailable:    4449248 kB
Buffers:            4720 kB
Cached:           283132 kB
SwapCached:       159872 kB
Active:          2078452 kB
Inactive:         691608 kB
Active(anon):    1946096 kB
Inactive(anon):   574856 kB
Active(file):     132356 kB
Inactive(file):   116752 kB
Unevictable:           0 kB
Mlocked:               0 kB
SwapTotal:       4194300 kB
SwapFree:        3913108 kB
Zswap:                 0 kB
Zswapped:              0 kB
Dirty:               380 kB
Writeback:             0 kB
AnonPages:       2326732 kB
Mapped:           237468 kB
Shmem:             38812 kB
KReclaimable:      54908 kB
Slab:             283048 kB
SReclaimable:      54908 kB
SUnreclaim:       228140 kB
KernelStack:       18948 kB
PageTables:        58576 kB
SecPageTables:         0 kB
NFS_Unstable:          0 kB
Bounce:                0 kB
WritebackTmp:          0 kB
CommitLimit:     8258920 kB
Committed_AS:    9397740 kB
VmallocTotal:   34359738367 kB
VmallocUsed:       47208 kB
VmallocChunk:          0 kB
Percpu:            13280 kB
HardwareCorrupted:     0 kB
AnonHugePages:     14336 kB
ShmemHugePages:        0 kB
ShmemPmdMapped:        0 kB
FileHugePages:         0 kB
FilePmdMapped:         0 kB
CmaTotal:              0 kB
CmaFree:               0 kB
Unaccepted:            0 kB
Balloon:               0 kB
HugePages_Total:       0
HugePages_Free:        0
HugePages_Rsvd:        0
HugePages_Surp:        0
Hugepagesize:       2048 kB
Hugetlb:               0 kB
DirectMap4k:      194432 kB
DirectMap2M:     6096896 kB
DirectMap1G:     4194304 kB
---SNAPSHOT---
2026-04-27 02:26:30
MemTotal:        8129240 kB
MemFree:         4724932 kB
MemAvailable:    4451368 kB
Buffers:            5132 kB
Cached:           286524 kB
SwapCached:       159872 kB
Active:          2081564 kB
Inactive:         692100 kB
Active(anon):    1945888 kB
Inactive(anon):   574856 kB
Active(file):     135676 kB
Inactive(file):   117244 kB
Unevictable:           0 kB
Mlocked:               0 kB
SwapTotal:       4194300 kB
SwapFree:        3913108 kB
Zswap:                 0 kB
Zswapped:              0 kB
Dirty:               388 kB
Writeback:             0 kB
AnonPages:       2326516 kB
Mapped:           237696 kB
Shmem:             38812 kB
KReclaimable:      55036 kB
Slab:             283208 kB
SReclaimable:      55036 kB
SUnreclaim:       228172 kB
KernelStack:       18820 kB
PageTables:        58476 kB
SecPageTables:         0 kB
NFS_Unstable:          0 kB
Bounce:                0 kB
WritebackTmp:          0 kB
CommitLimit:     8258920 kB
Committed_AS:    9404636 kB
VmallocTotal:   34359738367 kB
VmallocUsed:       47160 kB
VmallocChunk:          0 kB
Percpu:            13280 kB
HardwareCorrupted:     0 kB
AnonHugePages:     14336 kB
ShmemHugePages:        0 kB
ShmemPmdMapped:        0 kB
FileHugePages:         0 kB
FilePmdMapped:         0 kB
CmaTotal:              0 kB
CmaFree:               0 kB
Unaccepted:            0 kB
Balloon:               0 kB
HugePages_Total:       0
HugePages_Free:        0
HugePages_Rsvd:        0
HugePages_Surp:        0
Hugepagesize:       2048 kB
Hugetlb:               0 kB
DirectMap4k:      194432 kB
DirectMap2M:     6096896 kB
DirectMap1G:     4194304 kB
---SNAPSHOT---
2026-04-27 02:26:31
MemTotal:        8129240 kB
MemFree:         2112476 kB
MemAvailable:    1843356 kB
Buffers:            5264 kB
Cached:           312440 kB
SwapCached:       159872 kB
Active:          4669060 kB
Inactive:         692392 kB
Active(anon):    4524800 kB
Inactive(anon):   574848 kB
Active(file):     144260 kB
Inactive(file):   117544 kB
Unevictable:          16 kB
Mlocked:              16 kB
SwapTotal:       4194300 kB
SwapFree:        3913108 kB
Zswap:                 0 kB
Zswapped:              0 kB
Dirty:               464 kB
Writeback:             0 kB
AnonPages:       4888408 kB
Mapped:           258280 kB
Shmem:             55960 kB
KReclaimable:      55036 kB
Slab:             283228 kB
SReclaimable:      55036 kB
SUnreclaim:       228192 kB
KernelStack:       18960 kB
PageTables:        63964 kB
SecPageTables:         0 kB
NFS_Unstable:          0 kB
Bounce:                0 kB
WritebackTmp:          0 kB
CommitLimit:     8258920 kB
Committed_AS:   12053860 kB
VmallocTotal:   34359738367 kB
VmallocUsed:       47192 kB
VmallocChunk:          0 kB
Percpu:            13280 kB
HardwareCorrupted:     0 kB
AnonHugePages:   2562048 kB
ShmemHugePages:        0 kB
ShmemPmdMapped:        0 kB
FileHugePages:         0 kB
FilePmdMapped:         0 kB
CmaTotal:              0 kB
CmaFree:               0 kB
Unaccepted:            0 kB
Balloon:               0 kB
HugePages_Total:       0
HugePages_Free:        0
HugePages_Rsvd:        0
HugePages_Surp:        0
Hugepagesize:       2048 kB
Hugetlb:               0 kB
DirectMap4k:      194432 kB
DirectMap2M:     6096896 kB
DirectMap1G:     4194304 kB
---SNAPSHOT---
2026-04-27 02:26:32
MemTotal:        8129240 kB
MemFree:         3527180 kB
MemAvailable:    3258060 kB
Buffers:            5264 kB
Cached:           312452 kB
SwapCached:       159872 kB
Active:          3249992 kB
Inactive:         692360 kB
Active(anon):    3105740 kB
Inactive(anon):   574804 kB
Active(file):     144252 kB
Inactive(file):   117556 kB
Unevictable:          16 kB
Mlocked:              16 kB
SwapTotal:       4194300 kB
SwapFree:        3913108 kB
Zswap:                 0 kB
Zswapped:              0 kB
Dirty:               476 kB
Writeback:             0 kB
AnonPages:       3468940 kB
Mapped:           258280 kB
Shmem:             55960 kB
KReclaimable:      55036 kB
Slab:             283244 kB
SReclaimable:      55036 kB
SUnreclaim:       228208 kB
KernelStack:       19020 kB
PageTables:        61460 kB
SecPageTables:         0 kB
NFS_Unstable:          0 kB
Bounce:                0 kB
WritebackTmp:          0 kB
CommitLimit:     8258920 kB
Committed_AS:   12053728 kB
VmallocTotal:   34359738367 kB
VmallocUsed:       47208 kB
VmallocChunk:          0 kB
Percpu:            13280 kB
HardwareCorrupted:     0 kB
AnonHugePages:   1148928 kB
ShmemHugePages:        0 kB
ShmemPmdMapped:        0 kB
FileHugePages:         0 kB
FilePmdMapped:         0 kB
CmaTotal:              0 kB
CmaFree:               0 kB
Unaccepted:            0 kB
Balloon:               0 kB
HugePages_Total:       0
HugePages_Free:        0
HugePages_Rsvd:        0
HugePages_Surp:        0
Hugepagesize:       2048 kB
Hugetlb:               0 kB
DirectMap4k:      194432 kB
DirectMap2M:     6096896 kB
DirectMap1G:     4194304 kB
---SNAPSHOT---
2026-04-27 02:26:33
MemTotal:        8129240 kB
MemFree:         2108940 kB
MemAvailable:    1839828 kB
Buffers:            5264 kB
Cached:           312456 kB
SwapCached:       159872 kB
Active:          4668752 kB
Inactive:         692416 kB
Active(anon):    4524492 kB
Inactive(anon):   574856 kB
Active(file):     144260 kB
Inactive(file):   117560 kB
Unevictable:          16 kB
Mlocked:              16 kB
SwapTotal:       4194300 kB
SwapFree:        3913108 kB
Zswap:                 0 kB
Zswapped:              0 kB
Dirty:               480 kB
Writeback:             0 kB
AnonPages:       4887856 kB
Mapped:           258280 kB
Shmem:             55960 kB
KReclaimable:      55036 kB
Slab:             283240 kB
SReclaimable:      55036 kB
SUnreclaim:       228204 kB
KernelStack:       18960 kB
PageTables:        63936 kB
SecPageTables:         0 kB
NFS_Unstable:          0 kB
Bounce:                0 kB
WritebackTmp:          0 kB
CommitLimit:     8258920 kB
Committed_AS:   12053412 kB
VmallocTotal:   34359738367 kB
VmallocUsed:       47240 kB
VmallocChunk:          0 kB
Percpu:            13280 kB
HardwareCorrupted:     0 kB
AnonHugePages:   2562048 kB
ShmemHugePages:        0 kB
ShmemPmdMapped:        0 kB
FileHugePages:         0 kB
FilePmdMapped:         0 kB
CmaTotal:              0 kB
CmaFree:               0 kB
Unaccepted:            0 kB
Balloon:               0 kB
HugePages_Total:       0
HugePages_Free:        0
HugePages_Rsvd:        0
HugePages_Surp:        0
Hugepagesize:       2048 kB
Hugetlb:               0 kB
DirectMap4k:      194432 kB
DirectMap2M:     6096896 kB
DirectMap1G:     4194304 kB
---SNAPSHOT---
2026-04-27 02:26:34
MemTotal:        8129240 kB
MemFree:         2220572 kB
MemAvailable:    1951484 kB
Buffers:            5272 kB
Cached:           312456 kB
SwapCached:       159872 kB
Active:          4515380 kB
Inactive:         692420 kB
Active(anon):    4371120 kB
Inactive(anon):   574856 kB
Active(file):     144260 kB
Inactive(file):   117564 kB
Unevictable:          16 kB
Mlocked:              16 kB
SwapTotal:       4194300 kB
SwapFree:        3913108 kB
Zswap:                 0 kB
Zswapped:              0 kB
Dirty:               484 kB
Writeback:             0 kB
AnonPages:       4734936 kB
Mapped:           258280 kB
Shmem:             55960 kB
KReclaimable:      55084 kB
Slab:             283324 kB
SReclaimable:      55084 kB
SUnreclaim:       228240 kB
KernelStack:       19008 kB
PageTables:        63040 kB
SecPageTables:         0 kB
NFS_Unstable:          0 kB
Bounce:                0 kB
WritebackTmp:          0 kB
CommitLimit:     8258920 kB
Committed_AS:   12055004 kB
VmallocTotal:   34359738367 kB
VmallocUsed:       47288 kB
VmallocChunk:          0 kB
Percpu:            13280 kB
HardwareCorrupted:     0 kB
AnonHugePages:   1925120 kB
ShmemHugePages:        0 kB
ShmemPmdMapped:        0 kB
FileHugePages:         0 kB
FilePmdMapped:         0 kB
CmaTotal:              0 kB
CmaFree:               0 kB
Unaccepted:            0 kB
Balloon:               0 kB
HugePages_Total:       0
HugePages_Free:        0
HugePages_Rsvd:        0
HugePages_Surp:        0
Hugepagesize:       2048 kB
Hugetlb:               0 kB
DirectMap4k:      194432 kB
DirectMap2M:     6096896 kB
DirectMap1G:     4194304 kB
---SNAPSHOT---
2026-04-27 02:26:35
MemTotal:        8129240 kB
MemFree:         3134400 kB
MemAvailable:    2865320 kB
Buffers:            5272 kB
Cached:           312468 kB
SwapCached:       159872 kB
Active:          3599736 kB
Inactive:         692436 kB
Active(anon):    3455476 kB
Inactive(anon):   574856 kB
Active(file):     144260 kB
Inactive(file):   117580 kB
Unevictable:          16 kB
Mlocked:              16 kB
SwapTotal:       4194300 kB
SwapFree:        3913108 kB
Zswap:                 0 kB
Zswapped:              0 kB
Dirty:               492 kB
Writeback:             0 kB
AnonPages:       3818920 kB
Mapped:           258280 kB
Shmem:             55960 kB
KReclaimable:      55084 kB
Slab:             283292 kB
SReclaimable:      55084 kB
SUnreclaim:       228208 kB
KernelStack:       18976 kB
PageTables:        61988 kB
SecPageTables:         0 kB
NFS_Unstable:          0 kB
Bounce:                0 kB
WritebackTmp:          0 kB
CommitLimit:     8258920 kB
Committed_AS:   12053728 kB
VmallocTotal:   34359738367 kB
VmallocUsed:       47240 kB
VmallocChunk:          0 kB
Percpu:            13280 kB
HardwareCorrupted:     0 kB
AnonHugePages:    860160 kB
ShmemHugePages:        0 kB
ShmemPmdMapped:        0 kB
FileHugePages:         0 kB
FilePmdMapped:         0 kB
CmaTotal:              0 kB
CmaFree:               0 kB
Unaccepted:            0 kB
Balloon:               0 kB
HugePages_Total:       0
HugePages_Free:        0
HugePages_Rsvd:        0
HugePages_Surp:        0
Hugepagesize:       2048 kB
Hugetlb:               0 kB
DirectMap4k:      194432 kB
DirectMap2M:     6096896 kB
DirectMap1G:     4194304 kB
---SNAPSHOT---
2026-04-27 02:26:36
MemTotal:        8129240 kB
MemFree:         2089300 kB
MemAvailable:    1821048 kB
Buffers:            5272 kB
Cached:           312476 kB
SwapCached:       159872 kB
Active:          4668676 kB
Inactive:         692440 kB
Active(anon):    4524416 kB
Inactive(anon):   574856 kB
Active(file):     144260 kB
Inactive(file):   117584 kB
Unevictable:          16 kB
Mlocked:              16 kB
SwapTotal:       4194300 kB
SwapFree:        3913108 kB
Zswap:                 0 kB
Zswapped:              0 kB
Dirty:               496 kB
Writeback:             0 kB
AnonPages:       4887812 kB
Mapped:           258508 kB
Shmem:             55960 kB
KReclaimable:      56732 kB
Slab:             284920 kB
SReclaimable:      56732 kB
SUnreclaim:       228188 kB
KernelStack:       18960 kB
PageTables:        63608 kB
SecPageTables:         0 kB
NFS_Unstable:          0 kB
Bounce:                0 kB
WritebackTmp:          0 kB
CommitLimit:     8258920 kB
Committed_AS:   12053868 kB
VmallocTotal:   34359738367 kB
VmallocUsed:       47224 kB
VmallocChunk:          0 kB
Percpu:            13280 kB
HardwareCorrupted:     0 kB
AnonHugePages:   2562048 kB
ShmemHugePages:        0 kB
ShmemPmdMapped:        0 kB
FileHugePages:         0 kB
FilePmdMapped:         0 kB
CmaTotal:              0 kB
CmaFree:               0 kB
Unaccepted:            0 kB
Balloon:               0 kB
HugePages_Total:       0
HugePages_Free:        0
HugePages_Rsvd:        0
HugePages_Surp:        0
Hugepagesize:       2048 kB
Hugetlb:               0 kB
DirectMap4k:      194432 kB
DirectMap2M:     6096896 kB
DirectMap1G:     4194304 kB
---SNAPSHOT---
2026-04-27 02:26:37
MemTotal:        8129240 kB
MemFree:         2548924 kB
MemAvailable:    2280676 kB
Buffers:            5272 kB
Cached:           312484 kB
SwapCached:       159872 kB
Active:          4208320 kB
Inactive:         692452 kB
Active(anon):    4064060 kB
Inactive(anon):   574856 kB
Active(file):     144260 kB
Inactive(file):   117596 kB
Unevictable:          16 kB
Mlocked:              16 kB
SwapTotal:       4194300 kB
SwapFree:        3913108 kB
Zswap:                 0 kB
Zswapped:              0 kB
Dirty:               504 kB
Writeback:             0 kB
AnonPages:       4427552 kB
Mapped:           258508 kB
Shmem:             55960 kB
KReclaimable:      56732 kB
Slab:             284936 kB
SReclaimable:      56732 kB
SUnreclaim:       228204 kB
KernelStack:       18960 kB
PageTables:        62604 kB
SecPageTables:         0 kB
NFS_Unstable:          0 kB
Bounce:                0 kB
WritebackTmp:          0 kB
CommitLimit:     8258920 kB
Committed_AS:   12053732 kB
VmallocTotal:   34359738367 kB
VmallocUsed:       47224 kB
VmallocChunk:          0 kB
Percpu:            13280 kB
HardwareCorrupted:     0 kB
AnonHugePages:   2103296 kB
ShmemHugePages:        0 kB
ShmemPmdMapped:        0 kB
FileHugePages:         0 kB
FilePmdMapped:         0 kB
CmaTotal:              0 kB
CmaFree:               0 kB
Unaccepted:            0 kB
Balloon:               0 kB
HugePages_Total:       0
HugePages_Free:        0
HugePages_Rsvd:        0
HugePages_Surp:        0
Hugepagesize:       2048 kB
Hugetlb:               0 kB
DirectMap4k:      194432 kB
DirectMap2M:     6096896 kB
DirectMap1G:     4194304 kB
---SNAPSHOT---
2026-04-27 02:26:38
MemTotal:        8129240 kB
MemFree:         3237976 kB
MemAvailable:    2969732 kB
Buffers:            5272 kB
Cached:           312488 kB
SwapCached:       159872 kB
Active:          3523568 kB
Inactive:         692456 kB
Active(anon):    3379308 kB
Inactive(anon):   574856 kB
Active(file):     144260 kB
Inactive(file):   117600 kB
Unevictable:          16 kB
Mlocked:              16 kB
SwapTotal:       4194300 kB
SwapFree:        3913108 kB
Zswap:                 0 kB
Zswapped:              0 kB
Dirty:               508 kB
Writeback:             0 kB
AnonPages:       3743068 kB
Mapped:           258280 kB
Shmem:             55960 kB
KReclaimable:      56732 kB
Slab:             284932 kB
SReclaimable:      56732 kB
SUnreclaim:       228200 kB
KernelStack:       18960 kB
PageTables:        61456 kB
SecPageTables:         0 kB
NFS_Unstable:          0 kB
Bounce:                0 kB
WritebackTmp:          0 kB
CommitLimit:     8258920 kB
Committed_AS:   12053836 kB
VmallocTotal:   34359738367 kB
VmallocUsed:       47240 kB
VmallocChunk:          0 kB
Percpu:            13280 kB
HardwareCorrupted:     0 kB
AnonHugePages:   1421312 kB
ShmemHugePages:        0 kB
ShmemPmdMapped:        0 kB
FileHugePages:         0 kB
FilePmdMapped:         0 kB
CmaTotal:              0 kB
CmaFree:               0 kB
Unaccepted:            0 kB
Balloon:               0 kB
HugePages_Total:       0
HugePages_Free:        0
HugePages_Rsvd:        0
HugePages_Surp:        0
Hugepagesize:       2048 kB
Hugetlb:               0 kB
DirectMap4k:      194432 kB
DirectMap2M:     6096896 kB
DirectMap1G:     4194304 kB
---SNAPSHOT---
2026-04-27 02:26:39
MemTotal:        8129240 kB
MemFree:         2097692 kB
MemAvailable:    1829448 kB
Buffers:            5280 kB
Cached:           312480 kB
SwapCached:       585320 kB
Active:          4243400 kB
Inactive:        1115624 kB
Active(anon):    4099140 kB
Inactive(anon):   998024 kB
Active(file):     144260 kB
Inactive(file):   117600 kB
Unevictable:          16 kB
Mlocked:              16 kB
SwapTotal:       4194300 kB
SwapFree:        3487648 kB
Zswap:                 0 kB
Zswapped:              0 kB
Dirty:               508 kB
Writeback:          1140 kB
AnonPages:       4462960 kB
Mapped:           258344 kB
Shmem:             55960 kB
KReclaimable:      56732 kB
Slab:             284932 kB
SReclaimable:      56732 kB
SUnreclaim:       228200 kB
KernelStack:       19004 kB
PageTables:        63560 kB
SecPageTables:         0 kB
NFS_Unstable:          0 kB
Bounce:                0 kB
WritebackTmp:          0 kB
CommitLimit:     8258920 kB
Committed_AS:   12053596 kB
VmallocTotal:   34359738367 kB
VmallocUsed:       47240 kB
VmallocChunk:          0 kB
Percpu:            13280 kB
HardwareCorrupted:     0 kB
AnonHugePages:   2138112 kB
ShmemHugePages:        0 kB
ShmemPmdMapped:        0 kB
FileHugePages:         0 kB
FilePmdMapped:         0 kB
CmaTotal:              0 kB
CmaFree:               0 kB
Unaccepted:            0 kB
Balloon:               0 kB
HugePages_Total:       0
HugePages_Free:        0
HugePages_Rsvd:        0
HugePages_Surp:        0
Hugepagesize:       2048 kB
Hugetlb:               0 kB
DirectMap4k:      194432 kB
DirectMap2M:     6096896 kB
DirectMap1G:     4194304 kB
---SNAPSHOT---
2026-04-27 02:26:40
MemTotal:        8129240 kB
MemFree:         2430708 kB
MemAvailable:    2162472 kB
Buffers:            5280 kB
Cached:           312500 kB
SwapCached:       160068 kB
Active:          4307444 kB
Inactive:         692496 kB
Active(anon):    4163184 kB
Inactive(anon):   574876 kB
Active(file):     144260 kB
Inactive(file):   117620 kB
Unevictable:          16 kB
Mlocked:              16 kB
SwapTotal:       4194300 kB
SwapFree:        3913108 kB
Zswap:                 0 kB
Zswapped:              0 kB
Dirty:               520 kB
Writeback:            52 kB
AnonPages:       4526748 kB
Mapped:           258280 kB
Shmem:             55960 kB
KReclaimable:      56732 kB
Slab:             285060 kB
SReclaimable:      56732 kB
SUnreclaim:       228328 kB
KernelStack:       19020 kB
PageTables:        63276 kB
SecPageTables:         0 kB
NFS_Unstable:          0 kB
Bounce:                0 kB
WritebackTmp:          0 kB
CommitLimit:     8258920 kB
Committed_AS:   12053728 kB
VmallocTotal:   34359738367 kB
VmallocUsed:       47256 kB
VmallocChunk:          0 kB
Percpu:            13280 kB
HardwareCorrupted:     0 kB
AnonHugePages:   2203648 kB
ShmemHugePages:        0 kB
ShmemPmdMapped:        0 kB
FileHugePages:         0 kB
FilePmdMapped:         0 kB
CmaTotal:              0 kB
CmaFree:               0 kB
Unaccepted:            0 kB
Balloon:               0 kB
HugePages_Total:       0
HugePages_Free:        0
HugePages_Rsvd:        0
HugePages_Surp:        0
Hugepagesize:       2048 kB
Hugetlb:               0 kB
DirectMap4k:      194432 kB
DirectMap2M:     6096896 kB
DirectMap1G:     4194304 kB
---SNAPSHOT---
2026-04-27 02:26:41
MemTotal:        8129240 kB
MemFree:         2878404 kB
MemAvailable:    2610172 kB
Buffers:            5280 kB
Cached:           312504 kB
SwapCached:       159872 kB
Active:          3773632 kB
Inactive:         692480 kB
Active(anon):    3629372 kB
Inactive(anon):   574856 kB
Active(file):     144260 kB
Inactive(file):   117624 kB
Unevictable:          16 kB
Mlocked:              16 kB
SwapTotal:       4194300 kB
SwapFree:        3913108 kB
Zswap:                 0 kB
Zswapped:              0 kB
Dirty:               524 kB
Writeback:             0 kB
AnonPages:       3993028 kB
Mapped:           258280 kB
Shmem:             55960 kB
KReclaimable:      56732 kB
Slab:             284956 kB
SReclaimable:      56732 kB
SUnreclaim:       228224 kB
KernelStack:       18960 kB
PageTables:        62100 kB
SecPageTables:         0 kB
NFS_Unstable:          0 kB
Bounce:                0 kB
WritebackTmp:          0 kB
CommitLimit:     8258920 kB
Committed_AS:   12053092 kB
VmallocTotal:   34359738367 kB
VmallocUsed:       47240 kB
VmallocChunk:          0 kB
Percpu:            13280 kB
HardwareCorrupted:     0 kB
AnonHugePages:   1478656 kB
ShmemHugePages:        0 kB
ShmemPmdMapped:        0 kB
FileHugePages:         0 kB
FilePmdMapped:         0 kB
CmaTotal:              0 kB
CmaFree:               0 kB
Unaccepted:            0 kB
Balloon:               0 kB
HugePages_Total:       0
HugePages_Free:        0
HugePages_Rsvd:        0
HugePages_Surp:        0
Hugepagesize:       2048 kB
Hugetlb:               0 kB
DirectMap4k:      194432 kB
DirectMap2M:     6096896 kB
DirectMap1G:     4194304 kB
---SNAPSHOT---
2026-04-27 02:26:42
MemTotal:        8129240 kB
MemFree:         2033988 kB
MemAvailable:    1765756 kB
Buffers:            5280 kB
Cached:           312512 kB
SwapCached:       159872 kB
Active:          4668660 kB
Inactive:         692484 kB
Active(anon):    4524400 kB
Inactive(anon):   574856 kB
Active(file):     144260 kB
Inactive(file):   117628 kB
Unevictable:          16 kB
Mlocked:              16 kB
SwapTotal:       4194300 kB
SwapFree:        3913108 kB
Zswap:                 0 kB
Zswapped:              0 kB
Dirty:               532 kB
Writeback:             0 kB
AnonPages:       4888120 kB
Mapped:           258280 kB
Shmem:             55960 kB
KReclaimable:      56732 kB
Slab:             284952 kB
SReclaimable:      56732 kB
SUnreclaim:       228220 kB
KernelStack:       18960 kB
PageTables:        63380 kB
SecPageTables:         0 kB
NFS_Unstable:          0 kB
Bounce:                0 kB
WritebackTmp:          0 kB
CommitLimit:     8258920 kB
Committed_AS:   12053736 kB
VmallocTotal:   34359738367 kB
VmallocUsed:       47208 kB
VmallocChunk:          0 kB
Percpu:            13280 kB
HardwareCorrupted:     0 kB
AnonHugePages:   1925120 kB
ShmemHugePages:        0 kB
ShmemPmdMapped:        0 kB
FileHugePages:         0 kB
FilePmdMapped:         0 kB
CmaTotal:              0 kB
CmaFree:               0 kB
Unaccepted:            0 kB
Balloon:               0 kB
HugePages_Total:       0
HugePages_Free:        0
HugePages_Rsvd:        0
HugePages_Surp:        0
Hugepagesize:       2048 kB
Hugetlb:               0 kB
DirectMap4k:      194432 kB
DirectMap2M:     6096896 kB
DirectMap1G:     4194304 kB
---SNAPSHOT---
2026-04-27 02:26:43
MemTotal:        8129240 kB
MemFree:         2672972 kB
MemAvailable:    2404744 kB
Buffers:            5280 kB
Cached:           312516 kB
SwapCached:       159872 kB
Active:          4033876 kB
Inactive:         692488 kB
Active(anon):    3889616 kB
Inactive(anon):   574856 kB
Active(file):     144260 kB
Inactive(file):   117632 kB
Unevictable:          16 kB
Mlocked:              16 kB
SwapTotal:       4194300 kB
SwapFree:        3913108 kB
Zswap:                 0 kB
Zswapped:              0 kB
Dirty:               536 kB
Writeback:             0 kB
AnonPages:       4252812 kB
Mapped:           258280 kB
Shmem:             55960 kB
KReclaimable:      56732 kB
Slab:             284948 kB
SReclaimable:      56732 kB
SUnreclaim:       228216 kB
KernelStack:       18960 kB
PageTables:        62076 kB
SecPageTables:         0 kB
NFS_Unstable:          0 kB
Bounce:                0 kB
WritebackTmp:          0 kB
CommitLimit:     8258920 kB
Committed_AS:   12053252 kB
VmallocTotal:   34359738367 kB
VmallocUsed:       47176 kB
VmallocChunk:          0 kB
Percpu:            13280 kB
HardwareCorrupted:     0 kB
AnonHugePages:   1931264 kB
ShmemHugePages:        0 kB
ShmemPmdMapped:        0 kB
FileHugePages:         0 kB
FilePmdMapped:         0 kB
CmaTotal:              0 kB
CmaFree:               0 kB
Unaccepted:            0 kB
Balloon:               0 kB
HugePages_Total:       0
HugePages_Free:        0
HugePages_Rsvd:        0
HugePages_Surp:        0
Hugepagesize:       2048 kB
Hugetlb:               0 kB
DirectMap4k:      194432 kB
DirectMap2M:     6096896 kB
DirectMap1G:     4194304 kB
---SNAPSHOT---
2026-04-27 02:26:44
MemTotal:        8129240 kB
MemFree:         2407748 kB
MemAvailable:    2139524 kB
Buffers:            5288 kB
Cached:           312512 kB
SwapCached:       159872 kB
Active:          4282168 kB
Inactive:         692496 kB
Active(anon):    4137908 kB
Inactive(anon):   574856 kB
Active(file):     144260 kB
Inactive(file):   117640 kB
Unevictable:          16 kB
Mlocked:              16 kB
SwapTotal:       4194300 kB
SwapFree:        3913108 kB
Zswap:                 0 kB
Zswapped:              0 kB
Dirty:               540 kB
Writeback:             0 kB
AnonPages:       4501700 kB
Mapped:           258280 kB
Shmem:             55960 kB
KReclaimable:      56732 kB
Slab:             284932 kB
SReclaimable:      56732 kB
SUnreclaim:       228200 kB
KernelStack:       18960 kB
PageTables:        62564 kB
SecPageTables:         0 kB
NFS_Unstable:          0 kB
Bounce:                0 kB
WritebackTmp:          0 kB
CommitLimit:     8258920 kB
Committed_AS:   12053600 kB
VmallocTotal:   34359738367 kB
VmallocUsed:       47176 kB
VmallocChunk:          0 kB
Percpu:            13280 kB
HardwareCorrupted:     0 kB
AnonHugePages:   2177024 kB
ShmemHugePages:        0 kB
ShmemPmdMapped:        0 kB
FileHugePages:         0 kB
FilePmdMapped:         0 kB
CmaTotal:              0 kB
CmaFree:               0 kB
Unaccepted:            0 kB
Balloon:               0 kB
HugePages_Total:       0
HugePages_Free:        0
HugePages_Rsvd:        0
HugePages_Surp:        0
Hugepagesize:       2048 kB
Hugetlb:               0 kB
DirectMap4k:      194432 kB
DirectMap2M:     6096896 kB
DirectMap1G:     4194304 kB
---SNAPSHOT---
2026-04-27 02:26:45
MemTotal:        8129240 kB
MemFree:         2074000 kB
MemAvailable:    1805784 kB
Buffers:            5288 kB
Cached:           312528 kB
SwapCached:       768120 kB
Active:          4059556 kB
Inactive:        1299656 kB
Active(anon):    3915296 kB
Inactive(anon):  1182000 kB
Active(file):     144260 kB
Inactive(file):   117656 kB
Unevictable:          16 kB
Mlocked:              16 kB
SwapTotal:       4194300 kB
SwapFree:        3304744 kB
Zswap:                 0 kB
Zswapped:              0 kB
Dirty:               548 kB
Writeback:           988 kB
AnonPages:       4279804 kB
Mapped:           258508 kB
Shmem:             55960 kB
KReclaimable:      56732 kB
Slab:             284984 kB
SReclaimable:      56732 kB
SUnreclaim:       228252 kB
KernelStack:       18944 kB
PageTables:        63352 kB
SecPageTables:         0 kB
NFS_Unstable:          0 kB
Bounce:                0 kB
WritebackTmp:          0 kB
CommitLimit:     8258920 kB
Committed_AS:   12053584 kB
VmallocTotal:   34359738367 kB
VmallocUsed:       47192 kB
VmallocChunk:          0 kB
Percpu:            13280 kB
HardwareCorrupted:     0 kB
AnonHugePages:   1953792 kB
ShmemHugePages:        0 kB
ShmemPmdMapped:        0 kB
FileHugePages:         0 kB
FilePmdMapped:         0 kB
CmaTotal:              0 kB
CmaFree:               0 kB
Unaccepted:            0 kB
Balloon:               0 kB
HugePages_Total:       0
HugePages_Free:        0
HugePages_Rsvd:        0
HugePages_Surp:        0
Hugepagesize:       2048 kB
Hugetlb:               0 kB
DirectMap4k:      194432 kB
DirectMap2M:     6096896 kB
DirectMap1G:     4194304 kB
---SNAPSHOT---
2026-04-27 02:26:46
MemTotal:        8129240 kB
MemFree:         2619392 kB
MemAvailable:    2351176 kB
Buffers:            5288 kB
Cached:           312532 kB
SwapCached:       160044 kB
Active:          4084416 kB
Inactive:         692596 kB
Active(anon):    3940156 kB
Inactive(anon):   574936 kB
Active(file):     144260 kB
Inactive(file):   117660 kB
Unevictable:          16 kB
Mlocked:              16 kB
SwapTotal:       4194300 kB
SwapFree:        3913108 kB
Zswap:                 0 kB
Zswapped:              0 kB
Dirty:               552 kB
Writeback:             0 kB
AnonPages:       4303588 kB
Mapped:           258280 kB
Shmem:             55960 kB
KReclaimable:      56732 kB
Slab:             284908 kB
SReclaimable:      56732 kB
SUnreclaim:       228176 kB
KernelStack:       18960 kB
PageTables:        62824 kB
SecPageTables:         0 kB
NFS_Unstable:          0 kB
Bounce:                0 kB
WritebackTmp:          0 kB
CommitLimit:     8258920 kB
Committed_AS:   12053632 kB
VmallocTotal:   34359738367 kB
VmallocUsed:       47192 kB
VmallocChunk:          0 kB
Percpu:            13280 kB
HardwareCorrupted:     0 kB
AnonHugePages:   1980416 kB
ShmemHugePages:        0 kB
ShmemPmdMapped:        0 kB
FileHugePages:         0 kB
FilePmdMapped:         0 kB
CmaTotal:              0 kB
CmaFree:               0 kB
Unaccepted:            0 kB
Balloon:               0 kB
HugePages_Total:       0
HugePages_Free:        0
HugePages_Rsvd:        0
HugePages_Surp:        0
Hugepagesize:       2048 kB
Hugetlb:               0 kB
DirectMap4k:      194432 kB
DirectMap2M:     6096896 kB
DirectMap1G:     4194304 kB
---SNAPSHOT---
2026-04-27 02:26:47
MemTotal:        8129240 kB
MemFree:         2773432 kB
MemAvailable:    2505220 kB
Buffers:            5288 kB
Cached:           312540 kB
SwapCached:       159872 kB
Active:          3900052 kB
Inactive:         692520 kB
Active(anon):    3755792 kB
Inactive(anon):   574856 kB
Active(file):     144260 kB
Inactive(file):   117664 kB
Unevictable:          16 kB
Mlocked:              16 kB
SwapTotal:       4194300 kB
SwapFree:        3913108 kB
Zswap:                 0 kB
Zswapped:              0 kB
Dirty:               560 kB
Writeback:             0 kB
AnonPages:       4119260 kB
Mapped:           258280 kB
Shmem:             55960 kB
KReclaimable:      56732 kB
Slab:             284912 kB
SReclaimable:      56732 kB
SUnreclaim:       228180 kB
KernelStack:       18960 kB
PageTables:        62088 kB
SecPageTables:         0 kB
NFS_Unstable:          0 kB
Bounce:                0 kB
WritebackTmp:          0 kB
CommitLimit:     8258920 kB
Committed_AS:   12053728 kB
VmallocTotal:   34359738367 kB
VmallocUsed:       47208 kB
VmallocChunk:          0 kB
Percpu:            13280 kB
HardwareCorrupted:     0 kB
AnonHugePages:   1796096 kB
ShmemHugePages:        0 kB
ShmemPmdMapped:        0 kB
FileHugePages:         0 kB
FilePmdMapped:         0 kB
CmaTotal:              0 kB
CmaFree:               0 kB
Unaccepted:            0 kB
Balloon:               0 kB
HugePages_Total:       0
HugePages_Free:        0
HugePages_Rsvd:        0
HugePages_Surp:        0
Hugepagesize:       2048 kB
Hugetlb:               0 kB
DirectMap4k:      194432 kB
DirectMap2M:     6096896 kB
DirectMap1G:     4194304 kB
---SNAPSHOT---
2026-04-27 02:26:48
MemTotal:        8129240 kB
MemFree:         2036784 kB
MemAvailable:    1768576 kB
Buffers:            5288 kB
Cached:           312548 kB
SwapCached:       159872 kB
Active:          4668796 kB
Inactive:         692532 kB
Active(anon):    4524536 kB
Inactive(anon):   574856 kB
Active(file):     144260 kB
Inactive(file):   117676 kB
Unevictable:          16 kB
Mlocked:              16 kB
SwapTotal:       4194300 kB
SwapFree:        3913108 kB
Zswap:                 0 kB
Zswapped:              0 kB
Dirty:               568 kB
Writeback:             0 kB
AnonPages:       4887728 kB
Mapped:           258280 kB
Shmem:             55960 kB
KReclaimable:      56732 kB
Slab:             284912 kB
SReclaimable:      56732 kB
SUnreclaim:       228180 kB
KernelStack:       18960 kB
PageTables:        63844 kB
SecPageTables:         0 kB
NFS_Unstable:          0 kB
Bounce:                0 kB
WritebackTmp:          0 kB
CommitLimit:     8258920 kB
Committed_AS:   12053728 kB
VmallocTotal:   34359738367 kB
VmallocUsed:       47240 kB
VmallocChunk:          0 kB
Percpu:            13280 kB
HardwareCorrupted:     0 kB
AnonHugePages:   2562048 kB
ShmemHugePages:        0 kB
ShmemPmdMapped:        0 kB
FileHugePages:         0 kB
FilePmdMapped:         0 kB
CmaTotal:              0 kB
CmaFree:               0 kB
Unaccepted:            0 kB
Balloon:               0 kB
HugePages_Total:       0
HugePages_Free:        0
HugePages_Rsvd:        0
HugePages_Surp:        0
Hugepagesize:       2048 kB
Hugetlb:               0 kB
DirectMap4k:      194432 kB
DirectMap2M:     6096896 kB
DirectMap1G:     4194304 kB
---SNAPSHOT---
2026-04-27 02:26:49
MemTotal:        8129240 kB
MemFree:         2393152 kB
MemAvailable:    2124948 kB
Buffers:            5296 kB
Cached:           312544 kB
SwapCached:       159872 kB
Active:          4306848 kB
Inactive:         692536 kB
Active(anon):    4162588 kB
Inactive(anon):   574856 kB
Active(file):     144260 kB
Inactive(file):   117680 kB
Unevictable:          16 kB
Mlocked:              16 kB
SwapTotal:       4194300 kB
SwapFree:        3913108 kB
Zswap:                 0 kB
Zswapped:              0 kB
Dirty:               572 kB
Writeback:             0 kB
AnonPages:       4525908 kB
Mapped:           258280 kB
Shmem:             55960 kB
KReclaimable:      56732 kB
Slab:             284920 kB
SReclaimable:      56732 kB
SUnreclaim:       228188 kB
KernelStack:       18960 kB
PageTables:        63048 kB
SecPageTables:         0 kB
NFS_Unstable:          0 kB
Bounce:                0 kB
WritebackTmp:          0 kB
CommitLimit:     8258920 kB
Committed_AS:   12053476 kB
VmallocTotal:   34359738367 kB
VmallocUsed:       47192 kB
VmallocChunk:          0 kB
Percpu:            13280 kB
HardwareCorrupted:     0 kB
AnonHugePages:   2201600 kB
ShmemHugePages:        0 kB
ShmemPmdMapped:        0 kB
FileHugePages:         0 kB
FilePmdMapped:         0 kB
CmaTotal:              0 kB
CmaFree:               0 kB
Unaccepted:            0 kB
Balloon:               0 kB
HugePages_Total:       0
HugePages_Free:        0
HugePages_Rsvd:        0
HugePages_Surp:        0
Hugepagesize:       2048 kB
Hugetlb:               0 kB
DirectMap4k:      194432 kB
DirectMap2M:     6096896 kB
DirectMap1G:     4194304 kB
---SNAPSHOT---
2026-04-27 02:26:50
MemTotal:        8129240 kB
MemFree:         2731000 kB
MemAvailable:    2462800 kB
Buffers:            5296 kB
Cached:           312560 kB
SwapCached:       159872 kB
Active:          3935616 kB
Inactive:         692548 kB
Active(anon):    3791356 kB
Inactive(anon):   574856 kB
Active(file):     144260 kB
Inactive(file):   117692 kB
Unevictable:          16 kB
Mlocked:              16 kB
SwapTotal:       4194300 kB
SwapFree:        3913108 kB
Zswap:                 0 kB
Zswapped:              0 kB
Dirty:               580 kB
Writeback:             0 kB
AnonPages:       4154896 kB
Mapped:           258280 kB
Shmem:             55960 kB
KReclaimable:      56732 kB
Slab:             284912 kB
SReclaimable:      56732 kB
SUnreclaim:       228180 kB
KernelStack:       18960 kB
PageTables:        62824 kB
SecPageTables:         0 kB
NFS_Unstable:          0 kB
Bounce:                0 kB
WritebackTmp:          0 kB
CommitLimit:     8258920 kB
Committed_AS:   12053776 kB
VmallocTotal:   34359738367 kB
VmallocUsed:       47176 kB
VmallocChunk:          0 kB
Percpu:            13280 kB
HardwareCorrupted:     0 kB
AnonHugePages:   1830912 kB
ShmemHugePages:        0 kB
ShmemPmdMapped:        0 kB
FileHugePages:         0 kB
FilePmdMapped:         0 kB
CmaTotal:              0 kB
CmaFree:               0 kB
Unaccepted:            0 kB
Balloon:               0 kB
HugePages_Total:       0
HugePages_Free:        0
HugePages_Rsvd:        0
HugePages_Surp:        0
Hugepagesize:       2048 kB
Hugetlb:               0 kB
DirectMap4k:      194432 kB
DirectMap2M:     6096896 kB
DirectMap1G:     4194304 kB
---SNAPSHOT---
2026-04-27 02:26:51
MemTotal:        8129240 kB
MemFree:         2036476 kB
MemAvailable:    1768280 kB
Buffers:            5296 kB
Cached:           312564 kB
SwapCached:       159872 kB
Active:          4668780 kB
Inactive:         692552 kB
Active(anon):    4524520 kB
Inactive(anon):   574856 kB
Active(file):     144260 kB
Inactive(file):   117696 kB
Unevictable:          16 kB
Mlocked:              16 kB
SwapTotal:       4194300 kB
SwapFree:        3913108 kB
Zswap:                 0 kB
Zswapped:              0 kB
Dirty:               584 kB
Writeback:             0 kB
AnonPages:       4887904 kB
Mapped:           258280 kB
Shmem:             55960 kB
KReclaimable:      56732 kB
Slab:             284912 kB
SReclaimable:      56732 kB
SUnreclaim:       228180 kB
KernelStack:       18960 kB
PageTables:        63724 kB
SecPageTables:         0 kB
NFS_Unstable:          0 kB
Bounce:                0 kB
WritebackTmp:          0 kB
CommitLimit:     8258920 kB
Committed_AS:   12053996 kB
VmallocTotal:   34359738367 kB
VmallocUsed:       47160 kB
VmallocChunk:          0 kB
Percpu:            13280 kB
HardwareCorrupted:     0 kB
AnonHugePages:   2562048 kB
ShmemHugePages:        0 kB
ShmemPmdMapped:        0 kB
FileHugePages:         0 kB
FilePmdMapped:         0 kB
CmaTotal:              0 kB
CmaFree:               0 kB
Unaccepted:            0 kB
Balloon:               0 kB
HugePages_Total:       0
HugePages_Free:        0
HugePages_Rsvd:        0
HugePages_Surp:        0
Hugepagesize:       2048 kB
Hugetlb:               0 kB
DirectMap4k:      194432 kB
DirectMap2M:     6096896 kB
DirectMap1G:     4194304 kB
---SNAPSHOT---
2026-04-27 02:26:52
MemTotal:        8129240 kB
MemFree:         2746556 kB
MemAvailable:    2478364 kB
Buffers:            5296 kB
Cached:           312572 kB
SwapCached:       159872 kB
Active:          3969540 kB
Inactive:         692560 kB
Active(anon):    3825280 kB
Inactive(anon):   574856 kB
Active(file):     144260 kB
Inactive(file):   117704 kB
Unevictable:          16 kB
Mlocked:              16 kB
SwapTotal:       4194300 kB
SwapFree:        3913108 kB
Zswap:                 0 kB
Zswapped:              0 kB
Dirty:               592 kB
Writeback:             0 kB
AnonPages:       4188624 kB
Mapped:           258280 kB
Shmem:             55960 kB
KReclaimable:      56732 kB
Slab:             284912 kB
SReclaimable:      56732 kB
SUnreclaim:       228180 kB
KernelStack:       18960 kB
PageTables:        62140 kB
SecPageTables:         0 kB
NFS_Unstable:          0 kB
Bounce:                0 kB
WritebackTmp:          0 kB
CommitLimit:     8258920 kB
Committed_AS:   12053412 kB
VmallocTotal:   34359738367 kB
VmallocUsed:       47176 kB
VmallocChunk:          0 kB
Percpu:            13280 kB
HardwareCorrupted:     0 kB
AnonHugePages:   1865728 kB
ShmemHugePages:        0 kB
ShmemPmdMapped:        0 kB
FileHugePages:         0 kB
FilePmdMapped:         0 kB
CmaTotal:              0 kB
CmaFree:               0 kB
Unaccepted:            0 kB
Balloon:               0 kB
HugePages_Total:       0
HugePages_Free:        0
HugePages_Rsvd:        0
HugePages_Surp:        0
Hugepagesize:       2048 kB
Hugetlb:               0 kB
DirectMap4k:      194432 kB
DirectMap2M:     6096896 kB
DirectMap1G:     4194304 kB
---SNAPSHOT---
2026-04-27 02:26:53
MemTotal:        8129240 kB
MemFree:         2694236 kB
MemAvailable:    2426048 kB
Buffers:            5296 kB
Cached:           312576 kB
SwapCached:       159872 kB
Active:          4024772 kB
Inactive:         692568 kB
Active(anon):    3880512 kB
Inactive(anon):   574856 kB
Active(file):     144260 kB
Inactive(file):   117712 kB
Unevictable:          16 kB
Mlocked:              16 kB
SwapTotal:       4194300 kB
SwapFree:        3913108 kB
Zswap:                 0 kB
Zswapped:              0 kB
Dirty:               596 kB
Writeback:             0 kB
AnonPages:       4244140 kB
Mapped:           258280 kB
Shmem:             55960 kB
KReclaimable:      56732 kB
Slab:             284920 kB
SReclaimable:      56732 kB
SUnreclaim:       228188 kB
KernelStack:       18960 kB
PageTables:        62392 kB
SecPageTables:         0 kB
NFS_Unstable:          0 kB
Bounce:                0 kB
WritebackTmp:          0 kB
CommitLimit:     8258920 kB
Committed_AS:   12053588 kB
VmallocTotal:   34359738367 kB
VmallocUsed:       47192 kB
VmallocChunk:          0 kB
Percpu:            13280 kB
HardwareCorrupted:     0 kB
AnonHugePages:   1921024 kB
ShmemHugePages:        0 kB
ShmemPmdMapped:        0 kB
FileHugePages:         0 kB
FilePmdMapped:         0 kB
CmaTotal:              0 kB
CmaFree:               0 kB
Unaccepted:            0 kB
Balloon:               0 kB
HugePages_Total:       0
HugePages_Free:        0
HugePages_Rsvd:        0
HugePages_Surp:        0
Hugepagesize:       2048 kB
Hugetlb:               0 kB
DirectMap4k:      194432 kB
DirectMap2M:     6096896 kB
DirectMap1G:     4194304 kB
---SNAPSHOT---
2026-04-27 02:26:54
MemTotal:        8129240 kB
MemFree:         2051504 kB
MemAvailable:    1783316 kB
Buffers:            5304 kB
Cached:           312572 kB
SwapCached:       159872 kB
Active:          4668588 kB
Inactive:         692572 kB
Active(anon):    4524328 kB
Inactive(anon):   574856 kB
Active(file):     144260 kB
Inactive(file):   117716 kB
Unevictable:          16 kB
Mlocked:              16 kB
SwapTotal:       4194300 kB
SwapFree:        3913108 kB
Zswap:                 0 kB
Zswapped:              0 kB
Dirty:               600 kB
Writeback:             0 kB
AnonPages:       4887888 kB
Mapped:           258280 kB
Shmem:             55960 kB
KReclaimable:      56732 kB
Slab:             284952 kB
SReclaimable:      56732 kB
SUnreclaim:       228220 kB
KernelStack:       19004 kB
PageTables:        64004 kB
SecPageTables:         0 kB
NFS_Unstable:          0 kB
Bounce:                0 kB
WritebackTmp:          0 kB
CommitLimit:     8258920 kB
Committed_AS:   12053860 kB
VmallocTotal:   34359738367 kB
VmallocUsed:       47240 kB
VmallocChunk:          0 kB
Percpu:            13280 kB
HardwareCorrupted:     0 kB
AnonHugePages:   2562048 kB
ShmemHugePages:        0 kB
ShmemPmdMapped:        0 kB
FileHugePages:         0 kB
FilePmdMapped:         0 kB
CmaTotal:              0 kB
CmaFree:               0 kB
Unaccepted:            0 kB
Balloon:               0 kB
HugePages_Total:       0
HugePages_Free:        0
HugePages_Rsvd:        0
HugePages_Surp:        0
Hugepagesize:       2048 kB
Hugetlb:               0 kB
DirectMap4k:      194432 kB
DirectMap2M:     6096896 kB
DirectMap1G:     4194304 kB
---SNAPSHOT---
2026-04-27 02:26:55
MemTotal:        8129240 kB
MemFree:         2737684 kB
MemAvailable:    2469500 kB
Buffers:            5308 kB
Cached:           312584 kB
SwapCached:       159872 kB
Active:          3952644 kB
Inactive:         692576 kB
Active(anon):    3808384 kB
Inactive(anon):   574856 kB
Active(file):     144260 kB
Inactive(file):   117720 kB
Unevictable:          16 kB
Mlocked:              16 kB
SwapTotal:       4194300 kB
SwapFree:        3913108 kB
Zswap:                 0 kB
Zswapped:              0 kB
Dirty:               272 kB
Writeback:             0 kB
AnonPages:       4172056 kB
Mapped:           258280 kB
Shmem:             55960 kB
KReclaimable:      56732 kB
Slab:             284956 kB
SReclaimable:      56732 kB
SUnreclaim:       228224 kB
KernelStack:       19020 kB
PageTables:        62604 kB
SecPageTables:         0 kB
NFS_Unstable:          0 kB
Bounce:                0 kB
WritebackTmp:          0 kB
CommitLimit:     8258920 kB
Committed_AS:   12053860 kB
VmallocTotal:   34359738367 kB
VmallocUsed:       47256 kB
VmallocChunk:          0 kB
Percpu:            13280 kB
HardwareCorrupted:     0 kB
AnonHugePages:   1705984 kB
ShmemHugePages:        0 kB
ShmemPmdMapped:        0 kB
FileHugePages:         0 kB
FilePmdMapped:         0 kB
CmaTotal:              0 kB
CmaFree:               0 kB
Unaccepted:            0 kB
Balloon:               0 kB
HugePages_Total:       0
HugePages_Free:        0
HugePages_Rsvd:        0
HugePages_Surp:        0
Hugepagesize:       2048 kB
Hugetlb:               0 kB
DirectMap4k:      194432 kB
DirectMap2M:     6096896 kB
DirectMap1G:     4194304 kB
---SNAPSHOT---
2026-04-27 02:26:56
MemTotal:        8129240 kB
MemFree:         2616436 kB
MemAvailable:    2348260 kB
Buffers:            5308 kB
Cached:           312592 kB
SwapCached:       159872 kB
Active:          4074052 kB
Inactive:         692596 kB
Active(anon):    3929792 kB
Inactive(anon):   574856 kB
Active(file):     144260 kB
Inactive(file):   117740 kB
Unevictable:          16 kB
Mlocked:              16 kB
SwapTotal:       4194300 kB
SwapFree:        3913108 kB
Zswap:                 0 kB
Zswapped:              0 kB
Dirty:               200 kB
Writeback:             0 kB
AnonPages:       4293284 kB
Mapped:           258280 kB
Shmem:             55960 kB
KReclaimable:      56732 kB
Slab:             284944 kB
SReclaimable:      56732 kB
SUnreclaim:       228212 kB
KernelStack:       18976 kB
PageTables:        62720 kB
SecPageTables:         0 kB
NFS_Unstable:          0 kB
Bounce:                0 kB
WritebackTmp:          0 kB
CommitLimit:     8258920 kB
Committed_AS:   12053860 kB
VmallocTotal:   34359738367 kB
VmallocUsed:       47224 kB
VmallocChunk:          0 kB
Percpu:            13280 kB
HardwareCorrupted:     0 kB
AnonHugePages:   1333248 kB
ShmemHugePages:        0 kB
ShmemPmdMapped:        0 kB
FileHugePages:         0 kB
FilePmdMapped:         0 kB
CmaTotal:              0 kB
CmaFree:               0 kB
Unaccepted:            0 kB
Balloon:               0 kB
HugePages_Total:       0
HugePages_Free:        0
HugePages_Rsvd:        0
HugePages_Surp:        0
Hugepagesize:       2048 kB
Hugetlb:               0 kB
DirectMap4k:      194432 kB
DirectMap2M:     6096896 kB
DirectMap1G:     4194304 kB
---SNAPSHOT---
2026-04-27 02:26:57
MemTotal:        8129240 kB
MemFree:         2003292 kB
MemAvailable:    1735120 kB
Buffers:            5308 kB
Cached:           312600 kB
SwapCached:       159872 kB
Active:          4668540 kB
Inactive:         692600 kB
Active(anon):    4524280 kB
Inactive(anon):   574856 kB
Active(file):     144260 kB
Inactive(file):   117744 kB
Unevictable:          16 kB
Mlocked:              16 kB
SwapTotal:       4194300 kB
SwapFree:        3913108 kB
Zswap:                 0 kB
Zswapped:              0 kB
Dirty:               208 kB
Writeback:             0 kB
AnonPages:       4887952 kB
Mapped:           258280 kB
Shmem:             55960 kB
KReclaimable:      56732 kB
Slab:             284936 kB
SReclaimable:      56732 kB
SUnreclaim:       228204 kB
KernelStack:       18972 kB
PageTables:        64032 kB
SecPageTables:         0 kB
NFS_Unstable:          0 kB
Bounce:                0 kB
WritebackTmp:          0 kB
CommitLimit:     8258920 kB
Committed_AS:   12053860 kB
VmallocTotal:   34359738367 kB
VmallocUsed:       47240 kB
VmallocChunk:          0 kB
Percpu:            13280 kB
HardwareCorrupted:     0 kB
AnonHugePages:   1925120 kB
ShmemHugePages:        0 kB
ShmemPmdMapped:        0 kB
FileHugePages:         0 kB
FilePmdMapped:         0 kB
CmaTotal:              0 kB
CmaFree:               0 kB
Unaccepted:            0 kB
Balloon:               0 kB
HugePages_Total:       0
HugePages_Free:        0
HugePages_Rsvd:        0
HugePages_Surp:        0
Hugepagesize:       2048 kB
Hugetlb:               0 kB
DirectMap4k:      194432 kB
DirectMap2M:     6096896 kB
DirectMap1G:     4194304 kB
---SNAPSHOT---
2026-04-27 02:26:58
MemTotal:        8129240 kB
MemFree:         2589808 kB
MemAvailable:    2321640 kB
Buffers:            5308 kB
Cached:           312604 kB
SwapCached:       159872 kB
Active:          4118636 kB
Inactive:         692608 kB
Active(anon):    3974376 kB
Inactive(anon):   574856 kB
Active(file):     144260 kB
Inactive(file):   117752 kB
Unevictable:          16 kB
Mlocked:              16 kB
SwapTotal:       4194300 kB
SwapFree:        3913108 kB
Zswap:                 0 kB
Zswapped:              0 kB
Dirty:               212 kB
Writeback:             0 kB
AnonPages:       4337904 kB
Mapped:           258280 kB
Shmem:             55960 kB
KReclaimable:      56732 kB
Slab:             284948 kB
SReclaimable:      56732 kB
SUnreclaim:       228216 kB
KernelStack:       18976 kB
PageTables:        62828 kB
SecPageTables:         0 kB
NFS_Unstable:          0 kB
Bounce:                0 kB
WritebackTmp:          0 kB
CommitLimit:     8258920 kB
Committed_AS:   12053860 kB
VmallocTotal:   34359738367 kB
VmallocUsed:       47192 kB
VmallocChunk:          0 kB
Percpu:            13280 kB
HardwareCorrupted:     0 kB
AnonHugePages:   2013184 kB
ShmemHugePages:        0 kB
ShmemPmdMapped:        0 kB
FileHugePages:         0 kB
FilePmdMapped:         0 kB
CmaTotal:              0 kB
CmaFree:               0 kB
Unaccepted:            0 kB
Balloon:               0 kB
HugePages_Total:       0
HugePages_Free:        0
HugePages_Rsvd:        0
HugePages_Surp:        0
Hugepagesize:       2048 kB
Hugetlb:               0 kB
DirectMap4k:      194432 kB
DirectMap2M:     6096896 kB
DirectMap1G:     4194304 kB
---SNAPSHOT---
2026-04-27 02:26:59
MemTotal:        8129240 kB
MemFree:         2666272 kB
MemAvailable:    2398108 kB
Buffers:            5316 kB
Cached:           312604 kB
SwapCached:       159872 kB
Active:          4002700 kB
Inactive:         692616 kB
Active(anon):    3858440 kB
Inactive(anon):   574856 kB
Active(file):     144260 kB
Inactive(file):   117760 kB
Unevictable:          16 kB
Mlocked:              16 kB
SwapTotal:       4194300 kB
SwapFree:        3913108 kB
Zswap:                 0 kB
Zswapped:              0 kB
Dirty:               220 kB
Writeback:             0 kB
AnonPages:       4221976 kB
Mapped:           258280 kB
Shmem:             55960 kB
KReclaimable:      56732 kB
Slab:             284940 kB
SReclaimable:      56732 kB
SUnreclaim:       228208 kB
KernelStack:       19036 kB
PageTables:        62360 kB
SecPageTables:         0 kB
NFS_Unstable:          0 kB
Bounce:                0 kB
WritebackTmp:          0 kB
CommitLimit:     8258920 kB
Committed_AS:   12053860 kB
VmallocTotal:   34359738367 kB
VmallocUsed:       47208 kB
VmallocChunk:          0 kB
Percpu:            13280 kB
HardwareCorrupted:     0 kB
AnonHugePages:   1634304 kB
ShmemHugePages:        0 kB
ShmemPmdMapped:        0 kB
FileHugePages:         0 kB
FilePmdMapped:         0 kB
CmaTotal:              0 kB
CmaFree:               0 kB
Unaccepted:            0 kB
Balloon:               0 kB
HugePages_Total:       0
HugePages_Free:        0
HugePages_Rsvd:        0
HugePages_Surp:        0
Hugepagesize:       2048 kB
Hugetlb:               0 kB
DirectMap4k:      194432 kB
DirectMap2M:     6096896 kB
DirectMap1G:     4194304 kB
---SNAPSHOT---
2026-04-27 02:27:00
MemTotal:        8129240 kB
MemFree:         2321320 kB
MemAvailable:    2053160 kB
Buffers:            5316 kB
Cached:           312620 kB
SwapCached:       541544 kB
Active:          3992676 kB
Inactive:        1072700 kB
Active(anon):    3848416 kB
Inactive(anon):   954932 kB
Active(file):     144260 kB
Inactive(file):   117768 kB
Unevictable:          16 kB
Mlocked:              16 kB
SwapTotal:       4194300 kB
SwapFree:        3531360 kB
Zswap:                 0 kB
Zswapped:              0 kB
Dirty:               276 kB
Writeback:          1140 kB
AnonPages:       4212720 kB
Mapped:           258280 kB
Shmem:             55960 kB
KReclaimable:      56732 kB
Slab:             284968 kB
SReclaimable:      56732 kB
SUnreclaim:       228236 kB
KernelStack:       19036 kB
PageTables:        63736 kB
SecPageTables:         0 kB
NFS_Unstable:          0 kB
Bounce:                0 kB
WritebackTmp:          0 kB
CommitLimit:     8258920 kB
Committed_AS:   12053864 kB
VmallocTotal:   34359738367 kB
VmallocUsed:       47256 kB
VmallocChunk:          0 kB
Percpu:            13280 kB
HardwareCorrupted:     0 kB
AnonHugePages:   1251328 kB
ShmemHugePages:        0 kB
ShmemPmdMapped:        0 kB
FileHugePages:         0 kB
FilePmdMapped:         0 kB
CmaTotal:              0 kB
CmaFree:               0 kB
Unaccepted:            0 kB
Balloon:               0 kB
HugePages_Total:       0
HugePages_Free:        0
HugePages_Rsvd:        0
HugePages_Surp:        0
Hugepagesize:       2048 kB
Hugetlb:               0 kB
DirectMap4k:      194432 kB
DirectMap2M:     6096896 kB
DirectMap1G:     4194304 kB
---SNAPSHOT---
2026-04-27 02:27:01
MemTotal:        8129240 kB
MemFree:         2154796 kB
MemAvailable:    1886732 kB
Buffers:            5584 kB
Cached:           312632 kB
SwapCached:       814864 kB
Active:          3919316 kB
Inactive:        1344812 kB
Active(anon):    3775056 kB
Inactive(anon):  1226848 kB
Active(file):     144260 kB
Inactive(file):   117964 kB
Unevictable:          16 kB
Mlocked:              16 kB
SwapTotal:       4194300 kB
SwapFree:        3258116 kB
Zswap:                 0 kB
Zswapped:              0 kB
Dirty:                68 kB
Writeback:           748 kB
AnonPages:       4139772 kB
Mapped:           258280 kB
Shmem:             55960 kB
KReclaimable:      56732 kB
Slab:             284976 kB
SReclaimable:      56732 kB
SUnreclaim:       228244 kB
KernelStack:       19004 kB
PageTables:        63884 kB
SecPageTables:         0 kB
NFS_Unstable:          0 kB
Bounce:                0 kB
WritebackTmp:          0 kB
CommitLimit:     8258920 kB
Committed_AS:   12053864 kB
VmallocTotal:   34359738367 kB
VmallocUsed:       47288 kB
VmallocChunk:          0 kB
Percpu:            13280 kB
HardwareCorrupted:     0 kB
AnonHugePages:   1816576 kB
ShmemHugePages:        0 kB
ShmemPmdMapped:        0 kB
FileHugePages:         0 kB
FilePmdMapped:         0 kB
CmaTotal:              0 kB
CmaFree:               0 kB
Unaccepted:            0 kB
Balloon:               0 kB
HugePages_Total:       0
HugePages_Free:        0
HugePages_Rsvd:        0
HugePages_Surp:        0
Hugepagesize:       2048 kB
Hugetlb:               0 kB
DirectMap4k:      194432 kB
DirectMap2M:     6096896 kB
DirectMap1G:     4194304 kB
---SNAPSHOT---
2026-04-27 02:27:02
MemTotal:        8129240 kB
MemFree:         2644916 kB
MemAvailable:    2376900 kB
Buffers:            5584 kB
Cached:           312640 kB
SwapCached:       851940 kB
Active:          3361224 kB
Inactive:        1381776 kB
Active(anon):    3216964 kB
Inactive(anon):  1263716 kB
Active(file):     144260 kB
Inactive(file):   118060 kB
Unevictable:          16 kB
Mlocked:              16 kB
SwapTotal:       4194300 kB
SwapFree:        3221040 kB
Zswap:                 0 kB
Zswapped:              0 kB
Dirty:                76 kB
Writeback:           704 kB
AnonPages:       3581568 kB
Mapped:           258280 kB
Shmem:             55960 kB
KReclaimable:      56732 kB
Slab:             284992 kB
SReclaimable:      56732 kB
SUnreclaim:       228260 kB
KernelStack:       19020 kB
PageTables:        62792 kB
SecPageTables:         0 kB
NFS_Unstable:          0 kB
Bounce:                0 kB
WritebackTmp:          0 kB
CommitLimit:     8258920 kB
Committed_AS:   12054000 kB
VmallocTotal:   34359738367 kB
VmallocUsed:       47272 kB
VmallocChunk:          0 kB
Percpu:            13280 kB
HardwareCorrupted:     0 kB
AnonHugePages:   1234944 kB
ShmemHugePages:        0 kB
ShmemPmdMapped:        0 kB
FileHugePages:         0 kB
FilePmdMapped:         0 kB
CmaTotal:              0 kB
CmaFree:               0 kB
Unaccepted:            0 kB
Balloon:               0 kB
HugePages_Total:       0
HugePages_Free:        0
HugePages_Rsvd:        0
HugePages_Surp:        0
Hugepagesize:       2048 kB
Hugetlb:               0 kB
DirectMap4k:      194432 kB
DirectMap2M:     6096896 kB
DirectMap1G:     4194304 kB
---SNAPSHOT---
2026-04-27 02:27:03
MemTotal:        8129240 kB
MemFree:         2389756 kB
MemAvailable:    2121744 kB
Buffers:            5584 kB
Cached:           312644 kB
SwapCached:       854892 kB
Active:          3612188 kB
Inactive:        1385916 kB
Active(anon):    3467928 kB
Inactive(anon):  1267848 kB
Active(file):     144260 kB
Inactive(file):   118068 kB
Unevictable:          16 kB
Mlocked:              16 kB
SwapTotal:       4194300 kB
SwapFree:        3218088 kB
Zswap:                 0 kB
Zswapped:              0 kB
Dirty:                80 kB
Writeback:           172 kB
AnonPages:       3833564 kB
Mapped:           258280 kB
Shmem:             55960 kB
KReclaimable:      56732 kB
Slab:             285020 kB
SReclaimable:      56732 kB
SUnreclaim:       228288 kB
KernelStack:       19036 kB
PageTables:        63008 kB
SecPageTables:         0 kB
NFS_Unstable:          0 kB
Bounce:                0 kB
WritebackTmp:          0 kB
CommitLimit:     8258920 kB
Committed_AS:   12053976 kB
VmallocTotal:   34359738367 kB
VmallocUsed:       47256 kB
VmallocChunk:          0 kB
Percpu:            13280 kB
HardwareCorrupted:     0 kB
AnonHugePages:    872448 kB
ShmemHugePages:        0 kB
ShmemPmdMapped:        0 kB
FileHugePages:         0 kB
FilePmdMapped:         0 kB
CmaTotal:              0 kB
CmaFree:               0 kB
Unaccepted:            0 kB
Balloon:               0 kB
HugePages_Total:       0
HugePages_Free:        0
HugePages_Rsvd:        0
HugePages_Surp:        0
Hugepagesize:       2048 kB
Hugetlb:               0 kB
DirectMap4k:      194432 kB
DirectMap2M:     6096896 kB
DirectMap1G:     4194304 kB
---SNAPSHOT---
2026-04-27 02:27:04
MemTotal:        8129240 kB
MemFree:         2695352 kB
MemAvailable:    2427344 kB
Buffers:            5592 kB
Cached:           312648 kB
SwapCached:       856012 kB
Active:          3346772 kB
Inactive:        1385960 kB
Active(anon):    3202512 kB
Inactive(anon):  1267888 kB
Active(file):     144260 kB
Inactive(file):   118072 kB
Unevictable:          16 kB
Mlocked:              16 kB
SwapTotal:       4194300 kB
SwapFree:        3216968 kB
Zswap:                 0 kB
Zswapped:              0 kB
Dirty:                84 kB
Writeback:           776 kB
AnonPages:       3566644 kB
Mapped:           258316 kB
Shmem:             55960 kB
KReclaimable:      56732 kB
Slab:             284996 kB
SReclaimable:      56732 kB
SUnreclaim:       228264 kB
KernelStack:       18944 kB
PageTables:        62264 kB
SecPageTables:         0 kB
NFS_Unstable:          0 kB
Bounce:                0 kB
WritebackTmp:          0 kB
CommitLimit:     8258920 kB
Committed_AS:   12053732 kB
VmallocTotal:   34359738367 kB
VmallocUsed:       47256 kB
VmallocChunk:          0 kB
Percpu:            13280 kB
HardwareCorrupted:     0 kB
AnonHugePages:   1245184 kB
ShmemHugePages:        0 kB
ShmemPmdMapped:        0 kB
FileHugePages:         0 kB
FilePmdMapped:         0 kB
CmaTotal:              0 kB
CmaFree:               0 kB
Unaccepted:            0 kB
Balloon:               0 kB
HugePages_Total:       0
HugePages_Free:        0
HugePages_Rsvd:        0
HugePages_Surp:        0
Hugepagesize:       2048 kB
Hugetlb:               0 kB
DirectMap4k:      194432 kB
DirectMap2M:     6096896 kB
DirectMap1G:     4194304 kB
---SNAPSHOT---
2026-04-27 02:27:05
MemTotal:        8129240 kB
MemFree:         2641672 kB
MemAvailable:    2373672 kB
Buffers:            5596 kB
Cached:           312656 kB
SwapCached:       870240 kB
Active:          3340184 kB
Inactive:        1402144 kB
Active(anon):    3195924 kB
Inactive(anon):  1284052 kB
Active(file):     144260 kB
Inactive(file):   118092 kB
Unevictable:          16 kB
Mlocked:              16 kB
SwapTotal:       4194300 kB
SwapFree:        3202684 kB
Zswap:                 0 kB
Zswapped:              0 kB
Dirty:               108 kB
Writeback:           368 kB
AnonPages:       3562456 kB
Mapped:           258280 kB
Shmem:             55960 kB
KReclaimable:      56732 kB
Slab:             285004 kB
SReclaimable:      56732 kB
SUnreclaim:       228272 kB
KernelStack:       19036 kB
PageTables:        62824 kB
SecPageTables:         0 kB
NFS_Unstable:          0 kB
Bounce:                0 kB
WritebackTmp:          0 kB
CommitLimit:     8258920 kB
Committed_AS:   12053636 kB
VmallocTotal:   34359738367 kB
VmallocUsed:       47304 kB
VmallocChunk:          0 kB
Percpu:            13280 kB
HardwareCorrupted:     0 kB
AnonHugePages:   1236992 kB
ShmemHugePages:        0 kB
ShmemPmdMapped:        0 kB
FileHugePages:         0 kB
FilePmdMapped:         0 kB
CmaTotal:              0 kB
CmaFree:               0 kB
Unaccepted:            0 kB
Balloon:               0 kB
HugePages_Total:       0
HugePages_Free:        0
HugePages_Rsvd:        0
HugePages_Surp:        0
Hugepagesize:       2048 kB
Hugetlb:               0 kB
DirectMap4k:      194432 kB
DirectMap2M:     6096896 kB
DirectMap1G:     4194304 kB
---SNAPSHOT---
2026-04-27 02:27:06
MemTotal:        8129240 kB
MemFree:         2585092 kB
MemAvailable:    2317092 kB
Buffers:            5596 kB
Cached:           312660 kB
SwapCached:       434196 kB
Active:          3883884 kB
Inactive:         944636 kB
Active(anon):    3739624 kB
Inactive(anon):   826544 kB
Active(file):     144260 kB
Inactive(file):   118092 kB
Unevictable:          16 kB
Mlocked:              16 kB
SwapTotal:       4194300 kB
SwapFree:        3638892 kB
Zswap:                 0 kB
Zswapped:              0 kB
Dirty:               112 kB
Writeback:         22176 kB
AnonPages:       4082896 kB
Mapped:           258280 kB
Shmem:             55960 kB
KReclaimable:      56732 kB
Slab:             286292 kB
SReclaimable:      56732 kB
SUnreclaim:       229560 kB
KernelStack:       19036 kB
PageTables:        62896 kB
SecPageTables:         0 kB
NFS_Unstable:          0 kB
Bounce:                0 kB
WritebackTmp:          0 kB
CommitLimit:     8258920 kB
Committed_AS:   12053644 kB
VmallocTotal:   34359738367 kB
VmallocUsed:       47320 kB
VmallocChunk:          0 kB
Percpu:            13280 kB
HardwareCorrupted:     0 kB
AnonHugePages:   1759232 kB
ShmemHugePages:        0 kB
ShmemPmdMapped:        0 kB
FileHugePages:         0 kB
FilePmdMapped:         0 kB
CmaTotal:              0 kB
CmaFree:               0 kB
Unaccepted:            0 kB
Balloon:               0 kB
HugePages_Total:       0
HugePages_Free:        0
HugePages_Rsvd:        0
HugePages_Surp:        0
Hugepagesize:       2048 kB
Hugetlb:               0 kB
DirectMap4k:      194432 kB
DirectMap2M:     6096896 kB
DirectMap1G:     4194304 kB
---SNAPSHOT---
2026-04-27 02:27:07
MemTotal:        8129240 kB
MemFree:         2770020 kB
MemAvailable:    2502024 kB
Buffers:            5596 kB
Cached:           312668 kB
SwapCached:       758916 kB
Active:          3373856 kB
Inactive:        1274856 kB
Active(anon):    3229596 kB
Inactive(anon):  1156756 kB
Active(file):     144260 kB
Inactive(file):   118100 kB
Unevictable:          16 kB
Mlocked:              16 kB
SwapTotal:       4194300 kB
SwapFree:        3314064 kB
Zswap:                 0 kB
Zswapped:              0 kB
Dirty:               120 kB
Writeback:         17056 kB
AnonPages:       3578228 kB
Mapped:           258280 kB
Shmem:             55960 kB
KReclaimable:      56732 kB
Slab:             286304 kB
SReclaimable:      56732 kB
SUnreclaim:       229572 kB
KernelStack:       19036 kB
PageTables:        62252 kB
SecPageTables:         0 kB
NFS_Unstable:          0 kB
Bounce:                0 kB
WritebackTmp:          0 kB
CommitLimit:     8258920 kB
Committed_AS:   12053480 kB
VmallocTotal:   34359738367 kB
VmallocUsed:       47288 kB
VmallocChunk:          0 kB
Percpu:            13280 kB
HardwareCorrupted:     0 kB
AnonHugePages:   1255424 kB
ShmemHugePages:        0 kB
ShmemPmdMapped:        0 kB
FileHugePages:         0 kB
FilePmdMapped:         0 kB
CmaTotal:              0 kB
CmaFree:               0 kB
Unaccepted:            0 kB
Balloon:               0 kB
HugePages_Total:       0
HugePages_Free:        0
HugePages_Rsvd:        0
HugePages_Surp:        0
Hugepagesize:       2048 kB
Hugetlb:               0 kB
DirectMap4k:      194432 kB
DirectMap2M:     6096896 kB
DirectMap1G:     4194304 kB
---SNAPSHOT---
2026-04-27 02:27:08
MemTotal:        8129240 kB
MemFree:         2250796 kB
MemAvailable:    1982804 kB
Buffers:            5596 kB
Cached:           312672 kB
SwapCached:       796504 kB
Active:          3854836 kB
Inactive:        1311292 kB
Active(anon):    3710576 kB
Inactive(anon):  1193188 kB
Active(file):     144260 kB
Inactive(file):   118104 kB
Unevictable:          16 kB
Mlocked:              16 kB
SwapTotal:       4194300 kB
SwapFree:        3276352 kB
Zswap:                 0 kB
Zswapped:              0 kB
Dirty:               124 kB
Writeback:         18196 kB
AnonPages:       4058216 kB
Mapped:           258280 kB
Shmem:             55960 kB
KReclaimable:      56732 kB
Slab:             286072 kB
SReclaimable:      56732 kB
SUnreclaim:       229340 kB
KernelStack:       19020 kB
PageTables:        63544 kB
SecPageTables:         0 kB
NFS_Unstable:          0 kB
Bounce:                0 kB
WritebackTmp:          0 kB
CommitLimit:     8258920 kB
Committed_AS:   12054084 kB
VmallocTotal:   34359738367 kB
VmallocUsed:       47320 kB
VmallocChunk:          0 kB
Percpu:            13280 kB
HardwareCorrupted:     0 kB
AnonHugePages:   1288192 kB
ShmemHugePages:        0 kB
ShmemPmdMapped:        0 kB
FileHugePages:         0 kB
FilePmdMapped:         0 kB
CmaTotal:              0 kB
CmaFree:               0 kB
Unaccepted:            0 kB
Balloon:               0 kB
HugePages_Total:       0
HugePages_Free:        0
HugePages_Rsvd:        0
HugePages_Surp:        0
Hugepagesize:       2048 kB
Hugetlb:               0 kB
DirectMap4k:      194432 kB
DirectMap2M:     6096896 kB
DirectMap1G:     4194304 kB
---SNAPSHOT---
2026-04-27 02:27:09
MemTotal:        8129240 kB
MemFree:         2056292 kB
MemAvailable:    1788308 kB
Buffers:            5604 kB
Cached:           312684 kB
SwapCached:       159872 kB
Active:          4668952 kB
Inactive:         692976 kB
Active(anon):    4524692 kB
Inactive(anon):   574856 kB
Active(file):     144260 kB
Inactive(file):   118120 kB
Unevictable:          16 kB
Mlocked:              16 kB
SwapTotal:       4194300 kB
SwapFree:        3913108 kB
Zswap:                 0 kB
Zswapped:              0 kB
Dirty:               140 kB
Writeback:             0 kB
AnonPages:       4887992 kB
Mapped:           258280 kB
Shmem:             55960 kB
KReclaimable:      56732 kB
Slab:             285064 kB
SReclaimable:      56732 kB
SUnreclaim:       228332 kB
KernelStack:       18976 kB
PageTables:        63932 kB
SecPageTables:         0 kB
NFS_Unstable:          0 kB
Bounce:                0 kB
WritebackTmp:          0 kB
CommitLimit:     8258920 kB
Committed_AS:   12053972 kB
VmallocTotal:   34359738367 kB
VmallocUsed:       47304 kB
VmallocChunk:          0 kB
Percpu:            13280 kB
HardwareCorrupted:     0 kB
AnonHugePages:   1925120 kB
ShmemHugePages:        0 kB
ShmemPmdMapped:        0 kB
FileHugePages:         0 kB
FilePmdMapped:         0 kB
CmaTotal:              0 kB
CmaFree:               0 kB
Unaccepted:            0 kB
Balloon:               0 kB
HugePages_Total:       0
HugePages_Free:        0
HugePages_Rsvd:        0
HugePages_Surp:        0
Hugepagesize:       2048 kB
Hugetlb:               0 kB
DirectMap4k:      194432 kB
DirectMap2M:     6096896 kB
DirectMap1G:     4194304 kB
---SNAPSHOT---
2026-04-27 02:27:10
MemTotal:        8129240 kB
MemFree:         2525336 kB
MemAvailable:    2257356 kB
Buffers:            5604 kB
Cached:           312692 kB
SwapCached:       159872 kB
Active:          4209512 kB
Inactive:         692988 kB
Active(anon):    4065252 kB
Inactive(anon):   574856 kB
Active(file):     144260 kB
Inactive(file):   118132 kB
Unevictable:          16 kB
Mlocked:              16 kB
SwapTotal:       4194300 kB
SwapFree:        3913108 kB
Zswap:                 0 kB
Zswapped:              0 kB
Dirty:               148 kB
Writeback:             0 kB
AnonPages:       4428612 kB
Mapped:           258280 kB
Shmem:             55960 kB
KReclaimable:      56732 kB
Slab:             285056 kB
SReclaimable:      56732 kB
SUnreclaim:       228324 kB
KernelStack:       18976 kB
PageTables:        62736 kB
SecPageTables:         0 kB
NFS_Unstable:          0 kB
Bounce:                0 kB
WritebackTmp:          0 kB
CommitLimit:     8258920 kB
Committed_AS:   12053972 kB
VmallocTotal:   34359738367 kB
VmallocUsed:       47304 kB
VmallocChunk:          0 kB
Percpu:            13280 kB
HardwareCorrupted:     0 kB
AnonHugePages:   2105344 kB
ShmemHugePages:        0 kB
ShmemPmdMapped:        0 kB
FileHugePages:         0 kB
FilePmdMapped:         0 kB
CmaTotal:              0 kB
CmaFree:               0 kB
Unaccepted:            0 kB
Balloon:               0 kB
HugePages_Total:       0
HugePages_Free:        0
HugePages_Rsvd:        0
HugePages_Surp:        0
Hugepagesize:       2048 kB
Hugetlb:               0 kB
DirectMap4k:      194432 kB
DirectMap2M:     6096896 kB
DirectMap1G:     4194304 kB
---SNAPSHOT---
2026-04-27 02:27:11
MemTotal:        8129240 kB
MemFree:         2432180 kB
MemAvailable:    2164200 kB
Buffers:            5604 kB
Cached:           312692 kB
SwapCached:       159872 kB
Active:          4282792 kB
Inactive:         692988 kB
Active(anon):    4138532 kB
Inactive(anon):   574856 kB
Active(file):     144260 kB
Inactive(file):   118132 kB
Unevictable:          16 kB
Mlocked:              16 kB
SwapTotal:       4194300 kB
SwapFree:        3913108 kB
Zswap:                 0 kB
Zswapped:              0 kB
Dirty:               148 kB
Writeback:             0 kB
AnonPages:       4501736 kB
Mapped:           258280 kB
Shmem:             55960 kB
KReclaimable:      56732 kB
Slab:             285036 kB
SReclaimable:      56732 kB
SUnreclaim:       228304 kB
KernelStack:       19016 kB
PageTables:        62984 kB
SecPageTables:         0 kB
NFS_Unstable:          0 kB
Bounce:                0 kB
WritebackTmp:          0 kB
CommitLimit:     8258920 kB
Committed_AS:   12053736 kB
VmallocTotal:   34359738367 kB
VmallocUsed:       47304 kB
VmallocChunk:          0 kB
Percpu:            13280 kB
HardwareCorrupted:     0 kB
AnonHugePages:   2177024 kB
ShmemHugePages:        0 kB
ShmemPmdMapped:        0 kB
FileHugePages:         0 kB
FilePmdMapped:         0 kB
CmaTotal:              0 kB
CmaFree:               0 kB
Unaccepted:            0 kB
Balloon:               0 kB
HugePages_Total:       0
HugePages_Free:        0
HugePages_Rsvd:        0
HugePages_Surp:        0
Hugepagesize:       2048 kB
Hugetlb:               0 kB
DirectMap4k:      194432 kB
DirectMap2M:     6096896 kB
DirectMap1G:     4194304 kB
---SNAPSHOT---
2026-04-27 02:27:12
MemTotal:        8129240 kB
MemFree:         2101432 kB
MemAvailable:    1833460 kB
Buffers:            5604 kB
Cached:           312704 kB
SwapCached:       159872 kB
Active:          4632928 kB
Inactive:         693000 kB
Active(anon):    4488668 kB
Inactive(anon):   574856 kB
Active(file):     144260 kB
Inactive(file):   118144 kB
Unevictable:          16 kB
Mlocked:              16 kB
SwapTotal:       4194300 kB
SwapFree:        3913108 kB
Zswap:                 0 kB
Zswapped:              0 kB
Dirty:               160 kB
Writeback:             0 kB
AnonPages:       4852104 kB
Mapped:           258280 kB
Shmem:             55960 kB
KReclaimable:      56732 kB
Slab:             285068 kB
SReclaimable:      56732 kB
SUnreclaim:       228336 kB
KernelStack:       19020 kB
PageTables:        63636 kB
SecPageTables:         0 kB
NFS_Unstable:          0 kB
Bounce:                0 kB
WritebackTmp:          0 kB
CommitLimit:     8258920 kB
Committed_AS:   12053976 kB
VmallocTotal:   34359738367 kB
VmallocUsed:       47320 kB
VmallocChunk:          0 kB
Percpu:            13280 kB
HardwareCorrupted:     0 kB
AnonHugePages:   2527232 kB
ShmemHugePages:        0 kB
ShmemPmdMapped:        0 kB
FileHugePages:         0 kB
FilePmdMapped:         0 kB
CmaTotal:              0 kB
CmaFree:               0 kB
Unaccepted:            0 kB
Balloon:               0 kB
HugePages_Total:       0
HugePages_Free:        0
HugePages_Rsvd:        0
HugePages_Surp:        0
Hugepagesize:       2048 kB
Hugetlb:               0 kB
DirectMap4k:      194432 kB
DirectMap2M:     6096896 kB
DirectMap1G:     4194304 kB
---SNAPSHOT---
2026-04-27 02:27:13
MemTotal:        8129240 kB
MemFree:         2861848 kB
MemAvailable:    2593880 kB
Buffers:            5604 kB
Cached:           312708 kB
SwapCached:       159872 kB
Active:          3894904 kB
Inactive:         693008 kB
Active(anon):    3750644 kB
Inactive(anon):   574856 kB
Active(file):     144260 kB
Inactive(file):   118152 kB
Unevictable:          16 kB
Mlocked:              16 kB
SwapTotal:       4194300 kB
SwapFree:        3913108 kB
Zswap:                 0 kB
Zswapped:              0 kB
Dirty:               164 kB
Writeback:             0 kB
AnonPages:       4113908 kB
Mapped:           258280 kB
Shmem:             55960 kB
KReclaimable:      56732 kB
Slab:             285092 kB
SReclaimable:      56732 kB
SUnreclaim:       228360 kB
KernelStack:       19036 kB
PageTables:        61912 kB
SecPageTables:         0 kB
NFS_Unstable:          0 kB
Bounce:                0 kB
WritebackTmp:          0 kB
CommitLimit:     8258920 kB
Committed_AS:   12054000 kB
VmallocTotal:   34359738367 kB
VmallocUsed:       47272 kB
VmallocChunk:          0 kB
Percpu:            13280 kB
HardwareCorrupted:     0 kB
AnonHugePages:   1792000 kB
ShmemHugePages:        0 kB
ShmemPmdMapped:        0 kB
FileHugePages:         0 kB
FilePmdMapped:         0 kB
CmaTotal:              0 kB
CmaFree:               0 kB
Unaccepted:            0 kB
Balloon:               0 kB
HugePages_Total:       0
HugePages_Free:        0
HugePages_Rsvd:        0
HugePages_Surp:        0
Hugepagesize:       2048 kB
Hugetlb:               0 kB
DirectMap4k:      194432 kB
DirectMap2M:     6096896 kB
DirectMap1G:     4194304 kB
---SNAPSHOT---
2026-04-27 02:27:14
MemTotal:        8129240 kB
MemFree:         2512492 kB
MemAvailable:    2244524 kB
Buffers:            5612 kB
Cached:           312712 kB
SwapCached:       159872 kB
Active:          4215024 kB
Inactive:         693008 kB
Active(anon):    4070764 kB
Inactive(anon):   574856 kB
Active(file):     144260 kB
Inactive(file):   118152 kB
Unevictable:          16 kB
Mlocked:              16 kB
SwapTotal:       4194300 kB
SwapFree:        3913108 kB
Zswap:                 0 kB
Zswapped:              0 kB
Dirty:               168 kB
Writeback:             0 kB
AnonPages:       4434700 kB
Mapped:           258500 kB
Shmem:             55960 kB
KReclaimable:      56732 kB
Slab:             285112 kB
SReclaimable:      56732 kB
SUnreclaim:       228380 kB
KernelStack:       18992 kB
PageTables:        63620 kB
SecPageTables:         0 kB
NFS_Unstable:          0 kB
Bounce:                0 kB
WritebackTmp:          0 kB
CommitLimit:     8258920 kB
Committed_AS:   12206252 kB
VmallocTotal:   34359738367 kB
VmallocUsed:       47352 kB
VmallocChunk:          0 kB
Percpu:            13280 kB
HardwareCorrupted:     0 kB
AnonHugePages:   2109440 kB
ShmemHugePages:        0 kB
ShmemPmdMapped:        0 kB
FileHugePages:         0 kB
FilePmdMapped:         0 kB
CmaTotal:              0 kB
CmaFree:               0 kB
Unaccepted:            0 kB
Balloon:               0 kB
HugePages_Total:       0
HugePages_Free:        0
HugePages_Rsvd:        0
HugePages_Surp:        0
Hugepagesize:       2048 kB
Hugetlb:               0 kB
DirectMap4k:      194432 kB
DirectMap2M:     6096896 kB
DirectMap1G:     4194304 kB
---SNAPSHOT---
2026-04-27 02:27:16
MemTotal:        8129240 kB
MemFree:         2131784 kB
MemAvailable:    1863824 kB
Buffers:            5612 kB
Cached:           312720 kB
SwapCached:       159872 kB
Active:          4635004 kB
Inactive:         693028 kB
Active(anon):    4490744 kB
Inactive(anon):   574856 kB
Active(file):     144260 kB
Inactive(file):   118172 kB
Unevictable:          16 kB
Mlocked:              16 kB
SwapTotal:       4194300 kB
SwapFree:        3913108 kB
Zswap:                 0 kB
Zswapped:              0 kB
Dirty:               180 kB
Writeback:             0 kB
AnonPages:       4854132 kB
Mapped:           258280 kB
Shmem:             55960 kB
KReclaimable:      56732 kB
Slab:             285172 kB
SReclaimable:      56732 kB
SUnreclaim:       228440 kB
KernelStack:       18976 kB
PageTables:        63212 kB
SecPageTables:         0 kB
NFS_Unstable:          0 kB
Bounce:                0 kB
WritebackTmp:          0 kB
CommitLimit:     8258920 kB
Committed_AS:   12053864 kB
VmallocTotal:   34359738367 kB
VmallocUsed:       47288 kB
VmallocChunk:          0 kB
Percpu:            13280 kB
HardwareCorrupted:     0 kB
AnonHugePages:   2529280 kB
ShmemHugePages:        0 kB
ShmemPmdMapped:        0 kB
FileHugePages:         0 kB
FilePmdMapped:         0 kB
CmaTotal:              0 kB
CmaFree:               0 kB
Unaccepted:            0 kB
Balloon:               0 kB
HugePages_Total:       0
HugePages_Free:        0
HugePages_Rsvd:        0
HugePages_Surp:        0
Hugepagesize:       2048 kB
Hugetlb:               0 kB
DirectMap4k:      194432 kB
DirectMap2M:     6096896 kB
DirectMap1G:     4194304 kB
---SNAPSHOT---
2026-04-27 02:27:17
MemTotal:        8129240 kB
MemFree:         3355464 kB
MemAvailable:    3087508 kB
Buffers:            5612 kB
Cached:           312724 kB
SwapCached:       159872 kB
Active:          3396700 kB
Inactive:         693032 kB
Active(anon):    3252440 kB
Inactive(anon):   574856 kB
Active(file):     144260 kB
Inactive(file):   118176 kB
Unevictable:          16 kB
Mlocked:              16 kB
SwapTotal:       4194300 kB
SwapFree:        3913108 kB
Zswap:                 0 kB
Zswapped:              0 kB
Dirty:               184 kB
Writeback:             0 kB
AnonPages:       3616092 kB
Mapped:           258280 kB
Shmem:             55960 kB
KReclaimable:      56732 kB
Slab:             285148 kB
SReclaimable:      56732 kB
SUnreclaim:       228416 kB
KernelStack:       18976 kB
PageTables:        61104 kB
SecPageTables:         0 kB
NFS_Unstable:          0 kB
Bounce:                0 kB
WritebackTmp:          0 kB
CommitLimit:     8258920 kB
Committed_AS:   12053620 kB
VmallocTotal:   34359738367 kB
VmallocUsed:       47272 kB
VmallocChunk:          0 kB
Percpu:            13280 kB
HardwareCorrupted:     0 kB
AnonHugePages:   1294336 kB
ShmemHugePages:        0 kB
ShmemPmdMapped:        0 kB
FileHugePages:         0 kB
FilePmdMapped:         0 kB
CmaTotal:              0 kB
CmaFree:               0 kB
Unaccepted:            0 kB
Balloon:               0 kB
HugePages_Total:       0
HugePages_Free:        0
HugePages_Rsvd:        0
HugePages_Surp:        0
Hugepagesize:       2048 kB
Hugetlb:               0 kB
DirectMap4k:      194432 kB
DirectMap2M:     6096896 kB
DirectMap1G:     4194304 kB
---SNAPSHOT---
2026-04-27 02:27:18
MemTotal:        8129240 kB
MemFree:         2536600 kB
MemAvailable:    2268648 kB
Buffers:            5612 kB
Cached:           312732 kB
SwapCached:       159872 kB
Active:          4184316 kB
Inactive:         693040 kB
Active(anon):    4040056 kB
Inactive(anon):   574856 kB
Active(file):     144260 kB
Inactive(file):   118184 kB
Unevictable:          16 kB
Mlocked:              16 kB
SwapTotal:       4194300 kB
SwapFree:        3913108 kB
Zswap:                 0 kB
Zswapped:              0 kB
Dirty:               192 kB
Writeback:             0 kB
AnonPages:       4403544 kB
Mapped:           258280 kB
Shmem:             55960 kB
KReclaimable:      56732 kB
Slab:             285136 kB
SReclaimable:      56732 kB
SUnreclaim:       228404 kB
KernelStack:       18976 kB
PageTables:        62836 kB
SecPageTables:         0 kB
NFS_Unstable:          0 kB
Bounce:                0 kB
WritebackTmp:          0 kB
CommitLimit:     8258920 kB
Committed_AS:   12053732 kB
VmallocTotal:   34359738367 kB
VmallocUsed:       47256 kB
VmallocChunk:          0 kB
Percpu:            13280 kB
HardwareCorrupted:     0 kB
AnonHugePages:   2078720 kB
ShmemHugePages:        0 kB
ShmemPmdMapped:        0 kB
FileHugePages:         0 kB
FilePmdMapped:         0 kB
CmaTotal:              0 kB
CmaFree:               0 kB
Unaccepted:            0 kB
Balloon:               0 kB
HugePages_Total:       0
HugePages_Free:        0
HugePages_Rsvd:        0
HugePages_Surp:        0
Hugepagesize:       2048 kB
Hugetlb:               0 kB
DirectMap4k:      194432 kB
DirectMap2M:     6096896 kB
DirectMap1G:     4194304 kB
---SNAPSHOT---
2026-04-27 02:27:19
MemTotal:        8129240 kB
MemFree:         2481072 kB
MemAvailable:    2213120 kB
Buffers:            5612 kB
Cached:           312732 kB
SwapCached:       159872 kB
Active:          4219148 kB
Inactive:         693040 kB
Active(anon):    4074888 kB
Inactive(anon):   574856 kB
Active(file):     144260 kB
Inactive(file):   118184 kB
Unevictable:          16 kB
Mlocked:              16 kB
SwapTotal:       4194300 kB
SwapFree:        3913108 kB
Zswap:                 0 kB
Zswapped:              0 kB
Dirty:               192 kB
Writeback:             0 kB
AnonPages:       4438480 kB
Mapped:           258288 kB
Shmem:             55960 kB
KReclaimable:      56732 kB
Slab:             285136 kB
SReclaimable:      56732 kB
SUnreclaim:       228404 kB
KernelStack:       18964 kB
PageTables:        62932 kB
SecPageTables:         0 kB
NFS_Unstable:          0 kB
Bounce:                0 kB
WritebackTmp:          0 kB
CommitLimit:     8258920 kB
Committed_AS:   12053864 kB
VmallocTotal:   34359738367 kB
VmallocUsed:       47240 kB
VmallocChunk:          0 kB
Percpu:            13280 kB
HardwareCorrupted:     0 kB
AnonHugePages:   1288192 kB
ShmemHugePages:        0 kB
ShmemPmdMapped:        0 kB
FileHugePages:         0 kB
FilePmdMapped:         0 kB
CmaTotal:              0 kB
CmaFree:               0 kB
Unaccepted:            0 kB
Balloon:               0 kB
HugePages_Total:       0
HugePages_Free:        0
HugePages_Rsvd:        0
HugePages_Surp:        0
Hugepagesize:       2048 kB
Hugetlb:               0 kB
DirectMap4k:      194432 kB
DirectMap2M:     6096896 kB
DirectMap1G:     4194304 kB
---SNAPSHOT---
2026-04-27 02:27:20
MemTotal:        8129240 kB
MemFree:         2326264 kB
MemAvailable:    2058312 kB
Buffers:            5624 kB
Cached:           312740 kB
SwapCached:       159872 kB
Active:          4310840 kB
Inactive:         693044 kB
Active(anon):    4166580 kB
Inactive(anon):   574856 kB
Active(file):     144260 kB
Inactive(file):   118188 kB
Unevictable:          16 kB
Mlocked:              16 kB
SwapTotal:       4194300 kB
SwapFree:        3913108 kB
Zswap:                 0 kB
Zswapped:              0 kB
Dirty:               204 kB
Writeback:             0 kB
AnonPages:       4530280 kB
Mapped:           258280 kB
Shmem:             55960 kB
KReclaimable:      56732 kB
Slab:             285124 kB
SReclaimable:      56732 kB
SUnreclaim:       228392 kB
KernelStack:       18900 kB
PageTables:        63428 kB
SecPageTables:         0 kB
NFS_Unstable:          0 kB
Bounce:                0 kB
WritebackTmp:          0 kB
CommitLimit:     8258920 kB
Committed_AS:   12053976 kB
VmallocTotal:   34359738367 kB
VmallocUsed:       47272 kB
VmallocChunk:          0 kB
Percpu:            13280 kB
HardwareCorrupted:     0 kB
AnonHugePages:    651264 kB
ShmemHugePages:        0 kB
ShmemPmdMapped:        0 kB
FileHugePages:         0 kB
FilePmdMapped:         0 kB
CmaTotal:              0 kB
CmaFree:               0 kB
Unaccepted:            0 kB
Balloon:               0 kB
HugePages_Total:       0
HugePages_Free:        0
HugePages_Rsvd:        0
HugePages_Surp:        0
Hugepagesize:       2048 kB
Hugetlb:               0 kB
DirectMap4k:      194432 kB
DirectMap2M:     6096896 kB
DirectMap1G:     4194304 kB
---SNAPSHOT---
2026-04-27 02:27:21
MemTotal:        8129240 kB
MemFree:         2491732 kB
MemAvailable:    2223792 kB
Buffers:            5624 kB
Cached:           312748 kB
SwapCached:       159872 kB
Active:          4190524 kB
Inactive:         693068 kB
Active(anon):    4046264 kB
Inactive(anon):   574856 kB
Active(file):     144260 kB
Inactive(file):   118212 kB
Unevictable:          16 kB
Mlocked:              16 kB
SwapTotal:       4194300 kB
SwapFree:        3913108 kB
Zswap:                 0 kB
Zswapped:              0 kB
Dirty:               212 kB
Writeback:             0 kB
AnonPages:       4409892 kB
Mapped:           258280 kB
Shmem:             55960 kB
KReclaimable:      56732 kB
Slab:             285148 kB
SReclaimable:      56732 kB
SUnreclaim:       228416 kB
KernelStack:       18976 kB
PageTables:        64072 kB
SecPageTables:         0 kB
NFS_Unstable:          0 kB
Bounce:                0 kB
WritebackTmp:          0 kB
CommitLimit:     8258920 kB
Committed_AS:   12053732 kB
VmallocTotal:   34359738367 kB
VmallocUsed:       47304 kB
VmallocChunk:          0 kB
Percpu:            13280 kB
HardwareCorrupted:     0 kB
AnonHugePages:   1447936 kB
ShmemHugePages:        0 kB
ShmemPmdMapped:        0 kB
FileHugePages:         0 kB
FilePmdMapped:         0 kB
CmaTotal:              0 kB
CmaFree:               0 kB
Unaccepted:            0 kB
Balloon:               0 kB
HugePages_Total:       0
HugePages_Free:        0
HugePages_Rsvd:        0
HugePages_Surp:        0
Hugepagesize:       2048 kB
Hugetlb:               0 kB
DirectMap4k:      194432 kB
DirectMap2M:     6096896 kB
DirectMap1G:     4194304 kB
---SNAPSHOT---
2026-04-27 02:27:22
MemTotal:        8129240 kB
MemFree:         3419688 kB
MemAvailable:    3151752 kB
Buffers:            5624 kB
Cached:           312752 kB
SwapCached:       159872 kB
Active:          3286728 kB
Inactive:         693072 kB
Active(anon):    3142468 kB
Inactive(anon):   574856 kB
Active(file):     144260 kB
Inactive(file):   118216 kB
Unevictable:          16 kB
Mlocked:              16 kB
SwapTotal:       4194300 kB
SwapFree:        3913108 kB
Zswap:                 0 kB
Zswapped:              0 kB
Dirty:               216 kB
Writeback:             0 kB
AnonPages:       3506040 kB
Mapped:           258280 kB
Shmem:             55960 kB
KReclaimable:      56732 kB
Slab:             285152 kB
SReclaimable:      56732 kB
SUnreclaim:       228420 kB
KernelStack:       18976 kB
PageTables:        62604 kB
SecPageTables:         0 kB
NFS_Unstable:          0 kB
Bounce:                0 kB
WritebackTmp:          0 kB
CommitLimit:     8258920 kB
Committed_AS:   12053732 kB
VmallocTotal:   34359738367 kB
VmallocUsed:       47272 kB
VmallocChunk:          0 kB
Percpu:            13280 kB
HardwareCorrupted:     0 kB
AnonHugePages:   1183744 kB
ShmemHugePages:        0 kB
ShmemPmdMapped:        0 kB
FileHugePages:         0 kB
FilePmdMapped:         0 kB
CmaTotal:              0 kB
CmaFree:               0 kB
Unaccepted:            0 kB
Balloon:               0 kB
HugePages_Total:       0
HugePages_Free:        0
HugePages_Rsvd:        0
HugePages_Surp:        0
Hugepagesize:       2048 kB
Hugetlb:               0 kB
DirectMap4k:      194432 kB
DirectMap2M:     6096896 kB
DirectMap1G:     4194304 kB
---SNAPSHOT---
2026-04-27 02:27:23
MemTotal:        8129240 kB
MemFree:         2080748 kB
MemAvailable:    1812816 kB
Buffers:            5624 kB
Cached:           312760 kB
SwapCached:       159872 kB
Active:          4669152 kB
Inactive:         693080 kB
Active(anon):    4524892 kB
Inactive(anon):   574856 kB
Active(file):     144260 kB
Inactive(file):   118224 kB
Unevictable:          16 kB
Mlocked:              16 kB
SwapTotal:       4194300 kB
SwapFree:        3913108 kB
Zswap:                 0 kB
Zswapped:              0 kB
Dirty:               224 kB
Writeback:             0 kB
AnonPages:       4888200 kB
Mapped:           258280 kB
Shmem:             55960 kB
KReclaimable:      56732 kB
Slab:             285152 kB
SReclaimable:      56732 kB
SUnreclaim:       228420 kB
KernelStack:       18976 kB
PageTables:        64356 kB
SecPageTables:         0 kB
NFS_Unstable:          0 kB
Bounce:                0 kB
WritebackTmp:          0 kB
CommitLimit:     8258920 kB
Committed_AS:   12053864 kB
VmallocTotal:   34359738367 kB
VmallocUsed:       47272 kB
VmallocChunk:          0 kB
Percpu:            13280 kB
HardwareCorrupted:     0 kB
AnonHugePages:   2562048 kB
ShmemHugePages:        0 kB
ShmemPmdMapped:        0 kB
FileHugePages:         0 kB
FilePmdMapped:         0 kB
CmaTotal:              0 kB
CmaFree:               0 kB
Unaccepted:            0 kB
Balloon:               0 kB
HugePages_Total:       0
HugePages_Free:        0
HugePages_Rsvd:        0
HugePages_Surp:        0
Hugepagesize:       2048 kB
Hugetlb:               0 kB
DirectMap4k:      194432 kB
DirectMap2M:     6096896 kB
DirectMap1G:     4194304 kB
---SNAPSHOT---
2026-04-27 02:27:24
MemTotal:        8129240 kB
MemFree:         2729592 kB
MemAvailable:    2461660 kB
Buffers:            5624 kB
Cached:           312764 kB
SwapCached:       159872 kB
Active:          3992448 kB
Inactive:         693084 kB
Active(anon):    3848188 kB
Inactive(anon):   574856 kB
Active(file):     144260 kB
Inactive(file):   118228 kB
Unevictable:          16 kB
Mlocked:              16 kB
SwapTotal:       4194300 kB
SwapFree:        3913108 kB
Zswap:                 0 kB
Zswapped:              0 kB
Dirty:               228 kB
Writeback:             0 kB
AnonPages:       4211324 kB
Mapped:           258280 kB
Shmem:             55960 kB
KReclaimable:      56732 kB
Slab:             285152 kB
SReclaimable:      56732 kB
SUnreclaim:       228420 kB
KernelStack:       19036 kB
PageTables:        62332 kB
SecPageTables:         0 kB
NFS_Unstable:          0 kB
Bounce:                0 kB
WritebackTmp:          0 kB
CommitLimit:     8258920 kB
Committed_AS:   12053864 kB
VmallocTotal:   34359738367 kB
VmallocUsed:       47304 kB
VmallocChunk:          0 kB
Percpu:            13280 kB
HardwareCorrupted:     0 kB
AnonHugePages:   1417216 kB
ShmemHugePages:        0 kB
ShmemPmdMapped:        0 kB
FileHugePages:         0 kB
FilePmdMapped:         0 kB
CmaTotal:              0 kB
CmaFree:               0 kB
Unaccepted:            0 kB
Balloon:               0 kB
HugePages_Total:       0
HugePages_Free:        0
HugePages_Rsvd:        0
HugePages_Surp:        0
Hugepagesize:       2048 kB
Hugetlb:               0 kB
DirectMap4k:      194432 kB
DirectMap2M:     6096896 kB
DirectMap1G:     4194304 kB
---SNAPSHOT---
2026-04-27 02:27:25
MemTotal:        8129240 kB
MemFree:         3088764 kB
MemAvailable:    2820836 kB
Buffers:            5632 kB
Cached:           312768 kB
SwapCached:       159872 kB
Active:          3553684 kB
Inactive:         693088 kB
Active(anon):    3409424 kB
Inactive(anon):   574856 kB
Active(file):     144260 kB
Inactive(file):   118232 kB
Unevictable:          16 kB
Mlocked:              16 kB
SwapTotal:       4194300 kB
SwapFree:        3913108 kB
Zswap:                 0 kB
Zswapped:              0 kB
Dirty:               232 kB
Writeback:             0 kB
AnonPages:       3773196 kB
Mapped:           258280 kB
Shmem:             55960 kB
KReclaimable:      56732 kB
Slab:             285120 kB
SReclaimable:      56732 kB
SUnreclaim:       228388 kB
KernelStack:       18976 kB
PageTables:        61904 kB
SecPageTables:         0 kB
NFS_Unstable:          0 kB
Bounce:                0 kB
WritebackTmp:          0 kB
CommitLimit:     8258920 kB
Committed_AS:   12053864 kB
VmallocTotal:   34359738367 kB
VmallocUsed:       47288 kB
VmallocChunk:          0 kB
Percpu:            13280 kB
HardwareCorrupted:     0 kB
AnonHugePages:    768000 kB
ShmemHugePages:        0 kB
ShmemPmdMapped:        0 kB
FileHugePages:         0 kB
FilePmdMapped:         0 kB
CmaTotal:              0 kB
CmaFree:               0 kB
Unaccepted:            0 kB
Balloon:               0 kB
HugePages_Total:       0
HugePages_Free:        0
HugePages_Rsvd:        0
HugePages_Surp:        0
Hugepagesize:       2048 kB
Hugetlb:               0 kB
DirectMap4k:      194432 kB
DirectMap2M:     6096896 kB
DirectMap1G:     4194304 kB
---SNAPSHOT---
2026-04-27 02:27:26
MemTotal:        8129240 kB
MemFree:         1987668 kB
MemAvailable:    1719748 kB
Buffers:            5632 kB
Cached:           312776 kB
SwapCached:       159872 kB
Active:          4668832 kB
Inactive:         693104 kB
Active(anon):    4524572 kB
Inactive(anon):   574856 kB
Active(file):     144260 kB
Inactive(file):   118248 kB
Unevictable:          16 kB
Mlocked:              16 kB
SwapTotal:       4194300 kB
SwapFree:        3913108 kB
Zswap:                 0 kB
Zswapped:              0 kB
Dirty:               240 kB
Writeback:             0 kB
AnonPages:       4888492 kB
Mapped:           258280 kB
Shmem:             55960 kB
KReclaimable:      56732 kB
Slab:             285088 kB
SReclaimable:      56732 kB
SUnreclaim:       228356 kB
KernelStack:       18992 kB
PageTables:        63768 kB
SecPageTables:         0 kB
NFS_Unstable:          0 kB
Bounce:                0 kB
WritebackTmp:          0 kB
CommitLimit:     8258920 kB
Committed_AS:   12053864 kB
VmallocTotal:   34359738367 kB
VmallocUsed:       47256 kB
VmallocChunk:          0 kB
Percpu:            13280 kB
HardwareCorrupted:     0 kB
AnonHugePages:   1925120 kB
ShmemHugePages:        0 kB
ShmemPmdMapped:        0 kB
FileHugePages:         0 kB
FilePmdMapped:         0 kB
CmaTotal:              0 kB
CmaFree:               0 kB
Unaccepted:            0 kB
Balloon:               0 kB
HugePages_Total:       0
HugePages_Free:        0
HugePages_Rsvd:        0
HugePages_Surp:        0
Hugepagesize:       2048 kB
Hugetlb:               0 kB
DirectMap4k:      194432 kB
DirectMap2M:     6096896 kB
DirectMap1G:     4194304 kB
---SNAPSHOT---
2026-04-27 02:27:27
MemTotal:        8129240 kB
MemFree:         3362388 kB
MemAvailable:    3094468 kB
Buffers:            5632 kB
Cached:           312780 kB
SwapCached:       159872 kB
Active:          3302248 kB
Inactive:         693108 kB
Active(anon):    3157988 kB
Inactive(anon):   574856 kB
Active(file):     144260 kB
Inactive(file):   118252 kB
Unevictable:          16 kB
Mlocked:              16 kB
SwapTotal:       4194300 kB
SwapFree:        3913108 kB
Zswap:                 0 kB
Zswapped:              0 kB
Dirty:               244 kB
Writeback:             0 kB
AnonPages:       3521672 kB
Mapped:           258280 kB
Shmem:             55960 kB
KReclaimable:      56732 kB
Slab:             285088 kB
SReclaimable:      56732 kB
SUnreclaim:       228356 kB
KernelStack:       18976 kB
PageTables:        61332 kB
SecPageTables:         0 kB
NFS_Unstable:          0 kB
Bounce:                0 kB
WritebackTmp:          0 kB
CommitLimit:     8258920 kB
Committed_AS:   12053480 kB
VmallocTotal:   34359738367 kB
VmallocUsed:       47256 kB
VmallocChunk:          0 kB
Percpu:            13280 kB
HardwareCorrupted:     0 kB
AnonHugePages:    727040 kB
ShmemHugePages:        0 kB
ShmemPmdMapped:        0 kB
FileHugePages:         0 kB
FilePmdMapped:         0 kB
CmaTotal:              0 kB
CmaFree:               0 kB
Unaccepted:            0 kB
Balloon:               0 kB
HugePages_Total:       0
HugePages_Free:        0
HugePages_Rsvd:        0
HugePages_Surp:        0
Hugepagesize:       2048 kB
Hugetlb:               0 kB
DirectMap4k:      194432 kB
DirectMap2M:     6096896 kB
DirectMap1G:     4194304 kB
---SNAPSHOT---
2026-04-27 02:27:28
MemTotal:        8129240 kB
MemFree:         2008772 kB
MemAvailable:    1740856 kB
Buffers:            5632 kB
Cached:           312788 kB
SwapCached:       159872 kB
Active:          4669428 kB
Inactive:         693116 kB
Active(anon):    4525168 kB
Inactive(anon):   574856 kB
Active(file):     144260 kB
Inactive(file):   118260 kB
Unevictable:          16 kB
Mlocked:              16 kB
SwapTotal:       4194300 kB
SwapFree:        3913108 kB
Zswap:                 0 kB
Zswapped:              0 kB
Dirty:               252 kB
Writeback:             0 kB
AnonPages:       4889024 kB
Mapped:           258508 kB
Shmem:             55960 kB
KReclaimable:      56732 kB
Slab:             285088 kB
SReclaimable:      56732 kB
SUnreclaim:       228356 kB
KernelStack:       18976 kB
PageTables:        64252 kB
SecPageTables:         0 kB
NFS_Unstable:          0 kB
Bounce:                0 kB
WritebackTmp:          0 kB
CommitLimit:     8258920 kB
