---SNAPSHOT---
2026-04-27 01:49:58
MemTotal:        8129240 kB
MemFree:         4906056 kB
MemAvailable:    4624236 kB
Buffers:            4544 kB
Cached:           270896 kB
SwapCached:        66688 kB
Active:          2032036 kB
Inactive:         625788 kB
Active(anon):    1911488 kB
Inactive(anon):   509864 kB
Active(file):     120548 kB
Inactive(file):   115924 kB
Unevictable:           0 kB
Mlocked:               0 kB
SwapTotal:       4194300 kB
SwapFree:        4006292 kB
Zswap:                 0 kB
Zswapped:              0 kB
Dirty:               256 kB
Writeback:             0 kB
AnonPages:       2320424 kB
Mapped:           232620 kB
Shmem:             38812 kB
KReclaimable:      54976 kB
Slab:             282992 kB
SReclaimable:      54976 kB
SUnreclaim:       228016 kB
KernelStack:       18796 kB
PageTables:        57904 kB
SecPageTables:         0 kB
NFS_Unstable:          0 kB
Bounce:                0 kB
WritebackTmp:          0 kB
CommitLimit:     8258920 kB
Committed_AS:    9392140 kB
VmallocTotal:   34359738367 kB
VmallocUsed:       47064 kB
VmallocChunk:          0 kB
Percpu:            13280 kB
HardwareCorrupted:     0 kB
AnonHugePages:      8192 kB
ShmemHugePages:        0 kB
ShmemPmdMapped:        0 kB
FileHugePages:         0 kB
FilePmdMapped:         0 kB
CmaTotal:              0 kB
CmaFree:               0 kB
Unaccepted:            0 kB
Balloon:               0 kB
HugePages_Total:       0
HugePages_Free:        0
HugePages_Rsvd:        0
HugePages_Surp:        0
Hugepagesize:       2048 kB
Hugetlb:               0 kB
DirectMap4k:      194432 kB
DirectMap2M:     6096896 kB
DirectMap1G:     4194304 kB
---SNAPSHOT---
2026-04-27 01:49:59
MemTotal:        8129240 kB
MemFree:         4905440 kB
MemAvailable:    4624024 kB
Buffers:            4568 kB
Cached:           271476 kB
SwapCached:        66688 kB
Active:          2032188 kB
Inactive:         626384 kB
Active(anon):    1911432 kB
Inactive(anon):   509864 kB
Active(file):     120756 kB
Inactive(file):   116520 kB
Unevictable:           0 kB
Mlocked:               0 kB
SwapTotal:       4194300 kB
SwapFree:        4006292 kB
Zswap:                 0 kB
Zswapped:              0 kB
Dirty:               284 kB
Writeback:             0 kB
AnonPages:       2320576 kB
Mapped:           232652 kB
Shmem:             38812 kB
KReclaimable:      54976 kB
Slab:             282992 kB
SReclaimable:      54976 kB
SUnreclaim:       228016 kB
KernelStack:       18816 kB
PageTables:        57960 kB
SecPageTables:         0 kB
NFS_Unstable:          0 kB
Bounce:                0 kB
WritebackTmp:          0 kB
CommitLimit:     8258920 kB
Committed_AS:    9392164 kB
VmallocTotal:   34359738367 kB
VmallocUsed:       47080 kB
VmallocChunk:          0 kB
Percpu:            13280 kB
HardwareCorrupted:     0 kB
AnonHugePages:      8192 kB
ShmemHugePages:        0 kB
ShmemPmdMapped:        0 kB
FileHugePages:         0 kB
FilePmdMapped:         0 kB
CmaTotal:              0 kB
CmaFree:               0 kB
Unaccepted:            0 kB
Balloon:               0 kB
HugePages_Total:       0
HugePages_Free:        0
HugePages_Rsvd:        0
HugePages_Surp:        0
Hugepagesize:       2048 kB
Hugetlb:               0 kB
DirectMap4k:      194432 kB
DirectMap2M:     6096896 kB
DirectMap1G:     4194304 kB
---SNAPSHOT---
2026-04-27 01:50:00
MemTotal:        8129240 kB
MemFree:         4905400 kB
MemAvailable:    4624000 kB
Buffers:            4576 kB
Cached:           271472 kB
SwapCached:        66688 kB
Active:          2032292 kB
Inactive:         626420 kB
Active(anon):    1911536 kB
Inactive(anon):   509864 kB
Active(file):     120756 kB
Inactive(file):   116556 kB
Unevictable:           0 kB
Mlocked:               0 kB
SwapTotal:       4194300 kB
SwapFree:        4006292 kB
Zswap:                 0 kB
Zswapped:              0 kB
Dirty:               288 kB
Writeback:             0 kB
AnonPages:       2320432 kB
Mapped:           232652 kB
Shmem:             38812 kB
KReclaimable:      54976 kB
Slab:             282992 kB
SReclaimable:      54976 kB
SUnreclaim:       228016 kB
KernelStack:       18816 kB
PageTables:        57936 kB
SecPageTables:         0 kB
NFS_Unstable:          0 kB
Bounce:                0 kB
WritebackTmp:          0 kB
CommitLimit:     8258920 kB
Committed_AS:    9392748 kB
VmallocTotal:   34359738367 kB
VmallocUsed:       47096 kB
VmallocChunk:          0 kB
Percpu:            13280 kB
HardwareCorrupted:     0 kB
AnonHugePages:      8192 kB
ShmemHugePages:        0 kB
ShmemPmdMapped:        0 kB
FileHugePages:         0 kB
FilePmdMapped:         0 kB
CmaTotal:              0 kB
CmaFree:               0 kB
Unaccepted:            0 kB
Balloon:               0 kB
HugePages_Total:       0
HugePages_Free:        0
HugePages_Rsvd:        0
HugePages_Surp:        0
Hugepagesize:       2048 kB
Hugetlb:               0 kB
DirectMap4k:      194432 kB
DirectMap2M:     6096896 kB
DirectMap1G:     4194304 kB
---SNAPSHOT---
2026-04-27 01:50:01
MemTotal:        8129240 kB
MemFree:         4903900 kB
MemAvailable:    4624940 kB
Buffers:            5388 kB
Cached:           275512 kB
SwapCached:        66688 kB
Active:          2036908 kB
Inactive:         627388 kB
Active(anon):    1912272 kB
Inactive(anon):   509864 kB
Active(file):     124636 kB
Inactive(file):   117524 kB
Unevictable:           0 kB
Mlocked:               0 kB
SwapTotal:       4194300 kB
SwapFree:        4006292 kB
Zswap:                 0 kB
Zswapped:              0 kB
Dirty:               360 kB
Writeback:             0 kB
AnonPages:       2321324 kB
Mapped:           233144 kB
Shmem:             38812 kB
KReclaimable:      55008 kB
Slab:             283024 kB
SReclaimable:      55008 kB
SUnreclaim:       228016 kB
KernelStack:       18880 kB
PageTables:        58188 kB
SecPageTables:         0 kB
NFS_Unstable:          0 kB
Bounce:                0 kB
WritebackTmp:          0 kB
CommitLimit:     8258920 kB
Committed_AS:    9402036 kB
VmallocTotal:   34359738367 kB
VmallocUsed:       47144 kB
VmallocChunk:          0 kB
Percpu:            13280 kB
HardwareCorrupted:     0 kB
AnonHugePages:      8192 kB
ShmemHugePages:        0 kB
ShmemPmdMapped:        0 kB
FileHugePages:         0 kB
FilePmdMapped:         0 kB
CmaTotal:              0 kB
CmaFree:               0 kB
Unaccepted:            0 kB
Balloon:               0 kB
HugePages_Total:       0
HugePages_Free:        0
HugePages_Rsvd:        0
HugePages_Surp:        0
Hugepagesize:       2048 kB
Hugetlb:               0 kB
DirectMap4k:      194432 kB
DirectMap2M:     6096896 kB
DirectMap1G:     4194304 kB
---SNAPSHOT---
2026-04-27 01:50:02
MemTotal:        8129240 kB
MemFree:         3775480 kB
MemAvailable:    3500364 kB
Buffers:            5388 kB
Cached:          1332036 kB
SwapCached:        66688 kB
Active:          3164576 kB
Inactive:         627464 kB
Active(anon):    3032328 kB
Inactive(anon):   509864 kB
Active(file):     132248 kB
Inactive(file):   117600 kB
Unevictable:          16 kB
Mlocked:              16 kB
SwapTotal:       4194300 kB
SwapFree:        4006292 kB
Zswap:                 0 kB
Zswapped:              0 kB
Dirty:               424 kB
Writeback:             0 kB
AnonPages:       2392312 kB
Mapped:          1285328 kB
Shmem:           1087636 kB
KReclaimable:      55008 kB
Slab:             283056 kB
SReclaimable:      55008 kB
SUnreclaim:       228048 kB
KernelStack:       19036 kB
PageTables:        62148 kB
SecPageTables:         0 kB
NFS_Unstable:          0 kB
Bounce:                0 kB
WritebackTmp:          0 kB
CommitLimit:     8258920 kB
Committed_AS:   12057464 kB
VmallocTotal:   34359738367 kB
VmallocUsed:       47272 kB
VmallocChunk:          0 kB
Percpu:            13280 kB
HardwareCorrupted:     0 kB
AnonHugePages:     77824 kB
ShmemHugePages:        0 kB
ShmemPmdMapped:        0 kB
FileHugePages:         0 kB
FilePmdMapped:         0 kB
CmaTotal:              0 kB
CmaFree:               0 kB
Unaccepted:            0 kB
Balloon:               0 kB
HugePages_Total:       0
HugePages_Free:        0
HugePages_Rsvd:        0
HugePages_Surp:        0
Hugepagesize:       2048 kB
Hugetlb:               0 kB
DirectMap4k:      194432 kB
DirectMap2M:     6096896 kB
DirectMap1G:     4194304 kB
---SNAPSHOT---
2026-04-27 01:50:03
MemTotal:        8129240 kB
MemFree:         3262032 kB
MemAvailable:    2986964 kB
Buffers:            5388 kB
Cached:          1332136 kB
SwapCached:        66688 kB
Active:          3670456 kB
Inactive:         627472 kB
Active(anon):    3538124 kB
Inactive(anon):   509864 kB
Active(file):     132332 kB
Inactive(file):   117608 kB
Unevictable:          16 kB
Mlocked:              16 kB
SwapTotal:       4194300 kB
SwapFree:        4006292 kB
Zswap:                 0 kB
Zswapped:              0 kB
Dirty:               432 kB
Writeback:             0 kB
AnonPages:       2898204 kB
Mapped:          1285408 kB
Shmem:           1087644 kB
KReclaimable:      55008 kB
Slab:             283168 kB
SReclaimable:      55008 kB
SUnreclaim:       228160 kB
KernelStack:       18976 kB
PageTables:        70212 kB
SecPageTables:         0 kB
NFS_Unstable:          0 kB
Bounce:                0 kB
WritebackTmp:          0 kB
CommitLimit:     8258920 kB
Committed_AS:   12057100 kB
VmallocTotal:   34359738367 kB
VmallocUsed:       47272 kB
VmallocChunk:          0 kB
Percpu:            13280 kB
HardwareCorrupted:     0 kB
AnonHugePages:    583680 kB
ShmemHugePages:        0 kB
ShmemPmdMapped:        0 kB
FileHugePages:         0 kB
FilePmdMapped:         0 kB
CmaTotal:              0 kB
CmaFree:               0 kB
Unaccepted:            0 kB
Balloon:               0 kB
HugePages_Total:       0
HugePages_Free:        0
HugePages_Rsvd:        0
HugePages_Surp:        0
Hugepagesize:       2048 kB
Hugetlb:               0 kB
DirectMap4k:      194432 kB
DirectMap2M:     6096896 kB
DirectMap1G:     4194304 kB
---SNAPSHOT---
2026-04-27 01:50:04
MemTotal:        8129240 kB
MemFree:         2752400 kB
MemAvailable:    2477332 kB
Buffers:            5388 kB
Cached:          1332140 kB
SwapCached:        66688 kB
Active:          4178372 kB
Inactive:         627476 kB
Active(anon):    4046040 kB
Inactive(anon):   509864 kB
Active(file):     132332 kB
Inactive(file):   117612 kB
Unevictable:          16 kB
Mlocked:              16 kB
SwapTotal:       4194300 kB
SwapFree:        4006292 kB
Zswap:                 0 kB
Zswapped:              0 kB
Dirty:               436 kB
Writeback:             0 kB
AnonPages:       3406024 kB
Mapped:          1285636 kB
Shmem:           1087644 kB
KReclaimable:      55008 kB
Slab:             283172 kB
SReclaimable:      55008 kB
SUnreclaim:       228164 kB
KernelStack:       18976 kB
PageTables:        71288 kB
SecPageTables:         0 kB
NFS_Unstable:          0 kB
Bounce:                0 kB
WritebackTmp:          0 kB
CommitLimit:     8258920 kB
Committed_AS:   12057352 kB
VmallocTotal:   34359738367 kB
VmallocUsed:       47224 kB
VmallocChunk:          0 kB
Percpu:            13280 kB
HardwareCorrupted:     0 kB
AnonHugePages:   1091584 kB
ShmemHugePages:        0 kB
ShmemPmdMapped:        0 kB
FileHugePages:         0 kB
FilePmdMapped:         0 kB
CmaTotal:              0 kB
CmaFree:               0 kB
Unaccepted:            0 kB
Balloon:               0 kB
HugePages_Total:       0
HugePages_Free:        0
HugePages_Rsvd:        0
HugePages_Surp:        0
Hugepagesize:       2048 kB
Hugetlb:               0 kB
DirectMap4k:      194432 kB
DirectMap2M:     6096896 kB
DirectMap1G:     4194304 kB
---SNAPSHOT---
2026-04-27 01:50:05
MemTotal:        8129240 kB
MemFree:         3727792 kB
MemAvailable:    3454404 kB
Buffers:            5820 kB
Cached:          1333876 kB
SwapCached:        66688 kB
Active:          3141236 kB
Inactive:         627756 kB
Active(anon):    3007424 kB
Inactive(anon):   509864 kB
Active(file):     133812 kB
Inactive(file):   117892 kB
Unevictable:          16 kB
Mlocked:              16 kB
SwapTotal:       4194300 kB
SwapFree:        4006292 kB
Zswap:                 0 kB
Zswapped:              0 kB
Dirty:               556 kB
Writeback:             0 kB
AnonPages:       2367664 kB
Mapped:          1285324 kB
Shmem:           1087648 kB
KReclaimable:      56608 kB
Slab:             284752 kB
SReclaimable:      56608 kB
SUnreclaim:       228144 kB
KernelStack:       18992 kB
PageTables:        69464 kB
SecPageTables:         0 kB
NFS_Unstable:          0 kB
Bounce:                0 kB
WritebackTmp:          0 kB
CommitLimit:     8258920 kB
Committed_AS:   12057636 kB
VmallocTotal:   34359738367 kB
VmallocUsed:       47256 kB
VmallocChunk:          0 kB
Percpu:            13280 kB
HardwareCorrupted:     0 kB
AnonHugePages:     53248 kB
ShmemHugePages:        0 kB
ShmemPmdMapped:        0 kB
FileHugePages:         0 kB
FilePmdMapped:         0 kB
CmaTotal:              0 kB
CmaFree:               0 kB
Unaccepted:            0 kB
Balloon:               0 kB
HugePages_Total:       0
HugePages_Free:        0
HugePages_Rsvd:        0
HugePages_Surp:        0
Hugepagesize:       2048 kB
Hugetlb:               0 kB
DirectMap4k:      194432 kB
DirectMap2M:     6096896 kB
DirectMap1G:     4194304 kB
---SNAPSHOT---
2026-04-27 01:50:06
MemTotal:        8129240 kB
MemFree:         3265936 kB
MemAvailable:    2994396 kB
Buffers:            5968 kB
Cached:          1336968 kB
SwapCached:        66688 kB
Active:          3614152 kB
Inactive:         628196 kB
Active(anon):    3477132 kB
Inactive(anon):   509864 kB
Active(file):     137020 kB
Inactive(file):   118332 kB
Unevictable:          16 kB
Mlocked:              16 kB
SwapTotal:       4194300 kB
SwapFree:        4006292 kB
Zswap:                 0 kB
Zswapped:              0 kB
Dirty:               640 kB
Writeback:             0 kB
AnonPages:       2837244 kB
Mapped:          1285412 kB
Shmem:           1087644 kB
KReclaimable:      56656 kB
Slab:             284900 kB
SReclaimable:      56656 kB
SUnreclaim:       228244 kB
KernelStack:       19040 kB
PageTables:        70544 kB
SecPageTables:         0 kB
NFS_Unstable:          0 kB
Bounce:                0 kB
WritebackTmp:          0 kB
CommitLimit:     8258920 kB
Committed_AS:   12058756 kB
VmallocTotal:   34359738367 kB
VmallocUsed:       47272 kB
VmallocChunk:          0 kB
Percpu:            13280 kB
HardwareCorrupted:     0 kB
AnonHugePages:    522240 kB
ShmemHugePages:        0 kB
ShmemPmdMapped:        0 kB
FileHugePages:         0 kB
FilePmdMapped:         0 kB
CmaTotal:              0 kB
CmaFree:               0 kB
Unaccepted:            0 kB
Balloon:               0 kB
HugePages_Total:       0
HugePages_Free:        0
HugePages_Rsvd:        0
HugePages_Surp:        0
Hugepagesize:       2048 kB
Hugetlb:               0 kB
DirectMap4k:      194432 kB
DirectMap2M:     6096896 kB
DirectMap1G:     4194304 kB
---SNAPSHOT---
2026-04-27 01:50:07
MemTotal:        8129240 kB
MemFree:         2793980 kB
MemAvailable:    2522444 kB
Buffers:            5968 kB
Cached:          1336972 kB
SwapCached:        66688 kB
Active:          4113252 kB
Inactive:         628200 kB
Active(anon):    3976232 kB
Inactive(anon):   509864 kB
Active(file):     137020 kB
Inactive(file):   118336 kB
Unevictable:          16 kB
Mlocked:              16 kB
SwapTotal:       4194300 kB
SwapFree:        4006292 kB
Zswap:                 0 kB
Zswapped:              0 kB
Dirty:               644 kB
Writeback:             0 kB
AnonPages:       3336204 kB
Mapped:          1285412 kB
Shmem:           1087644 kB
KReclaimable:      56656 kB
Slab:             284900 kB
SReclaimable:      56656 kB
SUnreclaim:       228244 kB
KernelStack:       18992 kB
PageTables:        71052 kB
SecPageTables:         0 kB
NFS_Unstable:          0 kB
Bounce:                0 kB
WritebackTmp:          0 kB
CommitLimit:     8258920 kB
Committed_AS:   12057484 kB
VmallocTotal:   34359738367 kB
VmallocUsed:       47224 kB
VmallocChunk:          0 kB
Percpu:            13280 kB
HardwareCorrupted:     0 kB
AnonHugePages:   1021952 kB
ShmemHugePages:        0 kB
ShmemPmdMapped:        0 kB
FileHugePages:         0 kB
FilePmdMapped:         0 kB
CmaTotal:              0 kB
CmaFree:               0 kB
Unaccepted:            0 kB
Balloon:               0 kB
HugePages_Total:       0
HugePages_Free:        0
HugePages_Rsvd:        0
HugePages_Surp:        0
Hugepagesize:       2048 kB
Hugetlb:               0 kB
DirectMap4k:      194432 kB
DirectMap2M:     6096896 kB
DirectMap1G:     4194304 kB
---SNAPSHOT---
2026-04-27 01:50:08
MemTotal:        8129240 kB
MemFree:         2981616 kB
MemAvailable:    2710084 kB
Buffers:            5968 kB
Cached:          1336980 kB
SwapCached:        66688 kB
Active:          3877880 kB
Inactive:         628208 kB
Active(anon):    3740860 kB
Inactive(anon):   509864 kB
Active(file):     137020 kB
Inactive(file):   118344 kB
Unevictable:          16 kB
Mlocked:              16 kB
SwapTotal:       4194300 kB
SwapFree:        4006292 kB
Zswap:                 0 kB
Zswapped:              0 kB
Dirty:               652 kB
Writeback:             0 kB
AnonPages:       3100916 kB
Mapped:          1285640 kB
Shmem:           1087644 kB
KReclaimable:      56656 kB
Slab:             284892 kB
SReclaimable:      56656 kB
SUnreclaim:       228236 kB
KernelStack:       18992 kB
PageTables:        71120 kB
SecPageTables:         0 kB
NFS_Unstable:          0 kB
Bounce:                0 kB
WritebackTmp:          0 kB
CommitLimit:     8258920 kB
Committed_AS:   12057484 kB
VmallocTotal:   34359738367 kB
VmallocUsed:       47208 kB
VmallocChunk:          0 kB
Percpu:            13280 kB
HardwareCorrupted:     0 kB
AnonHugePages:    786432 kB
ShmemHugePages:        0 kB
ShmemPmdMapped:        0 kB
FileHugePages:         0 kB
FilePmdMapped:         0 kB
CmaTotal:              0 kB
CmaFree:               0 kB
Unaccepted:            0 kB
Balloon:               0 kB
HugePages_Total:       0
HugePages_Free:        0
HugePages_Rsvd:        0
HugePages_Surp:        0
Hugepagesize:       2048 kB
Hugetlb:               0 kB
DirectMap4k:      194432 kB
DirectMap2M:     6096896 kB
DirectMap1G:     4194304 kB
---SNAPSHOT---
2026-04-27 01:50:09
MemTotal:        8129240 kB
MemFree:         3200816 kB
MemAvailable:    2929284 kB
Buffers:            5968 kB
Cached:          1336984 kB
SwapCached:        66688 kB
Active:          3628164 kB
Inactive:         628212 kB
Active(anon):    3491144 kB
Inactive(anon):   509864 kB
Active(file):     137020 kB
Inactive(file):   118348 kB
Unevictable:          16 kB
Mlocked:              16 kB
SwapTotal:       4194300 kB
SwapFree:        4006292 kB
Zswap:                 0 kB
Zswapped:              0 kB
Dirty:               656 kB
Writeback:             0 kB
AnonPages:       2851176 kB
Mapped:          1285540 kB
Shmem:           1087644 kB
KReclaimable:      56656 kB
Slab:             284892 kB
SReclaimable:      56656 kB
SUnreclaim:       228236 kB
KernelStack:       19068 kB
PageTables:        69996 kB
SecPageTables:         0 kB
NFS_Unstable:          0 kB
Bounce:                0 kB
WritebackTmp:          0 kB
CommitLimit:     8258920 kB
Committed_AS:   12057484 kB
VmallocTotal:   34359738367 kB
VmallocUsed:       47288 kB
VmallocChunk:          0 kB
Percpu:            13280 kB
HardwareCorrupted:     0 kB
AnonHugePages:    536576 kB
ShmemHugePages:        0 kB
ShmemPmdMapped:        0 kB
FileHugePages:         0 kB
FilePmdMapped:         0 kB
CmaTotal:              0 kB
CmaFree:               0 kB
Unaccepted:            0 kB
Balloon:               0 kB
HugePages_Total:       0
HugePages_Free:        0
HugePages_Rsvd:        0
HugePages_Surp:        0
Hugepagesize:       2048 kB
Hugetlb:               0 kB
DirectMap4k:      194432 kB
DirectMap2M:     6096896 kB
DirectMap1G:     4194304 kB
---SNAPSHOT---
2026-04-27 01:50:10
MemTotal:        8129240 kB
MemFree:         2725176 kB
MemAvailable:    2453648 kB
Buffers:            5976 kB
Cached:          1336980 kB
SwapCached:        66688 kB
Active:          4148304 kB
Inactive:         628216 kB
Active(anon):    4011284 kB
Inactive(anon):   509864 kB
Active(file):     137020 kB
Inactive(file):   118352 kB
Unevictable:          16 kB
Mlocked:              16 kB
SwapTotal:       4194300 kB
SwapFree:        4006292 kB
Zswap:                 0 kB
Zswapped:              0 kB
Dirty:               660 kB
Writeback:             0 kB
AnonPages:       3371288 kB
Mapped:          1285412 kB
Shmem:           1087644 kB
KReclaimable:      56656 kB
Slab:             284892 kB
SReclaimable:      56656 kB
SUnreclaim:       228236 kB
KernelStack:       19112 kB
PageTables:        71084 kB
SecPageTables:         0 kB
NFS_Unstable:          0 kB
Bounce:                0 kB
WritebackTmp:          0 kB
CommitLimit:     8258920 kB
Committed_AS:   12057484 kB
VmallocTotal:   34359738367 kB
VmallocUsed:       47304 kB
VmallocChunk:          0 kB
Percpu:            13280 kB
HardwareCorrupted:     0 kB
AnonHugePages:   1056768 kB
ShmemHugePages:        0 kB
ShmemPmdMapped:        0 kB
FileHugePages:         0 kB
FilePmdMapped:         0 kB
CmaTotal:              0 kB
CmaFree:               0 kB
Unaccepted:            0 kB
Balloon:               0 kB
HugePages_Total:       0
HugePages_Free:        0
HugePages_Rsvd:        0
HugePages_Surp:        0
Hugepagesize:       2048 kB
Hugetlb:               0 kB
DirectMap4k:      194432 kB
DirectMap2M:     6096896 kB
DirectMap1G:     4194304 kB
---SNAPSHOT---
2026-04-27 01:50:11
MemTotal:        8129240 kB
MemFree:         2927400 kB
MemAvailable:    2655876 kB
Buffers:            5976 kB
Cached:          1336996 kB
SwapCached:        66688 kB
Active:          3908708 kB
Inactive:         628224 kB
Active(anon):    3771688 kB
Inactive(anon):   509864 kB
Active(file):     137020 kB
Inactive(file):   118360 kB
Unevictable:          16 kB
Mlocked:              16 kB
SwapTotal:       4194300 kB
SwapFree:        4006292 kB
Zswap:                 0 kB
Zswapped:              0 kB
Dirty:               672 kB
Writeback:             0 kB
AnonPages:       3131732 kB
Mapped:          1285412 kB
Shmem:           1087644 kB
KReclaimable:      56656 kB
Slab:             284876 kB
SReclaimable:      56656 kB
SUnreclaim:       228220 kB
KernelStack:       19036 kB
PageTables:        70732 kB
SecPageTables:         0 kB
NFS_Unstable:          0 kB
Bounce:                0 kB
WritebackTmp:          0 kB
CommitLimit:     8258920 kB
Committed_AS:   12057484 kB
VmallocTotal:   34359738367 kB
VmallocUsed:       47336 kB
VmallocChunk:          0 kB
Percpu:            13280 kB
HardwareCorrupted:     0 kB
AnonHugePages:    817152 kB
ShmemHugePages:        0 kB
ShmemPmdMapped:        0 kB
FileHugePages:         0 kB
FilePmdMapped:         0 kB
CmaTotal:              0 kB
CmaFree:               0 kB
Unaccepted:            0 kB
Balloon:               0 kB
HugePages_Total:       0
HugePages_Free:        0
HugePages_Rsvd:        0
HugePages_Surp:        0
Hugepagesize:       2048 kB
Hugetlb:               0 kB
DirectMap4k:      194432 kB
DirectMap2M:     6096896 kB
DirectMap1G:     4194304 kB
---SNAPSHOT---
2026-04-27 01:50:12
MemTotal:        8129240 kB
MemFree:         3156776 kB
MemAvailable:    2885256 kB
Buffers:            5976 kB
Cached:          1337000 kB
SwapCached:        66688 kB
Active:          3675120 kB
Inactive:         628236 kB
Active(anon):    3538100 kB
Inactive(anon):   509864 kB
Active(file):     137020 kB
Inactive(file):   118372 kB
Unevictable:          16 kB
Mlocked:              16 kB
SwapTotal:       4194300 kB
SwapFree:        4006292 kB
Zswap:                 0 kB
Zswapped:              0 kB
Dirty:               676 kB
Writeback:             0 kB
AnonPages:       2897936 kB
Mapped:          1285412 kB
Shmem:           1087644 kB
KReclaimable:      56656 kB
Slab:             284908 kB
SReclaimable:      56656 kB
SUnreclaim:       228252 kB
KernelStack:       19112 kB
PageTables:        70136 kB
SecPageTables:         0 kB
NFS_Unstable:          0 kB
Bounce:                0 kB
WritebackTmp:          0 kB
CommitLimit:     8258920 kB
Committed_AS:   12057484 kB
VmallocTotal:   34359738367 kB
VmallocUsed:       47368 kB
VmallocChunk:          0 kB
Percpu:            13280 kB
HardwareCorrupted:     0 kB
AnonHugePages:    583680 kB
ShmemHugePages:        0 kB
ShmemPmdMapped:        0 kB
FileHugePages:         0 kB
FilePmdMapped:         0 kB
CmaTotal:              0 kB
CmaFree:               0 kB
Unaccepted:            0 kB
Balloon:               0 kB
HugePages_Total:       0
HugePages_Free:        0
HugePages_Rsvd:        0
HugePages_Surp:        0
Hugepagesize:       2048 kB
Hugetlb:               0 kB
DirectMap4k:      194432 kB
DirectMap2M:     6096896 kB
DirectMap1G:     4194304 kB
---SNAPSHOT---
2026-04-27 01:50:13
MemTotal:        8129240 kB
MemFree:         2675268 kB
MemAvailable:    2403752 kB
Buffers:            5976 kB
Cached:          1337008 kB
SwapCached:        66688 kB
Active:          4205720 kB
Inactive:         628244 kB
Active(anon):    4068700 kB
Inactive(anon):   509864 kB
Active(file):     137020 kB
Inactive(file):   118380 kB
Unevictable:          16 kB
Mlocked:              16 kB
SwapTotal:       4194300 kB
SwapFree:        4006292 kB
Zswap:                 0 kB
Zswapped:              0 kB
Dirty:               684 kB
Writeback:             0 kB
AnonPages:       3428664 kB
Mapped:          1285412 kB
Shmem:           1087644 kB
KReclaimable:      56656 kB
Slab:             284900 kB
SReclaimable:      56656 kB
SUnreclaim:       228244 kB
KernelStack:       19112 kB
PageTables:        71168 kB
SecPageTables:         0 kB
NFS_Unstable:          0 kB
Bounce:                0 kB
WritebackTmp:          0 kB
CommitLimit:     8258920 kB
Committed_AS:   12057484 kB
VmallocTotal:   34359738367 kB
VmallocUsed:       47368 kB
VmallocChunk:          0 kB
Percpu:            13280 kB
HardwareCorrupted:     0 kB
AnonHugePages:   1114112 kB
ShmemHugePages:        0 kB
ShmemPmdMapped:        0 kB
FileHugePages:         0 kB
FilePmdMapped:         0 kB
CmaTotal:              0 kB
CmaFree:               0 kB
Unaccepted:            0 kB
Balloon:               0 kB
HugePages_Total:       0
HugePages_Free:        0
HugePages_Rsvd:        0
HugePages_Surp:        0
Hugepagesize:       2048 kB
Hugetlb:               0 kB
DirectMap4k:      194432 kB
DirectMap2M:     6096896 kB
DirectMap1G:     4194304 kB
---SNAPSHOT---
2026-04-27 01:50:14
MemTotal:        8129240 kB
MemFree:         3608628 kB
MemAvailable:    3337116 kB
Buffers:            5976 kB
Cached:          1337012 kB
SwapCached:        66688 kB
Active:          3198196 kB
Inactive:         628248 kB
Active(anon):    3061176 kB
Inactive(anon):   509864 kB
Active(file):     137020 kB
Inactive(file):   118384 kB
Unevictable:          16 kB
Mlocked:              16 kB
SwapTotal:       4194300 kB
SwapFree:        4006292 kB
Zswap:                 0 kB
Zswapped:              0 kB
Dirty:               688 kB
Writeback:             0 kB
AnonPages:       2421020 kB
Mapped:          1285412 kB
Shmem:           1087644 kB
KReclaimable:      56656 kB
Slab:             284900 kB
SReclaimable:      56656 kB
SUnreclaim:       228244 kB
KernelStack:       19112 kB
PageTables:        69460 kB
SecPageTables:         0 kB
NFS_Unstable:          0 kB
Bounce:                0 kB
WritebackTmp:          0 kB
CommitLimit:     8258920 kB
Committed_AS:   12057592 kB
VmallocTotal:   34359738367 kB
VmallocUsed:       47384 kB
VmallocChunk:          0 kB
Percpu:            13280 kB
HardwareCorrupted:     0 kB
AnonHugePages:    106496 kB
ShmemHugePages:        0 kB
ShmemPmdMapped:        0 kB
FileHugePages:         0 kB
FilePmdMapped:         0 kB
CmaTotal:              0 kB
CmaFree:               0 kB
Unaccepted:            0 kB
Balloon:               0 kB
HugePages_Total:       0
HugePages_Free:        0
HugePages_Rsvd:        0
HugePages_Surp:        0
Hugepagesize:       2048 kB
Hugetlb:               0 kB
DirectMap4k:      194432 kB
DirectMap2M:     6096896 kB
DirectMap1G:     4194304 kB
---SNAPSHOT---
2026-04-27 01:50:15
MemTotal:        8129240 kB
MemFree:         3151420 kB
MemAvailable:    2879908 kB
Buffers:            5984 kB
Cached:          1337008 kB
SwapCached:        66688 kB
Active:          3726492 kB
Inactive:         628248 kB
Active(anon):    3589472 kB
Inactive(anon):   509864 kB
Active(file):     137020 kB
Inactive(file):   118384 kB
Unevictable:          16 kB
Mlocked:              16 kB
SwapTotal:       4194300 kB
SwapFree:        4006292 kB
Zswap:                 0 kB
Zswapped:              0 kB
Dirty:               692 kB
Writeback:             0 kB
AnonPages:       2949412 kB
Mapped:          1285412 kB
Shmem:           1087644 kB
KReclaimable:      56656 kB
Slab:             284836 kB
SReclaimable:      56656 kB
SUnreclaim:       228180 kB
KernelStack:       19112 kB
PageTables:        70240 kB
SecPageTables:         0 kB
NFS_Unstable:          0 kB
Bounce:                0 kB
WritebackTmp:          0 kB
CommitLimit:     8258920 kB
Committed_AS:   12057596 kB
VmallocTotal:   34359738367 kB
VmallocUsed:       47384 kB
VmallocChunk:          0 kB
Percpu:            13280 kB
HardwareCorrupted:     0 kB
AnonHugePages:    634880 kB
ShmemHugePages:        0 kB
ShmemPmdMapped:        0 kB
FileHugePages:         0 kB
FilePmdMapped:         0 kB
CmaTotal:              0 kB
CmaFree:               0 kB
Unaccepted:            0 kB
Balloon:               0 kB
HugePages_Total:       0
HugePages_Free:        0
HugePages_Rsvd:        0
HugePages_Surp:        0
Hugepagesize:       2048 kB
Hugetlb:               0 kB
DirectMap4k:      194432 kB
DirectMap2M:     6096896 kB
DirectMap1G:     4194304 kB
---SNAPSHOT---
2026-04-27 01:50:16
MemTotal:        8129240 kB
MemFree:         2615876 kB
MemAvailable:    2344372 kB
Buffers:            5984 kB
Cached:          1337024 kB
SwapCached:        66688 kB
Active:          4262996 kB
Inactive:         628264 kB
Active(anon):    4125976 kB
Inactive(anon):   509864 kB
Active(file):     137020 kB
Inactive(file):   118400 kB
Unevictable:          16 kB
Mlocked:              16 kB
SwapTotal:       4194300 kB
SwapFree:        4006292 kB
Zswap:                 0 kB
Zswapped:              0 kB
Dirty:               700 kB
Writeback:             0 kB
AnonPages:       3485884 kB
Mapped:          1285428 kB
Shmem:           1087644 kB
KReclaimable:      56656 kB
Slab:             284832 kB
SReclaimable:      56656 kB
SUnreclaim:       228176 kB
KernelStack:       18992 kB
PageTables:        71324 kB
SecPageTables:         0 kB
NFS_Unstable:          0 kB
Bounce:                0 kB
WritebackTmp:          0 kB
CommitLimit:     8258920 kB
Committed_AS:   12057256 kB
VmallocTotal:   34359738367 kB
VmallocUsed:       47336 kB
VmallocChunk:          0 kB
Percpu:            13280 kB
HardwareCorrupted:     0 kB
AnonHugePages:   1171456 kB
ShmemHugePages:        0 kB
ShmemPmdMapped:        0 kB
FileHugePages:         0 kB
FilePmdMapped:         0 kB
CmaTotal:              0 kB
CmaFree:               0 kB
Unaccepted:            0 kB
Balloon:               0 kB
HugePages_Total:       0
HugePages_Free:        0
HugePages_Rsvd:        0
HugePages_Surp:        0
Hugepagesize:       2048 kB
Hugetlb:               0 kB
DirectMap4k:      194432 kB
DirectMap2M:     6096896 kB
DirectMap1G:     4194304 kB
---SNAPSHOT---
2026-04-27 01:50:17
MemTotal:        8129240 kB
MemFree:         3541364 kB
MemAvailable:    3269864 kB
Buffers:            5984 kB
Cached:          1337028 kB
SwapCached:        66688 kB
Active:          3263400 kB
Inactive:         628272 kB
Active(anon):    3126380 kB
Inactive(anon):   509864 kB
Active(file):     137020 kB
Inactive(file):   118408 kB
Unevictable:          16 kB
Mlocked:              16 kB
SwapTotal:       4194300 kB
SwapFree:        4006292 kB
Zswap:                 0 kB
Zswapped:              0 kB
Dirty:               704 kB
Writeback:             0 kB
AnonPages:       2486460 kB
Mapped:          1285412 kB
Shmem:           1087644 kB
KReclaimable:      56656 kB
Slab:             284836 kB
SReclaimable:      56656 kB
SUnreclaim:       228180 kB
KernelStack:       18992 kB
PageTables:        69676 kB
SecPageTables:         0 kB
NFS_Unstable:          0 kB
Bounce:                0 kB
WritebackTmp:          0 kB
CommitLimit:     8258920 kB
Committed_AS:   12057264 kB
VmallocTotal:   34359738367 kB
VmallocUsed:       47304 kB
VmallocChunk:          0 kB
Percpu:            13280 kB
HardwareCorrupted:     0 kB
AnonHugePages:    172032 kB
ShmemHugePages:        0 kB
ShmemPmdMapped:        0 kB
FileHugePages:         0 kB
FilePmdMapped:         0 kB
CmaTotal:              0 kB
CmaFree:               0 kB
Unaccepted:            0 kB
Balloon:               0 kB
HugePages_Total:       0
HugePages_Free:        0
HugePages_Rsvd:        0
HugePages_Surp:        0
Hugepagesize:       2048 kB
Hugetlb:               0 kB
DirectMap4k:      194432 kB
DirectMap2M:     6096896 kB
DirectMap1G:     4194304 kB
---SNAPSHOT---
2026-04-27 01:50:18
MemTotal:        8129240 kB
MemFree:         3078532 kB
MemAvailable:    2807032 kB
Buffers:            5984 kB
Cached:          1337036 kB
SwapCached:        66688 kB
Active:          3800116 kB
Inactive:         628276 kB
Active(anon):    3663096 kB
Inactive(anon):   509864 kB
Active(file):     137020 kB
Inactive(file):   118412 kB
Unevictable:          16 kB
Mlocked:              16 kB
SwapTotal:       4194300 kB
SwapFree:        4006292 kB
Zswap:                 0 kB
Zswapped:              0 kB
Dirty:               712 kB
Writeback:             0 kB
AnonPages:       3022984 kB
Mapped:          1285412 kB
Shmem:           1087644 kB
KReclaimable:      56656 kB
Slab:             284840 kB
SReclaimable:      56656 kB
SUnreclaim:       228184 kB
KernelStack:       18976 kB
PageTables:        70080 kB
SecPageTables:         0 kB
NFS_Unstable:          0 kB
Bounce:                0 kB
WritebackTmp:          0 kB
CommitLimit:     8258920 kB
Committed_AS:   12057376 kB
VmallocTotal:   34359738367 kB
VmallocUsed:       47272 kB
VmallocChunk:          0 kB
Percpu:            13280 kB
HardwareCorrupted:     0 kB
AnonHugePages:    708608 kB
ShmemHugePages:        0 kB
ShmemPmdMapped:        0 kB
FileHugePages:         0 kB
FilePmdMapped:         0 kB
CmaTotal:              0 kB
CmaFree:               0 kB
Unaccepted:            0 kB
Balloon:               0 kB
HugePages_Total:       0
HugePages_Free:        0
HugePages_Rsvd:        0
HugePages_Surp:        0
Hugepagesize:       2048 kB
Hugetlb:               0 kB
DirectMap4k:      194432 kB
DirectMap2M:     6096896 kB
DirectMap1G:     4194304 kB
---SNAPSHOT---
2026-04-27 01:50:19
MemTotal:        8129240 kB
MemFree:         2546052 kB
MemAvailable:    2274556 kB
Buffers:            5984 kB
Cached:          1337040 kB
SwapCached:        66688 kB
Active:          4334564 kB
Inactive:         628284 kB
Active(anon):    4197544 kB
Inactive(anon):   509864 kB
Active(file):     137020 kB
Inactive(file):   118420 kB
Unevictable:          16 kB
Mlocked:              16 kB
SwapTotal:       4194300 kB
SwapFree:        4006292 kB
Zswap:                 0 kB
Zswapped:              0 kB
Dirty:               716 kB
Writeback:             0 kB
AnonPages:       3557396 kB
Mapped:          1285412 kB
Shmem:           1087644 kB
KReclaimable:      56656 kB
Slab:             284840 kB
SReclaimable:      56656 kB
SUnreclaim:       228184 kB
KernelStack:       18992 kB
PageTables:        71336 kB
SecPageTables:         0 kB
NFS_Unstable:          0 kB
Bounce:                0 kB
WritebackTmp:          0 kB
CommitLimit:     8258920 kB
Committed_AS:   12057464 kB
VmallocTotal:   34359738367 kB
VmallocUsed:       47256 kB
VmallocChunk:          0 kB
Percpu:            13280 kB
HardwareCorrupted:     0 kB
AnonHugePages:   1243136 kB
ShmemHugePages:        0 kB
ShmemPmdMapped:        0 kB
FileHugePages:         0 kB
FilePmdMapped:         0 kB
CmaTotal:              0 kB
CmaFree:               0 kB
Unaccepted:            0 kB
Balloon:               0 kB
HugePages_Total:       0
HugePages_Free:        0
HugePages_Rsvd:        0
HugePages_Surp:        0
Hugepagesize:       2048 kB
Hugetlb:               0 kB
DirectMap4k:      194432 kB
DirectMap2M:     6096896 kB
DirectMap1G:     4194304 kB
---SNAPSHOT---
2026-04-27 01:50:20
MemTotal:        8129240 kB
MemFree:         2238852 kB
MemAvailable:    1967360 kB
Buffers:            5992 kB
Cached:          1337036 kB
SwapCached:        66688 kB
Active:          4639008 kB
Inactive:         628288 kB
Active(anon):    4501988 kB
Inactive(anon):   509864 kB
Active(file):     137020 kB
Inactive(file):   118424 kB
Unevictable:          16 kB
Mlocked:              16 kB
SwapTotal:       4194300 kB
SwapFree:        4006292 kB
Zswap:                 0 kB
Zswapped:              0 kB
Dirty:               720 kB
Writeback:             0 kB
AnonPages:       3862160 kB
Mapped:          1285412 kB
Shmem:           1087644 kB
KReclaimable:      56656 kB
Slab:             284860 kB
SReclaimable:      56656 kB
SUnreclaim:       228204 kB
KernelStack:       18976 kB
PageTables:        72100 kB
SecPageTables:         0 kB
NFS_Unstable:          0 kB
Bounce:                0 kB
WritebackTmp:          0 kB
CommitLimit:     8258920 kB
Committed_AS:   12057376 kB
VmallocTotal:   34359738367 kB
VmallocUsed:       47272 kB
VmallocChunk:          0 kB
Percpu:            13280 kB
HardwareCorrupted:     0 kB
AnonHugePages:   1548288 kB
ShmemHugePages:        0 kB
ShmemPmdMapped:        0 kB
FileHugePages:         0 kB
FilePmdMapped:         0 kB
CmaTotal:              0 kB
CmaFree:               0 kB
Unaccepted:            0 kB
Balloon:               0 kB
HugePages_Total:       0
HugePages_Free:        0
HugePages_Rsvd:        0
HugePages_Surp:        0
Hugepagesize:       2048 kB
Hugetlb:               0 kB
DirectMap4k:      194432 kB
DirectMap2M:     6096896 kB
DirectMap1G:     4194304 kB
---SNAPSHOT---
2026-04-27 01:50:21
MemTotal:        8129240 kB
MemFree:         2238628 kB
MemAvailable:    1967140 kB
Buffers:            5992 kB
Cached:          1337056 kB
SwapCached:        66688 kB
Active:          4639136 kB
Inactive:         628296 kB
Active(anon):    4502116 kB
Inactive(anon):   509864 kB
Active(file):     137020 kB
Inactive(file):   118432 kB
Unevictable:          16 kB
Mlocked:              16 kB
SwapTotal:       4194300 kB
SwapFree:        4006292 kB
Zswap:                 0 kB
Zswapped:              0 kB
Dirty:               732 kB
Writeback:             0 kB
AnonPages:       3862320 kB
Mapped:          1285412 kB
Shmem:           1087644 kB
KReclaimable:      56656 kB
Slab:             284860 kB
SReclaimable:      56656 kB
SUnreclaim:       228204 kB
KernelStack:       19008 kB
PageTables:        72388 kB
SecPageTables:         0 kB
NFS_Unstable:          0 kB
Bounce:                0 kB
WritebackTmp:          0 kB
CommitLimit:     8258920 kB
Committed_AS:   12057236 kB
VmallocTotal:   34359738367 kB
VmallocUsed:       47256 kB
VmallocChunk:          0 kB
Percpu:            13280 kB
HardwareCorrupted:     0 kB
AnonHugePages:   1548288 kB
ShmemHugePages:        0 kB
ShmemPmdMapped:        0 kB
FileHugePages:         0 kB
FilePmdMapped:         0 kB
CmaTotal:              0 kB
CmaFree:               0 kB
Unaccepted:            0 kB
Balloon:               0 kB
HugePages_Total:       0
HugePages_Free:        0
HugePages_Rsvd:        0
HugePages_Surp:        0
Hugepagesize:       2048 kB
Hugetlb:               0 kB
DirectMap4k:      194432 kB
DirectMap2M:     6096896 kB
DirectMap1G:     4194304 kB
---SNAPSHOT---
2026-04-27 01:50:22
MemTotal:        8129240 kB
MemFree:         2238628 kB
MemAvailable:    1967140 kB
Buffers:            5992 kB
Cached:          1337060 kB
SwapCached:        66688 kB
Active:          4639340 kB
Inactive:         628300 kB
Active(anon):    4502320 kB
Inactive(anon):   509864 kB
Active(file):     137020 kB
Inactive(file):   118436 kB
Unevictable:          16 kB
Mlocked:              16 kB
SwapTotal:       4194300 kB
SwapFree:        4006292 kB
Zswap:                 0 kB
Zswapped:              0 kB
Dirty:               736 kB
Writeback:             0 kB
AnonPages:       3862536 kB
Mapped:          1285412 kB
Shmem:           1087644 kB
KReclaimable:      56656 kB
Slab:             284920 kB
SReclaimable:      56656 kB
SUnreclaim:       228264 kB
KernelStack:       19052 kB
PageTables:        72368 kB
SecPageTables:         0 kB
NFS_Unstable:          0 kB
Bounce:                0 kB
WritebackTmp:          0 kB
CommitLimit:     8258920 kB
Committed_AS:   12057264 kB
VmallocTotal:   34359738367 kB
VmallocUsed:       47288 kB
VmallocChunk:          0 kB
Percpu:            13280 kB
HardwareCorrupted:     0 kB
AnonHugePages:   1548288 kB
ShmemHugePages:        0 kB
ShmemPmdMapped:        0 kB
FileHugePages:         0 kB
FilePmdMapped:         0 kB
CmaTotal:              0 kB
CmaFree:               0 kB
Unaccepted:            0 kB
Balloon:               0 kB
HugePages_Total:       0
HugePages_Free:        0
HugePages_Rsvd:        0
HugePages_Surp:        0
Hugepagesize:       2048 kB
Hugetlb:               0 kB
DirectMap4k:      194432 kB
DirectMap2M:     6096896 kB
DirectMap1G:     4194304 kB
---SNAPSHOT---
2026-04-27 01:50:24
MemTotal:        8129240 kB
MemFree:         2852032 kB
MemAvailable:    2580552 kB
Buffers:            5992 kB
Cached:          1337068 kB
SwapCached:       463948 kB
Active:          3584168 kB
Inactive:        1025064 kB
Active(anon):    3447148 kB
Inactive(anon):   906612 kB
Active(file):     137020 kB
Inactive(file):   118452 kB
Unevictable:          16 kB
Mlocked:              16 kB
SwapTotal:       4194300 kB
SwapFree:        3608836 kB
Zswap:                 0 kB
Zswapped:              0 kB
Dirty:               744 kB
Writeback:           712 kB
AnonPages:       2808448 kB
Mapped:          1285412 kB
Shmem:           1087644 kB
KReclaimable:      56656 kB
Slab:             284984 kB
SReclaimable:      56656 kB
SUnreclaim:       228328 kB
KernelStack:       18992 kB
PageTables:        71096 kB
SecPageTables:         0 kB
NFS_Unstable:          0 kB
Bounce:                0 kB
WritebackTmp:          0 kB
CommitLimit:     8258920 kB
Committed_AS:   12057352 kB
VmallocTotal:   34359738367 kB
VmallocUsed:       47256 kB
VmallocChunk:          0 kB
Percpu:            13280 kB
HardwareCorrupted:     0 kB
AnonHugePages:    380928 kB
ShmemHugePages:        0 kB
ShmemPmdMapped:        0 kB
FileHugePages:         0 kB
FilePmdMapped:         0 kB
CmaTotal:              0 kB
CmaFree:               0 kB
Unaccepted:            0 kB
Balloon:               0 kB
HugePages_Total:       0
HugePages_Free:        0
HugePages_Rsvd:        0
HugePages_Surp:        0
Hugepagesize:       2048 kB
Hugetlb:               0 kB
DirectMap4k:      194432 kB
DirectMap2M:     6096896 kB
DirectMap1G:     4194304 kB
---SNAPSHOT---
2026-04-27 01:50:25
MemTotal:        8129240 kB
MemFree:         2610460 kB
MemAvailable:    2338984 kB
Buffers:            5992 kB
Cached:          1337072 kB
SwapCached:       827524 kB
Active:          3464120 kB
Inactive:        1375720 kB
Active(anon):    3327100 kB
Inactive(anon):  1257264 kB
Active(file):     137020 kB
Inactive(file):   118456 kB
Unevictable:          16 kB
Mlocked:              16 kB
SwapTotal:       4194300 kB
SwapFree:        3245456 kB
Zswap:                 0 kB
Zswapped:              0 kB
Dirty:               748 kB
Writeback:         13408 kB
AnonPages:       2675832 kB
Mapped:          1285412 kB
Shmem:           1087644 kB
KReclaimable:      56656 kB
Slab:             285956 kB
SReclaimable:      56656 kB
SUnreclaim:       229300 kB
KernelStack:       18992 kB
PageTables:        71100 kB
SecPageTables:         0 kB
NFS_Unstable:          0 kB
Bounce:                0 kB
WritebackTmp:          0 kB
CommitLimit:     8258920 kB
Committed_AS:   12057484 kB
VmallocTotal:   34359738367 kB
VmallocUsed:       47272 kB
VmallocChunk:          0 kB
Percpu:            13280 kB
HardwareCorrupted:     0 kB
AnonHugePages:     18432 kB
ShmemHugePages:        0 kB
ShmemPmdMapped:        0 kB
FileHugePages:         0 kB
FilePmdMapped:         0 kB
CmaTotal:              0 kB
CmaFree:               0 kB
Unaccepted:            0 kB
Balloon:               0 kB
HugePages_Total:       0
HugePages_Free:        0
HugePages_Rsvd:        0
HugePages_Surp:        0
Hugepagesize:       2048 kB
Hugetlb:               0 kB
DirectMap4k:      194432 kB
DirectMap2M:     6096896 kB
DirectMap1G:     4194304 kB
---SNAPSHOT---
2026-04-27 01:50:26
MemTotal:        8129240 kB
MemFree:         3032568 kB
MemAvailable:    2761096 kB
Buffers:            6000 kB
Cached:          1337068 kB
SwapCached:        77980 kB
Active:          3776292 kB
Inactive:         639440 kB
Active(anon):    3639272 kB
Inactive(anon):   520976 kB
Active(file):     137020 kB
Inactive(file):   118464 kB
Unevictable:          16 kB
Mlocked:              16 kB
SwapTotal:       4194300 kB
SwapFree:        3995028 kB
Zswap:                 0 kB
Zswapped:              0 kB
Dirty:               752 kB
Writeback:           148 kB
AnonPages:       2999268 kB
Mapped:          1285412 kB
Shmem:           1087644 kB
KReclaimable:      56656 kB
Slab:             285016 kB
SReclaimable:      56656 kB
SUnreclaim:       228360 kB
KernelStack:       18992 kB
PageTables:        70168 kB
SecPageTables:         0 kB
NFS_Unstable:          0 kB
Bounce:                0 kB
WritebackTmp:          0 kB
CommitLimit:     8258920 kB
Committed_AS:   12057484 kB
VmallocTotal:   34359738367 kB
VmallocUsed:       47272 kB
VmallocChunk:          0 kB
Percpu:            13280 kB
HardwareCorrupted:     0 kB
AnonHugePages:     12288 kB
ShmemHugePages:        0 kB
ShmemPmdMapped:        0 kB
FileHugePages:         0 kB
FilePmdMapped:         0 kB
CmaTotal:              0 kB
CmaFree:               0 kB
Unaccepted:            0 kB
Balloon:               0 kB
HugePages_Total:       0
HugePages_Free:        0
HugePages_Rsvd:        0
HugePages_Surp:        0
Hugepagesize:       2048 kB
Hugetlb:               0 kB
DirectMap4k:      194432 kB
DirectMap2M:     6096896 kB
DirectMap1G:     4194304 kB
---SNAPSHOT---
2026-04-27 01:50:27
MemTotal:        8129240 kB
MemFree:         3355652 kB
MemAvailable:    3084188 kB
Buffers:            6000 kB
Cached:          1337084 kB
SwapCached:        77952 kB
Active:          3450336 kB
Inactive:         639608 kB
Active(anon):    3313316 kB
Inactive(anon):   521128 kB
Active(file):     137020 kB
Inactive(file):   118480 kB
Unevictable:          16 kB
Mlocked:              16 kB
SwapTotal:       4194300 kB
SwapFree:        3995028 kB
Zswap:                 0 kB
Zswapped:              0 kB
Dirty:               304 kB
Writeback:             0 kB
AnonPages:       2673304 kB
Mapped:          1285412 kB
Shmem:           1087644 kB
KReclaimable:      56656 kB
Slab:             284912 kB
SReclaimable:      56656 kB
SUnreclaim:       228256 kB
KernelStack:       18976 kB
PageTables:        69480 kB
SecPageTables:         0 kB
NFS_Unstable:          0 kB
Bounce:                0 kB
WritebackTmp:          0 kB
CommitLimit:     8258920 kB
Committed_AS:   12057620 kB
VmallocTotal:   34359738367 kB
VmallocUsed:       47272 kB
VmallocChunk:          0 kB
Percpu:            13280 kB
HardwareCorrupted:     0 kB
AnonHugePages:     36864 kB
ShmemHugePages:        0 kB
ShmemPmdMapped:        0 kB
FileHugePages:         0 kB
FilePmdMapped:         0 kB
CmaTotal:              0 kB
CmaFree:               0 kB
Unaccepted:            0 kB
Balloon:               0 kB
HugePages_Total:       0
HugePages_Free:        0
HugePages_Rsvd:        0
HugePages_Surp:        0
Hugepagesize:       2048 kB
Hugetlb:               0 kB
DirectMap4k:      194432 kB
DirectMap2M:     6096896 kB
DirectMap1G:     4194304 kB
---SNAPSHOT---
2026-04-27 01:50:28
MemTotal:        8129240 kB
MemFree:         2880232 kB
MemAvailable:    2608768 kB
Buffers:            6000 kB
Cached:          1337088 kB
SwapCached:        77952 kB
Active:          3949076 kB
Inactive:         639608 kB
Active(anon):    3812056 kB
Inactive(anon):   521128 kB
Active(file):     137020 kB
Inactive(file):   118480 kB
Unevictable:          16 kB
Mlocked:              16 kB
SwapTotal:       4194300 kB
SwapFree:        3995028 kB
Zswap:                 0 kB
Zswapped:              0 kB
Dirty:               200 kB
Writeback:             0 kB
AnonPages:       3171960 kB
Mapped:          1285412 kB
Shmem:           1087644 kB
KReclaimable:      56656 kB
Slab:             284912 kB
SReclaimable:      56656 kB
SUnreclaim:       228256 kB
KernelStack:       18992 kB
PageTables:        70992 kB
SecPageTables:         0 kB
NFS_Unstable:          0 kB
Bounce:                0 kB
WritebackTmp:          0 kB
CommitLimit:     8258920 kB
Committed_AS:   12057592 kB
VmallocTotal:   34359738367 kB
VmallocUsed:       47288 kB
VmallocChunk:          0 kB
Percpu:            13280 kB
HardwareCorrupted:     0 kB
AnonHugePages:    303104 kB
ShmemHugePages:        0 kB
ShmemPmdMapped:        0 kB
FileHugePages:         0 kB
FilePmdMapped:         0 kB
CmaTotal:              0 kB
CmaFree:               0 kB
Unaccepted:            0 kB
Balloon:               0 kB
HugePages_Total:       0
HugePages_Free:        0
HugePages_Rsvd:        0
HugePages_Surp:        0
Hugepagesize:       2048 kB
Hugetlb:               0 kB
DirectMap4k:      194432 kB
DirectMap2M:     6096896 kB
DirectMap1G:     4194304 kB
---SNAPSHOT---
2026-04-27 01:50:29
MemTotal:        8129240 kB
MemFree:         3129568 kB
MemAvailable:    2858104 kB
Buffers:            6132 kB
Cached:          1336964 kB
SwapCached:        77952 kB
Active:          3658232 kB
Inactive:         639612 kB
Active(anon):    3521212 kB
Inactive(anon):   521128 kB
Active(file):     137020 kB
Inactive(file):   118484 kB
Unevictable:          16 kB
Mlocked:              16 kB
SwapTotal:       4194300 kB
SwapFree:        3995028 kB
Zswap:                 0 kB
Zswapped:              0 kB
Dirty:               208 kB
Writeback:             0 kB
AnonPages:       2881280 kB
Mapped:          1285412 kB
Shmem:           1087644 kB
KReclaimable:      56656 kB
Slab:             284908 kB
SReclaimable:      56656 kB
SUnreclaim:       228252 kB
KernelStack:       18992 kB
PageTables:        70600 kB
SecPageTables:         0 kB
NFS_Unstable:          0 kB
Bounce:                0 kB
WritebackTmp:          0 kB
CommitLimit:     8258920 kB
Committed_AS:   12057592 kB
VmallocTotal:   34359738367 kB
VmallocUsed:       47288 kB
VmallocChunk:          0 kB
Percpu:            13280 kB
HardwareCorrupted:     0 kB
AnonHugePages:    569344 kB
ShmemHugePages:        0 kB
ShmemPmdMapped:        0 kB
FileHugePages:         0 kB
FilePmdMapped:         0 kB
CmaTotal:              0 kB
CmaFree:               0 kB
Unaccepted:            0 kB
Balloon:               0 kB
HugePages_Total:       0
HugePages_Free:        0
HugePages_Rsvd:        0
HugePages_Surp:        0
Hugepagesize:       2048 kB
Hugetlb:               0 kB
DirectMap4k:      194432 kB
DirectMap2M:     6096896 kB
DirectMap1G:     4194304 kB
---SNAPSHOT---
2026-04-27 01:50:30
MemTotal:        8129240 kB
MemFree:         3377800 kB
MemAvailable:    3106408 kB
Buffers:            6132 kB
Cached:          1337100 kB
SwapCached:        77952 kB
Active:          3383632 kB
Inactive:         639756 kB
Active(anon):    3246612 kB
Inactive(anon):   521128 kB
Active(file):     137020 kB
Inactive(file):   118628 kB
Unevictable:          16 kB
Mlocked:              16 kB
SwapTotal:       4194300 kB
SwapFree:        3995028 kB
Zswap:                 0 kB
Zswapped:              0 kB
Dirty:               212 kB
Writeback:             0 kB
AnonPages:       2606872 kB
Mapped:          1285412 kB
Shmem:           1087644 kB
KReclaimable:      56656 kB
Slab:             284904 kB
SReclaimable:      56656 kB
SUnreclaim:       228248 kB
KernelStack:       18992 kB
PageTables:        70028 kB
SecPageTables:         0 kB
NFS_Unstable:          0 kB
Bounce:                0 kB
WritebackTmp:          0 kB
CommitLimit:     8258920 kB
Committed_AS:   12057376 kB
VmallocTotal:   34359738367 kB
VmallocUsed:       47304 kB
VmallocChunk:          0 kB
Percpu:            13280 kB
HardwareCorrupted:     0 kB
AnonHugePages:    294912 kB
ShmemHugePages:        0 kB
ShmemPmdMapped:        0 kB
FileHugePages:         0 kB
FilePmdMapped:         0 kB
CmaTotal:              0 kB
CmaFree:               0 kB
Unaccepted:            0 kB
Balloon:               0 kB
HugePages_Total:       0
HugePages_Free:        0
HugePages_Rsvd:        0
HugePages_Surp:        0
Hugepagesize:       2048 kB
Hugetlb:               0 kB
DirectMap4k:      194432 kB
DirectMap2M:     6096896 kB
DirectMap1G:     4194304 kB
---SNAPSHOT---
2026-04-27 01:50:31
MemTotal:        8129240 kB
MemFree:         2893028 kB
MemAvailable:    2621640 kB
Buffers:            6140 kB
Cached:          1337100 kB
SwapCached:        77952 kB
Active:          3898016 kB
Inactive:         639764 kB
Active(anon):    3760996 kB
Inactive(anon):   521128 kB
Active(file):     137020 kB
Inactive(file):   118636 kB
Unevictable:          16 kB
Mlocked:              16 kB
SwapTotal:       4194300 kB
SwapFree:        3995028 kB
Zswap:                 0 kB
Zswapped:              0 kB
Dirty:               220 kB
Writeback:             0 kB
AnonPages:       3121140 kB
Mapped:          1285412 kB
Shmem:           1087644 kB
KReclaimable:      56656 kB
Slab:             284900 kB
SReclaimable:      56656 kB
SUnreclaim:       228244 kB
KernelStack:       19052 kB
PageTables:        70856 kB
SecPageTables:         0 kB
NFS_Unstable:          0 kB
Bounce:                0 kB
WritebackTmp:          0 kB
CommitLimit:     8258920 kB
Committed_AS:   12057708 kB
VmallocTotal:   34359738367 kB
VmallocUsed:       47304 kB
VmallocChunk:          0 kB
Percpu:            13280 kB
HardwareCorrupted:     0 kB
AnonHugePages:    808960 kB
ShmemHugePages:        0 kB
ShmemPmdMapped:        0 kB
FileHugePages:         0 kB
FilePmdMapped:         0 kB
CmaTotal:              0 kB
CmaFree:               0 kB
Unaccepted:            0 kB
Balloon:               0 kB
HugePages_Total:       0
HugePages_Free:        0
HugePages_Rsvd:        0
HugePages_Surp:        0
Hugepagesize:       2048 kB
Hugetlb:               0 kB
DirectMap4k:      194432 kB
DirectMap2M:     6096896 kB
DirectMap1G:     4194304 kB
---SNAPSHOT---
2026-04-27 01:50:32
MemTotal:        8129240 kB
MemFree:         3138732 kB
MemAvailable:    2867352 kB
Buffers:            6144 kB
Cached:          1337112 kB
SwapCached:        77952 kB
Active:          3652088 kB
Inactive:         639780 kB
Active(anon):    3515068 kB
Inactive(anon):   521128 kB
Active(file):     137020 kB
Inactive(file):   118652 kB
Unevictable:          16 kB
Mlocked:              16 kB
SwapTotal:       4194300 kB
SwapFree:        3995028 kB
Zswap:                 0 kB
Zswapped:              0 kB
Dirty:               260 kB
Writeback:             0 kB
AnonPages:       2875160 kB
Mapped:          1285412 kB
Shmem:           1087644 kB
KReclaimable:      56656 kB
Slab:             284896 kB
SReclaimable:      56656 kB
SUnreclaim:       228240 kB
KernelStack:       19052 kB
PageTables:        70740 kB
SecPageTables:         0 kB
NFS_Unstable:          0 kB
Bounce:                0 kB
WritebackTmp:          0 kB
CommitLimit:     8258920 kB
Committed_AS:   12057700 kB
VmallocTotal:   34359738367 kB
VmallocUsed:       47304 kB
VmallocChunk:          0 kB
Percpu:            13280 kB
HardwareCorrupted:     0 kB
AnonHugePages:    563200 kB
ShmemHugePages:        0 kB
ShmemPmdMapped:        0 kB
FileHugePages:         0 kB
FilePmdMapped:         0 kB
CmaTotal:              0 kB
CmaFree:               0 kB
Unaccepted:            0 kB
Balloon:               0 kB
HugePages_Total:       0
HugePages_Free:        0
HugePages_Rsvd:        0
HugePages_Surp:        0
Hugepagesize:       2048 kB
Hugetlb:               0 kB
DirectMap4k:      194432 kB
DirectMap2M:     6096896 kB
DirectMap1G:     4194304 kB
---SNAPSHOT---
2026-04-27 01:50:33
MemTotal:        8129240 kB
MemFree:         2648300 kB
MemAvailable:    2376928 kB
Buffers:            6144 kB
Cached:          1337128 kB
SwapCached:        77952 kB
Active:          4143728 kB
Inactive:         639796 kB
Active(anon):    4006708 kB
Inactive(anon):   521128 kB
Active(file):     137020 kB
Inactive(file):   118668 kB
Unevictable:          16 kB
Mlocked:              16 kB
SwapTotal:       4194300 kB
SwapFree:        3995028 kB
Zswap:                 0 kB
Zswapped:              0 kB
Dirty:                64 kB
Writeback:             0 kB
AnonPages:       3366908 kB
Mapped:          1285412 kB
Shmem:           1087644 kB
KReclaimable:      56656 kB
Slab:             284920 kB
SReclaimable:      56656 kB
SUnreclaim:       228264 kB
KernelStack:       19052 kB
PageTables:        71184 kB
SecPageTables:         0 kB
NFS_Unstable:          0 kB
Bounce:                0 kB
WritebackTmp:          0 kB
CommitLimit:     8258920 kB
Committed_AS:   12057484 kB
VmallocTotal:   34359738367 kB
VmallocUsed:       47304 kB
VmallocChunk:          0 kB
Percpu:            13280 kB
HardwareCorrupted:     0 kB
AnonHugePages:   1054720 kB
ShmemHugePages:        0 kB
ShmemPmdMapped:        0 kB
FileHugePages:         0 kB
FilePmdMapped:         0 kB
CmaTotal:              0 kB
CmaFree:               0 kB
Unaccepted:            0 kB
Balloon:               0 kB
HugePages_Total:       0
HugePages_Free:        0
HugePages_Rsvd:        0
HugePages_Surp:        0
Hugepagesize:       2048 kB
Hugetlb:               0 kB
DirectMap4k:      194432 kB
DirectMap2M:     6096896 kB
DirectMap1G:     4194304 kB
---SNAPSHOT---
2026-04-27 01:50:34
MemTotal:        8129240 kB
MemFree:         2376296 kB
MemAvailable:    2104928 kB
Buffers:            6144 kB
Cached:          1337136 kB
SwapCached:        77952 kB
Active:          4414140 kB
Inactive:         639804 kB
Active(anon):    4277120 kB
Inactive(anon):   521128 kB
Active(file):     137020 kB
Inactive(file):   118676 kB
Unevictable:          16 kB
Mlocked:              16 kB
SwapTotal:       4194300 kB
SwapFree:        3995028 kB
Zswap:                 0 kB
Zswapped:              0 kB
Dirty:                72 kB
Writeback:             0 kB
AnonPages:       3637244 kB
Mapped:          1285640 kB
Shmem:           1087644 kB
KReclaimable:      56656 kB
Slab:             284920 kB
SReclaimable:      56656 kB
SUnreclaim:       228264 kB
KernelStack:       19052 kB
PageTables:        72092 kB
SecPageTables:         0 kB
NFS_Unstable:          0 kB
Bounce:                0 kB
WritebackTmp:          0 kB
CommitLimit:     8258920 kB
Committed_AS:   12057376 kB
VmallocTotal:   34359738367 kB
VmallocUsed:       47320 kB
VmallocChunk:          0 kB
Percpu:            13280 kB
HardwareCorrupted:     0 kB
AnonHugePages:   1325056 kB
ShmemHugePages:        0 kB
ShmemPmdMapped:        0 kB
FileHugePages:         0 kB
FilePmdMapped:         0 kB
CmaTotal:              0 kB
CmaFree:               0 kB
Unaccepted:            0 kB
Balloon:               0 kB
HugePages_Total:       0
HugePages_Free:        0
HugePages_Rsvd:        0
HugePages_Surp:        0
Hugepagesize:       2048 kB
Hugetlb:               0 kB
DirectMap4k:      194432 kB
DirectMap2M:     6096896 kB
DirectMap1G:     4194304 kB
---SNAPSHOT---
2026-04-27 01:50:35
MemTotal:        8129240 kB
MemFree:         2891684 kB
MemAvailable:    2620316 kB
Buffers:            6144 kB
Cached:          1337140 kB
SwapCached:        77952 kB
Active:          3902076 kB
Inactive:         639804 kB
Active(anon):    3765056 kB
Inactive(anon):   521128 kB
Active(file):     137020 kB
Inactive(file):   118676 kB
Unevictable:          16 kB
Mlocked:              16 kB
SwapTotal:       4194300 kB
SwapFree:        3995028 kB
Zswap:                 0 kB
Zswapped:              0 kB
Dirty:                76 kB
Writeback:             0 kB
AnonPages:       3125020 kB
Mapped:          1285412 kB
Shmem:           1087644 kB
KReclaimable:      56656 kB
Slab:             284912 kB
SReclaimable:      56656 kB
SUnreclaim:       228256 kB
KernelStack:       19052 kB
PageTables:        70980 kB
SecPageTables:         0 kB
NFS_Unstable:          0 kB
Bounce:                0 kB
WritebackTmp:          0 kB
CommitLimit:     8258920 kB
Committed_AS:   12057028 kB
VmallocTotal:   34359738367 kB
VmallocUsed:       47336 kB
VmallocChunk:          0 kB
Percpu:            13280 kB
HardwareCorrupted:     0 kB
AnonHugePages:    813056 kB
ShmemHugePages:        0 kB
ShmemPmdMapped:        0 kB
FileHugePages:         0 kB
FilePmdMapped:         0 kB
CmaTotal:              0 kB
CmaFree:               0 kB
Unaccepted:            0 kB
Balloon:               0 kB
HugePages_Total:       0
HugePages_Free:        0
HugePages_Rsvd:        0
HugePages_Surp:        0
Hugepagesize:       2048 kB
Hugetlb:               0 kB
DirectMap4k:      194432 kB
DirectMap2M:     6096896 kB
DirectMap1G:     4194304 kB
---SNAPSHOT---
2026-04-27 01:50:36
MemTotal:        8129240 kB
MemFree:         3301556 kB
MemAvailable:    3030192 kB
Buffers:            6152 kB
Cached:          1337136 kB
SwapCached:        77952 kB
Active:          3473952 kB
Inactive:         639808 kB
Active(anon):    3336932 kB
Inactive(anon):   521128 kB
Active(file):     137020 kB
Inactive(file):   118680 kB
Unevictable:          16 kB
Mlocked:              16 kB
SwapTotal:       4194300 kB
SwapFree:        3995028 kB
Zswap:                 0 kB
Zswapped:              0 kB
Dirty:                80 kB
Writeback:             0 kB
AnonPages:       2697316 kB
Mapped:          1285412 kB
Shmem:           1087644 kB
KReclaimable:      56656 kB
Slab:             284912 kB
SReclaimable:      56656 kB
SUnreclaim:       228256 kB
KernelStack:       19052 kB
PageTables:        69996 kB
SecPageTables:         0 kB
NFS_Unstable:          0 kB
Bounce:                0 kB
WritebackTmp:          0 kB
CommitLimit:     8258920 kB
Committed_AS:   12057376 kB
VmallocTotal:   34359738367 kB
VmallocUsed:       47320 kB
VmallocChunk:          0 kB
Percpu:            13280 kB
HardwareCorrupted:     0 kB
AnonHugePages:    385024 kB
ShmemHugePages:        0 kB
ShmemPmdMapped:        0 kB
FileHugePages:         0 kB
FilePmdMapped:         0 kB
CmaTotal:              0 kB
CmaFree:               0 kB
Unaccepted:            0 kB
Balloon:               0 kB
HugePages_Total:       0
HugePages_Free:        0
HugePages_Rsvd:        0
HugePages_Surp:        0
Hugepagesize:       2048 kB
Hugetlb:               0 kB
DirectMap4k:      194432 kB
DirectMap2M:     6096896 kB
DirectMap1G:     4194304 kB
---SNAPSHOT---
2026-04-27 01:50:37
MemTotal:        8129240 kB
MemFree:         2783536 kB
MemAvailable:    2512180 kB
Buffers:            6152 kB
Cached:          1337152 kB
SwapCached:        77952 kB
Active:          4010540 kB
Inactive:         639828 kB
Active(anon):    3873520 kB
Inactive(anon):   521128 kB
Active(file):     137020 kB
Inactive(file):   118700 kB
Unevictable:          16 kB
Mlocked:              16 kB
SwapTotal:       4194300 kB
SwapFree:        3995028 kB
Zswap:                 0 kB
Zswapped:              0 kB
Dirty:               100 kB
Writeback:             0 kB
AnonPages:       3233660 kB
Mapped:          1285412 kB
Shmem:           1087644 kB
KReclaimable:      56656 kB
Slab:             284908 kB
SReclaimable:      56656 kB
SUnreclaim:       228252 kB
KernelStack:       19052 kB
PageTables:        71024 kB
SecPageTables:         0 kB
NFS_Unstable:          0 kB
Bounce:                0 kB
WritebackTmp:          0 kB
CommitLimit:     8258920 kB
Committed_AS:   12057464 kB
VmallocTotal:   34359738367 kB
VmallocUsed:       47336 kB
VmallocChunk:          0 kB
Percpu:            13280 kB
HardwareCorrupted:     0 kB
AnonHugePages:    927744 kB
ShmemHugePages:        0 kB
ShmemPmdMapped:        0 kB
FileHugePages:         0 kB
FilePmdMapped:         0 kB
CmaTotal:              0 kB
CmaFree:               0 kB
Unaccepted:            0 kB
Balloon:               0 kB
HugePages_Total:       0
HugePages_Free:        0
HugePages_Rsvd:        0
HugePages_Surp:        0
Hugepagesize:       2048 kB
Hugetlb:               0 kB
DirectMap4k:      194432 kB
DirectMap2M:     6096896 kB
DirectMap1G:     4194304 kB
---SNAPSHOT---
2026-04-27 01:50:38
MemTotal:        8129240 kB
MemFree:         3006112 kB
MemAvailable:    2734760 kB
Buffers:            6152 kB
Cached:          1337156 kB
SwapCached:        77952 kB
Active:          3774888 kB
Inactive:         639832 kB
Active(anon):    3637868 kB
Inactive(anon):   521128 kB
Active(file):     137020 kB
Inactive(file):   118704 kB
Unevictable:          16 kB
Mlocked:              16 kB
SwapTotal:       4194300 kB
SwapFree:        3995028 kB
Zswap:                 0 kB
Zswapped:              0 kB
Dirty:                92 kB
Writeback:             0 kB
AnonPages:       2998180 kB
Mapped:          1285412 kB
Shmem:           1087644 kB
KReclaimable:      56656 kB
Slab:             284896 kB
SReclaimable:      56656 kB
SUnreclaim:       228240 kB
KernelStack:       19036 kB
PageTables:        70708 kB
SecPageTables:         0 kB
NFS_Unstable:          0 kB
Bounce:                0 kB
WritebackTmp:          0 kB
CommitLimit:     8258920 kB
Committed_AS:   12057368 kB
VmallocTotal:   34359738367 kB
VmallocUsed:       47352 kB
VmallocChunk:          0 kB
Percpu:            13280 kB
HardwareCorrupted:     0 kB
AnonHugePages:    692224 kB
ShmemHugePages:        0 kB
ShmemPmdMapped:        0 kB
FileHugePages:         0 kB
FilePmdMapped:         0 kB
CmaTotal:              0 kB
CmaFree:               0 kB
Unaccepted:            0 kB
Balloon:               0 kB
HugePages_Total:       0
HugePages_Free:        0
HugePages_Rsvd:        0
HugePages_Surp:        0
Hugepagesize:       2048 kB
Hugetlb:               0 kB
DirectMap4k:      194432 kB
DirectMap2M:     6096896 kB
DirectMap1G:     4194304 kB
---SNAPSHOT---
2026-04-27 01:50:39
MemTotal:        8129240 kB
MemFree:         3228976 kB
MemAvailable:    2957624 kB
Buffers:            6152 kB
Cached:          1337164 kB
SwapCached:        77952 kB
Active:          3539688 kB
Inactive:         639836 kB
Active(anon):    3402668 kB
Inactive(anon):   521128 kB
Active(file):     137020 kB
Inactive(file):   118708 kB
Unevictable:          16 kB
Mlocked:              16 kB
SwapTotal:       4194300 kB
SwapFree:        3995028 kB
Zswap:                 0 kB
Zswapped:              0 kB
Dirty:               100 kB
Writeback:             0 kB
AnonPages:       2762620 kB
Mapped:          1285412 kB
Shmem:           1087644 kB
KReclaimable:      56656 kB
Slab:             284900 kB
SReclaimable:      56656 kB
SUnreclaim:       228244 kB
KernelStack:       18992 kB
PageTables:        69972 kB
SecPageTables:         0 kB
NFS_Unstable:          0 kB
Bounce:                0 kB
WritebackTmp:          0 kB
CommitLimit:     8258920 kB
Committed_AS:   12057212 kB
VmallocTotal:   34359738367 kB
VmallocUsed:       47304 kB
VmallocChunk:          0 kB
Percpu:            13280 kB
HardwareCorrupted:     0 kB
AnonHugePages:    456704 kB
ShmemHugePages:        0 kB
ShmemPmdMapped:        0 kB
FileHugePages:         0 kB
FilePmdMapped:         0 kB
CmaTotal:              0 kB
CmaFree:               0 kB
Unaccepted:            0 kB
Balloon:               0 kB
HugePages_Total:       0
HugePages_Free:        0
HugePages_Rsvd:        0
HugePages_Surp:        0
Hugepagesize:       2048 kB
Hugetlb:               0 kB
DirectMap4k:      194432 kB
DirectMap2M:     6096896 kB
DirectMap1G:     4194304 kB
---SNAPSHOT---
2026-04-27 01:50:40
MemTotal:        8129240 kB
MemFree:         2721500 kB
MemAvailable:    2450152 kB
Buffers:            6152 kB
Cached:          1337168 kB
SwapCached:        77952 kB
Active:          4068160 kB
Inactive:         639844 kB
Active(anon):    3931140 kB
Inactive(anon):   521128 kB
Active(file):     137020 kB
Inactive(file):   118716 kB
Unevictable:          16 kB
Mlocked:              16 kB
SwapTotal:       4194300 kB
SwapFree:        3995028 kB
Zswap:                 0 kB
Zswapped:              0 kB
Dirty:               104 kB
Writeback:             0 kB
AnonPages:       3291240 kB
Mapped:          1285412 kB
Shmem:           1087644 kB
KReclaimable:      56656 kB
Slab:             284912 kB
SReclaimable:      56656 kB
SUnreclaim:       228256 kB
KernelStack:       19052 kB
PageTables:        71120 kB
SecPageTables:         0 kB
NFS_Unstable:          0 kB
Bounce:                0 kB
WritebackTmp:          0 kB
CommitLimit:     8258920 kB
Committed_AS:   12057256 kB
VmallocTotal:   34359738367 kB
VmallocUsed:       47320 kB
VmallocChunk:          0 kB
Percpu:            13280 kB
HardwareCorrupted:     0 kB
AnonHugePages:    985088 kB
ShmemHugePages:        0 kB
ShmemPmdMapped:        0 kB
FileHugePages:         0 kB
FilePmdMapped:         0 kB
CmaTotal:              0 kB
CmaFree:               0 kB
Unaccepted:            0 kB
Balloon:               0 kB
HugePages_Total:       0
HugePages_Free:        0
HugePages_Rsvd:        0
HugePages_Surp:        0
Hugepagesize:       2048 kB
Hugetlb:               0 kB
DirectMap4k:      194432 kB
DirectMap2M:     6096896 kB
DirectMap1G:     4194304 kB
---SNAPSHOT---
2026-04-27 01:50:41
MemTotal:        8129240 kB
MemFree:         2952424 kB
MemAvailable:    2681076 kB
Buffers:            6160 kB
Cached:          1337168 kB
SwapCached:        77952 kB
Active:          3834312 kB
Inactive:         639844 kB
Active(anon):    3697292 kB
Inactive(anon):   521128 kB
Active(file):     137020 kB
Inactive(file):   118716 kB
Unevictable:          16 kB
Mlocked:              16 kB
SwapTotal:       4194300 kB
SwapFree:        3995028 kB
Zswap:                 0 kB
Zswapped:              0 kB
Dirty:               112 kB
Writeback:             0 kB
AnonPages:       3057528 kB
Mapped:          1285412 kB
Shmem:           1087644 kB
KReclaimable:      56656 kB
Slab:             284896 kB
SReclaimable:      56656 kB
SUnreclaim:       228240 kB
KernelStack:       18992 kB
PageTables:        70540 kB
SecPageTables:         0 kB
NFS_Unstable:          0 kB
Bounce:                0 kB
WritebackTmp:          0 kB
CommitLimit:     8258920 kB
Committed_AS:   12057592 kB
VmallocTotal:   34359738367 kB
VmallocUsed:       47304 kB
VmallocChunk:          0 kB
Percpu:            13280 kB
HardwareCorrupted:     0 kB
AnonHugePages:    751616 kB
ShmemHugePages:        0 kB
ShmemPmdMapped:        0 kB
FileHugePages:         0 kB
FilePmdMapped:         0 kB
CmaTotal:              0 kB
CmaFree:               0 kB
Unaccepted:            0 kB
Balloon:               0 kB
HugePages_Total:       0
HugePages_Free:        0
HugePages_Rsvd:        0
HugePages_Surp:        0
Hugepagesize:       2048 kB
Hugetlb:               0 kB
DirectMap4k:      194432 kB
DirectMap2M:     6096896 kB
DirectMap1G:     4194304 kB
---SNAPSHOT---
2026-04-27 01:50:42
MemTotal:        8129240 kB
MemFree:         3185140 kB
MemAvailable:    2913804 kB
Buffers:            6160 kB
Cached:          1337184 kB
SwapCached:        77952 kB
Active:          3586728 kB
Inactive:         639864 kB
Active(anon):    3449708 kB
Inactive(anon):   521128 kB
Active(file):     137020 kB
Inactive(file):   118736 kB
Unevictable:          16 kB
Mlocked:              16 kB
SwapTotal:       4194300 kB
SwapFree:        3995028 kB
Zswap:                 0 kB
Zswapped:              0 kB
Dirty:               136 kB
Writeback:             0 kB
AnonPages:       2809496 kB
Mapped:          1285412 kB
Shmem:           1087644 kB
KReclaimable:      56656 kB
Slab:             284852 kB
SReclaimable:      56656 kB
SUnreclaim:       228196 kB
KernelStack:       18992 kB
PageTables:        70048 kB
SecPageTables:         0 kB
NFS_Unstable:          0 kB
Bounce:                0 kB
WritebackTmp:          0 kB
CommitLimit:     8258920 kB
Committed_AS:   12057708 kB
VmallocTotal:   34359738367 kB
VmallocUsed:       47304 kB
VmallocChunk:          0 kB
Percpu:            13280 kB
HardwareCorrupted:     0 kB
AnonHugePages:    503808 kB
ShmemHugePages:        0 kB
ShmemPmdMapped:        0 kB
FileHugePages:         0 kB
FilePmdMapped:         0 kB
CmaTotal:              0 kB
CmaFree:               0 kB
Unaccepted:            0 kB
Balloon:               0 kB
HugePages_Total:       0
HugePages_Free:        0
HugePages_Rsvd:        0
HugePages_Surp:        0
Hugepagesize:       2048 kB
Hugetlb:               0 kB
DirectMap4k:      194432 kB
DirectMap2M:     6096896 kB
DirectMap1G:     4194304 kB
---SNAPSHOT---
2026-04-27 01:50:43
MemTotal:        8129240 kB
MemFree:         2667904 kB
MemAvailable:    2396572 kB
Buffers:            6160 kB
Cached:          1337188 kB
SwapCached:        77952 kB
Active:          4121024 kB
Inactive:         639872 kB
Active(anon):    3984004 kB
Inactive(anon):   521128 kB
Active(file):     137020 kB
Inactive(file):   118744 kB
Unevictable:          16 kB
Mlocked:              16 kB
SwapTotal:       4194300 kB
SwapFree:        3995028 kB
Zswap:                 0 kB
Zswapped:              0 kB
Dirty:               140 kB
Writeback:             0 kB
AnonPages:       3344144 kB
Mapped:          1285412 kB
Shmem:           1087644 kB
KReclaimable:      56656 kB
Slab:             284852 kB
SReclaimable:      56656 kB
SUnreclaim:       228196 kB
KernelStack:       18976 kB
PageTables:        70936 kB
SecPageTables:         0 kB
NFS_Unstable:          0 kB
Bounce:                0 kB
WritebackTmp:          0 kB
CommitLimit:     8258920 kB
Committed_AS:   12057732 kB
VmallocTotal:   34359738367 kB
VmallocUsed:       47304 kB
VmallocChunk:          0 kB
Percpu:            13280 kB
HardwareCorrupted:     0 kB
AnonHugePages:   1038336 kB
ShmemHugePages:        0 kB
ShmemPmdMapped:        0 kB
FileHugePages:         0 kB
FilePmdMapped:         0 kB
CmaTotal:              0 kB
CmaFree:               0 kB
Unaccepted:            0 kB
Balloon:               0 kB
HugePages_Total:       0
HugePages_Free:        0
HugePages_Rsvd:        0
HugePages_Surp:        0
Hugepagesize:       2048 kB
Hugetlb:               0 kB
DirectMap4k:      194432 kB
DirectMap2M:     6096896 kB
DirectMap1G:     4194304 kB
---SNAPSHOT---
2026-04-27 01:50:44
MemTotal:        8129240 kB
MemFree:         2241824 kB
MemAvailable:    1970496 kB
Buffers:            6160 kB
Cached:          1337196 kB
SwapCached:       335136 kB
Active:          4287040 kB
Inactive:         895468 kB
Active(anon):    4150020 kB
Inactive(anon):   776716 kB
Active(file):     137020 kB
Inactive(file):   118752 kB
Unevictable:          16 kB
Mlocked:              16 kB
SwapTotal:       4194300 kB
SwapFree:        3737784 kB
Zswap:                 0 kB
Zswapped:              0 kB
Dirty:               148 kB
Writeback:          1140 kB
AnonPages:       3510280 kB
Mapped:          1285412 kB
Shmem:           1087644 kB
KReclaimable:      56656 kB
Slab:             284856 kB
SReclaimable:      56656 kB
SUnreclaim:       228200 kB
KernelStack:       18992 kB
PageTables:        71740 kB
SecPageTables:         0 kB
NFS_Unstable:          0 kB
Bounce:                0 kB
WritebackTmp:          0 kB
CommitLimit:     8258920 kB
Committed_AS:   12057480 kB
VmallocTotal:   34359738367 kB
VmallocUsed:       47256 kB
VmallocChunk:          0 kB
Percpu:            13280 kB
HardwareCorrupted:     0 kB
AnonHugePages:   1202176 kB
ShmemHugePages:        0 kB
ShmemPmdMapped:        0 kB
FileHugePages:         0 kB
FilePmdMapped:         0 kB
CmaTotal:              0 kB
CmaFree:               0 kB
Unaccepted:            0 kB
Balloon:               0 kB
HugePages_Total:       0
HugePages_Free:        0
HugePages_Rsvd:        0
HugePages_Surp:        0
Hugepagesize:       2048 kB
Hugetlb:               0 kB
DirectMap4k:      194432 kB
DirectMap2M:     6096896 kB
DirectMap1G:     4194304 kB
---SNAPSHOT---
2026-04-27 01:50:45
MemTotal:        8129240 kB
MemFree:         2716940 kB
MemAvailable:    2445612 kB
Buffers:            6160 kB
Cached:          1337204 kB
SwapCached:       779396 kB
Active:          3361088 kB
Inactive:        1321760 kB
Active(anon):    3224068 kB
Inactive(anon):  1203008 kB
Active(file):     137020 kB
Inactive(file):   118752 kB
Unevictable:          16 kB
Mlocked:              16 kB
SwapTotal:       4194300 kB
SwapFree:        3293584 kB
Zswap:                 0 kB
Zswapped:              0 kB
Dirty:               156 kB
Writeback:         19564 kB
AnonPages:       2566296 kB
Mapped:          1285412 kB
Shmem:           1087644 kB
KReclaimable:      56656 kB
Slab:             286088 kB
SReclaimable:      56656 kB
SUnreclaim:       229432 kB
KernelStack:       18992 kB
PageTables:        70860 kB
SecPageTables:         0 kB
NFS_Unstable:          0 kB
Bounce:                0 kB
WritebackTmp:          0 kB
CommitLimit:     8258920 kB
Committed_AS:   12057876 kB
VmallocTotal:   34359738367 kB
VmallocUsed:       47272 kB
VmallocChunk:          0 kB
Percpu:            13280 kB
HardwareCorrupted:     0 kB
AnonHugePages:    258048 kB
ShmemHugePages:        0 kB
ShmemPmdMapped:        0 kB
FileHugePages:         0 kB
FilePmdMapped:         0 kB
CmaTotal:              0 kB
CmaFree:               0 kB
Unaccepted:            0 kB
Balloon:               0 kB
HugePages_Total:       0
HugePages_Free:        0
HugePages_Rsvd:        0
HugePages_Surp:        0
Hugepagesize:       2048 kB
Hugetlb:               0 kB
DirectMap4k:      194432 kB
DirectMap2M:     6096896 kB
DirectMap1G:     4194304 kB
---SNAPSHOT---
2026-04-27 01:50:46
MemTotal:        8129240 kB
MemFree:         2324336 kB
MemAvailable:    2053016 kB
Buffers:            6168 kB
Cached:          1337204 kB
SwapCached:       794756 kB
Active:          3766728 kB
Inactive:        1342320 kB
Active(anon):    3629708 kB
Inactive(anon):  1223552 kB
Active(file):     137020 kB
Inactive(file):   118768 kB
Unevictable:          16 kB
Mlocked:              16 kB
SwapTotal:       4194300 kB
SwapFree:        3278224 kB
Zswap:                 0 kB
Zswapped:              0 kB
Dirty:               160 kB
Writeback:         14380 kB
AnonPages:       2976812 kB
Mapped:          1285512 kB
Shmem:           1087644 kB
KReclaimable:      56656 kB
Slab:             286068 kB
SReclaimable:      56656 kB
SUnreclaim:       229412 kB
KernelStack:       18976 kB
PageTables:        71592 kB
SecPageTables:         0 kB
NFS_Unstable:          0 kB
Bounce:                0 kB
WritebackTmp:          0 kB
CommitLimit:     8258920 kB
Committed_AS:   12058228 kB
VmallocTotal:   34359738367 kB
VmallocUsed:       47272 kB
VmallocChunk:          0 kB
Percpu:            13280 kB
HardwareCorrupted:     0 kB
AnonHugePages:    667648 kB
ShmemHugePages:        0 kB
ShmemPmdMapped:        0 kB
FileHugePages:         0 kB
FilePmdMapped:         0 kB
CmaTotal:              0 kB
CmaFree:               0 kB
Unaccepted:            0 kB
Balloon:               0 kB
HugePages_Total:       0
HugePages_Free:        0
HugePages_Rsvd:        0
HugePages_Surp:        0
Hugepagesize:       2048 kB
Hugetlb:               0 kB
DirectMap4k:      194432 kB
DirectMap2M:     6096896 kB
DirectMap1G:     4194304 kB
---SNAPSHOT---
2026-04-27 01:50:47
MemTotal:        8129240 kB
MemFree:         2159976 kB
MemAvailable:    1888660 kB
Buffers:            6168 kB
Cached:          1337216 kB
SwapCached:       820872 kB
Active:          3902700 kB
Inactive:        1371908 kB
Active(anon):    3765680 kB
Inactive(anon):  1253132 kB
Active(file):     137020 kB
Inactive(file):   118776 kB
Unevictable:          16 kB
Mlocked:              16 kB
SwapTotal:       4194300 kB
SwapFree:        3252108 kB
Zswap:                 0 kB
Zswapped:              0 kB
Dirty:               168 kB
Writeback:         10812 kB
AnonPages:       3118560 kB
Mapped:          1285640 kB
Shmem:           1087644 kB
KReclaimable:      56656 kB
Slab:             285680 kB
SReclaimable:      56656 kB
SUnreclaim:       229024 kB
KernelStack:       18960 kB
PageTables:        72288 kB
SecPageTables:         0 kB
NFS_Unstable:          0 kB
Bounce:                0 kB
WritebackTmp:          0 kB
CommitLimit:     8258920 kB
Committed_AS:   12057236 kB
VmallocTotal:   34359738367 kB
VmallocUsed:       47304 kB
VmallocChunk:          0 kB
Percpu:            13280 kB
HardwareCorrupted:     0 kB
AnonHugePages:    808960 kB
ShmemHugePages:        0 kB
ShmemPmdMapped:        0 kB
FileHugePages:         0 kB
FilePmdMapped:         0 kB
CmaTotal:              0 kB
CmaFree:               0 kB
Unaccepted:            0 kB
Balloon:               0 kB
HugePages_Total:       0
HugePages_Free:        0
HugePages_Rsvd:        0
HugePages_Surp:        0
Hugepagesize:       2048 kB
Hugetlb:               0 kB
DirectMap4k:      194432 kB
DirectMap2M:     6096896 kB
DirectMap1G:     4194304 kB
---SNAPSHOT---
2026-04-27 01:50:48
MemTotal:        8129240 kB
MemFree:         2162848 kB
MemAvailable:    1891536 kB
Buffers:            6168 kB
Cached:          1337220 kB
SwapCached:       821020 kB
Active:          3894744 kB
Inactive:        1380100 kB
Active(anon):    3757724 kB
Inactive(anon):  1261316 kB
Active(file):     137020 kB
Inactive(file):   118784 kB
Unevictable:          16 kB
Mlocked:              16 kB
SwapTotal:       4194300 kB
SwapFree:        3251960 kB
Zswap:                 0 kB
Zswapped:              0 kB
Dirty:               172 kB
Writeback:          2768 kB
AnonPages:       3118588 kB
Mapped:          1285412 kB
Shmem:           1087644 kB
KReclaimable:      56656 kB
Slab:             285176 kB
SReclaimable:      56656 kB
SUnreclaim:       228520 kB
KernelStack:       19052 kB
PageTables:        72108 kB
SecPageTables:         0 kB
NFS_Unstable:          0 kB
Bounce:                0 kB
WritebackTmp:          0 kB
CommitLimit:     8258920 kB
Committed_AS:   12057728 kB
VmallocTotal:   34359738367 kB
VmallocUsed:       47320 kB
VmallocChunk:          0 kB
Percpu:            13280 kB
HardwareCorrupted:     0 kB
AnonHugePages:    808960 kB
ShmemHugePages:        0 kB
ShmemPmdMapped:        0 kB
FileHugePages:         0 kB
FilePmdMapped:         0 kB
CmaTotal:              0 kB
CmaFree:               0 kB
Unaccepted:            0 kB
Balloon:               0 kB
HugePages_Total:       0
HugePages_Free:        0
HugePages_Rsvd:        0
HugePages_Surp:        0
Hugepagesize:       2048 kB
Hugetlb:               0 kB
DirectMap4k:      194432 kB
DirectMap2M:     6096896 kB
DirectMap1G:     4194304 kB
---SNAPSHOT---
2026-04-27 01:50:49
MemTotal:        8129240 kB
MemFree:         2168212 kB
MemAvailable:    1896904 kB
Buffers:            6168 kB
Cached:          1337228 kB
SwapCached:       823748 kB
Active:          3891596 kB
Inactive:        1383244 kB
Active(anon):    3754576 kB
Inactive(anon):  1264452 kB
Active(file):     137020 kB
Inactive(file):   118792 kB
Unevictable:          16 kB
Mlocked:              16 kB
SwapTotal:       4194300 kB
SwapFree:        3249232 kB
Zswap:                 0 kB
Zswapped:              0 kB
Dirty:               180 kB
Writeback:           268 kB
AnonPages:       3115860 kB
Mapped:          1285412 kB
Shmem:           1087644 kB
KReclaimable:      56656 kB
Slab:             284860 kB
SReclaimable:      56656 kB
SUnreclaim:       228204 kB
KernelStack:       18992 kB
PageTables:        72108 kB
SecPageTables:         0 kB
NFS_Unstable:          0 kB
Bounce:                0 kB
WritebackTmp:          0 kB
CommitLimit:     8258920 kB
Committed_AS:   12057864 kB
VmallocTotal:   34359738367 kB
VmallocUsed:       47304 kB
VmallocChunk:          0 kB
Percpu:            13280 kB
HardwareCorrupted:     0 kB
AnonHugePages:    806912 kB
ShmemHugePages:        0 kB
ShmemPmdMapped:        0 kB
FileHugePages:         0 kB
FilePmdMapped:         0 kB
CmaTotal:              0 kB
CmaFree:               0 kB
Unaccepted:            0 kB
Balloon:               0 kB
HugePages_Total:       0
HugePages_Free:        0
HugePages_Rsvd:        0
HugePages_Surp:        0
Hugepagesize:       2048 kB
Hugetlb:               0 kB
DirectMap4k:      194432 kB
DirectMap2M:     6096896 kB
DirectMap1G:     4194304 kB
---SNAPSHOT---
2026-04-27 01:50:50
MemTotal:        8129240 kB
MemFree:         2171836 kB
MemAvailable:    1900528 kB
Buffers:            6168 kB
Cached:          1337232 kB
SwapCached:       834164 kB
Active:          3879312 kB
Inactive:        1395232 kB
Active(anon):    3742292 kB
Inactive(anon):  1276436 kB
Active(file):     137020 kB
Inactive(file):   118796 kB
Unevictable:          16 kB
Mlocked:              16 kB
SwapTotal:       4194300 kB
SwapFree:        3238776 kB
Zswap:                 0 kB
Zswapped:              0 kB
Dirty:               184 kB
Writeback:           720 kB
AnonPages:       3105300 kB
Mapped:          1285412 kB
Shmem:           1087644 kB
KReclaimable:      56656 kB
Slab:             284856 kB
SReclaimable:      56656 kB
SUnreclaim:       228200 kB
KernelStack:       18976 kB
PageTables:        72044 kB
SecPageTables:         0 kB
NFS_Unstable:          0 kB
Bounce:                0 kB
WritebackTmp:          0 kB
CommitLimit:     8258920 kB
Committed_AS:   12057728 kB
VmallocTotal:   34359738367 kB
VmallocUsed:       47256 kB
VmallocChunk:          0 kB
Percpu:            13280 kB
HardwareCorrupted:     0 kB
AnonHugePages:    794624 kB
ShmemHugePages:        0 kB
ShmemPmdMapped:        0 kB
FileHugePages:         0 kB
FilePmdMapped:         0 kB
CmaTotal:              0 kB
CmaFree:               0 kB
Unaccepted:            0 kB
Balloon:               0 kB
HugePages_Total:       0
HugePages_Free:        0
HugePages_Rsvd:        0
HugePages_Surp:        0
Hugepagesize:       2048 kB
Hugetlb:               0 kB
DirectMap4k:      194432 kB
DirectMap2M:     6096896 kB
DirectMap1G:     4194304 kB
---SNAPSHOT---
2026-04-27 01:50:51
MemTotal:        8129240 kB
MemFree:         2799096 kB
MemAvailable:    2527788 kB
Buffers:            6176 kB
Cached:          1337236 kB
SwapCached:       537128 kB
Active:          3523308 kB
Inactive:        1097960 kB
Active(anon):    3386288 kB
Inactive(anon):   979164 kB
Active(file):     137020 kB
Inactive(file):   118796 kB
Unevictable:          16 kB
Mlocked:              16 kB
SwapTotal:       4194300 kB
SwapFree:        3535664 kB
Zswap:                 0 kB
Zswapped:              0 kB
Dirty:               188 kB
Writeback:          1080 kB
AnonPages:       2747068 kB
Mapped:          1285412 kB
Shmem:           1087644 kB
KReclaimable:      56656 kB
Slab:             284920 kB
SReclaimable:      56656 kB
SUnreclaim:       228264 kB
KernelStack:       18992 kB
PageTables:        70684 kB
SecPageTables:         0 kB
NFS_Unstable:          0 kB
Bounce:                0 kB
WritebackTmp:          0 kB
CommitLimit:     8258920 kB
Committed_AS:   12057980 kB
VmallocTotal:   34359738367 kB
VmallocUsed:       47256 kB
VmallocChunk:          0 kB
Percpu:            13280 kB
HardwareCorrupted:     0 kB
AnonHugePages:    438272 kB
ShmemHugePages:        0 kB
ShmemPmdMapped:        0 kB
FileHugePages:         0 kB
FilePmdMapped:         0 kB
CmaTotal:              0 kB
CmaFree:               0 kB
Unaccepted:            0 kB
Balloon:               0 kB
HugePages_Total:       0
HugePages_Free:        0
HugePages_Rsvd:        0
HugePages_Surp:        0
Hugepagesize:       2048 kB
Hugetlb:               0 kB
DirectMap4k:      194432 kB
DirectMap2M:     6096896 kB
DirectMap1G:     4194304 kB
---SNAPSHOT---
2026-04-27 01:50:52
MemTotal:        8129240 kB
MemFree:         2531060 kB
MemAvailable:    2259760 kB
Buffers:            6176 kB
Cached:          1337244 kB
SwapCached:       673412 kB
Active:          3677896 kB
Inactive:        1212168 kB
Active(anon):    3540876 kB
Inactive(anon):  1093356 kB
Active(file):     137020 kB
Inactive(file):   118812 kB
Unevictable:          16 kB
Mlocked:              16 kB
SwapTotal:       4194300 kB
SwapFree:        3399568 kB
Zswap:                 0 kB
Zswapped:              0 kB
Dirty:               196 kB
Writeback:         23156 kB
AnonPages:       2878868 kB
Mapped:          1285640 kB
Shmem:           1087644 kB
KReclaimable:      56656 kB
Slab:             286332 kB
SReclaimable:      56656 kB
SUnreclaim:       229676 kB
KernelStack:       19008 kB
PageTables:        71656 kB
SecPageTables:         0 kB
NFS_Unstable:          0 kB
Bounce:                0 kB
WritebackTmp:          0 kB
CommitLimit:     8258920 kB
Committed_AS:   12057540 kB
VmallocTotal:   34359738367 kB
VmallocUsed:       47240 kB
VmallocChunk:          0 kB
Percpu:            13280 kB
HardwareCorrupted:     0 kB
AnonHugePages:    571392 kB
ShmemHugePages:        0 kB
ShmemPmdMapped:        0 kB
FileHugePages:         0 kB
FilePmdMapped:         0 kB
CmaTotal:              0 kB
CmaFree:               0 kB
Unaccepted:            0 kB
Balloon:               0 kB
HugePages_Total:       0
HugePages_Free:        0
HugePages_Rsvd:        0
HugePages_Surp:        0
Hugepagesize:       2048 kB
Hugetlb:               0 kB
DirectMap4k:      194432 kB
DirectMap2M:     6096896 kB
DirectMap1G:     4194304 kB
---SNAPSHOT---
2026-04-27 01:50:53
MemTotal:        8129240 kB
MemFree:         2268916 kB
MemAvailable:    1997620 kB
Buffers:            6176 kB
Cached:          1337248 kB
SwapCached:       840324 kB
Active:          3764568 kB
Inactive:        1389304 kB
Active(anon):    3627548 kB
Inactive(anon):  1270484 kB
Active(file):     137020 kB
Inactive(file):   118820 kB
Unevictable:          16 kB
Mlocked:              16 kB
SwapTotal:       4194300 kB
SwapFree:        3232656 kB
Zswap:                 0 kB
Zswapped:              0 kB
Dirty:               200 kB
Writeback:         12952 kB
AnonPages:       2976304 kB
Mapped:          1285412 kB
Shmem:           1087644 kB
KReclaimable:      56656 kB
Slab:             285868 kB
SReclaimable:      56656 kB
SUnreclaim:       229212 kB
KernelStack:       18976 kB
PageTables:        71728 kB
SecPageTables:         0 kB
NFS_Unstable:          0 kB
Bounce:                0 kB
WritebackTmp:          0 kB
CommitLimit:     8258920 kB
Committed_AS:   12057940 kB
VmallocTotal:   34359738367 kB
VmallocUsed:       47240 kB
VmallocChunk:          0 kB
Percpu:            13280 kB
HardwareCorrupted:     0 kB
AnonHugePages:    667648 kB
ShmemHugePages:        0 kB
ShmemPmdMapped:        0 kB
FileHugePages:         0 kB
FilePmdMapped:         0 kB
CmaTotal:              0 kB
CmaFree:               0 kB
Unaccepted:            0 kB
Balloon:               0 kB
HugePages_Total:       0
HugePages_Free:        0
HugePages_Rsvd:        0
HugePages_Surp:        0
Hugepagesize:       2048 kB
Hugetlb:               0 kB
DirectMap4k:      194432 kB
DirectMap2M:     6096896 kB
DirectMap1G:     4194304 kB
---SNAPSHOT---
2026-04-27 01:50:54
MemTotal:        8129240 kB
MemFree:         2742496 kB
MemAvailable:    2471204 kB
Buffers:            6176 kB
Cached:          1337256 kB
SwapCached:        77952 kB
Active:          4016276 kB
Inactive:         639956 kB
Active(anon):    3879256 kB
Inactive(anon):   521128 kB
Active(file):     137020 kB
Inactive(file):   118828 kB
Unevictable:          16 kB
Mlocked:              16 kB
SwapTotal:       4194300 kB
SwapFree:        3995028 kB
Zswap:                 0 kB
Zswapped:              0 kB
Dirty:               208 kB
Writeback:             0 kB
AnonPages:       3238964 kB
Mapped:          1285412 kB
Shmem:           1087644 kB
KReclaimable:      56656 kB
Slab:             284860 kB
SReclaimable:      56656 kB
SUnreclaim:       228204 kB
KernelStack:       18992 kB
PageTables:        70752 kB
SecPageTables:         0 kB
NFS_Unstable:          0 kB
Bounce:                0 kB
WritebackTmp:          0 kB
CommitLimit:     8258920 kB
Committed_AS:   12057740 kB
VmallocTotal:   34359738367 kB
VmallocUsed:       47240 kB
VmallocChunk:          0 kB
Percpu:            13280 kB
HardwareCorrupted:     0 kB
AnonHugePages:    931840 kB
ShmemHugePages:        0 kB
ShmemPmdMapped:        0 kB
FileHugePages:         0 kB
FilePmdMapped:         0 kB
CmaTotal:              0 kB
CmaFree:               0 kB
Unaccepted:            0 kB
Balloon:               0 kB
HugePages_Total:       0
HugePages_Free:        0
HugePages_Rsvd:        0
HugePages_Surp:        0
Hugepagesize:       2048 kB
Hugetlb:               0 kB
DirectMap4k:      194432 kB
DirectMap2M:     6096896 kB
DirectMap1G:     4194304 kB
---SNAPSHOT---
2026-04-27 01:50:55
MemTotal:        8129240 kB
MemFree:         2496240 kB
MemAvailable:    2224952 kB
Buffers:            6176 kB
Cached:          1337260 kB
SwapCached:        77952 kB
Active:          4284580 kB
Inactive:         639960 kB
Active(anon):    4147560 kB
Inactive(anon):   521128 kB
Active(file):     137020 kB
Inactive(file):   118832 kB
Unevictable:          16 kB
Mlocked:              16 kB
SwapTotal:       4194300 kB
SwapFree:        3995028 kB
Zswap:                 0 kB
Zswapped:              0 kB
Dirty:               212 kB
Writeback:             0 kB
AnonPages:       3507212 kB
Mapped:          1285412 kB
Shmem:           1087644 kB
KReclaimable:      56656 kB
Slab:             284852 kB
SReclaimable:      56656 kB
SUnreclaim:       228196 kB
KernelStack:       18976 kB
PageTables:        71252 kB
SecPageTables:         0 kB
NFS_Unstable:          0 kB
Bounce:                0 kB
WritebackTmp:          0 kB
CommitLimit:     8258920 kB
Committed_AS:   12057872 kB
VmallocTotal:   34359738367 kB
VmallocUsed:       47256 kB
VmallocChunk:          0 kB
Percpu:            13280 kB
HardwareCorrupted:     0 kB
AnonHugePages:   1200128 kB
ShmemHugePages:        0 kB
ShmemPmdMapped:        0 kB
FileHugePages:         0 kB
FilePmdMapped:         0 kB
CmaTotal:              0 kB
CmaFree:               0 kB
Unaccepted:            0 kB
Balloon:               0 kB
HugePages_Total:       0
HugePages_Free:        0
HugePages_Rsvd:        0
HugePages_Surp:        0
Hugepagesize:       2048 kB
Hugetlb:               0 kB
DirectMap4k:      194432 kB
DirectMap2M:     6096896 kB
DirectMap1G:     4194304 kB
---SNAPSHOT---
2026-04-27 01:50:56
MemTotal:        8129240 kB
MemFree:         2237688 kB
MemAvailable:    1966400 kB
Buffers:            6184 kB
Cached:          1337264 kB
SwapCached:        77952 kB
Active:          4551124 kB
Inactive:         639964 kB
Active(anon):    4414104 kB
Inactive(anon):   521128 kB
Active(file):     137020 kB
Inactive(file):   118836 kB
Unevictable:          16 kB
Mlocked:              16 kB
SwapTotal:       4194300 kB
SwapFree:        3995028 kB
Zswap:                 0 kB
Zswapped:              0 kB
Dirty:               220 kB
Writeback:             0 kB
AnonPages:       3773576 kB
Mapped:          1285412 kB
Shmem:           1087644 kB
KReclaimable:      56656 kB
Slab:             284848 kB
SReclaimable:      56656 kB
SUnreclaim:       228192 kB
KernelStack:       18992 kB
PageTables:        71748 kB
SecPageTables:         0 kB
NFS_Unstable:          0 kB
Bounce:                0 kB
WritebackTmp:          0 kB
CommitLimit:     8258920 kB
Committed_AS:   12057236 kB
VmallocTotal:   34359738367 kB
VmallocUsed:       47256 kB
VmallocChunk:          0 kB
Percpu:            13280 kB
HardwareCorrupted:     0 kB
AnonHugePages:   1466368 kB
ShmemHugePages:        0 kB
ShmemPmdMapped:        0 kB
FileHugePages:         0 kB
FilePmdMapped:         0 kB
CmaTotal:              0 kB
CmaFree:               0 kB
Unaccepted:            0 kB
Balloon:               0 kB
HugePages_Total:       0
HugePages_Free:        0
HugePages_Rsvd:        0
HugePages_Surp:        0
Hugepagesize:       2048 kB
Hugetlb:               0 kB
DirectMap4k:      194432 kB
DirectMap2M:     6096896 kB
DirectMap1G:     4194304 kB
---SNAPSHOT---
2026-04-27 01:50:57
MemTotal:        8129240 kB
MemFree:         3247424 kB
MemAvailable:    2978408 kB
Buffers:            6680 kB
Cached:          1341324 kB
SwapCached:        77952 kB
Active:          3500208 kB
Inactive:         640532 kB
Active(anon):    3359212 kB
Inactive(anon):   521128 kB
Active(file):     140996 kB
Inactive(file):   119404 kB
Unevictable:          16 kB
Mlocked:              16 kB
SwapTotal:       4194300 kB
SwapFree:        3995028 kB
Zswap:                 0 kB
Zswapped:              0 kB
Dirty:               232 kB
Writeback:             0 kB
AnonPages:       2718788 kB
Mapped:          1285412 kB
Shmem:           1087644 kB
KReclaimable:      56656 kB
Slab:             284876 kB
SReclaimable:      56656 kB
SUnreclaim:       228220 kB
KernelStack:       18976 kB
PageTables:        71252 kB
SecPageTables:         0 kB
NFS_Unstable:          0 kB
Bounce:                0 kB
WritebackTmp:          0 kB
CommitLimit:     8258920 kB
Committed_AS:   12058004 kB
VmallocTotal:   34359738367 kB
VmallocUsed:       47256 kB
VmallocChunk:          0 kB
Percpu:            13280 kB
HardwareCorrupted:     0 kB
AnonHugePages:    411648 kB
ShmemHugePages:        0 kB
ShmemPmdMapped:        0 kB
FileHugePages:         0 kB
FilePmdMapped:         0 kB
CmaTotal:              0 kB
CmaFree:               0 kB
Unaccepted:            0 kB
Balloon:               0 kB
HugePages_Total:       0
HugePages_Free:        0
HugePages_Rsvd:        0
HugePages_Surp:        0
Hugepagesize:       2048 kB
Hugetlb:               0 kB
DirectMap4k:      194432 kB
DirectMap2M:     6096896 kB
DirectMap1G:     4194304 kB
---SNAPSHOT---
2026-04-27 01:50:58
MemTotal:        8129240 kB
MemFree:         2762048 kB
MemAvailable:    2493044 kB
Buffers:            6680 kB
Cached:          1341328 kB
SwapCached:        77952 kB
Active:          4028536 kB
Inactive:         640548 kB
Active(anon):    3887536 kB
Inactive(anon):   521128 kB
Active(file):     141000 kB
Inactive(file):   119420 kB
Unevictable:          16 kB
Mlocked:              16 kB
SwapTotal:       4194300 kB
SwapFree:        3995028 kB
Zswap:                 0 kB
Zswapped:              0 kB
Dirty:               236 kB
Writeback:             0 kB
AnonPages:       3247124 kB
Mapped:          1285412 kB
Shmem:           1087644 kB
KReclaimable:      56656 kB
Slab:             284876 kB
SReclaimable:      56656 kB
SUnreclaim:       228220 kB
KernelStack:       18976 kB
PageTables:        71520 kB
SecPageTables:         0 kB
NFS_Unstable:          0 kB
Bounce:                0 kB
WritebackTmp:          0 kB
CommitLimit:     8258920 kB
Committed_AS:   12057728 kB
VmallocTotal:   34359738367 kB
VmallocUsed:       47272 kB
VmallocChunk:          0 kB
Percpu:            13280 kB
HardwareCorrupted:     0 kB
AnonHugePages:    940032 kB
ShmemHugePages:        0 kB
ShmemPmdMapped:        0 kB
FileHugePages:         0 kB
FilePmdMapped:         0 kB
CmaTotal:              0 kB
CmaFree:               0 kB
Unaccepted:            0 kB
Balloon:               0 kB
HugePages_Total:       0
HugePages_Free:        0
HugePages_Rsvd:        0
HugePages_Surp:        0
Hugepagesize:       2048 kB
Hugetlb:               0 kB
DirectMap4k:      194432 kB
DirectMap2M:     6096896 kB
DirectMap1G:     4194304 kB
---SNAPSHOT---
2026-04-27 01:50:59
MemTotal:        8129240 kB
MemFree:         2225472 kB
MemAvailable:    1956472 kB
Buffers:            6680 kB
Cached:          1341336 kB
SwapCached:        77952 kB
Active:          4565140 kB
Inactive:         640560 kB
Active(anon):    4424140 kB
Inactive(anon):   521128 kB
Active(file):     141000 kB
Inactive(file):   119432 kB
Unevictable:          16 kB
Mlocked:              16 kB
SwapTotal:       4194300 kB
SwapFree:        3995028 kB
Zswap:                 0 kB
Zswapped:              0 kB
Dirty:               244 kB
Writeback:             0 kB
AnonPages:       3783708 kB
Mapped:          1285412 kB
Shmem:           1087644 kB
KReclaimable:      56656 kB
Slab:             284872 kB
SReclaimable:      56656 kB
SUnreclaim:       228216 kB
KernelStack:       18992 kB
PageTables:        71788 kB
SecPageTables:         0 kB
NFS_Unstable:          0 kB
Bounce:                0 kB
WritebackTmp:          0 kB
CommitLimit:     8258920 kB
