---SNAPSHOT---
2026-04-27 02:17:51
MemTotal:        8129240 kB
MemFree:         4742788 kB
MemAvailable:    4466068 kB
Buffers:            4336 kB
Cached:           280464 kB
SwapCached:       117888 kB
Active:          2050216 kB
Inactive:         670168 kB
Active(anon):    1920444 kB
Inactive(anon):   554008 kB
Active(file):     129772 kB
Inactive(file):   116160 kB
Unevictable:           0 kB
Mlocked:               0 kB
SwapTotal:       4194300 kB
SwapFree:        3955092 kB
Zswap:                 0 kB
Zswapped:              0 kB
Dirty:               284 kB
Writeback:             0 kB
AnonPages:       2322496 kB
Mapped:           237400 kB
Shmem:             38812 kB
KReclaimable:      55708 kB
Slab:             283860 kB
SReclaimable:      55708 kB
SUnreclaim:       228152 kB
KernelStack:       18792 kB
PageTables:        57628 kB
SecPageTables:         0 kB
NFS_Unstable:          0 kB
Bounce:                0 kB
WritebackTmp:          0 kB
CommitLimit:     8258920 kB
Committed_AS:    9396400 kB
VmallocTotal:   34359738367 kB
VmallocUsed:       47096 kB
VmallocChunk:          0 kB
Percpu:            13280 kB
HardwareCorrupted:     0 kB
AnonHugePages:     22528 kB
ShmemHugePages:        0 kB
ShmemPmdMapped:        0 kB
FileHugePages:         0 kB
FilePmdMapped:         0 kB
CmaTotal:              0 kB
CmaFree:               0 kB
Unaccepted:            0 kB
Balloon:               0 kB
HugePages_Total:       0
HugePages_Free:        0
HugePages_Rsvd:        0
HugePages_Surp:        0
Hugepagesize:       2048 kB
Hugetlb:               0 kB
DirectMap4k:      194432 kB
DirectMap2M:     6096896 kB
DirectMap1G:     4194304 kB
---SNAPSHOT---
2026-04-27 02:17:52
MemTotal:        8129240 kB
MemFree:         4749512 kB
MemAvailable:    4472996 kB
Buffers:            4360 kB
Cached:           280992 kB
SwapCached:       117888 kB
Active:          2051148 kB
Inactive:         670304 kB
Active(anon):    1921116 kB
Inactive(anon):   554008 kB
Active(file):     130032 kB
Inactive(file):   116296 kB
Unevictable:           0 kB
Mlocked:               0 kB
SwapTotal:       4194300 kB
SwapFree:        3955092 kB
Zswap:                 0 kB
Zswapped:              0 kB
Dirty:               296 kB
Writeback:             0 kB
AnonPages:       2322712 kB
Mapped:           237592 kB
Shmem:             38812 kB
KReclaimable:      55724 kB
Slab:             283876 kB
SReclaimable:      55724 kB
SUnreclaim:       228152 kB
KernelStack:       18848 kB
PageTables:        58148 kB
SecPageTables:         0 kB
NFS_Unstable:          0 kB
Bounce:                0 kB
WritebackTmp:          0 kB
CommitLimit:     8258920 kB
Committed_AS:    9396620 kB
VmallocTotal:   34359738367 kB
VmallocUsed:       47144 kB
VmallocChunk:          0 kB
Percpu:            13280 kB
HardwareCorrupted:     0 kB
AnonHugePages:     22528 kB
ShmemHugePages:        0 kB
ShmemPmdMapped:        0 kB
FileHugePages:         0 kB
FilePmdMapped:         0 kB
CmaTotal:              0 kB
CmaFree:               0 kB
Unaccepted:            0 kB
Balloon:               0 kB
HugePages_Total:       0
HugePages_Free:        0
HugePages_Rsvd:        0
HugePages_Surp:        0
Hugepagesize:       2048 kB
Hugetlb:               0 kB
DirectMap4k:      194432 kB
DirectMap2M:     6096896 kB
DirectMap1G:     4194304 kB
---SNAPSHOT---
2026-04-27 02:17:53
MemTotal:        8129240 kB
MemFree:         4746704 kB
MemAvailable:    4471164 kB
Buffers:            4596 kB
Cached:           281548 kB
SwapCached:       117888 kB
Active:          2052344 kB
Inactive:         670788 kB
Active(anon):    1921724 kB
Inactive(anon):   554008 kB
Active(file):     130620 kB
Inactive(file):   116780 kB
Unevictable:           0 kB
Mlocked:               0 kB
SwapTotal:       4194300 kB
SwapFree:        3955092 kB
Zswap:                 0 kB
Zswapped:              0 kB
Dirty:               372 kB
Writeback:             0 kB
AnonPages:       2323592 kB
Mapped:           237428 kB
Shmem:             38812 kB
KReclaimable:      56604 kB
Slab:             284756 kB
SReclaimable:      56604 kB
SUnreclaim:       228152 kB
KernelStack:       18940 kB
PageTables:        58084 kB
SecPageTables:         0 kB
NFS_Unstable:          0 kB
Bounce:                0 kB
WritebackTmp:          0 kB
CommitLimit:     8258920 kB
Committed_AS:    9397772 kB
VmallocTotal:   34359738367 kB
VmallocUsed:       47144 kB
VmallocChunk:          0 kB
Percpu:            13280 kB
HardwareCorrupted:     0 kB
AnonHugePages:     14336 kB
ShmemHugePages:        0 kB
ShmemPmdMapped:        0 kB
FileHugePages:         0 kB
FilePmdMapped:         0 kB
CmaTotal:              0 kB
CmaFree:               0 kB
Unaccepted:            0 kB
Balloon:               0 kB
HugePages_Total:       0
HugePages_Free:        0
HugePages_Rsvd:        0
HugePages_Surp:        0
Hugepagesize:       2048 kB
Hugetlb:               0 kB
DirectMap4k:      194432 kB
DirectMap2M:     6096896 kB
DirectMap1G:     4194304 kB
---SNAPSHOT---
2026-04-27 02:17:54
MemTotal:        8129240 kB
MemFree:         4752076 kB
MemAvailable:    4477716 kB
Buffers:            4876 kB
Cached:           283708 kB
SwapCached:       117888 kB
Active:          2054024 kB
Inactive:         671092 kB
Active(anon):    1921352 kB
Inactive(anon):   554008 kB
Active(file):     132672 kB
Inactive(file):   117084 kB
Unevictable:           0 kB
Mlocked:               0 kB
SwapTotal:       4194300 kB
SwapFree:        3955092 kB
Zswap:                 0 kB
Zswapped:              0 kB
Dirty:               380 kB
Writeback:             0 kB
AnonPages:       2323040 kB
Mapped:           237656 kB
Shmem:             38812 kB
KReclaimable:      56604 kB
Slab:             284756 kB
SReclaimable:      56604 kB
SUnreclaim:       228152 kB
KernelStack:       18836 kB
PageTables:        57892 kB
SecPageTables:         0 kB
NFS_Unstable:          0 kB
Bounce:                0 kB
WritebackTmp:          0 kB
CommitLimit:     8258920 kB
Committed_AS:    9404628 kB
VmallocTotal:   34359738367 kB
VmallocUsed:       47112 kB
VmallocChunk:          0 kB
Percpu:            13280 kB
HardwareCorrupted:     0 kB
AnonHugePages:     14336 kB
ShmemHugePages:        0 kB
ShmemPmdMapped:        0 kB
FileHugePages:         0 kB
FilePmdMapped:         0 kB
CmaTotal:              0 kB
CmaFree:               0 kB
Unaccepted:            0 kB
Balloon:               0 kB
HugePages_Total:       0
HugePages_Free:        0
HugePages_Rsvd:        0
HugePages_Surp:        0
Hugepagesize:       2048 kB
Hugetlb:               0 kB
DirectMap4k:      194432 kB
DirectMap2M:     6096896 kB
DirectMap1G:     4194304 kB
---SNAPSHOT---
2026-04-27 02:17:55
MemTotal:        8129240 kB
MemFree:         2261036 kB
MemAvailable:    1991676 kB
Buffers:            5140 kB
Cached:           310508 kB
SwapCached:       116976 kB
Active:          4659784 kB
Inactive:         653316 kB
Active(anon):    4517576 kB
Inactive(anon):   535768 kB
Active(file):     142208 kB
Inactive(file):   117548 kB
Unevictable:          16 kB
Mlocked:              16 kB
SwapTotal:       4194300 kB
SwapFree:        3956116 kB
Zswap:                 0 kB
Zswapped:              0 kB
Dirty:               384 kB
Writeback:             0 kB
AnonPages:       4884612 kB
Mapped:           258272 kB
Shmem:             55952 kB
KReclaimable:      56604 kB
Slab:             284772 kB
SReclaimable:      56604 kB
SUnreclaim:       228168 kB
KernelStack:       19028 kB
PageTables:        63756 kB
SecPageTables:         0 kB
NFS_Unstable:          0 kB
Bounce:                0 kB
WritebackTmp:          0 kB
CommitLimit:     8258920 kB
Committed_AS:   12054108 kB
VmallocTotal:   34359738367 kB
VmallocUsed:       47176 kB
VmallocChunk:          0 kB
Percpu:            13280 kB
HardwareCorrupted:     0 kB
AnonHugePages:   2527232 kB
ShmemHugePages:        0 kB
ShmemPmdMapped:        0 kB
FileHugePages:         0 kB
FilePmdMapped:         0 kB
CmaTotal:              0 kB
CmaFree:               0 kB
Unaccepted:            0 kB
Balloon:               0 kB
HugePages_Total:       0
HugePages_Free:        0
HugePages_Rsvd:        0
HugePages_Surp:        0
Hugepagesize:       2048 kB
Hugetlb:               0 kB
DirectMap4k:      194432 kB
DirectMap2M:     6096896 kB
DirectMap1G:     4194304 kB
---SNAPSHOT---
2026-04-27 02:17:56
MemTotal:        8129240 kB
MemFree:         2231948 kB
MemAvailable:    1962592 kB
Buffers:            5140 kB
Cached:           310528 kB
SwapCached:       116864 kB
Active:          4662780 kB
Inactive:         649948 kB
Active(anon):    4520572 kB
Inactive(anon):   532388 kB
Active(file):     142208 kB
Inactive(file):   117560 kB
Unevictable:          16 kB
Mlocked:              16 kB
SwapTotal:       4194300 kB
SwapFree:        3956116 kB
Zswap:                 0 kB
Zswapped:              0 kB
Dirty:               460 kB
Writeback:             0 kB
AnonPages:       4884692 kB
Mapped:           258280 kB
Shmem:             55960 kB
KReclaimable:      56604 kB
Slab:             284784 kB
SReclaimable:      56604 kB
SUnreclaim:       228180 kB
KernelStack:       18992 kB
PageTables:        63912 kB
SecPageTables:         0 kB
NFS_Unstable:          0 kB
Bounce:                0 kB
WritebackTmp:          0 kB
CommitLimit:     8258920 kB
Committed_AS:   12053628 kB
VmallocTotal:   34359738367 kB
VmallocUsed:       47176 kB
VmallocChunk:          0 kB
Percpu:            13280 kB
HardwareCorrupted:     0 kB
AnonHugePages:   2562048 kB
ShmemHugePages:        0 kB
ShmemPmdMapped:        0 kB
FileHugePages:         0 kB
FilePmdMapped:         0 kB
CmaTotal:              0 kB
CmaFree:               0 kB
Unaccepted:            0 kB
Balloon:               0 kB
HugePages_Total:       0
HugePages_Free:        0
HugePages_Rsvd:        0
HugePages_Surp:        0
Hugepagesize:       2048 kB
Hugetlb:               0 kB
DirectMap4k:      194432 kB
DirectMap2M:     6096896 kB
DirectMap1G:     4194304 kB
---SNAPSHOT---
2026-04-27 02:17:57
MemTotal:        8129240 kB
MemFree:         2879220 kB
MemAvailable:    2609868 kB
Buffers:            5140 kB
Cached:           310532 kB
SwapCached:       116864 kB
Active:          3941796 kB
Inactive:         649952 kB
Active(anon):    3799588 kB
Inactive(anon):   532388 kB
Active(file):     142208 kB
Inactive(file):   117564 kB
Unevictable:          16 kB
Mlocked:              16 kB
SwapTotal:       4194300 kB
SwapFree:        3956116 kB
Zswap:                 0 kB
Zswapped:              0 kB
Dirty:               464 kB
Writeback:             0 kB
AnonPages:       4163884 kB
Mapped:           258508 kB
Shmem:             55960 kB
KReclaimable:      56604 kB
Slab:             284784 kB
SReclaimable:      56604 kB
SUnreclaim:       228180 kB
KernelStack:       19052 kB
PageTables:        62296 kB
SecPageTables:         0 kB
NFS_Unstable:          0 kB
Bounce:                0 kB
WritebackTmp:          0 kB
CommitLimit:     8258920 kB
Committed_AS:   12053672 kB
VmallocTotal:   34359738367 kB
VmallocUsed:       47240 kB
VmallocChunk:          0 kB
Percpu:            13280 kB
HardwareCorrupted:     0 kB
AnonHugePages:   1288192 kB
ShmemHugePages:        0 kB
ShmemPmdMapped:        0 kB
FileHugePages:         0 kB
FilePmdMapped:         0 kB
CmaTotal:              0 kB
CmaFree:               0 kB
Unaccepted:            0 kB
Balloon:               0 kB
HugePages_Total:       0
HugePages_Free:        0
HugePages_Rsvd:        0
HugePages_Surp:        0
Hugepagesize:       2048 kB
Hugetlb:               0 kB
DirectMap4k:      194432 kB
DirectMap2M:     6096896 kB
DirectMap1G:     4194304 kB
---SNAPSHOT---
2026-04-27 02:17:58
MemTotal:        8129240 kB
MemFree:         2282728 kB
MemAvailable:    2013400 kB
Buffers:            5148 kB
Cached:           310528 kB
SwapCached:       116864 kB
Active:          4516872 kB
Inactive:         649956 kB
Active(anon):    4374664 kB
Inactive(anon):   532388 kB
Active(file):     142208 kB
Inactive(file):   117568 kB
Unevictable:          16 kB
Mlocked:              16 kB
SwapTotal:       4194300 kB
SwapFree:        3956116 kB
Zswap:                 0 kB
Zswapped:              0 kB
Dirty:               468 kB
Writeback:             0 kB
AnonPages:       4738608 kB
Mapped:           258280 kB
Shmem:             55960 kB
KReclaimable:      56652 kB
Slab:             284964 kB
SReclaimable:      56652 kB
SUnreclaim:       228312 kB
KernelStack:       19100 kB
PageTables:        63452 kB
SecPageTables:         0 kB
NFS_Unstable:          0 kB
Bounce:                0 kB
WritebackTmp:          0 kB
CommitLimit:     8258920 kB
Committed_AS:   12054936 kB
VmallocTotal:   34359738367 kB
VmallocUsed:       47320 kB
VmallocChunk:          0 kB
Percpu:            13280 kB
HardwareCorrupted:     0 kB
AnonHugePages:   1144832 kB
ShmemHugePages:        0 kB
ShmemPmdMapped:        0 kB
FileHugePages:         0 kB
FilePmdMapped:         0 kB
CmaTotal:              0 kB
CmaFree:               0 kB
Unaccepted:            0 kB
Balloon:               0 kB
HugePages_Total:       0
HugePages_Free:        0
HugePages_Rsvd:        0
HugePages_Surp:        0
Hugepagesize:       2048 kB
Hugetlb:               0 kB
DirectMap4k:      194432 kB
DirectMap2M:     6096896 kB
DirectMap1G:     4194304 kB
---SNAPSHOT---
2026-04-27 02:17:59
MemTotal:        8129240 kB
MemFree:         2481656 kB
MemAvailable:    2212336 kB
Buffers:            5148 kB
Cached:           310544 kB
SwapCached:       116864 kB
Active:          4338392 kB
Inactive:         649972 kB
Active(anon):    4196184 kB
Inactive(anon):   532388 kB
Active(file):     142208 kB
Inactive(file):   117584 kB
Unevictable:          16 kB
Mlocked:              16 kB
SwapTotal:       4194300 kB
SwapFree:        3956116 kB
Zswap:                 0 kB
Zswapped:              0 kB
Dirty:               476 kB
Writeback:             0 kB
AnonPages:       4560344 kB
Mapped:           258280 kB
Shmem:             55960 kB
KReclaimable:      56652 kB
Slab:             285096 kB
SReclaimable:      56652 kB
SUnreclaim:       228444 kB
KernelStack:       18992 kB
PageTables:        62720 kB
SecPageTables:         0 kB
NFS_Unstable:          0 kB
Bounce:                0 kB
WritebackTmp:          0 kB
CommitLimit:     8258920 kB
Committed_AS:   12053892 kB
VmallocTotal:   34359738367 kB
VmallocUsed:       47256 kB
VmallocChunk:          0 kB
Percpu:            13280 kB
HardwareCorrupted:     0 kB
AnonHugePages:   2240512 kB
ShmemHugePages:        0 kB
ShmemPmdMapped:        0 kB
FileHugePages:         0 kB
FilePmdMapped:         0 kB
CmaTotal:              0 kB
CmaFree:               0 kB
Unaccepted:            0 kB
Balloon:               0 kB
HugePages_Total:       0
HugePages_Free:        0
HugePages_Rsvd:        0
HugePages_Surp:        0
Hugepagesize:       2048 kB
Hugetlb:               0 kB
DirectMap4k:      194432 kB
DirectMap2M:     6096896 kB
DirectMap1G:     4194304 kB
---SNAPSHOT---
2026-04-27 02:18:00
MemTotal:        8129240 kB
MemFree:         2740516 kB
MemAvailable:    2471196 kB
Buffers:            5148 kB
Cached:           310548 kB
SwapCached:       606380 kB
Active:          3606528 kB
Inactive:        1138120 kB
Active(anon):    3464320 kB
Inactive(anon):  1020536 kB
Active(file):     142208 kB
Inactive(file):   117584 kB
Unevictable:          16 kB
Mlocked:              16 kB
SwapTotal:       4194300 kB
SwapFree:        3466516 kB
Zswap:                 0 kB
Zswapped:              0 kB
Dirty:               480 kB
Writeback:          1140 kB
AnonPages:       3829212 kB
Mapped:           258508 kB
Shmem:             55960 kB
KReclaimable:      56652 kB
Slab:             285292 kB
SReclaimable:      56652 kB
SUnreclaim:       228640 kB
KernelStack:       18992 kB
PageTables:        62516 kB
SecPageTables:         0 kB
NFS_Unstable:          0 kB
Bounce:                0 kB
WritebackTmp:          0 kB
CommitLimit:     8258920 kB
Committed_AS:   12053128 kB
VmallocTotal:   34359738367 kB
VmallocUsed:       47272 kB
VmallocChunk:          0 kB
Percpu:            13280 kB
HardwareCorrupted:     0 kB
AnonHugePages:   1509376 kB
ShmemHugePages:        0 kB
ShmemPmdMapped:        0 kB
FileHugePages:         0 kB
FilePmdMapped:         0 kB
CmaTotal:              0 kB
CmaFree:               0 kB
Unaccepted:            0 kB
Balloon:               0 kB
HugePages_Total:       0
HugePages_Free:        0
HugePages_Rsvd:        0
HugePages_Surp:        0
Hugepagesize:       2048 kB
Hugetlb:               0 kB
DirectMap4k:      194432 kB
DirectMap2M:     6096896 kB
DirectMap1G:     4194304 kB
---SNAPSHOT---
2026-04-27 02:18:01
MemTotal:        8129240 kB
MemFree:         2922596 kB
MemAvailable:    2653388 kB
Buffers:            5420 kB
Cached:           310556 kB
SwapCached:       116912 kB
Active:          3892532 kB
Inactive:         650228 kB
Active(anon):    3750324 kB
Inactive(anon):   532424 kB
Active(file):     142208 kB
Inactive(file):   117804 kB
Unevictable:          16 kB
Mlocked:              16 kB
SwapTotal:       4194300 kB
SwapFree:        3956116 kB
Zswap:                 0 kB
Zswapped:              0 kB
Dirty:               488 kB
Writeback:            80 kB
AnonPages:       4114288 kB
Mapped:           258280 kB
Shmem:             55960 kB
KReclaimable:      56652 kB
Slab:             285136 kB
SReclaimable:      56652 kB
SUnreclaim:       228484 kB
KernelStack:       19052 kB
PageTables:        62192 kB
SecPageTables:         0 kB
NFS_Unstable:          0 kB
Bounce:                0 kB
WritebackTmp:          0 kB
CommitLimit:     8258920 kB
Committed_AS:   12053624 kB
VmallocTotal:   34359738367 kB
VmallocUsed:       47272 kB
VmallocChunk:          0 kB
Percpu:            13280 kB
HardwareCorrupted:     0 kB
AnonHugePages:   1796096 kB
ShmemHugePages:        0 kB
ShmemPmdMapped:        0 kB
FileHugePages:         0 kB
FilePmdMapped:         0 kB
CmaTotal:              0 kB
CmaFree:               0 kB
Unaccepted:            0 kB
Balloon:               0 kB
HugePages_Total:       0
HugePages_Free:        0
HugePages_Rsvd:        0
HugePages_Surp:        0
Hugepagesize:       2048 kB
Hugetlb:               0 kB
DirectMap4k:      194432 kB
DirectMap2M:     6096896 kB
DirectMap1G:     4194304 kB
---SNAPSHOT---
2026-04-27 02:18:02
MemTotal:        8129240 kB
MemFree:         2733952 kB
MemAvailable:    2464776 kB
Buffers:            5420 kB
Cached:           310560 kB
SwapCached:       116864 kB
Active:          4087244 kB
Inactive:         650260 kB
Active(anon):    3945036 kB
Inactive(anon):   532388 kB
Active(file):     142208 kB
Inactive(file):   117872 kB
Unevictable:          16 kB
Mlocked:              16 kB
SwapTotal:       4194300 kB
SwapFree:        3956116 kB
Zswap:                 0 kB
Zswapped:              0 kB
Dirty:               492 kB
Writeback:             0 kB
AnonPages:       4309128 kB
Mapped:           258280 kB
Shmem:             55960 kB
KReclaimable:      56652 kB
Slab:             284980 kB
SReclaimable:      56652 kB
SUnreclaim:       228328 kB
KernelStack:       19052 kB
PageTables:        62152 kB
SecPageTables:         0 kB
NFS_Unstable:          0 kB
Bounce:                0 kB
WritebackTmp:          0 kB
CommitLimit:     8258920 kB
Committed_AS:   12053896 kB
VmallocTotal:   34359738367 kB
VmallocUsed:       47256 kB
VmallocChunk:          0 kB
Percpu:            13280 kB
HardwareCorrupted:     0 kB
AnonHugePages:   1990656 kB
ShmemHugePages:        0 kB
ShmemPmdMapped:        0 kB
FileHugePages:         0 kB
FilePmdMapped:         0 kB
CmaTotal:              0 kB
CmaFree:               0 kB
Unaccepted:            0 kB
Balloon:               0 kB
HugePages_Total:       0
HugePages_Free:        0
HugePages_Rsvd:        0
HugePages_Surp:        0
Hugepagesize:       2048 kB
Hugetlb:               0 kB
DirectMap4k:      194432 kB
DirectMap2M:     6096896 kB
DirectMap1G:     4194304 kB
---SNAPSHOT---
2026-04-27 02:18:03
MemTotal:        8129240 kB
MemFree:         2736028 kB
MemAvailable:    2466856 kB
Buffers:            5428 kB
Cached:           310556 kB
SwapCached:       199628 kB
Active:          3991080 kB
Inactive:         731432 kB
Active(anon):    3848872 kB
Inactive(anon):   613556 kB
Active(file):     142208 kB
Inactive(file):   117876 kB
Unevictable:          16 kB
Mlocked:              16 kB
SwapTotal:       4194300 kB
SwapFree:        3873132 kB
Zswap:                 0 kB
Zswapped:              0 kB
Dirty:               496 kB
Writeback:          1140 kB
AnonPages:       4213328 kB
Mapped:           258508 kB
Shmem:             55960 kB
KReclaimable:      56652 kB
Slab:             284980 kB
SReclaimable:      56652 kB
SUnreclaim:       228328 kB
KernelStack:       19052 kB
PageTables:        62696 kB
SecPageTables:         0 kB
NFS_Unstable:          0 kB
Bounce:                0 kB
WritebackTmp:          0 kB
CommitLimit:     8258920 kB
Committed_AS:   12053700 kB
VmallocTotal:   34359738367 kB
VmallocUsed:       47336 kB
VmallocChunk:          0 kB
Percpu:            13280 kB
HardwareCorrupted:     0 kB
AnonHugePages:   1894400 kB
ShmemHugePages:        0 kB
ShmemPmdMapped:        0 kB
FileHugePages:         0 kB
FilePmdMapped:         0 kB
CmaTotal:              0 kB
CmaFree:               0 kB
Unaccepted:            0 kB
Balloon:               0 kB
HugePages_Total:       0
HugePages_Free:        0
HugePages_Rsvd:        0
HugePages_Surp:        0
Hugepagesize:       2048 kB
Hugetlb:               0 kB
DirectMap4k:      194432 kB
DirectMap2M:     6096896 kB
DirectMap1G:     4194304 kB
---SNAPSHOT---
2026-04-27 02:18:04
MemTotal:        8129240 kB
MemFree:         3169500 kB
MemAvailable:    2900332 kB
Buffers:            5428 kB
Cached:           310572 kB
SwapCached:       246916 kB
Active:          3499920 kB
Inactive:         764236 kB
Active(anon):    3357712 kB
Inactive(anon):   646348 kB
Active(file):     142208 kB
Inactive(file):   117888 kB
Unevictable:          16 kB
Mlocked:              16 kB
SwapTotal:       4194300 kB
SwapFree:        3826064 kB
Zswap:                 0 kB
Zswapped:              0 kB
Dirty:               504 kB
Writeback:         15988 kB
AnonPages:       3707928 kB
Mapped:           258444 kB
Shmem:             55960 kB
KReclaimable:      56652 kB
Slab:             286036 kB
SReclaimable:      56652 kB
SUnreclaim:       229384 kB
KernelStack:       19004 kB
PageTables:        62028 kB
SecPageTables:         0 kB
NFS_Unstable:          0 kB
Bounce:                0 kB
WritebackTmp:          0 kB
CommitLimit:     8258920 kB
Committed_AS:   12053776 kB
VmallocTotal:   34359738367 kB
VmallocUsed:       47304 kB
VmallocChunk:          0 kB
Percpu:            13280 kB
HardwareCorrupted:     0 kB
AnonHugePages:   1390592 kB
ShmemHugePages:        0 kB
ShmemPmdMapped:        0 kB
FileHugePages:         0 kB
FilePmdMapped:         0 kB
CmaTotal:              0 kB
CmaFree:               0 kB
Unaccepted:            0 kB
Balloon:               0 kB
HugePages_Total:       0
HugePages_Free:        0
HugePages_Rsvd:        0
HugePages_Surp:        0
Hugepagesize:       2048 kB
Hugetlb:               0 kB
DirectMap4k:      194432 kB
DirectMap2M:     6096896 kB
DirectMap1G:     4194304 kB
---SNAPSHOT---
2026-04-27 02:18:05
MemTotal:        8129240 kB
MemFree:         3344684 kB
MemAvailable:    3075520 kB
Buffers:            5428 kB
Cached:           310576 kB
SwapCached:       262788 kB
Active:          3258476 kB
Inactive:         772632 kB
Active(anon):    3116268 kB
Inactive(anon):   654736 kB
Active(file):     142208 kB
Inactive(file):   117896 kB
Unevictable:          16 kB
Mlocked:              16 kB
SwapTotal:       4194300 kB
SwapFree:        3810192 kB
Zswap:                 0 kB
Zswapped:              0 kB
Dirty:               508 kB
Writeback:         23556 kB
AnonPages:       3458372 kB
Mapped:           258280 kB
Shmem:             55960 kB
KReclaimable:      56652 kB
Slab:             286468 kB
SReclaimable:      56652 kB
SUnreclaim:       229816 kB
KernelStack:       19052 kB
PageTables:        61348 kB
SecPageTables:         0 kB
NFS_Unstable:          0 kB
Bounce:                0 kB
WritebackTmp:          0 kB
CommitLimit:     8258920 kB
Committed_AS:   12053788 kB
VmallocTotal:   34359738367 kB
VmallocUsed:       47320 kB
VmallocChunk:          0 kB
Percpu:            13280 kB
HardwareCorrupted:     0 kB
AnonHugePages:   1140736 kB
ShmemHugePages:        0 kB
ShmemPmdMapped:        0 kB
FileHugePages:         0 kB
FilePmdMapped:         0 kB
CmaTotal:              0 kB
CmaFree:               0 kB
Unaccepted:            0 kB
Balloon:               0 kB
HugePages_Total:       0
HugePages_Free:        0
HugePages_Rsvd:        0
HugePages_Surp:        0
Hugepagesize:       2048 kB
Hugetlb:               0 kB
DirectMap4k:      194432 kB
DirectMap2M:     6096896 kB
DirectMap1G:     4194304 kB
---SNAPSHOT---
2026-04-27 02:18:06
MemTotal:        8129240 kB
MemFree:         2838068 kB
MemAvailable:    2568908 kB
Buffers:            5428 kB
Cached:           310584 kB
SwapCached:       262788 kB
Active:          3767100 kB
Inactive:         775120 kB
Active(anon):    3624892 kB
Inactive(anon):   657216 kB
Active(file):     142208 kB
Inactive(file):   117904 kB
Unevictable:          16 kB
Mlocked:              16 kB
SwapTotal:       4194300 kB
SwapFree:        3810192 kB
Zswap:                 0 kB
Zswapped:              0 kB
Dirty:               516 kB
Writeback:         20996 kB
AnonPages:       3969860 kB
Mapped:           258508 kB
Shmem:             55960 kB
KReclaimable:      56652 kB
Slab:             286304 kB
SReclaimable:      56652 kB
SUnreclaim:       229652 kB
KernelStack:       19052 kB
PageTables:        62652 kB
SecPageTables:         0 kB
NFS_Unstable:          0 kB
Bounce:                0 kB
WritebackTmp:          0 kB
CommitLimit:     8258920 kB
Committed_AS:   12054004 kB
VmallocTotal:   34359738367 kB
VmallocUsed:       47336 kB
VmallocChunk:          0 kB
Percpu:            13280 kB
HardwareCorrupted:     0 kB
AnonHugePages:   1650688 kB
ShmemHugePages:        0 kB
ShmemPmdMapped:        0 kB
FileHugePages:         0 kB
FilePmdMapped:         0 kB
CmaTotal:              0 kB
CmaFree:               0 kB
Unaccepted:            0 kB
Balloon:               0 kB
HugePages_Total:       0
HugePages_Free:        0
HugePages_Rsvd:        0
HugePages_Surp:        0
Hugepagesize:       2048 kB
Hugetlb:               0 kB
DirectMap4k:      194432 kB
DirectMap2M:     6096896 kB
DirectMap1G:     4194304 kB
---SNAPSHOT---
2026-04-27 02:18:07
MemTotal:        8129240 kB
MemFree:         2976432 kB
MemAvailable:    2707272 kB
Buffers:            5428 kB
Cached:           310588 kB
SwapCached:       262788 kB
Active:          3621668 kB
Inactive:         779212 kB
Active(anon):    3479460 kB
Inactive(anon):   661308 kB
Active(file):     142208 kB
Inactive(file):   117904 kB
Unevictable:          16 kB
Mlocked:              16 kB
SwapTotal:       4194300 kB
SwapFree:        3810192 kB
Zswap:                 0 kB
Zswapped:              0 kB
Dirty:               520 kB
Writeback:         16900 kB
AnonPages:       3828556 kB
Mapped:           258280 kB
Shmem:             55960 kB
KReclaimable:      56652 kB
Slab:             286048 kB
SReclaimable:      56652 kB
SUnreclaim:       229396 kB
KernelStack:       19052 kB
PageTables:        61740 kB
SecPageTables:         0 kB
NFS_Unstable:          0 kB
Bounce:                0 kB
WritebackTmp:          0 kB
CommitLimit:     8258920 kB
Committed_AS:   12053896 kB
VmallocTotal:   34359738367 kB
VmallocUsed:       47288 kB
VmallocChunk:          0 kB
Percpu:            13280 kB
HardwareCorrupted:     0 kB
AnonHugePages:   1509376 kB
ShmemHugePages:        0 kB
ShmemPmdMapped:        0 kB
FileHugePages:         0 kB
FilePmdMapped:         0 kB
CmaTotal:              0 kB
CmaFree:               0 kB
Unaccepted:            0 kB
Balloon:               0 kB
HugePages_Total:       0
HugePages_Free:        0
HugePages_Rsvd:        0
HugePages_Surp:        0
Hugepagesize:       2048 kB
Hugetlb:               0 kB
DirectMap4k:      194432 kB
DirectMap2M:     6096896 kB
DirectMap1G:     4194304 kB
---SNAPSHOT---
2026-04-27 02:18:09
MemTotal:        8129240 kB
MemFree:         2747748 kB
MemAvailable:    2478596 kB
Buffers:            5436 kB
Cached:           310588 kB
SwapCached:       318556 kB
Active:          3767240 kB
Inactive:         850360 kB
Active(anon):    3625032 kB
Inactive(anon):   732444 kB
Active(file):     142208 kB
Inactive(file):   117916 kB
Unevictable:          16 kB
Mlocked:              16 kB
SwapTotal:       4194300 kB
SwapFree:        3754292 kB
Zswap:                 0 kB
Zswapped:              0 kB
Dirty:               524 kB
Writeback:           956 kB
AnonPages:       3991200 kB
Mapped:           258380 kB
Shmem:             55960 kB
KReclaimable:      56652 kB
Slab:             285012 kB
SReclaimable:      56652 kB
SUnreclaim:       228360 kB
KernelStack:       19052 kB
PageTables:        62568 kB
SecPageTables:         0 kB
NFS_Unstable:          0 kB
Bounce:                0 kB
WritebackTmp:          0 kB
CommitLimit:     8258920 kB
Committed_AS:   12053896 kB
VmallocTotal:   34359738367 kB
VmallocUsed:       47304 kB
VmallocChunk:          0 kB
Percpu:            13280 kB
HardwareCorrupted:     0 kB
AnonHugePages:   1091584 kB
ShmemHugePages:        0 kB
ShmemPmdMapped:        0 kB
FileHugePages:         0 kB
FilePmdMapped:         0 kB
CmaTotal:              0 kB
CmaFree:               0 kB
Unaccepted:            0 kB
Balloon:               0 kB
HugePages_Total:       0
HugePages_Free:        0
HugePages_Rsvd:        0
HugePages_Surp:        0
Hugepagesize:       2048 kB
Hugetlb:               0 kB
DirectMap4k:      194432 kB
DirectMap2M:     6096896 kB
DirectMap1G:     4194304 kB
---SNAPSHOT---
2026-04-27 02:18:10
MemTotal:        8129240 kB
MemFree:         2372320 kB
MemAvailable:    2103168 kB
Buffers:            5436 kB
Cached:           310596 kB
SwapCached:       438464 kB
Active:          4107452 kB
Inactive:         970444 kB
Active(anon):    3965244 kB
Inactive(anon):   852524 kB
Active(file):     142208 kB
Inactive(file):   117920 kB
Unevictable:          16 kB
Mlocked:              16 kB
SwapTotal:       4194300 kB
SwapFree:        3634460 kB
Zswap:                 0 kB
Zswapped:              0 kB
Dirty:               532 kB
Writeback:           204 kB
AnonPages:       4331948 kB
Mapped:           258268 kB
Shmem:             55960 kB
KReclaimable:      56652 kB
Slab:             285020 kB
SReclaimable:      56652 kB
SUnreclaim:       228368 kB
KernelStack:       19052 kB
PageTables:        63336 kB
SecPageTables:         0 kB
NFS_Unstable:          0 kB
Bounce:                0 kB
WritebackTmp:          0 kB
CommitLimit:     8258920 kB
Committed_AS:   12053536 kB
VmallocTotal:   34359738367 kB
VmallocUsed:       47352 kB
VmallocChunk:          0 kB
Percpu:            13280 kB
HardwareCorrupted:     0 kB
AnonHugePages:   2011136 kB
ShmemHugePages:        0 kB
ShmemPmdMapped:        0 kB
FileHugePages:         0 kB
FilePmdMapped:         0 kB
CmaTotal:              0 kB
CmaFree:               0 kB
Unaccepted:            0 kB
Balloon:               0 kB
HugePages_Total:       0
HugePages_Free:        0
HugePages_Rsvd:        0
HugePages_Surp:        0
Hugepagesize:       2048 kB
Hugetlb:               0 kB
DirectMap4k:      194432 kB
DirectMap2M:     6096896 kB
DirectMap1G:     4194304 kB
---SNAPSHOT---
2026-04-27 02:18:11
MemTotal:        8129240 kB
MemFree:         2605484 kB
MemAvailable:    2336340 kB
Buffers:            5436 kB
Cached:           310604 kB
SwapCached:       646420 kB
Active:          3668284 kB
Inactive:        1178500 kB
Active(anon):    3526076 kB
Inactive(anon):  1060568 kB
Active(file):     142208 kB
Inactive(file):   117932 kB
Unevictable:          16 kB
Mlocked:              16 kB
SwapTotal:       4194300 kB
SwapFree:        3426552 kB
Zswap:                 0 kB
Zswapped:              0 kB
Dirty:               536 kB
Writeback:           696 kB
AnonPages:       3891688 kB
Mapped:           258280 kB
Shmem:             55960 kB
KReclaimable:      56652 kB
Slab:             285064 kB
SReclaimable:      56652 kB
SUnreclaim:       228412 kB
KernelStack:       19036 kB
PageTables:        63016 kB
SecPageTables:         0 kB
NFS_Unstable:          0 kB
Bounce:                0 kB
WritebackTmp:          0 kB
CommitLimit:     8258920 kB
Committed_AS:   12053700 kB
VmallocTotal:   34359738367 kB
VmallocUsed:       47336 kB
VmallocChunk:          0 kB
Percpu:            13280 kB
HardwareCorrupted:     0 kB
AnonHugePages:   1570816 kB
ShmemHugePages:        0 kB
ShmemPmdMapped:        0 kB
FileHugePages:         0 kB
FilePmdMapped:         0 kB
CmaTotal:              0 kB
CmaFree:               0 kB
Unaccepted:            0 kB
Balloon:               0 kB
HugePages_Total:       0
HugePages_Free:        0
HugePages_Rsvd:        0
HugePages_Surp:        0
Hugepagesize:       2048 kB
Hugetlb:               0 kB
DirectMap4k:      194432 kB
DirectMap2M:     6096896 kB
DirectMap1G:     4194304 kB
---SNAPSHOT---
2026-04-27 02:18:12
MemTotal:        8129240 kB
MemFree:         2152664 kB
MemAvailable:    1883524 kB
Buffers:            5436 kB
Cached:           310620 kB
SwapCached:       839380 kB
Active:          3937100 kB
Inactive:        1371760 kB
Active(anon):    3794892 kB
Inactive(anon):  1253820 kB
Active(file):     142208 kB
Inactive(file):   117940 kB
Unevictable:          16 kB
Mlocked:              16 kB
SwapTotal:       4194300 kB
SwapFree:        3233600 kB
Zswap:                 0 kB
Zswapped:              0 kB
Dirty:               552 kB
Writeback:           908 kB
AnonPages:       4162072 kB
Mapped:           258280 kB
Shmem:             55960 kB
KReclaimable:      56652 kB
Slab:             285048 kB
SReclaimable:      56652 kB
SUnreclaim:       228396 kB
KernelStack:       18976 kB
PageTables:        64244 kB
SecPageTables:         0 kB
NFS_Unstable:          0 kB
Bounce:                0 kB
WritebackTmp:          0 kB
CommitLimit:     8258920 kB
Committed_AS:   12053700 kB
VmallocTotal:   34359738367 kB
VmallocUsed:       47352 kB
VmallocChunk:          0 kB
Percpu:            13280 kB
HardwareCorrupted:     0 kB
AnonHugePages:   1839104 kB
ShmemHugePages:        0 kB
ShmemPmdMapped:        0 kB
FileHugePages:         0 kB
FilePmdMapped:         0 kB
CmaTotal:              0 kB
CmaFree:               0 kB
Unaccepted:            0 kB
Balloon:               0 kB
HugePages_Total:       0
HugePages_Free:        0
HugePages_Rsvd:        0
HugePages_Surp:        0
Hugepagesize:       2048 kB
Hugetlb:               0 kB
DirectMap4k:      194432 kB
DirectMap2M:     6096896 kB
DirectMap1G:     4194304 kB
---SNAPSHOT---
2026-04-27 02:18:13
MemTotal:        8129240 kB
MemFree:         2150628 kB
MemAvailable:    1881492 kB
Buffers:            5444 kB
Cached:           310620 kB
SwapCached:       987416 kB
Active:          3789464 kB
Inactive:        1519312 kB
Active(anon):    3647256 kB
Inactive(anon):  1401364 kB
Active(file):     142208 kB
Inactive(file):   117948 kB
Unevictable:          16 kB
Mlocked:              16 kB
SwapTotal:       4194300 kB
SwapFree:        3085564 kB
Zswap:                 0 kB
Zswapped:              0 kB
Dirty:               552 kB
Writeback:           264 kB
AnonPages:       4014348 kB
Mapped:           258280 kB
Shmem:             55960 kB
KReclaimable:      56652 kB
Slab:             285080 kB
SReclaimable:      56652 kB
SUnreclaim:       228428 kB
KernelStack:       19052 kB
PageTables:        63940 kB
SecPageTables:         0 kB
NFS_Unstable:          0 kB
Bounce:                0 kB
WritebackTmp:          0 kB
CommitLimit:     8258920 kB
Committed_AS:   12053808 kB
VmallocTotal:   34359738367 kB
VmallocUsed:       47368 kB
VmallocChunk:          0 kB
Percpu:            13280 kB
HardwareCorrupted:     0 kB
AnonHugePages:   1691648 kB
ShmemHugePages:        0 kB
ShmemPmdMapped:        0 kB
FileHugePages:         0 kB
FilePmdMapped:         0 kB
CmaTotal:              0 kB
CmaFree:               0 kB
Unaccepted:            0 kB
Balloon:               0 kB
HugePages_Total:       0
HugePages_Free:        0
HugePages_Rsvd:        0
HugePages_Surp:        0
Hugepagesize:       2048 kB
Hugetlb:               0 kB
DirectMap4k:      194432 kB
DirectMap2M:     6096896 kB
DirectMap1G:     4194304 kB
---SNAPSHOT---
2026-04-27 02:18:14
MemTotal:        8129240 kB
MemFree:         2146364 kB
MemAvailable:    1877232 kB
Buffers:            5444 kB
Cached:           310624 kB
SwapCached:      1156804 kB
Active:          3621688 kB
Inactive:        1687548 kB
Active(anon):    3479480 kB
Inactive(anon):  1569588 kB
Active(file):     142208 kB
Inactive(file):   117960 kB
Unevictable:          16 kB
Mlocked:              16 kB
SwapTotal:       4194300 kB
SwapFree:        2916108 kB
Zswap:                 0 kB
Zswapped:              0 kB
Dirty:               556 kB
Writeback:           352 kB
AnonPages:       3844892 kB
Mapped:           258280 kB
Shmem:             55960 kB
KReclaimable:      56652 kB
Slab:             285092 kB
SReclaimable:      56652 kB
SUnreclaim:       228440 kB
KernelStack:       18976 kB
PageTables:        63736 kB
SecPageTables:         0 kB
NFS_Unstable:          0 kB
Bounce:                0 kB
WritebackTmp:          0 kB
CommitLimit:     8258920 kB
Committed_AS:   12053588 kB
VmallocTotal:   34359738367 kB
VmallocUsed:       47336 kB
VmallocChunk:          0 kB
Percpu:            13280 kB
HardwareCorrupted:     0 kB
AnonHugePages:   1523712 kB
ShmemHugePages:        0 kB
ShmemPmdMapped:        0 kB
FileHugePages:         0 kB
FilePmdMapped:         0 kB
CmaTotal:              0 kB
CmaFree:               0 kB
Unaccepted:            0 kB
Balloon:               0 kB
HugePages_Total:       0
HugePages_Free:        0
HugePages_Rsvd:        0
HugePages_Surp:        0
Hugepagesize:       2048 kB
Hugetlb:               0 kB
DirectMap4k:      194432 kB
DirectMap2M:     6096896 kB
DirectMap1G:     4194304 kB
---SNAPSHOT---
2026-04-27 02:18:15
MemTotal:        8129240 kB
MemFree:         2879696 kB
MemAvailable:    2610568 kB
Buffers:            5444 kB
Cached:           310632 kB
SwapCached:       116864 kB
Active:          3885064 kB
Inactive:         650356 kB
Active(anon):    3742856 kB
Inactive(anon):   532388 kB
Active(file):     142208 kB
Inactive(file):   117968 kB
Unevictable:          16 kB
Mlocked:              16 kB
SwapTotal:       4194300 kB
SwapFree:        3956116 kB
Zswap:                 0 kB
Zswapped:              0 kB
Dirty:               564 kB
Writeback:             0 kB
AnonPages:       4106600 kB
Mapped:           258280 kB
Shmem:             55960 kB
KReclaimable:      56652 kB
Slab:             285088 kB
SReclaimable:      56652 kB
SUnreclaim:       228436 kB
KernelStack:       19052 kB
PageTables:        62320 kB
SecPageTables:         0 kB
NFS_Unstable:          0 kB
Bounce:                0 kB
WritebackTmp:          0 kB
CommitLimit:     8258920 kB
Committed_AS:   12053712 kB
VmallocTotal:   34359738367 kB
VmallocUsed:       47352 kB
VmallocChunk:          0 kB
Percpu:            13280 kB
HardwareCorrupted:     0 kB
AnonHugePages:   1789952 kB
ShmemHugePages:        0 kB
ShmemPmdMapped:        0 kB
FileHugePages:         0 kB
FilePmdMapped:         0 kB
CmaTotal:              0 kB
CmaFree:               0 kB
Unaccepted:            0 kB
Balloon:               0 kB
HugePages_Total:       0
HugePages_Free:        0
HugePages_Rsvd:        0
HugePages_Surp:        0
Hugepagesize:       2048 kB
Hugetlb:               0 kB
DirectMap4k:      194432 kB
DirectMap2M:     6096896 kB
DirectMap1G:     4194304 kB
---SNAPSHOT---
2026-04-27 02:18:16
MemTotal:        8129240 kB
MemFree:         3466740 kB
MemAvailable:    3197616 kB
Buffers:            5444 kB
Cached:           310640 kB
SwapCached:       116864 kB
Active:          3309416 kB
Inactive:         650364 kB
Active(anon):    3167208 kB
Inactive(anon):   532388 kB
Active(file):     142208 kB
Inactive(file):   117976 kB
Unevictable:          16 kB
Mlocked:              16 kB
SwapTotal:       4194300 kB
SwapFree:        3956116 kB
Zswap:                 0 kB
Zswapped:              0 kB
Dirty:               572 kB
Writeback:             0 kB
AnonPages:       3531192 kB
Mapped:           258280 kB
Shmem:             55960 kB
KReclaimable:      56652 kB
Slab:             285056 kB
SReclaimable:      56652 kB
SUnreclaim:       228404 kB
KernelStack:       18992 kB
PageTables:        60720 kB
SecPageTables:         0 kB
NFS_Unstable:          0 kB
Bounce:                0 kB
WritebackTmp:          0 kB
CommitLimit:     8258920 kB
Committed_AS:   12053608 kB
VmallocTotal:   34359738367 kB
VmallocUsed:       47272 kB
VmallocChunk:          0 kB
Percpu:            13280 kB
HardwareCorrupted:     0 kB
AnonHugePages:   1214464 kB
ShmemHugePages:        0 kB
ShmemPmdMapped:        0 kB
FileHugePages:         0 kB
FilePmdMapped:         0 kB
CmaTotal:              0 kB
CmaFree:               0 kB
Unaccepted:            0 kB
Balloon:               0 kB
HugePages_Total:       0
HugePages_Free:        0
HugePages_Rsvd:        0
HugePages_Surp:        0
Hugepagesize:       2048 kB
Hugetlb:               0 kB
DirectMap4k:      194432 kB
DirectMap2M:     6096896 kB
DirectMap1G:     4194304 kB
---SNAPSHOT---
2026-04-27 02:18:17
MemTotal:        8129240 kB
MemFree:         3308272 kB
MemAvailable:    3039152 kB
Buffers:            5444 kB
Cached:           310648 kB
SwapCached:       116864 kB
Active:          3387220 kB
Inactive:         650372 kB
Active(anon):    3245012 kB
Inactive(anon):   532388 kB
Active(file):     142208 kB
Inactive(file):   117984 kB
Unevictable:          16 kB
Mlocked:              16 kB
SwapTotal:       4194300 kB
SwapFree:        3956116 kB
Zswap:                 0 kB
Zswapped:              0 kB
Dirty:               580 kB
Writeback:             0 kB
AnonPages:       3608876 kB
Mapped:           258280 kB
Shmem:             55960 kB
KReclaimable:      56652 kB
Slab:             285040 kB
SReclaimable:      56652 kB
SUnreclaim:       228388 kB
KernelStack:       18992 kB
PageTables:        60940 kB
SecPageTables:         0 kB
NFS_Unstable:          0 kB
Bounce:                0 kB
WritebackTmp:          0 kB
CommitLimit:     8258920 kB
Committed_AS:   12053576 kB
VmallocTotal:   34359738367 kB
VmallocUsed:       47272 kB
VmallocChunk:          0 kB
Percpu:            13280 kB
HardwareCorrupted:     0 kB
AnonHugePages:   1067008 kB
ShmemHugePages:        0 kB
ShmemPmdMapped:        0 kB
FileHugePages:         0 kB
FilePmdMapped:         0 kB
CmaTotal:              0 kB
CmaFree:               0 kB
Unaccepted:            0 kB
Balloon:               0 kB
HugePages_Total:       0
HugePages_Free:        0
HugePages_Rsvd:        0
HugePages_Surp:        0
Hugepagesize:       2048 kB
Hugetlb:               0 kB
DirectMap4k:      194432 kB
DirectMap2M:     6096896 kB
DirectMap1G:     4194304 kB
---SNAPSHOT---
2026-04-27 02:18:18
MemTotal:        8129240 kB
MemFree:         2705140 kB
MemAvailable:    2436024 kB
Buffers:            5452 kB
Cached:           310652 kB
SwapCached:       150976 kB
Active:          4004764 kB
Inactive:         682536 kB
Active(anon):    3862556 kB
Inactive(anon):   564544 kB
Active(file):     142208 kB
Inactive(file):   117992 kB
Unevictable:          16 kB
Mlocked:              16 kB
SwapTotal:       4194300 kB
SwapFree:        3921852 kB
Zswap:                 0 kB
Zswapped:              0 kB
Dirty:               584 kB
Writeback:          1980 kB
AnonPages:       4226828 kB
Mapped:           258280 kB
Shmem:             55960 kB
KReclaimable:      56652 kB
Slab:             285144 kB
SReclaimable:      56652 kB
SUnreclaim:       228492 kB
KernelStack:       19008 kB
PageTables:        62580 kB
SecPageTables:         0 kB
NFS_Unstable:          0 kB
Bounce:                0 kB
WritebackTmp:          0 kB
CommitLimit:     8258920 kB
Committed_AS:   12053452 kB
VmallocTotal:   34359738367 kB
VmallocUsed:       47272 kB
VmallocChunk:          0 kB
Percpu:            13280 kB
HardwareCorrupted:     0 kB
AnonHugePages:   1269760 kB
ShmemHugePages:        0 kB
ShmemPmdMapped:        0 kB
FileHugePages:         0 kB
FilePmdMapped:         0 kB
CmaTotal:              0 kB
CmaFree:               0 kB
Unaccepted:            0 kB
Balloon:               0 kB
HugePages_Total:       0
HugePages_Free:        0
HugePages_Rsvd:        0
HugePages_Surp:        0
Hugepagesize:       2048 kB
Hugetlb:               0 kB
DirectMap4k:      194432 kB
DirectMap2M:     6096896 kB
DirectMap1G:     4194304 kB
---SNAPSHOT---
2026-04-27 02:18:19
MemTotal:        8129240 kB
MemFree:         2093256 kB
MemAvailable:    1824148 kB
Buffers:            5456 kB
Cached:           310656 kB
SwapCached:       750776 kB
Active:          4028672 kB
Inactive:        1282460 kB
Active(anon):    3886464 kB
Inactive(anon):  1164456 kB
Active(file):     142208 kB
Inactive(file):   118004 kB
Unevictable:          16 kB
Mlocked:              16 kB
SwapTotal:       4194300 kB
SwapFree:        3322168 kB
Zswap:                 0 kB
Zswapped:              0 kB
Dirty:               180 kB
Writeback:          1504 kB
AnonPages:       4250912 kB
Mapped:           258280 kB
Shmem:             55960 kB
KReclaimable:      56652 kB
Slab:             285188 kB
SReclaimable:      56652 kB
SUnreclaim:       228536 kB
KernelStack:       19008 kB
PageTables:        63720 kB
SecPageTables:         0 kB
NFS_Unstable:          0 kB
Bounce:                0 kB
WritebackTmp:          0 kB
CommitLimit:     8258920 kB
Committed_AS:   12053464 kB
VmallocTotal:   34359738367 kB
VmallocUsed:       47304 kB
VmallocChunk:          0 kB
Percpu:            13280 kB
HardwareCorrupted:     0 kB
AnonHugePages:   1929216 kB
ShmemHugePages:        0 kB
ShmemPmdMapped:        0 kB
FileHugePages:         0 kB
FilePmdMapped:         0 kB
CmaTotal:              0 kB
CmaFree:               0 kB
Unaccepted:            0 kB
Balloon:               0 kB
HugePages_Total:       0
HugePages_Free:        0
HugePages_Rsvd:        0
HugePages_Surp:        0
Hugepagesize:       2048 kB
Hugetlb:               0 kB
DirectMap4k:      194432 kB
DirectMap2M:     6096896 kB
DirectMap1G:     4194304 kB
---SNAPSHOT---
2026-04-27 02:18:20
MemTotal:        8129240 kB
MemFree:         2297056 kB
MemAvailable:    2027952 kB
Buffers:            5456 kB
Cached:           310664 kB
SwapCached:       116864 kB
Active:          4409952 kB
Inactive:         650400 kB
Active(anon):    4267744 kB
Inactive(anon):   532388 kB
Active(file):     142208 kB
Inactive(file):   118012 kB
Unevictable:          16 kB
Mlocked:              16 kB
SwapTotal:       4194300 kB
SwapFree:        3956116 kB
Zswap:                 0 kB
Zswapped:              0 kB
Dirty:               188 kB
Writeback:             0 kB
AnonPages:       4631904 kB
Mapped:           258280 kB
Shmem:             55960 kB
KReclaimable:      56652 kB
Slab:             285148 kB
SReclaimable:      56652 kB
SUnreclaim:       228496 kB
KernelStack:       18992 kB
PageTables:        63104 kB
SecPageTables:         0 kB
NFS_Unstable:          0 kB
Bounce:                0 kB
WritebackTmp:          0 kB
CommitLimit:     8258920 kB
Committed_AS:   12053836 kB
VmallocTotal:   34359738367 kB
VmallocUsed:       47304 kB
VmallocChunk:          0 kB
Percpu:            13280 kB
HardwareCorrupted:     0 kB
AnonHugePages:   1925120 kB
ShmemHugePages:        0 kB
ShmemPmdMapped:        0 kB
FileHugePages:         0 kB
FilePmdMapped:         0 kB
CmaTotal:              0 kB
CmaFree:               0 kB
Unaccepted:            0 kB
Balloon:               0 kB
HugePages_Total:       0
HugePages_Free:        0
HugePages_Rsvd:        0
HugePages_Surp:        0
Hugepagesize:       2048 kB
Hugetlb:               0 kB
DirectMap4k:      194432 kB
DirectMap2M:     6096896 kB
DirectMap1G:     4194304 kB
---SNAPSHOT---
2026-04-27 02:18:21
MemTotal:        8129240 kB
MemFree:         2277120 kB
MemAvailable:    2008016 kB
Buffers:            5456 kB
Cached:           310668 kB
SwapCached:       116864 kB
Active:          4426556 kB
Inactive:         650400 kB
Active(anon):    4284348 kB
Inactive(anon):   532388 kB
Active(file):     142208 kB
Inactive(file):   118012 kB
Unevictable:          16 kB
Mlocked:              16 kB
SwapTotal:       4194300 kB
SwapFree:        3956116 kB
Zswap:                 0 kB
Zswapped:              0 kB
Dirty:               192 kB
Writeback:             0 kB
AnonPages:       4648396 kB
Mapped:           258280 kB
Shmem:             55960 kB
KReclaimable:      56652 kB
Slab:             285220 kB
SReclaimable:      56652 kB
SUnreclaim:       228568 kB
KernelStack:       18992 kB
PageTables:        63244 kB
SecPageTables:         0 kB
NFS_Unstable:          0 kB
Bounce:                0 kB
WritebackTmp:          0 kB
CommitLimit:     8258920 kB
Committed_AS:   12053556 kB
VmallocTotal:   34359738367 kB
VmallocUsed:       47336 kB
VmallocChunk:          0 kB
Percpu:            13280 kB
HardwareCorrupted:     0 kB
AnonHugePages:   1691648 kB
ShmemHugePages:        0 kB
ShmemPmdMapped:        0 kB
FileHugePages:         0 kB
FilePmdMapped:         0 kB
CmaTotal:              0 kB
CmaFree:               0 kB
Unaccepted:            0 kB
Balloon:               0 kB
HugePages_Total:       0
HugePages_Free:        0
HugePages_Rsvd:        0
HugePages_Surp:        0
Hugepagesize:       2048 kB
Hugetlb:               0 kB
DirectMap4k:      194432 kB
DirectMap2M:     6096896 kB
DirectMap1G:     4194304 kB
---SNAPSHOT---
2026-04-27 02:18:22
MemTotal:        8129240 kB
MemFree:         2615948 kB
MemAvailable:    2346848 kB
Buffers:            5456 kB
Cached:           310676 kB
SwapCached:       116864 kB
Active:          4103280 kB
Inactive:         650412 kB
Active(anon):    3961072 kB
Inactive(anon):   532388 kB
Active(file):     142208 kB
Inactive(file):   118024 kB
Unevictable:          16 kB
Mlocked:              16 kB
SwapTotal:       4194300 kB
SwapFree:        3956116 kB
Zswap:                 0 kB
Zswapped:              0 kB
Dirty:               200 kB
Writeback:             0 kB
AnonPages:       4325296 kB
Mapped:           258280 kB
Shmem:             55960 kB
KReclaimable:      56652 kB
Slab:             285228 kB
SReclaimable:      56652 kB
SUnreclaim:       228576 kB
KernelStack:       18992 kB
PageTables:        62208 kB
SecPageTables:         0 kB
NFS_Unstable:          0 kB
Bounce:                0 kB
WritebackTmp:          0 kB
CommitLimit:     8258920 kB
Committed_AS:   12053832 kB
VmallocTotal:   34359738367 kB
VmallocUsed:       47320 kB
VmallocChunk:          0 kB
Percpu:            13280 kB
HardwareCorrupted:     0 kB
AnonHugePages:   2007040 kB
ShmemHugePages:        0 kB
ShmemPmdMapped:        0 kB
FileHugePages:         0 kB
FilePmdMapped:         0 kB
CmaTotal:              0 kB
CmaFree:               0 kB
Unaccepted:            0 kB
Balloon:               0 kB
HugePages_Total:       0
HugePages_Free:        0
HugePages_Rsvd:        0
HugePages_Surp:        0
Hugepagesize:       2048 kB
Hugetlb:               0 kB
DirectMap4k:      194432 kB
DirectMap2M:     6096896 kB
DirectMap1G:     4194304 kB
---SNAPSHOT---
2026-04-27 02:18:23
MemTotal:        8129240 kB
MemFree:         3079960 kB
MemAvailable:    2810864 kB
Buffers:            5464 kB
Cached:           310672 kB
SwapCached:       116864 kB
Active:          3587944 kB
Inactive:         650416 kB
Active(anon):    3445736 kB
Inactive(anon):   532388 kB
Active(file):     142208 kB
Inactive(file):   118028 kB
Unevictable:          16 kB
Mlocked:              16 kB
SwapTotal:       4194300 kB
SwapFree:        3956116 kB
Zswap:                 0 kB
Zswapped:              0 kB
Dirty:               204 kB
Writeback:             0 kB
AnonPages:       3809692 kB
Mapped:           258280 kB
Shmem:             55960 kB
KReclaimable:      56652 kB
Slab:             285216 kB
SReclaimable:      56652 kB
SUnreclaim:       228564 kB
KernelStack:       18976 kB
PageTables:        61000 kB
SecPageTables:         0 kB
NFS_Unstable:          0 kB
Bounce:                0 kB
WritebackTmp:          0 kB
CommitLimit:     8258920 kB
Committed_AS:   12053832 kB
VmallocTotal:   34359738367 kB
VmallocUsed:       47304 kB
VmallocChunk:          0 kB
Percpu:            13280 kB
HardwareCorrupted:     0 kB
AnonHugePages:   1144832 kB
ShmemHugePages:        0 kB
ShmemPmdMapped:        0 kB
FileHugePages:         0 kB
FilePmdMapped:         0 kB
CmaTotal:              0 kB
CmaFree:               0 kB
Unaccepted:            0 kB
Balloon:               0 kB
HugePages_Total:       0
HugePages_Free:        0
HugePages_Rsvd:        0
HugePages_Surp:        0
Hugepagesize:       2048 kB
Hugetlb:               0 kB
DirectMap4k:      194432 kB
DirectMap2M:     6096896 kB
DirectMap1G:     4194304 kB
---SNAPSHOT---
2026-04-27 02:18:24
MemTotal:        8129240 kB
MemFree:         3746096 kB
MemAvailable:    3477008 kB
Buffers:            5464 kB
Cached:           310696 kB
SwapCached:       116864 kB
Active:          3008188 kB
Inactive:         650432 kB
Active(anon):    2865980 kB
Inactive(anon):   532388 kB
Active(file):     142208 kB
Inactive(file):   118044 kB
Unevictable:          16 kB
Mlocked:              16 kB
SwapTotal:       4194300 kB
SwapFree:        3956116 kB
Zswap:                 0 kB
Zswapped:              0 kB
Dirty:                36 kB
Writeback:             0 kB
AnonPages:       3230072 kB
Mapped:           258280 kB
Shmem:             55960 kB
KReclaimable:      56652 kB
Slab:             285240 kB
SReclaimable:      56652 kB
SUnreclaim:       228588 kB
KernelStack:       18992 kB
PageTables:        60336 kB
SecPageTables:         0 kB
NFS_Unstable:          0 kB
Bounce:                0 kB
WritebackTmp:          0 kB
CommitLimit:     8258920 kB
Committed_AS:   12053704 kB
VmallocTotal:   34359738367 kB
VmallocUsed:       47336 kB
VmallocChunk:          0 kB
Percpu:            13280 kB
HardwareCorrupted:     0 kB
AnonHugePages:    913408 kB
ShmemHugePages:        0 kB
ShmemPmdMapped:        0 kB
FileHugePages:         0 kB
FilePmdMapped:         0 kB
CmaTotal:              0 kB
CmaFree:               0 kB
Unaccepted:            0 kB
Balloon:               0 kB
HugePages_Total:       0
HugePages_Free:        0
HugePages_Rsvd:        0
HugePages_Surp:        0
Hugepagesize:       2048 kB
Hugetlb:               0 kB
DirectMap4k:      194432 kB
DirectMap2M:     6096896 kB
DirectMap1G:     4194304 kB
---SNAPSHOT---
2026-04-27 02:18:25
MemTotal:        8129240 kB
MemFree:         2754196 kB
MemAvailable:    2485116 kB
Buffers:            5464 kB
Cached:           310704 kB
SwapCached:       116864 kB
Active:          3951584 kB
Inactive:         650448 kB
Active(anon):    3809376 kB
Inactive(anon):   532388 kB
Active(file):     142208 kB
Inactive(file):   118060 kB
Unevictable:          16 kB
Mlocked:              16 kB
SwapTotal:       4194300 kB
SwapFree:        3956116 kB
Zswap:                 0 kB
Zswapped:              0 kB
Dirty:                52 kB
Writeback:             0 kB
AnonPages:       4173508 kB
Mapped:           258280 kB
Shmem:             55960 kB
KReclaimable:      56652 kB
Slab:             285236 kB
SReclaimable:      56652 kB
SUnreclaim:       228584 kB
KernelStack:       19052 kB
PageTables:        62280 kB
SecPageTables:         0 kB
NFS_Unstable:          0 kB
Bounce:                0 kB
WritebackTmp:          0 kB
CommitLimit:     8258920 kB
Committed_AS:   12053940 kB
VmallocTotal:   34359738367 kB
VmallocUsed:       47352 kB
VmallocChunk:          0 kB
Percpu:            13280 kB
HardwareCorrupted:     0 kB
AnonHugePages:   1853440 kB
ShmemHugePages:        0 kB
ShmemPmdMapped:        0 kB
FileHugePages:         0 kB
FilePmdMapped:         0 kB
CmaTotal:              0 kB
CmaFree:               0 kB
Unaccepted:            0 kB
Balloon:               0 kB
HugePages_Total:       0
HugePages_Free:        0
HugePages_Rsvd:        0
HugePages_Surp:        0
Hugepagesize:       2048 kB
Hugetlb:               0 kB
DirectMap4k:      194432 kB
DirectMap2M:     6096896 kB
DirectMap1G:     4194304 kB
---SNAPSHOT---
2026-04-27 02:18:26
MemTotal:        8129240 kB
MemFree:         2387524 kB
MemAvailable:    2118444 kB
Buffers:            5464 kB
Cached:           310708 kB
SwapCached:       123704 kB
Active:          4331284 kB
Inactive:         655012 kB
Active(anon):    4189076 kB
Inactive(anon):   536948 kB
Active(file):     142208 kB
Inactive(file):   118064 kB
Unevictable:          16 kB
Mlocked:              16 kB
SwapTotal:       4194300 kB
SwapFree:        3949216 kB
Zswap:                 0 kB
Zswapped:              0 kB
Dirty:                56 kB
Writeback:          2280 kB
AnonPages:       4553000 kB
Mapped:           258280 kB
Shmem:             55960 kB
KReclaimable:      56652 kB
Slab:             285268 kB
SReclaimable:      56652 kB
SUnreclaim:       228616 kB
KernelStack:       19052 kB
PageTables:        63212 kB
SecPageTables:         0 kB
NFS_Unstable:          0 kB
Bounce:                0 kB
WritebackTmp:          0 kB
CommitLimit:     8258920 kB
Committed_AS:   12054048 kB
VmallocTotal:   34359738367 kB
VmallocUsed:       47368 kB
VmallocChunk:          0 kB
Percpu:            13280 kB
HardwareCorrupted:     0 kB
AnonHugePages:   2232320 kB
ShmemHugePages:        0 kB
ShmemPmdMapped:        0 kB
FileHugePages:         0 kB
FilePmdMapped:         0 kB
CmaTotal:              0 kB
CmaFree:               0 kB
Unaccepted:            0 kB
Balloon:               0 kB
HugePages_Total:       0
HugePages_Free:        0
HugePages_Rsvd:        0
HugePages_Surp:        0
Hugepagesize:       2048 kB
Hugetlb:               0 kB
DirectMap4k:      194432 kB
DirectMap2M:     6096896 kB
DirectMap1G:     4194304 kB
---SNAPSHOT---
2026-04-27 02:18:27
MemTotal:        8129240 kB
MemFree:         2545692 kB
MemAvailable:    2276616 kB
Buffers:            5464 kB
Cached:           310716 kB
SwapCached:       716808 kB
Active:          3622384 kB
Inactive:        1249364 kB
Active(anon):    3480176 kB
Inactive(anon):  1131292 kB
Active(file):     142208 kB
Inactive(file):   118072 kB
Unevictable:          16 kB
Mlocked:              16 kB
SwapTotal:       4194300 kB
SwapFree:        3356096 kB
Zswap:                 0 kB
Zswapped:              0 kB
Dirty:                64 kB
Writeback:           960 kB
AnonPages:       3844968 kB
Mapped:           258280 kB
Shmem:             55960 kB
KReclaimable:      56652 kB
Slab:             285312 kB
SReclaimable:      56652 kB
SUnreclaim:       228660 kB
KernelStack:       19068 kB
PageTables:        62824 kB
SecPageTables:         0 kB
NFS_Unstable:          0 kB
Bounce:                0 kB
WritebackTmp:          0 kB
CommitLimit:     8258920 kB
Committed_AS:   12053800 kB
VmallocTotal:   34359738367 kB
VmallocUsed:       47368 kB
VmallocChunk:          0 kB
Percpu:            13280 kB
HardwareCorrupted:     0 kB
AnonHugePages:   1523712 kB
ShmemHugePages:        0 kB
ShmemPmdMapped:        0 kB
FileHugePages:         0 kB
FilePmdMapped:         0 kB
CmaTotal:              0 kB
CmaFree:               0 kB
Unaccepted:            0 kB
Balloon:               0 kB
HugePages_Total:       0
HugePages_Free:        0
HugePages_Rsvd:        0
HugePages_Surp:        0
Hugepagesize:       2048 kB
Hugetlb:               0 kB
DirectMap4k:      194432 kB
DirectMap2M:     6096896 kB
DirectMap1G:     4194304 kB
---SNAPSHOT---
2026-04-27 02:18:28
MemTotal:        8129240 kB
MemFree:         3374704 kB
MemAvailable:    3105632 kB
Buffers:            5472 kB
Cached:           310720 kB
SwapCached:       339588 kB
Active:          3145592 kB
Inactive:         860740 kB
Active(anon):    3003384 kB
Inactive(anon):   742660 kB
Active(file):     142208 kB
Inactive(file):   118080 kB
Unevictable:          16 kB
Mlocked:              16 kB
SwapTotal:       4194300 kB
SwapFree:        3733392 kB
Zswap:                 0 kB
Zswapped:              0 kB
Dirty:                68 kB
Writeback:         12452 kB
AnonPages:       3357092 kB
Mapped:           258380 kB
Shmem:             55960 kB
KReclaimable:      56652 kB
Slab:             286432 kB
SReclaimable:      56652 kB
SUnreclaim:       229780 kB
KernelStack:       19004 kB
PageTables:        60820 kB
SecPageTables:         0 kB
NFS_Unstable:          0 kB
Bounce:                0 kB
WritebackTmp:          0 kB
CommitLimit:     8258920 kB
Committed_AS:   12053544 kB
VmallocTotal:   34359738367 kB
VmallocUsed:       47352 kB
VmallocChunk:          0 kB
Percpu:            13280 kB
HardwareCorrupted:     0 kB
AnonHugePages:   1038336 kB
ShmemHugePages:        0 kB
ShmemPmdMapped:        0 kB
FileHugePages:         0 kB
FilePmdMapped:         0 kB
CmaTotal:              0 kB
CmaFree:               0 kB
Unaccepted:            0 kB
Balloon:               0 kB
HugePages_Total:       0
HugePages_Free:        0
HugePages_Rsvd:        0
HugePages_Surp:        0
Hugepagesize:       2048 kB
Hugetlb:               0 kB
DirectMap4k:      194432 kB
DirectMap2M:     6096896 kB
DirectMap1G:     4194304 kB
---SNAPSHOT---
2026-04-27 02:18:30
MemTotal:        8129240 kB
MemFree:         2381720 kB
MemAvailable:    2112652 kB
Buffers:            5472 kB
Cached:           310724 kB
SwapCached:       714296 kB
Active:          3810956 kB
Inactive:        1229724 kB
Active(anon):    3668748 kB
Inactive(anon):  1111640 kB
Active(file):     142208 kB
Inactive(file):   118084 kB
Unevictable:          16 kB
Mlocked:              16 kB
SwapTotal:       4194300 kB
SwapFree:        3358612 kB
Zswap:                 0 kB
Zswapped:              0 kB
Dirty:                80 kB
Writeback:         17844 kB
AnonPages:       4015212 kB
Mapped:           258280 kB
Shmem:             55960 kB
KReclaimable:      56652 kB
Slab:             286376 kB
SReclaimable:      56652 kB
SUnreclaim:       229724 kB
KernelStack:       19052 kB
PageTables:        62564 kB
SecPageTables:         0 kB
NFS_Unstable:          0 kB
Bounce:                0 kB
WritebackTmp:          0 kB
CommitLimit:     8258920 kB
Committed_AS:   12053968 kB
VmallocTotal:   34359738367 kB
VmallocUsed:       47352 kB
VmallocChunk:          0 kB
Percpu:            13280 kB
HardwareCorrupted:     0 kB
AnonHugePages:   1695744 kB
ShmemHugePages:        0 kB
ShmemPmdMapped:        0 kB
FileHugePages:         0 kB
FilePmdMapped:         0 kB
CmaTotal:              0 kB
CmaFree:               0 kB
Unaccepted:            0 kB
Balloon:               0 kB
HugePages_Total:       0
HugePages_Free:        0
HugePages_Rsvd:        0
HugePages_Surp:        0
Hugepagesize:       2048 kB
Hugetlb:               0 kB
DirectMap4k:      194432 kB
DirectMap2M:     6096896 kB
DirectMap1G:     4194304 kB
---SNAPSHOT---
2026-04-27 02:18:31
MemTotal:        8129240 kB
MemFree:         2594700 kB
MemAvailable:    2325636 kB
Buffers:            5472 kB
Cached:           310732 kB
SwapCached:       644104 kB
Active:          3625020 kB
Inactive:        1176828 kB
Active(anon):    3482812 kB
Inactive(anon):  1058732 kB
Active(file):     142208 kB
Inactive(file):   118096 kB
Unevictable:          16 kB
Mlocked:              16 kB
SwapTotal:       4194300 kB
SwapFree:        3428716 kB
Zswap:                 0 kB
Zswapped:              0 kB
Dirty:                88 kB
Writeback:           924 kB
AnonPages:       3847864 kB
Mapped:           258280 kB
Shmem:             55960 kB
KReclaimable:      56652 kB
Slab:             285948 kB
SReclaimable:      56652 kB
SUnreclaim:       229296 kB
KernelStack:       19052 kB
PageTables:        62868 kB
SecPageTables:         0 kB
NFS_Unstable:          0 kB
Bounce:                0 kB
WritebackTmp:          0 kB
CommitLimit:     8258920 kB
Committed_AS:   12053700 kB
VmallocTotal:   34359738367 kB
VmallocUsed:       47352 kB
VmallocChunk:          0 kB
Percpu:            13280 kB
HardwareCorrupted:     0 kB
AnonHugePages:   1529856 kB
ShmemHugePages:        0 kB
ShmemPmdMapped:        0 kB
FileHugePages:         0 kB
FilePmdMapped:         0 kB
CmaTotal:              0 kB
CmaFree:               0 kB
Unaccepted:            0 kB
Balloon:               0 kB
HugePages_Total:       0
HugePages_Free:        0
HugePages_Rsvd:        0
HugePages_Surp:        0
Hugepagesize:       2048 kB
Hugetlb:               0 kB
DirectMap4k:      194432 kB
DirectMap2M:     6096896 kB
DirectMap1G:     4194304 kB
---SNAPSHOT---
2026-04-27 02:18:32
MemTotal:        8129240 kB
MemFree:         2519564 kB
MemAvailable:    2250504 kB
Buffers:            5472 kB
Cached:           310736 kB
SwapCached:       448644 kB
Active:          3917200 kB
Inactive:         966636 kB
Active(anon):    3774992 kB
Inactive(anon):   848536 kB
Active(file):     142208 kB
Inactive(file):   118100 kB
Unevictable:          16 kB
Mlocked:              16 kB
SwapTotal:       4194300 kB
SwapFree:        3624336 kB
Zswap:                 0 kB
Zswapped:              0 kB
Dirty:                92 kB
Writeback:         15588 kB
AnonPages:       4125508 kB
Mapped:           258508 kB
Shmem:             55960 kB
KReclaimable:      56652 kB
Slab:             286344 kB
SReclaimable:      56652 kB
SUnreclaim:       229692 kB
KernelStack:       19052 kB
PageTables:        62668 kB
SecPageTables:         0 kB
NFS_Unstable:          0 kB
Bounce:                0 kB
WritebackTmp:          0 kB
CommitLimit:     8258920 kB
Committed_AS:   12053612 kB
VmallocTotal:   34359738367 kB
VmallocUsed:       47352 kB
VmallocChunk:          0 kB
Percpu:            13280 kB
HardwareCorrupted:     0 kB
AnonHugePages:   1806336 kB
ShmemHugePages:        0 kB
ShmemPmdMapped:        0 kB
FileHugePages:         0 kB
FilePmdMapped:         0 kB
CmaTotal:              0 kB
CmaFree:               0 kB
Unaccepted:            0 kB
Balloon:               0 kB
HugePages_Total:       0
HugePages_Free:        0
HugePages_Rsvd:        0
HugePages_Surp:        0
Hugepagesize:       2048 kB
Hugetlb:               0 kB
DirectMap4k:      194432 kB
DirectMap2M:     6096896 kB
DirectMap1G:     4194304 kB
---SNAPSHOT---
2026-04-27 02:18:33
MemTotal:        8129240 kB
MemFree:         2743608 kB
MemAvailable:    2474548 kB
Buffers:            5472 kB
Cached:           310744 kB
SwapCached:       464004 kB
Active:          3677000 kB
Inactive:         976876 kB
Active(anon):    3534792 kB
Inactive(anon):   858772 kB
Active(file):     142208 kB
Inactive(file):   118104 kB
Unevictable:          16 kB
Mlocked:              16 kB
SwapTotal:       4194300 kB
SwapFree:        3608976 kB
Zswap:                 0 kB
Zswapped:              0 kB
Dirty:               100 kB
Writeback:         20704 kB
AnonPages:       3880568 kB
Mapped:           258280 kB
Shmem:             55960 kB
KReclaimable:      56652 kB
Slab:             286732 kB
SReclaimable:      56652 kB
SUnreclaim:       230080 kB
KernelStack:       19052 kB
PageTables:        61892 kB
SecPageTables:         0 kB
NFS_Unstable:          0 kB
Bounce:                0 kB
WritebackTmp:          0 kB
CommitLimit:     8258920 kB
Committed_AS:   12053700 kB
VmallocTotal:   34359738367 kB
VmallocUsed:       47304 kB
VmallocChunk:          0 kB
Percpu:            13280 kB
HardwareCorrupted:     0 kB
AnonHugePages:   1075200 kB
ShmemHugePages:        0 kB
ShmemPmdMapped:        0 kB
FileHugePages:         0 kB
FilePmdMapped:         0 kB
CmaTotal:              0 kB
CmaFree:               0 kB
Unaccepted:            0 kB
Balloon:               0 kB
HugePages_Total:       0
HugePages_Free:        0
HugePages_Rsvd:        0
HugePages_Surp:        0
Hugepagesize:       2048 kB
Hugetlb:               0 kB
DirectMap4k:      194432 kB
DirectMap2M:     6096896 kB
DirectMap1G:     4194304 kB
---SNAPSHOT---
2026-04-27 02:18:35
MemTotal:        8129240 kB
MemFree:         2453788 kB
MemAvailable:    2184736 kB
Buffers:            5480 kB
Cached:           310752 kB
SwapCached:       479364 kB
Active:          3957364 kB
Inactive:        1002556 kB
Active(anon):    3815156 kB
Inactive(anon):   884436 kB
Active(file):     142208 kB
Inactive(file):   118120 kB
Unevictable:          16 kB
Mlocked:              16 kB
SwapTotal:       4194300 kB
SwapFree:        3593616 kB
Zswap:                 0 kB
Zswapped:              0 kB
Dirty:               112 kB
Writeback:         10396 kB
AnonPages:       4170848 kB
Mapped:           258380 kB
Shmem:             55960 kB
KReclaimable:      56652 kB
Slab:             286524 kB
SReclaimable:      56652 kB
SUnreclaim:       229872 kB
KernelStack:       19036 kB
PageTables:        63028 kB
SecPageTables:         0 kB
NFS_Unstable:          0 kB
Bounce:                0 kB
WritebackTmp:          0 kB
CommitLimit:     8258920 kB
Committed_AS:   12206016 kB
VmallocTotal:   34359738367 kB
VmallocUsed:       47288 kB
VmallocChunk:          0 kB
Percpu:            13280 kB
HardwareCorrupted:     0 kB
AnonHugePages:   1562624 kB
ShmemHugePages:        0 kB
ShmemPmdMapped:        0 kB
FileHugePages:         0 kB
FilePmdMapped:         0 kB
CmaTotal:              0 kB
CmaFree:               0 kB
Unaccepted:            0 kB
Balloon:               0 kB
HugePages_Total:       0
HugePages_Free:        0
HugePages_Rsvd:        0
HugePages_Surp:        0
Hugepagesize:       2048 kB
Hugetlb:               0 kB
DirectMap4k:      194432 kB
DirectMap2M:     6096896 kB
DirectMap1G:     4194304 kB
---SNAPSHOT---
2026-04-27 02:18:36
MemTotal:        8129240 kB
MemFree:         2960560 kB
MemAvailable:    2691516 kB
Buffers:            5480 kB
Cached:           310760 kB
SwapCached:       116864 kB
Active:          3747456 kB
Inactive:         650520 kB
Active(anon):    3605248 kB
Inactive(anon):   532388 kB
Active(file):     142208 kB
Inactive(file):   118132 kB
Unevictable:          16 kB
Mlocked:              16 kB
SwapTotal:       4194300 kB
SwapFree:        3956116 kB
Zswap:                 0 kB
Zswapped:              0 kB
Dirty:               124 kB
Writeback:             0 kB
AnonPages:       3969412 kB
Mapped:           258280 kB
Shmem:             55960 kB
KReclaimable:      56652 kB
Slab:             285256 kB
SReclaimable:      56652 kB
SUnreclaim:       228604 kB
KernelStack:       18992 kB
PageTables:        61820 kB
SecPageTables:         0 kB
NFS_Unstable:          0 kB
Bounce:                0 kB
WritebackTmp:          0 kB
CommitLimit:     8258920 kB
Committed_AS:   12053700 kB
VmallocTotal:   34359738367 kB
VmallocUsed:       47240 kB
VmallocChunk:          0 kB
Percpu:            13280 kB
HardwareCorrupted:     0 kB
AnonHugePages:    651264 kB
ShmemHugePages:        0 kB
ShmemPmdMapped:        0 kB
FileHugePages:         0 kB
FilePmdMapped:         0 kB
CmaTotal:              0 kB
CmaFree:               0 kB
Unaccepted:            0 kB
Balloon:               0 kB
HugePages_Total:       0
HugePages_Free:        0
HugePages_Rsvd:        0
HugePages_Surp:        0
Hugepagesize:       2048 kB
Hugetlb:               0 kB
DirectMap4k:      194432 kB
DirectMap2M:     6096896 kB
DirectMap1G:     4194304 kB
---SNAPSHOT---
2026-04-27 02:18:37
MemTotal:        8129240 kB
MemFree:         2443784 kB
MemAvailable:    2175196 kB
Buffers:            5480 kB
Cached:           310768 kB
SwapCached:       116864 kB
Active:          4292096 kB
Inactive:         650524 kB
Active(anon):    4149888 kB
Inactive(anon):   532388 kB
Active(file):     142208 kB
Inactive(file):   118136 kB
Unevictable:          16 kB
Mlocked:              16 kB
SwapTotal:       4194300 kB
SwapFree:        3956116 kB
Zswap:                 0 kB
Zswapped:              0 kB
Dirty:               132 kB
Writeback:             0 kB
AnonPages:       4497336 kB
Mapped:           258280 kB
Shmem:             55960 kB
KReclaimable:      56652 kB
Slab:             285252 kB
SReclaimable:      56652 kB
SUnreclaim:       228600 kB
KernelStack:       19020 kB
PageTables:        63900 kB
SecPageTables:         0 kB
NFS_Unstable:          0 kB
Bounce:                0 kB
WritebackTmp:          0 kB
CommitLimit:     8258920 kB
Committed_AS:   12053832 kB
VmallocTotal:   34359738367 kB
VmallocUsed:       47320 kB
VmallocChunk:          0 kB
Percpu:            13280 kB
HardwareCorrupted:     0 kB
AnonHugePages:   1288192 kB
ShmemHugePages:        0 kB
ShmemPmdMapped:        0 kB
FileHugePages:         0 kB
FilePmdMapped:         0 kB
CmaTotal:              0 kB
CmaFree:               0 kB
Unaccepted:            0 kB
Balloon:               0 kB
HugePages_Total:       0
HugePages_Free:        0
HugePages_Rsvd:        0
HugePages_Surp:        0
Hugepagesize:       2048 kB
Hugetlb:               0 kB
DirectMap4k:      194432 kB
DirectMap2M:     6096896 kB
DirectMap1G:     4194304 kB
---SNAPSHOT---
2026-04-27 02:18:38
MemTotal:        8129240 kB
MemFree:         2076196 kB
MemAvailable:    1807156 kB
Buffers:            5480 kB
Cached:           310772 kB
SwapCached:       116864 kB
Active:          4662592 kB
Inactive:         650532 kB
Active(anon):    4520384 kB
Inactive(anon):   532388 kB
Active(file):     142208 kB
Inactive(file):   118144 kB
Unevictable:          16 kB
Mlocked:              16 kB
SwapTotal:       4194300 kB
SwapFree:        3956116 kB
Zswap:                 0 kB
Zswapped:              0 kB
Dirty:               136 kB
Writeback:             0 kB
AnonPages:       4884200 kB
Mapped:           258280 kB
Shmem:             55960 kB
KReclaimable:      56652 kB
Slab:             285268 kB
SReclaimable:      56652 kB
SUnreclaim:       228616 kB
KernelStack:       18992 kB
PageTables:        64172 kB
SecPageTables:         0 kB
NFS_Unstable:          0 kB
Bounce:                0 kB
WritebackTmp:          0 kB
CommitLimit:     8258920 kB
Committed_AS:   12053700 kB
VmallocTotal:   34359738367 kB
VmallocUsed:       47320 kB
VmallocChunk:          0 kB
Percpu:            13280 kB
HardwareCorrupted:     0 kB
AnonHugePages:   2562048 kB
ShmemHugePages:        0 kB
ShmemPmdMapped:        0 kB
FileHugePages:         0 kB
FilePmdMapped:         0 kB
CmaTotal:              0 kB
CmaFree:               0 kB
Unaccepted:            0 kB
Balloon:               0 kB
HugePages_Total:       0
HugePages_Free:        0
HugePages_Rsvd:        0
HugePages_Surp:        0
Hugepagesize:       2048 kB
Hugetlb:               0 kB
DirectMap4k:      194432 kB
DirectMap2M:     6096896 kB
DirectMap1G:     4194304 kB
---SNAPSHOT---
2026-04-27 02:18:39
MemTotal:        8129240 kB
MemFree:         2182692 kB
MemAvailable:    1913656 kB
Buffers:            5488 kB
Cached:           310772 kB
SwapCached:       116864 kB
Active:          4561332 kB
Inactive:         650540 kB
Active(anon):    4419124 kB
Inactive(anon):   532388 kB
Active(file):     142208 kB
Inactive(file):   118152 kB
Unevictable:          16 kB
Mlocked:              16 kB
SwapTotal:       4194300 kB
SwapFree:        3956116 kB
Zswap:                 0 kB
Zswapped:              0 kB
Dirty:               144 kB
Writeback:             0 kB
AnonPages:       4783120 kB
Mapped:           258280 kB
Shmem:             55960 kB
KReclaimable:      56652 kB
Slab:             285276 kB
SReclaimable:      56652 kB
SUnreclaim:       228624 kB
KernelStack:       19020 kB
PageTables:        63720 kB
SecPageTables:         0 kB
NFS_Unstable:          0 kB
Bounce:                0 kB
WritebackTmp:          0 kB
CommitLimit:     8258920 kB
Committed_AS:   12053832 kB
VmallocTotal:   34359738367 kB
VmallocUsed:       47272 kB
VmallocChunk:          0 kB
Percpu:            13280 kB
HardwareCorrupted:     0 kB
AnonHugePages:   2463744 kB
ShmemHugePages:        0 kB
ShmemPmdMapped:        0 kB
FileHugePages:         0 kB
FilePmdMapped:         0 kB
CmaTotal:              0 kB
CmaFree:               0 kB
Unaccepted:            0 kB
Balloon:               0 kB
HugePages_Total:       0
HugePages_Free:        0
HugePages_Rsvd:        0
HugePages_Surp:        0
Hugepagesize:       2048 kB
Hugetlb:               0 kB
DirectMap4k:      194432 kB
DirectMap2M:     6096896 kB
DirectMap1G:     4194304 kB
---SNAPSHOT---
2026-04-27 02:18:40
MemTotal:        8129240 kB
MemFree:         2427628 kB
MemAvailable:    2158596 kB
Buffers:            5488 kB
Cached:           310784 kB
SwapCached:       116864 kB
Active:          4328368 kB
Inactive:         650008 kB
Active(anon):    4186160 kB
Inactive(anon):   531848 kB
Active(file):     142208 kB
Inactive(file):   118160 kB
Unevictable:          16 kB
Mlocked:              16 kB
SwapTotal:       4194300 kB
SwapFree:        3956116 kB
Zswap:                 0 kB
Zswapped:              0 kB
Dirty:               148 kB
Writeback:             0 kB
AnonPages:       4549512 kB
Mapped:           258280 kB
Shmem:             55960 kB
KReclaimable:      56652 kB
Slab:             285276 kB
SReclaimable:      56652 kB
SUnreclaim:       228624 kB
KernelStack:       19112 kB
PageTables:        63384 kB
SecPageTables:         0 kB
NFS_Unstable:          0 kB
Bounce:                0 kB
WritebackTmp:          0 kB
CommitLimit:     8258920 kB
Committed_AS:   12206016 kB
VmallocTotal:   34359738367 kB
VmallocUsed:       47336 kB
VmallocChunk:          0 kB
Percpu:            13280 kB
HardwareCorrupted:     0 kB
AnonHugePages:   2232320 kB
ShmemHugePages:        0 kB
ShmemPmdMapped:        0 kB
FileHugePages:         0 kB
FilePmdMapped:         0 kB
CmaTotal:              0 kB
CmaFree:               0 kB
Unaccepted:            0 kB
Balloon:               0 kB
HugePages_Total:       0
HugePages_Free:        0
HugePages_Rsvd:        0
HugePages_Surp:        0
Hugepagesize:       2048 kB
Hugetlb:               0 kB
DirectMap4k:      194432 kB
DirectMap2M:     6096896 kB
DirectMap1G:     4194304 kB
---SNAPSHOT---
2026-04-27 02:18:41
MemTotal:        8129240 kB
MemFree:         2880912 kB
MemAvailable:    2611884 kB
Buffers:            5488 kB
Cached:           310788 kB
SwapCached:       116864 kB
Active:          3888424 kB
Inactive:         650016 kB
Active(anon):    3746216 kB
Inactive(anon):   531848 kB
Active(file):     142208 kB
Inactive(file):   118168 kB
Unevictable:          16 kB
Mlocked:              16 kB
SwapTotal:       4194300 kB
SwapFree:        3956116 kB
Zswap:                 0 kB
Zswapped:              0 kB
Dirty:               152 kB
Writeback:             0 kB
AnonPages:       4109464 kB
Mapped:           258508 kB
Shmem:             55960 kB
KReclaimable:      56652 kB
Slab:             285288 kB
SReclaimable:      56652 kB
SUnreclaim:       228636 kB
KernelStack:       18992 kB
PageTables:        62336 kB
SecPageTables:         0 kB
NFS_Unstable:          0 kB
Bounce:                0 kB
WritebackTmp:          0 kB
CommitLimit:     8258920 kB
Committed_AS:   12053944 kB
VmallocTotal:   34359738367 kB
VmallocUsed:       47304 kB
VmallocChunk:          0 kB
Percpu:            13280 kB
HardwareCorrupted:     0 kB
AnonHugePages:   1792000 kB
ShmemHugePages:        0 kB
ShmemPmdMapped:        0 kB
FileHugePages:         0 kB
FilePmdMapped:         0 kB
CmaTotal:              0 kB
CmaFree:               0 kB
Unaccepted:            0 kB
Balloon:               0 kB
HugePages_Total:       0
HugePages_Free:        0
HugePages_Rsvd:        0
HugePages_Surp:        0
Hugepagesize:       2048 kB
Hugetlb:               0 kB
DirectMap4k:      194432 kB
DirectMap2M:     6096896 kB
DirectMap1G:     4194304 kB
---SNAPSHOT---
2026-04-27 02:18:42
MemTotal:        8129240 kB
MemFree:         3359840 kB
MemAvailable:    3090816 kB
Buffers:            5488 kB
Cached:           310796 kB
SwapCached:       116864 kB
Active:          3409780 kB
Inactive:         650020 kB
Active(anon):    3267572 kB
Inactive(anon):   531848 kB
Active(file):     142208 kB
Inactive(file):   118172 kB
Unevictable:          16 kB
Mlocked:              16 kB
SwapTotal:       4194300 kB
SwapFree:        3956116 kB
Zswap:                 0 kB
Zswapped:              0 kB
Dirty:               160 kB
Writeback:             0 kB
AnonPages:       3631128 kB
Mapped:           258280 kB
Shmem:             55960 kB
KReclaimable:      56652 kB
Slab:             285216 kB
SReclaimable:      56652 kB
SUnreclaim:       228564 kB
KernelStack:       18992 kB
PageTables:        60876 kB
SecPageTables:         0 kB
NFS_Unstable:          0 kB
Bounce:                0 kB
WritebackTmp:          0 kB
CommitLimit:     8258920 kB
Committed_AS:   12053604 kB
VmallocTotal:   34359738367 kB
VmallocUsed:       47304 kB
VmallocChunk:          0 kB
Percpu:            13280 kB
HardwareCorrupted:     0 kB
AnonHugePages:   1314816 kB
ShmemHugePages:        0 kB
ShmemPmdMapped:        0 kB
FileHugePages:         0 kB
FilePmdMapped:         0 kB
CmaTotal:              0 kB
CmaFree:               0 kB
Unaccepted:            0 kB
Balloon:               0 kB
HugePages_Total:       0
HugePages_Free:        0
HugePages_Rsvd:        0
HugePages_Surp:        0
Hugepagesize:       2048 kB
Hugetlb:               0 kB
DirectMap4k:      194432 kB
DirectMap2M:     6096896 kB
DirectMap1G:     4194304 kB
---SNAPSHOT---
2026-04-27 02:18:43
MemTotal:        8129240 kB
MemFree:         3813536 kB
MemAvailable:    3544512 kB
Buffers:            5488 kB
Cached:           310800 kB
SwapCached:       116864 kB
Active:          2969700 kB
Inactive:         650024 kB
Active(anon):    2827492 kB
Inactive(anon):   531848 kB
Active(file):     142208 kB
Inactive(file):   118176 kB
Unevictable:          16 kB
Mlocked:              16 kB
SwapTotal:       4194300 kB
SwapFree:        3956116 kB
Zswap:                 0 kB
Zswapped:              0 kB
Dirty:               164 kB
Writeback:             0 kB
AnonPages:       3190796 kB
Mapped:           258280 kB
Shmem:             55960 kB
KReclaimable:      56652 kB
Slab:             285204 kB
SReclaimable:      56652 kB
SUnreclaim:       228552 kB
KernelStack:       18992 kB
PageTables:        61132 kB
SecPageTables:         0 kB
NFS_Unstable:          0 kB
Bounce:                0 kB
WritebackTmp:          0 kB
CommitLimit:     8258920 kB
Committed_AS:   12053944 kB
VmallocTotal:   34359738367 kB
VmallocUsed:       47320 kB
VmallocChunk:          0 kB
Percpu:            13280 kB
HardwareCorrupted:     0 kB
AnonHugePages:    874496 kB
ShmemHugePages:        0 kB
ShmemPmdMapped:        0 kB
FileHugePages:         0 kB
FilePmdMapped:         0 kB
CmaTotal:              0 kB
CmaFree:               0 kB
Unaccepted:            0 kB
Balloon:               0 kB
HugePages_Total:       0
HugePages_Free:        0
HugePages_Rsvd:        0
HugePages_Surp:        0
Hugepagesize:       2048 kB
Hugetlb:               0 kB
DirectMap4k:      194432 kB
DirectMap2M:     6096896 kB
DirectMap1G:     4194304 kB
---SNAPSHOT---
2026-04-27 02:18:44
MemTotal:        8129240 kB
MemFree:         4087160 kB
MemAvailable:    3818144 kB
Buffers:            5496 kB
Cached:           310800 kB
SwapCached:       116864 kB
Active:          2582208 kB
Inactive:         650036 kB
Active(anon):    2440000 kB
Inactive(anon):   531848 kB
Active(file):     142208 kB
Inactive(file):   118188 kB
Unevictable:          16 kB
Mlocked:              16 kB
SwapTotal:       4194300 kB
SwapFree:        3956116 kB
Zswap:                 0 kB
Zswapped:              0 kB
Dirty:               172 kB
Writeback:             0 kB
AnonPages:       2803408 kB
Mapped:           258280 kB
Shmem:             55960 kB
KReclaimable:      56652 kB
Slab:             285208 kB
SReclaimable:      56652 kB
SUnreclaim:       228556 kB
KernelStack:       18976 kB
PageTables:        60560 kB
SecPageTables:         0 kB
NFS_Unstable:          0 kB
Bounce:                0 kB
WritebackTmp:          0 kB
CommitLimit:     8258920 kB
Committed_AS:   12053604 kB
VmallocTotal:   34359738367 kB
VmallocUsed:       47272 kB
VmallocChunk:          0 kB
Percpu:            13280 kB
HardwareCorrupted:     0 kB
AnonHugePages:    487424 kB
ShmemHugePages:        0 kB
ShmemPmdMapped:        0 kB
FileHugePages:         0 kB
FilePmdMapped:         0 kB
CmaTotal:              0 kB
CmaFree:               0 kB
Unaccepted:            0 kB
Balloon:               0 kB
HugePages_Total:       0
HugePages_Free:        0
HugePages_Rsvd:        0
HugePages_Surp:        0
Hugepagesize:       2048 kB
Hugetlb:               0 kB
DirectMap4k:      194432 kB
DirectMap2M:     6096896 kB
DirectMap1G:     4194304 kB
---SNAPSHOT---
2026-04-27 02:18:45
MemTotal:        8129240 kB
MemFree:         3146852 kB
MemAvailable:    2877840 kB
Buffers:            5496 kB
Cached:           310812 kB
SwapCached:       116864 kB
Active:          3601160 kB
Inactive:         650048 kB
Active(anon):    3458952 kB
Inactive(anon):   531848 kB
Active(file):     142208 kB
Inactive(file):   118200 kB
Unevictable:          16 kB
Mlocked:              16 kB
SwapTotal:       4194300 kB
SwapFree:        3956116 kB
Zswap:                 0 kB
Zswapped:              0 kB
Dirty:               176 kB
Writeback:             0 kB
AnonPages:       3822584 kB
Mapped:           258280 kB
Shmem:             55960 kB
KReclaimable:      56652 kB
Slab:             285208 kB
SReclaimable:      56652 kB
SUnreclaim:       228556 kB
KernelStack:       19052 kB
PageTables:        62004 kB
SecPageTables:         0 kB
NFS_Unstable:          0 kB
Bounce:                0 kB
WritebackTmp:          0 kB
CommitLimit:     8258920 kB
Committed_AS:   12053832 kB
VmallocTotal:   34359738367 kB
VmallocUsed:       47304 kB
VmallocChunk:          0 kB
Percpu:            13280 kB
HardwareCorrupted:     0 kB
AnonHugePages:   1503232 kB
ShmemHugePages:        0 kB
ShmemPmdMapped:        0 kB
FileHugePages:         0 kB
FilePmdMapped:         0 kB
CmaTotal:              0 kB
CmaFree:               0 kB
Unaccepted:            0 kB
Balloon:               0 kB
HugePages_Total:       0
HugePages_Free:        0
HugePages_Rsvd:        0
HugePages_Surp:        0
Hugepagesize:       2048 kB
Hugetlb:               0 kB
DirectMap4k:      194432 kB
DirectMap2M:     6096896 kB
DirectMap1G:     4194304 kB
---SNAPSHOT---
2026-04-27 02:18:46
MemTotal:        8129240 kB
MemFree:         2647520 kB
MemAvailable:    2378512 kB
Buffers:            5496 kB
Cached:           310816 kB
SwapCached:       116864 kB
Active:          4108652 kB
Inactive:         650052 kB
Active(anon):    3966444 kB
Inactive(anon):   531848 kB
Active(file):     142208 kB
Inactive(file):   118204 kB
Unevictable:          16 kB
Mlocked:              16 kB
SwapTotal:       4194300 kB
SwapFree:        3956116 kB
Zswap:                 0 kB
Zswapped:              0 kB
Dirty:               180 kB
Writeback:             0 kB
AnonPages:       4329824 kB
Mapped:           258280 kB
Shmem:             55960 kB
KReclaimable:      56652 kB
Slab:             285240 kB
SReclaimable:      56652 kB
SUnreclaim:       228588 kB
KernelStack:       19008 kB
PageTables:        62584 kB
SecPageTables:         0 kB
NFS_Unstable:          0 kB
Bounce:                0 kB
WritebackTmp:          0 kB
CommitLimit:     8258920 kB
Committed_AS:   12053812 kB
VmallocTotal:   34359738367 kB
VmallocUsed:       47288 kB
VmallocChunk:          0 kB
Percpu:            13280 kB
HardwareCorrupted:     0 kB
AnonHugePages:   2009088 kB
ShmemHugePages:        0 kB
ShmemPmdMapped:        0 kB
FileHugePages:         0 kB
FilePmdMapped:         0 kB
CmaTotal:              0 kB
CmaFree:               0 kB
Unaccepted:            0 kB
Balloon:               0 kB
HugePages_Total:       0
HugePages_Free:        0
HugePages_Rsvd:        0
HugePages_Surp:        0
Hugepagesize:       2048 kB
Hugetlb:               0 kB
DirectMap4k:      194432 kB
DirectMap2M:     6096896 kB
DirectMap1G:     4194304 kB
---SNAPSHOT---
2026-04-27 02:18:47
MemTotal:        8129240 kB
MemFree:         2657484 kB
MemAvailable:    2388480 kB
Buffers:            5496 kB
Cached:           310824 kB
SwapCached:       116864 kB
Active:          4096228 kB
Inactive:         650060 kB
Active(anon):    3954020 kB
Inactive(anon):   531848 kB
Active(file):     142208 kB
Inactive(file):   118212 kB
Unevictable:          16 kB
Mlocked:              16 kB
SwapTotal:       4194300 kB
SwapFree:        3956116 kB
Zswap:                 0 kB
Zswapped:              0 kB
Dirty:               188 kB
Writeback:             0 kB
AnonPages:       4317744 kB
Mapped:           258280 kB
Shmem:             55960 kB
KReclaimable:      56652 kB
Slab:             285204 kB
SReclaimable:      56652 kB
SUnreclaim:       228552 kB
KernelStack:       18992 kB
PageTables:        62556 kB
SecPageTables:         0 kB
NFS_Unstable:          0 kB
Bounce:                0 kB
WritebackTmp:          0 kB
CommitLimit:     8258920 kB
Committed_AS:   12053604 kB
VmallocTotal:   34359738367 kB
VmallocUsed:       47272 kB
VmallocChunk:          0 kB
Percpu:            13280 kB
HardwareCorrupted:     0 kB
AnonHugePages:   1996800 kB
ShmemHugePages:        0 kB
ShmemPmdMapped:        0 kB
FileHugePages:         0 kB
FilePmdMapped:         0 kB
CmaTotal:              0 kB
CmaFree:               0 kB
Unaccepted:            0 kB
Balloon:               0 kB
HugePages_Total:       0
HugePages_Free:        0
HugePages_Rsvd:        0
HugePages_Surp:        0
Hugepagesize:       2048 kB
Hugetlb:               0 kB
DirectMap4k:      194432 kB
DirectMap2M:     6096896 kB
DirectMap1G:     4194304 kB
---SNAPSHOT---
2026-04-27 02:18:48
MemTotal:        8129240 kB
MemFree:         2138716 kB
MemAvailable:    1869712 kB
Buffers:            5496 kB
Cached:           310828 kB
SwapCached:       609860 kB
Active:          4168740 kB
Inactive:        1142000 kB
Active(anon):    4026532 kB
Inactive(anon):  1023788 kB
Active(file):     142208 kB
Inactive(file):   118212 kB
Unevictable:          16 kB
Mlocked:              16 kB
SwapTotal:       4194300 kB
SwapFree:        3463056 kB
Zswap:                 0 kB
Zswapped:              0 kB
Dirty:               192 kB
Writeback:           988 kB
AnonPages:       4391260 kB
Mapped:           258280 kB
Shmem:             55960 kB
KReclaimable:      56652 kB
Slab:             285296 kB
SReclaimable:      56652 kB
SUnreclaim:       228644 kB
KernelStack:       19052 kB
PageTables:        63780 kB
SecPageTables:         0 kB
NFS_Unstable:          0 kB
Bounce:                0 kB
WritebackTmp:          0 kB
CommitLimit:     8258920 kB
Committed_AS:   12053604 kB
VmallocTotal:   34359738367 kB
VmallocUsed:       47320 kB
VmallocChunk:          0 kB
Percpu:            13280 kB
HardwareCorrupted:     0 kB
AnonHugePages:   2068480 kB
ShmemHugePages:        0 kB
ShmemPmdMapped:        0 kB
FileHugePages:         0 kB
FilePmdMapped:         0 kB
CmaTotal:              0 kB
CmaFree:               0 kB
Unaccepted:            0 kB
Balloon:               0 kB
HugePages_Total:       0
HugePages_Free:        0
HugePages_Rsvd:        0
HugePages_Surp:        0
Hugepagesize:       2048 kB
Hugetlb:               0 kB
DirectMap4k:      194432 kB
DirectMap2M:     6096896 kB
DirectMap1G:     4194304 kB
---SNAPSHOT---
2026-04-27 02:18:49
MemTotal:        8129240 kB
MemFree:         2183160 kB
MemAvailable:    1914164 kB
Buffers:            5508 kB
Cached:           310828 kB
SwapCached:       116864 kB
Active:          4606072 kB
Inactive:         650076 kB
Active(anon):    4463864 kB
Inactive(anon):   531848 kB
Active(file):     142208 kB
Inactive(file):   118228 kB
Unevictable:          16 kB
Mlocked:              16 kB
SwapTotal:       4194300 kB
SwapFree:        3956116 kB
Zswap:                 0 kB
Zswapped:              0 kB
Dirty:               200 kB
Writeback:             0 kB
AnonPages:       4827420 kB
Mapped:           258280 kB
Shmem:             55960 kB
KReclaimable:      56652 kB
Slab:             285212 kB
SReclaimable:      56652 kB
SUnreclaim:       228560 kB
KernelStack:       19052 kB
PageTables:        63904 kB
SecPageTables:         0 kB
NFS_Unstable:          0 kB
Bounce:                0 kB
WritebackTmp:          0 kB
CommitLimit:     8258920 kB
Committed_AS:   12053944 kB
VmallocTotal:   34359738367 kB
VmallocUsed:       47320 kB
VmallocChunk:          0 kB
Percpu:            13280 kB
HardwareCorrupted:     0 kB
AnonHugePages:   2506752 kB
ShmemHugePages:        0 kB
ShmemPmdMapped:        0 kB
FileHugePages:         0 kB
FilePmdMapped:         0 kB
CmaTotal:              0 kB
CmaFree:               0 kB
Unaccepted:            0 kB
Balloon:               0 kB
HugePages_Total:       0
HugePages_Free:        0
HugePages_Rsvd:        0
HugePages_Surp:        0
Hugepagesize:       2048 kB
Hugetlb:               0 kB
DirectMap4k:      194432 kB
DirectMap2M:     6096896 kB
DirectMap1G:     4194304 kB
---SNAPSHOT---
2026-04-27 02:18:50
MemTotal:        8129240 kB
MemFree:         2454308 kB
MemAvailable:    2185316 kB
Buffers:            5508 kB
Cached:           310840 kB
SwapCached:       116864 kB
Active:          4310488 kB
Inactive:         650084 kB
Active(anon):    4168280 kB
Inactive(anon):   531848 kB
Active(file):     142208 kB
Inactive(file):   118236 kB
Unevictable:          16 kB
Mlocked:              16 kB
SwapTotal:       4194300 kB
SwapFree:        3956116 kB
Zswap:                 0 kB
Zswapped:              0 kB
Dirty:               208 kB
Writeback:             0 kB
AnonPages:       4531592 kB
Mapped:           258280 kB
Shmem:             55960 kB
KReclaimable:      56652 kB
Slab:             285244 kB
SReclaimable:      56652 kB
SUnreclaim:       228592 kB
KernelStack:       18992 kB
PageTables:        63444 kB
SecPageTables:         0 kB
NFS_Unstable:          0 kB
Bounce:                0 kB
WritebackTmp:          0 kB
CommitLimit:     8258920 kB
Committed_AS:   12053836 kB
VmallocTotal:   34359738367 kB
VmallocUsed:       47304 kB
VmallocChunk:          0 kB
Percpu:            13280 kB
HardwareCorrupted:     0 kB
AnonHugePages:   2211840 kB
ShmemHugePages:        0 kB
ShmemPmdMapped:        0 kB
FileHugePages:         0 kB
FilePmdMapped:         0 kB
CmaTotal:              0 kB
CmaFree:               0 kB
Unaccepted:            0 kB
Balloon:               0 kB
HugePages_Total:       0
HugePages_Free:        0
HugePages_Rsvd:        0
HugePages_Surp:        0
Hugepagesize:       2048 kB
Hugetlb:               0 kB
DirectMap4k:      194432 kB
DirectMap2M:     6096896 kB
DirectMap1G:     4194304 kB
---SNAPSHOT---
2026-04-27 02:18:51
MemTotal:        8129240 kB
MemFree:         2623116 kB
MemAvailable:    2354128 kB
Buffers:            5508 kB
Cached:           310844 kB
SwapCached:       116864 kB
Active:          4148732 kB
Inactive:         650092 kB
Active(anon):    4006524 kB
Inactive(anon):   531848 kB
Active(file):     142208 kB
Inactive(file):   118244 kB
Unevictable:          16 kB
Mlocked:              16 kB
SwapTotal:       4194300 kB
SwapFree:        3956116 kB
Zswap:                 0 kB
Zswapped:              0 kB
Dirty:               212 kB
Writeback:             0 kB
AnonPages:       4370068 kB
Mapped:           258280 kB
Shmem:             55960 kB
KReclaimable:      56652 kB
Slab:             285236 kB
SReclaimable:      56652 kB
SUnreclaim:       228584 kB
KernelStack:       18992 kB
PageTables:        62428 kB
SecPageTables:         0 kB
NFS_Unstable:          0 kB
Bounce:                0 kB
WritebackTmp:          0 kB
CommitLimit:     8258920 kB
Committed_AS:   12053832 kB
VmallocTotal:   34359738367 kB
VmallocUsed:       47304 kB
VmallocChunk:          0 kB
Percpu:            13280 kB
HardwareCorrupted:     0 kB
AnonHugePages:   2050048 kB
ShmemHugePages:        0 kB
ShmemPmdMapped:        0 kB
FileHugePages:         0 kB
FilePmdMapped:         0 kB
CmaTotal:              0 kB
CmaFree:               0 kB
Unaccepted:            0 kB
Balloon:               0 kB
HugePages_Total:       0
HugePages_Free:        0
HugePages_Rsvd:        0
HugePages_Surp:        0
Hugepagesize:       2048 kB
Hugetlb:               0 kB
DirectMap4k:      194432 kB
DirectMap2M:     6096896 kB
DirectMap1G:     4194304 kB
---SNAPSHOT---
2026-04-27 02:18:52
MemTotal:        8129240 kB
MemFree:         2830492 kB
MemAvailable:    2561508 kB
Buffers:            5508 kB
Cached:           310852 kB
SwapCached:       116864 kB
Active:          3944404 kB
Inactive:         650100 kB
Active(anon):    3802196 kB
Inactive(anon):   531848 kB
Active(file):     142208 kB
Inactive(file):   118252 kB
Unevictable:          16 kB
Mlocked:              16 kB
SwapTotal:       4194300 kB
SwapFree:        3956116 kB
Zswap:                 0 kB
Zswapped:              0 kB
Dirty:               220 kB
Writeback:             0 kB
AnonPages:       4165508 kB
Mapped:           258280 kB
Shmem:             55960 kB
KReclaimable:      56652 kB
Slab:             285244 kB
SReclaimable:      56652 kB
SUnreclaim:       228592 kB
KernelStack:       18992 kB
PageTables:        61928 kB
SecPageTables:         0 kB
NFS_Unstable:          0 kB
Bounce:                0 kB
WritebackTmp:          0 kB
CommitLimit:     8258920 kB
Committed_AS:   12053700 kB
VmallocTotal:   34359738367 kB
VmallocUsed:       47272 kB
VmallocChunk:          0 kB
Percpu:            13280 kB
HardwareCorrupted:     0 kB
AnonHugePages:   1847296 kB
ShmemHugePages:        0 kB
ShmemPmdMapped:        0 kB
FileHugePages:         0 kB
FilePmdMapped:         0 kB
CmaTotal:              0 kB
CmaFree:               0 kB
Unaccepted:            0 kB
Balloon:               0 kB
HugePages_Total:       0
HugePages_Free:        0
HugePages_Rsvd:        0
HugePages_Surp:        0
Hugepagesize:       2048 kB
Hugetlb:               0 kB
DirectMap4k:      194432 kB
DirectMap2M:     6096896 kB
DirectMap1G:     4194304 kB
---SNAPSHOT---
2026-04-27 02:18:53
MemTotal:        8129240 kB
MemFree:         2732212 kB
MemAvailable:    2463228 kB
Buffers:            5508 kB
Cached:           310856 kB
SwapCached:       116864 kB
Active:          4064528 kB
Inactive:         650104 kB
Active(anon):    3922320 kB
Inactive(anon):   531848 kB
Active(file):     142208 kB
Inactive(file):   118256 kB
Unevictable:          16 kB
Mlocked:              16 kB
SwapTotal:       4194300 kB
SwapFree:        3956116 kB
Zswap:                 0 kB
Zswapped:              0 kB
Dirty:               224 kB
Writeback:             0 kB
AnonPages:       4285700 kB
Mapped:           258280 kB
Shmem:             55960 kB
KReclaimable:      56652 kB
Slab:             285236 kB
SReclaimable:      56652 kB
SUnreclaim:       228584 kB
KernelStack:       18992 kB
PageTables:        62232 kB
SecPageTables:         0 kB
NFS_Unstable:          0 kB
Bounce:                0 kB
WritebackTmp:          0 kB
CommitLimit:     8258920 kB
Committed_AS:   12053704 kB
VmallocTotal:   34359738367 kB
VmallocUsed:       47272 kB
VmallocChunk:          0 kB
Percpu:            13280 kB
HardwareCorrupted:     0 kB
AnonHugePages:   1966080 kB
ShmemHugePages:        0 kB
ShmemPmdMapped:        0 kB
FileHugePages:         0 kB
FilePmdMapped:         0 kB
CmaTotal:              0 kB
CmaFree:               0 kB
Unaccepted:            0 kB
Balloon:               0 kB
HugePages_Total:       0
HugePages_Free:        0
HugePages_Rsvd:        0
HugePages_Surp:        0
Hugepagesize:       2048 kB
Hugetlb:               0 kB
DirectMap4k:      194432 kB
DirectMap2M:     6096896 kB
DirectMap1G:     4194304 kB
---SNAPSHOT---
2026-04-27 02:18:57
MemTotal:        8129240 kB
MemFree:         2431996 kB
MemAvailable:    2163020 kB
Buffers:            5524 kB
Cached:           310864 kB
SwapCached:       134288 kB
Active:          4353876 kB
Inactive:         665992 kB
Active(anon):    4211668 kB
Inactive(anon):   547720 kB
Active(file):     142208 kB
Inactive(file):   118272 kB
Unevictable:          16 kB
Mlocked:              16 kB
SwapTotal:       4194300 kB
SwapFree:        3938692 kB
Zswap:                 0 kB
Zswapped:              0 kB
Dirty:               188 kB
Writeback:          1584 kB
AnonPages:       4577356 kB
Mapped:           258280 kB
Shmem:             55960 kB
KReclaimable:      56652 kB
Slab:             285288 kB
SReclaimable:      56652 kB
SUnreclaim:       228636 kB
KernelStack:       18992 kB
PageTables:        63132 kB
SecPageTables:         0 kB
NFS_Unstable:          0 kB
Bounce:                0 kB
WritebackTmp:          0 kB
CommitLimit:     8258920 kB
