---SNAPSHOT---
2026-04-27 01:29:49
MemTotal:        8129240 kB
MemFree:         4901660 kB
MemAvailable:    4622008 kB
Buffers:            4768 kB
Cached:           275088 kB
SwapCached:        50304 kB
Active:          2023956 kB
Inactive:         615072 kB
Active(anon):    1899508 kB
Inactive(anon):   498668 kB
Active(file):     124448 kB
Inactive(file):   116404 kB
Unevictable:           0 kB
Mlocked:               0 kB
SwapTotal:       4194300 kB
SwapFree:        4022676 kB
Zswap:                 0 kB
Zswapped:              0 kB
Dirty:               260 kB
Writeback:             0 kB
AnonPages:       2313472 kB
Mapped:           232524 kB
Shmem:             38812 kB
KReclaimable:      54928 kB
Slab:             282992 kB
SReclaimable:      54928 kB
SUnreclaim:       228064 kB
KernelStack:       18840 kB
PageTables:        57876 kB
SecPageTables:         0 kB
NFS_Unstable:          0 kB
Bounce:                0 kB
WritebackTmp:          0 kB
CommitLimit:     8258920 kB
Committed_AS:    9390820 kB
VmallocTotal:   34359738367 kB
VmallocUsed:       47080 kB
VmallocChunk:          0 kB
Percpu:            13280 kB
HardwareCorrupted:     0 kB
AnonHugePages:      4096 kB
ShmemHugePages:        0 kB
ShmemPmdMapped:        0 kB
FileHugePages:         0 kB
FilePmdMapped:         0 kB
CmaTotal:              0 kB
CmaFree:               0 kB
Unaccepted:            0 kB
Balloon:               0 kB
HugePages_Total:       0
HugePages_Free:        0
HugePages_Rsvd:        0
HugePages_Surp:        0
Hugepagesize:       2048 kB
Hugetlb:               0 kB
DirectMap4k:      194432 kB
DirectMap2M:     6096896 kB
DirectMap1G:     4194304 kB
---SNAPSHOT---
2026-04-27 01:29:50
MemTotal:        8129240 kB
MemFree:         4901264 kB
MemAvailable:    4621948 kB
Buffers:            4912 kB
Cached:           275468 kB
SwapCached:        50304 kB
Active:          2024464 kB
Inactive:         615536 kB
Active(anon):    1899808 kB
Inactive(anon):   498668 kB
Active(file):     124656 kB
Inactive(file):   116868 kB
Unevictable:           0 kB
Mlocked:               0 kB
SwapTotal:       4194300 kB
SwapFree:        4022676 kB
Zswap:                 0 kB
Zswapped:              0 kB
Dirty:               288 kB
Writeback:             0 kB
AnonPages:       2314004 kB
Mapped:           232552 kB
Shmem:             38812 kB
KReclaimable:      54928 kB
Slab:             282992 kB
SReclaimable:      54928 kB
SUnreclaim:       228064 kB
KernelStack:       18832 kB
PageTables:        57836 kB
SecPageTables:         0 kB
NFS_Unstable:          0 kB
Bounce:                0 kB
WritebackTmp:          0 kB
CommitLimit:     8258920 kB
Committed_AS:    9390308 kB
VmallocTotal:   34359738367 kB
VmallocUsed:       47096 kB
VmallocChunk:          0 kB
Percpu:            13280 kB
HardwareCorrupted:     0 kB
AnonHugePages:      4096 kB
ShmemHugePages:        0 kB
ShmemPmdMapped:        0 kB
FileHugePages:         0 kB
FilePmdMapped:         0 kB
CmaTotal:              0 kB
CmaFree:               0 kB
Unaccepted:            0 kB
Balloon:               0 kB
HugePages_Total:       0
HugePages_Free:        0
HugePages_Rsvd:        0
HugePages_Surp:        0
Hugepagesize:       2048 kB
Hugetlb:               0 kB
DirectMap4k:      194432 kB
DirectMap2M:     6096896 kB
DirectMap1G:     4194304 kB
---SNAPSHOT---
2026-04-27 01:29:51
MemTotal:        8129240 kB
MemFree:         4899308 kB
MemAvailable:    4620840 kB
Buffers:            4920 kB
Cached:           275476 kB
SwapCached:        50304 kB
Active:          2025108 kB
Inactive:         615648 kB
Active(anon):    1900452 kB
Inactive(anon):   498668 kB
Active(file):     124656 kB
Inactive(file):   116980 kB
Unevictable:           0 kB
Mlocked:               0 kB
SwapTotal:       4194300 kB
SwapFree:        4022676 kB
Zswap:                 0 kB
Zswapped:              0 kB
Dirty:               360 kB
Writeback:             0 kB
AnonPages:       2314576 kB
Mapped:           232552 kB
Shmem:             38812 kB
KReclaimable:      56512 kB
Slab:             284592 kB
SReclaimable:      56512 kB
SUnreclaim:       228080 kB
KernelStack:       18832 kB
PageTables:        57844 kB
SecPageTables:         0 kB
NFS_Unstable:          0 kB
Bounce:                0 kB
WritebackTmp:          0 kB
CommitLimit:     8258920 kB
Committed_AS:    9390824 kB
VmallocTotal:   34359738367 kB
VmallocUsed:       47128 kB
VmallocChunk:          0 kB
Percpu:            13280 kB
HardwareCorrupted:     0 kB
AnonHugePages:      4096 kB
ShmemHugePages:        0 kB
ShmemPmdMapped:        0 kB
FileHugePages:         0 kB
FilePmdMapped:         0 kB
CmaTotal:              0 kB
CmaFree:               0 kB
Unaccepted:            0 kB
Balloon:               0 kB
HugePages_Total:       0
HugePages_Free:        0
HugePages_Rsvd:        0
HugePages_Surp:        0
Hugepagesize:       2048 kB
Hugetlb:               0 kB
DirectMap4k:      194432 kB
DirectMap2M:     6096896 kB
DirectMap1G:     4194304 kB
---SNAPSHOT---
2026-04-27 01:29:52
MemTotal:        8129240 kB
MemFree:         4892876 kB
MemAvailable:    4615396 kB
Buffers:            5200 kB
Cached:           277448 kB
SwapCached:        50304 kB
Active:          2027568 kB
Inactive:         615796 kB
Active(anon):    1901100 kB
Inactive(anon):   498668 kB
Active(file):     126468 kB
Inactive(file):   117128 kB
Unevictable:           0 kB
Mlocked:               0 kB
SwapTotal:       4194300 kB
SwapFree:        4022676 kB
Zswap:                 0 kB
Zswapped:              0 kB
Dirty:               364 kB
Writeback:             0 kB
AnonPages:       2315052 kB
Mapped:           232952 kB
Shmem:             38812 kB
KReclaimable:      56528 kB
Slab:             284608 kB
SReclaimable:      56528 kB
SUnreclaim:       228080 kB
KernelStack:       18892 kB
PageTables:        58588 kB
SecPageTables:         0 kB
NFS_Unstable:          0 kB
Bounce:                0 kB
WritebackTmp:          0 kB
CommitLimit:     8258920 kB
Committed_AS:    9399728 kB
VmallocTotal:   34359738367 kB
VmallocUsed:       47176 kB
VmallocChunk:          0 kB
Percpu:            13280 kB
HardwareCorrupted:     0 kB
AnonHugePages:      4096 kB
ShmemHugePages:        0 kB
ShmemPmdMapped:        0 kB
FileHugePages:         0 kB
FilePmdMapped:         0 kB
CmaTotal:              0 kB
CmaFree:               0 kB
Unaccepted:            0 kB
Balloon:               0 kB
HugePages_Total:       0
HugePages_Free:        0
HugePages_Rsvd:        0
HugePages_Surp:        0
Hugepagesize:       2048 kB
Hugetlb:               0 kB
DirectMap4k:      194432 kB
DirectMap2M:     6096896 kB
DirectMap1G:     4194304 kB
---SNAPSHOT---
2026-04-27 01:29:53
MemTotal:        8129240 kB
MemFree:         4012376 kB
MemAvailable:    3740228 kB
Buffers:            5464 kB
Cached:           304716 kB
SwapCached:        50304 kB
Active:          2892112 kB
Inactive:         616420 kB
Active(anon):    2755600 kB
Inactive(anon):   498668 kB
Active(file):     136512 kB
Inactive(file):   117752 kB
Unevictable:          16 kB
Mlocked:              16 kB
SwapTotal:       4194300 kB
SwapFree:        4022676 kB
Zswap:                 0 kB
Zswapped:              0 kB
Dirty:               440 kB
Writeback:             0 kB
AnonPages:       3152368 kB
Mapped:           253432 kB
Shmem:             55960 kB
KReclaimable:      56528 kB
Slab:             284896 kB
SReclaimable:      56528 kB
SUnreclaim:       228368 kB
KernelStack:       18992 kB
PageTables:        60012 kB
SecPageTables:         0 kB
NFS_Unstable:          0 kB
Bounce:                0 kB
WritebackTmp:          0 kB
CommitLimit:     8258920 kB
Committed_AS:   12047712 kB
VmallocTotal:   34359738367 kB
VmallocUsed:       47272 kB
VmallocChunk:          0 kB
Percpu:            13280 kB
HardwareCorrupted:     0 kB
AnonHugePages:    833536 kB
ShmemHugePages:        0 kB
ShmemPmdMapped:        0 kB
FileHugePages:         0 kB
FilePmdMapped:         0 kB
CmaTotal:              0 kB
CmaFree:               0 kB
Unaccepted:            0 kB
Balloon:               0 kB
HugePages_Total:       0
HugePages_Free:        0
HugePages_Rsvd:        0
HugePages_Surp:        0
Hugepagesize:       2048 kB
Hugetlb:               0 kB
DirectMap4k:      194432 kB
DirectMap2M:     6096896 kB
DirectMap1G:     4194304 kB
---SNAPSHOT---
2026-04-27 01:29:54
MemTotal:        8129240 kB
MemFree:         3245944 kB
MemAvailable:    2973800 kB
Buffers:            5464 kB
Cached:           304724 kB
SwapCached:        50304 kB
Active:          3659936 kB
Inactive:         616428 kB
Active(anon):    3523424 kB
Inactive(anon):   498668 kB
Active(file):     136512 kB
Inactive(file):   117760 kB
Unevictable:          16 kB
Mlocked:              16 kB
SwapTotal:       4194300 kB
SwapFree:        4022676 kB
Zswap:                 0 kB
Zswapped:              0 kB
Dirty:               448 kB
Writeback:             0 kB
AnonPages:       3920368 kB
Mapped:           253432 kB
Shmem:             55960 kB
KReclaimable:      56528 kB
Slab:             284896 kB
SReclaimable:      56528 kB
SUnreclaim:       228368 kB
KernelStack:       18992 kB
PageTables:        61284 kB
SecPageTables:         0 kB
NFS_Unstable:          0 kB
Bounce:                0 kB
WritebackTmp:          0 kB
CommitLimit:     8258920 kB
Committed_AS:   12048312 kB
VmallocTotal:   34359738367 kB
VmallocUsed:       47256 kB
VmallocChunk:          0 kB
Percpu:            13280 kB
HardwareCorrupted:     0 kB
AnonHugePages:   1601536 kB
ShmemHugePages:        0 kB
ShmemPmdMapped:        0 kB
FileHugePages:         0 kB
FilePmdMapped:         0 kB
CmaTotal:              0 kB
CmaFree:               0 kB
Unaccepted:            0 kB
Balloon:               0 kB
HugePages_Total:       0
HugePages_Free:        0
HugePages_Rsvd:        0
HugePages_Surp:        0
Hugepagesize:       2048 kB
Hugetlb:               0 kB
DirectMap4k:      194432 kB
DirectMap2M:     6096896 kB
DirectMap1G:     4194304 kB
---SNAPSHOT---
2026-04-27 01:29:55
MemTotal:        8129240 kB
MemFree:         2549576 kB
MemAvailable:    2277432 kB
Buffers:            5464 kB
Cached:           304728 kB
SwapCached:        50304 kB
Active:          4352236 kB
Inactive:         616428 kB
Active(anon):    4215724 kB
Inactive(anon):   498668 kB
Active(file):     136512 kB
Inactive(file):   117760 kB
Unevictable:          16 kB
Mlocked:              16 kB
SwapTotal:       4194300 kB
SwapFree:        4022676 kB
Zswap:                 0 kB
Zswapped:              0 kB
Dirty:               452 kB
Writeback:             0 kB
AnonPages:       4612596 kB
Mapped:           253204 kB
Shmem:             55960 kB
KReclaimable:      56528 kB
Slab:             284896 kB
SReclaimable:      56528 kB
SUnreclaim:       228368 kB
KernelStack:       18992 kB
PageTables:        62912 kB
SecPageTables:         0 kB
NFS_Unstable:          0 kB
Bounce:                0 kB
WritebackTmp:          0 kB
CommitLimit:     8258920 kB
Committed_AS:   12047324 kB
VmallocTotal:   34359738367 kB
VmallocUsed:       47240 kB
VmallocChunk:          0 kB
Percpu:            13280 kB
HardwareCorrupted:     0 kB
AnonHugePages:   2293760 kB
ShmemHugePages:        0 kB
ShmemPmdMapped:        0 kB
FileHugePages:         0 kB
FilePmdMapped:         0 kB
CmaTotal:              0 kB
CmaFree:               0 kB
Unaccepted:            0 kB
Balloon:               0 kB
HugePages_Total:       0
HugePages_Free:        0
HugePages_Rsvd:        0
HugePages_Surp:        0
Hugepagesize:       2048 kB
Hugetlb:               0 kB
DirectMap4k:      194432 kB
DirectMap2M:     6096896 kB
DirectMap1G:     4194304 kB
---SNAPSHOT---
2026-04-27 01:29:56
MemTotal:        8129240 kB
MemFree:         4146348 kB
MemAvailable:    3874208 kB
Buffers:            5472 kB
Cached:           304724 kB
SwapCached:        50304 kB
Active:          2762780 kB
Inactive:         616432 kB
Active(anon):    2626268 kB
Inactive(anon):   498668 kB
Active(file):     136512 kB
Inactive(file):   117764 kB
Unevictable:          16 kB
Mlocked:              16 kB
SwapTotal:       4194300 kB
SwapFree:        4022676 kB
Zswap:                 0 kB
Zswapped:              0 kB
Dirty:               456 kB
Writeback:             0 kB
AnonPages:       3023348 kB
Mapped:           253432 kB
Shmem:             55960 kB
KReclaimable:      56528 kB
Slab:             284828 kB
SReclaimable:      56528 kB
SUnreclaim:       228300 kB
KernelStack:       18992 kB
PageTables:        60572 kB
SecPageTables:         0 kB
NFS_Unstable:          0 kB
Bounce:                0 kB
WritebackTmp:          0 kB
CommitLimit:     8258920 kB
Committed_AS:   12047864 kB
VmallocTotal:   34359738367 kB
VmallocUsed:       47272 kB
VmallocChunk:          0 kB
Percpu:            13280 kB
HardwareCorrupted:     0 kB
AnonHugePages:    704512 kB
ShmemHugePages:        0 kB
ShmemPmdMapped:        0 kB
FileHugePages:         0 kB
FilePmdMapped:         0 kB
CmaTotal:              0 kB
CmaFree:               0 kB
Unaccepted:            0 kB
Balloon:               0 kB
HugePages_Total:       0
HugePages_Free:        0
HugePages_Rsvd:        0
HugePages_Surp:        0
Hugepagesize:       2048 kB
Hugetlb:               0 kB
DirectMap4k:      194432 kB
DirectMap2M:     6096896 kB
DirectMap1G:     4194304 kB
---SNAPSHOT---
2026-04-27 01:29:57
MemTotal:        8129240 kB
MemFree:         3085360 kB
MemAvailable:    2813228 kB
Buffers:            5472 kB
Cached:           304740 kB
SwapCached:        50304 kB
Active:          3822188 kB
Inactive:         616452 kB
Active(anon):    3685676 kB
Inactive(anon):   498668 kB
Active(file):     136512 kB
Inactive(file):   117784 kB
Unevictable:          16 kB
Mlocked:              16 kB
SwapTotal:       4194300 kB
SwapFree:        4022676 kB
Zswap:                 0 kB
Zswapped:              0 kB
Dirty:               464 kB
Writeback:             0 kB
AnonPages:       4082680 kB
Mapped:           253432 kB
Shmem:             55960 kB
KReclaimable:      56528 kB
Slab:             284844 kB
SReclaimable:      56528 kB
SUnreclaim:       228316 kB
KernelStack:       19036 kB
PageTables:        62728 kB
SecPageTables:         0 kB
NFS_Unstable:          0 kB
Bounce:                0 kB
WritebackTmp:          0 kB
CommitLimit:     8258920 kB
Committed_AS:   12049584 kB
VmallocTotal:   34359738367 kB
VmallocUsed:       47272 kB
VmallocChunk:          0 kB
Percpu:            13280 kB
HardwareCorrupted:     0 kB
AnonHugePages:   1763328 kB
ShmemHugePages:        0 kB
ShmemPmdMapped:        0 kB
FileHugePages:         0 kB
FilePmdMapped:         0 kB
CmaTotal:              0 kB
CmaFree:               0 kB
Unaccepted:            0 kB
Balloon:               0 kB
HugePages_Total:       0
HugePages_Free:        0
HugePages_Rsvd:        0
HugePages_Surp:        0
Hugepagesize:       2048 kB
Hugetlb:               0 kB
DirectMap4k:      194432 kB
DirectMap2M:     6096896 kB
DirectMap1G:     4194304 kB
---SNAPSHOT---
2026-04-27 01:29:58
MemTotal:        8129240 kB
MemFree:         3959680 kB
MemAvailable:    3687552 kB
Buffers:            5472 kB
Cached:           304744 kB
SwapCached:        50304 kB
Active:          2911916 kB
Inactive:         616456 kB
Active(anon):    2775404 kB
Inactive(anon):   498668 kB
Active(file):     136512 kB
Inactive(file):   117788 kB
Unevictable:          16 kB
Mlocked:              16 kB
SwapTotal:       4194300 kB
SwapFree:        4022676 kB
Zswap:                 0 kB
Zswapped:              0 kB
Dirty:               468 kB
Writeback:             0 kB
AnonPages:       3172172 kB
Mapped:           253432 kB
Shmem:             55960 kB
KReclaimable:      56528 kB
Slab:             284948 kB
SReclaimable:      56528 kB
SUnreclaim:       228420 kB
KernelStack:       18992 kB
PageTables:        61512 kB
SecPageTables:         0 kB
NFS_Unstable:          0 kB
Bounce:                0 kB
WritebackTmp:          0 kB
CommitLimit:     8258920 kB
Committed_AS:   12048228 kB
VmallocTotal:   34359738367 kB
VmallocUsed:       47256 kB
VmallocChunk:          0 kB
Percpu:            13280 kB
HardwareCorrupted:     0 kB
AnonHugePages:    851968 kB
ShmemHugePages:        0 kB
ShmemPmdMapped:        0 kB
FileHugePages:         0 kB
FilePmdMapped:         0 kB
CmaTotal:              0 kB
CmaFree:               0 kB
Unaccepted:            0 kB
Balloon:               0 kB
HugePages_Total:       0
HugePages_Free:        0
HugePages_Rsvd:        0
HugePages_Surp:        0
Hugepagesize:       2048 kB
Hugetlb:               0 kB
DirectMap4k:      194432 kB
DirectMap2M:     6096896 kB
DirectMap1G:     4194304 kB
---SNAPSHOT---
2026-04-27 01:29:59
MemTotal:        8129240 kB
MemFree:         3189632 kB
MemAvailable:    2917508 kB
Buffers:            5472 kB
Cached:           304752 kB
SwapCached:        50304 kB
Active:          3714528 kB
Inactive:         616464 kB
Active(anon):    3578016 kB
Inactive(anon):   498668 kB
Active(file):     136512 kB
Inactive(file):   117796 kB
Unevictable:          16 kB
Mlocked:              16 kB
SwapTotal:       4194300 kB
SwapFree:        4022676 kB
Zswap:                 0 kB
Zswapped:              0 kB
Dirty:               476 kB
Writeback:             0 kB
AnonPages:       3974928 kB
Mapped:           253432 kB
Shmem:             55960 kB
KReclaimable:      56528 kB
Slab:             284948 kB
SReclaimable:      56528 kB
SUnreclaim:       228420 kB
KernelStack:       18992 kB
PageTables:        63036 kB
SecPageTables:         0 kB
NFS_Unstable:          0 kB
Bounce:                0 kB
WritebackTmp:          0 kB
CommitLimit:     8258920 kB
Committed_AS:   12047708 kB
VmallocTotal:   34359738367 kB
VmallocUsed:       47240 kB
VmallocChunk:          0 kB
Percpu:            13280 kB
HardwareCorrupted:     0 kB
AnonHugePages:   1654784 kB
ShmemHugePages:        0 kB
ShmemPmdMapped:        0 kB
FileHugePages:         0 kB
FilePmdMapped:         0 kB
CmaTotal:              0 kB
CmaFree:               0 kB
Unaccepted:            0 kB
Balloon:               0 kB
HugePages_Total:       0
HugePages_Free:        0
HugePages_Rsvd:        0
HugePages_Surp:        0
Hugepagesize:       2048 kB
Hugetlb:               0 kB
DirectMap4k:      194432 kB
DirectMap2M:     6096896 kB
DirectMap1G:     4194304 kB
---SNAPSHOT---
2026-04-27 01:30:00
MemTotal:        8129240 kB
MemFree:         2390912 kB
MemAvailable:    2118788 kB
Buffers:            5472 kB
Cached:           304756 kB
SwapCached:        50304 kB
Active:          4509348 kB
Inactive:         616468 kB
Active(anon):    4372836 kB
Inactive(anon):   498668 kB
Active(file):     136512 kB
Inactive(file):   117800 kB
Unevictable:          16 kB
Mlocked:              16 kB
SwapTotal:       4194300 kB
SwapFree:        4022676 kB
Zswap:                 0 kB
Zswapped:              0 kB
Dirty:               480 kB
Writeback:             0 kB
AnonPages:       4769784 kB
Mapped:           253432 kB
Shmem:             55960 kB
KReclaimable:      56528 kB
Slab:             284932 kB
SReclaimable:      56528 kB
SUnreclaim:       228404 kB
KernelStack:       18992 kB
PageTables:        63636 kB
SecPageTables:         0 kB
NFS_Unstable:          0 kB
Bounce:                0 kB
WritebackTmp:          0 kB
CommitLimit:     8258920 kB
Committed_AS:   12048076 kB
VmallocTotal:   34359738367 kB
VmallocUsed:       47240 kB
VmallocChunk:          0 kB
Percpu:            13280 kB
HardwareCorrupted:     0 kB
AnonHugePages:   2449408 kB
ShmemHugePages:        0 kB
ShmemPmdMapped:        0 kB
FileHugePages:         0 kB
FilePmdMapped:         0 kB
CmaTotal:              0 kB
CmaFree:               0 kB
Unaccepted:            0 kB
Balloon:               0 kB
HugePages_Total:       0
HugePages_Free:        0
HugePages_Rsvd:        0
HugePages_Surp:        0
Hugepagesize:       2048 kB
Hugetlb:               0 kB
DirectMap4k:      194432 kB
DirectMap2M:     6096896 kB
DirectMap1G:     4194304 kB
---SNAPSHOT---
2026-04-27 01:30:01
MemTotal:        8129240 kB
MemFree:         3548708 kB
MemAvailable:    3276588 kB
Buffers:            5480 kB
Cached:           304752 kB
SwapCached:        50304 kB
Active:          3306520 kB
Inactive:         616472 kB
Active(anon):    3170008 kB
Inactive(anon):   498668 kB
Active(file):     136512 kB
Inactive(file):   117804 kB
Unevictable:          16 kB
Mlocked:              16 kB
SwapTotal:       4194300 kB
SwapFree:        4022676 kB
Zswap:                 0 kB
Zswapped:              0 kB
Dirty:               484 kB
Writeback:             0 kB
AnonPages:       3566872 kB
Mapped:           253432 kB
Shmem:             55960 kB
KReclaimable:      56528 kB
Slab:             284936 kB
SReclaimable:      56528 kB
SUnreclaim:       228408 kB
KernelStack:       18992 kB
PageTables:        61204 kB
SecPageTables:         0 kB
NFS_Unstable:          0 kB
Bounce:                0 kB
WritebackTmp:          0 kB
CommitLimit:     8258920 kB
Committed_AS:   12048316 kB
VmallocTotal:   34359738367 kB
VmallocUsed:       47288 kB
VmallocChunk:          0 kB
Percpu:            13280 kB
HardwareCorrupted:     0 kB
AnonHugePages:   1044480 kB
ShmemHugePages:        0 kB
ShmemPmdMapped:        0 kB
FileHugePages:         0 kB
FilePmdMapped:         0 kB
CmaTotal:              0 kB
CmaFree:               0 kB
Unaccepted:            0 kB
Balloon:               0 kB
HugePages_Total:       0
HugePages_Free:        0
HugePages_Rsvd:        0
HugePages_Surp:        0
Hugepagesize:       2048 kB
Hugetlb:               0 kB
DirectMap4k:      194432 kB
DirectMap2M:     6096896 kB
DirectMap1G:     4194304 kB
---SNAPSHOT---
2026-04-27 01:30:02
MemTotal:        8129240 kB
MemFree:         2788856 kB
MemAvailable:    2516876 kB
Buffers:            5772 kB
Cached:           304744 kB
SwapCached:        50304 kB
Active:          4070580 kB
Inactive:         616752 kB
Active(anon):    3934068 kB
Inactive(anon):   498668 kB
Active(file):     136512 kB
Inactive(file):   118084 kB
Unevictable:          16 kB
Mlocked:              16 kB
SwapTotal:       4194300 kB
SwapFree:        4022676 kB
Zswap:                 0 kB
Zswapped:              0 kB
Dirty:               196 kB
Writeback:             0 kB
AnonPages:       4330868 kB
Mapped:           253432 kB
Shmem:             55960 kB
KReclaimable:      56528 kB
Slab:             284940 kB
SReclaimable:      56528 kB
SUnreclaim:       228412 kB
KernelStack:       18976 kB
PageTables:        62888 kB
SecPageTables:         0 kB
NFS_Unstable:          0 kB
Bounce:                0 kB
WritebackTmp:          0 kB
CommitLimit:     8258920 kB
Committed_AS:   12048068 kB
VmallocTotal:   34359738367 kB
VmallocUsed:       47240 kB
VmallocChunk:          0 kB
Percpu:            13280 kB
HardwareCorrupted:     0 kB
AnonHugePages:   1574912 kB
ShmemHugePages:        0 kB
ShmemPmdMapped:        0 kB
FileHugePages:         0 kB
FilePmdMapped:         0 kB
CmaTotal:              0 kB
CmaFree:               0 kB
Unaccepted:            0 kB
Balloon:               0 kB
HugePages_Total:       0
HugePages_Free:        0
HugePages_Rsvd:        0
HugePages_Surp:        0
Hugepagesize:       2048 kB
Hugetlb:               0 kB
DirectMap4k:      194432 kB
DirectMap2M:     6096896 kB
DirectMap1G:     4194304 kB
---SNAPSHOT---
2026-04-27 01:30:03
MemTotal:        8129240 kB
MemFree:         4441188 kB
MemAvailable:    4169224 kB
Buffers:            5772 kB
Cached:           304772 kB
SwapCached:        50304 kB
Active:          2312428 kB
Inactive:         616784 kB
Active(anon):    2175916 kB
Inactive(anon):   498668 kB
Active(file):     136512 kB
Inactive(file):   118116 kB
Unevictable:          16 kB
Mlocked:              16 kB
SwapTotal:       4194300 kB
SwapFree:        4022676 kB
Zswap:                 0 kB
Zswapped:              0 kB
Dirty:               192 kB
Writeback:             0 kB
AnonPages:       2572736 kB
Mapped:           253432 kB
Shmem:             55960 kB
KReclaimable:      56528 kB
Slab:             284936 kB
SReclaimable:      56528 kB
SUnreclaim:       228408 kB
KernelStack:       19036 kB
PageTables:        59312 kB
SecPageTables:         0 kB
NFS_Unstable:          0 kB
Bounce:                0 kB
WritebackTmp:          0 kB
CommitLimit:     8258920 kB
Committed_AS:   12048340 kB
VmallocTotal:   34359738367 kB
VmallocUsed:       47256 kB
VmallocChunk:          0 kB
Percpu:            13280 kB
HardwareCorrupted:     0 kB
AnonHugePages:    253952 kB
ShmemHugePages:        0 kB
ShmemPmdMapped:        0 kB
FileHugePages:         0 kB
FilePmdMapped:         0 kB
CmaTotal:              0 kB
CmaFree:               0 kB
Unaccepted:            0 kB
Balloon:               0 kB
HugePages_Total:       0
HugePages_Free:        0
HugePages_Rsvd:        0
HugePages_Surp:        0
Hugepagesize:       2048 kB
Hugetlb:               0 kB
DirectMap4k:      194432 kB
DirectMap2M:     6096896 kB
DirectMap1G:     4194304 kB
---SNAPSHOT---
2026-04-27 01:30:04
MemTotal:        8129240 kB
MemFree:         3501032 kB
MemAvailable:    3229072 kB
Buffers:            5772 kB
Cached:           304780 kB
SwapCached:        50304 kB
Active:          3367040 kB
Inactive:         616792 kB
Active(anon):    3230528 kB
Inactive(anon):   498668 kB
Active(file):     136512 kB
Inactive(file):   118124 kB
Unevictable:          16 kB
Mlocked:              16 kB
SwapTotal:       4194300 kB
SwapFree:        4022676 kB
Zswap:                 0 kB
Zswapped:              0 kB
Dirty:               200 kB
Writeback:             0 kB
AnonPages:       3627636 kB
Mapped:           253432 kB
Shmem:             55960 kB
KReclaimable:      56528 kB
Slab:             284944 kB
SReclaimable:      56528 kB
SUnreclaim:       228416 kB
KernelStack:       19036 kB
PageTables:        61376 kB
SecPageTables:         0 kB
NFS_Unstable:          0 kB
Bounce:                0 kB
WritebackTmp:          0 kB
CommitLimit:     8258920 kB
Committed_AS:   12048316 kB
VmallocTotal:   34359738367 kB
VmallocUsed:       47256 kB
VmallocChunk:          0 kB
Percpu:            13280 kB
HardwareCorrupted:     0 kB
AnonHugePages:   1308672 kB
ShmemHugePages:        0 kB
ShmemPmdMapped:        0 kB
FileHugePages:         0 kB
FilePmdMapped:         0 kB
CmaTotal:              0 kB
CmaFree:               0 kB
Unaccepted:            0 kB
Balloon:               0 kB
HugePages_Total:       0
HugePages_Free:        0
HugePages_Rsvd:        0
HugePages_Surp:        0
Hugepagesize:       2048 kB
Hugetlb:               0 kB
DirectMap4k:      194432 kB
DirectMap2M:     6096896 kB
DirectMap1G:     4194304 kB
---SNAPSHOT---
2026-04-27 01:30:05
MemTotal:        8129240 kB
MemFree:         2465240 kB
MemAvailable:    2194784 kB
Buffers:            6352 kB
Cached:           307208 kB
SwapCached:        50304 kB
Active:          4411596 kB
Inactive:         617500 kB
Active(anon):    4272784 kB
Inactive(anon):   498668 kB
Active(file):     138812 kB
Inactive(file):   118832 kB
Unevictable:          16 kB
Mlocked:              16 kB
SwapTotal:       4194300 kB
SwapFree:        4022676 kB
Zswap:                 0 kB
Zswapped:              0 kB
Dirty:               372 kB
Writeback:             0 kB
AnonPages:       4669724 kB
Mapped:           253496 kB
Shmem:             55960 kB
KReclaimable:      56528 kB
Slab:             284956 kB
SReclaimable:      56528 kB
SUnreclaim:       228428 kB
KernelStack:       19008 kB
PageTables:        63200 kB
SecPageTables:         0 kB
NFS_Unstable:          0 kB
Bounce:                0 kB
WritebackTmp:          0 kB
CommitLimit:     8258920 kB
Committed_AS:   12047328 kB
VmallocTotal:   34359738367 kB
VmallocUsed:       47272 kB
VmallocChunk:          0 kB
Percpu:            13280 kB
HardwareCorrupted:     0 kB
AnonHugePages:   2351104 kB
ShmemHugePages:        0 kB
ShmemPmdMapped:        0 kB
FileHugePages:         0 kB
FilePmdMapped:         0 kB
CmaTotal:              0 kB
CmaFree:               0 kB
Unaccepted:            0 kB
Balloon:               0 kB
HugePages_Total:       0
HugePages_Free:        0
HugePages_Rsvd:        0
HugePages_Surp:        0
Hugepagesize:       2048 kB
Hugetlb:               0 kB
DirectMap4k:      194432 kB
DirectMap2M:     6096896 kB
DirectMap1G:     4194304 kB
---SNAPSHOT---
2026-04-27 01:30:06
MemTotal:        8129240 kB
MemFree:         3639012 kB
MemAvailable:    3368556 kB
Buffers:            6352 kB
Cached:           307212 kB
SwapCached:        50304 kB
Active:          3214824 kB
Inactive:         617504 kB
Active(anon):    3076012 kB
Inactive(anon):   498668 kB
Active(file):     138812 kB
Inactive(file):   118836 kB
Unevictable:          16 kB
Mlocked:              16 kB
SwapTotal:       4194300 kB
SwapFree:        4022676 kB
Zswap:                 0 kB
Zswapped:              0 kB
Dirty:               436 kB
Writeback:             0 kB
AnonPages:       3472968 kB
Mapped:           253496 kB
Shmem:             55960 kB
KReclaimable:      56528 kB
Slab:             284944 kB
SReclaimable:      56528 kB
SUnreclaim:       228416 kB
KernelStack:       19008 kB
PageTables:        61044 kB
SecPageTables:         0 kB
NFS_Unstable:          0 kB
Bounce:                0 kB
WritebackTmp:          0 kB
CommitLimit:     8258920 kB
Committed_AS:   12047540 kB
VmallocTotal:   34359738367 kB
VmallocUsed:       47256 kB
VmallocChunk:          0 kB
Percpu:            13280 kB
HardwareCorrupted:     0 kB
AnonHugePages:   1153024 kB
ShmemHugePages:        0 kB
ShmemPmdMapped:        0 kB
FileHugePages:         0 kB
FilePmdMapped:         0 kB
CmaTotal:              0 kB
CmaFree:               0 kB
Unaccepted:            0 kB
Balloon:               0 kB
HugePages_Total:       0
HugePages_Free:        0
HugePages_Rsvd:        0
HugePages_Surp:        0
Hugepagesize:       2048 kB
Hugetlb:               0 kB
DirectMap4k:      194432 kB
DirectMap2M:     6096896 kB
DirectMap1G:     4194304 kB
---SNAPSHOT---
2026-04-27 01:30:07
MemTotal:        8129240 kB
MemFree:         2979044 kB
MemAvailable:    2708592 kB
Buffers:            6352 kB
Cached:           307220 kB
SwapCached:        50304 kB
Active:          3880572 kB
Inactive:         617512 kB
Active(anon):    3741760 kB
Inactive(anon):   498668 kB
Active(file):     138812 kB
Inactive(file):   118844 kB
Unevictable:          16 kB
Mlocked:              16 kB
SwapTotal:       4194300 kB
SwapFree:        4022676 kB
Zswap:                 0 kB
Zswapped:              0 kB
Dirty:               444 kB
Writeback:             0 kB
AnonPages:       4138572 kB
Mapped:           253496 kB
Shmem:             55960 kB
KReclaimable:      56528 kB
Slab:             284940 kB
SReclaimable:      56528 kB
SUnreclaim:       228412 kB
KernelStack:       19008 kB
PageTables:        62144 kB
SecPageTables:         0 kB
NFS_Unstable:          0 kB
Bounce:                0 kB
WritebackTmp:          0 kB
CommitLimit:     8258920 kB
Committed_AS:   12047820 kB
VmallocTotal:   34359738367 kB
VmallocUsed:       47272 kB
VmallocChunk:          0 kB
Percpu:            13280 kB
HardwareCorrupted:     0 kB
AnonHugePages:   1818624 kB
ShmemHugePages:        0 kB
ShmemPmdMapped:        0 kB
FileHugePages:         0 kB
FilePmdMapped:         0 kB
CmaTotal:              0 kB
CmaFree:               0 kB
Unaccepted:            0 kB
Balloon:               0 kB
HugePages_Total:       0
HugePages_Free:        0
HugePages_Rsvd:        0
HugePages_Surp:        0
Hugepagesize:       2048 kB
Hugetlb:               0 kB
DirectMap4k:      194432 kB
DirectMap2M:     6096896 kB
DirectMap1G:     4194304 kB
---SNAPSHOT---
2026-04-27 01:30:08
MemTotal:        8129240 kB
MemFree:         3364812 kB
MemAvailable:    3094364 kB
Buffers:            6352 kB
Cached:           307224 kB
SwapCached:        50304 kB
Active:          3411176 kB
Inactive:         617516 kB
Active(anon):    3272364 kB
Inactive(anon):   498668 kB
Active(file):     138812 kB
Inactive(file):   118848 kB
Unevictable:          16 kB
Mlocked:              16 kB
SwapTotal:       4194300 kB
SwapFree:        4022676 kB
Zswap:                 0 kB
Zswapped:              0 kB
Dirty:               448 kB
Writeback:             0 kB
AnonPages:       3669504 kB
Mapped:           253496 kB
Shmem:             55960 kB
KReclaimable:      56528 kB
Slab:             284928 kB
SReclaimable:      56528 kB
SUnreclaim:       228400 kB
KernelStack:       19008 kB
PageTables:        61352 kB
SecPageTables:         0 kB
NFS_Unstable:          0 kB
Bounce:                0 kB
WritebackTmp:          0 kB
CommitLimit:     8258920 kB
Committed_AS:   12047648 kB
VmallocTotal:   34359738367 kB
VmallocUsed:       47272 kB
VmallocChunk:          0 kB
Percpu:            13280 kB
HardwareCorrupted:     0 kB
AnonHugePages:   1288192 kB
ShmemHugePages:        0 kB
ShmemPmdMapped:        0 kB
FileHugePages:         0 kB
FilePmdMapped:         0 kB
CmaTotal:              0 kB
CmaFree:               0 kB
Unaccepted:            0 kB
Balloon:               0 kB
HugePages_Total:       0
HugePages_Free:        0
HugePages_Rsvd:        0
HugePages_Surp:        0
Hugepagesize:       2048 kB
Hugetlb:               0 kB
DirectMap4k:      194432 kB
DirectMap2M:     6096896 kB
DirectMap1G:     4194304 kB
---SNAPSHOT---
2026-04-27 01:30:09
MemTotal:        8129240 kB
MemFree:         3633112 kB
MemAvailable:    3362664 kB
Buffers:            6352 kB
Cached:           307232 kB
SwapCached:        50304 kB
Active:          3125264 kB
Inactive:         617520 kB
Active(anon):    2986452 kB
Inactive(anon):   498668 kB
Active(file):     138812 kB
Inactive(file):   118852 kB
Unevictable:          16 kB
Mlocked:              16 kB
SwapTotal:       4194300 kB
SwapFree:        4022676 kB
Zswap:                 0 kB
Zswapped:              0 kB
Dirty:               456 kB
Writeback:             0 kB
AnonPages:       3383240 kB
Mapped:           253496 kB
Shmem:             55960 kB
KReclaimable:      56528 kB
Slab:             284924 kB
SReclaimable:      56528 kB
SUnreclaim:       228396 kB
KernelStack:       19008 kB
PageTables:        60660 kB
SecPageTables:         0 kB
NFS_Unstable:          0 kB
Bounce:                0 kB
WritebackTmp:          0 kB
CommitLimit:     8258920 kB
Committed_AS:   12048320 kB
VmallocTotal:   34359738367 kB
VmallocUsed:       47256 kB
VmallocChunk:          0 kB
Percpu:            13280 kB
HardwareCorrupted:     0 kB
AnonHugePages:    546816 kB
ShmemHugePages:        0 kB
ShmemPmdMapped:        0 kB
FileHugePages:         0 kB
FilePmdMapped:         0 kB
CmaTotal:              0 kB
CmaFree:               0 kB
Unaccepted:            0 kB
Balloon:               0 kB
HugePages_Total:       0
HugePages_Free:        0
HugePages_Rsvd:        0
HugePages_Surp:        0
Hugepagesize:       2048 kB
Hugetlb:               0 kB
DirectMap4k:      194432 kB
DirectMap2M:     6096896 kB
DirectMap1G:     4194304 kB
---SNAPSHOT---
2026-04-27 01:30:10
MemTotal:        8129240 kB
MemFree:         2709512 kB
MemAvailable:    2439068 kB
Buffers:            6360 kB
Cached:           307228 kB
SwapCached:        50304 kB
Active:          4114168 kB
Inactive:         617528 kB
Active(anon):    3975356 kB
Inactive(anon):   498668 kB
Active(file):     138812 kB
Inactive(file):   118860 kB
Unevictable:          16 kB
Mlocked:              16 kB
SwapTotal:       4194300 kB
SwapFree:        4022676 kB
Zswap:                 0 kB
Zswapped:              0 kB
Dirty:               460 kB
Writeback:             0 kB
AnonPages:       4372524 kB
Mapped:           253724 kB
Shmem:             55960 kB
KReclaimable:      56528 kB
Slab:             284888 kB
SReclaimable:      56528 kB
SUnreclaim:       228360 kB
KernelStack:       19008 kB
PageTables:        62588 kB
SecPageTables:         0 kB
NFS_Unstable:          0 kB
Bounce:                0 kB
WritebackTmp:          0 kB
CommitLimit:     8258920 kB
Committed_AS:   12047648 kB
VmallocTotal:   34359738367 kB
VmallocUsed:       47240 kB
VmallocChunk:          0 kB
Percpu:            13280 kB
HardwareCorrupted:     0 kB
AnonHugePages:   1073152 kB
ShmemHugePages:        0 kB
ShmemPmdMapped:        0 kB
FileHugePages:         0 kB
FilePmdMapped:         0 kB
CmaTotal:              0 kB
CmaFree:               0 kB
Unaccepted:            0 kB
Balloon:               0 kB
HugePages_Total:       0
HugePages_Free:        0
HugePages_Rsvd:        0
HugePages_Surp:        0
Hugepagesize:       2048 kB
Hugetlb:               0 kB
DirectMap4k:      194432 kB
DirectMap2M:     6096896 kB
DirectMap1G:     4194304 kB
---SNAPSHOT---
2026-04-27 01:30:11
MemTotal:        8129240 kB
MemFree:         3740944 kB
MemAvailable:    3470508 kB
Buffers:            6360 kB
Cached:           307240 kB
SwapCached:       381588 kB
Active:          2686128 kB
Inactive:         947684 kB
Active(anon):    2547316 kB
Inactive(anon):   828812 kB
Active(file):     138812 kB
Inactive(file):   118872 kB
Unevictable:          16 kB
Mlocked:              16 kB
SwapTotal:       4194300 kB
SwapFree:        3691388 kB
Zswap:                 0 kB
Zswapped:              0 kB
Dirty:               468 kB
Writeback:          1140 kB
AnonPages:       2945176 kB
Mapped:           253496 kB
Shmem:             55960 kB
KReclaimable:      56528 kB
Slab:             284892 kB
SReclaimable:      56528 kB
SUnreclaim:       228364 kB
KernelStack:       19008 kB
PageTables:        61168 kB
SecPageTables:         0 kB
NFS_Unstable:          0 kB
Bounce:                0 kB
WritebackTmp:          0 kB
CommitLimit:     8258920 kB
Committed_AS:   12047968 kB
VmallocTotal:   34359738367 kB
VmallocUsed:       47288 kB
VmallocChunk:          0 kB
Percpu:            13280 kB
HardwareCorrupted:     0 kB
AnonHugePages:    319488 kB
ShmemHugePages:        0 kB
ShmemPmdMapped:        0 kB
FileHugePages:         0 kB
FilePmdMapped:         0 kB
CmaTotal:              0 kB
CmaFree:               0 kB
Unaccepted:            0 kB
Balloon:               0 kB
HugePages_Total:       0
HugePages_Free:        0
HugePages_Rsvd:        0
HugePages_Surp:        0
Hugepagesize:       2048 kB
Hugetlb:               0 kB
DirectMap4k:      194432 kB
DirectMap2M:     6096896 kB
DirectMap1G:     4194304 kB
---SNAPSHOT---
2026-04-27 01:30:12
MemTotal:        8129240 kB
MemFree:         3712788 kB
MemAvailable:    3442356 kB
Buffers:            6360 kB
Cached:           307248 kB
SwapCached:        50492 kB
Active:          3166384 kB
Inactive:         617564 kB
Active(anon):    3027572 kB
Inactive(anon):   498684 kB
Active(file):     138812 kB
Inactive(file):   118880 kB
Unevictable:          16 kB
Mlocked:              16 kB
SwapTotal:       4194300 kB
SwapFree:        4022676 kB
Zswap:                 0 kB
Zswapped:              0 kB
Dirty:               476 kB
Writeback:            96 kB
AnonPages:       3424548 kB
Mapped:           253496 kB
Shmem:             55960 kB
KReclaimable:      56528 kB
Slab:             284960 kB
SReclaimable:      56528 kB
SUnreclaim:       228432 kB
KernelStack:       19008 kB
PageTables:        61000 kB
SecPageTables:         0 kB
NFS_Unstable:          0 kB
Bounce:                0 kB
WritebackTmp:          0 kB
CommitLimit:     8258920 kB
Committed_AS:   12048084 kB
VmallocTotal:   34359738367 kB
VmallocUsed:       47256 kB
VmallocChunk:          0 kB
Percpu:            13280 kB
HardwareCorrupted:     0 kB
AnonHugePages:   1105920 kB
ShmemHugePages:        0 kB
ShmemPmdMapped:        0 kB
FileHugePages:         0 kB
FilePmdMapped:         0 kB
CmaTotal:              0 kB
CmaFree:               0 kB
Unaccepted:            0 kB
Balloon:               0 kB
HugePages_Total:       0
HugePages_Free:        0
HugePages_Rsvd:        0
HugePages_Surp:        0
Hugepagesize:       2048 kB
Hugetlb:               0 kB
DirectMap4k:      194432 kB
DirectMap2M:     6096896 kB
DirectMap1G:     4194304 kB
---SNAPSHOT---
2026-04-27 01:30:13
MemTotal:        8129240 kB
MemFree:         3313200 kB
MemAvailable:    3042772 kB
Buffers:            6360 kB
Cached:           307256 kB
SwapCached:        50304 kB
Active:          3565628 kB
Inactive:         617556 kB
Active(anon):    3426816 kB
Inactive(anon):   498668 kB
Active(file):     138812 kB
Inactive(file):   118888 kB
Unevictable:          16 kB
Mlocked:              16 kB
SwapTotal:       4194300 kB
SwapFree:        4022676 kB
Zswap:                 0 kB
Zswapped:              0 kB
Dirty:               484 kB
Writeback:             0 kB
AnonPages:       3823644 kB
Mapped:           253496 kB
Shmem:             55960 kB
KReclaimable:      56528 kB
Slab:             284872 kB
SReclaimable:      56528 kB
SUnreclaim:       228344 kB
KernelStack:       19068 kB
PageTables:        62876 kB
SecPageTables:         0 kB
NFS_Unstable:          0 kB
Bounce:                0 kB
WritebackTmp:          0 kB
CommitLimit:     8258920 kB
Committed_AS:   12048100 kB
VmallocTotal:   34359738367 kB
VmallocUsed:       47256 kB
VmallocChunk:          0 kB
Percpu:            13280 kB
HardwareCorrupted:     0 kB
AnonHugePages:   1505280 kB
ShmemHugePages:        0 kB
ShmemPmdMapped:        0 kB
FileHugePages:         0 kB
FilePmdMapped:         0 kB
CmaTotal:              0 kB
CmaFree:               0 kB
Unaccepted:            0 kB
Balloon:               0 kB
HugePages_Total:       0
HugePages_Free:        0
HugePages_Rsvd:        0
HugePages_Surp:        0
Hugepagesize:       2048 kB
Hugetlb:               0 kB
DirectMap4k:      194432 kB
DirectMap2M:     6096896 kB
DirectMap1G:     4194304 kB
---SNAPSHOT---
2026-04-27 01:30:14
MemTotal:        8129240 kB
MemFree:         3555864 kB
MemAvailable:    3285436 kB
Buffers:            6360 kB
Cached:           307264 kB
SwapCached:        50304 kB
Active:          3325880 kB
Inactive:         617560 kB
Active(anon):    3187068 kB
Inactive(anon):   498668 kB
Active(file):     138812 kB
Inactive(file):   118892 kB
Unevictable:          16 kB
Mlocked:              16 kB
SwapTotal:       4194300 kB
SwapFree:        4022676 kB
Zswap:                 0 kB
Zswapped:              0 kB
Dirty:               492 kB
Writeback:             0 kB
AnonPages:       3584256 kB
Mapped:           253496 kB
Shmem:             55960 kB
KReclaimable:      56528 kB
Slab:             284868 kB
SReclaimable:      56528 kB
SUnreclaim:       228340 kB
KernelStack:       19008 kB
PageTables:        61680 kB
SecPageTables:         0 kB
NFS_Unstable:          0 kB
Bounce:                0 kB
WritebackTmp:          0 kB
CommitLimit:     8258920 kB
Committed_AS:   12047960 kB
VmallocTotal:   34359738367 kB
VmallocUsed:       47288 kB
VmallocChunk:          0 kB
Percpu:            13280 kB
HardwareCorrupted:     0 kB
AnonHugePages:   1265664 kB
ShmemHugePages:        0 kB
ShmemPmdMapped:        0 kB
FileHugePages:         0 kB
FilePmdMapped:         0 kB
CmaTotal:              0 kB
CmaFree:               0 kB
Unaccepted:            0 kB
Balloon:               0 kB
HugePages_Total:       0
HugePages_Free:        0
HugePages_Rsvd:        0
HugePages_Surp:        0
Hugepagesize:       2048 kB
Hugetlb:               0 kB
DirectMap4k:      194432 kB
DirectMap2M:     6096896 kB
DirectMap1G:     4194304 kB
---SNAPSHOT---
2026-04-27 01:30:15
MemTotal:        8129240 kB
MemFree:         3150132 kB
MemAvailable:    2879708 kB
Buffers:            6368 kB
Cached:           307268 kB
SwapCached:        50304 kB
Active:          3735784 kB
Inactive:         617568 kB
Active(anon):    3596972 kB
Inactive(anon):   498668 kB
Active(file):     138812 kB
Inactive(file):   118900 kB
Unevictable:          16 kB
Mlocked:              16 kB
SwapTotal:       4194300 kB
SwapFree:        4022676 kB
Zswap:                 0 kB
Zswapped:              0 kB
Dirty:               496 kB
Writeback:             0 kB
AnonPages:       3993972 kB
Mapped:           253496 kB
Shmem:             55960 kB
KReclaimable:      56528 kB
Slab:             284868 kB
SReclaimable:      56528 kB
SUnreclaim:       228340 kB
KernelStack:       19052 kB
PageTables:        62056 kB
SecPageTables:         0 kB
NFS_Unstable:          0 kB
Bounce:                0 kB
WritebackTmp:          0 kB
CommitLimit:     8258920 kB
Committed_AS:   12047980 kB
VmallocTotal:   34359738367 kB
VmallocUsed:       47304 kB
VmallocChunk:          0 kB
Percpu:            13280 kB
HardwareCorrupted:     0 kB
AnonHugePages:   1675264 kB
ShmemHugePages:        0 kB
ShmemPmdMapped:        0 kB
FileHugePages:         0 kB
FilePmdMapped:         0 kB
CmaTotal:              0 kB
CmaFree:               0 kB
Unaccepted:            0 kB
Balloon:               0 kB
HugePages_Total:       0
HugePages_Free:        0
HugePages_Rsvd:        0
HugePages_Surp:        0
Hugepagesize:       2048 kB
Hugetlb:               0 kB
DirectMap4k:      194432 kB
DirectMap2M:     6096896 kB
DirectMap1G:     4194304 kB
---SNAPSHOT---
2026-04-27 01:30:16
MemTotal:        8129240 kB
MemFree:         3934032 kB
MemAvailable:    3663616 kB
Buffers:            6368 kB
Cached:           307272 kB
SwapCached:        50304 kB
Active:          2861120 kB
Inactive:         617580 kB
Active(anon):    2722308 kB
Inactive(anon):   498668 kB
Active(file):     138812 kB
Inactive(file):   118912 kB
Unevictable:          16 kB
Mlocked:              16 kB
SwapTotal:       4194300 kB
SwapFree:        4022676 kB
Zswap:                 0 kB
Zswapped:              0 kB
Dirty:               500 kB
Writeback:             0 kB
AnonPages:       3119132 kB
Mapped:           253496 kB
Shmem:             55960 kB
KReclaimable:      56528 kB
Slab:             284904 kB
SReclaimable:      56528 kB
SUnreclaim:       228376 kB
KernelStack:       19008 kB
PageTables:        60220 kB
SecPageTables:         0 kB
NFS_Unstable:          0 kB
Bounce:                0 kB
WritebackTmp:          0 kB
CommitLimit:     8258920 kB
Committed_AS:   12047328 kB
VmallocTotal:   34359738367 kB
VmallocUsed:       47288 kB
VmallocChunk:          0 kB
Percpu:            13280 kB
HardwareCorrupted:     0 kB
AnonHugePages:    800768 kB
ShmemHugePages:        0 kB
ShmemPmdMapped:        0 kB
FileHugePages:         0 kB
FilePmdMapped:         0 kB
CmaTotal:              0 kB
CmaFree:               0 kB
Unaccepted:            0 kB
Balloon:               0 kB
HugePages_Total:       0
HugePages_Free:        0
HugePages_Rsvd:        0
HugePages_Surp:        0
Hugepagesize:       2048 kB
Hugetlb:               0 kB
DirectMap4k:      194432 kB
DirectMap2M:     6096896 kB
DirectMap1G:     4194304 kB
---SNAPSHOT---
2026-04-27 01:30:17
MemTotal:        8129240 kB
MemFree:         3626312 kB
MemAvailable:    3355896 kB
Buffers:            6368 kB
Cached:           307280 kB
SwapCached:        50304 kB
Active:          3258376 kB
Inactive:         617584 kB
Active(anon):    3119564 kB
Inactive(anon):   498668 kB
Active(file):     138812 kB
Inactive(file):   118916 kB
Unevictable:          16 kB
Mlocked:              16 kB
SwapTotal:       4194300 kB
SwapFree:        4022676 kB
Zswap:                 0 kB
Zswapped:              0 kB
Dirty:               280 kB
Writeback:             0 kB
AnonPages:       3516560 kB
Mapped:           253724 kB
Shmem:             55960 kB
KReclaimable:      56528 kB
Slab:             284904 kB
SReclaimable:      56528 kB
SUnreclaim:       228376 kB
KernelStack:       18992 kB
PageTables:        60824 kB
SecPageTables:         0 kB
NFS_Unstable:          0 kB
Bounce:                0 kB
WritebackTmp:          0 kB
CommitLimit:     8258920 kB
Committed_AS:   12047328 kB
VmallocTotal:   34359738367 kB
VmallocUsed:       47272 kB
VmallocChunk:          0 kB
Percpu:            13280 kB
HardwareCorrupted:     0 kB
AnonHugePages:   1198080 kB
ShmemHugePages:        0 kB
ShmemPmdMapped:        0 kB
FileHugePages:         0 kB
FilePmdMapped:         0 kB
CmaTotal:              0 kB
CmaFree:               0 kB
Unaccepted:            0 kB
Balloon:               0 kB
HugePages_Total:       0
HugePages_Free:        0
HugePages_Rsvd:        0
HugePages_Surp:        0
Hugepagesize:       2048 kB
Hugetlb:               0 kB
DirectMap4k:      194432 kB
DirectMap2M:     6096896 kB
DirectMap1G:     4194304 kB
---SNAPSHOT---
2026-04-27 01:30:18
MemTotal:        8129240 kB
MemFree:         3212592 kB
MemAvailable:    2942180 kB
Buffers:            6368 kB
Cached:           307284 kB
SwapCached:        50304 kB
Active:          3680412 kB
Inactive:         617592 kB
Active(anon):    3541600 kB
Inactive(anon):   498668 kB
Active(file):     138812 kB
Inactive(file):   118924 kB
Unevictable:          16 kB
Mlocked:              16 kB
SwapTotal:       4194300 kB
SwapFree:        4022676 kB
Zswap:                 0 kB
Zswapped:              0 kB
Dirty:               200 kB
Writeback:             0 kB
AnonPages:       3938556 kB
Mapped:           253496 kB
Shmem:             55960 kB
KReclaimable:      56528 kB
Slab:             284904 kB
SReclaimable:      56528 kB
SUnreclaim:       228376 kB
KernelStack:       19008 kB
PageTables:        61584 kB
SecPageTables:         0 kB
NFS_Unstable:          0 kB
Bounce:                0 kB
WritebackTmp:          0 kB
CommitLimit:     8258920 kB
Committed_AS:   12047964 kB
VmallocTotal:   34359738367 kB
VmallocUsed:       47208 kB
VmallocChunk:          0 kB
Percpu:            13280 kB
HardwareCorrupted:     0 kB
AnonHugePages:   1619968 kB
ShmemHugePages:        0 kB
ShmemPmdMapped:        0 kB
FileHugePages:         0 kB
FilePmdMapped:         0 kB
CmaTotal:              0 kB
CmaFree:               0 kB
Unaccepted:            0 kB
Balloon:               0 kB
HugePages_Total:       0
HugePages_Free:        0
HugePages_Rsvd:        0
HugePages_Surp:        0
Hugepagesize:       2048 kB
Hugetlb:               0 kB
DirectMap4k:      194432 kB
DirectMap2M:     6096896 kB
DirectMap1G:     4194304 kB
---SNAPSHOT---
2026-04-27 01:30:19
MemTotal:        8129240 kB
MemFree:         3550512 kB
MemAvailable:    3280104 kB
Buffers:            6368 kB
Cached:           307292 kB
SwapCached:        50304 kB
Active:          3298772 kB
Inactive:         617596 kB
Active(anon):    3159960 kB
Inactive(anon):   498668 kB
Active(file):     138812 kB
Inactive(file):   118928 kB
Unevictable:          16 kB
Mlocked:              16 kB
SwapTotal:       4194300 kB
SwapFree:        4022676 kB
Zswap:                 0 kB
Zswapped:              0 kB
Dirty:               208 kB
Writeback:             0 kB
AnonPages:       3556840 kB
Mapped:           253496 kB
Shmem:             55960 kB
KReclaimable:      56528 kB
Slab:             284904 kB
SReclaimable:      56528 kB
SUnreclaim:       228376 kB
KernelStack:       18992 kB
PageTables:        61172 kB
SecPageTables:         0 kB
NFS_Unstable:          0 kB
Bounce:                0 kB
WritebackTmp:          0 kB
CommitLimit:     8258920 kB
Committed_AS:   12047964 kB
VmallocTotal:   34359738367 kB
VmallocUsed:       47240 kB
VmallocChunk:          0 kB
Percpu:            13280 kB
HardwareCorrupted:     0 kB
AnonHugePages:   1236992 kB
ShmemHugePages:        0 kB
ShmemPmdMapped:        0 kB
FileHugePages:         0 kB
FilePmdMapped:         0 kB
CmaTotal:              0 kB
CmaFree:               0 kB
Unaccepted:            0 kB
Balloon:               0 kB
HugePages_Total:       0
HugePages_Free:        0
HugePages_Rsvd:        0
HugePages_Surp:        0
Hugepagesize:       2048 kB
Hugetlb:               0 kB
DirectMap4k:      194432 kB
DirectMap2M:     6096896 kB
DirectMap1G:     4194304 kB
---SNAPSHOT---
2026-04-27 01:30:20
MemTotal:        8129240 kB
MemFree:         2796620 kB
MemAvailable:    2526220 kB
Buffers:            6376 kB
Cached:           307296 kB
SwapCached:        50304 kB
Active:          4091564 kB
Inactive:         617612 kB
Active(anon):    3952752 kB
Inactive(anon):   498668 kB
Active(file):     138812 kB
Inactive(file):   118944 kB
Unevictable:          16 kB
Mlocked:              16 kB
SwapTotal:       4194300 kB
SwapFree:        4022676 kB
Zswap:                 0 kB
Zswapped:              0 kB
Dirty:               220 kB
Writeback:             0 kB
AnonPages:       4349692 kB
Mapped:           253496 kB
Shmem:             55960 kB
KReclaimable:      56528 kB
Slab:             284904 kB
SReclaimable:      56528 kB
SUnreclaim:       228376 kB
KernelStack:       19068 kB
PageTables:        62820 kB
SecPageTables:         0 kB
NFS_Unstable:          0 kB
Bounce:                0 kB
WritebackTmp:          0 kB
CommitLimit:     8258920 kB
Committed_AS:   12047868 kB
VmallocTotal:   34359738367 kB
VmallocUsed:       47272 kB
VmallocChunk:          0 kB
Percpu:            13280 kB
HardwareCorrupted:     0 kB
AnonHugePages:   2029568 kB
ShmemHugePages:        0 kB
ShmemPmdMapped:        0 kB
FileHugePages:         0 kB
FilePmdMapped:         0 kB
CmaTotal:              0 kB
CmaFree:               0 kB
Unaccepted:            0 kB
Balloon:               0 kB
HugePages_Total:       0
HugePages_Free:        0
HugePages_Rsvd:        0
HugePages_Surp:        0
Hugepagesize:       2048 kB
Hugetlb:               0 kB
DirectMap4k:      194432 kB
DirectMap2M:     6096896 kB
DirectMap1G:     4194304 kB
---SNAPSHOT---
2026-04-27 01:30:21
MemTotal:        8129240 kB
MemFree:         3346384 kB
MemAvailable:    3075988 kB
Buffers:            6376 kB
Cached:           307304 kB
SwapCached:        50304 kB
Active:          3510048 kB
Inactive:         617620 kB
Active(anon):    3371236 kB
Inactive(anon):   498668 kB
Active(file):     138812 kB
Inactive(file):   118952 kB
Unevictable:          16 kB
Mlocked:              16 kB
SwapTotal:       4194300 kB
SwapFree:        4022676 kB
Zswap:                 0 kB
Zswapped:              0 kB
Dirty:               228 kB
Writeback:             0 kB
AnonPages:       3768248 kB
Mapped:           253496 kB
Shmem:             55960 kB
KReclaimable:      56528 kB
Slab:             284904 kB
SReclaimable:      56528 kB
SUnreclaim:       228376 kB
KernelStack:       19008 kB
PageTables:        61540 kB
SecPageTables:         0 kB
NFS_Unstable:          0 kB
Bounce:                0 kB
WritebackTmp:          0 kB
CommitLimit:     8258920 kB
Committed_AS:   12047832 kB
VmallocTotal:   34359738367 kB
VmallocUsed:       47272 kB
VmallocChunk:          0 kB
Percpu:            13280 kB
HardwareCorrupted:     0 kB
AnonHugePages:   1447936 kB
ShmemHugePages:        0 kB
ShmemPmdMapped:        0 kB
FileHugePages:         0 kB
FilePmdMapped:         0 kB
CmaTotal:              0 kB
CmaFree:               0 kB
Unaccepted:            0 kB
Balloon:               0 kB
HugePages_Total:       0
HugePages_Free:        0
HugePages_Rsvd:        0
HugePages_Surp:        0
Hugepagesize:       2048 kB
Hugetlb:               0 kB
DirectMap4k:      194432 kB
DirectMap2M:     6096896 kB
DirectMap1G:     4194304 kB
---SNAPSHOT---
2026-04-27 01:30:22
MemTotal:        8129240 kB
MemFree:         3287628 kB
MemAvailable:    3017236 kB
Buffers:            6380 kB
Cached:           307308 kB
SwapCached:        50304 kB
Active:          3580104 kB
Inactive:         617628 kB
Active(anon):    3441292 kB
Inactive(anon):   498668 kB
Active(file):     138812 kB
Inactive(file):   118960 kB
Unevictable:          16 kB
Mlocked:              16 kB
SwapTotal:       4194300 kB
SwapFree:        4022676 kB
Zswap:                 0 kB
Zswapped:              0 kB
Dirty:               240 kB
Writeback:             0 kB
AnonPages:       3838060 kB
Mapped:           253724 kB
Shmem:             55960 kB
KReclaimable:      56528 kB
Slab:             284912 kB
SReclaimable:      56528 kB
SUnreclaim:       228384 kB
KernelStack:       19068 kB
PageTables:        61848 kB
SecPageTables:         0 kB
NFS_Unstable:          0 kB
Bounce:                0 kB
WritebackTmp:          0 kB
CommitLimit:     8258920 kB
Committed_AS:   12047964 kB
VmallocTotal:   34359738367 kB
VmallocUsed:       47272 kB
VmallocChunk:          0 kB
Percpu:            13280 kB
HardwareCorrupted:     0 kB
AnonHugePages:   1517568 kB
ShmemHugePages:        0 kB
ShmemPmdMapped:        0 kB
FileHugePages:         0 kB
FilePmdMapped:         0 kB
CmaTotal:              0 kB
CmaFree:               0 kB
Unaccepted:            0 kB
Balloon:               0 kB
HugePages_Total:       0
HugePages_Free:        0
HugePages_Rsvd:        0
HugePages_Surp:        0
Hugepagesize:       2048 kB
Hugetlb:               0 kB
DirectMap4k:      194432 kB
DirectMap2M:     6096896 kB
DirectMap1G:     4194304 kB
---SNAPSHOT---
2026-04-27 01:30:23
MemTotal:        8129240 kB
MemFree:         3137996 kB
MemAvailable:    2867612 kB
Buffers:            6380 kB
Cached:           307324 kB
SwapCached:        50304 kB
Active:          3725460 kB
Inactive:         617644 kB
Active(anon):    3586648 kB
Inactive(anon):   498668 kB
Active(file):     138812 kB
Inactive(file):   118976 kB
Unevictable:          16 kB
Mlocked:              16 kB
SwapTotal:       4194300 kB
SwapFree:        4022676 kB
Zswap:                 0 kB
Zswapped:              0 kB
Dirty:                40 kB
Writeback:             0 kB
AnonPages:       3983224 kB
Mapped:           253496 kB
Shmem:             55960 kB
KReclaimable:      56528 kB
Slab:             284912 kB
SReclaimable:      56528 kB
SUnreclaim:       228384 kB
KernelStack:       19068 kB
PageTables:        61940 kB
SecPageTables:         0 kB
NFS_Unstable:          0 kB
Bounce:                0 kB
WritebackTmp:          0 kB
CommitLimit:     8258920 kB
Committed_AS:   12048096 kB
VmallocTotal:   34359738367 kB
VmallocUsed:       47288 kB
VmallocChunk:          0 kB
Percpu:            13280 kB
HardwareCorrupted:     0 kB
AnonHugePages:   1662976 kB
ShmemHugePages:        0 kB
ShmemPmdMapped:        0 kB
FileHugePages:         0 kB
FilePmdMapped:         0 kB
CmaTotal:              0 kB
CmaFree:               0 kB
Unaccepted:            0 kB
Balloon:               0 kB
HugePages_Total:       0
HugePages_Free:        0
HugePages_Rsvd:        0
HugePages_Surp:        0
Hugepagesize:       2048 kB
Hugetlb:               0 kB
DirectMap4k:      194432 kB
DirectMap2M:     6096896 kB
DirectMap1G:     4194304 kB
---SNAPSHOT---
2026-04-27 01:30:24
MemTotal:        8129240 kB
MemFree:         3964708 kB
MemAvailable:    3694328 kB
Buffers:            6380 kB
Cached:           307332 kB
SwapCached:        50304 kB
Active:          2840820 kB
Inactive:         617652 kB
Active(anon):    2702008 kB
Inactive(anon):   498668 kB
Active(file):     138812 kB
Inactive(file):   118984 kB
Unevictable:          16 kB
Mlocked:              16 kB
SwapTotal:       4194300 kB
SwapFree:        4022676 kB
Zswap:                 0 kB
Zswapped:              0 kB
Dirty:                48 kB
Writeback:             0 kB
AnonPages:       3099276 kB
Mapped:           253496 kB
Shmem:             55960 kB
KReclaimable:      56528 kB
Slab:             284908 kB
SReclaimable:      56528 kB
SUnreclaim:       228380 kB
KernelStack:       19008 kB
PageTables:        60460 kB
SecPageTables:         0 kB
NFS_Unstable:          0 kB
Bounce:                0 kB
WritebackTmp:          0 kB
CommitLimit:     8258920 kB
Committed_AS:   12047876 kB
VmallocTotal:   34359738367 kB
VmallocUsed:       47320 kB
VmallocChunk:          0 kB
Percpu:            13280 kB
HardwareCorrupted:     0 kB
AnonHugePages:    757760 kB
ShmemHugePages:        0 kB
ShmemPmdMapped:        0 kB
FileHugePages:         0 kB
FilePmdMapped:         0 kB
CmaTotal:              0 kB
CmaFree:               0 kB
Unaccepted:            0 kB
Balloon:               0 kB
HugePages_Total:       0
HugePages_Free:        0
HugePages_Rsvd:        0
HugePages_Surp:        0
Hugepagesize:       2048 kB
Hugetlb:               0 kB
DirectMap4k:      194432 kB
DirectMap2M:     6096896 kB
DirectMap1G:     4194304 kB
---SNAPSHOT---
2026-04-27 01:30:25
MemTotal:        8129240 kB
MemFree:         3546152 kB
MemAvailable:    3275772 kB
Buffers:            6388 kB
Cached:           307336 kB
SwapCached:        50304 kB
Active:          3225756 kB
Inactive:         617656 kB
Active(anon):    3086944 kB
Inactive(anon):   498668 kB
Active(file):     138812 kB
Inactive(file):   118988 kB
Unevictable:          16 kB
Mlocked:              16 kB
SwapTotal:       4194300 kB
SwapFree:        4022676 kB
Zswap:                 0 kB
Zswapped:              0 kB
Dirty:                68 kB
Writeback:             0 kB
AnonPages:       3483908 kB
Mapped:           253496 kB
Shmem:             55960 kB
KReclaimable:      56528 kB
Slab:             284908 kB
SReclaimable:      56528 kB
SUnreclaim:       228380 kB
KernelStack:       19008 kB
PageTables:        61076 kB
SecPageTables:         0 kB
NFS_Unstable:          0 kB
Bounce:                0 kB
WritebackTmp:          0 kB
CommitLimit:     8258920 kB
Committed_AS:   12047876 kB
VmallocTotal:   34359738367 kB
VmallocUsed:       47304 kB
VmallocChunk:          0 kB
Percpu:            13280 kB
HardwareCorrupted:     0 kB
AnonHugePages:    911360 kB
ShmemHugePages:        0 kB
ShmemPmdMapped:        0 kB
FileHugePages:         0 kB
FilePmdMapped:         0 kB
CmaTotal:              0 kB
CmaFree:               0 kB
Unaccepted:            0 kB
Balloon:               0 kB
HugePages_Total:       0
HugePages_Free:        0
HugePages_Rsvd:        0
HugePages_Surp:        0
Hugepagesize:       2048 kB
Hugetlb:               0 kB
DirectMap4k:      194432 kB
DirectMap2M:     6096896 kB
DirectMap1G:     4194304 kB
---SNAPSHOT---
2026-04-27 01:30:26
MemTotal:        8129240 kB
MemFree:         3255344 kB
MemAvailable:    2984972 kB
Buffers:            6388 kB
Cached:           307340 kB
SwapCached:        50304 kB
Active:          3545184 kB
Inactive:         617668 kB
Active(anon):    3406372 kB
Inactive(anon):   498668 kB
Active(file):     138812 kB
Inactive(file):   119000 kB
Unevictable:          16 kB
Mlocked:              16 kB
SwapTotal:       4194300 kB
SwapFree:        4022676 kB
Zswap:                 0 kB
Zswapped:              0 kB
Dirty:                72 kB
Writeback:             0 kB
AnonPages:       3803632 kB
Mapped:           253496 kB
Shmem:             55960 kB
KReclaimable:      56528 kB
Slab:             284920 kB
SReclaimable:      56528 kB
SUnreclaim:       228392 kB
KernelStack:       19008 kB
PageTables:        61640 kB
SecPageTables:         0 kB
NFS_Unstable:          0 kB
Bounce:                0 kB
WritebackTmp:          0 kB
CommitLimit:     8258920 kB
Committed_AS:   12048208 kB
VmallocTotal:   34359738367 kB
VmallocUsed:       47304 kB
VmallocChunk:          0 kB
Percpu:            13280 kB
HardwareCorrupted:     0 kB
AnonHugePages:    897024 kB
ShmemHugePages:        0 kB
ShmemPmdMapped:        0 kB
FileHugePages:         0 kB
FilePmdMapped:         0 kB
CmaTotal:              0 kB
CmaFree:               0 kB
Unaccepted:            0 kB
Balloon:               0 kB
HugePages_Total:       0
HugePages_Free:        0
HugePages_Rsvd:        0
HugePages_Surp:        0
Hugepagesize:       2048 kB
Hugetlb:               0 kB
DirectMap4k:      194432 kB
DirectMap2M:     6096896 kB
DirectMap1G:     4194304 kB
---SNAPSHOT---
2026-04-27 01:30:27
MemTotal:        8129240 kB
MemFree:         3587996 kB
MemAvailable:    3317628 kB
Buffers:            6388 kB
Cached:           307348 kB
SwapCached:        50304 kB
Active:          3218620 kB
Inactive:         617676 kB
Active(anon):    3079808 kB
Inactive(anon):   498668 kB
Active(file):     138812 kB
Inactive(file):   119008 kB
Unevictable:          16 kB
Mlocked:              16 kB
SwapTotal:       4194300 kB
SwapFree:        4022676 kB
Zswap:                 0 kB
Zswapped:              0 kB
Dirty:                80 kB
Writeback:             0 kB
AnonPages:       3476472 kB
Mapped:           253496 kB
Shmem:             55960 kB
KReclaimable:      56528 kB
Slab:             284916 kB
SReclaimable:      56528 kB
SUnreclaim:       228388 kB
KernelStack:       19068 kB
PageTables:        61156 kB
SecPageTables:         0 kB
NFS_Unstable:          0 kB
Bounce:                0 kB
WritebackTmp:          0 kB
CommitLimit:     8258920 kB
Committed_AS:   12047964 kB
VmallocTotal:   34359738367 kB
VmallocUsed:       47288 kB
VmallocChunk:          0 kB
Percpu:            13280 kB
HardwareCorrupted:     0 kB
AnonHugePages:    823296 kB
ShmemHugePages:        0 kB
ShmemPmdMapped:        0 kB
FileHugePages:         0 kB
FilePmdMapped:         0 kB
CmaTotal:              0 kB
CmaFree:               0 kB
Unaccepted:            0 kB
Balloon:               0 kB
HugePages_Total:       0
HugePages_Free:        0
HugePages_Rsvd:        0
HugePages_Surp:        0
Hugepagesize:       2048 kB
Hugetlb:               0 kB
DirectMap4k:      194432 kB
DirectMap2M:     6096896 kB
DirectMap1G:     4194304 kB
---SNAPSHOT---
2026-04-27 01:30:28
MemTotal:        8129240 kB
MemFree:         3258988 kB
MemAvailable:    2988620 kB
Buffers:            6388 kB
Cached:           307352 kB
SwapCached:        50304 kB
Active:          3509276 kB
Inactive:         617680 kB
Active(anon):    3370464 kB
Inactive(anon):   498668 kB
Active(file):     138812 kB
Inactive(file):   119012 kB
Unevictable:          16 kB
Mlocked:              16 kB
SwapTotal:       4194300 kB
SwapFree:        4022676 kB
Zswap:                 0 kB
Zswapped:              0 kB
Dirty:                80 kB
Writeback:             0 kB
AnonPages:       3767636 kB
Mapped:           253496 kB
Shmem:             55960 kB
KReclaimable:      56528 kB
Slab:             284912 kB
SReclaimable:      56528 kB
SUnreclaim:       228384 kB
KernelStack:       19008 kB
PageTables:        61520 kB
SecPageTables:         0 kB
NFS_Unstable:          0 kB
Bounce:                0 kB
WritebackTmp:          0 kB
CommitLimit:     8258920 kB
Committed_AS:   12047868 kB
VmallocTotal:   34359738367 kB
VmallocUsed:       47288 kB
VmallocChunk:          0 kB
Percpu:            13280 kB
HardwareCorrupted:     0 kB
AnonHugePages:    901120 kB
ShmemHugePages:        0 kB
ShmemPmdMapped:        0 kB
FileHugePages:         0 kB
FilePmdMapped:         0 kB
CmaTotal:              0 kB
CmaFree:               0 kB
Unaccepted:            0 kB
Balloon:               0 kB
HugePages_Total:       0
HugePages_Free:        0
HugePages_Rsvd:        0
HugePages_Surp:        0
Hugepagesize:       2048 kB
Hugetlb:               0 kB
DirectMap4k:      194432 kB
DirectMap2M:     6096896 kB
DirectMap1G:     4194304 kB
---SNAPSHOT---
2026-04-27 01:30:29
MemTotal:        8129240 kB
MemFree:         3117604 kB
MemAvailable:    2847240 kB
Buffers:            6388 kB
Cached:           307360 kB
SwapCached:        50304 kB
Active:          3723724 kB
Inactive:         617684 kB
Active(anon):    3584912 kB
Inactive(anon):   498668 kB
Active(file):     138812 kB
Inactive(file):   119016 kB
Unevictable:          16 kB
Mlocked:              16 kB
SwapTotal:       4194300 kB
SwapFree:        4022676 kB
Zswap:                 0 kB
Zswapped:              0 kB
Dirty:                88 kB
Writeback:             0 kB
AnonPages:       3981924 kB
Mapped:           253496 kB
Shmem:             55960 kB
KReclaimable:      56528 kB
Slab:             284904 kB
SReclaimable:      56528 kB
SUnreclaim:       228376 kB
KernelStack:       19008 kB
PageTables:        61772 kB
SecPageTables:         0 kB
NFS_Unstable:          0 kB
Bounce:                0 kB
WritebackTmp:          0 kB
CommitLimit:     8258920 kB
Committed_AS:   12048072 kB
VmallocTotal:   34359738367 kB
VmallocUsed:       47256 kB
VmallocChunk:          0 kB
Percpu:            13280 kB
HardwareCorrupted:     0 kB
AnonHugePages:   1662976 kB
ShmemHugePages:        0 kB
ShmemPmdMapped:        0 kB
FileHugePages:         0 kB
FilePmdMapped:         0 kB
CmaTotal:              0 kB
CmaFree:               0 kB
Unaccepted:            0 kB
Balloon:               0 kB
HugePages_Total:       0
HugePages_Free:        0
HugePages_Rsvd:        0
HugePages_Surp:        0
Hugepagesize:       2048 kB
Hugetlb:               0 kB
DirectMap4k:      194432 kB
DirectMap2M:     6096896 kB
DirectMap1G:     4194304 kB
---SNAPSHOT---
2026-04-27 01:30:30
MemTotal:        8129240 kB
MemFree:         3360404 kB
MemAvailable:    3090044 kB
Buffers:            6396 kB
Cached:           307364 kB
SwapCached:        50304 kB
Active:          3488376 kB
Inactive:         617692 kB
Active(anon):    3349564 kB
Inactive(anon):   498668 kB
Active(file):     138812 kB
Inactive(file):   119024 kB
Unevictable:          16 kB
Mlocked:              16 kB
SwapTotal:       4194300 kB
SwapFree:        4022676 kB
Zswap:                 0 kB
Zswapped:              0 kB
Dirty:                92 kB
Writeback:             0 kB
AnonPages:       3746400 kB
Mapped:           253496 kB
Shmem:             55960 kB
KReclaimable:      56528 kB
Slab:             284900 kB
SReclaimable:      56528 kB
SUnreclaim:       228372 kB
KernelStack:       19008 kB
PageTables:        61256 kB
SecPageTables:         0 kB
NFS_Unstable:          0 kB
Bounce:                0 kB
WritebackTmp:          0 kB
CommitLimit:     8258920 kB
Committed_AS:   12047488 kB
VmallocTotal:   34359738367 kB
VmallocUsed:       47208 kB
VmallocChunk:          0 kB
Percpu:            13280 kB
HardwareCorrupted:     0 kB
AnonHugePages:   1427456 kB
ShmemHugePages:        0 kB
ShmemPmdMapped:        0 kB
FileHugePages:         0 kB
FilePmdMapped:         0 kB
CmaTotal:              0 kB
CmaFree:               0 kB
Unaccepted:            0 kB
Balloon:               0 kB
HugePages_Total:       0
HugePages_Free:        0
HugePages_Rsvd:        0
HugePages_Surp:        0
Hugepagesize:       2048 kB
Hugetlb:               0 kB
DirectMap4k:      194432 kB
DirectMap2M:     6096896 kB
DirectMap1G:     4194304 kB
---SNAPSHOT---
2026-04-27 01:30:31
MemTotal:        8129240 kB
MemFree:         3521612 kB
MemAvailable:    3251256 kB
Buffers:            6396 kB
Cached:           307368 kB
SwapCached:        50304 kB
Active:          3238748 kB
Inactive:         617704 kB
Active(anon):    3099936 kB
Inactive(anon):   498668 kB
Active(file):     138812 kB
Inactive(file):   119036 kB
Unevictable:          16 kB
Mlocked:              16 kB
SwapTotal:       4194300 kB
SwapFree:        4022676 kB
Zswap:                 0 kB
Zswapped:              0 kB
Dirty:                96 kB
Writeback:             0 kB
AnonPages:       3496660 kB
Mapped:           253496 kB
Shmem:             55960 kB
KReclaimable:      56528 kB
Slab:             284908 kB
SReclaimable:      56528 kB
SUnreclaim:       228380 kB
KernelStack:       19024 kB
PageTables:        60928 kB
SecPageTables:         0 kB
NFS_Unstable:          0 kB
Bounce:                0 kB
WritebackTmp:          0 kB
CommitLimit:     8258920 kB
Committed_AS:   12047968 kB
VmallocTotal:   34359738367 kB
VmallocUsed:       47208 kB
VmallocChunk:          0 kB
Percpu:            13280 kB
HardwareCorrupted:     0 kB
AnonHugePages:   1032192 kB
ShmemHugePages:        0 kB
ShmemPmdMapped:        0 kB
FileHugePages:         0 kB
FilePmdMapped:         0 kB
CmaTotal:              0 kB
CmaFree:               0 kB
Unaccepted:            0 kB
Balloon:               0 kB
HugePages_Total:       0
HugePages_Free:        0
HugePages_Rsvd:        0
HugePages_Surp:        0
Hugepagesize:       2048 kB
Hugetlb:               0 kB
DirectMap4k:      194432 kB
DirectMap2M:     6096896 kB
DirectMap1G:     4194304 kB
---SNAPSHOT---
2026-04-27 01:30:32
MemTotal:        8129240 kB
MemFree:         3747856 kB
MemAvailable:    3477508 kB
Buffers:            6396 kB
Cached:           307380 kB
SwapCached:        50304 kB
Active:          2978556 kB
Inactive:         617716 kB
Active(anon):    2839744 kB
Inactive(anon):   498668 kB
Active(file):     138812 kB
Inactive(file):   119048 kB
Unevictable:          16 kB
Mlocked:              16 kB
SwapTotal:       4194300 kB
SwapFree:        4022676 kB
Zswap:                 0 kB
Zswapped:              0 kB
Dirty:               108 kB
Writeback:             0 kB
AnonPages:       3236724 kB
Mapped:           253496 kB
Shmem:             55960 kB
KReclaimable:      56528 kB
Slab:             284904 kB
SReclaimable:      56528 kB
SUnreclaim:       228376 kB
KernelStack:       19008 kB
PageTables:        60628 kB
SecPageTables:         0 kB
NFS_Unstable:          0 kB
Bounce:                0 kB
WritebackTmp:          0 kB
CommitLimit:     8258920 kB
Committed_AS:   12047736 kB
VmallocTotal:   34359738367 kB
VmallocUsed:       47224 kB
VmallocChunk:          0 kB
Percpu:            13280 kB
HardwareCorrupted:     0 kB
AnonHugePages:    544768 kB
ShmemHugePages:        0 kB
ShmemPmdMapped:        0 kB
FileHugePages:         0 kB
FilePmdMapped:         0 kB
CmaTotal:              0 kB
CmaFree:               0 kB
Unaccepted:            0 kB
Balloon:               0 kB
HugePages_Total:       0
HugePages_Free:        0
HugePages_Rsvd:        0
HugePages_Surp:        0
Hugepagesize:       2048 kB
Hugetlb:               0 kB
DirectMap4k:      194432 kB
DirectMap2M:     6096896 kB
DirectMap1G:     4194304 kB
---SNAPSHOT---
2026-04-27 01:30:33
MemTotal:        8129240 kB
MemFree:         2782992 kB
MemAvailable:    2512644 kB
Buffers:            6396 kB
Cached:           307384 kB
SwapCached:        50304 kB
Active:          4021148 kB
Inactive:         617720 kB
Active(anon):    3882336 kB
Inactive(anon):   498668 kB
Active(file):     138812 kB
Inactive(file):   119052 kB
Unevictable:          16 kB
Mlocked:              16 kB
SwapTotal:       4194300 kB
SwapFree:        4022676 kB
Zswap:                 0 kB
Zswapped:              0 kB
Dirty:               112 kB
Writeback:             0 kB
AnonPages:       4279240 kB
Mapped:           253496 kB
Shmem:             55960 kB
KReclaimable:      56528 kB
Slab:             284904 kB
SReclaimable:      56528 kB
SUnreclaim:       228376 kB
KernelStack:       19024 kB
PageTables:        62168 kB
SecPageTables:         0 kB
NFS_Unstable:          0 kB
Bounce:                0 kB
WritebackTmp:          0 kB
CommitLimit:     8258920 kB
Committed_AS:   12048008 kB
VmallocTotal:   34359738367 kB
VmallocUsed:       47208 kB
VmallocChunk:          0 kB
Percpu:            13280 kB
HardwareCorrupted:     0 kB
AnonHugePages:   1351680 kB
ShmemHugePages:        0 kB
ShmemPmdMapped:        0 kB
FileHugePages:         0 kB
FilePmdMapped:         0 kB
CmaTotal:              0 kB
CmaFree:               0 kB
Unaccepted:            0 kB
Balloon:               0 kB
HugePages_Total:       0
HugePages_Free:        0
HugePages_Rsvd:        0
HugePages_Surp:        0
Hugepagesize:       2048 kB
Hugetlb:               0 kB
DirectMap4k:      194432 kB
DirectMap2M:     6096896 kB
DirectMap1G:     4194304 kB
---SNAPSHOT---
2026-04-27 01:30:34
MemTotal:        8129240 kB
MemFree:         3275368 kB
MemAvailable:    3005024 kB
Buffers:            6396 kB
Cached:           307392 kB
SwapCached:       148116 kB
Active:          3417904 kB
Inactive:         714172 kB
Active(anon):    3279092 kB
Inactive(anon):   595112 kB
Active(file):     138812 kB
Inactive(file):   119060 kB
Unevictable:          16 kB
Mlocked:              16 kB
SwapTotal:       4194300 kB
SwapFree:        3924732 kB
Zswap:                 0 kB
Zswapped:              0 kB
Dirty:               120 kB
Writeback:          1140 kB
AnonPages:       3676996 kB
Mapped:           253496 kB
Shmem:             55960 kB
KReclaimable:      56528 kB
Slab:             284904 kB
SReclaimable:      56528 kB
SUnreclaim:       228376 kB
KernelStack:       19024 kB
PageTables:        61648 kB
SecPageTables:         0 kB
NFS_Unstable:          0 kB
Bounce:                0 kB
WritebackTmp:          0 kB
CommitLimit:     8258920 kB
Committed_AS:   12047716 kB
VmallocTotal:   34359738367 kB
VmallocUsed:       47208 kB
VmallocChunk:          0 kB
Percpu:            13280 kB
HardwareCorrupted:     0 kB
AnonHugePages:   1355776 kB
ShmemHugePages:        0 kB
ShmemPmdMapped:        0 kB
FileHugePages:         0 kB
FilePmdMapped:         0 kB
CmaTotal:              0 kB
CmaFree:               0 kB
Unaccepted:            0 kB
Balloon:               0 kB
HugePages_Total:       0
HugePages_Free:        0
HugePages_Rsvd:        0
HugePages_Surp:        0
Hugepagesize:       2048 kB
Hugetlb:               0 kB
DirectMap4k:      194432 kB
DirectMap2M:     6096896 kB
DirectMap1G:     4194304 kB
---SNAPSHOT---
2026-04-27 01:30:35
MemTotal:        8129240 kB
MemFree:         3132164 kB
MemAvailable:    2861824 kB
Buffers:            6404 kB
Cached:           307396 kB
SwapCached:       341276 kB
Active:          3360460 kB
Inactive:         908604 kB
Active(anon):    3221648 kB
Inactive(anon):   789540 kB
Active(file):     138812 kB
Inactive(file):   119064 kB
Unevictable:          16 kB
Mlocked:              16 kB
SwapTotal:       4194300 kB
SwapFree:        3731856 kB
Zswap:                 0 kB
Zswapped:              0 kB
Dirty:               124 kB
Writeback:            20 kB
AnonPages:       3618720 kB
Mapped:           253496 kB
Shmem:             55960 kB
KReclaimable:      56528 kB
Slab:             284940 kB
SReclaimable:      56528 kB
SUnreclaim:       228412 kB
KernelStack:       19008 kB
PageTables:        62512 kB
SecPageTables:         0 kB
NFS_Unstable:          0 kB
Bounce:                0 kB
WritebackTmp:          0 kB
CommitLimit:     8258920 kB
Committed_AS:   12047568 kB
VmallocTotal:   34359738367 kB
VmallocUsed:       47224 kB
VmallocChunk:          0 kB
Percpu:            13280 kB
HardwareCorrupted:     0 kB
AnonHugePages:   1069056 kB
ShmemHugePages:        0 kB
ShmemPmdMapped:        0 kB
FileHugePages:         0 kB
FilePmdMapped:         0 kB
CmaTotal:              0 kB
CmaFree:               0 kB
Unaccepted:            0 kB
Balloon:               0 kB
HugePages_Total:       0
HugePages_Free:        0
HugePages_Rsvd:        0
HugePages_Surp:        0
Hugepagesize:       2048 kB
Hugetlb:               0 kB
DirectMap4k:      194432 kB
DirectMap2M:     6096896 kB
DirectMap1G:     4194304 kB
---SNAPSHOT---
2026-04-27 01:30:36
MemTotal:        8129240 kB
MemFree:         3882520 kB
MemAvailable:    3612184 kB
Buffers:            6404 kB
Cached:           307400 kB
SwapCached:        50304 kB
Active:          2891952 kB
Inactive:         617744 kB
Active(anon):    2753140 kB
Inactive(anon):   498668 kB
Active(file):     138812 kB
Inactive(file):   119076 kB
Unevictable:          16 kB
Mlocked:              16 kB
SwapTotal:       4194300 kB
SwapFree:        4022676 kB
Zswap:                 0 kB
Zswapped:              0 kB
Dirty:               120 kB
Writeback:             0 kB
AnonPages:       3149796 kB
Mapped:           253496 kB
Shmem:             55960 kB
KReclaimable:      56528 kB
Slab:             284880 kB
SReclaimable:      56528 kB
SUnreclaim:       228352 kB
KernelStack:       19008 kB
PageTables:        60388 kB
SecPageTables:         0 kB
NFS_Unstable:          0 kB
Bounce:                0 kB
WritebackTmp:          0 kB
CommitLimit:     8258920 kB
Committed_AS:   12047964 kB
VmallocTotal:   34359738367 kB
VmallocUsed:       47240 kB
VmallocChunk:          0 kB
Percpu:            13280 kB
HardwareCorrupted:     0 kB
AnonHugePages:    378880 kB
ShmemHugePages:        0 kB
ShmemPmdMapped:        0 kB
FileHugePages:         0 kB
FilePmdMapped:         0 kB
CmaTotal:              0 kB
CmaFree:               0 kB
Unaccepted:            0 kB
Balloon:               0 kB
HugePages_Total:       0
HugePages_Free:        0
HugePages_Rsvd:        0
HugePages_Surp:        0
Hugepagesize:       2048 kB
Hugetlb:               0 kB
DirectMap4k:      194432 kB
DirectMap2M:     6096896 kB
DirectMap1G:     4194304 kB
---SNAPSHOT---
2026-04-27 01:30:37
MemTotal:        8129240 kB
MemFree:         3586496 kB
MemAvailable:    3316168 kB
Buffers:            6404 kB
Cached:           307412 kB
SwapCached:        50304 kB
Active:          3246428 kB
Inactive:         617756 kB
Active(anon):    3107616 kB
Inactive(anon):   498668 kB
Active(file):     138812 kB
Inactive(file):   119088 kB
Unevictable:          16 kB
Mlocked:              16 kB
SwapTotal:       4194300 kB
SwapFree:        4022676 kB
Zswap:                 0 kB
Zswapped:              0 kB
Dirty:               132 kB
Writeback:             0 kB
AnonPages:       3504440 kB
Mapped:           253496 kB
Shmem:             55960 kB
KReclaimable:      56528 kB
Slab:             284880 kB
SReclaimable:      56528 kB
SUnreclaim:       228352 kB
KernelStack:       18992 kB
PageTables:        60548 kB
SecPageTables:         0 kB
NFS_Unstable:          0 kB
Bounce:                0 kB
WritebackTmp:          0 kB
CommitLimit:     8258920 kB
Committed_AS:   12048312 kB
VmallocTotal:   34359738367 kB
VmallocUsed:       47224 kB
VmallocChunk:          0 kB
Percpu:            13280 kB
HardwareCorrupted:     0 kB
AnonHugePages:   1185792 kB
ShmemHugePages:        0 kB
ShmemPmdMapped:        0 kB
FileHugePages:         0 kB
FilePmdMapped:         0 kB
CmaTotal:              0 kB
CmaFree:               0 kB
Unaccepted:            0 kB
Balloon:               0 kB
HugePages_Total:       0
HugePages_Free:        0
HugePages_Rsvd:        0
HugePages_Surp:        0
Hugepagesize:       2048 kB
Hugetlb:               0 kB
DirectMap4k:      194432 kB
DirectMap2M:     6096896 kB
DirectMap1G:     4194304 kB
---SNAPSHOT---
2026-04-27 01:30:38
MemTotal:        8129240 kB
MemFree:         3198928 kB
MemAvailable:    2928600 kB
Buffers:            6404 kB
Cached:           307416 kB
SwapCached:        50304 kB
Active:          3635620 kB
Inactive:         617756 kB
Active(anon):    3496808 kB
Inactive(anon):   498668 kB
Active(file):     138812 kB
Inactive(file):   119088 kB
Unevictable:          16 kB
Mlocked:              16 kB
SwapTotal:       4194300 kB
SwapFree:        4022676 kB
Zswap:                 0 kB
Zswapped:              0 kB
Dirty:               136 kB
Writeback:             0 kB
AnonPages:       3893672 kB
Mapped:           253496 kB
Shmem:             55960 kB
KReclaimable:      56528 kB
Slab:             284880 kB
SReclaimable:      56528 kB
SUnreclaim:       228352 kB
KernelStack:       19008 kB
PageTables:        62328 kB
SecPageTables:         0 kB
NFS_Unstable:          0 kB
Bounce:                0 kB
WritebackTmp:          0 kB
CommitLimit:     8258920 kB
Committed_AS:   12047736 kB
VmallocTotal:   34359738367 kB
VmallocUsed:       47240 kB
VmallocChunk:          0 kB
Percpu:            13280 kB
HardwareCorrupted:     0 kB
AnonHugePages:   1574912 kB
ShmemHugePages:        0 kB
ShmemPmdMapped:        0 kB
FileHugePages:         0 kB
FilePmdMapped:         0 kB
CmaTotal:              0 kB
CmaFree:               0 kB
Unaccepted:            0 kB
Balloon:               0 kB
HugePages_Total:       0
HugePages_Free:        0
HugePages_Rsvd:        0
HugePages_Surp:        0
Hugepagesize:       2048 kB
Hugetlb:               0 kB
DirectMap4k:      194432 kB
DirectMap2M:     6096896 kB
DirectMap1G:     4194304 kB
---SNAPSHOT---
2026-04-27 01:30:39
MemTotal:        8129240 kB
MemFree:         3448556 kB
MemAvailable:    3178232 kB
Buffers:            6536 kB
Cached:           307292 kB
SwapCached:        50304 kB
Active:          3392000 kB
Inactive:         617768 kB
Active(anon):    3253188 kB
Inactive(anon):   498668 kB
Active(file):     138812 kB
Inactive(file):   119100 kB
Unevictable:          16 kB
Mlocked:              16 kB
SwapTotal:       4194300 kB
SwapFree:        4022676 kB
Zswap:                 0 kB
Zswapped:              0 kB
Dirty:               144 kB
Writeback:             0 kB
AnonPages:       3649728 kB
Mapped:           253496 kB
Shmem:             55960 kB
KReclaimable:      56528 kB
Slab:             284888 kB
SReclaimable:      56528 kB
SUnreclaim:       228360 kB
KernelStack:       19068 kB
PageTables:        61724 kB
SecPageTables:         0 kB
NFS_Unstable:          0 kB
Bounce:                0 kB
WritebackTmp:          0 kB
CommitLimit:     8258920 kB
Committed_AS:   12047976 kB
VmallocTotal:   34359738367 kB
VmallocUsed:       47272 kB
VmallocChunk:          0 kB
Percpu:            13280 kB
HardwareCorrupted:     0 kB
AnonHugePages:   1331200 kB
ShmemHugePages:        0 kB
ShmemPmdMapped:        0 kB
FileHugePages:         0 kB
FilePmdMapped:         0 kB
CmaTotal:              0 kB
CmaFree:               0 kB
Unaccepted:            0 kB
Balloon:               0 kB
HugePages_Total:       0
HugePages_Free:        0
HugePages_Rsvd:        0
HugePages_Surp:        0
Hugepagesize:       2048 kB
Hugetlb:               0 kB
DirectMap4k:      194432 kB
DirectMap2M:     6096896 kB
DirectMap1G:     4194304 kB
---SNAPSHOT---
2026-04-27 01:30:40
MemTotal:        8129240 kB
MemFree:         3668432 kB
MemAvailable:    3398176 kB
Buffers:            6544 kB
Cached:           307428 kB
SwapCached:        50304 kB
Active:          3160564 kB
Inactive:         617904 kB
Active(anon):    3021752 kB
Inactive(anon):   498668 kB
Active(file):     138812 kB
Inactive(file):   119236 kB
Unevictable:          16 kB
Mlocked:              16 kB
SwapTotal:       4194300 kB
SwapFree:        4022676 kB
Zswap:                 0 kB
Zswapped:              0 kB
Dirty:               160 kB
Writeback:             0 kB
AnonPages:       3418532 kB
Mapped:           253496 kB
Shmem:             55960 kB
KReclaimable:      56528 kB
Slab:             284896 kB
SReclaimable:      56528 kB
SUnreclaim:       228368 kB
KernelStack:       19068 kB
PageTables:        60752 kB
SecPageTables:         0 kB
NFS_Unstable:          0 kB
Bounce:                0 kB
WritebackTmp:          0 kB
CommitLimit:     8258920 kB
Committed_AS:   12047648 kB
VmallocTotal:   34359738367 kB
VmallocUsed:       47288 kB
VmallocChunk:          0 kB
Percpu:            13280 kB
HardwareCorrupted:     0 kB
AnonHugePages:   1099776 kB
ShmemHugePages:        0 kB
ShmemPmdMapped:        0 kB
FileHugePages:         0 kB
FilePmdMapped:         0 kB
CmaTotal:              0 kB
CmaFree:               0 kB
Unaccepted:            0 kB
Balloon:               0 kB
HugePages_Total:       0
HugePages_Free:        0
HugePages_Rsvd:        0
HugePages_Surp:        0
Hugepagesize:       2048 kB
Hugetlb:               0 kB
DirectMap4k:      194432 kB
DirectMap2M:     6096896 kB
DirectMap1G:     4194304 kB
---SNAPSHOT---
2026-04-27 01:30:41
MemTotal:        8129240 kB
MemFree:         3848124 kB
MemAvailable:    3577876 kB
Buffers:            6544 kB
Cached:           307432 kB
SwapCached:        50304 kB
Active:          2918744 kB
Inactive:         617916 kB
Active(anon):    2779932 kB
Inactive(anon):   498668 kB
Active(file):     138812 kB
Inactive(file):   119248 kB
Unevictable:          16 kB
Mlocked:              16 kB
SwapTotal:       4194300 kB
SwapFree:        4022676 kB
Zswap:                 0 kB
Zswapped:              0 kB
Dirty:               164 kB
Writeback:             0 kB
AnonPages:       3176640 kB
Mapped:           253496 kB
Shmem:             55960 kB
KReclaimable:      56528 kB
Slab:             284904 kB
SReclaimable:      56528 kB
SUnreclaim:       228376 kB
KernelStack:       19008 kB
PageTables:        60732 kB
SecPageTables:         0 kB
NFS_Unstable:          0 kB
Bounce:                0 kB
WritebackTmp:          0 kB
CommitLimit:     8258920 kB
Committed_AS:   12048096 kB
VmallocTotal:   34359738367 kB
VmallocUsed:       47256 kB
VmallocChunk:          0 kB
Percpu:            13280 kB
HardwareCorrupted:     0 kB
AnonHugePages:    858112 kB
ShmemHugePages:        0 kB
ShmemPmdMapped:        0 kB
FileHugePages:         0 kB
FilePmdMapped:         0 kB
CmaTotal:              0 kB
CmaFree:               0 kB
Unaccepted:            0 kB
Balloon:               0 kB
HugePages_Total:       0
HugePages_Free:        0
HugePages_Rsvd:        0
HugePages_Surp:        0
Hugepagesize:       2048 kB
Hugetlb:               0 kB
DirectMap4k:      194432 kB
DirectMap2M:     6096896 kB
DirectMap1G:     4194304 kB
---SNAPSHOT---
2026-04-27 01:30:42
MemTotal:        8129240 kB
MemFree:         3486100 kB
MemAvailable:    3215856 kB
Buffers:            6544 kB
Cached:           307440 kB
SwapCached:        50304 kB
Active:          3317916 kB
Inactive:         617924 kB
Active(anon):    3179104 kB
Inactive(anon):   498668 kB
Active(file):     138812 kB
Inactive(file):   119256 kB
Unevictable:          16 kB
Mlocked:              16 kB
SwapTotal:       4194300 kB
SwapFree:        4022676 kB
Zswap:                 0 kB
Zswapped:              0 kB
Dirty:               172 kB
Writeback:             0 kB
AnonPages:       3576120 kB
Mapped:           253496 kB
Shmem:             55960 kB
KReclaimable:      56528 kB
Slab:             284896 kB
SReclaimable:      56528 kB
SUnreclaim:       228368 kB
KernelStack:       18992 kB
PageTables:        62536 kB
SecPageTables:         0 kB
NFS_Unstable:          0 kB
Bounce:                0 kB
WritebackTmp:          0 kB
CommitLimit:     8258920 kB
Committed_AS:   12048096 kB
VmallocTotal:   34359738367 kB
VmallocUsed:       47224 kB
VmallocChunk:          0 kB
Percpu:            13280 kB
HardwareCorrupted:     0 kB
AnonHugePages:   1257472 kB
ShmemHugePages:        0 kB
ShmemPmdMapped:        0 kB
FileHugePages:         0 kB
FilePmdMapped:         0 kB
CmaTotal:              0 kB
CmaFree:               0 kB
Unaccepted:            0 kB
Balloon:               0 kB
HugePages_Total:       0
HugePages_Free:        0
HugePages_Rsvd:        0
HugePages_Surp:        0
Hugepagesize:       2048 kB
Hugetlb:               0 kB
DirectMap4k:      194432 kB
DirectMap2M:     6096896 kB
DirectMap1G:     4194304 kB
---SNAPSHOT---
2026-04-27 01:30:43
MemTotal:        8129240 kB
MemFree:         3144076 kB
MemAvailable:    2873832 kB
Buffers:            6544 kB
Cached:           307444 kB
SwapCached:        50304 kB
Active:          3709276 kB
Inactive:         617928 kB
Active(anon):    3570464 kB
Inactive(anon):   498668 kB
Active(file):     138812 kB
Inactive(file):   119260 kB
Unevictable:          16 kB
Mlocked:              16 kB
SwapTotal:       4194300 kB
SwapFree:        4022676 kB
Zswap:                 0 kB
Zswapped:              0 kB
Dirty:               176 kB
Writeback:             0 kB
AnonPages:       3967396 kB
Mapped:           253496 kB
Shmem:             55960 kB
KReclaimable:      56528 kB
Slab:             284896 kB
SReclaimable:      56528 kB
SUnreclaim:       228368 kB
KernelStack:       19008 kB
PageTables:        63264 kB
SecPageTables:         0 kB
NFS_Unstable:          0 kB
Bounce:                0 kB
WritebackTmp:          0 kB
CommitLimit:     8258920 kB
Committed_AS:   12047712 kB
VmallocTotal:   34359738367 kB
VmallocUsed:       47224 kB
VmallocChunk:          0 kB
Percpu:            13280 kB
HardwareCorrupted:     0 kB
AnonHugePages:   1648640 kB
ShmemHugePages:        0 kB
ShmemPmdMapped:        0 kB
FileHugePages:         0 kB
FilePmdMapped:         0 kB
CmaTotal:              0 kB
CmaFree:               0 kB
Unaccepted:            0 kB
Balloon:               0 kB
HugePages_Total:       0
HugePages_Free:        0
HugePages_Rsvd:        0
HugePages_Surp:        0
Hugepagesize:       2048 kB
Hugetlb:               0 kB
DirectMap4k:      194432 kB
DirectMap2M:     6096896 kB
DirectMap1G:     4194304 kB
---SNAPSHOT---
2026-04-27 01:30:44
MemTotal:        8129240 kB
MemFree:         3409836 kB
MemAvailable:    3139596 kB
Buffers:            6544 kB
Cached:           307452 kB
SwapCached:        50304 kB
Active:          3448896 kB
Inactive:         617932 kB
Active(anon):    3310084 kB
Inactive(anon):   498668 kB
Active(file):     138812 kB
Inactive(file):   119264 kB
Unevictable:          16 kB
Mlocked:              16 kB
SwapTotal:       4194300 kB
SwapFree:        4022676 kB
Zswap:                 0 kB
Zswapped:              0 kB
Dirty:               184 kB
Writeback:             0 kB
AnonPages:       3707200 kB
Mapped:           253496 kB
Shmem:             55960 kB
KReclaimable:      56528 kB
Slab:             284900 kB
SReclaimable:      56528 kB
SUnreclaim:       228372 kB
KernelStack:       18992 kB
PageTables:        62332 kB
SecPageTables:         0 kB
NFS_Unstable:          0 kB
Bounce:                0 kB
WritebackTmp:          0 kB
CommitLimit:     8258920 kB
Committed_AS:   12047716 kB
VmallocTotal:   34359738367 kB
VmallocUsed:       47320 kB
VmallocChunk:          0 kB
Percpu:            13280 kB
HardwareCorrupted:     0 kB
AnonHugePages:   1388544 kB
ShmemHugePages:        0 kB
ShmemPmdMapped:        0 kB
FileHugePages:         0 kB
FilePmdMapped:         0 kB
CmaTotal:              0 kB
CmaFree:               0 kB
Unaccepted:            0 kB
Balloon:               0 kB
HugePages_Total:       0
HugePages_Free:        0
HugePages_Rsvd:        0
HugePages_Surp:        0
Hugepagesize:       2048 kB
Hugetlb:               0 kB
DirectMap4k:      194432 kB
DirectMap2M:     6096896 kB
DirectMap1G:     4194304 kB
---SNAPSHOT---
2026-04-27 01:30:45
MemTotal:        8129240 kB
MemFree:         3644380 kB
MemAvailable:    3374144 kB
Buffers:            6552 kB
Cached:           307448 kB
SwapCached:        50304 kB
Active:          3199360 kB
Inactive:         617940 kB
Active(anon):    3060548 kB
Inactive(anon):   498668 kB
Active(file):     138812 kB
Inactive(file):   119272 kB
Unevictable:          16 kB
Mlocked:              16 kB
SwapTotal:       4194300 kB
SwapFree:        4022676 kB
Zswap:                 0 kB
Zswapped:              0 kB
Dirty:               188 kB
Writeback:             0 kB
AnonPages:       3457224 kB
Mapped:           253496 kB
Shmem:             55960 kB
KReclaimable:      56528 kB
Slab:             284908 kB
SReclaimable:      56528 kB
SUnreclaim:       228380 kB
KernelStack:       19068 kB
PageTables:        61308 kB
SecPageTables:         0 kB
NFS_Unstable:          0 kB
Bounce:                0 kB
WritebackTmp:          0 kB
CommitLimit:     8258920 kB
Committed_AS:   12047868 kB
VmallocTotal:   34359738367 kB
VmallocUsed:       47288 kB
VmallocChunk:          0 kB
Percpu:            13280 kB
HardwareCorrupted:     0 kB
AnonHugePages:   1138688 kB
ShmemHugePages:        0 kB
ShmemPmdMapped:        0 kB
FileHugePages:         0 kB
FilePmdMapped:         0 kB
CmaTotal:              0 kB
CmaFree:               0 kB
Unaccepted:            0 kB
Balloon:               0 kB
HugePages_Total:       0
HugePages_Free:        0
HugePages_Rsvd:        0
HugePages_Surp:        0
Hugepagesize:       2048 kB
Hugetlb:               0 kB
DirectMap4k:      194432 kB
DirectMap2M:     6096896 kB
DirectMap1G:     4194304 kB
---SNAPSHOT---
2026-04-27 01:30:46
MemTotal:        8129240 kB
MemFree:         3813204 kB
MemAvailable:    3542972 kB
Buffers:            6552 kB
Cached:           307460 kB
SwapCached:        50304 kB
Active:          2957780 kB
Inactive:         617952 kB
Active(anon):    2818968 kB
Inactive(anon):   498668 kB
Active(file):     138812 kB
Inactive(file):   119284 kB
Unevictable:          16 kB
Mlocked:              16 kB
SwapTotal:       4194300 kB
SwapFree:        4022676 kB
Zswap:                 0 kB
Zswapped:              0 kB
Dirty:               192 kB
Writeback:             0 kB
AnonPages:       3215376 kB
Mapped:           253496 kB
Shmem:             55960 kB
KReclaimable:      56528 kB
Slab:             284912 kB
SReclaimable:      56528 kB
SUnreclaim:       228384 kB
KernelStack:       19024 kB
PageTables:        60348 kB
SecPageTables:         0 kB
NFS_Unstable:          0 kB
Bounce:                0 kB
WritebackTmp:          0 kB
CommitLimit:     8258920 kB
Committed_AS:   12048204 kB
VmallocTotal:   34359738367 kB
VmallocUsed:       47272 kB
VmallocChunk:          0 kB
Percpu:            13280 kB
HardwareCorrupted:     0 kB
AnonHugePages:    897024 kB
ShmemHugePages:        0 kB
ShmemPmdMapped:        0 kB
FileHugePages:         0 kB
FilePmdMapped:         0 kB
CmaTotal:              0 kB
CmaFree:               0 kB
Unaccepted:            0 kB
Balloon:               0 kB
HugePages_Total:       0
HugePages_Free:        0
HugePages_Rsvd:        0
HugePages_Surp:        0
Hugepagesize:       2048 kB
Hugetlb:               0 kB
DirectMap4k:      194432 kB
DirectMap2M:     6096896 kB
DirectMap1G:     4194304 kB
---SNAPSHOT---
2026-04-27 01:30:47
MemTotal:        8129240 kB
MemFree:         3477392 kB
MemAvailable:    3207164 kB
Buffers:            6552 kB
Cached:           307468 kB
SwapCached:        50304 kB
Active:          3340536 kB
Inactive:         617956 kB
Active(anon):    3201724 kB
Inactive(anon):   498668 kB
Active(file):     138812 kB
Inactive(file):   119288 kB
Unevictable:          16 kB
Mlocked:              16 kB
SwapTotal:       4194300 kB
SwapFree:        4022676 kB
Zswap:                 0 kB
Zswapped:              0 kB
Dirty:               200 kB
Writeback:             0 kB
AnonPages:       3598536 kB
Mapped:           253496 kB
Shmem:             55960 kB
KReclaimable:      56528 kB
Slab:             284916 kB
SReclaimable:      56528 kB
SUnreclaim:       228388 kB
KernelStack:       19008 kB
PageTables:        61364 kB
SecPageTables:         0 kB
NFS_Unstable:          0 kB
Bounce:                0 kB
WritebackTmp:          0 kB
CommitLimit:     8258920 kB
Committed_AS:   12047712 kB
VmallocTotal:   34359738367 kB
VmallocUsed:       47272 kB
VmallocChunk:          0 kB
Percpu:            13280 kB
HardwareCorrupted:     0 kB
AnonHugePages:   1280000 kB
ShmemHugePages:        0 kB
ShmemPmdMapped:        0 kB
FileHugePages:         0 kB
FilePmdMapped:         0 kB
CmaTotal:              0 kB
CmaFree:               0 kB
Unaccepted:            0 kB
Balloon:               0 kB
HugePages_Total:       0
HugePages_Free:        0
HugePages_Rsvd:        0
HugePages_Surp:        0
Hugepagesize:       2048 kB
Hugetlb:               0 kB
DirectMap4k:      194432 kB
DirectMap2M:     6096896 kB
DirectMap1G:     4194304 kB
---SNAPSHOT---
2026-04-27 01:30:48
MemTotal:        8129240 kB
MemFree:         3122088 kB
MemAvailable:    2851864 kB
Buffers:            6552 kB
Cached:           307472 kB
SwapCached:        50304 kB
Active:          3733540 kB
Inactive:         617964 kB
Active(anon):    3594728 kB
Inactive(anon):   498668 kB
Active(file):     138812 kB
Inactive(file):   119296 kB
Unevictable:          16 kB
Mlocked:              16 kB
SwapTotal:       4194300 kB
SwapFree:        4022676 kB
Zswap:                 0 kB
Zswapped:              0 kB
Dirty:               204 kB
Writeback:             0 kB
AnonPages:       3991756 kB
Mapped:           253496 kB
Shmem:             55960 kB
KReclaimable:      56528 kB
Slab:             284916 kB
SReclaimable:      56528 kB
SUnreclaim:       228388 kB
KernelStack:       19008 kB
PageTables:        62156 kB
SecPageTables:         0 kB
NFS_Unstable:          0 kB
Bounce:                0 kB
WritebackTmp:          0 kB
CommitLimit:     8258920 kB
Committed_AS:   12047964 kB
VmallocTotal:   34359738367 kB
VmallocUsed:       47304 kB
VmallocChunk:          0 kB
Percpu:            13280 kB
HardwareCorrupted:     0 kB
AnonHugePages:   1673216 kB
ShmemHugePages:        0 kB
ShmemPmdMapped:        0 kB
FileHugePages:         0 kB
FilePmdMapped:         0 kB
CmaTotal:              0 kB
CmaFree:               0 kB
Unaccepted:            0 kB
Balloon:               0 kB
HugePages_Total:       0
HugePages_Free:        0
HugePages_Rsvd:        0
HugePages_Surp:        0
Hugepagesize:       2048 kB
Hugetlb:               0 kB
DirectMap4k:      194432 kB
DirectMap2M:     6096896 kB
DirectMap1G:     4194304 kB
---SNAPSHOT---
2026-04-27 01:30:49
MemTotal:        8129240 kB
MemFree:         3362420 kB
MemAvailable:    3092196 kB
Buffers:            6552 kB
Cached:           307480 kB
SwapCached:        50304 kB
Active:          3492204 kB
Inactive:         617968 kB
Active(anon):    3353392 kB
Inactive(anon):   498668 kB
Active(file):     138812 kB
Inactive(file):   119300 kB
Unevictable:          16 kB
Mlocked:              16 kB
SwapTotal:       4194300 kB
SwapFree:        4022676 kB
Zswap:                 0 kB
Zswapped:              0 kB
Dirty:               212 kB
Writeback:             0 kB
AnonPages:       3750316 kB
Mapped:           253496 kB
Shmem:             55960 kB
KReclaimable:      56528 kB
Slab:             284912 kB
SReclaimable:      56528 kB
SUnreclaim:       228384 kB
KernelStack:       19008 kB
PageTables:        62472 kB
SecPageTables:         0 kB
NFS_Unstable:          0 kB
Bounce:                0 kB
WritebackTmp:          0 kB
CommitLimit:     8258920 kB
