---SNAPSHOT---
2026-04-27 02:09:10
MemTotal:        8129240 kB
MemFree:         4820508 kB
MemAvailable:    4543320 kB
Buffers:            3952 kB
Cached:           279888 kB
SwapCached:       117888 kB
Active:          2033076 kB
Inactive:         676476 kB
Active(anon):    1903944 kB
Inactive(anon):   561060 kB
Active(file):     129132 kB
Inactive(file):   115416 kB
Unevictable:           0 kB
Mlocked:               0 kB
SwapTotal:       4194300 kB
SwapFree:        3955092 kB
Zswap:                 0 kB
Zswapped:              0 kB
Dirty:               260 kB
Writeback:             0 kB
AnonPages:       2312892 kB
Mapped:           237276 kB
Shmem:             38812 kB
KReclaimable:      56156 kB
Slab:             284328 kB
SReclaimable:      56156 kB
SUnreclaim:       228172 kB
KernelStack:       18796 kB
PageTables:        57752 kB
SecPageTables:         0 kB
NFS_Unstable:          0 kB
Bounce:                0 kB
WritebackTmp:          0 kB
CommitLimit:     8258920 kB
Committed_AS:    9394276 kB
VmallocTotal:   34359738367 kB
VmallocUsed:       47048 kB
VmallocChunk:          0 kB
Percpu:            13280 kB
HardwareCorrupted:     0 kB
AnonHugePages:     16384 kB
ShmemHugePages:        0 kB
ShmemPmdMapped:        0 kB
FileHugePages:         0 kB
FilePmdMapped:         0 kB
CmaTotal:              0 kB
CmaFree:               0 kB
Unaccepted:            0 kB
Balloon:               0 kB
HugePages_Total:       0
HugePages_Free:        0
HugePages_Rsvd:        0
HugePages_Surp:        0
Hugepagesize:       2048 kB
Hugetlb:               0 kB
DirectMap4k:      194432 kB
DirectMap2M:     6096896 kB
DirectMap1G:     4194304 kB
---SNAPSHOT---
2026-04-27 02:09:11
MemTotal:        8129240 kB
MemFree:         4820216 kB
MemAvailable:    4543668 kB
Buffers:            4392 kB
Cached:           280292 kB
SwapCached:       117888 kB
Active:          2033916 kB
Inactive:         677384 kB
Active(anon):    1904412 kB
Inactive(anon):   561060 kB
Active(file):     129504 kB
Inactive(file):   116324 kB
Unevictable:           0 kB
Mlocked:               0 kB
SwapTotal:       4194300 kB
SwapFree:        3955092 kB
Zswap:                 0 kB
Zswapped:              0 kB
Dirty:               284 kB
Writeback:             0 kB
AnonPages:       2312748 kB
Mapped:           237532 kB
Shmem:             38812 kB
KReclaimable:      56156 kB
Slab:             284328 kB
SReclaimable:      56156 kB
SUnreclaim:       228172 kB
KernelStack:       18800 kB
PageTables:        57572 kB
SecPageTables:         0 kB
NFS_Unstable:          0 kB
Bounce:                0 kB
WritebackTmp:          0 kB
CommitLimit:     8258920 kB
Committed_AS:    9394420 kB
VmallocTotal:   34359738367 kB
VmallocUsed:       47112 kB
VmallocChunk:          0 kB
Percpu:            13280 kB
HardwareCorrupted:     0 kB
AnonHugePages:     14336 kB
ShmemHugePages:        0 kB
ShmemPmdMapped:        0 kB
FileHugePages:         0 kB
FilePmdMapped:         0 kB
CmaTotal:              0 kB
CmaFree:               0 kB
Unaccepted:            0 kB
Balloon:               0 kB
HugePages_Total:       0
HugePages_Free:        0
HugePages_Rsvd:        0
HugePages_Surp:        0
Hugepagesize:       2048 kB
Hugetlb:               0 kB
DirectMap4k:      194432 kB
DirectMap2M:     6096896 kB
DirectMap1G:     4194304 kB
---SNAPSHOT---
2026-04-27 02:09:12
MemTotal:        8129240 kB
MemFree:         4818976 kB
MemAvailable:    4542612 kB
Buffers:            4416 kB
Cached:           280428 kB
SwapCached:       117888 kB
Active:          2034652 kB
Inactive:         677516 kB
Active(anon):    1905008 kB
Inactive(anon):   561060 kB
Active(file):     129644 kB
Inactive(file):   116456 kB
Unevictable:           0 kB
Mlocked:               0 kB
SwapTotal:       4194300 kB
SwapFree:        3955092 kB
Zswap:                 0 kB
Zswapped:              0 kB
Dirty:               356 kB
Writeback:             0 kB
AnonPages:       2313124 kB
Mapped:           237532 kB
Shmem:             38812 kB
KReclaimable:      56252 kB
Slab:             284424 kB
SReclaimable:      56252 kB
SUnreclaim:       228172 kB
KernelStack:       18856 kB
PageTables:        58012 kB
SecPageTables:         0 kB
NFS_Unstable:          0 kB
Bounce:                0 kB
WritebackTmp:          0 kB
CommitLimit:     8258920 kB
Committed_AS:    9395124 kB
VmallocTotal:   34359738367 kB
VmallocUsed:       47144 kB
VmallocChunk:          0 kB
Percpu:            13280 kB
HardwareCorrupted:     0 kB
AnonHugePages:      8192 kB
ShmemHugePages:        0 kB
ShmemPmdMapped:        0 kB
FileHugePages:         0 kB
FilePmdMapped:         0 kB
CmaTotal:              0 kB
CmaFree:               0 kB
Unaccepted:            0 kB
Balloon:               0 kB
HugePages_Total:       0
HugePages_Free:        0
HugePages_Rsvd:        0
HugePages_Surp:        0
Hugepagesize:       2048 kB
Hugetlb:               0 kB
DirectMap4k:      194432 kB
DirectMap2M:     6096896 kB
DirectMap1G:     4194304 kB
---SNAPSHOT---
2026-04-27 02:09:13
MemTotal:        8129240 kB
MemFree:         4817748 kB
MemAvailable:    4544384 kB
Buffers:            4960 kB
Cached:           285888 kB
SwapCached:       117888 kB
Active:          2040296 kB
Inactive:         678236 kB
Active(anon):    1905368 kB
Inactive(anon):   561060 kB
Active(file):     134928 kB
Inactive(file):   117176 kB
Unevictable:           0 kB
Mlocked:               0 kB
SwapTotal:       4194300 kB
SwapFree:        3955092 kB
Zswap:                 0 kB
Zswapped:              0 kB
Dirty:               364 kB
Writeback:             0 kB
AnonPages:       2313280 kB
Mapped:           238024 kB
Shmem:             38812 kB
KReclaimable:      56252 kB
Slab:             284424 kB
SReclaimable:      56252 kB
SUnreclaim:       228172 kB
KernelStack:       18864 kB
PageTables:        58052 kB
SecPageTables:         0 kB
NFS_Unstable:          0 kB
Bounce:                0 kB
WritebackTmp:          0 kB
CommitLimit:     8258920 kB
Committed_AS:    9403420 kB
VmallocTotal:   34359738367 kB
VmallocUsed:       47080 kB
VmallocChunk:          0 kB
Percpu:            13280 kB
HardwareCorrupted:     0 kB
AnonHugePages:      8192 kB
ShmemHugePages:        0 kB
ShmemPmdMapped:        0 kB
FileHugePages:         0 kB
FilePmdMapped:         0 kB
CmaTotal:              0 kB
CmaFree:               0 kB
Unaccepted:            0 kB
Balloon:               0 kB
HugePages_Total:       0
HugePages_Free:        0
HugePages_Rsvd:        0
HugePages_Surp:        0
Hugepagesize:       2048 kB
Hugetlb:               0 kB
DirectMap4k:      194432 kB
DirectMap2M:     6096896 kB
DirectMap1G:     4194304 kB
---SNAPSHOT---
2026-04-27 02:09:14
MemTotal:        8129240 kB
MemFree:         2514596 kB
MemAvailable:    2244488 kB
Buffers:            5092 kB
Cached:           309428 kB
SwapCached:       117888 kB
Active:          4319620 kB
Inactive:         675704 kB
Active(anon):    4178388 kB
Inactive(anon):   558324 kB
Active(file):     141232 kB
Inactive(file):   117380 kB
Unevictable:          16 kB
Mlocked:              16 kB
SwapTotal:       4194300 kB
SwapFree:        3955092 kB
Zswap:                 0 kB
Zswapped:              0 kB
Dirty:               440 kB
Writeback:             0 kB
AnonPages:       4567404 kB
Mapped:           257824 kB
Shmem:             55960 kB
KReclaimable:      56252 kB
Slab:             284500 kB
SReclaimable:      56252 kB
SUnreclaim:       228248 kB
KernelStack:       18960 kB
PageTables:        63148 kB
SecPageTables:         0 kB
NFS_Unstable:          0 kB
Bounce:                0 kB
WritebackTmp:          0 kB
CommitLimit:     8258920 kB
Committed_AS:   11743864 kB
VmallocTotal:   34359738367 kB
VmallocUsed:       47144 kB
VmallocChunk:          0 kB
Percpu:            13280 kB
HardwareCorrupted:     0 kB
AnonHugePages:   2207744 kB
ShmemHugePages:        0 kB
ShmemPmdMapped:        0 kB
FileHugePages:         0 kB
FilePmdMapped:         0 kB
CmaTotal:              0 kB
CmaFree:               0 kB
Unaccepted:            0 kB
Balloon:               0 kB
HugePages_Total:       0
HugePages_Free:        0
HugePages_Rsvd:        0
HugePages_Surp:        0
Hugepagesize:       2048 kB
Hugetlb:               0 kB
DirectMap4k:      194432 kB
DirectMap2M:     6096896 kB
DirectMap1G:     4194304 kB
---SNAPSHOT---
2026-04-27 02:09:15
MemTotal:        8129240 kB
MemFree:         2522340 kB
MemAvailable:    2252240 kB
Buffers:            5092 kB
Cached:           309436 kB
SwapCached:       117888 kB
Active:          4325008 kB
Inactive:         671384 kB
Active(anon):    4183768 kB
Inactive(anon):   553996 kB
Active(file):     141240 kB
Inactive(file):   117388 kB
Unevictable:          16 kB
Mlocked:              16 kB
SwapTotal:       4194300 kB
SwapFree:        3955092 kB
Zswap:                 0 kB
Zswapped:              0 kB
Dirty:               448 kB
Writeback:             0 kB
AnonPages:       4567808 kB
Mapped:           257828 kB
Shmem:             55960 kB
KReclaimable:      56252 kB
Slab:             284500 kB
SReclaimable:      56252 kB
SUnreclaim:       228248 kB
KernelStack:       19004 kB
PageTables:        63096 kB
SecPageTables:         0 kB
NFS_Unstable:          0 kB
Bounce:                0 kB
WritebackTmp:          0 kB
CommitLimit:     8258920 kB
Committed_AS:   11744604 kB
VmallocTotal:   34359738367 kB
VmallocUsed:       47192 kB
VmallocChunk:          0 kB
Percpu:            13280 kB
HardwareCorrupted:     0 kB
AnonHugePages:   2207744 kB
ShmemHugePages:        0 kB
ShmemPmdMapped:        0 kB
FileHugePages:         0 kB
FilePmdMapped:         0 kB
CmaTotal:              0 kB
CmaFree:               0 kB
Unaccepted:            0 kB
Balloon:               0 kB
HugePages_Total:       0
HugePages_Free:        0
HugePages_Rsvd:        0
HugePages_Surp:        0
Hugepagesize:       2048 kB
Hugetlb:               0 kB
DirectMap4k:      194432 kB
DirectMap2M:     6096896 kB
DirectMap1G:     4194304 kB
---SNAPSHOT---
2026-04-27 02:09:16
MemTotal:        8129240 kB
MemFree:         2522340 kB
MemAvailable:    2252240 kB
Buffers:            5092 kB
Cached:           309440 kB
SwapCached:       117888 kB
Active:          4325196 kB
Inactive:         671400 kB
Active(anon):    4183956 kB
Inactive(anon):   554008 kB
Active(file):     141240 kB
Inactive(file):   117392 kB
Unevictable:          16 kB
Mlocked:              16 kB
SwapTotal:       4194300 kB
SwapFree:        3955092 kB
Zswap:                 0 kB
Zswapped:              0 kB
Dirty:               452 kB
Writeback:             0 kB
AnonPages:       4567860 kB
Mapped:           257828 kB
Shmem:             55960 kB
KReclaimable:      56252 kB
Slab:             284508 kB
SReclaimable:      56252 kB
SUnreclaim:       228256 kB
KernelStack:       18960 kB
PageTables:        63136 kB
SecPageTables:         0 kB
NFS_Unstable:          0 kB
Bounce:                0 kB
WritebackTmp:          0 kB
CommitLimit:     8258920 kB
Committed_AS:   11744360 kB
VmallocTotal:   34359738367 kB
VmallocUsed:       47224 kB
VmallocChunk:          0 kB
Percpu:            13280 kB
HardwareCorrupted:     0 kB
AnonHugePages:   2207744 kB
ShmemHugePages:        0 kB
ShmemPmdMapped:        0 kB
FileHugePages:         0 kB
FilePmdMapped:         0 kB
CmaTotal:              0 kB
CmaFree:               0 kB
Unaccepted:            0 kB
Balloon:               0 kB
HugePages_Total:       0
HugePages_Free:        0
HugePages_Rsvd:        0
HugePages_Surp:        0
Hugepagesize:       2048 kB
Hugetlb:               0 kB
DirectMap4k:      194432 kB
DirectMap2M:     6096896 kB
DirectMap1G:     4194304 kB
---SNAPSHOT---
2026-04-27 02:09:17
MemTotal:        8129240 kB
MemFree:         2521604 kB
MemAvailable:    2251508 kB
Buffers:            5100 kB
Cached:           309436 kB
SwapCached:       117888 kB
Active:          4325384 kB
Inactive:         671404 kB
Active(anon):    4184144 kB
Inactive(anon):   554008 kB
Active(file):     141240 kB
Inactive(file):   117396 kB
Unevictable:          16 kB
Mlocked:              16 kB
SwapTotal:       4194300 kB
SwapFree:        3955092 kB
Zswap:                 0 kB
Zswapped:              0 kB
Dirty:               456 kB
Writeback:             0 kB
AnonPages:       4568144 kB
Mapped:           257828 kB
Shmem:             55960 kB
KReclaimable:      56252 kB
Slab:             284504 kB
SReclaimable:      56252 kB
SUnreclaim:       228252 kB
KernelStack:       18992 kB
PageTables:        63108 kB
SecPageTables:         0 kB
NFS_Unstable:          0 kB
Bounce:                0 kB
WritebackTmp:          0 kB
CommitLimit:     8258920 kB
Committed_AS:   11745768 kB
VmallocTotal:   34359738367 kB
VmallocUsed:       47256 kB
VmallocChunk:          0 kB
Percpu:            13280 kB
HardwareCorrupted:     0 kB
AnonHugePages:   2207744 kB
ShmemHugePages:        0 kB
ShmemPmdMapped:        0 kB
FileHugePages:         0 kB
FilePmdMapped:         0 kB
CmaTotal:              0 kB
CmaFree:               0 kB
Unaccepted:            0 kB
Balloon:               0 kB
HugePages_Total:       0
HugePages_Free:        0
HugePages_Rsvd:        0
HugePages_Surp:        0
Hugepagesize:       2048 kB
Hugetlb:               0 kB
DirectMap4k:      194432 kB
DirectMap2M:     6096896 kB
DirectMap1G:     4194304 kB
---SNAPSHOT---
2026-04-27 02:09:18
MemTotal:        8129240 kB
MemFree:         2520836 kB
MemAvailable:    2250748 kB
Buffers:            5100 kB
Cached:           309452 kB
SwapCached:       117888 kB
Active:          4325280 kB
Inactive:         671420 kB
Active(anon):    4184040 kB
Inactive(anon):   554008 kB
Active(file):     141240 kB
Inactive(file):   117412 kB
Unevictable:          16 kB
Mlocked:              16 kB
SwapTotal:       4194300 kB
SwapFree:        3955092 kB
Zswap:                 0 kB
Zswapped:              0 kB
Dirty:               464 kB
Writeback:             0 kB
AnonPages:       4567860 kB
Mapped:           257828 kB
Shmem:             55960 kB
KReclaimable:      56252 kB
Slab:             284676 kB
SReclaimable:      56252 kB
SUnreclaim:       228424 kB
KernelStack:       18960 kB
PageTables:        62908 kB
SecPageTables:         0 kB
NFS_Unstable:          0 kB
Bounce:                0 kB
WritebackTmp:          0 kB
CommitLimit:     8258920 kB
Committed_AS:   11744160 kB
VmallocTotal:   34359738367 kB
VmallocUsed:       47192 kB
VmallocChunk:          0 kB
Percpu:            13280 kB
HardwareCorrupted:     0 kB
AnonHugePages:   2207744 kB
ShmemHugePages:        0 kB
ShmemPmdMapped:        0 kB
FileHugePages:         0 kB
FilePmdMapped:         0 kB
CmaTotal:              0 kB
CmaFree:               0 kB
Unaccepted:            0 kB
Balloon:               0 kB
HugePages_Total:       0
HugePages_Free:        0
HugePages_Rsvd:        0
HugePages_Surp:        0
Hugepagesize:       2048 kB
Hugetlb:               0 kB
DirectMap4k:      194432 kB
DirectMap2M:     6096896 kB
DirectMap1G:     4194304 kB
---SNAPSHOT---
2026-04-27 02:09:19
MemTotal:        8129240 kB
MemFree:         2520584 kB
MemAvailable:    2250496 kB
Buffers:            5100 kB
Cached:           309456 kB
SwapCached:       117888 kB
Active:          4325068 kB
Inactive:         671424 kB
Active(anon):    4183828 kB
Inactive(anon):   554008 kB
Active(file):     141240 kB
Inactive(file):   117416 kB
Unevictable:          16 kB
Mlocked:              16 kB
SwapTotal:       4194300 kB
SwapFree:        3955092 kB
Zswap:                 0 kB
Zswapped:              0 kB
Dirty:               468 kB
Writeback:             0 kB
AnonPages:       4567860 kB
Mapped:           257828 kB
Shmem:             55960 kB
KReclaimable:      56252 kB
Slab:             284596 kB
SReclaimable:      56252 kB
SUnreclaim:       228344 kB
KernelStack:       19020 kB
PageTables:        62912 kB
SecPageTables:         0 kB
NFS_Unstable:          0 kB
Bounce:                0 kB
WritebackTmp:          0 kB
CommitLimit:     8258920 kB
Committed_AS:   11744364 kB
VmallocTotal:   34359738367 kB
VmallocUsed:       47208 kB
VmallocChunk:          0 kB
Percpu:            13280 kB
HardwareCorrupted:     0 kB
AnonHugePages:   2207744 kB
ShmemHugePages:        0 kB
ShmemPmdMapped:        0 kB
FileHugePages:         0 kB
FilePmdMapped:         0 kB
CmaTotal:              0 kB
CmaFree:               0 kB
Unaccepted:            0 kB
Balloon:               0 kB
HugePages_Total:       0
HugePages_Free:        0
HugePages_Rsvd:        0
HugePages_Surp:        0
Hugepagesize:       2048 kB
Hugetlb:               0 kB
DirectMap4k:      194432 kB
DirectMap2M:     6096896 kB
DirectMap1G:     4194304 kB
---SNAPSHOT---
2026-04-27 02:09:20
MemTotal:        8129240 kB
MemFree:         2520104 kB
MemAvailable:    2250280 kB
Buffers:            5100 kB
Cached:           309468 kB
SwapCached:       117888 kB
Active:          4324468 kB
Inactive:         671436 kB
Active(anon):    4183228 kB
Inactive(anon):   554008 kB
Active(file):     141240 kB
Inactive(file):   117428 kB
Unevictable:          16 kB
Mlocked:              16 kB
SwapTotal:       4194300 kB
SwapFree:        3955092 kB
Zswap:                 0 kB
Zswapped:              0 kB
Dirty:               476 kB
Writeback:             0 kB
AnonPages:       4567224 kB
Mapped:           257828 kB
Shmem:             55960 kB
KReclaimable:      56764 kB
Slab:             285084 kB
SReclaimable:      56764 kB
SUnreclaim:       228320 kB
KernelStack:       18960 kB
PageTables:        63188 kB
SecPageTables:         0 kB
NFS_Unstable:          0 kB
Bounce:                0 kB
WritebackTmp:          0 kB
CommitLimit:     8258920 kB
Committed_AS:   11744492 kB
VmallocTotal:   34359738367 kB
VmallocUsed:       47192 kB
VmallocChunk:          0 kB
Percpu:            13280 kB
HardwareCorrupted:     0 kB
AnonHugePages:   2207744 kB
ShmemHugePages:        0 kB
ShmemPmdMapped:        0 kB
FileHugePages:         0 kB
FilePmdMapped:         0 kB
CmaTotal:              0 kB
CmaFree:               0 kB
Unaccepted:            0 kB
Balloon:               0 kB
HugePages_Total:       0
HugePages_Free:        0
HugePages_Rsvd:        0
HugePages_Surp:        0
Hugepagesize:       2048 kB
Hugetlb:               0 kB
DirectMap4k:      194432 kB
DirectMap2M:     6096896 kB
DirectMap1G:     4194304 kB
---SNAPSHOT---
2026-04-27 02:09:21
MemTotal:        8129240 kB
MemFree:         2520104 kB
MemAvailable:    2250280 kB
Buffers:            5100 kB
Cached:           309472 kB
SwapCached:       117888 kB
Active:          4325704 kB
Inactive:         671440 kB
Active(anon):    4184464 kB
Inactive(anon):   554008 kB
Active(file):     141240 kB
Inactive(file):   117432 kB
Unevictable:          16 kB
Mlocked:              16 kB
SwapTotal:       4194300 kB
SwapFree:        3955092 kB
Zswap:                 0 kB
Zswapped:              0 kB
Dirty:               480 kB
Writeback:             0 kB
AnonPages:       4568372 kB
Mapped:           257828 kB
Shmem:             55960 kB
KReclaimable:      56764 kB
Slab:             285092 kB
SReclaimable:      56764 kB
SUnreclaim:       228328 kB
KernelStack:       18976 kB
PageTables:        62972 kB
SecPageTables:         0 kB
NFS_Unstable:          0 kB
Bounce:                0 kB
WritebackTmp:          0 kB
CommitLimit:     8258920 kB
Committed_AS:   11743744 kB
VmallocTotal:   34359738367 kB
VmallocUsed:       47224 kB
VmallocChunk:          0 kB
Percpu:            13280 kB
HardwareCorrupted:     0 kB
AnonHugePages:   2207744 kB
ShmemHugePages:        0 kB
ShmemPmdMapped:        0 kB
FileHugePages:         0 kB
FilePmdMapped:         0 kB
CmaTotal:              0 kB
CmaFree:               0 kB
Unaccepted:            0 kB
Balloon:               0 kB
HugePages_Total:       0
HugePages_Free:        0
HugePages_Rsvd:        0
HugePages_Surp:        0
Hugepagesize:       2048 kB
Hugetlb:               0 kB
DirectMap4k:      194432 kB
DirectMap2M:     6096896 kB
DirectMap1G:     4194304 kB
---SNAPSHOT---
2026-04-27 02:09:22
MemTotal:        8129240 kB
MemFree:         2520104 kB
MemAvailable:    2250280 kB
Buffers:            5108 kB
Cached:           309468 kB
SwapCached:       117888 kB
Active:          4325576 kB
Inactive:         671440 kB
Active(anon):    4184336 kB
Inactive(anon):   554008 kB
Active(file):     141240 kB
Inactive(file):   117432 kB
Unevictable:          16 kB
Mlocked:              16 kB
SwapTotal:       4194300 kB
SwapFree:        3955092 kB
Zswap:                 0 kB
Zswapped:              0 kB
Dirty:               484 kB
Writeback:             0 kB
AnonPages:       4568260 kB
Mapped:           257828 kB
Shmem:             55960 kB
KReclaimable:      56764 kB
Slab:             285092 kB
SReclaimable:      56764 kB
SUnreclaim:       228328 kB
KernelStack:       18960 kB
PageTables:        62908 kB
SecPageTables:         0 kB
NFS_Unstable:          0 kB
Bounce:                0 kB
WritebackTmp:          0 kB
CommitLimit:     8258920 kB
Committed_AS:   11744104 kB
VmallocTotal:   34359738367 kB
VmallocUsed:       47272 kB
VmallocChunk:          0 kB
Percpu:            13280 kB
HardwareCorrupted:     0 kB
AnonHugePages:   2207744 kB
ShmemHugePages:        0 kB
ShmemPmdMapped:        0 kB
FileHugePages:         0 kB
FilePmdMapped:         0 kB
CmaTotal:              0 kB
CmaFree:               0 kB
Unaccepted:            0 kB
Balloon:               0 kB
HugePages_Total:       0
HugePages_Free:        0
HugePages_Rsvd:        0
HugePages_Surp:        0
Hugepagesize:       2048 kB
Hugetlb:               0 kB
DirectMap4k:      194432 kB
DirectMap2M:     6096896 kB
DirectMap1G:     4194304 kB
---SNAPSHOT---
2026-04-27 02:09:23
MemTotal:        8129240 kB
MemFree:         2519852 kB
MemAvailable:    2250036 kB
Buffers:            5108 kB
Cached:           309484 kB
SwapCached:       117888 kB
Active:          4325436 kB
Inactive:         671452 kB
Active(anon):    4184196 kB
Inactive(anon):   554008 kB
Active(file):     141240 kB
Inactive(file):   117444 kB
Unevictable:          16 kB
Mlocked:              16 kB
SwapTotal:       4194300 kB
SwapFree:        3955092 kB
Zswap:                 0 kB
Zswapped:              0 kB
Dirty:               492 kB
Writeback:             0 kB
AnonPages:       4568280 kB
Mapped:           257828 kB
Shmem:             55960 kB
KReclaimable:      56764 kB
Slab:             285116 kB
SReclaimable:      56764 kB
SUnreclaim:       228352 kB
KernelStack:       18976 kB
PageTables:        62980 kB
SecPageTables:         0 kB
NFS_Unstable:          0 kB
Bounce:                0 kB
WritebackTmp:          0 kB
CommitLimit:     8258920 kB
Committed_AS:   11744256 kB
VmallocTotal:   34359738367 kB
VmallocUsed:       47240 kB
VmallocChunk:          0 kB
Percpu:            13280 kB
HardwareCorrupted:     0 kB
AnonHugePages:   2207744 kB
ShmemHugePages:        0 kB
ShmemPmdMapped:        0 kB
FileHugePages:         0 kB
FilePmdMapped:         0 kB
CmaTotal:              0 kB
CmaFree:               0 kB
Unaccepted:            0 kB
Balloon:               0 kB
HugePages_Total:       0
HugePages_Free:        0
HugePages_Rsvd:        0
HugePages_Surp:        0
Hugepagesize:       2048 kB
Hugetlb:               0 kB
DirectMap4k:      194432 kB
DirectMap2M:     6096896 kB
DirectMap1G:     4194304 kB
---SNAPSHOT---
2026-04-27 02:09:24
MemTotal:        8129240 kB
MemFree:         2519852 kB
MemAvailable:    2250036 kB
Buffers:            5108 kB
Cached:           309488 kB
SwapCached:       117888 kB
Active:          4325508 kB
Inactive:         671456 kB
Active(anon):    4184268 kB
Inactive(anon):   554008 kB
Active(file):     141240 kB
Inactive(file):   117448 kB
Unevictable:          16 kB
Mlocked:              16 kB
SwapTotal:       4194300 kB
SwapFree:        3955092 kB
Zswap:                 0 kB
Zswapped:              0 kB
Dirty:               496 kB
Writeback:             0 kB
AnonPages:       4568240 kB
Mapped:           257828 kB
Shmem:             55960 kB
KReclaimable:      56764 kB
Slab:             285112 kB
SReclaimable:      56764 kB
SUnreclaim:       228348 kB
KernelStack:       18960 kB
PageTables:        62844 kB
SecPageTables:         0 kB
NFS_Unstable:          0 kB
Bounce:                0 kB
WritebackTmp:          0 kB
CommitLimit:     8258920 kB
Committed_AS:   11744492 kB
VmallocTotal:   34359738367 kB
VmallocUsed:       47256 kB
VmallocChunk:          0 kB
Percpu:            13280 kB
HardwareCorrupted:     0 kB
AnonHugePages:   2207744 kB
ShmemHugePages:        0 kB
ShmemPmdMapped:        0 kB
FileHugePages:         0 kB
FilePmdMapped:         0 kB
CmaTotal:              0 kB
CmaFree:               0 kB
Unaccepted:            0 kB
Balloon:               0 kB
HugePages_Total:       0
HugePages_Free:        0
HugePages_Rsvd:        0
HugePages_Surp:        0
Hugepagesize:       2048 kB
Hugetlb:               0 kB
DirectMap4k:      194432 kB
DirectMap2M:     6096896 kB
DirectMap1G:     4194304 kB
---SNAPSHOT---
2026-04-27 02:09:25
MemTotal:        8129240 kB
MemFree:         2519852 kB
MemAvailable:    2250040 kB
Buffers:            5108 kB
Cached:           309496 kB
SwapCached:       117888 kB
Active:          4325420 kB
Inactive:         671464 kB
Active(anon):    4184180 kB
Inactive(anon):   554008 kB
Active(file):     141240 kB
Inactive(file):   117456 kB
Unevictable:          16 kB
Mlocked:              16 kB
SwapTotal:       4194300 kB
SwapFree:        3955092 kB
Zswap:                 0 kB
Zswapped:              0 kB
Dirty:               504 kB
Writeback:             0 kB
AnonPages:       4568156 kB
Mapped:           257828 kB
Shmem:             55960 kB
KReclaimable:      56764 kB
Slab:             285112 kB
SReclaimable:      56764 kB
SUnreclaim:       228348 kB
KernelStack:       18960 kB
PageTables:        62904 kB
SecPageTables:         0 kB
NFS_Unstable:          0 kB
Bounce:                0 kB
WritebackTmp:          0 kB
CommitLimit:     8258920 kB
Committed_AS:   11744496 kB
VmallocTotal:   34359738367 kB
VmallocUsed:       47256 kB
VmallocChunk:          0 kB
Percpu:            13280 kB
HardwareCorrupted:     0 kB
AnonHugePages:   2207744 kB
ShmemHugePages:        0 kB
ShmemPmdMapped:        0 kB
FileHugePages:         0 kB
FilePmdMapped:         0 kB
CmaTotal:              0 kB
CmaFree:               0 kB
Unaccepted:            0 kB
Balloon:               0 kB
HugePages_Total:       0
HugePages_Free:        0
HugePages_Rsvd:        0
HugePages_Surp:        0
Hugepagesize:       2048 kB
Hugetlb:               0 kB
DirectMap4k:      194432 kB
DirectMap2M:     6096896 kB
DirectMap1G:     4194304 kB
---SNAPSHOT---
2026-04-27 02:09:26
MemTotal:        8129240 kB
MemFree:         2519600 kB
MemAvailable:    2249792 kB
Buffers:            5108 kB
Cached:           309500 kB
SwapCached:       117888 kB
Active:          4325608 kB
Inactive:         671468 kB
Active(anon):    4184368 kB
Inactive(anon):   554008 kB
Active(file):     141240 kB
Inactive(file):   117460 kB
Unevictable:          16 kB
Mlocked:              16 kB
SwapTotal:       4194300 kB
SwapFree:        3955092 kB
Zswap:                 0 kB
Zswapped:              0 kB
Dirty:               508 kB
Writeback:             0 kB
AnonPages:       4568264 kB
Mapped:           257828 kB
Shmem:             55960 kB
KReclaimable:      56764 kB
Slab:             285100 kB
SReclaimable:      56764 kB
SUnreclaim:       228336 kB
KernelStack:       18976 kB
PageTables:        62924 kB
SecPageTables:         0 kB
NFS_Unstable:          0 kB
Bounce:                0 kB
WritebackTmp:          0 kB
CommitLimit:     8258920 kB
Committed_AS:   11744380 kB
VmallocTotal:   34359738367 kB
VmallocUsed:       47240 kB
VmallocChunk:          0 kB
Percpu:            13280 kB
HardwareCorrupted:     0 kB
AnonHugePages:   2207744 kB
ShmemHugePages:        0 kB
ShmemPmdMapped:        0 kB
FileHugePages:         0 kB
FilePmdMapped:         0 kB
CmaTotal:              0 kB
CmaFree:               0 kB
Unaccepted:            0 kB
Balloon:               0 kB
HugePages_Total:       0
HugePages_Free:        0
HugePages_Rsvd:        0
HugePages_Surp:        0
Hugepagesize:       2048 kB
Hugetlb:               0 kB
DirectMap4k:      194432 kB
DirectMap2M:     6096896 kB
DirectMap1G:     4194304 kB
---SNAPSHOT---
2026-04-27 02:09:27
MemTotal:        8129240 kB
MemFree:         2519600 kB
MemAvailable:    2249792 kB
Buffers:            5116 kB
Cached:           309500 kB
SwapCached:       117888 kB
Active:          4325496 kB
Inactive:         671472 kB
Active(anon):    4184256 kB
Inactive(anon):   554008 kB
Active(file):     141240 kB
Inactive(file):   117464 kB
Unevictable:          16 kB
Mlocked:              16 kB
SwapTotal:       4194300 kB
SwapFree:        3955092 kB
Zswap:                 0 kB
Zswapped:              0 kB
Dirty:               512 kB
Writeback:             0 kB
AnonPages:       4568160 kB
Mapped:           257828 kB
Shmem:             55960 kB
KReclaimable:      56764 kB
Slab:             285100 kB
SReclaimable:      56764 kB
SUnreclaim:       228336 kB
KernelStack:       18960 kB
PageTables:        62900 kB
SecPageTables:         0 kB
NFS_Unstable:          0 kB
Bounce:                0 kB
WritebackTmp:          0 kB
CommitLimit:     8258920 kB
Committed_AS:   11744380 kB
VmallocTotal:   34359738367 kB
VmallocUsed:       47224 kB
VmallocChunk:          0 kB
Percpu:            13280 kB
HardwareCorrupted:     0 kB
AnonHugePages:   2207744 kB
ShmemHugePages:        0 kB
ShmemPmdMapped:        0 kB
FileHugePages:         0 kB
FilePmdMapped:         0 kB
CmaTotal:              0 kB
CmaFree:               0 kB
Unaccepted:            0 kB
Balloon:               0 kB
HugePages_Total:       0
HugePages_Free:        0
HugePages_Rsvd:        0
HugePages_Surp:        0
Hugepagesize:       2048 kB
Hugetlb:               0 kB
DirectMap4k:      194432 kB
DirectMap2M:     6096896 kB
DirectMap1G:     4194304 kB
---SNAPSHOT---
2026-04-27 02:09:28
MemTotal:        8129240 kB
MemFree:         2519348 kB
MemAvailable:    2249552 kB
Buffers:            5116 kB
Cached:           309512 kB
SwapCached:       117888 kB
Active:          4325552 kB
Inactive:         671496 kB
Active(anon):    4184312 kB
Inactive(anon):   554008 kB
Active(file):     141240 kB
Inactive(file):   117488 kB
Unevictable:          16 kB
Mlocked:              16 kB
SwapTotal:       4194300 kB
SwapFree:        3955092 kB
Zswap:                 0 kB
Zswapped:              0 kB
Dirty:               520 kB
Writeback:             0 kB
AnonPages:       4568156 kB
Mapped:           257828 kB
Shmem:             55960 kB
KReclaimable:      56764 kB
Slab:             285100 kB
SReclaimable:      56764 kB
SUnreclaim:       228336 kB
KernelStack:       18976 kB
PageTables:        63088 kB
SecPageTables:         0 kB
NFS_Unstable:          0 kB
Bounce:                0 kB
WritebackTmp:          0 kB
CommitLimit:     8258920 kB
Committed_AS:   11744380 kB
VmallocTotal:   34359738367 kB
VmallocUsed:       47224 kB
VmallocChunk:          0 kB
Percpu:            13280 kB
HardwareCorrupted:     0 kB
AnonHugePages:   2207744 kB
ShmemHugePages:        0 kB
ShmemPmdMapped:        0 kB
FileHugePages:         0 kB
FilePmdMapped:         0 kB
CmaTotal:              0 kB
CmaFree:               0 kB
Unaccepted:            0 kB
Balloon:               0 kB
HugePages_Total:       0
HugePages_Free:        0
HugePages_Rsvd:        0
HugePages_Surp:        0
Hugepagesize:       2048 kB
Hugetlb:               0 kB
DirectMap4k:      194432 kB
DirectMap2M:     6096896 kB
DirectMap1G:     4194304 kB
---SNAPSHOT---
2026-04-27 02:09:29
MemTotal:        8129240 kB
MemFree:         2519348 kB
MemAvailable:    2249616 kB
Buffers:            5248 kB
Cached:           309516 kB
SwapCached:       117888 kB
Active:          4325552 kB
Inactive:         671624 kB
Active(anon):    4184312 kB
Inactive(anon):   554008 kB
Active(file):     141240 kB
Inactive(file):   117616 kB
Unevictable:          16 kB
Mlocked:              16 kB
SwapTotal:       4194300 kB
SwapFree:        3955092 kB
Zswap:                 0 kB
Zswapped:              0 kB
Dirty:               524 kB
Writeback:             0 kB
AnonPages:       4568260 kB
Mapped:           257828 kB
Shmem:             55960 kB
KReclaimable:      56764 kB
Slab:             285104 kB
SReclaimable:      56764 kB
SUnreclaim:       228340 kB
KernelStack:       18976 kB
PageTables:        62980 kB
SecPageTables:         0 kB
NFS_Unstable:          0 kB
Bounce:                0 kB
WritebackTmp:          0 kB
CommitLimit:     8258920 kB
Committed_AS:   11744164 kB
VmallocTotal:   34359738367 kB
VmallocUsed:       47240 kB
VmallocChunk:          0 kB
Percpu:            13280 kB
HardwareCorrupted:     0 kB
AnonHugePages:   2207744 kB
ShmemHugePages:        0 kB
ShmemPmdMapped:        0 kB
FileHugePages:         0 kB
FilePmdMapped:         0 kB
CmaTotal:              0 kB
CmaFree:               0 kB
Unaccepted:            0 kB
Balloon:               0 kB
HugePages_Total:       0
HugePages_Free:        0
HugePages_Rsvd:        0
HugePages_Surp:        0
Hugepagesize:       2048 kB
Hugetlb:               0 kB
DirectMap4k:      194432 kB
DirectMap2M:     6096896 kB
DirectMap1G:     4194304 kB
---SNAPSHOT---
2026-04-27 02:09:30
MemTotal:        8129240 kB
MemFree:         2519348 kB
MemAvailable:    2249624 kB
Buffers:            5248 kB
Cached:           309524 kB
SwapCached:       117888 kB
Active:          4325428 kB
Inactive:         671636 kB
Active(anon):    4184188 kB
Inactive(anon):   554008 kB
Active(file):     141240 kB
Inactive(file):   117628 kB
Unevictable:          16 kB
Mlocked:              16 kB
SwapTotal:       4194300 kB
SwapFree:        3955092 kB
Zswap:                 0 kB
Zswapped:              0 kB
Dirty:               532 kB
Writeback:             0 kB
AnonPages:       4568136 kB
Mapped:           257828 kB
Shmem:             55960 kB
KReclaimable:      56764 kB
Slab:             285108 kB
SReclaimable:      56764 kB
SUnreclaim:       228344 kB
KernelStack:       18944 kB
PageTables:        62936 kB
SecPageTables:         0 kB
NFS_Unstable:          0 kB
Bounce:                0 kB
WritebackTmp:          0 kB
CommitLimit:     8258920 kB
Committed_AS:   11744164 kB
VmallocTotal:   34359738367 kB
VmallocUsed:       47224 kB
VmallocChunk:          0 kB
Percpu:            13280 kB
HardwareCorrupted:     0 kB
AnonHugePages:   2207744 kB
ShmemHugePages:        0 kB
ShmemPmdMapped:        0 kB
FileHugePages:         0 kB
FilePmdMapped:         0 kB
CmaTotal:              0 kB
CmaFree:               0 kB
Unaccepted:            0 kB
Balloon:               0 kB
HugePages_Total:       0
HugePages_Free:        0
HugePages_Rsvd:        0
HugePages_Surp:        0
Hugepagesize:       2048 kB
Hugetlb:               0 kB
DirectMap4k:      194432 kB
DirectMap2M:     6096896 kB
DirectMap1G:     4194304 kB
---SNAPSHOT---
2026-04-27 02:09:31
MemTotal:        8129240 kB
MemFree:         2519096 kB
MemAvailable:    2249372 kB
Buffers:            5248 kB
Cached:           309532 kB
SwapCached:       117888 kB
Active:          4325588 kB
Inactive:         671640 kB
Active(anon):    4184348 kB
Inactive(anon):   554008 kB
Active(file):     141240 kB
Inactive(file):   117632 kB
Unevictable:          16 kB
Mlocked:              16 kB
SwapTotal:       4194300 kB
SwapFree:        3955092 kB
Zswap:                 0 kB
Zswapped:              0 kB
Dirty:               540 kB
Writeback:             0 kB
AnonPages:       4568276 kB
Mapped:           257828 kB
Shmem:             55960 kB
KReclaimable:      56764 kB
Slab:             285104 kB
SReclaimable:      56764 kB
SUnreclaim:       228340 kB
KernelStack:       18976 kB
PageTables:        62964 kB
SecPageTables:         0 kB
NFS_Unstable:          0 kB
Bounce:                0 kB
WritebackTmp:          0 kB
CommitLimit:     8258920 kB
Committed_AS:   11744492 kB
VmallocTotal:   34359738367 kB
VmallocUsed:       47240 kB
VmallocChunk:          0 kB
Percpu:            13280 kB
HardwareCorrupted:     0 kB
AnonHugePages:   2207744 kB
ShmemHugePages:        0 kB
ShmemPmdMapped:        0 kB
FileHugePages:         0 kB
FilePmdMapped:         0 kB
CmaTotal:              0 kB
CmaFree:               0 kB
Unaccepted:            0 kB
Balloon:               0 kB
HugePages_Total:       0
HugePages_Free:        0
HugePages_Rsvd:        0
HugePages_Surp:        0
Hugepagesize:       2048 kB
Hugetlb:               0 kB
DirectMap4k:      194432 kB
DirectMap2M:     6096896 kB
DirectMap1G:     4194304 kB
---SNAPSHOT---
2026-04-27 02:09:32
MemTotal:        8129240 kB
MemFree:         2519096 kB
MemAvailable:    2249376 kB
Buffers:            5256 kB
Cached:           309528 kB
SwapCached:       117888 kB
Active:          4325512 kB
Inactive:         671648 kB
Active(anon):    4184272 kB
Inactive(anon):   554008 kB
Active(file):     141240 kB
Inactive(file):   117640 kB
Unevictable:          16 kB
Mlocked:              16 kB
SwapTotal:       4194300 kB
SwapFree:        3955092 kB
Zswap:                 0 kB
Zswapped:              0 kB
Dirty:               544 kB
Writeback:             0 kB
AnonPages:       4568176 kB
Mapped:           257828 kB
Shmem:             55960 kB
KReclaimable:      56764 kB
Slab:             285108 kB
SReclaimable:      56764 kB
SUnreclaim:       228344 kB
KernelStack:       18960 kB
PageTables:        62908 kB
SecPageTables:         0 kB
NFS_Unstable:          0 kB
Bounce:                0 kB
WritebackTmp:          0 kB
CommitLimit:     8258920 kB
Committed_AS:   11744104 kB
VmallocTotal:   34359738367 kB
VmallocUsed:       47240 kB
VmallocChunk:          0 kB
Percpu:            13280 kB
HardwareCorrupted:     0 kB
AnonHugePages:   2207744 kB
ShmemHugePages:        0 kB
ShmemPmdMapped:        0 kB
FileHugePages:         0 kB
FilePmdMapped:         0 kB
CmaTotal:              0 kB
CmaFree:               0 kB
Unaccepted:            0 kB
Balloon:               0 kB
HugePages_Total:       0
HugePages_Free:        0
HugePages_Rsvd:        0
HugePages_Surp:        0
Hugepagesize:       2048 kB
Hugetlb:               0 kB
DirectMap4k:      194432 kB
DirectMap2M:     6096896 kB
DirectMap1G:     4194304 kB
---SNAPSHOT---
2026-04-27 02:09:33
MemTotal:        8129240 kB
MemFree:         2518868 kB
MemAvailable:    2249156 kB
Buffers:            5256 kB
Cached:           309544 kB
SwapCached:       117888 kB
Active:          4325404 kB
Inactive:         671660 kB
Active(anon):    4184164 kB
Inactive(anon):   554008 kB
Active(file):     141240 kB
Inactive(file):   117652 kB
Unevictable:          16 kB
Mlocked:              16 kB
SwapTotal:       4194300 kB
SwapFree:        3955092 kB
Zswap:                 0 kB
Zswapped:              0 kB
Dirty:               556 kB
Writeback:             0 kB
AnonPages:       4568236 kB
Mapped:           257828 kB
Shmem:             55960 kB
KReclaimable:      56764 kB
Slab:             285108 kB
SReclaimable:      56764 kB
SUnreclaim:       228344 kB
KernelStack:       18976 kB
PageTables:        62956 kB
SecPageTables:         0 kB
NFS_Unstable:          0 kB
Bounce:                0 kB
WritebackTmp:          0 kB
CommitLimit:     8258920 kB
Committed_AS:   11744000 kB
VmallocTotal:   34359738367 kB
VmallocUsed:       47224 kB
VmallocChunk:          0 kB
Percpu:            13280 kB
HardwareCorrupted:     0 kB
AnonHugePages:   2207744 kB
ShmemHugePages:        0 kB
ShmemPmdMapped:        0 kB
FileHugePages:         0 kB
FilePmdMapped:         0 kB
CmaTotal:              0 kB
CmaFree:               0 kB
Unaccepted:            0 kB
Balloon:               0 kB
HugePages_Total:       0
HugePages_Free:        0
HugePages_Rsvd:        0
HugePages_Surp:        0
Hugepagesize:       2048 kB
Hugetlb:               0 kB
DirectMap4k:      194432 kB
DirectMap2M:     6096896 kB
DirectMap1G:     4194304 kB
---SNAPSHOT---
2026-04-27 02:09:34
MemTotal:        8129240 kB
MemFree:         2518616 kB
MemAvailable:    2249040 kB
Buffers:            5560 kB
Cached:           309556 kB
SwapCached:       117888 kB
Active:          4325536 kB
Inactive:         671932 kB
Active(anon):    4184296 kB
Inactive(anon):   554008 kB
Active(file):     141240 kB
Inactive(file):   117924 kB
Unevictable:          16 kB
Mlocked:              16 kB
SwapTotal:       4194300 kB
SwapFree:        3955092 kB
Zswap:                 0 kB
Zswapped:              0 kB
Dirty:               560 kB
Writeback:             0 kB
AnonPages:       4568248 kB
Mapped:           257828 kB
Shmem:             55960 kB
KReclaimable:      56764 kB
Slab:             285108 kB
SReclaimable:      56764 kB
SUnreclaim:       228344 kB
KernelStack:       18992 kB
PageTables:        62924 kB
SecPageTables:         0 kB
NFS_Unstable:          0 kB
Bounce:                0 kB
WritebackTmp:          0 kB
CommitLimit:     8258920 kB
Committed_AS:   11744208 kB
VmallocTotal:   34359738367 kB
VmallocUsed:       47224 kB
VmallocChunk:          0 kB
Percpu:            13280 kB
HardwareCorrupted:     0 kB
AnonHugePages:   2207744 kB
ShmemHugePages:        0 kB
ShmemPmdMapped:        0 kB
FileHugePages:         0 kB
FilePmdMapped:         0 kB
CmaTotal:              0 kB
CmaFree:               0 kB
Unaccepted:            0 kB
Balloon:               0 kB
HugePages_Total:       0
HugePages_Free:        0
HugePages_Rsvd:        0
HugePages_Surp:        0
Hugepagesize:       2048 kB
Hugetlb:               0 kB
DirectMap4k:      194432 kB
DirectMap2M:     6096896 kB
DirectMap1G:     4194304 kB
---SNAPSHOT---
2026-04-27 02:09:35
MemTotal:        8129240 kB
MemFree:         2518368 kB
MemAvailable:    2248816 kB
Buffers:            5560 kB
Cached:           309564 kB
SwapCached:       117888 kB
Active:          4325312 kB
Inactive:         671984 kB
Active(anon):    4184072 kB
Inactive(anon):   554008 kB
Active(file):     141240 kB
Inactive(file):   117976 kB
Unevictable:          16 kB
Mlocked:              16 kB
SwapTotal:       4194300 kB
SwapFree:        3955092 kB
Zswap:                 0 kB
Zswapped:              0 kB
Dirty:               568 kB
Writeback:             0 kB
AnonPages:       4568084 kB
Mapped:           257828 kB
Shmem:             55960 kB
KReclaimable:      56764 kB
Slab:             285108 kB
SReclaimable:      56764 kB
SUnreclaim:       228344 kB
KernelStack:       18992 kB
PageTables:        62952 kB
SecPageTables:         0 kB
NFS_Unstable:          0 kB
Bounce:                0 kB
WritebackTmp:          0 kB
CommitLimit:     8258920 kB
Committed_AS:   11744496 kB
VmallocTotal:   34359738367 kB
VmallocUsed:       47272 kB
VmallocChunk:          0 kB
Percpu:            13280 kB
HardwareCorrupted:     0 kB
AnonHugePages:   2207744 kB
ShmemHugePages:        0 kB
ShmemPmdMapped:        0 kB
FileHugePages:         0 kB
FilePmdMapped:         0 kB
CmaTotal:              0 kB
CmaFree:               0 kB
Unaccepted:            0 kB
Balloon:               0 kB
HugePages_Total:       0
HugePages_Free:        0
HugePages_Rsvd:        0
HugePages_Surp:        0
Hugepagesize:       2048 kB
Hugetlb:               0 kB
DirectMap4k:      194432 kB
DirectMap2M:     6096896 kB
DirectMap1G:     4194304 kB
---SNAPSHOT---
2026-04-27 02:09:36
MemTotal:        8129240 kB
MemFree:         2518116 kB
MemAvailable:    2248568 kB
Buffers:            5560 kB
Cached:           309568 kB
SwapCached:       117888 kB
Active:          4325444 kB
Inactive:         671988 kB
Active(anon):    4184204 kB
Inactive(anon):   554008 kB
Active(file):     141240 kB
Inactive(file):   117980 kB
Unevictable:          16 kB
Mlocked:              16 kB
SwapTotal:       4194300 kB
SwapFree:        3955092 kB
Zswap:                 0 kB
Zswapped:              0 kB
Dirty:               572 kB
Writeback:             0 kB
AnonPages:       4568176 kB
Mapped:           257828 kB
Shmem:             55960 kB
KReclaimable:      56764 kB
Slab:             285108 kB
SReclaimable:      56764 kB
SUnreclaim:       228344 kB
KernelStack:       18976 kB
PageTables:        62964 kB
SecPageTables:         0 kB
NFS_Unstable:          0 kB
Bounce:                0 kB
WritebackTmp:          0 kB
CommitLimit:     8258920 kB
Committed_AS:   11744360 kB
VmallocTotal:   34359738367 kB
VmallocUsed:       47240 kB
VmallocChunk:          0 kB
Percpu:            13280 kB
HardwareCorrupted:     0 kB
AnonHugePages:   2207744 kB
ShmemHugePages:        0 kB
ShmemPmdMapped:        0 kB
FileHugePages:         0 kB
FilePmdMapped:         0 kB
CmaTotal:              0 kB
CmaFree:               0 kB
Unaccepted:            0 kB
Balloon:               0 kB
HugePages_Total:       0
HugePages_Free:        0
HugePages_Rsvd:        0
HugePages_Surp:        0
Hugepagesize:       2048 kB
Hugetlb:               0 kB
DirectMap4k:      194432 kB
DirectMap2M:     6096896 kB
DirectMap1G:     4194304 kB
---SNAPSHOT---
2026-04-27 02:09:37
MemTotal:        8129240 kB
MemFree:         2518116 kB
MemAvailable:    2248568 kB
Buffers:            5568 kB
Cached:           309572 kB
SwapCached:       117888 kB
Active:          4325464 kB
Inactive:         671992 kB
Active(anon):    4184224 kB
Inactive(anon):   554008 kB
Active(file):     141240 kB
Inactive(file):   117984 kB
Unevictable:          16 kB
Mlocked:              16 kB
SwapTotal:       4194300 kB
SwapFree:        3955092 kB
Zswap:                 0 kB
Zswapped:              0 kB
Dirty:               576 kB
Writeback:             0 kB
AnonPages:       4568100 kB
Mapped:           257828 kB
Shmem:             55960 kB
KReclaimable:      56764 kB
Slab:             285108 kB
SReclaimable:      56764 kB
SUnreclaim:       228344 kB
KernelStack:       18976 kB
PageTables:        62968 kB
SecPageTables:         0 kB
NFS_Unstable:          0 kB
Bounce:                0 kB
WritebackTmp:          0 kB
CommitLimit:     8258920 kB
Committed_AS:   11744380 kB
VmallocTotal:   34359738367 kB
VmallocUsed:       47240 kB
VmallocChunk:          0 kB
Percpu:            13280 kB
HardwareCorrupted:     0 kB
AnonHugePages:   2207744 kB
ShmemHugePages:        0 kB
ShmemPmdMapped:        0 kB
FileHugePages:         0 kB
FilePmdMapped:         0 kB
CmaTotal:              0 kB
CmaFree:               0 kB
Unaccepted:            0 kB
Balloon:               0 kB
HugePages_Total:       0
HugePages_Free:        0
HugePages_Rsvd:        0
HugePages_Surp:        0
Hugepagesize:       2048 kB
Hugetlb:               0 kB
DirectMap4k:      194432 kB
DirectMap2M:     6096896 kB
DirectMap1G:     4194304 kB
---SNAPSHOT---
2026-04-27 02:09:38
MemTotal:        8129240 kB
MemFree:         2518116 kB
MemAvailable:    2248580 kB
Buffers:            5568 kB
Cached:           309580 kB
SwapCached:       117888 kB
Active:          4325712 kB
Inactive:         672016 kB
Active(anon):    4184472 kB
Inactive(anon):   554008 kB
Active(file):     141240 kB
Inactive(file):   118008 kB
Unevictable:          16 kB
Mlocked:              16 kB
SwapTotal:       4194300 kB
SwapFree:        3955092 kB
Zswap:                 0 kB
Zswapped:              0 kB
Dirty:               188 kB
Writeback:             0 kB
AnonPages:       4568260 kB
Mapped:           258056 kB
Shmem:             55960 kB
KReclaimable:      56764 kB
Slab:             285108 kB
SReclaimable:      56764 kB
SUnreclaim:       228344 kB
KernelStack:       19036 kB
PageTables:        63136 kB
SecPageTables:         0 kB
NFS_Unstable:          0 kB
Bounce:                0 kB
WritebackTmp:          0 kB
CommitLimit:     8258920 kB
Committed_AS:   11744360 kB
VmallocTotal:   34359738367 kB
VmallocUsed:       47272 kB
VmallocChunk:          0 kB
Percpu:            13280 kB
HardwareCorrupted:     0 kB
AnonHugePages:   2207744 kB
ShmemHugePages:        0 kB
ShmemPmdMapped:        0 kB
FileHugePages:         0 kB
FilePmdMapped:         0 kB
CmaTotal:              0 kB
CmaFree:               0 kB
Unaccepted:            0 kB
Balloon:               0 kB
HugePages_Total:       0
HugePages_Free:        0
HugePages_Rsvd:        0
HugePages_Surp:        0
Hugepagesize:       2048 kB
Hugetlb:               0 kB
DirectMap4k:      194432 kB
DirectMap2M:     6096896 kB
DirectMap1G:     4194304 kB
---SNAPSHOT---
2026-04-27 02:09:39
MemTotal:        8129240 kB
MemFree:         2517868 kB
MemAvailable:    2248336 kB
Buffers:            5568 kB
Cached:           309584 kB
SwapCached:       117888 kB
Active:          4325388 kB
Inactive:         672020 kB
Active(anon):    4184148 kB
Inactive(anon):   554008 kB
Active(file):     141240 kB
Inactive(file):   118012 kB
Unevictable:          16 kB
Mlocked:              16 kB
SwapTotal:       4194300 kB
SwapFree:        3955092 kB
Zswap:                 0 kB
Zswapped:              0 kB
Dirty:               192 kB
Writeback:             0 kB
AnonPages:       4567936 kB
Mapped:           257828 kB
Shmem:             55960 kB
KReclaimable:      56764 kB
Slab:             285104 kB
SReclaimable:      56764 kB
SUnreclaim:       228340 kB
KernelStack:       18944 kB
PageTables:        62908 kB
SecPageTables:         0 kB
NFS_Unstable:          0 kB
Bounce:                0 kB
WritebackTmp:          0 kB
CommitLimit:     8258920 kB
Committed_AS:   11744492 kB
VmallocTotal:   34359738367 kB
VmallocUsed:       47272 kB
VmallocChunk:          0 kB
Percpu:            13280 kB
HardwareCorrupted:     0 kB
AnonHugePages:   2207744 kB
ShmemHugePages:        0 kB
ShmemPmdMapped:        0 kB
FileHugePages:         0 kB
FilePmdMapped:         0 kB
CmaTotal:              0 kB
CmaFree:               0 kB
Unaccepted:            0 kB
Balloon:               0 kB
HugePages_Total:       0
HugePages_Free:        0
HugePages_Rsvd:        0
HugePages_Surp:        0
Hugepagesize:       2048 kB
Hugetlb:               0 kB
DirectMap4k:      194432 kB
DirectMap2M:     6096896 kB
DirectMap1G:     4194304 kB
---SNAPSHOT---
2026-04-27 02:09:40
MemTotal:        8129240 kB
MemFree:         2517616 kB
MemAvailable:    2248088 kB
Buffers:            5568 kB
Cached:           309592 kB
SwapCached:       117888 kB
Active:          4325592 kB
Inactive:         672028 kB
Active(anon):    4184352 kB
Inactive(anon):   554008 kB
Active(file):     141240 kB
Inactive(file):   118020 kB
Unevictable:          16 kB
Mlocked:              16 kB
SwapTotal:       4194300 kB
SwapFree:        3955092 kB
Zswap:                 0 kB
Zswapped:              0 kB
Dirty:               200 kB
Writeback:             0 kB
AnonPages:       4568268 kB
Mapped:           257828 kB
Shmem:             55960 kB
KReclaimable:      56764 kB
Slab:             285104 kB
SReclaimable:      56764 kB
SUnreclaim:       228340 kB
KernelStack:       18976 kB
PageTables:        62912 kB
SecPageTables:         0 kB
NFS_Unstable:          0 kB
Bounce:                0 kB
WritebackTmp:          0 kB
CommitLimit:     8258920 kB
Committed_AS:   11744384 kB
VmallocTotal:   34359738367 kB
VmallocUsed:       47272 kB
VmallocChunk:          0 kB
Percpu:            13280 kB
HardwareCorrupted:     0 kB
AnonHugePages:   2207744 kB
ShmemHugePages:        0 kB
ShmemPmdMapped:        0 kB
FileHugePages:         0 kB
FilePmdMapped:         0 kB
CmaTotal:              0 kB
CmaFree:               0 kB
Unaccepted:            0 kB
Balloon:               0 kB
HugePages_Total:       0
HugePages_Free:        0
HugePages_Rsvd:        0
HugePages_Surp:        0
Hugepagesize:       2048 kB
Hugetlb:               0 kB
DirectMap4k:      194432 kB
DirectMap2M:     6096896 kB
DirectMap1G:     4194304 kB
---SNAPSHOT---
2026-04-27 02:09:41
MemTotal:        8129240 kB
MemFree:         2517136 kB
MemAvailable:    2247608 kB
Buffers:            5568 kB
Cached:           309596 kB
SwapCached:       117888 kB
Active:          4325316 kB
Inactive:         672032 kB
Active(anon):    4184076 kB
Inactive(anon):   554008 kB
Active(file):     141240 kB
Inactive(file):   118024 kB
Unevictable:          16 kB
Mlocked:              16 kB
SwapTotal:       4194300 kB
SwapFree:        3955092 kB
Zswap:                 0 kB
Zswapped:              0 kB
Dirty:               204 kB
Writeback:             0 kB
AnonPages:       4567904 kB
Mapped:           258056 kB
Shmem:             55960 kB
KReclaimable:      56764 kB
Slab:             285112 kB
SReclaimable:      56764 kB
SUnreclaim:       228348 kB
KernelStack:       19020 kB
PageTables:        63140 kB
SecPageTables:         0 kB
NFS_Unstable:          0 kB
Bounce:                0 kB
WritebackTmp:          0 kB
CommitLimit:     8258920 kB
Committed_AS:   11744600 kB
VmallocTotal:   34359738367 kB
VmallocUsed:       47288 kB
VmallocChunk:          0 kB
Percpu:            13280 kB
HardwareCorrupted:     0 kB
AnonHugePages:   2207744 kB
ShmemHugePages:        0 kB
ShmemPmdMapped:        0 kB
FileHugePages:         0 kB
FilePmdMapped:         0 kB
CmaTotal:              0 kB
CmaFree:               0 kB
Unaccepted:            0 kB
Balloon:               0 kB
HugePages_Total:       0
HugePages_Free:        0
HugePages_Rsvd:        0
HugePages_Surp:        0
Hugepagesize:       2048 kB
Hugetlb:               0 kB
DirectMap4k:      194432 kB
DirectMap2M:     6096896 kB
DirectMap1G:     4194304 kB
---SNAPSHOT---
2026-04-27 02:09:42
MemTotal:        8129240 kB
MemFree:         2516884 kB
MemAvailable:    2247360 kB
Buffers:            5576 kB
Cached:           309604 kB
SwapCached:       117888 kB
Active:          4325408 kB
Inactive:         672036 kB
Active(anon):    4184168 kB
Inactive(anon):   554008 kB
Active(file):     141240 kB
Inactive(file):   118028 kB
Unevictable:          16 kB
Mlocked:              16 kB
SwapTotal:       4194300 kB
SwapFree:        3955092 kB
Zswap:                 0 kB
Zswapped:              0 kB
Dirty:               220 kB
Writeback:             0 kB
AnonPages:       4568308 kB
Mapped:           257828 kB
Shmem:             55960 kB
KReclaimable:      56764 kB
Slab:             285112 kB
SReclaimable:      56764 kB
SUnreclaim:       228348 kB
KernelStack:       18976 kB
PageTables:        63048 kB
SecPageTables:         0 kB
NFS_Unstable:          0 kB
Bounce:                0 kB
WritebackTmp:          0 kB
CommitLimit:     8258920 kB
Committed_AS:   11744600 kB
VmallocTotal:   34359738367 kB
VmallocUsed:       47288 kB
VmallocChunk:          0 kB
Percpu:            13280 kB
HardwareCorrupted:     0 kB
AnonHugePages:   2207744 kB
ShmemHugePages:        0 kB
ShmemPmdMapped:        0 kB
FileHugePages:         0 kB
FilePmdMapped:         0 kB
CmaTotal:              0 kB
CmaFree:               0 kB
Unaccepted:            0 kB
Balloon:               0 kB
HugePages_Total:       0
HugePages_Free:        0
HugePages_Rsvd:        0
HugePages_Surp:        0
Hugepagesize:       2048 kB
Hugetlb:               0 kB
DirectMap4k:      194432 kB
DirectMap2M:     6096896 kB
DirectMap1G:     4194304 kB
---SNAPSHOT---
2026-04-27 02:09:43
MemTotal:        8129240 kB
MemFree:         2516632 kB
MemAvailable:    2247120 kB
Buffers:            5580 kB
Cached:           309620 kB
SwapCached:       117888 kB
Active:          4325472 kB
Inactive:         672060 kB
Active(anon):    4184232 kB
Inactive(anon):   554008 kB
Active(file):     141240 kB
Inactive(file):   118052 kB
Unevictable:          16 kB
Mlocked:              16 kB
SwapTotal:       4194300 kB
SwapFree:        3955092 kB
Zswap:                 0 kB
Zswapped:              0 kB
Dirty:                20 kB
Writeback:             0 kB
AnonPages:       4568064 kB
Mapped:           257828 kB
Shmem:             55960 kB
KReclaimable:      56764 kB
Slab:             285100 kB
SReclaimable:      56764 kB
SUnreclaim:       228336 kB
KernelStack:       18976 kB
PageTables:        62956 kB
SecPageTables:         0 kB
NFS_Unstable:          0 kB
Bounce:                0 kB
WritebackTmp:          0 kB
CommitLimit:     8258920 kB
Committed_AS:   11744488 kB
VmallocTotal:   34359738367 kB
VmallocUsed:       47288 kB
VmallocChunk:          0 kB
Percpu:            13280 kB
HardwareCorrupted:     0 kB
AnonHugePages:   2207744 kB
ShmemHugePages:        0 kB
ShmemPmdMapped:        0 kB
FileHugePages:         0 kB
FilePmdMapped:         0 kB
CmaTotal:              0 kB
CmaFree:               0 kB
Unaccepted:            0 kB
Balloon:               0 kB
HugePages_Total:       0
HugePages_Free:        0
HugePages_Rsvd:        0
HugePages_Surp:        0
Hugepagesize:       2048 kB
Hugetlb:               0 kB
DirectMap4k:      194432 kB
DirectMap2M:     6096896 kB
DirectMap1G:     4194304 kB
---SNAPSHOT---
2026-04-27 02:09:44
MemTotal:        8129240 kB
MemFree:         2516380 kB
MemAvailable:    2246868 kB
Buffers:            5580 kB
Cached:           309624 kB
SwapCached:       117888 kB
Active:          4325668 kB
Inactive:         672064 kB
Active(anon):    4184428 kB
Inactive(anon):   554008 kB
Active(file):     141240 kB
Inactive(file):   118056 kB
Unevictable:          16 kB
Mlocked:              16 kB
SwapTotal:       4194300 kB
SwapFree:        3955092 kB
Zswap:                 0 kB
Zswapped:              0 kB
Dirty:                32 kB
Writeback:             0 kB
AnonPages:       4568164 kB
Mapped:           257828 kB
Shmem:             55960 kB
KReclaimable:      56764 kB
Slab:             285104 kB
SReclaimable:      56764 kB
SUnreclaim:       228340 kB
KernelStack:       18976 kB
PageTables:        63264 kB
SecPageTables:         0 kB
NFS_Unstable:          0 kB
Bounce:                0 kB
WritebackTmp:          0 kB
CommitLimit:     8258920 kB
Committed_AS:   11744288 kB
VmallocTotal:   34359738367 kB
VmallocUsed:       47256 kB
VmallocChunk:          0 kB
Percpu:            13280 kB
HardwareCorrupted:     0 kB
AnonHugePages:   2207744 kB
ShmemHugePages:        0 kB
ShmemPmdMapped:        0 kB
FileHugePages:         0 kB
FilePmdMapped:         0 kB
CmaTotal:              0 kB
CmaFree:               0 kB
Unaccepted:            0 kB
Balloon:               0 kB
HugePages_Total:       0
HugePages_Free:        0
HugePages_Rsvd:        0
HugePages_Surp:        0
Hugepagesize:       2048 kB
Hugetlb:               0 kB
DirectMap4k:      194432 kB
DirectMap2M:     6096896 kB
DirectMap1G:     4194304 kB
---SNAPSHOT---
2026-04-27 02:09:45
MemTotal:        8129240 kB
MemFree:         2515880 kB
MemAvailable:    2246372 kB
Buffers:            5580 kB
Cached:           309632 kB
SwapCached:       117888 kB
Active:          4325548 kB
Inactive:         672072 kB
Active(anon):    4184308 kB
Inactive(anon):   554008 kB
Active(file):     141240 kB
Inactive(file):   118064 kB
Unevictable:          16 kB
Mlocked:              16 kB
SwapTotal:       4194300 kB
SwapFree:        3955092 kB
Zswap:                 0 kB
Zswapped:              0 kB
Dirty:                40 kB
Writeback:             0 kB
AnonPages:       4568244 kB
Mapped:           257828 kB
Shmem:             55960 kB
KReclaimable:      56764 kB
Slab:             285104 kB
SReclaimable:      56764 kB
SUnreclaim:       228340 kB
KernelStack:       18960 kB
PageTables:        62944 kB
SecPageTables:         0 kB
NFS_Unstable:          0 kB
Bounce:                0 kB
WritebackTmp:          0 kB
CommitLimit:     8258920 kB
Committed_AS:   11744624 kB
VmallocTotal:   34359738367 kB
VmallocUsed:       47272 kB
VmallocChunk:          0 kB
Percpu:            13280 kB
HardwareCorrupted:     0 kB
AnonHugePages:   2207744 kB
ShmemHugePages:        0 kB
ShmemPmdMapped:        0 kB
FileHugePages:         0 kB
FilePmdMapped:         0 kB
CmaTotal:              0 kB
CmaFree:               0 kB
Unaccepted:            0 kB
Balloon:               0 kB
HugePages_Total:       0
HugePages_Free:        0
HugePages_Rsvd:        0
HugePages_Surp:        0
Hugepagesize:       2048 kB
Hugetlb:               0 kB
DirectMap4k:      194432 kB
DirectMap2M:     6096896 kB
DirectMap1G:     4194304 kB
---SNAPSHOT---
2026-04-27 02:09:46
MemTotal:        8129240 kB
MemFree:         2515628 kB
MemAvailable:    2246120 kB
Buffers:            5580 kB
Cached:           309636 kB
SwapCached:       117888 kB
Active:          4325360 kB
Inactive:         672072 kB
Active(anon):    4184120 kB
Inactive(anon):   554008 kB
Active(file):     141240 kB
Inactive(file):   118064 kB
Unevictable:          16 kB
Mlocked:              16 kB
SwapTotal:       4194300 kB
SwapFree:        3955092 kB
Zswap:                 0 kB
Zswapped:              0 kB
Dirty:                44 kB
Writeback:             0 kB
AnonPages:       4568164 kB
Mapped:           257828 kB
Shmem:             55960 kB
KReclaimable:      56764 kB
Slab:             285104 kB
SReclaimable:      56764 kB
SUnreclaim:       228340 kB
KernelStack:       19020 kB
PageTables:        62908 kB
SecPageTables:         0 kB
NFS_Unstable:          0 kB
Bounce:                0 kB
WritebackTmp:          0 kB
CommitLimit:     8258920 kB
Committed_AS:   11744108 kB
VmallocTotal:   34359738367 kB
VmallocUsed:       47272 kB
VmallocChunk:          0 kB
Percpu:            13280 kB
HardwareCorrupted:     0 kB
AnonHugePages:   2207744 kB
ShmemHugePages:        0 kB
ShmemPmdMapped:        0 kB
FileHugePages:         0 kB
FilePmdMapped:         0 kB
CmaTotal:              0 kB
CmaFree:               0 kB
Unaccepted:            0 kB
Balloon:               0 kB
HugePages_Total:       0
HugePages_Free:        0
HugePages_Rsvd:        0
HugePages_Surp:        0
Hugepagesize:       2048 kB
Hugetlb:               0 kB
DirectMap4k:      194432 kB
DirectMap2M:     6096896 kB
DirectMap1G:     4194304 kB
---SNAPSHOT---
2026-04-27 02:09:47
MemTotal:        8129240 kB
MemFree:         2515376 kB
MemAvailable:    2245872 kB
Buffers:            5588 kB
Cached:           309640 kB
SwapCached:       117888 kB
Active:          4325804 kB
Inactive:         672080 kB
Active(anon):    4184564 kB
Inactive(anon):   554008 kB
Active(file):     141240 kB
Inactive(file):   118072 kB
Unevictable:          16 kB
Mlocked:              16 kB
SwapTotal:       4194300 kB
SwapFree:        3955092 kB
Zswap:                 0 kB
Zswapped:              0 kB
Dirty:                64 kB
Writeback:             0 kB
AnonPages:       4568128 kB
Mapped:           257828 kB
Shmem:             55960 kB
KReclaimable:      56764 kB
Slab:             285100 kB
SReclaimable:      56764 kB
SUnreclaim:       228336 kB
KernelStack:       18976 kB
PageTables:        62988 kB
SecPageTables:         0 kB
NFS_Unstable:          0 kB
Bounce:                0 kB
WritebackTmp:          0 kB
CommitLimit:     8258920 kB
Committed_AS:   11744268 kB
VmallocTotal:   34359738367 kB
VmallocUsed:       47288 kB
VmallocChunk:          0 kB
Percpu:            13280 kB
HardwareCorrupted:     0 kB
AnonHugePages:   2207744 kB
ShmemHugePages:        0 kB
ShmemPmdMapped:        0 kB
FileHugePages:         0 kB
FilePmdMapped:         0 kB
CmaTotal:              0 kB
CmaFree:               0 kB
Unaccepted:            0 kB
Balloon:               0 kB
HugePages_Total:       0
HugePages_Free:        0
HugePages_Rsvd:        0
HugePages_Surp:        0
Hugepagesize:       2048 kB
Hugetlb:               0 kB
DirectMap4k:      194432 kB
DirectMap2M:     6096896 kB
DirectMap1G:     4194304 kB
---SNAPSHOT---
2026-04-27 02:09:48
MemTotal:        8129240 kB
MemFree:         2515352 kB
MemAvailable:    2245852 kB
Buffers:            5588 kB
Cached:           309648 kB
SwapCached:       117888 kB
Active:          4325384 kB
Inactive:         672088 kB
Active(anon):    4184144 kB
Inactive(anon):   554008 kB
Active(file):     141240 kB
Inactive(file):   118080 kB
Unevictable:          16 kB
Mlocked:              16 kB
SwapTotal:       4194300 kB
SwapFree:        3955092 kB
Zswap:                 0 kB
Zswapped:              0 kB
Dirty:                68 kB
Writeback:             0 kB
AnonPages:       4568164 kB
Mapped:           257828 kB
Shmem:             55960 kB
KReclaimable:      56764 kB
Slab:             285036 kB
SReclaimable:      56764 kB
SUnreclaim:       228272 kB
KernelStack:       18960 kB
PageTables:        63124 kB
SecPageTables:         0 kB
NFS_Unstable:          0 kB
Bounce:                0 kB
WritebackTmp:          0 kB
CommitLimit:     8258920 kB
Committed_AS:   11744384 kB
VmallocTotal:   34359738367 kB
VmallocUsed:       47256 kB
VmallocChunk:          0 kB
Percpu:            13280 kB
HardwareCorrupted:     0 kB
AnonHugePages:   2207744 kB
ShmemHugePages:        0 kB
ShmemPmdMapped:        0 kB
FileHugePages:         0 kB
FilePmdMapped:         0 kB
CmaTotal:              0 kB
CmaFree:               0 kB
Unaccepted:            0 kB
Balloon:               0 kB
HugePages_Total:       0
HugePages_Free:        0
HugePages_Rsvd:        0
HugePages_Surp:        0
Hugepagesize:       2048 kB
Hugetlb:               0 kB
DirectMap4k:      194432 kB
DirectMap2M:     6096896 kB
DirectMap1G:     4194304 kB
---SNAPSHOT---
2026-04-27 02:09:49
MemTotal:        8129240 kB
MemFree:         2515352 kB
MemAvailable:    2245864 kB
Buffers:            5588 kB
Cached:           309652 kB
SwapCached:       117888 kB
Active:          4325512 kB
Inactive:         672108 kB
Active(anon):    4184272 kB
Inactive(anon):   554008 kB
Active(file):     141240 kB
Inactive(file):   118100 kB
Unevictable:          16 kB
Mlocked:              16 kB
SwapTotal:       4194300 kB
SwapFree:        3955092 kB
Zswap:                 0 kB
Zswapped:              0 kB
Dirty:                72 kB
Writeback:             0 kB
AnonPages:       4568220 kB
Mapped:           257828 kB
Shmem:             55960 kB
KReclaimable:      56764 kB
Slab:             285036 kB
SReclaimable:      56764 kB
SUnreclaim:       228272 kB
KernelStack:       18960 kB
PageTables:        62924 kB
SecPageTables:         0 kB
NFS_Unstable:          0 kB
Bounce:                0 kB
WritebackTmp:          0 kB
CommitLimit:     8258920 kB
Committed_AS:   11744252 kB
VmallocTotal:   34359738367 kB
VmallocUsed:       47224 kB
VmallocChunk:          0 kB
Percpu:            13280 kB
HardwareCorrupted:     0 kB
AnonHugePages:   2207744 kB
ShmemHugePages:        0 kB
ShmemPmdMapped:        0 kB
FileHugePages:         0 kB
FilePmdMapped:         0 kB
CmaTotal:              0 kB
CmaFree:               0 kB
Unaccepted:            0 kB
Balloon:               0 kB
HugePages_Total:       0
HugePages_Free:        0
HugePages_Rsvd:        0
HugePages_Surp:        0
Hugepagesize:       2048 kB
Hugetlb:               0 kB
DirectMap4k:      194432 kB
DirectMap2M:     6096896 kB
DirectMap1G:     4194304 kB
---SNAPSHOT---
2026-04-27 02:09:50
MemTotal:        8129240 kB
MemFree:         2513840 kB
MemAvailable:    2244356 kB
Buffers:            5588 kB
Cached:           309660 kB
SwapCached:       117888 kB
Active:          4325148 kB
Inactive:         672116 kB
Active(anon):    4183908 kB
Inactive(anon):   554008 kB
Active(file):     141240 kB
Inactive(file):   118108 kB
Unevictable:          16 kB
Mlocked:              16 kB
SwapTotal:       4194300 kB
SwapFree:        3955092 kB
Zswap:                 0 kB
Zswapped:              0 kB
Dirty:                80 kB
Writeback:             0 kB
AnonPages:       4567848 kB
Mapped:           257828 kB
Shmem:             55960 kB
KReclaimable:      56764 kB
Slab:             285036 kB
SReclaimable:      56764 kB
SUnreclaim:       228272 kB
KernelStack:       18976 kB
PageTables:        62928 kB
SecPageTables:         0 kB
NFS_Unstable:          0 kB
Bounce:                0 kB
WritebackTmp:          0 kB
CommitLimit:     8258920 kB
Committed_AS:   11744024 kB
VmallocTotal:   34359738367 kB
VmallocUsed:       47240 kB
VmallocChunk:          0 kB
Percpu:            13280 kB
HardwareCorrupted:     0 kB
AnonHugePages:   2207744 kB
ShmemHugePages:        0 kB
ShmemPmdMapped:        0 kB
FileHugePages:         0 kB
FilePmdMapped:         0 kB
CmaTotal:              0 kB
CmaFree:               0 kB
Unaccepted:            0 kB
Balloon:               0 kB
HugePages_Total:       0
HugePages_Free:        0
HugePages_Rsvd:        0
HugePages_Surp:        0
Hugepagesize:       2048 kB
Hugetlb:               0 kB
DirectMap4k:      194432 kB
DirectMap2M:     6096896 kB
DirectMap1G:     4194304 kB
---SNAPSHOT---
2026-04-27 02:09:51
MemTotal:        8129240 kB
MemFree:         2513840 kB
MemAvailable:    2244356 kB
Buffers:            5588 kB
Cached:           309664 kB
SwapCached:       117888 kB
Active:          4324868 kB
Inactive:         672116 kB
Active(anon):    4183628 kB
Inactive(anon):   554008 kB
Active(file):     141240 kB
Inactive(file):   118108 kB
Unevictable:          16 kB
Mlocked:              16 kB
SwapTotal:       4194300 kB
SwapFree:        3955092 kB
Zswap:                 0 kB
Zswapped:              0 kB
Dirty:                84 kB
Writeback:             0 kB
AnonPages:       4567580 kB
Mapped:           257828 kB
Shmem:             55960 kB
KReclaimable:      56764 kB
Slab:             285036 kB
SReclaimable:      56764 kB
SUnreclaim:       228272 kB
KernelStack:       18916 kB
PageTables:        62904 kB
SecPageTables:         0 kB
NFS_Unstable:          0 kB
Bounce:                0 kB
WritebackTmp:          0 kB
CommitLimit:     8258920 kB
Committed_AS:   11743612 kB
VmallocTotal:   34359738367 kB
VmallocUsed:       47240 kB
VmallocChunk:          0 kB
Percpu:            13280 kB
HardwareCorrupted:     0 kB
AnonHugePages:   2207744 kB
ShmemHugePages:        0 kB
ShmemPmdMapped:        0 kB
FileHugePages:         0 kB
FilePmdMapped:         0 kB
CmaTotal:              0 kB
CmaFree:               0 kB
Unaccepted:            0 kB
Balloon:               0 kB
HugePages_Total:       0
HugePages_Free:        0
HugePages_Rsvd:        0
HugePages_Surp:        0
Hugepagesize:       2048 kB
Hugetlb:               0 kB
DirectMap4k:      194432 kB
DirectMap2M:     6096896 kB
DirectMap1G:     4194304 kB
---SNAPSHOT---
2026-04-27 02:09:52
MemTotal:        8129240 kB
MemFree:         2513840 kB
MemAvailable:    2244360 kB
Buffers:            5596 kB
Cached:           309676 kB
SwapCached:       117888 kB
Active:          4324896 kB
Inactive:         672128 kB
Active(anon):    4183656 kB
Inactive(anon):   554008 kB
Active(file):     141240 kB
Inactive(file):   118120 kB
Unevictable:          16 kB
Mlocked:              16 kB
SwapTotal:       4194300 kB
SwapFree:        3955092 kB
Zswap:                 0 kB
Zswapped:              0 kB
Dirty:                96 kB
Writeback:             0 kB
AnonPages:       4567812 kB
Mapped:           257828 kB
Shmem:             55960 kB
KReclaimable:      56764 kB
Slab:             285036 kB
SReclaimable:      56764 kB
SUnreclaim:       228272 kB
KernelStack:       18976 kB
PageTables:        62908 kB
SecPageTables:         0 kB
NFS_Unstable:          0 kB
Bounce:                0 kB
WritebackTmp:          0 kB
CommitLimit:     8258920 kB
Committed_AS:   11744112 kB
VmallocTotal:   34359738367 kB
VmallocUsed:       47272 kB
VmallocChunk:          0 kB
Percpu:            13280 kB
HardwareCorrupted:     0 kB
AnonHugePages:   2207744 kB
ShmemHugePages:        0 kB
ShmemPmdMapped:        0 kB
FileHugePages:         0 kB
FilePmdMapped:         0 kB
CmaTotal:              0 kB
CmaFree:               0 kB
Unaccepted:            0 kB
Balloon:               0 kB
HugePages_Total:       0
HugePages_Free:        0
HugePages_Rsvd:        0
HugePages_Surp:        0
Hugepagesize:       2048 kB
Hugetlb:               0 kB
DirectMap4k:      194432 kB
DirectMap2M:     6096896 kB
DirectMap1G:     4194304 kB
---SNAPSHOT---
2026-04-27 02:09:53
MemTotal:        8129240 kB
MemFree:         2513840 kB
MemAvailable:    2244364 kB
Buffers:            5596 kB
Cached:           309684 kB
SwapCached:       117888 kB
Active:          4325124 kB
Inactive:         672132 kB
Active(anon):    4183884 kB
Inactive(anon):   554008 kB
Active(file):     141240 kB
Inactive(file):   118124 kB
Unevictable:          16 kB
Mlocked:              16 kB
SwapTotal:       4194300 kB
SwapFree:        3955092 kB
Zswap:                 0 kB
Zswapped:              0 kB
Dirty:               104 kB
Writeback:             0 kB
AnonPages:       4567784 kB
Mapped:           257828 kB
Shmem:             55960 kB
KReclaimable:      56764 kB
Slab:             285040 kB
SReclaimable:      56764 kB
SUnreclaim:       228276 kB
KernelStack:       18976 kB
PageTables:        63188 kB
SecPageTables:         0 kB
NFS_Unstable:          0 kB
Bounce:                0 kB
WritebackTmp:          0 kB
CommitLimit:     8258920 kB
Committed_AS:   11743996 kB
VmallocTotal:   34359738367 kB
VmallocUsed:       47224 kB
VmallocChunk:          0 kB
Percpu:            13280 kB
HardwareCorrupted:     0 kB
AnonHugePages:   2207744 kB
ShmemHugePages:        0 kB
ShmemPmdMapped:        0 kB
FileHugePages:         0 kB
FilePmdMapped:         0 kB
CmaTotal:              0 kB
CmaFree:               0 kB
Unaccepted:            0 kB
Balloon:               0 kB
HugePages_Total:       0
HugePages_Free:        0
HugePages_Rsvd:        0
HugePages_Surp:        0
Hugepagesize:       2048 kB
Hugetlb:               0 kB
DirectMap4k:      194432 kB
DirectMap2M:     6096896 kB
DirectMap1G:     4194304 kB
---SNAPSHOT---
2026-04-27 02:09:54
MemTotal:        8129240 kB
MemFree:         2513900 kB
MemAvailable:    2244424 kB
Buffers:            5596 kB
Cached:           309688 kB
SwapCached:       117888 kB
Active:          4324960 kB
Inactive:         672136 kB
Active(anon):    4183720 kB
Inactive(anon):   554008 kB
Active(file):     141240 kB
Inactive(file):   118128 kB
Unevictable:          16 kB
Mlocked:              16 kB
SwapTotal:       4194300 kB
SwapFree:        3955092 kB
Zswap:                 0 kB
Zswapped:              0 kB
Dirty:               108 kB
Writeback:             0 kB
AnonPages:       4567488 kB
Mapped:           257932 kB
Shmem:             55960 kB
KReclaimable:      56764 kB
Slab:             285040 kB
SReclaimable:      56764 kB
SUnreclaim:       228276 kB
KernelStack:       18884 kB
PageTables:        63056 kB
SecPageTables:         0 kB
NFS_Unstable:          0 kB
Bounce:                0 kB
WritebackTmp:          0 kB
CommitLimit:     8258920 kB
Committed_AS:   11744380 kB
VmallocTotal:   34359738367 kB
VmallocUsed:       47240 kB
VmallocChunk:          0 kB
Percpu:            13280 kB
HardwareCorrupted:     0 kB
AnonHugePages:   2207744 kB
ShmemHugePages:        0 kB
ShmemPmdMapped:        0 kB
FileHugePages:         0 kB
FilePmdMapped:         0 kB
CmaTotal:              0 kB
CmaFree:               0 kB
Unaccepted:            0 kB
Balloon:               0 kB
HugePages_Total:       0
HugePages_Free:        0
HugePages_Rsvd:        0
HugePages_Surp:        0
Hugepagesize:       2048 kB
Hugetlb:               0 kB
DirectMap4k:      194432 kB
DirectMap2M:     6096896 kB
DirectMap1G:     4194304 kB
---SNAPSHOT---
2026-04-27 02:09:55
MemTotal:        8129240 kB
MemFree:         2513900 kB
MemAvailable:    2244464 kB
Buffers:            5740 kB
Cached:           309688 kB
SwapCached:       117888 kB
Active:          4324944 kB
Inactive:         672216 kB
Active(anon):    4183704 kB
Inactive(anon):   554008 kB
Active(file):     141240 kB
Inactive(file):   118208 kB
Unevictable:          16 kB
Mlocked:              16 kB
SwapTotal:       4194300 kB
SwapFree:        3955092 kB
Zswap:                 0 kB
Zswapped:              0 kB
Dirty:               116 kB
Writeback:             0 kB
AnonPages:       4567808 kB
Mapped:           257828 kB
Shmem:             55960 kB
KReclaimable:      56764 kB
Slab:             285036 kB
SReclaimable:      56764 kB
SUnreclaim:       228272 kB
KernelStack:       18976 kB
PageTables:        63132 kB
SecPageTables:         0 kB
NFS_Unstable:          0 kB
Bounce:                0 kB
WritebackTmp:          0 kB
CommitLimit:     8258920 kB
Committed_AS:   11744380 kB
VmallocTotal:   34359738367 kB
VmallocUsed:       47240 kB
VmallocChunk:          0 kB
Percpu:            13280 kB
HardwareCorrupted:     0 kB
AnonHugePages:   2207744 kB
ShmemHugePages:        0 kB
ShmemPmdMapped:        0 kB
FileHugePages:         0 kB
FilePmdMapped:         0 kB
CmaTotal:              0 kB
CmaFree:               0 kB
Unaccepted:            0 kB
Balloon:               0 kB
HugePages_Total:       0
HugePages_Free:        0
HugePages_Rsvd:        0
HugePages_Surp:        0
Hugepagesize:       2048 kB
Hugetlb:               0 kB
DirectMap4k:      194432 kB
DirectMap2M:     6096896 kB
DirectMap1G:     4194304 kB
---SNAPSHOT---
2026-04-27 02:09:56
MemTotal:        8129240 kB
MemFree:         2513900 kB
MemAvailable:    2244504 kB
Buffers:            5740 kB
Cached:           309700 kB
SwapCached:       117888 kB
Active:          4325180 kB
Inactive:         672296 kB
Active(anon):    4183940 kB
Inactive(anon):   554008 kB
Active(file):     141240 kB
Inactive(file):   118288 kB
Unevictable:          16 kB
Mlocked:              16 kB
SwapTotal:       4194300 kB
SwapFree:        3955092 kB
Zswap:                 0 kB
Zswapped:              0 kB
Dirty:               120 kB
Writeback:             0 kB
AnonPages:       4567804 kB
Mapped:           257828 kB
Shmem:             55960 kB
KReclaimable:      56764 kB
Slab:             285036 kB
SReclaimable:      56764 kB
SUnreclaim:       228272 kB
KernelStack:       18916 kB
PageTables:        63140 kB
SecPageTables:         0 kB
NFS_Unstable:          0 kB
Bounce:                0 kB
WritebackTmp:          0 kB
CommitLimit:     8258920 kB
Committed_AS:   11744380 kB
VmallocTotal:   34359738367 kB
VmallocUsed:       47256 kB
VmallocChunk:          0 kB
Percpu:            13280 kB
HardwareCorrupted:     0 kB
AnonHugePages:   2207744 kB
ShmemHugePages:        0 kB
ShmemPmdMapped:        0 kB
FileHugePages:         0 kB
FilePmdMapped:         0 kB
CmaTotal:              0 kB
CmaFree:               0 kB
Unaccepted:            0 kB
Balloon:               0 kB
HugePages_Total:       0
HugePages_Free:        0
HugePages_Rsvd:        0
HugePages_Surp:        0
Hugepagesize:       2048 kB
Hugetlb:               0 kB
DirectMap4k:      194432 kB
DirectMap2M:     6096896 kB
DirectMap1G:     4194304 kB
---SNAPSHOT---
2026-04-27 02:09:57
MemTotal:        8129240 kB
MemFree:         2513900 kB
MemAvailable:    2244508 kB
Buffers:            5748 kB
Cached:           309704 kB
SwapCached:       117888 kB
Active:          4324844 kB
Inactive:         672300 kB
Active(anon):    4183604 kB
Inactive(anon):   554008 kB
Active(file):     141240 kB
Inactive(file):   118292 kB
Unevictable:          16 kB
Mlocked:              16 kB
SwapTotal:       4194300 kB
SwapFree:        3955092 kB
Zswap:                 0 kB
Zswapped:              0 kB
Dirty:               128 kB
Writeback:             0 kB
AnonPages:       4567852 kB
Mapped:           257828 kB
Shmem:             55960 kB
KReclaimable:      56764 kB
Slab:             285036 kB
SReclaimable:      56764 kB
SUnreclaim:       228272 kB
KernelStack:       18992 kB
PageTables:        63264 kB
SecPageTables:         0 kB
NFS_Unstable:          0 kB
Bounce:                0 kB
WritebackTmp:          0 kB
CommitLimit:     8258920 kB
Committed_AS:   11744380 kB
VmallocTotal:   34359738367 kB
VmallocUsed:       47256 kB
VmallocChunk:          0 kB
Percpu:            13280 kB
HardwareCorrupted:     0 kB
AnonHugePages:   2207744 kB
ShmemHugePages:        0 kB
ShmemPmdMapped:        0 kB
FileHugePages:         0 kB
FilePmdMapped:         0 kB
CmaTotal:              0 kB
CmaFree:               0 kB
Unaccepted:            0 kB
Balloon:               0 kB
HugePages_Total:       0
HugePages_Free:        0
HugePages_Rsvd:        0
HugePages_Surp:        0
Hugepagesize:       2048 kB
Hugetlb:               0 kB
DirectMap4k:      194432 kB
DirectMap2M:     6096896 kB
DirectMap1G:     4194304 kB
---SNAPSHOT---
2026-04-27 02:09:58
MemTotal:        8129240 kB
MemFree:         2513900 kB
MemAvailable:    2244512 kB
Buffers:            5748 kB
Cached:           309712 kB
SwapCached:       117888 kB
Active:          4325364 kB
Inactive:         672308 kB
Active(anon):    4184124 kB
Inactive(anon):   554008 kB
Active(file):     141240 kB
Inactive(file):   118300 kB
Unevictable:          16 kB
Mlocked:              16 kB
SwapTotal:       4194300 kB
SwapFree:        3955092 kB
Zswap:                 0 kB
Zswapped:              0 kB
Dirty:               136 kB
Writeback:             0 kB
AnonPages:       4567520 kB
Mapped:           257828 kB
Shmem:             55960 kB
KReclaimable:      56764 kB
Slab:             285036 kB
SReclaimable:      56764 kB
SUnreclaim:       228272 kB
KernelStack:       19016 kB
PageTables:        62876 kB
SecPageTables:         0 kB
NFS_Unstable:          0 kB
Bounce:                0 kB
WritebackTmp:          0 kB
CommitLimit:     8258920 kB
Committed_AS:   11744492 kB
VmallocTotal:   34359738367 kB
VmallocUsed:       47320 kB
VmallocChunk:          0 kB
Percpu:            13280 kB
HardwareCorrupted:     0 kB
AnonHugePages:   2207744 kB
ShmemHugePages:        0 kB
ShmemPmdMapped:        0 kB
FileHugePages:         0 kB
FilePmdMapped:         0 kB
CmaTotal:              0 kB
CmaFree:               0 kB
Unaccepted:            0 kB
Balloon:               0 kB
HugePages_Total:       0
HugePages_Free:        0
HugePages_Rsvd:        0
HugePages_Surp:        0
Hugepagesize:       2048 kB
Hugetlb:               0 kB
DirectMap4k:      194432 kB
DirectMap2M:     6096896 kB
DirectMap1G:     4194304 kB
---SNAPSHOT---
2026-04-27 02:09:59
MemTotal:        8129240 kB
MemFree:         2513900 kB
MemAvailable:    2244524 kB
Buffers:            5748 kB
Cached:           309716 kB
SwapCached:       117888 kB
Active:          4325120 kB
Inactive:         672332 kB
Active(anon):    4183880 kB
Inactive(anon):   554008 kB
Active(file):     141240 kB
Inactive(file):   118324 kB
Unevictable:          16 kB
Mlocked:              16 kB
SwapTotal:       4194300 kB
SwapFree:        3955092 kB
Zswap:                 0 kB
Zswapped:              0 kB
Dirty:               140 kB
Writeback:             0 kB
AnonPages:       4567572 kB
Mapped:           257828 kB
Shmem:             55960 kB
KReclaimable:      56764 kB
Slab:             285044 kB
SReclaimable:      56764 kB
SUnreclaim:       228280 kB
KernelStack:       18976 kB
PageTables:        63220 kB
SecPageTables:         0 kB
NFS_Unstable:          0 kB
Bounce:                0 kB
WritebackTmp:          0 kB
CommitLimit:     8258920 kB
Committed_AS:   11744380 kB
VmallocTotal:   34359738367 kB
VmallocUsed:       47272 kB
VmallocChunk:          0 kB
Percpu:            13280 kB
HardwareCorrupted:     0 kB
AnonHugePages:   2207744 kB
ShmemHugePages:        0 kB
ShmemPmdMapped:        0 kB
FileHugePages:         0 kB
FilePmdMapped:         0 kB
CmaTotal:              0 kB
CmaFree:               0 kB
Unaccepted:            0 kB
Balloon:               0 kB
HugePages_Total:       0
HugePages_Free:        0
HugePages_Rsvd:        0
HugePages_Surp:        0
Hugepagesize:       2048 kB
Hugetlb:               0 kB
DirectMap4k:      194432 kB
DirectMap2M:     6096896 kB
DirectMap1G:     4194304 kB
---SNAPSHOT---
2026-04-27 02:10:00
MemTotal:        8129240 kB
MemFree:         2513440 kB
MemAvailable:    2244064 kB
Buffers:            5748 kB
Cached:           309724 kB
SwapCached:       117888 kB
Active:          4325428 kB
Inactive:         672336 kB
Active(anon):    4184188 kB
Inactive(anon):   554008 kB
Active(file):     141240 kB
Inactive(file):   118328 kB
Unevictable:          16 kB
Mlocked:              16 kB
SwapTotal:       4194300 kB
SwapFree:        3955092 kB
Zswap:                 0 kB
Zswapped:              0 kB
Dirty:               148 kB
Writeback:             0 kB
AnonPages:       4567588 kB
Mapped:           257752 kB
Shmem:             55960 kB
KReclaimable:      56764 kB
Slab:             285044 kB
SReclaimable:      56764 kB
SUnreclaim:       228280 kB
KernelStack:       18948 kB
PageTables:        62972 kB
SecPageTables:         0 kB
NFS_Unstable:          0 kB
Bounce:                0 kB
WritebackTmp:          0 kB
CommitLimit:     8258920 kB
Committed_AS:   11744384 kB
VmallocTotal:   34359738367 kB
VmallocUsed:       47288 kB
VmallocChunk:          0 kB
Percpu:            13280 kB
HardwareCorrupted:     0 kB
AnonHugePages:   2207744 kB
ShmemHugePages:        0 kB
ShmemPmdMapped:        0 kB
FileHugePages:         0 kB
FilePmdMapped:         0 kB
CmaTotal:              0 kB
CmaFree:               0 kB
Unaccepted:            0 kB
Balloon:               0 kB
HugePages_Total:       0
HugePages_Free:        0
HugePages_Rsvd:        0
HugePages_Surp:        0
Hugepagesize:       2048 kB
Hugetlb:               0 kB
DirectMap4k:      194432 kB
DirectMap2M:     6096896 kB
DirectMap1G:     4194304 kB
---SNAPSHOT---
2026-04-27 02:10:01
MemTotal:        8129240 kB
MemFree:         2513172 kB
MemAvailable:    2243924 kB
Buffers:            6016 kB
Cached:           309728 kB
SwapCached:       117888 kB
Active:          4325112 kB
Inactive:         672592 kB
Active(anon):    4183872 kB
Inactive(anon):   554008 kB
Active(file):     141240 kB
Inactive(file):   118584 kB
Unevictable:          16 kB
Mlocked:              16 kB
SwapTotal:       4194300 kB
SwapFree:        3955092 kB
Zswap:                 0 kB
Zswapped:              0 kB
Dirty:               152 kB
Writeback:             0 kB
AnonPages:       4567788 kB
Mapped:           257828 kB
Shmem:             55960 kB
KReclaimable:      56764 kB
Slab:             285036 kB
SReclaimable:      56764 kB
SUnreclaim:       228272 kB
KernelStack:       18976 kB
PageTables:        63016 kB
SecPageTables:         0 kB
NFS_Unstable:          0 kB
Bounce:                0 kB
WritebackTmp:          0 kB
CommitLimit:     8258920 kB
Committed_AS:   11744496 kB
VmallocTotal:   34359738367 kB
VmallocUsed:       47288 kB
VmallocChunk:          0 kB
Percpu:            13280 kB
HardwareCorrupted:     0 kB
AnonHugePages:   2207744 kB
ShmemHugePages:        0 kB
ShmemPmdMapped:        0 kB
FileHugePages:         0 kB
FilePmdMapped:         0 kB
CmaTotal:              0 kB
CmaFree:               0 kB
Unaccepted:            0 kB
Balloon:               0 kB
HugePages_Total:       0
HugePages_Free:        0
HugePages_Rsvd:        0
HugePages_Surp:        0
Hugepagesize:       2048 kB
Hugetlb:               0 kB
DirectMap4k:      194432 kB
DirectMap2M:     6096896 kB
DirectMap1G:     4194304 kB
---SNAPSHOT---
2026-04-27 02:10:02
MemTotal:        8129240 kB
MemFree:         2512668 kB
MemAvailable:    2243420 kB
Buffers:            6024 kB
Cached:           309724 kB
SwapCached:       117888 kB
Active:          4324880 kB
Inactive:         672592 kB
Active(anon):    4183640 kB
Inactive(anon):   554008 kB
Active(file):     141240 kB
Inactive(file):   118584 kB
Unevictable:          16 kB
Mlocked:              16 kB
SwapTotal:       4194300 kB
SwapFree:        3955092 kB
Zswap:                 0 kB
Zswapped:              0 kB
Dirty:               156 kB
Writeback:             0 kB
AnonPages:       4567592 kB
Mapped:           257828 kB
Shmem:             55960 kB
KReclaimable:      56764 kB
Slab:             285036 kB
SReclaimable:      56764 kB
SUnreclaim:       228272 kB
KernelStack:       18976 kB
PageTables:        63128 kB
SecPageTables:         0 kB
NFS_Unstable:          0 kB
Bounce:                0 kB
WritebackTmp:          0 kB
CommitLimit:     8258920 kB
Committed_AS:   11744244 kB
VmallocTotal:   34359738367 kB
VmallocUsed:       47272 kB
VmallocChunk:          0 kB
Percpu:            13280 kB
HardwareCorrupted:     0 kB
AnonHugePages:   2207744 kB
ShmemHugePages:        0 kB
ShmemPmdMapped:        0 kB
FileHugePages:         0 kB
FilePmdMapped:         0 kB
CmaTotal:              0 kB
CmaFree:               0 kB
Unaccepted:            0 kB
Balloon:               0 kB
HugePages_Total:       0
HugePages_Free:        0
HugePages_Rsvd:        0
HugePages_Surp:        0
Hugepagesize:       2048 kB
Hugetlb:               0 kB
DirectMap4k:      194432 kB
DirectMap2M:     6096896 kB
DirectMap1G:     4194304 kB
---SNAPSHOT---
2026-04-27 02:10:03
MemTotal:        8129240 kB
MemFree:         2512644 kB
MemAvailable:    2243404 kB
Buffers:            6024 kB
Cached:           309740 kB
SwapCached:       117888 kB
Active:          4325080 kB
Inactive:         672604 kB
Active(anon):    4183840 kB
Inactive(anon):   554008 kB
Active(file):     141240 kB
Inactive(file):   118596 kB
Unevictable:          16 kB
Mlocked:              16 kB
SwapTotal:       4194300 kB
SwapFree:        3955092 kB
Zswap:                 0 kB
Zswapped:              0 kB
Dirty:               164 kB
Writeback:             0 kB
AnonPages:       4567648 kB
Mapped:           257828 kB
Shmem:             55960 kB
KReclaimable:      56764 kB
Slab:             285036 kB
SReclaimable:      56764 kB
SUnreclaim:       228272 kB
KernelStack:       18992 kB
PageTables:        62952 kB
SecPageTables:         0 kB
NFS_Unstable:          0 kB
Bounce:                0 kB
WritebackTmp:          0 kB
CommitLimit:     8258920 kB
Committed_AS:   11743988 kB
VmallocTotal:   34359738367 kB
VmallocUsed:       47288 kB
VmallocChunk:          0 kB
Percpu:            13280 kB
HardwareCorrupted:     0 kB
AnonHugePages:   2207744 kB
ShmemHugePages:        0 kB
ShmemPmdMapped:        0 kB
FileHugePages:         0 kB
FilePmdMapped:         0 kB
CmaTotal:              0 kB
CmaFree:               0 kB
Unaccepted:            0 kB
Balloon:               0 kB
HugePages_Total:       0
HugePages_Free:        0
HugePages_Rsvd:        0
HugePages_Surp:        0
Hugepagesize:       2048 kB
Hugetlb:               0 kB
DirectMap4k:      194432 kB
DirectMap2M:     6096896 kB
DirectMap1G:     4194304 kB
---SNAPSHOT---
2026-04-27 02:10:04
MemTotal:        8129240 kB
MemFree:         2512644 kB
MemAvailable:    2243404 kB
Buffers:            6024 kB
Cached:           309744 kB
SwapCached:       117888 kB
Active:          4324996 kB
Inactive:         672608 kB
Active(anon):    4183756 kB
Inactive(anon):   554008 kB
Active(file):     141240 kB
Inactive(file):   118600 kB
Unevictable:          16 kB
Mlocked:              16 kB
SwapTotal:       4194300 kB
SwapFree:        3955092 kB
Zswap:                 0 kB
Zswapped:              0 kB
Dirty:               168 kB
Writeback:             0 kB
AnonPages:       4567596 kB
Mapped:           257828 kB
Shmem:             55960 kB
KReclaimable:      56764 kB
Slab:             285036 kB
SReclaimable:      56764 kB
SUnreclaim:       228272 kB
KernelStack:       18916 kB
PageTables:        62908 kB
SecPageTables:         0 kB
NFS_Unstable:          0 kB
Bounce:                0 kB
WritebackTmp:          0 kB
CommitLimit:     8258920 kB
Committed_AS:   11744384 kB
VmallocTotal:   34359738367 kB
VmallocUsed:       47288 kB
VmallocChunk:          0 kB
Percpu:            13280 kB
HardwareCorrupted:     0 kB
AnonHugePages:   2207744 kB
ShmemHugePages:        0 kB
ShmemPmdMapped:        0 kB
FileHugePages:         0 kB
FilePmdMapped:         0 kB
CmaTotal:              0 kB
CmaFree:               0 kB
Unaccepted:            0 kB
Balloon:               0 kB
HugePages_Total:       0
HugePages_Free:        0
HugePages_Rsvd:        0
HugePages_Surp:        0
Hugepagesize:       2048 kB
Hugetlb:               0 kB
DirectMap4k:      194432 kB
DirectMap2M:     6096896 kB
DirectMap1G:     4194304 kB
---SNAPSHOT---
2026-04-27 02:10:05
MemTotal:        8129240 kB
MemFree:         2512192 kB
MemAvailable:    2245948 kB
Buffers:            7244 kB
Cached:           314556 kB
SwapCached:       117888 kB
Active:          4329884 kB
Inactive:         673920 kB
Active(anon):    4183964 kB
Inactive(anon):   554008 kB
Active(file):     145920 kB
Inactive(file):   119912 kB
Unevictable:          16 kB
Mlocked:              16 kB
SwapTotal:       4194300 kB
SwapFree:        3955092 kB
Zswap:                 0 kB
Zswapped:              0 kB
Dirty:               412 kB
Writeback:             0 kB
AnonPages:       4567452 kB
Mapped:           257832 kB
Shmem:             55960 kB
KReclaimable:      56764 kB
Slab:             285052 kB
SReclaimable:      56764 kB
SUnreclaim:       228288 kB
KernelStack:       18992 kB
PageTables:        62908 kB
SecPageTables:         0 kB
NFS_Unstable:          0 kB
Bounce:                0 kB
WritebackTmp:          0 kB
CommitLimit:     8258920 kB
Committed_AS:   11744384 kB
VmallocTotal:   34359738367 kB
VmallocUsed:       47320 kB
VmallocChunk:          0 kB
Percpu:            13280 kB
HardwareCorrupted:     0 kB
AnonHugePages:   2207744 kB
ShmemHugePages:        0 kB
ShmemPmdMapped:        0 kB
FileHugePages:         0 kB
FilePmdMapped:         0 kB
CmaTotal:              0 kB
CmaFree:               0 kB
Unaccepted:            0 kB
Balloon:               0 kB
HugePages_Total:       0
HugePages_Free:        0
HugePages_Rsvd:        0
HugePages_Surp:        0
Hugepagesize:       2048 kB
Hugetlb:               0 kB
DirectMap4k:      194432 kB
DirectMap2M:     6096896 kB
DirectMap1G:     4194304 kB
---SNAPSHOT---
2026-04-27 02:10:06
MemTotal:        8129240 kB
MemFree:         2512168 kB
MemAvailable:    2245944 kB
Buffers:            7244 kB
Cached:           314560 kB
SwapCached:       117888 kB
Active:          4329508 kB
Inactive:         673960 kB
Active(anon):    4183588 kB
Inactive(anon):   554008 kB
Active(file):     145920 kB
Inactive(file):   119952 kB
Unevictable:          16 kB
Mlocked:              16 kB
SwapTotal:       4194300 kB
SwapFree:        3955092 kB
Zswap:                 0 kB
Zswapped:              0 kB
Dirty:               416 kB
Writeback:             0 kB
AnonPages:       4567580 kB
Mapped:           257832 kB
Shmem:             55960 kB
KReclaimable:      56764 kB
Slab:             285044 kB
SReclaimable:      56764 kB
SUnreclaim:       228280 kB
KernelStack:       18992 kB
PageTables:        63244 kB
SecPageTables:         0 kB
NFS_Unstable:          0 kB
Bounce:                0 kB
WritebackTmp:          0 kB
CommitLimit:     8258920 kB
Committed_AS:   11744384 kB
VmallocTotal:   34359738367 kB
VmallocUsed:       47256 kB
VmallocChunk:          0 kB
Percpu:            13280 kB
HardwareCorrupted:     0 kB
AnonHugePages:   2207744 kB
ShmemHugePages:        0 kB
ShmemPmdMapped:        0 kB
FileHugePages:         0 kB
FilePmdMapped:         0 kB
CmaTotal:              0 kB
CmaFree:               0 kB
Unaccepted:            0 kB
Balloon:               0 kB
HugePages_Total:       0
HugePages_Free:        0
HugePages_Rsvd:        0
HugePages_Surp:        0
Hugepagesize:       2048 kB
Hugetlb:               0 kB
DirectMap4k:      194432 kB
DirectMap2M:     6096896 kB
DirectMap1G:     4194304 kB
---SNAPSHOT---
2026-04-27 02:10:07
MemTotal:        8129240 kB
MemFree:         2511916 kB
MemAvailable:    2245692 kB
Buffers:            7252 kB
Cached:           314556 kB
SwapCached:       117888 kB
Active:          4329388 kB
Inactive:         673960 kB
Active(anon):    4183468 kB
Inactive(anon):   554008 kB
Active(file):     145920 kB
Inactive(file):   119952 kB
Unevictable:          16 kB
Mlocked:              16 kB
SwapTotal:       4194300 kB
SwapFree:        3955092 kB
Zswap:                 0 kB
Zswapped:              0 kB
Dirty:               420 kB
Writeback:             0 kB
AnonPages:       4567484 kB
Mapped:           257832 kB
Shmem:             55960 kB
KReclaimable:      56764 kB
Slab:             285044 kB
SReclaimable:      56764 kB
SUnreclaim:       228280 kB
KernelStack:       18992 kB
PageTables:        62920 kB
SecPageTables:         0 kB
NFS_Unstable:          0 kB
Bounce:                0 kB
WritebackTmp:          0 kB
CommitLimit:     8258920 kB
Committed_AS:   11744492 kB
VmallocTotal:   34359738367 kB
VmallocUsed:       47240 kB
VmallocChunk:          0 kB
Percpu:            13280 kB
HardwareCorrupted:     0 kB
AnonHugePages:   2207744 kB
ShmemHugePages:        0 kB
ShmemPmdMapped:        0 kB
FileHugePages:         0 kB
FilePmdMapped:         0 kB
CmaTotal:              0 kB
CmaFree:               0 kB
Unaccepted:            0 kB
Balloon:               0 kB
HugePages_Total:       0
HugePages_Free:        0
HugePages_Rsvd:        0
HugePages_Surp:        0
Hugepagesize:       2048 kB
Hugetlb:               0 kB
DirectMap4k:      194432 kB
DirectMap2M:     6096896 kB
DirectMap1G:     4194304 kB
---SNAPSHOT---
2026-04-27 02:10:08
MemTotal:        8129240 kB
MemFree:         2511916 kB
MemAvailable:    2245720 kB
Buffers:            7252 kB
Cached:           314572 kB
SwapCached:       117888 kB
Active:          4329480 kB
Inactive:         674012 kB
Active(anon):    4183560 kB
Inactive(anon):   554008 kB
Active(file):     145920 kB
Inactive(file):   120004 kB
Unevictable:          16 kB
Mlocked:              16 kB
SwapTotal:       4194300 kB
SwapFree:        3955092 kB
Zswap:                 0 kB
Zswapped:              0 kB
Dirty:               444 kB
Writeback:             0 kB
AnonPages:       4567348 kB
Mapped:           257832 kB
Shmem:             55960 kB
KReclaimable:      56764 kB
Slab:             285044 kB
SReclaimable:      56764 kB
SUnreclaim:       228280 kB
KernelStack:       18976 kB
PageTables:        63136 kB
SecPageTables:         0 kB
NFS_Unstable:          0 kB
Bounce:                0 kB
WritebackTmp:          0 kB
CommitLimit:     8258920 kB
Committed_AS:   11744000 kB
VmallocTotal:   34359738367 kB
VmallocUsed:       47288 kB
VmallocChunk:          0 kB
Percpu:            13280 kB
HardwareCorrupted:     0 kB
AnonHugePages:   2207744 kB
ShmemHugePages:        0 kB
ShmemPmdMapped:        0 kB
FileHugePages:         0 kB
FilePmdMapped:         0 kB
CmaTotal:              0 kB
CmaFree:               0 kB
Unaccepted:            0 kB
Balloon:               0 kB
HugePages_Total:       0
HugePages_Free:        0
HugePages_Rsvd:        0
HugePages_Surp:        0
Hugepagesize:       2048 kB
Hugetlb:               0 kB
DirectMap4k:      194432 kB
DirectMap2M:     6096896 kB
DirectMap1G:     4194304 kB
---SNAPSHOT---
2026-04-27 02:10:10
MemTotal:        8129240 kB
MemFree:         2511916 kB
MemAvailable:    2245720 kB
Buffers:            7252 kB
Cached:           314576 kB
SwapCached:       117888 kB
Active:          4329656 kB
Inactive:         674016 kB
Active(anon):    4183736 kB
Inactive(anon):   554008 kB
Active(file):     145920 kB
Inactive(file):   120008 kB
Unevictable:          16 kB
Mlocked:              16 kB
SwapTotal:       4194300 kB
SwapFree:        3955092 kB
Zswap:                 0 kB
Zswapped:              0 kB
Dirty:               448 kB
Writeback:             0 kB
AnonPages:       4567468 kB
Mapped:           257828 kB
Shmem:             55960 kB
KReclaimable:      56764 kB
Slab:             285040 kB
SReclaimable:      56764 kB
SUnreclaim:       228276 kB
KernelStack:       19004 kB
PageTables:        62964 kB
SecPageTables:         0 kB
NFS_Unstable:          0 kB
Bounce:                0 kB
WritebackTmp:          0 kB
CommitLimit:     8258920 kB
Committed_AS:   11744492 kB
VmallocTotal:   34359738367 kB
VmallocUsed:       47304 kB
VmallocChunk:          0 kB
Percpu:            13280 kB
HardwareCorrupted:     0 kB
AnonHugePages:   2207744 kB
ShmemHugePages:        0 kB
ShmemPmdMapped:        0 kB
FileHugePages:         0 kB
FilePmdMapped:         0 kB
CmaTotal:              0 kB
CmaFree:               0 kB
Unaccepted:            0 kB
Balloon:               0 kB
HugePages_Total:       0
HugePages_Free:        0
HugePages_Rsvd:        0
HugePages_Surp:        0
Hugepagesize:       2048 kB
Hugetlb:               0 kB
DirectMap4k:      194432 kB
DirectMap2M:     6096896 kB
DirectMap1G:     4194304 kB
---SNAPSHOT---
2026-04-27 02:10:11
MemTotal:        8129240 kB
MemFree:         2511916 kB
MemAvailable:    2245724 kB
Buffers:            7252 kB
Cached:           314584 kB
SwapCached:       117888 kB
Active:          4329712 kB
Inactive:         674020 kB
Active(anon):    4183792 kB
Inactive(anon):   554008 kB
Active(file):     145920 kB
Inactive(file):   120012 kB
Unevictable:          16 kB
Mlocked:              16 kB
SwapTotal:       4194300 kB
SwapFree:        3955092 kB
Zswap:                 0 kB
Zswapped:              0 kB
Dirty:               456 kB
Writeback:             0 kB
AnonPages:       4567728 kB
Mapped:           257832 kB
Shmem:             55960 kB
KReclaimable:      56764 kB
Slab:             285040 kB
SReclaimable:      56764 kB
SUnreclaim:       228276 kB
KernelStack:       19008 kB
PageTables:        63032 kB
SecPageTables:         0 kB
NFS_Unstable:          0 kB
Bounce:                0 kB
WritebackTmp:          0 kB
CommitLimit:     8258920 kB
