---SNAPSHOT---
2026-04-27 01:59:48
MemTotal:        8129240 kB
MemFree:         4760088 kB
MemAvailable:    4478192 kB
Buffers:            4544 kB
Cached:           270744 kB
SwapCached:        99456 kB
Active:          2032180 kB
Inactive:         658564 kB
Active(anon):    1911932 kB
Inactive(anon):   542628 kB
Active(file):     120248 kB
Inactive(file):   115936 kB
Unevictable:           0 kB
Mlocked:               0 kB
SwapTotal:       4194300 kB
SwapFree:        3973524 kB
Zswap:                 0 kB
Zswapped:              0 kB
Dirty:               260 kB
Writeback:             0 kB
AnonPages:       2321048 kB
Mapped:           232652 kB
Shmem:             38812 kB
KReclaimable:      55108 kB
Slab:             283532 kB
SReclaimable:      55108 kB
SUnreclaim:       228424 kB
KernelStack:       18980 kB
PageTables:        58184 kB
SecPageTables:         0 kB
NFS_Unstable:          0 kB
Bounce:                0 kB
WritebackTmp:          0 kB
CommitLimit:     8258920 kB
Committed_AS:    9394760 kB
VmallocTotal:   34359738367 kB
VmallocUsed:       47176 kB
VmallocChunk:          0 kB
Percpu:            13280 kB
HardwareCorrupted:     0 kB
AnonHugePages:      8192 kB
ShmemHugePages:        0 kB
ShmemPmdMapped:        0 kB
FileHugePages:         0 kB
FilePmdMapped:         0 kB
CmaTotal:              0 kB
CmaFree:               0 kB
Unaccepted:            0 kB
Balloon:               0 kB
HugePages_Total:       0
HugePages_Free:        0
HugePages_Rsvd:        0
HugePages_Surp:        0
Hugepagesize:       2048 kB
Hugetlb:               0 kB
DirectMap4k:      194432 kB
DirectMap2M:     6096896 kB
DirectMap1G:     4194304 kB
---SNAPSHOT---
2026-04-27 01:59:49
MemTotal:        8129240 kB
MemFree:         4759272 kB
MemAvailable:    4480236 kB
Buffers:            5068 kB
Cached:           275596 kB
SwapCached:        99456 kB
Active:          2036640 kB
Inactive:         659728 kB
Active(anon):    1911836 kB
Inactive(anon):   542628 kB
Active(file):     124804 kB
Inactive(file):   117100 kB
Unevictable:           0 kB
Mlocked:               0 kB
SwapTotal:       4194300 kB
SwapFree:        3973524 kB
Zswap:                 0 kB
Zswapped:              0 kB
Dirty:               288 kB
Writeback:             0 kB
AnonPages:       2320736 kB
Mapped:           232688 kB
Shmem:             38812 kB
KReclaimable:      55108 kB
Slab:             283512 kB
SReclaimable:      55108 kB
SUnreclaim:       228404 kB
KernelStack:       18864 kB
PageTables:        58460 kB
SecPageTables:         0 kB
NFS_Unstable:          0 kB
Bounce:                0 kB
WritebackTmp:          0 kB
CommitLimit:     8258920 kB
Committed_AS:    9393832 kB
VmallocTotal:   34359738367 kB
VmallocUsed:       47256 kB
VmallocChunk:          0 kB
Percpu:            13280 kB
HardwareCorrupted:     0 kB
AnonHugePages:      8192 kB
ShmemHugePages:        0 kB
ShmemPmdMapped:        0 kB
FileHugePages:         0 kB
FilePmdMapped:         0 kB
CmaTotal:              0 kB
CmaFree:               0 kB
Unaccepted:            0 kB
Balloon:               0 kB
HugePages_Total:       0
HugePages_Free:        0
HugePages_Rsvd:        0
HugePages_Surp:        0
Hugepagesize:       2048 kB
Hugetlb:               0 kB
DirectMap4k:      194432 kB
DirectMap2M:     6096896 kB
DirectMap1G:     4194304 kB
---SNAPSHOT---
2026-04-27 01:59:50
MemTotal:        8129240 kB
MemFree:         4760560 kB
MemAvailable:    4481536 kB
Buffers:            5076 kB
Cached:           275592 kB
SwapCached:        99456 kB
Active:          2036616 kB
Inactive:         659748 kB
Active(anon):    1911808 kB
Inactive(anon):   542628 kB
Active(file):     124808 kB
Inactive(file):   117120 kB
Unevictable:           0 kB
Mlocked:               0 kB
SwapTotal:       4194300 kB
SwapFree:        3973524 kB
Zswap:                 0 kB
Zswapped:              0 kB
Dirty:               292 kB
Writeback:             0 kB
AnonPages:       2320756 kB
Mapped:           232688 kB
Shmem:             38812 kB
KReclaimable:      55108 kB
Slab:             283512 kB
SReclaimable:      55108 kB
SUnreclaim:       228404 kB
KernelStack:       18864 kB
PageTables:        57952 kB
SecPageTables:         0 kB
NFS_Unstable:          0 kB
Bounce:                0 kB
WritebackTmp:          0 kB
CommitLimit:     8258920 kB
Committed_AS:    9393740 kB
VmallocTotal:   34359738367 kB
VmallocUsed:       47160 kB
VmallocChunk:          0 kB
Percpu:            13280 kB
HardwareCorrupted:     0 kB
AnonHugePages:      8192 kB
ShmemHugePages:        0 kB
ShmemPmdMapped:        0 kB
FileHugePages:         0 kB
FilePmdMapped:         0 kB
CmaTotal:              0 kB
CmaFree:               0 kB
Unaccepted:            0 kB
Balloon:               0 kB
HugePages_Total:       0
HugePages_Free:        0
HugePages_Rsvd:        0
HugePages_Surp:        0
Hugepagesize:       2048 kB
Hugetlb:               0 kB
DirectMap4k:      194432 kB
DirectMap2M:     6096896 kB
DirectMap1G:     4194304 kB
---SNAPSHOT---
2026-04-27 01:59:51
MemTotal:        8129240 kB
MemFree:         4758624 kB
MemAvailable:    4481460 kB
Buffers:            5360 kB
Cached:           278048 kB
SwapCached:        99456 kB
Active:          2039560 kB
Inactive:         659976 kB
Active(anon):    1912700 kB
Inactive(anon):   542628 kB
Active(file):     126860 kB
Inactive(file):   117348 kB
Unevictable:           0 kB
Mlocked:               0 kB
SwapTotal:       4194300 kB
SwapFree:        3973524 kB
Zswap:                 0 kB
Zswapped:              0 kB
Dirty:               296 kB
Writeback:             0 kB
AnonPages:       2321408 kB
Mapped:           232908 kB
Shmem:             38812 kB
KReclaimable:      56548 kB
Slab:             284952 kB
SReclaimable:      56548 kB
SUnreclaim:       228404 kB
KernelStack:       18904 kB
PageTables:        58332 kB
SecPageTables:         0 kB
NFS_Unstable:          0 kB
Bounce:                0 kB
WritebackTmp:          0 kB
CommitLimit:     8258920 kB
Committed_AS:    9402104 kB
VmallocTotal:   34359738367 kB
VmallocUsed:       47176 kB
VmallocChunk:          0 kB
Percpu:            13280 kB
HardwareCorrupted:     0 kB
AnonHugePages:      8192 kB
ShmemHugePages:        0 kB
ShmemPmdMapped:        0 kB
FileHugePages:         0 kB
FilePmdMapped:         0 kB
CmaTotal:              0 kB
CmaFree:               0 kB
Unaccepted:            0 kB
Balloon:               0 kB
HugePages_Total:       0
HugePages_Free:        0
HugePages_Rsvd:        0
HugePages_Surp:        0
Hugepagesize:       2048 kB
Hugetlb:               0 kB
DirectMap4k:      194432 kB
DirectMap2M:     6096896 kB
DirectMap1G:     4194304 kB
---SNAPSHOT---
2026-04-27 01:59:52
MemTotal:        8129240 kB
MemFree:         2923804 kB
MemAvailable:    2651900 kB
Buffers:            5620 kB
Cached:           304816 kB
SwapCached:        99456 kB
Active:          3639992 kB
Inactive:         660528 kB
Active(anon):    3503360 kB
Inactive(anon):   542628 kB
Active(file):     136632 kB
Inactive(file):   117900 kB
Unevictable:          16 kB
Mlocked:              16 kB
SwapTotal:       4194300 kB
SwapFree:        3973524 kB
Zswap:                 0 kB
Zswapped:              0 kB
Dirty:               444 kB
Writeback:             0 kB
AnonPages:       3895008 kB
Mapped:           253520 kB
Shmem:             55964 kB
KReclaimable:      56740 kB
Slab:             352012 kB
SReclaimable:      56740 kB
SUnreclaim:       295272 kB
KernelStack:       19088 kB
PageTables:        65452 kB
SecPageTables:         0 kB
NFS_Unstable:          0 kB
Bounce:                0 kB
WritebackTmp:          0 kB
CommitLimit:     8258920 kB
Committed_AS:   12314796 kB
VmallocTotal:   34359738367 kB
VmallocUsed:       47288 kB
VmallocChunk:          0 kB
Percpu:            13280 kB
HardwareCorrupted:     0 kB
AnonHugePages:    327680 kB
ShmemHugePages:        0 kB
ShmemPmdMapped:        0 kB
FileHugePages:         0 kB
FilePmdMapped:         0 kB
CmaTotal:              0 kB
CmaFree:               0 kB
Unaccepted:            0 kB
Balloon:               0 kB
HugePages_Total:       0
HugePages_Free:        0
HugePages_Rsvd:        0
HugePages_Surp:        0
Hugepagesize:       2048 kB
Hugetlb:               0 kB
DirectMap4k:      194432 kB
DirectMap2M:     6096896 kB
DirectMap1G:     4194304 kB
---SNAPSHOT---
2026-04-27 01:59:53
MemTotal:        8129240 kB
MemFree:         3554924 kB
MemAvailable:    3283056 kB
Buffers:            5620 kB
Cached:           304824 kB
SwapCached:        99456 kB
Active:          3104604 kB
Inactive:         660536 kB
Active(anon):    2967972 kB
Inactive(anon):   542628 kB
Active(file):     136632 kB
Inactive(file):   117908 kB
Unevictable:          16 kB
Mlocked:              16 kB
SwapTotal:       4194300 kB
SwapFree:        3973524 kB
Zswap:                 0 kB
Zswapped:              0 kB
Dirty:               452 kB
Writeback:             0 kB
AnonPages:       3359148 kB
Mapped:           253596 kB
Shmem:             55964 kB
KReclaimable:      56804 kB
Slab:             311468 kB
SReclaimable:      56804 kB
SUnreclaim:       254664 kB
KernelStack:       19136 kB
PageTables:        65284 kB
SecPageTables:         0 kB
NFS_Unstable:          0 kB
Bounce:                0 kB
WritebackTmp:          0 kB
CommitLimit:     8258920 kB
Committed_AS:   11782900 kB
VmallocTotal:   34359738367 kB
VmallocUsed:       47384 kB
VmallocChunk:          0 kB
Percpu:            13280 kB
HardwareCorrupted:     0 kB
AnonHugePages:    804864 kB
ShmemHugePages:        0 kB
ShmemPmdMapped:        0 kB
FileHugePages:         0 kB
FilePmdMapped:         0 kB
CmaTotal:              0 kB
CmaFree:               0 kB
Unaccepted:            0 kB
Balloon:               0 kB
HugePages_Total:       0
HugePages_Free:        0
HugePages_Rsvd:        0
HugePages_Surp:        0
Hugepagesize:       2048 kB
Hugetlb:               0 kB
DirectMap4k:      194432 kB
DirectMap2M:     6096896 kB
DirectMap1G:     4194304 kB
---SNAPSHOT---
2026-04-27 01:59:54
MemTotal:        8129240 kB
MemFree:         1962944 kB
MemAvailable:    1691080 kB
Buffers:            5620 kB
Cached:           304832 kB
SwapCached:        99456 kB
Active:          4651068 kB
Inactive:         660544 kB
Active(anon):    4514436 kB
Inactive(anon):   542628 kB
Active(file):     136632 kB
Inactive(file):   117916 kB
Unevictable:          16 kB
Mlocked:              16 kB
SwapTotal:       4194300 kB
SwapFree:        3973524 kB
Zswap:                 0 kB
Zswapped:              0 kB
Dirty:               460 kB
Writeback:             0 kB
AnonPages:       4894772 kB
Mapped:           253520 kB
Shmem:             55964 kB
KReclaimable:      56804 kB
Slab:             347700 kB
SReclaimable:      56804 kB
SUnreclaim:       290896 kB
KernelStack:       19104 kB
PageTables:        65576 kB
SecPageTables:         0 kB
NFS_Unstable:          0 kB
Bounce:                0 kB
WritebackTmp:          0 kB
CommitLimit:     8258920 kB
Committed_AS:   13002352 kB
VmallocTotal:   34359738367 kB
VmallocUsed:       47352 kB
VmallocChunk:          0 kB
Percpu:            13280 kB
HardwareCorrupted:     0 kB
AnonHugePages:   1331200 kB
ShmemHugePages:        0 kB
ShmemPmdMapped:        0 kB
FileHugePages:         0 kB
FilePmdMapped:         0 kB
CmaTotal:              0 kB
CmaFree:               0 kB
Unaccepted:            0 kB
Balloon:               0 kB
HugePages_Total:       0
HugePages_Free:        0
HugePages_Rsvd:        0
HugePages_Surp:        0
Hugepagesize:       2048 kB
Hugetlb:               0 kB
DirectMap4k:      194432 kB
DirectMap2M:     6096896 kB
DirectMap1G:     4194304 kB
---SNAPSHOT---
2026-04-27 01:59:55
MemTotal:        8129240 kB
MemFree:         3530292 kB
MemAvailable:    3258428 kB
Buffers:            5628 kB
Cached:           304828 kB
SwapCached:        99456 kB
Active:          3142216 kB
Inactive:         660548 kB
Active(anon):    3005584 kB
Inactive(anon):   542628 kB
Active(file):     136632 kB
Inactive(file):   117920 kB
Unevictable:         164 kB
Mlocked:              16 kB
SwapTotal:       4194300 kB
SwapFree:        3973524 kB
Zswap:                 0 kB
Zswapped:              0 kB
Dirty:               464 kB
Writeback:             0 kB
AnonPages:       3396484 kB
Mapped:           253520 kB
Shmem:             55964 kB
KReclaimable:      56804 kB
Slab:             340744 kB
SReclaimable:      56804 kB
SUnreclaim:       283940 kB
KernelStack:       19088 kB
PageTables:        62772 kB
SecPageTables:         0 kB
NFS_Unstable:          0 kB
Bounce:                0 kB
WritebackTmp:          0 kB
CommitLimit:     8258920 kB
Committed_AS:   12159808 kB
VmallocTotal:   34359738367 kB
VmallocUsed:       47336 kB
VmallocChunk:          0 kB
Percpu:            13280 kB
HardwareCorrupted:     0 kB
AnonHugePages:    282624 kB
ShmemHugePages:        0 kB
ShmemPmdMapped:        0 kB
FileHugePages:         0 kB
FilePmdMapped:         0 kB
CmaTotal:              0 kB
CmaFree:               0 kB
Unaccepted:            0 kB
Balloon:               0 kB
HugePages_Total:       0
HugePages_Free:        0
HugePages_Rsvd:        0
HugePages_Surp:        0
Hugepagesize:       2048 kB
Hugetlb:               0 kB
DirectMap4k:      194432 kB
DirectMap2M:     6096896 kB
DirectMap1G:     4194304 kB
---SNAPSHOT---
2026-04-27 01:59:56
MemTotal:        8129240 kB
MemFree:         3683960 kB
MemAvailable:    3412104 kB
Buffers:            5628 kB
Cached:           304844 kB
SwapCached:        99456 kB
Active:          2960728 kB
Inactive:         660564 kB
Active(anon):    2824096 kB
Inactive(anon):   542628 kB
Active(file):     136632 kB
Inactive(file):   117936 kB
Unevictable:          16 kB
Mlocked:              16 kB
SwapTotal:       4194300 kB
SwapFree:        3973524 kB
Zswap:                 0 kB
Zswapped:              0 kB
Dirty:               472 kB
Writeback:             0 kB
AnonPages:       3215556 kB
Mapped:           253520 kB
Shmem:             55964 kB
KReclaimable:      56804 kB
Slab:             312656 kB
SReclaimable:      56804 kB
SUnreclaim:       255852 kB
KernelStack:       19088 kB
PageTables:        62484 kB
SecPageTables:         0 kB
NFS_Unstable:          0 kB
Bounce:                0 kB
WritebackTmp:          0 kB
CommitLimit:     8258920 kB
Committed_AS:   11745864 kB
VmallocTotal:   34359738367 kB
VmallocUsed:       47320 kB
VmallocChunk:          0 kB
Percpu:            13280 kB
HardwareCorrupted:     0 kB
AnonHugePages:    811008 kB
ShmemHugePages:        0 kB
ShmemPmdMapped:        0 kB
FileHugePages:         0 kB
FilePmdMapped:         0 kB
CmaTotal:              0 kB
CmaFree:               0 kB
Unaccepted:            0 kB
Balloon:               0 kB
HugePages_Total:       0
HugePages_Free:        0
HugePages_Rsvd:        0
HugePages_Surp:        0
Hugepagesize:       2048 kB
Hugetlb:               0 kB
DirectMap4k:      194432 kB
DirectMap2M:     6096896 kB
DirectMap1G:     4194304 kB
---SNAPSHOT---
2026-04-27 01:59:57
MemTotal:        8129240 kB
MemFree:         2296408 kB
MemAvailable:    2024556 kB
Buffers:            5628 kB
Cached:           304848 kB
SwapCached:        99456 kB
Active:          4335012 kB
Inactive:         660568 kB
Active(anon):    4198380 kB
Inactive(anon):   542628 kB
Active(file):     136632 kB
Inactive(file):   117940 kB
Unevictable:          16 kB
Mlocked:              16 kB
SwapTotal:       4194300 kB
SwapFree:        3973524 kB
Zswap:                 0 kB
Zswapped:              0 kB
Dirty:               476 kB
Writeback:             0 kB
AnonPages:       4577180 kB
Mapped:           253520 kB
Shmem:             55964 kB
KReclaimable:      56804 kB
Slab:             335632 kB
SReclaimable:      56804 kB
SUnreclaim:       278828 kB
KernelStack:       19088 kB
PageTables:        63960 kB
SecPageTables:         0 kB
NFS_Unstable:          0 kB
Bounce:                0 kB
WritebackTmp:          0 kB
CommitLimit:     8258920 kB
Committed_AS:   12478848 kB
VmallocTotal:   34359738367 kB
VmallocUsed:       47304 kB
VmallocChunk:          0 kB
Percpu:            13280 kB
HardwareCorrupted:     0 kB
AnonHugePages:   1343488 kB
ShmemHugePages:        0 kB
ShmemPmdMapped:        0 kB
FileHugePages:         0 kB
FilePmdMapped:         0 kB
CmaTotal:              0 kB
CmaFree:               0 kB
Unaccepted:            0 kB
Balloon:               0 kB
HugePages_Total:       0
HugePages_Free:        0
HugePages_Rsvd:        0
HugePages_Surp:        0
Hugepagesize:       2048 kB
Hugetlb:               0 kB
DirectMap4k:      194432 kB
DirectMap2M:     6096896 kB
DirectMap1G:     4194304 kB
---SNAPSHOT---
2026-04-27 01:59:58
MemTotal:        8129240 kB
MemFree:         3625808 kB
MemAvailable:    3353960 kB
Buffers:            5628 kB
Cached:           304856 kB
SwapCached:        99456 kB
Active:          3084832 kB
Inactive:         660576 kB
Active(anon):    2948200 kB
Inactive(anon):   542628 kB
Active(file):     136632 kB
Inactive(file):   117948 kB
Unevictable:          16 kB
Mlocked:              16 kB
SwapTotal:       4194300 kB
SwapFree:        3973524 kB
Zswap:                 0 kB
Zswapped:              0 kB
Dirty:               484 kB
Writeback:             0 kB
AnonPages:       3339832 kB
Mapped:           253520 kB
Shmem:             55964 kB
KReclaimable:      56804 kB
Slab:             334100 kB
SReclaimable:      56804 kB
SUnreclaim:       277296 kB
KernelStack:       19088 kB
PageTables:        61832 kB
SecPageTables:         0 kB
NFS_Unstable:          0 kB
Bounce:                0 kB
WritebackTmp:          0 kB
CommitLimit:     8258920 kB
Committed_AS:   12393832 kB
VmallocTotal:   34359738367 kB
VmallocUsed:       47320 kB
VmallocChunk:          0 kB
Percpu:            13280 kB
HardwareCorrupted:     0 kB
AnonHugePages:    333824 kB
ShmemHugePages:        0 kB
ShmemPmdMapped:        0 kB
FileHugePages:         0 kB
FilePmdMapped:         0 kB
CmaTotal:              0 kB
CmaFree:               0 kB
Unaccepted:            0 kB
Balloon:               0 kB
HugePages_Total:       0
HugePages_Free:        0
HugePages_Rsvd:        0
HugePages_Surp:        0
Hugepagesize:       2048 kB
Hugetlb:               0 kB
DirectMap4k:      194432 kB
DirectMap2M:     6096896 kB
DirectMap1G:     4194304 kB
---SNAPSHOT---
2026-04-27 01:59:59
MemTotal:        8129240 kB
MemFree:         3435544 kB
MemAvailable:    3163696 kB
Buffers:            5628 kB
Cached:           304856 kB
SwapCached:        99456 kB
Active:          3211048 kB
Inactive:         660576 kB
Active(anon):    3074416 kB
Inactive(anon):   542628 kB
Active(file):     136632 kB
Inactive(file):   117948 kB
Unevictable:         232 kB
Mlocked:             244 kB
SwapTotal:       4194300 kB
SwapFree:        3973524 kB
Zswap:                 0 kB
Zswapped:              0 kB
Dirty:               484 kB
Writeback:             0 kB
AnonPages:       3465876 kB
Mapped:           253520 kB
Shmem:             55964 kB
KReclaimable:      56804 kB
Slab:             323364 kB
SReclaimable:      56804 kB
SUnreclaim:       266560 kB
KernelStack:       19116 kB
PageTables:        62636 kB
SecPageTables:         0 kB
NFS_Unstable:          0 kB
Bounce:                0 kB
WritebackTmp:          0 kB
CommitLimit:     8258920 kB
Committed_AS:   11750052 kB
VmallocTotal:   34359738367 kB
VmallocUsed:       47336 kB
VmallocChunk:          0 kB
Percpu:            13280 kB
HardwareCorrupted:     0 kB
AnonHugePages:    835584 kB
ShmemHugePages:        0 kB
ShmemPmdMapped:        0 kB
FileHugePages:         0 kB
FilePmdMapped:         0 kB
CmaTotal:              0 kB
CmaFree:               0 kB
Unaccepted:            0 kB
Balloon:               0 kB
HugePages_Total:       0
HugePages_Free:        0
HugePages_Rsvd:        0
HugePages_Surp:        0
Hugepagesize:       2048 kB
Hugetlb:               0 kB
DirectMap4k:      194432 kB
DirectMap2M:     6096896 kB
DirectMap1G:     4194304 kB
---SNAPSHOT---
2026-04-27 02:00:00
MemTotal:        8129240 kB
MemFree:         3007412 kB
MemAvailable:    2735568 kB
Buffers:            5636 kB
Cached:           304856 kB
SwapCached:        99456 kB
Active:          3628376 kB
Inactive:         660584 kB
Active(anon):    3491744 kB
Inactive(anon):   542628 kB
Active(file):     136632 kB
Inactive(file):   117956 kB
Unevictable:         112 kB
Mlocked:             112 kB
SwapTotal:       4194300 kB
SwapFree:        3973524 kB
Zswap:                 0 kB
Zswapped:              0 kB
Dirty:               492 kB
Writeback:             0 kB
AnonPages:       3882380 kB
Mapped:           253520 kB
Shmem:             55964 kB
KReclaimable:      56804 kB
Slab:             322800 kB
SReclaimable:      56804 kB
SUnreclaim:       265996 kB
KernelStack:       19088 kB
PageTables:        63756 kB
SecPageTables:         0 kB
NFS_Unstable:          0 kB
Bounce:                0 kB
WritebackTmp:          0 kB
CommitLimit:     8258920 kB
Committed_AS:   12171740 kB
VmallocTotal:   34359738367 kB
VmallocUsed:       47352 kB
VmallocChunk:          0 kB
Percpu:            13280 kB
HardwareCorrupted:     0 kB
AnonHugePages:   1361920 kB
ShmemHugePages:        0 kB
ShmemPmdMapped:        0 kB
FileHugePages:         0 kB
FilePmdMapped:         0 kB
CmaTotal:              0 kB
CmaFree:               0 kB
Unaccepted:            0 kB
Balloon:               0 kB
HugePages_Total:       0
HugePages_Free:        0
HugePages_Rsvd:        0
HugePages_Surp:        0
Hugepagesize:       2048 kB
Hugetlb:               0 kB
DirectMap4k:      194432 kB
DirectMap2M:     6096896 kB
DirectMap1G:     4194304 kB
---SNAPSHOT---
2026-04-27 02:00:01
MemTotal:        8129240 kB
MemFree:         2847056 kB
MemAvailable:    2575332 kB
Buffers:            5928 kB
Cached:           304808 kB
SwapCached:       513504 kB
Active:          3386384 kB
Inactive:        1073964 kB
Active(anon):    3249752 kB
Inactive(anon):   955764 kB
Active(file):     136632 kB
Inactive(file):   118200 kB
Unevictable:          16 kB
Mlocked:              16 kB
SwapTotal:       4194300 kB
SwapFree:        3559296 kB
Zswap:                 0 kB
Zswapped:              0 kB
Dirty:               192 kB
Writeback:          1140 kB
AnonPages:       3642220 kB
Mapped:           253520 kB
Shmem:             55964 kB
KReclaimable:      56804 kB
Slab:             335116 kB
SReclaimable:      56804 kB
SUnreclaim:       278312 kB
KernelStack:       19056 kB
PageTables:        64132 kB
SecPageTables:         0 kB
NFS_Unstable:          0 kB
Bounce:                0 kB
WritebackTmp:          0 kB
CommitLimit:     8258920 kB
Committed_AS:   12492508 kB
VmallocTotal:   34359738367 kB
VmallocUsed:       47320 kB
VmallocChunk:          0 kB
Percpu:            13280 kB
HardwareCorrupted:     0 kB
AnonHugePages:    526336 kB
ShmemHugePages:        0 kB
ShmemPmdMapped:        0 kB
FileHugePages:         0 kB
FilePmdMapped:         0 kB
CmaTotal:              0 kB
CmaFree:               0 kB
Unaccepted:            0 kB
Balloon:               0 kB
HugePages_Total:       0
HugePages_Free:        0
HugePages_Rsvd:        0
HugePages_Surp:        0
Hugepagesize:       2048 kB
Hugetlb:               0 kB
DirectMap4k:      194432 kB
DirectMap2M:     6096896 kB
DirectMap1G:     4194304 kB
---SNAPSHOT---
2026-04-27 02:00:02
MemTotal:        8129240 kB
MemFree:         2930200 kB
MemAvailable:    2658500 kB
Buffers:            5928 kB
Cached:           304876 kB
SwapCached:       759940 kB
Active:          3004136 kB
Inactive:        1307876 kB
Active(anon):    2867504 kB
Inactive(anon):  1189632 kB
Active(file):     136632 kB
Inactive(file):   118244 kB
Unevictable:          16 kB
Mlocked:              16 kB
SwapTotal:       4194300 kB
SwapFree:        3313040 kB
Zswap:                 0 kB
Zswapped:              0 kB
Dirty:               200 kB
Writeback:         13428 kB
AnonPages:       3247672 kB
Mapped:           253520 kB
Shmem:             55964 kB
KReclaimable:      56804 kB
Slab:             323852 kB
SReclaimable:      56804 kB
SUnreclaim:       267048 kB
KernelStack:       19088 kB
PageTables:        64728 kB
SecPageTables:         0 kB
NFS_Unstable:          0 kB
Bounce:                0 kB
WritebackTmp:          0 kB
CommitLimit:     8258920 kB
Committed_AS:   11622712 kB
VmallocTotal:   34359738367 kB
VmallocUsed:       47288 kB
VmallocChunk:          0 kB
Percpu:            13280 kB
HardwareCorrupted:     0 kB
AnonHugePages:    532480 kB
ShmemHugePages:        0 kB
ShmemPmdMapped:        0 kB
FileHugePages:         0 kB
FilePmdMapped:         0 kB
CmaTotal:              0 kB
CmaFree:               0 kB
Unaccepted:            0 kB
Balloon:               0 kB
HugePages_Total:       0
HugePages_Free:        0
HugePages_Rsvd:        0
HugePages_Surp:        0
Hugepagesize:       2048 kB
Hugetlb:               0 kB
DirectMap4k:      194432 kB
DirectMap2M:     6096896 kB
DirectMap1G:     4194304 kB
---SNAPSHOT---
2026-04-27 02:00:03
MemTotal:        8129240 kB
MemFree:         3066780 kB
MemAvailable:    2795096 kB
Buffers:            5928 kB
Cached:           304884 kB
SwapCached:       775300 kB
Active:          2868124 kB
Inactive:        1324328 kB
Active(anon):    2731492 kB
Inactive(anon):  1206052 kB
Active(file):     136632 kB
Inactive(file):   118276 kB
Unevictable:          16 kB
Mlocked:              16 kB
SwapTotal:       4194300 kB
SwapFree:        3297680 kB
Zswap:                 0 kB
Zswapped:              0 kB
Dirty:               208 kB
Writeback:         12384 kB
AnonPages:       3112392 kB
Mapped:           253520 kB
Shmem:             55964 kB
KReclaimable:      56804 kB
Slab:             314044 kB
SReclaimable:      56804 kB
SUnreclaim:       257240 kB
KernelStack:       19088 kB
PageTables:        62692 kB
SecPageTables:         0 kB
NFS_Unstable:          0 kB
Bounce:                0 kB
WritebackTmp:          0 kB
CommitLimit:     8258920 kB
Committed_AS:   12447356 kB
VmallocTotal:   34359738367 kB
VmallocUsed:       47304 kB
VmallocChunk:          0 kB
Percpu:            13280 kB
HardwareCorrupted:     0 kB
AnonHugePages:    784384 kB
ShmemHugePages:        0 kB
ShmemPmdMapped:        0 kB
FileHugePages:         0 kB
FilePmdMapped:         0 kB
CmaTotal:              0 kB
CmaFree:               0 kB
Unaccepted:            0 kB
Balloon:               0 kB
HugePages_Total:       0
HugePages_Free:        0
HugePages_Rsvd:        0
HugePages_Surp:        0
Hugepagesize:       2048 kB
Hugetlb:               0 kB
DirectMap4k:      194432 kB
DirectMap2M:     6096896 kB
DirectMap1G:     4194304 kB
---SNAPSHOT---
2026-04-27 02:00:04
MemTotal:        8129240 kB
MemFree:         3599604 kB
MemAvailable:    3327920 kB
Buffers:            5928 kB
Cached:           304888 kB
SwapCached:       841860 kB
Active:          2293040 kB
Inactive:        1391444 kB
Active(anon):    2156408 kB
Inactive(anon):  1273164 kB
Active(file):     136632 kB
Inactive(file):   118280 kB
Unevictable:          16 kB
Mlocked:              16 kB
SwapTotal:       4194300 kB
SwapFree:        3231120 kB
Zswap:                 0 kB
Zswapped:              0 kB
Dirty:               212 kB
Writeback:         11824 kB
AnonPages:       2538096 kB
Mapped:           253520 kB
Shmem:             55964 kB
KReclaimable:      56804 kB
Slab:             321064 kB
SReclaimable:      56804 kB
SUnreclaim:       264260 kB
KernelStack:       19088 kB
PageTables:        61128 kB
SecPageTables:         0 kB
NFS_Unstable:          0 kB
Bounce:                0 kB
WritebackTmp:          0 kB
CommitLimit:     8258920 kB
Committed_AS:   12676740 kB
VmallocTotal:   34359738367 kB
VmallocUsed:       47320 kB
VmallocChunk:          0 kB
Percpu:            13280 kB
HardwareCorrupted:     0 kB
AnonHugePages:    210944 kB
ShmemHugePages:        0 kB
ShmemPmdMapped:        0 kB
FileHugePages:         0 kB
FilePmdMapped:         0 kB
CmaTotal:              0 kB
CmaFree:               0 kB
Unaccepted:            0 kB
Balloon:               0 kB
HugePages_Total:       0
HugePages_Free:        0
HugePages_Rsvd:        0
HugePages_Surp:        0
Hugepagesize:       2048 kB
Hugetlb:               0 kB
DirectMap4k:      194432 kB
DirectMap2M:     6096896 kB
DirectMap1G:     4194304 kB
---SNAPSHOT---
2026-04-27 02:00:05
MemTotal:        8129240 kB
MemFree:         3345416 kB
MemAvailable:    3073736 kB
Buffers:            5928 kB
Cached:           304892 kB
SwapCached:       857732 kB
Active:          2549696 kB
Inactive:        1407408 kB
Active(anon):    2413064 kB
Inactive(anon):  1289124 kB
Active(file):     136632 kB
Inactive(file):   118284 kB
Unevictable:          16 kB
Mlocked:              16 kB
SwapTotal:       4194300 kB
SwapFree:        3215248 kB
Zswap:                 0 kB
Zswapped:              0 kB
Dirty:               216 kB
Writeback:         11780 kB
AnonPages:       2794616 kB
Mapped:           253520 kB
Shmem:             55964 kB
KReclaimable:      56804 kB
Slab:             319796 kB
SReclaimable:      56804 kB
SUnreclaim:       262992 kB
KernelStack:       19088 kB
PageTables:        61860 kB
SecPageTables:         0 kB
NFS_Unstable:          0 kB
Bounce:                0 kB
WritebackTmp:          0 kB
CommitLimit:     8258920 kB
Committed_AS:   12395516 kB
VmallocTotal:   34359738367 kB
VmallocUsed:       47304 kB
VmallocChunk:          0 kB
Percpu:            13280 kB
HardwareCorrupted:     0 kB
AnonHugePages:    466944 kB
ShmemHugePages:        0 kB
ShmemPmdMapped:        0 kB
FileHugePages:         0 kB
FilePmdMapped:         0 kB
CmaTotal:              0 kB
CmaFree:               0 kB
Unaccepted:            0 kB
Balloon:               0 kB
HugePages_Total:       0
HugePages_Free:        0
HugePages_Rsvd:        0
HugePages_Surp:        0
Hugepagesize:       2048 kB
Hugetlb:               0 kB
DirectMap4k:      194432 kB
DirectMap2M:     6096896 kB
DirectMap1G:     4194304 kB
---SNAPSHOT---
2026-04-27 02:00:06
MemTotal:        8129240 kB
MemFree:         3286396 kB
MemAvailable:    3016664 kB
Buffers:            6224 kB
Cached:           308500 kB
SwapCached:       686488 kB
Active:          2791748 kB
Inactive:        1248156 kB
Active(anon):    2651552 kB
Inactive(anon):  1129536 kB
Active(file):     140196 kB
Inactive(file):   118620 kB
Unevictable:          16 kB
Mlocked:              16 kB
SwapTotal:       4194300 kB
SwapFree:        3386608 kB
Zswap:                 0 kB
Zswapped:              0 kB
Dirty:               380 kB
Writeback:           148 kB
AnonPages:       3042812 kB
Mapped:           253660 kB
Shmem:             55968 kB
KReclaimable:      56804 kB
Slab:             316836 kB
SReclaimable:      56804 kB
SUnreclaim:       260032 kB
KernelStack:       19104 kB
PageTables:        62416 kB
SecPageTables:         0 kB
NFS_Unstable:          0 kB
Bounce:                0 kB
WritebackTmp:          0 kB
CommitLimit:     8258920 kB
Committed_AS:   11832212 kB
VmallocTotal:   34359738367 kB
VmallocUsed:       47320 kB
VmallocChunk:          0 kB
Percpu:            13280 kB
HardwareCorrupted:     0 kB
AnonHugePages:    716800 kB
ShmemHugePages:        0 kB
ShmemPmdMapped:        0 kB
FileHugePages:         0 kB
FilePmdMapped:         0 kB
CmaTotal:              0 kB
CmaFree:               0 kB
Unaccepted:            0 kB
Balloon:               0 kB
HugePages_Total:       0
HugePages_Free:        0
HugePages_Rsvd:        0
HugePages_Surp:        0
Hugepagesize:       2048 kB
Hugetlb:               0 kB
DirectMap4k:      194432 kB
DirectMap2M:     6096896 kB
DirectMap1G:     4194304 kB
---SNAPSHOT---
2026-04-27 02:00:07
MemTotal:        8129240 kB
MemFree:         4218148 kB
MemAvailable:    3949124 kB
Buffers:            6516 kB
Cached:           309708 kB
SwapCached:        99612 kB
Active:          2475664 kB
Inactive:         661680 kB
Active(anon):    2334348 kB
Inactive(anon):   542768 kB
Active(file):     141316 kB
Inactive(file):   118912 kB
Unevictable:          16 kB
Mlocked:              16 kB
SwapTotal:       4194300 kB
SwapFree:        3973524 kB
Zswap:                 0 kB
Zswapped:              0 kB
Dirty:               384 kB
Writeback:             0 kB
AnonPages:       2725472 kB
Mapped:           253644 kB
Shmem:             55968 kB
KReclaimable:      56804 kB
Slab:             312180 kB
SReclaimable:      56804 kB
SUnreclaim:       255376 kB
KernelStack:       19044 kB
PageTables:        60440 kB
SecPageTables:         0 kB
NFS_Unstable:          0 kB
Bounce:                0 kB
WritebackTmp:          0 kB
CommitLimit:     8258920 kB
Committed_AS:   11770240 kB
VmallocTotal:   34359738367 kB
VmallocUsed:       47368 kB
VmallocChunk:          0 kB
Percpu:            13280 kB
HardwareCorrupted:     0 kB
AnonHugePages:    399360 kB
ShmemHugePages:        0 kB
ShmemPmdMapped:        0 kB
FileHugePages:         0 kB
FilePmdMapped:         0 kB
CmaTotal:              0 kB
CmaFree:               0 kB
Unaccepted:            0 kB
Balloon:               0 kB
HugePages_Total:       0
HugePages_Free:        0
HugePages_Rsvd:        0
HugePages_Surp:        0
Hugepagesize:       2048 kB
Hugetlb:               0 kB
DirectMap4k:      194432 kB
DirectMap2M:     6096896 kB
DirectMap1G:     4194304 kB
---SNAPSHOT---
2026-04-27 02:00:08
MemTotal:        8129240 kB
MemFree:         3707036 kB
MemAvailable:    3438064 kB
Buffers:            6516 kB
Cached:           309720 kB
SwapCached:        99456 kB
Active:          2997436 kB
Inactive:         661644 kB
Active(anon):    2856120 kB
Inactive(anon):   542628 kB
Active(file):     141316 kB
Inactive(file):   119016 kB
Unevictable:          16 kB
Mlocked:              16 kB
SwapTotal:       4194300 kB
SwapFree:        3973524 kB
Zswap:                 0 kB
Zswapped:              0 kB
Dirty:               460 kB
Writeback:             0 kB
AnonPages:       3247400 kB
Mapped:           253752 kB
Shmem:             55964 kB
KReclaimable:      56804 kB
Slab:             313844 kB
SReclaimable:      56804 kB
SUnreclaim:       257040 kB
KernelStack:       19104 kB
PageTables:        61268 kB
SecPageTables:         0 kB
NFS_Unstable:          0 kB
Bounce:                0 kB
WritebackTmp:          0 kB
CommitLimit:     8258920 kB
Committed_AS:   12046384 kB
VmallocTotal:   34359738367 kB
VmallocUsed:       47352 kB
VmallocChunk:          0 kB
Percpu:            13280 kB
HardwareCorrupted:     0 kB
AnonHugePages:    921600 kB
ShmemHugePages:        0 kB
ShmemPmdMapped:        0 kB
FileHugePages:         0 kB
FilePmdMapped:         0 kB
CmaTotal:              0 kB
CmaFree:               0 kB
Unaccepted:            0 kB
Balloon:               0 kB
HugePages_Total:       0
HugePages_Free:        0
HugePages_Rsvd:        0
HugePages_Surp:        0
Hugepagesize:       2048 kB
Hugetlb:               0 kB
DirectMap4k:      194432 kB
DirectMap2M:     6096896 kB
DirectMap1G:     4194304 kB
---SNAPSHOT---
2026-04-27 02:00:09
MemTotal:        8129240 kB
MemFree:         3158720 kB
MemAvailable:    2889748 kB
Buffers:            6648 kB
Cached:           309592 kB
SwapCached:        99456 kB
Active:          3523780 kB
Inactive:         661648 kB
Active(anon):    3382464 kB
Inactive(anon):   542628 kB
Active(file):     141316 kB
Inactive(file):   119020 kB
Unevictable:          16 kB
Mlocked:              16 kB
SwapTotal:       4194300 kB
SwapFree:        3973524 kB
Zswap:                 0 kB
Zswapped:              0 kB
Dirty:               464 kB
Writeback:             0 kB
AnonPages:       3773792 kB
Mapped:           253524 kB
Shmem:             55964 kB
KReclaimable:      56804 kB
Slab:             317136 kB
SReclaimable:      56804 kB
SUnreclaim:       260332 kB
KernelStack:       19104 kB
PageTables:        62704 kB
SecPageTables:         0 kB
NFS_Unstable:          0 kB
Bounce:                0 kB
WritebackTmp:          0 kB
CommitLimit:     8258920 kB
Committed_AS:   12410304 kB
VmallocTotal:   34359738367 kB
VmallocUsed:       47336 kB
VmallocChunk:          0 kB
Percpu:            13280 kB
HardwareCorrupted:     0 kB
AnonHugePages:   1447936 kB
ShmemHugePages:        0 kB
ShmemPmdMapped:        0 kB
FileHugePages:         0 kB
FilePmdMapped:         0 kB
CmaTotal:              0 kB
CmaFree:               0 kB
Unaccepted:            0 kB
Balloon:               0 kB
HugePages_Total:       0
HugePages_Free:        0
HugePages_Rsvd:        0
HugePages_Surp:        0
Hugepagesize:       2048 kB
Hugetlb:               0 kB
DirectMap4k:      194432 kB
DirectMap2M:     6096896 kB
DirectMap1G:     4194304 kB
---SNAPSHOT---
2026-04-27 02:00:10
MemTotal:        8129240 kB
MemFree:         4179976 kB
MemAvailable:    3911076 kB
Buffers:            6648 kB
Cached:           309732 kB
SwapCached:        99456 kB
Active:          2514304 kB
Inactive:         661788 kB
Active(anon):    2372988 kB
Inactive(anon):   542628 kB
Active(file):     141316 kB
Inactive(file):   119160 kB
Unevictable:          16 kB
Mlocked:              16 kB
SwapTotal:       4194300 kB
SwapFree:        3973524 kB
Zswap:                 0 kB
Zswapped:              0 kB
Dirty:               472 kB
Writeback:             0 kB
AnonPages:       2764300 kB
Mapped:           253524 kB
Shmem:             55964 kB
KReclaimable:      56804 kB
Slab:             317004 kB
SReclaimable:      56804 kB
SUnreclaim:       260200 kB
KernelStack:       19104 kB
PageTables:        60564 kB
SecPageTables:         0 kB
NFS_Unstable:          0 kB
Bounce:                0 kB
WritebackTmp:          0 kB
CommitLimit:     8258920 kB
Committed_AS:   12376744 kB
VmallocTotal:   34359738367 kB
VmallocUsed:       47336 kB
VmallocChunk:          0 kB
Percpu:            13280 kB
HardwareCorrupted:     0 kB
AnonHugePages:    438272 kB
ShmemHugePages:        0 kB
ShmemPmdMapped:        0 kB
FileHugePages:         0 kB
FilePmdMapped:         0 kB
CmaTotal:              0 kB
CmaFree:               0 kB
Unaccepted:            0 kB
Balloon:               0 kB
HugePages_Total:       0
HugePages_Free:        0
HugePages_Rsvd:        0
HugePages_Surp:        0
Hugepagesize:       2048 kB
Hugetlb:               0 kB
DirectMap4k:      194432 kB
DirectMap2M:     6096896 kB
DirectMap1G:     4194304 kB
---SNAPSHOT---
2026-04-27 02:00:11
MemTotal:        8129240 kB
MemFree:         3695268 kB
MemAvailable:    3426372 kB
Buffers:            6656 kB
Cached:           309732 kB
SwapCached:        99456 kB
Active:          3016096 kB
Inactive:         661796 kB
Active(anon):    2874780 kB
Inactive(anon):   542628 kB
Active(file):     141316 kB
Inactive(file):   119168 kB
Unevictable:          16 kB
Mlocked:              16 kB
SwapTotal:       4194300 kB
SwapFree:        3973524 kB
Zswap:                 0 kB
Zswapped:              0 kB
Dirty:               480 kB
Writeback:             0 kB
AnonPages:       3266060 kB
Mapped:           253524 kB
Shmem:             55964 kB
KReclaimable:      56804 kB
Slab:             314348 kB
SReclaimable:      56804 kB
SUnreclaim:       257544 kB
KernelStack:       19104 kB
PageTables:        61576 kB
SecPageTables:         0 kB
NFS_Unstable:          0 kB
Bounce:                0 kB
WritebackTmp:          0 kB
CommitLimit:     8258920 kB
Committed_AS:   12553300 kB
VmallocTotal:   34359738367 kB
VmallocUsed:       47320 kB
VmallocChunk:          0 kB
Percpu:            13280 kB
HardwareCorrupted:     0 kB
AnonHugePages:    940032 kB
ShmemHugePages:        0 kB
ShmemPmdMapped:        0 kB
FileHugePages:         0 kB
FilePmdMapped:         0 kB
CmaTotal:              0 kB
CmaFree:               0 kB
Unaccepted:            0 kB
Balloon:               0 kB
HugePages_Total:       0
HugePages_Free:        0
HugePages_Rsvd:        0
HugePages_Surp:        0
Hugepagesize:       2048 kB
Hugetlb:               0 kB
DirectMap4k:      194432 kB
DirectMap2M:     6096896 kB
DirectMap1G:     4194304 kB
---SNAPSHOT---
2026-04-27 02:00:12
MemTotal:        8129240 kB
MemFree:         3170364 kB
MemAvailable:    2901472 kB
Buffers:            6656 kB
Cached:           309744 kB
SwapCached:        99456 kB
Active:          3530068 kB
Inactive:         661808 kB
Active(anon):    3388752 kB
Inactive(anon):   542628 kB
Active(file):     141316 kB
Inactive(file):   119180 kB
Unevictable:         232 kB
Mlocked:             244 kB
SwapTotal:       4194300 kB
SwapFree:        3973524 kB
Zswap:                 0 kB
Zswapped:              0 kB
Dirty:               492 kB
Writeback:             0 kB
AnonPages:       3780160 kB
Mapped:           253524 kB
Shmem:             55964 kB
KReclaimable:      56804 kB
Slab:             313216 kB
SReclaimable:      56804 kB
SUnreclaim:       256412 kB
KernelStack:       19104 kB
PageTables:        62272 kB
SecPageTables:         0 kB
NFS_Unstable:          0 kB
Bounce:                0 kB
WritebackTmp:          0 kB
CommitLimit:     8258920 kB
Committed_AS:   11918496 kB
VmallocTotal:   34359738367 kB
VmallocUsed:       47368 kB
VmallocChunk:          0 kB
Percpu:            13280 kB
HardwareCorrupted:     0 kB
AnonHugePages:   1454080 kB
ShmemHugePages:        0 kB
ShmemPmdMapped:        0 kB
FileHugePages:         0 kB
FilePmdMapped:         0 kB
CmaTotal:              0 kB
CmaFree:               0 kB
Unaccepted:            0 kB
Balloon:               0 kB
HugePages_Total:       0
HugePages_Free:        0
HugePages_Rsvd:        0
HugePages_Surp:        0
Hugepagesize:       2048 kB
Hugetlb:               0 kB
DirectMap4k:      194432 kB
DirectMap2M:     6096896 kB
DirectMap1G:     4194304 kB
---SNAPSHOT---
2026-04-27 02:00:13
MemTotal:        8129240 kB
MemFree:         4182752 kB
MemAvailable:    3913864 kB
Buffers:            6656 kB
Cached:           309752 kB
SwapCached:        99456 kB
Active:          2512412 kB
Inactive:         661816 kB
Active(anon):    2371096 kB
Inactive(anon):   542628 kB
Active(file):     141316 kB
Inactive(file):   119188 kB
Unevictable:         232 kB
Mlocked:             112 kB
SwapTotal:       4194300 kB
SwapFree:        3973524 kB
Zswap:                 0 kB
Zswapped:              0 kB
Dirty:               500 kB
Writeback:             0 kB
AnonPages:       2762532 kB
Mapped:           253524 kB
Shmem:             55964 kB
KReclaimable:      56804 kB
Slab:             311328 kB
SReclaimable:      56804 kB
SUnreclaim:       254524 kB
KernelStack:       19104 kB
PageTables:        61684 kB
SecPageTables:         0 kB
NFS_Unstable:          0 kB
Bounce:                0 kB
WritebackTmp:          0 kB
CommitLimit:     8258920 kB
Committed_AS:   12288688 kB
VmallocTotal:   34359738367 kB
VmallocUsed:       47320 kB
VmallocChunk:          0 kB
Percpu:            13280 kB
HardwareCorrupted:     0 kB
AnonHugePages:    436224 kB
ShmemHugePages:        0 kB
ShmemPmdMapped:        0 kB
FileHugePages:         0 kB
FilePmdMapped:         0 kB
CmaTotal:              0 kB
CmaFree:               0 kB
Unaccepted:            0 kB
Balloon:               0 kB
HugePages_Total:       0
HugePages_Free:        0
HugePages_Rsvd:        0
HugePages_Surp:        0
Hugepagesize:       2048 kB
Hugetlb:               0 kB
DirectMap4k:      194432 kB
DirectMap2M:     6096896 kB
DirectMap1G:     4194304 kB
---SNAPSHOT---
2026-04-27 02:00:14
MemTotal:        8129240 kB
MemFree:         3687300 kB
MemAvailable:    3418412 kB
Buffers:            6656 kB
Cached:           309756 kB
SwapCached:        99456 kB
Active:          3028500 kB
Inactive:         661816 kB
Active(anon):    2887184 kB
Inactive(anon):   542628 kB
Active(file):     141316 kB
Inactive(file):   119188 kB
Unevictable:         112 kB
Mlocked:             112 kB
SwapTotal:       4194300 kB
SwapFree:        3973524 kB
Zswap:                 0 kB
Zswapped:              0 kB
Dirty:               504 kB
Writeback:             0 kB
AnonPages:       3278352 kB
Mapped:           253752 kB
Shmem:             55964 kB
KReclaimable:      56804 kB
Slab:             317556 kB
SReclaimable:      56804 kB
SUnreclaim:       260752 kB
KernelStack:       19104 kB
PageTables:        62172 kB
SecPageTables:         0 kB
NFS_Unstable:          0 kB
Bounce:                0 kB
WritebackTmp:          0 kB
CommitLimit:     8258920 kB
Committed_AS:   12314424 kB
VmallocTotal:   34359738367 kB
VmallocUsed:       47352 kB
VmallocChunk:          0 kB
Percpu:            13280 kB
HardwareCorrupted:     0 kB
AnonHugePages:    952320 kB
ShmemHugePages:        0 kB
ShmemPmdMapped:        0 kB
FileHugePages:         0 kB
FilePmdMapped:         0 kB
CmaTotal:              0 kB
CmaFree:               0 kB
Unaccepted:            0 kB
Balloon:               0 kB
HugePages_Total:       0
HugePages_Free:        0
HugePages_Rsvd:        0
HugePages_Surp:        0
Hugepagesize:       2048 kB
Hugetlb:               0 kB
DirectMap4k:      194432 kB
DirectMap2M:     6096896 kB
DirectMap1G:     4194304 kB
---SNAPSHOT---
2026-04-27 02:00:15
MemTotal:        8129240 kB
MemFree:         3123852 kB
MemAvailable:    2854968 kB
Buffers:            6656 kB
Cached:           309760 kB
SwapCached:        99456 kB
Active:          3554724 kB
Inactive:         661824 kB
Active(anon):    3413408 kB
Inactive(anon):   542628 kB
Active(file):     141316 kB
Inactive(file):   119196 kB
Unevictable:          16 kB
Mlocked:              16 kB
SwapTotal:       4194300 kB
SwapFree:        3973524 kB
Zswap:                 0 kB
Zswapped:              0 kB
Dirty:               508 kB
Writeback:             0 kB
AnonPages:       3804460 kB
Mapped:           253524 kB
Shmem:             55964 kB
KReclaimable:      56804 kB
Slab:             311876 kB
SReclaimable:      56804 kB
SUnreclaim:       255072 kB
KernelStack:       19104 kB
PageTables:        62436 kB
SecPageTables:         0 kB
NFS_Unstable:          0 kB
Bounce:                0 kB
WritebackTmp:          0 kB
CommitLimit:     8258920 kB
Committed_AS:   12182888 kB
VmallocTotal:   34359738367 kB
VmallocUsed:       47320 kB
VmallocChunk:          0 kB
Percpu:            13280 kB
HardwareCorrupted:     0 kB
AnonHugePages:   1478656 kB
ShmemHugePages:        0 kB
ShmemPmdMapped:        0 kB
FileHugePages:         0 kB
FilePmdMapped:         0 kB
CmaTotal:              0 kB
CmaFree:               0 kB
Unaccepted:            0 kB
Balloon:               0 kB
HugePages_Total:       0
HugePages_Free:        0
HugePages_Rsvd:        0
HugePages_Surp:        0
Hugepagesize:       2048 kB
Hugetlb:               0 kB
DirectMap4k:      194432 kB
DirectMap2M:     6096896 kB
DirectMap1G:     4194304 kB
---SNAPSHOT---
2026-04-27 02:00:16
MemTotal:        8129240 kB
MemFree:         4193060 kB
MemAvailable:    3924184 kB
Buffers:            6676 kB
Cached:           309764 kB
SwapCached:        99456 kB
Active:          2508008 kB
Inactive:         661836 kB
Active(anon):    2366688 kB
Inactive(anon):   542628 kB
Active(file):     141320 kB
Inactive(file):   119208 kB
Unevictable:          16 kB
Mlocked:              16 kB
SwapTotal:       4194300 kB
SwapFree:        3973524 kB
Zswap:                 0 kB
Zswapped:              0 kB
Dirty:               556 kB
Writeback:             0 kB
AnonPages:       2760020 kB
Mapped:           253524 kB
Shmem:             55964 kB
KReclaimable:      56804 kB
Slab:             314076 kB
SReclaimable:      56804 kB
SUnreclaim:       257272 kB
KernelStack:       19116 kB
PageTables:        60740 kB
SecPageTables:         0 kB
NFS_Unstable:          0 kB
Bounce:                0 kB
WritebackTmp:          0 kB
CommitLimit:     8258920 kB
Committed_AS:   12301308 kB
VmallocTotal:   34359738367 kB
VmallocUsed:       47320 kB
VmallocChunk:          0 kB
Percpu:            13280 kB
HardwareCorrupted:     0 kB
AnonHugePages:    434176 kB
ShmemHugePages:        0 kB
ShmemPmdMapped:        0 kB
FileHugePages:         0 kB
FilePmdMapped:         0 kB
CmaTotal:              0 kB
CmaFree:               0 kB
Unaccepted:            0 kB
Balloon:               0 kB
HugePages_Total:       0
HugePages_Free:        0
HugePages_Rsvd:        0
HugePages_Surp:        0
Hugepagesize:       2048 kB
Hugetlb:               0 kB
DirectMap4k:      194432 kB
DirectMap2M:     6096896 kB
DirectMap1G:     4194304 kB
---SNAPSHOT---
2026-04-27 02:00:17
MemTotal:        8129240 kB
MemFree:         3671908 kB
MemAvailable:    3403040 kB
Buffers:            6676 kB
Cached:           309776 kB
SwapCached:        99456 kB
Active:          3030532 kB
Inactive:         661848 kB
Active(anon):    2889212 kB
Inactive(anon):   542628 kB
Active(file):     141320 kB
Inactive(file):   119220 kB
Unevictable:          16 kB
Mlocked:              16 kB
SwapTotal:       4194300 kB
SwapFree:        3973524 kB
Zswap:                 0 kB
Zswapped:              0 kB
Dirty:               248 kB
Writeback:             0 kB
AnonPages:       3280500 kB
Mapped:           253768 kB
Shmem:             55964 kB
KReclaimable:      56804 kB
Slab:             314784 kB
SReclaimable:      56804 kB
SUnreclaim:       257980 kB
KernelStack:       19120 kB
PageTables:        61292 kB
SecPageTables:         0 kB
NFS_Unstable:          0 kB
Bounce:                0 kB
WritebackTmp:          0 kB
CommitLimit:     8258920 kB
Committed_AS:   12051380 kB
VmallocTotal:   34359738367 kB
VmallocUsed:       47336 kB
VmallocChunk:          0 kB
Percpu:            13280 kB
HardwareCorrupted:     0 kB
AnonHugePages:    954368 kB
ShmemHugePages:        0 kB
ShmemPmdMapped:        0 kB
FileHugePages:         0 kB
FilePmdMapped:         0 kB
CmaTotal:              0 kB
CmaFree:               0 kB
Unaccepted:            0 kB
Balloon:               0 kB
HugePages_Total:       0
HugePages_Free:        0
HugePages_Rsvd:        0
HugePages_Surp:        0
Hugepagesize:       2048 kB
Hugetlb:               0 kB
DirectMap4k:      194432 kB
DirectMap2M:     6096896 kB
DirectMap1G:     4194304 kB
---SNAPSHOT---
2026-04-27 02:00:18
MemTotal:        8129240 kB
MemFree:         3148924 kB
MemAvailable:    2880064 kB
Buffers:            6676 kB
Cached:           309784 kB
SwapCached:        99456 kB
Active:          3534332 kB
Inactive:         661864 kB
Active(anon):    3393012 kB
Inactive(anon):   542628 kB
Active(file):     141320 kB
Inactive(file):   119236 kB
Unevictable:         232 kB
Mlocked:             244 kB
SwapTotal:       4194300 kB
SwapFree:        3973524 kB
Zswap:                 0 kB
Zswapped:              0 kB
Dirty:               256 kB
Writeback:             0 kB
AnonPages:       3784220 kB
Mapped:           253524 kB
Shmem:             55964 kB
KReclaimable:      56804 kB
Slab:             314596 kB
SReclaimable:      56804 kB
SUnreclaim:       257792 kB
KernelStack:       19044 kB
PageTables:        62244 kB
SecPageTables:         0 kB
NFS_Unstable:          0 kB
Bounce:                0 kB
WritebackTmp:          0 kB
CommitLimit:     8258920 kB
Committed_AS:   11936832 kB
VmallocTotal:   34359738367 kB
VmallocUsed:       47336 kB
VmallocChunk:          0 kB
Percpu:            13280 kB
HardwareCorrupted:     0 kB
AnonHugePages:   1458176 kB
ShmemHugePages:        0 kB
ShmemPmdMapped:        0 kB
FileHugePages:         0 kB
FilePmdMapped:         0 kB
CmaTotal:              0 kB
CmaFree:               0 kB
Unaccepted:            0 kB
Balloon:               0 kB
HugePages_Total:       0
HugePages_Free:        0
HugePages_Rsvd:        0
HugePages_Surp:        0
Hugepagesize:       2048 kB
Hugetlb:               0 kB
DirectMap4k:      194432 kB
DirectMap2M:     6096896 kB
DirectMap1G:     4194304 kB
---SNAPSHOT---
2026-04-27 02:00:19
MemTotal:        8129240 kB
MemFree:         4208048 kB
MemAvailable:    3939188 kB
Buffers:            6676 kB
Cached:           309788 kB
SwapCached:        99456 kB
Active:          2497756 kB
Inactive:         661868 kB
Active(anon):    2356436 kB
Inactive(anon):   542628 kB
Active(file):     141320 kB
Inactive(file):   119240 kB
Unevictable:         112 kB
Mlocked:             112 kB
SwapTotal:       4194300 kB
SwapFree:        3973524 kB
Zswap:                 0 kB
Zswapped:              0 kB
Dirty:               260 kB
Writeback:             0 kB
AnonPages:       2747828 kB
Mapped:           253524 kB
Shmem:             55964 kB
KReclaimable:      56804 kB
Slab:             316256 kB
SReclaimable:      56804 kB
SUnreclaim:       259452 kB
KernelStack:       19088 kB
PageTables:        60484 kB
SecPageTables:         0 kB
NFS_Unstable:          0 kB
Bounce:                0 kB
WritebackTmp:          0 kB
CommitLimit:     8258920 kB
Committed_AS:   11626700 kB
VmallocTotal:   34359738367 kB
VmallocUsed:       47320 kB
VmallocChunk:          0 kB
Percpu:            13280 kB
HardwareCorrupted:     0 kB
AnonHugePages:    421888 kB
ShmemHugePages:        0 kB
ShmemPmdMapped:        0 kB
FileHugePages:         0 kB
FilePmdMapped:         0 kB
CmaTotal:              0 kB
CmaFree:               0 kB
Unaccepted:            0 kB
Balloon:               0 kB
HugePages_Total:       0
HugePages_Free:        0
HugePages_Rsvd:        0
HugePages_Surp:        0
Hugepagesize:       2048 kB
Hugetlb:               0 kB
DirectMap4k:      194432 kB
DirectMap2M:     6096896 kB
DirectMap1G:     4194304 kB
---SNAPSHOT---
2026-04-27 02:00:20
MemTotal:        8129240 kB
MemFree:         3698944 kB
MemAvailable:    3430088 kB
Buffers:            6676 kB
Cached:           309796 kB
SwapCached:        99456 kB
Active:          3013104 kB
Inactive:         661876 kB
Active(anon):    2871784 kB
Inactive(anon):   542628 kB
Active(file):     141320 kB
Inactive(file):   119248 kB
Unevictable:         112 kB
Mlocked:             112 kB
SwapTotal:       4194300 kB
SwapFree:        3973524 kB
Zswap:                 0 kB
Zswapped:              0 kB
Dirty:               268 kB
Writeback:             0 kB
AnonPages:       3263212 kB
Mapped:           253524 kB
Shmem:             55964 kB
KReclaimable:      56804 kB
Slab:             318568 kB
SReclaimable:      56804 kB
SUnreclaim:       261764 kB
KernelStack:       19104 kB
PageTables:        61048 kB
SecPageTables:         0 kB
NFS_Unstable:          0 kB
Bounce:                0 kB
WritebackTmp:          0 kB
CommitLimit:     8258920 kB
Committed_AS:   12762468 kB
VmallocTotal:   34359738367 kB
VmallocUsed:       47352 kB
VmallocChunk:          0 kB
Percpu:            13280 kB
HardwareCorrupted:     0 kB
AnonHugePages:    937984 kB
ShmemHugePages:        0 kB
ShmemPmdMapped:        0 kB
FileHugePages:         0 kB
FilePmdMapped:         0 kB
CmaTotal:              0 kB
CmaFree:               0 kB
Unaccepted:            0 kB
Balloon:               0 kB
HugePages_Total:       0
HugePages_Free:        0
HugePages_Rsvd:        0
HugePages_Surp:        0
Hugepagesize:       2048 kB
Hugetlb:               0 kB
DirectMap4k:      194432 kB
DirectMap2M:     6096896 kB
DirectMap1G:     4194304 kB
---SNAPSHOT---
2026-04-27 02:00:21
MemTotal:        8129240 kB
MemFree:         3175864 kB
MemAvailable:    2907032 kB
Buffers:            6700 kB
Cached:           309820 kB
SwapCached:        99456 kB
Active:          3520948 kB
Inactive:         661924 kB
Active(anon):    3379628 kB
Inactive(anon):   542628 kB
Active(file):     141320 kB
Inactive(file):   119296 kB
Unevictable:         112 kB
Mlocked:             112 kB
SwapTotal:       4194300 kB
SwapFree:        3973524 kB
Zswap:                 0 kB
Zswapped:              0 kB
Dirty:                56 kB
Writeback:             0 kB
AnonPages:       3770840 kB
Mapped:           253524 kB
Shmem:             55964 kB
KReclaimable:      56804 kB
Slab:             318616 kB
SReclaimable:      56804 kB
SUnreclaim:       261812 kB
KernelStack:       19088 kB
PageTables:        62004 kB
SecPageTables:         0 kB
NFS_Unstable:          0 kB
Bounce:                0 kB
WritebackTmp:          0 kB
CommitLimit:     8258920 kB
Committed_AS:   12138648 kB
VmallocTotal:   34359738367 kB
VmallocUsed:       47320 kB
VmallocChunk:          0 kB
Percpu:            13280 kB
HardwareCorrupted:     0 kB
AnonHugePages:   1445888 kB
ShmemHugePages:        0 kB
ShmemPmdMapped:        0 kB
FileHugePages:         0 kB
FilePmdMapped:         0 kB
CmaTotal:              0 kB
CmaFree:               0 kB
Unaccepted:            0 kB
Balloon:               0 kB
HugePages_Total:       0
HugePages_Free:        0
HugePages_Rsvd:        0
HugePages_Surp:        0
Hugepagesize:       2048 kB
Hugetlb:               0 kB
DirectMap4k:      194432 kB
DirectMap2M:     6096896 kB
DirectMap1G:     4194304 kB
---SNAPSHOT---
2026-04-27 02:00:22
MemTotal:        8129240 kB
MemFree:         4226236 kB
MemAvailable:    3957412 kB
Buffers:            6700 kB
Cached:           309832 kB
SwapCached:        99456 kB
Active:          2482840 kB
Inactive:         661936 kB
Active(anon):    2341520 kB
Inactive(anon):   542628 kB
Active(file):     141320 kB
Inactive(file):   119308 kB
Unevictable:          16 kB
Mlocked:              16 kB
SwapTotal:       4194300 kB
SwapFree:        3973524 kB
Zswap:                 0 kB
Zswapped:              0 kB
Dirty:                96 kB
Writeback:             0 kB
AnonPages:       2732804 kB
Mapped:           253524 kB
Shmem:             55964 kB
KReclaimable:      56804 kB
Slab:             316020 kB
SReclaimable:      56804 kB
SUnreclaim:       259216 kB
KernelStack:       19044 kB
PageTables:        60424 kB
SecPageTables:         0 kB
NFS_Unstable:          0 kB
Bounce:                0 kB
WritebackTmp:          0 kB
CommitLimit:     8258920 kB
Committed_AS:   12104796 kB
VmallocTotal:   34359738367 kB
VmallocUsed:       47336 kB
VmallocChunk:          0 kB
Percpu:            13280 kB
HardwareCorrupted:     0 kB
AnonHugePages:    407552 kB
ShmemHugePages:        0 kB
ShmemPmdMapped:        0 kB
FileHugePages:         0 kB
FilePmdMapped:         0 kB
CmaTotal:              0 kB
CmaFree:               0 kB
Unaccepted:            0 kB
Balloon:               0 kB
HugePages_Total:       0
HugePages_Free:        0
HugePages_Rsvd:        0
HugePages_Surp:        0
Hugepagesize:       2048 kB
Hugetlb:               0 kB
DirectMap4k:      194432 kB
DirectMap2M:     6096896 kB
DirectMap1G:     4194304 kB
---SNAPSHOT---
2026-04-27 02:00:23
MemTotal:        8129240 kB
MemFree:         3702492 kB
MemAvailable:    3433676 kB
Buffers:            6704 kB
Cached:           309848 kB
SwapCached:        99456 kB
Active:          3011400 kB
Inactive:         661952 kB
Active(anon):    2870076 kB
Inactive(anon):   542628 kB
Active(file):     141324 kB
Inactive(file):   119324 kB
Unevictable:          16 kB
Mlocked:              16 kB
SwapTotal:       4194300 kB
SwapFree:        3973524 kB
Zswap:                 0 kB
Zswapped:              0 kB
Dirty:               108 kB
Writeback:             0 kB
AnonPages:       3261420 kB
Mapped:           253524 kB
Shmem:             55964 kB
KReclaimable:      56804 kB
Slab:             316196 kB
SReclaimable:      56804 kB
SUnreclaim:       259392 kB
KernelStack:       19104 kB
PageTables:        61252 kB
SecPageTables:         0 kB
NFS_Unstable:          0 kB
Bounce:                0 kB
WritebackTmp:          0 kB
CommitLimit:     8258920 kB
Committed_AS:   11755008 kB
VmallocTotal:   34359738367 kB
VmallocUsed:       47288 kB
VmallocChunk:          0 kB
Percpu:            13280 kB
HardwareCorrupted:     0 kB
AnonHugePages:    935936 kB
ShmemHugePages:        0 kB
ShmemPmdMapped:        0 kB
FileHugePages:         0 kB
FilePmdMapped:         0 kB
CmaTotal:              0 kB
CmaFree:               0 kB
Unaccepted:            0 kB
Balloon:               0 kB
HugePages_Total:       0
HugePages_Free:        0
HugePages_Rsvd:        0
HugePages_Surp:        0
Hugepagesize:       2048 kB
Hugetlb:               0 kB
DirectMap4k:      194432 kB
DirectMap2M:     6096896 kB
DirectMap1G:     4194304 kB
---SNAPSHOT---
2026-04-27 02:00:24
MemTotal:        8129240 kB
MemFree:         3220204 kB
MemAvailable:    2951392 kB
Buffers:            6704 kB
Cached:           309852 kB
SwapCached:        99456 kB
Active:          3484452 kB
Inactive:         661956 kB
Active(anon):    3343128 kB
Inactive(anon):   542628 kB
Active(file):     141324 kB
Inactive(file):   119328 kB
Unevictable:          16 kB
Mlocked:              16 kB
SwapTotal:       4194300 kB
SwapFree:        3973524 kB
Zswap:                 0 kB
Zswapped:              0 kB
Dirty:               112 kB
Writeback:             0 kB
AnonPages:       3734412 kB
Mapped:           253524 kB
Shmem:             55964 kB
KReclaimable:      56804 kB
Slab:             316276 kB
SReclaimable:      56804 kB
SUnreclaim:       259472 kB
KernelStack:       19088 kB
PageTables:        62392 kB
SecPageTables:         0 kB
NFS_Unstable:          0 kB
Bounce:                0 kB
WritebackTmp:          0 kB
CommitLimit:     8258920 kB
Committed_AS:   12296056 kB
VmallocTotal:   34359738367 kB
VmallocUsed:       47272 kB
VmallocChunk:          0 kB
Percpu:            13280 kB
HardwareCorrupted:     0 kB
AnonHugePages:   1409024 kB
ShmemHugePages:        0 kB
ShmemPmdMapped:        0 kB
FileHugePages:         0 kB
FilePmdMapped:         0 kB
CmaTotal:              0 kB
CmaFree:               0 kB
Unaccepted:            0 kB
Balloon:               0 kB
HugePages_Total:       0
HugePages_Free:        0
HugePages_Rsvd:        0
HugePages_Surp:        0
Hugepagesize:       2048 kB
Hugetlb:               0 kB
DirectMap4k:      194432 kB
DirectMap2M:     6096896 kB
DirectMap1G:     4194304 kB
---SNAPSHOT---
2026-04-27 02:00:25
MemTotal:        8129240 kB
MemFree:         4220512 kB
MemAvailable:    3951700 kB
Buffers:            6704 kB
Cached:           309856 kB
SwapCached:        99456 kB
Active:          2456500 kB
Inactive:         661960 kB
Active(anon):    2315176 kB
Inactive(anon):   542628 kB
Active(file):     141324 kB
Inactive(file):   119332 kB
Unevictable:          16 kB
Mlocked:              16 kB
SwapTotal:       4194300 kB
SwapFree:        3973524 kB
Zswap:                 0 kB
Zswapped:              0 kB
Dirty:               116 kB
Writeback:             0 kB
AnonPages:       2706260 kB
Mapped:           253524 kB
Shmem:             55964 kB
KReclaimable:      56804 kB
Slab:             318096 kB
SReclaimable:      56804 kB
SUnreclaim:       261292 kB
KernelStack:       19044 kB
PageTables:        60140 kB
SecPageTables:         0 kB
NFS_Unstable:          0 kB
Bounce:                0 kB
WritebackTmp:          0 kB
CommitLimit:     8258920 kB
Committed_AS:   12449404 kB
VmallocTotal:   34359738367 kB
VmallocUsed:       47320 kB
VmallocChunk:          0 kB
Percpu:            13280 kB
HardwareCorrupted:     0 kB
AnonHugePages:    380928 kB
ShmemHugePages:        0 kB
ShmemPmdMapped:        0 kB
FileHugePages:         0 kB
FilePmdMapped:         0 kB
CmaTotal:              0 kB
CmaFree:               0 kB
Unaccepted:            0 kB
Balloon:               0 kB
HugePages_Total:       0
HugePages_Free:        0
HugePages_Rsvd:        0
HugePages_Surp:        0
Hugepagesize:       2048 kB
Hugetlb:               0 kB
DirectMap4k:      194432 kB
DirectMap2M:     6096896 kB
DirectMap1G:     4194304 kB
---SNAPSHOT---
2026-04-27 02:00:26
MemTotal:        8129240 kB
MemFree:         3719544 kB
MemAvailable:    3450736 kB
Buffers:            6712 kB
Cached:           309856 kB
SwapCached:        99456 kB
Active:          2968188 kB
Inactive:         661968 kB
Active(anon):    2826864 kB
Inactive(anon):   542628 kB
Active(file):     141324 kB
Inactive(file):   119340 kB
Unevictable:          16 kB
Mlocked:              16 kB
SwapTotal:       4194300 kB
SwapFree:        3973524 kB
Zswap:                 0 kB
Zswapped:              0 kB
Dirty:               120 kB
Writeback:             0 kB
AnonPages:       3218144 kB
Mapped:           253524 kB
Shmem:             55964 kB
KReclaimable:      56804 kB
Slab:             317140 kB
SReclaimable:      56804 kB
SUnreclaim:       260336 kB
KernelStack:       19104 kB
PageTables:        61400 kB
SecPageTables:         0 kB
NFS_Unstable:          0 kB
Bounce:                0 kB
WritebackTmp:          0 kB
CommitLimit:     8258920 kB
Committed_AS:   12382936 kB
VmallocTotal:   34359738367 kB
VmallocUsed:       47272 kB
VmallocChunk:          0 kB
Percpu:            13280 kB
HardwareCorrupted:     0 kB
AnonHugePages:    892928 kB
ShmemHugePages:        0 kB
ShmemPmdMapped:        0 kB
FileHugePages:         0 kB
FilePmdMapped:         0 kB
CmaTotal:              0 kB
CmaFree:               0 kB
Unaccepted:            0 kB
Balloon:               0 kB
HugePages_Total:       0
HugePages_Free:        0
HugePages_Rsvd:        0
HugePages_Surp:        0
Hugepagesize:       2048 kB
Hugetlb:               0 kB
DirectMap4k:      194432 kB
DirectMap2M:     6096896 kB
DirectMap1G:     4194304 kB
---SNAPSHOT---
2026-04-27 02:00:27
MemTotal:        8129240 kB
MemFree:         3237036 kB
MemAvailable:    2968236 kB
Buffers:            6712 kB
Cached:           309868 kB
SwapCached:        99456 kB
Active:          3490472 kB
Inactive:         661980 kB
Active(anon):    3349148 kB
Inactive(anon):   542628 kB
Active(file):     141324 kB
Inactive(file):   119352 kB
Unevictable:          16 kB
Mlocked:              16 kB
SwapTotal:       4194300 kB
SwapFree:        3973524 kB
Zswap:                 0 kB
Zswapped:              0 kB
Dirty:               124 kB
Writeback:             0 kB
AnonPages:       3740528 kB
Mapped:           253524 kB
Shmem:             55964 kB
KReclaimable:      56804 kB
Slab:             317240 kB
SReclaimable:      56804 kB
SUnreclaim:       260436 kB
KernelStack:       19104 kB
PageTables:        62340 kB
SecPageTables:         0 kB
NFS_Unstable:          0 kB
Bounce:                0 kB
WritebackTmp:          0 kB
CommitLimit:     8258920 kB
Committed_AS:   12005668 kB
VmallocTotal:   34359738367 kB
VmallocUsed:       47272 kB
VmallocChunk:          0 kB
Percpu:            13280 kB
HardwareCorrupted:     0 kB
AnonHugePages:   1415168 kB
ShmemHugePages:        0 kB
ShmemPmdMapped:        0 kB
FileHugePages:         0 kB
FilePmdMapped:         0 kB
CmaTotal:              0 kB
CmaFree:               0 kB
Unaccepted:            0 kB
Balloon:               0 kB
HugePages_Total:       0
HugePages_Free:        0
HugePages_Rsvd:        0
HugePages_Surp:        0
Hugepagesize:       2048 kB
Hugetlb:               0 kB
DirectMap4k:      194432 kB
DirectMap2M:     6096896 kB
DirectMap1G:     4194304 kB
---SNAPSHOT---
2026-04-27 02:00:28
MemTotal:        8129240 kB
MemFree:         4279520 kB
MemAvailable:    4010724 kB
Buffers:            6712 kB
Cached:           309876 kB
SwapCached:        99456 kB
Active:          2466404 kB
Inactive:         661988 kB
Active(anon):    2325080 kB
Inactive(anon):   542628 kB
Active(file):     141324 kB
Inactive(file):   119360 kB
Unevictable:          16 kB
Mlocked:              16 kB
SwapTotal:       4194300 kB
SwapFree:        3973524 kB
Zswap:                 0 kB
Zswapped:              0 kB
Dirty:               132 kB
Writeback:             0 kB
AnonPages:       2716432 kB
Mapped:           253524 kB
Shmem:             55964 kB
KReclaimable:      56804 kB
Slab:             315332 kB
SReclaimable:      56804 kB
SUnreclaim:       258528 kB
KernelStack:       19104 kB
PageTables:        60356 kB
SecPageTables:         0 kB
NFS_Unstable:          0 kB
Bounce:                0 kB
WritebackTmp:          0 kB
CommitLimit:     8258920 kB
Committed_AS:   11959696 kB
VmallocTotal:   34359738367 kB
VmallocUsed:       47320 kB
VmallocChunk:          0 kB
Percpu:            13280 kB
HardwareCorrupted:     0 kB
AnonHugePages:    391168 kB
ShmemHugePages:        0 kB
ShmemPmdMapped:        0 kB
FileHugePages:         0 kB
FilePmdMapped:         0 kB
CmaTotal:              0 kB
CmaFree:               0 kB
Unaccepted:            0 kB
Balloon:               0 kB
HugePages_Total:       0
HugePages_Free:        0
HugePages_Rsvd:        0
HugePages_Surp:        0
Hugepagesize:       2048 kB
Hugetlb:               0 kB
DirectMap4k:      194432 kB
DirectMap2M:     6096896 kB
DirectMap1G:     4194304 kB
---SNAPSHOT---
2026-04-27 02:00:29
MemTotal:        8129240 kB
MemFree:         3770608 kB
MemAvailable:    3501812 kB
Buffers:            6712 kB
Cached:           309880 kB
SwapCached:        99456 kB
Active:          2976464 kB
Inactive:         661992 kB
Active(anon):    2835140 kB
Inactive(anon):   542628 kB
Active(file):     141324 kB
Inactive(file):   119364 kB
Unevictable:          16 kB
Mlocked:              16 kB
SwapTotal:       4194300 kB
SwapFree:        3973524 kB
Zswap:                 0 kB
Zswapped:              0 kB
Dirty:               136 kB
Writeback:             0 kB
AnonPages:       3226620 kB
Mapped:           253524 kB
Shmem:             55964 kB
KReclaimable:      56804 kB
Slab:             315980 kB
SReclaimable:      56804 kB
SUnreclaim:       259176 kB
KernelStack:       19104 kB
PageTables:        61592 kB
SecPageTables:         0 kB
NFS_Unstable:          0 kB
Bounce:                0 kB
WritebackTmp:          0 kB
CommitLimit:     8258920 kB
Committed_AS:   12466964 kB
VmallocTotal:   34359738367 kB
VmallocUsed:       47304 kB
VmallocChunk:          0 kB
Percpu:            13280 kB
HardwareCorrupted:     0 kB
AnonHugePages:    901120 kB
ShmemHugePages:        0 kB
ShmemPmdMapped:        0 kB
FileHugePages:         0 kB
FilePmdMapped:         0 kB
CmaTotal:              0 kB
CmaFree:               0 kB
Unaccepted:            0 kB
Balloon:               0 kB
HugePages_Total:       0
HugePages_Free:        0
HugePages_Rsvd:        0
HugePages_Surp:        0
Hugepagesize:       2048 kB
Hugetlb:               0 kB
DirectMap4k:      194432 kB
DirectMap2M:     6096896 kB
DirectMap1G:     4194304 kB
---SNAPSHOT---
2026-04-27 02:00:30
MemTotal:        8129240 kB
MemFree:         3221876 kB
MemAvailable:    2953084 kB
Buffers:            6712 kB
Cached:           309888 kB
SwapCached:        99456 kB
Active:          3504988 kB
Inactive:         662000 kB
Active(anon):    3363664 kB
Inactive(anon):   542628 kB
Active(file):     141324 kB
Inactive(file):   119372 kB
Unevictable:         112 kB
Mlocked:             112 kB
SwapTotal:       4194300 kB
SwapFree:        3973524 kB
Zswap:                 0 kB
Zswapped:              0 kB
Dirty:               144 kB
Writeback:             0 kB
AnonPages:       3754996 kB
Mapped:           253524 kB
Shmem:             55964 kB
KReclaimable:      56804 kB
Slab:             318652 kB
SReclaimable:      56804 kB
SUnreclaim:       261848 kB
KernelStack:       19104 kB
PageTables:        62344 kB
SecPageTables:         0 kB
NFS_Unstable:          0 kB
Bounce:                0 kB
WritebackTmp:          0 kB
CommitLimit:     8258920 kB
Committed_AS:   12416324 kB
VmallocTotal:   34359738367 kB
VmallocUsed:       47304 kB
VmallocChunk:          0 kB
Percpu:            13280 kB
HardwareCorrupted:     0 kB
AnonHugePages:   1429504 kB
ShmemHugePages:        0 kB
ShmemPmdMapped:        0 kB
FileHugePages:         0 kB
FilePmdMapped:         0 kB
CmaTotal:              0 kB
CmaFree:               0 kB
Unaccepted:            0 kB
Balloon:               0 kB
HugePages_Total:       0
HugePages_Free:        0
HugePages_Rsvd:        0
HugePages_Surp:        0
Hugepagesize:       2048 kB
Hugetlb:               0 kB
DirectMap4k:      194432 kB
DirectMap2M:     6096896 kB
DirectMap1G:     4194304 kB
---SNAPSHOT---
2026-04-27 02:00:31
MemTotal:        8129240 kB
MemFree:         4150224 kB
MemAvailable:    3881436 kB
Buffers:            6720 kB
Cached:           309888 kB
SwapCached:        99456 kB
Active:          2461060 kB
Inactive:         662008 kB
Active(anon):    2319736 kB
Inactive(anon):   542628 kB
Active(file):     141324 kB
Inactive(file):   119380 kB
Unevictable:          16 kB
Mlocked:              16 kB
SwapTotal:       4194300 kB
SwapFree:        3973524 kB
Zswap:                 0 kB
Zswapped:              0 kB
Dirty:               152 kB
Writeback:             0 kB
AnonPages:       2711244 kB
Mapped:           253524 kB
Shmem:             55964 kB
KReclaimable:      56804 kB
Slab:             310800 kB
SReclaimable:      56804 kB
SUnreclaim:       253996 kB
KernelStack:       19104 kB
PageTables:        61456 kB
SecPageTables:         0 kB
NFS_Unstable:          0 kB
Bounce:                0 kB
WritebackTmp:          0 kB
CommitLimit:     8258920 kB
Committed_AS:   11674096 kB
VmallocTotal:   34359738367 kB
VmallocUsed:       47304 kB
VmallocChunk:          0 kB
Percpu:            13280 kB
HardwareCorrupted:     0 kB
AnonHugePages:    235520 kB
ShmemHugePages:        0 kB
ShmemPmdMapped:        0 kB
FileHugePages:         0 kB
FilePmdMapped:         0 kB
CmaTotal:              0 kB
CmaFree:               0 kB
Unaccepted:            0 kB
Balloon:               0 kB
HugePages_Total:       0
HugePages_Free:        0
HugePages_Rsvd:        0
HugePages_Surp:        0
Hugepagesize:       2048 kB
Hugetlb:               0 kB
DirectMap4k:      194432 kB
DirectMap2M:     6096896 kB
DirectMap1G:     4194304 kB
---SNAPSHOT---
2026-04-27 02:00:32
MemTotal:        8129240 kB
MemFree:         3710348 kB
MemAvailable:    3441568 kB
Buffers:            6720 kB
Cached:           309904 kB
SwapCached:        99456 kB
Active:          2910140 kB
Inactive:         662024 kB
Active(anon):    2768816 kB
Inactive(anon):   542628 kB
Active(file):     141324 kB
Inactive(file):   119396 kB
Unevictable:         232 kB
Mlocked:             244 kB
SwapTotal:       4194300 kB
SwapFree:        3973524 kB
Zswap:                 0 kB
Zswapped:              0 kB
Dirty:               160 kB
Writeback:             0 kB
AnonPages:       3160360 kB
Mapped:           253524 kB
Shmem:             55964 kB
KReclaimable:      56804 kB
Slab:             316892 kB
SReclaimable:      56804 kB
SUnreclaim:       260088 kB
KernelStack:       19104 kB
PageTables:        61428 kB
SecPageTables:         0 kB
NFS_Unstable:          0 kB
Bounce:                0 kB
WritebackTmp:          0 kB
CommitLimit:     8258920 kB
Committed_AS:   11958944 kB
VmallocTotal:   34359738367 kB
VmallocUsed:       47304 kB
VmallocChunk:          0 kB
Percpu:            13280 kB
HardwareCorrupted:     0 kB
AnonHugePages:    473088 kB
ShmemHugePages:        0 kB
ShmemPmdMapped:        0 kB
FileHugePages:         0 kB
FilePmdMapped:         0 kB
CmaTotal:              0 kB
CmaFree:               0 kB
Unaccepted:            0 kB
Balloon:               0 kB
HugePages_Total:       0
HugePages_Free:        0
HugePages_Rsvd:        0
HugePages_Surp:        0
Hugepagesize:       2048 kB
Hugetlb:               0 kB
DirectMap4k:      194432 kB
DirectMap2M:     6096896 kB
DirectMap1G:     4194304 kB
---SNAPSHOT---
2026-04-27 02:00:33
MemTotal:        8129240 kB
MemFree:         3202788 kB
MemAvailable:    2934012 kB
Buffers:            6720 kB
Cached:           309912 kB
SwapCached:        99456 kB
Active:          3406668 kB
Inactive:         662032 kB
Active(anon):    3265344 kB
Inactive(anon):   542628 kB
Active(file):     141324 kB
Inactive(file):   119404 kB
Unevictable:         112 kB
Mlocked:             112 kB
SwapTotal:       4194300 kB
SwapFree:        3973524 kB
Zswap:                 0 kB
Zswapped:              0 kB
Dirty:               168 kB
Writeback:             0 kB
AnonPages:       3656544 kB
Mapped:           253524 kB
Shmem:             55964 kB
KReclaimable:      56804 kB
Slab:             318676 kB
SReclaimable:      56804 kB
SUnreclaim:       261872 kB
KernelStack:       19104 kB
PageTables:        61848 kB
SecPageTables:         0 kB
NFS_Unstable:          0 kB
Bounce:                0 kB
WritebackTmp:          0 kB
CommitLimit:     8258920 kB
Committed_AS:   12506484 kB
VmallocTotal:   34359738367 kB
VmallocUsed:       47320 kB
VmallocChunk:          0 kB
Percpu:            13280 kB
HardwareCorrupted:     0 kB
AnonHugePages:    741376 kB
ShmemHugePages:        0 kB
ShmemPmdMapped:        0 kB
FileHugePages:         0 kB
FilePmdMapped:         0 kB
CmaTotal:              0 kB
CmaFree:               0 kB
Unaccepted:            0 kB
Balloon:               0 kB
HugePages_Total:       0
HugePages_Free:        0
HugePages_Rsvd:        0
HugePages_Surp:        0
Hugepagesize:       2048 kB
Hugetlb:               0 kB
DirectMap4k:      194432 kB
DirectMap2M:     6096896 kB
DirectMap1G:     4194304 kB
---SNAPSHOT---
2026-04-27 02:00:34
MemTotal:        8129240 kB
MemFree:         4311360 kB
MemAvailable:    4042588 kB
Buffers:            6720 kB
Cached:           309916 kB
SwapCached:        99456 kB
Active:          2351768 kB
Inactive:         662036 kB
Active(anon):    2210444 kB
Inactive(anon):   542628 kB
Active(file):     141324 kB
Inactive(file):   119408 kB
Unevictable:          16 kB
Mlocked:              16 kB
SwapTotal:       4194300 kB
SwapFree:        3973524 kB
Zswap:                 0 kB
Zswapped:              0 kB
Dirty:               172 kB
Writeback:             0 kB
AnonPages:       2601752 kB
Mapped:           253524 kB
Shmem:             55964 kB
KReclaimable:      56804 kB
Slab:             318212 kB
SReclaimable:      56804 kB
SUnreclaim:       261408 kB
KernelStack:       19104 kB
PageTables:        59764 kB
SecPageTables:         0 kB
NFS_Unstable:          0 kB
Bounce:                0 kB
WritebackTmp:          0 kB
CommitLimit:     8258920 kB
Committed_AS:   12161076 kB
VmallocTotal:   34359738367 kB
VmallocUsed:       47320 kB
VmallocChunk:          0 kB
Percpu:            13280 kB
HardwareCorrupted:     0 kB
AnonHugePages:    276480 kB
ShmemHugePages:        0 kB
ShmemPmdMapped:        0 kB
FileHugePages:         0 kB
FilePmdMapped:         0 kB
CmaTotal:              0 kB
CmaFree:               0 kB
Unaccepted:            0 kB
Balloon:               0 kB
HugePages_Total:       0
HugePages_Free:        0
HugePages_Rsvd:        0
HugePages_Surp:        0
Hugepagesize:       2048 kB
Hugetlb:               0 kB
DirectMap4k:      194432 kB
DirectMap2M:     6096896 kB
DirectMap1G:     4194304 kB
---SNAPSHOT---
2026-04-27 02:00:35
MemTotal:        8129240 kB
MemFree:         3794428 kB
MemAvailable:    3525656 kB
Buffers:            6720 kB
Cached:           309920 kB
SwapCached:        99456 kB
Active:          2880760 kB
Inactive:         662040 kB
Active(anon):    2739436 kB
Inactive(anon):   542628 kB
Active(file):     141324 kB
Inactive(file):   119412 kB
Unevictable:          16 kB
Mlocked:              16 kB
SwapTotal:       4194300 kB
SwapFree:        3973524 kB
Zswap:                 0 kB
Zswapped:              0 kB
Dirty:               176 kB
Writeback:             0 kB
AnonPages:       3130812 kB
Mapped:           253524 kB
Shmem:             55964 kB
KReclaimable:      56804 kB
Slab:             315088 kB
SReclaimable:      56804 kB
SUnreclaim:       258284 kB
KernelStack:       19104 kB
PageTables:        60616 kB
SecPageTables:         0 kB
NFS_Unstable:          0 kB
Bounce:                0 kB
WritebackTmp:          0 kB
CommitLimit:     8258920 kB
Committed_AS:   12171288 kB
VmallocTotal:   34359738367 kB
VmallocUsed:       47320 kB
VmallocChunk:          0 kB
Percpu:            13280 kB
HardwareCorrupted:     0 kB
AnonHugePages:    804864 kB
ShmemHugePages:        0 kB
ShmemPmdMapped:        0 kB
FileHugePages:         0 kB
FilePmdMapped:         0 kB
CmaTotal:              0 kB
CmaFree:               0 kB
Unaccepted:            0 kB
Balloon:               0 kB
HugePages_Total:       0
HugePages_Free:        0
HugePages_Rsvd:        0
HugePages_Surp:        0
Hugepagesize:       2048 kB
Hugetlb:               0 kB
DirectMap4k:      194432 kB
DirectMap2M:     6096896 kB
DirectMap1G:     4194304 kB
---SNAPSHOT---
2026-04-27 02:00:36
MemTotal:        8129240 kB
MemFree:         3324372 kB
MemAvailable:    3055604 kB
Buffers:            6728 kB
Cached:           309928 kB
SwapCached:        99456 kB
Active:          3363896 kB
Inactive:         662048 kB
Active(anon):    3222572 kB
Inactive(anon):   542628 kB
Active(file):     141324 kB
Inactive(file):   119420 kB
Unevictable:          16 kB
Mlocked:              16 kB
SwapTotal:       4194300 kB
SwapFree:        3973524 kB
Zswap:                 0 kB
Zswapped:              0 kB
Dirty:               184 kB
Writeback:             0 kB
AnonPages:       3613904 kB
Mapped:           253752 kB
Shmem:             55964 kB
KReclaimable:      56804 kB
Slab:             310232 kB
SReclaimable:      56804 kB
SUnreclaim:       253428 kB
KernelStack:       19104 kB
PageTables:        61840 kB
SecPageTables:         0 kB
NFS_Unstable:          0 kB
Bounce:                0 kB
WritebackTmp:          0 kB
CommitLimit:     8258920 kB
Committed_AS:   11955252 kB
VmallocTotal:   34359738367 kB
VmallocUsed:       47336 kB
VmallocChunk:          0 kB
Percpu:            13280 kB
HardwareCorrupted:     0 kB
AnonHugePages:   1288192 kB
ShmemHugePages:        0 kB
ShmemPmdMapped:        0 kB
FileHugePages:         0 kB
FilePmdMapped:         0 kB
CmaTotal:              0 kB
CmaFree:               0 kB
Unaccepted:            0 kB
Balloon:               0 kB
HugePages_Total:       0
HugePages_Free:        0
HugePages_Rsvd:        0
HugePages_Surp:        0
Hugepagesize:       2048 kB
Hugetlb:               0 kB
DirectMap4k:      194432 kB
DirectMap2M:     6096896 kB
DirectMap1G:     4194304 kB
---SNAPSHOT---
2026-04-27 02:00:37
MemTotal:        8129240 kB
MemFree:         3860128 kB
MemAvailable:    3591368 kB
Buffers:            6728 kB
Cached:           309932 kB
SwapCached:        99456 kB
Active:          2848016 kB
Inactive:         662060 kB
Active(anon):    2706692 kB
Inactive(anon):   542628 kB
Active(file):     141324 kB
Inactive(file):   119432 kB
Unevictable:          16 kB
Mlocked:              16 kB
SwapTotal:       4194300 kB
SwapFree:        3973524 kB
Zswap:                 0 kB
Zswapped:              0 kB
Dirty:               188 kB
Writeback:             0 kB
AnonPages:       3098048 kB
Mapped:           253524 kB
Shmem:             55964 kB
KReclaimable:      56804 kB
Slab:             319344 kB
SReclaimable:      56804 kB
SUnreclaim:       262540 kB
KernelStack:       19104 kB
PageTables:        60876 kB
SecPageTables:         0 kB
NFS_Unstable:          0 kB
Bounce:                0 kB
WritebackTmp:          0 kB
CommitLimit:     8258920 kB
Committed_AS:   12708808 kB
VmallocTotal:   34359738367 kB
VmallocUsed:       47320 kB
VmallocChunk:          0 kB
Percpu:            13280 kB
HardwareCorrupted:     0 kB
AnonHugePages:    772096 kB
ShmemHugePages:        0 kB
ShmemPmdMapped:        0 kB
FileHugePages:         0 kB
FilePmdMapped:         0 kB
CmaTotal:              0 kB
CmaFree:               0 kB
Unaccepted:            0 kB
Balloon:               0 kB
HugePages_Total:       0
HugePages_Free:        0
HugePages_Rsvd:        0
HugePages_Surp:        0
Hugepagesize:       2048 kB
Hugetlb:               0 kB
DirectMap4k:      194432 kB
DirectMap2M:     6096896 kB
DirectMap1G:     4194304 kB
---SNAPSHOT---
2026-04-27 02:00:38
MemTotal:        8129240 kB
MemFree:         3292580 kB
MemAvailable:    3023824 kB
Buffers:            6732 kB
Cached:           309940 kB
SwapCached:        99456 kB
Active:          3357984 kB
Inactive:         662068 kB
Active(anon):    3216660 kB
Inactive(anon):   542628 kB
Active(file):     141324 kB
Inactive(file):   119440 kB
Unevictable:         112 kB
Mlocked:             112 kB
SwapTotal:       4194300 kB
SwapFree:        3973524 kB
Zswap:                 0 kB
Zswapped:              0 kB
Dirty:               188 kB
Writeback:             0 kB
AnonPages:       3607996 kB
Mapped:           253524 kB
Shmem:             55964 kB
KReclaimable:      56804 kB
Slab:             312152 kB
SReclaimable:      56804 kB
SUnreclaim:       255348 kB
KernelStack:       19104 kB
PageTables:        61868 kB
SecPageTables:         0 kB
NFS_Unstable:          0 kB
Bounce:                0 kB
WritebackTmp:          0 kB
CommitLimit:     8258920 kB
Committed_AS:   11978140 kB
VmallocTotal:   34359738367 kB
VmallocUsed:       47320 kB
VmallocChunk:          0 kB
Percpu:            13280 kB
HardwareCorrupted:     0 kB
AnonHugePages:   1282048 kB
ShmemHugePages:        0 kB
ShmemPmdMapped:        0 kB
FileHugePages:         0 kB
FilePmdMapped:         0 kB
CmaTotal:              0 kB
CmaFree:               0 kB
Unaccepted:            0 kB
Balloon:               0 kB
HugePages_Total:       0
HugePages_Free:        0
HugePages_Rsvd:        0
HugePages_Surp:        0
Hugepagesize:       2048 kB
Hugetlb:               0 kB
DirectMap4k:      194432 kB
DirectMap2M:     6096896 kB
DirectMap1G:     4194304 kB
---SNAPSHOT---
2026-04-27 02:00:39
MemTotal:        8129240 kB
MemFree:         2776632 kB
MemAvailable:    2507880 kB
Buffers:            6732 kB
Cached:           309944 kB
SwapCached:        99456 kB
Active:          3599472 kB
Inactive:         662076 kB
Active(anon):    3458148 kB
Inactive(anon):   542628 kB
Active(file):     141324 kB
Inactive(file):   119448 kB
Unevictable:      326112 kB
Mlocked:          326104 kB
SwapTotal:       4194300 kB
SwapFree:        3973524 kB
Zswap:                 0 kB
Zswapped:              0 kB
Dirty:               192 kB
Writeback:             0 kB
AnonPages:       4175528 kB
Mapped:           253524 kB
Shmem:             55964 kB
KReclaimable:      56804 kB
Slab:             312172 kB
SReclaimable:      56804 kB
SUnreclaim:       255368 kB
KernelStack:       19104 kB
PageTables:        63028 kB
SecPageTables:         0 kB
NFS_Unstable:          0 kB
Bounce:                0 kB
WritebackTmp:          0 kB
CommitLimit:     8258920 kB
Committed_AS:   12372240 kB
VmallocTotal:   34359738367 kB
VmallocUsed:       47352 kB
VmallocChunk:          0 kB
Percpu:            13280 kB
HardwareCorrupted:     0 kB
AnonHugePages:   1849344 kB
ShmemHugePages:        0 kB
ShmemPmdMapped:        0 kB
FileHugePages:         0 kB
FilePmdMapped:         0 kB
CmaTotal:              0 kB
CmaFree:               0 kB
Unaccepted:            0 kB
Balloon:               0 kB
HugePages_Total:       0
HugePages_Free:        0
HugePages_Rsvd:        0
HugePages_Surp:        0
Hugepagesize:       2048 kB
Hugetlb:               0 kB
DirectMap4k:      194432 kB
DirectMap2M:     6096896 kB
DirectMap1G:     4194304 kB
---SNAPSHOT---
2026-04-27 02:00:40
MemTotal:        8129240 kB
MemFree:         4289704 kB
MemAvailable:    4020952 kB
Buffers:            6732 kB
Cached:           309948 kB
SwapCached:        99456 kB
Active:          2352200 kB
Inactive:         662080 kB
Active(anon):    2210876 kB
Inactive(anon):   542628 kB
Active(file):     141324 kB
Inactive(file):   119452 kB
Unevictable:          16 kB
Mlocked:              16 kB
SwapTotal:       4194300 kB
SwapFree:        3973524 kB
Zswap:                 0 kB
Zswapped:              0 kB
Dirty:               196 kB
Writeback:             0 kB
AnonPages:       2602256 kB
Mapped:           253524 kB
Shmem:             55964 kB
KReclaimable:      56804 kB
Slab:             311200 kB
SReclaimable:      56804 kB
SUnreclaim:       254396 kB
KernelStack:       19104 kB
PageTables:        60176 kB
SecPageTables:         0 kB
NFS_Unstable:          0 kB
Bounce:                0 kB
WritebackTmp:          0 kB
CommitLimit:     8258920 kB
Committed_AS:   11776028 kB
VmallocTotal:   34359738367 kB
VmallocUsed:       47368 kB
VmallocChunk:          0 kB
Percpu:            13280 kB
HardwareCorrupted:     0 kB
AnonHugePages:    249856 kB
ShmemHugePages:        0 kB
ShmemPmdMapped:        0 kB
FileHugePages:         0 kB
FilePmdMapped:         0 kB
CmaTotal:              0 kB
CmaFree:               0 kB
Unaccepted:            0 kB
Balloon:               0 kB
HugePages_Total:       0
HugePages_Free:        0
HugePages_Rsvd:        0
HugePages_Surp:        0
Hugepagesize:       2048 kB
Hugetlb:               0 kB
DirectMap4k:      194432 kB
DirectMap2M:     6096896 kB
DirectMap1G:     4194304 kB
---SNAPSHOT---
2026-04-27 02:00:41
MemTotal:        8129240 kB
MemFree:         3801116 kB
MemAvailable:    3532368 kB
Buffers:            6740 kB
Cached:           309948 kB
SwapCached:        99456 kB
Active:          2845728 kB
Inactive:         662084 kB
Active(anon):    2704404 kB
Inactive(anon):   542628 kB
Active(file):     141324 kB
Inactive(file):   119456 kB
Unevictable:          16 kB
Mlocked:              16 kB
SwapTotal:       4194300 kB
SwapFree:        3973524 kB
Zswap:                 0 kB
Zswapped:              0 kB
Dirty:               204 kB
Writeback:             0 kB
AnonPages:       3095620 kB
Mapped:           253752 kB
Shmem:             55964 kB
KReclaimable:      56804 kB
Slab:             312348 kB
SReclaimable:      56804 kB
SUnreclaim:       255544 kB
KernelStack:       19104 kB
PageTables:        60964 kB
SecPageTables:         0 kB
NFS_Unstable:          0 kB
Bounce:                0 kB
WritebackTmp:          0 kB
CommitLimit:     8258920 kB
Committed_AS:   11915620 kB
VmallocTotal:   34359738367 kB
VmallocUsed:       47368 kB
VmallocChunk:          0 kB
Percpu:            13280 kB
HardwareCorrupted:     0 kB
AnonHugePages:    516096 kB
ShmemHugePages:        0 kB
ShmemPmdMapped:        0 kB
FileHugePages:         0 kB
FilePmdMapped:         0 kB
CmaTotal:              0 kB
CmaFree:               0 kB
Unaccepted:            0 kB
Balloon:               0 kB
HugePages_Total:       0
HugePages_Free:        0
HugePages_Rsvd:        0
HugePages_Surp:        0
Hugepagesize:       2048 kB
Hugetlb:               0 kB
DirectMap4k:      194432 kB
DirectMap2M:     6096896 kB
DirectMap1G:     4194304 kB
---SNAPSHOT---
2026-04-27 02:00:42
MemTotal:        8129240 kB
MemFree:         3305900 kB
MemAvailable:    3037152 kB
Buffers:            6740 kB
Cached:           309960 kB
SwapCached:        99456 kB
Active:          3339436 kB
Inactive:         662100 kB
Active(anon):    3198112 kB
Inactive(anon):   542628 kB
Active(file):     141324 kB
Inactive(file):   119472 kB
Unevictable:          16 kB
Mlocked:              16 kB
SwapTotal:       4194300 kB
SwapFree:        3973524 kB
Zswap:                 0 kB
Zswapped:              0 kB
Dirty:               220 kB
Writeback:             0 kB
AnonPages:       3589812 kB
Mapped:           253524 kB
Shmem:             55964 kB
KReclaimable:      56788 kB
Slab:             314380 kB
SReclaimable:      56788 kB
SUnreclaim:       257592 kB
KernelStack:       19072 kB
PageTables:        61760 kB
SecPageTables:         0 kB
NFS_Unstable:          0 kB
Bounce:                0 kB
WritebackTmp:          0 kB
CommitLimit:     8258920 kB
Committed_AS:   12415336 kB
VmallocTotal:   34359738367 kB
VmallocUsed:       47336 kB
VmallocChunk:          0 kB
Percpu:            13280 kB
HardwareCorrupted:     0 kB
AnonHugePages:    782336 kB
ShmemHugePages:        0 kB
ShmemPmdMapped:        0 kB
FileHugePages:         0 kB
FilePmdMapped:         0 kB
CmaTotal:              0 kB
CmaFree:               0 kB
Unaccepted:            0 kB
Balloon:               0 kB
HugePages_Total:       0
HugePages_Free:        0
HugePages_Rsvd:        0
HugePages_Surp:        0
Hugepagesize:       2048 kB
Hugetlb:               0 kB
DirectMap4k:      194432 kB
DirectMap2M:     6096896 kB
DirectMap1G:     4194304 kB
---SNAPSHOT---
2026-04-27 02:00:43
MemTotal:        8129240 kB
MemFree:         3561652 kB
MemAvailable:    3292904 kB
Buffers:            6740 kB
Cached:           309968 kB
SwapCached:        99456 kB
Active:          3063864 kB
Inactive:         662104 kB
Active(anon):    2922540 kB
Inactive(anon):   542628 kB
Active(file):     141324 kB
Inactive(file):   119476 kB
Unevictable:         112 kB
Mlocked:             112 kB
SwapTotal:       4194300 kB
SwapFree:        3973524 kB
Zswap:                 0 kB
Zswapped:              0 kB
Dirty:               228 kB
Writeback:             0 kB
AnonPages:       3313924 kB
Mapped:           253524 kB
Shmem:             55964 kB
KReclaimable:      56788 kB
Slab:             315124 kB
SReclaimable:      56788 kB
SUnreclaim:       258336 kB
KernelStack:       19072 kB
PageTables:        61584 kB
SecPageTables:         0 kB
NFS_Unstable:          0 kB
Bounce:                0 kB
WritebackTmp:          0 kB
CommitLimit:     8258920 kB
Committed_AS:   12353672 kB
VmallocTotal:   34359738367 kB
VmallocUsed:       47336 kB
VmallocChunk:          0 kB
Percpu:            13280 kB
HardwareCorrupted:     0 kB
AnonHugePages:    276480 kB
ShmemHugePages:        0 kB
ShmemPmdMapped:        0 kB
FileHugePages:         0 kB
FilePmdMapped:         0 kB
CmaTotal:              0 kB
CmaFree:               0 kB
Unaccepted:            0 kB
Balloon:               0 kB
HugePages_Total:       0
HugePages_Free:        0
HugePages_Rsvd:        0
HugePages_Surp:        0
Hugepagesize:       2048 kB
Hugetlb:               0 kB
DirectMap4k:      194432 kB
DirectMap2M:     6096896 kB
DirectMap1G:     4194304 kB
---SNAPSHOT---
2026-04-27 02:00:44
MemTotal:        8129240 kB
MemFree:         3869948 kB
MemAvailable:    3601204 kB
Buffers:            6740 kB
Cached:           309972 kB
SwapCached:        99456 kB
Active:          2796816 kB
Inactive:         662112 kB
Active(anon):    2655492 kB
Inactive(anon):   542628 kB
Active(file):     141324 kB
Inactive(file):   119484 kB
Unevictable:          16 kB
Mlocked:              16 kB
SwapTotal:       4194300 kB
SwapFree:        3973524 kB
Zswap:                 0 kB
Zswapped:              0 kB
Dirty:               232 kB
Writeback:             0 kB
AnonPages:       3046888 kB
Mapped:           253524 kB
Shmem:             55964 kB
KReclaimable:      56788 kB
Slab:             312840 kB
SReclaimable:      56788 kB
SUnreclaim:       256052 kB
KernelStack:       19072 kB
PageTables:        61056 kB
SecPageTables:         0 kB
NFS_Unstable:          0 kB
Bounce:                0 kB
WritebackTmp:          0 kB
CommitLimit:     8258920 kB
Committed_AS:   11896568 kB
VmallocTotal:   34359738367 kB
VmallocUsed:       47368 kB
VmallocChunk:          0 kB
Percpu:            13280 kB
HardwareCorrupted:     0 kB
AnonHugePages:    720896 kB
ShmemHugePages:        0 kB
ShmemPmdMapped:        0 kB
FileHugePages:         0 kB
FilePmdMapped:         0 kB
CmaTotal:              0 kB
CmaFree:               0 kB
Unaccepted:            0 kB
Balloon:               0 kB
HugePages_Total:       0
HugePages_Free:        0
HugePages_Rsvd:        0
HugePages_Surp:        0
Hugepagesize:       2048 kB
Hugetlb:               0 kB
DirectMap4k:      194432 kB
DirectMap2M:     6096896 kB
DirectMap1G:     4194304 kB
---SNAPSHOT---
2026-04-27 02:00:45
MemTotal:        8129240 kB
MemFree:         4055972 kB
MemAvailable:    3787232 kB
Buffers:            6740 kB
Cached:           309976 kB
SwapCached:        99456 kB
Active:          2539028 kB
Inactive:         662116 kB
Active(anon):    2397704 kB
Inactive(anon):   542628 kB
Active(file):     141324 kB
Inactive(file):   119488 kB
Unevictable:          16 kB
Mlocked:              16 kB
SwapTotal:       4194300 kB
SwapFree:        3973524 kB
Zswap:                 0 kB
Zswapped:              0 kB
Dirty:               236 kB
Writeback:             0 kB
AnonPages:       2789040 kB
Mapped:           253524 kB
Shmem:             55964 kB
KReclaimable:      56788 kB
Slab:             314368 kB
SReclaimable:      56788 kB
SUnreclaim:       257580 kB
KernelStack:       19072 kB
PageTables:        60480 kB
SecPageTables:         0 kB
NFS_Unstable:          0 kB
Bounce:                0 kB
WritebackTmp:          0 kB
CommitLimit:     8258920 kB
Committed_AS:   11696572 kB
VmallocTotal:   34359738367 kB
VmallocUsed:       47336 kB
VmallocChunk:          0 kB
Percpu:            13280 kB
HardwareCorrupted:     0 kB
AnonHugePages:    454656 kB
ShmemHugePages:        0 kB
ShmemPmdMapped:        0 kB
FileHugePages:         0 kB
FilePmdMapped:         0 kB
CmaTotal:              0 kB
CmaFree:               0 kB
Unaccepted:            0 kB
Balloon:               0 kB
HugePages_Total:       0
HugePages_Free:        0
HugePages_Rsvd:        0
HugePages_Surp:        0
Hugepagesize:       2048 kB
Hugetlb:               0 kB
DirectMap4k:      194432 kB
DirectMap2M:     6096896 kB
DirectMap1G:     4194304 kB
---SNAPSHOT---
2026-04-27 02:00:46
MemTotal:        8129240 kB
MemFree:         3555064 kB
MemAvailable:    3286328 kB
Buffers:            6748 kB
Cached:           309976 kB
SwapCached:        99456 kB
Active:          3013616 kB
Inactive:         662124 kB
Active(anon):    2872292 kB
Inactive(anon):   542628 kB
Active(file):     141324 kB
Inactive(file):   119496 kB
Unevictable:          16 kB
Mlocked:              16 kB
SwapTotal:       4194300 kB
SwapFree:        3973524 kB
Zswap:                 0 kB
Zswapped:              0 kB
Dirty:               244 kB
Writeback:             0 kB
AnonPages:       3263428 kB
Mapped:           253616 kB
Shmem:             55964 kB
KReclaimable:      56788 kB
Slab:             317708 kB
SReclaimable:      56788 kB
SUnreclaim:       260920 kB
KernelStack:       19072 kB
PageTables:        60852 kB
SecPageTables:         0 kB
NFS_Unstable:          0 kB
Bounce:                0 kB
WritebackTmp:          0 kB
CommitLimit:     8258920 kB
Committed_AS:   11929188 kB
VmallocTotal:   34359738367 kB
VmallocUsed:       47336 kB
VmallocChunk:          0 kB
Percpu:            13280 kB
HardwareCorrupted:     0 kB
AnonHugePages:    708608 kB
ShmemHugePages:        0 kB
ShmemPmdMapped:        0 kB
FileHugePages:         0 kB
FilePmdMapped:         0 kB
CmaTotal:              0 kB
CmaFree:               0 kB
Unaccepted:            0 kB
Balloon:               0 kB
HugePages_Total:       0
HugePages_Free:        0
HugePages_Rsvd:        0
HugePages_Surp:        0
Hugepagesize:       2048 kB
Hugetlb:               0 kB
DirectMap4k:      194432 kB
DirectMap2M:     6096896 kB
DirectMap1G:     4194304 kB
---SNAPSHOT---
2026-04-27 02:00:47
MemTotal:        8129240 kB
MemFree:         3277212 kB
MemAvailable:    3008480 kB
Buffers:            6748 kB
Cached:           309988 kB
SwapCached:       442304 kB
Active:          2965368 kB
Inactive:        1003648 kB
Active(anon):    2824044 kB
Inactive(anon):   884140 kB
Active(file):     141324 kB
Inactive(file):   119508 kB
Unevictable:          16 kB
Mlocked:              16 kB
SwapTotal:       4194300 kB
SwapFree:        3630444 kB
Zswap:                 0 kB
Zswapped:              0 kB
Dirty:               180 kB
Writeback:          1116 kB
AnonPages:       3216524 kB
Mapped:           253524 kB
Shmem:             55964 kB
KReclaimable:      56788 kB
Slab:             316588 kB
SReclaimable:      56788 kB
SUnreclaim:       259800 kB
KernelStack:       19072 kB
PageTables:        61504 kB
SecPageTables:         0 kB
NFS_Unstable:          0 kB
Bounce:                0 kB
WritebackTmp:          0 kB
CommitLimit:     8258920 kB
Committed_AS:   12528652 kB
VmallocTotal:   34359738367 kB
VmallocUsed:       47304 kB
VmallocChunk:          0 kB
Percpu:            13280 kB
HardwareCorrupted:     0 kB
AnonHugePages:    438272 kB
ShmemHugePages:        0 kB
ShmemPmdMapped:        0 kB
FileHugePages:         0 kB
FilePmdMapped:         0 kB
CmaTotal:              0 kB
CmaFree:               0 kB
Unaccepted:            0 kB
Balloon:               0 kB
HugePages_Total:       0
HugePages_Free:        0
HugePages_Rsvd:        0
HugePages_Surp:        0
Hugepagesize:       2048 kB
Hugetlb:               0 kB
DirectMap4k:      194432 kB
DirectMap2M:     6096896 kB
DirectMap1G:     4194304 kB
---SNAPSHOT---
2026-04-27 02:00:48
MemTotal:        8129240 kB
MemFree:         3797820 kB
MemAvailable:    3529092 kB
Buffers:            6748 kB
Cached:           309996 kB
SwapCached:       114444 kB
Active:          2798792 kB
Inactive:         662192 kB
Active(anon):    2657468 kB
Inactive(anon):   542676 kB
Active(file):     141324 kB
Inactive(file):   119516 kB
Unevictable:         112 kB
Mlocked:             112 kB
SwapTotal:       4194300 kB
SwapFree:        3958676 kB
Zswap:                 0 kB
Zswapped:              0 kB
Dirty:               188 kB
Writeback:         14932 kB
AnonPages:       3032732 kB
Mapped:           253524 kB
Shmem:             55964 kB
KReclaimable:      56788 kB
Slab:             315412 kB
SReclaimable:      56788 kB
SUnreclaim:       258624 kB
KernelStack:       19072 kB
PageTables:        60580 kB
SecPageTables:         0 kB
NFS_Unstable:          0 kB
Bounce:                0 kB
WritebackTmp:          0 kB
CommitLimit:     8258920 kB
