---SNAPSHOT---
2026-04-27 00:57:25
MemTotal:        8129240 kB
MemFree:         4918532 kB
MemAvailable:    4960360 kB
Buffers:            4108 kB
Cached:           270636 kB
SwapCached:        47064 kB
Active:          1975896 kB
Inactive:         644092 kB
Active(anon):    1857792 kB
Inactive(anon):   526764 kB
Active(file):     118104 kB
Inactive(file):   117328 kB
Unevictable:           0 kB
Mlocked:               0 kB
SwapTotal:       4194300 kB
SwapFree:        4025916 kB
Zswap:                 0 kB
Zswapped:              0 kB
Dirty:               260 kB
Writeback:             0 kB
AnonPages:       2303276 kB
Mapped:           232144 kB
Shmem:             38812 kB
KReclaimable:      54488 kB
Slab:             282444 kB
SReclaimable:      54488 kB
SUnreclaim:       227956 kB
KernelStack:       18808 kB
PageTables:        57668 kB
SecPageTables:         0 kB
NFS_Unstable:          0 kB
Bounce:                0 kB
WritebackTmp:          0 kB
CommitLimit:     8258920 kB
Committed_AS:    9388100 kB
VmallocTotal:   34359738367 kB
VmallocUsed:       47080 kB
VmallocChunk:          0 kB
Percpu:            13280 kB
HardwareCorrupted:     0 kB
AnonHugePages:         0 kB
ShmemHugePages:        0 kB
ShmemPmdMapped:        0 kB
FileHugePages:         0 kB
FilePmdMapped:         0 kB
CmaTotal:              0 kB
CmaFree:               0 kB
Unaccepted:            0 kB
Balloon:               0 kB
HugePages_Total:       0
HugePages_Free:        0
HugePages_Rsvd:        0
HugePages_Surp:        0
Hugepagesize:       2048 kB
Hugetlb:               0 kB
DirectMap4k:      194432 kB
DirectMap2M:     6096896 kB
DirectMap1G:     4194304 kB
---SNAPSHOT---
2026-04-27 00:57:26
MemTotal:        8129240 kB
MemFree:         4922396 kB
MemAvailable:    4965580 kB
Buffers:            4268 kB
Cached:           271080 kB
SwapCached:        47064 kB
Active:          1977488 kB
Inactive:         644788 kB
Active(anon):    1858964 kB
Inactive(anon):   526764 kB
Active(file):     118524 kB
Inactive(file):   118024 kB
Unevictable:           0 kB
Mlocked:               0 kB
SwapTotal:       4194300 kB
SwapFree:        4025916 kB
Zswap:                 0 kB
Zswapped:              0 kB
Dirty:               276 kB
Writeback:             0 kB
AnonPages:       2304528 kB
Mapped:           232400 kB
Shmem:             38812 kB
KReclaimable:      54968 kB
Slab:             282924 kB
SReclaimable:      54968 kB
SUnreclaim:       227956 kB
KernelStack:       18912 kB
PageTables:        58400 kB
SecPageTables:         0 kB
NFS_Unstable:          0 kB
Bounce:                0 kB
WritebackTmp:          0 kB
CommitLimit:     8258920 kB
Committed_AS:    9389540 kB
VmallocTotal:   34359738367 kB
VmallocUsed:       47160 kB
VmallocChunk:          0 kB
Percpu:            13280 kB
HardwareCorrupted:     0 kB
AnonHugePages:         0 kB
ShmemHugePages:        0 kB
ShmemPmdMapped:        0 kB
FileHugePages:         0 kB
FilePmdMapped:         0 kB
CmaTotal:              0 kB
CmaFree:               0 kB
Unaccepted:            0 kB
Balloon:               0 kB
HugePages_Total:       0
HugePages_Free:        0
HugePages_Rsvd:        0
HugePages_Surp:        0
Hugepagesize:       2048 kB
Hugetlb:               0 kB
DirectMap4k:      194432 kB
DirectMap2M:     6096896 kB
DirectMap1G:     4194304 kB
---SNAPSHOT---
2026-04-27 00:57:27
MemTotal:        8129240 kB
MemFree:         4923196 kB
MemAvailable:    4966696 kB
Buffers:            4276 kB
Cached:           271220 kB
SwapCached:        47064 kB
Active:          1977096 kB
Inactive:         644836 kB
Active(anon):    1858408 kB
Inactive(anon):   526764 kB
Active(file):     118688 kB
Inactive(file):   118072 kB
Unevictable:           0 kB
Mlocked:               0 kB
SwapTotal:       4194300 kB
SwapFree:        4025916 kB
Zswap:                 0 kB
Zswapped:              0 kB
Dirty:               280 kB
Writeback:             0 kB
AnonPages:       2303832 kB
Mapped:           232400 kB
Shmem:             38812 kB
KReclaimable:      55176 kB
Slab:             283132 kB
SReclaimable:      55176 kB
SUnreclaim:       227956 kB
KernelStack:       18884 kB
PageTables:        58224 kB
SecPageTables:         0 kB
NFS_Unstable:          0 kB
Bounce:                0 kB
WritebackTmp:          0 kB
CommitLimit:     8258920 kB
Committed_AS:    9387904 kB
VmallocTotal:   34359738367 kB
VmallocUsed:       47160 kB
VmallocChunk:          0 kB
Percpu:            13280 kB
HardwareCorrupted:     0 kB
AnonHugePages:         0 kB
ShmemHugePages:        0 kB
ShmemPmdMapped:        0 kB
FileHugePages:         0 kB
FilePmdMapped:         0 kB
CmaTotal:              0 kB
CmaFree:               0 kB
Unaccepted:            0 kB
Balloon:               0 kB
HugePages_Total:       0
HugePages_Free:        0
HugePages_Rsvd:        0
HugePages_Surp:        0
Hugepagesize:       2048 kB
Hugetlb:               0 kB
DirectMap4k:      194432 kB
DirectMap2M:     6096896 kB
DirectMap1G:     4194304 kB
---SNAPSHOT---
2026-04-27 00:57:28
MemTotal:        8129240 kB
MemFree:         4924776 kB
MemAvailable:    4972164 kB
Buffers:            4820 kB
Cached:           274796 kB
SwapCached:        47064 kB
Active:          1980360 kB
Inactive:         645304 kB
Active(anon):    1858252 kB
Inactive(anon):   526764 kB
Active(file):     122108 kB
Inactive(file):   118540 kB
Unevictable:           0 kB
Mlocked:               0 kB
SwapTotal:       4194300 kB
SwapFree:        4025916 kB
Zswap:                 0 kB
Zswapped:              0 kB
Dirty:               348 kB
Writeback:             0 kB
AnonPages:       2303992 kB
Mapped:           232628 kB
Shmem:             38812 kB
KReclaimable:      55176 kB
Slab:             283132 kB
SReclaimable:      55176 kB
SUnreclaim:       227956 kB
KernelStack:       18816 kB
PageTables:        57676 kB
SecPageTables:         0 kB
NFS_Unstable:          0 kB
Bounce:                0 kB
WritebackTmp:          0 kB
CommitLimit:     8258920 kB
Committed_AS:    9396388 kB
VmallocTotal:   34359738367 kB
VmallocUsed:       47144 kB
VmallocChunk:          0 kB
Percpu:            13280 kB
HardwareCorrupted:     0 kB
AnonHugePages:         0 kB
ShmemHugePages:        0 kB
ShmemPmdMapped:        0 kB
FileHugePages:         0 kB
FilePmdMapped:         0 kB
CmaTotal:              0 kB
CmaFree:               0 kB
Unaccepted:            0 kB
Balloon:               0 kB
HugePages_Total:       0
HugePages_Free:        0
HugePages_Rsvd:        0
HugePages_Surp:        0
Hugepagesize:       2048 kB
Hugetlb:               0 kB
DirectMap4k:      194432 kB
DirectMap2M:     6096896 kB
DirectMap1G:     4194304 kB
---SNAPSHOT---
2026-04-27 00:57:29
MemTotal:        8129240 kB
MemFree:         3716864 kB
MemAvailable:    3772284 kB
Buffers:            4820 kB
Cached:           299728 kB
SwapCached:        47064 kB
Active:          3063484 kB
Inactive:         625132 kB
Active(anon):    2933348 kB
Inactive(anon):   506588 kB
Active(file):     130136 kB
Inactive(file):   118544 kB
Unevictable:           0 kB
Mlocked:               0 kB
SwapTotal:       4194300 kB
SwapFree:        4025916 kB
Zswap:                 0 kB
Zswapped:              0 kB
Dirty:               404 kB
Writeback:             0 kB
AnonPages:       2817312 kB
Mapped:           252944 kB
Shmem:             55924 kB
KReclaimable:      55176 kB
Slab:             283132 kB
SReclaimable:      55176 kB
SUnreclaim:       227956 kB
KernelStack:       18880 kB
PageTables:        60892 kB
SecPageTables:         0 kB
NFS_Unstable:          0 kB
Bounce:                0 kB
WritebackTmp:          0 kB
CommitLimit:     8258920 kB
Committed_AS:   13171996 kB
VmallocTotal:   34359738367 kB
VmallocUsed:       47176 kB
VmallocChunk:          0 kB
Percpu:            13280 kB
HardwareCorrupted:     0 kB
AnonHugePages:    116736 kB
ShmemHugePages:        0 kB
ShmemPmdMapped:        0 kB
FileHugePages:         0 kB
FilePmdMapped:         0 kB
CmaTotal:              0 kB
CmaFree:               0 kB
Unaccepted:            0 kB
Balloon:               0 kB
HugePages_Total:       0
HugePages_Free:        0
HugePages_Rsvd:        0
HugePages_Surp:        0
Hugepagesize:       2048 kB
Hugetlb:               0 kB
DirectMap4k:      194432 kB
DirectMap2M:     6096896 kB
DirectMap1G:     4194304 kB
---SNAPSHOT---
2026-04-27 00:57:30
MemTotal:        8129240 kB
MemFree:         1170176 kB
MemAvailable:    1225944 kB
Buffers:            4820 kB
Cached:           300104 kB
SwapCached:        47064 kB
Active:          5713724 kB
Inactive:         625444 kB
Active(anon):    5583552 kB
Inactive(anon):   506588 kB
Active(file):     130172 kB
Inactive(file):   118856 kB
Unevictable:          16 kB
Mlocked:              16 kB
SwapTotal:       4194300 kB
SwapFree:        4025916 kB
Zswap:                 0 kB
Zswapped:              0 kB
Dirty:               416 kB
Writeback:             0 kB
AnonPages:       5991516 kB
Mapped:           252948 kB
Shmem:             55960 kB
KReclaimable:      55176 kB
Slab:             283156 kB
SReclaimable:      55176 kB
SUnreclaim:       227980 kB
KernelStack:       18944 kB
PageTables:        65272 kB
SecPageTables:         0 kB
NFS_Unstable:          0 kB
Bounce:                0 kB
WritebackTmp:          0 kB
CommitLimit:     8258920 kB
Committed_AS:   13171888 kB
VmallocTotal:   34359738367 kB
VmallocUsed:       47176 kB
VmallocChunk:          0 kB
Percpu:            13280 kB
HardwareCorrupted:     0 kB
AnonHugePages:   2238464 kB
ShmemHugePages:        0 kB
ShmemPmdMapped:        0 kB
FileHugePages:         0 kB
FilePmdMapped:         0 kB
CmaTotal:              0 kB
CmaFree:               0 kB
Unaccepted:            0 kB
Balloon:               0 kB
HugePages_Total:       0
HugePages_Free:        0
HugePages_Rsvd:        0
HugePages_Surp:        0
Hugepagesize:       2048 kB
Hugetlb:               0 kB
DirectMap4k:      194432 kB
DirectMap2M:     6096896 kB
DirectMap1G:     4194304 kB
---SNAPSHOT---
2026-04-27 00:57:31
MemTotal:        8129240 kB
MemFree:         2062852 kB
MemAvailable:    2118640 kB
Buffers:            4820 kB
Cached:           300108 kB
SwapCached:       234044 kB
Active:          4610856 kB
Inactive:         810812 kB
Active(anon):    4480684 kB
Inactive(anon):   691952 kB
Active(file):     130172 kB
Inactive(file):   118860 kB
Unevictable:          16 kB
Mlocked:              16 kB
SwapTotal:       4194300 kB
SwapFree:        3838852 kB
Zswap:                 0 kB
Zswapped:              0 kB
Dirty:               420 kB
Writeback:          1512 kB
AnonPages:       4889012 kB
Mapped:           252992 kB
Shmem:             55960 kB
KReclaimable:      55208 kB
Slab:             283536 kB
SReclaimable:      55208 kB
SUnreclaim:       228328 kB
KernelStack:       18992 kB
PageTables:        64396 kB
SecPageTables:         0 kB
NFS_Unstable:          0 kB
Bounce:                0 kB
WritebackTmp:          0 kB
CommitLimit:     8258920 kB
Committed_AS:   13172928 kB
VmallocTotal:   34359738367 kB
VmallocUsed:       47256 kB
VmallocChunk:          0 kB
Percpu:            13280 kB
HardwareCorrupted:     0 kB
AnonHugePages:   1591296 kB
ShmemHugePages:        0 kB
ShmemPmdMapped:        0 kB
FileHugePages:         0 kB
FilePmdMapped:         0 kB
CmaTotal:              0 kB
CmaFree:               0 kB
Unaccepted:            0 kB
Balloon:               0 kB
HugePages_Total:       0
HugePages_Free:        0
HugePages_Rsvd:        0
HugePages_Surp:        0
Hugepagesize:       2048 kB
Hugetlb:               0 kB
DirectMap4k:      194432 kB
DirectMap2M:     6096896 kB
DirectMap1G:     4194304 kB
---SNAPSHOT---
2026-04-27 00:57:32
MemTotal:        8129240 kB
MemFree:         1162468 kB
MemAvailable:    1218408 kB
Buffers:            4828 kB
Cached:           300252 kB
SwapCached:       755216 kB
Active:          5020020 kB
Inactive:        1317612 kB
Active(anon):    4889704 kB
Inactive(anon):  1198744 kB
Active(file):     130316 kB
Inactive(file):   118868 kB
Unevictable:          16 kB
Mlocked:              16 kB
SwapTotal:       4194300 kB
SwapFree:        3317764 kB
Zswap:                 0 kB
Zswapped:              0 kB
Dirty:               424 kB
Writeback:         15916 kB
AnonPages:       5284064 kB
Mapped:           253136 kB
Shmem:             55960 kB
KReclaimable:      55208 kB
Slab:             284844 kB
SReclaimable:      55208 kB
SUnreclaim:       229636 kB
KernelStack:       18928 kB
PageTables:        65588 kB
SecPageTables:         0 kB
NFS_Unstable:          0 kB
Bounce:                0 kB
WritebackTmp:          0 kB
CommitLimit:     8258920 kB
Committed_AS:   13171648 kB
VmallocTotal:   34359738367 kB
VmallocUsed:       47192 kB
VmallocChunk:          0 kB
Percpu:            13280 kB
HardwareCorrupted:     0 kB
AnonHugePages:   1513472 kB
ShmemHugePages:        0 kB
ShmemPmdMapped:        0 kB
FileHugePages:         0 kB
FilePmdMapped:         0 kB
CmaTotal:              0 kB
CmaFree:               0 kB
Unaccepted:            0 kB
Balloon:               0 kB
HugePages_Total:       0
HugePages_Free:        0
HugePages_Rsvd:        0
HugePages_Surp:        0
Hugepagesize:       2048 kB
Hugetlb:               0 kB
DirectMap4k:      194432 kB
DirectMap2M:     6096896 kB
DirectMap1G:     4194304 kB
---SNAPSHOT---
2026-04-27 00:57:34
MemTotal:        8129240 kB
MemFree:         1167356 kB
MemAvailable:    1223304 kB
Buffers:            4828 kB
Cached:           300264 kB
SwapCached:       846352 kB
Active:          4936072 kB
Inactive:        1401708 kB
Active(anon):    4805756 kB
Inactive(anon):  1282832 kB
Active(file):     130316 kB
Inactive(file):   118876 kB
Unevictable:          16 kB
Mlocked:              16 kB
SwapTotal:       4194300 kB
SwapFree:        3226628 kB
Zswap:                 0 kB
Zswapped:              0 kB
Dirty:               432 kB
Writeback:         23044 kB
AnonPages:       5193100 kB
Mapped:           253036 kB
Shmem:             55960 kB
KReclaimable:      55208 kB
Slab:             284804 kB
SReclaimable:      55208 kB
SUnreclaim:       229596 kB
KernelStack:       18944 kB
PageTables:        65756 kB
SecPageTables:         0 kB
NFS_Unstable:          0 kB
Bounce:                0 kB
WritebackTmp:          0 kB
CommitLimit:     8258920 kB
Committed_AS:   13171644 kB
VmallocTotal:   34359738367 kB
VmallocUsed:       47240 kB
VmallocChunk:          0 kB
Percpu:            13280 kB
HardwareCorrupted:     0 kB
AnonHugePages:   1421312 kB
ShmemHugePages:        0 kB
ShmemPmdMapped:        0 kB
FileHugePages:         0 kB
FilePmdMapped:         0 kB
CmaTotal:              0 kB
CmaFree:               0 kB
Unaccepted:            0 kB
Balloon:               0 kB
HugePages_Total:       0
HugePages_Free:        0
HugePages_Rsvd:        0
HugePages_Surp:        0
Hugepagesize:       2048 kB
Hugetlb:               0 kB
DirectMap4k:      194432 kB
DirectMap2M:     6096896 kB
DirectMap1G:     4194304 kB
---SNAPSHOT---
2026-04-27 00:57:35
MemTotal:        8129240 kB
MemFree:         1171372 kB
MemAvailable:    1227472 kB
Buffers:            4828 kB
Cached:           300268 kB
SwapCached:       846352 kB
Active:          4925452 kB
Inactive:        1412380 kB
Active(anon):    4795136 kB
Inactive(anon):  1293496 kB
Active(file):     130316 kB
Inactive(file):   118884 kB
Unevictable:          16 kB
Mlocked:              16 kB
SwapTotal:       4194300 kB
SwapFree:        3226628 kB
Zswap:                 0 kB
Zswapped:              0 kB
Dirty:               436 kB
Writeback:         12292 kB
AnonPages:       5193032 kB
Mapped:           253036 kB
Shmem:             55960 kB
KReclaimable:      55496 kB
Slab:             284380 kB
SReclaimable:      55496 kB
SUnreclaim:       228884 kB
KernelStack:       18944 kB
PageTables:        65728 kB
SecPageTables:         0 kB
NFS_Unstable:          0 kB
Bounce:                0 kB
WritebackTmp:          0 kB
CommitLimit:     8258920 kB
Committed_AS:   13171780 kB
VmallocTotal:   34359738367 kB
VmallocUsed:       47208 kB
VmallocChunk:          0 kB
Percpu:            13280 kB
HardwareCorrupted:     0 kB
AnonHugePages:   1421312 kB
ShmemHugePages:        0 kB
ShmemPmdMapped:        0 kB
FileHugePages:         0 kB
FilePmdMapped:         0 kB
CmaTotal:              0 kB
CmaFree:               0 kB
Unaccepted:            0 kB
Balloon:               0 kB
HugePages_Total:       0
HugePages_Free:        0
HugePages_Rsvd:        0
HugePages_Surp:        0
Hugepagesize:       2048 kB
Hugetlb:               0 kB
DirectMap4k:      194432 kB
DirectMap2M:     6096896 kB
DirectMap1G:     4194304 kB
---SNAPSHOT---
2026-04-27 00:57:36
MemTotal:        8129240 kB
MemFree:         1171816 kB
MemAvailable:    1228580 kB
Buffers:            4828 kB
Cached:           300280 kB
SwapCached:       846352 kB
Active:          4919820 kB
Inactive:        1418056 kB
Active(anon):    4789504 kB
Inactive(anon):  1299164 kB
Active(file):     130316 kB
Inactive(file):   118892 kB
Unevictable:          16 kB
Mlocked:              16 kB
SwapTotal:       4194300 kB
SwapFree:        3226628 kB
Zswap:                 0 kB
Zswapped:              0 kB
Dirty:               444 kB
Writeback:          6660 kB
AnonPages:       5193020 kB
Mapped:           253036 kB
Shmem:             55960 kB
KReclaimable:      56808 kB
Slab:             285340 kB
SReclaimable:      56808 kB
SUnreclaim:       228532 kB
KernelStack:       18944 kB
PageTables:        66012 kB
SecPageTables:         0 kB
NFS_Unstable:          0 kB
Bounce:                0 kB
WritebackTmp:          0 kB
CommitLimit:     8258920 kB
Committed_AS:   13171644 kB
VmallocTotal:   34359738367 kB
VmallocUsed:       47224 kB
VmallocChunk:          0 kB
Percpu:            13280 kB
HardwareCorrupted:     0 kB
AnonHugePages:   1421312 kB
ShmemHugePages:        0 kB
ShmemPmdMapped:        0 kB
FileHugePages:         0 kB
FilePmdMapped:         0 kB
CmaTotal:              0 kB
CmaFree:               0 kB
Unaccepted:            0 kB
Balloon:               0 kB
HugePages_Total:       0
HugePages_Free:        0
HugePages_Rsvd:        0
HugePages_Surp:        0
Hugepagesize:       2048 kB
Hugetlb:               0 kB
DirectMap4k:      194432 kB
DirectMap2M:     6096896 kB
DirectMap1G:     4194304 kB
---SNAPSHOT---
2026-04-27 00:57:37
MemTotal:        8129240 kB
MemFree:         1930812 kB
MemAvailable:    1988036 kB
Buffers:            4828 kB
Cached:           300284 kB
SwapCached:       846352 kB
Active:          4161820 kB
Inactive:        1422152 kB
Active(anon):    4031504 kB
Inactive(anon):  1303256 kB
Active(file):     130316 kB
Inactive(file):   118896 kB
Unevictable:          16 kB
Mlocked:              16 kB
SwapTotal:       4194300 kB
SwapFree:        3226628 kB
Zswap:                 0 kB
Zswapped:              0 kB
Dirty:               448 kB
Writeback:          2564 kB
AnonPages:       4402892 kB
Mapped:           253036 kB
Shmem:             55960 kB
KReclaimable:      56808 kB
Slab:             285084 kB
SReclaimable:      56808 kB
SUnreclaim:       228276 kB
KernelStack:       18960 kB
PageTables:        65588 kB
SecPageTables:         0 kB
NFS_Unstable:          0 kB
Bounce:                0 kB
WritebackTmp:          0 kB
CommitLimit:     8258920 kB
Committed_AS:   13171780 kB
VmallocTotal:   34359738367 kB
VmallocUsed:       47224 kB
VmallocChunk:          0 kB
Percpu:            13280 kB
HardwareCorrupted:     0 kB
AnonHugePages:   1431552 kB
ShmemHugePages:        0 kB
ShmemPmdMapped:        0 kB
FileHugePages:         0 kB
FilePmdMapped:         0 kB
CmaTotal:              0 kB
CmaFree:               0 kB
Unaccepted:            0 kB
Balloon:               0 kB
HugePages_Total:       0
HugePages_Free:        0
HugePages_Rsvd:        0
HugePages_Surp:        0
Hugepagesize:       2048 kB
Hugetlb:               0 kB
DirectMap4k:      194432 kB
DirectMap2M:     6096896 kB
DirectMap1G:     4194304 kB
---SNAPSHOT---
2026-04-27 00:57:39
MemTotal:        8129240 kB
MemFree:         3929464 kB
MemAvailable:    3982980 kB
Buffers:            1492 kB
Cached:           300424 kB
SwapCached:       812048 kB
Active:          2153712 kB
Inactive:        1366284 kB
Active(anon):    2020868 kB
Inactive(anon):  1253168 kB
Active(file):     132844 kB
Inactive(file):   113116 kB
Unevictable:          16 kB
Mlocked:              16 kB
SwapTotal:       4194300 kB
SwapFree:        3210756 kB
Zswap:                 0 kB
Zswapped:              0 kB
Dirty:               452 kB
Writeback:         11836 kB
AnonPages:       2412580 kB
Mapped:           252716 kB
Shmem:             55960 kB
KReclaimable:      56808 kB
Slab:             285660 kB
SReclaimable:      56808 kB
SUnreclaim:       228852 kB
KernelStack:       18896 kB
PageTables:        62212 kB
SecPageTables:         0 kB
NFS_Unstable:          0 kB
Bounce:                0 kB
WritebackTmp:          0 kB
CommitLimit:     8258920 kB
Committed_AS:   13171912 kB
VmallocTotal:   34359738367 kB
VmallocUsed:       47192 kB
VmallocChunk:          0 kB
Percpu:            13280 kB
HardwareCorrupted:     0 kB
AnonHugePages:    104448 kB
ShmemHugePages:        0 kB
ShmemPmdMapped:        0 kB
FileHugePages:         0 kB
FilePmdMapped:         0 kB
CmaTotal:              0 kB
CmaFree:               0 kB
Unaccepted:            0 kB
Balloon:               0 kB
HugePages_Total:       0
HugePages_Free:        0
HugePages_Rsvd:        0
HugePages_Surp:        0
Hugepagesize:       2048 kB
Hugetlb:               0 kB
DirectMap4k:      194432 kB
DirectMap2M:     6096896 kB
DirectMap1G:     4194304 kB
---SNAPSHOT---
2026-04-27 00:57:41
MemTotal:        8129240 kB
MemFree:         3459808 kB
MemAvailable:    3513376 kB
Buffers:            1492 kB
Cached:           300468 kB
SwapCached:        47136 kB
Active:          3379044 kB
Inactive:         613232 kB
Active(anon):    3246160 kB
Inactive(anon):   500104 kB
Active(file):     132884 kB
Inactive(file):   113128 kB
Unevictable:          16 kB
Mlocked:              16 kB
SwapTotal:       4194300 kB
SwapFree:        4025916 kB
Zswap:                 0 kB
Zswapped:              0 kB
Dirty:               460 kB
Writeback:           220 kB
AnonPages:       3647352 kB
Mapped:           253028 kB
Shmem:             55960 kB
KReclaimable:      56808 kB
Slab:             285048 kB
SReclaimable:      56808 kB
SUnreclaim:       228240 kB
KernelStack:       18988 kB
PageTables:        60916 kB
SecPageTables:         0 kB
NFS_Unstable:          0 kB
Bounce:                0 kB
WritebackTmp:          0 kB
CommitLimit:     8258920 kB
Committed_AS:   13171996 kB
VmallocTotal:   34359738367 kB
VmallocUsed:       47288 kB
VmallocChunk:          0 kB
Percpu:            13280 kB
HardwareCorrupted:     0 kB
AnonHugePages:   1060864 kB
ShmemHugePages:        0 kB
ShmemPmdMapped:        0 kB
FileHugePages:         0 kB
FilePmdMapped:         0 kB
CmaTotal:              0 kB
CmaFree:               0 kB
Unaccepted:            0 kB
Balloon:               0 kB
HugePages_Total:       0
HugePages_Free:        0
HugePages_Rsvd:        0
HugePages_Surp:        0
Hugepagesize:       2048 kB
Hugetlb:               0 kB
DirectMap4k:      194432 kB
DirectMap2M:     6096896 kB
DirectMap1G:     4194304 kB
---SNAPSHOT---
2026-04-27 00:57:42
MemTotal:        8129240 kB
MemFree:         1147880 kB
MemAvailable:    1201456 kB
Buffers:            1492 kB
Cached:           300472 kB
SwapCached:        47064 kB
Active:          5723524 kB
Inactive:         613160 kB
Active(anon):    5590640 kB
Inactive(anon):   500024 kB
Active(file):     132884 kB
Inactive(file):   113136 kB
Unevictable:          16 kB
Mlocked:              16 kB
SwapTotal:       4194300 kB
SwapFree:        4025916 kB
Zswap:                 0 kB
Zswapped:              0 kB
Dirty:               464 kB
Writeback:             0 kB
AnonPages:       5992352 kB
Mapped:           252864 kB
Shmem:             55960 kB
KReclaimable:      56808 kB
Slab:             284904 kB
SReclaimable:      56808 kB
SUnreclaim:       228096 kB
KernelStack:       18944 kB
PageTables:        65604 kB
SecPageTables:         0 kB
NFS_Unstable:          0 kB
Bounce:                0 kB
WritebackTmp:          0 kB
CommitLimit:     8258920 kB
Committed_AS:   13171524 kB
VmallocTotal:   34359738367 kB
VmallocUsed:       47240 kB
VmallocChunk:          0 kB
Percpu:            13280 kB
HardwareCorrupted:     0 kB
AnonHugePages:   2471936 kB
ShmemHugePages:        0 kB
ShmemPmdMapped:        0 kB
FileHugePages:         0 kB
FilePmdMapped:         0 kB
CmaTotal:              0 kB
CmaFree:               0 kB
Unaccepted:            0 kB
Balloon:               0 kB
HugePages_Total:       0
HugePages_Free:        0
HugePages_Rsvd:        0
HugePages_Surp:        0
Hugepagesize:       2048 kB
Hugetlb:               0 kB
DirectMap4k:      194432 kB
DirectMap2M:     6096896 kB
DirectMap1G:     4194304 kB
---SNAPSHOT---
2026-04-27 00:57:43
MemTotal:        8129240 kB
MemFree:         1889240 kB
MemAvailable:    1942824 kB
Buffers:            1500 kB
Cached:           300472 kB
SwapCached:       320208 kB
Active:          4718432 kB
Inactive:         885400 kB
Active(anon):    4585548 kB
Inactive(anon):   772256 kB
Active(file):     132884 kB
Inactive(file):   113144 kB
Unevictable:          16 kB
Mlocked:              16 kB
SwapTotal:       4194300 kB
SwapFree:        3752704 kB
Zswap:                 0 kB
Zswapped:              0 kB
Dirty:               472 kB
Writeback:           684 kB
AnonPages:       4958956 kB
Mapped:           252864 kB
Shmem:             55960 kB
KReclaimable:      56808 kB
Slab:             284904 kB
SReclaimable:      56808 kB
SUnreclaim:       228096 kB
KernelStack:       19004 kB
PageTables:        64604 kB
SecPageTables:         0 kB
NFS_Unstable:          0 kB
Bounce:                0 kB
WritebackTmp:          0 kB
CommitLimit:     8258920 kB
Committed_AS:   13171644 kB
VmallocTotal:   34359738367 kB
VmallocUsed:       47288 kB
VmallocChunk:          0 kB
Percpu:            13280 kB
HardwareCorrupted:     0 kB
AnonHugePages:   1669120 kB
ShmemHugePages:        0 kB
ShmemPmdMapped:        0 kB
FileHugePages:         0 kB
FilePmdMapped:         0 kB
CmaTotal:              0 kB
CmaFree:               0 kB
Unaccepted:            0 kB
Balloon:               0 kB
HugePages_Total:       0
HugePages_Free:        0
HugePages_Rsvd:        0
HugePages_Surp:        0
Hugepagesize:       2048 kB
Hugetlb:               0 kB
DirectMap4k:      194432 kB
DirectMap2M:     6096896 kB
DirectMap1G:     4194304 kB
---SNAPSHOT---
2026-04-27 00:57:44
MemTotal:        8129240 kB
MemFree:         1418496 kB
MemAvailable:    1472092 kB
Buffers:            1500 kB
Cached:           300484 kB
SwapCached:       792540 kB
Active:          4763316 kB
Inactive:        1334512 kB
Active(anon):    4630432 kB
Inactive(anon):  1221356 kB
Active(file):     132884 kB
Inactive(file):   113156 kB
Unevictable:          16 kB
Mlocked:              16 kB
SwapTotal:       4194300 kB
SwapFree:        3280440 kB
Zswap:                 0 kB
Zswapped:              0 kB
Dirty:               476 kB
Writeback:         24124 kB
AnonPages:       5010060 kB
Mapped:           252864 kB
Shmem:             55960 kB
KReclaimable:      56808 kB
Slab:             286388 kB
SReclaimable:      56808 kB
SUnreclaim:       229580 kB
KernelStack:       19004 kB
PageTables:        65428 kB
SecPageTables:         0 kB
NFS_Unstable:          0 kB
Bounce:                0 kB
WritebackTmp:          0 kB
CommitLimit:     8258920 kB
Committed_AS:   13171776 kB
VmallocTotal:   34359738367 kB
VmallocUsed:       47256 kB
VmallocChunk:          0 kB
Percpu:            13280 kB
HardwareCorrupted:     0 kB
AnonHugePages:   1771520 kB
ShmemHugePages:        0 kB
ShmemPmdMapped:        0 kB
FileHugePages:         0 kB
FilePmdMapped:         0 kB
CmaTotal:              0 kB
CmaFree:               0 kB
Unaccepted:            0 kB
Balloon:               0 kB
HugePages_Total:       0
HugePages_Free:        0
HugePages_Rsvd:        0
HugePages_Surp:        0
Hugepagesize:       2048 kB
Hugetlb:               0 kB
DirectMap4k:      194432 kB
DirectMap2M:     6096896 kB
DirectMap1G:     4194304 kB
---SNAPSHOT---
2026-04-27 00:57:45
MemTotal:        8129240 kB
MemFree:         2040464 kB
MemAvailable:    2094072 kB
Buffers:            1500 kB
Cached:           300560 kB
SwapCached:       792540 kB
Active:          4028588 kB
Inactive:        1346612 kB
Active(anon):    3895696 kB
Inactive(anon):  1233452 kB
Active(file):     132892 kB
Inactive(file):   113160 kB
Unevictable:          16 kB
Mlocked:              16 kB
SwapTotal:       4194300 kB
SwapFree:        3280440 kB
Zswap:                 0 kB
Zswapped:              0 kB
Dirty:               480 kB
Writeback:         11932 kB
AnonPages:       4283768 kB
Mapped:           252864 kB
Shmem:             55960 kB
KReclaimable:      56808 kB
Slab:             285800 kB
SReclaimable:      56808 kB
SUnreclaim:       228992 kB
KernelStack:       19004 kB
PageTables:        64304 kB
SecPageTables:         0 kB
NFS_Unstable:          0 kB
Bounce:                0 kB
WritebackTmp:          0 kB
CommitLimit:     8258920 kB
Committed_AS:   13171764 kB
VmallocTotal:   34359738367 kB
VmallocUsed:       47288 kB
VmallocChunk:          0 kB
Percpu:            13280 kB
HardwareCorrupted:     0 kB
AnonHugePages:    921600 kB
ShmemHugePages:        0 kB
ShmemPmdMapped:        0 kB
FileHugePages:         0 kB
FilePmdMapped:         0 kB
CmaTotal:              0 kB
CmaFree:               0 kB
Unaccepted:            0 kB
Balloon:               0 kB
HugePages_Total:       0
HugePages_Free:        0
HugePages_Rsvd:        0
HugePages_Surp:        0
Hugepagesize:       2048 kB
Hugetlb:               0 kB
DirectMap4k:      194432 kB
DirectMap2M:     6096896 kB
DirectMap1G:     4194304 kB
---SNAPSHOT---
2026-04-27 00:57:46
MemTotal:        8129240 kB
MemFree:         1226204 kB
MemAvailable:    1279876 kB
Buffers:            1500 kB
Cached:           300568 kB
SwapCached:       848860 kB
Active:          4844308 kB
Inactive:        1397860 kB
Active(anon):    4711352 kB
Inactive(anon):  1284700 kB
Active(file):     132956 kB
Inactive(file):   113160 kB
Unevictable:          16 kB
Mlocked:              16 kB
SwapTotal:       4194300 kB
SwapFree:        3224120 kB
Zswap:                 0 kB
Zswapped:              0 kB
Dirty:               488 kB
Writeback:         17056 kB
AnonPages:       5098080 kB
Mapped:           252880 kB
Shmem:             55960 kB
KReclaimable:      56808 kB
Slab:             286160 kB
SReclaimable:      56808 kB
SUnreclaim:       229352 kB
KernelStack:       19004 kB
PageTables:        65564 kB
SecPageTables:         0 kB
NFS_Unstable:          0 kB
Bounce:                0 kB
WritebackTmp:          0 kB
CommitLimit:     8258920 kB
Committed_AS:   13171492 kB
VmallocTotal:   34359738367 kB
VmallocUsed:       47304 kB
VmallocChunk:          0 kB
Percpu:            13280 kB
HardwareCorrupted:     0 kB
AnonHugePages:   1669120 kB
ShmemHugePages:        0 kB
ShmemPmdMapped:        0 kB
FileHugePages:         0 kB
FilePmdMapped:         0 kB
CmaTotal:              0 kB
CmaFree:               0 kB
Unaccepted:            0 kB
Balloon:               0 kB
HugePages_Total:       0
HugePages_Free:        0
HugePages_Rsvd:        0
HugePages_Surp:        0
Hugepagesize:       2048 kB
Hugetlb:               0 kB
DirectMap4k:      194432 kB
DirectMap2M:     6096896 kB
DirectMap1G:     4194304 kB
---SNAPSHOT---
2026-04-27 00:57:47
MemTotal:        8129240 kB
MemFree:         1593588 kB
MemAvailable:    1647272 kB
Buffers:            1500 kB
Cached:           300572 kB
SwapCached:       864220 kB
Active:          4536128 kB
Inactive:        1414388 kB
Active(anon):    4403172 kB
Inactive(anon):  1301216 kB
Active(file):     132956 kB
Inactive(file):   113172 kB
Unevictable:          16 kB
Mlocked:              16 kB
SwapTotal:       4194300 kB
SwapFree:        3208760 kB
Zswap:                 0 kB
Zswapped:              0 kB
Dirty:               492 kB
Writeback:         15916 kB
AnonPages:       4790720 kB
Mapped:           252880 kB
Shmem:             55960 kB
KReclaimable:      56808 kB
Slab:             285948 kB
SReclaimable:      56808 kB
SUnreclaim:       229140 kB
KernelStack:       18944 kB
PageTables:        64712 kB
SecPageTables:         0 kB
NFS_Unstable:          0 kB
Bounce:                0 kB
WritebackTmp:          0 kB
CommitLimit:     8258920 kB
Committed_AS:   13171312 kB
VmallocTotal:   34359738367 kB
VmallocUsed:       47224 kB
VmallocChunk:          0 kB
Percpu:            13280 kB
HardwareCorrupted:     0 kB
AnonHugePages:   1748992 kB
ShmemHugePages:        0 kB
ShmemPmdMapped:        0 kB
FileHugePages:         0 kB
FilePmdMapped:         0 kB
CmaTotal:              0 kB
CmaFree:               0 kB
Unaccepted:            0 kB
Balloon:               0 kB
HugePages_Total:       0
HugePages_Free:        0
HugePages_Rsvd:        0
HugePages_Surp:        0
Hugepagesize:       2048 kB
Hugetlb:               0 kB
DirectMap4k:      194432 kB
DirectMap2M:     6096896 kB
DirectMap1G:     4194304 kB
---SNAPSHOT---
2026-04-27 00:57:48
MemTotal:        8129240 kB
MemFree:         1971096 kB
MemAvailable:    2024784 kB
Buffers:            1508 kB
Cached:           300580 kB
SwapCached:        47200 kB
Active:          4966128 kB
Inactive:         613364 kB
Active(anon):    4833172 kB
Inactive(anon):   500188 kB
Active(file):     132956 kB
Inactive(file):   113176 kB
Unevictable:          16 kB
Mlocked:              16 kB
SwapTotal:       4194300 kB
SwapFree:        4025916 kB
Zswap:                 0 kB
Zswapped:              0 kB
Dirty:               500 kB
Writeback:           184 kB
AnonPages:       5234648 kB
Mapped:           252880 kB
Shmem:             55960 kB
KReclaimable:      56808 kB
Slab:             285032 kB
SReclaimable:      56808 kB
SUnreclaim:       228224 kB
KernelStack:       18944 kB
PageTables:        64180 kB
SecPageTables:         0 kB
NFS_Unstable:          0 kB
Bounce:                0 kB
WritebackTmp:          0 kB
CommitLimit:     8258920 kB
Committed_AS:   13172000 kB
VmallocTotal:   34359738367 kB
VmallocUsed:       47240 kB
VmallocChunk:          0 kB
Percpu:            13280 kB
HardwareCorrupted:     0 kB
AnonHugePages:   1646592 kB
ShmemHugePages:        0 kB
ShmemPmdMapped:        0 kB
FileHugePages:         0 kB
FilePmdMapped:         0 kB
CmaTotal:              0 kB
CmaFree:               0 kB
Unaccepted:            0 kB
Balloon:               0 kB
HugePages_Total:       0
HugePages_Free:        0
HugePages_Rsvd:        0
HugePages_Surp:        0
Hugepagesize:       2048 kB
Hugetlb:               0 kB
DirectMap4k:      194432 kB
DirectMap2M:     6096896 kB
DirectMap1G:     4194304 kB
---SNAPSHOT---
2026-04-27 00:57:49
MemTotal:        8129240 kB
MemFree:         1920440 kB
MemAvailable:    1974276 kB
Buffers:            1772 kB
Cached:           300452 kB
SwapCached:        47064 kB
Active:          5019984 kB
Inactive:         613348 kB
Active(anon):    4887028 kB
Inactive(anon):   500024 kB
Active(file):     132956 kB
Inactive(file):   113324 kB
Unevictable:          16 kB
Mlocked:              16 kB
SwapTotal:       4194300 kB
SwapFree:        4025916 kB
Zswap:                 0 kB
Zswapped:              0 kB
Dirty:               504 kB
Writeback:             0 kB
AnonPages:       5288708 kB
Mapped:           252880 kB
Shmem:             55960 kB
KReclaimable:      56808 kB
Slab:             284960 kB
SReclaimable:      56808 kB
SUnreclaim:       228152 kB
KernelStack:       18960 kB
PageTables:        64340 kB
SecPageTables:         0 kB
NFS_Unstable:          0 kB
Bounce:                0 kB
WritebackTmp:          0 kB
CommitLimit:     8258920 kB
Committed_AS:   13171660 kB
VmallocTotal:   34359738367 kB
VmallocUsed:       47224 kB
VmallocChunk:          0 kB
Percpu:            13280 kB
HardwareCorrupted:     0 kB
AnonHugePages:   1394688 kB
ShmemHugePages:        0 kB
ShmemPmdMapped:        0 kB
FileHugePages:         0 kB
FilePmdMapped:         0 kB
CmaTotal:              0 kB
CmaFree:               0 kB
Unaccepted:            0 kB
Balloon:               0 kB
HugePages_Total:       0
HugePages_Free:        0
HugePages_Rsvd:        0
HugePages_Surp:        0
Hugepagesize:       2048 kB
Hugetlb:               0 kB
DirectMap4k:      194432 kB
DirectMap2M:     6096896 kB
DirectMap1G:     4194304 kB
---SNAPSHOT---
2026-04-27 00:57:50
MemTotal:        8129240 kB
MemFree:         2007008 kB
MemAvailable:    2060988 kB
Buffers:            1772 kB
Cached:           300588 kB
SwapCached:        47064 kB
Active:          4821420 kB
Inactive:         613484 kB
Active(anon):    4688464 kB
Inactive(anon):   500024 kB
Active(file):     132956 kB
Inactive(file):   113460 kB
Unevictable:          16 kB
Mlocked:              16 kB
SwapTotal:       4194300 kB
SwapFree:        3648964 kB
Zswap:                 0 kB
Zswapped:              0 kB
Dirty:               508 kB
Writeback:             0 kB
AnonPages:       5090416 kB
Mapped:           252936 kB
Shmem:             55960 kB
KReclaimable:      56824 kB
Slab:             284972 kB
SReclaimable:      56824 kB
SUnreclaim:       228148 kB
KernelStack:       18928 kB
PageTables:        65468 kB
SecPageTables:         0 kB
NFS_Unstable:          0 kB
Bounce:                0 kB
WritebackTmp:          0 kB
CommitLimit:     8258920 kB
Committed_AS:   13171776 kB
VmallocTotal:   34359738367 kB
VmallocUsed:       47208 kB
VmallocChunk:          0 kB
Percpu:            13280 kB
HardwareCorrupted:     0 kB
AnonHugePages:   2482176 kB
ShmemHugePages:        0 kB
ShmemPmdMapped:        0 kB
FileHugePages:         0 kB
FilePmdMapped:         0 kB
CmaTotal:              0 kB
CmaFree:               0 kB
Unaccepted:            0 kB
Balloon:               0 kB
HugePages_Total:       0
HugePages_Free:        0
HugePages_Rsvd:        0
HugePages_Surp:        0
Hugepagesize:       2048 kB
Hugetlb:               0 kB
DirectMap4k:      194432 kB
DirectMap2M:     6096896 kB
DirectMap1G:     4194304 kB
---SNAPSHOT---
2026-04-27 00:57:51
MemTotal:        8129240 kB
MemFree:         1774396 kB
MemAvailable:    1828388 kB
Buffers:            1772 kB
Cached:           300596 kB
SwapCached:        47064 kB
Active:          5096516 kB
Inactive:         613488 kB
Active(anon):    4963560 kB
Inactive(anon):   500024 kB
Active(file):     132956 kB
Inactive(file):   113464 kB
Unevictable:          16 kB
Mlocked:              16 kB
SwapTotal:       4194300 kB
SwapFree:        4025916 kB
Zswap:                 0 kB
Zswapped:              0 kB
Dirty:               516 kB
Writeback:             0 kB
AnonPages:       5365020 kB
Mapped:           252936 kB
Shmem:             55960 kB
KReclaimable:      56840 kB
Slab:             284984 kB
SReclaimable:      56840 kB
SUnreclaim:       228144 kB
KernelStack:       18944 kB
PageTables:        63984 kB
SecPageTables:         0 kB
NFS_Unstable:          0 kB
Bounce:                0 kB
WritebackTmp:          0 kB
CommitLimit:     8258920 kB
Committed_AS:   13171776 kB
VmallocTotal:   34359738367 kB
VmallocUsed:       47192 kB
VmallocChunk:          0 kB
Percpu:            13280 kB
HardwareCorrupted:     0 kB
AnonHugePages:   2549760 kB
ShmemHugePages:        0 kB
ShmemPmdMapped:        0 kB
FileHugePages:         0 kB
FilePmdMapped:         0 kB
CmaTotal:              0 kB
CmaFree:               0 kB
Unaccepted:            0 kB
Balloon:               0 kB
HugePages_Total:       0
HugePages_Free:        0
HugePages_Rsvd:        0
HugePages_Surp:        0
Hugepagesize:       2048 kB
Hugetlb:               0 kB
DirectMap4k:      194432 kB
DirectMap2M:     6096896 kB
DirectMap1G:     4194304 kB
---SNAPSHOT---
2026-04-27 00:57:52
MemTotal:        8129240 kB
MemFree:         1531180 kB
MemAvailable:    1585188 kB
Buffers:            1772 kB
Cached:           300608 kB
SwapCached:        47064 kB
Active:          5347388 kB
Inactive:         613504 kB
Active(anon):    5214432 kB
Inactive(anon):   500024 kB
Active(file):     132956 kB
Inactive(file):   113480 kB
Unevictable:          16 kB
Mlocked:              16 kB
SwapTotal:       4194300 kB
SwapFree:        4025916 kB
Zswap:                 0 kB
Zswapped:              0 kB
Dirty:               528 kB
Writeback:             0 kB
AnonPages:       5615776 kB
Mapped:           252936 kB
Shmem:             55960 kB
KReclaimable:      56840 kB
Slab:             285000 kB
SReclaimable:      56840 kB
SUnreclaim:       228160 kB
KernelStack:       18880 kB
PageTables:        65236 kB
SecPageTables:         0 kB
NFS_Unstable:          0 kB
Bounce:                0 kB
WritebackTmp:          0 kB
CommitLimit:     8258920 kB
Committed_AS:   13171776 kB
VmallocTotal:   34359738367 kB
VmallocUsed:       47192 kB
VmallocChunk:          0 kB
Percpu:            13280 kB
HardwareCorrupted:     0 kB
AnonHugePages:   2471936 kB
ShmemHugePages:        0 kB
ShmemPmdMapped:        0 kB
FileHugePages:         0 kB
FilePmdMapped:         0 kB
CmaTotal:              0 kB
CmaFree:               0 kB
Unaccepted:            0 kB
Balloon:               0 kB
HugePages_Total:       0
HugePages_Free:        0
HugePages_Rsvd:        0
HugePages_Surp:        0
Hugepagesize:       2048 kB
Hugetlb:               0 kB
DirectMap4k:      194432 kB
DirectMap2M:     6096896 kB
DirectMap1G:     4194304 kB
---SNAPSHOT---
2026-04-27 00:57:53
MemTotal:        8129240 kB
MemFree:         1575956 kB
MemAvailable:    1629964 kB
Buffers:            1788 kB
Cached:           300596 kB
SwapCached:        47064 kB
Active:          5306024 kB
Inactive:         613504 kB
Active(anon):    5173068 kB
Inactive(anon):   500024 kB
Active(file):     132956 kB
Inactive(file):   113480 kB
Unevictable:          16 kB
Mlocked:              16 kB
SwapTotal:       4194300 kB
SwapFree:        4025916 kB
Zswap:                 0 kB
Zswapped:              0 kB
Dirty:               268 kB
Writeback:             0 kB
AnonPages:       5574476 kB
Mapped:           252936 kB
Shmem:             55960 kB
KReclaimable:      56840 kB
Slab:             285000 kB
SReclaimable:      56840 kB
SUnreclaim:       228160 kB
KernelStack:       18944 kB
PageTables:        65008 kB
SecPageTables:         0 kB
NFS_Unstable:          0 kB
Bounce:                0 kB
WritebackTmp:          0 kB
CommitLimit:     8258920 kB
Committed_AS:   13171644 kB
VmallocTotal:   34359738367 kB
VmallocUsed:       47176 kB
VmallocChunk:          0 kB
Percpu:            13280 kB
HardwareCorrupted:     0 kB
AnonHugePages:   2557952 kB
ShmemHugePages:        0 kB
ShmemPmdMapped:        0 kB
FileHugePages:         0 kB
FilePmdMapped:         0 kB
CmaTotal:              0 kB
CmaFree:               0 kB
Unaccepted:            0 kB
Balloon:               0 kB
HugePages_Total:       0
HugePages_Free:        0
HugePages_Rsvd:        0
HugePages_Surp:        0
Hugepagesize:       2048 kB
Hugetlb:               0 kB
DirectMap4k:      194432 kB
DirectMap2M:     6096896 kB
DirectMap1G:     4194304 kB
---SNAPSHOT---
2026-04-27 00:57:54
MemTotal:        8129240 kB
MemFree:         2511040 kB
MemAvailable:    2565072 kB
Buffers:            1788 kB
Cached:           300616 kB
SwapCached:        47064 kB
Active:          4366024 kB
Inactive:         613548 kB
Active(anon):    4233088 kB
Inactive(anon):   500024 kB
Active(file):     132936 kB
Inactive(file):   113524 kB
Unevictable:          16 kB
Mlocked:              16 kB
SwapTotal:       4194300 kB
SwapFree:        4025916 kB
Zswap:                 0 kB
Zswapped:              0 kB
Dirty:               204 kB
Writeback:             0 kB
AnonPages:       4634628 kB
Mapped:           252936 kB
Shmem:             55960 kB
KReclaimable:      56840 kB
Slab:             285000 kB
SReclaimable:      56840 kB
SUnreclaim:       228160 kB
KernelStack:       18884 kB
PageTables:        64372 kB
SecPageTables:         0 kB
NFS_Unstable:          0 kB
Bounce:                0 kB
WritebackTmp:          0 kB
CommitLimit:     8258920 kB
Committed_AS:   13171424 kB
VmallocTotal:   34359738367 kB
VmallocUsed:       47176 kB
VmallocChunk:          0 kB
Percpu:            13280 kB
HardwareCorrupted:     0 kB
AnonHugePages:   2152448 kB
ShmemHugePages:        0 kB
ShmemPmdMapped:        0 kB
FileHugePages:         0 kB
FilePmdMapped:         0 kB
CmaTotal:              0 kB
CmaFree:               0 kB
Unaccepted:            0 kB
Balloon:               0 kB
HugePages_Total:       0
HugePages_Free:        0
HugePages_Rsvd:        0
HugePages_Surp:        0
Hugepagesize:       2048 kB
Hugetlb:               0 kB
DirectMap4k:      194432 kB
DirectMap2M:     6096896 kB
DirectMap1G:     4194304 kB
---SNAPSHOT---
2026-04-27 00:57:55
MemTotal:        8129240 kB
MemFree:         1557616 kB
MemAvailable:    1611652 kB
Buffers:            1788 kB
Cached:           300620 kB
SwapCached:        47064 kB
Active:          5359564 kB
Inactive:         613552 kB
Active(anon):    5226628 kB
Inactive(anon):   500024 kB
Active(file):     132936 kB
Inactive(file):   113528 kB
Unevictable:          16 kB
Mlocked:              16 kB
SwapTotal:       4194300 kB
SwapFree:        4025916 kB
Zswap:                 0 kB
Zswapped:              0 kB
Dirty:               208 kB
Writeback:             0 kB
AnonPages:       5628204 kB
Mapped:           252936 kB
Shmem:             55960 kB
KReclaimable:      56840 kB
Slab:             284992 kB
SReclaimable:      56840 kB
SUnreclaim:       228152 kB
KernelStack:       19004 kB
PageTables:        65792 kB
SecPageTables:         0 kB
NFS_Unstable:          0 kB
Bounce:                0 kB
WritebackTmp:          0 kB
CommitLimit:     8258920 kB
Committed_AS:   13171752 kB
VmallocTotal:   34359738367 kB
VmallocUsed:       47208 kB
VmallocChunk:          0 kB
Percpu:            13280 kB
HardwareCorrupted:     0 kB
AnonHugePages:   2568192 kB
ShmemHugePages:        0 kB
ShmemPmdMapped:        0 kB
FileHugePages:         0 kB
FilePmdMapped:         0 kB
CmaTotal:              0 kB
CmaFree:               0 kB
Unaccepted:            0 kB
Balloon:               0 kB
HugePages_Total:       0
HugePages_Free:        0
HugePages_Rsvd:        0
HugePages_Surp:        0
Hugepagesize:       2048 kB
Hugetlb:               0 kB
DirectMap4k:      194432 kB
DirectMap2M:     6096896 kB
DirectMap1G:     4194304 kB
---SNAPSHOT---
2026-04-27 00:57:56
MemTotal:        8129240 kB
MemFree:         1207536 kB
MemAvailable:    1261704 kB
Buffers:            1932 kB
Cached:           300628 kB
SwapCached:       471768 kB
Active:          5297192 kB
Inactive:        1037976 kB
Active(anon):    5164256 kB
Inactive(anon):   924316 kB
Active(file):     132936 kB
Inactive(file):   113660 kB
Unevictable:          16 kB
Mlocked:              16 kB
SwapTotal:       4194300 kB
SwapFree:        3601000 kB
Zswap:                 0 kB
Zswapped:              0 kB
Dirty:               216 kB
Writeback:           480 kB
AnonPages:       5567508 kB
Mapped:           252936 kB
Shmem:             55960 kB
KReclaimable:      56840 kB
Slab:             285016 kB
SReclaimable:      56840 kB
SUnreclaim:       228176 kB
KernelStack:       18928 kB
PageTables:        65924 kB
SecPageTables:         0 kB
NFS_Unstable:          0 kB
Bounce:                0 kB
WritebackTmp:          0 kB
CommitLimit:     8258920 kB
Committed_AS:   13171888 kB
VmallocTotal:   34359738367 kB
VmallocUsed:       47192 kB
VmallocChunk:          0 kB
Percpu:            13280 kB
HardwareCorrupted:     0 kB
AnonHugePages:   2140160 kB
ShmemHugePages:        0 kB
ShmemPmdMapped:        0 kB
FileHugePages:         0 kB
FilePmdMapped:         0 kB
CmaTotal:              0 kB
CmaFree:               0 kB
Unaccepted:            0 kB
Balloon:               0 kB
HugePages_Total:       0
HugePages_Free:        0
HugePages_Rsvd:        0
HugePages_Surp:        0
Hugepagesize:       2048 kB
Hugetlb:               0 kB
DirectMap4k:      194432 kB
DirectMap2M:     6096896 kB
DirectMap1G:     4194304 kB
---SNAPSHOT---
2026-04-27 00:57:57
MemTotal:        8129240 kB
MemFree:         2087528 kB
MemAvailable:    2141716 kB
Buffers:            1932 kB
Cached:           300632 kB
SwapCached:       869340 kB
Active:          4008056 kB
Inactive:        1419000 kB
Active(anon):    3875120 kB
Inactive(anon):  1305320 kB
Active(file):     132936 kB
Inactive(file):   113680 kB
Unevictable:          16 kB
Mlocked:              16 kB
SwapTotal:       4194300 kB
SwapFree:        3203640 kB
Zswap:                 0 kB
Zswapped:              0 kB
Dirty:               220 kB
Writeback:         17124 kB
AnonPages:       4261836 kB
Mapped:           252936 kB
Shmem:             55960 kB
KReclaimable:      56840 kB
Slab:             286300 kB
SReclaimable:      56840 kB
SUnreclaim:       229460 kB
KernelStack:       19004 kB
PageTables:        64264 kB
SecPageTables:         0 kB
NFS_Unstable:          0 kB
Bounce:                0 kB
WritebackTmp:          0 kB
CommitLimit:     8258920 kB
Committed_AS:   13287092 kB
VmallocTotal:   34359738367 kB
VmallocUsed:       47240 kB
VmallocChunk:          0 kB
Percpu:            13280 kB
HardwareCorrupted:     0 kB
AnonHugePages:   1533952 kB
ShmemHugePages:        0 kB
ShmemPmdMapped:        0 kB
FileHugePages:         0 kB
FilePmdMapped:         0 kB
CmaTotal:              0 kB
CmaFree:               0 kB
Unaccepted:            0 kB
Balloon:               0 kB
HugePages_Total:       0
HugePages_Free:        0
HugePages_Rsvd:        0
HugePages_Surp:        0
Hugepagesize:       2048 kB
Hugetlb:               0 kB
DirectMap4k:      194432 kB
DirectMap2M:     6096896 kB
DirectMap1G:     4194304 kB
---SNAPSHOT---
2026-04-27 00:57:58
MemTotal:        8129240 kB
MemFree:         1680652 kB
MemAvailable:    1735180 kB
Buffers:            1948 kB
Cached:           301072 kB
SwapCached:       799744 kB
Active:          4449860 kB
Inactive:        1364360 kB
Active(anon):    4316608 kB
Inactive(anon):  1250656 kB
Active(file):     133252 kB
Inactive(file):   113704 kB
Unevictable:          16 kB
Mlocked:              16 kB
SwapTotal:       4194300 kB
SwapFree:        3273368 kB
Zswap:                 0 kB
Zswapped:              0 kB
Dirty:               168 kB
Writeback:           716 kB
AnonPages:       4718344 kB
Mapped:           252952 kB
Shmem:             55960 kB
KReclaimable:      56840 kB
Slab:             285232 kB
SReclaimable:      56840 kB
SUnreclaim:       228392 kB
KernelStack:       18988 kB
PageTables:        65224 kB
SecPageTables:         0 kB
NFS_Unstable:          0 kB
Bounce:                0 kB
WritebackTmp:          0 kB
CommitLimit:     8258920 kB
Committed_AS:   13287092 kB
VmallocTotal:   34359738367 kB
VmallocUsed:       47240 kB
VmallocChunk:          0 kB
Percpu:            13280 kB
HardwareCorrupted:     0 kB
AnonHugePages:   1388544 kB
ShmemHugePages:        0 kB
ShmemPmdMapped:        0 kB
FileHugePages:         0 kB
FilePmdMapped:         0 kB
CmaTotal:              0 kB
CmaFree:               0 kB
Unaccepted:            0 kB
Balloon:               0 kB
HugePages_Total:       0
HugePages_Free:        0
HugePages_Rsvd:        0
HugePages_Surp:        0
Hugepagesize:       2048 kB
Hugetlb:               0 kB
DirectMap4k:      194432 kB
DirectMap2M:     6096896 kB
DirectMap1G:     4194304 kB
---SNAPSHOT---
2026-04-27 00:57:59
MemTotal:        8129240 kB
MemFree:         1686272 kB
MemAvailable:    1741348 kB
Buffers:            1948 kB
Cached:           301500 kB
SwapCached:       352704 kB
Active:          4948520 kB
Inactive:         899400 kB
Active(anon):    4814824 kB
Inactive(anon):   785592 kB
Active(file):     133696 kB
Inactive(file):   113808 kB
Unevictable:          16 kB
Mlocked:              16 kB
SwapTotal:       4194300 kB
SwapFree:        3720276 kB
Zswap:                 0 kB
Zswapped:              0 kB
Dirty:                56 kB
Writeback:         20020 kB
AnonPages:       5198364 kB
Mapped:           253040 kB
Shmem:             55960 kB
KReclaimable:      56840 kB
Slab:             286512 kB
SReclaimable:      56840 kB
SUnreclaim:       229672 kB
KernelStack:       18944 kB
PageTables:        64860 kB
SecPageTables:         0 kB
NFS_Unstable:          0 kB
Bounce:                0 kB
WritebackTmp:          0 kB
CommitLimit:     8258920 kB
Committed_AS:   13286980 kB
VmallocTotal:   34359738367 kB
VmallocUsed:       47208 kB
VmallocChunk:          0 kB
Percpu:            13280 kB
HardwareCorrupted:     0 kB
AnonHugePages:   2254848 kB
ShmemHugePages:        0 kB
ShmemPmdMapped:        0 kB
FileHugePages:         0 kB
FilePmdMapped:         0 kB
CmaTotal:              0 kB
CmaFree:               0 kB
Unaccepted:            0 kB
Balloon:               0 kB
HugePages_Total:       0
HugePages_Free:        0
HugePages_Rsvd:        0
HugePages_Surp:        0
Hugepagesize:       2048 kB
Hugetlb:               0 kB
DirectMap4k:      194432 kB
DirectMap2M:     6096896 kB
DirectMap1G:     4194304 kB
---SNAPSHOT---
2026-04-27 00:58:00
MemTotal:        8129240 kB
MemFree:         1098512 kB
MemAvailable:    1153596 kB
Buffers:            1948 kB
Cached:           301508 kB
SwapCached:       647048 kB
Active:          5246060 kB
Inactive:        1205432 kB
Active(anon):    5112364 kB
Inactive(anon):  1091616 kB
Active(file):     133696 kB
Inactive(file):   113816 kB
Unevictable:          16 kB
Mlocked:              16 kB
SwapTotal:       4194300 kB
SwapFree:        3425832 kB
Zswap:                 0 kB
Zswapped:              0 kB
Dirty:                64 kB
Writeback:          8392 kB
AnonPages:       5507756 kB
Mapped:           253040 kB
Shmem:             55960 kB
KReclaimable:      56840 kB
Slab:             286048 kB
SReclaimable:      56840 kB
SUnreclaim:       229208 kB
KernelStack:       18976 kB
PageTables:        66024 kB
SecPageTables:         0 kB
NFS_Unstable:          0 kB
Bounce:                0 kB
WritebackTmp:          0 kB
CommitLimit:     8258920 kB
Committed_AS:   13286596 kB
VmallocTotal:   34359738367 kB
VmallocUsed:       47208 kB
VmallocChunk:          0 kB
Percpu:            13280 kB
HardwareCorrupted:     0 kB
AnonHugePages:   1959936 kB
ShmemHugePages:        0 kB
ShmemPmdMapped:        0 kB
FileHugePages:         0 kB
FilePmdMapped:         0 kB
CmaTotal:              0 kB
CmaFree:               0 kB
Unaccepted:            0 kB
Balloon:               0 kB
HugePages_Total:       0
HugePages_Free:        0
HugePages_Rsvd:        0
HugePages_Surp:        0
Hugepagesize:       2048 kB
Hugetlb:               0 kB
DirectMap4k:      194432 kB
DirectMap2M:     6096896 kB
DirectMap1G:     4194304 kB
---SNAPSHOT---
2026-04-27 00:58:01
MemTotal:        8129240 kB
MemFree:         2103272 kB
MemAvailable:    2158364 kB
Buffers:            1948 kB
Cached:           301516 kB
SwapCached:       822040 kB
Active:          4045608 kB
Inactive:        1381564 kB
Active(anon):    3911912 kB
Inactive(anon):  1267740 kB
Active(file):     133696 kB
Inactive(file):   113824 kB
Unevictable:          16 kB
Mlocked:              16 kB
SwapTotal:       4194300 kB
SwapFree:        3250976 kB
Zswap:                 0 kB
Zswapped:              0 kB
Dirty:                72 kB
Writeback:          7392 kB
AnonPages:       4306128 kB
Mapped:           253040 kB
Shmem:             55960 kB
KReclaimable:      56840 kB
Slab:             285664 kB
SReclaimable:      56840 kB
SUnreclaim:       228824 kB
KernelStack:       18928 kB
PageTables:        64208 kB
SecPageTables:         0 kB
NFS_Unstable:          0 kB
Bounce:                0 kB
WritebackTmp:          0 kB
CommitLimit:     8258920 kB
Committed_AS:   13401956 kB
VmallocTotal:   34359738367 kB
VmallocUsed:       47272 kB
VmallocChunk:          0 kB
Percpu:            13280 kB
HardwareCorrupted:     0 kB
AnonHugePages:   1079296 kB
ShmemHugePages:        0 kB
ShmemPmdMapped:        0 kB
FileHugePages:         0 kB
FilePmdMapped:         0 kB
CmaTotal:              0 kB
CmaFree:               0 kB
Unaccepted:            0 kB
Balloon:               0 kB
HugePages_Total:       0
HugePages_Free:        0
HugePages_Rsvd:        0
HugePages_Surp:        0
Hugepagesize:       2048 kB
Hugetlb:               0 kB
DirectMap4k:      194432 kB
DirectMap2M:     6096896 kB
DirectMap1G:     4194304 kB
---SNAPSHOT---
2026-04-27 00:58:02
MemTotal:        8129240 kB
MemFree:         2108060 kB
MemAvailable:    2163352 kB
Buffers:            2216 kB
Cached:           301520 kB
SwapCached:        47064 kB
Active:          4792812 kB
Inactive:         613600 kB
Active(anon):    4659116 kB
Inactive(anon):   499576 kB
Active(file):     133696 kB
Inactive(file):   114024 kB
Unevictable:          16 kB
Mlocked:              16 kB
SwapTotal:       4194300 kB
SwapFree:        4025916 kB
Zswap:                 0 kB
Zswapped:              0 kB
Dirty:                76 kB
Writeback:             0 kB
AnonPages:       5060320 kB
Mapped:           253040 kB
Shmem:             55960 kB
KReclaimable:      56840 kB
Slab:             285124 kB
SReclaimable:      56840 kB
SUnreclaim:       228284 kB
KernelStack:       18944 kB
PageTables:        64080 kB
SecPageTables:         0 kB
NFS_Unstable:          0 kB
Bounce:                0 kB
WritebackTmp:          0 kB
CommitLimit:     8258920 kB
Committed_AS:   13517148 kB
VmallocTotal:   34359738367 kB
VmallocUsed:       47256 kB
VmallocChunk:          0 kB
Percpu:            13280 kB
HardwareCorrupted:     0 kB
AnonHugePages:   1792000 kB
ShmemHugePages:        0 kB
ShmemPmdMapped:        0 kB
FileHugePages:         0 kB
FilePmdMapped:         0 kB
CmaTotal:              0 kB
CmaFree:               0 kB
Unaccepted:            0 kB
Balloon:               0 kB
HugePages_Total:       0
HugePages_Free:        0
HugePages_Rsvd:        0
HugePages_Surp:        0
Hugepagesize:       2048 kB
Hugetlb:               0 kB
DirectMap4k:      194432 kB
DirectMap2M:     6096896 kB
DirectMap1G:     4194304 kB
---SNAPSHOT---
2026-04-27 00:58:03
MemTotal:        8129240 kB
MemFree:          868836 kB
MemAvailable:     924208 kB
Buffers:            2224 kB
Cached:           301520 kB
SwapCached:        47064 kB
Active:          6070220 kB
Inactive:         613680 kB
Active(anon):    5936524 kB
Inactive(anon):   499576 kB
Active(file):     133696 kB
Inactive(file):   114104 kB
Unevictable:          16 kB
Mlocked:              16 kB
SwapTotal:       4194300 kB
SwapFree:        4025916 kB
Zswap:                 0 kB
Zswapped:              0 kB
Dirty:                84 kB
Writeback:             0 kB
AnonPages:       6337844 kB
Mapped:           253040 kB
Shmem:             55960 kB
KReclaimable:      56840 kB
Slab:             285132 kB
SReclaimable:      56840 kB
SUnreclaim:       228292 kB
KernelStack:       18960 kB
PageTables:        66476 kB
SecPageTables:         0 kB
NFS_Unstable:          0 kB
Bounce:                0 kB
WritebackTmp:          0 kB
CommitLimit:     8258920 kB
Committed_AS:   13517496 kB
VmallocTotal:   34359738367 kB
VmallocUsed:       47224 kB
VmallocChunk:          0 kB
Percpu:            13280 kB
HardwareCorrupted:     0 kB
AnonHugePages:   2584576 kB
ShmemHugePages:        0 kB
ShmemPmdMapped:        0 kB
FileHugePages:         0 kB
FilePmdMapped:         0 kB
CmaTotal:              0 kB
CmaFree:               0 kB
Unaccepted:            0 kB
Balloon:               0 kB
HugePages_Total:       0
HugePages_Free:        0
HugePages_Rsvd:        0
HugePages_Surp:        0
Hugepagesize:       2048 kB
Hugetlb:               0 kB
DirectMap4k:      194432 kB
DirectMap2M:     6096896 kB
DirectMap1G:     4194304 kB
---SNAPSHOT---
2026-04-27 00:58:04
MemTotal:        8129240 kB
MemFree:          877440 kB
MemAvailable:     932816 kB
Buffers:            2224 kB
Cached:           301532 kB
SwapCached:        47064 kB
Active:          6070504 kB
Inactive:         613680 kB
Active(anon):    5936808 kB
Inactive(anon):   499572 kB
Active(file):     133696 kB
Inactive(file):   114108 kB
Unevictable:          16 kB
Mlocked:              16 kB
SwapTotal:       4194300 kB
SwapFree:        4025916 kB
Zswap:                 0 kB
Zswapped:              0 kB
Dirty:                92 kB
Writeback:             0 kB
AnonPages:       6337684 kB
Mapped:           253040 kB
Shmem:             55960 kB
KReclaimable:      56840 kB
Slab:             285144 kB
SReclaimable:      56840 kB
SUnreclaim:       228304 kB
KernelStack:       18944 kB
PageTables:        66420 kB
SecPageTables:         0 kB
NFS_Unstable:          0 kB
Bounce:                0 kB
WritebackTmp:          0 kB
CommitLimit:     8258920 kB
Committed_AS:   13517260 kB
VmallocTotal:   34359738367 kB
VmallocUsed:       47224 kB
VmallocChunk:          0 kB
Percpu:            13280 kB
HardwareCorrupted:     0 kB
AnonHugePages:   2594816 kB
ShmemHugePages:        0 kB
ShmemPmdMapped:        0 kB
FileHugePages:         0 kB
FilePmdMapped:         0 kB
CmaTotal:              0 kB
CmaFree:               0 kB
Unaccepted:            0 kB
Balloon:               0 kB
HugePages_Total:       0
HugePages_Free:        0
HugePages_Rsvd:        0
HugePages_Surp:        0
Hugepagesize:       2048 kB
Hugetlb:               0 kB
DirectMap4k:      194432 kB
DirectMap2M:     6096896 kB
DirectMap1G:     4194304 kB
---SNAPSHOT---
2026-04-27 00:58:05
MemTotal:        8129240 kB
MemFree:         1181032 kB
MemAvailable:    1236408 kB
Buffers:            2224 kB
Cached:           301536 kB
SwapCached:        47064 kB
Active:          5735676 kB
Inactive:         613684 kB
Active(anon):    5601980 kB
Inactive(anon):   499576 kB
Active(file):     133696 kB
Inactive(file):   114108 kB
Unevictable:          16 kB
Mlocked:              16 kB
SwapTotal:       4194300 kB
SwapFree:        4025916 kB
Zswap:                 0 kB
Zswapped:              0 kB
Dirty:                96 kB
Writeback:             0 kB
AnonPages:       6002996 kB
Mapped:           253040 kB
Shmem:             55960 kB
KReclaimable:      56840 kB
Slab:             285172 kB
SReclaimable:      56840 kB
SUnreclaim:       228332 kB
KernelStack:       18960 kB
PageTables:        65676 kB
SecPageTables:         0 kB
NFS_Unstable:          0 kB
Bounce:                0 kB
WritebackTmp:          0 kB
CommitLimit:     8258920 kB
Committed_AS:   13517004 kB
VmallocTotal:   34359738367 kB
VmallocUsed:       47240 kB
VmallocChunk:          0 kB
Percpu:            13280 kB
HardwareCorrupted:     0 kB
AnonHugePages:   1781760 kB
ShmemHugePages:        0 kB
ShmemPmdMapped:        0 kB
FileHugePages:         0 kB
FilePmdMapped:         0 kB
CmaTotal:              0 kB
CmaFree:               0 kB
Unaccepted:            0 kB
Balloon:               0 kB
HugePages_Total:       0
HugePages_Free:        0
HugePages_Rsvd:        0
HugePages_Surp:        0
Hugepagesize:       2048 kB
Hugetlb:               0 kB
DirectMap4k:      194432 kB
DirectMap2M:     6096896 kB
DirectMap1G:     4194304 kB
---SNAPSHOT---
2026-04-27 00:58:06
MemTotal:        8129240 kB
MemFree:          842264 kB
MemAvailable:     897648 kB
Buffers:            2224 kB
Cached:           301544 kB
SwapCached:        47064 kB
Active:          6071112 kB
Inactive:         613692 kB
Active(anon):    5937416 kB
Inactive(anon):   499576 kB
Active(file):     133696 kB
Inactive(file):   114116 kB
Unevictable:          16 kB
Mlocked:              16 kB
SwapTotal:       4194300 kB
SwapFree:        4025916 kB
Zswap:                 0 kB
Zswapped:              0 kB
Dirty:               104 kB
Writeback:             0 kB
AnonPages:       6338612 kB
Mapped:           253040 kB
Shmem:             55960 kB
KReclaimable:      56840 kB
Slab:             285156 kB
SReclaimable:      56840 kB
SUnreclaim:       228316 kB
KernelStack:       18944 kB
PageTables:        66408 kB
SecPageTables:         0 kB
NFS_Unstable:          0 kB
Bounce:                0 kB
WritebackTmp:          0 kB
CommitLimit:     8258920 kB
Committed_AS:   13517272 kB
VmallocTotal:   34359738367 kB
VmallocUsed:       47240 kB
VmallocChunk:          0 kB
Percpu:            13280 kB
HardwareCorrupted:     0 kB
AnonHugePages:   1781760 kB
ShmemHugePages:        0 kB
ShmemPmdMapped:        0 kB
FileHugePages:         0 kB
FilePmdMapped:         0 kB
CmaTotal:              0 kB
CmaFree:               0 kB
Unaccepted:            0 kB
Balloon:               0 kB
HugePages_Total:       0
HugePages_Free:        0
HugePages_Rsvd:        0
HugePages_Surp:        0
Hugepagesize:       2048 kB
Hugetlb:               0 kB
DirectMap4k:      194432 kB
DirectMap2M:     6096896 kB
DirectMap1G:     4194304 kB
---SNAPSHOT---
2026-04-27 00:58:07
MemTotal:        8129240 kB
MemFree:         1695740 kB
MemAvailable:    1751128 kB
Buffers:            2224 kB
Cached:           301548 kB
SwapCached:        47064 kB
Active:          5175184 kB
Inactive:         613696 kB
Active(anon):    5041488 kB
Inactive(anon):   499576 kB
Active(file):     133696 kB
Inactive(file):   114120 kB
Unevictable:          16 kB
Mlocked:              16 kB
SwapTotal:       4194300 kB
SwapFree:        4025916 kB
Zswap:                 0 kB
Zswapped:              0 kB
Dirty:               108 kB
Writeback:             0 kB
AnonPages:       5442668 kB
Mapped:           253040 kB
Shmem:             55960 kB
KReclaimable:      56840 kB
Slab:             285220 kB
SReclaimable:      56840 kB
SUnreclaim:       228380 kB
KernelStack:       18988 kB
PageTables:        64984 kB
SecPageTables:         0 kB
NFS_Unstable:          0 kB
Bounce:                0 kB
WritebackTmp:          0 kB
CommitLimit:     8258920 kB
Committed_AS:   13632812 kB
VmallocTotal:   34359738367 kB
VmallocUsed:       47240 kB
VmallocChunk:          0 kB
Percpu:            13280 kB
HardwareCorrupted:     0 kB
AnonHugePages:   1806336 kB
ShmemHugePages:        0 kB
ShmemPmdMapped:        0 kB
FileHugePages:         0 kB
FilePmdMapped:         0 kB
CmaTotal:              0 kB
CmaFree:               0 kB
Unaccepted:            0 kB
Balloon:               0 kB
HugePages_Total:       0
HugePages_Free:        0
HugePages_Rsvd:        0
HugePages_Surp:        0
Hugepagesize:       2048 kB
Hugetlb:               0 kB
DirectMap4k:      194432 kB
DirectMap2M:     6096896 kB
DirectMap1G:     4194304 kB
---SNAPSHOT---
2026-04-27 00:58:08
MemTotal:        8129240 kB
MemFree:          857068 kB
MemAvailable:     912468 kB
Buffers:            2232 kB
Cached:           301552 kB
SwapCached:        47064 kB
Active:          6070824 kB
Inactive:         613708 kB
Active(anon):    5937128 kB
Inactive(anon):   499576 kB
Active(file):     133696 kB
Inactive(file):   114132 kB
Unevictable:          16 kB
Mlocked:              16 kB
SwapTotal:       4194300 kB
SwapFree:        4025916 kB
Zswap:                 0 kB
Zswapped:              0 kB
Dirty:               120 kB
Writeback:             0 kB
AnonPages:       6338592 kB
Mapped:           253040 kB
Shmem:             55960 kB
KReclaimable:      56840 kB
Slab:             285224 kB
SReclaimable:      56840 kB
SUnreclaim:       228384 kB
KernelStack:       18988 kB
PageTables:        66600 kB
SecPageTables:         0 kB
NFS_Unstable:          0 kB
Bounce:                0 kB
WritebackTmp:          0 kB
CommitLimit:     8258920 kB
Committed_AS:   13517164 kB
VmallocTotal:   34359738367 kB
VmallocUsed:       47240 kB
VmallocChunk:          0 kB
Percpu:            13280 kB
HardwareCorrupted:     0 kB
AnonHugePages:   2527232 kB
ShmemHugePages:        0 kB
ShmemPmdMapped:        0 kB
FileHugePages:         0 kB
FilePmdMapped:         0 kB
CmaTotal:              0 kB
CmaFree:               0 kB
Unaccepted:            0 kB
Balloon:               0 kB
HugePages_Total:       0
HugePages_Free:        0
HugePages_Rsvd:        0
HugePages_Surp:        0
Hugepagesize:       2048 kB
Hugetlb:               0 kB
DirectMap4k:      194432 kB
DirectMap2M:     6096896 kB
DirectMap1G:     4194304 kB
---SNAPSHOT---
2026-04-27 00:58:09
MemTotal:        8129240 kB
MemFree:          857156 kB
MemAvailable:     912568 kB
Buffers:            2232 kB
Cached:           301564 kB
SwapCached:        47064 kB
Active:          6071088 kB
Inactive:         613720 kB
Active(anon):    5937392 kB
Inactive(anon):   499576 kB
Active(file):     133696 kB
Inactive(file):   114144 kB
Unevictable:          16 kB
Mlocked:              16 kB
SwapTotal:       4194300 kB
SwapFree:        4025916 kB
Zswap:                 0 kB
Zswapped:              0 kB
Dirty:               124 kB
Writeback:             0 kB
AnonPages:       6338756 kB
Mapped:           253268 kB
Shmem:             55960 kB
KReclaimable:      56840 kB
Slab:             285236 kB
SReclaimable:      56840 kB
SUnreclaim:       228396 kB
KernelStack:       19004 kB
PageTables:        66404 kB
SecPageTables:         0 kB
NFS_Unstable:          0 kB
Bounce:                0 kB
WritebackTmp:          0 kB
CommitLimit:     8258920 kB
Committed_AS:   13517292 kB
VmallocTotal:   34359738367 kB
VmallocUsed:       47256 kB
VmallocChunk:          0 kB
Percpu:            13280 kB
HardwareCorrupted:     0 kB
AnonHugePages:   2527232 kB
ShmemHugePages:        0 kB
ShmemPmdMapped:        0 kB
FileHugePages:         0 kB
FilePmdMapped:         0 kB
CmaTotal:              0 kB
CmaFree:               0 kB
Unaccepted:            0 kB
Balloon:               0 kB
HugePages_Total:       0
HugePages_Free:        0
HugePages_Rsvd:        0
HugePages_Surp:        0
Hugepagesize:       2048 kB
Hugetlb:               0 kB
DirectMap4k:      194432 kB
DirectMap2M:     6096896 kB
DirectMap1G:     4194304 kB
---SNAPSHOT---
2026-04-27 00:58:10
MemTotal:        8129240 kB
MemFree:          856992 kB
MemAvailable:     912416 kB
Buffers:            2232 kB
Cached:           301568 kB
SwapCached:        47064 kB
Active:          6071408 kB
Inactive:         613732 kB
Active(anon):    5937712 kB
Inactive(anon):   499576 kB
Active(file):     133696 kB
Inactive(file):   114156 kB
Unevictable:          16 kB
Mlocked:              16 kB
SwapTotal:       4194300 kB
SwapFree:        4025916 kB
Zswap:                 0 kB
Zswapped:              0 kB
Dirty:               128 kB
Writeback:             0 kB
AnonPages:       6338528 kB
Mapped:           253040 kB
Shmem:             55960 kB
KReclaimable:      56840 kB
Slab:             285224 kB
SReclaimable:      56840 kB
SUnreclaim:       228384 kB
KernelStack:       18944 kB
PageTables:        66628 kB
SecPageTables:         0 kB
NFS_Unstable:          0 kB
Bounce:                0 kB
WritebackTmp:          0 kB
CommitLimit:     8258920 kB
Committed_AS:   13517316 kB
VmallocTotal:   34359738367 kB
VmallocUsed:       47240 kB
VmallocChunk:          0 kB
Percpu:            13280 kB
HardwareCorrupted:     0 kB
AnonHugePages:   2527232 kB
ShmemHugePages:        0 kB
ShmemPmdMapped:        0 kB
FileHugePages:         0 kB
FilePmdMapped:         0 kB
CmaTotal:              0 kB
CmaFree:               0 kB
Unaccepted:            0 kB
Balloon:               0 kB
HugePages_Total:       0
HugePages_Free:        0
HugePages_Rsvd:        0
HugePages_Surp:        0
Hugepagesize:       2048 kB
Hugetlb:               0 kB
DirectMap4k:      194432 kB
DirectMap2M:     6096896 kB
DirectMap1G:     4194304 kB
---SNAPSHOT---
2026-04-27 00:58:11
MemTotal:        8129240 kB
MemFree:          856092 kB
MemAvailable:     911524 kB
Buffers:            2232 kB
Cached:           301576 kB
SwapCached:        47064 kB
Active:          6071472 kB
Inactive:         613740 kB
Active(anon):    5937776 kB
Inactive(anon):   499576 kB
Active(file):     133696 kB
Inactive(file):   114164 kB
Unevictable:          16 kB
Mlocked:              16 kB
SwapTotal:       4194300 kB
SwapFree:        4025916 kB
Zswap:                 0 kB
Zswapped:              0 kB
Dirty:               136 kB
Writeback:             0 kB
AnonPages:       6338792 kB
Mapped:           253040 kB
Shmem:             55960 kB
KReclaimable:      56840 kB
Slab:             285216 kB
SReclaimable:      56840 kB
SUnreclaim:       228376 kB
KernelStack:       18944 kB
PageTables:        66656 kB
SecPageTables:         0 kB
NFS_Unstable:          0 kB
Bounce:                0 kB
WritebackTmp:          0 kB
CommitLimit:     8258920 kB
Committed_AS:   13517328 kB
VmallocTotal:   34359738367 kB
VmallocUsed:       47256 kB
VmallocChunk:          0 kB
Percpu:            13280 kB
HardwareCorrupted:     0 kB
AnonHugePages:   2527232 kB
ShmemHugePages:        0 kB
ShmemPmdMapped:        0 kB
FileHugePages:         0 kB
FilePmdMapped:         0 kB
CmaTotal:              0 kB
CmaFree:               0 kB
Unaccepted:            0 kB
Balloon:               0 kB
HugePages_Total:       0
HugePages_Free:        0
HugePages_Rsvd:        0
HugePages_Surp:        0
Hugepagesize:       2048 kB
Hugetlb:               0 kB
DirectMap4k:      194432 kB
DirectMap2M:     6096896 kB
DirectMap1G:     4194304 kB
---SNAPSHOT---
2026-04-27 00:58:12
MemTotal:        8129240 kB
MemFree:         1211608 kB
MemAvailable:    1267044 kB
Buffers:            2232 kB
Cached:           301580 kB
SwapCached:        47064 kB
Active:          5716960 kB
Inactive:         613744 kB
Active(anon):    5583264 kB
Inactive(anon):   499576 kB
Active(file):     133696 kB
Inactive(file):   114168 kB
Unevictable:          16 kB
Mlocked:              16 kB
SwapTotal:       4194300 kB
SwapFree:        4025916 kB
Zswap:                 0 kB
Zswapped:              0 kB
Dirty:               140 kB
Writeback:             0 kB
AnonPages:       5984424 kB
Mapped:           253040 kB
Shmem:             55960 kB
KReclaimable:      56840 kB
Slab:             285220 kB
SReclaimable:      56840 kB
SUnreclaim:       228380 kB
KernelStack:       18944 kB
PageTables:        65868 kB
SecPageTables:         0 kB
NFS_Unstable:          0 kB
Bounce:                0 kB
WritebackTmp:          0 kB
CommitLimit:     8258920 kB
Committed_AS:   13401956 kB
VmallocTotal:   34359738367 kB
VmallocUsed:       47256 kB
VmallocChunk:          0 kB
Percpu:            13280 kB
HardwareCorrupted:     0 kB
AnonHugePages:   2322432 kB
ShmemHugePages:        0 kB
ShmemPmdMapped:        0 kB
FileHugePages:         0 kB
FilePmdMapped:         0 kB
CmaTotal:              0 kB
CmaFree:               0 kB
Unaccepted:            0 kB
Balloon:               0 kB
HugePages_Total:       0
HugePages_Free:        0
HugePages_Rsvd:        0
HugePages_Surp:        0
Hugepagesize:       2048 kB
Hugetlb:               0 kB
DirectMap4k:      194432 kB
DirectMap2M:     6096896 kB
DirectMap1G:     4194304 kB
---SNAPSHOT---
2026-04-27 00:58:13
MemTotal:        8129240 kB
MemFree:          967560 kB
MemAvailable:    1023000 kB
Buffers:            2240 kB
Cached:           301580 kB
SwapCached:        47064 kB
Active:          5955828 kB
Inactive:         613748 kB
Active(anon):    5822132 kB
Inactive(anon):   499576 kB
Active(file):     133696 kB
Inactive(file):   114172 kB
Unevictable:          16 kB
Mlocked:              16 kB
SwapTotal:       4194300 kB
SwapFree:        4025916 kB
Zswap:                 0 kB
Zswapped:              0 kB
Dirty:               148 kB
Writeback:             0 kB
AnonPages:       6223164 kB
Mapped:           253040 kB
Shmem:             55960 kB
KReclaimable:      56840 kB
Slab:             285224 kB
SReclaimable:      56840 kB
SUnreclaim:       228384 kB
KernelStack:       18944 kB
PageTables:        66284 kB
SecPageTables:         0 kB
NFS_Unstable:          0 kB
Bounce:                0 kB
WritebackTmp:          0 kB
CommitLimit:     8258920 kB
Committed_AS:   13401956 kB
VmallocTotal:   34359738367 kB
VmallocUsed:       47272 kB
VmallocChunk:          0 kB
Percpu:            13280 kB
HardwareCorrupted:     0 kB
AnonHugePages:   2525184 kB
ShmemHugePages:        0 kB
ShmemPmdMapped:        0 kB
FileHugePages:         0 kB
FilePmdMapped:         0 kB
CmaTotal:              0 kB
CmaFree:               0 kB
Unaccepted:            0 kB
Balloon:               0 kB
HugePages_Total:       0
HugePages_Free:        0
HugePages_Rsvd:        0
HugePages_Surp:        0
Hugepagesize:       2048 kB
Hugetlb:               0 kB
DirectMap4k:      194432 kB
DirectMap2M:     6096896 kB
DirectMap1G:     4194304 kB
---SNAPSHOT---
2026-04-27 00:58:14
MemTotal:        8129240 kB
MemFree:          966408 kB
MemAvailable:    1021856 kB
Buffers:            2240 kB
Cached:           301592 kB
SwapCached:        47064 kB
Active:          5957788 kB
Inactive:         613756 kB
Active(anon):    5824092 kB
Inactive(anon):   499576 kB
Active(file):     133696 kB
Inactive(file):   114180 kB
Unevictable:          16 kB
Mlocked:              16 kB
SwapTotal:       4194300 kB
SwapFree:        4025916 kB
Zswap:                 0 kB
Zswapped:              0 kB
Dirty:               152 kB
Writeback:             0 kB
AnonPages:       6225308 kB
Mapped:           253040 kB
Shmem:             55960 kB
KReclaimable:      56840 kB
Slab:             285232 kB
SReclaimable:      56840 kB
SUnreclaim:       228392 kB
KernelStack:       18944 kB
PageTables:        66404 kB
SecPageTables:         0 kB
NFS_Unstable:          0 kB
Bounce:                0 kB
WritebackTmp:          0 kB
CommitLimit:     8258920 kB
Committed_AS:   13402704 kB
VmallocTotal:   34359738367 kB
VmallocUsed:       47240 kB
VmallocChunk:          0 kB
Percpu:            13280 kB
HardwareCorrupted:     0 kB
AnonHugePages:   2525184 kB
ShmemHugePages:        0 kB
ShmemPmdMapped:        0 kB
FileHugePages:         0 kB
FilePmdMapped:         0 kB
CmaTotal:              0 kB
CmaFree:               0 kB
Unaccepted:            0 kB
Balloon:               0 kB
HugePages_Total:       0
HugePages_Free:        0
HugePages_Rsvd:        0
HugePages_Surp:        0
Hugepagesize:       2048 kB
Hugetlb:               0 kB
DirectMap4k:      194432 kB
DirectMap2M:     6096896 kB
DirectMap1G:     4194304 kB
---SNAPSHOT---
2026-04-27 00:58:15
MemTotal:        8129240 kB
MemFree:         1686168 kB
MemAvailable:    1741396 kB
Buffers:            2240 kB
Cached:           301596 kB
SwapCached:        47064 kB
Active:          5229128 kB
Inactive:         613764 kB
Active(anon):    5095432 kB
Inactive(anon):   499576 kB
Active(file):     133696 kB
Inactive(file):   114188 kB
Unevictable:          16 kB
Mlocked:              16 kB
SwapTotal:       4194300 kB
SwapFree:        4025916 kB
Zswap:                 0 kB
Zswapped:              0 kB
Dirty:               156 kB
Writeback:             0 kB
AnonPages:       5496160 kB
Mapped:           253268 kB
Shmem:             55960 kB
KReclaimable:      56840 kB
Slab:             285228 kB
SReclaimable:      56840 kB
SUnreclaim:       228388 kB
KernelStack:       18956 kB
PageTables:        64772 kB
SecPageTables:         0 kB
NFS_Unstable:          0 kB
Bounce:                0 kB
WritebackTmp:          0 kB
CommitLimit:     8258920 kB
Committed_AS:   13288508 kB
VmallocTotal:   34359738367 kB
VmallocUsed:       47256 kB
VmallocChunk:          0 kB
Percpu:            13280 kB
HardwareCorrupted:     0 kB
AnonHugePages:   2600960 kB
ShmemHugePages:        0 kB
ShmemPmdMapped:        0 kB
FileHugePages:         0 kB
FilePmdMapped:         0 kB
CmaTotal:              0 kB
CmaFree:               0 kB
Unaccepted:            0 kB
Balloon:               0 kB
HugePages_Total:       0
HugePages_Free:        0
HugePages_Rsvd:        0
HugePages_Surp:        0
Hugepagesize:       2048 kB
Hugetlb:               0 kB
DirectMap4k:      194432 kB
DirectMap2M:     6096896 kB
DirectMap1G:     4194304 kB
---SNAPSHOT---
2026-04-27 00:58:16
MemTotal:        8129240 kB
MemFree:         1079856 kB
MemAvailable:    1135316 kB
Buffers:            2240 kB
Cached:           301604 kB
SwapCached:        47064 kB
Active:          5841128 kB
Inactive:         613768 kB
Active(anon):    5707432 kB
Inactive(anon):   499576 kB
Active(file):     133696 kB
Inactive(file):   114192 kB
Unevictable:          16 kB
Mlocked:              16 kB
SwapTotal:       4194300 kB
SwapFree:        4025916 kB
Zswap:                 0 kB
Zswapped:              0 kB
Dirty:               164 kB
Writeback:             0 kB
AnonPages:       6108252 kB
Mapped:           253040 kB
Shmem:             55960 kB
KReclaimable:      56840 kB
Slab:             285224 kB
SReclaimable:      56840 kB
SUnreclaim:       228384 kB
KernelStack:       19004 kB
PageTables:        65928 kB
SecPageTables:         0 kB
NFS_Unstable:          0 kB
Bounce:                0 kB
WritebackTmp:          0 kB
CommitLimit:     8258920 kB
Committed_AS:   13288264 kB
VmallocTotal:   34359738367 kB
VmallocUsed:       47256 kB
VmallocChunk:          0 kB
Percpu:            13280 kB
HardwareCorrupted:     0 kB
AnonHugePages:   2600960 kB
ShmemHugePages:        0 kB
ShmemPmdMapped:        0 kB
FileHugePages:         0 kB
FilePmdMapped:         0 kB
CmaTotal:              0 kB
CmaFree:               0 kB
Unaccepted:            0 kB
Balloon:               0 kB
HugePages_Total:       0
HugePages_Free:        0
HugePages_Rsvd:        0
HugePages_Surp:        0
Hugepagesize:       2048 kB
Hugetlb:               0 kB
DirectMap4k:      194432 kB
DirectMap2M:     6096896 kB
DirectMap1G:     4194304 kB
---SNAPSHOT---
2026-04-27 00:58:17
MemTotal:        8129240 kB
MemFree:         2003464 kB
MemAvailable:    2058936 kB
Buffers:            2240 kB
Cached:           301612 kB
SwapCached:        47064 kB
Active:          4927840 kB
Inactive:         613780 kB
Active(anon):    4794144 kB
Inactive(anon):   499576 kB
Active(file):     133696 kB
Inactive(file):   114204 kB
Unevictable:          16 kB
Mlocked:              16 kB
SwapTotal:       4194300 kB
SwapFree:        4025916 kB
Zswap:                 0 kB
Zswapped:              0 kB
Dirty:               172 kB
Writeback:             0 kB
AnonPages:       5195220 kB
Mapped:           253040 kB
Shmem:             55960 kB
KReclaimable:      56840 kB
Slab:             285224 kB
SReclaimable:      56840 kB
SUnreclaim:       228384 kB
KernelStack:       18944 kB
PageTables:        64592 kB
SecPageTables:         0 kB
NFS_Unstable:          0 kB
Bounce:                0 kB
WritebackTmp:          0 kB
CommitLimit:     8258920 kB
Committed_AS:   13172832 kB
VmallocTotal:   34359738367 kB
VmallocUsed:       47224 kB
VmallocChunk:          0 kB
Percpu:            13280 kB
HardwareCorrupted:     0 kB
AnonHugePages:   1746944 kB
ShmemHugePages:        0 kB
ShmemPmdMapped:        0 kB
FileHugePages:         0 kB
FilePmdMapped:         0 kB
CmaTotal:              0 kB
CmaFree:               0 kB
Unaccepted:            0 kB
Balloon:               0 kB
HugePages_Total:       0
HugePages_Free:        0
HugePages_Rsvd:        0
HugePages_Surp:        0
Hugepagesize:       2048 kB
Hugetlb:               0 kB
DirectMap4k:      194432 kB
DirectMap2M:     6096896 kB
DirectMap1G:     4194304 kB
---SNAPSHOT---
2026-04-27 00:58:18
MemTotal:        8129240 kB
MemFree:         1203592 kB
MemAvailable:    1259068 kB
Buffers:            2248 kB
Cached:           301612 kB
SwapCached:        47064 kB
Active:          5725564 kB
Inactive:         613784 kB
Active(anon):    5591868 kB
Inactive(anon):   499576 kB
Active(file):     133696 kB
Inactive(file):   114208 kB
Unevictable:          16 kB
Mlocked:              16 kB
SwapTotal:       4194300 kB
SwapFree:        4025916 kB
Zswap:                 0 kB
Zswapped:              0 kB
Dirty:               180 kB
Writeback:             0 kB
AnonPages:       5993032 kB
Mapped:           253040 kB
Shmem:             55960 kB
KReclaimable:      56840 kB
Slab:             285212 kB
SReclaimable:      56840 kB
SUnreclaim:       228372 kB
KernelStack:       18944 kB
PageTables:        66172 kB
SecPageTables:         0 kB
NFS_Unstable:          0 kB
Bounce:                0 kB
WritebackTmp:          0 kB
CommitLimit:     8258920 kB
Committed_AS:   13173060 kB
VmallocTotal:   34359738367 kB
VmallocUsed:       47224 kB
VmallocChunk:          0 kB
Percpu:            13280 kB
HardwareCorrupted:     0 kB
AnonHugePages:   2543616 kB
ShmemHugePages:        0 kB
ShmemPmdMapped:        0 kB
FileHugePages:         0 kB
FilePmdMapped:         0 kB
CmaTotal:              0 kB
CmaFree:               0 kB
Unaccepted:            0 kB
Balloon:               0 kB
HugePages_Total:       0
HugePages_Free:        0
HugePages_Rsvd:        0
HugePages_Surp:        0
Hugepagesize:       2048 kB
Hugetlb:               0 kB
DirectMap4k:      194432 kB
DirectMap2M:     6096896 kB
DirectMap1G:     4194304 kB
---SNAPSHOT---
2026-04-27 00:58:19
MemTotal:        8129240 kB
MemFree:         1207060 kB
MemAvailable:    1262544 kB
Buffers:            2248 kB
Cached:           301624 kB
SwapCached:        47064 kB
Active:          5725772 kB
Inactive:         613792 kB
Active(anon):    5592076 kB
Inactive(anon):   499576 kB
Active(file):     133696 kB
Inactive(file):   114216 kB
Unevictable:          16 kB
Mlocked:              16 kB
SwapTotal:       4194300 kB
SwapFree:        4025916 kB
Zswap:                 0 kB
Zswapped:              0 kB
Dirty:               184 kB
Writeback:             0 kB
AnonPages:       5993204 kB
Mapped:           253040 kB
Shmem:             55960 kB
KReclaimable:      56840 kB
Slab:             285216 kB
SReclaimable:      56840 kB
SUnreclaim:       228376 kB
KernelStack:       19004 kB
PageTables:        65972 kB
SecPageTables:         0 kB
NFS_Unstable:          0 kB
Bounce:                0 kB
WritebackTmp:          0 kB
CommitLimit:     8258920 kB
Committed_AS:   13173060 kB
VmallocTotal:   34359738367 kB
VmallocUsed:       47256 kB
VmallocChunk:          0 kB
Percpu:            13280 kB
HardwareCorrupted:     0 kB
AnonHugePages:   2543616 kB
ShmemHugePages:        0 kB
ShmemPmdMapped:        0 kB
FileHugePages:         0 kB
FilePmdMapped:         0 kB
CmaTotal:              0 kB
CmaFree:               0 kB
Unaccepted:            0 kB
Balloon:               0 kB
HugePages_Total:       0
HugePages_Free:        0
HugePages_Rsvd:        0
HugePages_Surp:        0
Hugepagesize:       2048 kB
Hugetlb:               0 kB
DirectMap4k:      194432 kB
DirectMap2M:     6096896 kB
DirectMap1G:     4194304 kB
---SNAPSHOT---
2026-04-27 00:58:20
MemTotal:        8129240 kB
MemFree:         1210704 kB
MemAvailable:    1266208 kB
Buffers:            2248 kB
Cached:           301628 kB
SwapCached:        47064 kB
Active:          5725720 kB
Inactive:         613812 kB
Active(anon):    5592024 kB
Inactive(anon):   499576 kB
Active(file):     133696 kB
Inactive(file):   114236 kB
Unevictable:          16 kB
Mlocked:              16 kB
SwapTotal:       4194300 kB
SwapFree:        4025916 kB
Zswap:                 0 kB
Zswapped:              0 kB
Dirty:               188 kB
Writeback:             0 kB
AnonPages:       5993192 kB
Mapped:           253040 kB
Shmem:             55960 kB
KReclaimable:      56840 kB
Slab:             285224 kB
SReclaimable:      56840 kB
SUnreclaim:       228384 kB
KernelStack:       19004 kB
PageTables:        65968 kB
SecPageTables:         0 kB
NFS_Unstable:          0 kB
Bounce:                0 kB
WritebackTmp:          0 kB
CommitLimit:     8258920 kB
Committed_AS:   13172456 kB
VmallocTotal:   34359738367 kB
VmallocUsed:       47256 kB
VmallocChunk:          0 kB
Percpu:            13280 kB
HardwareCorrupted:     0 kB
AnonHugePages:   2543616 kB
ShmemHugePages:        0 kB
ShmemPmdMapped:        0 kB
FileHugePages:         0 kB
FilePmdMapped:         0 kB
CmaTotal:              0 kB
CmaFree:               0 kB
Unaccepted:            0 kB
Balloon:               0 kB
HugePages_Total:       0
HugePages_Free:        0
HugePages_Rsvd:        0
HugePages_Surp:        0
Hugepagesize:       2048 kB
Hugetlb:               0 kB
DirectMap4k:      194432 kB
DirectMap2M:     6096896 kB
DirectMap1G:     4194304 kB
---SNAPSHOT---
2026-04-27 00:58:21
MemTotal:        8129240 kB
MemFree:         1205244 kB
MemAvailable:    1260752 kB
Buffers:            2248 kB
Cached:           301636 kB
SwapCached:        47064 kB
Active:          5725784 kB
Inactive:         613816 kB
Active(anon):    5592088 kB
Inactive(anon):   499576 kB
Active(file):     133696 kB
Inactive(file):   114240 kB
Unevictable:          16 kB
Mlocked:              16 kB
SwapTotal:       4194300 kB
SwapFree:        4025916 kB
Zswap:                 0 kB
Zswapped:              0 kB
Dirty:               196 kB
Writeback:             0 kB
AnonPages:       5993192 kB
Mapped:           253040 kB
Shmem:             55960 kB
KReclaimable:      56840 kB
Slab:             285220 kB
SReclaimable:      56840 kB
SUnreclaim:       228380 kB
KernelStack:       19004 kB
PageTables:        65960 kB
SecPageTables:         0 kB
NFS_Unstable:          0 kB
Bounce:                0 kB
WritebackTmp:          0 kB
CommitLimit:     8258920 kB
Committed_AS:   13172944 kB
VmallocTotal:   34359738367 kB
VmallocUsed:       47288 kB
VmallocChunk:          0 kB
Percpu:            13280 kB
HardwareCorrupted:     0 kB
AnonHugePages:   2686976 kB
ShmemHugePages:        0 kB
ShmemPmdMapped:        0 kB
FileHugePages:         0 kB
FilePmdMapped:         0 kB
CmaTotal:              0 kB
CmaFree:               0 kB
Unaccepted:            0 kB
Balloon:               0 kB
HugePages_Total:       0
HugePages_Free:        0
HugePages_Rsvd:        0
HugePages_Surp:        0
Hugepagesize:       2048 kB
Hugetlb:               0 kB
DirectMap4k:      194432 kB
DirectMap2M:     6096896 kB
DirectMap1G:     4194304 kB
---SNAPSHOT---
2026-04-27 00:58:22
MemTotal:        8129240 kB
MemFree:         1218292 kB
MemAvailable:    1273808 kB
Buffers:            2248 kB
Cached:           301640 kB
SwapCached:        47064 kB
Active:          5711700 kB
Inactive:         613824 kB
Active(anon):    5578004 kB
Inactive(anon):   499576 kB
Active(file):     133696 kB
Inactive(file):   114248 kB
Unevictable:          16 kB
Mlocked:              16 kB
SwapTotal:       4194300 kB
SwapFree:        4025916 kB
Zswap:                 0 kB
Zswapped:              0 kB
Dirty:               200 kB
Writeback:             0 kB
AnonPages:       5979140 kB
Mapped:           253040 kB
Shmem:             55960 kB
KReclaimable:      56840 kB
Slab:             285232 kB
SReclaimable:      56840 kB
SUnreclaim:       228392 kB
KernelStack:       18944 kB
PageTables:        65740 kB
SecPageTables:         0 kB
NFS_Unstable:          0 kB
Bounce:                0 kB
WritebackTmp:          0 kB
CommitLimit:     8258920 kB
Committed_AS:   13172684 kB
VmallocTotal:   34359738367 kB
VmallocUsed:       47272 kB
VmallocChunk:          0 kB
Percpu:            13280 kB
HardwareCorrupted:     0 kB
AnonHugePages:   2674688 kB
ShmemHugePages:        0 kB
ShmemPmdMapped:        0 kB
FileHugePages:         0 kB
FilePmdMapped:         0 kB
CmaTotal:              0 kB
CmaFree:               0 kB
Unaccepted:            0 kB
Balloon:               0 kB
HugePages_Total:       0
HugePages_Free:        0
HugePages_Rsvd:        0
HugePages_Surp:        0
Hugepagesize:       2048 kB
Hugetlb:               0 kB
DirectMap4k:      194432 kB
DirectMap2M:     6096896 kB
DirectMap1G:     4194304 kB
---SNAPSHOT---
2026-04-27 00:58:23
MemTotal:        8129240 kB
MemFree:         1210280 kB
MemAvailable:    1265804 kB
Buffers:            2256 kB
Cached:           301640 kB
SwapCached:        47064 kB
Active:          5725712 kB
Inactive:         613832 kB
Active(anon):    5592016 kB
Inactive(anon):   499576 kB
Active(file):     133696 kB
Inactive(file):   114256 kB
Unevictable:          16 kB
Mlocked:              16 kB
SwapTotal:       4194300 kB
SwapFree:        4025916 kB
Zswap:                 0 kB
Zswapped:              0 kB
Dirty:               208 kB
Writeback:             0 kB
AnonPages:       5992960 kB
Mapped:           253040 kB
Shmem:             55960 kB
KReclaimable:      56840 kB
Slab:             285232 kB
SReclaimable:      56840 kB
SUnreclaim:       228392 kB
KernelStack:       18944 kB
PageTables:        65740 kB
SecPageTables:         0 kB
NFS_Unstable:          0 kB
Bounce:                0 kB
WritebackTmp:          0 kB
CommitLimit:     8258920 kB
Committed_AS:   13172460 kB
VmallocTotal:   34359738367 kB
VmallocUsed:       47256 kB
VmallocChunk:          0 kB
Percpu:            13280 kB
HardwareCorrupted:     0 kB
AnonHugePages:   2686976 kB
ShmemHugePages:        0 kB
ShmemPmdMapped:        0 kB
FileHugePages:         0 kB
FilePmdMapped:         0 kB
CmaTotal:              0 kB
CmaFree:               0 kB
Unaccepted:            0 kB
Balloon:               0 kB
HugePages_Total:       0
HugePages_Free:        0
HugePages_Rsvd:        0
HugePages_Surp:        0
Hugepagesize:       2048 kB
Hugetlb:               0 kB
DirectMap4k:      194432 kB
DirectMap2M:     6096896 kB
DirectMap1G:     4194304 kB
---SNAPSHOT---
2026-04-27 00:58:24
MemTotal:        8129240 kB
MemFree:         1211372 kB
MemAvailable:    1266896 kB
Buffers:            2256 kB
Cached:           301652 kB
SwapCached:        47064 kB
Active:          5725724 kB
Inactive:         613832 kB
Active(anon):    5592028 kB
Inactive(anon):   499576 kB
Active(file):     133696 kB
Inactive(file):   114256 kB
Unevictable:          16 kB
Mlocked:              16 kB
SwapTotal:       4194300 kB
SwapFree:        4025916 kB
Zswap:                 0 kB
Zswapped:              0 kB
Dirty:               172 kB
Writeback:             0 kB
AnonPages:       5992968 kB
Mapped:           253040 kB
Shmem:             55960 kB
KReclaimable:      56840 kB
Slab:             285220 kB
SReclaimable:      56840 kB
SUnreclaim:       228380 kB
KernelStack:       19004 kB
PageTables:        65968 kB
SecPageTables:         0 kB
NFS_Unstable:          0 kB
Bounce:                0 kB
WritebackTmp:          0 kB
CommitLimit:     8258920 kB
Committed_AS:   13172944 kB
VmallocTotal:   34359738367 kB
VmallocUsed:       47256 kB
VmallocChunk:          0 kB
Percpu:            13280 kB
HardwareCorrupted:     0 kB
AnonHugePages:   2686976 kB
ShmemHugePages:        0 kB
ShmemPmdMapped:        0 kB
FileHugePages:         0 kB
FilePmdMapped:         0 kB
CmaTotal:              0 kB
CmaFree:               0 kB
Unaccepted:            0 kB
Balloon:               0 kB
HugePages_Total:       0
HugePages_Free:        0
HugePages_Rsvd:        0
HugePages_Surp:        0
Hugepagesize:       2048 kB
Hugetlb:               0 kB
DirectMap4k:      194432 kB
DirectMap2M:     6096896 kB
DirectMap1G:     4194304 kB
---SNAPSHOT---
2026-04-27 00:58:25
MemTotal:        8129240 kB
MemFree:         1212476 kB
MemAvailable:    1268004 kB
Buffers:            2256 kB
Cached:           301656 kB
SwapCached:        47064 kB
Active:          5725444 kB
Inactive:         613836 kB
Active(anon):    5591748 kB
Inactive(anon):   499576 kB
Active(file):     133696 kB
Inactive(file):   114260 kB
Unevictable:          16 kB
Mlocked:              16 kB
SwapTotal:       4194300 kB
SwapFree:        4025916 kB
Zswap:                 0 kB
Zswapped:              0 kB
Dirty:               176 kB
Writeback:             0 kB
AnonPages:       5992736 kB
Mapped:           253040 kB
Shmem:             55960 kB
KReclaimable:      56840 kB
Slab:             285216 kB
SReclaimable:      56840 kB
SUnreclaim:       228376 kB
KernelStack:       18944 kB
PageTables:        65736 kB
SecPageTables:         0 kB
NFS_Unstable:          0 kB
Bounce:                0 kB
WritebackTmp:          0 kB
CommitLimit:     8258920 kB
Committed_AS:   13173064 kB
VmallocTotal:   34359738367 kB
VmallocUsed:       47272 kB
VmallocChunk:          0 kB
Percpu:            13280 kB
HardwareCorrupted:     0 kB
AnonHugePages:   2686976 kB
ShmemHugePages:        0 kB
ShmemPmdMapped:        0 kB
FileHugePages:         0 kB
FilePmdMapped:         0 kB
CmaTotal:              0 kB
CmaFree:               0 kB
Unaccepted:            0 kB
Balloon:               0 kB
HugePages_Total:       0
HugePages_Free:        0
HugePages_Rsvd:        0
HugePages_Surp:        0
Hugepagesize:       2048 kB
Hugetlb:               0 kB
DirectMap4k:      194432 kB
DirectMap2M:     6096896 kB
DirectMap1G:     4194304 kB
---SNAPSHOT---
2026-04-27 00:58:26
MemTotal:        8129240 kB
MemFree:         2084796 kB
MemAvailable:    2140332 kB
Buffers:            2256 kB
Cached:           301664 kB
SwapCached:        47064 kB
Active:          4849492 kB
Inactive:         613844 kB
Active(anon):    4715796 kB
Inactive(anon):   499576 kB
Active(file):     133696 kB
Inactive(file):   114268 kB
Unevictable:          16 kB
Mlocked:              16 kB
SwapTotal:       4194300 kB
SwapFree:        4025916 kB
Zswap:                 0 kB
Zswapped:              0 kB
Dirty:               184 kB
Writeback:             0 kB
AnonPages:       5116936 kB
Mapped:           253040 kB
Shmem:             55960 kB
KReclaimable:      56840 kB
Slab:             285260 kB
SReclaimable:      56840 kB
SUnreclaim:       228420 kB
KernelStack:       19020 kB
PageTables:        66020 kB
SecPageTables:         0 kB
NFS_Unstable:          0 kB
Bounce:                0 kB
WritebackTmp:          0 kB
CommitLimit:     8258920 kB
Committed_AS:   13172456 kB
VmallocTotal:   34359738367 kB
VmallocUsed:       47304 kB
VmallocChunk:          0 kB
Percpu:            13280 kB
HardwareCorrupted:     0 kB
AnonHugePages:   2156544 kB
ShmemHugePages:        0 kB
ShmemPmdMapped:        0 kB
FileHugePages:         0 kB
FilePmdMapped:         0 kB
CmaTotal:              0 kB
CmaFree:               0 kB
Unaccepted:            0 kB
Balloon:               0 kB
HugePages_Total:       0
HugePages_Free:        0
HugePages_Rsvd:        0
HugePages_Surp:        0
Hugepagesize:       2048 kB
Hugetlb:               0 kB
DirectMap4k:      194432 kB
DirectMap2M:     6096896 kB
DirectMap1G:     4194304 kB
---SNAPSHOT---
2026-04-27 00:58:27
MemTotal:        8129240 kB
MemFree:         1905996 kB
MemAvailable:    1961544 kB
Buffers:            2256 kB
Cached:           301668 kB
SwapCached:        47064 kB
Active:          5027700 kB
Inactive:         613856 kB
Active(anon):    4894004 kB
Inactive(anon):   499576 kB
Active(file):     133696 kB
Inactive(file):   114280 kB
Unevictable:          16 kB
Mlocked:              16 kB
SwapTotal:       4194300 kB
SwapFree:        4025916 kB
Zswap:                 0 kB
Zswapped:              0 kB
Dirty:               188 kB
Writeback:             0 kB
AnonPages:       5295000 kB
Mapped:           253268 kB
Shmem:             55960 kB
KReclaimable:      56840 kB
Slab:             285252 kB
SReclaimable:      56840 kB
SUnreclaim:       228412 kB
KernelStack:       18988 kB
PageTables:        65964 kB
SecPageTables:         0 kB
NFS_Unstable:          0 kB
Bounce:                0 kB
WritebackTmp:          0 kB
CommitLimit:     8258920 kB
Committed_AS:   13172788 kB
VmallocTotal:   34359738367 kB
VmallocUsed:       47304 kB
VmallocChunk:          0 kB
Percpu:            13280 kB
HardwareCorrupted:     0 kB
AnonHugePages:   2334720 kB
ShmemHugePages:        0 kB
ShmemPmdMapped:        0 kB
FileHugePages:         0 kB
FilePmdMapped:         0 kB
CmaTotal:              0 kB
CmaFree:               0 kB
Unaccepted:            0 kB
Balloon:               0 kB
HugePages_Total:       0
HugePages_Free:        0
HugePages_Rsvd:        0
HugePages_Surp:        0
Hugepagesize:       2048 kB
Hugetlb:               0 kB
DirectMap4k:      194432 kB
DirectMap2M:     6096896 kB
DirectMap1G:     4194304 kB
---SNAPSHOT---
2026-04-27 00:58:28
MemTotal:        8129240 kB
MemFree:         1730644 kB
MemAvailable:    1786200 kB
Buffers:            2264 kB
Cached:           301668 kB
SwapCached:        47064 kB
Active:          5201936 kB
Inactive:         613864 kB
Active(anon):    5068240 kB
Inactive(anon):   499576 kB
Active(file):     133696 kB
Inactive(file):   114288 kB
Unevictable:          16 kB
Mlocked:              16 kB
SwapTotal:       4194300 kB
SwapFree:        4025916 kB
Zswap:                 0 kB
Zswapped:              0 kB
Dirty:               196 kB
Writeback:             0 kB
AnonPages:       5469416 kB
Mapped:           253040 kB
Shmem:             55960 kB
KReclaimable:      56840 kB
Slab:             285256 kB
SReclaimable:      56840 kB
SUnreclaim:       228416 kB
KernelStack:       18960 kB
PageTables:        65968 kB
SecPageTables:         0 kB
NFS_Unstable:          0 kB
Bounce:                0 kB
WritebackTmp:          0 kB
CommitLimit:     8258920 kB
