---SNAPSHOT---
2026-04-27 01:27:54
MemTotal:        8129240 kB
MemFree:         4852236 kB
MemAvailable:    5037640 kB
Buffers:            5580 kB
Cached:           279956 kB
SwapCached:        50128 kB
Active:          2028536 kB
Inactive:         615976 kB
Active(anon):    1899268 kB
Inactive(anon):   498492 kB
Active(file):     129268 kB
Inactive(file):   117484 kB
Unevictable:           0 kB
Mlocked:               0 kB
SwapTotal:       4194300 kB
SwapFree:        4022852 kB
Zswap:                 0 kB
Zswapped:              0 kB
Dirty:               416 kB
Writeback:             0 kB
AnonPages:       2313708 kB
Mapped:           232512 kB
Shmem:             38812 kB
KReclaimable:      55548 kB
Slab:             283544 kB
SReclaimable:      55548 kB
SUnreclaim:       227996 kB
KernelStack:       18832 kB
PageTables:        58008 kB
SecPageTables:         0 kB
NFS_Unstable:          0 kB
Bounce:                0 kB
WritebackTmp:          0 kB
CommitLimit:     8258920 kB
Committed_AS:    9390580 kB
VmallocTotal:   34359738367 kB
VmallocUsed:       47016 kB
VmallocChunk:          0 kB
Percpu:            13280 kB
HardwareCorrupted:     0 kB
AnonHugePages:      4096 kB
ShmemHugePages:        0 kB
ShmemPmdMapped:        0 kB
FileHugePages:         0 kB
FilePmdMapped:         0 kB
CmaTotal:              0 kB
CmaFree:               0 kB
Unaccepted:            0 kB
Balloon:               0 kB
HugePages_Total:       0
HugePages_Free:        0
HugePages_Rsvd:        0
HugePages_Surp:        0
Hugepagesize:       2048 kB
Hugetlb:               0 kB
DirectMap4k:      194432 kB
DirectMap2M:     6096896 kB
DirectMap1G:     4194304 kB
---SNAPSHOT---
2026-04-27 01:27:55
MemTotal:        8129240 kB
MemFree:         4858376 kB
MemAvailable:    5044376 kB
Buffers:            5736 kB
Cached:           280396 kB
SwapCached:        50128 kB
Active:          2028940 kB
Inactive:         616352 kB
Active(anon):    1899452 kB
Inactive(anon):   498492 kB
Active(file):     129488 kB
Inactive(file):   117860 kB
Unevictable:           0 kB
Mlocked:               0 kB
SwapTotal:       4194300 kB
SwapFree:        4022852 kB
Zswap:                 0 kB
Zswapped:              0 kB
Dirty:               516 kB
Writeback:             0 kB
AnonPages:       2313784 kB
Mapped:           232544 kB
Shmem:             38812 kB
KReclaimable:      55548 kB
Slab:             283544 kB
SReclaimable:      55548 kB
SUnreclaim:       227996 kB
KernelStack:       18784 kB
PageTables:        57932 kB
SecPageTables:         0 kB
NFS_Unstable:          0 kB
Bounce:                0 kB
WritebackTmp:          0 kB
CommitLimit:     8258920 kB
Committed_AS:    9390424 kB
VmallocTotal:   34359738367 kB
VmallocUsed:       47064 kB
VmallocChunk:          0 kB
Percpu:            13280 kB
HardwareCorrupted:     0 kB
AnonHugePages:      4096 kB
ShmemHugePages:        0 kB
ShmemPmdMapped:        0 kB
FileHugePages:         0 kB
FilePmdMapped:         0 kB
CmaTotal:              0 kB
CmaFree:               0 kB
Unaccepted:            0 kB
Balloon:               0 kB
HugePages_Total:       0
HugePages_Free:        0
HugePages_Rsvd:        0
HugePages_Surp:        0
Hugepagesize:       2048 kB
Hugetlb:               0 kB
DirectMap4k:      194432 kB
DirectMap2M:     6096896 kB
DirectMap1G:     4194304 kB
---SNAPSHOT---
2026-04-27 01:27:56
MemTotal:        8129240 kB
MemFree:         4859216 kB
MemAvailable:    5045396 kB
Buffers:            5880 kB
Cached:           280400 kB
SwapCached:        50128 kB
Active:          2029656 kB
Inactive:         616532 kB
Active(anon):    1900168 kB
Inactive(anon):   498492 kB
Active(file):     129488 kB
Inactive(file):   118040 kB
Unevictable:           0 kB
Mlocked:               0 kB
SwapTotal:       4194300 kB
SwapFree:        4022852 kB
Zswap:                 0 kB
Zswapped:              0 kB
Dirty:               520 kB
Writeback:             0 kB
AnonPages:       2314364 kB
Mapped:           232544 kB
Shmem:             38812 kB
KReclaimable:      55548 kB
Slab:             283544 kB
SReclaimable:      55548 kB
SUnreclaim:       227996 kB
KernelStack:       18816 kB
PageTables:        58040 kB
SecPageTables:         0 kB
NFS_Unstable:          0 kB
Bounce:                0 kB
WritebackTmp:          0 kB
CommitLimit:     8258920 kB
Committed_AS:    9391608 kB
VmallocTotal:   34359738367 kB
VmallocUsed:       47080 kB
VmallocChunk:          0 kB
Percpu:            13280 kB
HardwareCorrupted:     0 kB
AnonHugePages:      4096 kB
ShmemHugePages:        0 kB
ShmemPmdMapped:        0 kB
FileHugePages:         0 kB
FilePmdMapped:         0 kB
CmaTotal:              0 kB
CmaFree:               0 kB
Unaccepted:            0 kB
Balloon:               0 kB
HugePages_Total:       0
HugePages_Free:        0
HugePages_Rsvd:        0
HugePages_Surp:        0
Hugepagesize:       2048 kB
Hugetlb:               0 kB
DirectMap4k:      194432 kB
DirectMap2M:     6096896 kB
DirectMap1G:     4194304 kB
---SNAPSHOT---
2026-04-27 01:27:57
MemTotal:        8129240 kB
MemFree:         4872356 kB
MemAvailable:    5059124 kB
Buffers:            6016 kB
Cached:           281104 kB
SwapCached:        50128 kB
Active:          2030000 kB
Inactive:         616664 kB
Active(anon):    1900056 kB
Inactive(anon):   498492 kB
Active(file):     129944 kB
Inactive(file):   118172 kB
Unevictable:           0 kB
Mlocked:               0 kB
SwapTotal:       4194300 kB
SwapFree:        4022852 kB
Zswap:                 0 kB
Zswapped:              0 kB
Dirty:               528 kB
Writeback:             0 kB
AnonPages:       2314068 kB
Mapped:           232580 kB
Shmem:             38812 kB
KReclaimable:      55548 kB
Slab:             283768 kB
SReclaimable:      55548 kB
SUnreclaim:       228220 kB
KernelStack:       18736 kB
PageTables:        57996 kB
SecPageTables:         0 kB
NFS_Unstable:          0 kB
Bounce:                0 kB
WritebackTmp:          0 kB
CommitLimit:     8258920 kB
Committed_AS:    9398224 kB
VmallocTotal:   34359738367 kB
VmallocUsed:       47128 kB
VmallocChunk:          0 kB
Percpu:            13280 kB
HardwareCorrupted:     0 kB
AnonHugePages:      4096 kB
ShmemHugePages:        0 kB
ShmemPmdMapped:        0 kB
FileHugePages:         0 kB
FilePmdMapped:         0 kB
CmaTotal:              0 kB
CmaFree:               0 kB
Unaccepted:            0 kB
Balloon:               0 kB
HugePages_Total:       0
HugePages_Free:        0
HugePages_Rsvd:        0
HugePages_Surp:        0
Hugepagesize:       2048 kB
Hugetlb:               0 kB
DirectMap4k:      194432 kB
DirectMap2M:     6096896 kB
DirectMap1G:     4194304 kB
---SNAPSHOT---
2026-04-27 01:27:58
MemTotal:        8129240 kB
MemFree:         3919956 kB
MemAvailable:    4117376 kB
Buffers:            6284 kB
Cached:           308400 kB
SwapCached:        50128 kB
Active:          3002372 kB
Inactive:         617148 kB
Active(anon):    2862260 kB
Inactive(anon):   498492 kB
Active(file):     140112 kB
Inactive(file):   118656 kB
Unevictable:          16 kB
Mlocked:              16 kB
SwapTotal:       4194300 kB
SwapFree:        4022852 kB
Zswap:                 0 kB
Zswapped:              0 kB
Dirty:               604 kB
Writeback:             0 kB
AnonPages:       3259460 kB
Mapped:           253324 kB
Shmem:             55960 kB
KReclaimable:      55548 kB
Slab:             283700 kB
SReclaimable:      55548 kB
SUnreclaim:       228152 kB
KernelStack:       18972 kB
PageTables:        60932 kB
SecPageTables:         0 kB
NFS_Unstable:          0 kB
Bounce:                0 kB
WritebackTmp:          0 kB
CommitLimit:     8258920 kB
Committed_AS:   12047268 kB
VmallocTotal:   34359738367 kB
VmallocUsed:       47176 kB
VmallocChunk:          0 kB
Percpu:            13280 kB
HardwareCorrupted:     0 kB
AnonHugePages:      4096 kB
ShmemHugePages:        0 kB
ShmemPmdMapped:        0 kB
FileHugePages:         0 kB
FilePmdMapped:         0 kB
CmaTotal:              0 kB
CmaFree:               0 kB
Unaccepted:            0 kB
Balloon:               0 kB
HugePages_Total:       0
HugePages_Free:        0
HugePages_Rsvd:        0
HugePages_Surp:        0
Hugepagesize:       2048 kB
Hugetlb:               0 kB
DirectMap4k:      194432 kB
DirectMap2M:     6096896 kB
DirectMap1G:     4194304 kB
---SNAPSHOT---
2026-04-27 01:27:59
MemTotal:        8129240 kB
MemFree:         3241904 kB
MemAvailable:    3439332 kB
Buffers:            6284 kB
Cached:           308408 kB
SwapCached:        50128 kB
Active:          3672520 kB
Inactive:         617156 kB
Active(anon):    3532408 kB
Inactive(anon):   498492 kB
Active(file):     140112 kB
Inactive(file):   118664 kB
Unevictable:          16 kB
Mlocked:              16 kB
SwapTotal:       4194300 kB
SwapFree:        4022852 kB
Zswap:                 0 kB
Zswapped:              0 kB
Dirty:               612 kB
Writeback:             0 kB
AnonPages:       3929520 kB
Mapped:           253324 kB
Shmem:             55960 kB
KReclaimable:      55548 kB
Slab:             283652 kB
SReclaimable:      55548 kB
SUnreclaim:       228104 kB
KernelStack:       18972 kB
PageTables:        62280 kB
SecPageTables:         0 kB
NFS_Unstable:          0 kB
Bounce:                0 kB
WritebackTmp:          0 kB
CommitLimit:     8258920 kB
Committed_AS:   12047612 kB
VmallocTotal:   34359738367 kB
VmallocUsed:       47240 kB
VmallocChunk:          0 kB
Percpu:            13280 kB
HardwareCorrupted:     0 kB
AnonHugePages:      4096 kB
ShmemHugePages:        0 kB
ShmemPmdMapped:        0 kB
FileHugePages:         0 kB
FilePmdMapped:         0 kB
CmaTotal:              0 kB
CmaFree:               0 kB
Unaccepted:            0 kB
Balloon:               0 kB
HugePages_Total:       0
HugePages_Free:        0
HugePages_Rsvd:        0
HugePages_Surp:        0
Hugepagesize:       2048 kB
Hugetlb:               0 kB
DirectMap4k:      194432 kB
DirectMap2M:     6096896 kB
DirectMap1G:     4194304 kB
---SNAPSHOT---
2026-04-27 01:28:00
MemTotal:        8129240 kB
MemFree:         2734484 kB
MemAvailable:    2931916 kB
Buffers:            6292 kB
Cached:           308412 kB
SwapCached:        50128 kB
Active:          4174040 kB
Inactive:         617160 kB
Active(anon):    4033928 kB
Inactive(anon):   498492 kB
Active(file):     140112 kB
Inactive(file):   118668 kB
Unevictable:          16 kB
Mlocked:              16 kB
SwapTotal:       4194300 kB
SwapFree:        4022852 kB
Zswap:                 0 kB
Zswapped:              0 kB
Dirty:               616 kB
Writeback:             0 kB
AnonPages:       4431048 kB
Mapped:           253324 kB
Shmem:             55960 kB
KReclaimable:      55548 kB
Slab:             283616 kB
SReclaimable:      55548 kB
SUnreclaim:       228068 kB
KernelStack:       18944 kB
PageTables:        63112 kB
SecPageTables:         0 kB
NFS_Unstable:          0 kB
Bounce:                0 kB
WritebackTmp:          0 kB
CommitLimit:     8258920 kB
Committed_AS:   12047360 kB
VmallocTotal:   34359738367 kB
VmallocUsed:       47256 kB
VmallocChunk:          0 kB
Percpu:            13280 kB
HardwareCorrupted:     0 kB
AnonHugePages:      4096 kB
ShmemHugePages:        0 kB
ShmemPmdMapped:        0 kB
FileHugePages:         0 kB
FilePmdMapped:         0 kB
CmaTotal:              0 kB
CmaFree:               0 kB
Unaccepted:            0 kB
Balloon:               0 kB
HugePages_Total:       0
HugePages_Free:        0
HugePages_Rsvd:        0
HugePages_Surp:        0
Hugepagesize:       2048 kB
Hugetlb:               0 kB
DirectMap4k:      194432 kB
DirectMap2M:     6096896 kB
DirectMap1G:     4194304 kB
---SNAPSHOT---
2026-04-27 01:28:01
MemTotal:        8129240 kB
MemFree:         4394964 kB
MemAvailable:    4592424 kB
Buffers:            6292 kB
Cached:           308416 kB
SwapCached:        50128 kB
Active:          2320820 kB
Inactive:         617172 kB
Active(anon):    2180708 kB
Inactive(anon):   498492 kB
Active(file):     140112 kB
Inactive(file):   118680 kB
Unevictable:          16 kB
Mlocked:              16 kB
SwapTotal:       4194300 kB
SwapFree:        4022852 kB
Zswap:                 0 kB
Zswapped:              0 kB
Dirty:               620 kB
Writeback:             0 kB
AnonPages:       2577896 kB
Mapped:           253324 kB
Shmem:             55960 kB
KReclaimable:      55564 kB
Slab:             283852 kB
SReclaimable:      55564 kB
SUnreclaim:       228288 kB
KernelStack:       18976 kB
PageTables:        59964 kB
SecPageTables:         0 kB
NFS_Unstable:          0 kB
Bounce:                0 kB
WritebackTmp:          0 kB
CommitLimit:     8258920 kB
Committed_AS:   12049256 kB
VmallocTotal:   34359738367 kB
VmallocUsed:       47272 kB
VmallocChunk:          0 kB
Percpu:            13280 kB
HardwareCorrupted:     0 kB
AnonHugePages:      4096 kB
ShmemHugePages:        0 kB
ShmemPmdMapped:        0 kB
FileHugePages:         0 kB
FilePmdMapped:         0 kB
CmaTotal:              0 kB
CmaFree:               0 kB
Unaccepted:            0 kB
Balloon:               0 kB
HugePages_Total:       0
HugePages_Free:        0
HugePages_Rsvd:        0
HugePages_Surp:        0
Hugepagesize:       2048 kB
Hugetlb:               0 kB
DirectMap4k:      194432 kB
DirectMap2M:     6096896 kB
DirectMap1G:     4194304 kB
---SNAPSHOT---
2026-04-27 01:28:02
MemTotal:        8129240 kB
MemFree:         3563640 kB
MemAvailable:    3761368 kB
Buffers:            6552 kB
Cached:           308424 kB
SwapCached:        50128 kB
Active:          3217528 kB
Inactive:         617440 kB
Active(anon):    3077416 kB
Inactive(anon):   498492 kB
Active(file):     140112 kB
Inactive(file):   118948 kB
Unevictable:          16 kB
Mlocked:              16 kB
SwapTotal:       4194300 kB
SwapFree:        4022852 kB
Zswap:                 0 kB
Zswapped:              0 kB
Dirty:               628 kB
Writeback:             0 kB
AnonPages:       3474260 kB
Mapped:           253324 kB
Shmem:             55960 kB
KReclaimable:      55564 kB
Slab:             283784 kB
SReclaimable:      55564 kB
SUnreclaim:       228220 kB
KernelStack:       18944 kB
PageTables:        61132 kB
SecPageTables:         0 kB
NFS_Unstable:          0 kB
Bounce:                0 kB
WritebackTmp:          0 kB
CommitLimit:     8258920 kB
Committed_AS:   12048068 kB
VmallocTotal:   34359738367 kB
VmallocUsed:       47256 kB
VmallocChunk:          0 kB
Percpu:            13280 kB
HardwareCorrupted:     0 kB
AnonHugePages:      4096 kB
ShmemHugePages:        0 kB
ShmemPmdMapped:        0 kB
FileHugePages:         0 kB
FilePmdMapped:         0 kB
CmaTotal:              0 kB
CmaFree:               0 kB
Unaccepted:            0 kB
Balloon:               0 kB
HugePages_Total:       0
HugePages_Free:        0
HugePages_Rsvd:        0
HugePages_Surp:        0
Hugepagesize:       2048 kB
Hugetlb:               0 kB
DirectMap4k:      194432 kB
DirectMap2M:     6096896 kB
DirectMap1G:     4194304 kB
---SNAPSHOT---
2026-04-27 01:28:03
MemTotal:        8129240 kB
MemFree:         2766496 kB
MemAvailable:    2964228 kB
Buffers:            6552 kB
Cached:           308428 kB
SwapCached:        50128 kB
Active:          4110092 kB
Inactive:         617444 kB
Active(anon):    3969980 kB
Inactive(anon):   498492 kB
Active(file):     140112 kB
Inactive(file):   118952 kB
Unevictable:          16 kB
Mlocked:              16 kB
SwapTotal:       4194300 kB
SwapFree:        4022852 kB
Zswap:                 0 kB
Zswapped:              0 kB
Dirty:               632 kB
Writeback:             0 kB
AnonPages:       4367160 kB
Mapped:           253324 kB
Shmem:             55960 kB
KReclaimable:      55564 kB
Slab:             283720 kB
SReclaimable:      55564 kB
SUnreclaim:       228156 kB
KernelStack:       18928 kB
PageTables:        63020 kB
SecPageTables:         0 kB
NFS_Unstable:          0 kB
Bounce:                0 kB
WritebackTmp:          0 kB
CommitLimit:     8258920 kB
Committed_AS:   12047820 kB
VmallocTotal:   34359738367 kB
VmallocUsed:       47240 kB
VmallocChunk:          0 kB
Percpu:            13280 kB
HardwareCorrupted:     0 kB
AnonHugePages:      4096 kB
ShmemHugePages:        0 kB
ShmemPmdMapped:        0 kB
FileHugePages:         0 kB
FilePmdMapped:         0 kB
CmaTotal:              0 kB
CmaFree:               0 kB
Unaccepted:            0 kB
Balloon:               0 kB
HugePages_Total:       0
HugePages_Free:        0
HugePages_Rsvd:        0
HugePages_Surp:        0
Hugepagesize:       2048 kB
Hugetlb:               0 kB
DirectMap4k:      194432 kB
DirectMap2M:     6096896 kB
DirectMap1G:     4194304 kB
---SNAPSHOT---
2026-04-27 01:28:04
MemTotal:        8129240 kB
MemFree:         3496844 kB
MemAvailable:    3694584 kB
Buffers:            6552 kB
Cached:           308436 kB
SwapCached:        50128 kB
Active:          3193948 kB
Inactive:         617452 kB
Active(anon):    3053836 kB
Inactive(anon):   498492 kB
Active(file):     140112 kB
Inactive(file):   118960 kB
Unevictable:          16 kB
Mlocked:              16 kB
SwapTotal:       4194300 kB
SwapFree:        4022852 kB
Zswap:                 0 kB
Zswapped:              0 kB
Dirty:               640 kB
Writeback:             0 kB
AnonPages:       3450772 kB
Mapped:           253324 kB
Shmem:             55960 kB
KReclaimable:      55564 kB
Slab:             283720 kB
SReclaimable:      55564 kB
SUnreclaim:       228156 kB
KernelStack:       18896 kB
PageTables:        60892 kB
SecPageTables:         0 kB
NFS_Unstable:          0 kB
Bounce:                0 kB
WritebackTmp:          0 kB
CommitLimit:     8258920 kB
Committed_AS:   12047960 kB
VmallocTotal:   34359738367 kB
VmallocUsed:       47192 kB
VmallocChunk:          0 kB
Percpu:            13280 kB
HardwareCorrupted:     0 kB
AnonHugePages:      4096 kB
ShmemHugePages:        0 kB
ShmemPmdMapped:        0 kB
FileHugePages:         0 kB
FilePmdMapped:         0 kB
CmaTotal:              0 kB
CmaFree:               0 kB
Unaccepted:            0 kB
Balloon:               0 kB
HugePages_Total:       0
HugePages_Free:        0
HugePages_Rsvd:        0
HugePages_Surp:        0
Hugepagesize:       2048 kB
Hugetlb:               0 kB
DirectMap4k:      194432 kB
DirectMap2M:     6096896 kB
DirectMap1G:     4194304 kB
---SNAPSHOT---
2026-04-27 01:28:05
MemTotal:        8129240 kB
MemFree:         2872608 kB
MemAvailable:    3071424 kB
Buffers:            6560 kB
Cached:           308436 kB
SwapCached:        50128 kB
Active:          3960484 kB
Inactive:         617456 kB
Active(anon):    3820372 kB
Inactive(anon):   498492 kB
Active(file):     140112 kB
Inactive(file):   118964 kB
Unevictable:          16 kB
Mlocked:              16 kB
SwapTotal:       4194300 kB
SwapFree:        4022852 kB
Zswap:                 0 kB
Zswapped:              0 kB
Dirty:               644 kB
Writeback:             0 kB
AnonPages:       4217388 kB
Mapped:           253324 kB
Shmem:             55960 kB
KReclaimable:      56636 kB
Slab:             284764 kB
SReclaimable:      56636 kB
SUnreclaim:       228128 kB
KernelStack:       18912 kB
PageTables:        62460 kB
SecPageTables:         0 kB
NFS_Unstable:          0 kB
Bounce:                0 kB
WritebackTmp:          0 kB
CommitLimit:     8258920 kB
Committed_AS:   12048200 kB
VmallocTotal:   34359738367 kB
VmallocUsed:       47208 kB
VmallocChunk:          0 kB
Percpu:            13280 kB
HardwareCorrupted:     0 kB
AnonHugePages:      4096 kB
ShmemHugePages:        0 kB
ShmemPmdMapped:        0 kB
FileHugePages:         0 kB
FilePmdMapped:         0 kB
CmaTotal:              0 kB
CmaFree:               0 kB
Unaccepted:            0 kB
Balloon:               0 kB
HugePages_Total:       0
HugePages_Free:        0
HugePages_Rsvd:        0
HugePages_Surp:        0
Hugepagesize:       2048 kB
Hugetlb:               0 kB
DirectMap4k:      194432 kB
DirectMap2M:     6096896 kB
DirectMap1G:     4194304 kB
---SNAPSHOT---
2026-04-27 01:28:06
MemTotal:        8129240 kB
MemFree:         2470340 kB
MemAvailable:    2669168 kB
Buffers:            6560 kB
Cached:           308448 kB
SwapCached:        50128 kB
Active:          4376884 kB
Inactive:         617468 kB
Active(anon):    4236772 kB
Inactive(anon):   498492 kB
Active(file):     140112 kB
Inactive(file):   118976 kB
Unevictable:          16 kB
Mlocked:              16 kB
SwapTotal:       4194300 kB
SwapFree:        4022852 kB
Zswap:                 0 kB
Zswapped:              0 kB
Dirty:               648 kB
Writeback:             0 kB
AnonPages:       4633688 kB
Mapped:           253324 kB
Shmem:             55960 kB
KReclaimable:      56636 kB
Slab:             284748 kB
SReclaimable:      56636 kB
SUnreclaim:       228112 kB
KernelStack:       18928 kB
PageTables:        63532 kB
SecPageTables:         0 kB
NFS_Unstable:          0 kB
Bounce:                0 kB
WritebackTmp:          0 kB
CommitLimit:     8258920 kB
Committed_AS:   12047960 kB
VmallocTotal:   34359738367 kB
VmallocUsed:       47208 kB
VmallocChunk:          0 kB
Percpu:            13280 kB
HardwareCorrupted:     0 kB
AnonHugePages:      4096 kB
ShmemHugePages:        0 kB
ShmemPmdMapped:        0 kB
FileHugePages:         0 kB
FilePmdMapped:         0 kB
CmaTotal:              0 kB
CmaFree:               0 kB
Unaccepted:            0 kB
Balloon:               0 kB
HugePages_Total:       0
HugePages_Free:        0
HugePages_Rsvd:        0
HugePages_Surp:        0
Hugepagesize:       2048 kB
Hugetlb:               0 kB
DirectMap4k:      194432 kB
DirectMap2M:     6096896 kB
DirectMap1G:     4194304 kB
---SNAPSHOT---
2026-04-27 01:28:07
MemTotal:        8129240 kB
MemFree:         3800060 kB
MemAvailable:    3998900 kB
Buffers:            6560 kB
Cached:           308456 kB
SwapCached:        50128 kB
Active:          2944784 kB
Inactive:         617480 kB
Active(anon):    2804672 kB
Inactive(anon):   498492 kB
Active(file):     140112 kB
Inactive(file):   118988 kB
Unevictable:          16 kB
Mlocked:              16 kB
SwapTotal:       4194300 kB
SwapFree:        4022852 kB
Zswap:                 0 kB
Zswapped:              0 kB
Dirty:               656 kB
Writeback:             0 kB
AnonPages:       3172484 kB
Mapped:           253324 kB
Shmem:             55960 kB
KReclaimable:      56636 kB
Slab:             284748 kB
SReclaimable:      56636 kB
SUnreclaim:       228112 kB
KernelStack:       18988 kB
PageTables:        60908 kB
SecPageTables:         0 kB
NFS_Unstable:          0 kB
Bounce:                0 kB
WritebackTmp:          0 kB
CommitLimit:     8258920 kB
Committed_AS:   12048316 kB
VmallocTotal:   34359738367 kB
VmallocUsed:       47256 kB
VmallocChunk:          0 kB
Percpu:            13280 kB
HardwareCorrupted:     0 kB
AnonHugePages:      4096 kB
ShmemHugePages:        0 kB
ShmemPmdMapped:        0 kB
FileHugePages:         0 kB
FilePmdMapped:         0 kB
CmaTotal:              0 kB
CmaFree:               0 kB
Unaccepted:            0 kB
Balloon:               0 kB
HugePages_Total:       0
HugePages_Free:        0
HugePages_Rsvd:        0
HugePages_Surp:        0
Hugepagesize:       2048 kB
Hugetlb:               0 kB
DirectMap4k:      194432 kB
DirectMap2M:     6096896 kB
DirectMap1G:     4194304 kB
---SNAPSHOT---
2026-04-27 01:28:08
MemTotal:        8129240 kB
MemFree:         3490480 kB
MemAvailable:    3689324 kB
Buffers:            6560 kB
Cached:           308460 kB
SwapCached:        50128 kB
Active:          3283796 kB
Inactive:         617484 kB
Active(anon):    3143684 kB
Inactive(anon):   498492 kB
Active(file):     140112 kB
Inactive(file):   118992 kB
Unevictable:          16 kB
Mlocked:              16 kB
SwapTotal:       4194300 kB
SwapFree:        4022852 kB
Zswap:                 0 kB
Zswapped:              0 kB
Dirty:               660 kB
Writeback:             0 kB
AnonPages:       3540620 kB
Mapped:           253324 kB
Shmem:             55960 kB
KReclaimable:      56636 kB
Slab:             284752 kB
SReclaimable:      56636 kB
SUnreclaim:       228116 kB
KernelStack:       18912 kB
PageTables:        61288 kB
SecPageTables:         0 kB
NFS_Unstable:          0 kB
Bounce:                0 kB
WritebackTmp:          0 kB
CommitLimit:     8258920 kB
Committed_AS:   12047824 kB
VmallocTotal:   34359738367 kB
VmallocUsed:       47208 kB
VmallocChunk:          0 kB
Percpu:            13280 kB
HardwareCorrupted:     0 kB
AnonHugePages:      4096 kB
ShmemHugePages:        0 kB
ShmemPmdMapped:        0 kB
FileHugePages:         0 kB
FilePmdMapped:         0 kB
CmaTotal:              0 kB
CmaFree:               0 kB
Unaccepted:            0 kB
Balloon:               0 kB
HugePages_Total:       0
HugePages_Free:        0
HugePages_Rsvd:        0
HugePages_Surp:        0
Hugepagesize:       2048 kB
Hugetlb:               0 kB
DirectMap4k:      194432 kB
DirectMap2M:     6096896 kB
DirectMap1G:     4194304 kB
---SNAPSHOT---
2026-04-27 01:28:09
MemTotal:        8129240 kB
MemFree:         2711116 kB
MemAvailable:    2909968 kB
Buffers:            6560 kB
Cached:           308468 kB
SwapCached:        50128 kB
Active:          4163088 kB
Inactive:         617492 kB
Active(anon):    4022976 kB
Inactive(anon):   498492 kB
Active(file):     140112 kB
Inactive(file):   119000 kB
Unevictable:          16 kB
Mlocked:              16 kB
SwapTotal:       4194300 kB
SwapFree:        4022852 kB
Zswap:                 0 kB
Zswapped:              0 kB
Dirty:               668 kB
Writeback:             0 kB
AnonPages:       4419816 kB
Mapped:           253324 kB
Shmem:             55960 kB
KReclaimable:      56636 kB
Slab:             284748 kB
SReclaimable:      56636 kB
SUnreclaim:       228112 kB
KernelStack:       18912 kB
PageTables:        63004 kB
SecPageTables:         0 kB
NFS_Unstable:          0 kB
Bounce:                0 kB
WritebackTmp:          0 kB
CommitLimit:     8258920 kB
Committed_AS:   12048336 kB
VmallocTotal:   34359738367 kB
VmallocUsed:       47208 kB
VmallocChunk:          0 kB
Percpu:            13280 kB
HardwareCorrupted:     0 kB
AnonHugePages:      4096 kB
ShmemHugePages:        0 kB
ShmemPmdMapped:        0 kB
FileHugePages:         0 kB
FilePmdMapped:         0 kB
CmaTotal:              0 kB
CmaFree:               0 kB
Unaccepted:            0 kB
Balloon:               0 kB
HugePages_Total:       0
HugePages_Free:        0
HugePages_Rsvd:        0
HugePages_Surp:        0
Hugepagesize:       2048 kB
Hugetlb:               0 kB
DirectMap4k:      194432 kB
DirectMap2M:     6096896 kB
DirectMap1G:     4194304 kB
---SNAPSHOT---
2026-04-27 01:28:10
MemTotal:        8129240 kB
MemFree:         3258532 kB
MemAvailable:    3457388 kB
Buffers:            6568 kB
Cached:           308464 kB
SwapCached:        50128 kB
Active:          3505224 kB
Inactive:         617496 kB
Active(anon):    3365112 kB
Inactive(anon):   498492 kB
Active(file):     140112 kB
Inactive(file):   119004 kB
Unevictable:          16 kB
Mlocked:              16 kB
SwapTotal:       4194300 kB
SwapFree:        4022852 kB
Zswap:                 0 kB
Zswapped:              0 kB
Dirty:               672 kB
Writeback:             0 kB
AnonPages:       3762412 kB
Mapped:           253552 kB
Shmem:             55960 kB
KReclaimable:      56636 kB
Slab:             284748 kB
SReclaimable:      56636 kB
SUnreclaim:       228112 kB
KernelStack:       18928 kB
PageTables:        61800 kB
SecPageTables:         0 kB
NFS_Unstable:          0 kB
Bounce:                0 kB
WritebackTmp:          0 kB
CommitLimit:     8258920 kB
Committed_AS:   12048204 kB
VmallocTotal:   34359738367 kB
VmallocUsed:       47208 kB
VmallocChunk:          0 kB
Percpu:            13280 kB
HardwareCorrupted:     0 kB
AnonHugePages:      4096 kB
ShmemHugePages:        0 kB
ShmemPmdMapped:        0 kB
FileHugePages:         0 kB
FilePmdMapped:         0 kB
CmaTotal:              0 kB
CmaFree:               0 kB
Unaccepted:            0 kB
Balloon:               0 kB
HugePages_Total:       0
HugePages_Free:        0
HugePages_Rsvd:        0
HugePages_Surp:        0
Hugepagesize:       2048 kB
Hugetlb:               0 kB
DirectMap4k:      194432 kB
DirectMap2M:     6096896 kB
DirectMap1G:     4194304 kB
---SNAPSHOT---
2026-04-27 01:28:11
MemTotal:        8129240 kB
MemFree:         3269312 kB
MemAvailable:    3468180 kB
Buffers:            6568 kB
Cached:           308476 kB
SwapCached:        50128 kB
Active:          3479144 kB
Inactive:         617508 kB
Active(anon):    3339032 kB
Inactive(anon):   498492 kB
Active(file):     140112 kB
Inactive(file):   119016 kB
Unevictable:          16 kB
Mlocked:              16 kB
SwapTotal:       4194300 kB
SwapFree:        4022852 kB
Zswap:                 0 kB
Zswapped:              0 kB
Dirty:               676 kB
Writeback:             0 kB
AnonPages:       3735600 kB
Mapped:           253552 kB
Shmem:             55960 kB
KReclaimable:      56636 kB
Slab:             284732 kB
SReclaimable:      56636 kB
SUnreclaim:       228096 kB
KernelStack:       18988 kB
PageTables:        61680 kB
SecPageTables:         0 kB
NFS_Unstable:          0 kB
Bounce:                0 kB
WritebackTmp:          0 kB
CommitLimit:     8258920 kB
Committed_AS:   12047804 kB
VmallocTotal:   34359738367 kB
VmallocUsed:       47240 kB
VmallocChunk:          0 kB
Percpu:            13280 kB
HardwareCorrupted:     0 kB
AnonHugePages:      4096 kB
ShmemHugePages:        0 kB
ShmemPmdMapped:        0 kB
FileHugePages:         0 kB
FilePmdMapped:         0 kB
CmaTotal:              0 kB
CmaFree:               0 kB
Unaccepted:            0 kB
Balloon:               0 kB
HugePages_Total:       0
HugePages_Free:        0
HugePages_Rsvd:        0
HugePages_Surp:        0
Hugepagesize:       2048 kB
Hugetlb:               0 kB
DirectMap4k:      194432 kB
DirectMap2M:     6096896 kB
DirectMap1G:     4194304 kB
---SNAPSHOT---
2026-04-27 01:28:12
MemTotal:        8129240 kB
MemFree:         2752276 kB
MemAvailable:    2951148 kB
Buffers:            6568 kB
Cached:           308484 kB
SwapCached:       192556 kB
Active:          3943896 kB
Inactive:         758024 kB
Active(anon):    3803784 kB
Inactive(anon):   639004 kB
Active(file):     140112 kB
Inactive(file):   119020 kB
Unevictable:          16 kB
Mlocked:              16 kB
SwapTotal:       4194300 kB
SwapFree:        3880292 kB
Zswap:                 0 kB
Zswapped:              0 kB
Dirty:               684 kB
Writeback:          1036 kB
AnonPages:       4200616 kB
Mapped:           253324 kB
Shmem:             55960 kB
KReclaimable:      56636 kB
Slab:             284800 kB
SReclaimable:      56636 kB
SUnreclaim:       228164 kB
KernelStack:       18928 kB
PageTables:        62868 kB
SecPageTables:         0 kB
NFS_Unstable:          0 kB
Bounce:                0 kB
WritebackTmp:          0 kB
CommitLimit:     8258920 kB
Committed_AS:   12048204 kB
VmallocTotal:   34359738367 kB
VmallocUsed:       47192 kB
VmallocChunk:          0 kB
Percpu:            13280 kB
HardwareCorrupted:     0 kB
AnonHugePages:      4096 kB
ShmemHugePages:        0 kB
ShmemPmdMapped:        0 kB
FileHugePages:         0 kB
FilePmdMapped:         0 kB
CmaTotal:              0 kB
CmaFree:               0 kB
Unaccepted:            0 kB
Balloon:               0 kB
HugePages_Total:       0
HugePages_Free:        0
HugePages_Rsvd:        0
HugePages_Surp:        0
Hugepagesize:       2048 kB
Hugetlb:               0 kB
DirectMap4k:      194432 kB
DirectMap2M:     6096896 kB
DirectMap1G:     4194304 kB
---SNAPSHOT---
2026-04-27 01:28:13
MemTotal:        8129240 kB
MemFree:         2717288 kB
MemAvailable:    2915712 kB
Buffers:            6568 kB
Cached:           308488 kB
SwapCached:       594388 kB
Active:          3543988 kB
Inactive:        1143684 kB
Active(anon):    3403876 kB
Inactive(anon):  1024656 kB
Active(file):     140112 kB
Inactive(file):   119028 kB
Unevictable:          16 kB
Mlocked:              16 kB
SwapTotal:       4194300 kB
SwapFree:        3478592 kB
Zswap:                 0 kB
Zswapped:              0 kB
Dirty:               688 kB
Writeback:         18088 kB
AnonPages:       3784828 kB
Mapped:           253324 kB
Shmem:             55960 kB
KReclaimable:      56636 kB
Slab:             286104 kB
SReclaimable:      56636 kB
SUnreclaim:       229468 kB
KernelStack:       18988 kB
PageTables:        62796 kB
SecPageTables:         0 kB
NFS_Unstable:          0 kB
Bounce:                0 kB
WritebackTmp:          0 kB
CommitLimit:     8258920 kB
Committed_AS:   12047980 kB
VmallocTotal:   34359738367 kB
VmallocUsed:       47224 kB
VmallocChunk:          0 kB
Percpu:            13280 kB
HardwareCorrupted:     0 kB
AnonHugePages:      4096 kB
ShmemHugePages:        0 kB
ShmemPmdMapped:        0 kB
FileHugePages:         0 kB
FilePmdMapped:         0 kB
CmaTotal:              0 kB
CmaFree:               0 kB
Unaccepted:            0 kB
Balloon:               0 kB
HugePages_Total:       0
HugePages_Free:        0
HugePages_Rsvd:        0
HugePages_Surp:        0
Hugepagesize:       2048 kB
Hugetlb:               0 kB
DirectMap4k:      194432 kB
DirectMap2M:     6096896 kB
DirectMap1G:     4194304 kB
---SNAPSHOT---
2026-04-27 01:28:14
MemTotal:        8129240 kB
MemFree:         2888496 kB
MemAvailable:    3087384 kB
Buffers:            6568 kB
Cached:           308496 kB
SwapCached:       594932 kB
Active:          3346124 kB
Inactive:        1161724 kB
Active(anon):    3206012 kB
Inactive(anon):  1042688 kB
Active(file):     140112 kB
Inactive(file):   119036 kB
Unevictable:          16 kB
Mlocked:              16 kB
SwapTotal:       4194300 kB
SwapFree:        3478048 kB
Zswap:                 0 kB
Zswapped:              0 kB
Dirty:               696 kB
Writeback:           312 kB
AnonPages:       3606076 kB
Mapped:           253324 kB
Shmem:             55960 kB
KReclaimable:      56636 kB
Slab:             284780 kB
SReclaimable:      56636 kB
SUnreclaim:       228144 kB
KernelStack:       18988 kB
PageTables:        62268 kB
SecPageTables:         0 kB
NFS_Unstable:          0 kB
Bounce:                0 kB
WritebackTmp:          0 kB
CommitLimit:     8258920 kB
Committed_AS:   12048204 kB
VmallocTotal:   34359738367 kB
VmallocUsed:       47256 kB
VmallocChunk:          0 kB
Percpu:            13280 kB
HardwareCorrupted:     0 kB
AnonHugePages:      4096 kB
ShmemHugePages:        0 kB
ShmemPmdMapped:        0 kB
FileHugePages:         0 kB
FilePmdMapped:         0 kB
CmaTotal:              0 kB
CmaFree:               0 kB
Unaccepted:            0 kB
Balloon:               0 kB
HugePages_Total:       0
HugePages_Free:        0
HugePages_Rsvd:        0
HugePages_Surp:        0
Hugepagesize:       2048 kB
Hugetlb:               0 kB
DirectMap4k:      194432 kB
DirectMap2M:     6096896 kB
DirectMap1G:     4194304 kB
---SNAPSHOT---
2026-04-27 01:28:15
MemTotal:        8129240 kB
MemFree:         2548196 kB
MemAvailable:    2747088 kB
Buffers:            6576 kB
Cached:           308500 kB
SwapCached:       633708 kB
Active:          3729624 kB
Inactive:        1199912 kB
Active(anon):    3589512 kB
Inactive(anon):  1080872 kB
Active(file):     140112 kB
Inactive(file):   119040 kB
Unevictable:          16 kB
Mlocked:              16 kB
SwapTotal:       4194300 kB
SwapFree:        3439272 kB
Zswap:                 0 kB
Zswapped:              0 kB
Dirty:               700 kB
Writeback:           472 kB
AnonPages:       3989692 kB
Mapped:           253424 kB
Shmem:             55960 kB
KReclaimable:      56636 kB
Slab:             284788 kB
SReclaimable:      56636 kB
SUnreclaim:       228152 kB
KernelStack:       18944 kB
PageTables:        63116 kB
SecPageTables:         0 kB
NFS_Unstable:          0 kB
Bounce:                0 kB
WritebackTmp:          0 kB
CommitLimit:     8258920 kB
Committed_AS:   12047480 kB
VmallocTotal:   34359738367 kB
VmallocUsed:       47256 kB
VmallocChunk:          0 kB
Percpu:            13280 kB
HardwareCorrupted:     0 kB
AnonHugePages:      4096 kB
ShmemHugePages:        0 kB
ShmemPmdMapped:        0 kB
FileHugePages:         0 kB
FilePmdMapped:         0 kB
CmaTotal:              0 kB
CmaFree:               0 kB
Unaccepted:            0 kB
Balloon:               0 kB
HugePages_Total:       0
HugePages_Free:        0
HugePages_Rsvd:        0
HugePages_Surp:        0
Hugepagesize:       2048 kB
Hugetlb:               0 kB
DirectMap4k:      194432 kB
DirectMap2M:     6096896 kB
DirectMap1G:     4194304 kB
---SNAPSHOT---
2026-04-27 01:28:16
MemTotal:        8129240 kB
MemFree:         2757004 kB
MemAvailable:    2955908 kB
Buffers:            6576 kB
Cached:           308504 kB
SwapCached:       668616 kB
Active:          3476348 kB
Inactive:        1234816 kB
Active(anon):    3336236 kB
Inactive(anon):  1115764 kB
Active(file):     140112 kB
Inactive(file):   119052 kB
Unevictable:          16 kB
Mlocked:              16 kB
SwapTotal:       4194300 kB
SwapFree:        3404304 kB
Zswap:                 0 kB
Zswapped:              0 kB
Dirty:               704 kB
Writeback:           236 kB
AnonPages:       3736152 kB
Mapped:           253324 kB
Shmem:             55960 kB
KReclaimable:      56636 kB
Slab:             284760 kB
SReclaimable:      56636 kB
SUnreclaim:       228124 kB
KernelStack:       18988 kB
PageTables:        62872 kB
SecPageTables:         0 kB
NFS_Unstable:          0 kB
Bounce:                0 kB
WritebackTmp:          0 kB
CommitLimit:     8258920 kB
Committed_AS:   12047960 kB
VmallocTotal:   34359738367 kB
VmallocUsed:       47256 kB
VmallocChunk:          0 kB
Percpu:            13280 kB
HardwareCorrupted:     0 kB
AnonHugePages:      4096 kB
ShmemHugePages:        0 kB
ShmemPmdMapped:        0 kB
FileHugePages:         0 kB
FilePmdMapped:         0 kB
CmaTotal:              0 kB
CmaFree:               0 kB
Unaccepted:            0 kB
Balloon:               0 kB
HugePages_Total:       0
HugePages_Free:        0
HugePages_Rsvd:        0
HugePages_Surp:        0
Hugepagesize:       2048 kB
Hugetlb:               0 kB
DirectMap4k:      194432 kB
DirectMap2M:     6096896 kB
DirectMap1G:     4194304 kB
---SNAPSHOT---
2026-04-27 01:28:17
MemTotal:        8129240 kB
MemFree:         2507408 kB
MemAvailable:    2706316 kB
Buffers:            6576 kB
Cached:           308512 kB
SwapCached:       679772 kB
Active:          3718348 kB
Inactive:        1244380 kB
Active(anon):    3578236 kB
Inactive(anon):  1125324 kB
Active(file):     140112 kB
Inactive(file):   119056 kB
Unevictable:          16 kB
Mlocked:              16 kB
SwapTotal:       4194300 kB
SwapFree:        3393004 kB
Zswap:                 0 kB
Zswapped:              0 kB
Dirty:               712 kB
Writeback:           184 kB
AnonPages:       3978296 kB
Mapped:           253324 kB
Shmem:             55960 kB
KReclaimable:      56636 kB
Slab:             284780 kB
SReclaimable:      56636 kB
SUnreclaim:       228144 kB
KernelStack:       18988 kB
PageTables:        63388 kB
SecPageTables:         0 kB
NFS_Unstable:          0 kB
Bounce:                0 kB
WritebackTmp:          0 kB
CommitLimit:     8258920 kB
Committed_AS:   12047972 kB
VmallocTotal:   34359738367 kB
VmallocUsed:       47272 kB
VmallocChunk:          0 kB
Percpu:            13280 kB
HardwareCorrupted:     0 kB
AnonHugePages:      4096 kB
ShmemHugePages:        0 kB
ShmemPmdMapped:        0 kB
FileHugePages:         0 kB
FilePmdMapped:         0 kB
CmaTotal:              0 kB
CmaFree:               0 kB
Unaccepted:            0 kB
Balloon:               0 kB
HugePages_Total:       0
HugePages_Free:        0
HugePages_Rsvd:        0
HugePages_Surp:        0
Hugepagesize:       2048 kB
Hugetlb:               0 kB
DirectMap4k:      194432 kB
DirectMap2M:     6096896 kB
DirectMap1G:     4194304 kB
---SNAPSHOT---
2026-04-27 01:28:18
MemTotal:        8129240 kB
MemFree:         2303772 kB
MemAvailable:    2502688 kB
Buffers:            6576 kB
Cached:           308516 kB
SwapCached:       804192 kB
Active:          3819152 kB
Inactive:        1369440 kB
Active(anon):    3679040 kB
Inactive(anon):  1250376 kB
Active(file):     140112 kB
Inactive(file):   119064 kB
Unevictable:          16 kB
Mlocked:              16 kB
SwapTotal:       4194300 kB
SwapFree:        3268564 kB
Zswap:                 0 kB
Zswapped:              0 kB
Dirty:               716 kB
Writeback:           448 kB
AnonPages:       4079780 kB
Mapped:           253324 kB
Shmem:             55960 kB
KReclaimable:      56636 kB
Slab:             284820 kB
SReclaimable:      56636 kB
SUnreclaim:       228184 kB
KernelStack:       18944 kB
PageTables:        63920 kB
SecPageTables:         0 kB
NFS_Unstable:          0 kB
Bounce:                0 kB
WritebackTmp:          0 kB
CommitLimit:     8258920 kB
Committed_AS:   12047480 kB
VmallocTotal:   34359738367 kB
VmallocUsed:       47256 kB
VmallocChunk:          0 kB
Percpu:            13280 kB
HardwareCorrupted:     0 kB
AnonHugePages:      4096 kB
ShmemHugePages:        0 kB
ShmemPmdMapped:        0 kB
FileHugePages:         0 kB
FilePmdMapped:         0 kB
CmaTotal:              0 kB
CmaFree:               0 kB
Unaccepted:            0 kB
Balloon:               0 kB
HugePages_Total:       0
HugePages_Free:        0
HugePages_Rsvd:        0
HugePages_Surp:        0
Hugepagesize:       2048 kB
Hugetlb:               0 kB
DirectMap4k:      194432 kB
DirectMap2M:     6096896 kB
DirectMap1G:     4194304 kB
---SNAPSHOT---
2026-04-27 01:28:19
MemTotal:        8129240 kB
MemFree:         3224036 kB
MemAvailable:    3423096 kB
Buffers:            6708 kB
Cached:           308528 kB
SwapCached:       341796 kB
Active:          3305804 kB
Inactive:         907396 kB
Active(anon):    3165692 kB
Inactive(anon):   788188 kB
Active(file):     140112 kB
Inactive(file):   119208 kB
Unevictable:          16 kB
Mlocked:              16 kB
SwapTotal:       4194300 kB
SwapFree:        3731184 kB
Zswap:                 0 kB
Zswapped:              0 kB
Dirty:               728 kB
Writeback:           196 kB
AnonPages:       3564892 kB
Mapped:           253552 kB
Shmem:             55960 kB
KReclaimable:      56636 kB
Slab:             284800 kB
SReclaimable:      56636 kB
SUnreclaim:       228164 kB
KernelStack:       18944 kB
PageTables:        61856 kB
SecPageTables:         0 kB
NFS_Unstable:          0 kB
Bounce:                0 kB
WritebackTmp:          0 kB
CommitLimit:     8258920 kB
Committed_AS:   12047948 kB
VmallocTotal:   34359738367 kB
VmallocUsed:       47272 kB
VmallocChunk:          0 kB
Percpu:            13280 kB
HardwareCorrupted:     0 kB
AnonHugePages:      4096 kB
ShmemHugePages:        0 kB
ShmemPmdMapped:        0 kB
FileHugePages:         0 kB
FilePmdMapped:         0 kB
CmaTotal:              0 kB
CmaFree:               0 kB
Unaccepted:            0 kB
Balloon:               0 kB
HugePages_Total:       0
HugePages_Free:        0
HugePages_Rsvd:        0
HugePages_Surp:        0
Hugepagesize:       2048 kB
Hugetlb:               0 kB
DirectMap4k:      194432 kB
DirectMap2M:     6096896 kB
DirectMap1G:     4194304 kB
---SNAPSHOT---
2026-04-27 01:28:20
MemTotal:        8129240 kB
MemFree:         2747492 kB
MemAvailable:    2946560 kB
Buffers:            6716 kB
Cached:           308528 kB
SwapCached:       435732 kB
Active:          3720124 kB
Inactive:        1001512 kB
Active(anon):    3580012 kB
Inactive(anon):   882296 kB
Active(file):     140112 kB
Inactive(file):   119216 kB
Unevictable:          16 kB
Mlocked:              16 kB
SwapTotal:       4194300 kB
SwapFree:        3637248 kB
Zswap:                 0 kB
Zswapped:              0 kB
Dirty:               732 kB
Writeback:           360 kB
AnonPages:       3979560 kB
Mapped:           253424 kB
Shmem:             55960 kB
KReclaimable:      56636 kB
Slab:             284832 kB
SReclaimable:      56636 kB
SUnreclaim:       228196 kB
KernelStack:       18928 kB
PageTables:        62484 kB
SecPageTables:         0 kB
NFS_Unstable:          0 kB
Bounce:                0 kB
WritebackTmp:          0 kB
CommitLimit:     8258920 kB
Committed_AS:   12048200 kB
VmallocTotal:   34359738367 kB
VmallocUsed:       47272 kB
VmallocChunk:          0 kB
Percpu:            13280 kB
HardwareCorrupted:     0 kB
AnonHugePages:      4096 kB
ShmemHugePages:        0 kB
ShmemPmdMapped:        0 kB
FileHugePages:         0 kB
FilePmdMapped:         0 kB
CmaTotal:              0 kB
CmaFree:               0 kB
Unaccepted:            0 kB
Balloon:               0 kB
HugePages_Total:       0
HugePages_Free:        0
HugePages_Rsvd:        0
HugePages_Surp:        0
Hugepagesize:       2048 kB
Hugetlb:               0 kB
DirectMap4k:      194432 kB
DirectMap2M:     6096896 kB
DirectMap1G:     4194304 kB
---SNAPSHOT---
2026-04-27 01:28:21
MemTotal:        8129240 kB
MemFree:         2318608 kB
MemAvailable:    2517684 kB
Buffers:            6720 kB
Cached:           308532 kB
SwapCached:       437588 kB
Active:          4166624 kB
Inactive:        1003576 kB
Active(anon):    4026512 kB
Inactive(anon):   884352 kB
Active(file):     140112 kB
Inactive(file):   119224 kB
Unevictable:          16 kB
Mlocked:              16 kB
SwapTotal:       4194300 kB
SwapFree:        3635392 kB
Zswap:                 0 kB
Zswapped:              0 kB
Dirty:               740 kB
Writeback:           172 kB
AnonPages:       4426060 kB
Mapped:           253324 kB
Shmem:             55960 kB
KReclaimable:      56636 kB
Slab:             284832 kB
SReclaimable:      56636 kB
SUnreclaim:       228196 kB
KernelStack:       18960 kB
PageTables:        63320 kB
SecPageTables:         0 kB
NFS_Unstable:          0 kB
Bounce:                0 kB
WritebackTmp:          0 kB
CommitLimit:     8258920 kB
Committed_AS:   12047576 kB
VmallocTotal:   34359738367 kB
VmallocUsed:       47288 kB
VmallocChunk:          0 kB
Percpu:            13280 kB
HardwareCorrupted:     0 kB
AnonHugePages:      4096 kB
ShmemHugePages:        0 kB
ShmemPmdMapped:        0 kB
FileHugePages:         0 kB
FilePmdMapped:         0 kB
CmaTotal:              0 kB
CmaFree:               0 kB
Unaccepted:            0 kB
Balloon:               0 kB
HugePages_Total:       0
HugePages_Free:        0
HugePages_Rsvd:        0
HugePages_Surp:        0
Hugepagesize:       2048 kB
Hugetlb:               0 kB
DirectMap4k:      194432 kB
DirectMap2M:     6096896 kB
DirectMap1G:     4194304 kB
---SNAPSHOT---
2026-04-27 01:28:22
MemTotal:        8129240 kB
MemFree:         3090944 kB
MemAvailable:    3290032 kB
Buffers:            6720 kB
Cached:           308544 kB
SwapCached:       440276 kB
Active:          3323360 kB
Inactive:        1005140 kB
Active(anon):    3183248 kB
Inactive(anon):   885904 kB
Active(file):     140112 kB
Inactive(file):   119236 kB
Unevictable:          16 kB
Mlocked:              16 kB
SwapTotal:       4194300 kB
SwapFree:        3632704 kB
Zswap:                 0 kB
Zswapped:              0 kB
Dirty:               188 kB
Writeback:          1072 kB
AnonPages:       3581616 kB
Mapped:           253324 kB
Shmem:             55960 kB
KReclaimable:      56636 kB
Slab:             284824 kB
SReclaimable:      56636 kB
SUnreclaim:       228188 kB
KernelStack:       18976 kB
PageTables:        61744 kB
SecPageTables:         0 kB
NFS_Unstable:          0 kB
Bounce:                0 kB
WritebackTmp:          0 kB
CommitLimit:     8258920 kB
Committed_AS:   12048204 kB
VmallocTotal:   34359738367 kB
VmallocUsed:       47320 kB
VmallocChunk:          0 kB
Percpu:            13280 kB
HardwareCorrupted:     0 kB
AnonHugePages:      4096 kB
ShmemHugePages:        0 kB
ShmemPmdMapped:        0 kB
FileHugePages:         0 kB
FilePmdMapped:         0 kB
CmaTotal:              0 kB
CmaFree:               0 kB
Unaccepted:            0 kB
Balloon:               0 kB
HugePages_Total:       0
HugePages_Free:        0
HugePages_Rsvd:        0
HugePages_Surp:        0
Hugepagesize:       2048 kB
Hugetlb:               0 kB
DirectMap4k:      194432 kB
DirectMap2M:     6096896 kB
DirectMap1G:     4194304 kB
---SNAPSHOT---
2026-04-27 01:28:23
MemTotal:        8129240 kB
MemFree:         2715172 kB
MemAvailable:    2914260 kB
Buffers:            6720 kB
Cached:           308548 kB
SwapCached:       441528 kB
Active:          3785756 kB
Inactive:        1005636 kB
Active(anon):    3645644 kB
Inactive(anon):   886400 kB
Active(file):     140112 kB
Inactive(file):   119236 kB
Unevictable:          16 kB
Mlocked:              16 kB
SwapTotal:       4194300 kB
SwapFree:        3631452 kB
Zswap:                 0 kB
Zswapped:              0 kB
Dirty:               192 kB
Writeback:           136 kB
AnonPages:       4043100 kB
Mapped:           253324 kB
Shmem:             55960 kB
KReclaimable:      56636 kB
Slab:             284772 kB
SReclaimable:      56636 kB
SUnreclaim:       228136 kB
KernelStack:       18976 kB
PageTables:        62696 kB
SecPageTables:         0 kB
NFS_Unstable:          0 kB
Bounce:                0 kB
WritebackTmp:          0 kB
CommitLimit:     8258920 kB
Committed_AS:   12048204 kB
VmallocTotal:   34359738367 kB
VmallocUsed:       47320 kB
VmallocChunk:          0 kB
Percpu:            13280 kB
HardwareCorrupted:     0 kB
AnonHugePages:      4096 kB
ShmemHugePages:        0 kB
ShmemPmdMapped:        0 kB
FileHugePages:         0 kB
FilePmdMapped:         0 kB
CmaTotal:              0 kB
CmaFree:               0 kB
Unaccepted:            0 kB
Balloon:               0 kB
HugePages_Total:       0
HugePages_Free:        0
HugePages_Rsvd:        0
HugePages_Surp:        0
Hugepagesize:       2048 kB
Hugetlb:               0 kB
DirectMap4k:      194432 kB
DirectMap2M:     6096896 kB
DirectMap1G:     4194304 kB
---SNAPSHOT---
2026-04-27 01:28:24
MemTotal:        8129240 kB
MemFree:         2827660 kB
MemAvailable:    3026760 kB
Buffers:            6720 kB
Cached:           308556 kB
SwapCached:       442964 kB
Active:          3577896 kB
Inactive:        1009676 kB
Active(anon):    3437784 kB
Inactive(anon):   890428 kB
Active(file):     140112 kB
Inactive(file):   119248 kB
Unevictable:          16 kB
Mlocked:              16 kB
SwapTotal:       4194300 kB
SwapFree:        3630016 kB
Zswap:                 0 kB
Zswapped:              0 kB
Dirty:               200 kB
Writeback:           164 kB
AnonPages:       3838256 kB
Mapped:           253324 kB
Shmem:             55960 kB
KReclaimable:      56636 kB
Slab:             284752 kB
SReclaimable:      56636 kB
SUnreclaim:       228116 kB
KernelStack:       18960 kB
PageTables:        62592 kB
SecPageTables:         0 kB
NFS_Unstable:          0 kB
Bounce:                0 kB
WritebackTmp:          0 kB
CommitLimit:     8258920 kB
Committed_AS:   12047580 kB
VmallocTotal:   34359738367 kB
VmallocUsed:       47304 kB
VmallocChunk:          0 kB
Percpu:            13280 kB
HardwareCorrupted:     0 kB
AnonHugePages:      4096 kB
ShmemHugePages:        0 kB
ShmemPmdMapped:        0 kB
FileHugePages:         0 kB
FilePmdMapped:         0 kB
CmaTotal:              0 kB
CmaFree:               0 kB
Unaccepted:            0 kB
Balloon:               0 kB
HugePages_Total:       0
HugePages_Free:        0
HugePages_Rsvd:        0
HugePages_Surp:        0
Hugepagesize:       2048 kB
Hugetlb:               0 kB
DirectMap4k:      194432 kB
DirectMap2M:     6096896 kB
DirectMap1G:     4194304 kB
---SNAPSHOT---
2026-04-27 01:28:25
MemTotal:        8129240 kB
MemFree:         3030424 kB
MemAvailable:    3229524 kB
Buffers:            6728 kB
Cached:           308552 kB
SwapCached:       460608 kB
Active:          3370964 kB
Inactive:        1025936 kB
Active(anon):    3230852 kB
Inactive(anon):   906688 kB
Active(file):     140112 kB
Inactive(file):   119248 kB
Unevictable:          16 kB
Mlocked:              16 kB
SwapTotal:       4194300 kB
SwapFree:        3612348 kB
Zswap:                 0 kB
Zswapped:              0 kB
Dirty:               204 kB
Writeback:           248 kB
AnonPages:       3629700 kB
Mapped:           253324 kB
Shmem:             55960 kB
KReclaimable:      56636 kB
Slab:             284796 kB
SReclaimable:      56636 kB
SUnreclaim:       228160 kB
KernelStack:       18976 kB
PageTables:        61864 kB
SecPageTables:         0 kB
NFS_Unstable:          0 kB
Bounce:                0 kB
WritebackTmp:          0 kB
CommitLimit:     8258920 kB
Committed_AS:   12047820 kB
VmallocTotal:   34359738367 kB
VmallocUsed:       47320 kB
VmallocChunk:          0 kB
Percpu:            13280 kB
HardwareCorrupted:     0 kB
AnonHugePages:      4096 kB
ShmemHugePages:        0 kB
ShmemPmdMapped:        0 kB
FileHugePages:         0 kB
FilePmdMapped:         0 kB
CmaTotal:              0 kB
CmaFree:               0 kB
Unaccepted:            0 kB
Balloon:               0 kB
HugePages_Total:       0
HugePages_Free:        0
HugePages_Rsvd:        0
HugePages_Surp:        0
Hugepagesize:       2048 kB
Hugetlb:               0 kB
DirectMap4k:      194432 kB
DirectMap2M:     6096896 kB
DirectMap1G:     4194304 kB
---SNAPSHOT---
2026-04-27 01:28:26
MemTotal:        8129240 kB
MemFree:         2662848 kB
MemAvailable:    2861968 kB
Buffers:            6728 kB
Cached:           308568 kB
SwapCached:       587588 kB
Active:          3697876 kB
Inactive:        1153072 kB
Active(anon):    3557764 kB
Inactive(anon):  1033804 kB
Active(file):     140112 kB
Inactive(file):   119268 kB
Unevictable:          16 kB
Mlocked:              16 kB
SwapTotal:       4194300 kB
SwapFree:        3485392 kB
Zswap:                 0 kB
Zswapped:              0 kB
Dirty:               248 kB
Writeback:           244 kB
AnonPages:       3956864 kB
Mapped:           253324 kB
Shmem:             55960 kB
KReclaimable:      56636 kB
Slab:             284820 kB
SReclaimable:      56636 kB
SUnreclaim:       228184 kB
KernelStack:       19036 kB
PageTables:        62752 kB
SecPageTables:         0 kB
NFS_Unstable:          0 kB
Bounce:                0 kB
WritebackTmp:          0 kB
CommitLimit:     8258920 kB
Committed_AS:   12048196 kB
VmallocTotal:   34359738367 kB
VmallocUsed:       47320 kB
VmallocChunk:          0 kB
Percpu:            13280 kB
HardwareCorrupted:     0 kB
AnonHugePages:      4096 kB
ShmemHugePages:        0 kB
ShmemPmdMapped:        0 kB
FileHugePages:         0 kB
FilePmdMapped:         0 kB
CmaTotal:              0 kB
CmaFree:               0 kB
Unaccepted:            0 kB
Balloon:               0 kB
HugePages_Total:       0
HugePages_Free:        0
HugePages_Rsvd:        0
HugePages_Surp:        0
Hugepagesize:       2048 kB
Hugetlb:               0 kB
DirectMap4k:      194432 kB
DirectMap2M:     6096896 kB
DirectMap1G:     4194304 kB
---SNAPSHOT---
2026-04-27 01:28:27
MemTotal:        8129240 kB
MemFree:         2746184 kB
MemAvailable:    2945312 kB
Buffers:            6736 kB
Cached:           308568 kB
SwapCached:       647296 kB
Active:          3424968 kB
Inactive:        1209948 kB
Active(anon):    3284856 kB
Inactive(anon):  1090672 kB
Active(file):     140112 kB
Inactive(file):   119276 kB
Unevictable:          16 kB
Mlocked:              16 kB
SwapTotal:       4194300 kB
SwapFree:        3425684 kB
Zswap:                 0 kB
Zswapped:              0 kB
Dirty:               256 kB
Writeback:            92 kB
AnonPages:       3660104 kB
Mapped:           253324 kB
Shmem:             55960 kB
KReclaimable:      56636 kB
Slab:             284840 kB
SReclaimable:      56636 kB
SUnreclaim:       228204 kB
KernelStack:       18976 kB
PageTables:        63716 kB
SecPageTables:         0 kB
NFS_Unstable:          0 kB
Bounce:                0 kB
WritebackTmp:          0 kB
CommitLimit:     8258920 kB
Committed_AS:   12047468 kB
VmallocTotal:   34359738367 kB
VmallocUsed:       47304 kB
VmallocChunk:          0 kB
Percpu:            13280 kB
HardwareCorrupted:     0 kB
AnonHugePages:      4096 kB
ShmemHugePages:        0 kB
ShmemPmdMapped:        0 kB
FileHugePages:         0 kB
FilePmdMapped:         0 kB
CmaTotal:              0 kB
CmaFree:               0 kB
Unaccepted:            0 kB
Balloon:               0 kB
HugePages_Total:       0
HugePages_Free:        0
HugePages_Rsvd:        0
HugePages_Surp:        0
Hugepagesize:       2048 kB
Hugetlb:               0 kB
DirectMap4k:      194432 kB
DirectMap2M:     6096896 kB
DirectMap1G:     4194304 kB
---SNAPSHOT---
2026-04-27 01:28:28
MemTotal:        8129240 kB
MemFree:         2635156 kB
MemAvailable:    2834300 kB
Buffers:            6736 kB
Cached:           308588 kB
SwapCached:       775232 kB
Active:          3484812 kB
Inactive:        1338560 kB
Active(anon):    3344700 kB
Inactive(anon):  1219268 kB
Active(file):     140112 kB
Inactive(file):   119292 kB
Unevictable:          16 kB
Mlocked:              16 kB
SwapTotal:       4194300 kB
SwapFree:        3297744 kB
Zswap:                 0 kB
Zswapped:              0 kB
Dirty:                56 kB
Writeback:           504 kB
AnonPages:       3743760 kB
Mapped:           253324 kB
Shmem:             55960 kB
KReclaimable:      56636 kB
Slab:             284828 kB
SReclaimable:      56636 kB
SUnreclaim:       228192 kB
KernelStack:       18976 kB
PageTables:        62872 kB
SecPageTables:         0 kB
NFS_Unstable:          0 kB
Bounce:                0 kB
WritebackTmp:          0 kB
CommitLimit:     8258920 kB
Committed_AS:   12047872 kB
VmallocTotal:   34359738367 kB
VmallocUsed:       47288 kB
VmallocChunk:          0 kB
Percpu:            13280 kB
HardwareCorrupted:     0 kB
AnonHugePages:      4096 kB
ShmemHugePages:        0 kB
ShmemPmdMapped:        0 kB
FileHugePages:         0 kB
FilePmdMapped:         0 kB
CmaTotal:              0 kB
CmaFree:               0 kB
Unaccepted:            0 kB
Balloon:               0 kB
HugePages_Total:       0
HugePages_Free:        0
HugePages_Rsvd:        0
HugePages_Surp:        0
Hugepagesize:       2048 kB
Hugetlb:               0 kB
DirectMap4k:      194432 kB
DirectMap2M:     6096896 kB
DirectMap1G:     4194304 kB
---SNAPSHOT---
2026-04-27 01:28:29
MemTotal:        8129240 kB
MemFree:         2459844 kB
MemAvailable:    2658996 kB
Buffers:            6736 kB
Cached:           308596 kB
SwapCached:       922528 kB
Active:          3564260 kB
Inactive:        1486240 kB
Active(anon):    3424148 kB
Inactive(anon):  1366940 kB
Active(file):     140112 kB
Inactive(file):   119300 kB
Unevictable:          16 kB
Mlocked:              16 kB
SwapTotal:       4194300 kB
SwapFree:        3150208 kB
Zswap:                 0 kB
Zswapped:              0 kB
Dirty:                68 kB
Writeback:           264 kB
AnonPages:       3823416 kB
Mapped:           253324 kB
Shmem:             55960 kB
KReclaimable:      56636 kB
Slab:             284848 kB
SReclaimable:      56636 kB
SUnreclaim:       228212 kB
KernelStack:       18976 kB
PageTables:        63284 kB
SecPageTables:         0 kB
NFS_Unstable:          0 kB
Bounce:                0 kB
WritebackTmp:          0 kB
CommitLimit:     8258920 kB
Committed_AS:   12047864 kB
VmallocTotal:   34359738367 kB
VmallocUsed:       47304 kB
VmallocChunk:          0 kB
Percpu:            13280 kB
HardwareCorrupted:     0 kB
AnonHugePages:      4096 kB
ShmemHugePages:        0 kB
ShmemPmdMapped:        0 kB
FileHugePages:         0 kB
FilePmdMapped:         0 kB
CmaTotal:              0 kB
CmaFree:               0 kB
Unaccepted:            0 kB
Balloon:               0 kB
HugePages_Total:       0
HugePages_Free:        0
HugePages_Rsvd:        0
HugePages_Surp:        0
Hugepagesize:       2048 kB
Hugetlb:               0 kB
DirectMap4k:      194432 kB
DirectMap2M:     6096896 kB
DirectMap1G:     4194304 kB
---SNAPSHOT---
2026-04-27 01:28:31
MemTotal:        8129240 kB
MemFree:         2811060 kB
MemAvailable:    3010220 kB
Buffers:            6744 kB
Cached:           308600 kB
SwapCached:       985364 kB
Active:          3112764 kB
Inactive:        1549896 kB
Active(anon):    2972652 kB
Inactive(anon):  1430588 kB
Active(file):     140112 kB
Inactive(file):   119308 kB
Unevictable:          16 kB
Mlocked:              16 kB
SwapTotal:       4194300 kB
SwapFree:        3087616 kB
Zswap:                 0 kB
Zswapped:              0 kB
Dirty:                72 kB
Writeback:           192 kB
AnonPages:       3372996 kB
Mapped:           253424 kB
Shmem:             55960 kB
KReclaimable:      56636 kB
Slab:             284820 kB
SReclaimable:      56636 kB
SUnreclaim:       228184 kB
KernelStack:       18960 kB
PageTables:        62544 kB
SecPageTables:         0 kB
NFS_Unstable:          0 kB
Bounce:                0 kB
WritebackTmp:          0 kB
CommitLimit:     8258920 kB
Committed_AS:   12047624 kB
VmallocTotal:   34359738367 kB
VmallocUsed:       47288 kB
VmallocChunk:          0 kB
Percpu:            13280 kB
HardwareCorrupted:     0 kB
AnonHugePages:      4096 kB
ShmemHugePages:        0 kB
ShmemPmdMapped:        0 kB
FileHugePages:         0 kB
FilePmdMapped:         0 kB
CmaTotal:              0 kB
CmaFree:               0 kB
Unaccepted:            0 kB
Balloon:               0 kB
HugePages_Total:       0
HugePages_Free:        0
HugePages_Rsvd:        0
HugePages_Surp:        0
Hugepagesize:       2048 kB
Hugetlb:               0 kB
DirectMap4k:      194432 kB
DirectMap2M:     6096896 kB
DirectMap1G:     4194304 kB
---SNAPSHOT---
2026-04-27 01:28:32
MemTotal:        8129240 kB
MemFree:         2573692 kB
MemAvailable:    2772860 kB
Buffers:            6744 kB
Cached:           308604 kB
SwapCached:       985736 kB
Active:          3349272 kB
Inactive:        1550104 kB
Active(anon):    3209160 kB
Inactive(anon):  1430788 kB
Active(file):     140112 kB
Inactive(file):   119316 kB
Unevictable:          16 kB
Mlocked:              16 kB
SwapTotal:       4194300 kB
SwapFree:        3087244 kB
Zswap:                 0 kB
Zswapped:              0 kB
Dirty:                96 kB
Writeback:           136 kB
AnonPages:       3609112 kB
Mapped:           253324 kB
Shmem:             55960 kB
KReclaimable:      56636 kB
Slab:             284820 kB
SReclaimable:      56636 kB
SUnreclaim:       228184 kB
KernelStack:       18960 kB
PageTables:        63164 kB
SecPageTables:         0 kB
NFS_Unstable:          0 kB
Bounce:                0 kB
WritebackTmp:          0 kB
CommitLimit:     8258920 kB
Committed_AS:   12048200 kB
VmallocTotal:   34359738367 kB
VmallocUsed:       47320 kB
VmallocChunk:          0 kB
Percpu:            13280 kB
HardwareCorrupted:     0 kB
AnonHugePages:      4096 kB
ShmemHugePages:        0 kB
ShmemPmdMapped:        0 kB
FileHugePages:         0 kB
FilePmdMapped:         0 kB
CmaTotal:              0 kB
CmaFree:               0 kB
Unaccepted:            0 kB
Balloon:               0 kB
HugePages_Total:       0
HugePages_Free:        0
HugePages_Rsvd:        0
HugePages_Surp:        0
Hugepagesize:       2048 kB
Hugetlb:               0 kB
DirectMap4k:      194432 kB
DirectMap2M:     6096896 kB
DirectMap1G:     4194304 kB
---SNAPSHOT---
2026-04-27 01:28:33
MemTotal:        8129240 kB
MemFree:         2390080 kB
MemAvailable:    2589260 kB
Buffers:            6744 kB
Cached:           308612 kB
SwapCached:      1000888 kB
Active:          3565332 kB
Inactive:        1566140 kB
Active(anon):    3425220 kB
Inactive(anon):  1446812 kB
Active(file):     140112 kB
Inactive(file):   119328 kB
Unevictable:          16 kB
Mlocked:              16 kB
SwapTotal:       4194300 kB
SwapFree:        3072092 kB
Zswap:                 0 kB
Zswapped:              0 kB
Dirty:               104 kB
Writeback:           324 kB
AnonPages:       3825832 kB
Mapped:           253324 kB
Shmem:             55960 kB
KReclaimable:      56636 kB
Slab:             284824 kB
SReclaimable:      56636 kB
SUnreclaim:       228188 kB
KernelStack:       18960 kB
PageTables:        63560 kB
SecPageTables:         0 kB
NFS_Unstable:          0 kB
Bounce:                0 kB
WritebackTmp:          0 kB
CommitLimit:     8258920 kB
Committed_AS:   12047736 kB
VmallocTotal:   34359738367 kB
VmallocUsed:       47304 kB
VmallocChunk:          0 kB
Percpu:            13280 kB
HardwareCorrupted:     0 kB
AnonHugePages:      4096 kB
ShmemHugePages:        0 kB
ShmemPmdMapped:        0 kB
FileHugePages:         0 kB
FilePmdMapped:         0 kB
CmaTotal:              0 kB
CmaFree:               0 kB
Unaccepted:            0 kB
Balloon:               0 kB
HugePages_Total:       0
HugePages_Free:        0
HugePages_Rsvd:        0
HugePages_Surp:        0
Hugepagesize:       2048 kB
Hugetlb:               0 kB
DirectMap4k:      194432 kB
DirectMap2M:     6096896 kB
DirectMap1G:     4194304 kB
---SNAPSHOT---
2026-04-27 01:28:34
MemTotal:        8129240 kB
MemFree:         2771980 kB
MemAvailable:    2971160 kB
Buffers:            6744 kB
Cached:           308616 kB
SwapCached:      1137732 kB
Active:          3010908 kB
Inactive:        1701340 kB
Active(anon):    2870796 kB
Inactive(anon):  1582012 kB
Active(file):     140112 kB
Inactive(file):   119328 kB
Unevictable:          16 kB
Mlocked:              16 kB
SwapTotal:       4194300 kB
SwapFree:        2935160 kB
Zswap:                 0 kB
Zswapped:              0 kB
Dirty:               104 kB
Writeback:           216 kB
AnonPages:       3269968 kB
Mapped:           253324 kB
Shmem:             55960 kB
KReclaimable:      56636 kB
Slab:             284848 kB
SReclaimable:      56636 kB
SUnreclaim:       228212 kB
KernelStack:       18976 kB
PageTables:        62908 kB
SecPageTables:         0 kB
NFS_Unstable:          0 kB
Bounce:                0 kB
WritebackTmp:          0 kB
CommitLimit:     8258920 kB
Committed_AS:   12047972 kB
VmallocTotal:   34359738367 kB
VmallocUsed:       47336 kB
VmallocChunk:          0 kB
Percpu:            13280 kB
HardwareCorrupted:     0 kB
AnonHugePages:      4096 kB
ShmemHugePages:        0 kB
ShmemPmdMapped:        0 kB
FileHugePages:         0 kB
FilePmdMapped:         0 kB
CmaTotal:              0 kB
CmaFree:               0 kB
Unaccepted:            0 kB
Balloon:               0 kB
HugePages_Total:       0
HugePages_Free:        0
HugePages_Rsvd:        0
HugePages_Surp:        0
Hugepagesize:       2048 kB
Hugetlb:               0 kB
DirectMap4k:      194432 kB
DirectMap2M:     6096896 kB
DirectMap1G:     4194304 kB
---SNAPSHOT---
2026-04-27 01:28:35
MemTotal:        8129240 kB
MemFree:         2553392 kB
MemAvailable:    2752584 kB
Buffers:            6744 kB
Cached:           308624 kB
SwapCached:      1214712 kB
Active:          3172460 kB
Inactive:        1779244 kB
Active(anon):    3032348 kB
Inactive(anon):  1659904 kB
Active(file):     140112 kB
Inactive(file):   119340 kB
Unevictable:          16 kB
Mlocked:              16 kB
SwapTotal:       4194300 kB
SwapFree:        2858188 kB
Zswap:                 0 kB
Zswapped:              0 kB
Dirty:               112 kB
Writeback:           212 kB
AnonPages:       3432716 kB
Mapped:           253324 kB
Shmem:             55960 kB
KReclaimable:      56636 kB
Slab:             284820 kB
SReclaimable:      56636 kB
SUnreclaim:       228184 kB
KernelStack:       18976 kB
PageTables:        63468 kB
SecPageTables:         0 kB
NFS_Unstable:          0 kB
Bounce:                0 kB
WritebackTmp:          0 kB
CommitLimit:     8258920 kB
Committed_AS:   12047868 kB
VmallocTotal:   34359738367 kB
VmallocUsed:       47288 kB
VmallocChunk:          0 kB
Percpu:            13280 kB
HardwareCorrupted:     0 kB
AnonHugePages:      4096 kB
ShmemHugePages:        0 kB
ShmemPmdMapped:        0 kB
FileHugePages:         0 kB
FilePmdMapped:         0 kB
CmaTotal:              0 kB
CmaFree:               0 kB
Unaccepted:            0 kB
Balloon:               0 kB
HugePages_Total:       0
HugePages_Free:        0
HugePages_Rsvd:        0
HugePages_Surp:        0
Hugepagesize:       2048 kB
Hugetlb:               0 kB
DirectMap4k:      194432 kB
DirectMap2M:     6096896 kB
DirectMap1G:     4194304 kB
---SNAPSHOT---
2026-04-27 01:28:36
MemTotal:        8129240 kB
MemFree:         2345376 kB
MemAvailable:    2544580 kB
Buffers:            6752 kB
Cached:           308628 kB
SwapCached:      1362348 kB
Active:          3256424 kB
Inactive:        1926760 kB
Active(anon):    3116312 kB
Inactive(anon):  1807408 kB
Active(file):     140112 kB
Inactive(file):   119352 kB
Unevictable:          16 kB
Mlocked:              16 kB
SwapTotal:       4194300 kB
SwapFree:        2710444 kB
Zswap:                 0 kB
Zswapped:              0 kB
Dirty:               124 kB
Writeback:           196 kB
AnonPages:       3516244 kB
Mapped:           253324 kB
Shmem:             55960 kB
KReclaimable:      56636 kB
Slab:             284828 kB
SReclaimable:      56636 kB
SUnreclaim:       228192 kB
KernelStack:       18976 kB
PageTables:        63692 kB
SecPageTables:         0 kB
NFS_Unstable:          0 kB
Bounce:                0 kB
WritebackTmp:          0 kB
CommitLimit:     8258920 kB
Committed_AS:   12047328 kB
VmallocTotal:   34359738367 kB
VmallocUsed:       47320 kB
VmallocChunk:          0 kB
Percpu:            13280 kB
HardwareCorrupted:     0 kB
AnonHugePages:      4096 kB
ShmemHugePages:        0 kB
ShmemPmdMapped:        0 kB
FileHugePages:         0 kB
FilePmdMapped:         0 kB
CmaTotal:              0 kB
CmaFree:               0 kB
Unaccepted:            0 kB
Balloon:               0 kB
HugePages_Total:       0
HugePages_Free:        0
HugePages_Rsvd:        0
HugePages_Surp:        0
Hugepagesize:       2048 kB
Hugetlb:               0 kB
DirectMap4k:      194432 kB
DirectMap2M:     6096896 kB
DirectMap1G:     4194304 kB
---SNAPSHOT---
2026-04-27 01:28:37
MemTotal:        8129240 kB
MemFree:         2731092 kB
MemAvailable:    2930300 kB
Buffers:            6752 kB
Cached:           308636 kB
SwapCached:      1495916 kB
Active:          2702620 kB
Inactive:        2061704 kB
Active(anon):    2562508 kB
Inactive(anon):  1942348 kB
Active(file):     140112 kB
Inactive(file):   119356 kB
Unevictable:          16 kB
Mlocked:              16 kB
SwapTotal:       4194300 kB
SwapFree:        2576860 kB
Zswap:                 0 kB
Zswapped:              0 kB
Dirty:               132 kB
Writeback:           472 kB
AnonPages:       2963724 kB
Mapped:           253324 kB
Shmem:             55960 kB
KReclaimable:      56636 kB
Slab:             284836 kB
SReclaimable:      56636 kB
SUnreclaim:       228200 kB
KernelStack:       18976 kB
PageTables:        62876 kB
SecPageTables:         0 kB
NFS_Unstable:          0 kB
Bounce:                0 kB
WritebackTmp:          0 kB
CommitLimit:     8258920 kB
Committed_AS:   12047868 kB
VmallocTotal:   34359738367 kB
VmallocUsed:       47304 kB
VmallocChunk:          0 kB
Percpu:            13280 kB
HardwareCorrupted:     0 kB
AnonHugePages:      4096 kB
ShmemHugePages:        0 kB
ShmemPmdMapped:        0 kB
FileHugePages:         0 kB
FilePmdMapped:         0 kB
CmaTotal:              0 kB
CmaFree:               0 kB
Unaccepted:            0 kB
Balloon:               0 kB
HugePages_Total:       0
HugePages_Free:        0
HugePages_Rsvd:        0
HugePages_Surp:        0
Hugepagesize:       2048 kB
Hugetlb:               0 kB
DirectMap4k:      194432 kB
DirectMap2M:     6096896 kB
DirectMap1G:     4194304 kB
---SNAPSHOT---
2026-04-27 01:28:38
MemTotal:        8129240 kB
MemFree:         3087216 kB
MemAvailable:    3286436 kB
Buffers:            6752 kB
Cached:           308644 kB
SwapCached:       995676 kB
Active:          2850828 kB
Inactive:        1560712 kB
Active(anon):    2710716 kB
Inactive(anon):  1441344 kB
Active(file):     140112 kB
Inactive(file):   119368 kB
Unevictable:          16 kB
Mlocked:              16 kB
SwapTotal:       4194300 kB
SwapFree:        3077232 kB
Zswap:                 0 kB
Zswapped:              0 kB
Dirty:               140 kB
Writeback:           820 kB
AnonPages:       3109528 kB
Mapped:           253324 kB
Shmem:             55960 kB
KReclaimable:      56636 kB
Slab:             284840 kB
SReclaimable:      56636 kB
SUnreclaim:       228204 kB
KernelStack:       18976 kB
PageTables:        62172 kB
SecPageTables:         0 kB
NFS_Unstable:          0 kB
Bounce:                0 kB
WritebackTmp:          0 kB
CommitLimit:     8258920 kB
Committed_AS:   12048092 kB
VmallocTotal:   34359738367 kB
VmallocUsed:       47336 kB
VmallocChunk:          0 kB
Percpu:            13280 kB
HardwareCorrupted:     0 kB
AnonHugePages:      4096 kB
ShmemHugePages:        0 kB
ShmemPmdMapped:        0 kB
FileHugePages:         0 kB
FilePmdMapped:         0 kB
CmaTotal:              0 kB
CmaFree:               0 kB
Unaccepted:            0 kB
Balloon:               0 kB
HugePages_Total:       0
HugePages_Free:        0
HugePages_Rsvd:        0
HugePages_Surp:        0
Hugepagesize:       2048 kB
Hugetlb:               0 kB
DirectMap4k:      194432 kB
DirectMap2M:     6096896 kB
DirectMap1G:     4194304 kB
---SNAPSHOT---
2026-04-27 01:28:39
MemTotal:        8129240 kB
MemFree:         2672632 kB
MemAvailable:    2871852 kB
Buffers:            6752 kB
Cached:           308648 kB
SwapCached:      1135436 kB
Active:          3166172 kB
Inactive:        1699920 kB
Active(anon):    3026060 kB
Inactive(anon):  1580552 kB
Active(file):     140112 kB
Inactive(file):   119368 kB
Unevictable:          16 kB
Mlocked:              16 kB
SwapTotal:       4194300 kB
SwapFree:        2937456 kB
Zswap:                 0 kB
Zswapped:              0 kB
Dirty:               144 kB
Writeback:           200 kB
AnonPages:       3423936 kB
Mapped:           253324 kB
Shmem:             55960 kB
KReclaimable:      56636 kB
Slab:             284856 kB
SReclaimable:      56636 kB
SUnreclaim:       228220 kB
KernelStack:       18976 kB
PageTables:        63484 kB
SecPageTables:         0 kB
NFS_Unstable:          0 kB
Bounce:                0 kB
WritebackTmp:          0 kB
CommitLimit:     8258920 kB
Committed_AS:   12047828 kB
VmallocTotal:   34359738367 kB
VmallocUsed:       47320 kB
VmallocChunk:          0 kB
Percpu:            13280 kB
HardwareCorrupted:     0 kB
AnonHugePages:      4096 kB
ShmemHugePages:        0 kB
ShmemPmdMapped:        0 kB
FileHugePages:         0 kB
FilePmdMapped:         0 kB
CmaTotal:              0 kB
CmaFree:               0 kB
Unaccepted:            0 kB
Balloon:               0 kB
HugePages_Total:       0
HugePages_Free:        0
HugePages_Rsvd:        0
HugePages_Surp:        0
Hugepagesize:       2048 kB
Hugetlb:               0 kB
DirectMap4k:      194432 kB
DirectMap2M:     6096896 kB
DirectMap1G:     4194304 kB
---SNAPSHOT---
2026-04-27 01:28:40
MemTotal:        8129240 kB
MemFree:         2982632 kB
MemAvailable:    3181856 kB
Buffers:            6752 kB
Cached:           308656 kB
SwapCached:       561348 kB
Active:          3429220 kB
Inactive:        1126776 kB
Active(anon):    3289108 kB
Inactive(anon):  1007404 kB
Active(file):     140112 kB
Inactive(file):   119372 kB
Unevictable:          16 kB
Mlocked:              16 kB
SwapTotal:       4194300 kB
SwapFree:        3511732 kB
Zswap:                 0 kB
Zswapped:              0 kB
Dirty:               152 kB
Writeback:           140 kB
AnonPages:       3687964 kB
Mapped:           253324 kB
Shmem:             55960 kB
KReclaimable:      56636 kB
Slab:             284856 kB
SReclaimable:      56636 kB
SUnreclaim:       228220 kB
KernelStack:       18976 kB
PageTables:        62636 kB
SecPageTables:         0 kB
NFS_Unstable:          0 kB
Bounce:                0 kB
WritebackTmp:          0 kB
CommitLimit:     8258920 kB
Committed_AS:   12048308 kB
VmallocTotal:   34359738367 kB
VmallocUsed:       47336 kB
VmallocChunk:          0 kB
Percpu:            13280 kB
HardwareCorrupted:     0 kB
AnonHugePages:      4096 kB
ShmemHugePages:        0 kB
ShmemPmdMapped:        0 kB
FileHugePages:         0 kB
FilePmdMapped:         0 kB
CmaTotal:              0 kB
CmaFree:               0 kB
Unaccepted:            0 kB
Balloon:               0 kB
HugePages_Total:       0
HugePages_Free:        0
HugePages_Rsvd:        0
HugePages_Surp:        0
Hugepagesize:       2048 kB
Hugetlb:               0 kB
DirectMap4k:      194432 kB
DirectMap2M:     6096896 kB
DirectMap1G:     4194304 kB
---SNAPSHOT---
2026-04-27 01:28:41
MemTotal:        8129240 kB
MemFree:         3001900 kB
MemAvailable:    3201144 kB
Buffers:            6760 kB
Cached:           308660 kB
SwapCached:       563968 kB
Active:          3365628 kB
Inactive:        1128728 kB
Active(anon):    3225516 kB
Inactive(anon):  1009336 kB
Active(file):     140112 kB
Inactive(file):   119392 kB
Unevictable:          16 kB
Mlocked:              16 kB
SwapTotal:       4194300 kB
SwapFree:        3509012 kB
Zswap:                 0 kB
Zswapped:              0 kB
Dirty:               156 kB
Writeback:           252 kB
AnonPages:       3624028 kB
Mapped:           253424 kB
Shmem:             55960 kB
KReclaimable:      56636 kB
Slab:             284816 kB
SReclaimable:      56636 kB
SUnreclaim:       228180 kB
KernelStack:       18976 kB
PageTables:        62104 kB
SecPageTables:         0 kB
NFS_Unstable:          0 kB
Bounce:                0 kB
WritebackTmp:          0 kB
CommitLimit:     8258920 kB
Committed_AS:   12047576 kB
VmallocTotal:   34359738367 kB
VmallocUsed:       47272 kB
VmallocChunk:          0 kB
Percpu:            13280 kB
HardwareCorrupted:     0 kB
AnonHugePages:      4096 kB
ShmemHugePages:        0 kB
ShmemPmdMapped:        0 kB
FileHugePages:         0 kB
FilePmdMapped:         0 kB
CmaTotal:              0 kB
CmaFree:               0 kB
Unaccepted:            0 kB
Balloon:               0 kB
HugePages_Total:       0
HugePages_Free:        0
HugePages_Rsvd:        0
HugePages_Surp:        0
Hugepagesize:       2048 kB
Hugetlb:               0 kB
DirectMap4k:      194432 kB
DirectMap2M:     6096896 kB
DirectMap1G:     4194304 kB
---SNAPSHOT---
2026-04-27 01:28:42
MemTotal:        8129240 kB
MemFree:         2562428 kB
MemAvailable:    2761672 kB
Buffers:            6760 kB
Cached:           308664 kB
SwapCached:       565464 kB
Active:          3818244 kB
Inactive:        1130816 kB
Active(anon):    3678132 kB
Inactive(anon):  1011424 kB
Active(file):     140112 kB
Inactive(file):   119392 kB
Unevictable:          16 kB
Mlocked:              16 kB
SwapTotal:       4194300 kB
SwapFree:        3507516 kB
Zswap:                 0 kB
Zswapped:              0 kB
Dirty:               160 kB
Writeback:           380 kB
AnonPages:       4076728 kB
Mapped:           253324 kB
Shmem:             55960 kB
KReclaimable:      56636 kB
Slab:             284792 kB
SReclaimable:      56636 kB
SUnreclaim:       228156 kB
KernelStack:       18976 kB
PageTables:        63252 kB
SecPageTables:         0 kB
NFS_Unstable:          0 kB
Bounce:                0 kB
WritebackTmp:          0 kB
CommitLimit:     8258920 kB
Committed_AS:   12047580 kB
VmallocTotal:   34359738367 kB
VmallocUsed:       47272 kB
VmallocChunk:          0 kB
Percpu:            13280 kB
HardwareCorrupted:     0 kB
AnonHugePages:      4096 kB
ShmemHugePages:        0 kB
ShmemPmdMapped:        0 kB
FileHugePages:         0 kB
FilePmdMapped:         0 kB
CmaTotal:              0 kB
CmaFree:               0 kB
Unaccepted:            0 kB
Balloon:               0 kB
HugePages_Total:       0
HugePages_Free:        0
HugePages_Rsvd:        0
HugePages_Surp:        0
Hugepagesize:       2048 kB
Hugetlb:               0 kB
DirectMap4k:      194432 kB
DirectMap2M:     6096896 kB
DirectMap1G:     4194304 kB
---SNAPSHOT---
2026-04-27 01:28:43
MemTotal:        8129240 kB
MemFree:         2735204 kB
MemAvailable:    2934460 kB
Buffers:            6760 kB
Cached:           308676 kB
SwapCached:       566580 kB
Active:          3605820 kB
Inactive:        1132840 kB
Active(anon):    3465708 kB
Inactive(anon):  1013436 kB
Active(file):     140112 kB
Inactive(file):   119404 kB
Unevictable:          16 kB
Mlocked:              16 kB
SwapTotal:       4194300 kB
SwapFree:        3506400 kB
Zswap:                 0 kB
Zswapped:              0 kB
Dirty:               172 kB
Writeback:           892 kB
AnonPages:       3865304 kB
Mapped:           253324 kB
Shmem:             55960 kB
KReclaimable:      56636 kB
Slab:             284784 kB
SReclaimable:      56636 kB
SUnreclaim:       228148 kB
KernelStack:       19020 kB
PageTables:        62864 kB
SecPageTables:         0 kB
NFS_Unstable:          0 kB
Bounce:                0 kB
WritebackTmp:          0 kB
CommitLimit:     8258920 kB
Committed_AS:   12047828 kB
VmallocTotal:   34359738367 kB
VmallocUsed:       47256 kB
VmallocChunk:          0 kB
Percpu:            13280 kB
HardwareCorrupted:     0 kB
AnonHugePages:      4096 kB
ShmemHugePages:        0 kB
ShmemPmdMapped:        0 kB
FileHugePages:         0 kB
FilePmdMapped:         0 kB
CmaTotal:              0 kB
CmaFree:               0 kB
Unaccepted:            0 kB
Balloon:               0 kB
HugePages_Total:       0
HugePages_Free:        0
HugePages_Rsvd:        0
HugePages_Surp:        0
Hugepagesize:       2048 kB
Hugetlb:               0 kB
DirectMap4k:      194432 kB
DirectMap2M:     6096896 kB
DirectMap1G:     4194304 kB
---SNAPSHOT---
2026-04-27 01:28:44
MemTotal:        8129240 kB
MemFree:         2920804 kB
MemAvailable:    3120060 kB
Buffers:            6760 kB
Cached:           308676 kB
SwapCached:       569320 kB
Active:          3405720 kB
Inactive:        1134912 kB
Active(anon):    3265608 kB
Inactive(anon):  1015508 kB
Active(file):     140112 kB
Inactive(file):   119404 kB
Unevictable:          16 kB
Mlocked:              16 kB
SwapTotal:       4194300 kB
SwapFree:        3503660 kB
Zswap:                 0 kB
Zswapped:              0 kB
Dirty:               176 kB
Writeback:           344 kB
AnonPages:       3664484 kB
Mapped:           253492 kB
Shmem:             55960 kB
KReclaimable:      56636 kB
Slab:             284812 kB
SReclaimable:      56636 kB
SUnreclaim:       228176 kB
KernelStack:       18964 kB
PageTables:        62792 kB
SecPageTables:         0 kB
NFS_Unstable:          0 kB
Bounce:                0 kB
WritebackTmp:          0 kB
CommitLimit:     8258920 kB
Committed_AS:   12047956 kB
VmallocTotal:   34359738367 kB
VmallocUsed:       47320 kB
VmallocChunk:          0 kB
Percpu:            13280 kB
HardwareCorrupted:     0 kB
AnonHugePages:      4096 kB
ShmemHugePages:        0 kB
ShmemPmdMapped:        0 kB
FileHugePages:         0 kB
FilePmdMapped:         0 kB
CmaTotal:              0 kB
CmaFree:               0 kB
Unaccepted:            0 kB
Balloon:               0 kB
HugePages_Total:       0
HugePages_Free:        0
HugePages_Rsvd:        0
HugePages_Surp:        0
Hugepagesize:       2048 kB
Hugetlb:               0 kB
DirectMap4k:      194432 kB
DirectMap2M:     6096896 kB
DirectMap1G:     4194304 kB
---SNAPSHOT---
2026-04-27 01:28:45
MemTotal:        8129240 kB
MemFree:         3079776 kB
MemAvailable:    3279044 kB
Buffers:            6760 kB
Cached:           308688 kB
SwapCached:       571492 kB
Active:          3217768 kB
Inactive:        1137056 kB
Active(anon):    3077656 kB
Inactive(anon):  1017640 kB
Active(file):     140112 kB
Inactive(file):   119416 kB
Unevictable:          16 kB
Mlocked:              16 kB
SwapTotal:       4194300 kB
SwapFree:        3501488 kB
Zswap:                 0 kB
Zswapped:              0 kB
Dirty:               188 kB
Writeback:           148 kB
AnonPages:       3476552 kB
Mapped:           253416 kB
Shmem:             55960 kB
KReclaimable:      56636 kB
Slab:             284816 kB
SReclaimable:      56636 kB
SUnreclaim:       228180 kB
KernelStack:       18960 kB
PageTables:        62232 kB
SecPageTables:         0 kB
NFS_Unstable:          0 kB
Bounce:                0 kB
WritebackTmp:          0 kB
CommitLimit:     8258920 kB
Committed_AS:   12047744 kB
VmallocTotal:   34359738367 kB
VmallocUsed:       47320 kB
VmallocChunk:          0 kB
Percpu:            13280 kB
HardwareCorrupted:     0 kB
AnonHugePages:      4096 kB
ShmemHugePages:        0 kB
ShmemPmdMapped:        0 kB
FileHugePages:         0 kB
FilePmdMapped:         0 kB
CmaTotal:              0 kB
CmaFree:               0 kB
Unaccepted:            0 kB
Balloon:               0 kB
HugePages_Total:       0
HugePages_Free:        0
HugePages_Rsvd:        0
HugePages_Surp:        0
Hugepagesize:       2048 kB
Hugetlb:               0 kB
DirectMap4k:      194432 kB
DirectMap2M:     6096896 kB
DirectMap1G:     4194304 kB
---SNAPSHOT---
2026-04-27 01:28:46
MemTotal:        8129240 kB
MemFree:         2707460 kB
MemAvailable:    2906732 kB
Buffers:            6768 kB
Cached:           308692 kB
SwapCached:       707780 kB
Active:          3517820 kB
Inactive:        1274000 kB
Active(anon):    3377708 kB
Inactive(anon):  1154580 kB
Active(file):     140112 kB
Inactive(file):   119420 kB
Unevictable:          16 kB
Mlocked:              16 kB
SwapTotal:       4194300 kB
SwapFree:        3365112 kB
Zswap:                 0 kB
Zswapped:              0 kB
Dirty:               192 kB
Writeback:           252 kB
AnonPages:       3776856 kB
Mapped:           253324 kB
Shmem:             55960 kB
KReclaimable:      56636 kB
Slab:             284828 kB
SReclaimable:      56636 kB
SUnreclaim:       228192 kB
KernelStack:       18976 kB
PageTables:        63036 kB
SecPageTables:         0 kB
NFS_Unstable:          0 kB
Bounce:                0 kB
WritebackTmp:          0 kB
CommitLimit:     8258920 kB
Committed_AS:   12047816 kB
VmallocTotal:   34359738367 kB
VmallocUsed:       47352 kB
VmallocChunk:          0 kB
Percpu:            13280 kB
HardwareCorrupted:     0 kB
AnonHugePages:      4096 kB
ShmemHugePages:        0 kB
ShmemPmdMapped:        0 kB
FileHugePages:         0 kB
FilePmdMapped:         0 kB
CmaTotal:              0 kB
CmaFree:               0 kB
Unaccepted:            0 kB
Balloon:               0 kB
HugePages_Total:       0
HugePages_Free:        0
HugePages_Rsvd:        0
HugePages_Surp:        0
Hugepagesize:       2048 kB
Hugetlb:               0 kB
DirectMap4k:      194432 kB
DirectMap2M:     6096896 kB
DirectMap1G:     4194304 kB
---SNAPSHOT---
2026-04-27 01:28:47
MemTotal:        8129240 kB
MemFree:         2903160 kB
MemAvailable:    3102448 kB
Buffers:            6768 kB
Cached:           308696 kB
SwapCached:       747716 kB
Active:          3278812 kB
Inactive:        1313084 kB
Active(anon):    3138700 kB
Inactive(anon):  1193648 kB
Active(file):     140112 kB
Inactive(file):   119436 kB
Unevictable:          16 kB
Mlocked:              16 kB
SwapTotal:       4194300 kB
SwapFree:        3325264 kB
Zswap:                 0 kB
Zswapped:              0 kB
Dirty:               196 kB
Writeback:           244 kB
AnonPages:       3537252 kB
Mapped:           253324 kB
Shmem:             55960 kB
KReclaimable:      56636 kB
Slab:             284880 kB
SReclaimable:      56636 kB
SUnreclaim:       228244 kB
KernelStack:       19020 kB
PageTables:        63120 kB
SecPageTables:         0 kB
NFS_Unstable:          0 kB
Bounce:                0 kB
WritebackTmp:          0 kB
CommitLimit:     8258920 kB
Committed_AS:   12048200 kB
VmallocTotal:   34359738367 kB
VmallocUsed:       47384 kB
VmallocChunk:          0 kB
Percpu:            13280 kB
HardwareCorrupted:     0 kB
AnonHugePages:      4096 kB
ShmemHugePages:        0 kB
ShmemPmdMapped:        0 kB
FileHugePages:         0 kB
FilePmdMapped:         0 kB
CmaTotal:              0 kB
CmaFree:               0 kB
Unaccepted:            0 kB
Balloon:               0 kB
HugePages_Total:       0
HugePages_Free:        0
HugePages_Rsvd:        0
HugePages_Surp:        0
Hugepagesize:       2048 kB
Hugetlb:               0 kB
DirectMap4k:      194432 kB
DirectMap2M:     6096896 kB
DirectMap1G:     4194304 kB
---SNAPSHOT---
2026-04-27 01:28:48
MemTotal:        8129240 kB
MemFree:         3091484 kB
MemAvailable:    3290776 kB
Buffers:            6768 kB
Cached:           308704 kB
SwapCached:       749844 kB
Active:          3080864 kB
Inactive:        1315184 kB
Active(anon):    2940752 kB
Inactive(anon):  1195744 kB
Active(file):     140112 kB
Inactive(file):   119440 kB
Unevictable:          16 kB
Mlocked:              16 kB
SwapTotal:       4194300 kB
SwapFree:        3323136 kB
Zswap:                 0 kB
Zswapped:              0 kB
Dirty:               204 kB
Writeback:           808 kB
AnonPages:       3338928 kB
Mapped:           253324 kB
Shmem:             55960 kB
KReclaimable:      56636 kB
Slab:             284840 kB
SReclaimable:      56636 kB
SUnreclaim:       228204 kB
KernelStack:       18976 kB
PageTables:        62476 kB
SecPageTables:         0 kB
NFS_Unstable:          0 kB
Bounce:                0 kB
WritebackTmp:          0 kB
CommitLimit:     8258920 kB
Committed_AS:   12047864 kB
VmallocTotal:   34359738367 kB
VmallocUsed:       47352 kB
VmallocChunk:          0 kB
Percpu:            13280 kB
HardwareCorrupted:     0 kB
AnonHugePages:      4096 kB
ShmemHugePages:        0 kB
ShmemPmdMapped:        0 kB
FileHugePages:         0 kB
FilePmdMapped:         0 kB
CmaTotal:              0 kB
CmaFree:               0 kB
Unaccepted:            0 kB
Balloon:               0 kB
HugePages_Total:       0
HugePages_Free:        0
HugePages_Rsvd:        0
HugePages_Surp:        0
Hugepagesize:       2048 kB
Hugetlb:               0 kB
DirectMap4k:      194432 kB
DirectMap2M:     6096896 kB
DirectMap1G:     4194304 kB
---SNAPSHOT---
2026-04-27 01:28:49
MemTotal:        8129240 kB
MemFree:         2681016 kB
MemAvailable:    2880316 kB
Buffers:            6768 kB
Cached:           308708 kB
SwapCached:       750628 kB
Active:          3542352 kB
Inactive:        1317140 kB
Active(anon):    3402240 kB
Inactive(anon):  1197692 kB
Active(file):     140112 kB
Inactive(file):   119448 kB
Unevictable:          16 kB
Mlocked:              16 kB
SwapTotal:       4194300 kB
SwapFree:        3322352 kB
Zswap:                 0 kB
Zswapped:              0 kB
Dirty:               208 kB
Writeback:           148 kB
AnonPages:       3802084 kB
Mapped:           253324 kB
Shmem:             55960 kB
KReclaimable:      56636 kB
Slab:             284852 kB
SReclaimable:      56636 kB
SUnreclaim:       228216 kB
KernelStack:       18944 kB
PageTables:        63088 kB
SecPageTables:         0 kB
NFS_Unstable:          0 kB
Bounce:                0 kB
WritebackTmp:          0 kB
CommitLimit:     8258920 kB
Committed_AS:   12048200 kB
VmallocTotal:   34359738367 kB
VmallocUsed:       47336 kB
VmallocChunk:          0 kB
Percpu:            13280 kB
HardwareCorrupted:     0 kB
AnonHugePages:      4096 kB
ShmemHugePages:        0 kB
ShmemPmdMapped:        0 kB
FileHugePages:         0 kB
FilePmdMapped:         0 kB
CmaTotal:              0 kB
CmaFree:               0 kB
Unaccepted:            0 kB
Balloon:               0 kB
HugePages_Total:       0
HugePages_Free:        0
HugePages_Rsvd:        0
HugePages_Surp:        0
Hugepagesize:       2048 kB
Hugetlb:               0 kB
DirectMap4k:      194432 kB
DirectMap2M:     6096896 kB
DirectMap1G:     4194304 kB
---SNAPSHOT---
2026-04-27 01:28:50
MemTotal:        8129240 kB
MemFree:         2829072 kB
MemAvailable:    3028380 kB
Buffers:            6768 kB
Cached:           308716 kB
SwapCached:       753904 kB
Active:          3342732 kB
Inactive:        1321220 kB
Active(anon):    3202620 kB
Inactive(anon):  1201764 kB
Active(file):     140112 kB
Inactive(file):   119456 kB
Unevictable:          16 kB
Mlocked:              16 kB
SwapTotal:       4194300 kB
SwapFree:        3319076 kB
Zswap:                 0 kB
Zswapped:              0 kB
Dirty:               216 kB
Writeback:           404 kB
AnonPages:       3603384 kB
Mapped:           253324 kB
Shmem:             55960 kB
KReclaimable:      56636 kB
Slab:             284848 kB
SReclaimable:      56636 kB
SUnreclaim:       228212 kB
KernelStack:       18960 kB
PageTables:        62676 kB
SecPageTables:         0 kB
NFS_Unstable:          0 kB
Bounce:                0 kB
WritebackTmp:          0 kB
CommitLimit:     8258920 kB
Committed_AS:   12048336 kB
VmallocTotal:   34359738367 kB
VmallocUsed:       47304 kB
VmallocChunk:          0 kB
Percpu:            13280 kB
HardwareCorrupted:     0 kB
AnonHugePages:      4096 kB
ShmemHugePages:        0 kB
ShmemPmdMapped:        0 kB
FileHugePages:         0 kB
FilePmdMapped:         0 kB
CmaTotal:              0 kB
CmaFree:               0 kB
Unaccepted:            0 kB
Balloon:               0 kB
HugePages_Total:       0
HugePages_Free:        0
HugePages_Rsvd:        0
HugePages_Surp:        0
Hugepagesize:       2048 kB
Hugetlb:               0 kB
DirectMap4k:      194432 kB
DirectMap2M:     6096896 kB
DirectMap1G:     4194304 kB
---SNAPSHOT---
2026-04-27 01:28:51
MemTotal:        8129240 kB
MemFree:         3028920 kB
MemAvailable:    3228232 kB
Buffers:            6776 kB
Cached:           308720 kB
SwapCached:       756380 kB
Active:          3152116 kB
Inactive:        1321292 kB
Active(anon):    3012004 kB
Inactive(anon):  1201832 kB
Active(file):     140112 kB
Inactive(file):   119460 kB
Unevictable:          16 kB
Mlocked:              16 kB
SwapTotal:       4194300 kB
SwapFree:        3316600 kB
Zswap:                 0 kB
Zswapped:              0 kB
Dirty:               220 kB
Writeback:           720 kB
AnonPages:       3410188 kB
Mapped:           253324 kB
Shmem:             55960 kB
KReclaimable:      56636 kB
Slab:             284832 kB
SReclaimable:      56636 kB
SUnreclaim:       228196 kB
KernelStack:       18992 kB
PageTables:        62384 kB
SecPageTables:         0 kB
NFS_Unstable:          0 kB
Bounce:                0 kB
WritebackTmp:          0 kB
CommitLimit:     8258920 kB
Committed_AS:   12047868 kB
VmallocTotal:   34359738367 kB
VmallocUsed:       47272 kB
VmallocChunk:          0 kB
Percpu:            13280 kB
HardwareCorrupted:     0 kB
AnonHugePages:      4096 kB
ShmemHugePages:        0 kB
ShmemPmdMapped:        0 kB
FileHugePages:         0 kB
FilePmdMapped:         0 kB
CmaTotal:              0 kB
CmaFree:               0 kB
Unaccepted:            0 kB
Balloon:               0 kB
HugePages_Total:       0
HugePages_Free:        0
HugePages_Rsvd:        0
HugePages_Surp:        0
Hugepagesize:       2048 kB
Hugetlb:               0 kB
DirectMap4k:      194432 kB
DirectMap2M:     6096896 kB
DirectMap1G:     4194304 kB
---SNAPSHOT---
2026-04-27 01:28:52
MemTotal:        8129240 kB
MemFree:         2602560 kB
MemAvailable:    2801880 kB
Buffers:            6776 kB
Cached:           308724 kB
SwapCached:       757724 kB
Active:          3531536 kB
Inactive:        1323312 kB
Active(anon):    3391424 kB
Inactive(anon):  1203844 kB
Active(file):     140112 kB
Inactive(file):   119468 kB
Unevictable:          16 kB
Mlocked:              16 kB
SwapTotal:       4194300 kB
SwapFree:        3315256 kB
Zswap:                 0 kB
Zswapped:              0 kB
Dirty:               224 kB
Writeback:           264 kB
AnonPages:       3788940 kB
Mapped:           253324 kB
Shmem:             55960 kB
KReclaimable:      56636 kB
Slab:             284816 kB
SReclaimable:      56636 kB
SUnreclaim:       228180 kB
KernelStack:       18992 kB
PageTables:        63284 kB
SecPageTables:         0 kB
NFS_Unstable:          0 kB
Bounce:                0 kB
WritebackTmp:          0 kB
CommitLimit:     8258920 kB
Committed_AS:   12048204 kB
VmallocTotal:   34359738367 kB
VmallocUsed:       47320 kB
VmallocChunk:          0 kB
Percpu:            13280 kB
HardwareCorrupted:     0 kB
AnonHugePages:      4096 kB
ShmemHugePages:        0 kB
ShmemPmdMapped:        0 kB
FileHugePages:         0 kB
FilePmdMapped:         0 kB
CmaTotal:              0 kB
CmaFree:               0 kB
Unaccepted:            0 kB
Balloon:               0 kB
HugePages_Total:       0
HugePages_Free:        0
HugePages_Rsvd:        0
HugePages_Surp:        0
Hugepagesize:       2048 kB
Hugetlb:               0 kB
DirectMap4k:      194432 kB
DirectMap2M:     6096896 kB
DirectMap1G:     4194304 kB
---SNAPSHOT---
2026-04-27 01:28:53
MemTotal:        8129240 kB
MemFree:         2751696 kB
MemAvailable:    2951028 kB
Buffers:            6776 kB
Cached:           308732 kB
SwapCached:       758208 kB
Active:          3422904 kB
Inactive:        1323484 kB
Active(anon):    3282792 kB
Inactive(anon):  1204004 kB
Active(file):     140112 kB
Inactive(file):   119480 kB
Unevictable:          16 kB
Mlocked:              16 kB
SwapTotal:       4194300 kB
SwapFree:        3314772 kB
Zswap:                 0 kB
Zswapped:              0 kB
Dirty:               232 kB
Writeback:           168 kB
AnonPages:       3681216 kB
Mapped:           253324 kB
Shmem:             55960 kB
KReclaimable:      56636 kB
Slab:             284844 kB
SReclaimable:      56636 kB
SUnreclaim:       228208 kB
KernelStack:       19020 kB
PageTables:        63072 kB
SecPageTables:         0 kB
NFS_Unstable:          0 kB
Bounce:                0 kB
WritebackTmp:          0 kB
CommitLimit:     8258920 kB
Committed_AS:   12048092 kB
VmallocTotal:   34359738367 kB
VmallocUsed:       47336 kB
VmallocChunk:          0 kB
Percpu:            13280 kB
HardwareCorrupted:     0 kB
AnonHugePages:      4096 kB
ShmemHugePages:        0 kB
ShmemPmdMapped:        0 kB
FileHugePages:         0 kB
FilePmdMapped:         0 kB
CmaTotal:              0 kB
CmaFree:               0 kB
Unaccepted:            0 kB
Balloon:               0 kB
HugePages_Total:       0
HugePages_Free:        0
HugePages_Rsvd:        0
HugePages_Surp:        0
Hugepagesize:       2048 kB
Hugetlb:               0 kB
DirectMap4k:      194432 kB
DirectMap2M:     6096896 kB
DirectMap1G:     4194304 kB
---SNAPSHOT---
2026-04-27 01:28:54
MemTotal:        8129240 kB
MemFree:         2953668 kB
MemAvailable:    3153004 kB
Buffers:            6776 kB
Cached:           308736 kB
SwapCached:       762996 kB
Active:          3220808 kB
Inactive:        1329320 kB
Active(anon):    3080696 kB
Inactive(anon):  1209836 kB
Active(file):     140112 kB
Inactive(file):   119484 kB
Unevictable:          16 kB
Mlocked:              16 kB
SwapTotal:       4194300 kB
SwapFree:        3309984 kB
Zswap:                 0 kB
Zswapped:              0 kB
Dirty:               236 kB
Writeback:           304 kB
AnonPages:       3480372 kB
Mapped:           253324 kB
Shmem:             55960 kB
KReclaimable:      56636 kB
Slab:             284856 kB
SReclaimable:      56636 kB
SUnreclaim:       228220 kB
KernelStack:       19052 kB
PageTables:        62704 kB
SecPageTables:         0 kB
NFS_Unstable:          0 kB
Bounce:                0 kB
WritebackTmp:          0 kB
CommitLimit:     8258920 kB
Committed_AS:   12047828 kB
VmallocTotal:   34359738367 kB
VmallocUsed:       47304 kB
VmallocChunk:          0 kB
Percpu:            13280 kB
HardwareCorrupted:     0 kB
AnonHugePages:      4096 kB
ShmemHugePages:        0 kB
ShmemPmdMapped:        0 kB
FileHugePages:         0 kB
FilePmdMapped:         0 kB
CmaTotal:              0 kB
CmaFree:               0 kB
Unaccepted:            0 kB
Balloon:               0 kB
HugePages_Total:       0
HugePages_Free:        0
HugePages_Rsvd:        0
HugePages_Surp:        0
Hugepagesize:       2048 kB
Hugetlb:               0 kB
DirectMap4k:      194432 kB
DirectMap2M:     6096896 kB
DirectMap1G:     4194304 kB
---SNAPSHOT---
2026-04-27 01:28:55
MemTotal:        8129240 kB
MemFree:         3107884 kB
MemAvailable:    3307224 kB
Buffers:            6776 kB
Cached:           308744 kB
SwapCached:       765908 kB
Active:          3010480 kB
Inactive:        1331580 kB
Active(anon):    2870368 kB
Inactive(anon):  1212092 kB
Active(file):     140112 kB
Inactive(file):   119488 kB
Unevictable:          16 kB
Mlocked:              16 kB
SwapTotal:       4194300 kB
SwapFree:        3307072 kB
Zswap:                 0 kB
Zswapped:              0 kB
Dirty:               244 kB
Writeback:           240 kB
AnonPages:       3269552 kB
Mapped:           253324 kB
Shmem:             55960 kB
KReclaimable:      56636 kB
Slab:             284852 kB
SReclaimable:      56636 kB
SUnreclaim:       228216 kB
KernelStack:       19052 kB
PageTables:        62244 kB
SecPageTables:         0 kB
NFS_Unstable:          0 kB
Bounce:                0 kB
WritebackTmp:          0 kB
CommitLimit:     8258920 kB
