---SNAPSHOT---
2026-04-27 00:55:41
MemTotal:        8129240 kB
MemFree:         5043264 kB
MemAvailable:    5235488 kB
Buffers:            4896 kB
Cached:           272956 kB
SwapCached:        22996 kB
Active:          1943272 kB
Inactive:         621228 kB
Active(anon):    1822864 kB
Inactive(anon):   502696 kB
Active(file):     120408 kB
Inactive(file):   118532 kB
Unevictable:           0 kB
Mlocked:               0 kB
SwapTotal:       4194300 kB
SwapFree:        4049984 kB
Zswap:                 0 kB
Zswapped:              0 kB
Dirty:               336 kB
Writeback:             0 kB
AnonPages:       2268240 kB
Mapped:           232728 kB
Shmem:             38812 kB
KReclaimable:      55200 kB
Slab:             283028 kB
SReclaimable:      55200 kB
SUnreclaim:       227828 kB
KernelStack:       18708 kB
PageTables:        56428 kB
SecPageTables:         0 kB
NFS_Unstable:          0 kB
Bounce:                0 kB
WritebackTmp:          0 kB
CommitLimit:     8258920 kB
Committed_AS:    9332804 kB
VmallocTotal:   34359738367 kB
VmallocUsed:       46920 kB
VmallocChunk:          0 kB
Percpu:            13280 kB
HardwareCorrupted:     0 kB
AnonHugePages:         0 kB
ShmemHugePages:        0 kB
ShmemPmdMapped:        0 kB
FileHugePages:         0 kB
FilePmdMapped:         0 kB
CmaTotal:              0 kB
CmaFree:               0 kB
Unaccepted:            0 kB
Balloon:               0 kB
HugePages_Total:       0
HugePages_Free:        0
HugePages_Rsvd:        0
HugePages_Surp:        0
Hugepagesize:       2048 kB
Hugetlb:               0 kB
DirectMap4k:      194432 kB
DirectMap2M:     6096896 kB
DirectMap1G:     4194304 kB
---SNAPSHOT---
2026-04-27 00:55:42
MemTotal:        8129240 kB
MemFree:         5041776 kB
MemAvailable:    5234804 kB
Buffers:            5344 kB
Cached:           273180 kB
SwapCached:        22996 kB
Active:          1943640 kB
Inactive:         621904 kB
Active(anon):    1823104 kB
Inactive(anon):   502696 kB
Active(file):     120536 kB
Inactive(file):   119208 kB
Unevictable:           0 kB
Mlocked:               0 kB
SwapTotal:       4194300 kB
SwapFree:        4049984 kB
Zswap:                 0 kB
Zswapped:              0 kB
Dirty:               364 kB
Writeback:             0 kB
AnonPages:       2268684 kB
Mapped:           232312 kB
Shmem:             38812 kB
KReclaimable:      55200 kB
Slab:             283028 kB
SReclaimable:      55200 kB
SUnreclaim:       227828 kB
KernelStack:       18656 kB
PageTables:        56244 kB
SecPageTables:         0 kB
NFS_Unstable:          0 kB
Bounce:                0 kB
WritebackTmp:          0 kB
CommitLimit:     8258920 kB
Committed_AS:    9332576 kB
VmallocTotal:   34359738367 kB
VmallocUsed:       46984 kB
VmallocChunk:          0 kB
Percpu:            13280 kB
HardwareCorrupted:     0 kB
AnonHugePages:         0 kB
ShmemHugePages:        0 kB
ShmemPmdMapped:        0 kB
FileHugePages:         0 kB
FilePmdMapped:         0 kB
CmaTotal:              0 kB
CmaFree:               0 kB
Unaccepted:            0 kB
Balloon:               0 kB
HugePages_Total:       0
HugePages_Free:        0
HugePages_Rsvd:        0
HugePages_Surp:        0
Hugepagesize:       2048 kB
Hugetlb:               0 kB
DirectMap4k:      194432 kB
DirectMap2M:     6096896 kB
DirectMap1G:     4194304 kB
---SNAPSHOT---
2026-04-27 00:55:43
MemTotal:        8129240 kB
MemFree:         5033376 kB
MemAvailable:    5230732 kB
Buffers:            5584 kB
Cached:           277228 kB
SwapCached:        22996 kB
Active:          1948260 kB
Inactive:         622256 kB
Active(anon):    1823748 kB
Inactive(anon):   502696 kB
Active(file):     124512 kB
Inactive(file):   119560 kB
Unevictable:           0 kB
Mlocked:               0 kB
SwapTotal:       4194300 kB
SwapFree:        4049984 kB
Zswap:                 0 kB
Zswapped:              0 kB
Dirty:               428 kB
Writeback:             0 kB
AnonPages:       2269396 kB
Mapped:           232312 kB
Shmem:             38812 kB
KReclaimable:      55200 kB
Slab:             283028 kB
SReclaimable:      55200 kB
SUnreclaim:       227828 kB
KernelStack:       18704 kB
PageTables:        56408 kB
SecPageTables:         0 kB
NFS_Unstable:          0 kB
Bounce:                0 kB
WritebackTmp:          0 kB
CommitLimit:     8258920 kB
Committed_AS:    9333820 kB
VmallocTotal:   34359738367 kB
VmallocUsed:       46984 kB
VmallocChunk:          0 kB
Percpu:            13280 kB
HardwareCorrupted:     0 kB
AnonHugePages:         0 kB
ShmemHugePages:        0 kB
ShmemPmdMapped:        0 kB
FileHugePages:         0 kB
FilePmdMapped:         0 kB
CmaTotal:              0 kB
CmaFree:               0 kB
Unaccepted:            0 kB
Balloon:               0 kB
HugePages_Total:       0
HugePages_Free:        0
HugePages_Rsvd:        0
HugePages_Surp:        0
Hugepagesize:       2048 kB
Hugetlb:               0 kB
DirectMap4k:      194432 kB
DirectMap2M:     6096896 kB
DirectMap1G:     4194304 kB
---SNAPSHOT---
2026-04-27 00:55:44
MemTotal:        8129240 kB
MemFree:         5029000 kB
MemAvailable:    5230476 kB
Buffers:            5988 kB
Cached:           281184 kB
SwapCached:        22996 kB
Active:          1952184 kB
Inactive:         622500 kB
Active(anon):    1823796 kB
Inactive(anon):   502696 kB
Active(file):     128388 kB
Inactive(file):   119804 kB
Unevictable:           0 kB
Mlocked:               0 kB
SwapTotal:       4194300 kB
SwapFree:        4049984 kB
Zswap:                 0 kB
Zswapped:              0 kB
Dirty:               436 kB
Writeback:             0 kB
AnonPages:       2268968 kB
Mapped:           232768 kB
Shmem:             38812 kB
KReclaimable:      55200 kB
Slab:             283092 kB
SReclaimable:      55200 kB
SUnreclaim:       227892 kB
KernelStack:       18624 kB
PageTables:        56600 kB
SecPageTables:         0 kB
NFS_Unstable:          0 kB
Bounce:                0 kB
WritebackTmp:          0 kB
CommitLimit:     8258920 kB
Committed_AS:    9341592 kB
VmallocTotal:   34359738367 kB
VmallocUsed:       46984 kB
VmallocChunk:          0 kB
Percpu:            13280 kB
HardwareCorrupted:     0 kB
AnonHugePages:         0 kB
ShmemHugePages:        0 kB
ShmemPmdMapped:        0 kB
FileHugePages:         0 kB
FilePmdMapped:         0 kB
CmaTotal:              0 kB
CmaFree:               0 kB
Unaccepted:            0 kB
Balloon:               0 kB
HugePages_Total:       0
HugePages_Free:        0
HugePages_Rsvd:        0
HugePages_Surp:        0
Hugepagesize:       2048 kB
Hugetlb:               0 kB
DirectMap4k:      194432 kB
DirectMap2M:     6096896 kB
DirectMap1G:     4194304 kB
---SNAPSHOT---
2026-04-27 00:55:46
MemTotal:        8129240 kB
MemFree:         1621044 kB
MemAvailable:    1829564 kB
Buffers:            5988 kB
Cached:           305144 kB
SwapCached:        22996 kB
Active:          5319224 kB
Inactive:         622880 kB
Active(anon):    5184172 kB
Inactive(anon):   502696 kB
Active(file):     135052 kB
Inactive(file):   120184 kB
Unevictable:          16 kB
Mlocked:              16 kB
SwapTotal:       4194300 kB
SwapFree:        4049984 kB
Zswap:                 0 kB
Zswapped:              0 kB
Dirty:               492 kB
Writeback:             0 kB
AnonPages:       5612528 kB
Mapped:           252876 kB
Shmem:             55960 kB
KReclaimable:      55200 kB
Slab:             283116 kB
SReclaimable:      55200 kB
SUnreclaim:       227916 kB
KernelStack:       18800 kB
PageTables:        64496 kB
SecPageTables:         0 kB
NFS_Unstable:          0 kB
Bounce:                0 kB
WritebackTmp:          0 kB
CommitLimit:     8258920 kB
Committed_AS:   13195448 kB
VmallocTotal:   34359738367 kB
VmallocUsed:       47080 kB
VmallocChunk:          0 kB
Percpu:            13280 kB
HardwareCorrupted:     0 kB
AnonHugePages:         0 kB
ShmemHugePages:        0 kB
ShmemPmdMapped:        0 kB
FileHugePages:         0 kB
FilePmdMapped:         0 kB
CmaTotal:              0 kB
CmaFree:               0 kB
Unaccepted:            0 kB
Balloon:               0 kB
HugePages_Total:       0
HugePages_Free:        0
HugePages_Rsvd:        0
HugePages_Surp:        0
Hugepagesize:       2048 kB
Hugetlb:               0 kB
DirectMap4k:      194432 kB
DirectMap2M:     6096896 kB
DirectMap1G:     4194304 kB
---SNAPSHOT---
2026-04-27 00:55:47
MemTotal:        8129240 kB
MemFree:         2687096 kB
MemAvailable:    2895428 kB
Buffers:            5988 kB
Cached:           305152 kB
SwapCached:        22996 kB
Active:          4250196 kB
Inactive:         622888 kB
Active(anon):    4115144 kB
Inactive(anon):   502696 kB
Active(file):     135052 kB
Inactive(file):   120192 kB
Unevictable:          16 kB
Mlocked:              16 kB
SwapTotal:       4194300 kB
SwapFree:        4049984 kB
Zswap:                 0 kB
Zswapped:              0 kB
Dirty:               500 kB
Writeback:             0 kB
AnonPages:       4543536 kB
Mapped:           252876 kB
Shmem:             55960 kB
KReclaimable:      55200 kB
Slab:             283140 kB
SReclaimable:      55200 kB
SUnreclaim:       227940 kB
KernelStack:       18844 kB
PageTables:        61396 kB
SecPageTables:         0 kB
NFS_Unstable:          0 kB
Bounce:                0 kB
WritebackTmp:          0 kB
CommitLimit:     8258920 kB
Committed_AS:   13195476 kB
VmallocTotal:   34359738367 kB
VmallocUsed:       47144 kB
VmallocChunk:          0 kB
Percpu:            13280 kB
HardwareCorrupted:     0 kB
AnonHugePages:         0 kB
ShmemHugePages:        0 kB
ShmemPmdMapped:        0 kB
FileHugePages:         0 kB
FilePmdMapped:         0 kB
CmaTotal:              0 kB
CmaFree:               0 kB
Unaccepted:            0 kB
Balloon:               0 kB
HugePages_Total:       0
HugePages_Free:        0
HugePages_Rsvd:        0
HugePages_Surp:        0
Hugepagesize:       2048 kB
Hugetlb:               0 kB
DirectMap4k:      194432 kB
DirectMap2M:     6096896 kB
DirectMap1G:     4194304 kB
---SNAPSHOT---
2026-04-27 00:55:48
MemTotal:        8129240 kB
MemFree:         2499880 kB
MemAvailable:    2708412 kB
Buffers:            5988 kB
Cached:           305156 kB
SwapCached:        22996 kB
Active:          4345616 kB
Inactive:         622892 kB
Active(anon):    4210564 kB
Inactive(anon):   502696 kB
Active(file):     135052 kB
Inactive(file):   120196 kB
Unevictable:          16 kB
Mlocked:              16 kB
SwapTotal:       4194300 kB
SwapFree:        4049984 kB
Zswap:                 0 kB
Zswapped:              0 kB
Dirty:               504 kB
Writeback:             0 kB
AnonPages:       4639008 kB
Mapped:           252876 kB
Shmem:             55960 kB
KReclaimable:      55200 kB
Slab:             283156 kB
SReclaimable:      55200 kB
SUnreclaim:       227956 kB
KernelStack:       18860 kB
PageTables:        61780 kB
SecPageTables:         0 kB
NFS_Unstable:          0 kB
Bounce:                0 kB
WritebackTmp:          0 kB
CommitLimit:     8258920 kB
Committed_AS:   13195204 kB
VmallocTotal:   34359738367 kB
VmallocUsed:       47144 kB
VmallocChunk:          0 kB
Percpu:            13280 kB
HardwareCorrupted:     0 kB
AnonHugePages:         0 kB
ShmemHugePages:        0 kB
ShmemPmdMapped:        0 kB
FileHugePages:         0 kB
FilePmdMapped:         0 kB
CmaTotal:              0 kB
CmaFree:               0 kB
Unaccepted:            0 kB
Balloon:               0 kB
HugePages_Total:       0
HugePages_Free:        0
HugePages_Rsvd:        0
HugePages_Surp:        0
Hugepagesize:       2048 kB
Hugetlb:               0 kB
DirectMap4k:      194432 kB
DirectMap2M:     6096896 kB
DirectMap1G:     4194304 kB
---SNAPSHOT---
2026-04-27 00:55:49
MemTotal:        8129240 kB
MemFree:         1541388 kB
MemAvailable:    1749944 kB
Buffers:            5996 kB
Cached:           305156 kB
SwapCached:       178720 kB
Active:          5224904 kB
Inactive:         777484 kB
Active(anon):    5089852 kB
Inactive(anon):   657280 kB
Active(file):     135052 kB
Inactive(file):   120204 kB
Unevictable:          16 kB
Mlocked:              16 kB
SwapTotal:       4194300 kB
SwapFree:        3894072 kB
Zswap:                 0 kB
Zswapped:              0 kB
Dirty:               512 kB
Writeback:          1140 kB
AnonPages:       5518844 kB
Mapped:           252876 kB
Shmem:             55960 kB
KReclaimable:      55216 kB
Slab:             283252 kB
SReclaimable:      55216 kB
SUnreclaim:       228036 kB
KernelStack:       18848 kB
PageTables:        63396 kB
SecPageTables:         0 kB
NFS_Unstable:          0 kB
Bounce:                0 kB
WritebackTmp:          0 kB
CommitLimit:     8258920 kB
Committed_AS:   13196856 kB
VmallocTotal:   34359738367 kB
VmallocUsed:       47160 kB
VmallocChunk:          0 kB
Percpu:            13280 kB
HardwareCorrupted:     0 kB
AnonHugePages:         0 kB
ShmemHugePages:        0 kB
ShmemPmdMapped:        0 kB
FileHugePages:         0 kB
FilePmdMapped:         0 kB
CmaTotal:              0 kB
CmaFree:               0 kB
Unaccepted:            0 kB
Balloon:               0 kB
HugePages_Total:       0
HugePages_Free:        0
HugePages_Rsvd:        0
HugePages_Surp:        0
Hugepagesize:       2048 kB
Hugetlb:               0 kB
DirectMap4k:      194432 kB
DirectMap2M:     6096896 kB
DirectMap1G:     4194304 kB
---SNAPSHOT---
2026-04-27 00:55:50
MemTotal:        8129240 kB
MemFree:         2716632 kB
MemAvailable:    2925348 kB
Buffers:            5996 kB
Cached:           305316 kB
SwapCached:       751064 kB
Active:          3509660 kB
Inactive:        1326812 kB
Active(anon):    3374464 kB
Inactive(anon):  1206592 kB
Active(file):     135196 kB
Inactive(file):   120220 kB
Unevictable:          16 kB
Mlocked:              16 kB
SwapTotal:       4194300 kB
SwapFree:        3321916 kB
Zswap:                 0 kB
Zswapped:              0 kB
Dirty:               520 kB
Writeback:         24068 kB
AnonPages:       3780796 kB
Mapped:           252908 kB
Shmem:             55960 kB
KReclaimable:      55216 kB
Slab:             284808 kB
SReclaimable:      55216 kB
SUnreclaim:       229592 kB
KernelStack:       18800 kB
PageTables:        60944 kB
SecPageTables:         0 kB
NFS_Unstable:          0 kB
Bounce:                0 kB
WritebackTmp:          0 kB
CommitLimit:     8258920 kB
Committed_AS:   13195204 kB
VmallocTotal:   34359738367 kB
VmallocUsed:       47064 kB
VmallocChunk:          0 kB
Percpu:            13280 kB
HardwareCorrupted:     0 kB
AnonHugePages:         0 kB
ShmemHugePages:        0 kB
ShmemPmdMapped:        0 kB
FileHugePages:         0 kB
FilePmdMapped:         0 kB
CmaTotal:              0 kB
CmaFree:               0 kB
Unaccepted:            0 kB
Balloon:               0 kB
HugePages_Total:       0
HugePages_Free:        0
HugePages_Rsvd:        0
HugePages_Surp:        0
Hugepagesize:       2048 kB
Hugetlb:               0 kB
DirectMap4k:      194432 kB
DirectMap2M:     6096896 kB
DirectMap1G:     4194304 kB
---SNAPSHOT---
2026-04-27 00:55:51
MemTotal:        8129240 kB
MemFree:         1215032 kB
MemAvailable:    1425304 kB
Buffers:            5996 kB
Cached:           305324 kB
SwapCached:       751064 kB
Active:          4988752 kB
Inactive:        1336972 kB
Active(anon):    4853556 kB
Inactive(anon):  1216748 kB
Active(file):     135196 kB
Inactive(file):   120224 kB
Unevictable:          16 kB
Mlocked:              16 kB
SwapTotal:       4194300 kB
SwapFree:        3321916 kB
Zswap:                 0 kB
Zswapped:              0 kB
Dirty:               524 kB
Writeback:         13936 kB
AnonPages:       5270540 kB
Mapped:           252908 kB
Shmem:             55960 kB
KReclaimable:      56768 kB
Slab:             285900 kB
SReclaimable:      56768 kB
SUnreclaim:       229132 kB
KernelStack:       18800 kB
PageTables:        64184 kB
SecPageTables:         0 kB
NFS_Unstable:          0 kB
Bounce:                0 kB
WritebackTmp:          0 kB
CommitLimit:     8258920 kB
Committed_AS:   13195116 kB
VmallocTotal:   34359738367 kB
VmallocUsed:       47080 kB
VmallocChunk:          0 kB
Percpu:            13280 kB
HardwareCorrupted:     0 kB
AnonHugePages:         0 kB
ShmemHugePages:        0 kB
ShmemPmdMapped:        0 kB
FileHugePages:         0 kB
FilePmdMapped:         0 kB
CmaTotal:              0 kB
CmaFree:               0 kB
Unaccepted:            0 kB
Balloon:               0 kB
HugePages_Total:       0
HugePages_Free:        0
HugePages_Rsvd:        0
HugePages_Surp:        0
Hugepagesize:       2048 kB
Hugetlb:               0 kB
DirectMap4k:      194432 kB
DirectMap2M:     6096896 kB
DirectMap1G:     4194304 kB
---SNAPSHOT---
2026-04-27 00:55:52
MemTotal:        8129240 kB
MemFree:         1174924 kB
MemAvailable:    1385208 kB
Buffers:            5996 kB
Cached:           305332 kB
SwapCached:       751064 kB
Active:          5018480 kB
Inactive:        1345720 kB
Active(anon):    4883284 kB
Inactive(anon):  1225484 kB
Active(file):     135196 kB
Inactive(file):   120236 kB
Unevictable:          16 kB
Mlocked:              16 kB
SwapTotal:       4194300 kB
SwapFree:        3321916 kB
Zswap:                 0 kB
Zswapped:              0 kB
Dirty:               532 kB
Writeback:          5236 kB
AnonPages:       5308576 kB
Mapped:           252908 kB
Shmem:             55960 kB
KReclaimable:      56768 kB
Slab:             285228 kB
SReclaimable:      56768 kB
SUnreclaim:       228460 kB
KernelStack:       18800 kB
PageTables:        64444 kB
SecPageTables:         0 kB
NFS_Unstable:          0 kB
Bounce:                0 kB
WritebackTmp:          0 kB
CommitLimit:     8258920 kB
Committed_AS:   13195936 kB
VmallocTotal:   34359738367 kB
VmallocUsed:       47096 kB
VmallocChunk:          0 kB
Percpu:            13280 kB
HardwareCorrupted:     0 kB
AnonHugePages:         0 kB
ShmemHugePages:        0 kB
ShmemPmdMapped:        0 kB
FileHugePages:         0 kB
FilePmdMapped:         0 kB
CmaTotal:              0 kB
CmaFree:               0 kB
Unaccepted:            0 kB
Balloon:               0 kB
HugePages_Total:       0
HugePages_Free:        0
HugePages_Rsvd:        0
HugePages_Surp:        0
Hugepagesize:       2048 kB
Hugetlb:               0 kB
DirectMap4k:      194432 kB
DirectMap2M:     6096896 kB
DirectMap1G:     4194304 kB
---SNAPSHOT---
2026-04-27 00:55:53
MemTotal:        8129240 kB
MemFree:         1174820 kB
MemAvailable:    1385108 kB
Buffers:            5996 kB
Cached:           305336 kB
SwapCached:       775640 kB
Active:          5012892 kB
Inactive:        1351800 kB
Active(anon):    4877696 kB
Inactive(anon):  1231560 kB
Active(file):     135196 kB
Inactive(file):   120240 kB
Unevictable:          16 kB
Mlocked:              16 kB
SwapTotal:       4194300 kB
SwapFree:        3297340 kB
Zswap:                 0 kB
Zswapped:              0 kB
Dirty:               536 kB
Writeback:         23668 kB
AnonPages:       5284920 kB
Mapped:           252908 kB
Shmem:             55960 kB
KReclaimable:      56768 kB
Slab:             286316 kB
SReclaimable:      56768 kB
SUnreclaim:       229548 kB
KernelStack:       18800 kB
PageTables:        64436 kB
SecPageTables:         0 kB
NFS_Unstable:          0 kB
Bounce:                0 kB
WritebackTmp:          0 kB
CommitLimit:     8258920 kB
Committed_AS:   13195364 kB
VmallocTotal:   34359738367 kB
VmallocUsed:       47096 kB
VmallocChunk:          0 kB
Percpu:            13280 kB
HardwareCorrupted:     0 kB
AnonHugePages:         0 kB
ShmemHugePages:        0 kB
ShmemPmdMapped:        0 kB
FileHugePages:         0 kB
FilePmdMapped:         0 kB
CmaTotal:              0 kB
CmaFree:               0 kB
Unaccepted:            0 kB
Balloon:               0 kB
HugePages_Total:       0
HugePages_Free:        0
HugePages_Rsvd:        0
HugePages_Surp:        0
Hugepagesize:       2048 kB
Hugetlb:               0 kB
DirectMap4k:      194432 kB
DirectMap2M:     6096896 kB
DirectMap1G:     4194304 kB
---SNAPSHOT---
2026-04-27 00:55:54
MemTotal:        8129240 kB
MemFree:         1704400 kB
MemAvailable:    1914692 kB
Buffers:            6004 kB
Cached:           305344 kB
SwapCached:       791000 kB
Active:          4477036 kB
Inactive:        1375344 kB
Active(anon):    4341840 kB
Inactive(anon):  1255100 kB
Active(file):     135196 kB
Inactive(file):   120244 kB
Unevictable:          16 kB
Mlocked:              16 kB
SwapTotal:       4194300 kB
SwapFree:        3281980 kB
Zswap:                 0 kB
Zswapped:              0 kB
Dirty:               540 kB
Writeback:         15532 kB
AnonPages:       4756820 kB
Mapped:           252980 kB
Shmem:             55960 kB
KReclaimable:      56768 kB
Slab:             285912 kB
SReclaimable:      56768 kB
SUnreclaim:       229144 kB
KernelStack:       18768 kB
PageTables:        63036 kB
SecPageTables:         0 kB
NFS_Unstable:          0 kB
Bounce:                0 kB
WritebackTmp:          0 kB
CommitLimit:     8258920 kB
Committed_AS:   13195460 kB
VmallocTotal:   34359738367 kB
VmallocUsed:       47064 kB
VmallocChunk:          0 kB
Percpu:            13280 kB
HardwareCorrupted:     0 kB
AnonHugePages:         0 kB
ShmemHugePages:        0 kB
ShmemPmdMapped:        0 kB
FileHugePages:         0 kB
FilePmdMapped:         0 kB
CmaTotal:              0 kB
CmaFree:               0 kB
Unaccepted:            0 kB
Balloon:               0 kB
HugePages_Total:       0
HugePages_Free:        0
HugePages_Rsvd:        0
HugePages_Surp:        0
Hugepagesize:       2048 kB
Hugetlb:               0 kB
DirectMap4k:      194432 kB
DirectMap2M:     6096896 kB
DirectMap1G:     4194304 kB
---SNAPSHOT---
2026-04-27 00:55:57
MemTotal:        8129240 kB
MemFree:         2034592 kB
MemAvailable:    2244908 kB
Buffers:            6004 kB
Cached:           305376 kB
SwapCached:       791000 kB
Active:          4043212 kB
Inactive:        1380200 kB
Active(anon):    3908016 kB
Inactive(anon):  1259932 kB
Active(file):     135196 kB
Inactive(file):   120268 kB
Unevictable:          16 kB
Mlocked:              16 kB
SwapTotal:       4194300 kB
SwapFree:        3281980 kB
Zswap:                 0 kB
Zswapped:              0 kB
Dirty:               548 kB
Writeback:         10756 kB
AnonPages:       4327712 kB
Mapped:           252908 kB
Shmem:             55960 kB
KReclaimable:      56768 kB
Slab:             285496 kB
SReclaimable:      56768 kB
SUnreclaim:       228728 kB
KernelStack:       18800 kB
PageTables:        62380 kB
SecPageTables:         0 kB
NFS_Unstable:          0 kB
Bounce:                0 kB
WritebackTmp:          0 kB
CommitLimit:     8258920 kB
Committed_AS:   13195504 kB
VmallocTotal:   34359738367 kB
VmallocUsed:       47080 kB
VmallocChunk:          0 kB
Percpu:            13280 kB
HardwareCorrupted:     0 kB
AnonHugePages:         0 kB
ShmemHugePages:        0 kB
ShmemPmdMapped:        0 kB
FileHugePages:         0 kB
FilePmdMapped:         0 kB
CmaTotal:              0 kB
CmaFree:               0 kB
Unaccepted:            0 kB
Balloon:               0 kB
HugePages_Total:       0
HugePages_Free:        0
HugePages_Rsvd:        0
HugePages_Surp:        0
Hugepagesize:       2048 kB
Hugetlb:               0 kB
DirectMap4k:      194432 kB
DirectMap2M:     6096896 kB
DirectMap1G:     4194304 kB
---SNAPSHOT---
2026-04-27 00:55:58
MemTotal:        8129240 kB
MemFree:         3751956 kB
MemAvailable:    3962272 kB
Buffers:            6008 kB
Cached:           305384 kB
SwapCached:       791000 kB
Active:          2155520 kB
Inactive:        1385244 kB
Active(anon):    2020324 kB
Inactive(anon):  1264976 kB
Active(file):     135196 kB
Inactive(file):   120268 kB
Unevictable:          16 kB
Mlocked:              16 kB
SwapTotal:       4194300 kB
SwapFree:        3281980 kB
Zswap:                 0 kB
Zswapped:              0 kB
Dirty:               552 kB
Writeback:          5692 kB
AnonPages:       2445028 kB
Mapped:           252908 kB
Shmem:             55960 kB
KReclaimable:      56768 kB
Slab:             285212 kB
SReclaimable:      56768 kB
SUnreclaim:       228444 kB
KernelStack:       18800 kB
PageTables:        58924 kB
SecPageTables:         0 kB
NFS_Unstable:          0 kB
Bounce:                0 kB
WritebackTmp:          0 kB
CommitLimit:     8258920 kB
Committed_AS:   13195340 kB
VmallocTotal:   34359738367 kB
VmallocUsed:       47080 kB
VmallocChunk:          0 kB
Percpu:            13280 kB
HardwareCorrupted:     0 kB
AnonHugePages:         0 kB
ShmemHugePages:        0 kB
ShmemPmdMapped:        0 kB
FileHugePages:         0 kB
FilePmdMapped:         0 kB
CmaTotal:              0 kB
CmaFree:               0 kB
Unaccepted:            0 kB
Balloon:               0 kB
HugePages_Total:       0
HugePages_Free:        0
HugePages_Rsvd:        0
HugePages_Surp:        0
Hugepagesize:       2048 kB
Hugetlb:               0 kB
DirectMap4k:      194432 kB
DirectMap2M:     6096896 kB
DirectMap1G:     4194304 kB
---SNAPSHOT---
2026-04-27 00:56:00
MemTotal:        8129240 kB
MemFree:         3677664 kB
MemAvailable:    3888464 kB
Buffers:            6464 kB
Cached:           305420 kB
SwapCached:       809376 kB
Active:          2140660 kB
Inactive:        1409160 kB
Active(anon):    2005444 kB
Inactive(anon):  1288428 kB
Active(file):     135216 kB
Inactive(file):   120732 kB
Unevictable:          16 kB
Mlocked:              16 kB
SwapTotal:       4194300 kB
SwapFree:        3263548 kB
Zswap:                 0 kB
Zswapped:              0 kB
Dirty:               564 kB
Writeback:           332 kB
AnonPages:       2435388 kB
Mapped:           252928 kB
Shmem:             55960 kB
KReclaimable:      56768 kB
Slab:             285096 kB
SReclaimable:      56768 kB
SUnreclaim:       228328 kB
KernelStack:       18768 kB
PageTables:        60536 kB
SecPageTables:         0 kB
NFS_Unstable:          0 kB
Bounce:                0 kB
WritebackTmp:          0 kB
CommitLimit:     8258920 kB
Committed_AS:   13195208 kB
VmallocTotal:   34359738367 kB
VmallocUsed:       47064 kB
VmallocChunk:          0 kB
Percpu:            13280 kB
HardwareCorrupted:     0 kB
AnonHugePages:         0 kB
ShmemHugePages:        0 kB
ShmemPmdMapped:        0 kB
FileHugePages:         0 kB
FilePmdMapped:         0 kB
CmaTotal:              0 kB
CmaFree:               0 kB
Unaccepted:            0 kB
Balloon:               0 kB
HugePages_Total:       0
HugePages_Free:        0
HugePages_Rsvd:        0
HugePages_Surp:        0
Hugepagesize:       2048 kB
Hugetlb:               0 kB
DirectMap4k:      194432 kB
DirectMap2M:     6096896 kB
DirectMap1G:     4194304 kB
---SNAPSHOT---
2026-04-27 00:56:01
MemTotal:        8129240 kB
MemFree:         1410112 kB
MemAvailable:    1623776 kB
Buffers:            6604 kB
Cached:           308132 kB
SwapCached:       845784 kB
Active:          4638452 kB
Inactive:        1437608 kB
Active(anon):    4502744 kB
Inactive(anon):  1314504 kB
Active(file):     135708 kB
Inactive(file):   123104 kB
Unevictable:          16 kB
Mlocked:              16 kB
SwapTotal:       4194300 kB
SwapFree:        3227196 kB
Zswap:                 0 kB
Zswapped:              0 kB
Dirty:               568 kB
Writeback:         10812 kB
AnonPages:       4922348 kB
Mapped:           255736 kB
Shmem:             55960 kB
KReclaimable:      56768 kB
Slab:             285612 kB
SReclaimable:      56768 kB
SUnreclaim:       228844 kB
KernelStack:       18908 kB
PageTables:        64872 kB
SecPageTables:         0 kB
NFS_Unstable:          0 kB
Bounce:                0 kB
WritebackTmp:          0 kB
CommitLimit:     8258920 kB
Committed_AS:   13197148 kB
VmallocTotal:   34359738367 kB
VmallocUsed:       47160 kB
VmallocChunk:          0 kB
Percpu:            13280 kB
HardwareCorrupted:     0 kB
AnonHugePages:         0 kB
ShmemHugePages:        0 kB
ShmemPmdMapped:        0 kB
FileHugePages:         0 kB
FilePmdMapped:         0 kB
CmaTotal:              0 kB
CmaFree:               0 kB
Unaccepted:            0 kB
Balloon:               0 kB
HugePages_Total:       0
HugePages_Free:        0
HugePages_Rsvd:        0
HugePages_Surp:        0
Hugepagesize:       2048 kB
Hugetlb:               0 kB
DirectMap4k:      194432 kB
DirectMap2M:     6096896 kB
DirectMap1G:     4194304 kB
---SNAPSHOT---
2026-04-27 00:56:02
MemTotal:        8129240 kB
MemFree:         2619992 kB
MemAvailable:    2835052 kB
Buffers:            6868 kB
Cached:           309236 kB
SwapCached:       950420 kB
Active:          3312244 kB
Inactive:        1551892 kB
Active(anon):    3176024 kB
Inactive(anon):  1427904 kB
Active(file):     136220 kB
Inactive(file):   123988 kB
Unevictable:          16 kB
Mlocked:              16 kB
SwapTotal:       4194300 kB
SwapFree:        3122752 kB
Zswap:                 0 kB
Zswapped:              0 kB
Dirty:               572 kB
Writeback:          2108 kB
AnonPages:       3602460 kB
Mapped:           253312 kB
Shmem:             55960 kB
KReclaimable:      56768 kB
Slab:             285072 kB
SReclaimable:      56768 kB
SUnreclaim:       228304 kB
KernelStack:       18912 kB
PageTables:        62452 kB
SecPageTables:         0 kB
NFS_Unstable:          0 kB
Bounce:                0 kB
WritebackTmp:          0 kB
CommitLimit:     8258920 kB
Committed_AS:   13253144 kB
VmallocTotal:   34359738367 kB
VmallocUsed:       47192 kB
VmallocChunk:          0 kB
Percpu:            13280 kB
HardwareCorrupted:     0 kB
AnonHugePages:         0 kB
ShmemHugePages:        0 kB
ShmemPmdMapped:        0 kB
FileHugePages:         0 kB
FilePmdMapped:         0 kB
CmaTotal:              0 kB
CmaFree:               0 kB
Unaccepted:            0 kB
Balloon:               0 kB
HugePages_Total:       0
HugePages_Free:        0
HugePages_Rsvd:        0
HugePages_Surp:        0
Hugepagesize:       2048 kB
Hugetlb:               0 kB
DirectMap4k:      194432 kB
DirectMap2M:     6096896 kB
DirectMap1G:     4194304 kB
---SNAPSHOT---
2026-04-27 00:56:03
MemTotal:        8129240 kB
MemFree:         1732388 kB
MemAvailable:    1947876 kB
Buffers:            7016 kB
Cached:           309524 kB
SwapCached:        22996 kB
Active:          5141820 kB
Inactive:         627112 kB
Active(anon):    5005600 kB
Inactive(anon):   502696 kB
Active(file):     136220 kB
Inactive(file):   124416 kB
Unevictable:          16 kB
Mlocked:              16 kB
SwapTotal:       4194300 kB
SwapFree:        4049984 kB
Zswap:                 0 kB
Zswapped:              0 kB
Dirty:               580 kB
Writeback:             0 kB
AnonPages:       5433740 kB
Mapped:           253084 kB
Shmem:             55960 kB
KReclaimable:      56768 kB
Slab:             284940 kB
SReclaimable:      56768 kB
SUnreclaim:       228172 kB
KernelStack:       18912 kB
PageTables:        64724 kB
SecPageTables:         0 kB
NFS_Unstable:          0 kB
Bounce:                0 kB
WritebackTmp:          0 kB
CommitLimit:     8258920 kB
Committed_AS:   13253092 kB
VmallocTotal:   34359738367 kB
VmallocUsed:       47224 kB
VmallocChunk:          0 kB
Percpu:            13280 kB
HardwareCorrupted:     0 kB
AnonHugePages:         0 kB
ShmemHugePages:        0 kB
ShmemPmdMapped:        0 kB
FileHugePages:         0 kB
FilePmdMapped:         0 kB
CmaTotal:              0 kB
CmaFree:               0 kB
Unaccepted:            0 kB
Balloon:               0 kB
HugePages_Total:       0
HugePages_Free:        0
HugePages_Rsvd:        0
HugePages_Surp:        0
Hugepagesize:       2048 kB
Hugetlb:               0 kB
DirectMap4k:      194432 kB
DirectMap2M:     6096896 kB
DirectMap1G:     4194304 kB
---SNAPSHOT---
2026-04-27 00:56:04
MemTotal:        8129240 kB
MemFree:         1707204 kB
MemAvailable:    1922700 kB
Buffers:            7016 kB
Cached:           309528 kB
SwapCached:       270844 kB
Active:          4876108 kB
Inactive:         874200 kB
Active(anon):    4739888 kB
Inactive(anon):   749776 kB
Active(file):     136220 kB
Inactive(file):   124424 kB
Unevictable:          16 kB
Mlocked:              16 kB
SwapTotal:       4194300 kB
SwapFree:        3802032 kB
Zswap:                 0 kB
Zswapped:              0 kB
Dirty:               584 kB
Writeback:           672 kB
AnonPages:       5169312 kB
Mapped:           253084 kB
Shmem:             55960 kB
KReclaimable:      56768 kB
Slab:             285160 kB
SReclaimable:      56768 kB
SUnreclaim:       228392 kB
KernelStack:       18912 kB
PageTables:        64996 kB
SecPageTables:         0 kB
NFS_Unstable:          0 kB
Bounce:                0 kB
WritebackTmp:          0 kB
CommitLimit:     8258920 kB
Committed_AS:   13252692 kB
VmallocTotal:   34359738367 kB
VmallocUsed:       47240 kB
VmallocChunk:          0 kB
Percpu:            13280 kB
HardwareCorrupted:     0 kB
AnonHugePages:         0 kB
ShmemHugePages:        0 kB
ShmemPmdMapped:        0 kB
FileHugePages:         0 kB
FilePmdMapped:         0 kB
CmaTotal:              0 kB
CmaFree:               0 kB
Unaccepted:            0 kB
Balloon:               0 kB
HugePages_Total:       0
HugePages_Free:        0
HugePages_Rsvd:        0
HugePages_Surp:        0
Hugepagesize:       2048 kB
Hugetlb:               0 kB
DirectMap4k:      194432 kB
DirectMap2M:     6096896 kB
DirectMap1G:     4194304 kB
---SNAPSHOT---
2026-04-27 00:56:05
MemTotal:        8129240 kB
MemFree:         1123508 kB
MemAvailable:    1339020 kB
Buffers:            7024 kB
Cached:           309532 kB
SwapCached:       464856 kB
Active:          5332964 kB
Inactive:        1050000 kB
Active(anon):    5196744 kB
Inactive(anon):   925560 kB
Active(file):     136220 kB
Inactive(file):   124440 kB
Unevictable:          16 kB
Mlocked:              16 kB
SwapTotal:       4194300 kB
SwapFree:        3608124 kB
Zswap:                 0 kB
Zswapped:              0 kB
Dirty:               592 kB
Writeback:         19108 kB
AnonPages:       5607940 kB
Mapped:           253184 kB
Shmem:             55960 kB
KReclaimable:      56768 kB
Slab:             286484 kB
SReclaimable:      56768 kB
SUnreclaim:       229716 kB
KernelStack:       18896 kB
PageTables:        66024 kB
SecPageTables:         0 kB
NFS_Unstable:          0 kB
Bounce:                0 kB
WritebackTmp:          0 kB
CommitLimit:     8258920 kB
Committed_AS:   13253340 kB
VmallocTotal:   34359738367 kB
VmallocUsed:       47224 kB
VmallocChunk:          0 kB
Percpu:            13280 kB
HardwareCorrupted:     0 kB
AnonHugePages:         0 kB
ShmemHugePages:        0 kB
ShmemPmdMapped:        0 kB
FileHugePages:         0 kB
FilePmdMapped:         0 kB
CmaTotal:              0 kB
CmaFree:               0 kB
Unaccepted:            0 kB
Balloon:               0 kB
HugePages_Total:       0
HugePages_Free:        0
HugePages_Rsvd:        0
HugePages_Surp:        0
Hugepagesize:       2048 kB
Hugetlb:               0 kB
DirectMap4k:      194432 kB
DirectMap2M:     6096896 kB
DirectMap1G:     4194304 kB
---SNAPSHOT---
2026-04-27 00:56:06
MemTotal:        8129240 kB
MemFree:         2020496 kB
MemAvailable:    2236084 kB
Buffers:            7024 kB
Cached:           309612 kB
SwapCached:       550360 kB
Active:          4214660 kB
Inactive:        1138548 kB
Active(anon):    4078368 kB
Inactive(anon):  1014104 kB
Active(file):     136292 kB
Inactive(file):   124444 kB
Unevictable:          16 kB
Mlocked:              16 kB
SwapTotal:       4194300 kB
SwapFree:        3522620 kB
Zswap:                 0 kB
Zswapped:              0 kB
Dirty:               604 kB
Writeback:         16100 kB
AnonPages:       4492640 kB
Mapped:           253088 kB
Shmem:             55960 kB
KReclaimable:      56768 kB
Slab:             286140 kB
SReclaimable:      56768 kB
SUnreclaim:       229372 kB
KernelStack:       18928 kB
PageTables:        65956 kB
SecPageTables:         0 kB
NFS_Unstable:          0 kB
Bounce:                0 kB
WritebackTmp:          0 kB
CommitLimit:     8258920 kB
Committed_AS:   13253204 kB
VmallocTotal:   34359738367 kB
VmallocUsed:       47208 kB
VmallocChunk:          0 kB
Percpu:            13280 kB
HardwareCorrupted:     0 kB
AnonHugePages:         0 kB
ShmemHugePages:        0 kB
ShmemPmdMapped:        0 kB
FileHugePages:         0 kB
FilePmdMapped:         0 kB
CmaTotal:              0 kB
CmaFree:               0 kB
Unaccepted:            0 kB
Balloon:               0 kB
HugePages_Total:       0
HugePages_Free:        0
HugePages_Rsvd:        0
HugePages_Surp:        0
Hugepagesize:       2048 kB
Hugetlb:               0 kB
DirectMap4k:      194432 kB
DirectMap2M:     6096896 kB
DirectMap1G:     4194304 kB
---SNAPSHOT---
2026-04-27 00:56:07
MemTotal:        8129240 kB
MemFree:         1796948 kB
MemAvailable:    2012544 kB
Buffers:            7024 kB
Cached:           309616 kB
SwapCached:       684576 kB
Active:          4391232 kB
Inactive:        1274096 kB
Active(anon):    4254940 kB
Inactive(anon):  1149644 kB
Active(file):     136292 kB
Inactive(file):   124452 kB
Unevictable:          16 kB
Mlocked:              16 kB
SwapTotal:       4194300 kB
SwapFree:        3388188 kB
Zswap:                 0 kB
Zswapped:              0 kB
Dirty:               608 kB
Writeback:         14548 kB
AnonPages:       4670604 kB
Mapped:           253088 kB
Shmem:             55960 kB
KReclaimable:      56768 kB
Slab:             285712 kB
SReclaimable:      56768 kB
SUnreclaim:       228944 kB
KernelStack:       18972 kB
PageTables:        65076 kB
SecPageTables:         0 kB
NFS_Unstable:          0 kB
Bounce:                0 kB
WritebackTmp:          0 kB
CommitLimit:     8258920 kB
Committed_AS:   13252976 kB
VmallocTotal:   34359738367 kB
VmallocUsed:       47192 kB
VmallocChunk:          0 kB
Percpu:            13280 kB
HardwareCorrupted:     0 kB
AnonHugePages:         0 kB
ShmemHugePages:        0 kB
ShmemPmdMapped:        0 kB
FileHugePages:         0 kB
FilePmdMapped:         0 kB
CmaTotal:              0 kB
CmaFree:               0 kB
Unaccepted:            0 kB
Balloon:               0 kB
HugePages_Total:       0
HugePages_Free:        0
HugePages_Rsvd:        0
HugePages_Surp:        0
Hugepagesize:       2048 kB
Hugetlb:               0 kB
DirectMap4k:      194432 kB
DirectMap2M:     6096896 kB
DirectMap1G:     4194304 kB
---SNAPSHOT---
2026-04-27 00:56:08
MemTotal:        8129240 kB
MemFree:         2421216 kB
MemAvailable:    2636820 kB
Buffers:            7024 kB
Cached:           309624 kB
SwapCached:        23136 kB
Active:          4414624 kB
Inactive:         627224 kB
Active(anon):    4278332 kB
Inactive(anon):   502764 kB
Active(file):     136292 kB
Inactive(file):   124460 kB
Unevictable:          16 kB
Mlocked:              16 kB
SwapTotal:       4194300 kB
SwapFree:        4049984 kB
Zswap:                 0 kB
Zswapped:              0 kB
Dirty:               616 kB
Writeback:             0 kB
AnonPages:       4706820 kB
Mapped:           253088 kB
Shmem:             55960 kB
KReclaimable:      56768 kB
Slab:             285104 kB
SReclaimable:      56768 kB
SUnreclaim:       228336 kB
KernelStack:       18896 kB
PageTables:        63984 kB
SecPageTables:         0 kB
NFS_Unstable:          0 kB
Bounce:                0 kB
WritebackTmp:          0 kB
CommitLimit:     8258920 kB
Committed_AS:   13252688 kB
VmallocTotal:   34359738367 kB
VmallocUsed:       47192 kB
VmallocChunk:          0 kB
Percpu:            13280 kB
HardwareCorrupted:     0 kB
AnonHugePages:         0 kB
ShmemHugePages:        0 kB
ShmemPmdMapped:        0 kB
FileHugePages:         0 kB
FilePmdMapped:         0 kB
CmaTotal:              0 kB
CmaFree:               0 kB
Unaccepted:            0 kB
Balloon:               0 kB
HugePages_Total:       0
HugePages_Free:        0
HugePages_Rsvd:        0
HugePages_Surp:        0
Hugepagesize:       2048 kB
Hugetlb:               0 kB
DirectMap4k:      194432 kB
DirectMap2M:     6096896 kB
DirectMap1G:     4194304 kB
---SNAPSHOT---
2026-04-27 00:56:09
MemTotal:        8129240 kB
MemFree:         1673212 kB
MemAvailable:    1888832 kB
Buffers:            7036 kB
Cached:           309628 kB
SwapCached:        22996 kB
Active:          5216220 kB
Inactive:         627172 kB
Active(anon):    5079928 kB
Inactive(anon):   502696 kB
Active(file):     136292 kB
Inactive(file):   124476 kB
Unevictable:          16 kB
Mlocked:              16 kB
SwapTotal:       4194300 kB
SwapFree:        4049984 kB
Zswap:                 0 kB
Zswapped:              0 kB
Dirty:               168 kB
Writeback:             0 kB
AnonPages:       5508204 kB
Mapped:           253088 kB
Shmem:             55960 kB
KReclaimable:      56768 kB
Slab:             284928 kB
SReclaimable:      56768 kB
SUnreclaim:       228160 kB
KernelStack:       18928 kB
PageTables:        65024 kB
SecPageTables:         0 kB
NFS_Unstable:          0 kB
Bounce:                0 kB
WritebackTmp:          0 kB
CommitLimit:     8258920 kB
Committed_AS:   13252944 kB
VmallocTotal:   34359738367 kB
VmallocUsed:       47160 kB
VmallocChunk:          0 kB
Percpu:            13280 kB
HardwareCorrupted:     0 kB
AnonHugePages:         0 kB
ShmemHugePages:        0 kB
ShmemPmdMapped:        0 kB
FileHugePages:         0 kB
FilePmdMapped:         0 kB
CmaTotal:              0 kB
CmaFree:               0 kB
Unaccepted:            0 kB
Balloon:               0 kB
HugePages_Total:       0
HugePages_Free:        0
HugePages_Rsvd:        0
HugePages_Surp:        0
Hugepagesize:       2048 kB
Hugetlb:               0 kB
DirectMap4k:      194432 kB
DirectMap2M:     6096896 kB
DirectMap1G:     4194304 kB
---SNAPSHOT---
2026-04-27 00:56:10
MemTotal:        8129240 kB
MemFree:         1951920 kB
MemAvailable:    2167548 kB
Buffers:            7044 kB
Cached:           309636 kB
SwapCached:        22996 kB
Active:          4913096 kB
Inactive:         627180 kB
Active(anon):    4776804 kB
Inactive(anon):   502696 kB
Active(file):     136292 kB
Inactive(file):   124484 kB
Unevictable:          16 kB
Mlocked:              16 kB
SwapTotal:       4194300 kB
SwapFree:        4049984 kB
Zswap:                 0 kB
Zswapped:              0 kB
Dirty:               224 kB
Writeback:             0 kB
AnonPages:       5205316 kB
Mapped:           253088 kB
Shmem:             55960 kB
KReclaimable:      56768 kB
Slab:             284924 kB
SReclaimable:      56768 kB
SUnreclaim:       228156 kB
KernelStack:       18928 kB
PageTables:        64572 kB
SecPageTables:         0 kB
NFS_Unstable:          0 kB
Bounce:                0 kB
WritebackTmp:          0 kB
CommitLimit:     8258920 kB
Committed_AS:   13250188 kB
VmallocTotal:   34359738367 kB
VmallocUsed:       47192 kB
VmallocChunk:          0 kB
Percpu:            13280 kB
HardwareCorrupted:     0 kB
AnonHugePages:         0 kB
ShmemHugePages:        0 kB
ShmemPmdMapped:        0 kB
FileHugePages:         0 kB
FilePmdMapped:         0 kB
CmaTotal:              0 kB
CmaFree:               0 kB
Unaccepted:            0 kB
Balloon:               0 kB
HugePages_Total:       0
HugePages_Free:        0
HugePages_Rsvd:        0
HugePages_Surp:        0
Hugepagesize:       2048 kB
Hugetlb:               0 kB
DirectMap4k:      194432 kB
DirectMap2M:     6096896 kB
DirectMap1G:     4194304 kB
---SNAPSHOT---
2026-04-27 00:56:11
MemTotal:        8129240 kB
MemFree:         2218316 kB
MemAvailable:    2433956 kB
Buffers:            7044 kB
Cached:           309640 kB
SwapCached:        22996 kB
Active:          4678416 kB
Inactive:         627192 kB
Active(anon):    4542124 kB
Inactive(anon):   502696 kB
Active(file):     136292 kB
Inactive(file):   124496 kB
Unevictable:          16 kB
Mlocked:              16 kB
SwapTotal:       4194300 kB
SwapFree:        4049984 kB
Zswap:                 0 kB
Zswapped:              0 kB
Dirty:               228 kB
Writeback:             0 kB
AnonPages:       4970604 kB
Mapped:           253152 kB
Shmem:             55960 kB
KReclaimable:      56768 kB
Slab:             284932 kB
SReclaimable:      56768 kB
SUnreclaim:       228164 kB
KernelStack:       18944 kB
PageTables:        63920 kB
SecPageTables:         0 kB
NFS_Unstable:          0 kB
Bounce:                0 kB
WritebackTmp:          0 kB
CommitLimit:     8258920 kB
Committed_AS:   13250628 kB
VmallocTotal:   34359738367 kB
VmallocUsed:       47192 kB
VmallocChunk:          0 kB
Percpu:            13280 kB
HardwareCorrupted:     0 kB
AnonHugePages:         0 kB
ShmemHugePages:        0 kB
ShmemPmdMapped:        0 kB
FileHugePages:         0 kB
FilePmdMapped:         0 kB
CmaTotal:              0 kB
CmaFree:               0 kB
Unaccepted:            0 kB
Balloon:               0 kB
HugePages_Total:       0
HugePages_Free:        0
HugePages_Rsvd:        0
HugePages_Surp:        0
Hugepagesize:       2048 kB
Hugetlb:               0 kB
DirectMap4k:      194432 kB
DirectMap2M:     6096896 kB
DirectMap1G:     4194304 kB
---SNAPSHOT---
2026-04-27 00:56:12
MemTotal:        8129240 kB
MemFree:         2117584 kB
MemAvailable:    2333232 kB
Buffers:            7044 kB
Cached:           309648 kB
SwapCached:        22996 kB
Active:          4694712 kB
Inactive:         627200 kB
Active(anon):    4558420 kB
Inactive(anon):   502696 kB
Active(file):     136292 kB
Inactive(file):   124504 kB
Unevictable:          16 kB
Mlocked:              16 kB
SwapTotal:       4194300 kB
SwapFree:        4049984 kB
Zswap:                 0 kB
Zswapped:              0 kB
Dirty:               236 kB
Writeback:             0 kB
AnonPages:       4986572 kB
Mapped:           253152 kB
Shmem:             55960 kB
KReclaimable:      56768 kB
Slab:             284900 kB
SReclaimable:      56768 kB
SUnreclaim:       228132 kB
KernelStack:       18912 kB
PageTables:        64108 kB
SecPageTables:         0 kB
NFS_Unstable:          0 kB
Bounce:                0 kB
WritebackTmp:          0 kB
CommitLimit:     8258920 kB
Committed_AS:   13250520 kB
VmallocTotal:   34359738367 kB
VmallocUsed:       47224 kB
VmallocChunk:          0 kB
Percpu:            13280 kB
HardwareCorrupted:     0 kB
AnonHugePages:         0 kB
ShmemHugePages:        0 kB
ShmemPmdMapped:        0 kB
FileHugePages:         0 kB
FilePmdMapped:         0 kB
CmaTotal:              0 kB
CmaFree:               0 kB
Unaccepted:            0 kB
Balloon:               0 kB
HugePages_Total:       0
HugePages_Free:        0
HugePages_Rsvd:        0
HugePages_Surp:        0
Hugepagesize:       2048 kB
Hugetlb:               0 kB
DirectMap4k:      194432 kB
DirectMap2M:     6096896 kB
DirectMap1G:     4194304 kB
---SNAPSHOT---
2026-04-27 00:56:13
MemTotal:        8129240 kB
MemFree:         1875396 kB
MemAvailable:    2091052 kB
Buffers:            7044 kB
Cached:           309656 kB
SwapCached:        22996 kB
Active:          4989992 kB
Inactive:         627208 kB
Active(anon):    4853700 kB
Inactive(anon):   502696 kB
Active(file):     136292 kB
Inactive(file):   124512 kB
Unevictable:          16 kB
Mlocked:              16 kB
SwapTotal:       4194300 kB
SwapFree:        4049984 kB
Zswap:                 0 kB
Zswapped:              0 kB
Dirty:               244 kB
Writeback:             0 kB
AnonPages:       5282084 kB
Mapped:           253152 kB
Shmem:             55960 kB
KReclaimable:      56768 kB
Slab:             284900 kB
SReclaimable:      56768 kB
SUnreclaim:       228132 kB
KernelStack:       18972 kB
PageTables:        64828 kB
SecPageTables:         0 kB
NFS_Unstable:          0 kB
Bounce:                0 kB
WritebackTmp:          0 kB
CommitLimit:     8258920 kB
Committed_AS:   13250276 kB
VmallocTotal:   34359738367 kB
VmallocUsed:       47240 kB
VmallocChunk:          0 kB
Percpu:            13280 kB
HardwareCorrupted:     0 kB
AnonHugePages:         0 kB
ShmemHugePages:        0 kB
ShmemPmdMapped:        0 kB
FileHugePages:         0 kB
FilePmdMapped:         0 kB
CmaTotal:              0 kB
CmaFree:               0 kB
Unaccepted:            0 kB
Balloon:               0 kB
HugePages_Total:       0
HugePages_Free:        0
HugePages_Rsvd:        0
HugePages_Surp:        0
Hugepagesize:       2048 kB
Hugetlb:               0 kB
DirectMap4k:      194432 kB
DirectMap2M:     6096896 kB
DirectMap1G:     4194304 kB
---SNAPSHOT---
2026-04-27 00:56:14
MemTotal:        8129240 kB
MemFree:         1207224 kB
MemAvailable:    1422916 kB
Buffers:            7060 kB
Cached:           309676 kB
SwapCached:       348408 kB
Active:          5375284 kB
Inactive:         951820 kB
Active(anon):    5238992 kB
Inactive(anon):   827272 kB
Active(file):     136292 kB
Inactive(file):   124548 kB
Unevictable:          16 kB
Mlocked:              16 kB
SwapTotal:       4194300 kB
SwapFree:        3724356 kB
Zswap:                 0 kB
Zswapped:              0 kB
Dirty:                52 kB
Writeback:          1004 kB
AnonPages:       5668244 kB
Mapped:           253152 kB
Shmem:             55960 kB
KReclaimable:      56768 kB
Slab:             284972 kB
SReclaimable:      56768 kB
SUnreclaim:       228204 kB
KernelStack:       18928 kB
PageTables:        66204 kB
SecPageTables:         0 kB
NFS_Unstable:          0 kB
Bounce:                0 kB
WritebackTmp:          0 kB
CommitLimit:     8258920 kB
Committed_AS:   13250540 kB
VmallocTotal:   34359738367 kB
VmallocUsed:       47224 kB
VmallocChunk:          0 kB
Percpu:            13280 kB
HardwareCorrupted:     0 kB
AnonHugePages:         0 kB
ShmemHugePages:        0 kB
ShmemPmdMapped:        0 kB
FileHugePages:         0 kB
FilePmdMapped:         0 kB
CmaTotal:              0 kB
CmaFree:               0 kB
Unaccepted:            0 kB
Balloon:               0 kB
HugePages_Total:       0
HugePages_Free:        0
HugePages_Rsvd:        0
HugePages_Surp:        0
Hugepagesize:       2048 kB
Hugetlb:               0 kB
DirectMap4k:      194432 kB
DirectMap2M:     6096896 kB
DirectMap1G:     4194304 kB
---SNAPSHOT---
2026-04-27 00:56:15
MemTotal:        8129240 kB
MemFree:         2219800 kB
MemAvailable:    2435508 kB
Buffers:            7068 kB
Cached:           309684 kB
SwapCached:       822744 kB
Active:          3826696 kB
Inactive:        1411000 kB
Active(anon):    3690404 kB
Inactive(anon):  1286436 kB
Active(file):     136292 kB
Inactive(file):   124564 kB
Unevictable:          16 kB
Mlocked:              16 kB
SwapTotal:       4194300 kB
SwapFree:        3250236 kB
Zswap:                 0 kB
Zswapped:              0 kB
Dirty:               104 kB
Writeback:         15916 kB
AnonPages:       4105112 kB
Mapped:           253152 kB
Shmem:             55960 kB
KReclaimable:      56768 kB
Slab:             286152 kB
SReclaimable:      56768 kB
SUnreclaim:       229384 kB
KernelStack:       18912 kB
PageTables:        63996 kB
SecPageTables:         0 kB
NFS_Unstable:          0 kB
Bounce:                0 kB
WritebackTmp:          0 kB
CommitLimit:     8258920 kB
Committed_AS:   13250540 kB
VmallocTotal:   34359738367 kB
VmallocUsed:       47192 kB
VmallocChunk:          0 kB
Percpu:            13280 kB
HardwareCorrupted:     0 kB
AnonHugePages:         0 kB
ShmemHugePages:        0 kB
ShmemPmdMapped:        0 kB
FileHugePages:         0 kB
FilePmdMapped:         0 kB
CmaTotal:              0 kB
CmaFree:               0 kB
Unaccepted:            0 kB
Balloon:               0 kB
HugePages_Total:       0
HugePages_Free:        0
HugePages_Rsvd:        0
HugePages_Surp:        0
Hugepagesize:       2048 kB
Hugetlb:               0 kB
DirectMap4k:      194432 kB
DirectMap2M:     6096896 kB
DirectMap1G:     4194304 kB
---SNAPSHOT---
2026-04-27 00:56:16
MemTotal:        8129240 kB
MemFree:         2539632 kB
MemAvailable:    2755344 kB
Buffers:            7068 kB
Cached:           309688 kB
SwapCached:        23184 kB
Active:          4357804 kB
Inactive:         627296 kB
Active(anon):    4221512 kB
Inactive(anon):   502728 kB
Active(file):     136292 kB
Inactive(file):   124568 kB
Unevictable:          16 kB
Mlocked:              16 kB
SwapTotal:       4194300 kB
SwapFree:        4049984 kB
Zswap:                 0 kB
Zswapped:              0 kB
Dirty:               108 kB
Writeback:             0 kB
AnonPages:       4650000 kB
Mapped:           253152 kB
Shmem:             55960 kB
KReclaimable:      56768 kB
Slab:             284976 kB
SReclaimable:      56768 kB
SUnreclaim:       228208 kB
KernelStack:       18928 kB
PageTables:        64392 kB
SecPageTables:         0 kB
NFS_Unstable:          0 kB
Bounce:                0 kB
WritebackTmp:          0 kB
CommitLimit:     8258920 kB
Committed_AS:   13250444 kB
VmallocTotal:   34359738367 kB
VmallocUsed:       47208 kB
VmallocChunk:          0 kB
Percpu:            13280 kB
HardwareCorrupted:     0 kB
AnonHugePages:         0 kB
ShmemHugePages:        0 kB
ShmemPmdMapped:        0 kB
FileHugePages:         0 kB
FilePmdMapped:         0 kB
CmaTotal:              0 kB
CmaFree:               0 kB
Unaccepted:            0 kB
Balloon:               0 kB
HugePages_Total:       0
HugePages_Free:        0
HugePages_Rsvd:        0
HugePages_Surp:        0
Hugepagesize:       2048 kB
Hugetlb:               0 kB
DirectMap4k:      194432 kB
DirectMap2M:     6096896 kB
DirectMap1G:     4194304 kB
---SNAPSHOT---
2026-04-27 00:56:17
MemTotal:        8129240 kB
MemFree:         1606776 kB
MemAvailable:    1822496 kB
Buffers:            7068 kB
Cached:           309696 kB
SwapCached:        22996 kB
Active:          5254884 kB
Inactive:         627272 kB
Active(anon):    5118592 kB
Inactive(anon):   502696 kB
Active(file):     136292 kB
Inactive(file):   124576 kB
Unevictable:          16 kB
Mlocked:              16 kB
SwapTotal:       4194300 kB
SwapFree:        4049984 kB
Zswap:                 0 kB
Zswapped:              0 kB
Dirty:               116 kB
Writeback:             0 kB
AnonPages:       5547360 kB
Mapped:           253152 kB
Shmem:             55960 kB
KReclaimable:      56768 kB
Slab:             284900 kB
SReclaimable:      56768 kB
SUnreclaim:       228132 kB
KernelStack:       18988 kB
PageTables:        65512 kB
SecPageTables:         0 kB
NFS_Unstable:          0 kB
Bounce:                0 kB
WritebackTmp:          0 kB
CommitLimit:     8258920 kB
Committed_AS:   13250540 kB
VmallocTotal:   34359738367 kB
VmallocUsed:       47240 kB
VmallocChunk:          0 kB
Percpu:            13280 kB
HardwareCorrupted:     0 kB
AnonHugePages:         0 kB
ShmemHugePages:        0 kB
ShmemPmdMapped:        0 kB
FileHugePages:         0 kB
FilePmdMapped:         0 kB
CmaTotal:              0 kB
CmaFree:               0 kB
Unaccepted:            0 kB
Balloon:               0 kB
HugePages_Total:       0
HugePages_Free:        0
HugePages_Rsvd:        0
HugePages_Surp:        0
Hugepagesize:       2048 kB
Hugetlb:               0 kB
DirectMap4k:      194432 kB
DirectMap2M:     6096896 kB
DirectMap1G:     4194304 kB
---SNAPSHOT---
2026-04-27 00:56:18
MemTotal:        8129240 kB
MemFree:         2797568 kB
MemAvailable:    3013292 kB
Buffers:            7068 kB
Cached:           309704 kB
SwapCached:        22996 kB
Active:          3976552 kB
Inactive:         627276 kB
Active(anon):    3840260 kB
Inactive(anon):   502696 kB
Active(file):     136292 kB
Inactive(file):   124580 kB
Unevictable:          16 kB
Mlocked:              16 kB
SwapTotal:       4194300 kB
SwapFree:        4049984 kB
Zswap:                 0 kB
Zswapped:              0 kB
Dirty:               124 kB
Writeback:             0 kB
AnonPages:       4268132 kB
Mapped:           253152 kB
Shmem:             55960 kB
KReclaimable:      56768 kB
Slab:             284892 kB
SReclaimable:      56768 kB
SUnreclaim:       228124 kB
KernelStack:       18928 kB
PageTables:        63916 kB
SecPageTables:         0 kB
NFS_Unstable:          0 kB
Bounce:                0 kB
WritebackTmp:          0 kB
CommitLimit:     8258920 kB
Committed_AS:   13250552 kB
VmallocTotal:   34359738367 kB
VmallocUsed:       47176 kB
VmallocChunk:          0 kB
Percpu:            13280 kB
HardwareCorrupted:     0 kB
AnonHugePages:         0 kB
ShmemHugePages:        0 kB
ShmemPmdMapped:        0 kB
FileHugePages:         0 kB
FilePmdMapped:         0 kB
CmaTotal:              0 kB
CmaFree:               0 kB
Unaccepted:            0 kB
Balloon:               0 kB
HugePages_Total:       0
HugePages_Free:        0
HugePages_Rsvd:        0
HugePages_Surp:        0
Hugepagesize:       2048 kB
Hugetlb:               0 kB
DirectMap4k:      194432 kB
DirectMap2M:     6096896 kB
DirectMap1G:     4194304 kB
---SNAPSHOT---
2026-04-27 00:56:19
MemTotal:        8129240 kB
MemFree:         1654736 kB
MemAvailable:    1870468 kB
Buffers:            7068 kB
Cached:           309708 kB
SwapCached:       135640 kB
Active:          5162096 kB
Inactive:         733540 kB
Active(anon):    5025804 kB
Inactive(anon):   608952 kB
Active(file):     136292 kB
Inactive(file):   124588 kB
Unevictable:          16 kB
Mlocked:              16 kB
SwapTotal:       4194300 kB
SwapFree:        3937156 kB
Zswap:                 0 kB
Zswapped:              0 kB
Dirty:               128 kB
Writeback:          6144 kB
AnonPages:       5450180 kB
Mapped:           253152 kB
Shmem:             55960 kB
KReclaimable:      56768 kB
Slab:             285356 kB
SReclaimable:      56768 kB
SUnreclaim:       228588 kB
KernelStack:       18988 kB
PageTables:        65144 kB
SecPageTables:         0 kB
NFS_Unstable:          0 kB
Bounce:                0 kB
WritebackTmp:          0 kB
CommitLimit:     8258920 kB
Committed_AS:   13250672 kB
VmallocTotal:   34359738367 kB
VmallocUsed:       47208 kB
VmallocChunk:          0 kB
Percpu:            13280 kB
HardwareCorrupted:     0 kB
AnonHugePages:         0 kB
ShmemHugePages:        0 kB
ShmemPmdMapped:        0 kB
FileHugePages:         0 kB
FilePmdMapped:         0 kB
CmaTotal:              0 kB
CmaFree:               0 kB
Unaccepted:            0 kB
Balloon:               0 kB
HugePages_Total:       0
HugePages_Free:        0
HugePages_Rsvd:        0
HugePages_Surp:        0
Hugepagesize:       2048 kB
Hugetlb:               0 kB
DirectMap4k:      194432 kB
DirectMap2M:     6096896 kB
DirectMap1G:     4194304 kB
---SNAPSHOT---
2026-04-27 00:56:20
MemTotal:        8129240 kB
MemFree:         1966092 kB
MemAvailable:    2181836 kB
Buffers:            7076 kB
Cached:           309716 kB
SwapCached:       610264 kB
Active:          4385468 kB
Inactive:        1190864 kB
Active(anon):    4249176 kB
Inactive(anon):  1066264 kB
Active(file):     136292 kB
Inactive(file):   124600 kB
Unevictable:          16 kB
Mlocked:              16 kB
SwapTotal:       4194300 kB
SwapFree:        3462716 kB
Zswap:                 0 kB
Zswapped:              0 kB
Dirty:               136 kB
Writeback:         23612 kB
AnonPages:       4656028 kB
Mapped:           253152 kB
Shmem:             55960 kB
KReclaimable:      56768 kB
Slab:             286380 kB
SReclaimable:      56768 kB
SUnreclaim:       229612 kB
KernelStack:       18928 kB
PageTables:        64208 kB
SecPageTables:         0 kB
NFS_Unstable:          0 kB
Bounce:                0 kB
WritebackTmp:          0 kB
CommitLimit:     8258920 kB
Committed_AS:   13250288 kB
VmallocTotal:   34359738367 kB
VmallocUsed:       47192 kB
VmallocChunk:          0 kB
Percpu:            13280 kB
HardwareCorrupted:     0 kB
AnonHugePages:         0 kB
ShmemHugePages:        0 kB
ShmemPmdMapped:        0 kB
FileHugePages:         0 kB
FilePmdMapped:         0 kB
CmaTotal:              0 kB
CmaFree:               0 kB
Unaccepted:            0 kB
Balloon:               0 kB
HugePages_Total:       0
HugePages_Free:        0
HugePages_Rsvd:        0
HugePages_Surp:        0
Hugepagesize:       2048 kB
Hugetlb:               0 kB
DirectMap4k:      194432 kB
DirectMap2M:     6096896 kB
DirectMap1G:     4194304 kB
---SNAPSHOT---
2026-04-27 00:56:21
MemTotal:        8129240 kB
MemFree:         2876456 kB
MemAvailable:    3092208 kB
Buffers:            7076 kB
Cached:           309720 kB
SwapCached:       610264 kB
Active:          3337104 kB
Inactive:        1197944 kB
Active(anon):    3200812 kB
Inactive(anon):  1073336 kB
Active(file):     136292 kB
Inactive(file):   124608 kB
Unevictable:          16 kB
Mlocked:              16 kB
SwapTotal:       4194300 kB
SwapFree:        3462716 kB
Zswap:                 0 kB
Zswapped:              0 kB
Dirty:               140 kB
Writeback:         16612 kB
AnonPages:       3614588 kB
Mapped:           253152 kB
Shmem:             55960 kB
KReclaimable:      56768 kB
Slab:             286064 kB
SReclaimable:      56768 kB
SUnreclaim:       229296 kB
KernelStack:       18928 kB
PageTables:        64092 kB
SecPageTables:         0 kB
NFS_Unstable:          0 kB
Bounce:                0 kB
WritebackTmp:          0 kB
CommitLimit:     8258920 kB
Committed_AS:   13368476 kB
VmallocTotal:   34359738367 kB
VmallocUsed:       47192 kB
VmallocChunk:          0 kB
Percpu:            13280 kB
HardwareCorrupted:     0 kB
AnonHugePages:         0 kB
ShmemHugePages:        0 kB
ShmemPmdMapped:        0 kB
FileHugePages:         0 kB
FilePmdMapped:         0 kB
CmaTotal:              0 kB
CmaFree:               0 kB
Unaccepted:            0 kB
Balloon:               0 kB
HugePages_Total:       0
HugePages_Free:        0
HugePages_Rsvd:        0
HugePages_Surp:        0
Hugepagesize:       2048 kB
Hugetlb:               0 kB
DirectMap4k:      194432 kB
DirectMap2M:     6096896 kB
DirectMap1G:     4194304 kB
---SNAPSHOT---
2026-04-27 00:56:22
MemTotal:        8129240 kB
MemFree:         1713236 kB
MemAvailable:    1928992 kB
Buffers:            7076 kB
Cached:           309724 kB
SwapCached:       610264 kB
Active:          4577124 kB
Inactive:        1202680 kB
Active(anon):    4440832 kB
Inactive(anon):  1078068 kB
Active(file):     136292 kB
Inactive(file):   124612 kB
Unevictable:          16 kB
Mlocked:              16 kB
SwapTotal:       4194300 kB
SwapFree:        3462716 kB
Zswap:                 0 kB
Zswapped:              0 kB
Dirty:               144 kB
Writeback:         11892 kB
AnonPages:       4859772 kB
Mapped:           253152 kB
Shmem:             55960 kB
KReclaimable:      56768 kB
Slab:             285680 kB
SReclaimable:      56768 kB
SUnreclaim:       228912 kB
KernelStack:       18928 kB
PageTables:        65808 kB
SecPageTables:         0 kB
NFS_Unstable:          0 kB
Bounce:                0 kB
WritebackTmp:          0 kB
CommitLimit:     8258920 kB
Committed_AS:   13368364 kB
VmallocTotal:   34359738367 kB
VmallocUsed:       47224 kB
VmallocChunk:          0 kB
Percpu:            13280 kB
HardwareCorrupted:     0 kB
AnonHugePages:         0 kB
ShmemHugePages:        0 kB
ShmemPmdMapped:        0 kB
FileHugePages:         0 kB
FilePmdMapped:         0 kB
CmaTotal:              0 kB
CmaFree:               0 kB
Unaccepted:            0 kB
Balloon:               0 kB
HugePages_Total:       0
HugePages_Free:        0
HugePages_Rsvd:        0
HugePages_Surp:        0
Hugepagesize:       2048 kB
Hugetlb:               0 kB
DirectMap4k:      194432 kB
DirectMap2M:     6096896 kB
DirectMap1G:     4194304 kB
---SNAPSHOT---
2026-04-27 00:56:23
MemTotal:        8129240 kB
MemFree:         1500276 kB
MemAvailable:    1716036 kB
Buffers:            7076 kB
Cached:           309732 kB
SwapCached:       626136 kB
Active:          4795160 kB
Inactive:        1213552 kB
Active(anon):    4658868 kB
Inactive(anon):  1088936 kB
Active(file):     136292 kB
Inactive(file):   124616 kB
Unevictable:          16 kB
Mlocked:              16 kB
SwapTotal:       4194300 kB
SwapFree:        3446844 kB
Zswap:                 0 kB
Zswapped:              0 kB
Dirty:               152 kB
Writeback:         16900 kB
AnonPages:       5072096 kB
Mapped:           253152 kB
Shmem:             55960 kB
KReclaimable:      56768 kB
Slab:             285932 kB
SReclaimable:      56768 kB
SUnreclaim:       229164 kB
KernelStack:       18944 kB
PageTables:        65372 kB
SecPageTables:         0 kB
NFS_Unstable:          0 kB
Bounce:                0 kB
WritebackTmp:          0 kB
CommitLimit:     8258920 kB
Committed_AS:   13368004 kB
VmallocTotal:   34359738367 kB
VmallocUsed:       47240 kB
VmallocChunk:          0 kB
Percpu:            13280 kB
HardwareCorrupted:     0 kB
AnonHugePages:         0 kB
ShmemHugePages:        0 kB
ShmemPmdMapped:        0 kB
FileHugePages:         0 kB
FilePmdMapped:         0 kB
CmaTotal:              0 kB
CmaFree:               0 kB
Unaccepted:            0 kB
Balloon:               0 kB
HugePages_Total:       0
HugePages_Free:        0
HugePages_Rsvd:        0
HugePages_Surp:        0
Hugepagesize:       2048 kB
Hugetlb:               0 kB
DirectMap4k:      194432 kB
DirectMap2M:     6096896 kB
DirectMap1G:     4194304 kB
---SNAPSHOT---
2026-04-27 00:56:27
MemTotal:        8129240 kB
MemFree:          873864 kB
MemAvailable:    1089636 kB
Buffers:            7084 kB
Cached:           309736 kB
SwapCached:       656860 kB
Active:          5391536 kB
Inactive:        1245804 kB
Active(anon):    5255244 kB
Inactive(anon):  1121176 kB
Active(file):     136292 kB
Inactive(file):   124628 kB
Unevictable:          16 kB
Mlocked:              16 kB
SwapTotal:       4194300 kB
SwapFree:        3416120 kB
Zswap:                 0 kB
Zswapped:              0 kB
Dirty:               160 kB
Writeback:         15368 kB
AnonPages:       5672068 kB
Mapped:           253252 kB
Shmem:             55960 kB
KReclaimable:      56768 kB
Slab:             285864 kB
SReclaimable:      56768 kB
SUnreclaim:       229096 kB
KernelStack:       18912 kB
PageTables:        66244 kB
SecPageTables:         0 kB
NFS_Unstable:          0 kB
Bounce:                0 kB
WritebackTmp:          0 kB
CommitLimit:     8258920 kB
Committed_AS:   13485792 kB
VmallocTotal:   34359738367 kB
VmallocUsed:       47208 kB
VmallocChunk:          0 kB
Percpu:            13280 kB
HardwareCorrupted:     0 kB
AnonHugePages:         0 kB
ShmemHugePages:        0 kB
ShmemPmdMapped:        0 kB
FileHugePages:         0 kB
FilePmdMapped:         0 kB
CmaTotal:              0 kB
CmaFree:               0 kB
Unaccepted:            0 kB
Balloon:               0 kB
HugePages_Total:       0
HugePages_Free:        0
HugePages_Rsvd:        0
HugePages_Surp:        0
Hugepagesize:       2048 kB
Hugetlb:               0 kB
DirectMap4k:      194432 kB
DirectMap2M:     6096896 kB
DirectMap1G:     4194304 kB
---SNAPSHOT---
2026-04-27 00:56:28
MemTotal:        8129240 kB
MemFree:          888164 kB
MemAvailable:    1103948 kB
Buffers:            7084 kB
Cached:           309748 kB
SwapCached:       723176 kB
Active:          5312144 kB
Inactive:        1325400 kB
Active(anon):    5175852 kB
Inactive(anon):  1200760 kB
Active(file):     136292 kB
Inactive(file):   124640 kB
Unevictable:          16 kB
Mlocked:              16 kB
SwapTotal:       4194300 kB
SwapFree:        3349564 kB
Zswap:                 0 kB
Zswapped:              0 kB
Dirty:               168 kB
Writeback:           680 kB
AnonPages:       5605628 kB
Mapped:           253152 kB
Shmem:             55960 kB
KReclaimable:      56768 kB
Slab:             284928 kB
SReclaimable:      56768 kB
SUnreclaim:       228160 kB
KernelStack:       18928 kB
PageTables:        66324 kB
SecPageTables:         0 kB
NFS_Unstable:          0 kB
Bounce:                0 kB
WritebackTmp:          0 kB
CommitLimit:     8258920 kB
Committed_AS:   13485608 kB
VmallocTotal:   34359738367 kB
VmallocUsed:       47208 kB
VmallocChunk:          0 kB
Percpu:            13280 kB
HardwareCorrupted:     0 kB
AnonHugePages:         0 kB
ShmemHugePages:        0 kB
ShmemPmdMapped:        0 kB
FileHugePages:         0 kB
FilePmdMapped:         0 kB
CmaTotal:              0 kB
CmaFree:               0 kB
Unaccepted:            0 kB
Balloon:               0 kB
HugePages_Total:       0
HugePages_Free:        0
HugePages_Rsvd:        0
HugePages_Surp:        0
Hugepagesize:       2048 kB
Hugetlb:               0 kB
DirectMap4k:      194432 kB
DirectMap2M:     6096896 kB
DirectMap1G:     4194304 kB
---SNAPSHOT---
2026-04-27 00:56:29
MemTotal:        8129240 kB
MemFree:          887800 kB
MemAvailable:    1103592 kB
Buffers:            7084 kB
Cached:           309752 kB
SwapCached:       857772 kB
Active:          5179064 kB
Inactive:        1458540 kB
Active(anon):    5042772 kB
Inactive(anon):  1333892 kB
Active(file):     136292 kB
Inactive(file):   124648 kB
Unevictable:          16 kB
Mlocked:              16 kB
SwapTotal:       4194300 kB
SwapFree:        3215000 kB
Zswap:                 0 kB
Zswapped:              0 kB
Dirty:               172 kB
Writeback:           264 kB
AnonPages:       5471596 kB
Mapped:           253152 kB
Shmem:             55960 kB
KReclaimable:      56768 kB
Slab:             284960 kB
SReclaimable:      56768 kB
SUnreclaim:       228192 kB
KernelStack:       18928 kB
PageTables:        66540 kB
SecPageTables:         0 kB
NFS_Unstable:          0 kB
Bounce:                0 kB
WritebackTmp:          0 kB
CommitLimit:     8258920 kB
Committed_AS:   13485704 kB
VmallocTotal:   34359738367 kB
VmallocUsed:       47240 kB
VmallocChunk:          0 kB
Percpu:            13280 kB
HardwareCorrupted:     0 kB
AnonHugePages:         0 kB
ShmemHugePages:        0 kB
ShmemPmdMapped:        0 kB
FileHugePages:         0 kB
FilePmdMapped:         0 kB
CmaTotal:              0 kB
CmaFree:               0 kB
Unaccepted:            0 kB
Balloon:               0 kB
HugePages_Total:       0
HugePages_Free:        0
HugePages_Rsvd:        0
HugePages_Surp:        0
Hugepagesize:       2048 kB
Hugetlb:               0 kB
DirectMap4k:      194432 kB
DirectMap2M:     6096896 kB
DirectMap1G:     4194304 kB
---SNAPSHOT---
2026-04-27 00:56:30
MemTotal:        8129240 kB
MemFree:          891108 kB
MemAvailable:    1106904 kB
Buffers:            7092 kB
Cached:           309756 kB
SwapCached:      1056912 kB
Active:          4980032 kB
Inactive:        1659084 kB
Active(anon):    4843740 kB
Inactive(anon):  1534432 kB
Active(file):     136292 kB
Inactive(file):   124652 kB
Unevictable:          16 kB
Mlocked:              16 kB
SwapTotal:       4194300 kB
SwapFree:        3015864 kB
Zswap:                 0 kB
Zswapped:              0 kB
Dirty:               172 kB
Writeback:           160 kB
AnonPages:       5272532 kB
Mapped:           253380 kB
Shmem:             55960 kB
KReclaimable:      56768 kB
Slab:             284936 kB
SReclaimable:      56768 kB
SUnreclaim:       228168 kB
KernelStack:       18972 kB
PageTables:        66504 kB
SecPageTables:         0 kB
NFS_Unstable:          0 kB
Bounce:                0 kB
WritebackTmp:          0 kB
CommitLimit:     8258920 kB
Committed_AS:   13486056 kB
VmallocTotal:   34359738367 kB
VmallocUsed:       47256 kB
VmallocChunk:          0 kB
Percpu:            13280 kB
HardwareCorrupted:     0 kB
AnonHugePages:         0 kB
ShmemHugePages:        0 kB
ShmemPmdMapped:        0 kB
FileHugePages:         0 kB
FilePmdMapped:         0 kB
CmaTotal:              0 kB
CmaFree:               0 kB
Unaccepted:            0 kB
Balloon:               0 kB
HugePages_Total:       0
HugePages_Free:        0
HugePages_Rsvd:        0
HugePages_Surp:        0
Hugepagesize:       2048 kB
Hugetlb:               0 kB
DirectMap4k:      194432 kB
DirectMap2M:     6096896 kB
DirectMap1G:     4194304 kB
---SNAPSHOT---
2026-04-27 00:56:31
MemTotal:        8129240 kB
MemFree:          891532 kB
MemAvailable:    1107340 kB
Buffers:            7092 kB
Cached:           309764 kB
SwapCached:      1207600 kB
Active:          4829284 kB
Inactive:        1808664 kB
Active(anon):    4692992 kB
Inactive(anon):  1684000 kB
Active(file):     136292 kB
Inactive(file):   124664 kB
Unevictable:          16 kB
Mlocked:              16 kB
SwapTotal:       4194300 kB
SwapFree:        2865160 kB
Zswap:                 0 kB
Zswapped:              0 kB
Dirty:               180 kB
Writeback:           192 kB
AnonPages:       5122088 kB
Mapped:           253152 kB
Shmem:             55960 kB
KReclaimable:      56768 kB
Slab:             284920 kB
SReclaimable:      56768 kB
SUnreclaim:       228152 kB
KernelStack:       18988 kB
PageTables:        66568 kB
SecPageTables:         0 kB
NFS_Unstable:          0 kB
Bounce:                0 kB
WritebackTmp:          0 kB
CommitLimit:     8258920 kB
Committed_AS:   13486056 kB
VmallocTotal:   34359738367 kB
VmallocUsed:       47240 kB
VmallocChunk:          0 kB
Percpu:            13280 kB
HardwareCorrupted:     0 kB
AnonHugePages:         0 kB
ShmemHugePages:        0 kB
ShmemPmdMapped:        0 kB
FileHugePages:         0 kB
FilePmdMapped:         0 kB
CmaTotal:              0 kB
CmaFree:               0 kB
Unaccepted:            0 kB
Balloon:               0 kB
HugePages_Total:       0
HugePages_Free:        0
HugePages_Rsvd:        0
HugePages_Surp:        0
Hugepagesize:       2048 kB
Hugetlb:               0 kB
DirectMap4k:      194432 kB
DirectMap2M:     6096896 kB
DirectMap1G:     4194304 kB
---SNAPSHOT---
2026-04-27 00:56:32
MemTotal:        8129240 kB
MemFree:         1738236 kB
MemAvailable:    1954052 kB
Buffers:            7092 kB
Cached:           309768 kB
SwapCached:       494632 kB
Active:          4718144 kB
Inactive:        1077544 kB
Active(anon):    4581852 kB
Inactive(anon):   952872 kB
Active(file):     136292 kB
Inactive(file):   124672 kB
Unevictable:          16 kB
Mlocked:              16 kB
SwapTotal:       4194300 kB
SwapFree:        3578376 kB
Zswap:                 0 kB
Zswapped:              0 kB
Dirty:               184 kB
Writeback:         21720 kB
AnonPages:       4990660 kB
Mapped:           253152 kB
Shmem:             55960 kB
KReclaimable:      56768 kB
Slab:             286440 kB
SReclaimable:      56768 kB
SUnreclaim:       229672 kB
KernelStack:       18988 kB
PageTables:        64960 kB
SecPageTables:         0 kB
NFS_Unstable:          0 kB
Bounce:                0 kB
WritebackTmp:          0 kB
CommitLimit:     8258920 kB
Committed_AS:   13486056 kB
VmallocTotal:   34359738367 kB
VmallocUsed:       47256 kB
VmallocChunk:          0 kB
Percpu:            13280 kB
HardwareCorrupted:     0 kB
AnonHugePages:         0 kB
ShmemHugePages:        0 kB
ShmemPmdMapped:        0 kB
FileHugePages:         0 kB
FilePmdMapped:         0 kB
CmaTotal:              0 kB
CmaFree:               0 kB
Unaccepted:            0 kB
Balloon:               0 kB
HugePages_Total:       0
HugePages_Free:        0
HugePages_Rsvd:        0
HugePages_Surp:        0
Hugepagesize:       2048 kB
Hugetlb:               0 kB
DirectMap4k:      194432 kB
DirectMap2M:     6096896 kB
DirectMap1G:     4194304 kB
---SNAPSHOT---
2026-04-27 00:56:33
MemTotal:        8129240 kB
MemFree:         1058456 kB
MemAvailable:    1274276 kB
Buffers:            7092 kB
Cached:           309776 kB
SwapCached:       494604 kB
Active:          5383112 kB
Inactive:        1089124 kB
Active(anon):    5246820 kB
Inactive(anon):   964448 kB
Active(file):     136292 kB
Inactive(file):   124676 kB
Unevictable:          16 kB
Mlocked:              16 kB
SwapTotal:       4194300 kB
SwapFree:        3578376 kB
Zswap:                 0 kB
Zswapped:              0 kB
Dirty:               192 kB
Writeback:          9832 kB
AnonPages:       5667384 kB
Mapped:           253152 kB
Shmem:             55960 kB
KReclaimable:      56768 kB
Slab:             285832 kB
SReclaimable:      56768 kB
SUnreclaim:       229064 kB
KernelStack:       19004 kB
PageTables:        66120 kB
SecPageTables:         0 kB
NFS_Unstable:          0 kB
Bounce:                0 kB
WritebackTmp:          0 kB
CommitLimit:     8258920 kB
Committed_AS:   13486056 kB
VmallocTotal:   34359738367 kB
VmallocUsed:       47272 kB
VmallocChunk:          0 kB
Percpu:            13280 kB
HardwareCorrupted:     0 kB
AnonHugePages:         0 kB
ShmemHugePages:        0 kB
ShmemPmdMapped:        0 kB
FileHugePages:         0 kB
FilePmdMapped:         0 kB
CmaTotal:              0 kB
CmaFree:               0 kB
Unaccepted:            0 kB
Balloon:               0 kB
HugePages_Total:       0
HugePages_Free:        0
HugePages_Rsvd:        0
HugePages_Surp:        0
Hugepagesize:       2048 kB
Hugetlb:               0 kB
DirectMap4k:      194432 kB
DirectMap2M:     6096896 kB
DirectMap1G:     4194304 kB
---SNAPSHOT---
2026-04-27 00:56:34
MemTotal:        8129240 kB
MemFree:          896432 kB
MemAvailable:    1112260 kB
Buffers:            7092 kB
Cached:           309780 kB
SwapCached:       509964 kB
Active:          5544548 kB
Inactive:        1095612 kB
Active(anon):    5408256 kB
Inactive(anon):   970928 kB
Active(file):     136292 kB
Inactive(file):   124684 kB
Unevictable:          16 kB
Mlocked:              16 kB
SwapTotal:       4194300 kB
SwapFree:        3563016 kB
Zswap:                 0 kB
Zswapped:              0 kB
Dirty:               196 kB
Writeback:         18656 kB
AnonPages:       5819812 kB
Mapped:           253152 kB
Shmem:             55960 kB
KReclaimable:      56768 kB
Slab:             286224 kB
SReclaimable:      56768 kB
SUnreclaim:       229456 kB
KernelStack:       18972 kB
PageTables:        66504 kB
SecPageTables:         0 kB
NFS_Unstable:          0 kB
Bounce:                0 kB
WritebackTmp:          0 kB
CommitLimit:     8258920 kB
Committed_AS:   13485924 kB
VmallocTotal:   34359738367 kB
VmallocUsed:       47272 kB
VmallocChunk:          0 kB
Percpu:            13280 kB
HardwareCorrupted:     0 kB
AnonHugePages:         0 kB
ShmemHugePages:        0 kB
ShmemPmdMapped:        0 kB
FileHugePages:         0 kB
FilePmdMapped:         0 kB
CmaTotal:              0 kB
CmaFree:               0 kB
Unaccepted:            0 kB
Balloon:               0 kB
HugePages_Total:       0
HugePages_Free:        0
HugePages_Rsvd:        0
HugePages_Surp:        0
Hugepagesize:       2048 kB
Hugetlb:               0 kB
DirectMap4k:      194432 kB
DirectMap2M:     6096896 kB
DirectMap1G:     4194304 kB
---SNAPSHOT---
2026-04-27 00:56:35
MemTotal:        8129240 kB
MemFree:         1809456 kB
MemAvailable:    2025288 kB
Buffers:            7100 kB
Cached:           309780 kB
SwapCached:       510424 kB
Active:          4608352 kB
Inactive:        1112656 kB
Active(anon):    4472060 kB
Inactive(anon):   987968 kB
Active(file):     136292 kB
Inactive(file):   124688 kB
Unevictable:          16 kB
Mlocked:              16 kB
SwapTotal:       4194300 kB
SwapFree:        3562520 kB
Zswap:                 0 kB
Zswapped:              0 kB
Dirty:               200 kB
Writeback:           300 kB
AnonPages:       4902104 kB
Mapped:           253252 kB
Shmem:             55960 kB
KReclaimable:      56768 kB
Slab:             285396 kB
SReclaimable:      56768 kB
SUnreclaim:       228628 kB
KernelStack:       18956 kB
PageTables:        64612 kB
SecPageTables:         0 kB
NFS_Unstable:          0 kB
Bounce:                0 kB
WritebackTmp:          0 kB
CommitLimit:     8258920 kB
Committed_AS:   13368248 kB
VmallocTotal:   34359738367 kB
VmallocUsed:       47272 kB
VmallocChunk:          0 kB
Percpu:            13280 kB
HardwareCorrupted:     0 kB
AnonHugePages:         0 kB
ShmemHugePages:        0 kB
ShmemPmdMapped:        0 kB
FileHugePages:         0 kB
FilePmdMapped:         0 kB
CmaTotal:              0 kB
CmaFree:               0 kB
Unaccepted:            0 kB
Balloon:               0 kB
HugePages_Total:       0
HugePages_Free:        0
HugePages_Rsvd:        0
HugePages_Surp:        0
Hugepagesize:       2048 kB
Hugetlb:               0 kB
DirectMap4k:      194432 kB
DirectMap2M:     6096896 kB
DirectMap1G:     4194304 kB
---SNAPSHOT---
2026-04-27 00:56:36
MemTotal:        8129240 kB
MemFree:         1230172 kB
MemAvailable:    1446020 kB
Buffers:            7100 kB
Cached:           309792 kB
SwapCached:       669644 kB
Active:          5032388 kB
Inactive:        1272124 kB
Active(anon):    4896096 kB
Inactive(anon):  1147420 kB
Active(file):     136292 kB
Inactive(file):   124704 kB
Unevictable:          16 kB
Mlocked:              16 kB
SwapTotal:       4194300 kB
SwapFree:        3403308 kB
Zswap:                 0 kB
Zswapped:              0 kB
Dirty:               208 kB
Writeback:           288 kB
AnonPages:       5326568 kB
Mapped:           253152 kB
Shmem:             55960 kB
KReclaimable:      56768 kB
Slab:             285048 kB
SReclaimable:      56768 kB
SUnreclaim:       228280 kB
KernelStack:       18944 kB
PageTables:        65612 kB
SecPageTables:         0 kB
NFS_Unstable:          0 kB
Bounce:                0 kB
WritebackTmp:          0 kB
CommitLimit:     8258920 kB
Committed_AS:   13367848 kB
VmallocTotal:   34359738367 kB
VmallocUsed:       47272 kB
VmallocChunk:          0 kB
Percpu:            13280 kB
HardwareCorrupted:     0 kB
AnonHugePages:         0 kB
ShmemHugePages:        0 kB
ShmemPmdMapped:        0 kB
FileHugePages:         0 kB
FilePmdMapped:         0 kB
CmaTotal:              0 kB
CmaFree:               0 kB
Unaccepted:            0 kB
Balloon:               0 kB
HugePages_Total:       0
HugePages_Free:        0
HugePages_Rsvd:        0
HugePages_Surp:        0
Hugepagesize:       2048 kB
Hugetlb:               0 kB
DirectMap4k:      194432 kB
DirectMap2M:     6096896 kB
DirectMap1G:     4194304 kB
---SNAPSHOT---
2026-04-27 00:56:37
MemTotal:        8129240 kB
MemFree:         1013416 kB
MemAvailable:    1229268 kB
Buffers:            7100 kB
Cached:           309796 kB
SwapCached:       811056 kB
Active:          5107628 kB
Inactive:        1413396 kB
Active(anon):    4971336 kB
Inactive(anon):  1288688 kB
Active(file):     136292 kB
Inactive(file):   124708 kB
Unevictable:          16 kB
Mlocked:              16 kB
SwapTotal:       4194300 kB
SwapFree:        3261620 kB
Zswap:                 0 kB
Zswapped:              0 kB
Dirty:               212 kB
Writeback:           244 kB
AnonPages:       5401748 kB
Mapped:           253380 kB
Shmem:             55960 kB
KReclaimable:      56768 kB
Slab:             285040 kB
SReclaimable:      56768 kB
SUnreclaim:       228272 kB
KernelStack:       18988 kB
PageTables:        66320 kB
SecPageTables:         0 kB
NFS_Unstable:          0 kB
Bounce:                0 kB
WritebackTmp:          0 kB
CommitLimit:     8258920 kB
Committed_AS:   13367848 kB
VmallocTotal:   34359738367 kB
VmallocUsed:       47240 kB
VmallocChunk:          0 kB
Percpu:            13280 kB
HardwareCorrupted:     0 kB
AnonHugePages:         0 kB
ShmemHugePages:        0 kB
ShmemPmdMapped:        0 kB
FileHugePages:         0 kB
FilePmdMapped:         0 kB
CmaTotal:              0 kB
CmaFree:               0 kB
Unaccepted:            0 kB
Balloon:               0 kB
HugePages_Total:       0
HugePages_Free:        0
HugePages_Rsvd:        0
HugePages_Surp:        0
Hugepagesize:       2048 kB
Hugetlb:               0 kB
DirectMap4k:      194432 kB
DirectMap2M:     6096896 kB
DirectMap1G:     4194304 kB
---SNAPSHOT---
2026-04-27 00:56:38
MemTotal:        8129240 kB
MemFree:         1013372 kB
MemAvailable:    1229228 kB
Buffers:            7100 kB
Cached:           309804 kB
SwapCached:      1011396 kB
Active:          4906508 kB
Inactive:        1614136 kB
Active(anon):    4770216 kB
Inactive(anon):  1489424 kB
Active(file):     136292 kB
Inactive(file):   124712 kB
Unevictable:          16 kB
Mlocked:              16 kB
SwapTotal:       4194300 kB
SwapFree:        3061532 kB
Zswap:                 0 kB
Zswapped:              0 kB
Dirty:               220 kB
Writeback:           336 kB
AnonPages:       5201300 kB
Mapped:           253152 kB
Shmem:             55960 kB
KReclaimable:      56768 kB
Slab:             285048 kB
SReclaimable:      56768 kB
SUnreclaim:       228280 kB
KernelStack:       18972 kB
PageTables:        66244 kB
SecPageTables:         0 kB
NFS_Unstable:          0 kB
Bounce:                0 kB
WritebackTmp:          0 kB
CommitLimit:     8258920 kB
Committed_AS:   13367980 kB
VmallocTotal:   34359738367 kB
VmallocUsed:       47240 kB
VmallocChunk:          0 kB
Percpu:            13280 kB
HardwareCorrupted:     0 kB
AnonHugePages:         0 kB
ShmemHugePages:        0 kB
ShmemPmdMapped:        0 kB
FileHugePages:         0 kB
FilePmdMapped:         0 kB
CmaTotal:              0 kB
CmaFree:               0 kB
Unaccepted:            0 kB
Balloon:               0 kB
HugePages_Total:       0
HugePages_Free:        0
HugePages_Rsvd:        0
HugePages_Surp:        0
Hugepagesize:       2048 kB
Hugetlb:               0 kB
DirectMap4k:      194432 kB
DirectMap2M:     6096896 kB
DirectMap1G:     4194304 kB
---SNAPSHOT---
2026-04-27 00:56:39
MemTotal:        8129240 kB
MemFree:         1853132 kB
MemAvailable:    2069128 kB
Buffers:            7240 kB
Cached:           309808 kB
SwapCached:      1193260 kB
Active:          3883140 kB
Inactive:        1796568 kB
Active(anon):    3746848 kB
Inactive(anon):  1671716 kB
Active(file):     136292 kB
Inactive(file):   124852 kB
Unevictable:          16 kB
Mlocked:              16 kB
SwapTotal:       4194300 kB
SwapFree:        2879720 kB
Zswap:                 0 kB
Zswapped:              0 kB
Dirty:               228 kB
Writeback:           404 kB
AnonPages:       4178232 kB
Mapped:           253152 kB
Shmem:             55960 kB
KReclaimable:      56768 kB
Slab:             285060 kB
SReclaimable:      56768 kB
SUnreclaim:       228292 kB
KernelStack:       18988 kB
PageTables:        64320 kB
SecPageTables:         0 kB
NFS_Unstable:          0 kB
Bounce:                0 kB
WritebackTmp:          0 kB
CommitLimit:     8258920 kB
Committed_AS:   13250556 kB
VmallocTotal:   34359738367 kB
VmallocUsed:       47240 kB
VmallocChunk:          0 kB
Percpu:            13280 kB
HardwareCorrupted:     0 kB
AnonHugePages:         0 kB
ShmemHugePages:        0 kB
ShmemPmdMapped:        0 kB
FileHugePages:         0 kB
FilePmdMapped:         0 kB
CmaTotal:              0 kB
CmaFree:               0 kB
Unaccepted:            0 kB
Balloon:               0 kB
HugePages_Total:       0
HugePages_Free:        0
HugePages_Rsvd:        0
HugePages_Surp:        0
Hugepagesize:       2048 kB
Hugetlb:               0 kB
DirectMap4k:      194432 kB
DirectMap2M:     6096896 kB
DirectMap1G:     4194304 kB
---SNAPSHOT---
2026-04-27 00:56:40
MemTotal:        8129240 kB
MemFree:         1512964 kB
MemAvailable:    1728972 kB
Buffers:            7240 kB
Cached:           309812 kB
SwapCached:      1147132 kB
Active:          4293592 kB
Inactive:        1728556 kB
Active(anon):    4157300 kB
Inactive(anon):  1603692 kB
Active(file):     136292 kB
Inactive(file):   124864 kB
Unevictable:          16 kB
Mlocked:              16 kB
SwapTotal:       4194300 kB
SwapFree:        2925632 kB
Zswap:                 0 kB
Zswapped:              0 kB
Dirty:               152 kB
Writeback:         23268 kB
AnonPages:       4564656 kB
Mapped:           252924 kB
Shmem:             55960 kB
KReclaimable:      56768 kB
Slab:             286712 kB
SReclaimable:      56768 kB
SUnreclaim:       229944 kB
KernelStack:       18928 kB
PageTables:        65852 kB
SecPageTables:         0 kB
NFS_Unstable:          0 kB
Bounce:                0 kB
WritebackTmp:          0 kB
CommitLimit:     8258920 kB
Committed_AS:   13251052 kB
VmallocTotal:   34359738367 kB
VmallocUsed:       47256 kB
VmallocChunk:          0 kB
Percpu:            13280 kB
HardwareCorrupted:     0 kB
AnonHugePages:         0 kB
ShmemHugePages:        0 kB
ShmemPmdMapped:        0 kB
FileHugePages:         0 kB
FilePmdMapped:         0 kB
CmaTotal:              0 kB
CmaFree:               0 kB
Unaccepted:            0 kB
Balloon:               0 kB
HugePages_Total:       0
HugePages_Free:        0
HugePages_Rsvd:        0
HugePages_Surp:        0
Hugepagesize:       2048 kB
Hugetlb:               0 kB
DirectMap4k:      194432 kB
DirectMap2M:     6096896 kB
DirectMap1G:     4194304 kB
---SNAPSHOT---
2026-04-27 00:56:41
MemTotal:        8129240 kB
MemFree:         1784092 kB
MemAvailable:    2000112 kB
Buffers:            7240 kB
Cached:           309824 kB
SwapCached:       608672 kB
Active:          4576488 kB
Inactive:        1197288 kB
Active(anon):    4440196 kB
Inactive(anon):  1072412 kB
Active(file):     136292 kB
Inactive(file):   124876 kB
Unevictable:          16 kB
Mlocked:              16 kB
SwapTotal:       4194300 kB
SwapFree:        3464308 kB
Zswap:                 0 kB
Zswapped:              0 kB
Dirty:               164 kB
Writeback:         15688 kB
AnonPages:       4854480 kB
Mapped:           253152 kB
Shmem:             55960 kB
KReclaimable:      56768 kB
Slab:             285844 kB
SReclaimable:      56768 kB
SUnreclaim:       229076 kB
KernelStack:       18928 kB
PageTables:        65220 kB
SecPageTables:         0 kB
NFS_Unstable:          0 kB
Bounce:                0 kB
WritebackTmp:          0 kB
CommitLimit:     8258920 kB
Committed_AS:   13251104 kB
VmallocTotal:   34359738367 kB
VmallocUsed:       47240 kB
VmallocChunk:          0 kB
Percpu:            13280 kB
HardwareCorrupted:     0 kB
AnonHugePages:         0 kB
ShmemHugePages:        0 kB
ShmemPmdMapped:        0 kB
FileHugePages:         0 kB
FilePmdMapped:         0 kB
CmaTotal:              0 kB
CmaFree:               0 kB
Unaccepted:            0 kB
Balloon:               0 kB
HugePages_Total:       0
HugePages_Free:        0
HugePages_Rsvd:        0
HugePages_Surp:        0
Hugepagesize:       2048 kB
Hugetlb:               0 kB
DirectMap4k:      194432 kB
DirectMap2M:     6096896 kB
DirectMap1G:     4194304 kB
---SNAPSHOT---
2026-04-27 00:56:42
MemTotal:        8129240 kB
MemFree:         1824520 kB
MemAvailable:    2040544 kB
Buffers:            7240 kB
Cached:           309828 kB
SwapCached:       900256 kB
Active:          4211616 kB
Inactive:        1501916 kB
Active(anon):    4075324 kB
Inactive(anon):  1377036 kB
Active(file):     136292 kB
Inactive(file):   124880 kB
Unevictable:          16 kB
Mlocked:              16 kB
SwapTotal:       4194300 kB
SwapFree:        3172784 kB
Zswap:                 0 kB
Zswapped:              0 kB
Dirty:               168 kB
Writeback:          2920 kB
AnonPages:       4501124 kB
Mapped:           253152 kB
Shmem:             55960 kB
KReclaimable:      56768 kB
Slab:             285580 kB
SReclaimable:      56768 kB
SUnreclaim:       228812 kB
KernelStack:       18928 kB
PageTables:        64868 kB
SecPageTables:         0 kB
NFS_Unstable:          0 kB
Bounce:                0 kB
WritebackTmp:          0 kB
CommitLimit:     8258920 kB
Committed_AS:   13251300 kB
VmallocTotal:   34359738367 kB
VmallocUsed:       47224 kB
VmallocChunk:          0 kB
Percpu:            13280 kB
HardwareCorrupted:     0 kB
AnonHugePages:         0 kB
ShmemHugePages:        0 kB
ShmemPmdMapped:        0 kB
FileHugePages:         0 kB
FilePmdMapped:         0 kB
CmaTotal:              0 kB
CmaFree:               0 kB
Unaccepted:            0 kB
Balloon:               0 kB
HugePages_Total:       0
HugePages_Free:        0
HugePages_Rsvd:        0
HugePages_Surp:        0
Hugepagesize:       2048 kB
Hugetlb:               0 kB
DirectMap4k:      194432 kB
DirectMap2M:     6096896 kB
DirectMap1G:     4194304 kB
---SNAPSHOT---
2026-04-27 00:56:43
MemTotal:        8129240 kB
MemFree:         1911580 kB
MemAvailable:    2127152 kB
Buffers:            7240 kB
Cached:           309836 kB
SwapCached:        22996 kB
Active:          4996280 kB
Inactive:         627580 kB
Active(anon):    4859988 kB
Inactive(anon):   502696 kB
Active(file):     136292 kB
Inactive(file):   124884 kB
Unevictable:          16 kB
Mlocked:              16 kB
SwapTotal:       4194300 kB
SwapFree:        4049984 kB
Zswap:                 0 kB
Zswapped:              0 kB
Dirty:               176 kB
Writeback:             0 kB
AnonPages:       5288500 kB
Mapped:           253152 kB
Shmem:             55960 kB
KReclaimable:      56768 kB
Slab:             285004 kB
SReclaimable:      56768 kB
SUnreclaim:       228236 kB
KernelStack:       18928 kB
PageTables:        64532 kB
SecPageTables:         0 kB
NFS_Unstable:          0 kB
Bounce:                0 kB
WritebackTmp:          0 kB
CommitLimit:     8258920 kB
Committed_AS:   13250940 kB
VmallocTotal:   34359738367 kB
VmallocUsed:       47208 kB
VmallocChunk:          0 kB
Percpu:            13280 kB
HardwareCorrupted:     0 kB
AnonHugePages:         0 kB
ShmemHugePages:        0 kB
ShmemPmdMapped:        0 kB
FileHugePages:         0 kB
FilePmdMapped:         0 kB
CmaTotal:              0 kB
CmaFree:               0 kB
Unaccepted:            0 kB
Balloon:               0 kB
HugePages_Total:       0
HugePages_Free:        0
HugePages_Rsvd:        0
HugePages_Surp:        0
Hugepagesize:       2048 kB
Hugetlb:               0 kB
DirectMap4k:      194432 kB
DirectMap2M:     6096896 kB
DirectMap1G:     4194304 kB
---SNAPSHOT---
2026-04-27 00:56:44
MemTotal:        8129240 kB
MemFree:         1826856 kB
MemAvailable:    2042892 kB
Buffers:            7248 kB
Cached:           309840 kB
SwapCached:        22996 kB
Active:          5062684 kB
Inactive:         627588 kB
Active(anon):    4926392 kB
Inactive(anon):   502696 kB
Active(file):     136292 kB
Inactive(file):   124892 kB
Unevictable:          16 kB
Mlocked:              16 kB
SwapTotal:       4194300 kB
SwapFree:        4049984 kB
Zswap:                 0 kB
Zswapped:              0 kB
Dirty:               188 kB
Writeback:             0 kB
AnonPages:       5354532 kB
Mapped:           253152 kB
Shmem:             55960 kB
KReclaimable:      56768 kB
Slab:             285012 kB
SReclaimable:      56768 kB
SUnreclaim:       228244 kB
KernelStack:       18944 kB
PageTables:        64508 kB
SecPageTables:         0 kB
NFS_Unstable:          0 kB
Bounce:                0 kB
WritebackTmp:          0 kB
CommitLimit:     8258920 kB
Committed_AS:   13250944 kB
VmallocTotal:   34359738367 kB
VmallocUsed:       47240 kB
VmallocChunk:          0 kB
Percpu:            13280 kB
HardwareCorrupted:     0 kB
AnonHugePages:         0 kB
ShmemHugePages:        0 kB
ShmemPmdMapped:        0 kB
FileHugePages:         0 kB
FilePmdMapped:         0 kB
CmaTotal:              0 kB
CmaFree:               0 kB
Unaccepted:            0 kB
Balloon:               0 kB
HugePages_Total:       0
HugePages_Free:        0
HugePages_Rsvd:        0
HugePages_Surp:        0
Hugepagesize:       2048 kB
Hugetlb:               0 kB
DirectMap4k:      194432 kB
DirectMap2M:     6096896 kB
DirectMap1G:     4194304 kB
---SNAPSHOT---
2026-04-27 00:56:45
MemTotal:        8129240 kB
MemFree:         1136652 kB
MemAvailable:    1352712 kB
Buffers:            7252 kB
Cached:           309852 kB
SwapCached:       262440 kB
Active:          5538604 kB
Inactive:         864892 kB
Active(anon):    5402312 kB
Inactive(anon):   739976 kB
Active(file):     136292 kB
Inactive(file):   124916 kB
Unevictable:          16 kB
Mlocked:              16 kB
SwapTotal:       4194300 kB
SwapFree:        3810416 kB
Zswap:                 0 kB
Zswapped:              0 kB
Dirty:                12 kB
Writeback:           252 kB
AnonPages:       5832864 kB
Mapped:           253152 kB
Shmem:             55960 kB
KReclaimable:      56768 kB
Slab:             285016 kB
SReclaimable:      56768 kB
SUnreclaim:       228248 kB
KernelStack:       18972 kB
PageTables:        66312 kB
SecPageTables:         0 kB
NFS_Unstable:          0 kB
Bounce:                0 kB
WritebackTmp:          0 kB
CommitLimit:     8258920 kB
Committed_AS:   13251436 kB
VmallocTotal:   34359738367 kB
VmallocUsed:       47272 kB
VmallocChunk:          0 kB
Percpu:            13280 kB
HardwareCorrupted:     0 kB
AnonHugePages:         0 kB
ShmemHugePages:        0 kB
ShmemPmdMapped:        0 kB
FileHugePages:         0 kB
FilePmdMapped:         0 kB
CmaTotal:              0 kB
CmaFree:               0 kB
Unaccepted:            0 kB
Balloon:               0 kB
HugePages_Total:       0
HugePages_Free:        0
HugePages_Rsvd:        0
HugePages_Surp:        0
Hugepagesize:       2048 kB
Hugetlb:               0 kB
DirectMap4k:      194432 kB
DirectMap2M:     6096896 kB
DirectMap1G:     4194304 kB
---SNAPSHOT---
2026-04-27 00:56:46
MemTotal:        8129240 kB
MemFree:         1984584 kB
MemAvailable:    2200648 kB
Buffers:            7252 kB
Cached:           309860 kB
SwapCached:       437556 kB
Active:          4490432 kB
Inactive:        1040904 kB
Active(anon):    4354140 kB
Inactive(anon):   915984 kB
Active(file):     136292 kB
Inactive(file):   124920 kB
Unevictable:          16 kB
Mlocked:              16 kB
SwapTotal:       4194300 kB
SwapFree:        3635424 kB
Zswap:                 0 kB
Zswapped:              0 kB
Dirty:                32 kB
Writeback:           432 kB
AnonPages:       4785672 kB
Mapped:           253152 kB
Shmem:             55960 kB
KReclaimable:      56768 kB
Slab:             285024 kB
SReclaimable:      56768 kB
SUnreclaim:       228256 kB
KernelStack:       18928 kB
PageTables:        64256 kB
SecPageTables:         0 kB
NFS_Unstable:          0 kB
Bounce:                0 kB
WritebackTmp:          0 kB
CommitLimit:     8258920 kB
Committed_AS:   13369016 kB
VmallocTotal:   34359738367 kB
VmallocUsed:       47256 kB
VmallocChunk:          0 kB
Percpu:            13280 kB
HardwareCorrupted:     0 kB
AnonHugePages:         0 kB
ShmemHugePages:        0 kB
ShmemPmdMapped:        0 kB
FileHugePages:         0 kB
FilePmdMapped:         0 kB
CmaTotal:              0 kB
CmaFree:               0 kB
Unaccepted:            0 kB
Balloon:               0 kB
HugePages_Total:       0
HugePages_Free:        0
HugePages_Rsvd:        0
HugePages_Surp:        0
Hugepagesize:       2048 kB
Hugetlb:               0 kB
DirectMap4k:      194432 kB
DirectMap2M:     6096896 kB
DirectMap1G:     4194304 kB
---SNAPSHOT---
2026-04-27 00:56:47
MemTotal:        8129240 kB
MemFree:         1162808 kB
MemAvailable:    1378880 kB
Buffers:            7252 kB
Cached:           309864 kB
SwapCached:       616732 kB
Active:          5166104 kB
Inactive:        1219180 kB
Active(anon):    5029812 kB
Inactive(anon):  1094252 kB
Active(file):     136292 kB
Inactive(file):   124928 kB
Unevictable:          16 kB
Mlocked:              16 kB
SwapTotal:       4194300 kB
SwapFree:        3456248 kB
Zswap:                 0 kB
Zswapped:              0 kB
Dirty:                36 kB
Writeback:           576 kB
AnonPages:       5460192 kB
Mapped:           253152 kB
Shmem:             55960 kB
KReclaimable:      56768 kB
Slab:             284944 kB
SReclaimable:      56768 kB
SUnreclaim:       228176 kB
KernelStack:       18896 kB
PageTables:        66116 kB
SecPageTables:         0 kB
NFS_Unstable:          0 kB
Bounce:                0 kB
WritebackTmp:          0 kB
CommitLimit:     8258920 kB
Committed_AS:   13369016 kB
VmallocTotal:   34359738367 kB
VmallocUsed:       47208 kB
VmallocChunk:          0 kB
Percpu:            13280 kB
HardwareCorrupted:     0 kB
AnonHugePages:         0 kB
ShmemHugePages:        0 kB
ShmemPmdMapped:        0 kB
FileHugePages:         0 kB
FilePmdMapped:         0 kB
CmaTotal:              0 kB
CmaFree:               0 kB
Unaccepted:            0 kB
Balloon:               0 kB
HugePages_Total:       0
HugePages_Free:        0
HugePages_Rsvd:        0
HugePages_Surp:        0
Hugepagesize:       2048 kB
Hugetlb:               0 kB
DirectMap4k:      194432 kB
DirectMap2M:     6096896 kB
DirectMap1G:     4194304 kB
---SNAPSHOT---
2026-04-27 00:56:49
MemTotal:        8129240 kB
MemFree:         1025960 kB
MemAvailable:    1242036 kB
Buffers:            7252 kB
Cached:           309872 kB
SwapCached:       827520 kB
Active:          5090816 kB
Inactive:        1430064 kB
Active(anon):    4954524 kB
Inactive(anon):  1305132 kB
Active(file):     136292 kB
Inactive(file):   124932 kB
Unevictable:          16 kB
Mlocked:              16 kB
SwapTotal:       4194300 kB
SwapFree:        3245256 kB
Zswap:                 0 kB
Zswapped:              0 kB
Dirty:                44 kB
Writeback:           544 kB
AnonPages:       5384920 kB
Mapped:           253152 kB
Shmem:             55960 kB
KReclaimable:      56768 kB
Slab:             284932 kB
SReclaimable:      56768 kB
SUnreclaim:       228164 kB
KernelStack:       18928 kB
PageTables:        66312 kB
SecPageTables:         0 kB
NFS_Unstable:          0 kB
Bounce:                0 kB
WritebackTmp:          0 kB
CommitLimit:     8258920 kB
