---SNAPSHOT---
2026-04-27 01:48:06
MemTotal:        8129240 kB
MemFree:         4709060 kB
MemAvailable:    4888632 kB
Buffers:            5504 kB
Cached:           273080 kB
SwapCached:        66688 kB
Active:          2033216 kB
Inactive:         627268 kB
Active(anon):    1910820 kB
Inactive(anon):   509864 kB
Active(file):     122396 kB
Inactive(file):   117404 kB
Unevictable:           0 kB
Mlocked:               0 kB
SwapTotal:       4194300 kB
SwapFree:        4006292 kB
Zswap:                 0 kB
Zswapped:              0 kB
Dirty:               424 kB
Writeback:             0 kB
AnonPages:       2319872 kB
Mapped:           232604 kB
Shmem:             38812 kB
KReclaimable:      56668 kB
Slab:             284692 kB
SReclaimable:      56668 kB
SUnreclaim:       228024 kB
KernelStack:       18716 kB
PageTables:        58012 kB
SecPageTables:         0 kB
NFS_Unstable:          0 kB
Bounce:                0 kB
WritebackTmp:          0 kB
CommitLimit:     8258920 kB
Committed_AS:    9390680 kB
VmallocTotal:   34359738367 kB
VmallocUsed:       47016 kB
VmallocChunk:          0 kB
Percpu:            13280 kB
HardwareCorrupted:     0 kB
AnonHugePages:      8192 kB
ShmemHugePages:        0 kB
ShmemPmdMapped:        0 kB
FileHugePages:         0 kB
FilePmdMapped:         0 kB
CmaTotal:              0 kB
CmaFree:               0 kB
Unaccepted:            0 kB
Balloon:               0 kB
HugePages_Total:       0
HugePages_Free:        0
HugePages_Rsvd:        0
HugePages_Surp:        0
Hugepagesize:       2048 kB
Hugetlb:               0 kB
DirectMap4k:      194432 kB
DirectMap2M:     6096896 kB
DirectMap1G:     4194304 kB
---SNAPSHOT---
2026-04-27 01:48:07
MemTotal:        8129240 kB
MemFree:         4718764 kB
MemAvailable:    4898652 kB
Buffers:            5508 kB
Cached:           273356 kB
SwapCached:        66688 kB
Active:          2033928 kB
Inactive:         627456 kB
Active(anon):    1911404 kB
Inactive(anon):   509864 kB
Active(file):     122524 kB
Inactive(file):   117592 kB
Unevictable:           0 kB
Mlocked:               0 kB
SwapTotal:       4194300 kB
SwapFree:        4006292 kB
Zswap:                 0 kB
Zswapped:              0 kB
Dirty:               444 kB
Writeback:             0 kB
AnonPages:       2320216 kB
Mapped:           232632 kB
Shmem:             38812 kB
KReclaimable:      56668 kB
Slab:             284692 kB
SReclaimable:      56668 kB
SUnreclaim:       228024 kB
KernelStack:       18768 kB
PageTables:        57912 kB
SecPageTables:         0 kB
NFS_Unstable:          0 kB
Bounce:                0 kB
WritebackTmp:          0 kB
CommitLimit:     8258920 kB
Committed_AS:    9391184 kB
VmallocTotal:   34359738367 kB
VmallocUsed:       47064 kB
VmallocChunk:          0 kB
Percpu:            13280 kB
HardwareCorrupted:     0 kB
AnonHugePages:      8192 kB
ShmemHugePages:        0 kB
ShmemPmdMapped:        0 kB
FileHugePages:         0 kB
FilePmdMapped:         0 kB
CmaTotal:              0 kB
CmaFree:               0 kB
Unaccepted:            0 kB
Balloon:               0 kB
HugePages_Total:       0
HugePages_Free:        0
HugePages_Rsvd:        0
HugePages_Surp:        0
Hugepagesize:       2048 kB
Hugetlb:               0 kB
DirectMap4k:      194432 kB
DirectMap2M:     6096896 kB
DirectMap1G:     4194304 kB
---SNAPSHOT---
2026-04-27 01:48:08
MemTotal:        8129240 kB
MemFree:         4739268 kB
MemAvailable:    4919172 kB
Buffers:            5516 kB
Cached:           273360 kB
SwapCached:        66688 kB
Active:          2034044 kB
Inactive:         627472 kB
Active(anon):    1911520 kB
Inactive(anon):   509864 kB
Active(file):     122524 kB
Inactive(file):   117608 kB
Unevictable:           0 kB
Mlocked:               0 kB
SwapTotal:       4194300 kB
SwapFree:        4006292 kB
Zswap:                 0 kB
Zswapped:              0 kB
Dirty:               500 kB
Writeback:             0 kB
AnonPages:       2320544 kB
Mapped:           232632 kB
Shmem:             38812 kB
KReclaimable:      56668 kB
Slab:             284692 kB
SReclaimable:      56668 kB
SUnreclaim:       228024 kB
KernelStack:       18828 kB
PageTables:        58652 kB
SecPageTables:         0 kB
NFS_Unstable:          0 kB
Bounce:                0 kB
WritebackTmp:          0 kB
CommitLimit:     8258920 kB
Committed_AS:    9392232 kB
VmallocTotal:   34359738367 kB
VmallocUsed:       47112 kB
VmallocChunk:          0 kB
Percpu:            13280 kB
HardwareCorrupted:     0 kB
AnonHugePages:      8192 kB
ShmemHugePages:        0 kB
ShmemPmdMapped:        0 kB
FileHugePages:         0 kB
FilePmdMapped:         0 kB
CmaTotal:              0 kB
CmaFree:               0 kB
Unaccepted:            0 kB
Balloon:               0 kB
HugePages_Total:       0
HugePages_Free:        0
HugePages_Rsvd:        0
HugePages_Surp:        0
Hugepagesize:       2048 kB
Hugetlb:               0 kB
DirectMap4k:      194432 kB
DirectMap2M:     6096896 kB
DirectMap1G:     4194304 kB
---SNAPSHOT---
2026-04-27 01:48:09
MemTotal:        8129240 kB
MemFree:         4745844 kB
MemAvailable:    4930504 kB
Buffers:            6276 kB
Cached:           277432 kB
SwapCached:        66688 kB
Active:          2038464 kB
Inactive:         628252 kB
Active(anon):    1911964 kB
Inactive(anon):   509864 kB
Active(file):     126500 kB
Inactive(file):   118388 kB
Unevictable:           0 kB
Mlocked:               0 kB
SwapTotal:       4194300 kB
SwapFree:        4006292 kB
Zswap:                 0 kB
Zswapped:              0 kB
Dirty:               512 kB
Writeback:             0 kB
AnonPages:       2320940 kB
Mapped:           232676 kB
Shmem:             38812 kB
KReclaimable:      56668 kB
Slab:             284692 kB
SReclaimable:      56668 kB
SUnreclaim:       228024 kB
KernelStack:       18784 kB
PageTables:        58260 kB
SecPageTables:         0 kB
NFS_Unstable:          0 kB
Bounce:                0 kB
WritebackTmp:          0 kB
CommitLimit:     8258920 kB
Committed_AS:    9393444 kB
VmallocTotal:   34359738367 kB
VmallocUsed:       47112 kB
VmallocChunk:          0 kB
Percpu:            13280 kB
HardwareCorrupted:     0 kB
AnonHugePages:      8192 kB
ShmemHugePages:        0 kB
ShmemPmdMapped:        0 kB
FileHugePages:         0 kB
FilePmdMapped:         0 kB
CmaTotal:              0 kB
CmaFree:               0 kB
Unaccepted:            0 kB
Balloon:               0 kB
HugePages_Total:       0
HugePages_Free:        0
HugePages_Rsvd:        0
HugePages_Surp:        0
Hugepagesize:       2048 kB
Hugetlb:               0 kB
DirectMap4k:      194432 kB
DirectMap2M:     6096896 kB
DirectMap1G:     4194304 kB
---SNAPSHOT---
2026-04-27 01:48:10
MemTotal:        8129240 kB
MemFree:         4751504 kB
MemAvailable:    4947176 kB
Buffers:            6548 kB
Cached:           303420 kB
SwapCached:        66688 kB
Active:          2065392 kB
Inactive:         628788 kB
Active(anon):    1928416 kB
Inactive(anon):   509864 kB
Active(file):     136976 kB
Inactive(file):   118924 kB
Unevictable:           0 kB
Mlocked:               0 kB
SwapTotal:       4194300 kB
SwapFree:        4006292 kB
Zswap:                 0 kB
Zswapped:              0 kB
Dirty:               584 kB
Writeback:             0 kB
AnonPages:       2321684 kB
Mapped:           251696 kB
Shmem:             54088 kB
KReclaimable:      56668 kB
Slab:             284716 kB
SReclaimable:      56668 kB
SUnreclaim:       228048 kB
KernelStack:       18800 kB
PageTables:        58084 kB
SecPageTables:         0 kB
NFS_Unstable:          0 kB
Bounce:                0 kB
WritebackTmp:          0 kB
CommitLimit:     8258920 kB
Committed_AS:   10448916 kB
VmallocTotal:   34359738367 kB
VmallocUsed:       47096 kB
VmallocChunk:          0 kB
Percpu:            13280 kB
HardwareCorrupted:     0 kB
AnonHugePages:      8192 kB
ShmemHugePages:        0 kB
ShmemPmdMapped:        0 kB
FileHugePages:         0 kB
FilePmdMapped:         0 kB
CmaTotal:              0 kB
CmaFree:               0 kB
Unaccepted:            0 kB
Balloon:               0 kB
HugePages_Total:       0
HugePages_Free:        0
HugePages_Rsvd:        0
HugePages_Surp:        0
Hugepagesize:       2048 kB
Hugetlb:               0 kB
DirectMap4k:      194432 kB
DirectMap2M:     6096896 kB
DirectMap1G:     4194304 kB
---SNAPSHOT---
2026-04-27 01:48:11
MemTotal:        8129240 kB
MemFree:         4186940 kB
MemAvailable:    4382696 kB
Buffers:            6548 kB
Cached:           884464 kB
SwapCached:        66688 kB
Active:          2646132 kB
Inactive:         628800 kB
Active(anon):    2509084 kB
Inactive(anon):   509864 kB
Active(file):     137048 kB
Inactive(file):   118936 kB
Unevictable:          16 kB
Mlocked:              16 kB
SwapTotal:       4194300 kB
SwapFree:        4006292 kB
Zswap:                 0 kB
Zswapped:              0 kB
Dirty:               592 kB
Writeback:             0 kB
AnonPages:       2321716 kB
Mapped:           832584 kB
Shmem:            635088 kB
KReclaimable:      56668 kB
Slab:             284716 kB
SReclaimable:      56668 kB
SUnreclaim:       228048 kB
KernelStack:       18784 kB
PageTables:        59212 kB
SecPageTables:         0 kB
NFS_Unstable:          0 kB
Bounce:                0 kB
WritebackTmp:          0 kB
CommitLimit:     8258920 kB
Committed_AS:   10449108 kB
VmallocTotal:   34359738367 kB
VmallocUsed:       47096 kB
VmallocChunk:          0 kB
Percpu:            13280 kB
HardwareCorrupted:     0 kB
AnonHugePages:      8192 kB
ShmemHugePages:        0 kB
ShmemPmdMapped:        0 kB
FileHugePages:         0 kB
FilePmdMapped:         0 kB
CmaTotal:              0 kB
CmaFree:               0 kB
Unaccepted:            0 kB
Balloon:               0 kB
HugePages_Total:       0
HugePages_Free:        0
HugePages_Rsvd:        0
HugePages_Surp:        0
Hugepagesize:       2048 kB
Hugetlb:               0 kB
DirectMap4k:      194432 kB
DirectMap2M:     6096896 kB
DirectMap1G:     4194304 kB
---SNAPSHOT---
2026-04-27 01:48:12
MemTotal:        8129240 kB
MemFree:         3730908 kB
MemAvailable:    3926668 kB
Buffers:            6548 kB
Cached:          1337016 kB
SwapCached:        66688 kB
Active:          3102220 kB
Inactive:         628804 kB
Active(anon):    2965172 kB
Inactive(anon):   509864 kB
Active(file):     137048 kB
Inactive(file):   118940 kB
Unevictable:          16 kB
Mlocked:              16 kB
SwapTotal:       4194300 kB
SwapFree:        4006292 kB
Zswap:                 0 kB
Zswapped:              0 kB
Dirty:               596 kB
Writeback:             0 kB
AnonPages:       2325408 kB
Mapped:          1285136 kB
Shmem:           1087636 kB
KReclaimable:      56668 kB
Slab:             284716 kB
SReclaimable:      56668 kB
SUnreclaim:       228048 kB
KernelStack:       18896 kB
PageTables:        60680 kB
SecPageTables:         0 kB
NFS_Unstable:          0 kB
Bounce:                0 kB
WritebackTmp:          0 kB
CommitLimit:     8258920 kB
Committed_AS:   12055564 kB
VmallocTotal:   34359738367 kB
VmallocUsed:       47160 kB
VmallocChunk:          0 kB
Percpu:            13280 kB
HardwareCorrupted:     0 kB
AnonHugePages:      8192 kB
ShmemHugePages:        0 kB
ShmemPmdMapped:        0 kB
FileHugePages:         0 kB
FilePmdMapped:         0 kB
CmaTotal:              0 kB
CmaFree:               0 kB
Unaccepted:            0 kB
Balloon:               0 kB
HugePages_Total:       0
HugePages_Free:        0
HugePages_Rsvd:        0
HugePages_Surp:        0
Hugepagesize:       2048 kB
Hugetlb:               0 kB
DirectMap4k:      194432 kB
DirectMap2M:     6096896 kB
DirectMap1G:     4194304 kB
---SNAPSHOT---
2026-04-27 01:48:13
MemTotal:        8129240 kB
MemFree:         3082268 kB
MemAvailable:    3278124 kB
Buffers:            6556 kB
Cached:          1337108 kB
SwapCached:        66688 kB
Active:          3744380 kB
Inactive:         628816 kB
Active(anon):    3607248 kB
Inactive(anon):   509864 kB
Active(file):     137132 kB
Inactive(file):   118952 kB
Unevictable:          16 kB
Mlocked:              16 kB
SwapTotal:       4194300 kB
SwapFree:        4006292 kB
Zswap:                 0 kB
Zswapped:              0 kB
Dirty:               608 kB
Writeback:             0 kB
AnonPages:       2967168 kB
Mapped:          1285280 kB
Shmem:           1087640 kB
KReclaimable:      56668 kB
Slab:             284752 kB
SReclaimable:      56668 kB
SUnreclaim:       228084 kB
KernelStack:       18944 kB
PageTables:        71268 kB
SecPageTables:         0 kB
NFS_Unstable:          0 kB
Bounce:                0 kB
WritebackTmp:          0 kB
CommitLimit:     8258920 kB
Committed_AS:   12057160 kB
VmallocTotal:   34359738367 kB
VmallocUsed:       47192 kB
VmallocChunk:          0 kB
Percpu:            13280 kB
HardwareCorrupted:     0 kB
AnonHugePages:      8192 kB
ShmemHugePages:        0 kB
ShmemPmdMapped:        0 kB
FileHugePages:         0 kB
FilePmdMapped:         0 kB
CmaTotal:              0 kB
CmaFree:               0 kB
Unaccepted:            0 kB
Balloon:               0 kB
HugePages_Total:       0
HugePages_Free:        0
HugePages_Rsvd:        0
HugePages_Surp:        0
Hugepagesize:       2048 kB
Hugetlb:               0 kB
DirectMap4k:      194432 kB
DirectMap2M:     6096896 kB
DirectMap1G:     4194304 kB
---SNAPSHOT---
2026-04-27 01:48:14
MemTotal:        8129240 kB
MemFree:         2650544 kB
MemAvailable:    2846392 kB
Buffers:            6556 kB
Cached:          1337120 kB
SwapCached:        66688 kB
Active:          4183468 kB
Inactive:         628824 kB
Active(anon):    4046336 kB
Inactive(anon):   509864 kB
Active(file):     137132 kB
Inactive(file):   118960 kB
Unevictable:          16 kB
Mlocked:              16 kB
SwapTotal:       4194300 kB
SwapFree:        4006292 kB
Zswap:                 0 kB
Zswapped:              0 kB
Dirty:               616 kB
Writeback:             0 kB
AnonPages:       3406268 kB
Mapped:          1285412 kB
Shmem:           1087644 kB
KReclaimable:      56652 kB
Slab:             284736 kB
SReclaimable:      56652 kB
SUnreclaim:       228084 kB
KernelStack:       18916 kB
PageTables:        72520 kB
SecPageTables:         0 kB
NFS_Unstable:          0 kB
Bounce:                0 kB
WritebackTmp:          0 kB
CommitLimit:     8258920 kB
Committed_AS:   12056668 kB
VmallocTotal:   34359738367 kB
VmallocUsed:       47224 kB
VmallocChunk:          0 kB
Percpu:            13280 kB
HardwareCorrupted:     0 kB
AnonHugePages:      8192 kB
ShmemHugePages:        0 kB
ShmemPmdMapped:        0 kB
FileHugePages:         0 kB
FilePmdMapped:         0 kB
CmaTotal:              0 kB
CmaFree:               0 kB
Unaccepted:            0 kB
Balloon:               0 kB
HugePages_Total:       0
HugePages_Free:        0
HugePages_Rsvd:        0
HugePages_Surp:        0
Hugepagesize:       2048 kB
Hugetlb:               0 kB
DirectMap4k:      194432 kB
DirectMap2M:     6096896 kB
DirectMap1G:     4194304 kB
---SNAPSHOT---
2026-04-27 01:48:16
MemTotal:        8129240 kB
MemFree:         2476424 kB
MemAvailable:    2672276 kB
Buffers:            6556 kB
Cached:          1337124 kB
SwapCached:        66688 kB
Active:          4370232 kB
Inactive:         628828 kB
Active(anon):    4233100 kB
Inactive(anon):   509864 kB
Active(file):     137132 kB
Inactive(file):   118964 kB
Unevictable:          16 kB
Mlocked:              16 kB
SwapTotal:       4194300 kB
SwapFree:        4006292 kB
Zswap:                 0 kB
Zswapped:              0 kB
Dirty:               620 kB
Writeback:             0 kB
AnonPages:       3592732 kB
Mapped:          1285412 kB
Shmem:           1087644 kB
KReclaimable:      56652 kB
Slab:             284768 kB
SReclaimable:      56652 kB
SUnreclaim:       228116 kB
KernelStack:       18928 kB
PageTables:        72348 kB
SecPageTables:         0 kB
NFS_Unstable:          0 kB
Bounce:                0 kB
WritebackTmp:          0 kB
CommitLimit:     8258920 kB
Committed_AS:   12055784 kB
VmallocTotal:   34359738367 kB
VmallocUsed:       47160 kB
VmallocChunk:          0 kB
Percpu:            13280 kB
HardwareCorrupted:     0 kB
AnonHugePages:      8192 kB
ShmemHugePages:        0 kB
ShmemPmdMapped:        0 kB
FileHugePages:         0 kB
FilePmdMapped:         0 kB
CmaTotal:              0 kB
CmaFree:               0 kB
Unaccepted:            0 kB
Balloon:               0 kB
HugePages_Total:       0
HugePages_Free:        0
HugePages_Rsvd:        0
HugePages_Surp:        0
Hugepagesize:       2048 kB
Hugetlb:               0 kB
DirectMap4k:      194432 kB
DirectMap2M:     6096896 kB
DirectMap1G:     4194304 kB
---SNAPSHOT---
2026-04-27 01:48:17
MemTotal:        8129240 kB
MemFree:         2304068 kB
MemAvailable:    2499928 kB
Buffers:            6556 kB
Cached:          1337132 kB
SwapCached:        66688 kB
Active:          4550788 kB
Inactive:         628836 kB
Active(anon):    4413656 kB
Inactive(anon):   509864 kB
Active(file):     137132 kB
Inactive(file):   118972 kB
Unevictable:          16 kB
Mlocked:              16 kB
SwapTotal:       4194300 kB
SwapFree:        4006292 kB
Zswap:                 0 kB
Zswapped:              0 kB
Dirty:               628 kB
Writeback:             0 kB
AnonPages:       3773788 kB
Mapped:          1285412 kB
Shmem:           1087644 kB
KReclaimable:      56652 kB
Slab:             284768 kB
SReclaimable:      56652 kB
SUnreclaim:       228116 kB
KernelStack:       18928 kB
PageTables:        72556 kB
SecPageTables:         0 kB
NFS_Unstable:          0 kB
Bounce:                0 kB
WritebackTmp:          0 kB
CommitLimit:     8258920 kB
Committed_AS:   12056168 kB
VmallocTotal:   34359738367 kB
VmallocUsed:       47144 kB
VmallocChunk:          0 kB
Percpu:            13280 kB
HardwareCorrupted:     0 kB
AnonHugePages:      8192 kB
ShmemHugePages:        0 kB
ShmemPmdMapped:        0 kB
FileHugePages:         0 kB
FilePmdMapped:         0 kB
CmaTotal:              0 kB
CmaFree:               0 kB
Unaccepted:            0 kB
Balloon:               0 kB
HugePages_Total:       0
HugePages_Free:        0
HugePages_Rsvd:        0
HugePages_Surp:        0
Hugepagesize:       2048 kB
Hugetlb:               0 kB
DirectMap4k:      194432 kB
DirectMap2M:     6096896 kB
DirectMap1G:     4194304 kB
---SNAPSHOT---
2026-04-27 01:48:18
MemTotal:        8129240 kB
MemFree:         3410296 kB
MemAvailable:    3606160 kB
Buffers:            6556 kB
Cached:          1337136 kB
SwapCached:        66688 kB
Active:          3397676 kB
Inactive:         628840 kB
Active(anon):    3260544 kB
Inactive(anon):   509864 kB
Active(file):     137132 kB
Inactive(file):   118976 kB
Unevictable:          16 kB
Mlocked:              16 kB
SwapTotal:       4194300 kB
SwapFree:        4006292 kB
Zswap:                 0 kB
Zswapped:              0 kB
Dirty:               632 kB
Writeback:             0 kB
AnonPages:       2620768 kB
Mapped:          1285412 kB
Shmem:           1087644 kB
KReclaimable:      56652 kB
Slab:             284768 kB
SReclaimable:      56652 kB
SUnreclaim:       228116 kB
KernelStack:       18928 kB
PageTables:        69544 kB
SecPageTables:         0 kB
NFS_Unstable:          0 kB
Bounce:                0 kB
WritebackTmp:          0 kB
CommitLimit:     8258920 kB
Committed_AS:   12056020 kB
VmallocTotal:   34359738367 kB
VmallocUsed:       47144 kB
VmallocChunk:          0 kB
Percpu:            13280 kB
HardwareCorrupted:     0 kB
AnonHugePages:      8192 kB
ShmemHugePages:        0 kB
ShmemPmdMapped:        0 kB
FileHugePages:         0 kB
FilePmdMapped:         0 kB
CmaTotal:              0 kB
CmaFree:               0 kB
Unaccepted:            0 kB
Balloon:               0 kB
HugePages_Total:       0
HugePages_Free:        0
HugePages_Rsvd:        0
HugePages_Surp:        0
Hugepagesize:       2048 kB
Hugetlb:               0 kB
DirectMap4k:      194432 kB
DirectMap2M:     6096896 kB
DirectMap1G:     4194304 kB
---SNAPSHOT---
2026-04-27 01:48:19
MemTotal:        8129240 kB
MemFree:         3045524 kB
MemAvailable:    3241400 kB
Buffers:            6564 kB
Cached:          1337140 kB
SwapCached:        66688 kB
Active:          3819700 kB
Inactive:         628852 kB
Active(anon):    3682568 kB
Inactive(anon):   509864 kB
Active(file):     137132 kB
Inactive(file):   118988 kB
Unevictable:          16 kB
Mlocked:              16 kB
SwapTotal:       4194300 kB
SwapFree:        4006292 kB
Zswap:                 0 kB
Zswapped:              0 kB
Dirty:               636 kB
Writeback:             0 kB
AnonPages:       3042816 kB
Mapped:          1285416 kB
Shmem:           1087644 kB
KReclaimable:      56652 kB
Slab:             284772 kB
SReclaimable:      56652 kB
SUnreclaim:       228120 kB
KernelStack:       18976 kB
PageTables:        70324 kB
SecPageTables:         0 kB
NFS_Unstable:          0 kB
Bounce:                0 kB
WritebackTmp:          0 kB
CommitLimit:     8258920 kB
Committed_AS:   12057212 kB
VmallocTotal:   34359738367 kB
VmallocUsed:       47176 kB
VmallocChunk:          0 kB
Percpu:            13280 kB
HardwareCorrupted:     0 kB
AnonHugePages:      8192 kB
ShmemHugePages:        0 kB
ShmemPmdMapped:        0 kB
FileHugePages:         0 kB
FilePmdMapped:         0 kB
CmaTotal:              0 kB
CmaFree:               0 kB
Unaccepted:            0 kB
Balloon:               0 kB
HugePages_Total:       0
HugePages_Free:        0
HugePages_Rsvd:        0
HugePages_Surp:        0
Hugepagesize:       2048 kB
Hugetlb:               0 kB
DirectMap4k:      194432 kB
DirectMap2M:     6096896 kB
DirectMap1G:     4194304 kB
---SNAPSHOT---
2026-04-27 01:48:20
MemTotal:        8129240 kB
MemFree:         2600276 kB
MemAvailable:    2796160 kB
Buffers:            6564 kB
Cached:          1337148 kB
SwapCached:        66688 kB
Active:          4252848 kB
Inactive:         628860 kB
Active(anon):    4115716 kB
Inactive(anon):   509864 kB
Active(file):     137132 kB
Inactive(file):   118996 kB
Unevictable:          16 kB
Mlocked:              16 kB
SwapTotal:       4194300 kB
SwapFree:        4006292 kB
Zswap:                 0 kB
Zswapped:              0 kB
Dirty:               644 kB
Writeback:             0 kB
AnonPages:       3475748 kB
Mapped:          1285416 kB
Shmem:           1087644 kB
KReclaimable:      56652 kB
Slab:             284760 kB
SReclaimable:      56652 kB
SUnreclaim:       228108 kB
KernelStack:       18948 kB
PageTables:        71324 kB
SecPageTables:         0 kB
NFS_Unstable:          0 kB
Bounce:                0 kB
WritebackTmp:          0 kB
CommitLimit:     8258920 kB
Committed_AS:   12056484 kB
VmallocTotal:   34359738367 kB
VmallocUsed:       47208 kB
VmallocChunk:          0 kB
Percpu:            13280 kB
HardwareCorrupted:     0 kB
AnonHugePages:      8192 kB
ShmemHugePages:        0 kB
ShmemPmdMapped:        0 kB
FileHugePages:         0 kB
FilePmdMapped:         0 kB
CmaTotal:              0 kB
CmaFree:               0 kB
Unaccepted:            0 kB
Balloon:               0 kB
HugePages_Total:       0
HugePages_Free:        0
HugePages_Rsvd:        0
HugePages_Surp:        0
Hugepagesize:       2048 kB
Hugetlb:               0 kB
DirectMap4k:      194432 kB
DirectMap2M:     6096896 kB
DirectMap1G:     4194304 kB
---SNAPSHOT---
2026-04-27 01:48:21
MemTotal:        8129240 kB
MemFree:         2916356 kB
MemAvailable:    3112260 kB
Buffers:            6564 kB
Cached:          1337152 kB
SwapCached:        66688 kB
Active:          3897844 kB
Inactive:         628864 kB
Active(anon):    3760712 kB
Inactive(anon):   509864 kB
Active(file):     137132 kB
Inactive(file):   119000 kB
Unevictable:          16 kB
Mlocked:              16 kB
SwapTotal:       4194300 kB
SwapFree:        4006292 kB
Zswap:                 0 kB
Zswapped:              0 kB
Dirty:               648 kB
Writeback:             0 kB
AnonPages:       3120856 kB
Mapped:          1285412 kB
Shmem:           1087644 kB
KReclaimable:      56668 kB
Slab:             284788 kB
SReclaimable:      56668 kB
SUnreclaim:       228120 kB
KernelStack:       18928 kB
PageTables:        70440 kB
SecPageTables:         0 kB
NFS_Unstable:          0 kB
Bounce:                0 kB
WritebackTmp:          0 kB
CommitLimit:     8258920 kB
Committed_AS:   12056148 kB
VmallocTotal:   34359738367 kB
VmallocUsed:       47176 kB
VmallocChunk:          0 kB
Percpu:            13280 kB
HardwareCorrupted:     0 kB
AnonHugePages:      8192 kB
ShmemHugePages:        0 kB
ShmemPmdMapped:        0 kB
FileHugePages:         0 kB
FilePmdMapped:         0 kB
CmaTotal:              0 kB
CmaFree:               0 kB
Unaccepted:            0 kB
Balloon:               0 kB
HugePages_Total:       0
HugePages_Free:        0
HugePages_Rsvd:        0
HugePages_Surp:        0
Hugepagesize:       2048 kB
Hugetlb:               0 kB
DirectMap4k:      194432 kB
DirectMap2M:     6096896 kB
DirectMap1G:     4194304 kB
---SNAPSHOT---
2026-04-27 01:48:22
MemTotal:        8129240 kB
MemFree:         3246040 kB
MemAvailable:    3441952 kB
Buffers:            6564 kB
Cached:          1337160 kB
SwapCached:        66688 kB
Active:          3550080 kB
Inactive:         628872 kB
Active(anon):    3412948 kB
Inactive(anon):   509864 kB
Active(file):     137132 kB
Inactive(file):   119008 kB
Unevictable:          16 kB
Mlocked:              16 kB
SwapTotal:       4194300 kB
SwapFree:        4006292 kB
Zswap:                 0 kB
Zswapped:              0 kB
Dirty:               656 kB
Writeback:             0 kB
AnonPages:       2773056 kB
Mapped:          1285412 kB
Shmem:           1087644 kB
KReclaimable:      56668 kB
Slab:             284788 kB
SReclaimable:      56668 kB
SUnreclaim:       228120 kB
KernelStack:       18912 kB
PageTables:        69572 kB
SecPageTables:         0 kB
NFS_Unstable:          0 kB
Bounce:                0 kB
WritebackTmp:          0 kB
CommitLimit:     8258920 kB
Committed_AS:   12056256 kB
VmallocTotal:   34359738367 kB
VmallocUsed:       47208 kB
VmallocChunk:          0 kB
Percpu:            13280 kB
HardwareCorrupted:     0 kB
AnonHugePages:      8192 kB
ShmemHugePages:        0 kB
ShmemPmdMapped:        0 kB
FileHugePages:         0 kB
FilePmdMapped:         0 kB
CmaTotal:              0 kB
CmaFree:               0 kB
Unaccepted:            0 kB
Balloon:               0 kB
HugePages_Total:       0
HugePages_Free:        0
HugePages_Rsvd:        0
HugePages_Surp:        0
Hugepagesize:       2048 kB
Hugetlb:               0 kB
DirectMap4k:      194432 kB
DirectMap2M:     6096896 kB
DirectMap1G:     4194304 kB
---SNAPSHOT---
2026-04-27 01:48:23
MemTotal:        8129240 kB
MemFree:         2873736 kB
MemAvailable:    3069652 kB
Buffers:            6564 kB
Cached:          1337164 kB
SwapCached:        66688 kB
Active:          3994336 kB
Inactive:         628876 kB
Active(anon):    3857204 kB
Inactive(anon):   509864 kB
Active(file):     137132 kB
Inactive(file):   119012 kB
Unevictable:          16 kB
Mlocked:              16 kB
SwapTotal:       4194300 kB
SwapFree:        4006292 kB
Zswap:                 0 kB
Zswapped:              0 kB
Dirty:               660 kB
Writeback:             0 kB
AnonPages:       3217128 kB
Mapped:          1285412 kB
Shmem:           1087644 kB
KReclaimable:      56668 kB
Slab:             284796 kB
SReclaimable:      56668 kB
SUnreclaim:       228128 kB
KernelStack:       18928 kB
PageTables:        70408 kB
SecPageTables:         0 kB
NFS_Unstable:          0 kB
Bounce:                0 kB
WritebackTmp:          0 kB
CommitLimit:     8258920 kB
Committed_AS:   12056372 kB
VmallocTotal:   34359738367 kB
VmallocUsed:       47176 kB
VmallocChunk:          0 kB
Percpu:            13280 kB
HardwareCorrupted:     0 kB
AnonHugePages:      8192 kB
ShmemHugePages:        0 kB
ShmemPmdMapped:        0 kB
FileHugePages:         0 kB
FilePmdMapped:         0 kB
CmaTotal:              0 kB
CmaFree:               0 kB
Unaccepted:            0 kB
Balloon:               0 kB
HugePages_Total:       0
HugePages_Free:        0
HugePages_Rsvd:        0
HugePages_Surp:        0
Hugepagesize:       2048 kB
Hugetlb:               0 kB
DirectMap4k:      194432 kB
DirectMap2M:     6096896 kB
DirectMap1G:     4194304 kB
---SNAPSHOT---
2026-04-27 01:48:24
MemTotal:        8129240 kB
MemFree:         2441136 kB
MemAvailable:    2637056 kB
Buffers:            6572 kB
Cached:          1337160 kB
SwapCached:        66688 kB
Active:          4436404 kB
Inactive:         628880 kB
Active(anon):    4299272 kB
Inactive(anon):   509864 kB
Active(file):     137132 kB
Inactive(file):   119016 kB
Unevictable:          16 kB
Mlocked:              16 kB
SwapTotal:       4194300 kB
SwapFree:        4006292 kB
Zswap:                 0 kB
Zswapped:              0 kB
Dirty:               664 kB
Writeback:             0 kB
AnonPages:       3659568 kB
Mapped:          1285412 kB
Shmem:           1087644 kB
KReclaimable:      56668 kB
Slab:             284796 kB
SReclaimable:      56668 kB
SUnreclaim:       228128 kB
KernelStack:       18928 kB
PageTables:        71300 kB
SecPageTables:         0 kB
NFS_Unstable:          0 kB
Bounce:                0 kB
WritebackTmp:          0 kB
CommitLimit:     8258920 kB
Committed_AS:   12056144 kB
VmallocTotal:   34359738367 kB
VmallocUsed:       47160 kB
VmallocChunk:          0 kB
Percpu:            13280 kB
HardwareCorrupted:     0 kB
AnonHugePages:      8192 kB
ShmemHugePages:        0 kB
ShmemPmdMapped:        0 kB
FileHugePages:         0 kB
FilePmdMapped:         0 kB
CmaTotal:              0 kB
CmaFree:               0 kB
Unaccepted:            0 kB
Balloon:               0 kB
HugePages_Total:       0
HugePages_Free:        0
HugePages_Rsvd:        0
HugePages_Surp:        0
Hugepagesize:       2048 kB
Hugetlb:               0 kB
DirectMap4k:      194432 kB
DirectMap2M:     6096896 kB
DirectMap1G:     4194304 kB
---SNAPSHOT---
2026-04-27 01:48:25
MemTotal:        8129240 kB
MemFree:         3487004 kB
MemAvailable:    3682932 kB
Buffers:            6572 kB
Cached:          1337176 kB
SwapCached:        66688 kB
Active:          3316152 kB
Inactive:         628888 kB
Active(anon):    3179020 kB
Inactive(anon):   509864 kB
Active(file):     137132 kB
Inactive(file):   119024 kB
Unevictable:          16 kB
Mlocked:              16 kB
SwapTotal:       4194300 kB
SwapFree:        4006292 kB
Zswap:                 0 kB
Zswapped:              0 kB
Dirty:               672 kB
Writeback:             0 kB
AnonPages:       2539212 kB
Mapped:          1285412 kB
Shmem:           1087644 kB
KReclaimable:      56668 kB
Slab:             284792 kB
SReclaimable:      56668 kB
SUnreclaim:       228124 kB
KernelStack:       18928 kB
PageTables:        69284 kB
SecPageTables:         0 kB
NFS_Unstable:          0 kB
Bounce:                0 kB
WritebackTmp:          0 kB
CommitLimit:     8258920 kB
Committed_AS:   12055896 kB
VmallocTotal:   34359738367 kB
VmallocUsed:       47160 kB
VmallocChunk:          0 kB
Percpu:            13280 kB
HardwareCorrupted:     0 kB
AnonHugePages:      8192 kB
ShmemHugePages:        0 kB
ShmemPmdMapped:        0 kB
FileHugePages:         0 kB
FilePmdMapped:         0 kB
CmaTotal:              0 kB
CmaFree:               0 kB
Unaccepted:            0 kB
Balloon:               0 kB
HugePages_Total:       0
HugePages_Free:        0
HugePages_Rsvd:        0
HugePages_Surp:        0
Hugepagesize:       2048 kB
Hugetlb:               0 kB
DirectMap4k:      194432 kB
DirectMap2M:     6096896 kB
DirectMap1G:     4194304 kB
---SNAPSHOT---
2026-04-27 01:48:26
MemTotal:        8129240 kB
MemFree:         3041816 kB
MemAvailable:    3237752 kB
Buffers:            6572 kB
Cached:          1337180 kB
SwapCached:        66688 kB
Active:          3768720 kB
Inactive:         628896 kB
Active(anon):    3631588 kB
Inactive(anon):   509864 kB
Active(file):     137132 kB
Inactive(file):   119032 kB
Unevictable:          16 kB
Mlocked:              16 kB
SwapTotal:       4194300 kB
SwapFree:        4006292 kB
Zswap:                 0 kB
Zswapped:              0 kB
Dirty:               676 kB
Writeback:             0 kB
AnonPages:       2991824 kB
Mapped:          1285492 kB
Shmem:           1087644 kB
KReclaimable:      56668 kB
Slab:             284784 kB
SReclaimable:      56668 kB
SUnreclaim:       228116 kB
KernelStack:       18912 kB
PageTables:        70684 kB
SecPageTables:         0 kB
NFS_Unstable:          0 kB
Bounce:                0 kB
WritebackTmp:          0 kB
CommitLimit:     8258920 kB
Committed_AS:   12056268 kB
VmallocTotal:   34359738367 kB
VmallocUsed:       47160 kB
VmallocChunk:          0 kB
Percpu:            13280 kB
HardwareCorrupted:     0 kB
AnonHugePages:      8192 kB
ShmemHugePages:        0 kB
ShmemPmdMapped:        0 kB
FileHugePages:         0 kB
FilePmdMapped:         0 kB
CmaTotal:              0 kB
CmaFree:               0 kB
Unaccepted:            0 kB
Balloon:               0 kB
HugePages_Total:       0
HugePages_Free:        0
HugePages_Rsvd:        0
HugePages_Surp:        0
Hugepagesize:       2048 kB
Hugetlb:               0 kB
DirectMap4k:      194432 kB
DirectMap2M:     6096896 kB
DirectMap1G:     4194304 kB
---SNAPSHOT---
2026-04-27 01:48:27
MemTotal:        8129240 kB
MemFree:         2661724 kB
MemAvailable:    2857672 kB
Buffers:            6572 kB
Cached:          1337188 kB
SwapCached:        66688 kB
Active:          4212260 kB
Inactive:         628908 kB
Active(anon):    4075128 kB
Inactive(anon):   509864 kB
Active(file):     137132 kB
Inactive(file):   119044 kB
Unevictable:          16 kB
Mlocked:              16 kB
SwapTotal:       4194300 kB
SwapFree:        4006292 kB
Zswap:                 0 kB
Zswapped:              0 kB
Dirty:               684 kB
Writeback:             0 kB
AnonPages:       3435480 kB
Mapped:          1285412 kB
Shmem:           1087644 kB
KReclaimable:      56668 kB
Slab:             284780 kB
SReclaimable:      56668 kB
SUnreclaim:       228112 kB
KernelStack:       18928 kB
PageTables:        70844 kB
SecPageTables:         0 kB
NFS_Unstable:          0 kB
Bounce:                0 kB
WritebackTmp:          0 kB
CommitLimit:     8258920 kB
Committed_AS:   12056132 kB
VmallocTotal:   34359738367 kB
VmallocUsed:       47160 kB
VmallocChunk:          0 kB
Percpu:            13280 kB
HardwareCorrupted:     0 kB
AnonHugePages:      8192 kB
ShmemHugePages:        0 kB
ShmemPmdMapped:        0 kB
FileHugePages:         0 kB
FilePmdMapped:         0 kB
CmaTotal:              0 kB
CmaFree:               0 kB
Unaccepted:            0 kB
Balloon:               0 kB
HugePages_Total:       0
HugePages_Free:        0
HugePages_Rsvd:        0
HugePages_Surp:        0
Hugepagesize:       2048 kB
Hugetlb:               0 kB
DirectMap4k:      194432 kB
DirectMap2M:     6096896 kB
DirectMap1G:     4194304 kB
---SNAPSHOT---
2026-04-27 01:48:28
MemTotal:        8129240 kB
MemFree:         2945288 kB
MemAvailable:    3141240 kB
Buffers:            6572 kB
Cached:          1337192 kB
SwapCached:        66688 kB
Active:          3871456 kB
Inactive:         628912 kB
Active(anon):    3734324 kB
Inactive(anon):   509864 kB
Active(file):     137132 kB
Inactive(file):   119048 kB
Unevictable:          16 kB
Mlocked:              16 kB
SwapTotal:       4194300 kB
SwapFree:        4006292 kB
Zswap:                 0 kB
Zswapped:              0 kB
Dirty:               688 kB
Writeback:             0 kB
AnonPages:       3094016 kB
Mapped:          1285412 kB
Shmem:           1087644 kB
KReclaimable:      56668 kB
Slab:             284776 kB
SReclaimable:      56668 kB
SUnreclaim:       228108 kB
KernelStack:       18912 kB
PageTables:        70460 kB
SecPageTables:         0 kB
NFS_Unstable:          0 kB
Bounce:                0 kB
WritebackTmp:          0 kB
CommitLimit:     8258920 kB
Committed_AS:   12056132 kB
VmallocTotal:   34359738367 kB
VmallocUsed:       47176 kB
VmallocChunk:          0 kB
Percpu:            13280 kB
HardwareCorrupted:     0 kB
AnonHugePages:      8192 kB
ShmemHugePages:        0 kB
ShmemPmdMapped:        0 kB
FileHugePages:         0 kB
FilePmdMapped:         0 kB
CmaTotal:              0 kB
CmaFree:               0 kB
Unaccepted:            0 kB
Balloon:               0 kB
HugePages_Total:       0
HugePages_Free:        0
HugePages_Rsvd:        0
HugePages_Surp:        0
Hugepagesize:       2048 kB
Hugetlb:               0 kB
DirectMap4k:      194432 kB
DirectMap2M:     6096896 kB
DirectMap1G:     4194304 kB
---SNAPSHOT---
2026-04-27 01:48:29
MemTotal:        8129240 kB
MemFree:         3282600 kB
MemAvailable:    3478552 kB
Buffers:            6580 kB
Cached:          1337196 kB
SwapCached:        66688 kB
Active:          3523208 kB
Inactive:         628912 kB
Active(anon):    3386076 kB
Inactive(anon):   509864 kB
Active(file):     137132 kB
Inactive(file):   119048 kB
Unevictable:          16 kB
Mlocked:              16 kB
SwapTotal:       4194300 kB
SwapFree:        4006292 kB
Zswap:                 0 kB
Zswapped:              0 kB
Dirty:               692 kB
Writeback:             0 kB
AnonPages:       2745180 kB
Mapped:          1285412 kB
Shmem:           1087644 kB
KReclaimable:      56668 kB
Slab:             284772 kB
SReclaimable:      56668 kB
SUnreclaim:       228104 kB
KernelStack:       18972 kB
PageTables:        69852 kB
SecPageTables:         0 kB
NFS_Unstable:          0 kB
Bounce:                0 kB
WritebackTmp:          0 kB
CommitLimit:     8258920 kB
Committed_AS:   12056400 kB
VmallocTotal:   34359738367 kB
VmallocUsed:       47208 kB
VmallocChunk:          0 kB
Percpu:            13280 kB
HardwareCorrupted:     0 kB
AnonHugePages:      6144 kB
ShmemHugePages:        0 kB
ShmemPmdMapped:        0 kB
FileHugePages:         0 kB
FilePmdMapped:         0 kB
CmaTotal:              0 kB
CmaFree:               0 kB
Unaccepted:            0 kB
Balloon:               0 kB
HugePages_Total:       0
HugePages_Free:        0
HugePages_Rsvd:        0
HugePages_Surp:        0
Hugepagesize:       2048 kB
Hugetlb:               0 kB
DirectMap4k:      194432 kB
DirectMap2M:     6096896 kB
DirectMap1G:     4194304 kB
---SNAPSHOT---
2026-04-27 01:48:30
MemTotal:        8129240 kB
MemFree:         2904832 kB
MemAvailable:    3100800 kB
Buffers:            6580 kB
Cached:          1337204 kB
SwapCached:        66688 kB
Active:          3972584 kB
Inactive:         628928 kB
Active(anon):    3835452 kB
Inactive(anon):   509864 kB
Active(file):     137132 kB
Inactive(file):   119064 kB
Unevictable:          16 kB
Mlocked:              16 kB
SwapTotal:       4194300 kB
SwapFree:        4006292 kB
Zswap:                 0 kB
Zswapped:              0 kB
Dirty:               700 kB
Writeback:             0 kB
AnonPages:       3194672 kB
Mapped:          1285412 kB
Shmem:           1087644 kB
KReclaimable:      56668 kB
Slab:             284764 kB
SReclaimable:      56668 kB
SUnreclaim:       228096 kB
KernelStack:       18928 kB
PageTables:        71016 kB
SecPageTables:         0 kB
NFS_Unstable:          0 kB
Bounce:                0 kB
WritebackTmp:          0 kB
CommitLimit:     8258920 kB
Committed_AS:   12056400 kB
VmallocTotal:   34359738367 kB
VmallocUsed:       47192 kB
VmallocChunk:          0 kB
Percpu:            13280 kB
HardwareCorrupted:     0 kB
AnonHugePages:      6144 kB
ShmemHugePages:        0 kB
ShmemPmdMapped:        0 kB
FileHugePages:         0 kB
FilePmdMapped:         0 kB
CmaTotal:              0 kB
CmaFree:               0 kB
Unaccepted:            0 kB
Balloon:               0 kB
HugePages_Total:       0
HugePages_Free:        0
HugePages_Rsvd:        0
HugePages_Surp:        0
Hugepagesize:       2048 kB
Hugetlb:               0 kB
DirectMap4k:      194432 kB
DirectMap2M:     6096896 kB
DirectMap1G:     4194304 kB
---SNAPSHOT---
2026-04-27 01:48:31
MemTotal:        8129240 kB
MemFree:         2451360 kB
MemAvailable:    2647340 kB
Buffers:            6580 kB
Cached:          1337212 kB
SwapCached:        66688 kB
Active:          4421860 kB
Inactive:         628940 kB
Active(anon):    4284728 kB
Inactive(anon):   509864 kB
Active(file):     137132 kB
Inactive(file):   119076 kB
Unevictable:          16 kB
Mlocked:              16 kB
SwapTotal:       4194300 kB
SwapFree:        4006292 kB
Zswap:                 0 kB
Zswapped:              0 kB
Dirty:               708 kB
Writeback:             0 kB
AnonPages:       3644104 kB
Mapped:          1285504 kB
Shmem:           1087644 kB
KReclaimable:      56668 kB
Slab:             284760 kB
SReclaimable:      56668 kB
SUnreclaim:       228092 kB
KernelStack:       18912 kB
PageTables:        71920 kB
SecPageTables:         0 kB
NFS_Unstable:          0 kB
Bounce:                0 kB
WritebackTmp:          0 kB
CommitLimit:     8258920 kB
Committed_AS:   12057476 kB
VmallocTotal:   34359738367 kB
VmallocUsed:       47208 kB
VmallocChunk:          0 kB
Percpu:            13280 kB
HardwareCorrupted:     0 kB
AnonHugePages:      6144 kB
ShmemHugePages:        0 kB
ShmemPmdMapped:        0 kB
FileHugePages:         0 kB
FilePmdMapped:         0 kB
CmaTotal:              0 kB
CmaFree:               0 kB
Unaccepted:            0 kB
Balloon:               0 kB
HugePages_Total:       0
HugePages_Free:        0
HugePages_Rsvd:        0
HugePages_Surp:        0
Hugepagesize:       2048 kB
Hugetlb:               0 kB
DirectMap4k:      194432 kB
DirectMap2M:     6096896 kB
DirectMap1G:     4194304 kB
---SNAPSHOT---
2026-04-27 01:48:32
MemTotal:        8129240 kB
MemFree:         3026388 kB
MemAvailable:    3222372 kB
Buffers:            6580 kB
Cached:          1337220 kB
SwapCached:        66688 kB
Active:          3797156 kB
Inactive:         628944 kB
Active(anon):    3660024 kB
Inactive(anon):   509864 kB
Active(file):     137132 kB
Inactive(file):   119080 kB
Unevictable:          16 kB
Mlocked:              16 kB
SwapTotal:       4194300 kB
SwapFree:        4006292 kB
Zswap:                 0 kB
Zswapped:              0 kB
Dirty:               716 kB
Writeback:             0 kB
AnonPages:       3019660 kB
Mapped:          1285412 kB
Shmem:           1087644 kB
KReclaimable:      56668 kB
Slab:             284768 kB
SReclaimable:      56668 kB
SUnreclaim:       228100 kB
KernelStack:       18928 kB
PageTables:        70328 kB
SecPageTables:         0 kB
NFS_Unstable:          0 kB
Bounce:                0 kB
WritebackTmp:          0 kB
CommitLimit:     8258920 kB
Committed_AS:   12057348 kB
VmallocTotal:   34359738367 kB
VmallocUsed:       47208 kB
VmallocChunk:          0 kB
Percpu:            13280 kB
HardwareCorrupted:     0 kB
AnonHugePages:      6144 kB
ShmemHugePages:        0 kB
ShmemPmdMapped:        0 kB
FileHugePages:         0 kB
FilePmdMapped:         0 kB
CmaTotal:              0 kB
CmaFree:               0 kB
Unaccepted:            0 kB
Balloon:               0 kB
HugePages_Total:       0
HugePages_Free:        0
HugePages_Rsvd:        0
HugePages_Surp:        0
Hugepagesize:       2048 kB
Hugetlb:               0 kB
DirectMap4k:      194432 kB
DirectMap2M:     6096896 kB
DirectMap1G:     4194304 kB
---SNAPSHOT---
2026-04-27 01:48:33
MemTotal:        8129240 kB
MemFree:         2631504 kB
MemAvailable:    2827496 kB
Buffers:            6580 kB
Cached:          1337224 kB
SwapCached:        66688 kB
Active:          4234836 kB
Inactive:         628952 kB
Active(anon):    4097704 kB
Inactive(anon):   509864 kB
Active(file):     137132 kB
Inactive(file):   119088 kB
Unevictable:          16 kB
Mlocked:              16 kB
SwapTotal:       4194300 kB
SwapFree:        4006292 kB
Zswap:                 0 kB
Zswapped:              0 kB
Dirty:               720 kB
Writeback:             0 kB
AnonPages:       3457180 kB
Mapped:          1285640 kB
Shmem:           1087644 kB
KReclaimable:      56668 kB
Slab:             284768 kB
SReclaimable:      56668 kB
SUnreclaim:       228100 kB
KernelStack:       18928 kB
PageTables:        71332 kB
SecPageTables:         0 kB
NFS_Unstable:          0 kB
Bounce:                0 kB
WritebackTmp:          0 kB
CommitLimit:     8258920 kB
Committed_AS:   12057348 kB
VmallocTotal:   34359738367 kB
VmallocUsed:       47224 kB
VmallocChunk:          0 kB
Percpu:            13280 kB
HardwareCorrupted:     0 kB
AnonHugePages:      6144 kB
ShmemHugePages:        0 kB
ShmemPmdMapped:        0 kB
FileHugePages:         0 kB
FilePmdMapped:         0 kB
CmaTotal:              0 kB
CmaFree:               0 kB
Unaccepted:            0 kB
Balloon:               0 kB
HugePages_Total:       0
HugePages_Free:        0
HugePages_Rsvd:        0
HugePages_Surp:        0
Hugepagesize:       2048 kB
Hugetlb:               0 kB
DirectMap4k:      194432 kB
DirectMap2M:     6096896 kB
DirectMap1G:     4194304 kB
---SNAPSHOT---
2026-04-27 01:48:34
MemTotal:        8129240 kB
MemFree:         2408792 kB
MemAvailable:    2604788 kB
Buffers:            6592 kB
Cached:          1337216 kB
SwapCached:        66688 kB
Active:          4463472 kB
Inactive:         628956 kB
Active(anon):    4326340 kB
Inactive(anon):   509864 kB
Active(file):     137132 kB
Inactive(file):   119092 kB
Unevictable:          16 kB
Mlocked:              16 kB
SwapTotal:       4194300 kB
SwapFree:        4006292 kB
Zswap:                 0 kB
Zswapped:              0 kB
Dirty:               196 kB
Writeback:             0 kB
AnonPages:       3685560 kB
Mapped:          1285412 kB
Shmem:           1087644 kB
KReclaimable:      56668 kB
Slab:             284772 kB
SReclaimable:      56668 kB
SUnreclaim:       228104 kB
KernelStack:       18944 kB
PageTables:        71732 kB
SecPageTables:         0 kB
NFS_Unstable:          0 kB
Bounce:                0 kB
WritebackTmp:          0 kB
CommitLimit:     8258920 kB
Committed_AS:   12057216 kB
VmallocTotal:   34359738367 kB
VmallocUsed:       47208 kB
VmallocChunk:          0 kB
Percpu:            13280 kB
HardwareCorrupted:     0 kB
AnonHugePages:      6144 kB
ShmemHugePages:        0 kB
ShmemPmdMapped:        0 kB
FileHugePages:         0 kB
FilePmdMapped:         0 kB
CmaTotal:              0 kB
CmaFree:               0 kB
Unaccepted:            0 kB
Balloon:               0 kB
HugePages_Total:       0
HugePages_Free:        0
HugePages_Rsvd:        0
HugePages_Surp:        0
Hugepagesize:       2048 kB
Hugetlb:               0 kB
DirectMap4k:      194432 kB
DirectMap2M:     6096896 kB
DirectMap1G:     4194304 kB
---SNAPSHOT---
2026-04-27 01:48:35
MemTotal:        8129240 kB
MemFree:         2902740 kB
MemAvailable:    3098752 kB
Buffers:            6592 kB
Cached:          1337236 kB
SwapCached:        66688 kB
Active:          3902812 kB
Inactive:         628972 kB
Active(anon):    3765680 kB
Inactive(anon):   509864 kB
Active(file):     137132 kB
Inactive(file):   119108 kB
Unevictable:          16 kB
Mlocked:              16 kB
SwapTotal:       4194300 kB
SwapFree:        4006292 kB
Zswap:                 0 kB
Zswapped:              0 kB
Dirty:               224 kB
Writeback:             0 kB
AnonPages:       3125216 kB
Mapped:          1285412 kB
Shmem:           1087644 kB
KReclaimable:      56668 kB
Slab:             284780 kB
SReclaimable:      56668 kB
SUnreclaim:       228112 kB
KernelStack:       18944 kB
PageTables:        70808 kB
SecPageTables:         0 kB
NFS_Unstable:          0 kB
Bounce:                0 kB
WritebackTmp:          0 kB
CommitLimit:     8258920 kB
Committed_AS:   12057092 kB
VmallocTotal:   34359738367 kB
VmallocUsed:       47208 kB
VmallocChunk:          0 kB
Percpu:            13280 kB
HardwareCorrupted:     0 kB
AnonHugePages:      6144 kB
ShmemHugePages:        0 kB
ShmemPmdMapped:        0 kB
FileHugePages:         0 kB
FilePmdMapped:         0 kB
CmaTotal:              0 kB
CmaFree:               0 kB
Unaccepted:            0 kB
Balloon:               0 kB
HugePages_Total:       0
HugePages_Free:        0
HugePages_Rsvd:        0
HugePages_Surp:        0
Hugepagesize:       2048 kB
Hugetlb:               0 kB
DirectMap4k:      194432 kB
DirectMap2M:     6096896 kB
DirectMap1G:     4194304 kB
---SNAPSHOT---
2026-04-27 01:48:36
MemTotal:        8129240 kB
MemFree:         3238784 kB
MemAvailable:    3434804 kB
Buffers:            6592 kB
Cached:          1337240 kB
SwapCached:        66688 kB
Active:          3570220 kB
Inactive:         628980 kB
Active(anon):    3433088 kB
Inactive(anon):   509864 kB
Active(file):     137132 kB
Inactive(file):   119116 kB
Unevictable:          16 kB
Mlocked:              16 kB
SwapTotal:       4194300 kB
SwapFree:        4006292 kB
Zswap:                 0 kB
Zswapped:              0 kB
Dirty:               228 kB
Writeback:             0 kB
AnonPages:       2792328 kB
Mapped:          1285412 kB
Shmem:           1087644 kB
KReclaimable:      56668 kB
Slab:             284792 kB
SReclaimable:      56668 kB
SUnreclaim:       228124 kB
KernelStack:       18944 kB
PageTables:        69936 kB
SecPageTables:         0 kB
NFS_Unstable:          0 kB
Bounce:                0 kB
WritebackTmp:          0 kB
CommitLimit:     8258920 kB
Committed_AS:   12057388 kB
VmallocTotal:   34359738367 kB
VmallocUsed:       47208 kB
VmallocChunk:          0 kB
Percpu:            13280 kB
HardwareCorrupted:     0 kB
AnonHugePages:      6144 kB
ShmemHugePages:        0 kB
ShmemPmdMapped:        0 kB
FileHugePages:         0 kB
FilePmdMapped:         0 kB
CmaTotal:              0 kB
CmaFree:               0 kB
Unaccepted:            0 kB
Balloon:               0 kB
HugePages_Total:       0
HugePages_Free:        0
HugePages_Rsvd:        0
HugePages_Surp:        0
Hugepagesize:       2048 kB
Hugetlb:               0 kB
DirectMap4k:      194432 kB
DirectMap2M:     6096896 kB
DirectMap1G:     4194304 kB
---SNAPSHOT---
2026-04-27 01:48:37
MemTotal:        8129240 kB
MemFree:         2858328 kB
MemAvailable:    3054356 kB
Buffers:            6592 kB
Cached:          1337248 kB
SwapCached:        66688 kB
Active:          4019480 kB
Inactive:         628988 kB
Active(anon):    3882348 kB
Inactive(anon):   509864 kB
Active(file):     137132 kB
Inactive(file):   119124 kB
Unevictable:          16 kB
Mlocked:              16 kB
SwapTotal:       4194300 kB
SwapFree:        4006292 kB
Zswap:                 0 kB
Zswapped:              0 kB
Dirty:               236 kB
Writeback:             0 kB
AnonPages:       3241588 kB
Mapped:          1285640 kB
Shmem:           1087644 kB
KReclaimable:      56668 kB
Slab:             284792 kB
SReclaimable:      56668 kB
SUnreclaim:       228124 kB
KernelStack:       18944 kB
PageTables:        70860 kB
SecPageTables:         0 kB
NFS_Unstable:          0 kB
Bounce:                0 kB
WritebackTmp:          0 kB
CommitLimit:     8258920 kB
Committed_AS:   12057336 kB
VmallocTotal:   34359738367 kB
VmallocUsed:       47208 kB
VmallocChunk:          0 kB
Percpu:            13280 kB
HardwareCorrupted:     0 kB
AnonHugePages:      6144 kB
ShmemHugePages:        0 kB
ShmemPmdMapped:        0 kB
FileHugePages:         0 kB
FilePmdMapped:         0 kB
CmaTotal:              0 kB
CmaFree:               0 kB
Unaccepted:            0 kB
Balloon:               0 kB
HugePages_Total:       0
HugePages_Free:        0
HugePages_Rsvd:        0
HugePages_Surp:        0
Hugepagesize:       2048 kB
Hugetlb:               0 kB
DirectMap4k:      194432 kB
DirectMap2M:     6096896 kB
DirectMap1G:     4194304 kB
---SNAPSHOT---
2026-04-27 01:48:38
MemTotal:        8129240 kB
MemFree:         2408296 kB
MemAvailable:    2604324 kB
Buffers:            6592 kB
Cached:          1337252 kB
SwapCached:        66688 kB
Active:          4465932 kB
Inactive:         628988 kB
Active(anon):    4328800 kB
Inactive(anon):   509864 kB
Active(file):     137132 kB
Inactive(file):   119124 kB
Unevictable:          16 kB
Mlocked:              16 kB
SwapTotal:       4194300 kB
SwapFree:        4006292 kB
Zswap:                 0 kB
Zswapped:              0 kB
Dirty:               240 kB
Writeback:             0 kB
AnonPages:       3688040 kB
Mapped:          1285412 kB
Shmem:           1087644 kB
KReclaimable:      56668 kB
Slab:             284776 kB
SReclaimable:      56668 kB
SUnreclaim:       228108 kB
KernelStack:       18944 kB
PageTables:        71680 kB
SecPageTables:         0 kB
NFS_Unstable:          0 kB
Bounce:                0 kB
WritebackTmp:          0 kB
CommitLimit:     8258920 kB
Committed_AS:   12056960 kB
VmallocTotal:   34359738367 kB
VmallocUsed:       47208 kB
VmallocChunk:          0 kB
Percpu:            13280 kB
HardwareCorrupted:     0 kB
AnonHugePages:      6144 kB
ShmemHugePages:        0 kB
ShmemPmdMapped:        0 kB
FileHugePages:         0 kB
FilePmdMapped:         0 kB
CmaTotal:              0 kB
CmaFree:               0 kB
Unaccepted:            0 kB
Balloon:               0 kB
HugePages_Total:       0
HugePages_Free:        0
HugePages_Rsvd:        0
HugePages_Surp:        0
Hugepagesize:       2048 kB
Hugetlb:               0 kB
DirectMap4k:      194432 kB
DirectMap2M:     6096896 kB
DirectMap1G:     4194304 kB
---SNAPSHOT---
2026-04-27 01:48:39
MemTotal:        8129240 kB
MemFree:         3473220 kB
MemAvailable:    3669260 kB
Buffers:            6608 kB
Cached:          1337248 kB
SwapCached:        66688 kB
Active:          3333452 kB
Inactive:         629000 kB
Active(anon):    3196320 kB
Inactive(anon):   509864 kB
Active(file):     137132 kB
Inactive(file):   119136 kB
Unevictable:          16 kB
Mlocked:              16 kB
SwapTotal:       4194300 kB
SwapFree:        4006292 kB
Zswap:                 0 kB
Zswapped:              0 kB
Dirty:               248 kB
Writeback:             0 kB
AnonPages:       2556384 kB
Mapped:          1285412 kB
Shmem:           1087644 kB
KReclaimable:      56668 kB
Slab:             284768 kB
SReclaimable:      56668 kB
SUnreclaim:       228100 kB
KernelStack:       18928 kB
PageTables:        69316 kB
SecPageTables:         0 kB
NFS_Unstable:          0 kB
Bounce:                0 kB
WritebackTmp:          0 kB
CommitLimit:     8258920 kB
Committed_AS:   12057476 kB
VmallocTotal:   34359738367 kB
VmallocUsed:       47224 kB
VmallocChunk:          0 kB
Percpu:            13280 kB
HardwareCorrupted:     0 kB
AnonHugePages:      6144 kB
ShmemHugePages:        0 kB
ShmemPmdMapped:        0 kB
FileHugePages:         0 kB
FilePmdMapped:         0 kB
CmaTotal:              0 kB
CmaFree:               0 kB
Unaccepted:            0 kB
Balloon:               0 kB
HugePages_Total:       0
HugePages_Free:        0
HugePages_Rsvd:        0
HugePages_Surp:        0
Hugepagesize:       2048 kB
Hugetlb:               0 kB
DirectMap4k:      194432 kB
DirectMap2M:     6096896 kB
DirectMap1G:     4194304 kB
---SNAPSHOT---
2026-04-27 01:48:40
MemTotal:        8129240 kB
MemFree:         3046712 kB
MemAvailable:    3242776 kB
Buffers:            6608 kB
Cached:          1337276 kB
SwapCached:        66688 kB
Active:          3774712 kB
Inactive:         629024 kB
Active(anon):    3637580 kB
Inactive(anon):   509864 kB
Active(file):     137132 kB
Inactive(file):   119160 kB
Unevictable:          16 kB
Mlocked:              16 kB
SwapTotal:       4194300 kB
SwapFree:        4006292 kB
Zswap:                 0 kB
Zswapped:              0 kB
Dirty:                88 kB
Writeback:             0 kB
AnonPages:       2997196 kB
Mapped:          1285412 kB
Shmem:           1087644 kB
KReclaimable:      56668 kB
Slab:             284772 kB
SReclaimable:      56668 kB
SUnreclaim:       228104 kB
KernelStack:       18944 kB
PageTables:        70544 kB
SecPageTables:         0 kB
NFS_Unstable:          0 kB
Bounce:                0 kB
WritebackTmp:          0 kB
CommitLimit:     8258920 kB
Committed_AS:   12057476 kB
VmallocTotal:   34359738367 kB
VmallocUsed:       47208 kB
VmallocChunk:          0 kB
Percpu:            13280 kB
HardwareCorrupted:     0 kB
AnonHugePages:      6144 kB
ShmemHugePages:        0 kB
ShmemPmdMapped:        0 kB
FileHugePages:         0 kB
FilePmdMapped:         0 kB
CmaTotal:              0 kB
CmaFree:               0 kB
Unaccepted:            0 kB
Balloon:               0 kB
HugePages_Total:       0
HugePages_Free:        0
HugePages_Rsvd:        0
HugePages_Surp:        0
Hugepagesize:       2048 kB
Hugetlb:               0 kB
DirectMap4k:      194432 kB
DirectMap2M:     6096896 kB
DirectMap1G:     4194304 kB
---SNAPSHOT---
2026-04-27 01:48:41
MemTotal:        8129240 kB
MemFree:         2667984 kB
MemAvailable:    2864060 kB
Buffers:            6608 kB
Cached:          1337280 kB
SwapCached:        66688 kB
Active:          4206984 kB
Inactive:         629036 kB
Active(anon):    4069852 kB
Inactive(anon):   509864 kB
Active(file):     137132 kB
Inactive(file):   119172 kB
Unevictable:          16 kB
Mlocked:              16 kB
SwapTotal:       4194300 kB
SwapFree:        4006292 kB
Zswap:                 0 kB
Zswapped:              0 kB
Dirty:                92 kB
Writeback:             0 kB
AnonPages:       3429064 kB
Mapped:          1285412 kB
Shmem:           1087644 kB
KReclaimable:      56668 kB
Slab:             284772 kB
SReclaimable:      56668 kB
SUnreclaim:       228104 kB
KernelStack:       18944 kB
PageTables:        71196 kB
SecPageTables:         0 kB
NFS_Unstable:          0 kB
Bounce:                0 kB
WritebackTmp:          0 kB
CommitLimit:     8258920 kB
Committed_AS:   12057476 kB
VmallocTotal:   34359738367 kB
VmallocUsed:       47224 kB
VmallocChunk:          0 kB
Percpu:            13280 kB
HardwareCorrupted:     0 kB
AnonHugePages:      6144 kB
ShmemHugePages:        0 kB
ShmemPmdMapped:        0 kB
FileHugePages:         0 kB
FilePmdMapped:         0 kB
CmaTotal:              0 kB
CmaFree:               0 kB
Unaccepted:            0 kB
Balloon:               0 kB
HugePages_Total:       0
HugePages_Free:        0
HugePages_Rsvd:        0
HugePages_Surp:        0
Hugepagesize:       2048 kB
Hugetlb:               0 kB
DirectMap4k:      194432 kB
DirectMap2M:     6096896 kB
DirectMap1G:     4194304 kB
---SNAPSHOT---
2026-04-27 01:48:42
MemTotal:        8129240 kB
MemFree:         2930660 kB
MemAvailable:    3126740 kB
Buffers:            6608 kB
Cached:          1337288 kB
SwapCached:        66688 kB
Active:          3859616 kB
Inactive:         629040 kB
Active(anon):    3722484 kB
Inactive(anon):   509864 kB
Active(file):     137132 kB
Inactive(file):   119176 kB
Unevictable:          16 kB
Mlocked:              16 kB
SwapTotal:       4194300 kB
SwapFree:        4006292 kB
Zswap:                 0 kB
Zswapped:              0 kB
Dirty:               100 kB
Writeback:             0 kB
AnonPages:       3081760 kB
Mapped:          1285412 kB
Shmem:           1087644 kB
KReclaimable:      56668 kB
Slab:             284772 kB
SReclaimable:      56668 kB
SUnreclaim:       228104 kB
KernelStack:       18944 kB
PageTables:        70880 kB
SecPageTables:         0 kB
NFS_Unstable:          0 kB
Bounce:                0 kB
WritebackTmp:          0 kB
CommitLimit:     8258920 kB
Committed_AS:   12057092 kB
VmallocTotal:   34359738367 kB
VmallocUsed:       47240 kB
VmallocChunk:          0 kB
Percpu:            13280 kB
HardwareCorrupted:     0 kB
AnonHugePages:      6144 kB
ShmemHugePages:        0 kB
ShmemPmdMapped:        0 kB
FileHugePages:         0 kB
FilePmdMapped:         0 kB
CmaTotal:              0 kB
CmaFree:               0 kB
Unaccepted:            0 kB
Balloon:               0 kB
HugePages_Total:       0
HugePages_Free:        0
HugePages_Rsvd:        0
HugePages_Surp:        0
Hugepagesize:       2048 kB
Hugetlb:               0 kB
DirectMap4k:      194432 kB
DirectMap2M:     6096896 kB
DirectMap1G:     4194304 kB
---SNAPSHOT---
2026-04-27 01:48:43
MemTotal:        8129240 kB
MemFree:         3282504 kB
MemAvailable:    3478588 kB
Buffers:            6608 kB
Cached:          1337292 kB
SwapCached:        66688 kB
Active:          3523196 kB
Inactive:         629044 kB
Active(anon):    3386064 kB
Inactive(anon):   509864 kB
Active(file):     137132 kB
Inactive(file):   119180 kB
Unevictable:          16 kB
Mlocked:              16 kB
SwapTotal:       4194300 kB
SwapFree:        4006292 kB
Zswap:                 0 kB
Zswapped:              0 kB
Dirty:               104 kB
Writeback:             0 kB
AnonPages:       2745592 kB
Mapped:          1285412 kB
Shmem:           1087644 kB
KReclaimable:      56668 kB
Slab:             284764 kB
SReclaimable:      56668 kB
SUnreclaim:       228096 kB
KernelStack:       18928 kB
PageTables:        69784 kB
SecPageTables:         0 kB
NFS_Unstable:          0 kB
Bounce:                0 kB
WritebackTmp:          0 kB
CommitLimit:     8258920 kB
Committed_AS:   12057700 kB
VmallocTotal:   34359738367 kB
VmallocUsed:       47224 kB
VmallocChunk:          0 kB
Percpu:            13280 kB
HardwareCorrupted:     0 kB
AnonHugePages:      6144 kB
ShmemHugePages:        0 kB
ShmemPmdMapped:        0 kB
FileHugePages:         0 kB
FilePmdMapped:         0 kB
CmaTotal:              0 kB
CmaFree:               0 kB
Unaccepted:            0 kB
Balloon:               0 kB
HugePages_Total:       0
HugePages_Free:        0
HugePages_Rsvd:        0
HugePages_Surp:        0
Hugepagesize:       2048 kB
Hugetlb:               0 kB
DirectMap4k:      194432 kB
DirectMap2M:     6096896 kB
DirectMap1G:     4194304 kB
---SNAPSHOT---
2026-04-27 01:48:44
MemTotal:        8129240 kB
MemFree:         2922820 kB
MemAvailable:    3118912 kB
Buffers:            6616 kB
Cached:          1337288 kB
SwapCached:        66688 kB
Active:          3959952 kB
Inactive:         629052 kB
Active(anon):    3822820 kB
Inactive(anon):   509864 kB
Active(file):     137132 kB
Inactive(file):   119188 kB
Unevictable:          16 kB
Mlocked:              16 kB
SwapTotal:       4194300 kB
SwapFree:        4006292 kB
Zswap:                 0 kB
Zswapped:              0 kB
Dirty:               108 kB
Writeback:             0 kB
AnonPages:       3182344 kB
Mapped:          1285412 kB
Shmem:           1087644 kB
KReclaimable:      56668 kB
Slab:             284780 kB
SReclaimable:      56668 kB
SUnreclaim:       228112 kB
KernelStack:       19004 kB
PageTables:        70648 kB
SecPageTables:         0 kB
NFS_Unstable:          0 kB
Bounce:                0 kB
WritebackTmp:          0 kB
CommitLimit:     8258920 kB
Committed_AS:   12057332 kB
VmallocTotal:   34359738367 kB
VmallocUsed:       47224 kB
VmallocChunk:          0 kB
Percpu:            13280 kB
HardwareCorrupted:     0 kB
AnonHugePages:      6144 kB
ShmemHugePages:        0 kB
ShmemPmdMapped:        0 kB
FileHugePages:         0 kB
FilePmdMapped:         0 kB
CmaTotal:              0 kB
CmaFree:               0 kB
Unaccepted:            0 kB
Balloon:               0 kB
HugePages_Total:       0
HugePages_Free:        0
HugePages_Rsvd:        0
HugePages_Surp:        0
Hugepagesize:       2048 kB
Hugetlb:               0 kB
DirectMap4k:      194432 kB
DirectMap2M:     6096896 kB
DirectMap1G:     4194304 kB
---SNAPSHOT---
2026-04-27 01:48:45
MemTotal:        8129240 kB
MemFree:         2479088 kB
MemAvailable:    2675188 kB
Buffers:            6616 kB
Cached:          1337304 kB
SwapCached:        66688 kB
Active:          4409188 kB
Inactive:         629060 kB
Active(anon):    4272056 kB
Inactive(anon):   509864 kB
Active(file):     137132 kB
Inactive(file):   119196 kB
Unevictable:          16 kB
Mlocked:              16 kB
SwapTotal:       4194300 kB
SwapFree:        4006292 kB
Zswap:                 0 kB
Zswapped:              0 kB
Dirty:               112 kB
Writeback:             0 kB
AnonPages:       3631428 kB
Mapped:          1285412 kB
Shmem:           1087644 kB
KReclaimable:      56668 kB
Slab:             284788 kB
SReclaimable:      56668 kB
SUnreclaim:       228120 kB
KernelStack:       18944 kB
PageTables:        71780 kB
SecPageTables:         0 kB
NFS_Unstable:          0 kB
Bounce:                0 kB
WritebackTmp:          0 kB
CommitLimit:     8258920 kB
Committed_AS:   12057344 kB
VmallocTotal:   34359738367 kB
VmallocUsed:       47240 kB
VmallocChunk:          0 kB
Percpu:            13280 kB
HardwareCorrupted:     0 kB
AnonHugePages:      6144 kB
ShmemHugePages:        0 kB
ShmemPmdMapped:        0 kB
FileHugePages:         0 kB
FilePmdMapped:         0 kB
CmaTotal:              0 kB
CmaFree:               0 kB
Unaccepted:            0 kB
Balloon:               0 kB
HugePages_Total:       0
HugePages_Free:        0
HugePages_Rsvd:        0
HugePages_Surp:        0
Hugepagesize:       2048 kB
Hugetlb:               0 kB
DirectMap4k:      194432 kB
DirectMap2M:     6096896 kB
DirectMap1G:     4194304 kB
---SNAPSHOT---
2026-04-27 01:48:46
MemTotal:        8129240 kB
MemFree:         3504764 kB
MemAvailable:    3700876 kB
Buffers:            6616 kB
Cached:          1337308 kB
SwapCached:        66688 kB
Active:          3295780 kB
Inactive:         629072 kB
Active(anon):    3158648 kB
Inactive(anon):   509864 kB
Active(file):     137132 kB
Inactive(file):   119208 kB
Unevictable:          16 kB
Mlocked:              16 kB
SwapTotal:       4194300 kB
SwapFree:        4006292 kB
Zswap:                 0 kB
Zswapped:              0 kB
Dirty:               116 kB
Writeback:             0 kB
AnonPages:       2518132 kB
Mapped:          1285412 kB
Shmem:           1087644 kB
KReclaimable:      56668 kB
Slab:             284792 kB
SReclaimable:      56668 kB
SUnreclaim:       228124 kB
KernelStack:       18944 kB
PageTables:        69456 kB
SecPageTables:         0 kB
NFS_Unstable:          0 kB
Bounce:                0 kB
WritebackTmp:          0 kB
CommitLimit:     8258920 kB
Committed_AS:   12057476 kB
VmallocTotal:   34359738367 kB
VmallocUsed:       47224 kB
VmallocChunk:          0 kB
Percpu:            13280 kB
HardwareCorrupted:     0 kB
AnonHugePages:      6144 kB
ShmemHugePages:        0 kB
ShmemPmdMapped:        0 kB
FileHugePages:         0 kB
FilePmdMapped:         0 kB
CmaTotal:              0 kB
CmaFree:               0 kB
Unaccepted:            0 kB
Balloon:               0 kB
HugePages_Total:       0
HugePages_Free:        0
HugePages_Rsvd:        0
HugePages_Surp:        0
Hugepagesize:       2048 kB
Hugetlb:               0 kB
DirectMap4k:      194432 kB
DirectMap2M:     6096896 kB
DirectMap1G:     4194304 kB
---SNAPSHOT---
2026-04-27 01:48:47
MemTotal:        8129240 kB
MemFree:         3038748 kB
MemAvailable:    3234864 kB
Buffers:            6616 kB
Cached:          1337316 kB
SwapCached:        66688 kB
Active:          3765912 kB
Inactive:         629076 kB
Active(anon):    3628780 kB
Inactive(anon):   509864 kB
Active(file):     137132 kB
Inactive(file):   119212 kB
Unevictable:          16 kB
Mlocked:              16 kB
SwapTotal:       4194300 kB
SwapFree:        4006292 kB
Zswap:                 0 kB
Zswapped:              0 kB
Dirty:               124 kB
Writeback:             0 kB
AnonPages:       2988380 kB
Mapped:          1285412 kB
Shmem:           1087644 kB
KReclaimable:      56668 kB
Slab:             284768 kB
SReclaimable:      56668 kB
SUnreclaim:       228100 kB
KernelStack:       18944 kB
PageTables:        70660 kB
SecPageTables:         0 kB
NFS_Unstable:          0 kB
Bounce:                0 kB
WritebackTmp:          0 kB
CommitLimit:     8258920 kB
Committed_AS:   12057476 kB
VmallocTotal:   34359738367 kB
VmallocUsed:       47224 kB
VmallocChunk:          0 kB
Percpu:            13280 kB
HardwareCorrupted:     0 kB
AnonHugePages:      6144 kB
ShmemHugePages:        0 kB
ShmemPmdMapped:        0 kB
FileHugePages:         0 kB
FilePmdMapped:         0 kB
CmaTotal:              0 kB
CmaFree:               0 kB
Unaccepted:            0 kB
Balloon:               0 kB
HugePages_Total:       0
HugePages_Free:        0
HugePages_Rsvd:        0
HugePages_Surp:        0
Hugepagesize:       2048 kB
Hugetlb:               0 kB
DirectMap4k:      194432 kB
DirectMap2M:     6096896 kB
DirectMap1G:     4194304 kB
---SNAPSHOT---
2026-04-27 01:48:48
MemTotal:        8129240 kB
MemFree:         2691060 kB
MemAvailable:    2887184 kB
Buffers:            6616 kB
Cached:          1337320 kB
SwapCached:        66688 kB
Active:          4191988 kB
Inactive:         629084 kB
Active(anon):    4054856 kB
Inactive(anon):   509864 kB
Active(file):     137132 kB
Inactive(file):   119220 kB
Unevictable:          16 kB
Mlocked:              16 kB
SwapTotal:       4194300 kB
SwapFree:        4006292 kB
Zswap:                 0 kB
Zswapped:              0 kB
Dirty:               128 kB
Writeback:             0 kB
AnonPages:       3414044 kB
Mapped:          1285412 kB
Shmem:           1087644 kB
KReclaimable:      56668 kB
Slab:             284784 kB
SReclaimable:      56668 kB
SUnreclaim:       228116 kB
KernelStack:       18928 kB
PageTables:        71312 kB
SecPageTables:         0 kB
NFS_Unstable:          0 kB
Bounce:                0 kB
WritebackTmp:          0 kB
CommitLimit:     8258920 kB
Committed_AS:   12057476 kB
VmallocTotal:   34359738367 kB
VmallocUsed:       47192 kB
VmallocChunk:          0 kB
Percpu:            13280 kB
HardwareCorrupted:     0 kB
AnonHugePages:      6144 kB
ShmemHugePages:        0 kB
ShmemPmdMapped:        0 kB
FileHugePages:         0 kB
FilePmdMapped:         0 kB
CmaTotal:              0 kB
CmaFree:               0 kB
Unaccepted:            0 kB
Balloon:               0 kB
HugePages_Total:       0
HugePages_Free:        0
HugePages_Rsvd:        0
HugePages_Surp:        0
Hugepagesize:       2048 kB
Hugetlb:               0 kB
DirectMap4k:      194432 kB
DirectMap2M:     6096896 kB
DirectMap1G:     4194304 kB
---SNAPSHOT---
2026-04-27 01:48:49
MemTotal:        8129240 kB
MemFree:         2927216 kB
MemAvailable:    3123344 kB
Buffers:            6624 kB
Cached:          1337328 kB
SwapCached:        66688 kB
Active:          3848864 kB
Inactive:         629088 kB
Active(anon):    3711732 kB
Inactive(anon):   509864 kB
Active(file):     137132 kB
Inactive(file):   119224 kB
Unevictable:          16 kB
Mlocked:              16 kB
SwapTotal:       4194300 kB
SwapFree:        4006292 kB
Zswap:                 0 kB
Zswapped:              0 kB
Dirty:               136 kB
Writeback:             0 kB
AnonPages:       3070788 kB
Mapped:          1285412 kB
Shmem:           1087644 kB
KReclaimable:      56668 kB
Slab:             284776 kB
SReclaimable:      56668 kB
SUnreclaim:       228108 kB
KernelStack:       19004 kB
PageTables:        70804 kB
SecPageTables:         0 kB
NFS_Unstable:          0 kB
Bounce:                0 kB
WritebackTmp:          0 kB
CommitLimit:     8258920 kB
Committed_AS:   12057092 kB
VmallocTotal:   34359738367 kB
VmallocUsed:       47288 kB
VmallocChunk:          0 kB
Percpu:            13280 kB
HardwareCorrupted:     0 kB
AnonHugePages:      6144 kB
ShmemHugePages:        0 kB
ShmemPmdMapped:        0 kB
FileHugePages:         0 kB
FilePmdMapped:         0 kB
CmaTotal:              0 kB
CmaFree:               0 kB
Unaccepted:            0 kB
Balloon:               0 kB
HugePages_Total:       0
HugePages_Free:        0
HugePages_Rsvd:        0
HugePages_Surp:        0
Hugepagesize:       2048 kB
Hugetlb:               0 kB
DirectMap4k:      194432 kB
DirectMap2M:     6096896 kB
DirectMap1G:     4194304 kB
---SNAPSHOT---
2026-04-27 01:48:50
MemTotal:        8129240 kB
MemFree:         3295472 kB
MemAvailable:    3491620 kB
Buffers:            6624 kB
Cached:          1337336 kB
SwapCached:        66688 kB
Active:          3520676 kB
Inactive:         629108 kB
Active(anon):    3383544 kB
Inactive(anon):   509864 kB
Active(file):     137132 kB
Inactive(file):   119244 kB
Unevictable:          16 kB
Mlocked:              16 kB
SwapTotal:       4194300 kB
SwapFree:        4006292 kB
Zswap:                 0 kB
Zswapped:              0 kB
Dirty:               144 kB
Writeback:             0 kB
AnonPages:       2743212 kB
Mapped:          1285412 kB
Shmem:           1087644 kB
KReclaimable:      56668 kB
Slab:             284788 kB
SReclaimable:      56668 kB
SUnreclaim:       228120 kB
KernelStack:       19004 kB
PageTables:        69976 kB
SecPageTables:         0 kB
NFS_Unstable:          0 kB
Bounce:                0 kB
WritebackTmp:          0 kB
CommitLimit:     8258920 kB
Committed_AS:   12057092 kB
VmallocTotal:   34359738367 kB
VmallocUsed:       47240 kB
VmallocChunk:          0 kB
Percpu:            13280 kB
HardwareCorrupted:     0 kB
AnonHugePages:      6144 kB
ShmemHugePages:        0 kB
ShmemPmdMapped:        0 kB
FileHugePages:         0 kB
FilePmdMapped:         0 kB
CmaTotal:              0 kB
CmaFree:               0 kB
Unaccepted:            0 kB
Balloon:               0 kB
HugePages_Total:       0
HugePages_Free:        0
HugePages_Rsvd:        0
HugePages_Surp:        0
Hugepagesize:       2048 kB
Hugetlb:               0 kB
DirectMap4k:      194432 kB
DirectMap2M:     6096896 kB
DirectMap1G:     4194304 kB
---SNAPSHOT---
2026-04-27 01:48:51
MemTotal:        8129240 kB
MemFree:         2907732 kB
MemAvailable:    3103880 kB
Buffers:            6624 kB
Cached:          1337340 kB
SwapCached:        66688 kB
Active:          3984576 kB
Inactive:         629108 kB
Active(anon):    3847444 kB
Inactive(anon):   509864 kB
Active(file):     137132 kB
Inactive(file):   119244 kB
Unevictable:          16 kB
Mlocked:              16 kB
SwapTotal:       4194300 kB
SwapFree:        4006292 kB
Zswap:                 0 kB
Zswapped:              0 kB
Dirty:               148 kB
Writeback:             0 kB
AnonPages:       3207508 kB
Mapped:          1285412 kB
Shmem:           1087644 kB
KReclaimable:      56668 kB
Slab:             284784 kB
SReclaimable:      56668 kB
SUnreclaim:       228116 kB
KernelStack:       19004 kB
PageTables:        70864 kB
SecPageTables:         0 kB
NFS_Unstable:          0 kB
Bounce:                0 kB
WritebackTmp:          0 kB
CommitLimit:     8258920 kB
Committed_AS:   12057364 kB
VmallocTotal:   34359738367 kB
VmallocUsed:       47256 kB
VmallocChunk:          0 kB
Percpu:            13280 kB
HardwareCorrupted:     0 kB
AnonHugePages:      6144 kB
ShmemHugePages:        0 kB
ShmemPmdMapped:        0 kB
FileHugePages:         0 kB
FilePmdMapped:         0 kB
CmaTotal:              0 kB
CmaFree:               0 kB
Unaccepted:            0 kB
Balloon:               0 kB
HugePages_Total:       0
HugePages_Free:        0
HugePages_Rsvd:        0
HugePages_Surp:        0
Hugepagesize:       2048 kB
Hugetlb:               0 kB
DirectMap4k:      194432 kB
DirectMap2M:     6096896 kB
DirectMap1G:     4194304 kB
---SNAPSHOT---
2026-04-27 01:48:52
MemTotal:        8129240 kB
MemFree:         2448328 kB
MemAvailable:    2644488 kB
Buffers:            6624 kB
Cached:          1337348 kB
SwapCached:        66688 kB
Active:          4439352 kB
Inactive:         629120 kB
Active(anon):    4302220 kB
Inactive(anon):   509864 kB
Active(file):     137132 kB
Inactive(file):   119256 kB
Unevictable:          16 kB
Mlocked:              16 kB
SwapTotal:       4194300 kB
SwapFree:        4006292 kB
Zswap:                 0 kB
Zswapped:              0 kB
Dirty:               156 kB
Writeback:             0 kB
AnonPages:       3661772 kB
Mapped:          1285412 kB
Shmem:           1087644 kB
KReclaimable:      56668 kB
Slab:             284780 kB
SReclaimable:      56668 kB
SUnreclaim:       228112 kB
KernelStack:       18988 kB
PageTables:        71712 kB
SecPageTables:         0 kB
NFS_Unstable:          0 kB
Bounce:                0 kB
WritebackTmp:          0 kB
CommitLimit:     8258920 kB
Committed_AS:   12057256 kB
VmallocTotal:   34359738367 kB
VmallocUsed:       47256 kB
VmallocChunk:          0 kB
Percpu:            13280 kB
HardwareCorrupted:     0 kB
AnonHugePages:      6144 kB
ShmemHugePages:        0 kB
ShmemPmdMapped:        0 kB
FileHugePages:         0 kB
FilePmdMapped:         0 kB
CmaTotal:              0 kB
CmaFree:               0 kB
Unaccepted:            0 kB
Balloon:               0 kB
HugePages_Total:       0
HugePages_Free:        0
HugePages_Rsvd:        0
HugePages_Surp:        0
Hugepagesize:       2048 kB
Hugetlb:               0 kB
DirectMap4k:      194432 kB
DirectMap2M:     6096896 kB
DirectMap1G:     4194304 kB
---SNAPSHOT---
2026-04-27 01:48:53
MemTotal:        8129240 kB
MemFree:         3473800 kB
MemAvailable:    3669964 kB
Buffers:            6624 kB
Cached:          1337352 kB
SwapCached:        66688 kB
Active:          3333508 kB
Inactive:         629124 kB
Active(anon):    3196376 kB
Inactive(anon):   509864 kB
Active(file):     137132 kB
Inactive(file):   119260 kB
Unevictable:          16 kB
Mlocked:              16 kB
SwapTotal:       4194300 kB
SwapFree:        4006292 kB
Zswap:                 0 kB
Zswapped:              0 kB
Dirty:               160 kB
Writeback:             0 kB
AnonPages:       2555664 kB
Mapped:          1285412 kB
Shmem:           1087644 kB
KReclaimable:      56668 kB
Slab:             284776 kB
SReclaimable:      56668 kB
SUnreclaim:       228108 kB
KernelStack:       18944 kB
PageTables:        69448 kB
SecPageTables:         0 kB
NFS_Unstable:          0 kB
Bounce:                0 kB
WritebackTmp:          0 kB
CommitLimit:     8258920 kB
Committed_AS:   12057692 kB
VmallocTotal:   34359738367 kB
VmallocUsed:       47224 kB
VmallocChunk:          0 kB
Percpu:            13280 kB
HardwareCorrupted:     0 kB
AnonHugePages:      6144 kB
ShmemHugePages:        0 kB
ShmemPmdMapped:        0 kB
FileHugePages:         0 kB
FilePmdMapped:         0 kB
CmaTotal:              0 kB
CmaFree:               0 kB
Unaccepted:            0 kB
Balloon:               0 kB
HugePages_Total:       0
HugePages_Free:        0
HugePages_Rsvd:        0
HugePages_Surp:        0
Hugepagesize:       2048 kB
Hugetlb:               0 kB
DirectMap4k:      194432 kB
DirectMap2M:     6096896 kB
DirectMap1G:     4194304 kB
---SNAPSHOT---
2026-04-27 01:48:54
MemTotal:        8129240 kB
MemFree:         3034524 kB
MemAvailable:    3230688 kB
Buffers:            6632 kB
Cached:          1337360 kB
SwapCached:        66688 kB
Active:          3798524 kB
Inactive:         629124 kB
Active(anon):    3661392 kB
Inactive(anon):   509864 kB
Active(file):     137132 kB
Inactive(file):   119260 kB
Unevictable:          16 kB
Mlocked:              16 kB
SwapTotal:       4194300 kB
SwapFree:        4006292 kB
Zswap:                 0 kB
Zswapped:              0 kB
Dirty:               168 kB
Writeback:             0 kB
AnonPages:       3020840 kB
Mapped:          1285412 kB
Shmem:           1087644 kB
KReclaimable:      56668 kB
Slab:             284772 kB
SReclaimable:      56668 kB
SUnreclaim:       228104 kB
KernelStack:       18944 kB
PageTables:        70220 kB
SecPageTables:         0 kB
NFS_Unstable:          0 kB
Bounce:                0 kB
WritebackTmp:          0 kB
CommitLimit:     8258920 kB
Committed_AS:   12057344 kB
VmallocTotal:   34359738367 kB
VmallocUsed:       47224 kB
VmallocChunk:          0 kB
Percpu:            13280 kB
HardwareCorrupted:     0 kB
AnonHugePages:      6144 kB
ShmemHugePages:        0 kB
ShmemPmdMapped:        0 kB
FileHugePages:         0 kB
FilePmdMapped:         0 kB
CmaTotal:              0 kB
CmaFree:               0 kB
Unaccepted:            0 kB
Balloon:               0 kB
HugePages_Total:       0
HugePages_Free:        0
HugePages_Rsvd:        0
HugePages_Surp:        0
Hugepagesize:       2048 kB
Hugetlb:               0 kB
DirectMap4k:      194432 kB
DirectMap2M:     6096896 kB
DirectMap1G:     4194304 kB
---SNAPSHOT---
2026-04-27 01:48:55
MemTotal:        8129240 kB
MemFree:         2648564 kB
MemAvailable:    2844748 kB
Buffers:            6632 kB
Cached:          1337368 kB
SwapCached:        66688 kB
Active:          4249788 kB
Inactive:         629144 kB
Active(anon):    4112656 kB
Inactive(anon):   509864 kB
Active(file):     137132 kB
Inactive(file):   119280 kB
Unevictable:          16 kB
Mlocked:              16 kB
SwapTotal:       4194300 kB
SwapFree:        4006292 kB
Zswap:                 0 kB
Zswapped:              0 kB
Dirty:               176 kB
Writeback:             0 kB
AnonPages:       3471972 kB
Mapped:          1285412 kB
Shmem:           1087644 kB
KReclaimable:      56668 kB
Slab:             284776 kB
SReclaimable:      56668 kB
SUnreclaim:       228108 kB
KernelStack:       18944 kB
PageTables:        71116 kB
SecPageTables:         0 kB
NFS_Unstable:          0 kB
Bounce:                0 kB
WritebackTmp:          0 kB
CommitLimit:     8258920 kB
Committed_AS:   12057452 kB
VmallocTotal:   34359738367 kB
VmallocUsed:       47224 kB
VmallocChunk:          0 kB
Percpu:            13280 kB
HardwareCorrupted:     0 kB
AnonHugePages:      6144 kB
ShmemHugePages:        0 kB
ShmemPmdMapped:        0 kB
FileHugePages:         0 kB
FilePmdMapped:         0 kB
CmaTotal:              0 kB
CmaFree:               0 kB
Unaccepted:            0 kB
Balloon:               0 kB
HugePages_Total:       0
HugePages_Free:        0
HugePages_Rsvd:        0
HugePages_Surp:        0
Hugepagesize:       2048 kB
Hugetlb:               0 kB
DirectMap4k:      194432 kB
DirectMap2M:     6096896 kB
DirectMap1G:     4194304 kB
---SNAPSHOT---
2026-04-27 01:48:56
MemTotal:        8129240 kB
MemFree:         2922108 kB
MemAvailable:    3118300 kB
Buffers:            6776 kB
Cached:          1337228 kB
SwapCached:        66688 kB
Active:          3901888 kB
Inactive:         629152 kB
Active(anon):    3764756 kB
Inactive(anon):   509864 kB
Active(file):     137132 kB
Inactive(file):   119288 kB
Unevictable:          16 kB
Mlocked:              16 kB
SwapTotal:       4194300 kB
SwapFree:        4006292 kB
Zswap:                 0 kB
Zswapped:              0 kB
Dirty:               180 kB
Writeback:             0 kB
AnonPages:       3123768 kB
Mapped:          1285412 kB
Shmem:           1087644 kB
KReclaimable:      56668 kB
Slab:             284776 kB
SReclaimable:      56668 kB
SUnreclaim:       228108 kB
KernelStack:       18944 kB
PageTables:        70848 kB
SecPageTables:         0 kB
NFS_Unstable:          0 kB
Bounce:                0 kB
WritebackTmp:          0 kB
CommitLimit:     8258920 kB
Committed_AS:   12057116 kB
VmallocTotal:   34359738367 kB
VmallocUsed:       47240 kB
VmallocChunk:          0 kB
Percpu:            13280 kB
HardwareCorrupted:     0 kB
AnonHugePages:      6144 kB
ShmemHugePages:        0 kB
ShmemPmdMapped:        0 kB
FileHugePages:         0 kB
FilePmdMapped:         0 kB
CmaTotal:              0 kB
CmaFree:               0 kB
Unaccepted:            0 kB
Balloon:               0 kB
HugePages_Total:       0
HugePages_Free:        0
HugePages_Rsvd:        0
HugePages_Surp:        0
Hugepagesize:       2048 kB
Hugetlb:               0 kB
DirectMap4k:      194432 kB
DirectMap2M:     6096896 kB
DirectMap1G:     4194304 kB
---SNAPSHOT---
2026-04-27 01:48:57
MemTotal:        8129240 kB
MemFree:         3249084 kB
MemAvailable:    3445404 kB
Buffers:            6776 kB
Cached:          1337380 kB
SwapCached:        66688 kB
Active:          3573820 kB
Inactive:         629280 kB
Active(anon):    3436688 kB
Inactive(anon):   509864 kB
Active(file):     137132 kB
Inactive(file):   119416 kB
Unevictable:          16 kB
Mlocked:              16 kB
SwapTotal:       4194300 kB
SwapFree:        4006292 kB
Zswap:                 0 kB
Zswapped:              0 kB
Dirty:               188 kB
Writeback:             0 kB
AnonPages:       2795956 kB
Mapped:          1285640 kB
Shmem:           1087644 kB
KReclaimable:      56668 kB
Slab:             284772 kB
SReclaimable:      56668 kB
SUnreclaim:       228104 kB
KernelStack:       18944 kB
PageTables:        69796 kB
SecPageTables:         0 kB
NFS_Unstable:          0 kB
Bounce:                0 kB
WritebackTmp:          0 kB
CommitLimit:     8258920 kB
Committed_AS:   12057256 kB
VmallocTotal:   34359738367 kB
VmallocUsed:       47192 kB
VmallocChunk:          0 kB
Percpu:            13280 kB
HardwareCorrupted:     0 kB
AnonHugePages:      6144 kB
ShmemHugePages:        0 kB
ShmemPmdMapped:        0 kB
FileHugePages:         0 kB
FilePmdMapped:         0 kB
CmaTotal:              0 kB
CmaFree:               0 kB
Unaccepted:            0 kB
Balloon:               0 kB
HugePages_Total:       0
HugePages_Free:        0
HugePages_Rsvd:        0
HugePages_Surp:        0
Hugepagesize:       2048 kB
Hugetlb:               0 kB
DirectMap4k:      194432 kB
DirectMap2M:     6096896 kB
DirectMap1G:     4194304 kB
---SNAPSHOT---
2026-04-27 01:48:58
MemTotal:        8129240 kB
MemFree:         2876840 kB
MemAvailable:    3073164 kB
Buffers:            6776 kB
Cached:          1337384 kB
SwapCached:        66688 kB
Active:          4017016 kB
Inactive:         629284 kB
Active(anon):    3879884 kB
Inactive(anon):   509864 kB
Active(file):     137132 kB
Inactive(file):   119420 kB
Unevictable:          16 kB
Mlocked:              16 kB
SwapTotal:       4194300 kB
SwapFree:        4006292 kB
Zswap:                 0 kB
Zswapped:              0 kB
Dirty:               192 kB
Writeback:             0 kB
AnonPages:       3239316 kB
Mapped:          1285412 kB
Shmem:           1087644 kB
KReclaimable:      56668 kB
Slab:             284780 kB
SReclaimable:      56668 kB
SUnreclaim:       228112 kB
KernelStack:       18944 kB
PageTables:        70680 kB
SecPageTables:         0 kB
NFS_Unstable:          0 kB
Bounce:                0 kB
WritebackTmp:          0 kB
CommitLimit:     8258920 kB
Committed_AS:   12057692 kB
VmallocTotal:   34359738367 kB
VmallocUsed:       47224 kB
VmallocChunk:          0 kB
Percpu:            13280 kB
HardwareCorrupted:     0 kB
AnonHugePages:      6144 kB
ShmemHugePages:        0 kB
ShmemPmdMapped:        0 kB
FileHugePages:         0 kB
FilePmdMapped:         0 kB
CmaTotal:              0 kB
CmaFree:               0 kB
Unaccepted:            0 kB
Balloon:               0 kB
HugePages_Total:       0
HugePages_Free:        0
HugePages_Rsvd:        0
HugePages_Surp:        0
Hugepagesize:       2048 kB
Hugetlb:               0 kB
DirectMap4k:      194432 kB
DirectMap2M:     6096896 kB
DirectMap1G:     4194304 kB
---SNAPSHOT---
2026-04-27 01:48:59
MemTotal:        8129240 kB
MemFree:         2441636 kB
MemAvailable:    2637960 kB
Buffers:            6784 kB
Cached:          1337388 kB
SwapCached:        66688 kB
Active:          4461356 kB
Inactive:         629284 kB
Active(anon):    4324224 kB
Inactive(anon):   509864 kB
Active(file):     137132 kB
Inactive(file):   119420 kB
Unevictable:          16 kB
Mlocked:              16 kB
SwapTotal:       4194300 kB
SwapFree:        4006292 kB
Zswap:                 0 kB
Zswapped:              0 kB
Dirty:               196 kB
Writeback:             0 kB
AnonPages:       3683620 kB
Mapped:          1285412 kB
Shmem:           1087644 kB
KReclaimable:      56668 kB
Slab:             284784 kB
SReclaimable:      56668 kB
SUnreclaim:       228116 kB
KernelStack:       18944 kB
PageTables:        71528 kB
SecPageTables:         0 kB
NFS_Unstable:          0 kB
Bounce:                0 kB
WritebackTmp:          0 kB
CommitLimit:     8258920 kB
Committed_AS:   12056868 kB
VmallocTotal:   34359738367 kB
VmallocUsed:       47256 kB
VmallocChunk:          0 kB
Percpu:            13280 kB
HardwareCorrupted:     0 kB
AnonHugePages:      6144 kB
ShmemHugePages:        0 kB
ShmemPmdMapped:        0 kB
FileHugePages:         0 kB
FilePmdMapped:         0 kB
CmaTotal:              0 kB
CmaFree:               0 kB
Unaccepted:            0 kB
Balloon:               0 kB
HugePages_Total:       0
HugePages_Free:        0
HugePages_Rsvd:        0
HugePages_Surp:        0
Hugepagesize:       2048 kB
Hugetlb:               0 kB
DirectMap4k:      194432 kB
DirectMap2M:     6096896 kB
DirectMap1G:     4194304 kB
---SNAPSHOT---
2026-04-27 01:49:00
MemTotal:        8129240 kB
MemFree:         3483144 kB
MemAvailable:    3679488 kB
Buffers:            6784 kB
Cached:          1337396 kB
SwapCached:        66688 kB
Active:          3347096 kB
Inactive:         629304 kB
Active(anon):    3209964 kB
Inactive(anon):   509864 kB
Active(file):     137132 kB
Inactive(file):   119440 kB
Unevictable:          16 kB
Mlocked:              16 kB
SwapTotal:       4194300 kB
SwapFree:        4006292 kB
Zswap:                 0 kB
Zswapped:              0 kB
Dirty:               204 kB
Writeback:             0 kB
AnonPages:       2569204 kB
Mapped:          1285412 kB
Shmem:           1087644 kB
KReclaimable:      56668 kB
Slab:             284852 kB
SReclaimable:      56668 kB
SUnreclaim:       228184 kB
KernelStack:       18944 kB
PageTables:        69408 kB
SecPageTables:         0 kB
NFS_Unstable:          0 kB
Bounce:                0 kB
WritebackTmp:          0 kB
CommitLimit:     8258920 kB
Committed_AS:   12057208 kB
VmallocTotal:   34359738367 kB
VmallocUsed:       47256 kB
VmallocChunk:          0 kB
Percpu:            13280 kB
HardwareCorrupted:     0 kB
AnonHugePages:      6144 kB
ShmemHugePages:        0 kB
ShmemPmdMapped:        0 kB
FileHugePages:         0 kB
FilePmdMapped:         0 kB
CmaTotal:              0 kB
CmaFree:               0 kB
Unaccepted:            0 kB
Balloon:               0 kB
HugePages_Total:       0
HugePages_Free:        0
HugePages_Rsvd:        0
HugePages_Surp:        0
Hugepagesize:       2048 kB
Hugetlb:               0 kB
DirectMap4k:      194432 kB
DirectMap2M:     6096896 kB
DirectMap1G:     4194304 kB
---SNAPSHOT---
2026-04-27 01:49:01
MemTotal:        8129240 kB
MemFree:         3036344 kB
MemAvailable:    3232692 kB
Buffers:            6784 kB
Cached:          1337400 kB
SwapCached:        66688 kB
Active:          3799452 kB
Inactive:         629308 kB
Active(anon):    3662320 kB
Inactive(anon):   509864 kB
Active(file):     137132 kB
Inactive(file):   119444 kB
Unevictable:          16 kB
Mlocked:              16 kB
SwapTotal:       4194300 kB
SwapFree:        4006292 kB
Zswap:                 0 kB
Zswapped:              0 kB
Dirty:               208 kB
Writeback:             0 kB
AnonPages:       3021796 kB
Mapped:          1285412 kB
Shmem:           1087644 kB
KReclaimable:      56668 kB
Slab:             284836 kB
SReclaimable:      56668 kB
SUnreclaim:       228168 kB
KernelStack:       18928 kB
PageTables:        70132 kB
SecPageTables:         0 kB
NFS_Unstable:          0 kB
Bounce:                0 kB
WritebackTmp:          0 kB
CommitLimit:     8258920 kB
Committed_AS:   12057724 kB
VmallocTotal:   34359738367 kB
VmallocUsed:       47240 kB
VmallocChunk:          0 kB
Percpu:            13280 kB
HardwareCorrupted:     0 kB
AnonHugePages:      6144 kB
ShmemHugePages:        0 kB
ShmemPmdMapped:        0 kB
FileHugePages:         0 kB
FilePmdMapped:         0 kB
CmaTotal:              0 kB
CmaFree:               0 kB
Unaccepted:            0 kB
Balloon:               0 kB
HugePages_Total:       0
HugePages_Free:        0
HugePages_Rsvd:        0
HugePages_Surp:        0
Hugepagesize:       2048 kB
Hugetlb:               0 kB
DirectMap4k:      194432 kB
DirectMap2M:     6096896 kB
DirectMap1G:     4194304 kB
---SNAPSHOT---
2026-04-27 01:49:02
MemTotal:        8129240 kB
MemFree:         2650828 kB
MemAvailable:    2847436 kB
Buffers:            7044 kB
Cached:          1337408 kB
SwapCached:        66688 kB
Active:          4250836 kB
Inactive:         629568 kB
Active(anon):    4113704 kB
Inactive(anon):   509864 kB
Active(file):     137132 kB
Inactive(file):   119704 kB
Unevictable:          16 kB
Mlocked:              16 kB
SwapTotal:       4194300 kB
SwapFree:        4006292 kB
Zswap:                 0 kB
Zswapped:              0 kB
Dirty:               216 kB
Writeback:             0 kB
AnonPages:       3473104 kB
Mapped:          1285412 kB
Shmem:           1087644 kB
KReclaimable:      56668 kB
Slab:             284860 kB
SReclaimable:      56668 kB
SUnreclaim:       228192 kB
KernelStack:       18944 kB
PageTables:        71064 kB
SecPageTables:         0 kB
NFS_Unstable:          0 kB
Bounce:                0 kB
WritebackTmp:          0 kB
CommitLimit:     8258920 kB
Committed_AS:   12057592 kB
VmallocTotal:   34359738367 kB
VmallocUsed:       47240 kB
VmallocChunk:          0 kB
Percpu:            13280 kB
HardwareCorrupted:     0 kB
AnonHugePages:      6144 kB
ShmemHugePages:        0 kB
ShmemPmdMapped:        0 kB
FileHugePages:         0 kB
FilePmdMapped:         0 kB
CmaTotal:              0 kB
CmaFree:               0 kB
Unaccepted:            0 kB
Balloon:               0 kB
HugePages_Total:       0
HugePages_Free:        0
HugePages_Rsvd:        0
HugePages_Surp:        0
Hugepagesize:       2048 kB
Hugetlb:               0 kB
DirectMap4k:      194432 kB
DirectMap2M:     6096896 kB
DirectMap1G:     4194304 kB
---SNAPSHOT---
2026-04-27 01:49:03
MemTotal:        8129240 kB
MemFree:         3231868 kB
MemAvailable:    3428512 kB
Buffers:            7044 kB
Cached:          1337412 kB
SwapCached:        66688 kB
Active:          3509956 kB
Inactive:         629604 kB
Active(anon):    3372824 kB
Inactive(anon):   509864 kB
Active(file):     137132 kB
Inactive(file):   119740 kB
Unevictable:          16 kB
Mlocked:              16 kB
SwapTotal:       4194300 kB
SwapFree:        4006292 kB
Zswap:                 0 kB
Zswapped:              0 kB
Dirty:               220 kB
Writeback:             0 kB
AnonPages:       2713184 kB
Mapped:          1285412 kB
Shmem:           1087644 kB
KReclaimable:      56668 kB
Slab:             284852 kB
SReclaimable:      56668 kB
SUnreclaim:       228184 kB
KernelStack:       18944 kB
PageTables:        70560 kB
SecPageTables:         0 kB
NFS_Unstable:          0 kB
Bounce:                0 kB
WritebackTmp:          0 kB
CommitLimit:     8258920 kB
Committed_AS:   12057352 kB
VmallocTotal:   34359738367 kB
VmallocUsed:       47272 kB
VmallocChunk:          0 kB
Percpu:            13280 kB
HardwareCorrupted:     0 kB
AnonHugePages:      6144 kB
ShmemHugePages:        0 kB
ShmemPmdMapped:        0 kB
FileHugePages:         0 kB
FilePmdMapped:         0 kB
CmaTotal:              0 kB
CmaFree:               0 kB
Unaccepted:            0 kB
Balloon:               0 kB
HugePages_Total:       0
HugePages_Free:        0
HugePages_Rsvd:        0
HugePages_Surp:        0
Hugepagesize:       2048 kB
Hugetlb:               0 kB
DirectMap4k:      194432 kB
DirectMap2M:     6096896 kB
DirectMap1G:     4194304 kB
---SNAPSHOT---
2026-04-27 01:49:04
MemTotal:        8129240 kB
MemFree:         3226344 kB
MemAvailable:    3422988 kB
Buffers:            7052 kB
Cached:          1337416 kB
SwapCached:        66688 kB
Active:          3604588 kB
Inactive:         629604 kB
Active(anon):    3467456 kB
Inactive(anon):   509864 kB
Active(file):     137132 kB
Inactive(file):   119740 kB
Unevictable:          16 kB
Mlocked:              16 kB
SwapTotal:       4194300 kB
SwapFree:        4006292 kB
Zswap:                 0 kB
Zswapped:              0 kB
Dirty:               224 kB
Writeback:             0 kB
AnonPages:       2826808 kB
Mapped:          1285412 kB
Shmem:           1087644 kB
KReclaimable:      56668 kB
Slab:             284844 kB
SReclaimable:      56668 kB
SUnreclaim:       228176 kB
KernelStack:       18868 kB
PageTables:        69744 kB
SecPageTables:         0 kB
NFS_Unstable:          0 kB
Bounce:                0 kB
WritebackTmp:          0 kB
CommitLimit:     8258920 kB
Committed_AS:   12057588 kB
VmallocTotal:   34359738367 kB
VmallocUsed:       47256 kB
VmallocChunk:          0 kB
Percpu:            13280 kB
HardwareCorrupted:     0 kB
AnonHugePages:      6144 kB
ShmemHugePages:        0 kB
ShmemPmdMapped:        0 kB
FileHugePages:         0 kB
FilePmdMapped:         0 kB
CmaTotal:              0 kB
CmaFree:               0 kB
Unaccepted:            0 kB
Balloon:               0 kB
HugePages_Total:       0
HugePages_Free:        0
HugePages_Rsvd:        0
HugePages_Surp:        0
Hugepagesize:       2048 kB
Hugetlb:               0 kB
DirectMap4k:      194432 kB
DirectMap2M:     6096896 kB
DirectMap1G:     4194304 kB
---SNAPSHOT---
2026-04-27 01:49:05
MemTotal:        8129240 kB
MemFree:         2839476 kB
MemAvailable:    3036136 kB
Buffers:            7052 kB
Cached:          1337424 kB
SwapCached:        66688 kB
Active:          4062480 kB
Inactive:         629620 kB
Active(anon):    3925348 kB
Inactive(anon):   509864 kB
Active(file):     137132 kB
Inactive(file):   119756 kB
Unevictable:          16 kB
Mlocked:              16 kB
SwapTotal:       4194300 kB
SwapFree:        4006292 kB
Zswap:                 0 kB
Zswapped:              0 kB
Dirty:               232 kB
Writeback:             0 kB
AnonPages:       3284784 kB
Mapped:          1285412 kB
Shmem:           1087644 kB
KReclaimable:      56668 kB
Slab:             284860 kB
SReclaimable:      56668 kB
SUnreclaim:       228192 kB
KernelStack:       18944 kB
PageTables:        70896 kB
SecPageTables:         0 kB
NFS_Unstable:          0 kB
Bounce:                0 kB
WritebackTmp:          0 kB
CommitLimit:     8258920 kB
Committed_AS:   12057592 kB
VmallocTotal:   34359738367 kB
VmallocUsed:       47192 kB
VmallocChunk:          0 kB
Percpu:            13280 kB
HardwareCorrupted:     0 kB
AnonHugePages:      6144 kB
ShmemHugePages:        0 kB
ShmemPmdMapped:        0 kB
FileHugePages:         0 kB
FilePmdMapped:         0 kB
CmaTotal:              0 kB
CmaFree:               0 kB
Unaccepted:            0 kB
Balloon:               0 kB
HugePages_Total:       0
HugePages_Free:        0
HugePages_Rsvd:        0
HugePages_Surp:        0
Hugepagesize:       2048 kB
Hugetlb:               0 kB
DirectMap4k:      194432 kB
DirectMap2M:     6096896 kB
DirectMap1G:     4194304 kB
---SNAPSHOT---
2026-04-27 01:49:06
MemTotal:        8129240 kB
MemFree:         2388552 kB
MemAvailable:    2585220 kB
Buffers:            7052 kB
Cached:          1337428 kB
SwapCached:        66688 kB
Active:          4516344 kB
Inactive:         629628 kB
Active(anon):    4379212 kB
Inactive(anon):   509864 kB
Active(file):     137132 kB
Inactive(file):   119764 kB
Unevictable:          16 kB
Mlocked:              16 kB
SwapTotal:       4194300 kB
SwapFree:        4006292 kB
Zswap:                 0 kB
Zswapped:              0 kB
Dirty:               176 kB
Writeback:             0 kB
AnonPages:       3738900 kB
Mapped:          1285412 kB
Shmem:           1087644 kB
KReclaimable:      56668 kB
Slab:             284880 kB
SReclaimable:      56668 kB
SUnreclaim:       228212 kB
KernelStack:       18928 kB
PageTables:        71832 kB
SecPageTables:         0 kB
NFS_Unstable:          0 kB
Bounce:                0 kB
WritebackTmp:          0 kB
CommitLimit:     8258920 kB
Committed_AS:   12057132 kB
VmallocTotal:   34359738367 kB
VmallocUsed:       47272 kB
VmallocChunk:          0 kB
Percpu:            13280 kB
HardwareCorrupted:     0 kB
AnonHugePages:      6144 kB
ShmemHugePages:        0 kB
ShmemPmdMapped:        0 kB
FileHugePages:         0 kB
FilePmdMapped:         0 kB
CmaTotal:              0 kB
CmaFree:               0 kB
Unaccepted:            0 kB
Balloon:               0 kB
HugePages_Total:       0
HugePages_Free:        0
HugePages_Rsvd:        0
HugePages_Surp:        0
Hugepagesize:       2048 kB
Hugetlb:               0 kB
DirectMap4k:      194432 kB
DirectMap2M:     6096896 kB
DirectMap1G:     4194304 kB
---SNAPSHOT---
2026-04-27 01:49:07
MemTotal:        8129240 kB
MemFree:         3471616 kB
MemAvailable:    3668288 kB
Buffers:            7052 kB
Cached:          1337436 kB
SwapCached:        66688 kB
Active:          3362912 kB
Inactive:         629632 kB
Active(anon):    3225780 kB
Inactive(anon):   509864 kB
Active(file):     137132 kB
Inactive(file):   119768 kB
Unevictable:          16 kB
Mlocked:              16 kB
SwapTotal:       4194300 kB
SwapFree:        4006292 kB
Zswap:                 0 kB
Zswapped:              0 kB
Dirty:               184 kB
Writeback:             0 kB
AnonPages:       2585472 kB
Mapped:          1285412 kB
Shmem:           1087644 kB
KReclaimable:      56668 kB
Slab:             284816 kB
SReclaimable:      56668 kB
SUnreclaim:       228148 kB
KernelStack:       18944 kB
PageTables:        70624 kB
SecPageTables:         0 kB
NFS_Unstable:          0 kB
Bounce:                0 kB
WritebackTmp:          0 kB
CommitLimit:     8258920 kB
