---SNAPSHOT---
2026-04-27 01:19:22
MemTotal:        8129240 kB
MemFree:         4938500 kB
MemAvailable:    5118024 kB
Buffers:            5056 kB
Cached:           273208 kB
SwapCached:        50128 kB
Active:          2021016 kB
Inactive:         615628 kB
Active(anon):    1898732 kB
Inactive(anon):   498492 kB
Active(file):     122284 kB
Inactive(file):   117136 kB
Unevictable:           0 kB
Mlocked:               0 kB
SwapTotal:       4194300 kB
SwapFree:        4022852 kB
Zswap:                 0 kB
Zswapped:              0 kB
Dirty:               496 kB
Writeback:             0 kB
AnonPages:       2312720 kB
Mapped:           232448 kB
Shmem:             38812 kB
KReclaimable:      57000 kB
Slab:             284960 kB
SReclaimable:      57000 kB
SUnreclaim:       227960 kB
KernelStack:       18800 kB
PageTables:        57864 kB
SecPageTables:         0 kB
NFS_Unstable:          0 kB
Bounce:                0 kB
WritebackTmp:          0 kB
CommitLimit:     8258920 kB
Committed_AS:    9391248 kB
VmallocTotal:   34359738367 kB
VmallocUsed:       47016 kB
VmallocChunk:          0 kB
Percpu:            13280 kB
HardwareCorrupted:     0 kB
AnonHugePages:      4096 kB
ShmemHugePages:        0 kB
ShmemPmdMapped:        0 kB
FileHugePages:         0 kB
FilePmdMapped:         0 kB
CmaTotal:              0 kB
CmaFree:               0 kB
Unaccepted:            0 kB
Balloon:               0 kB
HugePages_Total:       0
HugePages_Free:        0
HugePages_Rsvd:        0
HugePages_Surp:        0
Hugepagesize:       2048 kB
Hugetlb:               0 kB
DirectMap4k:      194432 kB
DirectMap2M:     6096896 kB
DirectMap1G:     4194304 kB
---SNAPSHOT---
2026-04-27 01:19:23
MemTotal:        8129240 kB
MemFree:         4939576 kB
MemAvailable:    5119192 kB
Buffers:            5056 kB
Cached:           273216 kB
SwapCached:        50128 kB
Active:          2020772 kB
Inactive:         615640 kB
Active(anon):    1898408 kB
Inactive(anon):   498492 kB
Active(file):     122364 kB
Inactive(file):   117148 kB
Unevictable:           0 kB
Mlocked:               0 kB
SwapTotal:       4194300 kB
SwapFree:        4022852 kB
Zswap:                 0 kB
Zswapped:              0 kB
Dirty:               504 kB
Writeback:             0 kB
AnonPages:       2312596 kB
Mapped:           232436 kB
Shmem:             38812 kB
KReclaimable:      57000 kB
Slab:             284960 kB
SReclaimable:      57000 kB
SUnreclaim:       227960 kB
KernelStack:       18752 kB
PageTables:        57824 kB
SecPageTables:         0 kB
NFS_Unstable:          0 kB
Bounce:                0 kB
WritebackTmp:          0 kB
CommitLimit:     8258920 kB
Committed_AS:    9390452 kB
VmallocTotal:   34359738367 kB
VmallocUsed:       47064 kB
VmallocChunk:          0 kB
Percpu:            13280 kB
HardwareCorrupted:     0 kB
AnonHugePages:      4096 kB
ShmemHugePages:        0 kB
ShmemPmdMapped:        0 kB
FileHugePages:         0 kB
FilePmdMapped:         0 kB
CmaTotal:              0 kB
CmaFree:               0 kB
Unaccepted:            0 kB
Balloon:               0 kB
HugePages_Total:       0
HugePages_Free:        0
HugePages_Rsvd:        0
HugePages_Surp:        0
Hugepagesize:       2048 kB
Hugetlb:               0 kB
DirectMap4k:      194432 kB
DirectMap2M:     6096896 kB
DirectMap1G:     4194304 kB
---SNAPSHOT---
2026-04-27 01:19:24
MemTotal:        8129240 kB
MemFree:         4940728 kB
MemAvailable:    5120352 kB
Buffers:            5056 kB
Cached:           273220 kB
SwapCached:        50128 kB
Active:          2020680 kB
Inactive:         615648 kB
Active(anon):    1898316 kB
Inactive(anon):   498492 kB
Active(file):     122364 kB
Inactive(file):   117156 kB
Unevictable:           0 kB
Mlocked:               0 kB
SwapTotal:       4194300 kB
SwapFree:        4022852 kB
Zswap:                 0 kB
Zswapped:              0 kB
Dirty:               508 kB
Writeback:             0 kB
AnonPages:       2312556 kB
Mapped:           232436 kB
Shmem:             38812 kB
KReclaimable:      57000 kB
Slab:             284960 kB
SReclaimable:      57000 kB
SUnreclaim:       227960 kB
KernelStack:       18768 kB
PageTables:        57876 kB
SecPageTables:         0 kB
NFS_Unstable:          0 kB
Bounce:                0 kB
WritebackTmp:          0 kB
CommitLimit:     8258920 kB
Committed_AS:    9390316 kB
VmallocTotal:   34359738367 kB
VmallocUsed:       47080 kB
VmallocChunk:          0 kB
Percpu:            13280 kB
HardwareCorrupted:     0 kB
AnonHugePages:      4096 kB
ShmemHugePages:        0 kB
ShmemPmdMapped:        0 kB
FileHugePages:         0 kB
FilePmdMapped:         0 kB
CmaTotal:              0 kB
CmaFree:               0 kB
Unaccepted:            0 kB
Balloon:               0 kB
HugePages_Total:       0
HugePages_Free:        0
HugePages_Rsvd:        0
HugePages_Surp:        0
Hugepagesize:       2048 kB
Hugetlb:               0 kB
DirectMap4k:      194432 kB
DirectMap2M:     6096896 kB
DirectMap1G:     4194304 kB
---SNAPSHOT---
2026-04-27 01:19:25
MemTotal:        8129240 kB
MemFree:         4941156 kB
MemAvailable:    5120960 kB
Buffers:            5196 kB
Cached:           273300 kB
SwapCached:        50128 kB
Active:          2022432 kB
Inactive:         615808 kB
Active(anon):    1900048 kB
Inactive(anon):   498492 kB
Active(file):     122384 kB
Inactive(file):   117316 kB
Unevictable:           0 kB
Mlocked:               0 kB
SwapTotal:       4194300 kB
SwapFree:        4022852 kB
Zswap:                 0 kB
Zswapped:              0 kB
Dirty:               588 kB
Writeback:             0 kB
AnonPages:       2314204 kB
Mapped:           233592 kB
Shmem:             38812 kB
KReclaimable:      57000 kB
Slab:             284960 kB
SReclaimable:      57000 kB
SUnreclaim:       227960 kB
KernelStack:       18816 kB
PageTables:        58048 kB
SecPageTables:         0 kB
NFS_Unstable:          0 kB
Bounce:                0 kB
WritebackTmp:          0 kB
CommitLimit:     8258920 kB
Committed_AS:    9394600 kB
VmallocTotal:   34359738367 kB
VmallocUsed:       47120 kB
VmallocChunk:          0 kB
Percpu:            13280 kB
HardwareCorrupted:     0 kB
AnonHugePages:      4096 kB
ShmemHugePages:        0 kB
ShmemPmdMapped:        0 kB
FileHugePages:         0 kB
FilePmdMapped:         0 kB
CmaTotal:              0 kB
CmaFree:               0 kB
Unaccepted:            0 kB
Balloon:               0 kB
HugePages_Total:       0
HugePages_Free:        0
HugePages_Rsvd:        0
HugePages_Surp:        0
Hugepagesize:       2048 kB
Hugetlb:               0 kB
DirectMap4k:      194432 kB
DirectMap2M:     6096896 kB
DirectMap1G:     4194304 kB
---SNAPSHOT---
2026-04-27 01:19:26
MemTotal:        8129240 kB
MemFree:         4940368 kB
MemAvailable:    5124748 kB
Buffers:            5604 kB
Cached:           277540 kB
SwapCached:        50128 kB
Active:          2026644 kB
Inactive:         616356 kB
Active(anon):    1900232 kB
Inactive(anon):   498492 kB
Active(file):     126412 kB
Inactive(file):   117864 kB
Unevictable:           0 kB
Mlocked:               0 kB
SwapTotal:       4194300 kB
SwapFree:        4022852 kB
Zswap:                 0 kB
Zswapped:              0 kB
Dirty:               708 kB
Writeback:             0 kB
AnonPages:       2314356 kB
Mapped:           234008 kB
Shmem:             38816 kB
KReclaimable:      57000 kB
Slab:             284960 kB
SReclaimable:      57000 kB
SUnreclaim:       227960 kB
KernelStack:       18816 kB
PageTables:        58068 kB
SecPageTables:         0 kB
NFS_Unstable:          0 kB
Bounce:                0 kB
WritebackTmp:          0 kB
CommitLimit:     8258920 kB
Committed_AS:    9402416 kB
VmallocTotal:   34359738367 kB
VmallocUsed:       47120 kB
VmallocChunk:          0 kB
Percpu:            13280 kB
HardwareCorrupted:     0 kB
AnonHugePages:      4096 kB
ShmemHugePages:        0 kB
ShmemPmdMapped:        0 kB
FileHugePages:         0 kB
FilePmdMapped:         0 kB
CmaTotal:              0 kB
CmaFree:               0 kB
Unaccepted:            0 kB
Balloon:               0 kB
HugePages_Total:       0
HugePages_Free:        0
HugePages_Rsvd:        0
HugePages_Surp:        0
Hugepagesize:       2048 kB
Hugetlb:               0 kB
DirectMap4k:      194432 kB
DirectMap2M:     6096896 kB
DirectMap1G:     4194304 kB
