---SNAPSHOT---
2026-04-27 02:16:09
MemTotal:        8129240 kB
MemFree:         4681176 kB
MemAvailable:    4863104 kB
Buffers:            4648 kB
Cached:           277532 kB
SwapCached:       117888 kB
Active:          2042312 kB
Inactive:         670476 kB
Active(anon):    1915252 kB
Inactive(anon):   554008 kB
Active(file):     127060 kB
Inactive(file):   116468 kB
Unevictable:           0 kB
Mlocked:               0 kB
SwapTotal:       4194300 kB
SwapFree:        3955092 kB
Zswap:                 0 kB
Zswapped:              0 kB
Dirty:               256 kB
Writeback:             0 kB
AnonPages:       2317056 kB
Mapped:           237300 kB
Shmem:             38812 kB
KReclaimable:      55296 kB
Slab:             283456 kB
SReclaimable:      55296 kB
SUnreclaim:       228160 kB
KernelStack:       18856 kB
PageTables:        58112 kB
SecPageTables:         0 kB
NFS_Unstable:          0 kB
Bounce:                0 kB
WritebackTmp:          0 kB
CommitLimit:     8258920 kB
Committed_AS:    9398000 kB
VmallocTotal:   34359738367 kB
VmallocUsed:       47128 kB
VmallocChunk:          0 kB
Percpu:            13280 kB
HardwareCorrupted:     0 kB
AnonHugePages:     12288 kB
ShmemHugePages:        0 kB
ShmemPmdMapped:        0 kB
FileHugePages:         0 kB
FilePmdMapped:         0 kB
CmaTotal:              0 kB
CmaFree:               0 kB
Unaccepted:            0 kB
Balloon:               0 kB
HugePages_Total:       0
HugePages_Free:        0
HugePages_Rsvd:        0
HugePages_Surp:        0
Hugepagesize:       2048 kB
Hugetlb:               0 kB
DirectMap4k:      194432 kB
DirectMap2M:     6096896 kB
DirectMap1G:     4194304 kB
---SNAPSHOT---
2026-04-27 02:16:10
MemTotal:        8129240 kB
MemFree:         4689884 kB
MemAvailable:    4872948 kB
Buffers:            5376 kB
Cached:           278024 kB
SwapCached:       117888 kB
Active:          2043060 kB
Inactive:         671484 kB
Active(anon):    1915872 kB
Inactive(anon):   554008 kB
Active(file):     127188 kB
Inactive(file):   117476 kB
Unevictable:           0 kB
Mlocked:               0 kB
SwapTotal:       4194300 kB
SwapFree:        3955092 kB
Zswap:                 0 kB
Zswapped:              0 kB
Dirty:               480 kB
Writeback:             0 kB
AnonPages:       2317672 kB
Mapped:           237352 kB
Shmem:             38812 kB
KReclaimable:      55296 kB
Slab:             283424 kB
SReclaimable:      55296 kB
SUnreclaim:       228128 kB
KernelStack:       18800 kB
PageTables:        57796 kB
SecPageTables:         0 kB
NFS_Unstable:          0 kB
Bounce:                0 kB
WritebackTmp:          0 kB
CommitLimit:     8258920 kB
Committed_AS:    9396388 kB
VmallocTotal:   34359738367 kB
VmallocUsed:       47096 kB
VmallocChunk:          0 kB
Percpu:            13280 kB
HardwareCorrupted:     0 kB
AnonHugePages:     12288 kB
ShmemHugePages:        0 kB
ShmemPmdMapped:        0 kB
FileHugePages:         0 kB
FilePmdMapped:         0 kB
CmaTotal:              0 kB
CmaFree:               0 kB
Unaccepted:            0 kB
Balloon:               0 kB
HugePages_Total:       0
HugePages_Free:        0
HugePages_Rsvd:        0
HugePages_Surp:        0
Hugepagesize:       2048 kB
Hugetlb:               0 kB
DirectMap4k:      194432 kB
DirectMap2M:     6096896 kB
DirectMap1G:     4194304 kB
---SNAPSHOT---
2026-04-27 02:16:11
MemTotal:        8129240 kB
MemFree:         4702060 kB
MemAvailable:    4889628 kB
Buffers:            5852 kB
Cached:           282072 kB
SwapCached:       117888 kB
Active:          2049344 kB
Inactive:         672008 kB
Active(anon):    1918176 kB
Inactive(anon):   554008 kB
Active(file):     131168 kB
Inactive(file):   118000 kB
Unevictable:           0 kB
Mlocked:               0 kB
SwapTotal:       4194300 kB
SwapFree:        3955092 kB
Zswap:                 0 kB
Zswapped:              0 kB
Dirty:               564 kB
Writeback:             0 kB
AnonPages:       2320224 kB
Mapped:           237352 kB
Shmem:             38812 kB
KReclaimable:      55296 kB
Slab:             283416 kB
SReclaimable:      55296 kB
SUnreclaim:       228120 kB
KernelStack:       18784 kB
PageTables:        57632 kB
SecPageTables:         0 kB
NFS_Unstable:          0 kB
Bounce:                0 kB
WritebackTmp:          0 kB
CommitLimit:     8258920 kB
Committed_AS:    9396224 kB
VmallocTotal:   34359738367 kB
VmallocUsed:       47096 kB
VmallocChunk:          0 kB
Percpu:            13280 kB
HardwareCorrupted:     0 kB
AnonHugePages:     12288 kB
ShmemHugePages:        0 kB
ShmemPmdMapped:        0 kB
FileHugePages:         0 kB
FilePmdMapped:         0 kB
CmaTotal:              0 kB
CmaFree:               0 kB
Unaccepted:            0 kB
Balloon:               0 kB
HugePages_Total:       0
HugePages_Free:        0
HugePages_Rsvd:        0
HugePages_Surp:        0
Hugepagesize:       2048 kB
Hugetlb:               0 kB
DirectMap4k:      194432 kB
DirectMap2M:     6096896 kB
DirectMap1G:     4194304 kB
---SNAPSHOT---
2026-04-27 02:16:12
MemTotal:        8129240 kB
MemFree:         4709660 kB
MemAvailable:    4901128 kB
Buffers:            6256 kB
Cached:           285784 kB
SwapCached:       117888 kB
Active:          2053000 kB
Inactive:         672488 kB
Active(anon):    1918412 kB
Inactive(anon):   554008 kB
Active(file):     134588 kB
Inactive(file):   118480 kB
Unevictable:           0 kB
Mlocked:               0 kB
SwapTotal:       4194300 kB
SwapFree:        3955092 kB
Zswap:                 0 kB
Zswapped:              0 kB
Dirty:               572 kB
Writeback:             0 kB
AnonPages:       2320484 kB
Mapped:           237580 kB
Shmem:             38812 kB
KReclaimable:      55296 kB
Slab:             283416 kB
SReclaimable:      55296 kB
SUnreclaim:       228120 kB
KernelStack:       18768 kB
PageTables:        57832 kB
SecPageTables:         0 kB
NFS_Unstable:          0 kB
Bounce:                0 kB
WritebackTmp:          0 kB
CommitLimit:     8258920 kB
Committed_AS:    9405140 kB
VmallocTotal:   34359738367 kB
VmallocUsed:       47096 kB
VmallocChunk:          0 kB
Percpu:            13280 kB
HardwareCorrupted:     0 kB
AnonHugePages:     12288 kB
ShmemHugePages:        0 kB
ShmemPmdMapped:        0 kB
FileHugePages:         0 kB
FilePmdMapped:         0 kB
CmaTotal:              0 kB
CmaFree:               0 kB
Unaccepted:            0 kB
Balloon:               0 kB
HugePages_Total:       0
HugePages_Free:        0
HugePages_Rsvd:        0
HugePages_Surp:        0
Hugepagesize:       2048 kB
Hugetlb:               0 kB
DirectMap4k:      194432 kB
DirectMap2M:     6096896 kB
DirectMap1G:     4194304 kB
---SNAPSHOT---
2026-04-27 02:16:13
MemTotal:        8129240 kB
MemFree:         2411008 kB
MemAvailable:    2609884 kB
Buffers:            6256 kB
Cached:           310120 kB
SwapCached:       117888 kB
Active:          4362668 kB
Inactive:         672644 kB
Active(anon):    4220828 kB
Inactive(anon):   554008 kB
Active(file):     141840 kB
Inactive(file):   118636 kB
Unevictable:          16 kB
Mlocked:              16 kB
SwapTotal:       4194300 kB
SwapFree:        3955092 kB
Zswap:                 0 kB
Zswapped:              0 kB
Dirty:               660 kB
Writeback:             0 kB
AnonPages:       4605896 kB
Mapped:           257868 kB
Shmem:             55960 kB
KReclaimable:      55296 kB
Slab:             283424 kB
SReclaimable:      55296 kB
SUnreclaim:       228128 kB
KernelStack:       18960 kB
PageTables:        62768 kB
SecPageTables:         0 kB
NFS_Unstable:          0 kB
Bounce:                0 kB
WritebackTmp:          0 kB
CommitLimit:     8258920 kB
Committed_AS:   12053308 kB
VmallocTotal:   34359738367 kB
VmallocUsed:       47176 kB
VmallocChunk:          0 kB
Percpu:            13280 kB
HardwareCorrupted:     0 kB
AnonHugePages:     12288 kB
ShmemHugePages:        0 kB
ShmemPmdMapped:        0 kB
FileHugePages:         0 kB
FilePmdMapped:         0 kB
CmaTotal:              0 kB
CmaFree:               0 kB
Unaccepted:            0 kB
Balloon:               0 kB
HugePages_Total:       0
HugePages_Free:        0
HugePages_Rsvd:        0
HugePages_Surp:        0
Hugepagesize:       2048 kB
Hugetlb:               0 kB
DirectMap4k:      194432 kB
DirectMap2M:     6096896 kB
DirectMap1G:     4194304 kB
---SNAPSHOT---
2026-04-27 02:16:14
MemTotal:        8129240 kB
MemFree:         3699824 kB
MemAvailable:    3898708 kB
Buffers:            6256 kB
Cached:           310128 kB
SwapCached:       117888 kB
Active:          2960684 kB
Inactive:         672652 kB
Active(anon):    2818844 kB
Inactive(anon):   554008 kB
Active(file):     141840 kB
Inactive(file):   118644 kB
Unevictable:          16 kB
Mlocked:              16 kB
SwapTotal:       4194300 kB
SwapFree:        3955092 kB
Zswap:                 0 kB
Zswapped:              0 kB
Dirty:               668 kB
Writeback:             0 kB
AnonPages:       3203644 kB
Mapped:           257868 kB
Shmem:             55960 kB
KReclaimable:      55296 kB
Slab:             283524 kB
SReclaimable:      55296 kB
SUnreclaim:       228228 kB
KernelStack:       19008 kB
PageTables:        60448 kB
SecPageTables:         0 kB
NFS_Unstable:          0 kB
Bounce:                0 kB
WritebackTmp:          0 kB
CommitLimit:     8258920 kB
Committed_AS:   12054888 kB
VmallocTotal:   34359738367 kB
VmallocUsed:       47240 kB
VmallocChunk:          0 kB
Percpu:            13280 kB
HardwareCorrupted:     0 kB
AnonHugePages:     12288 kB
ShmemHugePages:        0 kB
ShmemPmdMapped:        0 kB
FileHugePages:         0 kB
FilePmdMapped:         0 kB
CmaTotal:              0 kB
CmaFree:               0 kB
Unaccepted:            0 kB
Balloon:               0 kB
HugePages_Total:       0
HugePages_Free:        0
HugePages_Rsvd:        0
HugePages_Surp:        0
Hugepagesize:       2048 kB
Hugetlb:               0 kB
DirectMap4k:      194432 kB
DirectMap2M:     6096896 kB
DirectMap1G:     4194304 kB
---SNAPSHOT---
2026-04-27 02:16:15
MemTotal:        8129240 kB
MemFree:         2163048 kB
MemAvailable:    2361936 kB
Buffers:            6256 kB
Cached:           310132 kB
SwapCached:       117888 kB
Active:          4639236 kB
Inactive:         672656 kB
Active(anon):    4497396 kB
Inactive(anon):   554008 kB
Active(file):     141840 kB
Inactive(file):   118648 kB
Unevictable:          16 kB
Mlocked:              16 kB
SwapTotal:       4194300 kB
SwapFree:        3955092 kB
Zswap:                 0 kB
Zswapped:              0 kB
Dirty:               672 kB
Writeback:             0 kB
AnonPages:       4882472 kB
Mapped:           257868 kB
Shmem:             55960 kB
KReclaimable:      55296 kB
Slab:             283544 kB
SReclaimable:      55296 kB
SUnreclaim:       228248 kB
KernelStack:       18944 kB
PageTables:        63384 kB
SecPageTables:         0 kB
NFS_Unstable:          0 kB
Bounce:                0 kB
WritebackTmp:          0 kB
CommitLimit:     8258920 kB
Committed_AS:   12053888 kB
VmallocTotal:   34359738367 kB
VmallocUsed:       47208 kB
VmallocChunk:          0 kB
Percpu:            13280 kB
HardwareCorrupted:     0 kB
AnonHugePages:     12288 kB
ShmemHugePages:        0 kB
ShmemPmdMapped:        0 kB
FileHugePages:         0 kB
FilePmdMapped:         0 kB
CmaTotal:              0 kB
CmaFree:               0 kB
Unaccepted:            0 kB
Balloon:               0 kB
HugePages_Total:       0
HugePages_Free:        0
HugePages_Rsvd:        0
HugePages_Surp:        0
Hugepagesize:       2048 kB
Hugetlb:               0 kB
DirectMap4k:      194432 kB
DirectMap2M:     6096896 kB
DirectMap1G:     4194304 kB
---SNAPSHOT---
2026-04-27 02:16:16
MemTotal:        8129240 kB
MemFree:         2955544 kB
MemAvailable:    3154436 kB
Buffers:            6264 kB
Cached:           310136 kB
SwapCached:       117888 kB
Active:          3789576 kB
Inactive:         672660 kB
Active(anon):    3647736 kB
Inactive(anon):   554008 kB
Active(file):     141840 kB
Inactive(file):   118652 kB
Unevictable:          16 kB
Mlocked:              16 kB
SwapTotal:       4194300 kB
SwapFree:        3955092 kB
Zswap:                 0 kB
Zswapped:              0 kB
Dirty:               676 kB
Writeback:             0 kB
AnonPages:       4032684 kB
Mapped:           257868 kB
Shmem:             55960 kB
KReclaimable:      55296 kB
Slab:             283536 kB
SReclaimable:      55296 kB
SUnreclaim:       228240 kB
KernelStack:       19004 kB
PageTables:        63216 kB
SecPageTables:         0 kB
NFS_Unstable:          0 kB
Bounce:                0 kB
WritebackTmp:          0 kB
CommitLimit:     8258920 kB
Committed_AS:   12053360 kB
VmallocTotal:   34359738367 kB
VmallocUsed:       47224 kB
VmallocChunk:          0 kB
Percpu:            13280 kB
HardwareCorrupted:     0 kB
AnonHugePages:     12288 kB
ShmemHugePages:        0 kB
ShmemPmdMapped:        0 kB
FileHugePages:         0 kB
FilePmdMapped:         0 kB
CmaTotal:              0 kB
CmaFree:               0 kB
Unaccepted:            0 kB
Balloon:               0 kB
HugePages_Total:       0
HugePages_Free:        0
HugePages_Rsvd:        0
HugePages_Surp:        0
Hugepagesize:       2048 kB
Hugetlb:               0 kB
DirectMap4k:      194432 kB
DirectMap2M:     6096896 kB
DirectMap1G:     4194304 kB
---SNAPSHOT---
2026-04-27 02:16:17
MemTotal:        8129240 kB
MemFree:         3143728 kB
MemAvailable:    3342636 kB
Buffers:            6264 kB
Cached:           310144 kB
SwapCached:       117888 kB
Active:          3540140 kB
Inactive:         672676 kB
Active(anon):    3398300 kB
Inactive(anon):   554008 kB
Active(file):     141840 kB
Inactive(file):   118668 kB
Unevictable:          16 kB
Mlocked:              16 kB
SwapTotal:       4194300 kB
SwapFree:        3955092 kB
Zswap:                 0 kB
Zswapped:              0 kB
Dirty:               684 kB
Writeback:             0 kB
AnonPages:       3783096 kB
Mapped:           257868 kB
Shmem:             55960 kB
KReclaimable:      55296 kB
Slab:             283500 kB
SReclaimable:      55296 kB
SUnreclaim:       228204 kB
KernelStack:       18988 kB
PageTables:        62728 kB
SecPageTables:         0 kB
NFS_Unstable:          0 kB
Bounce:                0 kB
WritebackTmp:          0 kB
CommitLimit:     8258920 kB
Committed_AS:   12053536 kB
VmallocTotal:   34359738367 kB
VmallocUsed:       47224 kB
VmallocChunk:          0 kB
Percpu:            13280 kB
HardwareCorrupted:     0 kB
AnonHugePages:     12288 kB
ShmemHugePages:        0 kB
ShmemPmdMapped:        0 kB
FileHugePages:         0 kB
FilePmdMapped:         0 kB
CmaTotal:              0 kB
CmaFree:               0 kB
Unaccepted:            0 kB
Balloon:               0 kB
HugePages_Total:       0
HugePages_Free:        0
HugePages_Rsvd:        0
HugePages_Surp:        0
Hugepagesize:       2048 kB
Hugetlb:               0 kB
DirectMap4k:      194432 kB
DirectMap2M:     6096896 kB
DirectMap1G:     4194304 kB
---SNAPSHOT---
2026-04-27 02:16:19
MemTotal:        8129240 kB
MemFree:         2417556 kB
MemAvailable:    2616468 kB
Buffers:            6264 kB
Cached:           310148 kB
SwapCached:       117888 kB
Active:          4366700 kB
Inactive:         672680 kB
Active(anon):    4224860 kB
Inactive(anon):   554008 kB
Active(file):     141840 kB
Inactive(file):   118672 kB
Unevictable:          16 kB
Mlocked:              16 kB
SwapTotal:       4194300 kB
SwapFree:        3955092 kB
Zswap:                 0 kB
Zswapped:              0 kB
Dirty:               688 kB
Writeback:             0 kB
AnonPages:       4609940 kB
Mapped:           257868 kB
Shmem:             55960 kB
KReclaimable:      55296 kB
Slab:             283500 kB
SReclaimable:      55296 kB
SUnreclaim:       228204 kB
KernelStack:       18960 kB
PageTables:        63364 kB
SecPageTables:         0 kB
NFS_Unstable:          0 kB
Bounce:                0 kB
WritebackTmp:          0 kB
CommitLimit:     8258920 kB
Committed_AS:   12056012 kB
VmallocTotal:   34359738367 kB
VmallocUsed:       47224 kB
VmallocChunk:          0 kB
Percpu:            13280 kB
HardwareCorrupted:     0 kB
AnonHugePages:     12288 kB
ShmemHugePages:        0 kB
ShmemPmdMapped:        0 kB
FileHugePages:         0 kB
FilePmdMapped:         0 kB
CmaTotal:              0 kB
CmaFree:               0 kB
Unaccepted:            0 kB
Balloon:               0 kB
HugePages_Total:       0
HugePages_Free:        0
HugePages_Rsvd:        0
HugePages_Surp:        0
Hugepagesize:       2048 kB
Hugetlb:               0 kB
DirectMap4k:      194432 kB
DirectMap2M:     6096896 kB
DirectMap1G:     4194304 kB
---SNAPSHOT---
2026-04-27 02:16:20
MemTotal:        8129240 kB
MemFree:         3150684 kB
MemAvailable:    3349604 kB
Buffers:            6264 kB
Cached:           310156 kB
SwapCached:       117888 kB
Active:          3488012 kB
Inactive:         672688 kB
Active(anon):    3346172 kB
Inactive(anon):   554008 kB
Active(file):     141840 kB
Inactive(file):   118680 kB
Unevictable:          16 kB
Mlocked:              16 kB
SwapTotal:       4194300 kB
SwapFree:        3955092 kB
Zswap:                 0 kB
Zswapped:              0 kB
Dirty:               696 kB
Writeback:             0 kB
AnonPages:       3730624 kB
Mapped:           257868 kB
Shmem:             55960 kB
KReclaimable:      55296 kB
Slab:             283516 kB
SReclaimable:      55296 kB
SUnreclaim:       228220 kB
KernelStack:       18976 kB
PageTables:        62336 kB
SecPageTables:         0 kB
NFS_Unstable:          0 kB
Bounce:                0 kB
WritebackTmp:          0 kB
CommitLimit:     8258920 kB
Committed_AS:   12054884 kB
VmallocTotal:   34359738367 kB
VmallocUsed:       47224 kB
VmallocChunk:          0 kB
Percpu:            13280 kB
HardwareCorrupted:     0 kB
AnonHugePages:     12288 kB
ShmemHugePages:        0 kB
ShmemPmdMapped:        0 kB
FileHugePages:         0 kB
FilePmdMapped:         0 kB
CmaTotal:              0 kB
CmaFree:               0 kB
Unaccepted:            0 kB
Balloon:               0 kB
HugePages_Total:       0
HugePages_Free:        0
HugePages_Rsvd:        0
HugePages_Surp:        0
Hugepagesize:       2048 kB
Hugetlb:               0 kB
DirectMap4k:      194432 kB
DirectMap2M:     6096896 kB
DirectMap1G:     4194304 kB
---SNAPSHOT---
2026-04-27 02:16:21
MemTotal:        8129240 kB
MemFree:         2987364 kB
MemAvailable:    3187696 kB
Buffers:            6264 kB
Cached:           310164 kB
SwapCached:       117888 kB
Active:          3760828 kB
Inactive:         672692 kB
Active(anon):    3618988 kB
Inactive(anon):   554008 kB
Active(file):     141840 kB
Inactive(file):   118684 kB
Unevictable:          16 kB
Mlocked:              16 kB
SwapTotal:       4194300 kB
SwapFree:        3955092 kB
Zswap:                 0 kB
Zswapped:              0 kB
Dirty:               700 kB
Writeback:             0 kB
AnonPages:       4003556 kB
Mapped:           257868 kB
Shmem:             55960 kB
KReclaimable:      56704 kB
Slab:             284928 kB
SReclaimable:      56704 kB
SUnreclaim:       228224 kB
KernelStack:       18944 kB
PageTables:        61668 kB
SecPageTables:         0 kB
NFS_Unstable:          0 kB
Bounce:                0 kB
WritebackTmp:          0 kB
CommitLimit:     8258920 kB
Committed_AS:   12053772 kB
VmallocTotal:   34359738367 kB
VmallocUsed:       47160 kB
VmallocChunk:          0 kB
Percpu:            13280 kB
HardwareCorrupted:     0 kB
AnonHugePages:     12288 kB
ShmemHugePages:        0 kB
ShmemPmdMapped:        0 kB
FileHugePages:         0 kB
FilePmdMapped:         0 kB
CmaTotal:              0 kB
CmaFree:               0 kB
Unaccepted:            0 kB
Balloon:               0 kB
HugePages_Total:       0
HugePages_Free:        0
HugePages_Rsvd:        0
HugePages_Surp:        0
Hugepagesize:       2048 kB
Hugetlb:               0 kB
DirectMap4k:      194432 kB
DirectMap2M:     6096896 kB
DirectMap1G:     4194304 kB
---SNAPSHOT---
2026-04-27 02:16:22
MemTotal:        8129240 kB
MemFree:         2766228 kB
MemAvailable:    2966568 kB
Buffers:            6272 kB
Cached:           310160 kB
SwapCached:       117888 kB
Active:          3964092 kB
Inactive:         672700 kB
Active(anon):    3822252 kB
Inactive(anon):   554008 kB
Active(file):     141840 kB
Inactive(file):   118692 kB
Unevictable:          16 kB
Mlocked:              16 kB
SwapTotal:       4194300 kB
SwapFree:        3955092 kB
Zswap:                 0 kB
Zswapped:              0 kB
Dirty:               704 kB
Writeback:             0 kB
AnonPages:       4184432 kB
Mapped:           258096 kB
Shmem:             55960 kB
KReclaimable:      56704 kB
Slab:             284912 kB
SReclaimable:      56704 kB
SUnreclaim:       228208 kB
KernelStack:       18944 kB
PageTables:        62800 kB
SecPageTables:         0 kB
NFS_Unstable:          0 kB
Bounce:                0 kB
WritebackTmp:          0 kB
CommitLimit:     8258920 kB
Committed_AS:   12053772 kB
VmallocTotal:   34359738367 kB
VmallocUsed:       47160 kB
VmallocChunk:          0 kB
Percpu:            13280 kB
HardwareCorrupted:     0 kB
AnonHugePages:     12288 kB
ShmemHugePages:        0 kB
ShmemPmdMapped:        0 kB
FileHugePages:         0 kB
FilePmdMapped:         0 kB
CmaTotal:              0 kB
CmaFree:               0 kB
Unaccepted:            0 kB
Balloon:               0 kB
HugePages_Total:       0
HugePages_Free:        0
HugePages_Rsvd:        0
HugePages_Surp:        0
Hugepagesize:       2048 kB
Hugetlb:               0 kB
DirectMap4k:      194432 kB
DirectMap2M:     6096896 kB
DirectMap1G:     4194304 kB
---SNAPSHOT---
2026-04-27 02:16:23
MemTotal:        8129240 kB
MemFree:         2542320 kB
MemAvailable:    2742672 kB
Buffers:            6272 kB
Cached:           310176 kB
SwapCached:       117888 kB
Active:          4206064 kB
Inactive:         672712 kB
Active(anon):    4064224 kB
Inactive(anon):   554008 kB
Active(file):     141840 kB
Inactive(file):   118704 kB
Unevictable:          16 kB
Mlocked:              16 kB
SwapTotal:       4194300 kB
SwapFree:        3955092 kB
Zswap:                 0 kB
Zswapped:              0 kB
Dirty:               712 kB
Writeback:             0 kB
AnonPages:       4448860 kB
Mapped:           257868 kB
Shmem:             55960 kB
KReclaimable:      56704 kB
Slab:             284912 kB
SReclaimable:      56704 kB
SUnreclaim:       228208 kB
KernelStack:       18944 kB
PageTables:        63080 kB
SecPageTables:         0 kB
NFS_Unstable:          0 kB
Bounce:                0 kB
WritebackTmp:          0 kB
CommitLimit:     8258920 kB
Committed_AS:   12054000 kB
VmallocTotal:   34359738367 kB
VmallocUsed:       47144 kB
VmallocChunk:          0 kB
Percpu:            13280 kB
HardwareCorrupted:     0 kB
AnonHugePages:     12288 kB
ShmemHugePages:        0 kB
ShmemPmdMapped:        0 kB
FileHugePages:         0 kB
FilePmdMapped:         0 kB
CmaTotal:              0 kB
CmaFree:               0 kB
Unaccepted:            0 kB
Balloon:               0 kB
HugePages_Total:       0
HugePages_Free:        0
HugePages_Rsvd:        0
HugePages_Surp:        0
Hugepagesize:       2048 kB
Hugetlb:               0 kB
DirectMap4k:      194432 kB
DirectMap2M:     6096896 kB
DirectMap1G:     4194304 kB
---SNAPSHOT---
2026-04-27 02:16:24
MemTotal:        8129240 kB
MemFree:         2708456 kB
MemAvailable:    2908812 kB
Buffers:            6272 kB
Cached:           310180 kB
SwapCached:       723860 kB
Active:          3390464 kB
Inactive:        1278752 kB
Active(anon):    3248624 kB
Inactive(anon):  1160044 kB
Active(file):     141840 kB
Inactive(file):   118708 kB
Unevictable:          16 kB
Mlocked:              16 kB
SwapTotal:       4194300 kB
SwapFree:        3349124 kB
Zswap:                 0 kB
Zswapped:              0 kB
Dirty:               716 kB
Writeback:            56 kB
AnonPages:       3632932 kB
Mapped:           257868 kB
Shmem:             55960 kB
KReclaimable:      56704 kB
Slab:             285016 kB
SReclaimable:      56704 kB
SUnreclaim:       228312 kB
KernelStack:       18944 kB
PageTables:        62628 kB
SecPageTables:         0 kB
NFS_Unstable:          0 kB
Bounce:                0 kB
WritebackTmp:          0 kB
CommitLimit:     8258920 kB
Committed_AS:   12053644 kB
VmallocTotal:   34359738367 kB
VmallocUsed:       47176 kB
VmallocChunk:          0 kB
Percpu:            13280 kB
HardwareCorrupted:     0 kB
AnonHugePages:     12288 kB
ShmemHugePages:        0 kB
ShmemPmdMapped:        0 kB
FileHugePages:         0 kB
FilePmdMapped:         0 kB
CmaTotal:              0 kB
CmaFree:               0 kB
Unaccepted:            0 kB
Balloon:               0 kB
HugePages_Total:       0
HugePages_Free:        0
HugePages_Rsvd:        0
HugePages_Surp:        0
Hugepagesize:       2048 kB
Hugetlb:               0 kB
DirectMap4k:      194432 kB
DirectMap2M:     6096896 kB
DirectMap1G:     4194304 kB
---SNAPSHOT---
2026-04-27 02:16:25
MemTotal:        8129240 kB
MemFree:         3199148 kB
MemAvailable:    3399744 kB
Buffers:            6272 kB
Cached:           310188 kB
SwapCached:       117888 kB
Active:          3453492 kB
Inactive:         672728 kB
Active(anon):    3311652 kB
Inactive(anon):   554008 kB
Active(file):     141840 kB
Inactive(file):   118720 kB
Unevictable:          16 kB
Mlocked:              16 kB
SwapTotal:       4194300 kB
SwapFree:        3955092 kB
Zswap:                 0 kB
Zswapped:              0 kB
Dirty:               724 kB
Writeback:             0 kB
AnonPages:       3667448 kB
Mapped:           258096 kB
Shmem:             55960 kB
KReclaimable:      56704 kB
Slab:             284896 kB
SReclaimable:      56704 kB
SUnreclaim:       228192 kB
KernelStack:       18944 kB
PageTables:        62116 kB
SecPageTables:         0 kB
NFS_Unstable:          0 kB
Bounce:                0 kB
WritebackTmp:          0 kB
CommitLimit:     8258920 kB
Committed_AS:   12053284 kB
VmallocTotal:   34359738367 kB
VmallocUsed:       47192 kB
VmallocChunk:          0 kB
Percpu:            13280 kB
HardwareCorrupted:     0 kB
AnonHugePages:     12288 kB
ShmemHugePages:        0 kB
ShmemPmdMapped:        0 kB
FileHugePages:         0 kB
FilePmdMapped:         0 kB
CmaTotal:              0 kB
CmaFree:               0 kB
Unaccepted:            0 kB
Balloon:               0 kB
HugePages_Total:       0
HugePages_Free:        0
HugePages_Rsvd:        0
HugePages_Surp:        0
Hugepagesize:       2048 kB
Hugetlb:               0 kB
DirectMap4k:      194432 kB
DirectMap2M:     6096896 kB
DirectMap1G:     4194304 kB
---SNAPSHOT---
2026-04-27 02:16:26
MemTotal:        8129240 kB
MemFree:         2427160 kB
MemAvailable:    2627532 kB
Buffers:            6272 kB
Cached:           310192 kB
SwapCached:       117888 kB
Active:          4278336 kB
Inactive:         672732 kB
Active(anon):    4136496 kB
Inactive(anon):   554008 kB
Active(file):     141840 kB
Inactive(file):   118724 kB
Unevictable:          16 kB
Mlocked:              16 kB
SwapTotal:       4194300 kB
SwapFree:        3955092 kB
Zswap:                 0 kB
Zswapped:              0 kB
Dirty:               728 kB
Writeback:             0 kB
AnonPages:       4521184 kB
Mapped:           257868 kB
Shmem:             55960 kB
KReclaimable:      56704 kB
Slab:             284908 kB
SReclaimable:      56704 kB
SUnreclaim:       228204 kB
KernelStack:       19004 kB
PageTables:        62672 kB
SecPageTables:         0 kB
NFS_Unstable:          0 kB
Bounce:                0 kB
WritebackTmp:          0 kB
CommitLimit:     8258920 kB
Committed_AS:   12053996 kB
VmallocTotal:   34359738367 kB
VmallocUsed:       47256 kB
VmallocChunk:          0 kB
Percpu:            13280 kB
HardwareCorrupted:     0 kB
AnonHugePages:     12288 kB
ShmemHugePages:        0 kB
ShmemPmdMapped:        0 kB
FileHugePages:         0 kB
FilePmdMapped:         0 kB
CmaTotal:              0 kB
CmaFree:               0 kB
Unaccepted:            0 kB
Balloon:               0 kB
HugePages_Total:       0
HugePages_Free:        0
HugePages_Rsvd:        0
HugePages_Surp:        0
Hugepagesize:       2048 kB
Hugetlb:               0 kB
DirectMap4k:      194432 kB
DirectMap2M:     6096896 kB
DirectMap1G:     4194304 kB
---SNAPSHOT---
2026-04-27 02:16:27
MemTotal:        8129240 kB
MemFree:         2885152 kB
MemAvailable:    3085532 kB
Buffers:            6280 kB
Cached:           310196 kB
SwapCached:       537732 kB
Active:          3436576 kB
Inactive:        1074864 kB
Active(anon):    3294736 kB
Inactive(anon):   956132 kB
Active(file):     141840 kB
Inactive(file):   118732 kB
Unevictable:          16 kB
Mlocked:              16 kB
SwapTotal:       4194300 kB
SwapFree:        3535248 kB
Zswap:                 0 kB
Zswapped:              0 kB
Dirty:               732 kB
Writeback:         17464 kB
AnonPages:       3663924 kB
Mapped:           257904 kB
Shmem:             55960 kB
KReclaimable:      56704 kB
Slab:             286176 kB
SReclaimable:      56704 kB
SUnreclaim:       229472 kB
KernelStack:       18928 kB
PageTables:        61696 kB
SecPageTables:         0 kB
NFS_Unstable:          0 kB
Bounce:                0 kB
WritebackTmp:          0 kB
CommitLimit:     8258920 kB
Committed_AS:   12053996 kB
VmallocTotal:   34359738367 kB
VmallocUsed:       47224 kB
VmallocChunk:          0 kB
Percpu:            13280 kB
HardwareCorrupted:     0 kB
AnonHugePages:     12288 kB
ShmemHugePages:        0 kB
ShmemPmdMapped:        0 kB
FileHugePages:         0 kB
FilePmdMapped:         0 kB
CmaTotal:              0 kB
CmaFree:               0 kB
Unaccepted:            0 kB
Balloon:               0 kB
HugePages_Total:       0
HugePages_Free:        0
HugePages_Rsvd:        0
HugePages_Surp:        0
Hugepagesize:       2048 kB
Hugetlb:               0 kB
DirectMap4k:      194432 kB
DirectMap2M:     6096896 kB
DirectMap1G:     4194304 kB
---SNAPSHOT---
2026-04-27 02:16:28
MemTotal:        8129240 kB
MemFree:         2769716 kB
MemAvailable:    2970100 kB
Buffers:            6280 kB
Cached:           310204 kB
SwapCached:       117940 kB
Active:          3913716 kB
Inactive:         672776 kB
Active(anon):    3771876 kB
Inactive(anon):   554040 kB
Active(file):     141840 kB
Inactive(file):   118736 kB
Unevictable:          16 kB
Mlocked:              16 kB
SwapTotal:       4194300 kB
SwapFree:        3955092 kB
Zswap:                 0 kB
Zswapped:              0 kB
Dirty:               740 kB
Writeback:           184 kB
AnonPages:       4156616 kB
Mapped:           257868 kB
Shmem:             55960 kB
KReclaimable:      56704 kB
Slab:             285016 kB
SReclaimable:      56704 kB
SUnreclaim:       228312 kB
KernelStack:       19004 kB
PageTables:        61904 kB
SecPageTables:         0 kB
NFS_Unstable:          0 kB
Bounce:                0 kB
WritebackTmp:          0 kB
CommitLimit:     8258920 kB
Committed_AS:   12053504 kB
VmallocTotal:   34359738367 kB
VmallocUsed:       47240 kB
VmallocChunk:          0 kB
Percpu:            13280 kB
HardwareCorrupted:     0 kB
AnonHugePages:     12288 kB
ShmemHugePages:        0 kB
ShmemPmdMapped:        0 kB
FileHugePages:         0 kB
FilePmdMapped:         0 kB
CmaTotal:              0 kB
CmaFree:               0 kB
Unaccepted:            0 kB
Balloon:               0 kB
HugePages_Total:       0
HugePages_Free:        0
HugePages_Rsvd:        0
HugePages_Surp:        0
Hugepagesize:       2048 kB
Hugetlb:               0 kB
DirectMap4k:      194432 kB
DirectMap2M:     6096896 kB
DirectMap1G:     4194304 kB
---SNAPSHOT---
2026-04-27 02:16:29
MemTotal:        8129240 kB
MemFree:         2601596 kB
MemAvailable:    2802052 kB
Buffers:            6412 kB
Cached:           310208 kB
SwapCached:       117888 kB
Active:          4036284 kB
Inactive:         672816 kB
Active(anon):    3894444 kB
Inactive(anon):   554008 kB
Active(file):     141840 kB
Inactive(file):   118808 kB
Unevictable:          16 kB
Mlocked:              16 kB
SwapTotal:       4194300 kB
SwapFree:        3955092 kB
Zswap:                 0 kB
Zswapped:              0 kB
Dirty:               744 kB
Writeback:             0 kB
AnonPages:       4279264 kB
Mapped:           257868 kB
Shmem:             55960 kB
KReclaimable:      56704 kB
Slab:             284952 kB
SReclaimable:      56704 kB
SUnreclaim:       228248 kB
KernelStack:       19004 kB
PageTables:        62092 kB
SecPageTables:         0 kB
NFS_Unstable:          0 kB
Bounce:                0 kB
WritebackTmp:          0 kB
CommitLimit:     8258920 kB
Committed_AS:   12053996 kB
VmallocTotal:   34359738367 kB
VmallocUsed:       47240 kB
VmallocChunk:          0 kB
Percpu:            13280 kB
HardwareCorrupted:     0 kB
AnonHugePages:     12288 kB
ShmemHugePages:        0 kB
ShmemPmdMapped:        0 kB
FileHugePages:         0 kB
FilePmdMapped:         0 kB
CmaTotal:              0 kB
CmaFree:               0 kB
Unaccepted:            0 kB
Balloon:               0 kB
HugePages_Total:       0
HugePages_Free:        0
HugePages_Rsvd:        0
HugePages_Surp:        0
Hugepagesize:       2048 kB
Hugetlb:               0 kB
DirectMap4k:      194432 kB
DirectMap2M:     6096896 kB
DirectMap1G:     4194304 kB
---SNAPSHOT---
2026-04-27 02:16:30
MemTotal:        8129240 kB
MemFree:         3049328 kB
MemAvailable:    3249860 kB
Buffers:            6412 kB
Cached:           310216 kB
SwapCached:       117888 kB
Active:          3517304 kB
Inactive:         672892 kB
Active(anon):    3375464 kB
Inactive(anon):   554008 kB
Active(file):     141840 kB
Inactive(file):   118884 kB
Unevictable:          16 kB
Mlocked:              16 kB
SwapTotal:       4194300 kB
SwapFree:        3955092 kB
Zswap:                 0 kB
Zswapped:              0 kB
Dirty:               752 kB
Writeback:             0 kB
AnonPages:       3760124 kB
Mapped:           257868 kB
Shmem:             55960 kB
KReclaimable:      56704 kB
Slab:             284948 kB
SReclaimable:      56704 kB
SUnreclaim:       228244 kB
KernelStack:       19004 kB
PageTables:        61216 kB
SecPageTables:         0 kB
NFS_Unstable:          0 kB
Bounce:                0 kB
WritebackTmp:          0 kB
CommitLimit:     8258920 kB
Committed_AS:   12053756 kB
VmallocTotal:   34359738367 kB
VmallocUsed:       47256 kB
VmallocChunk:          0 kB
Percpu:            13280 kB
HardwareCorrupted:     0 kB
AnonHugePages:     12288 kB
ShmemHugePages:        0 kB
ShmemPmdMapped:        0 kB
FileHugePages:         0 kB
FilePmdMapped:         0 kB
CmaTotal:              0 kB
CmaFree:               0 kB
Unaccepted:            0 kB
Balloon:               0 kB
HugePages_Total:       0
HugePages_Free:        0
HugePages_Rsvd:        0
HugePages_Surp:        0
Hugepagesize:       2048 kB
Hugetlb:               0 kB
DirectMap4k:      194432 kB
DirectMap2M:     6096896 kB
DirectMap1G:     4194304 kB
---SNAPSHOT---
2026-04-27 02:16:31
MemTotal:        8129240 kB
MemFree:         2213144 kB
MemAvailable:    2413680 kB
Buffers:            6412 kB
Cached:           310220 kB
SwapCached:       122904 kB
Active:          4474544 kB
Inactive:         676088 kB
Active(anon):    4332704 kB
Inactive(anon):   557200 kB
Active(file):     141840 kB
Inactive(file):   118888 kB
Unevictable:          16 kB
Mlocked:              16 kB
SwapTotal:       4194300 kB
SwapFree:        3949884 kB
Zswap:                 0 kB
Zswapped:              0 kB
Dirty:               756 kB
Writeback:          1140 kB
AnonPages:       4718016 kB
Mapped:           257868 kB
Shmem:             55960 kB
KReclaimable:      56704 kB
Slab:             284940 kB
SReclaimable:      56704 kB
SUnreclaim:       228236 kB
KernelStack:       19004 kB
PageTables:        63144 kB
SecPageTables:         0 kB
NFS_Unstable:          0 kB
Bounce:                0 kB
WritebackTmp:          0 kB
CommitLimit:     8258920 kB
Committed_AS:   12053660 kB
VmallocTotal:   34359738367 kB
VmallocUsed:       47272 kB
VmallocChunk:          0 kB
Percpu:            13280 kB
HardwareCorrupted:     0 kB
AnonHugePages:     12288 kB
ShmemHugePages:        0 kB
ShmemPmdMapped:        0 kB
FileHugePages:         0 kB
FilePmdMapped:         0 kB
CmaTotal:              0 kB
CmaFree:               0 kB
Unaccepted:            0 kB
Balloon:               0 kB
HugePages_Total:       0
HugePages_Free:        0
HugePages_Rsvd:        0
HugePages_Surp:        0
Hugepagesize:       2048 kB
Hugetlb:               0 kB
DirectMap4k:      194432 kB
DirectMap2M:     6096896 kB
DirectMap1G:     4194304 kB
---SNAPSHOT---
2026-04-27 02:16:32
MemTotal:        8129240 kB
MemFree:         2151008 kB
MemAvailable:    2351556 kB
Buffers:            6420 kB
Cached:           310228 kB
SwapCached:       653228 kB
Active:          4022864 kB
Inactive:        1206276 kB
Active(anon):    3881024 kB
Inactive(anon):  1087376 kB
Active(file):     141840 kB
Inactive(file):   118900 kB
Unevictable:          16 kB
Mlocked:              16 kB
SwapTotal:       4194300 kB
SwapFree:        3419528 kB
Zswap:                 0 kB
Zswapped:              0 kB
Dirty:               768 kB
Writeback:           256 kB
AnonPages:       4267752 kB
Mapped:           257868 kB
Shmem:             55960 kB
KReclaimable:      56704 kB
Slab:             284948 kB
SReclaimable:      56704 kB
SUnreclaim:       228244 kB
KernelStack:       19004 kB
PageTables:        63436 kB
SecPageTables:         0 kB
NFS_Unstable:          0 kB
Bounce:                0 kB
WritebackTmp:          0 kB
CommitLimit:     8258920 kB
Committed_AS:   12053660 kB
VmallocTotal:   34359738367 kB
VmallocUsed:       47288 kB
VmallocChunk:          0 kB
Percpu:            13280 kB
HardwareCorrupted:     0 kB
AnonHugePages:     12288 kB
ShmemHugePages:        0 kB
ShmemPmdMapped:        0 kB
FileHugePages:         0 kB
FilePmdMapped:         0 kB
CmaTotal:              0 kB
CmaFree:               0 kB
Unaccepted:            0 kB
Balloon:               0 kB
HugePages_Total:       0
HugePages_Free:        0
HugePages_Rsvd:        0
HugePages_Surp:        0
Hugepagesize:       2048 kB
Hugetlb:               0 kB
DirectMap4k:      194432 kB
DirectMap2M:     6096896 kB
DirectMap1G:     4194304 kB
---SNAPSHOT---
2026-04-27 02:16:33
MemTotal:        8129240 kB
MemFree:         2685052 kB
MemAvailable:    2885616 kB
Buffers:            6420 kB
Cached:           310236 kB
SwapCached:       825472 kB
Active:          3243448 kB
Inactive:        1378104 kB
Active(anon):    3101608 kB
Inactive(anon):  1259188 kB
Active(file):     141840 kB
Inactive(file):   118916 kB
Unevictable:          16 kB
Mlocked:              16 kB
SwapTotal:       4194300 kB
SwapFree:        3247464 kB
Zswap:                 0 kB
Zswapped:              0 kB
Dirty:               776 kB
Writeback:           640 kB
AnonPages:       3487972 kB
Mapped:           257868 kB
Shmem:             55960 kB
KReclaimable:      56704 kB
Slab:             284976 kB
SReclaimable:      56704 kB
SUnreclaim:       228272 kB
KernelStack:       18944 kB
PageTables:        62660 kB
SecPageTables:         0 kB
NFS_Unstable:          0 kB
Bounce:                0 kB
WritebackTmp:          0 kB
CommitLimit:     8258920 kB
Committed_AS:   12053504 kB
VmallocTotal:   34359738367 kB
VmallocUsed:       47288 kB
VmallocChunk:          0 kB
Percpu:            13280 kB
HardwareCorrupted:     0 kB
AnonHugePages:     12288 kB
ShmemHugePages:        0 kB
ShmemPmdMapped:        0 kB
FileHugePages:         0 kB
FilePmdMapped:         0 kB
CmaTotal:              0 kB
CmaFree:               0 kB
Unaccepted:            0 kB
Balloon:               0 kB
HugePages_Total:       0
HugePages_Free:        0
HugePages_Rsvd:        0
HugePages_Surp:        0
Hugepagesize:       2048 kB
Hugetlb:               0 kB
DirectMap4k:      194432 kB
DirectMap2M:     6096896 kB
DirectMap1G:     4194304 kB
---SNAPSHOT---
2026-04-27 02:16:34
MemTotal:        8129240 kB
MemFree:         2419024 kB
MemAvailable:    2619592 kB
Buffers:            6420 kB
Cached:           310240 kB
SwapCached:       573868 kB
Active:          3798180 kB
Inactive:        1126244 kB
Active(anon):    3656340 kB
Inactive(anon):  1007324 kB
Active(file):     141840 kB
Inactive(file):   118920 kB
Unevictable:          16 kB
Mlocked:              16 kB
SwapTotal:       4194300 kB
SwapFree:        3499196 kB
Zswap:                 0 kB
Zswapped:              0 kB
Dirty:               780 kB
Writeback:           396 kB
AnonPages:       4042712 kB
Mapped:           257868 kB
Shmem:             55960 kB
KReclaimable:      56704 kB
Slab:             284952 kB
SReclaimable:      56704 kB
SUnreclaim:       228248 kB
KernelStack:       18928 kB
PageTables:        62520 kB
SecPageTables:         0 kB
NFS_Unstable:          0 kB
Bounce:                0 kB
WritebackTmp:          0 kB
CommitLimit:     8258920 kB
Committed_AS:   12053840 kB
VmallocTotal:   34359738367 kB
VmallocUsed:       47240 kB
VmallocChunk:          0 kB
Percpu:            13280 kB
HardwareCorrupted:     0 kB
AnonHugePages:     12288 kB
ShmemHugePages:        0 kB
ShmemPmdMapped:        0 kB
FileHugePages:         0 kB
FilePmdMapped:         0 kB
CmaTotal:              0 kB
CmaFree:               0 kB
Unaccepted:            0 kB
Balloon:               0 kB
HugePages_Total:       0
HugePages_Free:        0
HugePages_Rsvd:        0
HugePages_Surp:        0
Hugepagesize:       2048 kB
Hugetlb:               0 kB
DirectMap4k:      194432 kB
DirectMap2M:     6096896 kB
DirectMap1G:     4194304 kB
---SNAPSHOT---
2026-04-27 02:16:35
MemTotal:        8129240 kB
MemFree:         2265940 kB
MemAvailable:    2466512 kB
Buffers:            6420 kB
Cached:           310248 kB
SwapCached:       754956 kB
Active:          3790308 kB
Inactive:        1306632 kB
Active(anon):    3648468 kB
Inactive(anon):  1187708 kB
Active(file):     141840 kB
Inactive(file):   118924 kB
Unevictable:          16 kB
Mlocked:              16 kB
SwapTotal:       4194300 kB
SwapFree:        3317900 kB
Zswap:                 0 kB
Zswapped:              0 kB
Dirty:               788 kB
Writeback:           280 kB
AnonPages:       4034312 kB
Mapped:           257868 kB
Shmem:             55960 kB
KReclaimable:      56704 kB
Slab:             284976 kB
SReclaimable:      56704 kB
SUnreclaim:       228272 kB
KernelStack:       18944 kB
PageTables:        63700 kB
SecPageTables:         0 kB
NFS_Unstable:          0 kB
Bounce:                0 kB
WritebackTmp:          0 kB
CommitLimit:     8258920 kB
Committed_AS:   12054024 kB
VmallocTotal:   34359738367 kB
VmallocUsed:       47256 kB
VmallocChunk:          0 kB
Percpu:            13280 kB
HardwareCorrupted:     0 kB
AnonHugePages:     12288 kB
ShmemHugePages:        0 kB
ShmemPmdMapped:        0 kB
FileHugePages:         0 kB
FilePmdMapped:         0 kB
CmaTotal:              0 kB
CmaFree:               0 kB
Unaccepted:            0 kB
Balloon:               0 kB
HugePages_Total:       0
HugePages_Free:        0
HugePages_Rsvd:        0
HugePages_Surp:        0
Hugepagesize:       2048 kB
Hugetlb:               0 kB
DirectMap4k:      194432 kB
DirectMap2M:     6096896 kB
DirectMap1G:     4194304 kB
---SNAPSHOT---
2026-04-27 02:16:36
MemTotal:        8129240 kB
MemFree:         2189456 kB
MemAvailable:    2390036 kB
Buffers:            6420 kB
Cached:           310252 kB
SwapCached:       783844 kB
Active:          3807176 kB
Inactive:        1330928 kB
Active(anon):    3665336 kB
Inactive(anon):  1211996 kB
Active(file):     141840 kB
Inactive(file):   118932 kB
Unevictable:          16 kB
Mlocked:              16 kB
SwapTotal:       4194300 kB
SwapFree:        3289040 kB
Zswap:                 0 kB
Zswapped:              0 kB
Dirty:               792 kB
Writeback:          7744 kB
AnonPages:       4023248 kB
Mapped:           257868 kB
Shmem:             55960 kB
KReclaimable:      56704 kB
Slab:             286116 kB
SReclaimable:      56704 kB
SUnreclaim:       229412 kB
KernelStack:       19004 kB
PageTables:        64108 kB
SecPageTables:         0 kB
NFS_Unstable:          0 kB
Bounce:                0 kB
WritebackTmp:          0 kB
CommitLimit:     8258920 kB
Committed_AS:   12053668 kB
VmallocTotal:   34359738367 kB
VmallocUsed:       47304 kB
VmallocChunk:          0 kB
Percpu:            13280 kB
HardwareCorrupted:     0 kB
AnonHugePages:     12288 kB
ShmemHugePages:        0 kB
ShmemPmdMapped:        0 kB
FileHugePages:         0 kB
FilePmdMapped:         0 kB
CmaTotal:              0 kB
CmaFree:               0 kB
Unaccepted:            0 kB
Balloon:               0 kB
HugePages_Total:       0
HugePages_Free:        0
HugePages_Rsvd:        0
HugePages_Surp:        0
Hugepagesize:       2048 kB
Hugetlb:               0 kB
DirectMap4k:      194432 kB
DirectMap2M:     6096896 kB
DirectMap1G:     4194304 kB
---SNAPSHOT---
2026-04-27 02:16:37
MemTotal:        8129240 kB
MemFree:         3008040 kB
MemAvailable:    3208632 kB
Buffers:            6432 kB
Cached:           310252 kB
SwapCached:       117888 kB
Active:          3648712 kB
Inactive:         672952 kB
Active(anon):    3506872 kB
Inactive(anon):   554008 kB
Active(file):     141840 kB
Inactive(file):   118944 kB
Unevictable:          16 kB
Mlocked:              16 kB
SwapTotal:       4194300 kB
SwapFree:        3955092 kB
Zswap:                 0 kB
Zswapped:              0 kB
Dirty:               344 kB
Writeback:             0 kB
AnonPages:       3891704 kB
Mapped:           257904 kB
Shmem:             55960 kB
KReclaimable:      56704 kB
Slab:             284992 kB
SReclaimable:      56704 kB
SUnreclaim:       228288 kB
KernelStack:       18928 kB
PageTables:        61824 kB
SecPageTables:         0 kB
NFS_Unstable:          0 kB
Bounce:                0 kB
WritebackTmp:          0 kB
CommitLimit:     8258920 kB
Committed_AS:   12053756 kB
VmallocTotal:   34359738367 kB
VmallocUsed:       47256 kB
VmallocChunk:          0 kB
Percpu:            13280 kB
HardwareCorrupted:     0 kB
AnonHugePages:     12288 kB
ShmemHugePages:        0 kB
ShmemPmdMapped:        0 kB
FileHugePages:         0 kB
FilePmdMapped:         0 kB
CmaTotal:              0 kB
CmaFree:               0 kB
Unaccepted:            0 kB
Balloon:               0 kB
HugePages_Total:       0
HugePages_Free:        0
HugePages_Rsvd:        0
HugePages_Surp:        0
Hugepagesize:       2048 kB
Hugetlb:               0 kB
DirectMap4k:      194432 kB
DirectMap2M:     6096896 kB
DirectMap1G:     4194304 kB
---SNAPSHOT---
2026-04-27 02:16:38
MemTotal:        8129240 kB
MemFree:         2941884 kB
MemAvailable:    3142484 kB
Buffers:            6432 kB
Cached:           310264 kB
SwapCached:       379632 kB
Active:          3446356 kB
Inactive:         933792 kB
Active(anon):    3304516 kB
Inactive(anon):   814840 kB
Active(file):     141840 kB
Inactive(file):   118952 kB
Unevictable:          16 kB
Mlocked:              16 kB
SwapTotal:       4194300 kB
SwapFree:        3693292 kB
Zswap:                 0 kB
Zswapped:              0 kB
Dirty:               204 kB
Writeback:           684 kB
AnonPages:       3690556 kB
Mapped:           257868 kB
Shmem:             55960 kB
KReclaimable:      56704 kB
Slab:             285220 kB
SReclaimable:      56704 kB
SUnreclaim:       228516 kB
KernelStack:       19004 kB
PageTables:        61896 kB
SecPageTables:         0 kB
NFS_Unstable:          0 kB
Bounce:                0 kB
WritebackTmp:          0 kB
CommitLimit:     8258920 kB
Committed_AS:   12053996 kB
VmallocTotal:   34359738367 kB
VmallocUsed:       47256 kB
VmallocChunk:          0 kB
Percpu:            13280 kB
HardwareCorrupted:     0 kB
AnonHugePages:     12288 kB
ShmemHugePages:        0 kB
ShmemPmdMapped:        0 kB
FileHugePages:         0 kB
FilePmdMapped:         0 kB
CmaTotal:              0 kB
CmaFree:               0 kB
Unaccepted:            0 kB
Balloon:               0 kB
HugePages_Total:       0
HugePages_Free:        0
HugePages_Rsvd:        0
HugePages_Surp:        0
Hugepagesize:       2048 kB
Hugetlb:               0 kB
DirectMap4k:      194432 kB
DirectMap2M:     6096896 kB
DirectMap1G:     4194304 kB
---SNAPSHOT---
2026-04-27 02:16:39
MemTotal:        8129240 kB
MemFree:         3181220 kB
MemAvailable:    3381824 kB
Buffers:            6432 kB
Cached:           310268 kB
SwapCached:       590388 kB
Active:          3106348 kB
Inactive:        1125836 kB
Active(anon):    2964508 kB
Inactive(anon):  1006880 kB
Active(file):     141840 kB
Inactive(file):   118956 kB
Unevictable:          16 kB
Mlocked:              16 kB
SwapTotal:       4194300 kB
SwapFree:        3482516 kB
Zswap:                 0 kB
Zswapped:              0 kB
Dirty:               208 kB
Writeback:         19336 kB
AnonPages:       3330540 kB
Mapped:           257868 kB
Shmem:             55960 kB
KReclaimable:      56704 kB
Slab:             286192 kB
SReclaimable:      56704 kB
SUnreclaim:       229488 kB
KernelStack:       18912 kB
PageTables:        61500 kB
SecPageTables:         0 kB
NFS_Unstable:          0 kB
Bounce:                0 kB
WritebackTmp:          0 kB
CommitLimit:     8258920 kB
Committed_AS:   12053996 kB
VmallocTotal:   34359738367 kB
VmallocUsed:       47272 kB
VmallocChunk:          0 kB
Percpu:            13280 kB
HardwareCorrupted:     0 kB
AnonHugePages:     12288 kB
ShmemHugePages:        0 kB
ShmemPmdMapped:        0 kB
FileHugePages:         0 kB
FilePmdMapped:         0 kB
CmaTotal:              0 kB
CmaFree:               0 kB
Unaccepted:            0 kB
Balloon:               0 kB
HugePages_Total:       0
HugePages_Free:        0
HugePages_Rsvd:        0
HugePages_Surp:        0
Hugepagesize:       2048 kB
Hugetlb:               0 kB
DirectMap4k:      194432 kB
DirectMap2M:     6096896 kB
DirectMap1G:     4194304 kB
---SNAPSHOT---
2026-04-27 02:16:40
MemTotal:        8129240 kB
MemFree:         3112416 kB
MemAvailable:    3313032 kB
Buffers:            6432 kB
Cached:           310276 kB
SwapCached:       117888 kB
Active:          3574728 kB
Inactive:         672976 kB
Active(anon):    3432888 kB
Inactive(anon):   554008 kB
Active(file):     141840 kB
Inactive(file):   118968 kB
Unevictable:          16 kB
Mlocked:              16 kB
SwapTotal:       4194300 kB
SwapFree:        3955092 kB
Zswap:                 0 kB
Zswapped:              0 kB
Dirty:               216 kB
Writeback:             0 kB
AnonPages:       3787732 kB
Mapped:           257868 kB
Shmem:             55960 kB
KReclaimable:      56704 kB
Slab:             284948 kB
SReclaimable:      56704 kB
SUnreclaim:       228244 kB
KernelStack:       18960 kB
PageTables:        62192 kB
SecPageTables:         0 kB
NFS_Unstable:          0 kB
Bounce:                0 kB
WritebackTmp:          0 kB
CommitLimit:     8258920 kB
Committed_AS:   12053888 kB
VmallocTotal:   34359738367 kB
VmallocUsed:       47288 kB
VmallocChunk:          0 kB
Percpu:            13280 kB
HardwareCorrupted:     0 kB
AnonHugePages:     12288 kB
ShmemHugePages:        0 kB
ShmemPmdMapped:        0 kB
FileHugePages:         0 kB
FilePmdMapped:         0 kB
CmaTotal:              0 kB
CmaFree:               0 kB
Unaccepted:            0 kB
Balloon:               0 kB
HugePages_Total:       0
HugePages_Free:        0
HugePages_Rsvd:        0
HugePages_Surp:        0
Hugepagesize:       2048 kB
Hugetlb:               0 kB
DirectMap4k:      194432 kB
DirectMap2M:     6096896 kB
DirectMap1G:     4194304 kB
---SNAPSHOT---
2026-04-27 02:16:41
MemTotal:        8129240 kB
MemFree:         2554280 kB
MemAvailable:    2754900 kB
Buffers:            6432 kB
Cached:           310284 kB
SwapCached:       149964 kB
Active:          4235504 kB
Inactive:         704488 kB
Active(anon):    4093664 kB
Inactive(anon):   585516 kB
Active(file):     141840 kB
Inactive(file):   118972 kB
Unevictable:          16 kB
Mlocked:              16 kB
SwapTotal:       4194300 kB
SwapFree:        3922836 kB
Zswap:                 0 kB
Zswapped:              0 kB
Dirty:               224 kB
Writeback:           540 kB
AnonPages:       4478260 kB
Mapped:           257948 kB
Shmem:             55960 kB
KReclaimable:      56704 kB
Slab:             284944 kB
SReclaimable:      56704 kB
SUnreclaim:       228240 kB
KernelStack:       18928 kB
PageTables:        63988 kB
SecPageTables:         0 kB
NFS_Unstable:          0 kB
Bounce:                0 kB
WritebackTmp:          0 kB
CommitLimit:     8258920 kB
Committed_AS:   12053888 kB
VmallocTotal:   34359738367 kB
VmallocUsed:       47240 kB
VmallocChunk:          0 kB
Percpu:            13280 kB
HardwareCorrupted:     0 kB
AnonHugePages:     12288 kB
ShmemHugePages:        0 kB
ShmemPmdMapped:        0 kB
FileHugePages:         0 kB
FilePmdMapped:         0 kB
CmaTotal:              0 kB
CmaFree:               0 kB
Unaccepted:            0 kB
Balloon:               0 kB
HugePages_Total:       0
HugePages_Free:        0
HugePages_Rsvd:        0
HugePages_Surp:        0
Hugepagesize:       2048 kB
Hugetlb:               0 kB
DirectMap4k:      194432 kB
DirectMap2M:     6096896 kB
DirectMap1G:     4194304 kB
---SNAPSHOT---
2026-04-27 02:16:42
MemTotal:        8129240 kB
MemFree:         2563148 kB
MemAvailable:    2763780 kB
Buffers:            6444 kB
Cached:           310288 kB
SwapCached:       628356 kB
Active:          3767080 kB
Inactive:        1161852 kB
Active(anon):    3625240 kB
Inactive(anon):  1042868 kB
Active(file):     141840 kB
Inactive(file):   118984 kB
Unevictable:          16 kB
Mlocked:              16 kB
SwapTotal:       4194300 kB
SwapFree:        3444624 kB
Zswap:                 0 kB
Zswapped:              0 kB
Dirty:               264 kB
Writeback:         21508 kB
AnonPages:       3990616 kB
Mapped:           257876 kB
Shmem:             55960 kB
KReclaimable:      56704 kB
Slab:             286280 kB
SReclaimable:      56704 kB
SUnreclaim:       229576 kB
KernelStack:       18980 kB
PageTables:        63492 kB
SecPageTables:         0 kB
NFS_Unstable:          0 kB
Bounce:                0 kB
WritebackTmp:          0 kB
CommitLimit:     8258920 kB
Committed_AS:   12054000 kB
VmallocTotal:   34359738367 kB
VmallocUsed:       47304 kB
VmallocChunk:          0 kB
Percpu:            13280 kB
HardwareCorrupted:     0 kB
AnonHugePages:     12288 kB
ShmemHugePages:        0 kB
ShmemPmdMapped:        0 kB
FileHugePages:         0 kB
FilePmdMapped:         0 kB
CmaTotal:              0 kB
CmaFree:               0 kB
Unaccepted:            0 kB
Balloon:               0 kB
HugePages_Total:       0
HugePages_Free:        0
HugePages_Rsvd:        0
HugePages_Surp:        0
Hugepagesize:       2048 kB
Hugetlb:               0 kB
DirectMap4k:      194432 kB
DirectMap2M:     6096896 kB
DirectMap1G:     4194304 kB
---SNAPSHOT---
2026-04-27 02:16:43
MemTotal:        8129240 kB
MemFree:         3598956 kB
MemAvailable:    3799612 kB
Buffers:            6444 kB
Cached:           310304 kB
SwapCached:       117888 kB
Active:          3077900 kB
Inactive:         673016 kB
Active(anon):    2936060 kB
Inactive(anon):   554008 kB
Active(file):     141840 kB
Inactive(file):   119008 kB
Unevictable:          16 kB
Mlocked:              16 kB
SwapTotal:       4194300 kB
SwapFree:        3955092 kB
Zswap:                 0 kB
Zswapped:              0 kB
Dirty:                52 kB
Writeback:             0 kB
AnonPages:       3320920 kB
Mapped:           257868 kB
Shmem:             55960 kB
KReclaimable:      56704 kB
Slab:             284944 kB
SReclaimable:      56704 kB
SUnreclaim:       228240 kB
KernelStack:       18928 kB
PageTables:        61556 kB
SecPageTables:         0 kB
NFS_Unstable:          0 kB
Bounce:                0 kB
WritebackTmp:          0 kB
CommitLimit:     8258920 kB
Committed_AS:   12053984 kB
VmallocTotal:   34359738367 kB
VmallocUsed:       47288 kB
VmallocChunk:          0 kB
Percpu:            13280 kB
HardwareCorrupted:     0 kB
AnonHugePages:     12288 kB
ShmemHugePages:        0 kB
ShmemPmdMapped:        0 kB
FileHugePages:         0 kB
FilePmdMapped:         0 kB
CmaTotal:              0 kB
CmaFree:               0 kB
Unaccepted:            0 kB
Balloon:               0 kB
HugePages_Total:       0
HugePages_Free:        0
HugePages_Rsvd:        0
HugePages_Surp:        0
Hugepagesize:       2048 kB
Hugetlb:               0 kB
DirectMap4k:      194432 kB
DirectMap2M:     6096896 kB
DirectMap1G:     4194304 kB
---SNAPSHOT---
2026-04-27 02:16:44
MemTotal:        8129240 kB
MemFree:         3113112 kB
MemAvailable:    3314452 kB
Buffers:            6444 kB
Cached:           310308 kB
SwapCached:       117888 kB
Active:          3633944 kB
Inactive:         673016 kB
Active(anon):    3492104 kB
Inactive(anon):   554008 kB
Active(file):     141840 kB
Inactive(file):   119008 kB
Unevictable:          16 kB
Mlocked:              16 kB
SwapTotal:       4194300 kB
SwapFree:        3955092 kB
Zswap:                 0 kB
Zswapped:              0 kB
Dirty:                60 kB
Writeback:             0 kB
AnonPages:       3838588 kB
Mapped:           257868 kB
Shmem:             55960 kB
KReclaimable:      56704 kB
Slab:             284944 kB
SReclaimable:      56704 kB
SUnreclaim:       228240 kB
KernelStack:       18928 kB
PageTables:        62648 kB
SecPageTables:         0 kB
NFS_Unstable:          0 kB
Bounce:                0 kB
WritebackTmp:          0 kB
CommitLimit:     8258920 kB
Committed_AS:   12053880 kB
VmallocTotal:   34359738367 kB
VmallocUsed:       47272 kB
VmallocChunk:          0 kB
Percpu:            13280 kB
HardwareCorrupted:     0 kB
AnonHugePages:     12288 kB
ShmemHugePages:        0 kB
ShmemPmdMapped:        0 kB
FileHugePages:         0 kB
FilePmdMapped:         0 kB
CmaTotal:              0 kB
CmaFree:               0 kB
Unaccepted:            0 kB
Balloon:               0 kB
HugePages_Total:       0
HugePages_Free:        0
HugePages_Rsvd:        0
HugePages_Surp:        0
Hugepagesize:       2048 kB
Hugetlb:               0 kB
DirectMap4k:      194432 kB
DirectMap2M:     6096896 kB
DirectMap1G:     4194304 kB
---SNAPSHOT---
2026-04-27 02:16:45
MemTotal:        8129240 kB
MemFree:         2940408 kB
MemAvailable:    3141076 kB
Buffers:            6444 kB
Cached:           310316 kB
SwapCached:       117888 kB
Active:          3882456 kB
Inactive:         673028 kB
Active(anon):    3740616 kB
Inactive(anon):   554008 kB
Active(file):     141840 kB
Inactive(file):   119020 kB
Unevictable:          16 kB
Mlocked:              16 kB
SwapTotal:       4194300 kB
SwapFree:        3955092 kB
Zswap:                 0 kB
Zswapped:              0 kB
Dirty:                68 kB
Writeback:             0 kB
AnonPages:       4125456 kB
Mapped:           257868 kB
Shmem:             55960 kB
KReclaimable:      56704 kB
Slab:             284940 kB
SReclaimable:      56704 kB
SUnreclaim:       228236 kB
KernelStack:       18928 kB
PageTables:        62596 kB
SecPageTables:         0 kB
NFS_Unstable:          0 kB
Bounce:                0 kB
WritebackTmp:          0 kB
CommitLimit:     8258920 kB
Committed_AS:   12053996 kB
VmallocTotal:   34359738367 kB
VmallocUsed:       47240 kB
VmallocChunk:          0 kB
Percpu:            13280 kB
HardwareCorrupted:     0 kB
AnonHugePages:     12288 kB
ShmemHugePages:        0 kB
ShmemPmdMapped:        0 kB
FileHugePages:         0 kB
FilePmdMapped:         0 kB
CmaTotal:              0 kB
CmaFree:               0 kB
Unaccepted:            0 kB
Balloon:               0 kB
HugePages_Total:       0
HugePages_Free:        0
HugePages_Rsvd:        0
HugePages_Surp:        0
Hugepagesize:       2048 kB
Hugetlb:               0 kB
DirectMap4k:      194432 kB
DirectMap2M:     6096896 kB
DirectMap1G:     4194304 kB
---SNAPSHOT---
2026-04-27 02:16:46
MemTotal:        8129240 kB
MemFree:         2531368 kB
MemAvailable:    2732040 kB
Buffers:            6444 kB
Cached:           310320 kB
SwapCached:       117888 kB
Active:          4311236 kB
Inactive:         673032 kB
Active(anon):    4169396 kB
Inactive(anon):   554008 kB
Active(file):     141840 kB
Inactive(file):   119024 kB
Unevictable:          16 kB
Mlocked:              16 kB
SwapTotal:       4194300 kB
SwapFree:        3955092 kB
Zswap:                 0 kB
Zswapped:              0 kB
Dirty:                72 kB
Writeback:             0 kB
AnonPages:       4554328 kB
Mapped:           257868 kB
Shmem:             55960 kB
KReclaimable:      56704 kB
Slab:             284932 kB
SReclaimable:      56704 kB
SUnreclaim:       228228 kB
KernelStack:       18912 kB
PageTables:        62928 kB
SecPageTables:         0 kB
NFS_Unstable:          0 kB
Bounce:                0 kB
WritebackTmp:          0 kB
CommitLimit:     8258920 kB
Committed_AS:   12053996 kB
VmallocTotal:   34359738367 kB
VmallocUsed:       47256 kB
VmallocChunk:          0 kB
Percpu:            13280 kB
HardwareCorrupted:     0 kB
AnonHugePages:     12288 kB
ShmemHugePages:        0 kB
ShmemPmdMapped:        0 kB
FileHugePages:         0 kB
FilePmdMapped:         0 kB
CmaTotal:              0 kB
CmaFree:               0 kB
Unaccepted:            0 kB
Balloon:               0 kB
HugePages_Total:       0
HugePages_Free:        0
HugePages_Rsvd:        0
HugePages_Surp:        0
Hugepagesize:       2048 kB
Hugetlb:               0 kB
DirectMap4k:      194432 kB
DirectMap2M:     6096896 kB
DirectMap1G:     4194304 kB
---SNAPSHOT---
2026-04-27 02:16:47
MemTotal:        8129240 kB
MemFree:         3400148 kB
MemAvailable:    3600832 kB
Buffers:            6452 kB
Cached:           310324 kB
SwapCached:       117888 kB
Active:          3304420 kB
Inactive:         673044 kB
Active(anon):    3162580 kB
Inactive(anon):   554008 kB
Active(file):     141840 kB
Inactive(file):   119036 kB
Unevictable:          16 kB
Mlocked:              16 kB
SwapTotal:       4194300 kB
SwapFree:        3955092 kB
Zswap:                 0 kB
Zswapped:              0 kB
Dirty:               104 kB
Writeback:             0 kB
AnonPages:       3547556 kB
Mapped:           257868 kB
Shmem:             55960 kB
KReclaimable:      56704 kB
Slab:             284932 kB
SReclaimable:      56704 kB
SUnreclaim:       228228 kB
KernelStack:       18912 kB
PageTables:        60680 kB
SecPageTables:         0 kB
NFS_Unstable:          0 kB
Bounce:                0 kB
WritebackTmp:          0 kB
CommitLimit:     8258920 kB
Committed_AS:   12053888 kB
VmallocTotal:   34359738367 kB
VmallocUsed:       47256 kB
VmallocChunk:          0 kB
Percpu:            13280 kB
HardwareCorrupted:     0 kB
AnonHugePages:     12288 kB
ShmemHugePages:        0 kB
ShmemPmdMapped:        0 kB
FileHugePages:         0 kB
FilePmdMapped:         0 kB
CmaTotal:              0 kB
CmaFree:               0 kB
Unaccepted:            0 kB
Balloon:               0 kB
HugePages_Total:       0
HugePages_Free:        0
HugePages_Rsvd:        0
HugePages_Surp:        0
Hugepagesize:       2048 kB
Hugetlb:               0 kB
DirectMap4k:      194432 kB
DirectMap2M:     6096896 kB
DirectMap1G:     4194304 kB
---SNAPSHOT---
2026-04-27 02:16:48
MemTotal:        8129240 kB
MemFree:         3113800 kB
MemAvailable:    3314488 kB
Buffers:            6452 kB
Cached:           310332 kB
SwapCached:       117888 kB
Active:          3656940 kB
Inactive:         673048 kB
Active(anon):    3515100 kB
Inactive(anon):   554008 kB
Active(file):     141840 kB
Inactive(file):   119040 kB
Unevictable:          16 kB
Mlocked:              16 kB
SwapTotal:       4194300 kB
SwapFree:        3955092 kB
Zswap:                 0 kB
Zswapped:              0 kB
Dirty:               108 kB
Writeback:             0 kB
AnonPages:       3899952 kB
Mapped:           257868 kB
Shmem:             55960 kB
KReclaimable:      56704 kB
Slab:             284952 kB
SReclaimable:      56704 kB
SUnreclaim:       228248 kB
KernelStack:       18912 kB
PageTables:        61588 kB
SecPageTables:         0 kB
NFS_Unstable:          0 kB
Bounce:                0 kB
WritebackTmp:          0 kB
CommitLimit:     8258920 kB
Committed_AS:   12053660 kB
VmallocTotal:   34359738367 kB
VmallocUsed:       47288 kB
VmallocChunk:          0 kB
Percpu:            13280 kB
HardwareCorrupted:     0 kB
AnonHugePages:     12288 kB
ShmemHugePages:        0 kB
ShmemPmdMapped:        0 kB
FileHugePages:         0 kB
FilePmdMapped:         0 kB
CmaTotal:              0 kB
CmaFree:               0 kB
Unaccepted:            0 kB
Balloon:               0 kB
HugePages_Total:       0
HugePages_Free:        0
HugePages_Rsvd:        0
HugePages_Surp:        0
Hugepagesize:       2048 kB
Hugetlb:               0 kB
DirectMap4k:      194432 kB
DirectMap2M:     6096896 kB
DirectMap1G:     4194304 kB
---SNAPSHOT---
2026-04-27 02:16:49
MemTotal:        8129240 kB
MemFree:         2529376 kB
MemAvailable:    2730072 kB
Buffers:            6452 kB
Cached:           310336 kB
SwapCached:       117888 kB
Active:          4288812 kB
Inactive:         673056 kB
Active(anon):    4146972 kB
Inactive(anon):   554008 kB
Active(file):     141840 kB
Inactive(file):   119048 kB
Unevictable:          16 kB
Mlocked:              16 kB
SwapTotal:       4194300 kB
SwapFree:        3955092 kB
Zswap:                 0 kB
Zswapped:              0 kB
Dirty:               112 kB
Writeback:             0 kB
AnonPages:       4531832 kB
Mapped:           257868 kB
Shmem:             55960 kB
KReclaimable:      56704 kB
Slab:             284948 kB
SReclaimable:      56704 kB
SUnreclaim:       228244 kB
KernelStack:       18912 kB
PageTables:        62856 kB
SecPageTables:         0 kB
NFS_Unstable:          0 kB
Bounce:                0 kB
WritebackTmp:          0 kB
CommitLimit:     8258920 kB
Committed_AS:   12053660 kB
VmallocTotal:   34359738367 kB
VmallocUsed:       47272 kB
VmallocChunk:          0 kB
Percpu:            13280 kB
HardwareCorrupted:     0 kB
AnonHugePages:     12288 kB
ShmemHugePages:        0 kB
ShmemPmdMapped:        0 kB
FileHugePages:         0 kB
FilePmdMapped:         0 kB
CmaTotal:              0 kB
CmaFree:               0 kB
Unaccepted:            0 kB
Balloon:               0 kB
HugePages_Total:       0
HugePages_Free:        0
HugePages_Rsvd:        0
HugePages_Surp:        0
Hugepagesize:       2048 kB
Hugetlb:               0 kB
DirectMap4k:      194432 kB
DirectMap2M:     6096896 kB
DirectMap1G:     4194304 kB
---SNAPSHOT---
2026-04-27 02:16:50
MemTotal:        8129240 kB
MemFree:         2620248 kB
MemAvailable:    2820952 kB
Buffers:            6452 kB
Cached:           310344 kB
SwapCached:       283124 kB
Active:          4016900 kB
Inactive:         837868 kB
Active(anon):    3875060 kB
Inactive(anon):   718812 kB
Active(file):     141840 kB
Inactive(file):   119056 kB
Unevictable:          16 kB
Mlocked:              16 kB
SwapTotal:       4194300 kB
SwapFree:        3789692 kB
Zswap:                 0 kB
Zswapped:              0 kB
Dirty:               120 kB
Writeback:           640 kB
AnonPages:       4260992 kB
Mapped:           257868 kB
Shmem:             55960 kB
KReclaimable:      56704 kB
Slab:             284944 kB
SReclaimable:      56704 kB
SUnreclaim:       228240 kB
KernelStack:       18912 kB
PageTables:        62660 kB
SecPageTables:         0 kB
NFS_Unstable:          0 kB
Bounce:                0 kB
WritebackTmp:          0 kB
CommitLimit:     8258920 kB
Committed_AS:   12054000 kB
VmallocTotal:   34359738367 kB
VmallocUsed:       47256 kB
VmallocChunk:          0 kB
Percpu:            13280 kB
HardwareCorrupted:     0 kB
AnonHugePages:     12288 kB
ShmemHugePages:        0 kB
ShmemPmdMapped:        0 kB
FileHugePages:         0 kB
FilePmdMapped:         0 kB
CmaTotal:              0 kB
CmaFree:               0 kB
Unaccepted:            0 kB
Balloon:               0 kB
HugePages_Total:       0
HugePages_Free:        0
HugePages_Rsvd:        0
HugePages_Surp:        0
Hugepagesize:       2048 kB
Hugetlb:               0 kB
DirectMap4k:      194432 kB
DirectMap2M:     6096896 kB
DirectMap1G:     4194304 kB
---SNAPSHOT---
2026-04-27 02:16:51
MemTotal:        8129240 kB
MemFree:         3700504 kB
MemAvailable:    3901212 kB
Buffers:            6452 kB
Cached:           310348 kB
SwapCached:       117920 kB
Active:          3051964 kB
Inactive:         673276 kB
Active(anon):    2910124 kB
Inactive(anon):   554216 kB
Active(file):     141840 kB
Inactive(file):   119060 kB
Unevictable:          16 kB
Mlocked:              16 kB
SwapTotal:       4194300 kB
SwapFree:        3955092 kB
Zswap:                 0 kB
Zswapped:              0 kB
Dirty:               124 kB
Writeback:             0 kB
AnonPages:       3294936 kB
Mapped:           257868 kB
Shmem:             55960 kB
KReclaimable:      56704 kB
Slab:             284996 kB
SReclaimable:      56704 kB
SUnreclaim:       228292 kB
KernelStack:       18960 kB
PageTables:        60572 kB
SecPageTables:         0 kB
NFS_Unstable:          0 kB
Bounce:                0 kB
WritebackTmp:          0 kB
CommitLimit:     8258920 kB
Committed_AS:   12053504 kB
VmallocTotal:   34359738367 kB
VmallocUsed:       47272 kB
VmallocChunk:          0 kB
Percpu:            13280 kB
HardwareCorrupted:     0 kB
AnonHugePages:     12288 kB
ShmemHugePages:        0 kB
ShmemPmdMapped:        0 kB
FileHugePages:         0 kB
FilePmdMapped:         0 kB
CmaTotal:              0 kB
CmaFree:               0 kB
Unaccepted:            0 kB
Balloon:               0 kB
HugePages_Total:       0
HugePages_Free:        0
HugePages_Rsvd:        0
HugePages_Surp:        0
Hugepagesize:       2048 kB
Hugetlb:               0 kB
DirectMap4k:      194432 kB
DirectMap2M:     6096896 kB
DirectMap1G:     4194304 kB
---SNAPSHOT---
2026-04-27 02:16:52
MemTotal:        8129240 kB
MemFree:         2290816 kB
MemAvailable:    2491540 kB
Buffers:            6460 kB
Cached:           310356 kB
SwapCached:       117888 kB
Active:          4518412 kB
Inactive:         673084 kB
Active(anon):    4376572 kB
Inactive(anon):   554008 kB
Active(file):     141840 kB
Inactive(file):   119076 kB
Unevictable:          16 kB
Mlocked:              16 kB
SwapTotal:       4194300 kB
SwapFree:        3955092 kB
Zswap:                 0 kB
Zswapped:              0 kB
Dirty:               132 kB
Writeback:             0 kB
AnonPages:       4761580 kB
Mapped:           257868 kB
Shmem:             55960 kB
KReclaimable:      56704 kB
Slab:             284940 kB
SReclaimable:      56704 kB
SUnreclaim:       228236 kB
KernelStack:       18972 kB
PageTables:        63028 kB
SecPageTables:         0 kB
NFS_Unstable:          0 kB
Bounce:                0 kB
WritebackTmp:          0 kB
CommitLimit:     8258920 kB
Committed_AS:   12053504 kB
VmallocTotal:   34359738367 kB
VmallocUsed:       47272 kB
VmallocChunk:          0 kB
Percpu:            13280 kB
HardwareCorrupted:     0 kB
AnonHugePages:     12288 kB
ShmemHugePages:        0 kB
ShmemPmdMapped:        0 kB
FileHugePages:         0 kB
FilePmdMapped:         0 kB
CmaTotal:              0 kB
CmaFree:               0 kB
Unaccepted:            0 kB
Balloon:               0 kB
HugePages_Total:       0
HugePages_Free:        0
HugePages_Rsvd:        0
HugePages_Surp:        0
Hugepagesize:       2048 kB
Hugetlb:               0 kB
DirectMap4k:      194432 kB
DirectMap2M:     6096896 kB
DirectMap1G:     4194304 kB
---SNAPSHOT---
2026-04-27 02:16:53
MemTotal:        8129240 kB
MemFree:         3507728 kB
MemAvailable:    3708464 kB
Buffers:            6460 kB
Cached:           310368 kB
SwapCached:       117888 kB
Active:          3182052 kB
Inactive:         673096 kB
Active(anon):    3040212 kB
Inactive(anon):   554008 kB
Active(file):     141840 kB
Inactive(file):   119088 kB
Unevictable:          16 kB
Mlocked:              16 kB
SwapTotal:       4194300 kB
SwapFree:        3955092 kB
Zswap:                 0 kB
Zswapped:              0 kB
Dirty:               144 kB
Writeback:             0 kB
AnonPages:       3425228 kB
Mapped:           257868 kB
Shmem:             55960 kB
KReclaimable:      56704 kB
Slab:             284960 kB
SReclaimable:      56704 kB
SUnreclaim:       228256 kB
KernelStack:       18988 kB
PageTables:        60456 kB
SecPageTables:         0 kB
NFS_Unstable:          0 kB
Bounce:                0 kB
WritebackTmp:          0 kB
CommitLimit:     8258920 kB
Committed_AS:   12053756 kB
VmallocTotal:   34359738367 kB
VmallocUsed:       47272 kB
VmallocChunk:          0 kB
Percpu:            13280 kB
HardwareCorrupted:     0 kB
AnonHugePages:     12288 kB
ShmemHugePages:        0 kB
ShmemPmdMapped:        0 kB
FileHugePages:         0 kB
FilePmdMapped:         0 kB
CmaTotal:              0 kB
CmaFree:               0 kB
Unaccepted:            0 kB
Balloon:               0 kB
HugePages_Total:       0
HugePages_Free:        0
HugePages_Rsvd:        0
HugePages_Surp:        0
Hugepagesize:       2048 kB
Hugetlb:               0 kB
DirectMap4k:      194432 kB
DirectMap2M:     6096896 kB
DirectMap1G:     4194304 kB
---SNAPSHOT---
2026-04-27 02:16:54
MemTotal:        8129240 kB
MemFree:         2507732 kB
MemAvailable:    2708472 kB
Buffers:            6460 kB
Cached:           310372 kB
SwapCached:       117888 kB
Active:          4301140 kB
Inactive:         673100 kB
Active(anon):    4159300 kB
Inactive(anon):   554008 kB
Active(file):     141840 kB
Inactive(file):   119092 kB
Unevictable:          16 kB
Mlocked:              16 kB
SwapTotal:       4194300 kB
SwapFree:        3955092 kB
Zswap:                 0 kB
Zswapped:              0 kB
Dirty:               148 kB
Writeback:             0 kB
AnonPages:       4544044 kB
Mapped:           257868 kB
Shmem:             55960 kB
KReclaimable:      56704 kB
Slab:             284980 kB
SReclaimable:      56704 kB
SUnreclaim:       228276 kB
KernelStack:       18988 kB
PageTables:        62980 kB
SecPageTables:         0 kB
NFS_Unstable:          0 kB
Bounce:                0 kB
WritebackTmp:          0 kB
CommitLimit:     8258920 kB
Committed_AS:   12053504 kB
VmallocTotal:   34359738367 kB
VmallocUsed:       47320 kB
VmallocChunk:          0 kB
Percpu:            13280 kB
HardwareCorrupted:     0 kB
AnonHugePages:     12288 kB
ShmemHugePages:        0 kB
ShmemPmdMapped:        0 kB
FileHugePages:         0 kB
FilePmdMapped:         0 kB
CmaTotal:              0 kB
CmaFree:               0 kB
Unaccepted:            0 kB
Balloon:               0 kB
HugePages_Total:       0
HugePages_Free:        0
HugePages_Rsvd:        0
HugePages_Surp:        0
Hugepagesize:       2048 kB
Hugetlb:               0 kB
DirectMap4k:      194432 kB
DirectMap2M:     6096896 kB
DirectMap1G:     4194304 kB
---SNAPSHOT---
2026-04-27 02:16:55
MemTotal:        8129240 kB
MemFree:         3141772 kB
MemAvailable:    3342516 kB
Buffers:            6460 kB
Cached:           310380 kB
SwapCached:       117888 kB
Active:          3604272 kB
Inactive:         673104 kB
Active(anon):    3462432 kB
Inactive(anon):   554008 kB
Active(file):     141840 kB
Inactive(file):   119096 kB
Unevictable:          16 kB
Mlocked:              16 kB
SwapTotal:       4194300 kB
SwapFree:        3955092 kB
Zswap:                 0 kB
Zswapped:              0 kB
Dirty:               156 kB
Writeback:             0 kB
AnonPages:       3831516 kB
Mapped:           257868 kB
Shmem:             55960 kB
KReclaimable:      56704 kB
Slab:             284976 kB
SReclaimable:      56704 kB
SUnreclaim:       228272 kB
KernelStack:       18960 kB
PageTables:        62844 kB
SecPageTables:         0 kB
NFS_Unstable:          0 kB
Bounce:                0 kB
WritebackTmp:          0 kB
CommitLimit:     8258920 kB
Committed_AS:   12054000 kB
VmallocTotal:   34359738367 kB
VmallocUsed:       47288 kB
VmallocChunk:          0 kB
Percpu:            13280 kB
HardwareCorrupted:     0 kB
AnonHugePages:     12288 kB
ShmemHugePages:        0 kB
ShmemPmdMapped:        0 kB
FileHugePages:         0 kB
FilePmdMapped:         0 kB
CmaTotal:              0 kB
CmaFree:               0 kB
Unaccepted:            0 kB
Balloon:               0 kB
HugePages_Total:       0
HugePages_Free:        0
HugePages_Rsvd:        0
HugePages_Surp:        0
Hugepagesize:       2048 kB
Hugetlb:               0 kB
DirectMap4k:      194432 kB
DirectMap2M:     6096896 kB
DirectMap1G:     4194304 kB
---SNAPSHOT---
2026-04-27 02:16:56
MemTotal:        8129240 kB
MemFree:         3287616 kB
MemAvailable:    3488364 kB
Buffers:            6460 kB
Cached:           310384 kB
SwapCached:       117888 kB
Active:          3388948 kB
Inactive:         673108 kB
Active(anon):    3247108 kB
Inactive(anon):   554008 kB
Active(file):     141840 kB
Inactive(file):   119100 kB
Unevictable:          16 kB
Mlocked:              16 kB
SwapTotal:       4194300 kB
SwapFree:        3955092 kB
Zswap:                 0 kB
Zswapped:              0 kB
Dirty:               160 kB
Writeback:             0 kB
AnonPages:       3632280 kB
Mapped:           257868 kB
Shmem:             55960 kB
KReclaimable:      56704 kB
Slab:             284944 kB
SReclaimable:      56704 kB
SUnreclaim:       228240 kB
KernelStack:       18944 kB
PageTables:        61184 kB
SecPageTables:         0 kB
NFS_Unstable:          0 kB
Bounce:                0 kB
WritebackTmp:          0 kB
CommitLimit:     8258920 kB
Committed_AS:   12053888 kB
VmallocTotal:   34359738367 kB
VmallocUsed:       47256 kB
VmallocChunk:          0 kB
Percpu:            13280 kB
HardwareCorrupted:     0 kB
AnonHugePages:     12288 kB
ShmemHugePages:        0 kB
ShmemPmdMapped:        0 kB
FileHugePages:         0 kB
FilePmdMapped:         0 kB
CmaTotal:              0 kB
CmaFree:               0 kB
Unaccepted:            0 kB
Balloon:               0 kB
HugePages_Total:       0
HugePages_Free:        0
HugePages_Rsvd:        0
HugePages_Surp:        0
Hugepagesize:       2048 kB
Hugetlb:               0 kB
DirectMap4k:      194432 kB
DirectMap2M:     6096896 kB
DirectMap1G:     4194304 kB
---SNAPSHOT---
2026-04-27 02:16:57
MemTotal:        8129240 kB
MemFree:         2459388 kB
MemAvailable:    2660144 kB
Buffers:            6468 kB
Cached:           310388 kB
SwapCached:       117888 kB
Active:          4366300 kB
Inactive:         673116 kB
Active(anon):    4224460 kB
Inactive(anon):   554008 kB
Active(file):     141840 kB
Inactive(file):   119108 kB
Unevictable:          16 kB
Mlocked:              16 kB
SwapTotal:       4194300 kB
SwapFree:        3955092 kB
Zswap:                 0 kB
Zswapped:              0 kB
Dirty:               164 kB
Writeback:             0 kB
AnonPages:       4609156 kB
Mapped:           257868 kB
Shmem:             55960 kB
KReclaimable:      56704 kB
Slab:             284944 kB
SReclaimable:      56704 kB
SUnreclaim:       228240 kB
KernelStack:       18960 kB
PageTables:        62956 kB
SecPageTables:         0 kB
NFS_Unstable:          0 kB
Bounce:                0 kB
WritebackTmp:          0 kB
CommitLimit:     8258920 kB
Committed_AS:   12053504 kB
VmallocTotal:   34359738367 kB
VmallocUsed:       47288 kB
VmallocChunk:          0 kB
Percpu:            13280 kB
HardwareCorrupted:     0 kB
AnonHugePages:     12288 kB
ShmemHugePages:        0 kB
ShmemPmdMapped:        0 kB
FileHugePages:         0 kB
FilePmdMapped:         0 kB
CmaTotal:              0 kB
CmaFree:               0 kB
Unaccepted:            0 kB
Balloon:               0 kB
HugePages_Total:       0
HugePages_Free:        0
HugePages_Rsvd:        0
HugePages_Surp:        0
Hugepagesize:       2048 kB
Hugetlb:               0 kB
DirectMap4k:      194432 kB
DirectMap2M:     6096896 kB
DirectMap1G:     4194304 kB
---SNAPSHOT---
2026-04-27 02:16:58
MemTotal:        8129240 kB
MemFree:         2939456 kB
MemAvailable:    3140224 kB
Buffers:            6468 kB
Cached:           310396 kB
SwapCached:       117888 kB
Active:          3797412 kB
Inactive:         673128 kB
Active(anon):    3655572 kB
Inactive(anon):   554008 kB
Active(file):     141840 kB
Inactive(file):   119120 kB
Unevictable:          16 kB
Mlocked:              16 kB
SwapTotal:       4194300 kB
SwapFree:        3955092 kB
Zswap:                 0 kB
Zswapped:              0 kB
Dirty:               172 kB
Writeback:             0 kB
AnonPages:       4014396 kB
Mapped:           257868 kB
Shmem:             55960 kB
KReclaimable:      56704 kB
Slab:             284960 kB
SReclaimable:      56704 kB
SUnreclaim:       228256 kB
KernelStack:       19020 kB
PageTables:        62692 kB
SecPageTables:         0 kB
NFS_Unstable:          0 kB
Bounce:                0 kB
WritebackTmp:          0 kB
CommitLimit:     8258920 kB
Committed_AS:   12053756 kB
VmallocTotal:   34359738367 kB
VmallocUsed:       47272 kB
VmallocChunk:          0 kB
Percpu:            13280 kB
HardwareCorrupted:     0 kB
AnonHugePages:     12288 kB
ShmemHugePages:        0 kB
ShmemPmdMapped:        0 kB
FileHugePages:         0 kB
FilePmdMapped:         0 kB
CmaTotal:              0 kB
CmaFree:               0 kB
Unaccepted:            0 kB
Balloon:               0 kB
HugePages_Total:       0
HugePages_Free:        0
HugePages_Rsvd:        0
HugePages_Surp:        0
Hugepagesize:       2048 kB
Hugetlb:               0 kB
DirectMap4k:      194432 kB
DirectMap2M:     6096896 kB
DirectMap1G:     4194304 kB
---SNAPSHOT---
2026-04-27 02:16:59
MemTotal:        8129240 kB
MemFree:         3566640 kB
MemAvailable:    3767412 kB
Buffers:            6468 kB
Cached:           310400 kB
SwapCached:       117888 kB
Active:          3170352 kB
Inactive:         673132 kB
Active(anon):    3028512 kB
Inactive(anon):   554008 kB
Active(file):     141840 kB
Inactive(file):   119124 kB
Unevictable:          16 kB
Mlocked:              16 kB
SwapTotal:       4194300 kB
SwapFree:        3955092 kB
Zswap:                 0 kB
Zswapped:              0 kB
Dirty:               176 kB
Writeback:             0 kB
AnonPages:       3413168 kB
Mapped:           257960 kB
Shmem:             55960 kB
KReclaimable:      56704 kB
Slab:             284960 kB
SReclaimable:      56704 kB
SUnreclaim:       228256 kB
KernelStack:       18988 kB
PageTables:        60688 kB
SecPageTables:         0 kB
NFS_Unstable:          0 kB
Bounce:                0 kB
WritebackTmp:          0 kB
CommitLimit:     8258920 kB
Committed_AS:   12053660 kB
VmallocTotal:   34359738367 kB
VmallocUsed:       47272 kB
VmallocChunk:          0 kB
Percpu:            13280 kB
HardwareCorrupted:     0 kB
AnonHugePages:     12288 kB
ShmemHugePages:        0 kB
ShmemPmdMapped:        0 kB
FileHugePages:         0 kB
FilePmdMapped:         0 kB
CmaTotal:              0 kB
CmaFree:               0 kB
Unaccepted:            0 kB
Balloon:               0 kB
HugePages_Total:       0
HugePages_Free:        0
HugePages_Rsvd:        0
HugePages_Surp:        0
Hugepagesize:       2048 kB
Hugetlb:               0 kB
DirectMap4k:      194432 kB
DirectMap2M:     6096896 kB
DirectMap1G:     4194304 kB
---SNAPSHOT---
2026-04-27 02:17:00
MemTotal:        8129240 kB
MemFree:         2549092 kB
MemAvailable:    2749872 kB
Buffers:            6468 kB
Cached:           310408 kB
SwapCached:       117888 kB
Active:          4276160 kB
Inactive:         673140 kB
Active(anon):    4134320 kB
Inactive(anon):   554008 kB
Active(file):     141840 kB
Inactive(file):   119132 kB
Unevictable:          16 kB
Mlocked:              16 kB
SwapTotal:       4194300 kB
SwapFree:        3955092 kB
Zswap:                 0 kB
Zswapped:              0 kB
Dirty:               184 kB
Writeback:             0 kB
AnonPages:       4519460 kB
Mapped:           257868 kB
Shmem:             55960 kB
KReclaimable:      56704 kB
Slab:             284948 kB
SReclaimable:      56704 kB
SUnreclaim:       228244 kB
KernelStack:       18944 kB
PageTables:        62596 kB
SecPageTables:         0 kB
NFS_Unstable:          0 kB
Bounce:                0 kB
WritebackTmp:          0 kB
CommitLimit:     8258920 kB
Committed_AS:   12053896 kB
VmallocTotal:   34359738367 kB
VmallocUsed:       47256 kB
VmallocChunk:          0 kB
Percpu:            13280 kB
HardwareCorrupted:     0 kB
AnonHugePages:     12288 kB
ShmemHugePages:        0 kB
ShmemPmdMapped:        0 kB
FileHugePages:         0 kB
FilePmdMapped:         0 kB
CmaTotal:              0 kB
CmaFree:               0 kB
Unaccepted:            0 kB
Balloon:               0 kB
HugePages_Total:       0
HugePages_Free:        0
HugePages_Rsvd:        0
HugePages_Surp:        0
Hugepagesize:       2048 kB
Hugetlb:               0 kB
DirectMap4k:      194432 kB
DirectMap2M:     6096896 kB
DirectMap1G:     4194304 kB
---SNAPSHOT---
2026-04-27 02:17:01
MemTotal:        8129240 kB
MemFree:         2944432 kB
MemAvailable:    3149324 kB
Buffers:            7704 kB
Cached:           313376 kB
SwapCached:       344928 kB
Active:          3590632 kB
Inactive:         900536 kB
Active(anon):    3445940 kB
Inactive(anon):   780144 kB
Active(file):     144692 kB
Inactive(file):   120392 kB
Unevictable:          16 kB
Mlocked:              16 kB
SwapTotal:       4194300 kB
SwapFree:        3727940 kB
Zswap:                 0 kB
Zswapped:              0 kB
Dirty:               388 kB
Writeback:           960 kB
AnonPages:       3831744 kB
Mapped:           257872 kB
Shmem:             55960 kB
KReclaimable:      56704 kB
Slab:             285180 kB
SReclaimable:      56704 kB
SUnreclaim:       228476 kB
KernelStack:       18944 kB
PageTables:        62752 kB
SecPageTables:         0 kB
NFS_Unstable:          0 kB
Bounce:                0 kB
WritebackTmp:          0 kB
CommitLimit:     8258920 kB
Committed_AS:   12053508 kB
VmallocTotal:   34359738367 kB
VmallocUsed:       47240 kB
VmallocChunk:          0 kB
Percpu:            13280 kB
HardwareCorrupted:     0 kB
AnonHugePages:     12288 kB
ShmemHugePages:        0 kB
ShmemPmdMapped:        0 kB
FileHugePages:         0 kB
FilePmdMapped:         0 kB
CmaTotal:              0 kB
CmaFree:               0 kB
Unaccepted:            0 kB
Balloon:               0 kB
HugePages_Total:       0
HugePages_Free:        0
HugePages_Rsvd:        0
HugePages_Surp:        0
Hugepagesize:       2048 kB
Hugetlb:               0 kB
DirectMap4k:      194432 kB
DirectMap2M:     6096896 kB
DirectMap1G:     4194304 kB
---SNAPSHOT---
2026-04-27 02:17:02
MemTotal:        8129240 kB
MemFree:         2249240 kB
MemAvailable:    2454228 kB
Buffers:            7712 kB
Cached:           313380 kB
SwapCached:       740484 kB
Active:          3984044 kB
Inactive:        1274300 kB
Active(anon):    3839264 kB
Inactive(anon):  1153900 kB
Active(file):     144780 kB
Inactive(file):   120400 kB
Unevictable:          16 kB
Mlocked:              16 kB
SwapTotal:       4194300 kB
SwapFree:        3332496 kB
Zswap:                 0 kB
Zswapped:              0 kB
Dirty:               416 kB
Writeback:         22644 kB
AnonPages:       4203364 kB
Mapped:           257872 kB
Shmem:             55960 kB
KReclaimable:      56704 kB
Slab:             286392 kB
SReclaimable:      56704 kB
SUnreclaim:       229688 kB
KernelStack:       18928 kB
PageTables:        63692 kB
SecPageTables:         0 kB
NFS_Unstable:          0 kB
Bounce:                0 kB
WritebackTmp:          0 kB
CommitLimit:     8258920 kB
Committed_AS:   12054000 kB
VmallocTotal:   34359738367 kB
VmallocUsed:       47256 kB
VmallocChunk:          0 kB
Percpu:            13280 kB
HardwareCorrupted:     0 kB
AnonHugePages:     12288 kB
ShmemHugePages:        0 kB
ShmemPmdMapped:        0 kB
FileHugePages:         0 kB
FilePmdMapped:         0 kB
CmaTotal:              0 kB
CmaFree:               0 kB
Unaccepted:            0 kB
Balloon:               0 kB
HugePages_Total:       0
HugePages_Free:        0
HugePages_Rsvd:        0
HugePages_Surp:        0
Hugepagesize:       2048 kB
Hugetlb:               0 kB
DirectMap4k:      194432 kB
DirectMap2M:     6096896 kB
DirectMap1G:     4194304 kB
---SNAPSHOT---
2026-04-27 02:17:03
MemTotal:        8129240 kB
MemFree:         2490968 kB
MemAvailable:    2695972 kB
Buffers:            7712 kB
Cached:           313388 kB
SwapCached:       740484 kB
Active:          3734392 kB
Inactive:        1278984 kB
Active(anon):    3589612 kB
Inactive(anon):  1158568 kB
Active(file):     144780 kB
Inactive(file):   120416 kB
Unevictable:          16 kB
Mlocked:              16 kB
SwapTotal:       4194300 kB
SwapFree:        3332496 kB
Zswap:                 0 kB
Zswapped:              0 kB
Dirty:               424 kB
Writeback:         17924 kB
AnonPages:       3958184 kB
Mapped:           257872 kB
Shmem:             55960 kB
KReclaimable:      56704 kB
Slab:             286024 kB
SReclaimable:      56704 kB
SUnreclaim:       229320 kB
KernelStack:       18928 kB
PageTables:        62660 kB
SecPageTables:         0 kB
NFS_Unstable:          0 kB
Bounce:                0 kB
WritebackTmp:          0 kB
CommitLimit:     8258920 kB
Committed_AS:   12053896 kB
VmallocTotal:   34359738367 kB
VmallocUsed:       47272 kB
VmallocChunk:          0 kB
Percpu:            13280 kB
HardwareCorrupted:     0 kB
AnonHugePages:     12288 kB
ShmemHugePages:        0 kB
ShmemPmdMapped:        0 kB
FileHugePages:         0 kB
FilePmdMapped:         0 kB
CmaTotal:              0 kB
CmaFree:               0 kB
Unaccepted:            0 kB
Balloon:               0 kB
HugePages_Total:       0
HugePages_Free:        0
HugePages_Rsvd:        0
HugePages_Surp:        0
Hugepagesize:       2048 kB
Hugetlb:               0 kB
DirectMap4k:      194432 kB
DirectMap2M:     6096896 kB
DirectMap1G:     4194304 kB
---SNAPSHOT---
2026-04-27 02:17:04
MemTotal:        8129240 kB
MemFree:         3141480 kB
MemAvailable:    3346264 kB
Buffers:            7712 kB
Cached:           313392 kB
SwapCached:       740484 kB
Active:          2945024 kB
Inactive:        1282040 kB
Active(anon):    2800244 kB
Inactive(anon):  1161616 kB
Active(file):     144780 kB
Inactive(file):   120424 kB
Unevictable:          16 kB
Mlocked:              16 kB
SwapTotal:       4194300 kB
SwapFree:        3332496 kB
Zswap:                 0 kB
Zswapped:              0 kB
Dirty:               428 kB
Writeback:         14908 kB
AnonPages:       3159212 kB
Mapped:           257872 kB
Shmem:             55960 kB
KReclaimable:      56704 kB
Slab:             285856 kB
SReclaimable:      56704 kB
SUnreclaim:       229152 kB
KernelStack:       18960 kB
PageTables:        61876 kB
SecPageTables:         0 kB
NFS_Unstable:          0 kB
Bounce:                0 kB
WritebackTmp:          0 kB
CommitLimit:     8258920 kB
Committed_AS:   12053764 kB
VmallocTotal:   34359738367 kB
VmallocUsed:       47288 kB
VmallocChunk:          0 kB
Percpu:            13280 kB
HardwareCorrupted:     0 kB
AnonHugePages:     12288 kB
ShmemHugePages:        0 kB
ShmemPmdMapped:        0 kB
FileHugePages:         0 kB
FilePmdMapped:         0 kB
CmaTotal:              0 kB
CmaFree:               0 kB
Unaccepted:            0 kB
Balloon:               0 kB
HugePages_Total:       0
HugePages_Free:        0
HugePages_Rsvd:        0
HugePages_Surp:        0
Hugepagesize:       2048 kB
Hugetlb:               0 kB
DirectMap4k:      194432 kB
DirectMap2M:     6096896 kB
DirectMap1G:     4194304 kB
---SNAPSHOT---
2026-04-27 02:17:05
MemTotal:        8129240 kB
MemFree:         2329136 kB
MemAvailable:    2534136 kB
Buffers:            7712 kB
Cached:           313400 kB
SwapCached:       755844 kB
Active:          3848176 kB
Inactive:        1288780 kB
Active(anon):    3703396 kB
Inactive(anon):  1168352 kB
Active(file):     144780 kB
Inactive(file):   120428 kB
Unevictable:          16 kB
Mlocked:              16 kB
SwapTotal:       4194300 kB
SwapFree:        3317136 kB
Zswap:                 0 kB
Zswapped:              0 kB
Dirty:               436 kB
Writeback:         23556 kB
AnonPages:       4051620 kB
Mapped:           257872 kB
Shmem:             55960 kB
KReclaimable:      56688 kB
Slab:             286364 kB
SReclaimable:      56688 kB
SUnreclaim:       229676 kB
KernelStack:       18928 kB
PageTables:        63860 kB
SecPageTables:         0 kB
NFS_Unstable:          0 kB
Bounce:                0 kB
WritebackTmp:          0 kB
CommitLimit:     8258920 kB
Committed_AS:   12053508 kB
VmallocTotal:   34359738367 kB
VmallocUsed:       47256 kB
VmallocChunk:          0 kB
Percpu:            13280 kB
HardwareCorrupted:     0 kB
AnonHugePages:     12288 kB
ShmemHugePages:        0 kB
ShmemPmdMapped:        0 kB
FileHugePages:         0 kB
FilePmdMapped:         0 kB
CmaTotal:              0 kB
CmaFree:               0 kB
Unaccepted:            0 kB
Balloon:               0 kB
HugePages_Total:       0
HugePages_Free:        0
HugePages_Rsvd:        0
HugePages_Surp:        0
Hugepagesize:       2048 kB
Hugetlb:               0 kB
DirectMap4k:      194432 kB
DirectMap2M:     6096896 kB
DirectMap1G:     4194304 kB
---SNAPSHOT---
2026-04-27 02:17:06
MemTotal:        8129240 kB
MemFree:         2612416 kB
MemAvailable:    2817420 kB
Buffers:            7712 kB
Cached:           313404 kB
SwapCached:       755844 kB
Active:          3618016 kB
Inactive:        1292836 kB
Active(anon):    3473236 kB
Inactive(anon):  1172404 kB
Active(file):     144780 kB
Inactive(file):   120432 kB
Unevictable:          16 kB
Mlocked:              16 kB
SwapTotal:       4194300 kB
SwapFree:        3317136 kB
Zswap:                 0 kB
Zswapped:              0 kB
Dirty:               440 kB
Writeback:         19516 kB
AnonPages:       3840384 kB
Mapped:           257872 kB
Shmem:             55960 kB
KReclaimable:      56688 kB
Slab:             286128 kB
SReclaimable:      56688 kB
SUnreclaim:       229440 kB
KernelStack:       18960 kB
PageTables:        62624 kB
SecPageTables:         0 kB
NFS_Unstable:          0 kB
Bounce:                0 kB
WritebackTmp:          0 kB
CommitLimit:     8258920 kB
Committed_AS:   12053648 kB
VmallocTotal:   34359738367 kB
VmallocUsed:       47288 kB
VmallocChunk:          0 kB
Percpu:            13280 kB
HardwareCorrupted:     0 kB
AnonHugePages:     12288 kB
ShmemHugePages:        0 kB
ShmemPmdMapped:        0 kB
FileHugePages:         0 kB
FilePmdMapped:         0 kB
CmaTotal:              0 kB
CmaFree:               0 kB
Unaccepted:            0 kB
Balloon:               0 kB
HugePages_Total:       0
HugePages_Free:        0
HugePages_Rsvd:        0
HugePages_Surp:        0
Hugepagesize:       2048 kB
Hugetlb:               0 kB
DirectMap4k:      194432 kB
DirectMap2M:     6096896 kB
DirectMap1G:     4194304 kB
---SNAPSHOT---
2026-04-27 02:17:07
MemTotal:        8129240 kB
MemFree:         4020884 kB
MemAvailable:    4225892 kB
Buffers:            7720 kB
Cached:           313408 kB
SwapCached:       118064 kB
Active:          2659140 kB
Inactive:         674616 kB
Active(anon):    2514360 kB
Inactive(anon):   554180 kB
Active(file):     144780 kB
Inactive(file):   120436 kB
Unevictable:          16 kB
Mlocked:              16 kB
SwapTotal:       4194300 kB
SwapFree:        3955092 kB
Zswap:                 0 kB
Zswapped:              0 kB
Dirty:               444 kB
Writeback:           168 kB
AnonPages:       2899552 kB
Mapped:           257872 kB
Shmem:             55960 kB
KReclaimable:      56688 kB
Slab:             284948 kB
SReclaimable:      56688 kB
SUnreclaim:       228260 kB
KernelStack:       18944 kB
PageTables:        60804 kB
SecPageTables:         0 kB
NFS_Unstable:          0 kB
Bounce:                0 kB
WritebackTmp:          0 kB
CommitLimit:     8258920 kB
Committed_AS:   12054000 kB
VmallocTotal:   34359738367 kB
VmallocUsed:       47272 kB
VmallocChunk:          0 kB
Percpu:            13280 kB
HardwareCorrupted:     0 kB
AnonHugePages:     12288 kB
ShmemHugePages:        0 kB
ShmemPmdMapped:        0 kB
FileHugePages:         0 kB
FilePmdMapped:         0 kB
CmaTotal:              0 kB
CmaFree:               0 kB
Unaccepted:            0 kB
Balloon:               0 kB
HugePages_Total:       0
HugePages_Free:        0
HugePages_Rsvd:        0
HugePages_Surp:        0
Hugepagesize:       2048 kB
Hugetlb:               0 kB
DirectMap4k:      194432 kB
DirectMap2M:     6096896 kB
DirectMap1G:     4194304 kB
---SNAPSHOT---
2026-04-27 02:17:08
MemTotal:        8129240 kB
MemFree:         2888512 kB
MemAvailable:    3093536 kB
Buffers:            7720 kB
Cached:           313416 kB
SwapCached:       117888 kB
Active:          3864800 kB
Inactive:         674460 kB
Active(anon):    3720020 kB
Inactive(anon):   554008 kB
Active(file):     144780 kB
Inactive(file):   120452 kB
Unevictable:          16 kB
Mlocked:              16 kB
SwapTotal:       4194300 kB
SwapFree:        3955092 kB
Zswap:                 0 kB
Zswapped:              0 kB
Dirty:               452 kB
Writeback:             0 kB
AnonPages:       4104908 kB
Mapped:           257872 kB
Shmem:             55960 kB
KReclaimable:      56688 kB
Slab:             284896 kB
SReclaimable:      56688 kB
SUnreclaim:       228208 kB
KernelStack:       18960 kB
PageTables:        63860 kB
SecPageTables:         0 kB
NFS_Unstable:          0 kB
Bounce:                0 kB
WritebackTmp:          0 kB
CommitLimit:     8258920 kB
Committed_AS:   12053508 kB
VmallocTotal:   34359738367 kB
VmallocUsed:       47224 kB
VmallocChunk:          0 kB
Percpu:            13280 kB
HardwareCorrupted:     0 kB
AnonHugePages:     12288 kB
ShmemHugePages:        0 kB
ShmemPmdMapped:        0 kB
FileHugePages:         0 kB
FilePmdMapped:         0 kB
CmaTotal:              0 kB
CmaFree:               0 kB
Unaccepted:            0 kB
Balloon:               0 kB
HugePages_Total:       0
HugePages_Free:        0
HugePages_Rsvd:        0
HugePages_Surp:        0
Hugepagesize:       2048 kB
Hugetlb:               0 kB
DirectMap4k:      194432 kB
DirectMap2M:     6096896 kB
DirectMap1G:     4194304 kB
---SNAPSHOT---
2026-04-27 02:17:09
MemTotal:        8129240 kB
MemFree:         3261288 kB
MemAvailable:    3466316 kB
Buffers:            7720 kB
Cached:           313420 kB
SwapCached:       117888 kB
Active:          3462772 kB
Inactive:         674464 kB
Active(anon):    3317992 kB
Inactive(anon):   554008 kB
Active(file):     144780 kB
Inactive(file):   120456 kB
Unevictable:          16 kB
Mlocked:              16 kB
SwapTotal:       4194300 kB
SwapFree:        3955092 kB
Zswap:                 0 kB
Zswapped:              0 kB
Dirty:               456 kB
Writeback:             0 kB
AnonPages:       3702564 kB
Mapped:           257872 kB
Shmem:             55960 kB
KReclaimable:      56688 kB
Slab:             284896 kB
SReclaimable:      56688 kB
SUnreclaim:       228208 kB
KernelStack:       18976 kB
PageTables:        61596 kB
SecPageTables:         0 kB
NFS_Unstable:          0 kB
Bounce:                0 kB
WritebackTmp:          0 kB
CommitLimit:     8258920 kB
Committed_AS:   12053380 kB
VmallocTotal:   34359738367 kB
VmallocUsed:       47240 kB
VmallocChunk:          0 kB
Percpu:            13280 kB
HardwareCorrupted:     0 kB
AnonHugePages:     12288 kB
ShmemHugePages:        0 kB
ShmemPmdMapped:        0 kB
FileHugePages:         0 kB
FilePmdMapped:         0 kB
CmaTotal:              0 kB
CmaFree:               0 kB
Unaccepted:            0 kB
Balloon:               0 kB
HugePages_Total:       0
HugePages_Free:        0
HugePages_Rsvd:        0
HugePages_Surp:        0
Hugepagesize:       2048 kB
Hugetlb:               0 kB
DirectMap4k:      194432 kB
DirectMap2M:     6096896 kB
DirectMap1G:     4194304 kB
---SNAPSHOT---
2026-04-27 02:17:10
MemTotal:        8129240 kB
MemFree:         2957604 kB
MemAvailable:    3162640 kB
Buffers:            7720 kB
Cached:           313428 kB
SwapCached:       117888 kB
Active:          3842336 kB
Inactive:         674472 kB
Active(anon):    3697556 kB
Inactive(anon):   554008 kB
Active(file):     144780 kB
Inactive(file):   120464 kB
Unevictable:          16 kB
Mlocked:              16 kB
SwapTotal:       4194300 kB
SwapFree:        3955092 kB
Zswap:                 0 kB
Zswapped:              0 kB
Dirty:               464 kB
Writeback:             0 kB
AnonPages:       4082464 kB
Mapped:           257872 kB
Shmem:             55960 kB
KReclaimable:      56688 kB
Slab:             284892 kB
SReclaimable:      56688 kB
SUnreclaim:       228204 kB
KernelStack:       18960 kB
PageTables:        62004 kB
SecPageTables:         0 kB
NFS_Unstable:          0 kB
Bounce:                0 kB
WritebackTmp:          0 kB
CommitLimit:     8258920 kB
