---SNAPSHOT---
2026-04-27 02:24:44
MemTotal:        8129240 kB
MemFree:         4642788 kB
MemAvailable:    4824816 kB
Buffers:            5120 kB
Cached:           277688 kB
SwapCached:       116864 kB
Active:          2066832 kB
Inactive:         648696 kB
Active(anon):    1939888 kB
Inactive(anon):   531848 kB
Active(file):     126944 kB
Inactive(file):   116848 kB
Unevictable:           0 kB
Mlocked:               0 kB
SwapTotal:       4194300 kB
SwapFree:        3956116 kB
Zswap:                 0 kB
Zswapped:              0 kB
Dirty:               256 kB
Writeback:             0 kB
AnonPages:       2320628 kB
Mapped:           237636 kB
Shmem:             38812 kB
KReclaimable:      55132 kB
Slab:             283332 kB
SReclaimable:      55132 kB
SUnreclaim:       228200 kB
KernelStack:       18780 kB
PageTables:        57636 kB
SecPageTables:         0 kB
NFS_Unstable:          0 kB
Bounce:                0 kB
WritebackTmp:          0 kB
CommitLimit:     8258920 kB
Committed_AS:    9396444 kB
VmallocTotal:   34359738367 kB
VmallocUsed:       47048 kB
VmallocChunk:          0 kB
Percpu:            13280 kB
HardwareCorrupted:     0 kB
AnonHugePages:     14336 kB
ShmemHugePages:        0 kB
ShmemPmdMapped:        0 kB
FileHugePages:         0 kB
FilePmdMapped:         0 kB
CmaTotal:              0 kB
CmaFree:               0 kB
Unaccepted:            0 kB
Balloon:               0 kB
HugePages_Total:       0
HugePages_Free:        0
HugePages_Rsvd:        0
HugePages_Surp:        0
Hugepagesize:       2048 kB
Hugetlb:               0 kB
DirectMap4k:      194432 kB
DirectMap2M:     6096896 kB
DirectMap1G:     4194304 kB
---SNAPSHOT---
2026-04-27 02:24:45
MemTotal:        8129240 kB
MemFree:         4652888 kB
MemAvailable:    4835632 kB
Buffers:            5128 kB
Cached:           278128 kB
SwapCached:       116864 kB
Active:          2067428 kB
Inactive:         649060 kB
Active(anon):    1940132 kB
Inactive(anon):   531848 kB
Active(file):     127296 kB
Inactive(file):   117212 kB
Unevictable:           0 kB
Mlocked:               0 kB
SwapTotal:       4194300 kB
SwapFree:        3956116 kB
Zswap:                 0 kB
Zswapped:              0 kB
Dirty:               456 kB
Writeback:             0 kB
AnonPages:       2321052 kB
Mapped:           237452 kB
Shmem:             38812 kB
KReclaimable:      55132 kB
Slab:             283300 kB
SReclaimable:      55132 kB
SUnreclaim:       228168 kB
KernelStack:       18800 kB
PageTables:        57760 kB
SecPageTables:         0 kB
NFS_Unstable:          0 kB
Bounce:                0 kB
WritebackTmp:          0 kB
CommitLimit:     8258920 kB
Committed_AS:    9396484 kB
VmallocTotal:   34359738367 kB
VmallocUsed:       47064 kB
VmallocChunk:          0 kB
Percpu:            13280 kB
HardwareCorrupted:     0 kB
AnonHugePages:     14336 kB
ShmemHugePages:        0 kB
ShmemPmdMapped:        0 kB
FileHugePages:         0 kB
FilePmdMapped:         0 kB
CmaTotal:              0 kB
CmaFree:               0 kB
Unaccepted:            0 kB
Balloon:               0 kB
HugePages_Total:       0
HugePages_Free:        0
HugePages_Rsvd:        0
HugePages_Surp:        0
Hugepagesize:       2048 kB
Hugetlb:               0 kB
DirectMap4k:      194432 kB
DirectMap2M:     6096896 kB
DirectMap1G:     4194304 kB
---SNAPSHOT---
2026-04-27 02:24:46
MemTotal:        8129240 kB
MemFree:         4675180 kB
MemAvailable:    4857940 kB
Buffers:            5136 kB
Cached:           278132 kB
SwapCached:       116864 kB
Active:          2067624 kB
Inactive:         649076 kB
Active(anon):    1940328 kB
Inactive(anon):   531848 kB
Active(file):     127296 kB
Inactive(file):   117228 kB
Unevictable:           0 kB
Mlocked:               0 kB
SwapTotal:       4194300 kB
SwapFree:        3956116 kB
Zswap:                 0 kB
Zswapped:              0 kB
Dirty:               532 kB
Writeback:             0 kB
AnonPages:       2320884 kB
Mapped:           237680 kB
Shmem:             38812 kB
KReclaimable:      55132 kB
Slab:             283300 kB
SReclaimable:      55132 kB
SUnreclaim:       228168 kB
KernelStack:       18800 kB
PageTables:        57788 kB
SecPageTables:         0 kB
NFS_Unstable:          0 kB
Bounce:                0 kB
WritebackTmp:          0 kB
CommitLimit:     8258920 kB
Committed_AS:    9396468 kB
VmallocTotal:   34359738367 kB
VmallocUsed:       47096 kB
VmallocChunk:          0 kB
Percpu:            13280 kB
HardwareCorrupted:     0 kB
AnonHugePages:     14336 kB
ShmemHugePages:        0 kB
ShmemPmdMapped:        0 kB
FileHugePages:         0 kB
FilePmdMapped:         0 kB
CmaTotal:              0 kB
CmaFree:               0 kB
Unaccepted:            0 kB
Balloon:               0 kB
HugePages_Total:       0
HugePages_Free:        0
HugePages_Rsvd:        0
HugePages_Surp:        0
Hugepagesize:       2048 kB
Hugetlb:               0 kB
DirectMap4k:      194432 kB
DirectMap2M:     6096896 kB
DirectMap1G:     4194304 kB
---SNAPSHOT---
2026-04-27 02:24:47
MemTotal:        8129240 kB
MemFree:         4695496 kB
MemAvailable:    4884832 kB
Buffers:            5704 kB
Cached:           284244 kB
SwapCached:       116864 kB
Active:          2074420 kB
Inactive:         649620 kB
Active(anon):    1941092 kB
Inactive(anon):   531848 kB
Active(file):     133328 kB
Inactive(file):   117772 kB
Unevictable:           0 kB
Mlocked:               0 kB
SwapTotal:       4194300 kB
SwapFree:        3956116 kB
Zswap:                 0 kB
Zswapped:              0 kB
Dirty:               544 kB
Writeback:             0 kB
AnonPages:       2321824 kB
Mapped:           237680 kB
Shmem:             38812 kB
KReclaimable:      55132 kB
Slab:             283268 kB
SReclaimable:      55132 kB
SUnreclaim:       228136 kB
KernelStack:       18832 kB
PageTables:        58160 kB
SecPageTables:         0 kB
NFS_Unstable:          0 kB
Bounce:                0 kB
WritebackTmp:          0 kB
CommitLimit:     8258920 kB
Committed_AS:    9406052 kB
VmallocTotal:   34359738367 kB
VmallocUsed:       47128 kB
VmallocChunk:          0 kB
Percpu:            13280 kB
HardwareCorrupted:     0 kB
AnonHugePages:     14336 kB
ShmemHugePages:        0 kB
ShmemPmdMapped:        0 kB
FileHugePages:         0 kB
FilePmdMapped:         0 kB
CmaTotal:              0 kB
CmaFree:               0 kB
Unaccepted:            0 kB
Balloon:               0 kB
HugePages_Total:       0
HugePages_Free:        0
HugePages_Rsvd:        0
HugePages_Surp:        0
Hugepagesize:       2048 kB
Hugetlb:               0 kB
DirectMap4k:      194432 kB
DirectMap2M:     6096896 kB
DirectMap1G:     4194304 kB
---SNAPSHOT---
2026-04-27 02:24:48
MemTotal:        8129240 kB
MemFree:         2331968 kB
MemAvailable:    2530500 kB
Buffers:            5972 kB
Cached:           310224 kB
SwapCached:       116864 kB
Active:          4460116 kB
Inactive:         650192 kB
Active(anon):    4318164 kB
Inactive(anon):   531848 kB
Active(file):     141952 kB
Inactive(file):   118344 kB
Unevictable:          16 kB
Mlocked:              16 kB
SwapTotal:       4194300 kB
SwapFree:        3956116 kB
Zswap:                 0 kB
Zswapped:              0 kB
Dirty:               624 kB
Writeback:             0 kB
AnonPages:       4681696 kB
Mapped:           258236 kB
Shmem:             55960 kB
KReclaimable:      55132 kB
Slab:             283352 kB
SReclaimable:      55132 kB
SUnreclaim:       228220 kB
KernelStack:       19020 kB
PageTables:        63232 kB
SecPageTables:         0 kB
NFS_Unstable:          0 kB
Bounce:                0 kB
WritebackTmp:          0 kB
CommitLimit:     8258920 kB
Committed_AS:   12053244 kB
VmallocTotal:   34359738367 kB
VmallocUsed:       47240 kB
VmallocChunk:          0 kB
Percpu:            13280 kB
HardwareCorrupted:     0 kB
AnonHugePages:     14336 kB
ShmemHugePages:        0 kB
ShmemPmdMapped:        0 kB
FileHugePages:         0 kB
FilePmdMapped:         0 kB
CmaTotal:              0 kB
CmaFree:               0 kB
Unaccepted:            0 kB
Balloon:               0 kB
HugePages_Total:       0
HugePages_Free:        0
HugePages_Rsvd:        0
HugePages_Surp:        0
Hugepagesize:       2048 kB
Hugetlb:               0 kB
DirectMap4k:      194432 kB
DirectMap2M:     6096896 kB
DirectMap1G:     4194304 kB
---SNAPSHOT---
2026-04-27 02:24:49
MemTotal:        8129240 kB
MemFree:         2958220 kB
MemAvailable:    3156760 kB
Buffers:            5972 kB
Cached:           310232 kB
SwapCached:       116864 kB
Active:          3716324 kB
Inactive:         650200 kB
Active(anon):    3574372 kB
Inactive(anon):   531848 kB
Active(file):     141952 kB
Inactive(file):   118352 kB
Unevictable:          16 kB
Mlocked:              16 kB
SwapTotal:       4194300 kB
SwapFree:        3956116 kB
Zswap:                 0 kB
Zswapped:              0 kB
Dirty:               632 kB
Writeback:             0 kB
AnonPages:       3908672 kB
Mapped:           258236 kB
Shmem:             55960 kB
KReclaimable:      55132 kB
Slab:             283360 kB
SReclaimable:      55132 kB
SUnreclaim:       228228 kB
KernelStack:       19020 kB
PageTables:        64152 kB
SecPageTables:         0 kB
NFS_Unstable:          0 kB
Bounce:                0 kB
WritebackTmp:          0 kB
CommitLimit:     8258920 kB
Committed_AS:   12054092 kB
VmallocTotal:   34359738367 kB
VmallocUsed:       47288 kB
VmallocChunk:          0 kB
Percpu:            13280 kB
HardwareCorrupted:     0 kB
AnonHugePages:     14336 kB
ShmemHugePages:        0 kB
ShmemPmdMapped:        0 kB
FileHugePages:         0 kB
FilePmdMapped:         0 kB
CmaTotal:              0 kB
CmaFree:               0 kB
Unaccepted:            0 kB
Balloon:               0 kB
HugePages_Total:       0
HugePages_Free:        0
HugePages_Rsvd:        0
HugePages_Surp:        0
Hugepagesize:       2048 kB
Hugetlb:               0 kB
DirectMap4k:      194432 kB
DirectMap2M:     6096896 kB
DirectMap1G:     4194304 kB
---SNAPSHOT---
2026-04-27 02:24:50
MemTotal:        8129240 kB
MemFree:         2168192 kB
MemAvailable:    2366736 kB
Buffers:            5972 kB
Cached:           310236 kB
SwapCached:       116864 kB
Active:          4584836 kB
Inactive:         650204 kB
Active(anon):    4442884 kB
Inactive(anon):   531848 kB
Active(file):     141952 kB
Inactive(file):   118356 kB
Unevictable:          16 kB
Mlocked:              16 kB
SwapTotal:       4194300 kB
SwapFree:        3956116 kB
Zswap:                 0 kB
Zswapped:              0 kB
Dirty:               636 kB
Writeback:             0 kB
AnonPages:       4806984 kB
Mapped:           258236 kB
Shmem:             55960 kB
KReclaimable:      55132 kB
Slab:             283340 kB
SReclaimable:      55132 kB
SUnreclaim:       228208 kB
KernelStack:       18960 kB
PageTables:        63316 kB
SecPageTables:         0 kB
NFS_Unstable:          0 kB
Bounce:                0 kB
WritebackTmp:          0 kB
CommitLimit:     8258920 kB
Committed_AS:   12053828 kB
VmallocTotal:   34359738367 kB
VmallocUsed:       47208 kB
VmallocChunk:          0 kB
Percpu:            13280 kB
HardwareCorrupted:     0 kB
AnonHugePages:     14336 kB
ShmemHugePages:        0 kB
ShmemPmdMapped:        0 kB
FileHugePages:         0 kB
FilePmdMapped:         0 kB
CmaTotal:              0 kB
CmaFree:               0 kB
Unaccepted:            0 kB
Balloon:               0 kB
HugePages_Total:       0
HugePages_Free:        0
HugePages_Rsvd:        0
HugePages_Surp:        0
Hugepagesize:       2048 kB
Hugetlb:               0 kB
DirectMap4k:      194432 kB
DirectMap2M:     6096896 kB
DirectMap1G:     4194304 kB
---SNAPSHOT---
2026-04-27 02:24:51
MemTotal:        8129240 kB
MemFree:         3279632 kB
MemAvailable:    3479944 kB
Buffers:            5980 kB
Cached:           310236 kB
SwapCached:       116864 kB
Active:          3299924 kB
Inactive:         650208 kB
Active(anon):    3157972 kB
Inactive(anon):   531848 kB
Active(file):     141952 kB
Inactive(file):   118360 kB
Unevictable:          16 kB
Mlocked:              16 kB
SwapTotal:       4194300 kB
SwapFree:        3956116 kB
Zswap:                 0 kB
Zswapped:              0 kB
Dirty:               640 kB
Writeback:             0 kB
AnonPages:       3483408 kB
Mapped:           258236 kB
Shmem:             55960 kB
KReclaimable:      56668 kB
Slab:             284900 kB
SReclaimable:      56668 kB
SUnreclaim:       228232 kB
KernelStack:       18944 kB
PageTables:        62936 kB
SecPageTables:         0 kB
NFS_Unstable:          0 kB
Bounce:                0 kB
WritebackTmp:          0 kB
CommitLimit:     8258920 kB
Committed_AS:   12053960 kB
VmallocTotal:   34359738367 kB
VmallocUsed:       47256 kB
VmallocChunk:          0 kB
Percpu:            13280 kB
HardwareCorrupted:     0 kB
AnonHugePages:     14336 kB
ShmemHugePages:        0 kB
ShmemPmdMapped:        0 kB
FileHugePages:         0 kB
FilePmdMapped:         0 kB
CmaTotal:              0 kB
CmaFree:               0 kB
Unaccepted:            0 kB
Balloon:               0 kB
HugePages_Total:       0
HugePages_Free:        0
HugePages_Rsvd:        0
HugePages_Surp:        0
Hugepagesize:       2048 kB
Hugetlb:               0 kB
DirectMap4k:      194432 kB
DirectMap2M:     6096896 kB
DirectMap1G:     4194304 kB
---SNAPSHOT---
2026-04-27 02:24:52
MemTotal:        8129240 kB
MemFree:         2165312 kB
MemAvailable:    2365416 kB
Buffers:            5980 kB
Cached:           310252 kB
SwapCached:       116864 kB
Active:          4612748 kB
Inactive:         650228 kB
Active(anon):    4470796 kB
Inactive(anon):   531848 kB
Active(file):     141952 kB
Inactive(file):   118380 kB
Unevictable:          16 kB
Mlocked:              16 kB
SwapTotal:       4194300 kB
SwapFree:        3956116 kB
Zswap:                 0 kB
Zswapped:              0 kB
Dirty:               648 kB
Writeback:             0 kB
AnonPages:       4834132 kB
Mapped:           258244 kB
Shmem:             55960 kB
KReclaimable:      56668 kB
Slab:             284972 kB
SReclaimable:      56668 kB
SUnreclaim:       228304 kB
KernelStack:       19068 kB
PageTables:        63648 kB
SecPageTables:         0 kB
NFS_Unstable:          0 kB
Bounce:                0 kB
WritebackTmp:          0 kB
CommitLimit:     8258920 kB
Committed_AS:   12054760 kB
VmallocTotal:   34359738367 kB
VmallocUsed:       47288 kB
VmallocChunk:          0 kB
Percpu:            13280 kB
HardwareCorrupted:     0 kB
AnonHugePages:     14336 kB
ShmemHugePages:        0 kB
ShmemPmdMapped:        0 kB
FileHugePages:         0 kB
FilePmdMapped:         0 kB
CmaTotal:              0 kB
CmaFree:               0 kB
Unaccepted:            0 kB
Balloon:               0 kB
HugePages_Total:       0
HugePages_Free:        0
HugePages_Rsvd:        0
HugePages_Surp:        0
Hugepagesize:       2048 kB
Hugetlb:               0 kB
DirectMap4k:      194432 kB
DirectMap2M:     6096896 kB
DirectMap1G:     4194304 kB
---SNAPSHOT---
2026-04-27 02:24:53
MemTotal:        8129240 kB
MemFree:         3517524 kB
MemAvailable:    3717632 kB
Buffers:            5980 kB
Cached:           310256 kB
SwapCached:       180932 kB
Active:          3057740 kB
Inactive:         712932 kB
Active(anon):    2915788 kB
Inactive(anon):   594548 kB
Active(file):     141952 kB
Inactive(file):   118384 kB
Unevictable:          16 kB
Mlocked:              16 kB
SwapTotal:       4194300 kB
SwapFree:        3891872 kB
Zswap:                 0 kB
Zswapped:              0 kB
Dirty:               652 kB
Writeback:          1140 kB
AnonPages:       3255704 kB
Mapped:           258236 kB
Shmem:             55960 kB
KReclaimable:      56668 kB
Slab:             284988 kB
SReclaimable:      56668 kB
SUnreclaim:       228320 kB
KernelStack:       19020 kB
PageTables:        62112 kB
SecPageTables:         0 kB
NFS_Unstable:          0 kB
Bounce:                0 kB
WritebackTmp:          0 kB
CommitLimit:     8258920 kB
Committed_AS:   12054068 kB
VmallocTotal:   34359738367 kB
VmallocUsed:       47256 kB
VmallocChunk:          0 kB
Percpu:            13280 kB
HardwareCorrupted:     0 kB
AnonHugePages:     14336 kB
ShmemHugePages:        0 kB
ShmemPmdMapped:        0 kB
FileHugePages:         0 kB
FilePmdMapped:         0 kB
CmaTotal:              0 kB
CmaFree:               0 kB
Unaccepted:            0 kB
Balloon:               0 kB
HugePages_Total:       0
HugePages_Free:        0
HugePages_Rsvd:        0
HugePages_Surp:        0
Hugepagesize:       2048 kB
Hugetlb:               0 kB
DirectMap4k:      194432 kB
DirectMap2M:     6096896 kB
DirectMap1G:     4194304 kB
---SNAPSHOT---
2026-04-27 02:24:54
MemTotal:        8129240 kB
MemFree:         2628568 kB
MemAvailable:    2828684 kB
Buffers:            5980 kB
Cached:           310264 kB
SwapCached:       236224 kB
Active:          4021308 kB
Inactive:         769592 kB
Active(anon):    3879356 kB
Inactive(anon):   651200 kB
Active(file):     141952 kB
Inactive(file):   118392 kB
Unevictable:          16 kB
Mlocked:              16 kB
SwapTotal:       4194300 kB
SwapFree:        3836744 kB
Zswap:                 0 kB
Zswapped:              0 kB
Dirty:               660 kB
Writeback:           168 kB
AnonPages:       4242628 kB
Mapped:           258236 kB
Shmem:             55960 kB
KReclaimable:      56668 kB
Slab:             285044 kB
SReclaimable:      56668 kB
SUnreclaim:       228376 kB
KernelStack:       19020 kB
PageTables:        63404 kB
SecPageTables:         0 kB
NFS_Unstable:          0 kB
Bounce:                0 kB
WritebackTmp:          0 kB
CommitLimit:     8258920 kB
Committed_AS:   12053408 kB
VmallocTotal:   34359738367 kB
VmallocUsed:       47288 kB
VmallocChunk:          0 kB
Percpu:            13280 kB
HardwareCorrupted:     0 kB
AnonHugePages:     14336 kB
ShmemHugePages:        0 kB
ShmemPmdMapped:        0 kB
FileHugePages:         0 kB
FilePmdMapped:         0 kB
CmaTotal:              0 kB
CmaFree:               0 kB
Unaccepted:            0 kB
Balloon:               0 kB
HugePages_Total:       0
HugePages_Free:        0
HugePages_Rsvd:        0
HugePages_Surp:        0
Hugepagesize:       2048 kB
Hugetlb:               0 kB
DirectMap4k:      194432 kB
DirectMap2M:     6096896 kB
DirectMap1G:     4194304 kB
---SNAPSHOT---
2026-04-27 02:24:55
MemTotal:        8129240 kB
MemFree:         3275476 kB
MemAvailable:    3475596 kB
Buffers:            5980 kB
Cached:           310268 kB
SwapCached:       116864 kB
Active:          3398000 kB
Inactive:         650244 kB
Active(anon):    3256048 kB
Inactive(anon):   531848 kB
Active(file):     141952 kB
Inactive(file):   118396 kB
Unevictable:          16 kB
Mlocked:              16 kB
SwapTotal:       4194300 kB
SwapFree:        3956116 kB
Zswap:                 0 kB
Zswapped:              0 kB
Dirty:               664 kB
Writeback:             0 kB
AnonPages:       3619800 kB
Mapped:           258464 kB
Shmem:             55960 kB
KReclaimable:      56668 kB
Slab:             284952 kB
SReclaimable:      56668 kB
SUnreclaim:       228284 kB
KernelStack:       19020 kB
PageTables:        61268 kB
SecPageTables:         0 kB
NFS_Unstable:          0 kB
Bounce:                0 kB
WritebackTmp:          0 kB
CommitLimit:     8258920 kB
Committed_AS:   12053484 kB
VmallocTotal:   34359738367 kB
VmallocUsed:       47288 kB
VmallocChunk:          0 kB
Percpu:            13280 kB
HardwareCorrupted:     0 kB
AnonHugePages:     14336 kB
ShmemHugePages:        0 kB
ShmemPmdMapped:        0 kB
FileHugePages:         0 kB
FilePmdMapped:         0 kB
CmaTotal:              0 kB
CmaFree:               0 kB
Unaccepted:            0 kB
Balloon:               0 kB
HugePages_Total:       0
HugePages_Free:        0
HugePages_Rsvd:        0
HugePages_Surp:        0
Hugepagesize:       2048 kB
Hugetlb:               0 kB
DirectMap4k:      194432 kB
DirectMap2M:     6096896 kB
DirectMap1G:     4194304 kB
---SNAPSHOT---
2026-04-27 02:24:56
MemTotal:        8129240 kB
MemFree:         2669436 kB
MemAvailable:    2869632 kB
Buffers:            6132 kB
Cached:           310264 kB
SwapCached:       116864 kB
Active:          4105900 kB
Inactive:         650320 kB
Active(anon):    3963948 kB
Inactive(anon):   531848 kB
Active(file):     141952 kB
Inactive(file):   118472 kB
Unevictable:          16 kB
Mlocked:              16 kB
SwapTotal:       4194300 kB
SwapFree:        3956116 kB
Zswap:                 0 kB
Zswapped:              0 kB
Dirty:               668 kB
Writeback:             0 kB
AnonPages:       4327796 kB
Mapped:           258236 kB
Shmem:             55960 kB
KReclaimable:      56668 kB
Slab:             284976 kB
SReclaimable:      56668 kB
SUnreclaim:       228308 kB
KernelStack:       19020 kB
PageTables:        62836 kB
SecPageTables:         0 kB
NFS_Unstable:          0 kB
Bounce:                0 kB
WritebackTmp:          0 kB
CommitLimit:     8258920 kB
Committed_AS:   12053848 kB
VmallocTotal:   34359738367 kB
VmallocUsed:       47240 kB
VmallocChunk:          0 kB
Percpu:            13280 kB
HardwareCorrupted:     0 kB
AnonHugePages:     14336 kB
ShmemHugePages:        0 kB
ShmemPmdMapped:        0 kB
FileHugePages:         0 kB
FilePmdMapped:         0 kB
CmaTotal:              0 kB
CmaFree:               0 kB
Unaccepted:            0 kB
Balloon:               0 kB
HugePages_Total:       0
HugePages_Free:        0
HugePages_Rsvd:        0
HugePages_Surp:        0
Hugepagesize:       2048 kB
Hugetlb:               0 kB
DirectMap4k:      194432 kB
DirectMap2M:     6096896 kB
DirectMap1G:     4194304 kB
---SNAPSHOT---
2026-04-27 02:24:57
MemTotal:        8129240 kB
MemFree:         3130624 kB
MemAvailable:    3330896 kB
Buffers:            6132 kB
Cached:           310280 kB
SwapCached:       116864 kB
Active:          3557952 kB
Inactive:         650396 kB
Active(anon):    3416000 kB
Inactive(anon):   531848 kB
Active(file):     141952 kB
Inactive(file):   118548 kB
Unevictable:          16 kB
Mlocked:              16 kB
SwapTotal:       4194300 kB
SwapFree:        3956116 kB
Zswap:                 0 kB
Zswapped:              0 kB
Dirty:               676 kB
Writeback:             0 kB
AnonPages:       3779884 kB
Mapped:           258236 kB
Shmem:             55960 kB
KReclaimable:      56668 kB
Slab:             284996 kB
SReclaimable:      56668 kB
SUnreclaim:       228328 kB
KernelStack:       19020 kB
PageTables:        61496 kB
SecPageTables:         0 kB
NFS_Unstable:          0 kB
Bounce:                0 kB
WritebackTmp:          0 kB
CommitLimit:     8258920 kB
Committed_AS:   12053848 kB
VmallocTotal:   34359738367 kB
VmallocUsed:       47208 kB
VmallocChunk:          0 kB
Percpu:            13280 kB
HardwareCorrupted:     0 kB
AnonHugePages:     14336 kB
ShmemHugePages:        0 kB
ShmemPmdMapped:        0 kB
FileHugePages:         0 kB
FilePmdMapped:         0 kB
CmaTotal:              0 kB
CmaFree:               0 kB
Unaccepted:            0 kB
Balloon:               0 kB
HugePages_Total:       0
HugePages_Free:        0
HugePages_Rsvd:        0
HugePages_Surp:        0
Hugepagesize:       2048 kB
Hugetlb:               0 kB
DirectMap4k:      194432 kB
DirectMap2M:     6096896 kB
DirectMap1G:     4194304 kB
---SNAPSHOT---
2026-04-27 02:24:58
MemTotal:        8129240 kB
MemFree:         2618616 kB
MemAvailable:    2818904 kB
Buffers:            6132 kB
Cached:           310284 kB
SwapCached:       116864 kB
Active:          4152968 kB
Inactive:         650412 kB
Active(anon):    4011016 kB
Inactive(anon):   531848 kB
Active(file):     141952 kB
Inactive(file):   118564 kB
Unevictable:          16 kB
Mlocked:              16 kB
SwapTotal:       4194300 kB
SwapFree:        3956116 kB
Zswap:                 0 kB
Zswapped:              0 kB
Dirty:               680 kB
Writeback:             0 kB
AnonPages:       4374924 kB
Mapped:           258464 kB
Shmem:             55960 kB
KReclaimable:      56668 kB
Slab:             284972 kB
SReclaimable:      56668 kB
SUnreclaim:       228304 kB
KernelStack:       19020 kB
PageTables:        62236 kB
SecPageTables:         0 kB
NFS_Unstable:          0 kB
Bounce:                0 kB
WritebackTmp:          0 kB
CommitLimit:     8258920 kB
Committed_AS:   12053848 kB
VmallocTotal:   34359738367 kB
VmallocUsed:       47224 kB
VmallocChunk:          0 kB
Percpu:            13280 kB
HardwareCorrupted:     0 kB
AnonHugePages:     14336 kB
ShmemHugePages:        0 kB
ShmemPmdMapped:        0 kB
FileHugePages:         0 kB
FilePmdMapped:         0 kB
CmaTotal:              0 kB
CmaFree:               0 kB
Unaccepted:            0 kB
Balloon:               0 kB
HugePages_Total:       0
HugePages_Free:        0
HugePages_Rsvd:        0
HugePages_Surp:        0
Hugepagesize:       2048 kB
Hugetlb:               0 kB
DirectMap4k:      194432 kB
DirectMap2M:     6096896 kB
DirectMap1G:     4194304 kB
---SNAPSHOT---
2026-04-27 02:24:59
MemTotal:        8129240 kB
MemFree:         3057728 kB
MemAvailable:    3258020 kB
Buffers:            6132 kB
Cached:           310292 kB
SwapCached:       116864 kB
Active:          3634084 kB
Inactive:         650416 kB
Active(anon):    3492132 kB
Inactive(anon):   531848 kB
Active(file):     141952 kB
Inactive(file):   118568 kB
Unevictable:          16 kB
Mlocked:              16 kB
SwapTotal:       4194300 kB
SwapFree:        3956116 kB
Zswap:                 0 kB
Zswapped:              0 kB
Dirty:               688 kB
Writeback:             0 kB
AnonPages:       3856232 kB
Mapped:           258232 kB
Shmem:             55960 kB
KReclaimable:      56668 kB
Slab:             284984 kB
SReclaimable:      56668 kB
SUnreclaim:       228316 kB
KernelStack:       18928 kB
PageTables:        62312 kB
SecPageTables:         0 kB
NFS_Unstable:          0 kB
Bounce:                0 kB
WritebackTmp:          0 kB
CommitLimit:     8258920 kB
Committed_AS:   12053848 kB
VmallocTotal:   34359738367 kB
VmallocUsed:       47208 kB
VmallocChunk:          0 kB
Percpu:            13280 kB
HardwareCorrupted:     0 kB
AnonHugePages:     14336 kB
ShmemHugePages:        0 kB
ShmemPmdMapped:        0 kB
FileHugePages:         0 kB
FilePmdMapped:         0 kB
CmaTotal:              0 kB
CmaFree:               0 kB
Unaccepted:            0 kB
Balloon:               0 kB
HugePages_Total:       0
HugePages_Free:        0
HugePages_Rsvd:        0
HugePages_Surp:        0
Hugepagesize:       2048 kB
Hugetlb:               0 kB
DirectMap4k:      194432 kB
DirectMap2M:     6096896 kB
DirectMap1G:     4194304 kB
---SNAPSHOT---
2026-04-27 02:25:00
MemTotal:        8129240 kB
MemFree:         2585768 kB
MemAvailable:    2786068 kB
Buffers:            6132 kB
Cached:           310296 kB
SwapCached:       116864 kB
Active:          4131404 kB
Inactive:         650424 kB
Active(anon):    3989452 kB
Inactive(anon):   531848 kB
Active(file):     141952 kB
Inactive(file):   118576 kB
Unevictable:          16 kB
Mlocked:              16 kB
SwapTotal:       4194300 kB
SwapFree:        3956116 kB
Zswap:                 0 kB
Zswapped:              0 kB
Dirty:               692 kB
Writeback:             0 kB
AnonPages:       4346124 kB
Mapped:           258236 kB
Shmem:             55960 kB
KReclaimable:      56668 kB
Slab:             284984 kB
SReclaimable:      56668 kB
SUnreclaim:       228316 kB
KernelStack:       19020 kB
PageTables:        62848 kB
SecPageTables:         0 kB
NFS_Unstable:          0 kB
Bounce:                0 kB
WritebackTmp:          0 kB
CommitLimit:     8258920 kB
Committed_AS:   12053852 kB
VmallocTotal:   34359738367 kB
VmallocUsed:       47272 kB
VmallocChunk:          0 kB
Percpu:            13280 kB
HardwareCorrupted:     0 kB
AnonHugePages:     14336 kB
ShmemHugePages:        0 kB
ShmemPmdMapped:        0 kB
FileHugePages:         0 kB
FilePmdMapped:         0 kB
CmaTotal:              0 kB
CmaFree:               0 kB
Unaccepted:            0 kB
Balloon:               0 kB
HugePages_Total:       0
HugePages_Free:        0
HugePages_Rsvd:        0
HugePages_Surp:        0
Hugepagesize:       2048 kB
Hugetlb:               0 kB
DirectMap4k:      194432 kB
DirectMap2M:     6096896 kB
DirectMap1G:     4194304 kB
---SNAPSHOT---
2026-04-27 02:25:01
MemTotal:        8129240 kB
MemFree:         3011320 kB
MemAvailable:    3211964 kB
Buffers:            6472 kB
Cached:           310324 kB
SwapCached:       116864 kB
Active:          3713316 kB
Inactive:         650744 kB
Active(anon):    3571340 kB
Inactive(anon):   531848 kB
Active(file):     141976 kB
Inactive(file):   118896 kB
Unevictable:          16 kB
Mlocked:              16 kB
SwapTotal:       4194300 kB
SwapFree:        3956116 kB
Zswap:                 0 kB
Zswapped:              0 kB
Dirty:               832 kB
Writeback:             0 kB
AnonPages:       3934716 kB
Mapped:           258236 kB
Shmem:             55960 kB
KReclaimable:      56668 kB
Slab:             284996 kB
SReclaimable:      56668 kB
SUnreclaim:       228328 kB
KernelStack:       18900 kB
PageTables:        61600 kB
SecPageTables:         0 kB
NFS_Unstable:          0 kB
Bounce:                0 kB
WritebackTmp:          0 kB
CommitLimit:     8258920 kB
Committed_AS:   12053852 kB
VmallocTotal:   34359738367 kB
VmallocUsed:       47192 kB
VmallocChunk:          0 kB
Percpu:            13280 kB
HardwareCorrupted:     0 kB
AnonHugePages:     14336 kB
ShmemHugePages:        0 kB
ShmemPmdMapped:        0 kB
FileHugePages:         0 kB
FilePmdMapped:         0 kB
CmaTotal:              0 kB
CmaFree:               0 kB
Unaccepted:            0 kB
Balloon:               0 kB
HugePages_Total:       0
HugePages_Free:        0
HugePages_Rsvd:        0
HugePages_Surp:        0
Hugepagesize:       2048 kB
Hugetlb:               0 kB
DirectMap4k:      194432 kB
DirectMap2M:     6096896 kB
DirectMap1G:     4194304 kB
---SNAPSHOT---
2026-04-27 02:25:02
MemTotal:        8129240 kB
MemFree:         2882628 kB
MemAvailable:    3083308 kB
Buffers:            6472 kB
Cached:           310340 kB
SwapCached:       116864 kB
Active:          3863648 kB
Inactive:         650780 kB
Active(anon):    3721672 kB
Inactive(anon):   531848 kB
Active(file):     141976 kB
Inactive(file):   118932 kB
Unevictable:          16 kB
Mlocked:              16 kB
SwapTotal:       4194300 kB
SwapFree:        3956116 kB
Zswap:                 0 kB
Zswapped:              0 kB
Dirty:               840 kB
Writeback:             0 kB
AnonPages:       4085464 kB
Mapped:           258236 kB
Shmem:             55960 kB
KReclaimable:      56668 kB
Slab:             284992 kB
SReclaimable:      56668 kB
SUnreclaim:       228324 kB
KernelStack:       18960 kB
PageTables:        62076 kB
SecPageTables:         0 kB
NFS_Unstable:          0 kB
Bounce:                0 kB
WritebackTmp:          0 kB
CommitLimit:     8258920 kB
Committed_AS:   12053852 kB
VmallocTotal:   34359738367 kB
VmallocUsed:       47240 kB
VmallocChunk:          0 kB
Percpu:            13280 kB
HardwareCorrupted:     0 kB
AnonHugePages:     14336 kB
ShmemHugePages:        0 kB
ShmemPmdMapped:        0 kB
FileHugePages:         0 kB
FilePmdMapped:         0 kB
CmaTotal:              0 kB
CmaFree:               0 kB
Unaccepted:            0 kB
Balloon:               0 kB
HugePages_Total:       0
HugePages_Free:        0
HugePages_Rsvd:        0
HugePages_Surp:        0
Hugepagesize:       2048 kB
Hugetlb:               0 kB
DirectMap4k:      194432 kB
DirectMap2M:     6096896 kB
DirectMap1G:     4194304 kB
---SNAPSHOT---
2026-04-27 02:25:03
MemTotal:        8129240 kB
MemFree:         2935720 kB
MemAvailable:    3136408 kB
Buffers:            6472 kB
Cached:           310344 kB
SwapCached:       116864 kB
Active:          3802792 kB
Inactive:         650788 kB
Active(anon):    3660816 kB
Inactive(anon):   531848 kB
Active(file):     141976 kB
Inactive(file):   118940 kB
Unevictable:          16 kB
Mlocked:              16 kB
SwapTotal:       4194300 kB
SwapFree:        3956116 kB
Zswap:                 0 kB
Zswapped:              0 kB
Dirty:               844 kB
Writeback:             0 kB
AnonPages:       4025140 kB
Mapped:           258236 kB
Shmem:             55960 kB
KReclaimable:      56668 kB
Slab:             284964 kB
SReclaimable:      56668 kB
SUnreclaim:       228296 kB
KernelStack:       18960 kB
PageTables:        63000 kB
SecPageTables:         0 kB
NFS_Unstable:          0 kB
Bounce:                0 kB
WritebackTmp:          0 kB
CommitLimit:     8258920 kB
Committed_AS:   12053852 kB
VmallocTotal:   34359738367 kB
VmallocUsed:       47208 kB
VmallocChunk:          0 kB
Percpu:            13280 kB
HardwareCorrupted:     0 kB
AnonHugePages:     14336 kB
ShmemHugePages:        0 kB
ShmemPmdMapped:        0 kB
FileHugePages:         0 kB
FilePmdMapped:         0 kB
CmaTotal:              0 kB
CmaFree:               0 kB
Unaccepted:            0 kB
Balloon:               0 kB
HugePages_Total:       0
HugePages_Free:        0
HugePages_Rsvd:        0
HugePages_Surp:        0
Hugepagesize:       2048 kB
Hugetlb:               0 kB
DirectMap4k:      194432 kB
DirectMap2M:     6096896 kB
DirectMap1G:     4194304 kB
---SNAPSHOT---
2026-04-27 02:25:04
MemTotal:        8129240 kB
MemFree:         2700248 kB
MemAvailable:    2900940 kB
Buffers:            6472 kB
Cached:           310352 kB
SwapCached:       116864 kB
Active:          4108260 kB
Inactive:         650792 kB
Active(anon):    3966284 kB
Inactive(anon):   531848 kB
Active(file):     141976 kB
Inactive(file):   118944 kB
Unevictable:          16 kB
Mlocked:              16 kB
SwapTotal:       4194300 kB
SwapFree:        3956116 kB
Zswap:                 0 kB
Zswapped:              0 kB
Dirty:               852 kB
Writeback:             0 kB
AnonPages:       4329820 kB
Mapped:           258236 kB
Shmem:             55960 kB
KReclaimable:      56668 kB
Slab:             284972 kB
SReclaimable:      56668 kB
SUnreclaim:       228304 kB
KernelStack:       18960 kB
PageTables:        62476 kB
SecPageTables:         0 kB
NFS_Unstable:          0 kB
Bounce:                0 kB
WritebackTmp:          0 kB
CommitLimit:     8258920 kB
Committed_AS:   12053588 kB
VmallocTotal:   34359738367 kB
VmallocUsed:       47192 kB
VmallocChunk:          0 kB
Percpu:            13280 kB
HardwareCorrupted:     0 kB
AnonHugePages:     14336 kB
ShmemHugePages:        0 kB
ShmemPmdMapped:        0 kB
FileHugePages:         0 kB
FilePmdMapped:         0 kB
CmaTotal:              0 kB
CmaFree:               0 kB
Unaccepted:            0 kB
Balloon:               0 kB
HugePages_Total:       0
HugePages_Free:        0
HugePages_Rsvd:        0
HugePages_Surp:        0
Hugepagesize:       2048 kB
Hugetlb:               0 kB
DirectMap4k:      194432 kB
DirectMap2M:     6096896 kB
DirectMap1G:     4194304 kB
---SNAPSHOT---
2026-04-27 02:25:05
MemTotal:        8129240 kB
MemFree:         2579448 kB
MemAvailable:    2780156 kB
Buffers:            6508 kB
Cached:           310348 kB
SwapCached:       116864 kB
Active:          4163576 kB
Inactive:         650808 kB
Active(anon):    4021600 kB
Inactive(anon):   531848 kB
Active(file):     141976 kB
Inactive(file):   118960 kB
Unevictable:          16 kB
Mlocked:              16 kB
SwapTotal:       4194300 kB
SwapFree:        3956116 kB
Zswap:                 0 kB
Zswapped:              0 kB
Dirty:               244 kB
Writeback:             0 kB
AnonPages:       4385148 kB
Mapped:           258236 kB
Shmem:             55960 kB
KReclaimable:      56668 kB
Slab:             284956 kB
SReclaimable:      56668 kB
SUnreclaim:       228288 kB
KernelStack:       18932 kB
PageTables:        62480 kB
SecPageTables:         0 kB
NFS_Unstable:          0 kB
Bounce:                0 kB
WritebackTmp:          0 kB
CommitLimit:     8258920 kB
Committed_AS:   12053852 kB
VmallocTotal:   34359738367 kB
VmallocUsed:       47224 kB
VmallocChunk:          0 kB
Percpu:            13280 kB
HardwareCorrupted:     0 kB
AnonHugePages:     14336 kB
ShmemHugePages:        0 kB
ShmemPmdMapped:        0 kB
FileHugePages:         0 kB
FilePmdMapped:         0 kB
CmaTotal:              0 kB
CmaFree:               0 kB
Unaccepted:            0 kB
Balloon:               0 kB
HugePages_Total:       0
HugePages_Free:        0
HugePages_Rsvd:        0
HugePages_Surp:        0
Hugepagesize:       2048 kB
Hugetlb:               0 kB
DirectMap4k:      194432 kB
DirectMap2M:     6096896 kB
DirectMap1G:     4194304 kB
---SNAPSHOT---
2026-04-27 02:25:06
MemTotal:        8129240 kB
MemFree:         2176944 kB
MemAvailable:    2376904 kB
Buffers:            6508 kB
Cached:           310364 kB
SwapCached:       449276 kB
Active:          4276776 kB
Inactive:         981760 kB
Active(anon):    4134800 kB
Inactive(anon):   862764 kB
Active(file):     141976 kB
Inactive(file):   118996 kB
Unevictable:          16 kB
Mlocked:              16 kB
SwapTotal:       4194300 kB
SwapFree:        3623572 kB
Zswap:                 0 kB
Zswapped:              0 kB
Dirty:               264 kB
Writeback:          1072 kB
AnonPages:       4499544 kB
Mapped:           258236 kB
Shmem:             55960 kB
KReclaimable:      56668 kB
Slab:             285016 kB
SReclaimable:      56668 kB
SUnreclaim:       228348 kB
KernelStack:       18900 kB
PageTables:        63232 kB
SecPageTables:         0 kB
NFS_Unstable:          0 kB
Bounce:                0 kB
WritebackTmp:          0 kB
CommitLimit:     8258920 kB
Committed_AS:   12053852 kB
VmallocTotal:   34359738367 kB
VmallocUsed:       47208 kB
VmallocChunk:          0 kB
Percpu:            13280 kB
HardwareCorrupted:     0 kB
AnonHugePages:     14336 kB
ShmemHugePages:        0 kB
ShmemPmdMapped:        0 kB
FileHugePages:         0 kB
FilePmdMapped:         0 kB
CmaTotal:              0 kB
CmaFree:               0 kB
Unaccepted:            0 kB
Balloon:               0 kB
HugePages_Total:       0
HugePages_Free:        0
HugePages_Rsvd:        0
HugePages_Surp:        0
Hugepagesize:       2048 kB
Hugetlb:               0 kB
DirectMap4k:      194432 kB
DirectMap2M:     6096896 kB
DirectMap1G:     4194304 kB
---SNAPSHOT---
2026-04-27 02:25:07
MemTotal:        8129240 kB
MemFree:         3425360 kB
MemAvailable:    3626116 kB
Buffers:            6508 kB
Cached:           310376 kB
SwapCached:       130760 kB
Active:          3232620 kB
Inactive:         663484 kB
Active(anon):    3090644 kB
Inactive(anon):   544476 kB
Active(file):     141976 kB
Inactive(file):   119008 kB
Unevictable:          16 kB
Mlocked:              16 kB
SwapTotal:       4194300 kB
SwapFree:        3942292 kB
Zswap:                 0 kB
Zswapped:              0 kB
Dirty:               276 kB
Writeback:          1072 kB
AnonPages:       3437904 kB
Mapped:           258308 kB
Shmem:             55960 kB
KReclaimable:      56668 kB
Slab:             285180 kB
SReclaimable:      56668 kB
SUnreclaim:       228512 kB
KernelStack:       18960 kB
PageTables:        62404 kB
SecPageTables:         0 kB
NFS_Unstable:          0 kB
Bounce:                0 kB
WritebackTmp:          0 kB
CommitLimit:     8258920 kB
Committed_AS:   12053852 kB
VmallocTotal:   34359738367 kB
VmallocUsed:       47208 kB
VmallocChunk:          0 kB
Percpu:            13280 kB
HardwareCorrupted:     0 kB
AnonHugePages:     14336 kB
ShmemHugePages:        0 kB
ShmemPmdMapped:        0 kB
FileHugePages:         0 kB
FilePmdMapped:         0 kB
CmaTotal:              0 kB
CmaFree:               0 kB
Unaccepted:            0 kB
Balloon:               0 kB
HugePages_Total:       0
HugePages_Free:        0
HugePages_Rsvd:        0
HugePages_Surp:        0
Hugepagesize:       2048 kB
Hugetlb:               0 kB
DirectMap4k:      194432 kB
DirectMap2M:     6096896 kB
DirectMap1G:     4194304 kB
---SNAPSHOT---
2026-04-27 02:25:08
MemTotal:        8129240 kB
MemFree:         2155712 kB
MemAvailable:    2356468 kB
Buffers:            6508 kB
Cached:           310376 kB
SwapCached:       130688 kB
Active:          4661740 kB
Inactive:         664456 kB
Active(anon):    4519764 kB
Inactive(anon):   545448 kB
Active(file):     141976 kB
Inactive(file):   119008 kB
Unevictable:          16 kB
Mlocked:              16 kB
SwapTotal:       4194300 kB
SwapFree:        3942292 kB
Zswap:                 0 kB
Zswapped:              0 kB
Dirty:               276 kB
Writeback:           112 kB
AnonPages:       4882860 kB
Mapped:           258236 kB
Shmem:             55960 kB
KReclaimable:      56668 kB
Slab:             284956 kB
SReclaimable:      56668 kB
SUnreclaim:       228288 kB
KernelStack:       18900 kB
PageTables:        63580 kB
SecPageTables:         0 kB
NFS_Unstable:          0 kB
Bounce:                0 kB
WritebackTmp:          0 kB
CommitLimit:     8258920 kB
Committed_AS:   12053852 kB
VmallocTotal:   34359738367 kB
VmallocUsed:       47192 kB
VmallocChunk:          0 kB
Percpu:            13280 kB
HardwareCorrupted:     0 kB
AnonHugePages:     14336 kB
ShmemHugePages:        0 kB
ShmemPmdMapped:        0 kB
FileHugePages:         0 kB
FilePmdMapped:         0 kB
CmaTotal:              0 kB
CmaFree:               0 kB
Unaccepted:            0 kB
Balloon:               0 kB
HugePages_Total:       0
HugePages_Free:        0
HugePages_Rsvd:        0
HugePages_Surp:        0
Hugepagesize:       2048 kB
Hugetlb:               0 kB
DirectMap4k:      194432 kB
DirectMap2M:     6096896 kB
DirectMap1G:     4194304 kB
---SNAPSHOT---
2026-04-27 02:25:09
MemTotal:        8129240 kB
MemFree:         2997460 kB
MemAvailable:    3197764 kB
Buffers:            6508 kB
Cached:           310384 kB
SwapCached:       130688 kB
Active:          3688372 kB
Inactive:         664664 kB
Active(anon):    3546396 kB
Inactive(anon):   545652 kB
Active(file):     141976 kB
Inactive(file):   119012 kB
Unevictable:          16 kB
Mlocked:              16 kB
SwapTotal:       4194300 kB
SwapFree:        3942292 kB
Zswap:                 0 kB
Zswapped:              0 kB
Dirty:               284 kB
Writeback:             0 kB
AnonPages:       3910248 kB
Mapped:           258236 kB
Shmem:             55960 kB
KReclaimable:      56668 kB
Slab:             284896 kB
SReclaimable:      56668 kB
SUnreclaim:       228228 kB
KernelStack:       18976 kB
PageTables:        61860 kB
SecPageTables:         0 kB
NFS_Unstable:          0 kB
Bounce:                0 kB
WritebackTmp:          0 kB
CommitLimit:     8258920 kB
Committed_AS:   12053852 kB
VmallocTotal:   34359738367 kB
VmallocUsed:       47208 kB
VmallocChunk:          0 kB
Percpu:            13280 kB
HardwareCorrupted:     0 kB
AnonHugePages:     14336 kB
ShmemHugePages:        0 kB
ShmemPmdMapped:        0 kB
FileHugePages:         0 kB
FilePmdMapped:         0 kB
CmaTotal:              0 kB
CmaFree:               0 kB
Unaccepted:            0 kB
Balloon:               0 kB
HugePages_Total:       0
HugePages_Free:        0
HugePages_Rsvd:        0
HugePages_Surp:        0
Hugepagesize:       2048 kB
Hugetlb:               0 kB
DirectMap4k:      194432 kB
DirectMap2M:     6096896 kB
DirectMap1G:     4194304 kB
---SNAPSHOT---
2026-04-27 02:25:10
MemTotal:        8129240 kB
MemFree:         2165100 kB
MemAvailable:    2365868 kB
Buffers:            6516 kB
Cached:           310380 kB
SwapCached:       161228 kB
Active:          4632080 kB
Inactive:         692020 kB
Active(anon):    4490104 kB
Inactive(anon):   573000 kB
Active(file):     141976 kB
Inactive(file):   119020 kB
Unevictable:          16 kB
Mlocked:              16 kB
SwapTotal:       4194300 kB
SwapFree:        3911576 kB
Zswap:                 0 kB
Zswapped:              0 kB
Dirty:               288 kB
Writeback:          2980 kB
AnonPages:       4853084 kB
Mapped:           258236 kB
Shmem:             55960 kB
KReclaimable:      56668 kB
Slab:             284936 kB
SReclaimable:      56668 kB
SUnreclaim:       228268 kB
KernelStack:       18960 kB
PageTables:        64048 kB
SecPageTables:         0 kB
NFS_Unstable:          0 kB
Bounce:                0 kB
WritebackTmp:          0 kB
CommitLimit:     8258920 kB
Committed_AS:   12053856 kB
VmallocTotal:   34359738367 kB
VmallocUsed:       47208 kB
VmallocChunk:          0 kB
Percpu:            13280 kB
HardwareCorrupted:     0 kB
AnonHugePages:     14336 kB
ShmemHugePages:        0 kB
ShmemPmdMapped:        0 kB
FileHugePages:         0 kB
FilePmdMapped:         0 kB
CmaTotal:              0 kB
CmaFree:               0 kB
Unaccepted:            0 kB
Balloon:               0 kB
HugePages_Total:       0
HugePages_Free:        0
HugePages_Rsvd:        0
HugePages_Surp:        0
Hugepagesize:       2048 kB
Hugetlb:               0 kB
DirectMap4k:      194432 kB
DirectMap2M:     6096896 kB
DirectMap1G:     4194304 kB
---SNAPSHOT---
2026-04-27 02:25:11
MemTotal:        8129240 kB
MemFree:         2735340 kB
MemAvailable:    2936120 kB
Buffers:            6516 kB
Cached:           310392 kB
SwapCached:       184964 kB
Active:          4052236 kB
Inactive:         703044 kB
Active(anon):    3910260 kB
Inactive(anon):   584012 kB
Active(file):     141976 kB
Inactive(file):   119032 kB
Unevictable:          16 kB
Mlocked:              16 kB
SwapTotal:       4194300 kB
SwapFree:        3888016 kB
Zswap:                 0 kB
Zswapped:              0 kB
Dirty:               292 kB
Writeback:         15876 kB
AnonPages:       4260148 kB
Mapped:           258316 kB
Shmem:             55960 kB
KReclaimable:      56668 kB
Slab:             285880 kB
SReclaimable:      56668 kB
SUnreclaim:       229212 kB
KernelStack:       18960 kB
PageTables:        62872 kB
SecPageTables:         0 kB
NFS_Unstable:          0 kB
Bounce:                0 kB
WritebackTmp:          0 kB
CommitLimit:     8258920 kB
Committed_AS:   12053856 kB
VmallocTotal:   34359738367 kB
VmallocUsed:       47224 kB
VmallocChunk:          0 kB
Percpu:            13280 kB
HardwareCorrupted:     0 kB
AnonHugePages:     14336 kB
ShmemHugePages:        0 kB
ShmemPmdMapped:        0 kB
FileHugePages:         0 kB
FilePmdMapped:         0 kB
CmaTotal:              0 kB
CmaFree:               0 kB
Unaccepted:            0 kB
Balloon:               0 kB
HugePages_Total:       0
HugePages_Free:        0
HugePages_Rsvd:        0
HugePages_Surp:        0
Hugepagesize:       2048 kB
Hugetlb:               0 kB
DirectMap4k:      194432 kB
DirectMap2M:     6096896 kB
DirectMap1G:     4194304 kB
---SNAPSHOT---
2026-04-27 02:25:12
MemTotal:        8129240 kB
MemFree:         2447308 kB
MemAvailable:    2648320 kB
Buffers:            6520 kB
Cached:           310400 kB
SwapCached:       184964 kB
Active:          4288764 kB
Inactive:         710560 kB
Active(anon):    4146788 kB
Inactive(anon):   591524 kB
Active(file):     141976 kB
Inactive(file):   119036 kB
Unevictable:          16 kB
Mlocked:              16 kB
SwapTotal:       4194300 kB
SwapFree:        3888016 kB
Zswap:                 0 kB
Zswapped:              0 kB
Dirty:               208 kB
Writeback:          8440 kB
AnonPages:       4481120 kB
Mapped:           258236 kB
Shmem:             55960 kB
KReclaimable:      56668 kB
Slab:             285392 kB
SReclaimable:      56668 kB
SUnreclaim:       228724 kB
KernelStack:       18944 kB
PageTables:        64408 kB
SecPageTables:         0 kB
NFS_Unstable:          0 kB
Bounce:                0 kB
WritebackTmp:          0 kB
CommitLimit:     8258920 kB
Committed_AS:   12053856 kB
VmallocTotal:   34359738367 kB
VmallocUsed:       47240 kB
VmallocChunk:          0 kB
Percpu:            13280 kB
HardwareCorrupted:     0 kB
AnonHugePages:     14336 kB
ShmemHugePages:        0 kB
ShmemPmdMapped:        0 kB
FileHugePages:         0 kB
FilePmdMapped:         0 kB
CmaTotal:              0 kB
CmaFree:               0 kB
Unaccepted:            0 kB
Balloon:               0 kB
HugePages_Total:       0
HugePages_Free:        0
HugePages_Rsvd:        0
HugePages_Surp:        0
Hugepagesize:       2048 kB
Hugetlb:               0 kB
DirectMap4k:      194432 kB
DirectMap2M:     6096896 kB
DirectMap1G:     4194304 kB
---SNAPSHOT---
2026-04-27 02:25:13
MemTotal:        8129240 kB
MemFree:         2622324 kB
MemAvailable:    2823116 kB
Buffers:            6520 kB
Cached:           310404 kB
SwapCached:       184968 kB
Active:          4161248 kB
Inactive:         714360 kB
Active(anon):    4019272 kB
Inactive(anon):   595316 kB
Active(file):     141976 kB
Inactive(file):   119044 kB
Unevictable:          16 kB
Mlocked:              16 kB
SwapTotal:       4194300 kB
SwapFree:        3888012 kB
Zswap:                 0 kB
Zswapped:              0 kB
Dirty:               212 kB
Writeback:          4696 kB
AnonPages:       4381828 kB
Mapped:           258464 kB
Shmem:             55960 kB
KReclaimable:      56668 kB
Slab:             285144 kB
SReclaimable:      56668 kB
SUnreclaim:       228476 kB
KernelStack:       18976 kB
PageTables:        63836 kB
SecPageTables:         0 kB
NFS_Unstable:          0 kB
Bounce:                0 kB
WritebackTmp:          0 kB
CommitLimit:     8258920 kB
Committed_AS:   12053740 kB
VmallocTotal:   34359738367 kB
VmallocUsed:       47224 kB
VmallocChunk:          0 kB
Percpu:            13280 kB
HardwareCorrupted:     0 kB
AnonHugePages:     14336 kB
ShmemHugePages:        0 kB
ShmemPmdMapped:        0 kB
FileHugePages:         0 kB
FilePmdMapped:         0 kB
CmaTotal:              0 kB
CmaFree:               0 kB
Unaccepted:            0 kB
Balloon:               0 kB
HugePages_Total:       0
HugePages_Free:        0
HugePages_Rsvd:        0
HugePages_Surp:        0
Hugepagesize:       2048 kB
Hugetlb:               0 kB
DirectMap4k:      194432 kB
DirectMap2M:     6096896 kB
DirectMap1G:     4194304 kB
---SNAPSHOT---
2026-04-27 02:25:14
MemTotal:        8129240 kB
MemFree:         2737248 kB
MemAvailable:    2938052 kB
Buffers:            6520 kB
Cached:           310412 kB
SwapCached:       185236 kB
Active:          4005908 kB
Inactive:         717368 kB
Active(anon):    3863932 kB
Inactive(anon):   598312 kB
Active(file):     141976 kB
Inactive(file):   119056 kB
Unevictable:          16 kB
Mlocked:              16 kB
SwapTotal:       4194300 kB
SwapFree:        3887744 kB
Zswap:                 0 kB
Zswapped:              0 kB
Dirty:               204 kB
Writeback:           304 kB
AnonPages:       4229064 kB
Mapped:           258464 kB
Shmem:             55960 kB
KReclaimable:      56668 kB
Slab:             284884 kB
SReclaimable:      56668 kB
SUnreclaim:       228216 kB
KernelStack:       18960 kB
PageTables:        63736 kB
SecPageTables:         0 kB
NFS_Unstable:          0 kB
Bounce:                0 kB
WritebackTmp:          0 kB
CommitLimit:     8258920 kB
Committed_AS:   12053836 kB
VmallocTotal:   34359738367 kB
VmallocUsed:       47240 kB
VmallocChunk:          0 kB
Percpu:            13280 kB
HardwareCorrupted:     0 kB
AnonHugePages:     14336 kB
ShmemHugePages:        0 kB
ShmemPmdMapped:        0 kB
FileHugePages:         0 kB
FilePmdMapped:         0 kB
CmaTotal:              0 kB
CmaFree:               0 kB
Unaccepted:            0 kB
Balloon:               0 kB
HugePages_Total:       0
HugePages_Free:        0
HugePages_Rsvd:        0
HugePages_Surp:        0
Hugepagesize:       2048 kB
Hugetlb:               0 kB
DirectMap4k:      194432 kB
DirectMap2M:     6096896 kB
DirectMap1G:     4194304 kB
---SNAPSHOT---
2026-04-27 02:25:15
MemTotal:        8129240 kB
MemFree:         2578996 kB
MemAvailable:    2779804 kB
Buffers:            6528 kB
Cached:           310412 kB
SwapCached:       187668 kB
Active:          4196376 kB
Inactive:         719460 kB
Active(anon):    4054400 kB
Inactive(anon):   600400 kB
Active(file):     141976 kB
Inactive(file):   119060 kB
Unevictable:          16 kB
Mlocked:              16 kB
SwapTotal:       4194300 kB
SwapFree:        3885312 kB
Zswap:                 0 kB
Zswapped:              0 kB
Dirty:               208 kB
Writeback:           716 kB
AnonPages:       4419524 kB
Mapped:           258336 kB
Shmem:             55960 kB
KReclaimable:      56668 kB
Slab:             284892 kB
SReclaimable:      56668 kB
SUnreclaim:       228224 kB
KernelStack:       18976 kB
PageTables:        62856 kB
SecPageTables:         0 kB
NFS_Unstable:          0 kB
Bounce:                0 kB
WritebackTmp:          0 kB
CommitLimit:     8258920 kB
Committed_AS:   12054104 kB
VmallocTotal:   34359738367 kB
VmallocUsed:       47240 kB
VmallocChunk:          0 kB
Percpu:            13280 kB
HardwareCorrupted:     0 kB
AnonHugePages:     14336 kB
ShmemHugePages:        0 kB
ShmemPmdMapped:        0 kB
FileHugePages:         0 kB
FilePmdMapped:         0 kB
CmaTotal:              0 kB
CmaFree:               0 kB
Unaccepted:            0 kB
Balloon:               0 kB
HugePages_Total:       0
HugePages_Free:        0
HugePages_Rsvd:        0
HugePages_Surp:        0
Hugepagesize:       2048 kB
Hugetlb:               0 kB
DirectMap4k:      194432 kB
DirectMap2M:     6096896 kB
DirectMap1G:     4194304 kB
---SNAPSHOT---
2026-04-27 02:25:16
MemTotal:        8129240 kB
MemFree:         2738664 kB
MemAvailable:    2939484 kB
Buffers:            6528 kB
Cached:           310424 kB
SwapCached:       193384 kB
Active:          3987912 kB
Inactive:         726840 kB
Active(anon):    3845936 kB
Inactive(anon):   607768 kB
Active(file):     141976 kB
Inactive(file):   119072 kB
Unevictable:          16 kB
Mlocked:              16 kB
SwapTotal:       4194300 kB
SwapFree:        3879596 kB
Zswap:                 0 kB
Zswapped:              0 kB
Dirty:               236 kB
Writeback:           572 kB
AnonPages:       4213324 kB
Mapped:           258464 kB
Shmem:             55960 kB
KReclaimable:      56668 kB
Slab:             284888 kB
SReclaimable:      56668 kB
SUnreclaim:       228220 kB
KernelStack:       18976 kB
PageTables:        62816 kB
SecPageTables:         0 kB
NFS_Unstable:          0 kB
Bounce:                0 kB
WritebackTmp:          0 kB
CommitLimit:     8258920 kB
Committed_AS:   12053580 kB
VmallocTotal:   34359738367 kB
VmallocUsed:       47208 kB
VmallocChunk:          0 kB
Percpu:            13280 kB
HardwareCorrupted:     0 kB
AnonHugePages:     14336 kB
ShmemHugePages:        0 kB
ShmemPmdMapped:        0 kB
FileHugePages:         0 kB
FilePmdMapped:         0 kB
CmaTotal:              0 kB
CmaFree:               0 kB
Unaccepted:            0 kB
Balloon:               0 kB
HugePages_Total:       0
HugePages_Free:        0
HugePages_Rsvd:        0
HugePages_Surp:        0
Hugepagesize:       2048 kB
Hugetlb:               0 kB
DirectMap4k:      194432 kB
DirectMap2M:     6096896 kB
DirectMap1G:     4194304 kB
---SNAPSHOT---
2026-04-27 02:25:17
MemTotal:        8129240 kB
MemFree:         2515224 kB
MemAvailable:    2716068 kB
Buffers:            6528 kB
Cached:           310448 kB
SwapCached:       203540 kB
Active:          4247916 kB
Inactive:         735228 kB
Active(anon):    4105940 kB
Inactive(anon):   616132 kB
Active(file):     141976 kB
Inactive(file):   119096 kB
Unevictable:          16 kB
Mlocked:              16 kB
SwapTotal:       4194300 kB
SwapFree:        3869300 kB
Zswap:                 0 kB
Zswapped:              0 kB
Dirty:                28 kB
Writeback:           332 kB
AnonPages:       4471484 kB
Mapped:           258236 kB
Shmem:             55960 kB
KReclaimable:      56668 kB
Slab:             284928 kB
SReclaimable:      56668 kB
SUnreclaim:       228260 kB
KernelStack:       18960 kB
PageTables:        62832 kB
SecPageTables:         0 kB
NFS_Unstable:          0 kB
Bounce:                0 kB
WritebackTmp:          0 kB
CommitLimit:     8258920 kB
Committed_AS:   12053968 kB
VmallocTotal:   34359738367 kB
VmallocUsed:       47256 kB
VmallocChunk:          0 kB
Percpu:            13280 kB
HardwareCorrupted:     0 kB
AnonHugePages:     14336 kB
ShmemHugePages:        0 kB
ShmemPmdMapped:        0 kB
FileHugePages:         0 kB
FilePmdMapped:         0 kB
CmaTotal:              0 kB
CmaFree:               0 kB
Unaccepted:            0 kB
Balloon:               0 kB
HugePages_Total:       0
HugePages_Free:        0
HugePages_Rsvd:        0
HugePages_Surp:        0
Hugepagesize:       2048 kB
Hugetlb:               0 kB
DirectMap4k:      194432 kB
DirectMap2M:     6096896 kB
DirectMap1G:     4194304 kB
---SNAPSHOT---
2026-04-27 02:25:18
MemTotal:        8129240 kB
MemFree:         2622652 kB
MemAvailable:    2823504 kB
Buffers:            6528 kB
Cached:           310452 kB
SwapCached:       376080 kB
Active:          3942884 kB
Inactive:         909148 kB
Active(anon):    3800908 kB
Inactive(anon):   790044 kB
Active(file):     141976 kB
Inactive(file):   119104 kB
Unevictable:          16 kB
Mlocked:              16 kB
SwapTotal:       4194300 kB
SwapFree:        3696696 kB
Zswap:                 0 kB
Zswapped:              0 kB
Dirty:                44 kB
Writeback:           340 kB
AnonPages:       4167552 kB
Mapped:           258236 kB
Shmem:             55960 kB
KReclaimable:      56668 kB
Slab:             284900 kB
SReclaimable:      56668 kB
SUnreclaim:       228232 kB
KernelStack:       18960 kB
PageTables:        62792 kB
SecPageTables:         0 kB
NFS_Unstable:          0 kB
Bounce:                0 kB
WritebackTmp:          0 kB
CommitLimit:     8258920 kB
Committed_AS:   12053712 kB
VmallocTotal:   34359738367 kB
VmallocUsed:       47224 kB
VmallocChunk:          0 kB
Percpu:            13280 kB
HardwareCorrupted:     0 kB
AnonHugePages:     14336 kB
ShmemHugePages:        0 kB
ShmemPmdMapped:        0 kB
FileHugePages:         0 kB
FilePmdMapped:         0 kB
CmaTotal:              0 kB
CmaFree:               0 kB
Unaccepted:            0 kB
Balloon:               0 kB
HugePages_Total:       0
HugePages_Free:        0
HugePages_Rsvd:        0
HugePages_Surp:        0
Hugepagesize:       2048 kB
Hugetlb:               0 kB
DirectMap4k:      194432 kB
DirectMap2M:     6096896 kB
DirectMap1G:     4194304 kB
---SNAPSHOT---
2026-04-27 02:25:19
MemTotal:        8129240 kB
MemFree:         2184948 kB
MemAvailable:    2385808 kB
Buffers:            6528 kB
Cached:           310460 kB
SwapCached:       575100 kB
Active:          4215104 kB
Inactive:        1107776 kB
Active(anon):    4073128 kB
Inactive(anon):   988664 kB
Active(file):     141976 kB
Inactive(file):   119112 kB
Unevictable:          16 kB
Mlocked:              16 kB
SwapTotal:       4194300 kB
SwapFree:        3497668 kB
Zswap:                 0 kB
Zswapped:              0 kB
Dirty:                52 kB
Writeback:           236 kB
AnonPages:       4439368 kB
Mapped:           258236 kB
Shmem:             55960 kB
KReclaimable:      56668 kB
Slab:             284860 kB
SReclaimable:      56668 kB
SUnreclaim:       228192 kB
KernelStack:       18944 kB
PageTables:        63872 kB
SecPageTables:         0 kB
NFS_Unstable:          0 kB
Bounce:                0 kB
WritebackTmp:          0 kB
CommitLimit:     8258920 kB
Committed_AS:   12053836 kB
VmallocTotal:   34359738367 kB
VmallocUsed:       47192 kB
VmallocChunk:          0 kB
Percpu:            13280 kB
HardwareCorrupted:     0 kB
AnonHugePages:     14336 kB
ShmemHugePages:        0 kB
ShmemPmdMapped:        0 kB
FileHugePages:         0 kB
FilePmdMapped:         0 kB
CmaTotal:              0 kB
CmaFree:               0 kB
Unaccepted:            0 kB
Balloon:               0 kB
HugePages_Total:       0
HugePages_Free:        0
HugePages_Rsvd:        0
HugePages_Surp:        0
Hugepagesize:       2048 kB
Hugetlb:               0 kB
DirectMap4k:      194432 kB
DirectMap2M:     6096896 kB
DirectMap1G:     4194304 kB
---SNAPSHOT---
2026-04-27 02:25:20
MemTotal:        8129240 kB
MemFree:         2425692 kB
MemAvailable:    2626560 kB
Buffers:            6536 kB
Cached:           310460 kB
SwapCached:       672100 kB
Active:          3845356 kB
Inactive:        1203908 kB
Active(anon):    3703380 kB
Inactive(anon):  1084788 kB
Active(file):     141976 kB
Inactive(file):   119120 kB
Unevictable:          16 kB
Mlocked:              16 kB
SwapTotal:       4194300 kB
SwapFree:        3400880 kB
Zswap:                 0 kB
Zswapped:              0 kB
Dirty:                56 kB
Writeback:           764 kB
AnonPages:       4069112 kB
Mapped:           258336 kB
Shmem:             55960 kB
KReclaimable:      56668 kB
Slab:             284944 kB
SReclaimable:      56668 kB
SUnreclaim:       228276 kB
KernelStack:       18944 kB
PageTables:        63236 kB
SecPageTables:         0 kB
NFS_Unstable:          0 kB
Bounce:                0 kB
WritebackTmp:          0 kB
CommitLimit:     8258920 kB
Committed_AS:   12053344 kB
VmallocTotal:   34359738367 kB
VmallocUsed:       47240 kB
VmallocChunk:          0 kB
Percpu:            13280 kB
HardwareCorrupted:     0 kB
AnonHugePages:     14336 kB
ShmemHugePages:        0 kB
ShmemPmdMapped:        0 kB
FileHugePages:         0 kB
FilePmdMapped:         0 kB
CmaTotal:              0 kB
CmaFree:               0 kB
Unaccepted:            0 kB
Balloon:               0 kB
HugePages_Total:       0
HugePages_Free:        0
HugePages_Rsvd:        0
HugePages_Surp:        0
Hugepagesize:       2048 kB
Hugetlb:               0 kB
DirectMap4k:      194432 kB
DirectMap2M:     6096896 kB
DirectMap1G:     4194304 kB
---SNAPSHOT---
2026-04-27 02:25:21
MemTotal:        8129240 kB
MemFree:         2439148 kB
MemAvailable:    2640028 kB
Buffers:            6536 kB
Cached:           310472 kB
SwapCached:       715980 kB
Active:          3817600 kB
Inactive:        1247280 kB
Active(anon):    3675624 kB
Inactive(anon):  1128148 kB
Active(file):     141976 kB
Inactive(file):   119132 kB
Unevictable:          16 kB
Mlocked:              16 kB
SwapTotal:       4194300 kB
SwapFree:        3357000 kB
Zswap:                 0 kB
Zswapped:              0 kB
Dirty:                92 kB
Writeback:           172 kB
AnonPages:       4040776 kB
Mapped:           258008 kB
Shmem:             55960 kB
KReclaimable:      56668 kB
Slab:             284948 kB
SReclaimable:      56668 kB
SUnreclaim:       228280 kB
KernelStack:       18960 kB
PageTables:        63700 kB
SecPageTables:         0 kB
NFS_Unstable:          0 kB
Bounce:                0 kB
WritebackTmp:          0 kB
CommitLimit:     8258920 kB
Committed_AS:   12053472 kB
VmallocTotal:   34359738367 kB
VmallocUsed:       47208 kB
VmallocChunk:          0 kB
Percpu:            13280 kB
HardwareCorrupted:     0 kB
AnonHugePages:     14336 kB
ShmemHugePages:        0 kB
ShmemPmdMapped:        0 kB
FileHugePages:         0 kB
FilePmdMapped:         0 kB
CmaTotal:              0 kB
CmaFree:               0 kB
Unaccepted:            0 kB
Balloon:               0 kB
HugePages_Total:       0
HugePages_Free:        0
HugePages_Rsvd:        0
HugePages_Surp:        0
Hugepagesize:       2048 kB
Hugetlb:               0 kB
DirectMap4k:      194432 kB
DirectMap2M:     6096896 kB
DirectMap1G:     4194304 kB
---SNAPSHOT---
2026-04-27 02:25:22
MemTotal:        8129240 kB
MemFree:         2329008 kB
MemAvailable:    2529892 kB
Buffers:            6536 kB
Cached:           310480 kB
SwapCached:       848516 kB
Active:          3796524 kB
Inactive:        1380292 kB
Active(anon):    3654548 kB
Inactive(anon):  1261156 kB
Active(file):     141976 kB
Inactive(file):   119136 kB
Unevictable:          16 kB
Mlocked:              16 kB
SwapTotal:       4194300 kB
SwapFree:        3224464 kB
Zswap:                 0 kB
Zswapped:              0 kB
Dirty:                96 kB
Writeback:           508 kB
AnonPages:       4020232 kB
Mapped:           258236 kB
Shmem:             55960 kB
KReclaimable:      56668 kB
Slab:             284928 kB
SReclaimable:      56668 kB
SUnreclaim:       228260 kB
KernelStack:       18960 kB
PageTables:        63344 kB
SecPageTables:         0 kB
NFS_Unstable:          0 kB
Bounce:                0 kB
WritebackTmp:          0 kB
CommitLimit:     8258920 kB
Committed_AS:   12053496 kB
VmallocTotal:   34359738367 kB
VmallocUsed:       47224 kB
VmallocChunk:          0 kB
Percpu:            13280 kB
HardwareCorrupted:     0 kB
AnonHugePages:     14336 kB
ShmemHugePages:        0 kB
ShmemPmdMapped:        0 kB
FileHugePages:         0 kB
FilePmdMapped:         0 kB
CmaTotal:              0 kB
CmaFree:               0 kB
Unaccepted:            0 kB
Balloon:               0 kB
HugePages_Total:       0
HugePages_Free:        0
HugePages_Rsvd:        0
HugePages_Surp:        0
Hugepagesize:       2048 kB
Hugetlb:               0 kB
DirectMap4k:      194432 kB
DirectMap2M:     6096896 kB
DirectMap1G:     4194304 kB
---SNAPSHOT---
2026-04-27 02:25:24
MemTotal:        8129240 kB
MemFree:         2414328 kB
MemAvailable:    2615220 kB
Buffers:            6536 kB
Cached:           310484 kB
SwapCached:       857168 kB
Active:          3702696 kB
Inactive:        1388588 kB
Active(anon):    3560720 kB
Inactive(anon):  1269444 kB
Active(file):     141976 kB
Inactive(file):   119144 kB
Unevictable:          16 kB
Mlocked:              16 kB
SwapTotal:       4194300 kB
SwapFree:        3215812 kB
Zswap:                 0 kB
Zswapped:              0 kB
Dirty:               100 kB
Writeback:           160 kB
AnonPages:       3925776 kB
Mapped:           258236 kB
Shmem:             55960 kB
KReclaimable:      56668 kB
Slab:             284924 kB
SReclaimable:      56668 kB
SUnreclaim:       228256 kB
KernelStack:       18944 kB
PageTables:        63084 kB
SecPageTables:         0 kB
NFS_Unstable:          0 kB
Bounce:                0 kB
WritebackTmp:          0 kB
CommitLimit:     8258920 kB
Committed_AS:   12053724 kB
VmallocTotal:   34359738367 kB
VmallocUsed:       47256 kB
VmallocChunk:          0 kB
Percpu:            13280 kB
HardwareCorrupted:     0 kB
AnonHugePages:     14336 kB
ShmemHugePages:        0 kB
ShmemPmdMapped:        0 kB
FileHugePages:         0 kB
FilePmdMapped:         0 kB
CmaTotal:              0 kB
CmaFree:               0 kB
Unaccepted:            0 kB
Balloon:               0 kB
HugePages_Total:       0
HugePages_Free:        0
HugePages_Rsvd:        0
HugePages_Surp:        0
Hugepagesize:       2048 kB
Hugetlb:               0 kB
DirectMap4k:      194432 kB
DirectMap2M:     6096896 kB
DirectMap1G:     4194304 kB
---SNAPSHOT---
2026-04-27 02:25:25
MemTotal:        8129240 kB
MemFree:         2213036 kB
MemAvailable:    2413932 kB
Buffers:            6536 kB
Cached:           310492 kB
SwapCached:       858304 kB
Active:          3894652 kB
Inactive:        1390300 kB
Active(anon):    3752676 kB
Inactive(anon):  1271152 kB
Active(file):     141976 kB
Inactive(file):   119148 kB
Unevictable:          16 kB
Mlocked:              16 kB
SwapTotal:       4194300 kB
SwapFree:        3214676 kB
Zswap:                 0 kB
Zswapped:              0 kB
Dirty:               108 kB
Writeback:           876 kB
AnonPages:       4118280 kB
Mapped:           258236 kB
Shmem:             55960 kB
KReclaimable:      56668 kB
Slab:             284924 kB
SReclaimable:      56668 kB
SUnreclaim:       228256 kB
KernelStack:       18944 kB
PageTables:        63524 kB
SecPageTables:         0 kB
NFS_Unstable:          0 kB
Bounce:                0 kB
WritebackTmp:          0 kB
CommitLimit:     8258920 kB
Committed_AS:   12053832 kB
VmallocTotal:   34359738367 kB
VmallocUsed:       47224 kB
VmallocChunk:          0 kB
Percpu:            13280 kB
HardwareCorrupted:     0 kB
AnonHugePages:     14336 kB
ShmemHugePages:        0 kB
ShmemPmdMapped:        0 kB
FileHugePages:         0 kB
FilePmdMapped:         0 kB
CmaTotal:              0 kB
CmaFree:               0 kB
Unaccepted:            0 kB
Balloon:               0 kB
HugePages_Total:       0
HugePages_Free:        0
HugePages_Rsvd:        0
HugePages_Surp:        0
Hugepagesize:       2048 kB
Hugetlb:               0 kB
DirectMap4k:      194432 kB
DirectMap2M:     6096896 kB
DirectMap1G:     4194304 kB
---SNAPSHOT---
2026-04-27 02:25:26
MemTotal:        8129240 kB
MemFree:         2673096 kB
MemAvailable:    2874000 kB
Buffers:            6544 kB
Cached:           310496 kB
SwapCached:       862852 kB
Active:          3398072 kB
Inactive:        1394916 kB
Active(anon):    3256096 kB
Inactive(anon):  1275760 kB
Active(file):     141976 kB
Inactive(file):   119156 kB
Unevictable:          16 kB
Mlocked:              16 kB
SwapTotal:       4194300 kB
SwapFree:        3210128 kB
Zswap:                 0 kB
Zswapped:              0 kB
Dirty:               112 kB
Writeback:           600 kB
AnonPages:       3621840 kB
Mapped:           258336 kB
Shmem:             55960 kB
KReclaimable:      56668 kB
Slab:             284932 kB
SReclaimable:      56668 kB
SUnreclaim:       228264 kB
KernelStack:       18960 kB
PageTables:        62408 kB
SecPageTables:         0 kB
NFS_Unstable:          0 kB
Bounce:                0 kB
WritebackTmp:          0 kB
CommitLimit:     8258920 kB
Committed_AS:   12053340 kB
VmallocTotal:   34359738367 kB
VmallocUsed:       47208 kB
VmallocChunk:          0 kB
Percpu:            13280 kB
HardwareCorrupted:     0 kB
AnonHugePages:     14336 kB
ShmemHugePages:        0 kB
ShmemPmdMapped:        0 kB
FileHugePages:         0 kB
FilePmdMapped:         0 kB
CmaTotal:              0 kB
CmaFree:               0 kB
Unaccepted:            0 kB
Balloon:               0 kB
HugePages_Total:       0
HugePages_Free:        0
HugePages_Rsvd:        0
HugePages_Surp:        0
Hugepagesize:       2048 kB
Hugetlb:               0 kB
DirectMap4k:      194432 kB
DirectMap2M:     6096896 kB
DirectMap1G:     4194304 kB
---SNAPSHOT---
2026-04-27 02:25:27
MemTotal:        8129240 kB
MemFree:         2744372 kB
MemAvailable:    2945292 kB
Buffers:            6544 kB
Cached:           310508 kB
SwapCached:       913312 kB
Active:          3263144 kB
Inactive:        1446000 kB
Active(anon):    3121168 kB
Inactive(anon):  1326828 kB
Active(file):     141976 kB
Inactive(file):   119172 kB
Unevictable:          16 kB
Mlocked:              16 kB
SwapTotal:       4194300 kB
SwapFree:        3159448 kB
Zswap:                 0 kB
Zswapped:              0 kB
Dirty:               124 kB
Writeback:           304 kB
AnonPages:       3487400 kB
Mapped:           258236 kB
Shmem:             55960 kB
KReclaimable:      56668 kB
Slab:             284932 kB
SReclaimable:      56668 kB
SUnreclaim:       228264 kB
KernelStack:       18960 kB
PageTables:        62828 kB
SecPageTables:         0 kB
NFS_Unstable:          0 kB
Bounce:                0 kB
WritebackTmp:          0 kB
CommitLimit:     8258920 kB
Committed_AS:   12053964 kB
VmallocTotal:   34359738367 kB
VmallocUsed:       47240 kB
VmallocChunk:          0 kB
Percpu:            13280 kB
HardwareCorrupted:     0 kB
AnonHugePages:     14336 kB
ShmemHugePages:        0 kB
ShmemPmdMapped:        0 kB
FileHugePages:         0 kB
FilePmdMapped:         0 kB
CmaTotal:              0 kB
CmaFree:               0 kB
Unaccepted:            0 kB
Balloon:               0 kB
HugePages_Total:       0
HugePages_Free:        0
HugePages_Rsvd:        0
HugePages_Surp:        0
Hugepagesize:       2048 kB
Hugetlb:               0 kB
DirectMap4k:      194432 kB
DirectMap2M:     6096896 kB
DirectMap1G:     4194304 kB
---SNAPSHOT---
2026-04-27 02:25:28
MemTotal:        8129240 kB
MemFree:         2645100 kB
MemAvailable:    2846032 kB
Buffers:            6544 kB
Cached:           310516 kB
SwapCached:      1060072 kB
Active:          3277632 kB
Inactive:        1591244 kB
Active(anon):    3135656 kB
Inactive(anon):  1472060 kB
Active(file):     141976 kB
Inactive(file):   119184 kB
Unevictable:          16 kB
Mlocked:              16 kB
SwapTotal:       4194300 kB
SwapFree:        3012724 kB
Zswap:                 0 kB
Zswapped:              0 kB
Dirty:               132 kB
Writeback:           412 kB
AnonPages:       3500064 kB
Mapped:           258236 kB
Shmem:             55960 kB
KReclaimable:      56668 kB
Slab:             284940 kB
SReclaimable:      56668 kB
SUnreclaim:       228272 kB
KernelStack:       18960 kB
PageTables:        63112 kB
SecPageTables:         0 kB
NFS_Unstable:          0 kB
Bounce:                0 kB
WritebackTmp:          0 kB
CommitLimit:     8258920 kB
Committed_AS:   12053724 kB
VmallocTotal:   34359738367 kB
VmallocUsed:       47224 kB
VmallocChunk:          0 kB
Percpu:            13280 kB
HardwareCorrupted:     0 kB
AnonHugePages:     14336 kB
ShmemHugePages:        0 kB
ShmemPmdMapped:        0 kB
FileHugePages:         0 kB
FilePmdMapped:         0 kB
CmaTotal:              0 kB
CmaFree:               0 kB
Unaccepted:            0 kB
Balloon:               0 kB
HugePages_Total:       0
HugePages_Free:        0
HugePages_Rsvd:        0
HugePages_Surp:        0
Hugepagesize:       2048 kB
Hugetlb:               0 kB
DirectMap4k:      194432 kB
DirectMap2M:     6096896 kB
DirectMap1G:     4194304 kB
---SNAPSHOT---
2026-04-27 02:25:29
MemTotal:        8129240 kB
MemFree:         2743068 kB
MemAvailable:    2944004 kB
Buffers:            6544 kB
Cached:           310520 kB
SwapCached:      1229608 kB
Active:          2938332 kB
Inactive:        1761348 kB
Active(anon):    2796356 kB
Inactive(anon):  1642160 kB
Active(file):     141976 kB
Inactive(file):   119188 kB
Unevictable:          16 kB
Mlocked:              16 kB
SwapTotal:       4194300 kB
SwapFree:        2843220 kB
Zswap:                 0 kB
Zswapped:              0 kB
Dirty:               136 kB
Writeback:           912 kB
AnonPages:       3161652 kB
Mapped:           258236 kB
Shmem:             55960 kB
KReclaimable:      56668 kB
Slab:             284928 kB
SReclaimable:      56668 kB
SUnreclaim:       228260 kB
KernelStack:       18960 kB
PageTables:        62660 kB
SecPageTables:         0 kB
NFS_Unstable:          0 kB
Bounce:                0 kB
WritebackTmp:          0 kB
CommitLimit:     8258920 kB
Committed_AS:   12053724 kB
VmallocTotal:   34359738367 kB
VmallocUsed:       47208 kB
VmallocChunk:          0 kB
Percpu:            13280 kB
HardwareCorrupted:     0 kB
AnonHugePages:     14336 kB
ShmemHugePages:        0 kB
ShmemPmdMapped:        0 kB
FileHugePages:         0 kB
FilePmdMapped:         0 kB
CmaTotal:              0 kB
CmaFree:               0 kB
Unaccepted:            0 kB
Balloon:               0 kB
HugePages_Total:       0
HugePages_Free:        0
HugePages_Rsvd:        0
HugePages_Surp:        0
Hugepagesize:       2048 kB
Hugetlb:               0 kB
DirectMap4k:      194432 kB
DirectMap2M:     6096896 kB
DirectMap1G:     4194304 kB
---SNAPSHOT---
2026-04-27 02:25:30
MemTotal:        8129240 kB
MemFree:         2578148 kB
MemAvailable:    2779092 kB
Buffers:            6544 kB
Cached:           310528 kB
SwapCached:      1369756 kB
Active:          3040532 kB
Inactive:        1902628 kB
Active(anon):    2898556 kB
Inactive(anon):  1783432 kB
Active(file):     141976 kB
Inactive(file):   119196 kB
Unevictable:          16 kB
Mlocked:              16 kB
SwapTotal:       4194300 kB
SwapFree:        2703168 kB
Zswap:                 0 kB
Zswapped:              0 kB
Dirty:               144 kB
Writeback:           236 kB
AnonPages:       3264632 kB
Mapped:           258464 kB
Shmem:             55960 kB
KReclaimable:      56668 kB
Slab:             284952 kB
SReclaimable:      56668 kB
SUnreclaim:       228284 kB
KernelStack:       18976 kB
PageTables:        62884 kB
SecPageTables:         0 kB
NFS_Unstable:          0 kB
Bounce:                0 kB
WritebackTmp:          0 kB
CommitLimit:     8258920 kB
Committed_AS:   12053736 kB
VmallocTotal:   34359738367 kB
VmallocUsed:       47224 kB
VmallocChunk:          0 kB
Percpu:            13280 kB
HardwareCorrupted:     0 kB
AnonHugePages:     14336 kB
ShmemHugePages:        0 kB
ShmemPmdMapped:        0 kB
FileHugePages:         0 kB
FilePmdMapped:         0 kB
CmaTotal:              0 kB
CmaFree:               0 kB
Unaccepted:            0 kB
Balloon:               0 kB
HugePages_Total:       0
HugePages_Free:        0
HugePages_Rsvd:        0
HugePages_Surp:        0
Hugepagesize:       2048 kB
Hugetlb:               0 kB
DirectMap4k:      194432 kB
DirectMap2M:     6096896 kB
DirectMap1G:     4194304 kB
---SNAPSHOT---
2026-04-27 02:25:31
MemTotal:        8129240 kB
MemFree:         3077180 kB
MemAvailable:    3278128 kB
Buffers:            6552 kB
Cached:           310528 kB
SwapCached:       130688 kB
Active:          3741472 kB
Inactive:         664872 kB
Active(anon):    3599496 kB
Inactive(anon):   545672 kB
Active(file):     141976 kB
Inactive(file):   119200 kB
Unevictable:          16 kB
Mlocked:              16 kB
SwapTotal:       4194300 kB
SwapFree:        3942292 kB
Zswap:                 0 kB
Zswapped:              0 kB
Dirty:               148 kB
Writeback:             0 kB
AnonPages:       3963004 kB
Mapped:           258236 kB
Shmem:             55960 kB
KReclaimable:      56668 kB
Slab:             284952 kB
SReclaimable:      56668 kB
SUnreclaim:       228284 kB
KernelStack:       18960 kB
PageTables:        61744 kB
SecPageTables:         0 kB
NFS_Unstable:          0 kB
Bounce:                0 kB
WritebackTmp:          0 kB
CommitLimit:     8258920 kB
Committed_AS:   12053856 kB
VmallocTotal:   34359738367 kB
VmallocUsed:       47208 kB
VmallocChunk:          0 kB
Percpu:            13280 kB
HardwareCorrupted:     0 kB
AnonHugePages:     14336 kB
ShmemHugePages:        0 kB
ShmemPmdMapped:        0 kB
FileHugePages:         0 kB
FilePmdMapped:         0 kB
CmaTotal:              0 kB
CmaFree:               0 kB
Unaccepted:            0 kB
Balloon:               0 kB
HugePages_Total:       0
HugePages_Free:        0
HugePages_Rsvd:        0
HugePages_Surp:        0
Hugepagesize:       2048 kB
Hugetlb:               0 kB
DirectMap4k:      194432 kB
DirectMap2M:     6096896 kB
DirectMap1G:     4194304 kB
---SNAPSHOT---
2026-04-27 02:25:32
MemTotal:        8129240 kB
MemFree:         2194520 kB
MemAvailable:    2395476 kB
Buffers:            6552 kB
Cached:           310536 kB
SwapCached:       130688 kB
Active:          4661600 kB
Inactive:         664880 kB
Active(anon):    4519624 kB
Inactive(anon):   545672 kB
Active(file):     141976 kB
Inactive(file):   119208 kB
Unevictable:          16 kB
Mlocked:              16 kB
SwapTotal:       4194300 kB
SwapFree:        3942292 kB
Zswap:                 0 kB
Zswapped:              0 kB
Dirty:               160 kB
Writeback:             0 kB
AnonPages:       4883312 kB
Mapped:           258236 kB
Shmem:             55960 kB
KReclaimable:      56668 kB
Slab:             284944 kB
SReclaimable:      56668 kB
SUnreclaim:       228276 kB
KernelStack:       18944 kB
PageTables:        64276 kB
SecPageTables:         0 kB
NFS_Unstable:          0 kB
Bounce:                0 kB
WritebackTmp:          0 kB
CommitLimit:     8258920 kB
Committed_AS:   12053740 kB
VmallocTotal:   34359738367 kB
VmallocUsed:       47224 kB
VmallocChunk:          0 kB
Percpu:            13280 kB
HardwareCorrupted:     0 kB
AnonHugePages:     14336 kB
ShmemHugePages:        0 kB
ShmemPmdMapped:        0 kB
FileHugePages:         0 kB
FilePmdMapped:         0 kB
CmaTotal:              0 kB
CmaFree:               0 kB
Unaccepted:            0 kB
Balloon:               0 kB
HugePages_Total:       0
HugePages_Free:        0
HugePages_Rsvd:        0
HugePages_Surp:        0
Hugepagesize:       2048 kB
Hugetlb:               0 kB
DirectMap4k:      194432 kB
DirectMap2M:     6096896 kB
DirectMap1G:     4194304 kB
---SNAPSHOT---
2026-04-27 02:25:33
MemTotal:        8129240 kB
MemFree:         2936108 kB
MemAvailable:    3137072 kB
Buffers:            6552 kB
Cached:           310544 kB
SwapCached:       130688 kB
Active:          3811988 kB
Inactive:         664888 kB
Active(anon):    3670012 kB
Inactive(anon):   545672 kB
Active(file):     141976 kB
Inactive(file):   119216 kB
Unevictable:          16 kB
Mlocked:              16 kB
SwapTotal:       4194300 kB
SwapFree:        3942292 kB
Zswap:                 0 kB
Zswapped:              0 kB
Dirty:               168 kB
Writeback:             0 kB
AnonPages:       4033720 kB
Mapped:           258236 kB
Shmem:             55960 kB
KReclaimable:      56668 kB
Slab:             284952 kB
SReclaimable:      56668 kB
SUnreclaim:       228284 kB
KernelStack:       18960 kB
PageTables:        63096 kB
SecPageTables:         0 kB
NFS_Unstable:          0 kB
Bounce:                0 kB
WritebackTmp:          0 kB
CommitLimit:     8258920 kB
Committed_AS:   12053724 kB
VmallocTotal:   34359738367 kB
VmallocUsed:       47208 kB
VmallocChunk:          0 kB
Percpu:            13280 kB
HardwareCorrupted:     0 kB
AnonHugePages:     14336 kB
ShmemHugePages:        0 kB
ShmemPmdMapped:        0 kB
FileHugePages:         0 kB
FilePmdMapped:         0 kB
CmaTotal:              0 kB
CmaFree:               0 kB
Unaccepted:            0 kB
Balloon:               0 kB
HugePages_Total:       0
HugePages_Free:        0
HugePages_Rsvd:        0
HugePages_Surp:        0
Hugepagesize:       2048 kB
Hugetlb:               0 kB
DirectMap4k:      194432 kB
DirectMap2M:     6096896 kB
DirectMap1G:     4194304 kB
---SNAPSHOT---
2026-04-27 02:25:34
MemTotal:        8129240 kB
MemFree:         2366076 kB
MemAvailable:    2567044 kB
Buffers:            6552 kB
Cached:           310548 kB
SwapCached:       130688 kB
Active:          4461224 kB
Inactive:         664892 kB
Active(anon):    4319248 kB
Inactive(anon):   545672 kB
Active(file):     141976 kB
Inactive(file):   119220 kB
Unevictable:          16 kB
Mlocked:              16 kB
SwapTotal:       4194300 kB
SwapFree:        3942292 kB
Zswap:                 0 kB
Zswapped:              0 kB
Dirty:               172 kB
Writeback:             0 kB
AnonPages:       4682788 kB
Mapped:           258236 kB
Shmem:             55960 kB
KReclaimable:      56668 kB
Slab:             284952 kB
SReclaimable:      56668 kB
SUnreclaim:       228284 kB
KernelStack:       18960 kB
PageTables:        63892 kB
SecPageTables:         0 kB
NFS_Unstable:          0 kB
Bounce:                0 kB
WritebackTmp:          0 kB
CommitLimit:     8258920 kB
Committed_AS:   12053636 kB
VmallocTotal:   34359738367 kB
VmallocUsed:       47208 kB
VmallocChunk:          0 kB
Percpu:            13280 kB
HardwareCorrupted:     0 kB
AnonHugePages:     14336 kB
ShmemHugePages:        0 kB
ShmemPmdMapped:        0 kB
FileHugePages:         0 kB
FilePmdMapped:         0 kB
CmaTotal:              0 kB
CmaFree:               0 kB
Unaccepted:            0 kB
Balloon:               0 kB
HugePages_Total:       0
HugePages_Free:        0
HugePages_Rsvd:        0
HugePages_Surp:        0
Hugepagesize:       2048 kB
Hugetlb:               0 kB
DirectMap4k:      194432 kB
DirectMap2M:     6096896 kB
DirectMap1G:     4194304 kB
---SNAPSHOT---
2026-04-27 02:25:35
MemTotal:        8129240 kB
MemFree:         2193592 kB
MemAvailable:    2394568 kB
Buffers:            6552 kB
Cached:           310556 kB
SwapCached:       667548 kB
Active:          4123684 kB
Inactive:        1200816 kB
Active(anon):    3981708 kB
Inactive(anon):  1081588 kB
Active(file):     141976 kB
Inactive(file):   119228 kB
Unevictable:          16 kB
Mlocked:              16 kB
SwapTotal:       4194300 kB
SwapFree:        3405320 kB
Zswap:                 0 kB
Zswapped:              0 kB
Dirty:               180 kB
Writeback:          1064 kB
AnonPages:       4346420 kB
Mapped:           258236 kB
Shmem:             55960 kB
KReclaimable:      56668 kB
Slab:             284996 kB
SReclaimable:      56668 kB
SUnreclaim:       228328 kB
KernelStack:       18960 kB
PageTables:        63740 kB
SecPageTables:         0 kB
NFS_Unstable:          0 kB
Bounce:                0 kB
WritebackTmp:          0 kB
CommitLimit:     8258920 kB
Committed_AS:   12053340 kB
VmallocTotal:   34359738367 kB
VmallocUsed:       47224 kB
VmallocChunk:          0 kB
Percpu:            13280 kB
HardwareCorrupted:     0 kB
AnonHugePages:     14336 kB
ShmemHugePages:        0 kB
ShmemPmdMapped:        0 kB
FileHugePages:         0 kB
FilePmdMapped:         0 kB
CmaTotal:              0 kB
CmaFree:               0 kB
Unaccepted:            0 kB
Balloon:               0 kB
HugePages_Total:       0
HugePages_Free:        0
HugePages_Rsvd:        0
HugePages_Surp:        0
Hugepagesize:       2048 kB
Hugetlb:               0 kB
DirectMap4k:      194432 kB
DirectMap2M:     6096896 kB
DirectMap1G:     4194304 kB
---SNAPSHOT---
2026-04-27 02:25:36
MemTotal:        8129240 kB
MemFree:         3022360 kB
MemAvailable:    3223344 kB
Buffers:            6560 kB
Cached:           310552 kB
SwapCached:       130748 kB
Active:          3763364 kB
Inactive:         665104 kB
Active(anon):    3621388 kB
Inactive(anon):   545868 kB
Active(file):     141976 kB
Inactive(file):   119236 kB
Unevictable:          16 kB
Mlocked:              16 kB
SwapTotal:       4194300 kB
SwapFree:        3942292 kB
Zswap:                 0 kB
Zswapped:              0 kB
Dirty:               184 kB
Writeback:             0 kB
AnonPages:       3985636 kB
Mapped:           258236 kB
Shmem:             55960 kB
KReclaimable:      56668 kB
Slab:             284972 kB
SReclaimable:      56668 kB
SUnreclaim:       228304 kB
KernelStack:       18960 kB
PageTables:        61632 kB
SecPageTables:         0 kB
NFS_Unstable:          0 kB
Bounce:                0 kB
WritebackTmp:          0 kB
CommitLimit:     8258920 kB
Committed_AS:   12053828 kB
VmallocTotal:   34359738367 kB
VmallocUsed:       47224 kB
VmallocChunk:          0 kB
Percpu:            13280 kB
HardwareCorrupted:     0 kB
AnonHugePages:     14336 kB
ShmemHugePages:        0 kB
ShmemPmdMapped:        0 kB
FileHugePages:         0 kB
FilePmdMapped:         0 kB
CmaTotal:              0 kB
CmaFree:               0 kB
Unaccepted:            0 kB
Balloon:               0 kB
HugePages_Total:       0
HugePages_Free:        0
HugePages_Rsvd:        0
HugePages_Surp:        0
Hugepagesize:       2048 kB
Hugetlb:               0 kB
DirectMap4k:      194432 kB
DirectMap2M:     6096896 kB
DirectMap1G:     4194304 kB
---SNAPSHOT---
2026-04-27 02:25:37
MemTotal:        8129240 kB
MemFree:         2450564 kB
MemAvailable:    2651560 kB
Buffers:            6560 kB
Cached:           310564 kB
SwapCached:       130688 kB
Active:          4309300 kB
Inactive:         664920 kB
Active(anon):    4167324 kB
Inactive(anon):   545672 kB
Active(file):     141976 kB
Inactive(file):   119248 kB
Unevictable:          16 kB
Mlocked:              16 kB
SwapTotal:       4194300 kB
SwapFree:        3942292 kB
Zswap:                 0 kB
Zswapped:              0 kB
Dirty:               188 kB
Writeback:             0 kB
AnonPages:       4496724 kB
Mapped:           258236 kB
Shmem:             55960 kB
KReclaimable:      56668 kB
Slab:             284936 kB
SReclaimable:      56668 kB
SUnreclaim:       228268 kB
KernelStack:       18960 kB
PageTables:        63888 kB
SecPageTables:         0 kB
NFS_Unstable:          0 kB
Bounce:                0 kB
WritebackTmp:          0 kB
CommitLimit:     8258920 kB
Committed_AS:   12053584 kB
VmallocTotal:   34359738367 kB
VmallocUsed:       47256 kB
VmallocChunk:          0 kB
Percpu:            13280 kB
HardwareCorrupted:     0 kB
AnonHugePages:     14336 kB
ShmemHugePages:        0 kB
ShmemPmdMapped:        0 kB
FileHugePages:         0 kB
FilePmdMapped:         0 kB
CmaTotal:              0 kB
CmaFree:               0 kB
Unaccepted:            0 kB
Balloon:               0 kB
HugePages_Total:       0
HugePages_Free:        0
HugePages_Rsvd:        0
HugePages_Surp:        0
Hugepagesize:       2048 kB
Hugetlb:               0 kB
DirectMap4k:      194432 kB
DirectMap2M:     6096896 kB
DirectMap1G:     4194304 kB
---SNAPSHOT---
2026-04-27 02:25:38
MemTotal:        8129240 kB
MemFree:         3005004 kB
MemAvailable:    3206008 kB
Buffers:            6560 kB
Cached:           310572 kB
SwapCached:       130688 kB
Active:          3701420 kB
Inactive:         664928 kB
Active(anon):    3559444 kB
Inactive(anon):   545672 kB
Active(file):     141976 kB
Inactive(file):   119256 kB
Unevictable:          16 kB
Mlocked:              16 kB
SwapTotal:       4194300 kB
SwapFree:        3942292 kB
Zswap:                 0 kB
Zswapped:              0 kB
Dirty:               196 kB
Writeback:             0 kB
AnonPages:       3923044 kB
Mapped:           258236 kB
Shmem:             55960 kB
KReclaimable:      56668 kB
Slab:             284936 kB
SReclaimable:      56668 kB
SUnreclaim:       228268 kB
KernelStack:       19020 kB
PageTables:        62248 kB
SecPageTables:         0 kB
NFS_Unstable:          0 kB
Bounce:                0 kB
WritebackTmp:          0 kB
CommitLimit:     8258920 kB
Committed_AS:   12053088 kB
VmallocTotal:   34359738367 kB
VmallocUsed:       47256 kB
VmallocChunk:          0 kB
Percpu:            13280 kB
HardwareCorrupted:     0 kB
AnonHugePages:     14336 kB
ShmemHugePages:        0 kB
ShmemPmdMapped:        0 kB
FileHugePages:         0 kB
FilePmdMapped:         0 kB
CmaTotal:              0 kB
CmaFree:               0 kB
Unaccepted:            0 kB
Balloon:               0 kB
HugePages_Total:       0
HugePages_Free:        0
HugePages_Rsvd:        0
HugePages_Surp:        0
Hugepagesize:       2048 kB
Hugetlb:               0 kB
DirectMap4k:      194432 kB
DirectMap2M:     6096896 kB
DirectMap1G:     4194304 kB
---SNAPSHOT---
2026-04-27 02:25:39
MemTotal:        8129240 kB
MemFree:         3298364 kB
MemAvailable:    3499368 kB
Buffers:            6560 kB
Cached:           310576 kB
SwapCached:       130688 kB
Active:          3479504 kB
Inactive:         664928 kB
Active(anon):    3337528 kB
Inactive(anon):   545672 kB
Active(file):     141976 kB
Inactive(file):   119256 kB
Unevictable:          16 kB
Mlocked:              16 kB
SwapTotal:       4194300 kB
SwapFree:        3942292 kB
Zswap:                 0 kB
Zswapped:              0 kB
Dirty:               200 kB
Writeback:             0 kB
AnonPages:       3701520 kB
Mapped:           258464 kB
Shmem:             55960 kB
KReclaimable:      56668 kB
Slab:             284940 kB
SReclaimable:      56668 kB
SUnreclaim:       228272 kB
KernelStack:       18992 kB
PageTables:        61728 kB
SecPageTables:         0 kB
NFS_Unstable:          0 kB
Bounce:                0 kB
WritebackTmp:          0 kB
CommitLimit:     8258920 kB
Committed_AS:   12053496 kB
VmallocTotal:   34359738367 kB
VmallocUsed:       47304 kB
VmallocChunk:          0 kB
Percpu:            13280 kB
HardwareCorrupted:     0 kB
AnonHugePages:     14336 kB
ShmemHugePages:        0 kB
ShmemPmdMapped:        0 kB
FileHugePages:         0 kB
FilePmdMapped:         0 kB
CmaTotal:              0 kB
CmaFree:               0 kB
Unaccepted:            0 kB
Balloon:               0 kB
HugePages_Total:       0
HugePages_Free:        0
HugePages_Rsvd:        0
HugePages_Surp:        0
Hugepagesize:       2048 kB
Hugetlb:               0 kB
DirectMap4k:      194432 kB
DirectMap2M:     6096896 kB
DirectMap1G:     4194304 kB
---SNAPSHOT---
2026-04-27 02:25:40
MemTotal:        8129240 kB
MemFree:         2966944 kB
MemAvailable:    3167960 kB
Buffers:            6560 kB
Cached:           310584 kB
SwapCached:       130688 kB
Active:          3836408 kB
Inactive:         664940 kB
Active(anon):    3694432 kB
Inactive(anon):   545672 kB
Active(file):     141976 kB
Inactive(file):   119268 kB
Unevictable:          16 kB
Mlocked:              16 kB
SwapTotal:       4194300 kB
SwapFree:        3942292 kB
Zswap:                 0 kB
Zswapped:              0 kB
Dirty:               208 kB
Writeback:             0 kB
AnonPages:       4058260 kB
Mapped:           258464 kB
Shmem:             55960 kB
KReclaimable:      56668 kB
Slab:             284948 kB
SReclaimable:      56668 kB
SUnreclaim:       228280 kB
KernelStack:       19020 kB
PageTables:        62240 kB
SecPageTables:         0 kB
NFS_Unstable:          0 kB
Bounce:                0 kB
WritebackTmp:          0 kB
CommitLimit:     8258920 kB
Committed_AS:   12053968 kB
VmallocTotal:   34359738367 kB
VmallocUsed:       47288 kB
VmallocChunk:          0 kB
Percpu:            13280 kB
HardwareCorrupted:     0 kB
AnonHugePages:     14336 kB
ShmemHugePages:        0 kB
ShmemPmdMapped:        0 kB
FileHugePages:         0 kB
FilePmdMapped:         0 kB
CmaTotal:              0 kB
CmaFree:               0 kB
Unaccepted:            0 kB
Balloon:               0 kB
HugePages_Total:       0
HugePages_Free:        0
HugePages_Rsvd:        0
HugePages_Surp:        0
Hugepagesize:       2048 kB
Hugetlb:               0 kB
DirectMap4k:      194432 kB
DirectMap2M:     6096896 kB
DirectMap1G:     4194304 kB
---SNAPSHOT---
2026-04-27 02:25:41
MemTotal:        8129240 kB
MemFree:         3114800 kB
MemAvailable:    3315136 kB
Buffers:            6568 kB
Cached:           310580 kB
SwapCached:       130688 kB
Active:          3710900 kB
Inactive:         664944 kB
Active(anon):    3568924 kB
Inactive(anon):   545672 kB
Active(file):     141976 kB
Inactive(file):   119272 kB
Unevictable:          16 kB
Mlocked:              16 kB
SwapTotal:       4194300 kB
SwapFree:        3942292 kB
Zswap:                 0 kB
Zswapped:              0 kB
Dirty:               212 kB
Writeback:             0 kB
AnonPages:       3932876 kB
Mapped:           258236 kB
Shmem:             55960 kB
KReclaimable:      56668 kB
Slab:             284948 kB
SReclaimable:      56668 kB
SUnreclaim:       228280 kB
KernelStack:       18960 kB
PageTables:        61880 kB
SecPageTables:         0 kB
NFS_Unstable:          0 kB
Bounce:                0 kB
WritebackTmp:          0 kB
CommitLimit:     8258920 kB
Committed_AS:   12053856 kB
VmallocTotal:   34359738367 kB
VmallocUsed:       47256 kB
VmallocChunk:          0 kB
Percpu:            13280 kB
HardwareCorrupted:     0 kB
AnonHugePages:     14336 kB
ShmemHugePages:        0 kB
ShmemPmdMapped:        0 kB
FileHugePages:         0 kB
FilePmdMapped:         0 kB
CmaTotal:              0 kB
CmaFree:               0 kB
Unaccepted:            0 kB
Balloon:               0 kB
HugePages_Total:       0
HugePages_Free:        0
HugePages_Rsvd:        0
HugePages_Surp:        0
Hugepagesize:       2048 kB
Hugetlb:               0 kB
DirectMap4k:      194432 kB
DirectMap2M:     6096896 kB
DirectMap1G:     4194304 kB
---SNAPSHOT---
2026-04-27 02:25:42
MemTotal:        8129240 kB
MemFree:         2542296 kB
MemAvailable:    2743328 kB
Buffers:            6568 kB
Cached:           310592 kB
SwapCached:       130688 kB
Active:          4288736 kB
Inactive:         664956 kB
Active(anon):    4146760 kB
Inactive(anon):   545672 kB
Active(file):     141976 kB
Inactive(file):   119284 kB
Unevictable:          16 kB
Mlocked:              16 kB
SwapTotal:       4194300 kB
SwapFree:        3942292 kB
Zswap:                 0 kB
Zswapped:              0 kB
Dirty:               216 kB
Writeback:             0 kB
AnonPages:       4510368 kB
Mapped:           258236 kB
Shmem:             55960 kB
KReclaimable:      56668 kB
Slab:             284944 kB
SReclaimable:      56668 kB
SUnreclaim:       228276 kB
KernelStack:       18960 kB
PageTables:        63072 kB
SecPageTables:         0 kB
NFS_Unstable:          0 kB
Bounce:                0 kB
WritebackTmp:          0 kB
CommitLimit:     8258920 kB
Committed_AS:   12053736 kB
VmallocTotal:   34359738367 kB
VmallocUsed:       47256 kB
VmallocChunk:          0 kB
Percpu:            13280 kB
HardwareCorrupted:     0 kB
AnonHugePages:     14336 kB
ShmemHugePages:        0 kB
ShmemPmdMapped:        0 kB
FileHugePages:         0 kB
FilePmdMapped:         0 kB
CmaTotal:              0 kB
CmaFree:               0 kB
Unaccepted:            0 kB
Balloon:               0 kB
HugePages_Total:       0
HugePages_Free:        0
HugePages_Rsvd:        0
HugePages_Surp:        0
Hugepagesize:       2048 kB
Hugetlb:               0 kB
DirectMap4k:      194432 kB
DirectMap2M:     6096896 kB
DirectMap1G:     4194304 kB
---SNAPSHOT---
2026-04-27 02:25:43
MemTotal:        8129240 kB
MemFree:         2564632 kB
MemAvailable:    2765668 kB
Buffers:            6568 kB
Cached:           310600 kB
SwapCached:       448292 kB
Active:          3959316 kB
Inactive:         981196 kB
Active(anon):    3817340 kB
Inactive(anon):   861908 kB
Active(file):     141976 kB
Inactive(file):   119288 kB
Unevictable:          16 kB
Mlocked:              16 kB
SwapTotal:       4194300 kB
SwapFree:        3624648 kB
Zswap:                 0 kB
Zswapped:              0 kB
Dirty:               224 kB
Writeback:          1140 kB
AnonPages:       4181776 kB
Mapped:           258236 kB
Shmem:             55960 kB
KReclaimable:      56668 kB
Slab:             285176 kB
SReclaimable:      56668 kB
SUnreclaim:       228508 kB
KernelStack:       18960 kB
PageTables:        63140 kB
SecPageTables:         0 kB
NFS_Unstable:          0 kB
Bounce:                0 kB
WritebackTmp:          0 kB
CommitLimit:     8258920 kB
Committed_AS:   12053472 kB
VmallocTotal:   34359738367 kB
VmallocUsed:       47256 kB
VmallocChunk:          0 kB
Percpu:            13280 kB
HardwareCorrupted:     0 kB
AnonHugePages:     14336 kB
ShmemHugePages:        0 kB
ShmemPmdMapped:        0 kB
FileHugePages:         0 kB
FilePmdMapped:         0 kB
CmaTotal:              0 kB
CmaFree:               0 kB
Unaccepted:            0 kB
Balloon:               0 kB
HugePages_Total:       0
HugePages_Free:        0
HugePages_Rsvd:        0
HugePages_Surp:        0
Hugepagesize:       2048 kB
Hugetlb:               0 kB
DirectMap4k:      194432 kB
DirectMap2M:     6096896 kB
DirectMap1G:     4194304 kB
---SNAPSHOT---
2026-04-27 02:25:44
MemTotal:        8129240 kB
MemFree:         2780308 kB
MemAvailable:    2981352 kB
Buffers:            6568 kB
Cached:           310604 kB
SwapCached:       758916 kB
Active:          3464748 kB
Inactive:        1272968 kB
Active(anon):    3322772 kB
Inactive(anon):  1153672 kB
Active(file):     141976 kB
Inactive(file):   119296 kB
Unevictable:          16 kB
Mlocked:              16 kB
SwapTotal:       4194300 kB
SwapFree:        3314064 kB
Zswap:                 0 kB
Zswapped:              0 kB
Dirty:               228 kB
Writeback:         20136 kB
AnonPages:       3668580 kB
Mapped:           258236 kB
Shmem:             55960 kB
KReclaimable:      56668 kB
Slab:             286404 kB
SReclaimable:      56668 kB
SUnreclaim:       229736 kB
KernelStack:       18960 kB
PageTables:        62696 kB
SecPageTables:         0 kB
NFS_Unstable:          0 kB
Bounce:                0 kB
WritebackTmp:          0 kB
CommitLimit:     8258920 kB
Committed_AS:   12053628 kB
VmallocTotal:   34359738367 kB
VmallocUsed:       47272 kB
VmallocChunk:          0 kB
Percpu:            13280 kB
HardwareCorrupted:     0 kB
AnonHugePages:     14336 kB
ShmemHugePages:        0 kB
ShmemPmdMapped:        0 kB
FileHugePages:         0 kB
FilePmdMapped:         0 kB
CmaTotal:              0 kB
CmaFree:               0 kB
Unaccepted:            0 kB
Balloon:               0 kB
HugePages_Total:       0
HugePages_Free:        0
HugePages_Rsvd:        0
HugePages_Surp:        0
Hugepagesize:       2048 kB
Hugetlb:               0 kB
DirectMap4k:      194432 kB
DirectMap2M:     6096896 kB
DirectMap1G:     4194304 kB
---SNAPSHOT---
2026-04-27 02:25:45
MemTotal:        8129240 kB
MemFree:         2437708 kB
MemAvailable:    2638756 kB
Buffers:            6568 kB
Cached:           310612 kB
SwapCached:       758916 kB
Active:          3796208 kB
Inactive:        1279772 kB
Active(anon):    3654232 kB
Inactive(anon):  1160472 kB
Active(file):     141976 kB
Inactive(file):   119300 kB
Unevictable:          16 kB
Mlocked:              16 kB
SwapTotal:       4194300 kB
SwapFree:        3314064 kB
Zswap:                 0 kB
Zswapped:              0 kB
Dirty:               236 kB
Writeback:         13364 kB
AnonPages:       4006728 kB
Mapped:           258236 kB
Shmem:             55960 kB
KReclaimable:      56668 kB
Slab:             285800 kB
SReclaimable:      56668 kB
SUnreclaim:       229132 kB
KernelStack:       18944 kB
PageTables:        63064 kB
SecPageTables:         0 kB
NFS_Unstable:          0 kB
Bounce:                0 kB
WritebackTmp:          0 kB
CommitLimit:     8258920 kB
