---SNAPSHOT---
2026-04-27 01:58:04
MemTotal:        8129240 kB
MemFree:         4725552 kB
MemAvailable:    4907728 kB
Buffers:            5792 kB
Cached:           276880 kB
SwapCached:        77952 kB
Active:          2035184 kB
Inactive:         638728 kB
Active(anon):    1908852 kB
Inactive(anon):   521124 kB
Active(file):     126332 kB
Inactive(file):   117604 kB
Unevictable:           0 kB
Mlocked:               0 kB
SwapTotal:       4194300 kB
SwapFree:        3995028 kB
Zswap:                 0 kB
Zswapped:              0 kB
Dirty:               440 kB
Writeback:             0 kB
AnonPages:       2318144 kB
Mapped:           232636 kB
Shmem:             38812 kB
KReclaimable:      55136 kB
Slab:             283104 kB
SReclaimable:      55136 kB
SUnreclaim:       227968 kB
KernelStack:       18872 kB
PageTables:        58004 kB
SecPageTables:         0 kB
NFS_Unstable:          0 kB
Bounce:                0 kB
WritebackTmp:          0 kB
CommitLimit:     8258920 kB
Committed_AS:    9393808 kB
VmallocTotal:   34359738367 kB
VmallocUsed:       47064 kB
VmallocChunk:          0 kB
Percpu:            13280 kB
HardwareCorrupted:     0 kB
AnonHugePages:      8192 kB
ShmemHugePages:        0 kB
ShmemPmdMapped:        0 kB
FileHugePages:         0 kB
FilePmdMapped:         0 kB
CmaTotal:              0 kB
CmaFree:               0 kB
Unaccepted:            0 kB
Balloon:               0 kB
HugePages_Total:       0
HugePages_Free:        0
HugePages_Rsvd:        0
HugePages_Surp:        0
Hugepagesize:       2048 kB
Hugetlb:               0 kB
DirectMap4k:      194432 kB
DirectMap2M:     6096896 kB
DirectMap1G:     4194304 kB
---SNAPSHOT---
2026-04-27 01:58:05
MemTotal:        8129240 kB
MemFree:         4739844 kB
MemAvailable:    4922544 kB
Buffers:            5804 kB
Cached:           277408 kB
SwapCached:        77952 kB
Active:          2035524 kB
Inactive:         639064 kB
Active(anon):    1909004 kB
Inactive(anon):   521124 kB
Active(file):     126520 kB
Inactive(file):   117940 kB
Unevictable:           0 kB
Mlocked:               0 kB
SwapTotal:       4194300 kB
SwapFree:        3995028 kB
Zswap:                 0 kB
Zswapped:              0 kB
Dirty:               452 kB
Writeback:             0 kB
AnonPages:       2318064 kB
Mapped:           232668 kB
Shmem:             38812 kB
KReclaimable:      55136 kB
Slab:             283104 kB
SReclaimable:      55136 kB
SUnreclaim:       227968 kB
KernelStack:       18876 kB
PageTables:        58096 kB
SecPageTables:         0 kB
NFS_Unstable:          0 kB
Bounce:                0 kB
WritebackTmp:          0 kB
CommitLimit:     8258920 kB
Committed_AS:    9393488 kB
VmallocTotal:   34359738367 kB
VmallocUsed:       47112 kB
VmallocChunk:          0 kB
Percpu:            13280 kB
HardwareCorrupted:     0 kB
AnonHugePages:      8192 kB
ShmemHugePages:        0 kB
ShmemPmdMapped:        0 kB
FileHugePages:         0 kB
FilePmdMapped:         0 kB
CmaTotal:              0 kB
CmaFree:               0 kB
Unaccepted:            0 kB
Balloon:               0 kB
HugePages_Total:       0
HugePages_Free:        0
HugePages_Rsvd:        0
HugePages_Surp:        0
Hugepagesize:       2048 kB
Hugetlb:               0 kB
DirectMap4k:      194432 kB
DirectMap2M:     6096896 kB
DirectMap1G:     4194304 kB
---SNAPSHOT---
2026-04-27 01:58:06
MemTotal:        8129240 kB
MemFree:         4743388 kB
MemAvailable:    4927584 kB
Buffers:            5804 kB
Cached:           277416 kB
SwapCached:        77952 kB
Active:          2035720 kB
Inactive:         639088 kB
Active(anon):    1909200 kB
Inactive(anon):   521124 kB
Active(file):     126520 kB
Inactive(file):   117964 kB
Unevictable:           0 kB
Mlocked:               0 kB
SwapTotal:       4194300 kB
SwapFree:        3995028 kB
Zswap:                 0 kB
Zswapped:              0 kB
Dirty:               520 kB
Writeback:             0 kB
AnonPages:       2318144 kB
Mapped:           232668 kB
Shmem:             38812 kB
KReclaimable:      56608 kB
Slab:             284576 kB
SReclaimable:      56608 kB
SUnreclaim:       227968 kB
KernelStack:       18832 kB
PageTables:        57928 kB
SecPageTables:         0 kB
NFS_Unstable:          0 kB
Bounce:                0 kB
WritebackTmp:          0 kB
CommitLimit:     8258920 kB
Committed_AS:    9394092 kB
VmallocTotal:   34359738367 kB
VmallocUsed:       47176 kB
VmallocChunk:          0 kB
Percpu:            13280 kB
HardwareCorrupted:     0 kB
AnonHugePages:      8192 kB
ShmemHugePages:        0 kB
ShmemPmdMapped:        0 kB
FileHugePages:         0 kB
FilePmdMapped:         0 kB
CmaTotal:              0 kB
CmaFree:               0 kB
Unaccepted:            0 kB
Balloon:               0 kB
HugePages_Total:       0
HugePages_Free:        0
HugePages_Rsvd:        0
HugePages_Surp:        0
Hugepagesize:       2048 kB
Hugetlb:               0 kB
DirectMap4k:      194432 kB
DirectMap2M:     6096896 kB
DirectMap1G:     4194304 kB
---SNAPSHOT---
2026-04-27 01:58:07
MemTotal:        8129240 kB
MemFree:         4757296 kB
MemAvailable:    4942184 kB
Buffers:            5936 kB
Cached:           277976 kB
SwapCached:        77952 kB
Active:          2036624 kB
Inactive:         639096 kB
Active(anon):    1909420 kB
Inactive(anon):   521124 kB
Active(file):     127204 kB
Inactive(file):   117972 kB
Unevictable:           0 kB
Mlocked:               0 kB
SwapTotal:       4194300 kB
SwapFree:        3995028 kB
Zswap:                 0 kB
Zswapped:              0 kB
Dirty:               528 kB
Writeback:             0 kB
AnonPages:       2318496 kB
Mapped:           232704 kB
Shmem:             38812 kB
KReclaimable:      56608 kB
Slab:             284576 kB
SReclaimable:      56608 kB
SUnreclaim:       227968 kB
KernelStack:       18864 kB
PageTables:        58276 kB
SecPageTables:         0 kB
NFS_Unstable:          0 kB
Bounce:                0 kB
WritebackTmp:          0 kB
CommitLimit:     8258920 kB
Committed_AS:    9401908 kB
VmallocTotal:   34359738367 kB
VmallocUsed:       47176 kB
VmallocChunk:          0 kB
Percpu:            13280 kB
HardwareCorrupted:     0 kB
AnonHugePages:      8192 kB
ShmemHugePages:        0 kB
ShmemPmdMapped:        0 kB
FileHugePages:         0 kB
FilePmdMapped:         0 kB
CmaTotal:              0 kB
CmaFree:               0 kB
Unaccepted:            0 kB
Balloon:               0 kB
HugePages_Total:       0
HugePages_Free:        0
HugePages_Rsvd:        0
HugePages_Surp:        0
Hugepagesize:       2048 kB
Hugetlb:               0 kB
DirectMap4k:      194432 kB
DirectMap2M:     6096896 kB
DirectMap1G:     4194304 kB
---SNAPSHOT---
2026-04-27 01:58:08
MemTotal:        8129240 kB
MemFree:         4760896 kB
MemAvailable:    4955924 kB
Buffers:            6208 kB
Cached:           287952 kB
SwapCached:        77952 kB
Active:          2048080 kB
Inactive:         639700 kB
Active(anon):    1911340 kB
Inactive(anon):   521124 kB
Active(file):     136740 kB
Inactive(file):   118576 kB
Unevictable:           0 kB
Mlocked:               0 kB
SwapTotal:       4194300 kB
SwapFree:        3995028 kB
Zswap:                 0 kB
Zswapped:              0 kB
Dirty:               532 kB
Writeback:             0 kB
AnonPages:       2320180 kB
Mapped:           235560 kB
Shmem:             38812 kB
KReclaimable:      56608 kB
Slab:             284576 kB
SReclaimable:      56608 kB
SUnreclaim:       227968 kB
KernelStack:       18912 kB
PageTables:        58540 kB
SecPageTables:         0 kB
NFS_Unstable:          0 kB
Bounce:                0 kB
WritebackTmp:          0 kB
CommitLimit:     8258920 kB
Committed_AS:    9404116 kB
VmallocTotal:   34359738367 kB
VmallocUsed:       47192 kB
VmallocChunk:          0 kB
Percpu:            13280 kB
HardwareCorrupted:     0 kB
AnonHugePages:      8192 kB
ShmemHugePages:        0 kB
ShmemPmdMapped:        0 kB
FileHugePages:         0 kB
FilePmdMapped:         0 kB
CmaTotal:              0 kB
CmaFree:               0 kB
Unaccepted:            0 kB
Balloon:               0 kB
HugePages_Total:       0
HugePages_Free:        0
HugePages_Rsvd:        0
HugePages_Surp:        0
Hugepagesize:       2048 kB
Hugetlb:               0 kB
DirectMap4k:      194432 kB
DirectMap2M:     6096896 kB
DirectMap1G:     4194304 kB
---SNAPSHOT---
2026-04-27 01:58:09
MemTotal:        8129240 kB
MemFree:         3288788 kB
MemAvailable:    3484232 kB
Buffers:            6208 kB
Cached:           305428 kB
SwapCached:        77952 kB
Active:          3350048 kB
Inactive:         639712 kB
Active(anon):    3212904 kB
Inactive(anon):   521124 kB
Active(file):     137144 kB
Inactive(file):   118588 kB
Unevictable:          16 kB
Mlocked:              16 kB
SwapTotal:       4194300 kB
SwapFree:        3995028 kB
Zswap:                 0 kB
Zswapped:              0 kB
Dirty:               612 kB
Writeback:             0 kB
AnonPages:       3604808 kB
Mapped:           253484 kB
Shmem:             55964 kB
KReclaimable:      56608 kB
Slab:             345184 kB
SReclaimable:      56608 kB
SUnreclaim:       288576 kB
KernelStack:       19056 kB
PageTables:        64608 kB
SecPageTables:         0 kB
NFS_Unstable:          0 kB
Bounce:                0 kB
WritebackTmp:          0 kB
CommitLimit:     8258920 kB
Committed_AS:   12001172 kB
VmallocTotal:   34359738367 kB
VmallocUsed:       47288 kB
VmallocChunk:          0 kB
Percpu:            13280 kB
HardwareCorrupted:     0 kB
AnonHugePages:      8192 kB
ShmemHugePages:        0 kB
ShmemPmdMapped:        0 kB
FileHugePages:         0 kB
FilePmdMapped:         0 kB
CmaTotal:              0 kB
CmaFree:               0 kB
Unaccepted:            0 kB
Balloon:               0 kB
HugePages_Total:       0
HugePages_Free:        0
HugePages_Rsvd:        0
HugePages_Surp:        0
Hugepagesize:       2048 kB
Hugetlb:               0 kB
DirectMap4k:      194432 kB
DirectMap2M:     6096896 kB
DirectMap1G:     4194304 kB
---SNAPSHOT---
2026-04-27 01:58:10
MemTotal:        8129240 kB
MemFree:         3278700 kB
MemAvailable:    3474376 kB
Buffers:            6216 kB
Cached:           305424 kB
SwapCached:        77952 kB
Active:          3390680 kB
Inactive:         639716 kB
Active(anon):    3253536 kB
Inactive(anon):   521124 kB
Active(file):     137144 kB
Inactive(file):   118592 kB
Unevictable:          16 kB
Mlocked:              16 kB
SwapTotal:       4194300 kB
SwapFree:        3995028 kB
Zswap:                 0 kB
Zswapped:              0 kB
Dirty:               616 kB
Writeback:             0 kB
AnonPages:       3638808 kB
Mapped:           253484 kB
Shmem:             55964 kB
KReclaimable:      56608 kB
Slab:             297404 kB
SReclaimable:      56608 kB
SUnreclaim:       240796 kB
KernelStack:       19056 kB
PageTables:        62432 kB
SecPageTables:         0 kB
NFS_Unstable:          0 kB
Bounce:                0 kB
WritebackTmp:          0 kB
CommitLimit:     8258920 kB
Committed_AS:   12308504 kB
VmallocTotal:   34359738367 kB
VmallocUsed:       47272 kB
VmallocChunk:          0 kB
Percpu:            13280 kB
HardwareCorrupted:     0 kB
AnonHugePages:      8192 kB
ShmemHugePages:        0 kB
ShmemPmdMapped:        0 kB
FileHugePages:         0 kB
FilePmdMapped:         0 kB
CmaTotal:              0 kB
CmaFree:               0 kB
Unaccepted:            0 kB
Balloon:               0 kB
HugePages_Total:       0
HugePages_Free:        0
HugePages_Rsvd:        0
HugePages_Surp:        0
Hugepagesize:       2048 kB
Hugetlb:               0 kB
DirectMap4k:      194432 kB
DirectMap2M:     6096896 kB
DirectMap1G:     4194304 kB
---SNAPSHOT---
2026-04-27 01:58:11
MemTotal:        8129240 kB
MemFree:         2608764 kB
MemAvailable:    2804224 kB
Buffers:            6216 kB
Cached:           305436 kB
SwapCached:        77952 kB
Active:          4138840 kB
Inactive:         639728 kB
Active(anon):    4001696 kB
Inactive(anon):   521124 kB
Active(file):     137144 kB
Inactive(file):   118604 kB
Unevictable:          16 kB
Mlocked:              16 kB
SwapTotal:       4194300 kB
SwapFree:        3995028 kB
Zswap:                 0 kB
Zswapped:              0 kB
Dirty:               628 kB
Writeback:             0 kB
AnonPages:       4393656 kB
Mapped:           253484 kB
Shmem:             55964 kB
KReclaimable:      56608 kB
Slab:             332392 kB
SReclaimable:      56608 kB
SUnreclaim:       275784 kB
KernelStack:       19056 kB
PageTables:        63760 kB
SecPageTables:         0 kB
NFS_Unstable:          0 kB
Bounce:                0 kB
WritebackTmp:          0 kB
CommitLimit:     8258920 kB
Committed_AS:   12433980 kB
VmallocTotal:   34359738367 kB
VmallocUsed:       47240 kB
VmallocChunk:          0 kB
Percpu:            13280 kB
HardwareCorrupted:     0 kB
AnonHugePages:      8192 kB
ShmemHugePages:        0 kB
ShmemPmdMapped:        0 kB
FileHugePages:         0 kB
FilePmdMapped:         0 kB
CmaTotal:              0 kB
CmaFree:               0 kB
Unaccepted:            0 kB
Balloon:               0 kB
HugePages_Total:       0
HugePages_Free:        0
HugePages_Rsvd:        0
HugePages_Surp:        0
Hugepagesize:       2048 kB
Hugetlb:               0 kB
DirectMap4k:      194432 kB
DirectMap2M:     6096896 kB
DirectMap1G:     4194304 kB
---SNAPSHOT---
2026-04-27 01:58:12
MemTotal:        8129240 kB
MemFree:         3642188 kB
MemAvailable:    3837656 kB
Buffers:            6216 kB
Cached:           305444 kB
SwapCached:       248496 kB
Active:          2897712 kB
Inactive:         808912 kB
Active(anon):    2760568 kB
Inactive(anon):   690300 kB
Active(file):     137144 kB
Inactive(file):   118612 kB
Unevictable:          16 kB
Mlocked:              16 kB
SwapTotal:       4194300 kB
SwapFree:        3824376 kB
Zswap:                 0 kB
Zswapped:              0 kB
Dirty:               636 kB
Writeback:          1140 kB
AnonPages:       3153200 kB
Mapped:           253484 kB
Shmem:             55964 kB
KReclaimable:      56608 kB
Slab:             324724 kB
SReclaimable:      56608 kB
SUnreclaim:       268116 kB
KernelStack:       19056 kB
PageTables:        62272 kB
SecPageTables:         0 kB
NFS_Unstable:          0 kB
Bounce:                0 kB
WritebackTmp:          0 kB
CommitLimit:     8258920 kB
Committed_AS:   12517868 kB
VmallocTotal:   34359738367 kB
VmallocUsed:       47256 kB
VmallocChunk:          0 kB
Percpu:            13280 kB
HardwareCorrupted:     0 kB
AnonHugePages:      8192 kB
ShmemHugePages:        0 kB
ShmemPmdMapped:        0 kB
FileHugePages:         0 kB
FilePmdMapped:         0 kB
CmaTotal:              0 kB
CmaFree:               0 kB
Unaccepted:            0 kB
Balloon:               0 kB
HugePages_Total:       0
HugePages_Free:        0
HugePages_Rsvd:        0
HugePages_Surp:        0
Hugepagesize:       2048 kB
Hugetlb:               0 kB
DirectMap4k:      194432 kB
DirectMap2M:     6096896 kB
DirectMap1G:     4194304 kB
---SNAPSHOT---
2026-04-27 01:58:13
MemTotal:        8129240 kB
MemFree:         3359916 kB
MemAvailable:    3555420 kB
Buffers:            6216 kB
Cached:           305448 kB
SwapCached:       825268 kB
Active:          2557076 kB
Inactive:        1386776 kB
Active(anon):    2419932 kB
Inactive(anon):  1268160 kB
Active(file):     137144 kB
Inactive(file):   118616 kB
Unevictable:          16 kB
Mlocked:              16 kB
SwapTotal:       4194300 kB
SwapFree:        3247868 kB
Zswap:                 0 kB
Zswapped:              0 kB
Dirty:               640 kB
Writeback:           208 kB
AnonPages:       2811504 kB
Mapped:           253484 kB
Shmem:             55964 kB
KReclaimable:      56640 kB
Slab:             318256 kB
SReclaimable:      56640 kB
SUnreclaim:       261616 kB
KernelStack:       19104 kB
PageTables:        62528 kB
SecPageTables:         0 kB
NFS_Unstable:          0 kB
Bounce:                0 kB
WritebackTmp:          0 kB
CommitLimit:     8258920 kB
Committed_AS:   12607104 kB
VmallocTotal:   34359738367 kB
VmallocUsed:       47288 kB
VmallocChunk:          0 kB
Percpu:            13280 kB
HardwareCorrupted:     0 kB
AnonHugePages:      8192 kB
ShmemHugePages:        0 kB
ShmemPmdMapped:        0 kB
FileHugePages:         0 kB
FilePmdMapped:         0 kB
CmaTotal:              0 kB
CmaFree:               0 kB
Unaccepted:            0 kB
Balloon:               0 kB
HugePages_Total:       0
HugePages_Free:        0
HugePages_Rsvd:        0
HugePages_Surp:        0
Hugepagesize:       2048 kB
Hugetlb:               0 kB
DirectMap4k:      194432 kB
DirectMap2M:     6096896 kB
DirectMap1G:     4194304 kB
---SNAPSHOT---
2026-04-27 01:58:14
MemTotal:        8129240 kB
MemFree:         3565844 kB
MemAvailable:    3761356 kB
Buffers:            6216 kB
Cached:           305456 kB
SwapCached:        78064 kB
Active:          3124828 kB
Inactive:         639956 kB
Active(anon):    2987684 kB
Inactive(anon):   521332 kB
Active(file):     137144 kB
Inactive(file):   118624 kB
Unevictable:          16 kB
Mlocked:              16 kB
SwapTotal:       4194300 kB
SwapFree:        3995028 kB
Zswap:                 0 kB
Zswapped:              0 kB
Dirty:               648 kB
Writeback:             0 kB
AnonPages:       3379364 kB
Mapped:           253484 kB
Shmem:             55964 kB
KReclaimable:      56640 kB
Slab:             327440 kB
SReclaimable:      56640 kB
SUnreclaim:       270800 kB
KernelStack:       18996 kB
PageTables:        61968 kB
SecPageTables:         0 kB
NFS_Unstable:          0 kB
Bounce:                0 kB
WritebackTmp:          0 kB
CommitLimit:     8258920 kB
Committed_AS:   12274184 kB
VmallocTotal:   34359738367 kB
VmallocUsed:       47208 kB
VmallocChunk:          0 kB
Percpu:            13280 kB
HardwareCorrupted:     0 kB
AnonHugePages:      8192 kB
ShmemHugePages:        0 kB
ShmemPmdMapped:        0 kB
FileHugePages:         0 kB
FilePmdMapped:         0 kB
CmaTotal:              0 kB
CmaFree:               0 kB
Unaccepted:            0 kB
Balloon:               0 kB
HugePages_Total:       0
HugePages_Free:        0
HugePages_Rsvd:        0
HugePages_Surp:        0
Hugepagesize:       2048 kB
Hugetlb:               0 kB
DirectMap4k:      194432 kB
DirectMap2M:     6096896 kB
DirectMap1G:     4194304 kB
---SNAPSHOT---
2026-04-27 01:58:15
MemTotal:        8129240 kB
MemFree:         2964148 kB
MemAvailable:    3159664 kB
Buffers:            6224 kB
Cached:           305452 kB
SwapCached:        77952 kB
Active:          3312688 kB
Inactive:         639752 kB
Active(anon):    3175544 kB
Inactive(anon):   521124 kB
Active(file):     137144 kB
Inactive(file):   118628 kB
Unevictable:      466960 kB
Mlocked:          467144 kB
SwapTotal:       4194300 kB
SwapFree:        3995028 kB
Zswap:                 0 kB
Zswapped:              0 kB
Dirty:               652 kB
Writeback:             0 kB
AnonPages:       4034044 kB
Mapped:           253484 kB
Shmem:             55964 kB
KReclaimable:      56640 kB
Slab:             307440 kB
SReclaimable:      56640 kB
SUnreclaim:       250800 kB
KernelStack:       19056 kB
PageTables:        63420 kB
SecPageTables:         0 kB
NFS_Unstable:          0 kB
Bounce:                0 kB
WritebackTmp:          0 kB
CommitLimit:     8258920 kB
Committed_AS:   12082496 kB
VmallocTotal:   34359738367 kB
VmallocUsed:       47208 kB
VmallocChunk:          0 kB
Percpu:            13280 kB
HardwareCorrupted:     0 kB
AnonHugePages:      8192 kB
ShmemHugePages:        0 kB
ShmemPmdMapped:        0 kB
FileHugePages:         0 kB
FilePmdMapped:         0 kB
CmaTotal:              0 kB
CmaFree:               0 kB
Unaccepted:            0 kB
Balloon:               0 kB
HugePages_Total:       0
HugePages_Free:        0
HugePages_Rsvd:        0
HugePages_Surp:        0
Hugepagesize:       2048 kB
Hugetlb:               0 kB
DirectMap4k:      194432 kB
DirectMap2M:     6096896 kB
DirectMap1G:     4194304 kB
---SNAPSHOT---
2026-04-27 01:58:16
MemTotal:        8129240 kB
MemFree:         3734380 kB
MemAvailable:    3929908 kB
Buffers:            6224 kB
Cached:           305464 kB
SwapCached:        77952 kB
Active:          2864600 kB
Inactive:         639764 kB
Active(anon):    2727456 kB
Inactive(anon):   521124 kB
Active(file):     137144 kB
Inactive(file):   118640 kB
Unevictable:          44 kB
Mlocked:             316 kB
SwapTotal:       4194300 kB
SwapFree:        3995028 kB
Zswap:                 0 kB
Zswapped:              0 kB
Dirty:               656 kB
Writeback:             0 kB
AnonPages:       3119040 kB
Mapped:           253484 kB
Shmem:             55964 kB
KReclaimable:      56640 kB
Slab:             319144 kB
SReclaimable:      56640 kB
SUnreclaim:       262504 kB
KernelStack:       19056 kB
PageTables:        60776 kB
SecPageTables:         0 kB
NFS_Unstable:          0 kB
Bounce:                0 kB
WritebackTmp:          0 kB
CommitLimit:     8258920 kB
Committed_AS:   12495108 kB
VmallocTotal:   34359738367 kB
VmallocUsed:       47224 kB
VmallocChunk:          0 kB
Percpu:            13280 kB
HardwareCorrupted:     0 kB
AnonHugePages:      8192 kB
ShmemHugePages:        0 kB
ShmemPmdMapped:        0 kB
FileHugePages:         0 kB
FilePmdMapped:         0 kB
CmaTotal:              0 kB
CmaFree:               0 kB
Unaccepted:            0 kB
Balloon:               0 kB
HugePages_Total:       0
HugePages_Free:        0
HugePages_Rsvd:        0
HugePages_Surp:        0
Hugepagesize:       2048 kB
Hugetlb:               0 kB
DirectMap4k:      194432 kB
DirectMap2M:     6096896 kB
DirectMap1G:     4194304 kB
---SNAPSHOT---
2026-04-27 01:58:17
MemTotal:        8129240 kB
MemFree:         4182916 kB
MemAvailable:    4378452 kB
Buffers:            6224 kB
Cached:           305472 kB
SwapCached:        77952 kB
Active:          2520440 kB
Inactive:         639772 kB
Active(anon):    2383296 kB
Inactive(anon):   521124 kB
Active(file):     137144 kB
Inactive(file):   118648 kB
Unevictable:          16 kB
Mlocked:              16 kB
SwapTotal:       4194300 kB
SwapFree:        3995028 kB
Zswap:                 0 kB
Zswapped:              0 kB
Dirty:               664 kB
Writeback:             0 kB
AnonPages:       2774852 kB
Mapped:           253484 kB
Shmem:             55964 kB
KReclaimable:      56640 kB
Slab:             312844 kB
SReclaimable:      56640 kB
SUnreclaim:       256204 kB
KernelStack:       19056 kB
PageTables:        60344 kB
SecPageTables:         0 kB
NFS_Unstable:          0 kB
Bounce:                0 kB
WritebackTmp:          0 kB
CommitLimit:     8258920 kB
Committed_AS:   12152428 kB
VmallocTotal:   34359738367 kB
VmallocUsed:       47256 kB
VmallocChunk:          0 kB
Percpu:            13280 kB
HardwareCorrupted:     0 kB
AnonHugePages:      8192 kB
ShmemHugePages:        0 kB
ShmemPmdMapped:        0 kB
FileHugePages:         0 kB
FilePmdMapped:         0 kB
CmaTotal:              0 kB
CmaFree:               0 kB
Unaccepted:            0 kB
Balloon:               0 kB
HugePages_Total:       0
HugePages_Free:        0
HugePages_Rsvd:        0
HugePages_Surp:        0
Hugepagesize:       2048 kB
Hugetlb:               0 kB
DirectMap4k:      194432 kB
DirectMap2M:     6096896 kB
DirectMap1G:     4194304 kB
---SNAPSHOT---
2026-04-27 01:58:18
MemTotal:        8129240 kB
MemFree:         3771388 kB
MemAvailable:    3966928 kB
Buffers:            6224 kB
Cached:           305476 kB
SwapCached:        77952 kB
Active:          2949728 kB
Inactive:         639776 kB
Active(anon):    2812584 kB
Inactive(anon):   521124 kB
Active(file):     137144 kB
Inactive(file):   118652 kB
Unevictable:          16 kB
Mlocked:              16 kB
SwapTotal:       4194300 kB
SwapFree:        3995028 kB
Zswap:                 0 kB
Zswapped:              0 kB
Dirty:               668 kB
Writeback:             0 kB
AnonPages:       3204324 kB
Mapped:           253484 kB
Shmem:             55964 kB
KReclaimable:      56640 kB
Slab:             312320 kB
SReclaimable:      56640 kB
SUnreclaim:       255680 kB
KernelStack:       19040 kB
PageTables:        61036 kB
SecPageTables:         0 kB
NFS_Unstable:          0 kB
Bounce:                0 kB
WritebackTmp:          0 kB
CommitLimit:     8258920 kB
Committed_AS:   12267092 kB
VmallocTotal:   34359738367 kB
VmallocUsed:       47224 kB
VmallocChunk:          0 kB
Percpu:            13280 kB
HardwareCorrupted:     0 kB
AnonHugePages:      8192 kB
ShmemHugePages:        0 kB
ShmemPmdMapped:        0 kB
FileHugePages:         0 kB
FilePmdMapped:         0 kB
CmaTotal:              0 kB
CmaFree:               0 kB
Unaccepted:            0 kB
Balloon:               0 kB
HugePages_Total:       0
HugePages_Free:        0
HugePages_Rsvd:        0
HugePages_Surp:        0
Hugepagesize:       2048 kB
Hugetlb:               0 kB
DirectMap4k:      194432 kB
DirectMap2M:     6096896 kB
DirectMap1G:     4194304 kB
---SNAPSHOT---
2026-04-27 01:58:19
MemTotal:        8129240 kB
MemFree:         3878716 kB
MemAvailable:    4074036 kB
Buffers:            6224 kB
Cached:           305484 kB
SwapCached:        77952 kB
Active:          2601932 kB
Inactive:         639784 kB
Active(anon):    2464788 kB
Inactive(anon):   521124 kB
Active(file):     137144 kB
Inactive(file):   118660 kB
Unevictable:      193360 kB
Mlocked:          193588 kB
SwapTotal:       4194300 kB
SwapFree:        3995028 kB
Zswap:                 0 kB
Zswapped:              0 kB
Dirty:               676 kB
Writeback:             0 kB
AnonPages:       3050176 kB
Mapped:           253712 kB
Shmem:             55964 kB
KReclaimable:      56640 kB
Slab:             311340 kB
SReclaimable:      56640 kB
SUnreclaim:       254700 kB
KernelStack:       19056 kB
PageTables:        60776 kB
SecPageTables:         0 kB
NFS_Unstable:          0 kB
Bounce:                0 kB
WritebackTmp:          0 kB
CommitLimit:     8258920 kB
Committed_AS:   12360660 kB
VmallocTotal:   34359738367 kB
VmallocUsed:       47240 kB
VmallocChunk:          0 kB
Percpu:            13280 kB
HardwareCorrupted:     0 kB
AnonHugePages:      8192 kB
ShmemHugePages:        0 kB
ShmemPmdMapped:        0 kB
FileHugePages:         0 kB
FilePmdMapped:         0 kB
CmaTotal:              0 kB
CmaFree:               0 kB
Unaccepted:            0 kB
Balloon:               0 kB
HugePages_Total:       0
HugePages_Free:        0
HugePages_Rsvd:        0
HugePages_Surp:        0
Hugepagesize:       2048 kB
Hugetlb:               0 kB
DirectMap4k:      194432 kB
DirectMap2M:     6096896 kB
DirectMap1G:     4194304 kB
---SNAPSHOT---
2026-04-27 01:58:20
MemTotal:        8129240 kB
MemFree:         3638484 kB
MemAvailable:    3834068 kB
Buffers:            6232 kB
Cached:           305480 kB
SwapCached:        77952 kB
Active:          3039760 kB
Inactive:         639788 kB
Active(anon):    2902616 kB
Inactive(anon):   521124 kB
Active(file):     137144 kB
Inactive(file):   118664 kB
Unevictable:         160 kB
Mlocked:             160 kB
SwapTotal:       4194300 kB
SwapFree:        3995028 kB
Zswap:                 0 kB
Zswapped:              0 kB
Dirty:               680 kB
Writeback:             0 kB
AnonPages:       3294560 kB
Mapped:           253484 kB
Shmem:             55964 kB
KReclaimable:      56672 kB
Slab:             312748 kB
SReclaimable:      56672 kB
SUnreclaim:       256076 kB
KernelStack:       19056 kB
PageTables:        61208 kB
SecPageTables:         0 kB
NFS_Unstable:          0 kB
Bounce:                0 kB
WritebackTmp:          0 kB
CommitLimit:     8258920 kB
Committed_AS:   11909496 kB
VmallocTotal:   34359738367 kB
VmallocUsed:       47224 kB
VmallocChunk:          0 kB
Percpu:            13280 kB
HardwareCorrupted:     0 kB
AnonHugePages:      8192 kB
ShmemHugePages:        0 kB
ShmemPmdMapped:        0 kB
FileHugePages:         0 kB
FilePmdMapped:         0 kB
CmaTotal:              0 kB
CmaFree:               0 kB
Unaccepted:            0 kB
Balloon:               0 kB
HugePages_Total:       0
HugePages_Free:        0
HugePages_Rsvd:        0
HugePages_Surp:        0
Hugepagesize:       2048 kB
Hugetlb:               0 kB
DirectMap4k:      194432 kB
DirectMap2M:     6096896 kB
DirectMap1G:     4194304 kB
---SNAPSHOT---
2026-04-27 01:58:21
MemTotal:        8129240 kB
MemFree:         3439296 kB
MemAvailable:    3634892 kB
Buffers:            6232 kB
Cached:           305492 kB
SwapCached:       560616 kB
Active:          2793404 kB
Inactive:        1120936 kB
Active(anon):    2656260 kB
Inactive(anon):  1002260 kB
Active(file):     137144 kB
Inactive(file):   118676 kB
Unevictable:          20 kB
Mlocked:              20 kB
SwapTotal:       4194300 kB
SwapFree:        3512212 kB
Zswap:                 0 kB
Zswapped:              0 kB
Dirty:               684 kB
Writeback:          1188 kB
AnonPages:       3048544 kB
Mapped:           253712 kB
Shmem:             55964 kB
KReclaimable:      56672 kB
Slab:             313972 kB
SReclaimable:      56672 kB
SUnreclaim:       257300 kB
KernelStack:       19056 kB
PageTables:        62232 kB
SecPageTables:         0 kB
NFS_Unstable:          0 kB
Bounce:                0 kB
WritebackTmp:          0 kB
CommitLimit:     8258920 kB
Committed_AS:   12455768 kB
VmallocTotal:   34359738367 kB
VmallocUsed:       47224 kB
VmallocChunk:          0 kB
Percpu:            13280 kB
HardwareCorrupted:     0 kB
AnonHugePages:      8192 kB
ShmemHugePages:        0 kB
ShmemPmdMapped:        0 kB
FileHugePages:         0 kB
FilePmdMapped:         0 kB
CmaTotal:              0 kB
CmaFree:               0 kB
Unaccepted:            0 kB
Balloon:               0 kB
HugePages_Total:       0
HugePages_Free:        0
HugePages_Rsvd:        0
HugePages_Surp:        0
Hugepagesize:       2048 kB
Hugetlb:               0 kB
DirectMap4k:      194432 kB
DirectMap2M:     6096896 kB
DirectMap1G:     4194304 kB
---SNAPSHOT---
2026-04-27 01:58:22
MemTotal:        8129240 kB
MemFree:         4084576 kB
MemAvailable:    4280180 kB
Buffers:            6232 kB
Cached:           305500 kB
SwapCached:        99456 kB
Active:          2776688 kB
Inactive:         641312 kB
Active(anon):    2639544 kB
Inactive(anon):   522628 kB
Active(file):     137144 kB
Inactive(file):   118684 kB
Unevictable:          20 kB
Mlocked:              20 kB
SwapTotal:       4194300 kB
SwapFree:        3973524 kB
Zswap:                 0 kB
Zswapped:              0 kB
Dirty:               692 kB
Writeback:         19968 kB
AnonPages:       3011572 kB
Mapped:           253584 kB
Shmem:             55964 kB
KReclaimable:      56672 kB
Slab:             315268 kB
SReclaimable:      56672 kB
SUnreclaim:       258596 kB
KernelStack:       19056 kB
PageTables:        62488 kB
SecPageTables:         0 kB
NFS_Unstable:          0 kB
Bounce:                0 kB
WritebackTmp:          0 kB
CommitLimit:     8258920 kB
Committed_AS:   11838036 kB
VmallocTotal:   34359738367 kB
VmallocUsed:       47224 kB
VmallocChunk:          0 kB
Percpu:            13280 kB
HardwareCorrupted:     0 kB
AnonHugePages:      8192 kB
ShmemHugePages:        0 kB
ShmemPmdMapped:        0 kB
FileHugePages:         0 kB
FilePmdMapped:         0 kB
CmaTotal:              0 kB
CmaFree:               0 kB
Unaccepted:            0 kB
Balloon:               0 kB
HugePages_Total:       0
HugePages_Free:        0
HugePages_Rsvd:        0
HugePages_Surp:        0
Hugepagesize:       2048 kB
Hugetlb:               0 kB
DirectMap4k:      194432 kB
DirectMap2M:     6096896 kB
DirectMap1G:     4194304 kB
---SNAPSHOT---
2026-04-27 01:58:23
MemTotal:        8129240 kB
MemFree:         3933276 kB
MemAvailable:    4128884 kB
Buffers:            6232 kB
Cached:           305504 kB
SwapCached:        99456 kB
Active:          2422824 kB
Inactive:         651804 kB
Active(anon):    2285680 kB
Inactive(anon):   533116 kB
Active(file):     137144 kB
Inactive(file):   118688 kB
Unevictable:      506176 kB
Mlocked:          506176 kB
SwapTotal:       4194300 kB
SwapFree:        3973524 kB
Zswap:                 0 kB
Zswapped:              0 kB
Dirty:               696 kB
Writeback:          9252 kB
AnonPages:       3167920 kB
Mapped:           253484 kB
Shmem:             55964 kB
KReclaimable:      56672 kB
Slab:             303344 kB
SReclaimable:      56672 kB
SUnreclaim:       246672 kB
KernelStack:       19056 kB
PageTables:        62560 kB
SecPageTables:         0 kB
NFS_Unstable:          0 kB
Bounce:                0 kB
WritebackTmp:          0 kB
CommitLimit:     8258920 kB
Committed_AS:   11823408 kB
VmallocTotal:   34359738367 kB
VmallocUsed:       47240 kB
VmallocChunk:          0 kB
Percpu:            13280 kB
HardwareCorrupted:     0 kB
AnonHugePages:      8192 kB
ShmemHugePages:        0 kB
ShmemPmdMapped:        0 kB
FileHugePages:         0 kB
FilePmdMapped:         0 kB
CmaTotal:              0 kB
CmaFree:               0 kB
Unaccepted:            0 kB
Balloon:               0 kB
HugePages_Total:       0
HugePages_Free:        0
HugePages_Rsvd:        0
HugePages_Surp:        0
Hugepagesize:       2048 kB
Hugetlb:               0 kB
DirectMap4k:      194432 kB
DirectMap2M:     6096896 kB
DirectMap1G:     4194304 kB
---SNAPSHOT---
2026-04-27 01:58:24
MemTotal:        8129240 kB
MemFree:         3915672 kB
MemAvailable:    4111288 kB
Buffers:            6232 kB
Cached:           305512 kB
SwapCached:        99456 kB
Active:          2815568 kB
Inactive:         661288 kB
Active(anon):    2678424 kB
Inactive(anon):   542592 kB
Active(file):     137144 kB
Inactive(file):   118696 kB
Unevictable:         244 kB
Mlocked:             244 kB
SwapTotal:       4194300 kB
SwapFree:        3973524 kB
Zswap:                 0 kB
Zswapped:              0 kB
Dirty:               704 kB
Writeback:             0 kB
AnonPages:       3069916 kB
Mapped:           253564 kB
Shmem:             55964 kB
KReclaimable:      56672 kB
Slab:             315336 kB
SReclaimable:      56672 kB
SUnreclaim:       258664 kB
KernelStack:       19040 kB
PageTables:        62024 kB
SecPageTables:         0 kB
NFS_Unstable:          0 kB
Bounce:                0 kB
WritebackTmp:          0 kB
CommitLimit:     8258920 kB
Committed_AS:   12470756 kB
VmallocTotal:   34359738367 kB
VmallocUsed:       47224 kB
VmallocChunk:          0 kB
Percpu:            13280 kB
HardwareCorrupted:     0 kB
AnonHugePages:      8192 kB
ShmemHugePages:        0 kB
ShmemPmdMapped:        0 kB
FileHugePages:         0 kB
FilePmdMapped:         0 kB
CmaTotal:              0 kB
CmaFree:               0 kB
Unaccepted:            0 kB
Balloon:               0 kB
HugePages_Total:       0
HugePages_Free:        0
HugePages_Rsvd:        0
HugePages_Surp:        0
Hugepagesize:       2048 kB
Hugetlb:               0 kB
DirectMap4k:      194432 kB
DirectMap2M:     6096896 kB
DirectMap1G:     4194304 kB
---SNAPSHOT---
2026-04-27 01:58:25
MemTotal:        8129240 kB
MemFree:         3552456 kB
MemAvailable:    3748076 kB
Buffers:            6240 kB
Cached:           305512 kB
SwapCached:        99456 kB
Active:          3214552 kB
Inactive:         661292 kB
Active(anon):    3077408 kB
Inactive(anon):   542592 kB
Active(file):     137144 kB
Inactive(file):   118700 kB
Unevictable:          16 kB
Mlocked:              16 kB
SwapTotal:       4194300 kB
SwapFree:        3973524 kB
Zswap:                 0 kB
Zswapped:              0 kB
Dirty:               708 kB
Writeback:             0 kB
AnonPages:       3469256 kB
Mapped:           253584 kB
Shmem:             55964 kB
KReclaimable:      56672 kB
Slab:             315212 kB
SReclaimable:      56672 kB
SUnreclaim:       258540 kB
KernelStack:       19040 kB
PageTables:        62220 kB
SecPageTables:         0 kB
NFS_Unstable:          0 kB
Bounce:                0 kB
WritebackTmp:          0 kB
CommitLimit:     8258920 kB
Committed_AS:   11921648 kB
VmallocTotal:   34359738367 kB
VmallocUsed:       47224 kB
VmallocChunk:          0 kB
Percpu:            13280 kB
HardwareCorrupted:     0 kB
AnonHugePages:      8192 kB
ShmemHugePages:        0 kB
ShmemPmdMapped:        0 kB
FileHugePages:         0 kB
FilePmdMapped:         0 kB
CmaTotal:              0 kB
CmaFree:               0 kB
Unaccepted:            0 kB
Balloon:               0 kB
HugePages_Total:       0
HugePages_Free:        0
HugePages_Rsvd:        0
HugePages_Surp:        0
Hugepagesize:       2048 kB
Hugetlb:               0 kB
DirectMap4k:      194432 kB
DirectMap2M:     6096896 kB
DirectMap1G:     4194304 kB
---SNAPSHOT---
2026-04-27 01:58:26
MemTotal:        8129240 kB
MemFree:         3939424 kB
MemAvailable:    4135056 kB
Buffers:            6240 kB
Cached:           305520 kB
SwapCached:        99456 kB
Active:          2796176 kB
Inactive:         661340 kB
Active(anon):    2659032 kB
Inactive(anon):   542628 kB
Active(file):     137144 kB
Inactive(file):   118712 kB
Unevictable:          16 kB
Mlocked:              16 kB
SwapTotal:       4194300 kB
SwapFree:        3973524 kB
Zswap:                 0 kB
Zswapped:              0 kB
Dirty:               712 kB
Writeback:             0 kB
AnonPages:       3051036 kB
Mapped:           253712 kB
Shmem:             55964 kB
KReclaimable:      56672 kB
Slab:             318916 kB
SReclaimable:      56672 kB
SUnreclaim:       262244 kB
KernelStack:       19040 kB
PageTables:        61132 kB
SecPageTables:         0 kB
NFS_Unstable:          0 kB
Bounce:                0 kB
WritebackTmp:          0 kB
CommitLimit:     8258920 kB
Committed_AS:   12155980 kB
VmallocTotal:   34359738367 kB
VmallocUsed:       47208 kB
VmallocChunk:          0 kB
Percpu:            13280 kB
HardwareCorrupted:     0 kB
AnonHugePages:      8192 kB
ShmemHugePages:        0 kB
ShmemPmdMapped:        0 kB
FileHugePages:         0 kB
FilePmdMapped:         0 kB
CmaTotal:              0 kB
CmaFree:               0 kB
Unaccepted:            0 kB
Balloon:               0 kB
HugePages_Total:       0
HugePages_Free:        0
HugePages_Rsvd:        0
HugePages_Surp:        0
Hugepagesize:       2048 kB
Hugetlb:               0 kB
DirectMap4k:      194432 kB
DirectMap2M:     6096896 kB
DirectMap1G:     4194304 kB
---SNAPSHOT---
2026-04-27 01:58:27
MemTotal:        8129240 kB
MemFree:         4364228 kB
MemAvailable:    4559868 kB
Buffers:            6240 kB
Cached:           305532 kB
SwapCached:        99456 kB
Active:          2427236 kB
Inactive:         661348 kB
Active(anon):    2290092 kB
Inactive(anon):   542628 kB
Active(file):     137144 kB
Inactive(file):   118720 kB
Unevictable:          16 kB
Mlocked:              16 kB
SwapTotal:       4194300 kB
SwapFree:        3973524 kB
Zswap:                 0 kB
Zswapped:              0 kB
Dirty:               724 kB
Writeback:             0 kB
AnonPages:       2682040 kB
Mapped:           253484 kB
Shmem:             55964 kB
KReclaimable:      56672 kB
Slab:             309676 kB
SReclaimable:      56672 kB
SUnreclaim:       253004 kB
KernelStack:       19040 kB
PageTables:        60536 kB
SecPageTables:         0 kB
NFS_Unstable:          0 kB
Bounce:                0 kB
WritebackTmp:          0 kB
CommitLimit:     8258920 kB
Committed_AS:   11555688 kB
VmallocTotal:   34359738367 kB
VmallocUsed:       47240 kB
VmallocChunk:          0 kB
Percpu:            13280 kB
HardwareCorrupted:     0 kB
AnonHugePages:      8192 kB
ShmemHugePages:        0 kB
ShmemPmdMapped:        0 kB
FileHugePages:         0 kB
FilePmdMapped:         0 kB
CmaTotal:              0 kB
CmaFree:               0 kB
Unaccepted:            0 kB
Balloon:               0 kB
HugePages_Total:       0
HugePages_Free:        0
HugePages_Rsvd:        0
HugePages_Surp:        0
Hugepagesize:       2048 kB
Hugetlb:               0 kB
DirectMap4k:      194432 kB
DirectMap2M:     6096896 kB
DirectMap1G:     4194304 kB
---SNAPSHOT---
2026-04-27 01:58:28
MemTotal:        8129240 kB
MemFree:         3900612 kB
MemAvailable:    4096260 kB
Buffers:            6240 kB
Cached:           305536 kB
SwapCached:        99456 kB
Active:          2852732 kB
Inactive:         661356 kB
Active(anon):    2715588 kB
Inactive(anon):   542628 kB
Active(file):     137144 kB
Inactive(file):   118728 kB
Unevictable:          24 kB
Mlocked:              24 kB
SwapTotal:       4194300 kB
SwapFree:        3973524 kB
Zswap:                 0 kB
Zswapped:              0 kB
Dirty:               728 kB
Writeback:             0 kB
AnonPages:       3107508 kB
Mapped:           253484 kB
Shmem:             55964 kB
KReclaimable:      56672 kB
Slab:             312332 kB
SReclaimable:      56672 kB
SUnreclaim:       255660 kB
KernelStack:       19040 kB
PageTables:        61152 kB
SecPageTables:         0 kB
NFS_Unstable:          0 kB
Bounce:                0 kB
WritebackTmp:          0 kB
CommitLimit:     8258920 kB
Committed_AS:   11828132 kB
VmallocTotal:   34359738367 kB
VmallocUsed:       47208 kB
VmallocChunk:          0 kB
Percpu:            13280 kB
HardwareCorrupted:     0 kB
AnonHugePages:      8192 kB
ShmemHugePages:        0 kB
ShmemPmdMapped:        0 kB
FileHugePages:         0 kB
FilePmdMapped:         0 kB
CmaTotal:              0 kB
CmaFree:               0 kB
Unaccepted:            0 kB
Balloon:               0 kB
HugePages_Total:       0
HugePages_Free:        0
HugePages_Rsvd:        0
HugePages_Surp:        0
Hugepagesize:       2048 kB
Hugetlb:               0 kB
DirectMap4k:      194432 kB
DirectMap2M:     6096896 kB
DirectMap1G:     4194304 kB
---SNAPSHOT---
2026-04-27 01:58:29
MemTotal:        8129240 kB
MemFree:         3465420 kB
MemAvailable:    3661076 kB
Buffers:            6240 kB
Cached:           305544 kB
SwapCached:        99456 kB
Active:          3298956 kB
Inactive:         661364 kB
Active(anon):    3161812 kB
Inactive(anon):   542628 kB
Active(file):     137144 kB
Inactive(file):   118736 kB
Unevictable:          20 kB
Mlocked:              20 kB
SwapTotal:       4194300 kB
SwapFree:        3973524 kB
Zswap:                 0 kB
Zswapped:              0 kB
Dirty:               736 kB
Writeback:             0 kB
AnonPages:       3553684 kB
Mapped:           253484 kB
Shmem:             55964 kB
KReclaimable:      56672 kB
Slab:             316248 kB
SReclaimable:      56672 kB
SUnreclaim:       259576 kB
KernelStack:       19056 kB
PageTables:        62072 kB
SecPageTables:         0 kB
NFS_Unstable:          0 kB
Bounce:                0 kB
WritebackTmp:          0 kB
CommitLimit:     8258920 kB
Committed_AS:   12660640 kB
VmallocTotal:   34359738367 kB
VmallocUsed:       47240 kB
VmallocChunk:          0 kB
Percpu:            13280 kB
HardwareCorrupted:     0 kB
AnonHugePages:      8192 kB
ShmemHugePages:        0 kB
ShmemPmdMapped:        0 kB
FileHugePages:         0 kB
FilePmdMapped:         0 kB
CmaTotal:              0 kB
CmaFree:               0 kB
Unaccepted:            0 kB
Balloon:               0 kB
HugePages_Total:       0
HugePages_Free:        0
HugePages_Rsvd:        0
HugePages_Surp:        0
Hugepagesize:       2048 kB
Hugetlb:               0 kB
DirectMap4k:      194432 kB
DirectMap2M:     6096896 kB
DirectMap1G:     4194304 kB
---SNAPSHOT---
2026-04-27 01:58:30
MemTotal:        8129240 kB
MemFree:         3850616 kB
MemAvailable:    4046276 kB
Buffers:            6248 kB
Cached:           305540 kB
SwapCached:        99456 kB
Active:          2942452 kB
Inactive:         661368 kB
Active(anon):    2805308 kB
Inactive(anon):   542628 kB
Active(file):     137144 kB
Inactive(file):   118740 kB
Unevictable:          16 kB
Mlocked:              16 kB
SwapTotal:       4194300 kB
SwapFree:        3973524 kB
Zswap:                 0 kB
Zswapped:              0 kB
Dirty:               740 kB
Writeback:             0 kB
AnonPages:       3197296 kB
Mapped:           253484 kB
Shmem:             55964 kB
KReclaimable:      56672 kB
Slab:             314616 kB
SReclaimable:      56672 kB
SUnreclaim:       257944 kB
KernelStack:       19024 kB
PageTables:        61068 kB
SecPageTables:         0 kB
NFS_Unstable:          0 kB
Bounce:                0 kB
WritebackTmp:          0 kB
CommitLimit:     8258920 kB
Committed_AS:   11988660 kB
VmallocTotal:   34359738367 kB
VmallocUsed:       47272 kB
VmallocChunk:          0 kB
Percpu:            13280 kB
HardwareCorrupted:     0 kB
AnonHugePages:      8192 kB
ShmemHugePages:        0 kB
ShmemPmdMapped:        0 kB
FileHugePages:         0 kB
FilePmdMapped:         0 kB
CmaTotal:              0 kB
CmaFree:               0 kB
Unaccepted:            0 kB
Balloon:               0 kB
HugePages_Total:       0
HugePages_Free:        0
HugePages_Rsvd:        0
HugePages_Surp:        0
Hugepagesize:       2048 kB
Hugetlb:               0 kB
DirectMap4k:      194432 kB
DirectMap2M:     6096896 kB
DirectMap1G:     4194304 kB
---SNAPSHOT---
2026-04-27 01:58:31
MemTotal:        8129240 kB
MemFree:         3612444 kB
MemAvailable:    3808120 kB
Buffers:            6252 kB
Cached:           305552 kB
SwapCached:       691308 kB
Active:          2569020 kB
Inactive:        1252104 kB
Active(anon):    2431876 kB
Inactive(anon):  1133348 kB
Active(file):     137144 kB
Inactive(file):   118756 kB
Unevictable:          20 kB
Mlocked:              20 kB
SwapTotal:       4194300 kB
SwapFree:        3381652 kB
Zswap:                 0 kB
Zswapped:              0 kB
Dirty:               184 kB
Writeback:           928 kB
AnonPages:       2823380 kB
Mapped:           253484 kB
Shmem:             55964 kB
KReclaimable:      56672 kB
Slab:             314724 kB
SReclaimable:      56672 kB
SUnreclaim:       258052 kB
KernelStack:       19056 kB
PageTables:        61768 kB
SecPageTables:         0 kB
NFS_Unstable:          0 kB
Bounce:                0 kB
WritebackTmp:          0 kB
CommitLimit:     8258920 kB
Committed_AS:   11828072 kB
VmallocTotal:   34359738367 kB
VmallocUsed:       47256 kB
VmallocChunk:          0 kB
Percpu:            13280 kB
HardwareCorrupted:     0 kB
AnonHugePages:      8192 kB
ShmemHugePages:        0 kB
ShmemPmdMapped:        0 kB
FileHugePages:         0 kB
FilePmdMapped:         0 kB
CmaTotal:              0 kB
CmaFree:               0 kB
Unaccepted:            0 kB
Balloon:               0 kB
HugePages_Total:       0
HugePages_Free:        0
HugePages_Rsvd:        0
HugePages_Surp:        0
Hugepagesize:       2048 kB
Hugetlb:               0 kB
DirectMap4k:      194432 kB
DirectMap2M:     6096896 kB
DirectMap1G:     4194304 kB
---SNAPSHOT---
2026-04-27 01:58:32
MemTotal:        8129240 kB
MemFree:         3411668 kB
MemAvailable:    3607352 kB
Buffers:            6252 kB
Cached:           305560 kB
SwapCached:       832644 kB
Active:          2667008 kB
Inactive:        1372504 kB
Active(anon):    2529864 kB
Inactive(anon):  1253740 kB
Active(file):     137144 kB
Inactive(file):   118764 kB
Unevictable:          16 kB
Mlocked:              16 kB
SwapTotal:       4194300 kB
SwapFree:        3240336 kB
Zswap:                 0 kB
Zswapped:              0 kB
Dirty:               192 kB
Writeback:         22020 kB
AnonPages:       2901400 kB
Mapped:           253484 kB
Shmem:             55964 kB
KReclaimable:      56672 kB
Slab:             315568 kB
SReclaimable:      56672 kB
SUnreclaim:       258896 kB
KernelStack:       19040 kB
PageTables:        61692 kB
SecPageTables:         0 kB
NFS_Unstable:          0 kB
Bounce:                0 kB
WritebackTmp:          0 kB
CommitLimit:     8258920 kB
Committed_AS:   11703624 kB
VmallocTotal:   34359738367 kB
VmallocUsed:       47272 kB
VmallocChunk:          0 kB
Percpu:            13280 kB
HardwareCorrupted:     0 kB
AnonHugePages:      8192 kB
ShmemHugePages:        0 kB
ShmemPmdMapped:        0 kB
FileHugePages:         0 kB
FilePmdMapped:         0 kB
CmaTotal:              0 kB
CmaFree:               0 kB
Unaccepted:            0 kB
Balloon:               0 kB
HugePages_Total:       0
HugePages_Free:        0
HugePages_Rsvd:        0
HugePages_Surp:        0
Hugepagesize:       2048 kB
Hugetlb:               0 kB
DirectMap4k:      194432 kB
DirectMap2M:     6096896 kB
DirectMap1G:     4194304 kB
---SNAPSHOT---
2026-04-27 01:58:33
MemTotal:        8129240 kB
MemFree:         2765088 kB
MemAvailable:    2961004 kB
Buffers:            6252 kB
Cached:           305564 kB
SwapCached:       832644 kB
Active:          2833336 kB
Inactive:        1380652 kB
Active(anon):    2696192 kB
Inactive(anon):  1261884 kB
Active(file):     137144 kB
Inactive(file):   118768 kB
Unevictable:      396148 kB
Mlocked:          396024 kB
SwapTotal:       4194300 kB
SwapFree:        3240336 kB
Zswap:                 0 kB
Zswapped:              0 kB
Dirty:               196 kB
Writeback:         13884 kB
AnonPages:       3415808 kB
Mapped:           253484 kB
Shmem:             55964 kB
KReclaimable:      56672 kB
Slab:             309596 kB
SReclaimable:      56672 kB
SUnreclaim:       252924 kB
KernelStack:       19072 kB
PageTables:        63164 kB
SecPageTables:         0 kB
NFS_Unstable:          0 kB
Bounce:                0 kB
WritebackTmp:          0 kB
CommitLimit:     8258920 kB
Committed_AS:   12126800 kB
VmallocTotal:   34359738367 kB
VmallocUsed:       47304 kB
VmallocChunk:          0 kB
Percpu:            13280 kB
HardwareCorrupted:     0 kB
AnonHugePages:      8192 kB
ShmemHugePages:        0 kB
ShmemPmdMapped:        0 kB
FileHugePages:         0 kB
FilePmdMapped:         0 kB
CmaTotal:              0 kB
CmaFree:               0 kB
Unaccepted:            0 kB
Balloon:               0 kB
HugePages_Total:       0
HugePages_Free:        0
HugePages_Rsvd:        0
HugePages_Surp:        0
Hugepagesize:       2048 kB
Hugetlb:               0 kB
DirectMap4k:      194432 kB
DirectMap2M:     6096896 kB
DirectMap1G:     4194304 kB
---SNAPSHOT---
2026-04-27 01:58:34
MemTotal:        8129240 kB
MemFree:         3680888 kB
MemAvailable:    3876580 kB
Buffers:            6252 kB
Cached:           305572 kB
SwapCached:       848004 kB
Active:          2326068 kB
Inactive:        1385284 kB
Active(anon):    2188924 kB
Inactive(anon):  1266512 kB
Active(file):     137144 kB
Inactive(file):   118772 kB
Unevictable:         236 kB
Mlocked:             236 kB
SwapTotal:       4194300 kB
SwapFree:        3224976 kB
Zswap:                 0 kB
Zswapped:              0 kB
Dirty:               204 kB
Writeback:         24580 kB
AnonPages:       2558300 kB
Mapped:           253484 kB
Shmem:             55964 kB
KReclaimable:      56672 kB
Slab:             315012 kB
SReclaimable:      56672 kB
SUnreclaim:       258340 kB
KernelStack:       19040 kB
PageTables:        61200 kB
SecPageTables:         0 kB
NFS_Unstable:          0 kB
Bounce:                0 kB
WritebackTmp:          0 kB
CommitLimit:     8258920 kB
Committed_AS:   12309440 kB
VmallocTotal:   34359738367 kB
VmallocUsed:       47256 kB
VmallocChunk:          0 kB
Percpu:            13280 kB
HardwareCorrupted:     0 kB
AnonHugePages:      8192 kB
ShmemHugePages:        0 kB
ShmemPmdMapped:        0 kB
FileHugePages:         0 kB
FilePmdMapped:         0 kB
CmaTotal:              0 kB
CmaFree:               0 kB
Unaccepted:            0 kB
Balloon:               0 kB
HugePages_Total:       0
HugePages_Free:        0
HugePages_Rsvd:        0
HugePages_Surp:        0
Hugepagesize:       2048 kB
Hugetlb:               0 kB
DirectMap4k:      194432 kB
DirectMap2M:     6096896 kB
DirectMap1G:     4194304 kB
---SNAPSHOT---
2026-04-27 01:58:35
MemTotal:        8129240 kB
MemFree:         3606048 kB
MemAvailable:    3801752 kB
Buffers:            6264 kB
Cached:           305568 kB
SwapCached:       863364 kB
Active:          2417112 kB
Inactive:        1409780 kB
Active(anon):    2279968 kB
Inactive(anon):  1290996 kB
Active(file):     137144 kB
Inactive(file):   118784 kB
Unevictable:          16 kB
Mlocked:              16 kB
SwapTotal:       4194300 kB
SwapFree:        3209616 kB
Zswap:                 0 kB
Zswapped:              0 kB
Dirty:               196 kB
Writeback:         15472 kB
AnonPages:       2658212 kB
Mapped:           253584 kB
Shmem:             55964 kB
KReclaimable:      56672 kB
Slab:             312620 kB
SReclaimable:      56672 kB
SUnreclaim:       255948 kB
KernelStack:       19040 kB
PageTables:        61180 kB
SecPageTables:         0 kB
NFS_Unstable:          0 kB
Bounce:                0 kB
WritebackTmp:          0 kB
CommitLimit:     8258920 kB
Committed_AS:   11870200 kB
VmallocTotal:   34359738367 kB
VmallocUsed:       47304 kB
VmallocChunk:          0 kB
Percpu:            13280 kB
HardwareCorrupted:     0 kB
AnonHugePages:      8192 kB
ShmemHugePages:        0 kB
ShmemPmdMapped:        0 kB
FileHugePages:         0 kB
FilePmdMapped:         0 kB
CmaTotal:              0 kB
CmaFree:               0 kB
Unaccepted:            0 kB
Balloon:               0 kB
HugePages_Total:       0
HugePages_Free:        0
HugePages_Rsvd:        0
HugePages_Surp:        0
Hugepagesize:       2048 kB
Hugetlb:               0 kB
DirectMap4k:      194432 kB
DirectMap2M:     6096896 kB
DirectMap1G:     4194304 kB
---SNAPSHOT---
2026-04-27 01:58:39
MemTotal:        8129240 kB
MemFree:         4044776 kB
MemAvailable:    4240500 kB
Buffers:            6264 kB
Cached:           305592 kB
SwapCached:        99456 kB
Active:          2753672 kB
Inactive:         661432 kB
Active(anon):    2616528 kB
Inactive(anon):   542628 kB
Active(file):     137144 kB
Inactive(file):   118804 kB
Unevictable:          16 kB
Mlocked:              16 kB
SwapTotal:       4194300 kB
SwapFree:        3973524 kB
Zswap:                 0 kB
Zswapped:              0 kB
Dirty:                40 kB
Writeback:             0 kB
AnonPages:       3008176 kB
Mapped:           253484 kB
Shmem:             55964 kB
KReclaimable:      56672 kB
Slab:             315164 kB
SReclaimable:      56672 kB
SUnreclaim:       258492 kB
KernelStack:       19056 kB
PageTables:        60588 kB
SecPageTables:         0 kB
NFS_Unstable:          0 kB
Bounce:                0 kB
WritebackTmp:          0 kB
CommitLimit:     8258920 kB
Committed_AS:   11713920 kB
VmallocTotal:   34359738367 kB
VmallocUsed:       47320 kB
VmallocChunk:          0 kB
Percpu:            13280 kB
HardwareCorrupted:     0 kB
AnonHugePages:      8192 kB
ShmemHugePages:        0 kB
ShmemPmdMapped:        0 kB
FileHugePages:         0 kB
FilePmdMapped:         0 kB
CmaTotal:              0 kB
CmaFree:               0 kB
Unaccepted:            0 kB
Balloon:               0 kB
HugePages_Total:       0
HugePages_Free:        0
HugePages_Rsvd:        0
HugePages_Surp:        0
Hugepagesize:       2048 kB
Hugetlb:               0 kB
DirectMap4k:      194432 kB
DirectMap2M:     6096896 kB
DirectMap1G:     4194304 kB
---SNAPSHOT---
2026-04-27 01:58:40
MemTotal:        8129240 kB
MemFree:         3605112 kB
MemAvailable:    3800844 kB
Buffers:            6272 kB
Cached:           305592 kB
SwapCached:        99456 kB
Active:          3203800 kB
Inactive:         661440 kB
Active(anon):    3066656 kB
Inactive(anon):   542628 kB
Active(file):     137144 kB
Inactive(file):   118812 kB
Unevictable:          16 kB
Mlocked:              16 kB
SwapTotal:       4194300 kB
SwapFree:        3973524 kB
Zswap:                 0 kB
Zswapped:              0 kB
Dirty:                56 kB
Writeback:             0 kB
AnonPages:       3458360 kB
Mapped:           253484 kB
Shmem:             55964 kB
KReclaimable:      56672 kB
Slab:             315080 kB
SReclaimable:      56672 kB
SUnreclaim:       258408 kB
KernelStack:       19056 kB
PageTables:        61432 kB
SecPageTables:         0 kB
NFS_Unstable:          0 kB
Bounce:                0 kB
WritebackTmp:          0 kB
CommitLimit:     8258920 kB
Committed_AS:   12086764 kB
VmallocTotal:   34359738367 kB
VmallocUsed:       47352 kB
VmallocChunk:          0 kB
Percpu:            13280 kB
HardwareCorrupted:     0 kB
AnonHugePages:      8192 kB
ShmemHugePages:        0 kB
ShmemPmdMapped:        0 kB
FileHugePages:         0 kB
FilePmdMapped:         0 kB
CmaTotal:              0 kB
CmaFree:               0 kB
Unaccepted:            0 kB
Balloon:               0 kB
HugePages_Total:       0
HugePages_Free:        0
HugePages_Rsvd:        0
HugePages_Surp:        0
Hugepagesize:       2048 kB
Hugetlb:               0 kB
DirectMap4k:      194432 kB
DirectMap2M:     6096896 kB
DirectMap1G:     4194304 kB
---SNAPSHOT---
2026-04-27 01:58:41
MemTotal:        8129240 kB
MemFree:         3948404 kB
MemAvailable:    4144152 kB
Buffers:            6272 kB
Cached:           305604 kB
SwapCached:        99456 kB
Active:          2870900 kB
Inactive:         661456 kB
Active(anon):    2733756 kB
Inactive(anon):   542628 kB
Active(file):     137144 kB
Inactive(file):   118828 kB
Unevictable:          16 kB
Mlocked:              16 kB
SwapTotal:       4194300 kB
SwapFree:        3973524 kB
Zswap:                 0 kB
Zswapped:              0 kB
Dirty:                84 kB
Writeback:             0 kB
AnonPages:       3125436 kB
Mapped:           253484 kB
Shmem:             55964 kB
KReclaimable:      56672 kB
Slab:             315676 kB
SReclaimable:      56672 kB
SUnreclaim:       259004 kB
KernelStack:       19040 kB
PageTables:        60764 kB
SecPageTables:         0 kB
NFS_Unstable:          0 kB
Bounce:                0 kB
WritebackTmp:          0 kB
CommitLimit:     8258920 kB
Committed_AS:   12179972 kB
VmallocTotal:   34359738367 kB
VmallocUsed:       47352 kB
VmallocChunk:          0 kB
Percpu:            13280 kB
HardwareCorrupted:     0 kB
AnonHugePages:      8192 kB
ShmemHugePages:        0 kB
ShmemPmdMapped:        0 kB
FileHugePages:         0 kB
FilePmdMapped:         0 kB
CmaTotal:              0 kB
CmaFree:               0 kB
Unaccepted:            0 kB
Balloon:               0 kB
HugePages_Total:       0
HugePages_Free:        0
HugePages_Rsvd:        0
HugePages_Surp:        0
Hugepagesize:       2048 kB
Hugetlb:               0 kB
DirectMap4k:      194432 kB
DirectMap2M:     6096896 kB
DirectMap1G:     4194304 kB
---SNAPSHOT---
2026-04-27 01:58:42
MemTotal:        8129240 kB
MemFree:         4278572 kB
MemAvailable:    4474328 kB
Buffers:            6272 kB
Cached:           305612 kB
SwapCached:        99456 kB
Active:          2536220 kB
Inactive:         661464 kB
Active(anon):    2399076 kB
Inactive(anon):   542628 kB
Active(file):     137144 kB
Inactive(file):   118836 kB
Unevictable:          16 kB
Mlocked:              16 kB
SwapTotal:       4194300 kB
SwapFree:        3973524 kB
Zswap:                 0 kB
Zswapped:              0 kB
Dirty:                92 kB
Writeback:             0 kB
AnonPages:       2790820 kB
Mapped:           253484 kB
Shmem:             55964 kB
KReclaimable:      56672 kB
Slab:             317384 kB
SReclaimable:      56672 kB
SUnreclaim:       260712 kB
KernelStack:       19056 kB
PageTables:        60284 kB
SecPageTables:         0 kB
NFS_Unstable:          0 kB
Bounce:                0 kB
WritebackTmp:          0 kB
CommitLimit:     8258920 kB
Committed_AS:   12266424 kB
VmallocTotal:   34359738367 kB
VmallocUsed:       47352 kB
VmallocChunk:          0 kB
Percpu:            13280 kB
HardwareCorrupted:     0 kB
AnonHugePages:      8192 kB
ShmemHugePages:        0 kB
ShmemPmdMapped:        0 kB
FileHugePages:         0 kB
FilePmdMapped:         0 kB
CmaTotal:              0 kB
CmaFree:               0 kB
Unaccepted:            0 kB
Balloon:               0 kB
HugePages_Total:       0
HugePages_Free:        0
HugePages_Rsvd:        0
HugePages_Surp:        0
Hugepagesize:       2048 kB
Hugetlb:               0 kB
DirectMap4k:      194432 kB
DirectMap2M:     6096896 kB
DirectMap1G:     4194304 kB
---SNAPSHOT---
2026-04-27 01:58:43
MemTotal:        8129240 kB
MemFree:         3802016 kB
MemAvailable:    3997776 kB
Buffers:            6272 kB
Cached:           305616 kB
SwapCached:        99456 kB
Active:          2979820 kB
Inactive:         661468 kB
Active(anon):    2842676 kB
Inactive(anon):   542628 kB
Active(file):     137144 kB
Inactive(file):   118840 kB
Unevictable:          20 kB
Mlocked:              20 kB
SwapTotal:       4194300 kB
SwapFree:        3973524 kB
Zswap:                 0 kB
Zswapped:              0 kB
Dirty:                96 kB
Writeback:             0 kB
AnonPages:       3234656 kB
Mapped:           253484 kB
Shmem:             55964 kB
KReclaimable:      56672 kB
Slab:             314792 kB
SReclaimable:      56672 kB
SUnreclaim:       258120 kB
KernelStack:       19056 kB
PageTables:        60964 kB
SecPageTables:         0 kB
NFS_Unstable:          0 kB
Bounce:                0 kB
WritebackTmp:          0 kB
CommitLimit:     8258920 kB
Committed_AS:   11969916 kB
VmallocTotal:   34359738367 kB
VmallocUsed:       47368 kB
VmallocChunk:          0 kB
Percpu:            13280 kB
HardwareCorrupted:     0 kB
AnonHugePages:      8192 kB
ShmemHugePages:        0 kB
ShmemPmdMapped:        0 kB
FileHugePages:         0 kB
FilePmdMapped:         0 kB
CmaTotal:              0 kB
CmaFree:               0 kB
Unaccepted:            0 kB
Balloon:               0 kB
HugePages_Total:       0
HugePages_Free:        0
HugePages_Rsvd:        0
HugePages_Surp:        0
Hugepagesize:       2048 kB
Hugetlb:               0 kB
DirectMap4k:      194432 kB
DirectMap2M:     6096896 kB
DirectMap1G:     4194304 kB
---SNAPSHOT---
2026-04-27 01:58:44
MemTotal:        8129240 kB
MemFree:         3608004 kB
MemAvailable:    3803768 kB
Buffers:            6272 kB
Cached:           305620 kB
SwapCached:        99456 kB
Active:          3241592 kB
Inactive:         661472 kB
Active(anon):    3104448 kB
Inactive(anon):   542628 kB
Active(file):     137144 kB
Inactive(file):   118844 kB
Unevictable:          16 kB
Mlocked:              16 kB
SwapTotal:       4194300 kB
SwapFree:        3973524 kB
Zswap:                 0 kB
Zswapped:              0 kB
Dirty:               100 kB
Writeback:             0 kB
AnonPages:       3496384 kB
Mapped:           253712 kB
Shmem:             55964 kB
KReclaimable:      56672 kB
Slab:             318588 kB
SReclaimable:      56672 kB
SUnreclaim:       261916 kB
KernelStack:       19056 kB
PageTables:        61548 kB
SecPageTables:         0 kB
NFS_Unstable:          0 kB
Bounce:                0 kB
WritebackTmp:          0 kB
CommitLimit:     8258920 kB
Committed_AS:   12544600 kB
VmallocTotal:   34359738367 kB
VmallocUsed:       47352 kB
VmallocChunk:          0 kB
Percpu:            13280 kB
HardwareCorrupted:     0 kB
AnonHugePages:      8192 kB
ShmemHugePages:        0 kB
ShmemPmdMapped:        0 kB
FileHugePages:         0 kB
FilePmdMapped:         0 kB
CmaTotal:              0 kB
CmaFree:               0 kB
Unaccepted:            0 kB
Balloon:               0 kB
HugePages_Total:       0
HugePages_Free:        0
HugePages_Rsvd:        0
HugePages_Surp:        0
Hugepagesize:       2048 kB
Hugetlb:               0 kB
DirectMap4k:      194432 kB
DirectMap2M:     6096896 kB
DirectMap1G:     4194304 kB
---SNAPSHOT---
2026-04-27 01:58:45
MemTotal:        8129240 kB
MemFree:         3196936 kB
MemAvailable:    3392708 kB
Buffers:            6280 kB
Cached:           305628 kB
SwapCached:        99456 kB
Active:          3564312 kB
Inactive:         661480 kB
Active(anon):    3427168 kB
Inactive(anon):   542628 kB
Active(file):     137144 kB
Inactive(file):   118852 kB
Unevictable:          20 kB
Mlocked:              20 kB
SwapTotal:       4194300 kB
SwapFree:        3973524 kB
Zswap:                 0 kB
Zswapped:              0 kB
Dirty:               116 kB
Writeback:             0 kB
AnonPages:       3818724 kB
Mapped:           253484 kB
Shmem:             55964 kB
KReclaimable:      56672 kB
Slab:             311236 kB
SReclaimable:      56672 kB
SUnreclaim:       254564 kB
KernelStack:       19056 kB
PageTables:        62212 kB
SecPageTables:         0 kB
NFS_Unstable:          0 kB
Bounce:                0 kB
WritebackTmp:          0 kB
CommitLimit:     8258920 kB
Committed_AS:   12573392 kB
VmallocTotal:   34359738367 kB
VmallocUsed:       47368 kB
VmallocChunk:          0 kB
Percpu:            13280 kB
HardwareCorrupted:     0 kB
AnonHugePages:      8192 kB
ShmemHugePages:        0 kB
ShmemPmdMapped:        0 kB
FileHugePages:         0 kB
FilePmdMapped:         0 kB
CmaTotal:              0 kB
CmaFree:               0 kB
Unaccepted:            0 kB
Balloon:               0 kB
HugePages_Total:       0
HugePages_Free:        0
HugePages_Rsvd:        0
HugePages_Surp:        0
Hugepagesize:       2048 kB
Hugetlb:               0 kB
DirectMap4k:      194432 kB
DirectMap2M:     6096896 kB
DirectMap1G:     4194304 kB
---SNAPSHOT---
2026-04-27 01:58:46
MemTotal:        8129240 kB
MemFree:         3158892 kB
MemAvailable:    3354668 kB
Buffers:            6280 kB
Cached:           305632 kB
SwapCached:        99456 kB
Active:          3610664 kB
Inactive:         661484 kB
Active(anon):    3473520 kB
Inactive(anon):   542628 kB
Active(file):     137144 kB
Inactive(file):   118856 kB
Unevictable:          20 kB
Mlocked:              20 kB
SwapTotal:       4194300 kB
SwapFree:        3973524 kB
Zswap:                 0 kB
Zswapped:              0 kB
Dirty:               120 kB
Writeback:             0 kB
AnonPages:       3865148 kB
Mapped:           253484 kB
Shmem:             55964 kB
KReclaimable:      56672 kB
Slab:             314992 kB
SReclaimable:      56672 kB
SUnreclaim:       258320 kB
KernelStack:       19012 kB
PageTables:        62508 kB
SecPageTables:         0 kB
NFS_Unstable:          0 kB
Bounce:                0 kB
WritebackTmp:          0 kB
CommitLimit:     8258920 kB
Committed_AS:   12047856 kB
VmallocTotal:   34359738367 kB
VmallocUsed:       47352 kB
VmallocChunk:          0 kB
Percpu:            13280 kB
HardwareCorrupted:     0 kB
AnonHugePages:      8192 kB
ShmemHugePages:        0 kB
ShmemPmdMapped:        0 kB
FileHugePages:         0 kB
FilePmdMapped:         0 kB
CmaTotal:              0 kB
CmaFree:               0 kB
Unaccepted:            0 kB
Balloon:               0 kB
HugePages_Total:       0
HugePages_Free:        0
HugePages_Rsvd:        0
HugePages_Surp:        0
Hugepagesize:       2048 kB
Hugetlb:               0 kB
DirectMap4k:      194432 kB
DirectMap2M:     6096896 kB
DirectMap1G:     4194304 kB
---SNAPSHOT---
2026-04-27 01:58:47
MemTotal:        8129240 kB
MemFree:         3695440 kB
MemAvailable:    3891232 kB
Buffers:            6280 kB
Cached:           305640 kB
SwapCached:        99456 kB
Active:          2952720 kB
Inactive:         661500 kB
Active(anon):    2815576 kB
Inactive(anon):   542628 kB
Active(file):     137144 kB
Inactive(file):   118872 kB
Unevictable:      100336 kB
Mlocked:          100336 kB
SwapTotal:       4194300 kB
SwapFree:        3973524 kB
Zswap:                 0 kB
Zswapped:              0 kB
Dirty:               128 kB
Writeback:             0 kB
AnonPages:       3271332 kB
Mapped:           253484 kB
Shmem:             55964 kB
KReclaimable:      56672 kB
Slab:             315524 kB
SReclaimable:      56672 kB
SUnreclaim:       258852 kB
KernelStack:       19056 kB
PageTables:        62216 kB
SecPageTables:         0 kB
NFS_Unstable:          0 kB
Bounce:                0 kB
WritebackTmp:          0 kB
CommitLimit:     8258920 kB
Committed_AS:   12485912 kB
VmallocTotal:   34359738367 kB
VmallocUsed:       47352 kB
VmallocChunk:          0 kB
Percpu:            13280 kB
HardwareCorrupted:     0 kB
AnonHugePages:      8192 kB
ShmemHugePages:        0 kB
ShmemPmdMapped:        0 kB
FileHugePages:         0 kB
FilePmdMapped:         0 kB
CmaTotal:              0 kB
CmaFree:               0 kB
Unaccepted:            0 kB
Balloon:               0 kB
HugePages_Total:       0
HugePages_Free:        0
HugePages_Rsvd:        0
HugePages_Surp:        0
Hugepagesize:       2048 kB
Hugetlb:               0 kB
DirectMap4k:      194432 kB
DirectMap2M:     6096896 kB
DirectMap1G:     4194304 kB
---SNAPSHOT---
2026-04-27 01:58:48
MemTotal:        8129240 kB
MemFree:         3542884 kB
MemAvailable:    3738680 kB
Buffers:            6280 kB
Cached:           305648 kB
SwapCached:        99456 kB
Active:          3066896 kB
Inactive:         661504 kB
Active(anon):    2929752 kB
Inactive(anon):   542628 kB
Active(file):     137144 kB
Inactive(file):   118876 kB
Unevictable:      222548 kB
Mlocked:          222548 kB
SwapTotal:       4194300 kB
SwapFree:        3973524 kB
Zswap:                 0 kB
Zswapped:              0 kB
Dirty:               136 kB
Writeback:             0 kB
AnonPages:       3543736 kB
Mapped:           253484 kB
Shmem:             55964 kB
KReclaimable:      56672 kB
Slab:             310476 kB
SReclaimable:      56672 kB
SUnreclaim:       253804 kB
KernelStack:       19056 kB
PageTables:        61460 kB
SecPageTables:         0 kB
NFS_Unstable:          0 kB
Bounce:                0 kB
WritebackTmp:          0 kB
CommitLimit:     8258920 kB
Committed_AS:   12023664 kB
VmallocTotal:   34359738367 kB
VmallocUsed:       47352 kB
VmallocChunk:          0 kB
Percpu:            13280 kB
HardwareCorrupted:     0 kB
AnonHugePages:      8192 kB
ShmemHugePages:        0 kB
ShmemPmdMapped:        0 kB
FileHugePages:         0 kB
FilePmdMapped:         0 kB
CmaTotal:              0 kB
CmaFree:               0 kB
Unaccepted:            0 kB
Balloon:               0 kB
HugePages_Total:       0
HugePages_Free:        0
HugePages_Rsvd:        0
HugePages_Surp:        0
Hugepagesize:       2048 kB
Hugetlb:               0 kB
DirectMap4k:      194432 kB
DirectMap2M:     6096896 kB
DirectMap1G:     4194304 kB
---SNAPSHOT---
2026-04-27 01:58:49
MemTotal:        8129240 kB
MemFree:         4238644 kB
MemAvailable:    4434448 kB
Buffers:            6280 kB
Cached:           305652 kB
SwapCached:        99456 kB
Active:          2608632 kB
Inactive:         661512 kB
Active(anon):    2471488 kB
Inactive(anon):   542628 kB
Active(file):     137144 kB
Inactive(file):   118884 kB
Unevictable:          20 kB
Mlocked:              20 kB
SwapTotal:       4194300 kB
SwapFree:        3973524 kB
Zswap:                 0 kB
Zswapped:              0 kB
Dirty:               140 kB
Writeback:             0 kB
AnonPages:       2863312 kB
Mapped:           253484 kB
Shmem:             55964 kB
KReclaimable:      56672 kB
Slab:             315952 kB
SReclaimable:      56672 kB
SUnreclaim:       259280 kB
KernelStack:       19056 kB
PageTables:        59976 kB
SecPageTables:         0 kB
NFS_Unstable:          0 kB
Bounce:                0 kB
WritebackTmp:          0 kB
CommitLimit:     8258920 kB
Committed_AS:   12258152 kB
VmallocTotal:   34359738367 kB
VmallocUsed:       47352 kB
VmallocChunk:          0 kB
Percpu:            13280 kB
HardwareCorrupted:     0 kB
AnonHugePages:      8192 kB
ShmemHugePages:        0 kB
ShmemPmdMapped:        0 kB
FileHugePages:         0 kB
FilePmdMapped:         0 kB
CmaTotal:              0 kB
CmaFree:               0 kB
Unaccepted:            0 kB
Balloon:               0 kB
HugePages_Total:       0
HugePages_Free:        0
HugePages_Rsvd:        0
HugePages_Surp:        0
Hugepagesize:       2048 kB
Hugetlb:               0 kB
DirectMap4k:      194432 kB
DirectMap2M:     6096896 kB
DirectMap1G:     4194304 kB
---SNAPSHOT---
2026-04-27 01:58:50
MemTotal:        8129240 kB
MemFree:         3842992 kB
MemAvailable:    4038804 kB
Buffers:            6288 kB
Cached:           305652 kB
SwapCached:        99456 kB
Active:          3016404 kB
Inactive:         661520 kB
Active(anon):    2879260 kB
Inactive(anon):   542628 kB
Active(file):     137144 kB
Inactive(file):   118892 kB
Unevictable:          16 kB
Mlocked:              16 kB
SwapTotal:       4194300 kB
SwapFree:        3973524 kB
Zswap:                 0 kB
Zswapped:              0 kB
Dirty:               148 kB
Writeback:             0 kB
AnonPages:       3271224 kB
Mapped:           253484 kB
Shmem:             55964 kB
KReclaimable:      56672 kB
Slab:             315132 kB
SReclaimable:      56672 kB
SUnreclaim:       258460 kB
KernelStack:       19056 kB
PageTables:        60816 kB
SecPageTables:         0 kB
NFS_Unstable:          0 kB
Bounce:                0 kB
WritebackTmp:          0 kB
CommitLimit:     8258920 kB
Committed_AS:   12272344 kB
VmallocTotal:   34359738367 kB
VmallocUsed:       47336 kB
VmallocChunk:          0 kB
Percpu:            13280 kB
HardwareCorrupted:     0 kB
AnonHugePages:      8192 kB
ShmemHugePages:        0 kB
ShmemPmdMapped:        0 kB
FileHugePages:         0 kB
FilePmdMapped:         0 kB
CmaTotal:              0 kB
CmaFree:               0 kB
Unaccepted:            0 kB
Balloon:               0 kB
HugePages_Total:       0
HugePages_Free:        0
HugePages_Rsvd:        0
HugePages_Surp:        0
Hugepagesize:       2048 kB
Hugetlb:               0 kB
DirectMap4k:      194432 kB
DirectMap2M:     6096896 kB
DirectMap1G:     4194304 kB
---SNAPSHOT---
2026-04-27 01:58:51
MemTotal:        8129240 kB
MemFree:         4233944 kB
MemAvailable:    4429768 kB
Buffers:            6288 kB
Cached:           305664 kB
SwapCached:        99456 kB
Active:          2637804 kB
Inactive:         661532 kB
Active(anon):    2500660 kB
Inactive(anon):   542628 kB
Active(file):     137144 kB
Inactive(file):   118904 kB
Unevictable:          16 kB
Mlocked:              16 kB
SwapTotal:       4194300 kB
SwapFree:        3973524 kB
Zswap:                 0 kB
Zswapped:              0 kB
Dirty:               152 kB
Writeback:             0 kB
AnonPages:       2892524 kB
Mapped:           253484 kB
Shmem:             55964 kB
KReclaimable:      56672 kB
Slab:             314948 kB
SReclaimable:      56672 kB
SUnreclaim:       258276 kB
KernelStack:       19056 kB
PageTables:        61532 kB
SecPageTables:         0 kB
NFS_Unstable:          0 kB
Bounce:                0 kB
WritebackTmp:          0 kB
CommitLimit:     8258920 kB
Committed_AS:   12540228 kB
VmallocTotal:   34359738367 kB
VmallocUsed:       47352 kB
VmallocChunk:          0 kB
Percpu:            13280 kB
HardwareCorrupted:     0 kB
AnonHugePages:      8192 kB
ShmemHugePages:        0 kB
ShmemPmdMapped:        0 kB
FileHugePages:         0 kB
FilePmdMapped:         0 kB
CmaTotal:              0 kB
CmaFree:               0 kB
Unaccepted:            0 kB
Balloon:               0 kB
HugePages_Total:       0
HugePages_Free:        0
HugePages_Rsvd:        0
HugePages_Surp:        0
Hugepagesize:       2048 kB
Hugetlb:               0 kB
DirectMap4k:      194432 kB
DirectMap2M:     6096896 kB
DirectMap1G:     4194304 kB
---SNAPSHOT---
2026-04-27 01:58:52
MemTotal:        8129240 kB
MemFree:         3745048 kB
MemAvailable:    3940876 kB
Buffers:            6288 kB
Cached:           305676 kB
SwapCached:        99456 kB
Active:          3053796 kB
Inactive:         661536 kB
Active(anon):    2916652 kB
Inactive(anon):   542628 kB
Active(file):     137144 kB
Inactive(file):   118908 kB
Unevictable:          20 kB
Mlocked:              20 kB
SwapTotal:       4194300 kB
SwapFree:        3973524 kB
Zswap:                 0 kB
Zswapped:              0 kB
Dirty:               164 kB
Writeback:             0 kB
AnonPages:       3307964 kB
Mapped:           253484 kB
Shmem:             55964 kB
KReclaimable:      56672 kB
Slab:             316272 kB
SReclaimable:      56672 kB
SUnreclaim:       259600 kB
KernelStack:       19056 kB
PageTables:        61984 kB
SecPageTables:         0 kB
NFS_Unstable:          0 kB
Bounce:                0 kB
WritebackTmp:          0 kB
CommitLimit:     8258920 kB
Committed_AS:   12402120 kB
VmallocTotal:   34359738367 kB
VmallocUsed:       47336 kB
VmallocChunk:          0 kB
Percpu:            13280 kB
HardwareCorrupted:     0 kB
AnonHugePages:      8192 kB
ShmemHugePages:        0 kB
ShmemPmdMapped:        0 kB
FileHugePages:         0 kB
FilePmdMapped:         0 kB
CmaTotal:              0 kB
CmaFree:               0 kB
Unaccepted:            0 kB
Balloon:               0 kB
HugePages_Total:       0
HugePages_Free:        0
HugePages_Rsvd:        0
HugePages_Surp:        0
Hugepagesize:       2048 kB
Hugetlb:               0 kB
DirectMap4k:      194432 kB
DirectMap2M:     6096896 kB
DirectMap1G:     4194304 kB
---SNAPSHOT---
2026-04-27 01:58:53
MemTotal:        8129240 kB
MemFree:         4112504 kB
MemAvailable:    4308344 kB
Buffers:            6288 kB
Cached:           305680 kB
SwapCached:        99456 kB
Active:          2686228 kB
Inactive:         661548 kB
Active(anon):    2549084 kB
Inactive(anon):   542628 kB
Active(file):     137144 kB
Inactive(file):   118920 kB
Unevictable:         244 kB
Mlocked:             244 kB
SwapTotal:       4194300 kB
SwapFree:        3973524 kB
Zswap:                 0 kB
Zswapped:              0 kB
Dirty:               168 kB
Writeback:             0 kB
AnonPages:       2940936 kB
Mapped:           253484 kB
Shmem:             55964 kB
KReclaimable:      56672 kB
Slab:             318676 kB
SReclaimable:      56672 kB
SUnreclaim:       262004 kB
KernelStack:       19056 kB
PageTables:        61348 kB
SecPageTables:         0 kB
NFS_Unstable:          0 kB
Bounce:                0 kB
WritebackTmp:          0 kB
CommitLimit:     8258920 kB
Committed_AS:   12218884 kB
VmallocTotal:   34359738367 kB
VmallocUsed:       47336 kB
VmallocChunk:          0 kB
Percpu:            13280 kB
HardwareCorrupted:     0 kB
AnonHugePages:      8192 kB
ShmemHugePages:        0 kB
ShmemPmdMapped:        0 kB
FileHugePages:         0 kB
FilePmdMapped:         0 kB
CmaTotal:              0 kB
CmaFree:               0 kB
Unaccepted:            0 kB
Balloon:               0 kB
HugePages_Total:       0
HugePages_Free:        0
HugePages_Rsvd:        0
HugePages_Surp:        0
Hugepagesize:       2048 kB
Hugetlb:               0 kB
DirectMap4k:      194432 kB
DirectMap2M:     6096896 kB
DirectMap1G:     4194304 kB
---SNAPSHOT---
2026-04-27 01:58:54
MemTotal:        8129240 kB
MemFree:         3704404 kB
MemAvailable:    3900248 kB
Buffers:            6288 kB
Cached:           305684 kB
SwapCached:        99456 kB
Active:          3110176 kB
Inactive:         661552 kB
Active(anon):    2973032 kB
Inactive(anon):   542628 kB
Active(file):     137144 kB
Inactive(file):   118924 kB
Unevictable:          20 kB
Mlocked:              20 kB
SwapTotal:       4194300 kB
SwapFree:        3973524 kB
Zswap:                 0 kB
Zswapped:              0 kB
Dirty:               172 kB
Writeback:             0 kB
AnonPages:       3364720 kB
Mapped:           253484 kB
Shmem:             55964 kB
KReclaimable:      56672 kB
Slab:             316260 kB
SReclaimable:      56672 kB
SUnreclaim:       259588 kB
KernelStack:       19056 kB
PageTables:        61532 kB
SecPageTables:         0 kB
NFS_Unstable:          0 kB
Bounce:                0 kB
WritebackTmp:          0 kB
CommitLimit:     8258920 kB
Committed_AS:   12117964 kB
VmallocTotal:   34359738367 kB
VmallocUsed:       47320 kB
VmallocChunk:          0 kB
Percpu:            13280 kB
HardwareCorrupted:     0 kB
AnonHugePages:      8192 kB
ShmemHugePages:        0 kB
ShmemPmdMapped:        0 kB
FileHugePages:         0 kB
FilePmdMapped:         0 kB
CmaTotal:              0 kB
CmaFree:               0 kB
Unaccepted:            0 kB
Balloon:               0 kB
HugePages_Total:       0
HugePages_Free:        0
HugePages_Rsvd:        0
HugePages_Surp:        0
Hugepagesize:       2048 kB
Hugetlb:               0 kB
DirectMap4k:      194432 kB
DirectMap2M:     6096896 kB
DirectMap1G:     4194304 kB
---SNAPSHOT---
2026-04-27 01:58:55
MemTotal:        8129240 kB
MemFree:         4048016 kB
MemAvailable:    4243864 kB
Buffers:            6296 kB
Cached:           305684 kB
SwapCached:        99456 kB
Active:          2769768 kB
Inactive:         661556 kB
Active(anon):    2632624 kB
Inactive(anon):   542628 kB
Active(file):     137144 kB
Inactive(file):   118928 kB
Unevictable:          16 kB
Mlocked:              16 kB
SwapTotal:       4194300 kB
SwapFree:        3973524 kB
Zswap:                 0 kB
Zswapped:              0 kB
Dirty:               180 kB
Writeback:             0 kB
AnonPages:       3024448 kB
Mapped:           253484 kB
Shmem:             55964 kB
KReclaimable:      56672 kB
Slab:             315000 kB
SReclaimable:      56672 kB
SUnreclaim:       258328 kB
KernelStack:       19056 kB
PageTables:        60496 kB
SecPageTables:         0 kB
NFS_Unstable:          0 kB
Bounce:                0 kB
WritebackTmp:          0 kB
CommitLimit:     8258920 kB
Committed_AS:   12201100 kB
VmallocTotal:   34359738367 kB
VmallocUsed:       47336 kB
VmallocChunk:          0 kB
Percpu:            13280 kB
HardwareCorrupted:     0 kB
AnonHugePages:      8192 kB
ShmemHugePages:        0 kB
ShmemPmdMapped:        0 kB
FileHugePages:         0 kB
FilePmdMapped:         0 kB
CmaTotal:              0 kB
CmaFree:               0 kB
Unaccepted:            0 kB
Balloon:               0 kB
HugePages_Total:       0
HugePages_Free:        0
HugePages_Rsvd:        0
HugePages_Surp:        0
Hugepagesize:       2048 kB
Hugetlb:               0 kB
DirectMap4k:      194432 kB
DirectMap2M:     6096896 kB
DirectMap1G:     4194304 kB
---SNAPSHOT---
2026-04-27 01:58:56
MemTotal:        8129240 kB
MemFree:         4425784 kB
MemAvailable:    4621648 kB
Buffers:            6296 kB
Cached:           305696 kB
SwapCached:        99456 kB
Active:          2440440 kB
Inactive:         661572 kB
Active(anon):    2303296 kB
Inactive(anon):   542628 kB
Active(file):     137144 kB
Inactive(file):   118944 kB
Unevictable:          16 kB
Mlocked:              16 kB
SwapTotal:       4194300 kB
SwapFree:        3973524 kB
Zswap:                 0 kB
Zswapped:              0 kB
Dirty:               184 kB
Writeback:             0 kB
AnonPages:       2695020 kB
Mapped:           253484 kB
Shmem:             55964 kB
KReclaimable:      56672 kB
Slab:             315416 kB
SReclaimable:      56672 kB
SUnreclaim:       258744 kB
KernelStack:       19056 kB
PageTables:        60188 kB
SecPageTables:         0 kB
NFS_Unstable:          0 kB
Bounce:                0 kB
WritebackTmp:          0 kB
CommitLimit:     8258920 kB
Committed_AS:   11854572 kB
VmallocTotal:   34359738367 kB
VmallocUsed:       47336 kB
VmallocChunk:          0 kB
Percpu:            13280 kB
HardwareCorrupted:     0 kB
AnonHugePages:      8192 kB
ShmemHugePages:        0 kB
ShmemPmdMapped:        0 kB
FileHugePages:         0 kB
FilePmdMapped:         0 kB
CmaTotal:              0 kB
CmaFree:               0 kB
Unaccepted:            0 kB
Balloon:               0 kB
HugePages_Total:       0
HugePages_Free:        0
HugePages_Rsvd:        0
HugePages_Surp:        0
Hugepagesize:       2048 kB
Hugetlb:               0 kB
DirectMap4k:      194432 kB
DirectMap2M:     6096896 kB
DirectMap1G:     4194304 kB
---SNAPSHOT---
2026-04-27 01:58:57
MemTotal:        8129240 kB
MemFree:         4002744 kB
MemAvailable:    4198616 kB
Buffers:            6296 kB
Cached:           305704 kB
SwapCached:        99456 kB
Active:          2882940 kB
Inactive:         661580 kB
Active(anon):    2745796 kB
Inactive(anon):   542628 kB
Active(file):     137144 kB
Inactive(file):   118952 kB
Unevictable:          16 kB
Mlocked:              16 kB
SwapTotal:       4194300 kB
SwapFree:        3973524 kB
Zswap:                 0 kB
Zswapped:              0 kB
Dirty:               192 kB
Writeback:             0 kB
AnonPages:       3137464 kB
Mapped:           253484 kB
Shmem:             55964 kB
KReclaimable:      56672 kB
Slab:             314432 kB
SReclaimable:      56672 kB
SUnreclaim:       257760 kB
KernelStack:       19056 kB
PageTables:        60700 kB
SecPageTables:         0 kB
NFS_Unstable:          0 kB
Bounce:                0 kB
WritebackTmp:          0 kB
CommitLimit:     8258920 kB
Committed_AS:   12450608 kB
VmallocTotal:   34359738367 kB
VmallocUsed:       47336 kB
VmallocChunk:          0 kB
Percpu:            13280 kB
HardwareCorrupted:     0 kB
AnonHugePages:      8192 kB
ShmemHugePages:        0 kB
ShmemPmdMapped:        0 kB
FileHugePages:         0 kB
FilePmdMapped:         0 kB
CmaTotal:              0 kB
CmaFree:               0 kB
Unaccepted:            0 kB
Balloon:               0 kB
HugePages_Total:       0
HugePages_Free:        0
HugePages_Rsvd:        0
HugePages_Surp:        0
Hugepagesize:       2048 kB
Hugetlb:               0 kB
DirectMap4k:      194432 kB
DirectMap2M:     6096896 kB
DirectMap1G:     4194304 kB
---SNAPSHOT---
2026-04-27 01:58:58
MemTotal:        8129240 kB
MemFree:         3491920 kB
MemAvailable:    3687796 kB
Buffers:            6296 kB
Cached:           305708 kB
SwapCached:        99456 kB
Active:          3327076 kB
Inactive:         661584 kB
Active(anon):    3189932 kB
Inactive(anon):   542628 kB
Active(file):     137144 kB
Inactive(file):   118956 kB
Unevictable:          20 kB
Mlocked:              20 kB
SwapTotal:       4194300 kB
SwapFree:        3973524 kB
Zswap:                 0 kB
Zswapped:              0 kB
Dirty:               196 kB
Writeback:             0 kB
AnonPages:       3543240 kB
Mapped:           253484 kB
Shmem:             55964 kB
KReclaimable:      56672 kB
Slab:             318320 kB
SReclaimable:      56672 kB
SUnreclaim:       261648 kB
KernelStack:       19056 kB
PageTables:        61548 kB
SecPageTables:         0 kB
NFS_Unstable:          0 kB
Bounce:                0 kB
WritebackTmp:          0 kB
CommitLimit:     8258920 kB
Committed_AS:   12230132 kB
VmallocTotal:   34359738367 kB
VmallocUsed:       47352 kB
VmallocChunk:          0 kB
Percpu:            13280 kB
HardwareCorrupted:     0 kB
AnonHugePages:      8192 kB
ShmemHugePages:        0 kB
ShmemPmdMapped:        0 kB
FileHugePages:         0 kB
FilePmdMapped:         0 kB
CmaTotal:              0 kB
CmaFree:               0 kB
Unaccepted:            0 kB
Balloon:               0 kB
HugePages_Total:       0
HugePages_Free:        0
HugePages_Rsvd:        0
HugePages_Surp:        0
Hugepagesize:       2048 kB
Hugetlb:               0 kB
DirectMap4k:      194432 kB
DirectMap2M:     6096896 kB
DirectMap1G:     4194304 kB
---SNAPSHOT---
2026-04-27 01:59:00
MemTotal:        8129240 kB
MemFree:         3331432 kB
MemAvailable:    3527316 kB
Buffers:            6300 kB
Cached:           305712 kB
SwapCached:        99456 kB
Active:          3556136 kB
Inactive:         661592 kB
Active(anon):    3418992 kB
Inactive(anon):   542628 kB
Active(file):     137144 kB
Inactive(file):   118964 kB
Unevictable:          16 kB
Mlocked:              16 kB
SwapTotal:       4194300 kB
SwapFree:        3973524 kB
Zswap:                 0 kB
Zswapped:              0 kB
Dirty:               200 kB
Writeback:             0 kB
AnonPages:       3810500 kB
Mapped:           253484 kB
Shmem:             55964 kB
KReclaimable:      56672 kB
Slab:             318228 kB
SReclaimable:      56672 kB
SUnreclaim:       261556 kB
KernelStack:       19056 kB
PageTables:        62372 kB
SecPageTables:         0 kB
NFS_Unstable:          0 kB
Bounce:                0 kB
WritebackTmp:          0 kB
CommitLimit:     8258920 kB
Committed_AS:   12309568 kB
VmallocTotal:   34359738367 kB
VmallocUsed:       47320 kB
VmallocChunk:          0 kB
Percpu:            13280 kB
HardwareCorrupted:     0 kB
AnonHugePages:      8192 kB
ShmemHugePages:        0 kB
ShmemPmdMapped:        0 kB
FileHugePages:         0 kB
FilePmdMapped:         0 kB
CmaTotal:              0 kB
CmaFree:               0 kB
Unaccepted:            0 kB
Balloon:               0 kB
HugePages_Total:       0
HugePages_Free:        0
HugePages_Rsvd:        0
HugePages_Surp:        0
Hugepagesize:       2048 kB
Hugetlb:               0 kB
DirectMap4k:      194432 kB
DirectMap2M:     6096896 kB
DirectMap1G:     4194304 kB
---SNAPSHOT---
2026-04-27 01:59:01
MemTotal:        8129240 kB
MemFree:         3891772 kB
MemAvailable:    4087664 kB
Buffers:            6308 kB
Cached:           305712 kB
SwapCached:        99456 kB
Active:          2998060 kB
Inactive:         661600 kB
Active(anon):    2860916 kB
Inactive(anon):   542628 kB
Active(file):     137144 kB
Inactive(file):   118972 kB
Unevictable:          16 kB
Mlocked:              16 kB
SwapTotal:       4194300 kB
SwapFree:        3973524 kB
Zswap:                 0 kB
Zswapped:              0 kB
Dirty:               208 kB
Writeback:             0 kB
AnonPages:       3252636 kB
Mapped:           253484 kB
Shmem:             55964 kB
KReclaimable:      56672 kB
Slab:             315472 kB
SReclaimable:      56672 kB
SUnreclaim:       258800 kB
KernelStack:       19056 kB
PageTables:        61296 kB
SecPageTables:         0 kB
NFS_Unstable:          0 kB
Bounce:                0 kB
WritebackTmp:          0 kB
CommitLimit:     8258920 kB
Committed_AS:   11828940 kB
VmallocTotal:   34359738367 kB
VmallocUsed:       47320 kB
VmallocChunk:          0 kB
Percpu:            13280 kB
HardwareCorrupted:     0 kB
AnonHugePages:      8192 kB
ShmemHugePages:        0 kB
ShmemPmdMapped:        0 kB
FileHugePages:         0 kB
FilePmdMapped:         0 kB
CmaTotal:              0 kB
CmaFree:               0 kB
Unaccepted:            0 kB
Balloon:               0 kB
HugePages_Total:       0
HugePages_Free:        0
HugePages_Rsvd:        0
HugePages_Surp:        0
Hugepagesize:       2048 kB
Hugetlb:               0 kB
DirectMap4k:      194432 kB
DirectMap2M:     6096896 kB
DirectMap1G:     4194304 kB
---SNAPSHOT---
2026-04-27 01:59:02
MemTotal:        8129240 kB
MemFree:         3663636 kB
MemAvailable:    3859540 kB
Buffers:            6308 kB
Cached:           305724 kB
SwapCached:        99456 kB
Active:          3229468 kB
Inactive:         661612 kB
Active(anon):    3092324 kB
Inactive(anon):   542628 kB
Active(file):     137144 kB
Inactive(file):   118984 kB
Unevictable:          16 kB
Mlocked:              16 kB
SwapTotal:       4194300 kB
SwapFree:        3973524 kB
Zswap:                 0 kB
Zswapped:              0 kB
Dirty:               216 kB
Writeback:             0 kB
AnonPages:       3484040 kB
Mapped:           253484 kB
Shmem:             55964 kB
KReclaimable:      56672 kB
Slab:             314832 kB
SReclaimable:      56672 kB
SUnreclaim:       258160 kB
KernelStack:       19056 kB
PageTables:        61500 kB
SecPageTables:         0 kB
NFS_Unstable:          0 kB
Bounce:                0 kB
WritebackTmp:          0 kB
CommitLimit:     8258920 kB
Committed_AS:   11907980 kB
VmallocTotal:   34359738367 kB
VmallocUsed:       47320 kB
VmallocChunk:          0 kB
Percpu:            13280 kB
HardwareCorrupted:     0 kB
AnonHugePages:      8192 kB
ShmemHugePages:        0 kB
ShmemPmdMapped:        0 kB
FileHugePages:         0 kB
FilePmdMapped:         0 kB
CmaTotal:              0 kB
CmaFree:               0 kB
Unaccepted:            0 kB
Balloon:               0 kB
HugePages_Total:       0
HugePages_Free:        0
HugePages_Rsvd:        0
HugePages_Surp:        0
Hugepagesize:       2048 kB
Hugetlb:               0 kB
DirectMap4k:      194432 kB
DirectMap2M:     6096896 kB
DirectMap1G:     4194304 kB
---SNAPSHOT---
2026-04-27 01:59:03
MemTotal:        8129240 kB
MemFree:         4050444 kB
MemAvailable:    4246356 kB
Buffers:            6308 kB
Cached:           305732 kB
SwapCached:        99456 kB
Active:          2840164 kB
Inactive:         661620 kB
Active(anon):    2703020 kB
Inactive(anon):   542628 kB
Active(file):     137144 kB
Inactive(file):   118992 kB
Unevictable:          16 kB
Mlocked:              16 kB
SwapTotal:       4194300 kB
SwapFree:        3973524 kB
Zswap:                 0 kB
Zswapped:              0 kB
Dirty:               224 kB
Writeback:             0 kB
AnonPages:       3094732 kB
Mapped:           253484 kB
Shmem:             55964 kB
KReclaimable:      56672 kB
Slab:             316624 kB
SReclaimable:      56672 kB
SUnreclaim:       259952 kB
KernelStack:       19056 kB
PageTables:        60556 kB
SecPageTables:         0 kB
NFS_Unstable:          0 kB
Bounce:                0 kB
WritebackTmp:          0 kB
CommitLimit:     8258920 kB
Committed_AS:   12378964 kB
VmallocTotal:   34359738367 kB
VmallocUsed:       47320 kB
VmallocChunk:          0 kB
Percpu:            13280 kB
HardwareCorrupted:     0 kB
AnonHugePages:      8192 kB
ShmemHugePages:        0 kB
ShmemPmdMapped:        0 kB
FileHugePages:         0 kB
FilePmdMapped:         0 kB
CmaTotal:              0 kB
CmaFree:               0 kB
Unaccepted:            0 kB
Balloon:               0 kB
HugePages_Total:       0
HugePages_Free:        0
HugePages_Rsvd:        0
HugePages_Surp:        0
Hugepagesize:       2048 kB
Hugetlb:               0 kB
DirectMap4k:      194432 kB
DirectMap2M:     6096896 kB
DirectMap1G:     4194304 kB
---SNAPSHOT---
2026-04-27 01:59:04
MemTotal:        8129240 kB
MemFree:         4358260 kB
MemAvailable:    4554176 kB
Buffers:            6308 kB
Cached:           305736 kB
SwapCached:        99456 kB
Active:          2488040 kB
Inactive:         661624 kB
Active(anon):    2350896 kB
Inactive(anon):   542628 kB
Active(file):     137144 kB
Inactive(file):   118996 kB
Unevictable:          16 kB
Mlocked:              16 kB
SwapTotal:       4194300 kB
SwapFree:        3973524 kB
Zswap:                 0 kB
Zswapped:              0 kB
Dirty:               228 kB
Writeback:             0 kB
AnonPages:       2742520 kB
Mapped:           253484 kB
Shmem:             55964 kB
KReclaimable:      56672 kB
Slab:             316648 kB
SReclaimable:      56672 kB
SUnreclaim:       259976 kB
KernelStack:       19056 kB
PageTables:        60044 kB
SecPageTables:         0 kB
NFS_Unstable:          0 kB
Bounce:                0 kB
WritebackTmp:          0 kB
CommitLimit:     8258920 kB
Committed_AS:   12026268 kB
VmallocTotal:   34359738367 kB
VmallocUsed:       47336 kB
VmallocChunk:          0 kB
Percpu:            13280 kB
HardwareCorrupted:     0 kB
AnonHugePages:      8192 kB
ShmemHugePages:        0 kB
ShmemPmdMapped:        0 kB
FileHugePages:         0 kB
FilePmdMapped:         0 kB
CmaTotal:              0 kB
CmaFree:               0 kB
Unaccepted:            0 kB
Balloon:               0 kB
HugePages_Total:       0
HugePages_Free:        0
HugePages_Rsvd:        0
HugePages_Surp:        0
Hugepagesize:       2048 kB
Hugetlb:               0 kB
DirectMap4k:      194432 kB
DirectMap2M:     6096896 kB
DirectMap1G:     4194304 kB
---SNAPSHOT---
2026-04-27 01:59:05
MemTotal:        8129240 kB
MemFree:         3621312 kB
MemAvailable:    3817232 kB
Buffers:            6308 kB
Cached:           305740 kB
SwapCached:        99456 kB
Active:          2941792 kB
Inactive:         661628 kB
Active(anon):    2804648 kB
Inactive(anon):   542628 kB
Active(file):     137144 kB
Inactive(file):   119000 kB
Unevictable:      330388 kB
Mlocked:          330616 kB
SwapTotal:       4194300 kB
SwapFree:        3973524 kB
Zswap:                 0 kB
Zswapped:              0 kB
Dirty:               232 kB
Writeback:             0 kB
AnonPages:       3526764 kB
Mapped:           253484 kB
Shmem:             55964 kB
KReclaimable:      56672 kB
Slab:             311012 kB
SReclaimable:      56672 kB
SUnreclaim:       254340 kB
KernelStack:       19056 kB
PageTables:        61164 kB
SecPageTables:         0 kB
NFS_Unstable:          0 kB
Bounce:                0 kB
WritebackTmp:          0 kB
CommitLimit:     8258920 kB
Committed_AS:   12626700 kB
VmallocTotal:   34359738367 kB
VmallocUsed:       47352 kB
VmallocChunk:          0 kB
Percpu:            13280 kB
HardwareCorrupted:     0 kB
AnonHugePages:      8192 kB
ShmemHugePages:        0 kB
ShmemPmdMapped:        0 kB
FileHugePages:         0 kB
FilePmdMapped:         0 kB
CmaTotal:              0 kB
CmaFree:               0 kB
Unaccepted:            0 kB
Balloon:               0 kB
HugePages_Total:       0
HugePages_Free:        0
HugePages_Rsvd:        0
HugePages_Surp:        0
Hugepagesize:       2048 kB
Hugetlb:               0 kB
DirectMap4k:      194432 kB
DirectMap2M:     6096896 kB
DirectMap1G:     4194304 kB
---SNAPSHOT---
2026-04-27 01:59:06
MemTotal:        8129240 kB
MemFree:         4290920 kB
MemAvailable:    4486848 kB
Buffers:            6316 kB
Cached:           305740 kB
SwapCached:        99456 kB
Active:          2596552 kB
Inactive:         661636 kB
Active(anon):    2459408 kB
Inactive(anon):   542628 kB
Active(file):     137144 kB
Inactive(file):   119008 kB
Unevictable:          20 kB
Mlocked:              20 kB
SwapTotal:       4194300 kB
SwapFree:        3973524 kB
Zswap:                 0 kB
Zswapped:              0 kB
Dirty:               240 kB
Writeback:             0 kB
AnonPages:       2851248 kB
Mapped:           253712 kB
Shmem:             55964 kB
KReclaimable:      56672 kB
Slab:             310968 kB
SReclaimable:      56672 kB
SUnreclaim:       254296 kB
KernelStack:       19056 kB
PageTables:        60244 kB
SecPageTables:         0 kB
NFS_Unstable:          0 kB
Bounce:                0 kB
WritebackTmp:          0 kB
CommitLimit:     8258920 kB
Committed_AS:   12009300 kB
VmallocTotal:   34359738367 kB
VmallocUsed:       47320 kB
VmallocChunk:          0 kB
Percpu:            13280 kB
HardwareCorrupted:     0 kB
AnonHugePages:      8192 kB
ShmemHugePages:        0 kB
ShmemPmdMapped:        0 kB
FileHugePages:         0 kB
FilePmdMapped:         0 kB
CmaTotal:              0 kB
CmaFree:               0 kB
Unaccepted:            0 kB
Balloon:               0 kB
HugePages_Total:       0
HugePages_Free:        0
HugePages_Rsvd:        0
HugePages_Surp:        0
Hugepagesize:       2048 kB
Hugetlb:               0 kB
DirectMap4k:      194432 kB
DirectMap2M:     6096896 kB
DirectMap1G:     4194304 kB
---SNAPSHOT---
2026-04-27 01:59:07
MemTotal:        8129240 kB
MemFree:         3760816 kB
MemAvailable:    3956756 kB
Buffers:            6316 kB
Cached:           305752 kB
SwapCached:        99456 kB
Active:          3061496 kB
Inactive:         661648 kB
Active(anon):    2924352 kB
Inactive(anon):   542628 kB
Active(file):     137144 kB
Inactive(file):   119020 kB
Unevictable:          20 kB
Mlocked:              20 kB
SwapTotal:       4194300 kB
SwapFree:        3973524 kB
Zswap:                 0 kB
Zswapped:              0 kB
Dirty:               244 kB
Writeback:             0 kB
AnonPages:       3316120 kB
Mapped:           253484 kB
Shmem:             55964 kB
KReclaimable:      56672 kB
Slab:             316324 kB
SReclaimable:      56672 kB
SUnreclaim:       259652 kB
KernelStack:       19056 kB
PageTables:        60976 kB
SecPageTables:         0 kB
NFS_Unstable:          0 kB
Bounce:                0 kB
WritebackTmp:          0 kB
CommitLimit:     8258920 kB
Committed_AS:   12344392 kB
VmallocTotal:   34359738367 kB
VmallocUsed:       47320 kB
VmallocChunk:          0 kB
Percpu:            13280 kB
HardwareCorrupted:     0 kB
AnonHugePages:      8192 kB
ShmemHugePages:        0 kB
ShmemPmdMapped:        0 kB
FileHugePages:         0 kB
FilePmdMapped:         0 kB
CmaTotal:              0 kB
CmaFree:               0 kB
Unaccepted:            0 kB
Balloon:               0 kB
HugePages_Total:       0
HugePages_Free:        0
HugePages_Rsvd:        0
HugePages_Surp:        0
Hugepagesize:       2048 kB
Hugetlb:               0 kB
DirectMap4k:      194432 kB
DirectMap2M:     6096896 kB
DirectMap1G:     4194304 kB
---SNAPSHOT---
2026-04-27 01:59:08
MemTotal:        8129240 kB
MemFree:         3589832 kB
MemAvailable:    3785780 kB
Buffers:            6316 kB
Cached:           305760 kB
SwapCached:        99456 kB
Active:          2725640 kB
Inactive:         661656 kB
Active(anon):    2588496 kB
Inactive(anon):   542628 kB
Active(file):     137144 kB
Inactive(file):   119028 kB
Unevictable:      511880 kB
Mlocked:          511880 kB
SwapTotal:       4194300 kB
SwapFree:        3973524 kB
Zswap:                 0 kB
Zswapped:              0 kB
Dirty:               252 kB
Writeback:             0 kB
AnonPages:       3492064 kB
Mapped:           253484 kB
Shmem:             55964 kB
KReclaimable:      56672 kB
Slab:             305984 kB
SReclaimable:      56672 kB
SUnreclaim:       249312 kB
KernelStack:       19056 kB
PageTables:        61196 kB
SecPageTables:         0 kB
NFS_Unstable:          0 kB
Bounce:                0 kB
WritebackTmp:          0 kB
CommitLimit:     8258920 kB
