---SNAPSHOT---
2026-04-27 02:07:32
MemTotal:        8129240 kB
MemFree:         4650796 kB
MemAvailable:    4837360 kB
Buffers:            5548 kB
Cached:           281580 kB
SwapCached:       117888 kB
Active:          2032740 kB
Inactive:         678404 kB
Active(anon):    1901732 kB
Inactive(anon):   561060 kB
Active(file):     131008 kB
Inactive(file):   117344 kB
Unevictable:           0 kB
Mlocked:               0 kB
SwapTotal:       4194300 kB
SwapFree:        3955092 kB
Zswap:                 0 kB
Zswapped:              0 kB
Dirty:               264 kB
Writeback:             0 kB
AnonPages:       2310388 kB
Mapped:           237572 kB
Shmem:             38812 kB
KReclaimable:      55108 kB
Slab:             283260 kB
SReclaimable:      55108 kB
SUnreclaim:       228152 kB
KernelStack:       18740 kB
PageTables:        57740 kB
SecPageTables:         0 kB
NFS_Unstable:          0 kB
Bounce:                0 kB
WritebackTmp:          0 kB
CommitLimit:     8258920 kB
Committed_AS:    9393916 kB
VmallocTotal:   34359738367 kB
VmallocUsed:       47032 kB
VmallocChunk:          0 kB
Percpu:            13280 kB
HardwareCorrupted:     0 kB
AnonHugePages:      6144 kB
ShmemHugePages:        0 kB
ShmemPmdMapped:        0 kB
FileHugePages:         0 kB
FilePmdMapped:         0 kB
CmaTotal:              0 kB
CmaFree:               0 kB
Unaccepted:            0 kB
Balloon:               0 kB
HugePages_Total:       0
HugePages_Free:        0
HugePages_Rsvd:        0
HugePages_Surp:        0
Hugepagesize:       2048 kB
Hugetlb:               0 kB
DirectMap4k:      194432 kB
DirectMap2M:     6096896 kB
DirectMap1G:     4194304 kB
---SNAPSHOT---
2026-04-27 02:07:33
MemTotal:        8129240 kB
MemFree:         4668540 kB
MemAvailable:    4855796 kB
Buffers:            5548 kB
Cached:           282240 kB
SwapCached:       117888 kB
Active:          2033140 kB
Inactive:         678760 kB
Active(anon):    1901796 kB
Inactive(anon):   561060 kB
Active(file):     131344 kB
Inactive(file):   117700 kB
Unevictable:           0 kB
Mlocked:               0 kB
SwapTotal:       4194300 kB
SwapFree:        3955092 kB
Zswap:                 0 kB
Zswapped:              0 kB
Dirty:               448 kB
Writeback:             0 kB
AnonPages:       2310676 kB
Mapped:           237516 kB
Shmem:             38812 kB
KReclaimable:      55108 kB
Slab:             283260 kB
SReclaimable:      55108 kB
SUnreclaim:       228152 kB
KernelStack:       18720 kB
PageTables:        57432 kB
SecPageTables:         0 kB
NFS_Unstable:          0 kB
Bounce:                0 kB
WritebackTmp:          0 kB
CommitLimit:     8258920 kB
Committed_AS:    9394036 kB
VmallocTotal:   34359738367 kB
VmallocUsed:       47048 kB
VmallocChunk:          0 kB
Percpu:            13280 kB
HardwareCorrupted:     0 kB
AnonHugePages:      6144 kB
ShmemHugePages:        0 kB
ShmemPmdMapped:        0 kB
FileHugePages:         0 kB
FilePmdMapped:         0 kB
CmaTotal:              0 kB
CmaFree:               0 kB
Unaccepted:            0 kB
Balloon:               0 kB
HugePages_Total:       0
HugePages_Free:        0
HugePages_Rsvd:        0
HugePages_Surp:        0
Hugepagesize:       2048 kB
Hugetlb:               0 kB
DirectMap4k:      194432 kB
DirectMap2M:     6096896 kB
DirectMap1G:     4194304 kB
---SNAPSHOT---
2026-04-27 02:07:34
MemTotal:        8129240 kB
MemFree:         4694640 kB
MemAvailable:    4881904 kB
Buffers:            5556 kB
Cached:           282244 kB
SwapCached:       117888 kB
Active:          2033308 kB
Inactive:         678768 kB
Active(anon):    1901964 kB
Inactive(anon):   561060 kB
Active(file):     131344 kB
Inactive(file):   117708 kB
Unevictable:           0 kB
Mlocked:               0 kB
SwapTotal:       4194300 kB
SwapFree:        3955092 kB
Zswap:                 0 kB
Zswapped:              0 kB
Dirty:               504 kB
Writeback:             0 kB
AnonPages:       2310896 kB
Mapped:           237516 kB
Shmem:             38812 kB
KReclaimable:      55108 kB
Slab:             283260 kB
SReclaimable:      55108 kB
SUnreclaim:       228152 kB
KernelStack:       18752 kB
PageTables:        57568 kB
SecPageTables:         0 kB
NFS_Unstable:          0 kB
Bounce:                0 kB
WritebackTmp:          0 kB
CommitLimit:     8258920 kB
Committed_AS:    9393920 kB
VmallocTotal:   34359738367 kB
VmallocUsed:       47080 kB
VmallocChunk:          0 kB
Percpu:            13280 kB
HardwareCorrupted:     0 kB
AnonHugePages:      6144 kB
ShmemHugePages:        0 kB
ShmemPmdMapped:        0 kB
FileHugePages:         0 kB
FilePmdMapped:         0 kB
CmaTotal:              0 kB
CmaFree:               0 kB
Unaccepted:            0 kB
Balloon:               0 kB
HugePages_Total:       0
HugePages_Free:        0
HugePages_Rsvd:        0
HugePages_Surp:        0
Hugepagesize:       2048 kB
Hugetlb:               0 kB
DirectMap4k:      194432 kB
DirectMap2M:     6096896 kB
DirectMap1G:     4194304 kB
---SNAPSHOT---
2026-04-27 02:07:35
MemTotal:        8129240 kB
MemFree:         4698052 kB
MemAvailable:    4889644 kB
Buffers:            5828 kB
Cached:           284720 kB
SwapCached:       117888 kB
Active:          2036748 kB
Inactive:         679020 kB
Active(anon):    1902896 kB
Inactive(anon):   561060 kB
Active(file):     133852 kB
Inactive(file):   117960 kB
Unevictable:           0 kB
Mlocked:               0 kB
SwapTotal:       4194300 kB
SwapFree:        3955092 kB
Zswap:                 0 kB
Zswapped:              0 kB
Dirty:               512 kB
Writeback:             0 kB
AnonPages:       2311828 kB
Mapped:           238020 kB
Shmem:             38812 kB
KReclaimable:      56676 kB
Slab:             284836 kB
SReclaimable:      56676 kB
SUnreclaim:       228160 kB
KernelStack:       18800 kB
PageTables:        58116 kB
SecPageTables:         0 kB
NFS_Unstable:          0 kB
Bounce:                0 kB
WritebackTmp:          0 kB
CommitLimit:     8258920 kB
Committed_AS:    9403568 kB
VmallocTotal:   34359738367 kB
VmallocUsed:       47144 kB
VmallocChunk:          0 kB
Percpu:            13280 kB
HardwareCorrupted:     0 kB
AnonHugePages:      6144 kB
ShmemHugePages:        0 kB
ShmemPmdMapped:        0 kB
FileHugePages:         0 kB
FilePmdMapped:         0 kB
CmaTotal:              0 kB
CmaFree:               0 kB
Unaccepted:            0 kB
Balloon:               0 kB
HugePages_Total:       0
HugePages_Free:        0
HugePages_Rsvd:        0
HugePages_Surp:        0
Hugepagesize:       2048 kB
Hugetlb:               0 kB
DirectMap4k:      194432 kB
DirectMap2M:     6096896 kB
DirectMap1G:     4194304 kB
---SNAPSHOT---
2026-04-27 02:07:36
MemTotal:        8129240 kB
MemFree:         2584344 kB
MemAvailable:    2784484 kB
Buffers:            5960 kB
Cached:           310300 kB
SwapCached:       117888 kB
Active:          4139392 kB
Inactive:         679400 kB
Active(anon):    3997372 kB
Inactive(anon):   561060 kB
Active(file):     142020 kB
Inactive(file):   118340 kB
Unevictable:          16 kB
Mlocked:              16 kB
SwapTotal:       4194300 kB
SwapFree:        3955092 kB
Zswap:                 0 kB
Zswapped:              0 kB
Dirty:               592 kB
Writeback:             0 kB
AnonPages:       4389100 kB
Mapped:           258512 kB
Shmem:             55960 kB
KReclaimable:      56676 kB
Slab:             284936 kB
SReclaimable:      56676 kB
SUnreclaim:       228260 kB
KernelStack:       18988 kB
PageTables:        62876 kB
SecPageTables:         0 kB
NFS_Unstable:          0 kB
Bounce:                0 kB
WritebackTmp:          0 kB
CommitLimit:     8258920 kB
Committed_AS:   11744228 kB
VmallocTotal:   34359738367 kB
VmallocUsed:       47240 kB
VmallocChunk:          0 kB
Percpu:            13280 kB
HardwareCorrupted:     0 kB
AnonHugePages:      6144 kB
ShmemHugePages:        0 kB
ShmemPmdMapped:        0 kB
FileHugePages:         0 kB
FilePmdMapped:         0 kB
CmaTotal:              0 kB
CmaFree:               0 kB
Unaccepted:            0 kB
Balloon:               0 kB
HugePages_Total:       0
HugePages_Free:        0
HugePages_Rsvd:        0
HugePages_Surp:        0
Hugepagesize:       2048 kB
Hugetlb:               0 kB
DirectMap4k:      194432 kB
DirectMap2M:     6096896 kB
DirectMap1G:     4194304 kB
---SNAPSHOT---
2026-04-27 02:07:37
MemTotal:        8129240 kB
MemFree:         2408408 kB
MemAvailable:    2608556 kB
Buffers:            5960 kB
Cached:           310308 kB
SwapCached:       117888 kB
Active:          4315820 kB
Inactive:         679408 kB
Active(anon):    4173800 kB
Inactive(anon):   561060 kB
Active(file):     142020 kB
Inactive(file):   118348 kB
Unevictable:          16 kB
Mlocked:              16 kB
SwapTotal:       4194300 kB
SwapFree:        3955092 kB
Zswap:                 0 kB
Zswapped:              0 kB
Dirty:               600 kB
Writeback:             0 kB
AnonPages:       4565788 kB
Mapped:           258284 kB
Shmem:             55960 kB
KReclaimable:      56676 kB
Slab:             284908 kB
SReclaimable:      56676 kB
SUnreclaim:       228232 kB
KernelStack:       18912 kB
PageTables:        63156 kB
SecPageTables:         0 kB
NFS_Unstable:          0 kB
Bounce:                0 kB
WritebackTmp:          0 kB
CommitLimit:     8258920 kB
Committed_AS:   11743988 kB
VmallocTotal:   34359738367 kB
VmallocUsed:       47224 kB
VmallocChunk:          0 kB
Percpu:            13280 kB
HardwareCorrupted:     0 kB
AnonHugePages:      6144 kB
ShmemHugePages:        0 kB
ShmemPmdMapped:        0 kB
FileHugePages:         0 kB
FilePmdMapped:         0 kB
CmaTotal:              0 kB
CmaFree:               0 kB
Unaccepted:            0 kB
Balloon:               0 kB
HugePages_Total:       0
HugePages_Free:        0
HugePages_Rsvd:        0
HugePages_Surp:        0
Hugepagesize:       2048 kB
Hugetlb:               0 kB
DirectMap4k:      194432 kB
DirectMap2M:     6096896 kB
DirectMap1G:     4194304 kB
---SNAPSHOT---
2026-04-27 02:07:38
MemTotal:        8129240 kB
MemFree:         2411920 kB
MemAvailable:    2612072 kB
Buffers:            5960 kB
Cached:           310312 kB
SwapCached:       117888 kB
Active:          4315988 kB
Inactive:         679412 kB
Active(anon):    4173968 kB
Inactive(anon):   561060 kB
Active(file):     142020 kB
Inactive(file):   118352 kB
Unevictable:          16 kB
Mlocked:              16 kB
SwapTotal:       4194300 kB
SwapFree:        3955092 kB
Zswap:                 0 kB
Zswapped:              0 kB
Dirty:               604 kB
Writeback:             0 kB
AnonPages:       4565988 kB
Mapped:           258284 kB
Shmem:             55960 kB
KReclaimable:      56676 kB
Slab:             284924 kB
SReclaimable:      56676 kB
SUnreclaim:       228248 kB
KernelStack:       18956 kB
PageTables:        63100 kB
SecPageTables:         0 kB
NFS_Unstable:          0 kB
Bounce:                0 kB
WritebackTmp:          0 kB
CommitLimit:     8258920 kB
Committed_AS:   11743604 kB
VmallocTotal:   34359738367 kB
VmallocUsed:       47224 kB
VmallocChunk:          0 kB
Percpu:            13280 kB
HardwareCorrupted:     0 kB
AnonHugePages:      6144 kB
ShmemHugePages:        0 kB
ShmemPmdMapped:        0 kB
FileHugePages:         0 kB
FilePmdMapped:         0 kB
CmaTotal:              0 kB
CmaFree:               0 kB
Unaccepted:            0 kB
Balloon:               0 kB
HugePages_Total:       0
HugePages_Free:        0
HugePages_Rsvd:        0
HugePages_Surp:        0
Hugepagesize:       2048 kB
Hugetlb:               0 kB
DirectMap4k:      194432 kB
DirectMap2M:     6096896 kB
DirectMap1G:     4194304 kB
---SNAPSHOT---
2026-04-27 02:07:39
MemTotal:        8129240 kB
MemFree:         2422720 kB
MemAvailable:    2622872 kB
Buffers:            5968 kB
Cached:           310308 kB
SwapCached:       117888 kB
Active:          4316092 kB
Inactive:         679412 kB
Active(anon):    4174072 kB
Inactive(anon):   561060 kB
Active(file):     142020 kB
Inactive(file):   118352 kB
Unevictable:          16 kB
Mlocked:              16 kB
SwapTotal:       4194300 kB
SwapFree:        3955092 kB
Zswap:                 0 kB
Zswapped:              0 kB
Dirty:               608 kB
Writeback:             0 kB
AnonPages:       4565752 kB
Mapped:           258284 kB
Shmem:             55960 kB
KReclaimable:      56676 kB
Slab:             284920 kB
SReclaimable:      56676 kB
SUnreclaim:       228244 kB
KernelStack:       18956 kB
PageTables:        63144 kB
SecPageTables:         0 kB
NFS_Unstable:          0 kB
Bounce:                0 kB
WritebackTmp:          0 kB
CommitLimit:     8258920 kB
Committed_AS:   11744084 kB
VmallocTotal:   34359738367 kB
VmallocUsed:       47208 kB
VmallocChunk:          0 kB
Percpu:            13280 kB
HardwareCorrupted:     0 kB
AnonHugePages:      6144 kB
ShmemHugePages:        0 kB
ShmemPmdMapped:        0 kB
FileHugePages:         0 kB
FilePmdMapped:         0 kB
CmaTotal:              0 kB
CmaFree:               0 kB
Unaccepted:            0 kB
Balloon:               0 kB
HugePages_Total:       0
HugePages_Free:        0
HugePages_Rsvd:        0
HugePages_Surp:        0
Hugepagesize:       2048 kB
Hugetlb:               0 kB
DirectMap4k:      194432 kB
DirectMap2M:     6096896 kB
DirectMap1G:     4194304 kB
---SNAPSHOT---
2026-04-27 02:07:40
MemTotal:        8129240 kB
MemFree:         2413036 kB
MemAvailable:    2613244 kB
Buffers:            5968 kB
Cached:           310324 kB
SwapCached:       117888 kB
Active:          4316632 kB
Inactive:         679420 kB
Active(anon):    4174612 kB
Inactive(anon):   561060 kB
Active(file):     142020 kB
Inactive(file):   118360 kB
Unevictable:          16 kB
Mlocked:              16 kB
SwapTotal:       4194300 kB
SwapFree:        3955092 kB
Zswap:                 0 kB
Zswapped:              0 kB
Dirty:               616 kB
Writeback:             0 kB
AnonPages:       4566480 kB
Mapped:           258056 kB
Shmem:             55960 kB
KReclaimable:      56724 kB
Slab:             284940 kB
SReclaimable:      56724 kB
SUnreclaim:       228216 kB
KernelStack:       18976 kB
PageTables:        63776 kB
SecPageTables:         0 kB
NFS_Unstable:          0 kB
Bounce:                0 kB
WritebackTmp:          0 kB
CommitLimit:     8258920 kB
Committed_AS:   12038080 kB
VmallocTotal:   34359738367 kB
VmallocUsed:       47240 kB
VmallocChunk:          0 kB
Percpu:            13280 kB
HardwareCorrupted:     0 kB
AnonHugePages:      6144 kB
ShmemHugePages:        0 kB
ShmemPmdMapped:        0 kB
FileHugePages:         0 kB
FilePmdMapped:         0 kB
CmaTotal:              0 kB
CmaFree:               0 kB
Unaccepted:            0 kB
Balloon:               0 kB
HugePages_Total:       0
HugePages_Free:        0
HugePages_Rsvd:        0
HugePages_Surp:        0
Hugepagesize:       2048 kB
Hugetlb:               0 kB
DirectMap4k:      194432 kB
DirectMap2M:     6096896 kB
DirectMap1G:     4194304 kB
---SNAPSHOT---
2026-04-27 02:07:41
MemTotal:        8129240 kB
MemFree:         2414132 kB
MemAvailable:    2614344 kB
Buffers:            5968 kB
Cached:           310328 kB
SwapCached:       117888 kB
Active:          4315940 kB
Inactive:         679424 kB
Active(anon):    4173920 kB
Inactive(anon):   561060 kB
Active(file):     142020 kB
Inactive(file):   118364 kB
Unevictable:          16 kB
Mlocked:              16 kB
SwapTotal:       4194300 kB
SwapFree:        3955092 kB
Zswap:                 0 kB
Zswapped:              0 kB
Dirty:               620 kB
Writeback:             0 kB
AnonPages:       4565648 kB
Mapped:           258512 kB
Shmem:             55960 kB
KReclaimable:      56724 kB
Slab:             284952 kB
SReclaimable:      56724 kB
SUnreclaim:       228228 kB
KernelStack:       18972 kB
PageTables:        63144 kB
SecPageTables:         0 kB
NFS_Unstable:          0 kB
Bounce:                0 kB
WritebackTmp:          0 kB
CommitLimit:     8258920 kB
Committed_AS:   11744348 kB
VmallocTotal:   34359738367 kB
VmallocUsed:       47256 kB
VmallocChunk:          0 kB
Percpu:            13280 kB
HardwareCorrupted:     0 kB
AnonHugePages:      6144 kB
ShmemHugePages:        0 kB
ShmemPmdMapped:        0 kB
FileHugePages:         0 kB
FilePmdMapped:         0 kB
CmaTotal:              0 kB
CmaFree:               0 kB
Unaccepted:            0 kB
Balloon:               0 kB
HugePages_Total:       0
HugePages_Free:        0
HugePages_Rsvd:        0
HugePages_Surp:        0
Hugepagesize:       2048 kB
Hugetlb:               0 kB
DirectMap4k:      194432 kB
DirectMap2M:     6096896 kB
DirectMap1G:     4194304 kB
---SNAPSHOT---
2026-04-27 02:07:42
MemTotal:        8129240 kB
MemFree:         2419972 kB
MemAvailable:    2620192 kB
Buffers:            5968 kB
Cached:           310336 kB
SwapCached:       117888 kB
Active:          4315944 kB
Inactive:         679432 kB
Active(anon):    4173924 kB
Inactive(anon):   561060 kB
Active(file):     142020 kB
Inactive(file):   118372 kB
Unevictable:          16 kB
Mlocked:              16 kB
SwapTotal:       4194300 kB
SwapFree:        3955092 kB
Zswap:                 0 kB
Zswapped:              0 kB
Dirty:               628 kB
Writeback:             0 kB
AnonPages:       4565824 kB
Mapped:           258284 kB
Shmem:             55960 kB
KReclaimable:      56724 kB
Slab:             284936 kB
SReclaimable:      56724 kB
SUnreclaim:       228212 kB
KernelStack:       18912 kB
PageTables:        62944 kB
SecPageTables:         0 kB
NFS_Unstable:          0 kB
Bounce:                0 kB
WritebackTmp:          0 kB
CommitLimit:     8258920 kB
Committed_AS:   11743856 kB
VmallocTotal:   34359738367 kB
VmallocUsed:       47224 kB
VmallocChunk:          0 kB
Percpu:            13280 kB
HardwareCorrupted:     0 kB
AnonHugePages:      6144 kB
ShmemHugePages:        0 kB
ShmemPmdMapped:        0 kB
FileHugePages:         0 kB
FilePmdMapped:         0 kB
CmaTotal:              0 kB
CmaFree:               0 kB
Unaccepted:            0 kB
Balloon:               0 kB
HugePages_Total:       0
HugePages_Free:        0
HugePages_Rsvd:        0
HugePages_Surp:        0
Hugepagesize:       2048 kB
Hugetlb:               0 kB
DirectMap4k:      194432 kB
DirectMap2M:     6096896 kB
DirectMap1G:     4194304 kB
---SNAPSHOT---
2026-04-27 02:07:43
MemTotal:        8129240 kB
MemFree:         2425432 kB
MemAvailable:    2625656 kB
Buffers:            5968 kB
Cached:           310340 kB
SwapCached:       117888 kB
Active:          4315920 kB
Inactive:         679436 kB
Active(anon):    4173900 kB
Inactive(anon):   561060 kB
Active(file):     142020 kB
Inactive(file):   118376 kB
Unevictable:          16 kB
Mlocked:              16 kB
SwapTotal:       4194300 kB
SwapFree:        3955092 kB
Zswap:                 0 kB
Zswapped:              0 kB
Dirty:               632 kB
Writeback:             0 kB
AnonPages:       4565768 kB
Mapped:           258512 kB
Shmem:             55960 kB
KReclaimable:      56724 kB
Slab:             284936 kB
SReclaimable:      56724 kB
SUnreclaim:       228212 kB
KernelStack:       18896 kB
PageTables:        62904 kB
SecPageTables:         0 kB
NFS_Unstable:          0 kB
Bounce:                0 kB
WritebackTmp:          0 kB
CommitLimit:     8258920 kB
Committed_AS:   11743988 kB
VmallocTotal:   34359738367 kB
VmallocUsed:       47224 kB
VmallocChunk:          0 kB
Percpu:            13280 kB
HardwareCorrupted:     0 kB
AnonHugePages:      6144 kB
ShmemHugePages:        0 kB
ShmemPmdMapped:        0 kB
FileHugePages:         0 kB
FilePmdMapped:         0 kB
CmaTotal:              0 kB
CmaFree:               0 kB
Unaccepted:            0 kB
Balloon:               0 kB
HugePages_Total:       0
HugePages_Free:        0
HugePages_Rsvd:        0
HugePages_Surp:        0
Hugepagesize:       2048 kB
Hugetlb:               0 kB
DirectMap4k:      194432 kB
DirectMap2M:     6096896 kB
DirectMap1G:     4194304 kB
---SNAPSHOT---
2026-04-27 02:07:44
MemTotal:        8129240 kB
MemFree:         2427736 kB
MemAvailable:    2627968 kB
Buffers:            5976 kB
Cached:           310336 kB
SwapCached:       117888 kB
Active:          4316008 kB
Inactive:         679444 kB
Active(anon):    4173988 kB
Inactive(anon):   561060 kB
Active(file):     142020 kB
Inactive(file):   118384 kB
Unevictable:          16 kB
Mlocked:              16 kB
SwapTotal:       4194300 kB
SwapFree:        3955092 kB
Zswap:                 0 kB
Zswapped:              0 kB
Dirty:               636 kB
Writeback:             0 kB
AnonPages:       4566104 kB
Mapped:           258284 kB
Shmem:             55960 kB
KReclaimable:      56724 kB
Slab:             284932 kB
SReclaimable:      56724 kB
SUnreclaim:       228208 kB
KernelStack:       18972 kB
PageTables:        63368 kB
SecPageTables:         0 kB
NFS_Unstable:          0 kB
Bounce:                0 kB
WritebackTmp:          0 kB
CommitLimit:     8258920 kB
Committed_AS:   11744252 kB
VmallocTotal:   34359738367 kB
VmallocUsed:       47224 kB
VmallocChunk:          0 kB
Percpu:            13280 kB
HardwareCorrupted:     0 kB
AnonHugePages:      6144 kB
ShmemHugePages:        0 kB
ShmemPmdMapped:        0 kB
FileHugePages:         0 kB
FilePmdMapped:         0 kB
CmaTotal:              0 kB
CmaFree:               0 kB
Unaccepted:            0 kB
Balloon:               0 kB
HugePages_Total:       0
HugePages_Free:        0
HugePages_Rsvd:        0
HugePages_Surp:        0
Hugepagesize:       2048 kB
Hugetlb:               0 kB
DirectMap4k:      194432 kB
DirectMap2M:     6096896 kB
DirectMap1G:     4194304 kB
---SNAPSHOT---
2026-04-27 02:07:45
MemTotal:        8129240 kB
MemFree:         2436100 kB
MemAvailable:    2636336 kB
Buffers:            5976 kB
Cached:           310352 kB
SwapCached:       117888 kB
Active:          4315924 kB
Inactive:         679448 kB
Active(anon):    4173904 kB
Inactive(anon):   561060 kB
Active(file):     142020 kB
Inactive(file):   118388 kB
Unevictable:          16 kB
Mlocked:              16 kB
SwapTotal:       4194300 kB
SwapFree:        3955092 kB
Zswap:                 0 kB
Zswapped:              0 kB
Dirty:               644 kB
Writeback:             0 kB
AnonPages:       4565540 kB
Mapped:           258512 kB
Shmem:             55960 kB
KReclaimable:      56724 kB
Slab:             284940 kB
SReclaimable:      56724 kB
SUnreclaim:       228216 kB
KernelStack:       18896 kB
PageTables:        62908 kB
SecPageTables:         0 kB
NFS_Unstable:          0 kB
Bounce:                0 kB
WritebackTmp:          0 kB
CommitLimit:     8258920 kB
Committed_AS:   11744240 kB
VmallocTotal:   34359738367 kB
VmallocUsed:       47208 kB
VmallocChunk:          0 kB
Percpu:            13280 kB
HardwareCorrupted:     0 kB
AnonHugePages:      6144 kB
ShmemHugePages:        0 kB
ShmemPmdMapped:        0 kB
FileHugePages:         0 kB
FilePmdMapped:         0 kB
CmaTotal:              0 kB
CmaFree:               0 kB
Unaccepted:            0 kB
Balloon:               0 kB
HugePages_Total:       0
HugePages_Free:        0
HugePages_Rsvd:        0
HugePages_Surp:        0
Hugepagesize:       2048 kB
Hugetlb:               0 kB
DirectMap4k:      194432 kB
DirectMap2M:     6096896 kB
DirectMap1G:     4194304 kB
---SNAPSHOT---
2026-04-27 02:07:46
MemTotal:        8129240 kB
MemFree:         2446056 kB
MemAvailable:    2646300 kB
Buffers:            5976 kB
Cached:           310356 kB
SwapCached:       117888 kB
Active:          4315996 kB
Inactive:         679456 kB
Active(anon):    4173976 kB
Inactive(anon):   561060 kB
Active(file):     142020 kB
Inactive(file):   118396 kB
Unevictable:          16 kB
Mlocked:              16 kB
SwapTotal:       4194300 kB
SwapFree:        3955092 kB
Zswap:                 0 kB
Zswapped:              0 kB
Dirty:               648 kB
Writeback:             0 kB
AnonPages:       4565876 kB
Mapped:           258284 kB
Shmem:             55960 kB
KReclaimable:      56724 kB
Slab:             284940 kB
SReclaimable:      56724 kB
SUnreclaim:       228216 kB
KernelStack:       18912 kB
PageTables:        63368 kB
SecPageTables:         0 kB
NFS_Unstable:          0 kB
Bounce:                0 kB
WritebackTmp:          0 kB
CommitLimit:     8258920 kB
Committed_AS:   11744144 kB
VmallocTotal:   34359738367 kB
VmallocUsed:       47224 kB
VmallocChunk:          0 kB
Percpu:            13280 kB
HardwareCorrupted:     0 kB
AnonHugePages:      6144 kB
ShmemHugePages:        0 kB
ShmemPmdMapped:        0 kB
FileHugePages:         0 kB
FilePmdMapped:         0 kB
CmaTotal:              0 kB
CmaFree:               0 kB
Unaccepted:            0 kB
Balloon:               0 kB
HugePages_Total:       0
HugePages_Free:        0
HugePages_Rsvd:        0
HugePages_Surp:        0
Hugepagesize:       2048 kB
Hugetlb:               0 kB
DirectMap4k:      194432 kB
DirectMap2M:     6096896 kB
DirectMap1G:     4194304 kB
---SNAPSHOT---
2026-04-27 02:07:47
MemTotal:        8129240 kB
MemFree:         2462320 kB
MemAvailable:    2662572 kB
Buffers:            5976 kB
Cached:           310364 kB
SwapCached:       117888 kB
Active:          4316012 kB
Inactive:         679464 kB
Active(anon):    4173992 kB
Inactive(anon):   561060 kB
Active(file):     142020 kB
Inactive(file):   118404 kB
Unevictable:          16 kB
Mlocked:              16 kB
SwapTotal:       4194300 kB
SwapFree:        3955092 kB
Zswap:                 0 kB
Zswapped:              0 kB
Dirty:               656 kB
Writeback:             0 kB
AnonPages:       4565768 kB
Mapped:           258284 kB
Shmem:             55960 kB
KReclaimable:      56724 kB
Slab:             284940 kB
SReclaimable:      56724 kB
SUnreclaim:       228216 kB
KernelStack:       18896 kB
PageTables:        63356 kB
SecPageTables:         0 kB
NFS_Unstable:          0 kB
Bounce:                0 kB
WritebackTmp:          0 kB
CommitLimit:     8258920 kB
Committed_AS:   11744240 kB
VmallocTotal:   34359738367 kB
VmallocUsed:       47192 kB
VmallocChunk:          0 kB
Percpu:            13280 kB
HardwareCorrupted:     0 kB
AnonHugePages:      6144 kB
ShmemHugePages:        0 kB
ShmemPmdMapped:        0 kB
FileHugePages:         0 kB
FilePmdMapped:         0 kB
CmaTotal:              0 kB
CmaFree:               0 kB
Unaccepted:            0 kB
Balloon:               0 kB
HugePages_Total:       0
HugePages_Free:        0
HugePages_Rsvd:        0
HugePages_Surp:        0
Hugepagesize:       2048 kB
Hugetlb:               0 kB
DirectMap4k:      194432 kB
DirectMap2M:     6096896 kB
DirectMap1G:     4194304 kB
---SNAPSHOT---
2026-04-27 02:07:48
MemTotal:        8129240 kB
MemFree:         2478452 kB
MemAvailable:    2678708 kB
Buffers:            5976 kB
Cached:           310368 kB
SwapCached:       117888 kB
Active:          4316044 kB
Inactive:         679468 kB
Active(anon):    4174024 kB
Inactive(anon):   561060 kB
Active(file):     142020 kB
Inactive(file):   118408 kB
Unevictable:          16 kB
Mlocked:              16 kB
SwapTotal:       4194300 kB
SwapFree:        3955092 kB
Zswap:                 0 kB
Zswapped:              0 kB
Dirty:               660 kB
Writeback:             0 kB
AnonPages:       4565880 kB
Mapped:           258284 kB
Shmem:             55960 kB
KReclaimable:      56724 kB
Slab:             284932 kB
SReclaimable:      56724 kB
SUnreclaim:       228208 kB
KernelStack:       18912 kB
PageTables:        62912 kB
SecPageTables:         0 kB
NFS_Unstable:          0 kB
Bounce:                0 kB
WritebackTmp:          0 kB
CommitLimit:     8258920 kB
Committed_AS:   11744096 kB
VmallocTotal:   34359738367 kB
VmallocUsed:       47176 kB
VmallocChunk:          0 kB
Percpu:            13280 kB
HardwareCorrupted:     0 kB
AnonHugePages:      6144 kB
ShmemHugePages:        0 kB
ShmemPmdMapped:        0 kB
FileHugePages:         0 kB
FilePmdMapped:         0 kB
CmaTotal:              0 kB
CmaFree:               0 kB
Unaccepted:            0 kB
Balloon:               0 kB
HugePages_Total:       0
HugePages_Free:        0
HugePages_Rsvd:        0
HugePages_Surp:        0
Hugepagesize:       2048 kB
Hugetlb:               0 kB
DirectMap4k:      194432 kB
DirectMap2M:     6096896 kB
DirectMap1G:     4194304 kB
---SNAPSHOT---
2026-04-27 02:07:49
MemTotal:        8129240 kB
MemFree:         2493152 kB
MemAvailable:    2693408 kB
Buffers:            5984 kB
Cached:           310364 kB
SwapCached:       117888 kB
Active:          4315796 kB
Inactive:         679468 kB
Active(anon):    4173776 kB
Inactive(anon):   561060 kB
Active(file):     142020 kB
Inactive(file):   118408 kB
Unevictable:          16 kB
Mlocked:              16 kB
SwapTotal:       4194300 kB
SwapFree:        3955092 kB
Zswap:                 0 kB
Zswapped:              0 kB
Dirty:               664 kB
Writeback:             0 kB
AnonPages:       4565652 kB
Mapped:           258284 kB
Shmem:             55960 kB
KReclaimable:      56724 kB
Slab:             284932 kB
SReclaimable:      56724 kB
SUnreclaim:       228208 kB
KernelStack:       18912 kB
PageTables:        62904 kB
SecPageTables:         0 kB
NFS_Unstable:          0 kB
Bounce:                0 kB
WritebackTmp:          0 kB
CommitLimit:     8258920 kB
Committed_AS:   11744096 kB
VmallocTotal:   34359738367 kB
VmallocUsed:       47208 kB
VmallocChunk:          0 kB
Percpu:            13280 kB
HardwareCorrupted:     0 kB
AnonHugePages:      6144 kB
ShmemHugePages:        0 kB
ShmemPmdMapped:        0 kB
FileHugePages:         0 kB
FilePmdMapped:         0 kB
CmaTotal:              0 kB
CmaFree:               0 kB
Unaccepted:            0 kB
Balloon:               0 kB
HugePages_Total:       0
HugePages_Free:        0
HugePages_Rsvd:        0
HugePages_Surp:        0
Hugepagesize:       2048 kB
Hugetlb:               0 kB
DirectMap4k:      194432 kB
DirectMap2M:     6096896 kB
DirectMap1G:     4194304 kB
---SNAPSHOT---
2026-04-27 02:07:50
MemTotal:        8129240 kB
MemFree:         2504808 kB
MemAvailable:    2705092 kB
Buffers:            5984 kB
Cached:           310380 kB
SwapCached:       117888 kB
Active:          4315708 kB
Inactive:         679480 kB
Active(anon):    4173688 kB
Inactive(anon):   561060 kB
Active(file):     142020 kB
Inactive(file):   118420 kB
Unevictable:          16 kB
Mlocked:              16 kB
SwapTotal:       4194300 kB
SwapFree:        3955092 kB
Zswap:                 0 kB
Zswapped:              0 kB
Dirty:               672 kB
Writeback:             0 kB
AnonPages:       4565560 kB
Mapped:           258284 kB
Shmem:             55960 kB
KReclaimable:      56740 kB
Slab:             284956 kB
SReclaimable:      56740 kB
SUnreclaim:       228216 kB
KernelStack:       18912 kB
PageTables:        62912 kB
SecPageTables:         0 kB
NFS_Unstable:          0 kB
Bounce:                0 kB
WritebackTmp:          0 kB
CommitLimit:     8258920 kB
Committed_AS:   11744120 kB
VmallocTotal:   34359738367 kB
VmallocUsed:       47176 kB
VmallocChunk:          0 kB
Percpu:            13280 kB
HardwareCorrupted:     0 kB
AnonHugePages:      6144 kB
ShmemHugePages:        0 kB
ShmemPmdMapped:        0 kB
FileHugePages:         0 kB
FilePmdMapped:         0 kB
CmaTotal:              0 kB
CmaFree:               0 kB
Unaccepted:            0 kB
Balloon:               0 kB
HugePages_Total:       0
HugePages_Free:        0
HugePages_Rsvd:        0
HugePages_Surp:        0
Hugepagesize:       2048 kB
Hugetlb:               0 kB
DirectMap4k:      194432 kB
DirectMap2M:     6096896 kB
DirectMap1G:     4194304 kB
---SNAPSHOT---
2026-04-27 02:07:51
MemTotal:        8129240 kB
MemFree:         2519296 kB
MemAvailable:    2719584 kB
Buffers:            5984 kB
Cached:           310384 kB
SwapCached:       117888 kB
Active:          4315532 kB
Inactive:         679484 kB
Active(anon):    4173512 kB
Inactive(anon):   561060 kB
Active(file):     142020 kB
Inactive(file):   118424 kB
Unevictable:          16 kB
Mlocked:              16 kB
SwapTotal:       4194300 kB
SwapFree:        3955092 kB
Zswap:                 0 kB
Zswapped:              0 kB
Dirty:               676 kB
Writeback:             0 kB
AnonPages:       4565552 kB
Mapped:           258284 kB
Shmem:             55960 kB
KReclaimable:      56740 kB
Slab:             284956 kB
SReclaimable:      56740 kB
SUnreclaim:       228216 kB
KernelStack:       18912 kB
PageTables:        63144 kB
SecPageTables:         0 kB
NFS_Unstable:          0 kB
Bounce:                0 kB
WritebackTmp:          0 kB
CommitLimit:     8258920 kB
Committed_AS:   11744240 kB
VmallocTotal:   34359738367 kB
VmallocUsed:       47192 kB
VmallocChunk:          0 kB
Percpu:            13280 kB
HardwareCorrupted:     0 kB
AnonHugePages:      6144 kB
ShmemHugePages:        0 kB
ShmemPmdMapped:        0 kB
FileHugePages:         0 kB
FilePmdMapped:         0 kB
CmaTotal:              0 kB
CmaFree:               0 kB
Unaccepted:            0 kB
Balloon:               0 kB
HugePages_Total:       0
HugePages_Free:        0
HugePages_Rsvd:        0
HugePages_Surp:        0
Hugepagesize:       2048 kB
Hugetlb:               0 kB
DirectMap4k:      194432 kB
DirectMap2M:     6096896 kB
DirectMap1G:     4194304 kB
---SNAPSHOT---
2026-04-27 02:07:52
MemTotal:        8129240 kB
MemFree:         2529588 kB
MemAvailable:    2729884 kB
Buffers:            5984 kB
Cached:           310392 kB
SwapCached:       117888 kB
Active:          4315676 kB
Inactive:         679492 kB
Active(anon):    4173656 kB
Inactive(anon):   561060 kB
Active(file):     142020 kB
Inactive(file):   118432 kB
Unevictable:          16 kB
Mlocked:              16 kB
SwapTotal:       4194300 kB
SwapFree:        3955092 kB
Zswap:                 0 kB
Zswapped:              0 kB
Dirty:               684 kB
Writeback:             0 kB
AnonPages:       4565444 kB
Mapped:           258284 kB
Shmem:             55960 kB
KReclaimable:      56740 kB
Slab:             284960 kB
SReclaimable:      56740 kB
SUnreclaim:       228220 kB
KernelStack:       18896 kB
PageTables:        63360 kB
SecPageTables:         0 kB
NFS_Unstable:          0 kB
Bounce:                0 kB
WritebackTmp:          0 kB
CommitLimit:     8258920 kB
Committed_AS:   11744144 kB
VmallocTotal:   34359738367 kB
VmallocUsed:       47208 kB
VmallocChunk:          0 kB
Percpu:            13280 kB
HardwareCorrupted:     0 kB
AnonHugePages:      6144 kB
ShmemHugePages:        0 kB
ShmemPmdMapped:        0 kB
FileHugePages:         0 kB
FilePmdMapped:         0 kB
CmaTotal:              0 kB
CmaFree:               0 kB
Unaccepted:            0 kB
Balloon:               0 kB
HugePages_Total:       0
HugePages_Free:        0
HugePages_Rsvd:        0
HugePages_Surp:        0
Hugepagesize:       2048 kB
Hugetlb:               0 kB
DirectMap4k:      194432 kB
DirectMap2M:     6096896 kB
DirectMap1G:     4194304 kB
---SNAPSHOT---
2026-04-27 02:07:53
MemTotal:        8129240 kB
MemFree:         2539908 kB
MemAvailable:    2740208 kB
Buffers:            5984 kB
Cached:           310396 kB
SwapCached:       117888 kB
Active:          4315808 kB
Inactive:         679496 kB
Active(anon):    4173788 kB
Inactive(anon):   561060 kB
Active(file):     142020 kB
Inactive(file):   118436 kB
Unevictable:          16 kB
Mlocked:              16 kB
SwapTotal:       4194300 kB
SwapFree:        3955092 kB
Zswap:                 0 kB
Zswapped:              0 kB
Dirty:               688 kB
Writeback:             0 kB
AnonPages:       4565556 kB
Mapped:           258284 kB
Shmem:             55960 kB
KReclaimable:      56740 kB
Slab:             284960 kB
SReclaimable:      56740 kB
SUnreclaim:       228220 kB
KernelStack:       18912 kB
PageTables:        63368 kB
SecPageTables:         0 kB
NFS_Unstable:          0 kB
Bounce:                0 kB
WritebackTmp:          0 kB
CommitLimit:     8258920 kB
Committed_AS:   11744372 kB
VmallocTotal:   34359738367 kB
VmallocUsed:       47192 kB
VmallocChunk:          0 kB
Percpu:            13280 kB
HardwareCorrupted:     0 kB
AnonHugePages:      6144 kB
ShmemHugePages:        0 kB
ShmemPmdMapped:        0 kB
FileHugePages:         0 kB
FilePmdMapped:         0 kB
CmaTotal:              0 kB
CmaFree:               0 kB
Unaccepted:            0 kB
Balloon:               0 kB
HugePages_Total:       0
HugePages_Free:        0
HugePages_Rsvd:        0
HugePages_Surp:        0
Hugepagesize:       2048 kB
Hugetlb:               0 kB
DirectMap4k:      194432 kB
DirectMap2M:     6096896 kB
DirectMap1G:     4194304 kB
---SNAPSHOT---
2026-04-27 02:07:54
MemTotal:        8129240 kB
MemFree:         2543004 kB
MemAvailable:    2743312 kB
Buffers:            5992 kB
Cached:           310404 kB
SwapCached:       117888 kB
Active:          4316020 kB
Inactive:         679504 kB
Active(anon):    4174000 kB
Inactive(anon):   561060 kB
Active(file):     142020 kB
Inactive(file):   118444 kB
Unevictable:          16 kB
Mlocked:              16 kB
SwapTotal:       4194300 kB
SwapFree:        3955092 kB
Zswap:                 0 kB
Zswapped:              0 kB
Dirty:               696 kB
Writeback:             0 kB
AnonPages:       4565608 kB
Mapped:           258284 kB
Shmem:             55960 kB
KReclaimable:      56740 kB
Slab:             284956 kB
SReclaimable:      56740 kB
SUnreclaim:       228216 kB
KernelStack:       18972 kB
PageTables:        63160 kB
SecPageTables:         0 kB
NFS_Unstable:          0 kB
Bounce:                0 kB
WritebackTmp:          0 kB
CommitLimit:     8258920 kB
Committed_AS:   11744144 kB
VmallocTotal:   34359738367 kB
VmallocUsed:       47256 kB
VmallocChunk:          0 kB
Percpu:            13280 kB
HardwareCorrupted:     0 kB
AnonHugePages:      6144 kB
ShmemHugePages:        0 kB
ShmemPmdMapped:        0 kB
FileHugePages:         0 kB
FilePmdMapped:         0 kB
CmaTotal:              0 kB
CmaFree:               0 kB
Unaccepted:            0 kB
Balloon:               0 kB
HugePages_Total:       0
HugePages_Free:        0
HugePages_Rsvd:        0
HugePages_Surp:        0
Hugepagesize:       2048 kB
Hugetlb:               0 kB
DirectMap4k:      194432 kB
DirectMap2M:     6096896 kB
DirectMap1G:     4194304 kB
---SNAPSHOT---
2026-04-27 02:07:55
MemTotal:        8129240 kB
MemFree:         2548268 kB
MemAvailable:    2748580 kB
Buffers:            5992 kB
Cached:           310412 kB
SwapCached:       117888 kB
Active:          4316008 kB
Inactive:         679508 kB
Active(anon):    4173988 kB
Inactive(anon):   561060 kB
Active(file):     142020 kB
Inactive(file):   118448 kB
Unevictable:          16 kB
Mlocked:              16 kB
SwapTotal:       4194300 kB
SwapFree:        3955092 kB
Zswap:                 0 kB
Zswapped:              0 kB
Dirty:               704 kB
Writeback:             0 kB
AnonPages:       4565564 kB
Mapped:           258284 kB
Shmem:             55960 kB
KReclaimable:      56740 kB
Slab:             284956 kB
SReclaimable:      56740 kB
SUnreclaim:       228216 kB
KernelStack:       18972 kB
PageTables:        63368 kB
SecPageTables:         0 kB
NFS_Unstable:          0 kB
Bounce:                0 kB
WritebackTmp:          0 kB
CommitLimit:     8258920 kB
Committed_AS:   11744096 kB
VmallocTotal:   34359738367 kB
VmallocUsed:       47224 kB
VmallocChunk:          0 kB
Percpu:            13280 kB
HardwareCorrupted:     0 kB
AnonHugePages:      6144 kB
ShmemHugePages:        0 kB
ShmemPmdMapped:        0 kB
FileHugePages:         0 kB
FilePmdMapped:         0 kB
CmaTotal:              0 kB
CmaFree:               0 kB
Unaccepted:            0 kB
Balloon:               0 kB
HugePages_Total:       0
HugePages_Free:        0
HugePages_Rsvd:        0
HugePages_Surp:        0
Hugepagesize:       2048 kB
Hugetlb:               0 kB
DirectMap4k:      194432 kB
DirectMap2M:     6096896 kB
DirectMap1G:     4194304 kB
---SNAPSHOT---
2026-04-27 02:07:56
MemTotal:        8129240 kB
MemFree:         2553272 kB
MemAvailable:    2753592 kB
Buffers:            5992 kB
Cached:           310416 kB
SwapCached:       117888 kB
Active:          4315692 kB
Inactive:         679516 kB
Active(anon):    4173672 kB
Inactive(anon):   561060 kB
Active(file):     142020 kB
Inactive(file):   118456 kB
Unevictable:          16 kB
Mlocked:              16 kB
SwapTotal:       4194300 kB
SwapFree:        3955092 kB
Zswap:                 0 kB
Zswapped:              0 kB
Dirty:               708 kB
Writeback:             0 kB
AnonPages:       4565452 kB
Mapped:           258284 kB
Shmem:             55960 kB
KReclaimable:      56740 kB
Slab:             284956 kB
SReclaimable:      56740 kB
SUnreclaim:       228216 kB
KernelStack:       18896 kB
PageTables:        62920 kB
SecPageTables:         0 kB
NFS_Unstable:          0 kB
Bounce:                0 kB
WritebackTmp:          0 kB
CommitLimit:     8258920 kB
Committed_AS:   11743856 kB
VmallocTotal:   34359738367 kB
VmallocUsed:       47208 kB
VmallocChunk:          0 kB
Percpu:            13280 kB
HardwareCorrupted:     0 kB
AnonHugePages:      6144 kB
ShmemHugePages:        0 kB
ShmemPmdMapped:        0 kB
FileHugePages:         0 kB
FilePmdMapped:         0 kB
CmaTotal:              0 kB
CmaFree:               0 kB
Unaccepted:            0 kB
Balloon:               0 kB
HugePages_Total:       0
HugePages_Free:        0
HugePages_Rsvd:        0
HugePages_Surp:        0
Hugepagesize:       2048 kB
Hugetlb:               0 kB
DirectMap4k:      194432 kB
DirectMap2M:     6096896 kB
DirectMap1G:     4194304 kB
---SNAPSHOT---
2026-04-27 02:07:57
MemTotal:        8129240 kB
MemFree:         2565608 kB
MemAvailable:    2765936 kB
Buffers:            5992 kB
Cached:           310424 kB
SwapCached:       117888 kB
Active:          4315584 kB
Inactive:         679524 kB
Active(anon):    4173564 kB
Inactive(anon):   561060 kB
Active(file):     142020 kB
Inactive(file):   118464 kB
Unevictable:          16 kB
Mlocked:              16 kB
SwapTotal:       4194300 kB
SwapFree:        3955092 kB
Zswap:                 0 kB
Zswapped:              0 kB
Dirty:               716 kB
Writeback:             0 kB
AnonPages:       4565456 kB
Mapped:           258284 kB
Shmem:             55960 kB
KReclaimable:      56740 kB
Slab:             284956 kB
SReclaimable:      56740 kB
SUnreclaim:       228216 kB
KernelStack:       18896 kB
PageTables:        62912 kB
SecPageTables:         0 kB
NFS_Unstable:          0 kB
Bounce:                0 kB
WritebackTmp:          0 kB
CommitLimit:     8258920 kB
Committed_AS:   11743604 kB
VmallocTotal:   34359738367 kB
VmallocUsed:       47224 kB
VmallocChunk:          0 kB
Percpu:            13280 kB
HardwareCorrupted:     0 kB
AnonHugePages:      6144 kB
ShmemHugePages:        0 kB
ShmemPmdMapped:        0 kB
FileHugePages:         0 kB
FilePmdMapped:         0 kB
CmaTotal:              0 kB
CmaFree:               0 kB
Unaccepted:            0 kB
Balloon:               0 kB
HugePages_Total:       0
HugePages_Free:        0
HugePages_Rsvd:        0
HugePages_Surp:        0
Hugepagesize:       2048 kB
Hugetlb:               0 kB
DirectMap4k:      194432 kB
DirectMap2M:     6096896 kB
DirectMap1G:     4194304 kB
---SNAPSHOT---
2026-04-27 02:07:58
MemTotal:        8129240 kB
MemFree:         2568716 kB
MemAvailable:    2769048 kB
Buffers:            5992 kB
Cached:           310428 kB
SwapCached:       117888 kB
Active:          4315976 kB
Inactive:         679528 kB
Active(anon):    4173956 kB
Inactive(anon):   561060 kB
Active(file):     142020 kB
Inactive(file):   118468 kB
Unevictable:          16 kB
Mlocked:              16 kB
SwapTotal:       4194300 kB
SwapFree:        3955092 kB
Zswap:                 0 kB
Zswapped:              0 kB
Dirty:               720 kB
Writeback:             0 kB
AnonPages:       4565788 kB
Mapped:           258284 kB
Shmem:             55960 kB
KReclaimable:      56740 kB
Slab:             284956 kB
SReclaimable:      56740 kB
SUnreclaim:       228216 kB
KernelStack:       18972 kB
PageTables:        63132 kB
SecPageTables:         0 kB
NFS_Unstable:          0 kB
Bounce:                0 kB
WritebackTmp:          0 kB
CommitLimit:     8258920 kB
Committed_AS:   11744256 kB
VmallocTotal:   34359738367 kB
VmallocUsed:       47256 kB
VmallocChunk:          0 kB
Percpu:            13280 kB
HardwareCorrupted:     0 kB
AnonHugePages:      6144 kB
ShmemHugePages:        0 kB
ShmemPmdMapped:        0 kB
FileHugePages:         0 kB
FilePmdMapped:         0 kB
CmaTotal:              0 kB
CmaFree:               0 kB
Unaccepted:            0 kB
Balloon:               0 kB
HugePages_Total:       0
HugePages_Free:        0
HugePages_Rsvd:        0
HugePages_Surp:        0
Hugepagesize:       2048 kB
Hugetlb:               0 kB
DirectMap4k:      194432 kB
DirectMap2M:     6096896 kB
DirectMap1G:     4194304 kB
---SNAPSHOT---
2026-04-27 02:08:00
MemTotal:        8129240 kB
MemFree:         2571348 kB
MemAvailable:    2771680 kB
Buffers:            6000 kB
Cached:           310424 kB
SwapCached:       117888 kB
Active:          4315856 kB
Inactive:         679528 kB
Active(anon):    4173836 kB
Inactive(anon):   561060 kB
Active(file):     142020 kB
Inactive(file):   118468 kB
Unevictable:          16 kB
Mlocked:              16 kB
SwapTotal:       4194300 kB
SwapFree:        3955092 kB
Zswap:                 0 kB
Zswapped:              0 kB
Dirty:               724 kB
Writeback:             0 kB
AnonPages:       4565336 kB
Mapped:           258284 kB
Shmem:             55960 kB
KReclaimable:      56740 kB
Slab:             284964 kB
SReclaimable:      56740 kB
SUnreclaim:       228224 kB
KernelStack:       18912 kB
PageTables:        62908 kB
SecPageTables:         0 kB
NFS_Unstable:          0 kB
Bounce:                0 kB
WritebackTmp:          0 kB
CommitLimit:     8258920 kB
Committed_AS:   11743992 kB
VmallocTotal:   34359738367 kB
VmallocUsed:       47192 kB
VmallocChunk:          0 kB
Percpu:            13280 kB
HardwareCorrupted:     0 kB
AnonHugePages:      6144 kB
ShmemHugePages:        0 kB
ShmemPmdMapped:        0 kB
FileHugePages:         0 kB
FilePmdMapped:         0 kB
CmaTotal:              0 kB
CmaFree:               0 kB
Unaccepted:            0 kB
Balloon:               0 kB
HugePages_Total:       0
HugePages_Free:        0
HugePages_Rsvd:        0
HugePages_Surp:        0
Hugepagesize:       2048 kB
Hugetlb:               0 kB
DirectMap4k:      194432 kB
DirectMap2M:     6096896 kB
DirectMap1G:     4194304 kB
---SNAPSHOT---
2026-04-27 02:08:01
MemTotal:        8129240 kB
MemFree:         2573396 kB
MemAvailable:    2773804 kB
Buffers:            6008 kB
Cached:           310456 kB
SwapCached:       117888 kB
Active:          4315752 kB
Inactive:         679604 kB
Active(anon):    4173732 kB
Inactive(anon):   561060 kB
Active(file):     142020 kB
Inactive(file):   118544 kB
Unevictable:          16 kB
Mlocked:              16 kB
SwapTotal:       4194300 kB
SwapFree:        3955092 kB
Zswap:                 0 kB
Zswapped:              0 kB
Dirty:               192 kB
Writeback:             0 kB
AnonPages:       4565460 kB
Mapped:           258512 kB
Shmem:             55960 kB
KReclaimable:      56740 kB
Slab:             284964 kB
SReclaimable:      56740 kB
SUnreclaim:       228224 kB
KernelStack:       18912 kB
PageTables:        62916 kB
SecPageTables:         0 kB
NFS_Unstable:          0 kB
Bounce:                0 kB
WritebackTmp:          0 kB
CommitLimit:     8258920 kB
Committed_AS:   11744148 kB
VmallocTotal:   34359738367 kB
VmallocUsed:       47176 kB
VmallocChunk:          0 kB
Percpu:            13280 kB
HardwareCorrupted:     0 kB
AnonHugePages:      6144 kB
ShmemHugePages:        0 kB
ShmemPmdMapped:        0 kB
FileHugePages:         0 kB
FilePmdMapped:         0 kB
CmaTotal:              0 kB
CmaFree:               0 kB
Unaccepted:            0 kB
Balloon:               0 kB
HugePages_Total:       0
HugePages_Free:        0
HugePages_Rsvd:        0
HugePages_Surp:        0
Hugepagesize:       2048 kB
Hugetlb:               0 kB
DirectMap4k:      194432 kB
DirectMap2M:     6096896 kB
DirectMap1G:     4194304 kB
---SNAPSHOT---
2026-04-27 02:08:02
MemTotal:        8129240 kB
MemFree:         2583212 kB
MemAvailable:    2783868 kB
Buffers:            6268 kB
Cached:           310460 kB
SwapCached:       117888 kB
Active:          4315856 kB
Inactive:         679852 kB
Active(anon):    4173836 kB
Inactive(anon):   561060 kB
Active(file):     142020 kB
Inactive(file):   118792 kB
Unevictable:          16 kB
Mlocked:              16 kB
SwapTotal:       4194300 kB
SwapFree:        3955092 kB
Zswap:                 0 kB
Zswapped:              0 kB
Dirty:               196 kB
Writeback:             0 kB
AnonPages:       4565568 kB
Mapped:           258284 kB
Shmem:             55960 kB
KReclaimable:      56740 kB
Slab:             284964 kB
SReclaimable:      56740 kB
SUnreclaim:       228224 kB
KernelStack:       18928 kB
PageTables:        62924 kB
SecPageTables:         0 kB
NFS_Unstable:          0 kB
Bounce:                0 kB
WritebackTmp:          0 kB
CommitLimit:     8258920 kB
Committed_AS:   11743996 kB
VmallocTotal:   34359738367 kB
VmallocUsed:       47176 kB
VmallocChunk:          0 kB
Percpu:            13280 kB
HardwareCorrupted:     0 kB
AnonHugePages:      6144 kB
ShmemHugePages:        0 kB
ShmemPmdMapped:        0 kB
FileHugePages:         0 kB
FilePmdMapped:         0 kB
CmaTotal:              0 kB
CmaFree:               0 kB
Unaccepted:            0 kB
Balloon:               0 kB
HugePages_Total:       0
HugePages_Free:        0
HugePages_Rsvd:        0
HugePages_Surp:        0
Hugepagesize:       2048 kB
Hugetlb:               0 kB
DirectMap4k:      194432 kB
DirectMap2M:     6096896 kB
DirectMap1G:     4194304 kB
---SNAPSHOT---
2026-04-27 02:08:03
MemTotal:        8129240 kB
MemFree:         2587840 kB
MemAvailable:    2788516 kB
Buffers:            6268 kB
Cached:           310468 kB
SwapCached:       117888 kB
Active:          4315852 kB
Inactive:         679872 kB
Active(anon):    4173832 kB
Inactive(anon):   561060 kB
Active(file):     142020 kB
Inactive(file):   118812 kB
Unevictable:          16 kB
Mlocked:              16 kB
SwapTotal:       4194300 kB
SwapFree:        3955092 kB
Zswap:                 0 kB
Zswapped:              0 kB
Dirty:               204 kB
Writeback:             0 kB
AnonPages:       4565612 kB
Mapped:           258284 kB
Shmem:             55960 kB
KReclaimable:      56740 kB
Slab:             284964 kB
SReclaimable:      56740 kB
SUnreclaim:       228224 kB
KernelStack:       18868 kB
PageTables:        63176 kB
SecPageTables:         0 kB
NFS_Unstable:          0 kB
Bounce:                0 kB
WritebackTmp:          0 kB
CommitLimit:     8258920 kB
Committed_AS:   11744104 kB
VmallocTotal:   34359738367 kB
VmallocUsed:       47240 kB
VmallocChunk:          0 kB
Percpu:            13280 kB
HardwareCorrupted:     0 kB
AnonHugePages:      6144 kB
ShmemHugePages:        0 kB
ShmemPmdMapped:        0 kB
FileHugePages:         0 kB
FilePmdMapped:         0 kB
CmaTotal:              0 kB
CmaFree:               0 kB
Unaccepted:            0 kB
Balloon:               0 kB
HugePages_Total:       0
HugePages_Free:        0
HugePages_Rsvd:        0
HugePages_Surp:        0
Hugepagesize:       2048 kB
Hugetlb:               0 kB
DirectMap4k:      194432 kB
DirectMap2M:     6096896 kB
DirectMap1G:     4194304 kB
---SNAPSHOT---
2026-04-27 02:08:04
MemTotal:        8129240 kB
MemFree:         2589740 kB
MemAvailable:    2790424 kB
Buffers:            6268 kB
Cached:           310472 kB
SwapCached:       117888 kB
Active:          4315860 kB
Inactive:         679880 kB
Active(anon):    4173840 kB
Inactive(anon):   561060 kB
Active(file):     142020 kB
Inactive(file):   118820 kB
Unevictable:          16 kB
Mlocked:              16 kB
SwapTotal:       4194300 kB
SwapFree:        3955092 kB
Zswap:                 0 kB
Zswapped:              0 kB
Dirty:               208 kB
Writeback:             0 kB
AnonPages:       4565792 kB
Mapped:           258284 kB
Shmem:             55960 kB
KReclaimable:      56740 kB
Slab:             284960 kB
SReclaimable:      56740 kB
SUnreclaim:       228220 kB
KernelStack:       18988 kB
PageTables:        63376 kB
SecPageTables:         0 kB
NFS_Unstable:          0 kB
Bounce:                0 kB
WritebackTmp:          0 kB
CommitLimit:     8258920 kB
Committed_AS:   11744356 kB
VmallocTotal:   34359738367 kB
VmallocUsed:       47240 kB
VmallocChunk:          0 kB
Percpu:            13280 kB
HardwareCorrupted:     0 kB
AnonHugePages:      6144 kB
ShmemHugePages:        0 kB
ShmemPmdMapped:        0 kB
FileHugePages:         0 kB
FilePmdMapped:         0 kB
CmaTotal:              0 kB
CmaFree:               0 kB
Unaccepted:            0 kB
Balloon:               0 kB
HugePages_Total:       0
HugePages_Free:        0
HugePages_Rsvd:        0
HugePages_Surp:        0
Hugepagesize:       2048 kB
Hugetlb:               0 kB
DirectMap4k:      194432 kB
DirectMap2M:     6096896 kB
DirectMap1G:     4194304 kB
---SNAPSHOT---
2026-04-27 02:08:05
MemTotal:        8129240 kB
MemFree:         2592580 kB
MemAvailable:    2793268 kB
Buffers:            6276 kB
Cached:           310480 kB
SwapCached:       117888 kB
Active:          4315792 kB
Inactive:         679884 kB
Active(anon):    4173772 kB
Inactive(anon):   561060 kB
Active(file):     142020 kB
Inactive(file):   118824 kB
Unevictable:          16 kB
Mlocked:              16 kB
SwapTotal:       4194300 kB
SwapFree:        3955092 kB
Zswap:                 0 kB
Zswapped:              0 kB
Dirty:               248 kB
Writeback:             0 kB
AnonPages:       4565540 kB
Mapped:           258284 kB
Shmem:             55960 kB
KReclaimable:      56740 kB
Slab:             284960 kB
SReclaimable:      56740 kB
SUnreclaim:       228220 kB
KernelStack:       18912 kB
PageTables:        62928 kB
SecPageTables:         0 kB
NFS_Unstable:          0 kB
Bounce:                0 kB
WritebackTmp:          0 kB
CommitLimit:     8258920 kB
Committed_AS:   11744380 kB
VmallocTotal:   34359738367 kB
VmallocUsed:       47208 kB
VmallocChunk:          0 kB
Percpu:            13280 kB
HardwareCorrupted:     0 kB
AnonHugePages:      6144 kB
ShmemHugePages:        0 kB
ShmemPmdMapped:        0 kB
FileHugePages:         0 kB
FilePmdMapped:         0 kB
CmaTotal:              0 kB
CmaFree:               0 kB
Unaccepted:            0 kB
Balloon:               0 kB
HugePages_Total:       0
HugePages_Free:        0
HugePages_Rsvd:        0
HugePages_Surp:        0
Hugepagesize:       2048 kB
Hugetlb:               0 kB
DirectMap4k:      194432 kB
DirectMap2M:     6096896 kB
DirectMap1G:     4194304 kB
---SNAPSHOT---
2026-04-27 02:08:06
MemTotal:        8129240 kB
MemFree:         2592080 kB
MemAvailable:    2792824 kB
Buffers:            6280 kB
Cached:           310504 kB
SwapCached:       117888 kB
Active:          4315820 kB
Inactive:         679924 kB
Active(anon):    4173800 kB
Inactive(anon):   561060 kB
Active(file):     142020 kB
Inactive(file):   118864 kB
Unevictable:          16 kB
Mlocked:              16 kB
SwapTotal:       4194300 kB
SwapFree:        3955092 kB
Zswap:                 0 kB
Zswapped:              0 kB
Dirty:                40 kB
Writeback:             0 kB
AnonPages:       4565676 kB
Mapped:           258284 kB
Shmem:             55960 kB
KReclaimable:      56756 kB
Slab:             284984 kB
SReclaimable:      56756 kB
SUnreclaim:       228228 kB
KernelStack:       18928 kB
PageTables:        62908 kB
SecPageTables:         0 kB
NFS_Unstable:          0 kB
Bounce:                0 kB
WritebackTmp:          0 kB
CommitLimit:     8258920 kB
Committed_AS:   11744352 kB
VmallocTotal:   34359738367 kB
VmallocUsed:       47208 kB
VmallocChunk:          0 kB
Percpu:            13280 kB
HardwareCorrupted:     0 kB
AnonHugePages:      6144 kB
ShmemHugePages:        0 kB
ShmemPmdMapped:        0 kB
FileHugePages:         0 kB
FilePmdMapped:         0 kB
CmaTotal:              0 kB
CmaFree:               0 kB
Unaccepted:            0 kB
Balloon:               0 kB
HugePages_Total:       0
HugePages_Free:        0
HugePages_Rsvd:        0
HugePages_Surp:        0
Hugepagesize:       2048 kB
Hugetlb:               0 kB
DirectMap4k:      194432 kB
DirectMap2M:     6096896 kB
DirectMap1G:     4194304 kB
---SNAPSHOT---
2026-04-27 02:08:07
MemTotal:        8129240 kB
MemFree:         2592244 kB
MemAvailable:    2792992 kB
Buffers:            6280 kB
Cached:           310508 kB
SwapCached:       117888 kB
Active:          4316000 kB
Inactive:         679928 kB
Active(anon):    4173980 kB
Inactive(anon):   561060 kB
Active(file):     142020 kB
Inactive(file):   118868 kB
Unevictable:          16 kB
Mlocked:              16 kB
SwapTotal:       4194300 kB
SwapFree:        3955092 kB
Zswap:                 0 kB
Zswapped:              0 kB
Dirty:                56 kB
Writeback:             0 kB
AnonPages:       4565688 kB
Mapped:           258284 kB
Shmem:             55960 kB
KReclaimable:      56756 kB
Slab:             284976 kB
SReclaimable:      56756 kB
SUnreclaim:       228220 kB
KernelStack:       18928 kB
PageTables:        63380 kB
SecPageTables:         0 kB
NFS_Unstable:          0 kB
Bounce:                0 kB
WritebackTmp:          0 kB
CommitLimit:     8258920 kB
Committed_AS:   11744484 kB
VmallocTotal:   34359738367 kB
VmallocUsed:       47224 kB
VmallocChunk:          0 kB
Percpu:            13280 kB
HardwareCorrupted:     0 kB
AnonHugePages:      6144 kB
ShmemHugePages:        0 kB
ShmemPmdMapped:        0 kB
FileHugePages:         0 kB
FilePmdMapped:         0 kB
CmaTotal:              0 kB
CmaFree:               0 kB
Unaccepted:            0 kB
Balloon:               0 kB
HugePages_Total:       0
HugePages_Free:        0
HugePages_Rsvd:        0
HugePages_Surp:        0
Hugepagesize:       2048 kB
Hugetlb:               0 kB
DirectMap4k:      194432 kB
DirectMap2M:     6096896 kB
DirectMap1G:     4194304 kB
---SNAPSHOT---
2026-04-27 02:08:08
MemTotal:        8129240 kB
MemFree:         2594924 kB
MemAvailable:    2795676 kB
Buffers:            6280 kB
Cached:           310516 kB
SwapCached:       117888 kB
Active:          4316316 kB
Inactive:         679932 kB
Active(anon):    4174296 kB
Inactive(anon):   561060 kB
Active(file):     142020 kB
Inactive(file):   118872 kB
Unevictable:          16 kB
Mlocked:              16 kB
SwapTotal:       4194300 kB
SwapFree:        3955092 kB
Zswap:                 0 kB
Zswapped:              0 kB
Dirty:                64 kB
Writeback:             0 kB
AnonPages:       4566136 kB
Mapped:           258512 kB
Shmem:             55960 kB
KReclaimable:      56756 kB
Slab:             284980 kB
SReclaimable:      56756 kB
SUnreclaim:       228224 kB
KernelStack:       18928 kB
PageTables:        63368 kB
SecPageTables:         0 kB
NFS_Unstable:          0 kB
Bounce:                0 kB
WritebackTmp:          0 kB
CommitLimit:     8258920 kB
Committed_AS:   11743764 kB
VmallocTotal:   34359738367 kB
VmallocUsed:       47224 kB
VmallocChunk:          0 kB
Percpu:            13280 kB
HardwareCorrupted:     0 kB
AnonHugePages:      6144 kB
ShmemHugePages:        0 kB
ShmemPmdMapped:        0 kB
FileHugePages:         0 kB
FilePmdMapped:         0 kB
CmaTotal:              0 kB
CmaFree:               0 kB
Unaccepted:            0 kB
Balloon:               0 kB
HugePages_Total:       0
HugePages_Free:        0
HugePages_Rsvd:        0
HugePages_Surp:        0
Hugepagesize:       2048 kB
Hugetlb:               0 kB
DirectMap4k:      194432 kB
DirectMap2M:     6096896 kB
DirectMap1G:     4194304 kB
---SNAPSHOT---
2026-04-27 02:08:09
MemTotal:        8129240 kB
MemFree:         2597332 kB
MemAvailable:    2798092 kB
Buffers:            6280 kB
Cached:           310520 kB
SwapCached:       117888 kB
Active:          4315852 kB
Inactive:         679940 kB
Active(anon):    4173832 kB
Inactive(anon):   561060 kB
Active(file):     142020 kB
Inactive(file):   118880 kB
Unevictable:          16 kB
Mlocked:              16 kB
SwapTotal:       4194300 kB
SwapFree:        3955092 kB
Zswap:                 0 kB
Zswapped:              0 kB
Dirty:                68 kB
Writeback:             0 kB
AnonPages:       4565684 kB
Mapped:           258512 kB
Shmem:             55960 kB
KReclaimable:      56756 kB
Slab:             284980 kB
SReclaimable:      56756 kB
SUnreclaim:       228224 kB
KernelStack:       18928 kB
PageTables:        63140 kB
SecPageTables:         0 kB
NFS_Unstable:          0 kB
Bounce:                0 kB
WritebackTmp:          0 kB
CommitLimit:     8258920 kB
Committed_AS:   11744000 kB
VmallocTotal:   34359738367 kB
VmallocUsed:       47176 kB
VmallocChunk:          0 kB
Percpu:            13280 kB
HardwareCorrupted:     0 kB
AnonHugePages:      6144 kB
ShmemHugePages:        0 kB
ShmemPmdMapped:        0 kB
FileHugePages:         0 kB
FilePmdMapped:         0 kB
CmaTotal:              0 kB
CmaFree:               0 kB
Unaccepted:            0 kB
Balloon:               0 kB
HugePages_Total:       0
HugePages_Free:        0
HugePages_Rsvd:        0
HugePages_Surp:        0
Hugepagesize:       2048 kB
Hugetlb:               0 kB
DirectMap4k:      194432 kB
DirectMap2M:     6096896 kB
DirectMap1G:     4194304 kB
---SNAPSHOT---
2026-04-27 02:08:10
MemTotal:        8129240 kB
MemFree:         2597060 kB
MemAvailable:    2797824 kB
Buffers:            6288 kB
Cached:           310524 kB
SwapCached:       117888 kB
Active:          4316100 kB
Inactive:         679944 kB
Active(anon):    4174080 kB
Inactive(anon):   561060 kB
Active(file):     142020 kB
Inactive(file):   118884 kB
Unevictable:          16 kB
Mlocked:              16 kB
SwapTotal:       4194300 kB
SwapFree:        3955092 kB
Zswap:                 0 kB
Zswapped:              0 kB
Dirty:               104 kB
Writeback:             0 kB
AnonPages:       4565912 kB
Mapped:           258284 kB
Shmem:             55960 kB
KReclaimable:      56756 kB
Slab:             284944 kB
SReclaimable:      56756 kB
SUnreclaim:       228188 kB
KernelStack:       18928 kB
PageTables:        62912 kB
SecPageTables:         0 kB
NFS_Unstable:          0 kB
Bounce:                0 kB
WritebackTmp:          0 kB
CommitLimit:     8258920 kB
Committed_AS:   11744512 kB
VmallocTotal:   34359738367 kB
VmallocUsed:       47192 kB
VmallocChunk:          0 kB
Percpu:            13280 kB
HardwareCorrupted:     0 kB
AnonHugePages:      6144 kB
ShmemHugePages:        0 kB
ShmemPmdMapped:        0 kB
FileHugePages:         0 kB
FilePmdMapped:         0 kB
CmaTotal:              0 kB
CmaFree:               0 kB
Unaccepted:            0 kB
Balloon:               0 kB
HugePages_Total:       0
HugePages_Free:        0
HugePages_Rsvd:        0
HugePages_Surp:        0
Hugepagesize:       2048 kB
Hugetlb:               0 kB
DirectMap4k:      194432 kB
DirectMap2M:     6096896 kB
DirectMap1G:     4194304 kB
---SNAPSHOT---
2026-04-27 02:08:11
MemTotal:        8129240 kB
MemFree:         2597148 kB
MemAvailable:    2797928 kB
Buffers:            6288 kB
Cached:           310532 kB
SwapCached:       117888 kB
Active:          4316148 kB
Inactive:         679960 kB
Active(anon):    4174128 kB
Inactive(anon):   561060 kB
Active(file):     142020 kB
Inactive(file):   118900 kB
Unevictable:          16 kB
Mlocked:              16 kB
SwapTotal:       4194300 kB
SwapFree:        3955092 kB
Zswap:                 0 kB
Zswapped:              0 kB
Dirty:               112 kB
Writeback:             0 kB
AnonPages:       4565908 kB
Mapped:           258284 kB
Shmem:             55960 kB
KReclaimable:      56756 kB
Slab:             284948 kB
SReclaimable:      56756 kB
SUnreclaim:       228192 kB
KernelStack:       18928 kB
PageTables:        63144 kB
SecPageTables:         0 kB
NFS_Unstable:          0 kB
Bounce:                0 kB
WritebackTmp:          0 kB
CommitLimit:     8258920 kB
Committed_AS:   11744376 kB
VmallocTotal:   34359738367 kB
VmallocUsed:       47176 kB
VmallocChunk:          0 kB
Percpu:            13280 kB
HardwareCorrupted:     0 kB
AnonHugePages:      6144 kB
ShmemHugePages:        0 kB
ShmemPmdMapped:        0 kB
FileHugePages:         0 kB
FilePmdMapped:         0 kB
CmaTotal:              0 kB
CmaFree:               0 kB
Unaccepted:            0 kB
Balloon:               0 kB
HugePages_Total:       0
HugePages_Free:        0
HugePages_Rsvd:        0
HugePages_Surp:        0
Hugepagesize:       2048 kB
Hugetlb:               0 kB
DirectMap4k:      194432 kB
DirectMap2M:     6096896 kB
DirectMap1G:     4194304 kB
---SNAPSHOT---
2026-04-27 02:08:12
MemTotal:        8129240 kB
MemFree:         2597564 kB
MemAvailable:    2798348 kB
Buffers:            6288 kB
Cached:           310536 kB
SwapCached:       117888 kB
Active:          4316268 kB
Inactive:         679964 kB
Active(anon):    4174248 kB
Inactive(anon):   561060 kB
Active(file):     142020 kB
Inactive(file):   118904 kB
Unevictable:          16 kB
Mlocked:              16 kB
SwapTotal:       4194300 kB
SwapFree:        3955092 kB
Zswap:                 0 kB
Zswapped:              0 kB
Dirty:               112 kB
Writeback:             0 kB
AnonPages:       4565444 kB
Mapped:           258512 kB
Shmem:             55960 kB
KReclaimable:      56756 kB
Slab:             284948 kB
SReclaimable:      56756 kB
SUnreclaim:       228192 kB
KernelStack:       18928 kB
PageTables:        63140 kB
SecPageTables:         0 kB
NFS_Unstable:          0 kB
Bounce:                0 kB
WritebackTmp:          0 kB
CommitLimit:     8258920 kB
Committed_AS:   11743860 kB
VmallocTotal:   34359738367 kB
VmallocUsed:       47240 kB
VmallocChunk:          0 kB
Percpu:            13280 kB
HardwareCorrupted:     0 kB
AnonHugePages:      6144 kB
ShmemHugePages:        0 kB
ShmemPmdMapped:        0 kB
FileHugePages:         0 kB
FilePmdMapped:         0 kB
CmaTotal:              0 kB
CmaFree:               0 kB
Unaccepted:            0 kB
Balloon:               0 kB
HugePages_Total:       0
HugePages_Free:        0
HugePages_Rsvd:        0
HugePages_Surp:        0
Hugepagesize:       2048 kB
Hugetlb:               0 kB
DirectMap4k:      194432 kB
DirectMap2M:     6096896 kB
DirectMap1G:     4194304 kB
---SNAPSHOT---
2026-04-27 02:08:13
MemTotal:        8129240 kB
MemFree:         2598496 kB
MemAvailable:    2799288 kB
Buffers:            6288 kB
Cached:           310544 kB
SwapCached:       117888 kB
Active:          4316188 kB
Inactive:         679972 kB
Active(anon):    4174168 kB
Inactive(anon):   561060 kB
Active(file):     142020 kB
Inactive(file):   118912 kB
Unevictable:          16 kB
Mlocked:              16 kB
SwapTotal:       4194300 kB
SwapFree:        3955092 kB
Zswap:                 0 kB
Zswapped:              0 kB
Dirty:               120 kB
Writeback:             0 kB
AnonPages:       4565912 kB
Mapped:           258284 kB
Shmem:             55960 kB
KReclaimable:      56756 kB
Slab:             284944 kB
SReclaimable:      56756 kB
SUnreclaim:       228188 kB
KernelStack:       18988 kB
PageTables:        62912 kB
SecPageTables:         0 kB
NFS_Unstable:          0 kB
Bounce:                0 kB
WritebackTmp:          0 kB
CommitLimit:     8258920 kB
Committed_AS:   11744024 kB
VmallocTotal:   34359738367 kB
VmallocUsed:       47224 kB
VmallocChunk:          0 kB
Percpu:            13280 kB
HardwareCorrupted:     0 kB
AnonHugePages:      6144 kB
ShmemHugePages:        0 kB
ShmemPmdMapped:        0 kB
FileHugePages:         0 kB
FilePmdMapped:         0 kB
CmaTotal:              0 kB
CmaFree:               0 kB
Unaccepted:            0 kB
Balloon:               0 kB
HugePages_Total:       0
HugePages_Free:        0
HugePages_Rsvd:        0
HugePages_Surp:        0
Hugepagesize:       2048 kB
Hugetlb:               0 kB
DirectMap4k:      194432 kB
DirectMap2M:     6096896 kB
DirectMap1G:     4194304 kB
---SNAPSHOT---
2026-04-27 02:08:14
MemTotal:        8129240 kB
MemFree:         2600480 kB
MemAvailable:    2801276 kB
Buffers:            6288 kB
Cached:           310548 kB
SwapCached:       117888 kB
Active:          4315872 kB
Inactive:         679976 kB
Active(anon):    4173852 kB
Inactive(anon):   561060 kB
Active(file):     142020 kB
Inactive(file):   118916 kB
Unevictable:          16 kB
Mlocked:              16 kB
SwapTotal:       4194300 kB
SwapFree:        3955092 kB
Zswap:                 0 kB
Zswapped:              0 kB
Dirty:               124 kB
Writeback:             0 kB
AnonPages:       4565840 kB
Mapped:           258300 kB
Shmem:             55960 kB
KReclaimable:      56756 kB
Slab:             284956 kB
SReclaimable:      56756 kB
SUnreclaim:       228200 kB
KernelStack:       18928 kB
PageTables:        62952 kB
SecPageTables:         0 kB
NFS_Unstable:          0 kB
Bounce:                0 kB
WritebackTmp:          0 kB
CommitLimit:     8258920 kB
Committed_AS:   11744340 kB
VmallocTotal:   34359738367 kB
VmallocUsed:       47240 kB
VmallocChunk:          0 kB
Percpu:            13280 kB
HardwareCorrupted:     0 kB
AnonHugePages:      6144 kB
ShmemHugePages:        0 kB
ShmemPmdMapped:        0 kB
FileHugePages:         0 kB
FilePmdMapped:         0 kB
CmaTotal:              0 kB
CmaFree:               0 kB
Unaccepted:            0 kB
Balloon:               0 kB
HugePages_Total:       0
HugePages_Free:        0
HugePages_Rsvd:        0
HugePages_Surp:        0
Hugepagesize:       2048 kB
Hugetlb:               0 kB
DirectMap4k:      194432 kB
DirectMap2M:     6096896 kB
DirectMap1G:     4194304 kB
---SNAPSHOT---
2026-04-27 02:08:15
MemTotal:        8129240 kB
MemFree:         2602616 kB
MemAvailable:    2803412 kB
Buffers:            6296 kB
Cached:           310556 kB
SwapCached:       117888 kB
Active:          4316196 kB
Inactive:         679976 kB
Active(anon):    4174176 kB
Inactive(anon):   561060 kB
Active(file):     142020 kB
Inactive(file):   118916 kB
Unevictable:          16 kB
Mlocked:              16 kB
SwapTotal:       4194300 kB
SwapFree:        3955092 kB
Zswap:                 0 kB
Zswapped:              0 kB
Dirty:               132 kB
Writeback:             0 kB
AnonPages:       4565908 kB
Mapped:           258284 kB
Shmem:             55960 kB
KReclaimable:      56756 kB
Slab:             284948 kB
SReclaimable:      56756 kB
SUnreclaim:       228192 kB
KernelStack:       18928 kB
PageTables:        62908 kB
SecPageTables:         0 kB
NFS_Unstable:          0 kB
Bounce:                0 kB
WritebackTmp:          0 kB
CommitLimit:     8258920 kB
Committed_AS:   11743864 kB
VmallocTotal:   34359738367 kB
VmallocUsed:       47208 kB
VmallocChunk:          0 kB
Percpu:            13280 kB
HardwareCorrupted:     0 kB
AnonHugePages:      6144 kB
ShmemHugePages:        0 kB
ShmemPmdMapped:        0 kB
FileHugePages:         0 kB
FilePmdMapped:         0 kB
CmaTotal:              0 kB
CmaFree:               0 kB
Unaccepted:            0 kB
Balloon:               0 kB
HugePages_Total:       0
HugePages_Free:        0
HugePages_Rsvd:        0
HugePages_Surp:        0
Hugepagesize:       2048 kB
Hugetlb:               0 kB
DirectMap4k:      194432 kB
DirectMap2M:     6096896 kB
DirectMap1G:     4194304 kB
---SNAPSHOT---
2026-04-27 02:08:16
MemTotal:        8129240 kB
MemFree:         2602112 kB
MemAvailable:    2802936 kB
Buffers:            6296 kB
Cached:           310568 kB
SwapCached:       117888 kB
Active:          4316168 kB
Inactive:         680004 kB
Active(anon):    4174148 kB
Inactive(anon):   561060 kB
Active(file):     142020 kB
Inactive(file):   118944 kB
Unevictable:          16 kB
Mlocked:              16 kB
SwapTotal:       4194300 kB
SwapFree:        3955092 kB
Zswap:                 0 kB
Zswapped:              0 kB
Dirty:               144 kB
Writeback:             0 kB
AnonPages:       4566060 kB
Mapped:           258284 kB
Shmem:             55960 kB
KReclaimable:      56756 kB
Slab:             284952 kB
SReclaimable:      56756 kB
SUnreclaim:       228196 kB
KernelStack:       18928 kB
PageTables:        63164 kB
SecPageTables:         0 kB
NFS_Unstable:          0 kB
Bounce:                0 kB
WritebackTmp:          0 kB
CommitLimit:     8258920 kB
Committed_AS:   11744028 kB
VmallocTotal:   34359738367 kB
VmallocUsed:       47240 kB
VmallocChunk:          0 kB
Percpu:            13280 kB
HardwareCorrupted:     0 kB
AnonHugePages:      6144 kB
ShmemHugePages:        0 kB
ShmemPmdMapped:        0 kB
FileHugePages:         0 kB
FilePmdMapped:         0 kB
CmaTotal:              0 kB
CmaFree:               0 kB
Unaccepted:            0 kB
Balloon:               0 kB
HugePages_Total:       0
HugePages_Free:        0
HugePages_Rsvd:        0
HugePages_Surp:        0
Hugepagesize:       2048 kB
Hugetlb:               0 kB
DirectMap4k:      194432 kB
DirectMap2M:     6096896 kB
DirectMap1G:     4194304 kB
---SNAPSHOT---
2026-04-27 02:08:17
MemTotal:        8129240 kB
MemFree:         2602204 kB
MemAvailable:    2803032 kB
Buffers:            6296 kB
Cached:           310572 kB
SwapCached:       117888 kB
Active:          4316104 kB
Inactive:         680008 kB
Active(anon):    4174084 kB
Inactive(anon):   561060 kB
Active(file):     142020 kB
Inactive(file):   118948 kB
Unevictable:          16 kB
Mlocked:              16 kB
SwapTotal:       4194300 kB
SwapFree:        3955092 kB
Zswap:                 0 kB
Zswapped:              0 kB
Dirty:               148 kB
Writeback:             0 kB
AnonPages:       4565788 kB
Mapped:           258284 kB
Shmem:             55960 kB
KReclaimable:      56756 kB
Slab:             284964 kB
SReclaimable:      56756 kB
SUnreclaim:       228208 kB
KernelStack:       18988 kB
PageTables:        63144 kB
SecPageTables:         0 kB
NFS_Unstable:          0 kB
Bounce:                0 kB
WritebackTmp:          0 kB
CommitLimit:     8258920 kB
Committed_AS:   11744376 kB
VmallocTotal:   34359738367 kB
VmallocUsed:       47224 kB
VmallocChunk:          0 kB
Percpu:            13280 kB
HardwareCorrupted:     0 kB
AnonHugePages:      6144 kB
ShmemHugePages:        0 kB
ShmemPmdMapped:        0 kB
FileHugePages:         0 kB
FilePmdMapped:         0 kB
CmaTotal:              0 kB
CmaFree:               0 kB
Unaccepted:            0 kB
Balloon:               0 kB
HugePages_Total:       0
HugePages_Free:        0
HugePages_Rsvd:        0
HugePages_Surp:        0
Hugepagesize:       2048 kB
Hugetlb:               0 kB
DirectMap4k:      194432 kB
DirectMap2M:     6096896 kB
DirectMap1G:     4194304 kB
---SNAPSHOT---
2026-04-27 02:08:18
MemTotal:        8129240 kB
MemFree:         2602184 kB
MemAvailable:    2803020 kB
Buffers:            6296 kB
Cached:           310580 kB
SwapCached:       117888 kB
Active:          4316208 kB
Inactive:         680016 kB
Active(anon):    4174188 kB
Inactive(anon):   561060 kB
Active(file):     142020 kB
Inactive(file):   118956 kB
Unevictable:          16 kB
Mlocked:              16 kB
SwapTotal:       4194300 kB
SwapFree:        3955092 kB
Zswap:                 0 kB
Zswapped:              0 kB
Dirty:               156 kB
Writeback:             0 kB
AnonPages:       4566020 kB
Mapped:           258284 kB
Shmem:             55960 kB
KReclaimable:      56756 kB
Slab:             284956 kB
SReclaimable:      56756 kB
SUnreclaim:       228200 kB
KernelStack:       18988 kB
PageTables:        63380 kB
SecPageTables:         0 kB
NFS_Unstable:          0 kB
Bounce:                0 kB
WritebackTmp:          0 kB
CommitLimit:     8258920 kB
Committed_AS:   11743996 kB
VmallocTotal:   34359738367 kB
VmallocUsed:       47272 kB
VmallocChunk:          0 kB
Percpu:            13280 kB
HardwareCorrupted:     0 kB
AnonHugePages:      6144 kB
ShmemHugePages:        0 kB
ShmemPmdMapped:        0 kB
FileHugePages:         0 kB
FilePmdMapped:         0 kB
CmaTotal:              0 kB
CmaFree:               0 kB
Unaccepted:            0 kB
Balloon:               0 kB
HugePages_Total:       0
HugePages_Free:        0
HugePages_Rsvd:        0
HugePages_Surp:        0
Hugepagesize:       2048 kB
Hugetlb:               0 kB
DirectMap4k:      194432 kB
DirectMap2M:     6096896 kB
DirectMap1G:     4194304 kB
---SNAPSHOT---
2026-04-27 02:08:19
MemTotal:        8129240 kB
MemFree:         2604240 kB
MemAvailable:    2805208 kB
Buffers:            6428 kB
Cached:           310584 kB
SwapCached:       117888 kB
Active:          4316292 kB
Inactive:         680148 kB
Active(anon):    4174272 kB
Inactive(anon):   561060 kB
Active(file):     142020 kB
Inactive(file):   119088 kB
Unevictable:          16 kB
Mlocked:              16 kB
SwapTotal:       4194300 kB
SwapFree:        3955092 kB
Zswap:                 0 kB
Zswapped:              0 kB
Dirty:               160 kB
Writeback:             0 kB
AnonPages:       4565784 kB
Mapped:           258284 kB
Shmem:             55960 kB
KReclaimable:      56756 kB
Slab:             284952 kB
SReclaimable:      56756 kB
SUnreclaim:       228196 kB
KernelStack:       18928 kB
PageTables:        63376 kB
SecPageTables:         0 kB
NFS_Unstable:          0 kB
Bounce:                0 kB
WritebackTmp:          0 kB
CommitLimit:     8258920 kB
Committed_AS:   11744476 kB
VmallocTotal:   34359738367 kB
VmallocUsed:       47256 kB
VmallocChunk:          0 kB
Percpu:            13280 kB
HardwareCorrupted:     0 kB
AnonHugePages:      6144 kB
ShmemHugePages:        0 kB
ShmemPmdMapped:        0 kB
FileHugePages:         0 kB
FilePmdMapped:         0 kB
CmaTotal:              0 kB
CmaFree:               0 kB
Unaccepted:            0 kB
Balloon:               0 kB
HugePages_Total:       0
HugePages_Free:        0
HugePages_Rsvd:        0
HugePages_Surp:        0
Hugepagesize:       2048 kB
Hugetlb:               0 kB
DirectMap4k:      194432 kB
DirectMap2M:     6096896 kB
DirectMap1G:     4194304 kB
---SNAPSHOT---
2026-04-27 02:08:20
MemTotal:        8129240 kB
MemFree:         2603868 kB
MemAvailable:    2804844 kB
Buffers:            6436 kB
Cached:           310588 kB
SwapCached:       117888 kB
Active:          4316252 kB
Inactive:         680156 kB
Active(anon):    4174232 kB
Inactive(anon):   561060 kB
Active(file):     142020 kB
Inactive(file):   119096 kB
Unevictable:          16 kB
Mlocked:              16 kB
SwapTotal:       4194300 kB
SwapFree:        3955092 kB
Zswap:                 0 kB
Zswapped:              0 kB
Dirty:               168 kB
Writeback:             0 kB
AnonPages:       4566136 kB
Mapped:           258284 kB
Shmem:             55960 kB
KReclaimable:      56756 kB
Slab:             284956 kB
SReclaimable:      56756 kB
SUnreclaim:       228200 kB
KernelStack:       18972 kB
PageTables:        63076 kB
SecPageTables:         0 kB
NFS_Unstable:          0 kB
Bounce:                0 kB
WritebackTmp:          0 kB
CommitLimit:     8258920 kB
Committed_AS:   11743848 kB
VmallocTotal:   34359738367 kB
VmallocUsed:       47240 kB
VmallocChunk:          0 kB
Percpu:            13280 kB
HardwareCorrupted:     0 kB
AnonHugePages:      6144 kB
ShmemHugePages:        0 kB
ShmemPmdMapped:        0 kB
FileHugePages:         0 kB
FilePmdMapped:         0 kB
CmaTotal:              0 kB
CmaFree:               0 kB
Unaccepted:            0 kB
Balloon:               0 kB
HugePages_Total:       0
HugePages_Free:        0
HugePages_Rsvd:        0
HugePages_Surp:        0
Hugepagesize:       2048 kB
Hugetlb:               0 kB
DirectMap4k:      194432 kB
DirectMap2M:     6096896 kB
DirectMap1G:     4194304 kB
---SNAPSHOT---
2026-04-27 02:08:21
MemTotal:        8129240 kB
MemFree:         2599788 kB
MemAvailable:    2800780 kB
Buffers:            6436 kB
Cached:           310596 kB
SwapCached:       117888 kB
Active:          4316480 kB
Inactive:         680172 kB
Active(anon):    4174460 kB
Inactive(anon):   561060 kB
Active(file):     142020 kB
Inactive(file):   119112 kB
Unevictable:          16 kB
Mlocked:              16 kB
SwapTotal:       4194300 kB
SwapFree:        3955092 kB
Zswap:                 0 kB
Zswapped:              0 kB
Dirty:               176 kB
Writeback:             0 kB
AnonPages:       4566268 kB
Mapped:           258284 kB
Shmem:             55960 kB
KReclaimable:      56756 kB
Slab:             284956 kB
SReclaimable:      56756 kB
SUnreclaim:       228200 kB
KernelStack:       18928 kB
PageTables:        62920 kB
SecPageTables:         0 kB
NFS_Unstable:          0 kB
Bounce:                0 kB
WritebackTmp:          0 kB
CommitLimit:     8258920 kB
Committed_AS:   11744488 kB
VmallocTotal:   34359738367 kB
VmallocUsed:       47224 kB
VmallocChunk:          0 kB
Percpu:            13280 kB
HardwareCorrupted:     0 kB
AnonHugePages:      6144 kB
ShmemHugePages:        0 kB
ShmemPmdMapped:        0 kB
FileHugePages:         0 kB
FilePmdMapped:         0 kB
CmaTotal:              0 kB
CmaFree:               0 kB
Unaccepted:            0 kB
Balloon:               0 kB
HugePages_Total:       0
HugePages_Free:        0
HugePages_Rsvd:        0
HugePages_Surp:        0
Hugepagesize:       2048 kB
Hugetlb:               0 kB
DirectMap4k:      194432 kB
DirectMap2M:     6096896 kB
DirectMap1G:     4194304 kB
---SNAPSHOT---
2026-04-27 02:08:22
MemTotal:        8129240 kB
MemFree:         2599684 kB
MemAvailable:    2800680 kB
Buffers:            6436 kB
Cached:           310600 kB
SwapCached:       117888 kB
Active:          4316440 kB
Inactive:         680176 kB
Active(anon):    4174420 kB
Inactive(anon):   561060 kB
Active(file):     142020 kB
Inactive(file):   119116 kB
Unevictable:          16 kB
Mlocked:              16 kB
SwapTotal:       4194300 kB
SwapFree:        3955092 kB
Zswap:                 0 kB
Zswapped:              0 kB
Dirty:               180 kB
Writeback:             0 kB
AnonPages:       4566264 kB
Mapped:           258512 kB
Shmem:             55960 kB
KReclaimable:      56756 kB
Slab:             284968 kB
SReclaimable:      56756 kB
SUnreclaim:       228212 kB
KernelStack:       18928 kB
PageTables:        62912 kB
SecPageTables:         0 kB
NFS_Unstable:          0 kB
Bounce:                0 kB
WritebackTmp:          0 kB
CommitLimit:     8258920 kB
Committed_AS:   11744512 kB
VmallocTotal:   34359738367 kB
VmallocUsed:       47240 kB
VmallocChunk:          0 kB
Percpu:            13280 kB
HardwareCorrupted:     0 kB
AnonHugePages:      6144 kB
ShmemHugePages:        0 kB
ShmemPmdMapped:        0 kB
FileHugePages:         0 kB
FilePmdMapped:         0 kB
CmaTotal:              0 kB
CmaFree:               0 kB
Unaccepted:            0 kB
Balloon:               0 kB
HugePages_Total:       0
HugePages_Free:        0
HugePages_Rsvd:        0
HugePages_Surp:        0
Hugepagesize:       2048 kB
Hugetlb:               0 kB
DirectMap4k:      194432 kB
DirectMap2M:     6096896 kB
DirectMap1G:     4194304 kB
---SNAPSHOT---
2026-04-27 02:08:23
MemTotal:        8129240 kB
MemFree:         2599392 kB
MemAvailable:    2800392 kB
Buffers:            6436 kB
Cached:           310608 kB
SwapCached:       117888 kB
Active:          4316496 kB
Inactive:         680180 kB
Active(anon):    4174476 kB
Inactive(anon):   561060 kB
Active(file):     142020 kB
Inactive(file):   119120 kB
Unevictable:          16 kB
Mlocked:              16 kB
SwapTotal:       4194300 kB
SwapFree:        3955092 kB
Zswap:                 0 kB
Zswapped:              0 kB
Dirty:               188 kB
Writeback:             0 kB
AnonPages:       4566048 kB
Mapped:           258300 kB
Shmem:             55960 kB
KReclaimable:      56756 kB
Slab:             284992 kB
SReclaimable:      56756 kB
SUnreclaim:       228236 kB
KernelStack:       18944 kB
PageTables:        63184 kB
SecPageTables:         0 kB
NFS_Unstable:          0 kB
Bounce:                0 kB
WritebackTmp:          0 kB
CommitLimit:     8258920 kB
Committed_AS:   11743924 kB
VmallocTotal:   34359738367 kB
VmallocUsed:       47208 kB
VmallocChunk:          0 kB
Percpu:            13280 kB
HardwareCorrupted:     0 kB
AnonHugePages:      6144 kB
ShmemHugePages:        0 kB
ShmemPmdMapped:        0 kB
FileHugePages:         0 kB
FilePmdMapped:         0 kB
CmaTotal:              0 kB
CmaFree:               0 kB
Unaccepted:            0 kB
Balloon:               0 kB
HugePages_Total:       0
HugePages_Free:        0
HugePages_Rsvd:        0
HugePages_Surp:        0
Hugepagesize:       2048 kB
Hugetlb:               0 kB
DirectMap4k:      194432 kB
DirectMap2M:     6096896 kB
DirectMap1G:     4194304 kB
---SNAPSHOT---
2026-04-27 02:08:24
MemTotal:        8129240 kB
MemFree:         2599936 kB
MemAvailable:    2800940 kB
Buffers:            6436 kB
Cached:           310612 kB
SwapCached:       117888 kB
Active:          4316420 kB
Inactive:         680184 kB
Active(anon):    4174400 kB
Inactive(anon):   561060 kB
Active(file):     142020 kB
Inactive(file):   119124 kB
Unevictable:          16 kB
Mlocked:              16 kB
SwapTotal:       4194300 kB
SwapFree:        3955092 kB
Zswap:                 0 kB
Zswapped:              0 kB
Dirty:               192 kB
Writeback:             0 kB
AnonPages:       4566200 kB
Mapped:           258284 kB
Shmem:             55960 kB
KReclaimable:      56756 kB
Slab:             284996 kB
SReclaimable:      56756 kB
SUnreclaim:       228240 kB
KernelStack:       18972 kB
PageTables:        63104 kB
SecPageTables:         0 kB
NFS_Unstable:          0 kB
Bounce:                0 kB
WritebackTmp:          0 kB
CommitLimit:     8258920 kB
Committed_AS:   11744488 kB
VmallocTotal:   34359738367 kB
VmallocUsed:       47224 kB
VmallocChunk:          0 kB
Percpu:            13280 kB
HardwareCorrupted:     0 kB
AnonHugePages:      6144 kB
ShmemHugePages:        0 kB
ShmemPmdMapped:        0 kB
FileHugePages:         0 kB
FilePmdMapped:         0 kB
CmaTotal:              0 kB
CmaFree:               0 kB
Unaccepted:            0 kB
Balloon:               0 kB
HugePages_Total:       0
HugePages_Free:        0
HugePages_Rsvd:        0
HugePages_Surp:        0
Hugepagesize:       2048 kB
Hugetlb:               0 kB
DirectMap4k:      194432 kB
DirectMap2M:     6096896 kB
DirectMap1G:     4194304 kB
---SNAPSHOT---
2026-04-27 02:08:25
MemTotal:        8129240 kB
MemFree:         2599228 kB
MemAvailable:    2800236 kB
Buffers:            6444 kB
Cached:           310604 kB
SwapCached:       117888 kB
Active:          4316776 kB
Inactive:         680188 kB
Active(anon):    4174756 kB
Inactive(anon):   561060 kB
Active(file):     142020 kB
Inactive(file):   119128 kB
Unevictable:          16 kB
Mlocked:              16 kB
SwapTotal:       4194300 kB
SwapFree:        3955092 kB
Zswap:                 0 kB
Zswapped:              0 kB
Dirty:               192 kB
Writeback:             0 kB
AnonPages:       4566496 kB
Mapped:           258304 kB
Shmem:             55960 kB
KReclaimable:      56756 kB
Slab:             284988 kB
SReclaimable:      56756 kB
SUnreclaim:       228232 kB
KernelStack:       18988 kB
PageTables:        63160 kB
SecPageTables:         0 kB
NFS_Unstable:          0 kB
Bounce:                0 kB
WritebackTmp:          0 kB
CommitLimit:     8258920 kB
Committed_AS:   11744244 kB
VmallocTotal:   34359738367 kB
VmallocUsed:       47240 kB
VmallocChunk:          0 kB
Percpu:            13280 kB
HardwareCorrupted:     0 kB
AnonHugePages:      6144 kB
ShmemHugePages:        0 kB
ShmemPmdMapped:        0 kB
FileHugePages:         0 kB
FilePmdMapped:         0 kB
CmaTotal:              0 kB
CmaFree:               0 kB
Unaccepted:            0 kB
Balloon:               0 kB
HugePages_Total:       0
HugePages_Free:        0
HugePages_Rsvd:        0
HugePages_Surp:        0
Hugepagesize:       2048 kB
Hugetlb:               0 kB
DirectMap4k:      194432 kB
DirectMap2M:     6096896 kB
DirectMap1G:     4194304 kB
---SNAPSHOT---
2026-04-27 02:08:26
MemTotal:        8129240 kB
MemFree:         2600920 kB
MemAvailable:    2801940 kB
Buffers:            6444 kB
Cached:           310624 kB
SwapCached:       117888 kB
Active:          4316372 kB
Inactive:         680200 kB
Active(anon):    4174352 kB
Inactive(anon):   561060 kB
Active(file):     142020 kB
Inactive(file):   119140 kB
Unevictable:          16 kB
Mlocked:              16 kB
SwapTotal:       4194300 kB
SwapFree:        3955092 kB
Zswap:                 0 kB
Zswapped:              0 kB
Dirty:               204 kB
Writeback:             0 kB
AnonPages:       4566384 kB
Mapped:           258284 kB
Shmem:             55960 kB
KReclaimable:      56756 kB
Slab:             284972 kB
SReclaimable:      56756 kB
SUnreclaim:       228216 kB
KernelStack:       18972 kB
PageTables:        63148 kB
SecPageTables:         0 kB
NFS_Unstable:          0 kB
Bounce:                0 kB
WritebackTmp:          0 kB
CommitLimit:     8258920 kB
Committed_AS:   11744156 kB
VmallocTotal:   34359738367 kB
VmallocUsed:       47240 kB
VmallocChunk:          0 kB
Percpu:            13280 kB
HardwareCorrupted:     0 kB
AnonHugePages:      6144 kB
ShmemHugePages:        0 kB
ShmemPmdMapped:        0 kB
FileHugePages:         0 kB
FilePmdMapped:         0 kB
CmaTotal:              0 kB
CmaFree:               0 kB
Unaccepted:            0 kB
Balloon:               0 kB
HugePages_Total:       0
HugePages_Free:        0
HugePages_Rsvd:        0
HugePages_Surp:        0
Hugepagesize:       2048 kB
Hugetlb:               0 kB
DirectMap4k:      194432 kB
DirectMap2M:     6096896 kB
DirectMap1G:     4194304 kB
---SNAPSHOT---
2026-04-27 02:08:27
MemTotal:        8129240 kB
MemFree:         2601000 kB
MemAvailable:    2802024 kB
Buffers:            6444 kB
Cached:           310628 kB
SwapCached:       117888 kB
Active:          4316564 kB
Inactive:         680204 kB
Active(anon):    4174544 kB
Inactive(anon):   561060 kB
Active(file):     142020 kB
Inactive(file):   119144 kB
Unevictable:          16 kB
Mlocked:              16 kB
SwapTotal:       4194300 kB
SwapFree:        3955092 kB
Zswap:                 0 kB
Zswapped:              0 kB
Dirty:               208 kB
Writeback:             0 kB
AnonPages:       4566492 kB
Mapped:           258284 kB
Shmem:             55960 kB
KReclaimable:      56756 kB
Slab:             284968 kB
SReclaimable:      56756 kB
SUnreclaim:       228212 kB
KernelStack:       18988 kB
PageTables:        63148 kB
SecPageTables:         0 kB
NFS_Unstable:          0 kB
Bounce:                0 kB
WritebackTmp:          0 kB
CommitLimit:     8258920 kB
Committed_AS:   11744484 kB
VmallocTotal:   34359738367 kB
VmallocUsed:       47224 kB
VmallocChunk:          0 kB
Percpu:            13280 kB
HardwareCorrupted:     0 kB
AnonHugePages:      6144 kB
ShmemHugePages:        0 kB
ShmemPmdMapped:        0 kB
FileHugePages:         0 kB
FilePmdMapped:         0 kB
CmaTotal:              0 kB
CmaFree:               0 kB
Unaccepted:            0 kB
Balloon:               0 kB
HugePages_Total:       0
HugePages_Free:        0
HugePages_Rsvd:        0
HugePages_Surp:        0
Hugepagesize:       2048 kB
Hugetlb:               0 kB
DirectMap4k:      194432 kB
DirectMap2M:     6096896 kB
DirectMap1G:     4194304 kB
---SNAPSHOT---
2026-04-27 02:08:28
MemTotal:        8129240 kB
MemFree:         2601176 kB
MemAvailable:    2802208 kB
Buffers:            6444 kB
Cached:           310636 kB
SwapCached:       117888 kB
Active:          4316528 kB
Inactive:         680212 kB
Active(anon):    4174508 kB
Inactive(anon):   561060 kB
Active(file):     142020 kB
Inactive(file):   119152 kB
Unevictable:          16 kB
Mlocked:              16 kB
SwapTotal:       4194300 kB
SwapFree:        3955092 kB
Zswap:                 0 kB
Zswapped:              0 kB
Dirty:               216 kB
Writeback:             0 kB
AnonPages:       4566156 kB
Mapped:           258284 kB
Shmem:             55960 kB
KReclaimable:      56756 kB
Slab:             284984 kB
SReclaimable:      56756 kB
SUnreclaim:       228228 kB
KernelStack:       18972 kB
PageTables:        62912 kB
SecPageTables:         0 kB
NFS_Unstable:          0 kB
Bounce:                0 kB
WritebackTmp:          0 kB
CommitLimit:     8258920 kB
Committed_AS:   11744376 kB
VmallocTotal:   34359738367 kB
VmallocUsed:       47240 kB
VmallocChunk:          0 kB
Percpu:            13280 kB
HardwareCorrupted:     0 kB
AnonHugePages:      6144 kB
ShmemHugePages:        0 kB
ShmemPmdMapped:        0 kB
FileHugePages:         0 kB
FilePmdMapped:         0 kB
CmaTotal:              0 kB
CmaFree:               0 kB
Unaccepted:            0 kB
Balloon:               0 kB
HugePages_Total:       0
HugePages_Free:        0
HugePages_Rsvd:        0
HugePages_Surp:        0
Hugepagesize:       2048 kB
Hugetlb:               0 kB
DirectMap4k:      194432 kB
DirectMap2M:     6096896 kB
DirectMap1G:     4194304 kB
---SNAPSHOT---
2026-04-27 02:08:29
MemTotal:        8129240 kB
MemFree:         2603472 kB
MemAvailable:    2804508 kB
Buffers:            6444 kB
Cached:           310640 kB
SwapCached:       117888 kB
Active:          4316436 kB
Inactive:         680216 kB
Active(anon):    4174416 kB
Inactive(anon):   561060 kB
Active(file):     142020 kB
Inactive(file):   119156 kB
Unevictable:          16 kB
Mlocked:              16 kB
SwapTotal:       4194300 kB
SwapFree:        3955092 kB
Zswap:                 0 kB
Zswapped:              0 kB
Dirty:               220 kB
Writeback:             0 kB
AnonPages:       4566140 kB
Mapped:           258292 kB
Shmem:             55960 kB
KReclaimable:      56756 kB
Slab:             284972 kB
SReclaimable:      56756 kB
SUnreclaim:       228216 kB
KernelStack:       18956 kB
PageTables:        63008 kB
SecPageTables:         0 kB
NFS_Unstable:          0 kB
Bounce:                0 kB
WritebackTmp:          0 kB
CommitLimit:     8258920 kB
Committed_AS:   11744152 kB
VmallocTotal:   34359738367 kB
VmallocUsed:       47224 kB
VmallocChunk:          0 kB
Percpu:            13280 kB
HardwareCorrupted:     0 kB
AnonHugePages:      6144 kB
ShmemHugePages:        0 kB
ShmemPmdMapped:        0 kB
FileHugePages:         0 kB
FilePmdMapped:         0 kB
CmaTotal:              0 kB
CmaFree:               0 kB
Unaccepted:            0 kB
Balloon:               0 kB
HugePages_Total:       0
HugePages_Free:        0
HugePages_Rsvd:        0
HugePages_Surp:        0
Hugepagesize:       2048 kB
Hugetlb:               0 kB
DirectMap4k:      194432 kB
DirectMap2M:     6096896 kB
DirectMap1G:     4194304 kB
---SNAPSHOT---
2026-04-27 02:08:30
MemTotal:        8129240 kB
MemFree:         2603204 kB
MemAvailable:    2804240 kB
Buffers:            6452 kB
Cached:           310636 kB
SwapCached:       117888 kB
Active:          4316292 kB
Inactive:         680216 kB
Active(anon):    4174272 kB
Inactive(anon):   561060 kB
Active(file):     142020 kB
Inactive(file):   119156 kB
Unevictable:          16 kB
Mlocked:              16 kB
SwapTotal:       4194300 kB
SwapFree:        3955092 kB
Zswap:                 0 kB
Zswapped:              0 kB
Dirty:               224 kB
Writeback:             0 kB
AnonPages:       4566084 kB
Mapped:           258284 kB
Shmem:             55960 kB
KReclaimable:      56756 kB
Slab:             284988 kB
SReclaimable:      56756 kB
SUnreclaim:       228232 kB
KernelStack:       18928 kB
PageTables:        63168 kB
SecPageTables:         0 kB
NFS_Unstable:          0 kB
Bounce:                0 kB
WritebackTmp:          0 kB
CommitLimit:     8258920 kB
Committed_AS:   11743928 kB
VmallocTotal:   34359738367 kB
VmallocUsed:       47240 kB
VmallocChunk:          0 kB
Percpu:            13280 kB
HardwareCorrupted:     0 kB
AnonHugePages:      6144 kB
ShmemHugePages:        0 kB
ShmemPmdMapped:        0 kB
FileHugePages:         0 kB
FilePmdMapped:         0 kB
CmaTotal:              0 kB
CmaFree:               0 kB
Unaccepted:            0 kB
Balloon:               0 kB
HugePages_Total:       0
HugePages_Free:        0
HugePages_Rsvd:        0
HugePages_Surp:        0
Hugepagesize:       2048 kB
Hugetlb:               0 kB
DirectMap4k:      194432 kB
DirectMap2M:     6096896 kB
DirectMap1G:     4194304 kB
---SNAPSHOT---
2026-04-27 02:08:31
MemTotal:        8129240 kB
MemFree:         2602440 kB
MemAvailable:    2803488 kB
Buffers:            6452 kB
Cached:           310652 kB
SwapCached:       117888 kB
Active:          4316492 kB
Inactive:         680228 kB
Active(anon):    4174472 kB
Inactive(anon):   561060 kB
Active(file):     142020 kB
Inactive(file):   119168 kB
Unevictable:          16 kB
Mlocked:              16 kB
SwapTotal:       4194300 kB
SwapFree:        3955092 kB
Zswap:                 0 kB
Zswapped:              0 kB
Dirty:               232 kB
Writeback:             0 kB
AnonPages:       4566492 kB
Mapped:           258056 kB
Shmem:             55960 kB
KReclaimable:      56756 kB
Slab:             284972 kB
SReclaimable:      56756 kB
SUnreclaim:       228216 kB
KernelStack:       18988 kB
PageTables:        63140 kB
SecPageTables:         0 kB
NFS_Unstable:          0 kB
Bounce:                0 kB
WritebackTmp:          0 kB
CommitLimit:     8258920 kB
Committed_AS:   11743768 kB
VmallocTotal:   34359738367 kB
VmallocUsed:       47240 kB
VmallocChunk:          0 kB
Percpu:            13280 kB
HardwareCorrupted:     0 kB
AnonHugePages:      6144 kB
ShmemHugePages:        0 kB
ShmemPmdMapped:        0 kB
FileHugePages:         0 kB
FilePmdMapped:         0 kB
CmaTotal:              0 kB
CmaFree:               0 kB
Unaccepted:            0 kB
Balloon:               0 kB
HugePages_Total:       0
HugePages_Free:        0
HugePages_Rsvd:        0
HugePages_Surp:        0
Hugepagesize:       2048 kB
Hugetlb:               0 kB
DirectMap4k:      194432 kB
DirectMap2M:     6096896 kB
DirectMap1G:     4194304 kB
---SNAPSHOT---
2026-04-27 02:08:32
MemTotal:        8129240 kB
MemFree:         2603436 kB
MemAvailable:    2804484 kB
Buffers:            6452 kB
Cached:           310656 kB
SwapCached:       117888 kB
Active:          4316540 kB
Inactive:         680228 kB
Active(anon):    4174520 kB
Inactive(anon):   561060 kB
Active(file):     142020 kB
Inactive(file):   119168 kB
Unevictable:          16 kB
Mlocked:              16 kB
SwapTotal:       4194300 kB
SwapFree:        3955092 kB
Zswap:                 0 kB
Zswapped:              0 kB
Dirty:               236 kB
Writeback:             0 kB
AnonPages:       4566272 kB
Mapped:           258284 kB
Shmem:             55960 kB
KReclaimable:      56756 kB
Slab:             284960 kB
SReclaimable:      56756 kB
SUnreclaim:       228204 kB
KernelStack:       18988 kB
PageTables:        63140 kB
SecPageTables:         0 kB
NFS_Unstable:          0 kB
Bounce:                0 kB
WritebackTmp:          0 kB
CommitLimit:     8258920 kB
Committed_AS:   11744244 kB
VmallocTotal:   34359738367 kB
VmallocUsed:       47240 kB
VmallocChunk:          0 kB
Percpu:            13280 kB
HardwareCorrupted:     0 kB
AnonHugePages:      6144 kB
ShmemHugePages:        0 kB
ShmemPmdMapped:        0 kB
FileHugePages:         0 kB
FilePmdMapped:         0 kB
CmaTotal:              0 kB
CmaFree:               0 kB
Unaccepted:            0 kB
Balloon:               0 kB
HugePages_Total:       0
HugePages_Free:        0
HugePages_Rsvd:        0
HugePages_Surp:        0
Hugepagesize:       2048 kB
Hugetlb:               0 kB
DirectMap4k:      194432 kB
DirectMap2M:     6096896 kB
DirectMap1G:     4194304 kB
---SNAPSHOT---
2026-04-27 02:08:33
MemTotal:        8129240 kB
MemFree:         2602916 kB
MemAvailable:    2803976 kB
Buffers:            6452 kB
Cached:           310664 kB
SwapCached:       117888 kB
Active:          4316664 kB
Inactive:         680240 kB
Active(anon):    4174644 kB
Inactive(anon):   561060 kB
Active(file):     142020 kB
Inactive(file):   119180 kB
Unevictable:          16 kB
Mlocked:              16 kB
SwapTotal:       4194300 kB
SwapFree:        3955092 kB
Zswap:                 0 kB
Zswapped:              0 kB
Dirty:               244 kB
Writeback:             0 kB
AnonPages:       4566432 kB
Mapped:           258276 kB
Shmem:             55960 kB
KReclaimable:      56756 kB
Slab:             284976 kB
SReclaimable:      56756 kB
SUnreclaim:       228220 kB
KernelStack:       18976 kB
PageTables:        63312 kB
SecPageTables:         0 kB
NFS_Unstable:          0 kB
Bounce:                0 kB
WritebackTmp:          0 kB
CommitLimit:     8258920 kB
