---SNAPSHOT---
2026-04-27 13:47:54
MemTotal:        8129240 kB
MemFree:         4837668 kB
MemAvailable:    5015820 kB
Buffers:            5100 kB
Cached:           271976 kB
SwapCached:        78604 kB
Active:          1925056 kB
Inactive:         609768 kB
Active(anon):    1832304 kB
Inactive(anon):   462716 kB
Active(file):      92752 kB
Inactive(file):   147052 kB
Unevictable:           0 kB
Mlocked:               0 kB
SwapTotal:       4194300 kB
SwapFree:        3978180 kB
Zswap:                 0 kB
Zswapped:              0 kB
Dirty:               464 kB
Writeback:             0 kB
AnonPages:       2183176 kB
Mapped:           230360 kB
Shmem:             37300 kB
KReclaimable:      55244 kB
Slab:             282704 kB
SReclaimable:      55244 kB
SUnreclaim:       227460 kB
KernelStack:       18796 kB
PageTables:        55000 kB
SecPageTables:         0 kB
NFS_Unstable:          0 kB
Bounce:                0 kB
WritebackTmp:          0 kB
CommitLimit:     8258920 kB
Committed_AS:    9314028 kB
VmallocTotal:   34359738367 kB
VmallocUsed:       47032 kB
VmallocChunk:          0 kB
Percpu:            13280 kB
HardwareCorrupted:     0 kB
AnonHugePages:    260096 kB
ShmemHugePages:        0 kB
ShmemPmdMapped:        0 kB
FileHugePages:         0 kB
FilePmdMapped:         0 kB
CmaTotal:              0 kB
CmaFree:               0 kB
Unaccepted:            0 kB
Balloon:               0 kB
HugePages_Total:       0
HugePages_Free:        0
HugePages_Rsvd:        0
HugePages_Surp:        0
Hugepagesize:       2048 kB
Hugetlb:               0 kB
DirectMap4k:      194432 kB
DirectMap2M:     6096896 kB
DirectMap1G:     4194304 kB
---SNAPSHOT---
2026-04-27 13:47:55
MemTotal:        8129240 kB
MemFree:         4852560 kB
MemAvailable:    5031332 kB
Buffers:            5552 kB
Cached:           272344 kB
SwapCached:        78604 kB
Active:          1925604 kB
Inactive:         610176 kB
Active(anon):    1832640 kB
Inactive(anon):   462716 kB
Active(file):      92964 kB
Inactive(file):   147460 kB
Unevictable:           0 kB
Mlocked:               0 kB
SwapTotal:       4194300 kB
SwapFree:        3978180 kB
Zswap:                 0 kB
Zswapped:              0 kB
Dirty:               484 kB
Writeback:             0 kB
AnonPages:       2183336 kB
Mapped:           230400 kB
Shmem:             37300 kB
KReclaimable:      55244 kB
Slab:             282704 kB
SReclaimable:      55244 kB
SUnreclaim:       227460 kB
KernelStack:       18784 kB
PageTables:        54624 kB
SecPageTables:         0 kB
NFS_Unstable:          0 kB
Bounce:                0 kB
WritebackTmp:          0 kB
CommitLimit:     8258920 kB
Committed_AS:    9314268 kB
VmallocTotal:   34359738367 kB
VmallocUsed:       47064 kB
VmallocChunk:          0 kB
Percpu:            13280 kB
HardwareCorrupted:     0 kB
AnonHugePages:    260096 kB
ShmemHugePages:        0 kB
ShmemPmdMapped:        0 kB
FileHugePages:         0 kB
FilePmdMapped:         0 kB
CmaTotal:              0 kB
CmaFree:               0 kB
Unaccepted:            0 kB
Balloon:               0 kB
HugePages_Total:       0
HugePages_Free:        0
HugePages_Rsvd:        0
HugePages_Surp:        0
Hugepagesize:       2048 kB
Hugetlb:               0 kB
DirectMap4k:      194432 kB
DirectMap2M:     6096896 kB
DirectMap1G:     4194304 kB
---SNAPSHOT---
2026-04-27 13:47:56
MemTotal:        8129240 kB
MemFree:         4868156 kB
MemAvailable:    5047140 kB
Buffers:            5560 kB
Cached:           272348 kB
SwapCached:        78604 kB
Active:          1925704 kB
Inactive:         610388 kB
Active(anon):    1832740 kB
Inactive(anon):   462716 kB
Active(file):      92964 kB
Inactive(file):   147672 kB
Unevictable:           0 kB
Mlocked:               0 kB
SwapTotal:       4194300 kB
SwapFree:        3978180 kB
Zswap:                 0 kB
Zswapped:              0 kB
Dirty:               536 kB
Writeback:             0 kB
AnonPages:       2183444 kB
Mapped:           230400 kB
Shmem:             37300 kB
KReclaimable:      55244 kB
Slab:             282704 kB
SReclaimable:      55244 kB
SUnreclaim:       227460 kB
KernelStack:       18800 kB
PageTables:        54636 kB
SecPageTables:         0 kB
NFS_Unstable:          0 kB
Bounce:                0 kB
WritebackTmp:          0 kB
CommitLimit:     8258920 kB
Committed_AS:    9314124 kB
VmallocTotal:   34359738367 kB
VmallocUsed:       47016 kB
VmallocChunk:          0 kB
Percpu:            13280 kB
HardwareCorrupted:     0 kB
AnonHugePages:    260096 kB
ShmemHugePages:        0 kB
ShmemPmdMapped:        0 kB
FileHugePages:         0 kB
FilePmdMapped:         0 kB
CmaTotal:              0 kB
CmaFree:               0 kB
Unaccepted:            0 kB
Balloon:               0 kB
HugePages_Total:       0
HugePages_Free:        0
HugePages_Rsvd:        0
HugePages_Surp:        0
Hugepagesize:       2048 kB
Hugetlb:               0 kB
DirectMap4k:      194432 kB
DirectMap2M:     6096896 kB
DirectMap1G:     4194304 kB
---SNAPSHOT---
2026-04-27 13:47:57
MemTotal:        8129240 kB
MemFree:         4897380 kB
MemAvailable:    5078652 kB
Buffers:            5704 kB
Cached:           274724 kB
SwapCached:        78604 kB
Active:          1928076 kB
Inactive:         610396 kB
Active(anon):    1832832 kB
Inactive(anon):   462716 kB
Active(file):      95244 kB
Inactive(file):   147680 kB
Unevictable:           0 kB
Mlocked:               0 kB
SwapTotal:       4194300 kB
SwapFree:        3978180 kB
Zswap:                 0 kB
Zswapped:              0 kB
Dirty:               544 kB
Writeback:             0 kB
AnonPages:       2183588 kB
Mapped:           230628 kB
Shmem:             37300 kB
KReclaimable:      55244 kB
Slab:             282704 kB
SReclaimable:      55244 kB
SUnreclaim:       227460 kB
KernelStack:       18844 kB
PageTables:        54800 kB
SecPageTables:         0 kB
NFS_Unstable:          0 kB
Bounce:                0 kB
WritebackTmp:          0 kB
CommitLimit:     8258920 kB
Committed_AS:    9322512 kB
VmallocTotal:   34359738367 kB
VmallocUsed:       47032 kB
VmallocChunk:          0 kB
Percpu:            13280 kB
HardwareCorrupted:     0 kB
AnonHugePages:    260096 kB
ShmemHugePages:        0 kB
ShmemPmdMapped:        0 kB
FileHugePages:         0 kB
FilePmdMapped:         0 kB
CmaTotal:              0 kB
CmaFree:               0 kB
Unaccepted:            0 kB
Balloon:               0 kB
HugePages_Total:       0
HugePages_Free:        0
HugePages_Rsvd:        0
HugePages_Surp:        0
Hugepagesize:       2048 kB
Hugetlb:               0 kB
DirectMap4k:      194432 kB
DirectMap2M:     6096896 kB
DirectMap1G:     4194304 kB
---SNAPSHOT---
2026-04-27 13:47:58
MemTotal:        8129240 kB
MemFree:         4062112 kB
MemAvailable:    4252644 kB
Buffers:            5964 kB
Cached:           300648 kB
SwapCached:        78604 kB
Active:          2770864 kB
Inactive:         611016 kB
Active(anon):    2666980 kB
Inactive(anon):   462716 kB
Active(file):     103884 kB
Inactive(file):   148300 kB
Unevictable:          16 kB
Mlocked:              16 kB
SwapTotal:       4194300 kB
SwapFree:        3978180 kB
Zswap:                 0 kB
Zswapped:              0 kB
Dirty:               628 kB
Writeback:             0 kB
AnonPages:       3000088 kB
Mapped:           251216 kB
Shmem:             54448 kB
KReclaimable:      55244 kB
Slab:             283084 kB
SReclaimable:      55244 kB
SUnreclaim:       227840 kB
KernelStack:       19008 kB
PageTables:        56816 kB
SecPageTables:         0 kB
NFS_Unstable:          0 kB
Bounce:                0 kB
WritebackTmp:          0 kB
CommitLimit:     8258920 kB
Committed_AS:   11972920 kB
VmallocTotal:   34359738367 kB
VmallocUsed:       47256 kB
VmallocChunk:          0 kB
Percpu:            13280 kB
HardwareCorrupted:     0 kB
AnonHugePages:    258048 kB
ShmemHugePages:        0 kB
ShmemPmdMapped:        0 kB
FileHugePages:         0 kB
FilePmdMapped:         0 kB
CmaTotal:              0 kB
CmaFree:               0 kB
Unaccepted:            0 kB
Balloon:               0 kB
HugePages_Total:       0
HugePages_Free:        0
HugePages_Rsvd:        0
HugePages_Surp:        0
Hugepagesize:       2048 kB
Hugetlb:               0 kB
DirectMap4k:      194432 kB
DirectMap2M:     6096896 kB
DirectMap1G:     4194304 kB
---SNAPSHOT---
2026-04-27 13:47:59
MemTotal:        8129240 kB
MemFree:         3186828 kB
MemAvailable:    3377368 kB
Buffers:            5964 kB
Cached:           300656 kB
SwapCached:        78604 kB
Active:          3658400 kB
Inactive:         611024 kB
Active(anon):    3554516 kB
Inactive(anon):   462716 kB
Active(file):     103884 kB
Inactive(file):   148308 kB
Unevictable:          16 kB
Mlocked:              16 kB
SwapTotal:       4194300 kB
SwapFree:        3978180 kB
Zswap:                 0 kB
Zswapped:              0 kB
Dirty:               636 kB
Writeback:             0 kB
AnonPages:       3888276 kB
Mapped:           251216 kB
Shmem:             54448 kB
KReclaimable:      55244 kB
Slab:             283208 kB
SReclaimable:      55244 kB
SUnreclaim:       227964 kB
KernelStack:       18960 kB
PageTables:        58048 kB
SecPageTables:         0 kB
NFS_Unstable:          0 kB
Bounce:                0 kB
WritebackTmp:          0 kB
CommitLimit:     8258920 kB
Committed_AS:   11971152 kB
VmallocTotal:   34359738367 kB
VmallocUsed:       47240 kB
VmallocChunk:          0 kB
Percpu:            13280 kB
HardwareCorrupted:     0 kB
AnonHugePages:    258048 kB
ShmemHugePages:        0 kB
ShmemPmdMapped:        0 kB
FileHugePages:         0 kB
FilePmdMapped:         0 kB
CmaTotal:              0 kB
CmaFree:               0 kB
Unaccepted:            0 kB
Balloon:               0 kB
HugePages_Total:       0
HugePages_Free:        0
HugePages_Rsvd:        0
HugePages_Surp:        0
Hugepagesize:       2048 kB
Hugetlb:               0 kB
DirectMap4k:      194432 kB
DirectMap2M:     6096896 kB
DirectMap1G:     4194304 kB
---SNAPSHOT---
2026-04-27 13:48:00
MemTotal:        8129240 kB
MemFree:         3236684 kB
MemAvailable:    3427228 kB
Buffers:            5964 kB
Cached:           300660 kB
SwapCached:        78604 kB
Active:          3460832 kB
Inactive:         611028 kB
Active(anon):    3356948 kB
Inactive(anon):   462716 kB
Active(file):     103884 kB
Inactive(file):   148312 kB
Unevictable:          16 kB
Mlocked:              16 kB
SwapTotal:       4194300 kB
SwapFree:        3978180 kB
Zswap:                 0 kB
Zswapped:              0 kB
Dirty:               640 kB
Writeback:             0 kB
AnonPages:       3679216 kB
Mapped:           251216 kB
Shmem:             54448 kB
KReclaimable:      55244 kB
Slab:             283148 kB
SReclaimable:      55244 kB
SUnreclaim:       227904 kB
KernelStack:       18944 kB
PageTables:        59120 kB
SecPageTables:         0 kB
NFS_Unstable:          0 kB
Bounce:                0 kB
WritebackTmp:          0 kB
CommitLimit:     8258920 kB
Committed_AS:   11970968 kB
VmallocTotal:   34359738367 kB
VmallocUsed:       47224 kB
VmallocChunk:          0 kB
Percpu:            13280 kB
HardwareCorrupted:     0 kB
AnonHugePages:    258048 kB
ShmemHugePages:        0 kB
ShmemPmdMapped:        0 kB
FileHugePages:         0 kB
FilePmdMapped:         0 kB
CmaTotal:              0 kB
CmaFree:               0 kB
Unaccepted:            0 kB
Balloon:               0 kB
HugePages_Total:       0
HugePages_Free:        0
HugePages_Rsvd:        0
HugePages_Surp:        0
Hugepagesize:       2048 kB
Hugetlb:               0 kB
DirectMap4k:      194432 kB
DirectMap2M:     6096896 kB
DirectMap1G:     4194304 kB
---SNAPSHOT---
2026-04-27 13:48:01
MemTotal:        8129240 kB
MemFree:         3978820 kB
MemAvailable:    4169364 kB
Buffers:            5972 kB
Cached:           300656 kB
SwapCached:        78604 kB
Active:          2738420 kB
Inactive:         611028 kB
Active(anon):    2634536 kB
Inactive(anon):   462716 kB
Active(file):     103884 kB
Inactive(file):   148312 kB
Unevictable:          16 kB
Mlocked:              16 kB
SwapTotal:       4194300 kB
SwapFree:        3978180 kB
Zswap:                 0 kB
Zswapped:              0 kB
Dirty:               644 kB
Writeback:             0 kB
AnonPages:       2968324 kB
Mapped:           251216 kB
Shmem:             54448 kB
KReclaimable:      55244 kB
Slab:             283164 kB
SReclaimable:      55244 kB
SUnreclaim:       227920 kB
KernelStack:       19020 kB
PageTables:        58996 kB
SecPageTables:         0 kB
NFS_Unstable:          0 kB
Bounce:                0 kB
WritebackTmp:          0 kB
CommitLimit:     8258920 kB
Committed_AS:   11971240 kB
VmallocTotal:   34359738367 kB
VmallocUsed:       47224 kB
VmallocChunk:          0 kB
Percpu:            13280 kB
HardwareCorrupted:     0 kB
AnonHugePages:    258048 kB
ShmemHugePages:        0 kB
ShmemPmdMapped:        0 kB
FileHugePages:         0 kB
FilePmdMapped:         0 kB
CmaTotal:              0 kB
CmaFree:               0 kB
Unaccepted:            0 kB
Balloon:               0 kB
HugePages_Total:       0
HugePages_Free:        0
HugePages_Rsvd:        0
HugePages_Surp:        0
Hugepagesize:       2048 kB
Hugetlb:               0 kB
DirectMap4k:      194432 kB
DirectMap2M:     6096896 kB
DirectMap1G:     4194304 kB
---SNAPSHOT---
2026-04-27 13:48:02
MemTotal:        8129240 kB
MemFree:         3141364 kB
MemAvailable:    3332156 kB
Buffers:            6232 kB
Cached:           300640 kB
SwapCached:        78604 kB
Active:          3610060 kB
Inactive:         611276 kB
Active(anon):    3506176 kB
Inactive(anon):   462716 kB
Active(file):     103884 kB
Inactive(file):   148560 kB
Unevictable:          16 kB
Mlocked:              16 kB
SwapTotal:       4194300 kB
SwapFree:        3978180 kB
Zswap:                 0 kB
Zswapped:              0 kB
Dirty:               652 kB
Writeback:             0 kB
AnonPages:       3839588 kB
Mapped:           251216 kB
Shmem:             54448 kB
KReclaimable:      55244 kB
Slab:             283164 kB
SReclaimable:      55244 kB
SUnreclaim:       227920 kB
KernelStack:       18944 kB
PageTables:        59892 kB
SecPageTables:         0 kB
NFS_Unstable:          0 kB
Bounce:                0 kB
WritebackTmp:          0 kB
CommitLimit:     8258920 kB
Committed_AS:   11971212 kB
VmallocTotal:   34359738367 kB
VmallocUsed:       47208 kB
VmallocChunk:          0 kB
Percpu:            13280 kB
HardwareCorrupted:     0 kB
AnonHugePages:    258048 kB
ShmemHugePages:        0 kB
ShmemPmdMapped:        0 kB
FileHugePages:         0 kB
FilePmdMapped:         0 kB
CmaTotal:              0 kB
CmaFree:               0 kB
Unaccepted:            0 kB
Balloon:               0 kB
HugePages_Total:       0
HugePages_Free:        0
HugePages_Rsvd:        0
HugePages_Surp:        0
Hugepagesize:       2048 kB
Hugetlb:               0 kB
DirectMap4k:      194432 kB
DirectMap2M:     6096896 kB
DirectMap1G:     4194304 kB
---SNAPSHOT---
2026-04-27 13:48:03
MemTotal:        8129240 kB
MemFree:         3577276 kB
MemAvailable:    3768104 kB
Buffers:            6232 kB
Cached:           300676 kB
SwapCached:        78604 kB
Active:          3143180 kB
Inactive:         611312 kB
Active(anon):    3039296 kB
Inactive(anon):   462716 kB
Active(file):     103884 kB
Inactive(file):   148596 kB
Unevictable:          16 kB
Mlocked:              16 kB
SwapTotal:       4194300 kB
SwapFree:        3978180 kB
Zswap:                 0 kB
Zswapped:              0 kB
Dirty:               656 kB
Writeback:             0 kB
AnonPages:       3372812 kB
Mapped:           251452 kB
Shmem:             54448 kB
KReclaimable:      55244 kB
Slab:             283204 kB
SReclaimable:      55244 kB
SUnreclaim:       227960 kB
KernelStack:       19008 kB
PageTables:        58732 kB
SecPageTables:         0 kB
NFS_Unstable:          0 kB
Bounce:                0 kB
WritebackTmp:          0 kB
CommitLimit:     8258920 kB
Committed_AS:   11972576 kB
VmallocTotal:   34359738367 kB
VmallocUsed:       47240 kB
VmallocChunk:          0 kB
Percpu:            13280 kB
HardwareCorrupted:     0 kB
AnonHugePages:    258048 kB
ShmemHugePages:        0 kB
ShmemPmdMapped:        0 kB
FileHugePages:         0 kB
FilePmdMapped:         0 kB
CmaTotal:              0 kB
CmaFree:               0 kB
Unaccepted:            0 kB
Balloon:               0 kB
HugePages_Total:       0
HugePages_Free:        0
HugePages_Rsvd:        0
HugePages_Surp:        0
Hugepagesize:       2048 kB
Hugetlb:               0 kB
DirectMap4k:      194432 kB
DirectMap2M:     6096896 kB
DirectMap1G:     4194304 kB
---SNAPSHOT---
2026-04-27 13:48:04
MemTotal:        8129240 kB
MemFree:         4044564 kB
MemAvailable:    4235400 kB
Buffers:            6232 kB
Cached:           300684 kB
SwapCached:        78604 kB
Active:          2664856 kB
Inactive:         611320 kB
Active(anon):    2560972 kB
Inactive(anon):   462716 kB
Active(file):     103884 kB
Inactive(file):   148604 kB
Unevictable:          16 kB
Mlocked:              16 kB
SwapTotal:       4194300 kB
SwapFree:        3978180 kB
Zswap:                 0 kB
Zswapped:              0 kB
Dirty:               664 kB
Writeback:             0 kB
AnonPages:       2894544 kB
Mapped:           251216 kB
Shmem:             54448 kB
KReclaimable:      55244 kB
Slab:             283320 kB
SReclaimable:      55244 kB
SUnreclaim:       228076 kB
KernelStack:       18960 kB
PageTables:        57404 kB
SecPageTables:         0 kB
NFS_Unstable:          0 kB
Bounce:                0 kB
WritebackTmp:          0 kB
CommitLimit:     8258920 kB
Committed_AS:   11971436 kB
VmallocTotal:   34359738367 kB
VmallocUsed:       47192 kB
VmallocChunk:          0 kB
Percpu:            13280 kB
HardwareCorrupted:     0 kB
AnonHugePages:    258048 kB
ShmemHugePages:        0 kB
ShmemPmdMapped:        0 kB
FileHugePages:         0 kB
FilePmdMapped:         0 kB
CmaTotal:              0 kB
CmaFree:               0 kB
Unaccepted:            0 kB
Balloon:               0 kB
HugePages_Total:       0
HugePages_Free:        0
HugePages_Rsvd:        0
HugePages_Surp:        0
Hugepagesize:       2048 kB
Hugetlb:               0 kB
DirectMap4k:      194432 kB
DirectMap2M:     6096896 kB
DirectMap1G:     4194304 kB
---SNAPSHOT---
2026-04-27 13:48:05
MemTotal:        8129240 kB
MemFree:         3127208 kB
MemAvailable:    3318048 kB
Buffers:            6232 kB
Cached:           300688 kB
SwapCached:        78604 kB
Active:          3598856 kB
Inactive:         611324 kB
Active(anon):    3494972 kB
Inactive(anon):   462716 kB
Active(file):     103884 kB
Inactive(file):   148608 kB
Unevictable:          16 kB
Mlocked:              16 kB
SwapTotal:       4194300 kB
SwapFree:        3978180 kB
Zswap:                 0 kB
Zswapped:              0 kB
Dirty:               668 kB
Writeback:             0 kB
AnonPages:       3828452 kB
Mapped:           251216 kB
Shmem:             54448 kB
KReclaimable:      55244 kB
Slab:             283288 kB
SReclaimable:      55244 kB
SUnreclaim:       228044 kB
KernelStack:       18944 kB
PageTables:        59216 kB
SecPageTables:         0 kB
NFS_Unstable:          0 kB
Bounce:                0 kB
WritebackTmp:          0 kB
CommitLimit:     8258920 kB
Committed_AS:   11971436 kB
VmallocTotal:   34359738367 kB
VmallocUsed:       47256 kB
VmallocChunk:          0 kB
Percpu:            13280 kB
HardwareCorrupted:     0 kB
AnonHugePages:    258048 kB
ShmemHugePages:        0 kB
ShmemPmdMapped:        0 kB
FileHugePages:         0 kB
FilePmdMapped:         0 kB
CmaTotal:              0 kB
CmaFree:               0 kB
Unaccepted:            0 kB
Balloon:               0 kB
HugePages_Total:       0
HugePages_Free:        0
HugePages_Rsvd:        0
HugePages_Surp:        0
Hugepagesize:       2048 kB
Hugetlb:               0 kB
DirectMap4k:      194432 kB
DirectMap2M:     6096896 kB
DirectMap1G:     4194304 kB
---SNAPSHOT---
2026-04-27 13:48:06
MemTotal:        8129240 kB
MemFree:         3586176 kB
MemAvailable:    3778640 kB
Buffers:            6240 kB
Cached:           300688 kB
SwapCached:        78604 kB
Active:          3165632 kB
Inactive:         611332 kB
Active(anon):    3061748 kB
Inactive(anon):   462716 kB
Active(file):     103884 kB
Inactive(file):   148616 kB
Unevictable:          16 kB
Mlocked:              16 kB
SwapTotal:       4194300 kB
SwapFree:        3978180 kB
Zswap:                 0 kB
Zswapped:              0 kB
Dirty:               672 kB
Writeback:             0 kB
AnonPages:       3395336 kB
Mapped:           251216 kB
Shmem:             54448 kB
KReclaimable:      56860 kB
Slab:             284896 kB
SReclaimable:      56860 kB
SUnreclaim:       228036 kB
KernelStack:       18960 kB
PageTables:        57712 kB
SecPageTables:         0 kB
NFS_Unstable:          0 kB
Bounce:                0 kB
WritebackTmp:          0 kB
CommitLimit:     8258920 kB
Committed_AS:   11971208 kB
VmallocTotal:   34359738367 kB
VmallocUsed:       47240 kB
VmallocChunk:          0 kB
Percpu:            13280 kB
HardwareCorrupted:     0 kB
AnonHugePages:    258048 kB
ShmemHugePages:        0 kB
ShmemPmdMapped:        0 kB
FileHugePages:         0 kB
FilePmdMapped:         0 kB
CmaTotal:              0 kB
CmaFree:               0 kB
Unaccepted:            0 kB
Balloon:               0 kB
HugePages_Total:       0
HugePages_Free:        0
HugePages_Rsvd:        0
HugePages_Surp:        0
Hugepagesize:       2048 kB
Hugetlb:               0 kB
DirectMap4k:      194432 kB
DirectMap2M:     6096896 kB
DirectMap1G:     4194304 kB
---SNAPSHOT---
2026-04-27 13:48:07
MemTotal:        8129240 kB
MemFree:         3102604 kB
MemAvailable:    3295084 kB
Buffers:            6240 kB
Cached:           300704 kB
SwapCached:       558316 kB
Active:          3163464 kB
Inactive:        1079692 kB
Active(anon):    3059580 kB
Inactive(anon):   931060 kB
Active(file):     103884 kB
Inactive(file):   148632 kB
Unevictable:          16 kB
Mlocked:              16 kB
SwapTotal:       4194300 kB
SwapFree:        3498252 kB
Zswap:                 0 kB
Zswapped:              0 kB
Dirty:               680 kB
Writeback:         11304 kB
AnonPages:       3383716 kB
Mapped:           251216 kB
Shmem:             54448 kB
KReclaimable:      56860 kB
Slab:             285424 kB
SReclaimable:      56860 kB
SUnreclaim:       228564 kB
KernelStack:       18960 kB
PageTables:        58412 kB
SecPageTables:         0 kB
NFS_Unstable:          0 kB
Bounce:                0 kB
WritebackTmp:          0 kB
CommitLimit:     8258920 kB
Committed_AS:   11970920 kB
VmallocTotal:   34359738367 kB
VmallocUsed:       47240 kB
VmallocChunk:          0 kB
Percpu:            13280 kB
HardwareCorrupted:     0 kB
AnonHugePages:    258048 kB
ShmemHugePages:        0 kB
ShmemPmdMapped:        0 kB
FileHugePages:         0 kB
FilePmdMapped:         0 kB
CmaTotal:              0 kB
CmaFree:               0 kB
Unaccepted:            0 kB
Balloon:               0 kB
HugePages_Total:       0
HugePages_Free:        0
HugePages_Rsvd:        0
HugePages_Surp:        0
Hugepagesize:       2048 kB
Hugetlb:               0 kB
DirectMap4k:      194432 kB
DirectMap2M:     6096896 kB
DirectMap1G:     4194304 kB
---SNAPSHOT---
2026-04-27 13:48:08
MemTotal:        8129240 kB
MemFree:         2565876 kB
MemAvailable:    2758360 kB
Buffers:            6240 kB
Cached:           300708 kB
SwapCached:       661264 kB
Active:          3687396 kB
Inactive:        1179612 kB
Active(anon):    3583512 kB
Inactive(anon):  1030976 kB
Active(file):     103884 kB
Inactive(file):   148636 kB
Unevictable:          16 kB
Mlocked:              16 kB
SwapTotal:       4194300 kB
SwapFree:        3395520 kB
Zswap:                 0 kB
Zswapped:              0 kB
Dirty:               684 kB
Writeback:         14508 kB
AnonPages:       3904744 kB
Mapped:           251216 kB
Shmem:             54448 kB
KReclaimable:      56860 kB
Slab:             285844 kB
SReclaimable:      56860 kB
SUnreclaim:       228984 kB
KernelStack:       18960 kB
PageTables:        60284 kB
SecPageTables:         0 kB
NFS_Unstable:          0 kB
Bounce:                0 kB
WritebackTmp:          0 kB
CommitLimit:     8258920 kB
Committed_AS:   11971176 kB
VmallocTotal:   34359738367 kB
VmallocUsed:       47208 kB
VmallocChunk:          0 kB
Percpu:            13280 kB
HardwareCorrupted:     0 kB
AnonHugePages:    258048 kB
ShmemHugePages:        0 kB
ShmemPmdMapped:        0 kB
FileHugePages:         0 kB
FilePmdMapped:         0 kB
CmaTotal:              0 kB
CmaFree:               0 kB
Unaccepted:            0 kB
Balloon:               0 kB
HugePages_Total:       0
HugePages_Free:        0
HugePages_Rsvd:        0
HugePages_Surp:        0
Hugepagesize:       2048 kB
Hugetlb:               0 kB
DirectMap4k:      194432 kB
DirectMap2M:     6096896 kB
DirectMap1G:     4194304 kB
---SNAPSHOT---
2026-04-27 13:48:09
MemTotal:        8129240 kB
MemFree:         2859260 kB
MemAvailable:    3051756 kB
Buffers:            6244 kB
Cached:           300716 kB
SwapCached:       676624 kB
Active:          3351448 kB
Inactive:        1188736 kB
Active(anon):    3247564 kB
Inactive(anon):  1040088 kB
Active(file):     103884 kB
Inactive(file):   148648 kB
Unevictable:          16 kB
Mlocked:              16 kB
SwapTotal:       4194300 kB
SwapFree:        3380160 kB
Zswap:                 0 kB
Zswapped:              0 kB
Dirty:               692 kB
Writeback:         20596 kB
AnonPages:       3562528 kB
Mapped:           251232 kB
Shmem:             54448 kB
KReclaimable:      56860 kB
Slab:             286204 kB
SReclaimable:      56860 kB
SUnreclaim:       229344 kB
KernelStack:       18944 kB
PageTables:        59576 kB
SecPageTables:         0 kB
NFS_Unstable:          0 kB
Bounce:                0 kB
WritebackTmp:          0 kB
CommitLimit:     8258920 kB
Committed_AS:   11971328 kB
VmallocTotal:   34359738367 kB
VmallocUsed:       47240 kB
VmallocChunk:          0 kB
Percpu:            13280 kB
HardwareCorrupted:     0 kB
AnonHugePages:    258048 kB
ShmemHugePages:        0 kB
ShmemPmdMapped:        0 kB
FileHugePages:         0 kB
FilePmdMapped:         0 kB
CmaTotal:              0 kB
CmaFree:               0 kB
Unaccepted:            0 kB
Balloon:               0 kB
HugePages_Total:       0
HugePages_Free:        0
HugePages_Rsvd:        0
HugePages_Surp:        0
Hugepagesize:       2048 kB
Hugetlb:               0 kB
DirectMap4k:      194432 kB
DirectMap2M:     6096896 kB
DirectMap1G:     4194304 kB
---SNAPSHOT---
2026-04-27 13:48:10
MemTotal:        8129240 kB
MemFree:         3171948 kB
MemAvailable:    3364448 kB
Buffers:            6244 kB
Cached:           300720 kB
SwapCached:       676624 kB
Active:          3059060 kB
Inactive:        1195340 kB
Active(anon):    2955176 kB
Inactive(anon):  1046688 kB
Active(file):     103884 kB
Inactive(file):   148652 kB
Unevictable:          16 kB
Mlocked:              16 kB
SwapTotal:       4194300 kB
SwapFree:        3380160 kB
Zswap:                 0 kB
Zswapped:              0 kB
Dirty:               696 kB
Writeback:         13992 kB
AnonPages:       3276836 kB
Mapped:           251216 kB
Shmem:             54448 kB
KReclaimable:      56860 kB
Slab:             285952 kB
SReclaimable:      56860 kB
SUnreclaim:       229092 kB
KernelStack:       18960 kB
PageTables:        58736 kB
SecPageTables:         0 kB
NFS_Unstable:          0 kB
Bounce:                0 kB
WritebackTmp:          0 kB
CommitLimit:     8258920 kB
Committed_AS:   11970668 kB
VmallocTotal:   34359738367 kB
VmallocUsed:       47224 kB
VmallocChunk:          0 kB
Percpu:            13280 kB
HardwareCorrupted:     0 kB
AnonHugePages:    258048 kB
ShmemHugePages:        0 kB
ShmemPmdMapped:        0 kB
FileHugePages:         0 kB
FilePmdMapped:         0 kB
CmaTotal:              0 kB
CmaFree:               0 kB
Unaccepted:            0 kB
Balloon:               0 kB
HugePages_Total:       0
HugePages_Free:        0
HugePages_Rsvd:        0
HugePages_Surp:        0
Hugepagesize:       2048 kB
Hugetlb:               0 kB
DirectMap4k:      194432 kB
DirectMap2M:     6096896 kB
DirectMap1G:     4194304 kB
---SNAPSHOT---
2026-04-27 13:48:12
MemTotal:        8129240 kB
MemFree:         3207244 kB
MemAvailable:    3399824 kB
Buffers:            6380 kB
Cached:           300720 kB
SwapCached:       684248 kB
Active:          2966452 kB
Inactive:        1209280 kB
Active(anon):    2862568 kB
Inactive(anon):  1060548 kB
Active(file):     103884 kB
Inactive(file):   148732 kB
Unevictable:          16 kB
Mlocked:              16 kB
SwapTotal:       4194300 kB
SwapFree:        3372368 kB
Zswap:                 0 kB
Zswapped:              0 kB
Dirty:               700 kB
Writeback:          7740 kB
AnonPages:       3190660 kB
Mapped:           251380 kB
Shmem:             54448 kB
KReclaimable:      56860 kB
Slab:             285324 kB
SReclaimable:      56860 kB
SUnreclaim:       228464 kB
KernelStack:       18988 kB
PageTables:        58436 kB
SecPageTables:         0 kB
NFS_Unstable:          0 kB
Bounce:                0 kB
WritebackTmp:          0 kB
CommitLimit:     8258920 kB
Committed_AS:   11971436 kB
VmallocTotal:   34359738367 kB
VmallocUsed:       47224 kB
VmallocChunk:          0 kB
Percpu:            13280 kB
HardwareCorrupted:     0 kB
AnonHugePages:    258048 kB
ShmemHugePages:        0 kB
ShmemPmdMapped:        0 kB
FileHugePages:         0 kB
FilePmdMapped:         0 kB
CmaTotal:              0 kB
CmaFree:               0 kB
Unaccepted:            0 kB
Balloon:               0 kB
HugePages_Total:       0
HugePages_Free:        0
HugePages_Rsvd:        0
HugePages_Surp:        0
Hugepagesize:       2048 kB
Hugetlb:               0 kB
DirectMap4k:      194432 kB
DirectMap2M:     6096896 kB
DirectMap1G:     4194304 kB
---SNAPSHOT---
2026-04-27 13:48:13
MemTotal:        8129240 kB
MemFree:         3192360 kB
MemAvailable:    3385008 kB
Buffers:            6380 kB
Cached:           300732 kB
SwapCached:       701200 kB
Active:          2963416 kB
Inactive:        1218028 kB
Active(anon):    2859532 kB
Inactive(anon):  1069228 kB
Active(file):     103884 kB
Inactive(file):   148800 kB
Unevictable:          16 kB
Mlocked:              16 kB
SwapTotal:       4194300 kB
SwapFree:        3355584 kB
Zswap:                 0 kB
Zswapped:              0 kB
Dirty:               708 kB
Writeback:         15988 kB
AnonPages:       3179640 kB
Mapped:           251216 kB
Shmem:             54448 kB
KReclaimable:      56860 kB
Slab:             285900 kB
SReclaimable:      56860 kB
SUnreclaim:       229040 kB
KernelStack:       19020 kB
PageTables:        59944 kB
SecPageTables:         0 kB
NFS_Unstable:          0 kB
Bounce:                0 kB
WritebackTmp:          0 kB
CommitLimit:     8258920 kB
Committed_AS:   11971436 kB
VmallocTotal:   34359738367 kB
VmallocUsed:       47256 kB
VmallocChunk:          0 kB
Percpu:            13280 kB
HardwareCorrupted:     0 kB
AnonHugePages:    258048 kB
ShmemHugePages:        0 kB
ShmemPmdMapped:        0 kB
FileHugePages:         0 kB
FilePmdMapped:         0 kB
CmaTotal:              0 kB
CmaFree:               0 kB
Unaccepted:            0 kB
Balloon:               0 kB
HugePages_Total:       0
HugePages_Free:        0
HugePages_Rsvd:        0
HugePages_Surp:        0
Hugepagesize:       2048 kB
Hugetlb:               0 kB
DirectMap4k:      194432 kB
DirectMap2M:     6096896 kB
DirectMap1G:     4194304 kB
---SNAPSHOT---
2026-04-27 13:48:14
MemTotal:        8129240 kB
MemFree:         2661284 kB
MemAvailable:    2853936 kB
Buffers:            6380 kB
Cached:           300736 kB
SwapCached:       701204 kB
Active:          3575860 kB
Inactive:        1220220 kB
Active(anon):    3471976 kB
Inactive(anon):  1071416 kB
Active(file):     103884 kB
Inactive(file):   148804 kB
Unevictable:          16 kB
Mlocked:              16 kB
SwapTotal:       4194300 kB
SwapFree:        3355580 kB
Zswap:                 0 kB
Zswapped:              0 kB
Dirty:               712 kB
Writeback:         13832 kB
AnonPages:       3795364 kB
Mapped:           251216 kB
Shmem:             54448 kB
KReclaimable:      56860 kB
Slab:             285712 kB
SReclaimable:      56860 kB
SUnreclaim:       228852 kB
KernelStack:       18916 kB
PageTables:        60676 kB
SecPageTables:         0 kB
NFS_Unstable:          0 kB
Bounce:                0 kB
WritebackTmp:          0 kB
CommitLimit:     8258920 kB
Committed_AS:   11971436 kB
VmallocTotal:   34359738367 kB
VmallocUsed:       47256 kB
VmallocChunk:          0 kB
Percpu:            13280 kB
HardwareCorrupted:     0 kB
AnonHugePages:    258048 kB
ShmemHugePages:        0 kB
ShmemPmdMapped:        0 kB
FileHugePages:         0 kB
FilePmdMapped:         0 kB
CmaTotal:              0 kB
CmaFree:               0 kB
Unaccepted:            0 kB
Balloon:               0 kB
HugePages_Total:       0
HugePages_Free:        0
HugePages_Rsvd:        0
HugePages_Surp:        0
Hugepagesize:       2048 kB
Hugetlb:               0 kB
DirectMap4k:      194432 kB
DirectMap2M:     6096896 kB
DirectMap1G:     4194304 kB
---SNAPSHOT---
2026-04-27 13:48:15
MemTotal:        8129240 kB
MemFree:         2406972 kB
MemAvailable:    2599628 kB
Buffers:            6380 kB
Cached:           300744 kB
SwapCached:       701208 kB
Active:          3816752 kB
Inactive:        1224156 kB
Active(anon):    3712868 kB
Inactive(anon):  1075348 kB
Active(file):     103884 kB
Inactive(file):   148808 kB
Unevictable:          16 kB
Mlocked:              16 kB
SwapTotal:       4194300 kB
SwapFree:        3355576 kB
Zswap:                 0 kB
Zswapped:              0 kB
Dirty:               720 kB
Writeback:          9964 kB
AnonPages:       4041704 kB
Mapped:           251216 kB
Shmem:             54448 kB
KReclaimable:      56860 kB
Slab:             285596 kB
SReclaimable:      56860 kB
SUnreclaim:       228736 kB
KernelStack:       19004 kB
PageTables:        60748 kB
SecPageTables:         0 kB
NFS_Unstable:          0 kB
Bounce:                0 kB
WritebackTmp:          0 kB
CommitLimit:     8258920 kB
Committed_AS:   11971436 kB
VmallocTotal:   34359738367 kB
VmallocUsed:       47288 kB
VmallocChunk:          0 kB
Percpu:            13280 kB
HardwareCorrupted:     0 kB
AnonHugePages:    258048 kB
ShmemHugePages:        0 kB
ShmemPmdMapped:        0 kB
FileHugePages:         0 kB
FilePmdMapped:         0 kB
CmaTotal:              0 kB
CmaFree:               0 kB
Unaccepted:            0 kB
Balloon:               0 kB
HugePages_Total:       0
HugePages_Free:        0
HugePages_Rsvd:        0
HugePages_Surp:        0
Hugepagesize:       2048 kB
Hugetlb:               0 kB
DirectMap4k:      194432 kB
DirectMap2M:     6096896 kB
DirectMap1G:     4194304 kB
---SNAPSHOT---
2026-04-27 13:48:18
MemTotal:        8129240 kB
MemFree:         2438544 kB
MemAvailable:    2631220 kB
Buffers:            6388 kB
Cached:           300752 kB
SwapCached:       701484 kB
Active:          3770192 kB
Inactive:        1233512 kB
Active(anon):    3666308 kB
Inactive(anon):  1084684 kB
Active(file):     103884 kB
Inactive(file):   148828 kB
Unevictable:          16 kB
Mlocked:              16 kB
SwapTotal:       4194300 kB
SwapFree:        3355300 kB
Zswap:                 0 kB
Zswapped:              0 kB
Dirty:               732 kB
Writeback:           164 kB
AnonPages:       4003916 kB
Mapped:           251316 kB
Shmem:             54448 kB
KReclaimable:      56860 kB
Slab:             284912 kB
SReclaimable:      56860 kB
SUnreclaim:       228052 kB
KernelStack:       18960 kB
PageTables:        60212 kB
SecPageTables:         0 kB
NFS_Unstable:          0 kB
Bounce:                0 kB
WritebackTmp:          0 kB
CommitLimit:     8258920 kB
Committed_AS:   11971436 kB
VmallocTotal:   34359738367 kB
VmallocUsed:       47240 kB
VmallocChunk:          0 kB
Percpu:            13280 kB
HardwareCorrupted:     0 kB
AnonHugePages:    258048 kB
ShmemHugePages:        0 kB
ShmemPmdMapped:        0 kB
FileHugePages:         0 kB
FilePmdMapped:         0 kB
CmaTotal:              0 kB
CmaFree:               0 kB
Unaccepted:            0 kB
Balloon:               0 kB
HugePages_Total:       0
HugePages_Free:        0
HugePages_Rsvd:        0
HugePages_Surp:        0
Hugepagesize:       2048 kB
Hugetlb:               0 kB
DirectMap4k:      194432 kB
DirectMap2M:     6096896 kB
DirectMap1G:     4194304 kB
---SNAPSHOT---
2026-04-27 13:48:19
MemTotal:        8129240 kB
MemFree:         2328620 kB
MemAvailable:    2521296 kB
Buffers:            6388 kB
Cached:           300756 kB
SwapCached:       702464 kB
Active:          3889316 kB
Inactive:        1233512 kB
Active(anon):    3785432 kB
Inactive(anon):  1084684 kB
Active(file):     103884 kB
Inactive(file):   148828 kB
Unevictable:          16 kB
Mlocked:              16 kB
SwapTotal:       4194300 kB
SwapFree:        3354320 kB
Zswap:                 0 kB
Zswapped:              0 kB
Dirty:               736 kB
Writeback:           132 kB
AnonPages:       4122060 kB
Mapped:           251216 kB
Shmem:             54448 kB
KReclaimable:      56860 kB
Slab:             284908 kB
SReclaimable:      56860 kB
SUnreclaim:       228048 kB
KernelStack:       18944 kB
PageTables:        60544 kB
SecPageTables:         0 kB
NFS_Unstable:          0 kB
Bounce:                0 kB
WritebackTmp:          0 kB
CommitLimit:     8258920 kB
Committed_AS:   11971320 kB
VmallocTotal:   34359738367 kB
VmallocUsed:       47240 kB
VmallocChunk:          0 kB
Percpu:            13280 kB
HardwareCorrupted:     0 kB
AnonHugePages:    258048 kB
ShmemHugePages:        0 kB
ShmemPmdMapped:        0 kB
FileHugePages:         0 kB
FilePmdMapped:         0 kB
CmaTotal:              0 kB
CmaFree:               0 kB
Unaccepted:            0 kB
Balloon:               0 kB
HugePages_Total:       0
HugePages_Free:        0
HugePages_Rsvd:        0
HugePages_Surp:        0
Hugepagesize:       2048 kB
Hugetlb:               0 kB
DirectMap4k:      194432 kB
DirectMap2M:     6096896 kB
DirectMap1G:     4194304 kB
---SNAPSHOT---
2026-04-27 13:48:20
MemTotal:        8129240 kB
MemFree:         2328264 kB
MemAvailable:    2520948 kB
Buffers:            6388 kB
Cached:           300764 kB
SwapCached:       703672 kB
Active:          3889448 kB
Inactive:        1233520 kB
Active(anon):    3785564 kB
Inactive(anon):  1084684 kB
Active(file):     103884 kB
Inactive(file):   148836 kB
Unevictable:          16 kB
Mlocked:              16 kB
SwapTotal:       4194300 kB
SwapFree:        3353112 kB
Zswap:                 0 kB
Zswapped:              0 kB
Dirty:               744 kB
Writeback:           204 kB
AnonPages:       4120968 kB
Mapped:           251216 kB
Shmem:             54448 kB
KReclaimable:      56860 kB
Slab:             284912 kB
SReclaimable:      56860 kB
SUnreclaim:       228052 kB
KernelStack:       18960 kB
PageTables:        60580 kB
SecPageTables:         0 kB
NFS_Unstable:          0 kB
Bounce:                0 kB
WritebackTmp:          0 kB
CommitLimit:     8258920 kB
Committed_AS:   11971084 kB
VmallocTotal:   34359738367 kB
VmallocUsed:       47224 kB
VmallocChunk:          0 kB
Percpu:            13280 kB
HardwareCorrupted:     0 kB
AnonHugePages:    258048 kB
ShmemHugePages:        0 kB
ShmemPmdMapped:        0 kB
FileHugePages:         0 kB
FilePmdMapped:         0 kB
CmaTotal:              0 kB
CmaFree:               0 kB
Unaccepted:            0 kB
Balloon:               0 kB
HugePages_Total:       0
HugePages_Free:        0
HugePages_Rsvd:        0
HugePages_Surp:        0
Hugepagesize:       2048 kB
Hugetlb:               0 kB
DirectMap4k:      194432 kB
DirectMap2M:     6096896 kB
DirectMap1G:     4194304 kB
---SNAPSHOT---
2026-04-27 13:48:21
MemTotal:        8129240 kB
MemFree:         2331544 kB
MemAvailable:    2524236 kB
Buffers:            6388 kB
Cached:           300768 kB
SwapCached:       720328 kB
Active:          3870772 kB
Inactive:        1250636 kB
Active(anon):    3766888 kB
Inactive(anon):  1101792 kB
Active(file):     103884 kB
Inactive(file):   148844 kB
Unevictable:          16 kB
Mlocked:              16 kB
SwapTotal:       4194300 kB
SwapFree:        3336456 kB
Zswap:                 0 kB
Zswapped:              0 kB
Dirty:               748 kB
Writeback:           172 kB
AnonPages:       4104096 kB
Mapped:           251216 kB
Shmem:             54448 kB
KReclaimable:      56860 kB
Slab:             284856 kB
SReclaimable:      56860 kB
SUnreclaim:       227996 kB
KernelStack:       18960 kB
PageTables:        60580 kB
SecPageTables:         0 kB
NFS_Unstable:          0 kB
Bounce:                0 kB
WritebackTmp:          0 kB
CommitLimit:     8258920 kB
Committed_AS:   11971216 kB
VmallocTotal:   34359738367 kB
VmallocUsed:       47208 kB
VmallocChunk:          0 kB
Percpu:            13280 kB
HardwareCorrupted:     0 kB
AnonHugePages:    258048 kB
ShmemHugePages:        0 kB
ShmemPmdMapped:        0 kB
FileHugePages:         0 kB
FilePmdMapped:         0 kB
CmaTotal:              0 kB
CmaFree:               0 kB
Unaccepted:            0 kB
Balloon:               0 kB
HugePages_Total:       0
HugePages_Free:        0
HugePages_Rsvd:        0
HugePages_Surp:        0
Hugepagesize:       2048 kB
Hugetlb:               0 kB
DirectMap4k:      194432 kB
DirectMap2M:     6096896 kB
DirectMap1G:     4194304 kB
---SNAPSHOT---
2026-04-27 13:48:22
MemTotal:        8129240 kB
MemFree:         2759384 kB
MemAvailable:    2952088 kB
Buffers:            6400 kB
Cached:           300772 kB
SwapCached:       736420 kB
Active:          3406108 kB
Inactive:        1265088 kB
Active(anon):    3302224 kB
Inactive(anon):  1116232 kB
Active(file):     103884 kB
Inactive(file):   148856 kB
Unevictable:          16 kB
Mlocked:              16 kB
SwapTotal:       4194300 kB
SwapFree:        3320364 kB
Zswap:                 0 kB
Zswapped:              0 kB
Dirty:               756 kB
Writeback:            56 kB
AnonPages:       3637564 kB
Mapped:           251216 kB
Shmem:             54448 kB
KReclaimable:      56860 kB
Slab:             284860 kB
SReclaimable:      56860 kB
SUnreclaim:       228000 kB
KernelStack:       18960 kB
PageTables:        59660 kB
SecPageTables:         0 kB
NFS_Unstable:          0 kB
Bounce:                0 kB
WritebackTmp:          0 kB
CommitLimit:     8258920 kB
Committed_AS:   11971160 kB
VmallocTotal:   34359738367 kB
VmallocUsed:       47240 kB
VmallocChunk:          0 kB
Percpu:            13280 kB
HardwareCorrupted:     0 kB
AnonHugePages:    258048 kB
ShmemHugePages:        0 kB
ShmemPmdMapped:        0 kB
FileHugePages:         0 kB
FilePmdMapped:         0 kB
CmaTotal:              0 kB
CmaFree:               0 kB
Unaccepted:            0 kB
Balloon:               0 kB
HugePages_Total:       0
HugePages_Free:        0
HugePages_Rsvd:        0
HugePages_Surp:        0
Hugepagesize:       2048 kB
Hugetlb:               0 kB
DirectMap4k:      194432 kB
DirectMap2M:     6096896 kB
DirectMap1G:     4194304 kB
---SNAPSHOT---
2026-04-27 13:48:23
MemTotal:        8129240 kB
MemFree:         2550332 kB
MemAvailable:    2743048 kB
Buffers:            6400 kB
Cached:           300780 kB
SwapCached:       738656 kB
Active:          3639112 kB
Inactive:        1269352 kB
Active(anon):    3535228 kB
Inactive(anon):  1120484 kB
Active(file):     103884 kB
Inactive(file):   148868 kB
Unevictable:          16 kB
Mlocked:              16 kB
SwapTotal:       4194300 kB
SwapFree:        3318128 kB
Zswap:                 0 kB
Zswapped:              0 kB
Dirty:               176 kB
Writeback:           312 kB
AnonPages:       3872740 kB
Mapped:           251444 kB
Shmem:             54448 kB
KReclaimable:      56860 kB
Slab:             284864 kB
SReclaimable:      56860 kB
SUnreclaim:       228004 kB
KernelStack:       18992 kB
PageTables:        60128 kB
SecPageTables:         0 kB
NFS_Unstable:          0 kB
Bounce:                0 kB
WritebackTmp:          0 kB
CommitLimit:     8258920 kB
Committed_AS:   11971164 kB
VmallocTotal:   34359738367 kB
VmallocUsed:       47272 kB
VmallocChunk:          0 kB
Percpu:            13280 kB
HardwareCorrupted:     0 kB
AnonHugePages:    258048 kB
ShmemHugePages:        0 kB
ShmemPmdMapped:        0 kB
FileHugePages:         0 kB
FilePmdMapped:         0 kB
CmaTotal:              0 kB
CmaFree:               0 kB
Unaccepted:            0 kB
Balloon:               0 kB
HugePages_Total:       0
HugePages_Free:        0
HugePages_Rsvd:        0
HugePages_Surp:        0
Hugepagesize:       2048 kB
Hugetlb:               0 kB
DirectMap4k:      194432 kB
DirectMap2M:     6096896 kB
DirectMap1G:     4194304 kB
---SNAPSHOT---
2026-04-27 13:48:24
MemTotal:        8129240 kB
MemFree:         2880864 kB
MemAvailable:    3073584 kB
Buffers:            6400 kB
Cached:           300784 kB
SwapCached:       746764 kB
Active:          3212408 kB
Inactive:        1275344 kB
Active(anon):    3108524 kB
Inactive(anon):  1126472 kB
Active(file):     103884 kB
Inactive(file):   148872 kB
Unevictable:          16 kB
Mlocked:              16 kB
SwapTotal:       4194300 kB
SwapFree:        3309884 kB
Zswap:                 0 kB
Zswapped:              0 kB
Dirty:               180 kB
Writeback:           240 kB
AnonPages:       3443272 kB
Mapped:           251216 kB
Shmem:             54448 kB
KReclaimable:      56860 kB
Slab:             284864 kB
SReclaimable:      56860 kB
SUnreclaim:       228004 kB
KernelStack:       18992 kB
PageTables:        59452 kB
SecPageTables:         0 kB
NFS_Unstable:          0 kB
Bounce:                0 kB
WritebackTmp:          0 kB
CommitLimit:     8258920 kB
Committed_AS:   11971052 kB
VmallocTotal:   34359738367 kB
VmallocUsed:       47288 kB
VmallocChunk:          0 kB
Percpu:            13280 kB
HardwareCorrupted:     0 kB
AnonHugePages:    258048 kB
ShmemHugePages:        0 kB
ShmemPmdMapped:        0 kB
FileHugePages:         0 kB
FilePmdMapped:         0 kB
CmaTotal:              0 kB
CmaFree:               0 kB
Unaccepted:            0 kB
Balloon:               0 kB
HugePages_Total:       0
HugePages_Free:        0
HugePages_Rsvd:        0
HugePages_Surp:        0
Hugepagesize:       2048 kB
Hugetlb:               0 kB
DirectMap4k:      194432 kB
DirectMap2M:     6096896 kB
DirectMap1G:     4194304 kB
---SNAPSHOT---
2026-04-27 13:48:25
MemTotal:        8129240 kB
MemFree:         3195876 kB
MemAvailable:    3388600 kB
Buffers:            6400 kB
Cached:           300792 kB
SwapCached:       225704 kB
Active:          3478372 kB
Inactive:         755824 kB
Active(anon):    3374488 kB
Inactive(anon):   606948 kB
Active(file):     103884 kB
Inactive(file):   148876 kB
Unevictable:          16 kB
Mlocked:              16 kB
SwapTotal:       4194300 kB
SwapFree:        3831080 kB
Zswap:                 0 kB
Zswapped:              0 kB
Dirty:               188 kB
Writeback:           472 kB
AnonPages:       3709460 kB
Mapped:           251216 kB
Shmem:             54448 kB
KReclaimable:      56860 kB
Slab:             284836 kB
SReclaimable:      56860 kB
SUnreclaim:       227976 kB
KernelStack:       18992 kB
PageTables:        59212 kB
SecPageTables:         0 kB
NFS_Unstable:          0 kB
Bounce:                0 kB
WritebackTmp:          0 kB
CommitLimit:     8258920 kB
Committed_AS:   11971436 kB
VmallocTotal:   34359738367 kB
VmallocUsed:       47256 kB
VmallocChunk:          0 kB
Percpu:            13280 kB
HardwareCorrupted:     0 kB
AnonHugePages:    258048 kB
ShmemHugePages:        0 kB
ShmemPmdMapped:        0 kB
FileHugePages:         0 kB
FilePmdMapped:         0 kB
CmaTotal:              0 kB
CmaFree:               0 kB
Unaccepted:            0 kB
Balloon:               0 kB
HugePages_Total:       0
HugePages_Free:        0
HugePages_Rsvd:        0
HugePages_Surp:        0
Hugepagesize:       2048 kB
Hugetlb:               0 kB
DirectMap4k:      194432 kB
DirectMap2M:     6096896 kB
DirectMap1G:     4194304 kB
---SNAPSHOT---
2026-04-27 13:48:26
MemTotal:        8129240 kB
MemFree:         2782648 kB
MemAvailable:    2975376 kB
Buffers:            6400 kB
Cached:           300796 kB
SwapCached:       433240 kB
Active:          3731488 kB
Inactive:         962600 kB
Active(anon):    3627604 kB
Inactive(anon):   813720 kB
Active(file):     103884 kB
Inactive(file):   148880 kB
Unevictable:          16 kB
Mlocked:              16 kB
SwapTotal:       4194300 kB
SwapFree:        3623412 kB
Zswap:                 0 kB
Zswapped:              0 kB
Dirty:               192 kB
Writeback:           272 kB
AnonPages:       3962072 kB
Mapped:           251216 kB
Shmem:             54448 kB
KReclaimable:      56860 kB
Slab:             284896 kB
SReclaimable:      56860 kB
SUnreclaim:       228036 kB
KernelStack:       18992 kB
PageTables:        59904 kB
SecPageTables:         0 kB
NFS_Unstable:          0 kB
Bounce:                0 kB
WritebackTmp:          0 kB
CommitLimit:     8258920 kB
Committed_AS:   11971304 kB
VmallocTotal:   34359738367 kB
VmallocUsed:       47240 kB
VmallocChunk:          0 kB
Percpu:            13280 kB
HardwareCorrupted:     0 kB
AnonHugePages:    258048 kB
ShmemHugePages:        0 kB
ShmemPmdMapped:        0 kB
FileHugePages:         0 kB
FilePmdMapped:         0 kB
CmaTotal:              0 kB
CmaFree:               0 kB
Unaccepted:            0 kB
Balloon:               0 kB
HugePages_Total:       0
HugePages_Free:        0
HugePages_Rsvd:        0
HugePages_Surp:        0
Hugepagesize:       2048 kB
Hugetlb:               0 kB
DirectMap4k:      194432 kB
DirectMap2M:     6096896 kB
DirectMap1G:     4194304 kB
---SNAPSHOT---
2026-04-27 13:48:27
MemTotal:        8129240 kB
MemFree:         2383772 kB
MemAvailable:    2576516 kB
Buffers:            6408 kB
Cached:           300804 kB
SwapCached:       571528 kB
Active:          3992684 kB
Inactive:        1101388 kB
Active(anon):    3888800 kB
Inactive(anon):   952492 kB
Active(file):     103884 kB
Inactive(file):   148896 kB
Unevictable:          16 kB
Mlocked:              16 kB
SwapTotal:       4194300 kB
SwapFree:        3485256 kB
Zswap:                 0 kB
Zswapped:              0 kB
Dirty:               240 kB
Writeback:           260 kB
AnonPages:       4225284 kB
Mapped:           251216 kB
Shmem:             54448 kB
KReclaimable:      56860 kB
Slab:             284832 kB
SReclaimable:      56860 kB
SUnreclaim:       227972 kB
KernelStack:       18992 kB
PageTables:        60496 kB
SecPageTables:         0 kB
NFS_Unstable:          0 kB
Bounce:                0 kB
WritebackTmp:          0 kB
CommitLimit:     8258920 kB
Committed_AS:   11971544 kB
VmallocTotal:   34359738367 kB
VmallocUsed:       47288 kB
VmallocChunk:          0 kB
Percpu:            13280 kB
HardwareCorrupted:     0 kB
AnonHugePages:    258048 kB
ShmemHugePages:        0 kB
ShmemPmdMapped:        0 kB
FileHugePages:         0 kB
FilePmdMapped:         0 kB
CmaTotal:              0 kB
CmaFree:               0 kB
Unaccepted:            0 kB
Balloon:               0 kB
HugePages_Total:       0
HugePages_Free:        0
HugePages_Rsvd:        0
HugePages_Surp:        0
Hugepagesize:       2048 kB
Hugetlb:               0 kB
DirectMap4k:      194432 kB
DirectMap2M:     6096896 kB
DirectMap1G:     4194304 kB
---SNAPSHOT---
2026-04-27 13:48:28
MemTotal:        8129240 kB
MemFree:         2762800 kB
MemAvailable:    2955564 kB
Buffers:            6412 kB
Cached:           300816 kB
SwapCached:       583076 kB
Active:          3564688 kB
Inactive:        1113608 kB
Active(anon):    3460804 kB
Inactive(anon):   964692 kB
Active(file):     103884 kB
Inactive(file):   148916 kB
Unevictable:          16 kB
Mlocked:              16 kB
SwapTotal:       4194300 kB
SwapFree:        3473708 kB
Zswap:                 0 kB
Zswapped:              0 kB
Dirty:                48 kB
Writeback:           308 kB
AnonPages:       3798188 kB
Mapped:           251216 kB
Shmem:             54448 kB
KReclaimable:      56860 kB
Slab:             284832 kB
SReclaimable:      56860 kB
SUnreclaim:       227972 kB
KernelStack:       19008 kB
PageTables:        59944 kB
SecPageTables:         0 kB
NFS_Unstable:          0 kB
Bounce:                0 kB
WritebackTmp:          0 kB
CommitLimit:     8258920 kB
Committed_AS:   11971324 kB
VmallocTotal:   34359738367 kB
VmallocUsed:       47272 kB
VmallocChunk:          0 kB
Percpu:            13280 kB
HardwareCorrupted:     0 kB
AnonHugePages:    258048 kB
ShmemHugePages:        0 kB
ShmemPmdMapped:        0 kB
FileHugePages:         0 kB
FilePmdMapped:         0 kB
CmaTotal:              0 kB
CmaFree:               0 kB
Unaccepted:            0 kB
Balloon:               0 kB
HugePages_Total:       0
HugePages_Free:        0
HugePages_Rsvd:        0
HugePages_Surp:        0
Hugepagesize:       2048 kB
Hugetlb:               0 kB
DirectMap4k:      194432 kB
DirectMap2M:     6096896 kB
DirectMap1G:     4194304 kB
---SNAPSHOT---
2026-04-27 13:48:29
MemTotal:        8129240 kB
MemFree:         2578504 kB
MemAvailable:    2771276 kB
Buffers:            6412 kB
Cached:           300824 kB
SwapCached:       601920 kB
Active:          3779336 kB
Inactive:        1132008 kB
Active(anon):    3675452 kB
Inactive(anon):   983084 kB
Active(file):     103884 kB
Inactive(file):   148924 kB
Unevictable:          16 kB
Mlocked:              16 kB
SwapTotal:       4194300 kB
SwapFree:        3454400 kB
Zswap:                 0 kB
Zswapped:              0 kB
Dirty:                64 kB
Writeback:           228 kB
AnonPages:       4012156 kB
Mapped:           251216 kB
Shmem:             54448 kB
KReclaimable:      56860 kB
Slab:             284840 kB
SReclaimable:      56860 kB
SUnreclaim:       227980 kB
KernelStack:       18992 kB
PageTables:        60384 kB
SecPageTables:         0 kB
NFS_Unstable:          0 kB
Bounce:                0 kB
WritebackTmp:          0 kB
CommitLimit:     8258920 kB
Committed_AS:   11971076 kB
VmallocTotal:   34359738367 kB
VmallocUsed:       47272 kB
VmallocChunk:          0 kB
Percpu:            13280 kB
HardwareCorrupted:     0 kB
AnonHugePages:    258048 kB
ShmemHugePages:        0 kB
ShmemPmdMapped:        0 kB
FileHugePages:         0 kB
FilePmdMapped:         0 kB
CmaTotal:              0 kB
CmaFree:               0 kB
Unaccepted:            0 kB
Balloon:               0 kB
HugePages_Total:       0
HugePages_Free:        0
HugePages_Rsvd:        0
HugePages_Surp:        0
Hugepagesize:       2048 kB
Hugetlb:               0 kB
DirectMap4k:      194432 kB
DirectMap2M:     6096896 kB
DirectMap1G:     4194304 kB
---SNAPSHOT---
2026-04-27 13:48:30
MemTotal:        8129240 kB
MemFree:         2895188 kB
MemAvailable:    3087964 kB
Buffers:            6412 kB
Cached:           300832 kB
SwapCached:       738664 kB
Active:          3220616 kB
Inactive:        1269112 kB
Active(anon):    3116732 kB
Inactive(anon):  1120184 kB
Active(file):     103884 kB
Inactive(file):   148928 kB
Unevictable:          16 kB
Mlocked:              16 kB
SwapTotal:       4194300 kB
SwapFree:        3318056 kB
Zswap:                 0 kB
Zswapped:              0 kB
Dirty:                72 kB
Writeback:           392 kB
AnonPages:       3453976 kB
Mapped:           251216 kB
Shmem:             54448 kB
KReclaimable:      56860 kB
Slab:             284824 kB
SReclaimable:      56860 kB
SUnreclaim:       227964 kB
KernelStack:       18976 kB
PageTables:        59900 kB
SecPageTables:         0 kB
NFS_Unstable:          0 kB
Bounce:                0 kB
WritebackTmp:          0 kB
CommitLimit:     8258920 kB
Committed_AS:   11971184 kB
VmallocTotal:   34359738367 kB
VmallocUsed:       47256 kB
VmallocChunk:          0 kB
Percpu:            13280 kB
HardwareCorrupted:     0 kB
AnonHugePages:    258048 kB
ShmemHugePages:        0 kB
ShmemPmdMapped:        0 kB
FileHugePages:         0 kB
FilePmdMapped:         0 kB
CmaTotal:              0 kB
CmaFree:               0 kB
Unaccepted:            0 kB
Balloon:               0 kB
HugePages_Total:       0
HugePages_Free:        0
HugePages_Rsvd:        0
HugePages_Surp:        0
Hugepagesize:       2048 kB
Hugetlb:               0 kB
DirectMap4k:      194432 kB
DirectMap2M:     6096896 kB
DirectMap1G:     4194304 kB
---SNAPSHOT---
2026-04-27 13:48:31
MemTotal:        8129240 kB
MemFree:         2722016 kB
MemAvailable:    2914800 kB
Buffers:            6412 kB
Cached:           300836 kB
SwapCached:       744036 kB
Active:          3450888 kB
Inactive:        1273648 kB
Active(anon):    3347004 kB
Inactive(anon):  1124712 kB
Active(file):     103884 kB
Inactive(file):   148936 kB
Unevictable:          16 kB
Mlocked:              16 kB
SwapTotal:       4194300 kB
SwapFree:        3312748 kB
Zswap:                 0 kB
Zswapped:              0 kB
Dirty:                76 kB
Writeback:           248 kB
AnonPages:       3683084 kB
Mapped:           251216 kB
Shmem:             54448 kB
KReclaimable:      56860 kB
Slab:             284820 kB
SReclaimable:      56860 kB
SUnreclaim:       227960 kB
KernelStack:       18976 kB
PageTables:        59768 kB
SecPageTables:         0 kB
NFS_Unstable:          0 kB
Bounce:                0 kB
WritebackTmp:          0 kB
CommitLimit:     8258920 kB
Committed_AS:   11971548 kB
VmallocTotal:   34359738367 kB
VmallocUsed:       47256 kB
VmallocChunk:          0 kB
Percpu:            13280 kB
HardwareCorrupted:     0 kB
AnonHugePages:    258048 kB
ShmemHugePages:        0 kB
ShmemPmdMapped:        0 kB
FileHugePages:         0 kB
FilePmdMapped:         0 kB
CmaTotal:              0 kB
CmaFree:               0 kB
Unaccepted:            0 kB
Balloon:               0 kB
HugePages_Total:       0
HugePages_Free:        0
HugePages_Rsvd:        0
HugePages_Surp:        0
Hugepagesize:       2048 kB
Hugetlb:               0 kB
DirectMap4k:      194432 kB
DirectMap2M:     6096896 kB
DirectMap1G:     4194304 kB
---SNAPSHOT---
2026-04-27 13:48:32
MemTotal:        8129240 kB
MemFree:         2535192 kB
MemAvailable:    2727984 kB
Buffers:            6420 kB
Cached:           300844 kB
SwapCached:       750836 kB
Active:          3680088 kB
Inactive:        1279440 kB
Active(anon):    3576204 kB
Inactive(anon):  1130496 kB
Active(file):     103884 kB
Inactive(file):   148944 kB
Unevictable:          16 kB
Mlocked:              16 kB
SwapTotal:       4194300 kB
SwapFree:        3305948 kB
Zswap:                 0 kB
Zswapped:              0 kB
Dirty:                96 kB
Writeback:           204 kB
AnonPages:       3911320 kB
Mapped:           251216 kB
Shmem:             54448 kB
KReclaimable:      56860 kB
Slab:             284820 kB
SReclaimable:      56860 kB
SUnreclaim:       227960 kB
KernelStack:       18976 kB
PageTables:        60228 kB
SecPageTables:         0 kB
NFS_Unstable:          0 kB
Bounce:                0 kB
WritebackTmp:          0 kB
CommitLimit:     8258920 kB
Committed_AS:   11971440 kB
VmallocTotal:   34359738367 kB
VmallocUsed:       47240 kB
VmallocChunk:          0 kB
Percpu:            13280 kB
HardwareCorrupted:     0 kB
AnonHugePages:    258048 kB
ShmemHugePages:        0 kB
ShmemPmdMapped:        0 kB
FileHugePages:         0 kB
FilePmdMapped:         0 kB
CmaTotal:              0 kB
CmaFree:               0 kB
Unaccepted:            0 kB
Balloon:               0 kB
HugePages_Total:       0
HugePages_Free:        0
HugePages_Rsvd:        0
HugePages_Surp:        0
Hugepagesize:       2048 kB
Hugetlb:               0 kB
DirectMap4k:      194432 kB
DirectMap2M:     6096896 kB
DirectMap1G:     4194304 kB
---SNAPSHOT---
2026-04-27 13:48:33
MemTotal:        8129240 kB
MemFree:         2898964 kB
MemAvailable:    3091764 kB
Buffers:            6420 kB
Cached:           300848 kB
SwapCached:       754920 kB
Active:          3243872 kB
Inactive:        1283820 kB
Active(anon):    3139988 kB
Inactive(anon):  1134868 kB
Active(file):     103884 kB
Inactive(file):   148952 kB
Unevictable:          16 kB
Mlocked:              16 kB
SwapTotal:       4194300 kB
SwapFree:        3301864 kB
Zswap:                 0 kB
Zswapped:              0 kB
Dirty:               100 kB
Writeback:           668 kB
AnonPages:       3475544 kB
Mapped:           251216 kB
Shmem:             54448 kB
KReclaimable:      56860 kB
Slab:             284816 kB
SReclaimable:      56860 kB
SUnreclaim:       227956 kB
KernelStack:       18960 kB
PageTables:        59436 kB
SecPageTables:         0 kB
NFS_Unstable:          0 kB
Bounce:                0 kB
WritebackTmp:          0 kB
CommitLimit:     8258920 kB
Committed_AS:   11971208 kB
VmallocTotal:   34359738367 kB
VmallocUsed:       47224 kB
VmallocChunk:          0 kB
Percpu:            13280 kB
HardwareCorrupted:     0 kB
AnonHugePages:    258048 kB
ShmemHugePages:        0 kB
ShmemPmdMapped:        0 kB
FileHugePages:         0 kB
FilePmdMapped:         0 kB
CmaTotal:              0 kB
CmaFree:               0 kB
Unaccepted:            0 kB
Balloon:               0 kB
HugePages_Total:       0
HugePages_Free:        0
HugePages_Rsvd:        0
HugePages_Surp:        0
Hugepagesize:       2048 kB
Hugetlb:               0 kB
DirectMap4k:      194432 kB
DirectMap2M:     6096896 kB
DirectMap1G:     4194304 kB
---SNAPSHOT---
2026-04-27 13:48:34
MemTotal:        8129240 kB
MemFree:         2690192 kB
MemAvailable:    2883000 kB
Buffers:            6420 kB
Cached:           300852 kB
SwapCached:       756752 kB
Active:          3477936 kB
Inactive:        1287760 kB
Active(anon):    3374052 kB
Inactive(anon):  1138800 kB
Active(file):     103884 kB
Inactive(file):   148960 kB
Unevictable:          16 kB
Mlocked:              16 kB
SwapTotal:       4194300 kB
SwapFree:        3300032 kB
Zswap:                 0 kB
Zswapped:              0 kB
Dirty:               104 kB
Writeback:           324 kB
AnonPages:       3711764 kB
Mapped:           251216 kB
Shmem:             54448 kB
KReclaimable:      56860 kB
Slab:             284816 kB
SReclaimable:      56860 kB
SUnreclaim:       227956 kB
KernelStack:       18960 kB
PageTables:        59740 kB
SecPageTables:         0 kB
NFS_Unstable:          0 kB
Bounce:                0 kB
WritebackTmp:          0 kB
CommitLimit:     8258920 kB
Committed_AS:   11971548 kB
VmallocTotal:   34359738367 kB
VmallocUsed:       47240 kB
VmallocChunk:          0 kB
Percpu:            13280 kB
HardwareCorrupted:     0 kB
AnonHugePages:    258048 kB
ShmemHugePages:        0 kB
ShmemPmdMapped:        0 kB
FileHugePages:         0 kB
FilePmdMapped:         0 kB
CmaTotal:              0 kB
CmaFree:               0 kB
Unaccepted:            0 kB
Balloon:               0 kB
HugePages_Total:       0
HugePages_Free:        0
HugePages_Rsvd:        0
HugePages_Surp:        0
Hugepagesize:       2048 kB
Hugetlb:               0 kB
DirectMap4k:      194432 kB
DirectMap2M:     6096896 kB
DirectMap1G:     4194304 kB
---SNAPSHOT---
2026-04-27 13:48:35
MemTotal:        8129240 kB
MemFree:         2504116 kB
MemAvailable:    2696928 kB
Buffers:            6420 kB
Cached:           300860 kB
SwapCached:       757276 kB
Active:          3710580 kB
Inactive:        1287980 kB
Active(anon):    3606696 kB
Inactive(anon):  1139016 kB
Active(file):     103884 kB
Inactive(file):   148964 kB
Unevictable:          16 kB
Mlocked:              16 kB
SwapTotal:       4194300 kB
SwapFree:        3299508 kB
Zswap:                 0 kB
Zswapped:              0 kB
Dirty:               112 kB
Writeback:           160 kB
AnonPages:       3943756 kB
Mapped:           251216 kB
Shmem:             54448 kB
KReclaimable:      56860 kB
Slab:             284824 kB
SReclaimable:      56860 kB
SUnreclaim:       227964 kB
KernelStack:       18976 kB
PageTables:        60292 kB
SecPageTables:         0 kB
NFS_Unstable:          0 kB
Bounce:                0 kB
WritebackTmp:          0 kB
CommitLimit:     8258920 kB
Committed_AS:   11971428 kB
VmallocTotal:   34359738367 kB
VmallocUsed:       47240 kB
VmallocChunk:          0 kB
Percpu:            13280 kB
HardwareCorrupted:     0 kB
AnonHugePages:    258048 kB
ShmemHugePages:        0 kB
ShmemPmdMapped:        0 kB
FileHugePages:         0 kB
FilePmdMapped:         0 kB
CmaTotal:              0 kB
CmaFree:               0 kB
Unaccepted:            0 kB
Balloon:               0 kB
HugePages_Total:       0
HugePages_Free:        0
HugePages_Rsvd:        0
HugePages_Surp:        0
Hugepagesize:       2048 kB
Hugetlb:               0 kB
DirectMap4k:      194432 kB
DirectMap2M:     6096896 kB
DirectMap1G:     4194304 kB
---SNAPSHOT---
2026-04-27 13:48:36
MemTotal:        8129240 kB
MemFree:         2386420 kB
MemAvailable:    2579240 kB
Buffers:            6420 kB
Cached:           300864 kB
SwapCached:       824096 kB
Active:          3766468 kB
Inactive:        1355244 kB
Active(anon):    3662584 kB
Inactive(anon):  1206272 kB
Active(file):     103884 kB
Inactive(file):   148972 kB
Unevictable:          16 kB
Mlocked:              16 kB
SwapTotal:       4194300 kB
SwapFree:        3232548 kB
Zswap:                 0 kB
Zswapped:              0 kB
Dirty:               116 kB
Writeback:           292 kB
AnonPages:       4000208 kB
Mapped:           251216 kB
Shmem:             54448 kB
KReclaimable:      56860 kB
Slab:             284816 kB
SReclaimable:      56860 kB
SUnreclaim:       227956 kB
KernelStack:       18976 kB
PageTables:        60724 kB
SecPageTables:         0 kB
NFS_Unstable:          0 kB
Bounce:                0 kB
WritebackTmp:          0 kB
CommitLimit:     8258920 kB
Committed_AS:   11971536 kB
VmallocTotal:   34359738367 kB
VmallocUsed:       47224 kB
VmallocChunk:          0 kB
Percpu:            13280 kB
HardwareCorrupted:     0 kB
AnonHugePages:    258048 kB
ShmemHugePages:        0 kB
ShmemPmdMapped:        0 kB
FileHugePages:         0 kB
FilePmdMapped:         0 kB
CmaTotal:              0 kB
CmaFree:               0 kB
Unaccepted:            0 kB
Balloon:               0 kB
HugePages_Total:       0
HugePages_Free:        0
HugePages_Rsvd:        0
HugePages_Surp:        0
Hugepagesize:       2048 kB
Hugetlb:               0 kB
DirectMap4k:      194432 kB
DirectMap2M:     6096896 kB
DirectMap1G:     4194304 kB
---SNAPSHOT---
2026-04-27 13:48:37
MemTotal:        8129240 kB
MemFree:         2389240 kB
MemAvailable:    2582072 kB
Buffers:            6428 kB
Cached:           300876 kB
SwapCached:       980740 kB
Active:          3612876 kB
Inactive:        1509000 kB
Active(anon):    3508992 kB
Inactive(anon):  1360016 kB
Active(file):     103884 kB
Inactive(file):   148984 kB
Unevictable:          16 kB
Mlocked:              16 kB
SwapTotal:       4194300 kB
SwapFree:        3075844 kB
Zswap:                 0 kB
Zswapped:              0 kB
Dirty:               128 kB
Writeback:           248 kB
AnonPages:       3843820 kB
Mapped:           251216 kB
Shmem:             54448 kB
KReclaimable:      56860 kB
Slab:             284836 kB
SReclaimable:      56860 kB
SUnreclaim:       227976 kB
KernelStack:       18976 kB
PageTables:        60588 kB
SecPageTables:         0 kB
NFS_Unstable:          0 kB
Bounce:                0 kB
WritebackTmp:          0 kB
CommitLimit:     8258920 kB
Committed_AS:   11971056 kB
VmallocTotal:   34359738367 kB
VmallocUsed:       47208 kB
VmallocChunk:          0 kB
Percpu:            13280 kB
HardwareCorrupted:     0 kB
AnonHugePages:    258048 kB
ShmemHugePages:        0 kB
ShmemPmdMapped:        0 kB
FileHugePages:         0 kB
FilePmdMapped:         0 kB
CmaTotal:              0 kB
CmaFree:               0 kB
Unaccepted:            0 kB
Balloon:               0 kB
HugePages_Total:       0
HugePages_Free:        0
HugePages_Rsvd:        0
HugePages_Surp:        0
Hugepagesize:       2048 kB
Hugetlb:               0 kB
DirectMap4k:      194432 kB
DirectMap2M:     6096896 kB
DirectMap1G:     4194304 kB
---SNAPSHOT---
2026-04-27 13:48:38
MemTotal:        8129240 kB
MemFree:         2394456 kB
MemAvailable:    2587304 kB
Buffers:            6428 kB
Cached:           300884 kB
SwapCached:      1081228 kB
Active:          3512484 kB
Inactive:        1609076 kB
Active(anon):    3408600 kB
Inactive(anon):  1460076 kB
Active(file):     103884 kB
Inactive(file):   149000 kB
Unevictable:          16 kB
Mlocked:              16 kB
SwapTotal:       4194300 kB
SwapFree:        2975556 kB
Zswap:                 0 kB
Zswapped:              0 kB
Dirty:               136 kB
Writeback:           244 kB
AnonPages:       3743152 kB
Mapped:           251216 kB
Shmem:             54448 kB
KReclaimable:      56860 kB
Slab:             284884 kB
SReclaimable:      56860 kB
SUnreclaim:       228024 kB
KernelStack:       18916 kB
PageTables:        60584 kB
SecPageTables:         0 kB
NFS_Unstable:          0 kB
Bounce:                0 kB
WritebackTmp:          0 kB
CommitLimit:     8258920 kB
Committed_AS:   11971436 kB
VmallocTotal:   34359738367 kB
VmallocUsed:       47224 kB
VmallocChunk:          0 kB
Percpu:            13280 kB
HardwareCorrupted:     0 kB
AnonHugePages:    258048 kB
ShmemHugePages:        0 kB
ShmemPmdMapped:        0 kB
FileHugePages:         0 kB
FilePmdMapped:         0 kB
CmaTotal:              0 kB
CmaFree:               0 kB
Unaccepted:            0 kB
Balloon:               0 kB
HugePages_Total:       0
HugePages_Free:        0
HugePages_Rsvd:        0
HugePages_Surp:        0
Hugepagesize:       2048 kB
Hugetlb:               0 kB
DirectMap4k:      194432 kB
DirectMap2M:     6096896 kB
DirectMap1G:     4194304 kB
---SNAPSHOT---
2026-04-27 13:48:39
MemTotal:        8129240 kB
MemFree:         2838968 kB
MemAvailable:    3031816 kB
Buffers:            6428 kB
Cached:           300888 kB
SwapCached:      1083048 kB
Active:          3037300 kB
Inactive:        1613620 kB
Active(anon):    2933416 kB
Inactive(anon):  1464620 kB
Active(file):     103884 kB
Inactive(file):   149000 kB
Unevictable:          16 kB
Mlocked:              16 kB
SwapTotal:       4194300 kB
SwapFree:        2973736 kB
Zswap:                 0 kB
Zswapped:              0 kB
Dirty:               140 kB
Writeback:           240 kB
AnonPages:       3270352 kB
Mapped:           251216 kB
Shmem:             54448 kB
KReclaimable:      56860 kB
Slab:             284892 kB
SReclaimable:      56860 kB
SUnreclaim:       228032 kB
KernelStack:       18976 kB
PageTables:        59444 kB
SecPageTables:         0 kB
NFS_Unstable:          0 kB
Bounce:                0 kB
WritebackTmp:          0 kB
CommitLimit:     8258920 kB
Committed_AS:   11971544 kB
VmallocTotal:   34359738367 kB
VmallocUsed:       47240 kB
VmallocChunk:          0 kB
Percpu:            13280 kB
HardwareCorrupted:     0 kB
AnonHugePages:    258048 kB
ShmemHugePages:        0 kB
ShmemPmdMapped:        0 kB
FileHugePages:         0 kB
FilePmdMapped:         0 kB
CmaTotal:              0 kB
CmaFree:               0 kB
Unaccepted:            0 kB
Balloon:               0 kB
HugePages_Total:       0
HugePages_Free:        0
HugePages_Rsvd:        0
HugePages_Surp:        0
Hugepagesize:       2048 kB
Hugetlb:               0 kB
DirectMap4k:      194432 kB
DirectMap2M:     6096896 kB
DirectMap1G:     4194304 kB
---SNAPSHOT---
2026-04-27 13:48:40
MemTotal:        8129240 kB
MemFree:         2637936 kB
MemAvailable:    2835544 kB
Buffers:            7156 kB
Cached:           304960 kB
SwapCached:      1083956 kB
Active:          3268548 kB
Inactive:        1616500 kB
Active(anon):    3160684 kB
Inactive(anon):  1466720 kB
Active(file):     107864 kB
Inactive(file):   149780 kB
Unevictable:          16 kB
Mlocked:              16 kB
SwapTotal:       4194300 kB
SwapFree:        2972828 kB
Zswap:                 0 kB
Zswapped:              0 kB
Dirty:               152 kB
Writeback:           128 kB
AnonPages:       3498832 kB
Mapped:           251216 kB
Shmem:             54448 kB
KReclaimable:      56860 kB
Slab:             284916 kB
SReclaimable:      56860 kB
SUnreclaim:       228056 kB
KernelStack:       18960 kB
PageTables:        59972 kB
SecPageTables:         0 kB
NFS_Unstable:          0 kB
Bounce:                0 kB
WritebackTmp:          0 kB
CommitLimit:     8258920 kB
Committed_AS:   11971196 kB
VmallocTotal:   34359738367 kB
VmallocUsed:       47240 kB
VmallocChunk:          0 kB
Percpu:            13280 kB
HardwareCorrupted:     0 kB
AnonHugePages:    253952 kB
ShmemHugePages:        0 kB
ShmemPmdMapped:        0 kB
FileHugePages:         0 kB
FilePmdMapped:         0 kB
CmaTotal:              0 kB
CmaFree:               0 kB
Unaccepted:            0 kB
Balloon:               0 kB
HugePages_Total:       0
HugePages_Free:        0
HugePages_Rsvd:        0
HugePages_Surp:        0
Hugepagesize:       2048 kB
Hugetlb:               0 kB
DirectMap4k:      194432 kB
DirectMap2M:     6096896 kB
DirectMap1G:     4194304 kB
---SNAPSHOT---
2026-04-27 13:48:41
MemTotal:        8129240 kB
MemFree:         2409400 kB
MemAvailable:    2607052 kB
Buffers:            7156 kB
Cached:           304964 kB
SwapCached:      1084816 kB
Active:          3499188 kB
Inactive:        1616564 kB
Active(anon):    3391324 kB
Inactive(anon):  1466740 kB
Active(file):     107864 kB
Inactive(file):   149824 kB
Unevictable:          16 kB
Mlocked:              16 kB
SwapTotal:       4194300 kB
SwapFree:        2971968 kB
Zswap:                 0 kB
Zswapped:              0 kB
Dirty:               156 kB
Writeback:           264 kB
AnonPages:       3728392 kB
Mapped:           251216 kB
Shmem:             54448 kB
KReclaimable:      56860 kB
Slab:             284904 kB
SReclaimable:      56860 kB
SUnreclaim:       228044 kB
KernelStack:       18960 kB
PageTables:        60396 kB
SecPageTables:         0 kB
NFS_Unstable:          0 kB
Bounce:                0 kB
WritebackTmp:          0 kB
CommitLimit:     8258920 kB
Committed_AS:   11971544 kB
VmallocTotal:   34359738367 kB
VmallocUsed:       47224 kB
VmallocChunk:          0 kB
Percpu:            13280 kB
HardwareCorrupted:     0 kB
AnonHugePages:    253952 kB
ShmemHugePages:        0 kB
ShmemPmdMapped:        0 kB
FileHugePages:         0 kB
FilePmdMapped:         0 kB
CmaTotal:              0 kB
CmaFree:               0 kB
Unaccepted:            0 kB
Balloon:               0 kB
HugePages_Total:       0
HugePages_Free:        0
HugePages_Rsvd:        0
HugePages_Surp:        0
Hugepagesize:       2048 kB
Hugetlb:               0 kB
DirectMap4k:      194432 kB
DirectMap2M:     6096896 kB
DirectMap1G:     4194304 kB
---SNAPSHOT---
2026-04-27 13:48:42
MemTotal:        8129240 kB
MemFree:         2781240 kB
MemAvailable:    2978912 kB
Buffers:            7164 kB
Cached:           304972 kB
SwapCached:      1160864 kB
Active:          3005768 kB
Inactive:        1689980 kB
Active(anon):    2897904 kB
Inactive(anon):  1540136 kB
Active(file):     107864 kB
Inactive(file):   149844 kB
Unevictable:          16 kB
Mlocked:              16 kB
SwapTotal:       4194300 kB
SwapFree:        2895860 kB
Zswap:                 0 kB
Zswapped:              0 kB
Dirty:               172 kB
Writeback:           280 kB
AnonPages:       3232716 kB
Mapped:           251216 kB
Shmem:             54448 kB
KReclaimable:      56860 kB
Slab:             284876 kB
SReclaimable:      56860 kB
SUnreclaim:       228016 kB
KernelStack:       18976 kB
PageTables:        59924 kB
SecPageTables:         0 kB
NFS_Unstable:          0 kB
Bounce:                0 kB
WritebackTmp:          0 kB
CommitLimit:     8258920 kB
Committed_AS:   11971544 kB
VmallocTotal:   34359738367 kB
VmallocUsed:       47272 kB
VmallocChunk:          0 kB
Percpu:            13280 kB
HardwareCorrupted:     0 kB
AnonHugePages:    253952 kB
ShmemHugePages:        0 kB
ShmemPmdMapped:        0 kB
FileHugePages:         0 kB
FilePmdMapped:         0 kB
CmaTotal:              0 kB
CmaFree:               0 kB
Unaccepted:            0 kB
Balloon:               0 kB
HugePages_Total:       0
HugePages_Free:        0
HugePages_Rsvd:        0
HugePages_Surp:        0
Hugepagesize:       2048 kB
Hugetlb:               0 kB
DirectMap4k:      194432 kB
DirectMap2M:     6096896 kB
DirectMap1G:     4194304 kB
---SNAPSHOT---
2026-04-27 13:48:43
MemTotal:        8129240 kB
MemFree:         2592412 kB
MemAvailable:    2790088 kB
Buffers:            7164 kB
Cached:           304976 kB
SwapCached:      1257984 kB
Active:          3136868 kB
Inactive:        1786292 kB
Active(anon):    3029004 kB
Inactive(anon):  1636444 kB
Active(file):     107864 kB
Inactive(file):   149848 kB
Unevictable:          16 kB
Mlocked:              16 kB
SwapTotal:       4194300 kB
SwapFree:        2798800 kB
Zswap:                 0 kB
Zswapped:              0 kB
Dirty:               176 kB
Writeback:           212 kB
AnonPages:       3363156 kB
Mapped:           251216 kB
Shmem:             54448 kB
KReclaimable:      56860 kB
Slab:             284908 kB
SReclaimable:      56860 kB
SUnreclaim:       228048 kB
KernelStack:       19020 kB
PageTables:        60288 kB
SecPageTables:         0 kB
NFS_Unstable:          0 kB
Bounce:                0 kB
WritebackTmp:          0 kB
CommitLimit:     8258920 kB
Committed_AS:   11971292 kB
VmallocTotal:   34359738367 kB
VmallocUsed:       47304 kB
VmallocChunk:          0 kB
Percpu:            13280 kB
HardwareCorrupted:     0 kB
AnonHugePages:    253952 kB
ShmemHugePages:        0 kB
ShmemPmdMapped:        0 kB
FileHugePages:         0 kB
FilePmdMapped:         0 kB
CmaTotal:              0 kB
CmaFree:               0 kB
Unaccepted:            0 kB
Balloon:               0 kB
HugePages_Total:       0
HugePages_Free:        0
HugePages_Rsvd:        0
HugePages_Surp:        0
Hugepagesize:       2048 kB
Hugetlb:               0 kB
DirectMap4k:      194432 kB
DirectMap2M:     6096896 kB
DirectMap1G:     4194304 kB
---SNAPSHOT---
2026-04-27 13:48:44
MemTotal:        8129240 kB
MemFree:         2836744 kB
MemAvailable:    3034420 kB
Buffers:            7164 kB
Cached:           304980 kB
SwapCached:      1263276 kB
Active:          2832516 kB
Inactive:        1792460 kB
Active(anon):    2724652 kB
Inactive(anon):  1642612 kB
Active(file):     107864 kB
Inactive(file):   149848 kB
Unevictable:          16 kB
Mlocked:              16 kB
SwapTotal:       4194300 kB
SwapFree:        2793400 kB
Zswap:                 0 kB
Zswapped:              0 kB
Dirty:               180 kB
Writeback:           184 kB
AnonPages:       3059448 kB
Mapped:           251216 kB
Shmem:             54448 kB
KReclaimable:      56860 kB
Slab:             284916 kB
SReclaimable:      56860 kB
SUnreclaim:       228056 kB
KernelStack:       19020 kB
PageTables:        59784 kB
SecPageTables:         0 kB
NFS_Unstable:          0 kB
Bounce:                0 kB
WritebackTmp:          0 kB
CommitLimit:     8258920 kB
Committed_AS:   11971548 kB
VmallocTotal:   34359738367 kB
VmallocUsed:       47288 kB
VmallocChunk:          0 kB
Percpu:            13280 kB
HardwareCorrupted:     0 kB
AnonHugePages:    253952 kB
ShmemHugePages:        0 kB
ShmemPmdMapped:        0 kB
FileHugePages:         0 kB
FilePmdMapped:         0 kB
CmaTotal:              0 kB
CmaFree:               0 kB
Unaccepted:            0 kB
Balloon:               0 kB
HugePages_Total:       0
HugePages_Free:        0
HugePages_Rsvd:        0
HugePages_Surp:        0
Hugepagesize:       2048 kB
Hugetlb:               0 kB
DirectMap4k:      194432 kB
DirectMap2M:     6096896 kB
DirectMap1G:     4194304 kB
---SNAPSHOT---
2026-04-27 13:48:45
MemTotal:        8129240 kB
MemFree:         2385940 kB
MemAvailable:    2583628 kB
Buffers:            7164 kB
Cached:           304988 kB
SwapCached:      1272048 kB
Active:          3324560 kB
Inactive:        1802796 kB
Active(anon):    3216696 kB
Inactive(anon):  1652936 kB
Active(file):     107864 kB
Inactive(file):   149860 kB
Unevictable:          16 kB
Mlocked:              16 kB
SwapTotal:       4194300 kB
SwapFree:        2784736 kB
Zswap:                 0 kB
Zswapped:              0 kB
Dirty:               188 kB
Writeback:           228 kB
AnonPages:       3552716 kB
Mapped:           251216 kB
Shmem:             54448 kB
KReclaimable:      56860 kB
Slab:             284928 kB
SReclaimable:      56860 kB
SUnreclaim:       228068 kB
KernelStack:       19036 kB
PageTables:        60904 kB
SecPageTables:         0 kB
NFS_Unstable:          0 kB
Bounce:                0 kB
WritebackTmp:          0 kB
CommitLimit:     8258920 kB
Committed_AS:   11971548 kB
VmallocTotal:   34359738367 kB
VmallocUsed:       47304 kB
VmallocChunk:          0 kB
Percpu:            13280 kB
HardwareCorrupted:     0 kB
AnonHugePages:    253952 kB
ShmemHugePages:        0 kB
ShmemPmdMapped:        0 kB
FileHugePages:         0 kB
FilePmdMapped:         0 kB
CmaTotal:              0 kB
CmaFree:               0 kB
Unaccepted:            0 kB
Balloon:               0 kB
HugePages_Total:       0
HugePages_Free:        0
HugePages_Rsvd:        0
HugePages_Surp:        0
Hugepagesize:       2048 kB
Hugetlb:               0 kB
DirectMap4k:      194432 kB
DirectMap2M:     6096896 kB
DirectMap1G:     4194304 kB
---SNAPSHOT---
2026-04-27 13:48:46
MemTotal:        8129240 kB
MemFree:         2388288 kB
MemAvailable:    2585976 kB
Buffers:            7164 kB
Cached:           304992 kB
SwapCached:      1280260 kB
Active:          3317348 kB
Inactive:        1810756 kB
Active(anon):    3209484 kB
Inactive(anon):  1660896 kB
Active(file):     107864 kB
Inactive(file):   149860 kB
Unevictable:          16 kB
Mlocked:              16 kB
SwapTotal:       4194300 kB
SwapFree:        2776524 kB
Zswap:                 0 kB
Zswapped:              0 kB
Dirty:               192 kB
Writeback:           208 kB
AnonPages:       3545840 kB
Mapped:           251216 kB
Shmem:             54448 kB
KReclaimable:      56860 kB
Slab:             284896 kB
SReclaimable:      56860 kB
SUnreclaim:       228036 kB
KernelStack:       19036 kB
PageTables:        60892 kB
SecPageTables:         0 kB
NFS_Unstable:          0 kB
Bounce:                0 kB
WritebackTmp:          0 kB
CommitLimit:     8258920 kB
Committed_AS:   11971544 kB
VmallocTotal:   34359738367 kB
VmallocUsed:       47320 kB
VmallocChunk:          0 kB
Percpu:            13280 kB
HardwareCorrupted:     0 kB
AnonHugePages:    253952 kB
ShmemHugePages:        0 kB
ShmemPmdMapped:        0 kB
FileHugePages:         0 kB
FilePmdMapped:         0 kB
CmaTotal:              0 kB
CmaFree:               0 kB
Unaccepted:            0 kB
Balloon:               0 kB
HugePages_Total:       0
HugePages_Free:        0
HugePages_Rsvd:        0
HugePages_Surp:        0
Hugepagesize:       2048 kB
Hugetlb:               0 kB
DirectMap4k:      194432 kB
DirectMap2M:     6096896 kB
DirectMap1G:     4194304 kB
---SNAPSHOT---
2026-04-27 13:48:47
MemTotal:        8129240 kB
MemFree:         2913788 kB
MemAvailable:    3111488 kB
Buffers:            7172 kB
Cached:           305000 kB
SwapCached:      1283092 kB
Active:          2749780 kB
Inactive:        1813064 kB
Active(anon):    2641916 kB
Inactive(anon):  1663192 kB
Active(file):     107864 kB
Inactive(file):   149872 kB
Unevictable:          16 kB
Mlocked:              16 kB
SwapTotal:       4194300 kB
SwapFree:        2773688 kB
Zswap:                 0 kB
Zswapped:              0 kB
Dirty:               200 kB
Writeback:           248 kB
AnonPages:       2977532 kB
Mapped:           251216 kB
Shmem:             54448 kB
KReclaimable:      56860 kB
Slab:             284900 kB
SReclaimable:      56860 kB
SUnreclaim:       228040 kB
KernelStack:       19020 kB
PageTables:        59744 kB
SecPageTables:         0 kB
NFS_Unstable:          0 kB
Bounce:                0 kB
WritebackTmp:          0 kB
CommitLimit:     8258920 kB
Committed_AS:   11971208 kB
VmallocTotal:   34359738367 kB
VmallocUsed:       47288 kB
VmallocChunk:          0 kB
Percpu:            13280 kB
HardwareCorrupted:     0 kB
AnonHugePages:    253952 kB
ShmemHugePages:        0 kB
ShmemPmdMapped:        0 kB
FileHugePages:         0 kB
FilePmdMapped:         0 kB
CmaTotal:              0 kB
CmaFree:               0 kB
Unaccepted:            0 kB
Balloon:               0 kB
HugePages_Total:       0
HugePages_Free:        0
HugePages_Rsvd:        0
HugePages_Surp:        0
Hugepagesize:       2048 kB
Hugetlb:               0 kB
DirectMap4k:      194432 kB
DirectMap2M:     6096896 kB
DirectMap1G:     4194304 kB
---SNAPSHOT---
2026-04-27 13:48:48
MemTotal:        8129240 kB
MemFree:         2690140 kB
MemAvailable:    2887852 kB
Buffers:            7172 kB
Cached:           305004 kB
SwapCached:      1292752 kB
Active:          2974372 kB
Inactive:        1823116 kB
Active(anon):    2866508 kB
Inactive(anon):  1673232 kB
Active(file):     107864 kB
Inactive(file):   149884 kB
Unevictable:          16 kB
Mlocked:              16 kB
SwapTotal:       4194300 kB
SwapFree:        2763892 kB
Zswap:                 0 kB
Zswapped:              0 kB
Dirty:               204 kB
Writeback:           208 kB
AnonPages:       3202268 kB
Mapped:           251216 kB
Shmem:             54448 kB
KReclaimable:      56860 kB
Slab:             284884 kB
SReclaimable:      56860 kB
SUnreclaim:       228024 kB
KernelStack:       19036 kB
PageTables:        60132 kB
SecPageTables:         0 kB
NFS_Unstable:          0 kB
Bounce:                0 kB
WritebackTmp:          0 kB
CommitLimit:     8258920 kB
Committed_AS:   11971544 kB
VmallocTotal:   34359738367 kB
VmallocUsed:       47304 kB
VmallocChunk:          0 kB
Percpu:            13280 kB
HardwareCorrupted:     0 kB
AnonHugePages:    253952 kB
ShmemHugePages:        0 kB
ShmemPmdMapped:        0 kB
FileHugePages:         0 kB
FilePmdMapped:         0 kB
CmaTotal:              0 kB
CmaFree:               0 kB
Unaccepted:            0 kB
Balloon:               0 kB
HugePages_Total:       0
HugePages_Free:        0
HugePages_Rsvd:        0
HugePages_Surp:        0
Hugepagesize:       2048 kB
Hugetlb:               0 kB
DirectMap4k:      194432 kB
DirectMap2M:     6096896 kB
DirectMap1G:     4194304 kB
---SNAPSHOT---
2026-04-27 13:48:49
MemTotal:        8129240 kB
MemFree:         2490540 kB
MemAvailable:    2688256 kB
Buffers:            7172 kB
Cached:           305008 kB
SwapCached:      1297564 kB
Active:          3202416 kB
Inactive:        1827540 kB
Active(anon):    3094552 kB
Inactive(anon):  1677652 kB
Active(file):     107864 kB
Inactive(file):   149888 kB
Unevictable:          16 kB
Mlocked:              16 kB
SwapTotal:       4194300 kB
SwapFree:        2759220 kB
Zswap:                 0 kB
Zswapped:              0 kB
Dirty:               208 kB
Writeback:           220 kB
AnonPages:       3430104 kB
Mapped:           251216 kB
Shmem:             54448 kB
KReclaimable:      56860 kB
Slab:             284900 kB
SReclaimable:      56860 kB
SUnreclaim:       228040 kB
KernelStack:       18976 kB
PageTables:        60324 kB
SecPageTables:         0 kB
NFS_Unstable:          0 kB
Bounce:                0 kB
WritebackTmp:          0 kB
CommitLimit:     8258920 kB
Committed_AS:   11971160 kB
VmallocTotal:   34359738367 kB
VmallocUsed:       47288 kB
VmallocChunk:          0 kB
Percpu:            13280 kB
HardwareCorrupted:     0 kB
AnonHugePages:    253952 kB
ShmemHugePages:        0 kB
ShmemPmdMapped:        0 kB
FileHugePages:         0 kB
FilePmdMapped:         0 kB
CmaTotal:              0 kB
CmaFree:               0 kB
Unaccepted:            0 kB
Balloon:               0 kB
HugePages_Total:       0
HugePages_Free:        0
HugePages_Rsvd:        0
HugePages_Surp:        0
Hugepagesize:       2048 kB
Hugetlb:               0 kB
DirectMap4k:      194432 kB
DirectMap2M:     6096896 kB
DirectMap1G:     4194304 kB
---SNAPSHOT---
2026-04-27 13:48:50
MemTotal:        8129240 kB
MemFree:         2395976 kB
MemAvailable:    2593696 kB
Buffers:            7172 kB
Cached:           305016 kB
SwapCached:      1299044 kB
Active:          3298848 kB
Inactive:        1829500 kB
Active(anon):    3190984 kB
Inactive(anon):  1679608 kB
Active(file):     107864 kB
Inactive(file):   149892 kB
Unevictable:          16 kB
Mlocked:              16 kB
SwapTotal:       4194300 kB
SwapFree:        2757740 kB
Zswap:                 0 kB
Zswapped:              0 kB
Dirty:               216 kB
Writeback:           244 kB
AnonPages:       3527104 kB
Mapped:           251216 kB
Shmem:             54448 kB
KReclaimable:      56860 kB
Slab:             284872 kB
SReclaimable:      56860 kB
SUnreclaim:       228012 kB
KernelStack:       19020 kB
PageTables:        60728 kB
SecPageTables:         0 kB
NFS_Unstable:          0 kB
Bounce:                0 kB
WritebackTmp:          0 kB
CommitLimit:     8258920 kB
Committed_AS:   11971184 kB
VmallocTotal:   34359738367 kB
VmallocUsed:       47288 kB
VmallocChunk:          0 kB
Percpu:            13280 kB
HardwareCorrupted:     0 kB
AnonHugePages:    253952 kB
ShmemHugePages:        0 kB
ShmemPmdMapped:        0 kB
FileHugePages:         0 kB
FilePmdMapped:         0 kB
CmaTotal:              0 kB
CmaFree:               0 kB
Unaccepted:            0 kB
Balloon:               0 kB
HugePages_Total:       0
HugePages_Free:        0
HugePages_Rsvd:        0
HugePages_Surp:        0
Hugepagesize:       2048 kB
Hugetlb:               0 kB
DirectMap4k:      194432 kB
DirectMap2M:     6096896 kB
DirectMap1G:     4194304 kB
---SNAPSHOT---
2026-04-27 13:48:51
MemTotal:        8129240 kB
MemFree:         2394760 kB
MemAvailable:    2592488 kB
Buffers:            7172 kB
Cached:           305020 kB
SwapCached:      1300632 kB
Active:          3297084 kB
Inactive:        1831568 kB
Active(anon):    3189220 kB
Inactive(anon):  1681668 kB
Active(file):     107864 kB
Inactive(file):   149900 kB
Unevictable:          16 kB
Mlocked:              16 kB
SwapTotal:       4194300 kB
SwapFree:        2756152 kB
Zswap:                 0 kB
Zswapped:              0 kB
Dirty:               220 kB
Writeback:           208 kB
AnonPages:       3525820 kB
Mapped:           251216 kB
Shmem:             54448 kB
KReclaimable:      56860 kB
Slab:             284876 kB
SReclaimable:      56860 kB
SUnreclaim:       228016 kB
KernelStack:       19020 kB
PageTables:        60832 kB
SecPageTables:         0 kB
NFS_Unstable:          0 kB
Bounce:                0 kB
WritebackTmp:          0 kB
CommitLimit:     8258920 kB
Committed_AS:   11971052 kB
VmallocTotal:   34359738367 kB
VmallocUsed:       47304 kB
VmallocChunk:          0 kB
Percpu:            13280 kB
HardwareCorrupted:     0 kB
AnonHugePages:    253952 kB
ShmemHugePages:        0 kB
ShmemPmdMapped:        0 kB
FileHugePages:         0 kB
FilePmdMapped:         0 kB
CmaTotal:              0 kB
CmaFree:               0 kB
Unaccepted:            0 kB
Balloon:               0 kB
HugePages_Total:       0
HugePages_Free:        0
HugePages_Rsvd:        0
HugePages_Surp:        0
Hugepagesize:       2048 kB
Hugetlb:               0 kB
DirectMap4k:      194432 kB
DirectMap2M:     6096896 kB
DirectMap1G:     4194304 kB
---SNAPSHOT---
2026-04-27 13:48:52
MemTotal:        8129240 kB
MemFree:         2394564 kB
MemAvailable:    2592300 kB
Buffers:            7180 kB
Cached:           305028 kB
SwapCached:      1301868 kB
Active:          3297040 kB
Inactive:        1831692 kB
Active(anon):    3189176 kB
Inactive(anon):  1681784 kB
Active(file):     107864 kB
Inactive(file):   149908 kB
Unevictable:          16 kB
Mlocked:              16 kB
SwapTotal:       4194300 kB
SwapFree:        2754916 kB
Zswap:                 0 kB
Zswapped:              0 kB
Dirty:               228 kB
Writeback:           240 kB
AnonPages:       3524632 kB
Mapped:           251216 kB
Shmem:             54448 kB
KReclaimable:      56860 kB
Slab:             284892 kB
SReclaimable:      56860 kB
SUnreclaim:       228032 kB
KernelStack:       19020 kB
PageTables:        60848 kB
SecPageTables:         0 kB
NFS_Unstable:          0 kB
Bounce:                0 kB
WritebackTmp:          0 kB
CommitLimit:     8258920 kB
Committed_AS:   11971436 kB
VmallocTotal:   34359738367 kB
VmallocUsed:       47256 kB
VmallocChunk:          0 kB
Percpu:            13280 kB
HardwareCorrupted:     0 kB
AnonHugePages:    253952 kB
ShmemHugePages:        0 kB
ShmemPmdMapped:        0 kB
FileHugePages:         0 kB
FilePmdMapped:         0 kB
CmaTotal:              0 kB
CmaFree:               0 kB
Unaccepted:            0 kB
Balloon:               0 kB
HugePages_Total:       0
HugePages_Free:        0
HugePages_Rsvd:        0
HugePages_Surp:        0
Hugepagesize:       2048 kB
Hugetlb:               0 kB
DirectMap4k:      194432 kB
DirectMap2M:     6096896 kB
DirectMap1G:     4194304 kB
---SNAPSHOT---
2026-04-27 13:48:53
MemTotal:        8129240 kB
MemFree:         2793768 kB
MemAvailable:    2991512 kB
Buffers:            7180 kB
Cached:           305032 kB
SwapCached:      1301988 kB
Active:          2865124 kB
Inactive:        1831700 kB
Active(anon):    2757260 kB
Inactive(anon):  1681784 kB
Active(file):     107864 kB
Inactive(file):   149916 kB
Unevictable:          16 kB
Mlocked:              16 kB
SwapTotal:       4194300 kB
SwapFree:        2754796 kB
Zswap:                 0 kB
Zswapped:              0 kB
Dirty:               232 kB
Writeback:           220 kB
AnonPages:       3092208 kB
Mapped:           251216 kB
Shmem:             54448 kB
KReclaimable:      56860 kB
Slab:             284928 kB
SReclaimable:      56860 kB
SUnreclaim:       228068 kB
KernelStack:       19036 kB
PageTables:        59880 kB
SecPageTables:         0 kB
NFS_Unstable:          0 kB
Bounce:                0 kB
WritebackTmp:          0 kB
CommitLimit:     8258920 kB
Committed_AS:   11971436 kB
VmallocTotal:   34359738367 kB
VmallocUsed:       47288 kB
VmallocChunk:          0 kB
Percpu:            13280 kB
HardwareCorrupted:     0 kB
AnonHugePages:    253952 kB
ShmemHugePages:        0 kB
ShmemPmdMapped:        0 kB
FileHugePages:         0 kB
FilePmdMapped:         0 kB
CmaTotal:              0 kB
CmaFree:               0 kB
Unaccepted:            0 kB
Balloon:               0 kB
HugePages_Total:       0
HugePages_Free:        0
HugePages_Rsvd:        0
HugePages_Surp:        0
Hugepagesize:       2048 kB
Hugetlb:               0 kB
DirectMap4k:      194432 kB
DirectMap2M:     6096896 kB
DirectMap1G:     4194304 kB
---SNAPSHOT---
2026-04-27 13:48:54
MemTotal:        8129240 kB
MemFree:         2598072 kB
MemAvailable:    2795824 kB
Buffers:            7180 kB
Cached:           305036 kB
SwapCached:      1302464 kB
Active:          3096104 kB
Inactive:        1833704 kB
Active(anon):    2988240 kB
Inactive(anon):  1683780 kB
Active(file):     107864 kB
Inactive(file):   149924 kB
Unevictable:          16 kB
Mlocked:              16 kB
SwapTotal:       4194300 kB
SwapFree:        2754320 kB
Zswap:                 0 kB
Zswapped:              0 kB
Dirty:               236 kB
Writeback:           364 kB
AnonPages:       3324860 kB
Mapped:           251216 kB
Shmem:             54448 kB
KReclaimable:      56860 kB
Slab:             284924 kB
SReclaimable:      56860 kB
SUnreclaim:       228064 kB
KernelStack:       19052 kB
PageTables:        60440 kB
SecPageTables:         0 kB
NFS_Unstable:          0 kB
Bounce:                0 kB
WritebackTmp:          0 kB
CommitLimit:     8258920 kB
Committed_AS:   11971208 kB
VmallocTotal:   34359738367 kB
VmallocUsed:       47304 kB
VmallocChunk:          0 kB
Percpu:            13280 kB
HardwareCorrupted:     0 kB
AnonHugePages:    253952 kB
ShmemHugePages:        0 kB
ShmemPmdMapped:        0 kB
FileHugePages:         0 kB
FilePmdMapped:         0 kB
CmaTotal:              0 kB
CmaFree:               0 kB
Unaccepted:            0 kB
Balloon:               0 kB
HugePages_Total:       0
HugePages_Free:        0
HugePages_Rsvd:        0
HugePages_Surp:        0
Hugepagesize:       2048 kB
Hugetlb:               0 kB
DirectMap4k:      194432 kB
DirectMap2M:     6096896 kB
DirectMap1G:     4194304 kB
---SNAPSHOT---
2026-04-27 13:48:55
MemTotal:        8129240 kB
MemFree:         2927748 kB
MemAvailable:    3125508 kB
Buffers:            7180 kB
Cached:           305044 kB
SwapCached:      1303324 kB
Active:          2675792 kB
Inactive:        1833764 kB
Active(anon):    2567928 kB
Inactive(anon):  1683832 kB
Active(file):     107864 kB
Inactive(file):   149932 kB
Unevictable:          16 kB
Mlocked:              16 kB
SwapTotal:       4194300 kB
SwapFree:        2753460 kB
Zswap:                 0 kB
Zswapped:              0 kB
Dirty:               244 kB
Writeback:           196 kB
AnonPages:       2903772 kB
Mapped:           251216 kB
Shmem:             54448 kB
KReclaimable:      56860 kB
Slab:             284916 kB
SReclaimable:      56860 kB
SUnreclaim:       228056 kB
KernelStack:       19036 kB
PageTables:        59900 kB
SecPageTables:         0 kB
NFS_Unstable:          0 kB
Bounce:                0 kB
WritebackTmp:          0 kB
CommitLimit:     8258920 kB
Committed_AS:   11971304 kB
VmallocTotal:   34359738367 kB
VmallocUsed:       47288 kB
VmallocChunk:          0 kB
Percpu:            13280 kB
HardwareCorrupted:     0 kB
AnonHugePages:    253952 kB
ShmemHugePages:        0 kB
ShmemPmdMapped:        0 kB
FileHugePages:         0 kB
FilePmdMapped:         0 kB
CmaTotal:              0 kB
CmaFree:               0 kB
Unaccepted:            0 kB
Balloon:               0 kB
HugePages_Total:       0
HugePages_Free:        0
HugePages_Rsvd:        0
HugePages_Surp:        0
Hugepagesize:       2048 kB
Hugetlb:               0 kB
DirectMap4k:      194432 kB
DirectMap2M:     6096896 kB
DirectMap1G:     4194304 kB
---SNAPSHOT---
2026-04-27 13:48:56
MemTotal:        8129240 kB
MemFree:         2734488 kB
MemAvailable:    2932400 kB
Buffers:            7332 kB
Cached:           305048 kB
SwapCached:      1304208 kB
Active:          2919020 kB
Inactive:        1835964 kB
Active(anon):    2811156 kB
Inactive(anon):  1685880 kB
Active(file):     107864 kB
Inactive(file):   150084 kB
Unevictable:          16 kB
Mlocked:              16 kB
SwapTotal:       4194300 kB
SwapFree:        2752576 kB
Zswap:                 0 kB
Zswapped:              0 kB
Dirty:               248 kB
Writeback:           160 kB
AnonPages:       3148456 kB
Mapped:           251316 kB
Shmem:             54448 kB
KReclaimable:      56860 kB
Slab:             284864 kB
SReclaimable:      56860 kB
SUnreclaim:       228004 kB
KernelStack:       19004 kB
PageTables:        59872 kB
SecPageTables:         0 kB
NFS_Unstable:          0 kB
Bounce:                0 kB
WritebackTmp:          0 kB
CommitLimit:     8258920 kB
Committed_AS:   11971304 kB
VmallocTotal:   34359738367 kB
VmallocUsed:       47272 kB
VmallocChunk:          0 kB
Percpu:            13280 kB
HardwareCorrupted:     0 kB
AnonHugePages:    253952 kB
ShmemHugePages:        0 kB
ShmemPmdMapped:        0 kB
FileHugePages:         0 kB
FilePmdMapped:         0 kB
CmaTotal:              0 kB
CmaFree:               0 kB
Unaccepted:            0 kB
Balloon:               0 kB
HugePages_Total:       0
HugePages_Free:        0
HugePages_Rsvd:        0
HugePages_Surp:        0
Hugepagesize:       2048 kB
Hugetlb:               0 kB
DirectMap4k:      194432 kB
DirectMap2M:     6096896 kB
DirectMap1G:     4194304 kB
---SNAPSHOT---
2026-04-27 13:48:57
MemTotal:        8129240 kB
MemFree:         2552668 kB
MemAvailable:    2750588 kB
Buffers:            7332 kB
Cached:           305056 kB
SwapCached:      1415872 kB
Active:          3039428 kB
Inactive:        1946072 kB
Active(anon):    2931564 kB
Inactive(anon):  1795980 kB
Active(file):     107864 kB
Inactive(file):   150092 kB
Unevictable:          16 kB
Mlocked:              16 kB
SwapTotal:       4194300 kB
SwapFree:        2640716 kB
Zswap:                 0 kB
Zswapped:              0 kB
Dirty:               256 kB
Writeback:           308 kB
AnonPages:       3267488 kB
Mapped:           251216 kB
Shmem:             54448 kB
KReclaimable:      56860 kB
Slab:             284872 kB
SReclaimable:      56860 kB
SUnreclaim:       228012 kB
KernelStack:       19020 kB
PageTables:        60340 kB
SecPageTables:         0 kB
NFS_Unstable:          0 kB
Bounce:                0 kB
WritebackTmp:          0 kB
CommitLimit:     8258920 kB
