---SNAPSHOT---
2026-04-27 15:01:56
MemTotal:        8129240 kB
MemFree:         5332020 kB
MemAvailable:    5523796 kB
Buffers:            5260 kB
Cached:           286064 kB
SwapCached:       120720 kB
Active:          1511700 kB
Inactive:         591400 kB
Active(anon):    1413448 kB
Inactive(anon):   435884 kB
Active(file):      98252 kB
Inactive(file):   155516 kB
Unevictable:           0 kB
Mlocked:               0 kB
SwapTotal:       4194300 kB
SwapFree:        3936064 kB
Zswap:                 0 kB
Zswapped:              0 kB
Dirty:               312 kB
Writeback:             0 kB
AnonPages:       1694648 kB
Mapped:           247508 kB
Shmem:             37300 kB
KReclaimable:      54904 kB
Slab:             282212 kB
SReclaimable:      54904 kB
SUnreclaim:       227308 kB
KernelStack:       18128 kB
PageTables:        45304 kB
SecPageTables:         0 kB
NFS_Unstable:          0 kB
Bounce:                0 kB
WritebackTmp:          0 kB
CommitLimit:     8258920 kB
Committed_AS:    8751896 kB
VmallocTotal:   34359738367 kB
VmallocUsed:       46328 kB
VmallocChunk:          0 kB
Percpu:            13280 kB
HardwareCorrupted:     0 kB
AnonHugePages:    204800 kB
ShmemHugePages:        0 kB
ShmemPmdMapped:        0 kB
FileHugePages:         0 kB
FilePmdMapped:         0 kB
CmaTotal:              0 kB
CmaFree:               0 kB
Unaccepted:            0 kB
Balloon:               0 kB
HugePages_Total:       0
HugePages_Free:        0
HugePages_Rsvd:        0
HugePages_Surp:        0
Hugepagesize:       2048 kB
Hugetlb:               0 kB
DirectMap4k:      194432 kB
DirectMap2M:     6096896 kB
DirectMap1G:     4194304 kB
---SNAPSHOT---
2026-04-27 15:01:57
MemTotal:        8129240 kB
MemFree:         5338860 kB
MemAvailable:    5531580 kB
Buffers:            5264 kB
Cached:           286712 kB
SwapCached:       120720 kB
Active:          1512728 kB
Inactive:         591820 kB
Active(anon):    1413952 kB
Inactive(anon):   435884 kB
Active(file):      98776 kB
Inactive(file):   155936 kB
Unevictable:           0 kB
Mlocked:               0 kB
SwapTotal:       4194300 kB
SwapFree:        3936064 kB
Zswap:                 0 kB
Zswapped:              0 kB
Dirty:               524 kB
Writeback:             0 kB
AnonPages:       1695012 kB
Mapped:           247548 kB
Shmem:             37300 kB
KReclaimable:      54904 kB
Slab:             282212 kB
SReclaimable:      54904 kB
SUnreclaim:       227308 kB
KernelStack:       18112 kB
PageTables:        45316 kB
SecPageTables:         0 kB
NFS_Unstable:          0 kB
Bounce:                0 kB
WritebackTmp:          0 kB
CommitLimit:     8258920 kB
Committed_AS:    8751556 kB
VmallocTotal:   34359738367 kB
VmallocUsed:       46360 kB
VmallocChunk:          0 kB
Percpu:            13280 kB
HardwareCorrupted:     0 kB
AnonHugePages:    204800 kB
ShmemHugePages:        0 kB
ShmemPmdMapped:        0 kB
FileHugePages:         0 kB
FilePmdMapped:         0 kB
CmaTotal:              0 kB
CmaFree:               0 kB
Unaccepted:            0 kB
Balloon:               0 kB
HugePages_Total:       0
HugePages_Free:        0
HugePages_Rsvd:        0
HugePages_Surp:        0
Hugepagesize:       2048 kB
Hugetlb:               0 kB
DirectMap4k:      194432 kB
DirectMap2M:     6096896 kB
DirectMap1G:     4194304 kB
---SNAPSHOT---
2026-04-27 15:01:58
MemTotal:        8129240 kB
MemFree:         5361168 kB
MemAvailable:    5554728 kB
Buffers:            5288 kB
Cached:           286872 kB
SwapCached:       120720 kB
Active:          1512912 kB
Inactive:         591864 kB
Active(anon):    1413996 kB
Inactive(anon):   435884 kB
Active(file):      98916 kB
Inactive(file):   155980 kB
Unevictable:           0 kB
Mlocked:               0 kB
SwapTotal:       4194300 kB
SwapFree:        3936064 kB
Zswap:                 0 kB
Zswapped:              0 kB
Dirty:               556 kB
Writeback:             0 kB
AnonPages:       1695212 kB
Mapped:           247628 kB
Shmem:             37300 kB
KReclaimable:      55560 kB
Slab:             282868 kB
SReclaimable:      55560 kB
SUnreclaim:       227308 kB
KernelStack:       18144 kB
PageTables:        45568 kB
SecPageTables:         0 kB
NFS_Unstable:          0 kB
Bounce:                0 kB
WritebackTmp:          0 kB
CommitLimit:     8258920 kB
Committed_AS:    8753440 kB
VmallocTotal:   34359738367 kB
VmallocUsed:       46376 kB
VmallocChunk:          0 kB
Percpu:            13280 kB
HardwareCorrupted:     0 kB
AnonHugePages:    204800 kB
ShmemHugePages:        0 kB
ShmemPmdMapped:        0 kB
FileHugePages:         0 kB
FilePmdMapped:         0 kB
CmaTotal:              0 kB
CmaFree:               0 kB
Unaccepted:            0 kB
Balloon:               0 kB
HugePages_Total:       0
HugePages_Free:        0
HugePages_Rsvd:        0
HugePages_Surp:        0
Hugepagesize:       2048 kB
Hugetlb:               0 kB
DirectMap4k:      194432 kB
DirectMap2M:     6096896 kB
DirectMap1G:     4194304 kB
---SNAPSHOT---
2026-04-27 15:01:59
MemTotal:        8129240 kB
MemFree:         5327244 kB
MemAvailable:    5531936 kB
Buffers:            5692 kB
Cached:           314812 kB
SwapCached:       120720 kB
Active:          1542264 kB
Inactive:         592484 kB
Active(anon):    1432836 kB
Inactive(anon):   435884 kB
Active(file):     109428 kB
Inactive(file):   156600 kB
Unevictable:          16 kB
Mlocked:              16 kB
SwapTotal:       4194300 kB
SwapFree:        3936064 kB
Zswap:                 0 kB
Zswapped:              0 kB
Dirty:               632 kB
Writeback:             0 kB
AnonPages:       1696888 kB
Mapped:           268264 kB
Shmem:             54432 kB
KReclaimable:      55560 kB
Slab:             282892 kB
SReclaimable:      55560 kB
SUnreclaim:       227332 kB
KernelStack:       18268 kB
PageTables:        46328 kB
SecPageTables:         0 kB
NFS_Unstable:          0 kB
Bounce:                0 kB
WritebackTmp:          0 kB
CommitLimit:     8258920 kB
Committed_AS:   11409440 kB
VmallocTotal:   34359738367 kB
VmallocUsed:       46456 kB
VmallocChunk:          0 kB
Percpu:            13280 kB
HardwareCorrupted:     0 kB
AnonHugePages:    204800 kB
ShmemHugePages:        0 kB
ShmemPmdMapped:        0 kB
FileHugePages:         0 kB
FilePmdMapped:         0 kB
CmaTotal:              0 kB
CmaFree:               0 kB
Unaccepted:            0 kB
Balloon:               0 kB
HugePages_Total:       0
HugePages_Free:        0
HugePages_Rsvd:        0
HugePages_Surp:        0
Hugepagesize:       2048 kB
Hugetlb:               0 kB
DirectMap4k:      194432 kB
DirectMap2M:     6096896 kB
DirectMap1G:     4194304 kB
---SNAPSHOT---
2026-04-27 15:02:00
MemTotal:        8129240 kB
MemFree:         4722572 kB
MemAvailable:    4927424 kB
Buffers:            5692 kB
Cached:           314916 kB
SwapCached:       120720 kB
Active:          2157132 kB
Inactive:         592492 kB
Active(anon):    2047552 kB
Inactive(anon):   435884 kB
Active(file):     109580 kB
Inactive(file):   156608 kB
Unevictable:          16 kB
Mlocked:              16 kB
SwapTotal:       4194300 kB
SwapFree:        3936064 kB
Zswap:                 0 kB
Zswapped:              0 kB
Dirty:               636 kB
Writeback:             0 kB
AnonPages:       2311508 kB
Mapped:           268388 kB
Shmem:             54448 kB
KReclaimable:      55560 kB
Slab:             282892 kB
SReclaimable:      55560 kB
SUnreclaim:       227332 kB
KernelStack:       18256 kB
PageTables:        51516 kB
SecPageTables:         0 kB
NFS_Unstable:          0 kB
Bounce:                0 kB
WritebackTmp:          0 kB
CommitLimit:     8258920 kB
Committed_AS:   11409444 kB
VmallocTotal:   34359738367 kB
VmallocUsed:       46488 kB
VmallocChunk:          0 kB
Percpu:            13280 kB
HardwareCorrupted:     0 kB
AnonHugePages:    204800 kB
ShmemHugePages:        0 kB
ShmemPmdMapped:        0 kB
FileHugePages:         0 kB
FilePmdMapped:         0 kB
CmaTotal:              0 kB
CmaFree:               0 kB
Unaccepted:            0 kB
Balloon:               0 kB
HugePages_Total:       0
HugePages_Free:        0
HugePages_Rsvd:        0
HugePages_Surp:        0
Hugepagesize:       2048 kB
Hugetlb:               0 kB
DirectMap4k:      194432 kB
DirectMap2M:     6096896 kB
DirectMap1G:     4194304 kB
---SNAPSHOT---
2026-04-27 15:02:01
MemTotal:        8129240 kB
MemFree:         4013940 kB
MemAvailable:    4219048 kB
Buffers:            5952 kB
Cached:           314924 kB
SwapCached:       120720 kB
Active:          2879604 kB
Inactive:         592748 kB
Active(anon):    2770024 kB
Inactive(anon):   435884 kB
Active(file):     109580 kB
Inactive(file):   156864 kB
Unevictable:          16 kB
Mlocked:              16 kB
SwapTotal:       4194300 kB
SwapFree:        3936064 kB
Zswap:                 0 kB
Zswapped:              0 kB
Dirty:               644 kB
Writeback:             0 kB
AnonPages:       3033668 kB
Mapped:           268388 kB
Shmem:             54448 kB
KReclaimable:      55560 kB
Slab:             282892 kB
SReclaimable:      55560 kB
SUnreclaim:       227332 kB
KernelStack:       18288 kB
PageTables:        51608 kB
SecPageTables:         0 kB
NFS_Unstable:          0 kB
Bounce:                0 kB
WritebackTmp:          0 kB
CommitLimit:     8258920 kB
Committed_AS:   11409444 kB
VmallocTotal:   34359738367 kB
VmallocUsed:       46536 kB
VmallocChunk:          0 kB
Percpu:            13280 kB
HardwareCorrupted:     0 kB
AnonHugePages:    204800 kB
ShmemHugePages:        0 kB
ShmemPmdMapped:        0 kB
FileHugePages:         0 kB
FilePmdMapped:         0 kB
CmaTotal:              0 kB
CmaFree:               0 kB
Unaccepted:            0 kB
Balloon:               0 kB
HugePages_Total:       0
HugePages_Free:        0
HugePages_Rsvd:        0
HugePages_Surp:        0
Hugepagesize:       2048 kB
Hugetlb:               0 kB
DirectMap4k:      194432 kB
DirectMap2M:     6096896 kB
DirectMap1G:     4194304 kB
---SNAPSHOT---
2026-04-27 15:02:02
MemTotal:        8129240 kB
MemFree:         3255068 kB
MemAvailable:    3460192 kB
Buffers:            5952 kB
Cached:           314928 kB
SwapCached:       120720 kB
Active:          3646400 kB
Inactive:         592764 kB
Active(anon):    3536820 kB
Inactive(anon):   435884 kB
Active(file):     109580 kB
Inactive(file):   156880 kB
Unevictable:          16 kB
Mlocked:              16 kB
SwapTotal:       4194300 kB
SwapFree:        3936064 kB
Zswap:                 0 kB
Zswapped:              0 kB
Dirty:               648 kB
Writeback:             0 kB
AnonPages:       3800748 kB
Mapped:           268372 kB
Shmem:             54448 kB
KReclaimable:      55560 kB
Slab:             282892 kB
SReclaimable:      55560 kB
SUnreclaim:       227332 kB
KernelStack:       18288 kB
PageTables:        51556 kB
SecPageTables:         0 kB
NFS_Unstable:          0 kB
Bounce:                0 kB
WritebackTmp:          0 kB
CommitLimit:     8258920 kB
Committed_AS:   11409444 kB
VmallocTotal:   34359738367 kB
VmallocUsed:       46504 kB
VmallocChunk:          0 kB
Percpu:            13280 kB
HardwareCorrupted:     0 kB
AnonHugePages:    204800 kB
ShmemHugePages:        0 kB
ShmemPmdMapped:        0 kB
FileHugePages:         0 kB
FilePmdMapped:         0 kB
CmaTotal:              0 kB
CmaFree:               0 kB
Unaccepted:            0 kB
Balloon:               0 kB
HugePages_Total:       0
HugePages_Free:        0
HugePages_Rsvd:        0
HugePages_Surp:        0
Hugepagesize:       2048 kB
Hugetlb:               0 kB
DirectMap4k:      194432 kB
DirectMap2M:     6096896 kB
DirectMap1G:     4194304 kB
---SNAPSHOT---
2026-04-27 15:02:03
MemTotal:        8129240 kB
MemFree:         4774412 kB
MemAvailable:    4979540 kB
Buffers:            5960 kB
Cached:           314928 kB
SwapCached:       120720 kB
Active:          1974780 kB
Inactive:         592768 kB
Active(anon):    1865200 kB
Inactive(anon):   435884 kB
Active(file):     109580 kB
Inactive(file):   156884 kB
Unevictable:          16 kB
Mlocked:              16 kB
SwapTotal:       4194300 kB
SwapFree:        3936064 kB
Zswap:                 0 kB
Zswapped:              0 kB
Dirty:               652 kB
Writeback:             0 kB
AnonPages:       2129252 kB
Mapped:           268496 kB
Shmem:             54448 kB
KReclaimable:      55560 kB
Slab:             282856 kB
SReclaimable:      55560 kB
SUnreclaim:       227296 kB
KernelStack:       18332 kB
PageTables:        48552 kB
SecPageTables:         0 kB
NFS_Unstable:          0 kB
Bounce:                0 kB
WritebackTmp:          0 kB
CommitLimit:     8258920 kB
Committed_AS:   11410048 kB
VmallocTotal:   34359738367 kB
VmallocUsed:       46584 kB
VmallocChunk:          0 kB
Percpu:            13280 kB
HardwareCorrupted:     0 kB
AnonHugePages:    204800 kB
ShmemHugePages:        0 kB
ShmemPmdMapped:        0 kB
FileHugePages:         0 kB
FilePmdMapped:         0 kB
CmaTotal:              0 kB
CmaFree:               0 kB
Unaccepted:            0 kB
Balloon:               0 kB
HugePages_Total:       0
HugePages_Free:        0
HugePages_Rsvd:        0
HugePages_Surp:        0
Hugepagesize:       2048 kB
Hugetlb:               0 kB
DirectMap4k:      194432 kB
DirectMap2M:     6096896 kB
DirectMap1G:     4194304 kB
---SNAPSHOT---
2026-04-27 15:02:04
MemTotal:        8129240 kB
MemFree:         3891824 kB
MemAvailable:    4096968 kB
Buffers:            5960 kB
Cached:           314940 kB
SwapCached:       120720 kB
Active:          2882068 kB
Inactive:         592784 kB
Active(anon):    2772488 kB
Inactive(anon):   435884 kB
Active(file):     109580 kB
Inactive(file):   156900 kB
Unevictable:          16 kB
Mlocked:              16 kB
SwapTotal:       4194300 kB
SwapFree:        3936064 kB
Zswap:                 0 kB
Zswapped:              0 kB
Dirty:               660 kB
Writeback:             0 kB
AnonPages:       3036428 kB
Mapped:           268388 kB
Shmem:             54448 kB
KReclaimable:      55560 kB
Slab:             282856 kB
SReclaimable:      55560 kB
SUnreclaim:       227296 kB
KernelStack:       18228 kB
PageTables:        49608 kB
SecPageTables:         0 kB
NFS_Unstable:          0 kB
Bounce:                0 kB
WritebackTmp:          0 kB
CommitLimit:     8258920 kB
Committed_AS:   11408928 kB
VmallocTotal:   34359738367 kB
VmallocUsed:       46520 kB
VmallocChunk:          0 kB
Percpu:            13280 kB
HardwareCorrupted:     0 kB
AnonHugePages:    204800 kB
ShmemHugePages:        0 kB
ShmemPmdMapped:        0 kB
FileHugePages:         0 kB
FilePmdMapped:         0 kB
CmaTotal:              0 kB
CmaFree:               0 kB
Unaccepted:            0 kB
Balloon:               0 kB
HugePages_Total:       0
HugePages_Free:        0
HugePages_Rsvd:        0
HugePages_Surp:        0
Hugepagesize:       2048 kB
Hugetlb:               0 kB
DirectMap4k:      194432 kB
DirectMap2M:     6096896 kB
DirectMap1G:     4194304 kB
---SNAPSHOT---
2026-04-27 15:02:05
MemTotal:        8129240 kB
MemFree:         3034140 kB
MemAvailable:    3240828 kB
Buffers:            5960 kB
Cached:           314948 kB
SwapCached:       120720 kB
Active:          3771100 kB
Inactive:         592792 kB
Active(anon):    3661520 kB
Inactive(anon):   435884 kB
Active(file):     109580 kB
Inactive(file):   156908 kB
Unevictable:          16 kB
Mlocked:              16 kB
SwapTotal:       4194300 kB
SwapFree:        3936064 kB
Zswap:                 0 kB
Zswapped:              0 kB
Dirty:               664 kB
Writeback:             0 kB
AnonPages:       3925684 kB
Mapped:           268388 kB
Shmem:             54448 kB
KReclaimable:      57096 kB
Slab:             284384 kB
SReclaimable:      57096 kB
SUnreclaim:       227288 kB
KernelStack:       18272 kB
PageTables:        51136 kB
SecPageTables:         0 kB
NFS_Unstable:          0 kB
Bounce:                0 kB
WritebackTmp:          0 kB
CommitLimit:     8258920 kB
Committed_AS:   11409064 kB
VmallocTotal:   34359738367 kB
VmallocUsed:       46552 kB
VmallocChunk:          0 kB
Percpu:            13280 kB
HardwareCorrupted:     0 kB
AnonHugePages:    204800 kB
ShmemHugePages:        0 kB
ShmemPmdMapped:        0 kB
FileHugePages:         0 kB
FilePmdMapped:         0 kB
CmaTotal:              0 kB
CmaFree:               0 kB
Unaccepted:            0 kB
Balloon:               0 kB
HugePages_Total:       0
HugePages_Free:        0
HugePages_Rsvd:        0
HugePages_Surp:        0
Hugepagesize:       2048 kB
Hugetlb:               0 kB
DirectMap4k:      194432 kB
DirectMap2M:     6096896 kB
DirectMap1G:     4194304 kB
---SNAPSHOT---
2026-04-27 15:02:06
MemTotal:        8129240 kB
MemFree:         4503208 kB
MemAvailable:    4709900 kB
Buffers:            5960 kB
Cached:           314956 kB
SwapCached:       120720 kB
Active:          2149924 kB
Inactive:         592796 kB
Active(anon):    2040344 kB
Inactive(anon):   435884 kB
Active(file):     109580 kB
Inactive(file):   156912 kB
Unevictable:          16 kB
Mlocked:              16 kB
SwapTotal:       4194300 kB
SwapFree:        3936064 kB
Zswap:                 0 kB
Zswapped:              0 kB
Dirty:               672 kB
Writeback:             0 kB
AnonPages:       2272868 kB
Mapped:           268388 kB
Shmem:             54448 kB
KReclaimable:      57096 kB
Slab:             284384 kB
SReclaimable:      57096 kB
SUnreclaim:       227288 kB
KernelStack:       18316 kB
PageTables:        48296 kB
SecPageTables:         0 kB
NFS_Unstable:          0 kB
Bounce:                0 kB
WritebackTmp:          0 kB
CommitLimit:     8258920 kB
Committed_AS:   11409312 kB
VmallocTotal:   34359738367 kB
VmallocUsed:       46536 kB
VmallocChunk:          0 kB
Percpu:            13280 kB
HardwareCorrupted:     0 kB
AnonHugePages:    204800 kB
ShmemHugePages:        0 kB
ShmemPmdMapped:        0 kB
FileHugePages:         0 kB
FilePmdMapped:         0 kB
CmaTotal:              0 kB
CmaFree:               0 kB
Unaccepted:            0 kB
Balloon:               0 kB
HugePages_Total:       0
HugePages_Free:        0
HugePages_Rsvd:        0
HugePages_Surp:        0
Hugepagesize:       2048 kB
Hugetlb:               0 kB
DirectMap4k:      194432 kB
DirectMap2M:     6096896 kB
DirectMap1G:     4194304 kB
---SNAPSHOT---
2026-04-27 15:02:07
MemTotal:        8129240 kB
MemFree:         3812408 kB
MemAvailable:    4019108 kB
Buffers:            5960 kB
Cached:           314960 kB
SwapCached:       120720 kB
Active:          2900392 kB
Inactive:         592804 kB
Active(anon):    2790812 kB
Inactive(anon):   435884 kB
Active(file):     109580 kB
Inactive(file):   156920 kB
Unevictable:          16 kB
Mlocked:              16 kB
SwapTotal:       4194300 kB
SwapFree:        3936064 kB
Zswap:                 0 kB
Zswapped:              0 kB
Dirty:               676 kB
Writeback:             0 kB
AnonPages:       3055140 kB
Mapped:           268388 kB
Shmem:             54448 kB
KReclaimable:      57096 kB
Slab:             284384 kB
SReclaimable:      57096 kB
SUnreclaim:       227288 kB
KernelStack:       18272 kB
PageTables:        48792 kB
SecPageTables:         0 kB
NFS_Unstable:          0 kB
Bounce:                0 kB
WritebackTmp:          0 kB
CommitLimit:     8258920 kB
Committed_AS:   11409556 kB
VmallocTotal:   34359738367 kB
VmallocUsed:       46568 kB
VmallocChunk:          0 kB
Percpu:            13280 kB
HardwareCorrupted:     0 kB
AnonHugePages:    204800 kB
ShmemHugePages:        0 kB
ShmemPmdMapped:        0 kB
FileHugePages:         0 kB
FilePmdMapped:         0 kB
CmaTotal:              0 kB
CmaFree:               0 kB
Unaccepted:            0 kB
Balloon:               0 kB
HugePages_Total:       0
HugePages_Free:        0
HugePages_Rsvd:        0
HugePages_Surp:        0
Hugepagesize:       2048 kB
Hugetlb:               0 kB
DirectMap4k:      194432 kB
DirectMap2M:     6096896 kB
DirectMap1G:     4194304 kB
---SNAPSHOT---
2026-04-27 15:02:08
MemTotal:        8129240 kB
MemFree:         2960436 kB
MemAvailable:    3167140 kB
Buffers:            5968 kB
Cached:           314956 kB
SwapCached:       120720 kB
Active:          3834764 kB
Inactive:         592808 kB
Active(anon):    3725184 kB
Inactive(anon):   435884 kB
Active(file):     109580 kB
Inactive(file):   156924 kB
Unevictable:          16 kB
Mlocked:              16 kB
SwapTotal:       4194300 kB
SwapFree:        3936064 kB
Zswap:                 0 kB
Zswapped:              0 kB
Dirty:               680 kB
Writeback:             0 kB
AnonPages:       3989240 kB
Mapped:           268388 kB
Shmem:             54448 kB
KReclaimable:      57096 kB
Slab:             284384 kB
SReclaimable:      57096 kB
SUnreclaim:       227288 kB
KernelStack:       18332 kB
PageTables:        50568 kB
SecPageTables:         0 kB
NFS_Unstable:          0 kB
Bounce:                0 kB
WritebackTmp:          0 kB
CommitLimit:     8258920 kB
Committed_AS:   11409444 kB
VmallocTotal:   34359738367 kB
VmallocUsed:       46568 kB
VmallocChunk:          0 kB
Percpu:            13280 kB
HardwareCorrupted:     0 kB
AnonHugePages:    204800 kB
ShmemHugePages:        0 kB
ShmemPmdMapped:        0 kB
FileHugePages:         0 kB
FilePmdMapped:         0 kB
CmaTotal:              0 kB
CmaFree:               0 kB
Unaccepted:            0 kB
Balloon:               0 kB
HugePages_Total:       0
HugePages_Free:        0
HugePages_Rsvd:        0
HugePages_Surp:        0
Hugepagesize:       2048 kB
Hugetlb:               0 kB
DirectMap4k:      194432 kB
DirectMap2M:     6096896 kB
DirectMap1G:     4194304 kB
---SNAPSHOT---
2026-04-27 15:02:09
MemTotal:        8129240 kB
MemFree:         4475832 kB
MemAvailable:    4682552 kB
Buffers:            5968 kB
Cached:           314972 kB
SwapCached:       120720 kB
Active:          2121680 kB
Inactive:         592824 kB
Active(anon):    2012100 kB
Inactive(anon):   435884 kB
Active(file):     109580 kB
Inactive(file):   156940 kB
Unevictable:          16 kB
Mlocked:              16 kB
SwapTotal:       4194300 kB
SwapFree:        3936064 kB
Zswap:                 0 kB
Zswapped:              0 kB
Dirty:               688 kB
Writeback:             0 kB
AnonPages:       2275868 kB
Mapped:           268388 kB
Shmem:             54448 kB
KReclaimable:      57096 kB
Slab:             284384 kB
SReclaimable:      57096 kB
SUnreclaim:       227288 kB
KernelStack:       18272 kB
PageTables:        47580 kB
SecPageTables:         0 kB
NFS_Unstable:          0 kB
Bounce:                0 kB
WritebackTmp:          0 kB
CommitLimit:     8258920 kB
Committed_AS:   11409424 kB
VmallocTotal:   34359738367 kB
VmallocUsed:       46552 kB
VmallocChunk:          0 kB
Percpu:            13280 kB
HardwareCorrupted:     0 kB
AnonHugePages:    204800 kB
ShmemHugePages:        0 kB
ShmemPmdMapped:        0 kB
FileHugePages:         0 kB
FilePmdMapped:         0 kB
CmaTotal:              0 kB
CmaFree:               0 kB
Unaccepted:            0 kB
Balloon:               0 kB
HugePages_Total:       0
HugePages_Free:        0
HugePages_Rsvd:        0
HugePages_Surp:        0
Hugepagesize:       2048 kB
Hugetlb:               0 kB
DirectMap4k:      194432 kB
DirectMap2M:     6096896 kB
DirectMap1G:     4194304 kB
---SNAPSHOT---
2026-04-27 15:02:10
MemTotal:        8129240 kB
MemFree:         3624196 kB
MemAvailable:    3830920 kB
Buffers:            5968 kB
Cached:           314976 kB
SwapCached:       120720 kB
Active:          3061912 kB
Inactive:         592828 kB
Active(anon):    2952332 kB
Inactive(anon):   435884 kB
Active(file):     109580 kB
Inactive(file):   156944 kB
Unevictable:          16 kB
Mlocked:              16 kB
SwapTotal:       4194300 kB
SwapFree:        3936064 kB
Zswap:                 0 kB
Zswapped:              0 kB
Dirty:               692 kB
Writeback:             0 kB
AnonPages:       3216248 kB
Mapped:           268388 kB
Shmem:             54448 kB
KReclaimable:      57096 kB
Slab:             284384 kB
SReclaimable:      57096 kB
SUnreclaim:       227288 kB
KernelStack:       18272 kB
PageTables:        49040 kB
SecPageTables:         0 kB
NFS_Unstable:          0 kB
Bounce:                0 kB
WritebackTmp:          0 kB
CommitLimit:     8258920 kB
Committed_AS:   11409552 kB
VmallocTotal:   34359738367 kB
VmallocUsed:       46536 kB
VmallocChunk:          0 kB
Percpu:            13280 kB
HardwareCorrupted:     0 kB
AnonHugePages:    204800 kB
ShmemHugePages:        0 kB
ShmemPmdMapped:        0 kB
FileHugePages:         0 kB
FilePmdMapped:         0 kB
CmaTotal:              0 kB
CmaFree:               0 kB
Unaccepted:            0 kB
Balloon:               0 kB
HugePages_Total:       0
HugePages_Free:        0
HugePages_Rsvd:        0
HugePages_Surp:        0
Hugepagesize:       2048 kB
Hugetlb:               0 kB
DirectMap4k:      194432 kB
DirectMap2M:     6096896 kB
DirectMap1G:     4194304 kB
---SNAPSHOT---
2026-04-27 15:02:11
MemTotal:        8129240 kB
MemFree:         3420588 kB
MemAvailable:    3627320 kB
Buffers:            5968 kB
Cached:           314984 kB
SwapCached:       128456 kB
Active:          3311056 kB
Inactive:         593292 kB
Active(anon):    3201476 kB
Inactive(anon):   436340 kB
Active(file):     109580 kB
Inactive(file):   156952 kB
Unevictable:          16 kB
Mlocked:              16 kB
SwapTotal:       4194300 kB
SwapFree:        3928328 kB
Zswap:                 0 kB
Zswapped:              0 kB
Dirty:               700 kB
Writeback:          7280 kB
AnonPages:       3460460 kB
Mapped:           268388 kB
Shmem:             54448 kB
KReclaimable:      57096 kB
Slab:             284800 kB
SReclaimable:      57096 kB
SUnreclaim:       227704 kB
KernelStack:       18272 kB
PageTables:        49512 kB
SecPageTables:         0 kB
NFS_Unstable:          0 kB
Bounce:                0 kB
WritebackTmp:          0 kB
CommitLimit:     8258920 kB
Committed_AS:   11408836 kB
VmallocTotal:   34359738367 kB
VmallocUsed:       46520 kB
VmallocChunk:          0 kB
Percpu:            13280 kB
HardwareCorrupted:     0 kB
AnonHugePages:    204800 kB
ShmemHugePages:        0 kB
ShmemPmdMapped:        0 kB
FileHugePages:         0 kB
FilePmdMapped:         0 kB
CmaTotal:              0 kB
CmaFree:               0 kB
Unaccepted:            0 kB
Balloon:               0 kB
HugePages_Total:       0
HugePages_Free:        0
HugePages_Rsvd:        0
HugePages_Surp:        0
Hugepagesize:       2048 kB
Hugetlb:               0 kB
DirectMap4k:      194432 kB
DirectMap2M:     6096896 kB
DirectMap1G:     4194304 kB
---SNAPSHOT---
2026-04-27 15:02:12
MemTotal:        8129240 kB
MemFree:         3513284 kB
MemAvailable:    3720020 kB
Buffers:            5968 kB
Cached:           314988 kB
SwapCached:       297028 kB
Active:          3046000 kB
Inactive:         762312 kB
Active(anon):    2936420 kB
Inactive(anon):   605356 kB
Active(file):     109580 kB
Inactive(file):   156956 kB
Unevictable:          16 kB
Mlocked:              16 kB
SwapTotal:       4194300 kB
SwapFree:        3759576 kB
Zswap:                 0 kB
Zswapped:              0 kB
Dirty:               704 kB
Writeback:          6796 kB
AnonPages:       3195464 kB
Mapped:           268388 kB
Shmem:             54448 kB
KReclaimable:      57096 kB
Slab:             285160 kB
SReclaimable:      57096 kB
SUnreclaim:       228064 kB
KernelStack:       18288 kB
PageTables:        50400 kB
SecPageTables:         0 kB
NFS_Unstable:          0 kB
Bounce:                0 kB
WritebackTmp:          0 kB
CommitLimit:     8258920 kB
Committed_AS:   11409312 kB
VmallocTotal:   34359738367 kB
VmallocUsed:       46520 kB
VmallocChunk:          0 kB
Percpu:            13280 kB
HardwareCorrupted:     0 kB
AnonHugePages:    204800 kB
ShmemHugePages:        0 kB
ShmemPmdMapped:        0 kB
FileHugePages:         0 kB
FilePmdMapped:         0 kB
CmaTotal:              0 kB
CmaFree:               0 kB
Unaccepted:            0 kB
Balloon:               0 kB
HugePages_Total:       0
HugePages_Free:        0
HugePages_Rsvd:        0
HugePages_Surp:        0
Hugepagesize:       2048 kB
Hugetlb:               0 kB
DirectMap4k:      194432 kB
DirectMap2M:     6096896 kB
DirectMap1G:     4194304 kB
---SNAPSHOT---
2026-04-27 15:02:14
MemTotal:        8129240 kB
MemFree:         2910140 kB
MemAvailable:    3116880 kB
Buffers:            5976 kB
Cached:           314984 kB
SwapCached:       444872 kB
Active:          3587996 kB
Inactive:         898972 kB
Active(anon):    3478416 kB
Inactive(anon):   742012 kB
Active(file):     109580 kB
Inactive(file):   156960 kB
Unevictable:          16 kB
Mlocked:              16 kB
SwapTotal:       4194300 kB
SwapFree:        3611912 kB
Zswap:                 0 kB
Zswapped:              0 kB
Dirty:               708 kB
Writeback:         17972 kB
AnonPages:       3726696 kB
Mapped:           268488 kB
Shmem:             54448 kB
KReclaimable:      57096 kB
Slab:             285568 kB
SReclaimable:      57096 kB
SUnreclaim:       228472 kB
KernelStack:       18272 kB
PageTables:        50964 kB
SecPageTables:         0 kB
NFS_Unstable:          0 kB
Bounce:                0 kB
WritebackTmp:          0 kB
CommitLimit:     8258920 kB
Committed_AS:   11409220 kB
VmallocTotal:   34359738367 kB
VmallocUsed:       46504 kB
VmallocChunk:          0 kB
Percpu:            13280 kB
HardwareCorrupted:     0 kB
AnonHugePages:    204800 kB
ShmemHugePages:        0 kB
ShmemPmdMapped:        0 kB
FileHugePages:         0 kB
FilePmdMapped:         0 kB
CmaTotal:              0 kB
CmaFree:               0 kB
Unaccepted:            0 kB
Balloon:               0 kB
HugePages_Total:       0
HugePages_Free:        0
HugePages_Rsvd:        0
HugePages_Surp:        0
Hugepagesize:       2048 kB
Hugetlb:               0 kB
DirectMap4k:      194432 kB
DirectMap2M:     6096896 kB
DirectMap1G:     4194304 kB
---SNAPSHOT---
2026-04-27 15:02:15
MemTotal:        8129240 kB
MemFree:         3851304 kB
MemAvailable:    4058056 kB
Buffers:            5976 kB
Cached:           315000 kB
SwapCached:       460232 kB
Active:          2588536 kB
Inactive:         909304 kB
Active(anon):    2478956 kB
Inactive(anon):   752332 kB
Active(file):     109580 kB
Inactive(file):   156972 kB
Unevictable:          16 kB
Mlocked:              16 kB
SwapTotal:       4194300 kB
SwapFree:        3596552 kB
Zswap:                 0 kB
Zswapped:              0 kB
Dirty:               716 kB
Writeback:         23044 kB
AnonPages:       2721928 kB
Mapped:           268388 kB
Shmem:             54448 kB
KReclaimable:      57096 kB
Slab:             285832 kB
SReclaimable:      57096 kB
SUnreclaim:       228736 kB
KernelStack:       18272 kB
PageTables:        48960 kB
SecPageTables:         0 kB
NFS_Unstable:          0 kB
Bounce:                0 kB
WritebackTmp:          0 kB
CommitLimit:     8258920 kB
Committed_AS:   11409556 kB
VmallocTotal:   34359738367 kB
VmallocUsed:       46520 kB
VmallocChunk:          0 kB
Percpu:            13280 kB
HardwareCorrupted:     0 kB
AnonHugePages:    204800 kB
ShmemHugePages:        0 kB
ShmemPmdMapped:        0 kB
FileHugePages:         0 kB
FilePmdMapped:         0 kB
CmaTotal:              0 kB
CmaFree:               0 kB
Unaccepted:            0 kB
Balloon:               0 kB
HugePages_Total:       0
HugePages_Free:        0
HugePages_Rsvd:        0
HugePages_Surp:        0
Hugepagesize:       2048 kB
Hugetlb:               0 kB
DirectMap4k:      194432 kB
DirectMap2M:     6096896 kB
DirectMap1G:     4194304 kB
---SNAPSHOT---
2026-04-27 15:02:16
MemTotal:        8129240 kB
MemFree:         3452880 kB
MemAvailable:    3659636 kB
Buffers:            5976 kB
Cached:           315004 kB
SwapCached:       460232 kB
Active:          3024368 kB
Inactive:         914888 kB
Active(anon):    2914788 kB
Inactive(anon):   757912 kB
Active(file):     109580 kB
Inactive(file):   156976 kB
Unevictable:          16 kB
Mlocked:              16 kB
SwapTotal:       4194300 kB
SwapFree:        3596552 kB
Zswap:                 0 kB
Zswapped:              0 kB
Dirty:               720 kB
Writeback:         17412 kB
AnonPages:       3163308 kB
Mapped:           268388 kB
Shmem:             54448 kB
KReclaimable:      57096 kB
Slab:             285480 kB
SReclaimable:      57096 kB
SUnreclaim:       228384 kB
KernelStack:       18256 kB
PageTables:        49624 kB
SecPageTables:         0 kB
NFS_Unstable:          0 kB
Bounce:                0 kB
WritebackTmp:          0 kB
CommitLimit:     8258920 kB
Committed_AS:   11409444 kB
VmallocTotal:   34359738367 kB
VmallocUsed:       46504 kB
VmallocChunk:          0 kB
Percpu:            13280 kB
HardwareCorrupted:     0 kB
AnonHugePages:    204800 kB
ShmemHugePages:        0 kB
ShmemPmdMapped:        0 kB
FileHugePages:         0 kB
FilePmdMapped:         0 kB
CmaTotal:              0 kB
CmaFree:               0 kB
Unaccepted:            0 kB
Balloon:               0 kB
HugePages_Total:       0
HugePages_Free:        0
HugePages_Rsvd:        0
HugePages_Surp:        0
Hugepagesize:       2048 kB
Hugetlb:               0 kB
DirectMap4k:      194432 kB
DirectMap2M:     6096896 kB
DirectMap1G:     4194304 kB
---SNAPSHOT---
2026-04-27 15:02:17
MemTotal:        8129240 kB
MemFree:         3520680 kB
MemAvailable:    3727452 kB
Buffers:            5976 kB
Cached:           315016 kB
SwapCached:       475592 kB
Active:          2923740 kB
Inactive:         924080 kB
Active(anon):    2814160 kB
Inactive(anon):   767088 kB
Active(file):     109580 kB
Inactive(file):   156992 kB
Unevictable:          16 kB
Mlocked:              16 kB
SwapTotal:       4194300 kB
SwapFree:        3581192 kB
Zswap:                 0 kB
Zswapped:              0 kB
Dirty:               732 kB
Writeback:         23556 kB
AnonPages:       3056356 kB
Mapped:           268388 kB
Shmem:             54448 kB
KReclaimable:      57096 kB
Slab:             285856 kB
SReclaimable:      57096 kB
SUnreclaim:       228760 kB
KernelStack:       18256 kB
PageTables:        49156 kB
SecPageTables:         0 kB
NFS_Unstable:          0 kB
Bounce:                0 kB
WritebackTmp:          0 kB
CommitLimit:     8258920 kB
Committed_AS:   11409180 kB
VmallocTotal:   34359738367 kB
VmallocUsed:       46488 kB
VmallocChunk:          0 kB
Percpu:            13280 kB
HardwareCorrupted:     0 kB
AnonHugePages:    204800 kB
ShmemHugePages:        0 kB
ShmemPmdMapped:        0 kB
FileHugePages:         0 kB
FilePmdMapped:         0 kB
CmaTotal:              0 kB
CmaFree:               0 kB
Unaccepted:            0 kB
Balloon:               0 kB
HugePages_Total:       0
HugePages_Free:        0
HugePages_Rsvd:        0
HugePages_Surp:        0
Hugepagesize:       2048 kB
Hugetlb:               0 kB
DirectMap4k:      194432 kB
DirectMap2M:     6096896 kB
DirectMap1G:     4194304 kB
---SNAPSHOT---
2026-04-27 15:02:18
MemTotal:        8129240 kB
MemFree:         2786492 kB
MemAvailable:    2993264 kB
Buffers:            5976 kB
Cached:           315020 kB
SwapCached:       475592 kB
Active:          3706700 kB
Inactive:         930776 kB
Active(anon):    3597120 kB
Inactive(anon):   773784 kB
Active(file):     109580 kB
Inactive(file):   156992 kB
Unevictable:          16 kB
Mlocked:              16 kB
SwapTotal:       4194300 kB
SwapFree:        3581192 kB
Zswap:                 0 kB
Zswapped:              0 kB
Dirty:               736 kB
Writeback:         16900 kB
AnonPages:       3846200 kB
Mapped:           268388 kB
Shmem:             54448 kB
KReclaimable:      57096 kB
Slab:             285448 kB
SReclaimable:      57096 kB
SUnreclaim:       228352 kB
KernelStack:       18196 kB
PageTables:        50780 kB
SecPageTables:         0 kB
NFS_Unstable:          0 kB
Bounce:                0 kB
WritebackTmp:          0 kB
CommitLimit:     8258920 kB
Committed_AS:   11409304 kB
VmallocTotal:   34359738367 kB
VmallocUsed:       46520 kB
VmallocChunk:          0 kB
Percpu:            13280 kB
HardwareCorrupted:     0 kB
AnonHugePages:    204800 kB
ShmemHugePages:        0 kB
ShmemPmdMapped:        0 kB
FileHugePages:         0 kB
FilePmdMapped:         0 kB
CmaTotal:              0 kB
CmaFree:               0 kB
Unaccepted:            0 kB
Balloon:               0 kB
HugePages_Total:       0
HugePages_Free:        0
HugePages_Rsvd:        0
HugePages_Surp:        0
Hugepagesize:       2048 kB
Hugetlb:               0 kB
DirectMap4k:      194432 kB
DirectMap2M:     6096896 kB
DirectMap1G:     4194304 kB
---SNAPSHOT---
2026-04-27 15:02:23
MemTotal:        8129240 kB
MemFree:         3310640 kB
MemAvailable:    3517428 kB
Buffers:            6116 kB
Cached:           314892 kB
SwapCached:       476104 kB
Active:          3160904 kB
Inactive:         946664 kB
Active(anon):    3051324 kB
Inactive(anon):   789656 kB
Active(file):     109580 kB
Inactive(file):   157008 kB
Unevictable:          16 kB
Mlocked:              16 kB
SwapTotal:       4194300 kB
SwapFree:        3580680 kB
Zswap:                 0 kB
Zswapped:              0 kB
Dirty:               740 kB
Writeback:           516 kB
AnonPages:       3316008 kB
Mapped:           268716 kB
Shmem:             54448 kB
KReclaimable:      57096 kB
Slab:             284392 kB
SReclaimable:      57096 kB
SUnreclaim:       227296 kB
KernelStack:       18272 kB
PageTables:        49740 kB
SecPageTables:         0 kB
NFS_Unstable:          0 kB
Bounce:                0 kB
WritebackTmp:          0 kB
CommitLimit:     8258920 kB
Committed_AS:   11409216 kB
VmallocTotal:   34359738367 kB
VmallocUsed:       46504 kB
VmallocChunk:          0 kB
Percpu:            13280 kB
HardwareCorrupted:     0 kB
AnonHugePages:    204800 kB
ShmemHugePages:        0 kB
ShmemPmdMapped:        0 kB
FileHugePages:         0 kB
FilePmdMapped:         0 kB
CmaTotal:              0 kB
CmaFree:               0 kB
Unaccepted:            0 kB
Balloon:               0 kB
HugePages_Total:       0
HugePages_Free:        0
HugePages_Rsvd:        0
HugePages_Surp:        0
Hugepagesize:       2048 kB
Hugetlb:               0 kB
DirectMap4k:      194432 kB
DirectMap2M:     6096896 kB
DirectMap1G:     4194304 kB
---SNAPSHOT---
2026-04-27 15:02:24
MemTotal:        8129240 kB
MemFree:         3970664 kB
MemAvailable:    4177592 kB
Buffers:            6120 kB
Cached:           315028 kB
SwapCached:       491464 kB
Active:          2510932 kB
Inactive:         947880 kB
Active(anon):    2401352 kB
Inactive(anon):   790732 kB
Active(file):     109580 kB
Inactive(file):   157148 kB
Unevictable:          16 kB
Mlocked:              16 kB
SwapTotal:       4194300 kB
SwapFree:        3565320 kB
Zswap:                 0 kB
Zswapped:              0 kB
Dirty:               748 kB
Writeback:         15876 kB
AnonPages:       2651364 kB
Mapped:           268388 kB
Shmem:             54448 kB
KReclaimable:      57096 kB
Slab:             285312 kB
SReclaimable:      57096 kB
SUnreclaim:       228216 kB
KernelStack:       18272 kB
PageTables:        49748 kB
SecPageTables:         0 kB
NFS_Unstable:          0 kB
Bounce:                0 kB
WritebackTmp:          0 kB
CommitLimit:     8258920 kB
Committed_AS:   11409168 kB
VmallocTotal:   34359738367 kB
VmallocUsed:       46536 kB
VmallocChunk:          0 kB
Percpu:            13280 kB
HardwareCorrupted:     0 kB
AnonHugePages:    204800 kB
ShmemHugePages:        0 kB
ShmemPmdMapped:        0 kB
FileHugePages:         0 kB
FilePmdMapped:         0 kB
CmaTotal:              0 kB
CmaFree:               0 kB
Unaccepted:            0 kB
Balloon:               0 kB
HugePages_Total:       0
HugePages_Free:        0
HugePages_Rsvd:        0
HugePages_Surp:        0
Hugepagesize:       2048 kB
Hugetlb:               0 kB
DirectMap4k:      194432 kB
DirectMap2M:     6096896 kB
DirectMap1G:     4194304 kB
---SNAPSHOT---
2026-04-27 15:02:36
MemTotal:        8129240 kB
MemFree:         3553740 kB
MemAvailable:    3760680 kB
Buffers:            6132 kB
Cached:           315036 kB
SwapCached:       492896 kB
Active:          3004308 kB
Inactive:         963144 kB
Active(anon):    2894728 kB
Inactive(anon):   805984 kB
Active(file):     109580 kB
Inactive(file):   157160 kB
Unevictable:          16 kB
Mlocked:              16 kB
SwapTotal:       4194300 kB
SwapFree:        3563888 kB
Zswap:                 0 kB
Zswapped:              0 kB
Dirty:               580 kB
Writeback:          1548 kB
AnonPages:       3160228 kB
Mapped:           268488 kB
Shmem:             54448 kB
KReclaimable:      57096 kB
Slab:             284472 kB
SReclaimable:      57096 kB
SUnreclaim:       227376 kB
KernelStack:       18272 kB
PageTables:        49452 kB
SecPageTables:         0 kB
NFS_Unstable:          0 kB
Bounce:                0 kB
WritebackTmp:          0 kB
CommitLimit:     8258920 kB
Committed_AS:   11409220 kB
VmallocTotal:   34359738367 kB
VmallocUsed:       46504 kB
VmallocChunk:          0 kB
Percpu:            13280 kB
HardwareCorrupted:     0 kB
AnonHugePages:    204800 kB
ShmemHugePages:        0 kB
ShmemPmdMapped:        0 kB
FileHugePages:         0 kB
FilePmdMapped:         0 kB
CmaTotal:              0 kB
CmaFree:               0 kB
Unaccepted:            0 kB
Balloon:               0 kB
HugePages_Total:       0
HugePages_Free:        0
HugePages_Rsvd:        0
HugePages_Surp:        0
Hugepagesize:       2048 kB
Hugetlb:               0 kB
DirectMap4k:      194432 kB
DirectMap2M:     6096896 kB
DirectMap1G:     4194304 kB
---SNAPSHOT---
2026-04-27 15:02:37
MemTotal:        8129240 kB
MemFree:         3103496 kB
MemAvailable:    3310456 kB
Buffers:            6132 kB
Cached:           315052 kB
SwapCached:       493832 kB
Active:          3456600 kB
Inactive:         965092 kB
Active(anon):    3347020 kB
Inactive(anon):   807912 kB
Active(file):     109580 kB
Inactive(file):   157180 kB
Unevictable:          16 kB
Mlocked:              16 kB
SwapTotal:       4194300 kB
SwapFree:        3562952 kB
Zswap:                 0 kB
Zswapped:              0 kB
Dirty:               228 kB
Writeback:           960 kB
AnonPages:       3613848 kB
Mapped:           268388 kB
Shmem:             54448 kB
KReclaimable:      57096 kB
Slab:             284376 kB
SReclaimable:      57096 kB
SUnreclaim:       227280 kB
KernelStack:       18256 kB
PageTables:        50440 kB
SecPageTables:         0 kB
NFS_Unstable:          0 kB
Bounce:                0 kB
WritebackTmp:          0 kB
CommitLimit:     8258920 kB
Committed_AS:   11409448 kB
VmallocTotal:   34359738367 kB
VmallocUsed:       46520 kB
VmallocChunk:          0 kB
Percpu:            13280 kB
HardwareCorrupted:     0 kB
AnonHugePages:    204800 kB
ShmemHugePages:        0 kB
ShmemPmdMapped:        0 kB
FileHugePages:         0 kB
FilePmdMapped:         0 kB
CmaTotal:              0 kB
CmaFree:               0 kB
Unaccepted:            0 kB
Balloon:               0 kB
HugePages_Total:       0
HugePages_Free:        0
HugePages_Rsvd:        0
HugePages_Surp:        0
Hugepagesize:       2048 kB
Hugetlb:               0 kB
DirectMap4k:      194432 kB
DirectMap2M:     6096896 kB
DirectMap1G:     4194304 kB
---SNAPSHOT---
2026-04-27 15:02:38
MemTotal:        8129240 kB
MemFree:         3292724 kB
MemAvailable:    3499692 kB
Buffers:            6132 kB
Cached:           315056 kB
SwapCached:       493964 kB
Active:          3263944 kB
Inactive:         965224 kB
Active(anon):    3154364 kB
Inactive(anon):   808036 kB
Active(file):     109580 kB
Inactive(file):   157188 kB
Unevictable:          16 kB
Mlocked:              16 kB
SwapTotal:       4194300 kB
SwapFree:        3562820 kB
Zswap:                 0 kB
Zswapped:              0 kB
Dirty:                84 kB
Writeback:           528 kB
AnonPages:       3421064 kB
Mapped:           268388 kB
Shmem:             54448 kB
KReclaimable:      57096 kB
Slab:             284376 kB
SReclaimable:      57096 kB
SUnreclaim:       227280 kB
KernelStack:       18272 kB
PageTables:        50172 kB
SecPageTables:         0 kB
NFS_Unstable:          0 kB
Bounce:                0 kB
WritebackTmp:          0 kB
CommitLimit:     8258920 kB
Committed_AS:   11409352 kB
VmallocTotal:   34359738367 kB
VmallocUsed:       46520 kB
VmallocChunk:          0 kB
Percpu:            13280 kB
HardwareCorrupted:     0 kB
AnonHugePages:    204800 kB
ShmemHugePages:        0 kB
ShmemPmdMapped:        0 kB
FileHugePages:         0 kB
FilePmdMapped:         0 kB
CmaTotal:              0 kB
CmaFree:               0 kB
Unaccepted:            0 kB
Balloon:               0 kB
HugePages_Total:       0
HugePages_Free:        0
HugePages_Rsvd:        0
HugePages_Surp:        0
Hugepagesize:       2048 kB
Hugetlb:               0 kB
DirectMap4k:      194432 kB
DirectMap2M:     6096896 kB
DirectMap1G:     4194304 kB
---SNAPSHOT---
2026-04-27 15:02:39
MemTotal:        8129240 kB
MemFree:         3488440 kB
MemAvailable:    3695412 kB
Buffers:            6132 kB
Cached:           315060 kB
SwapCached:       493964 kB
Active:          3075056 kB
Inactive:         965228 kB
Active(anon):    2965476 kB
Inactive(anon):   808036 kB
Active(file):     109580 kB
Inactive(file):   157192 kB
Unevictable:          16 kB
Mlocked:              16 kB
SwapTotal:       4194300 kB
SwapFree:        3562820 kB
Zswap:                 0 kB
Zswapped:              0 kB
Dirty:                88 kB
Writeback:           340 kB
AnonPages:       3231772 kB
Mapped:           268388 kB
Shmem:             54448 kB
KReclaimable:      57096 kB
Slab:             284376 kB
SReclaimable:      57096 kB
SUnreclaim:       227280 kB
KernelStack:       18272 kB
PageTables:        49700 kB
SecPageTables:         0 kB
NFS_Unstable:          0 kB
Bounce:                0 kB
WritebackTmp:          0 kB
CommitLimit:     8258920 kB
Committed_AS:   11409420 kB
VmallocTotal:   34359738367 kB
VmallocUsed:       46488 kB
VmallocChunk:          0 kB
Percpu:            13280 kB
HardwareCorrupted:     0 kB
AnonHugePages:    204800 kB
ShmemHugePages:        0 kB
ShmemPmdMapped:        0 kB
FileHugePages:         0 kB
FilePmdMapped:         0 kB
CmaTotal:              0 kB
CmaFree:               0 kB
Unaccepted:            0 kB
Balloon:               0 kB
HugePages_Total:       0
HugePages_Free:        0
HugePages_Rsvd:        0
HugePages_Surp:        0
Hugepagesize:       2048 kB
Hugetlb:               0 kB
DirectMap4k:      194432 kB
DirectMap2M:     6096896 kB
DirectMap1G:     4194304 kB
---SNAPSHOT---
2026-04-27 15:02:41
MemTotal:        8129240 kB
MemFree:         3327100 kB
MemAvailable:    3534080 kB
Buffers:            6140 kB
Cached:           315064 kB
SwapCached:       494156 kB
Active:          3236532 kB
Inactive:         965236 kB
Active(anon):    3126952 kB
Inactive(anon):   808036 kB
Active(file):     109580 kB
Inactive(file):   157200 kB
Unevictable:          16 kB
Mlocked:              16 kB
SwapTotal:       4194300 kB
SwapFree:        3562628 kB
Zswap:                 0 kB
Zswapped:              0 kB
Dirty:                40 kB
Writeback:           264 kB
AnonPages:       3393340 kB
Mapped:           268488 kB
Shmem:             54448 kB
KReclaimable:      57096 kB
Slab:             284376 kB
SReclaimable:      57096 kB
SUnreclaim:       227280 kB
KernelStack:       18272 kB
PageTables:        50424 kB
SecPageTables:         0 kB
NFS_Unstable:          0 kB
Bounce:                0 kB
WritebackTmp:          0 kB
CommitLimit:     8258920 kB
Committed_AS:   11409560 kB
VmallocTotal:   34359738367 kB
VmallocUsed:       46488 kB
VmallocChunk:          0 kB
Percpu:            13280 kB
HardwareCorrupted:     0 kB
AnonHugePages:    204800 kB
ShmemHugePages:        0 kB
ShmemPmdMapped:        0 kB
FileHugePages:         0 kB
FilePmdMapped:         0 kB
CmaTotal:              0 kB
CmaFree:               0 kB
Unaccepted:            0 kB
Balloon:               0 kB
HugePages_Total:       0
HugePages_Free:        0
HugePages_Rsvd:        0
HugePages_Surp:        0
Hugepagesize:       2048 kB
Hugetlb:               0 kB
DirectMap4k:      194432 kB
DirectMap2M:     6096896 kB
DirectMap1G:     4194304 kB
---SNAPSHOT---
2026-04-27 15:02:42
MemTotal:        8129240 kB
MemFree:         3534364 kB
MemAvailable:    3741352 kB
Buffers:            6140 kB
Cached:           315072 kB
SwapCached:       496584 kB
Active:          3032712 kB
Inactive:         966656 kB
Active(anon):    2923132 kB
Inactive(anon):   809448 kB
Active(file):     109580 kB
Inactive(file):   157208 kB
Unevictable:          16 kB
Mlocked:              16 kB
SwapTotal:       4194300 kB
SwapFree:        3560200 kB
Zswap:                 0 kB
Zswapped:              0 kB
Dirty:                68 kB
Writeback:           436 kB
AnonPages:       3188908 kB
Mapped:           268388 kB
Shmem:             54448 kB
KReclaimable:      57096 kB
Slab:             284372 kB
SReclaimable:      57096 kB
SUnreclaim:       227276 kB
KernelStack:       18332 kB
PageTables:        49924 kB
SecPageTables:         0 kB
NFS_Unstable:          0 kB
Bounce:                0 kB
WritebackTmp:          0 kB
CommitLimit:     8258920 kB
Committed_AS:   11409536 kB
VmallocTotal:   34359738367 kB
VmallocUsed:       46536 kB
VmallocChunk:          0 kB
Percpu:            13280 kB
HardwareCorrupted:     0 kB
AnonHugePages:    204800 kB
ShmemHugePages:        0 kB
ShmemPmdMapped:        0 kB
FileHugePages:         0 kB
FilePmdMapped:         0 kB
CmaTotal:              0 kB
CmaFree:               0 kB
Unaccepted:            0 kB
Balloon:               0 kB
HugePages_Total:       0
HugePages_Free:        0
HugePages_Rsvd:        0
HugePages_Surp:        0
Hugepagesize:       2048 kB
Hugetlb:               0 kB
DirectMap4k:      194432 kB
DirectMap2M:     6096896 kB
DirectMap1G:     4194304 kB
---SNAPSHOT---
2026-04-27 15:02:43
MemTotal:        8129240 kB
MemFree:         3129724 kB
MemAvailable:    3336720 kB
Buffers:            6140 kB
Cached:           315080 kB
SwapCached:       498584 kB
Active:          3432704 kB
Inactive:         968664 kB
Active(anon):    3323124 kB
Inactive(anon):   811448 kB
Active(file):     109580 kB
Inactive(file):   157216 kB
Unevictable:          16 kB
Mlocked:              16 kB
SwapTotal:       4194300 kB
SwapFree:        3558200 kB
Zswap:                 0 kB
Zswapped:              0 kB
Dirty:                76 kB
Writeback:           156 kB
AnonPages:       3589360 kB
Mapped:           268388 kB
Shmem:             54448 kB
KReclaimable:      57096 kB
Slab:             284372 kB
SReclaimable:      57096 kB
SUnreclaim:       227276 kB
KernelStack:       18332 kB
PageTables:        50672 kB
SecPageTables:         0 kB
NFS_Unstable:          0 kB
Bounce:                0 kB
WritebackTmp:          0 kB
CommitLimit:     8258920 kB
Committed_AS:   11409664 kB
VmallocTotal:   34359738367 kB
VmallocUsed:       46584 kB
VmallocChunk:          0 kB
Percpu:            13280 kB
HardwareCorrupted:     0 kB
AnonHugePages:    204800 kB
ShmemHugePages:        0 kB
ShmemPmdMapped:        0 kB
FileHugePages:         0 kB
FilePmdMapped:         0 kB
CmaTotal:              0 kB
CmaFree:               0 kB
Unaccepted:            0 kB
Balloon:               0 kB
HugePages_Total:       0
HugePages_Free:        0
HugePages_Rsvd:        0
HugePages_Surp:        0
Hugepagesize:       2048 kB
Hugetlb:               0 kB
DirectMap4k:      194432 kB
DirectMap2M:     6096896 kB
DirectMap1G:     4194304 kB
---SNAPSHOT---
2026-04-27 15:02:44
MemTotal:        8129240 kB
MemFree:         3339396 kB
MemAvailable:    3546396 kB
Buffers:            6140 kB
Cached:           315084 kB
SwapCached:       500852 kB
Active:          3220224 kB
Inactive:         970796 kB
Active(anon):    3110644 kB
Inactive(anon):   813576 kB
Active(file):     109580 kB
Inactive(file):   157220 kB
Unevictable:          16 kB
Mlocked:              16 kB
SwapTotal:       4194300 kB
SwapFree:        3555932 kB
Zswap:                 0 kB
Zswapped:              0 kB
Dirty:                80 kB
Writeback:           192 kB
AnonPages:       3376740 kB
Mapped:           268388 kB
Shmem:             54448 kB
KReclaimable:      57096 kB
Slab:             284372 kB
SReclaimable:      57096 kB
SUnreclaim:       227276 kB
KernelStack:       18272 kB
PageTables:        50176 kB
SecPageTables:         0 kB
NFS_Unstable:          0 kB
Bounce:                0 kB
WritebackTmp:          0 kB
CommitLimit:     8258920 kB
Committed_AS:   11409076 kB
VmallocTotal:   34359738367 kB
VmallocUsed:       46568 kB
VmallocChunk:          0 kB
Percpu:            13280 kB
HardwareCorrupted:     0 kB
AnonHugePages:    204800 kB
ShmemHugePages:        0 kB
ShmemPmdMapped:        0 kB
FileHugePages:         0 kB
FilePmdMapped:         0 kB
CmaTotal:              0 kB
CmaFree:               0 kB
Unaccepted:            0 kB
Balloon:               0 kB
HugePages_Total:       0
HugePages_Free:        0
HugePages_Rsvd:        0
HugePages_Surp:        0
Hugepagesize:       2048 kB
Hugetlb:               0 kB
DirectMap4k:      194432 kB
DirectMap2M:     6096896 kB
DirectMap1G:     4194304 kB
---SNAPSHOT---
2026-04-27 15:02:45
MemTotal:        8129240 kB
MemFree:         3540620 kB
MemAvailable:    3747632 kB
Buffers:            6140 kB
Cached:           315092 kB
SwapCached:       506728 kB
Active:          3019892 kB
Inactive:         976796 kB
Active(anon):    2910312 kB
Inactive(anon):   819564 kB
Active(file):     109580 kB
Inactive(file):   157232 kB
Unevictable:          16 kB
Mlocked:              16 kB
SwapTotal:       4194300 kB
SwapFree:        3549868 kB
Zswap:                 0 kB
Zswapped:              0 kB
Dirty:                88 kB
Writeback:           644 kB
AnonPages:       3176036 kB
Mapped:           268388 kB
Shmem:             54448 kB
KReclaimable:      57096 kB
Slab:             284372 kB
SReclaimable:      57096 kB
SUnreclaim:       227276 kB
KernelStack:       18256 kB
PageTables:        50024 kB
SecPageTables:         0 kB
NFS_Unstable:          0 kB
Bounce:                0 kB
WritebackTmp:          0 kB
CommitLimit:     8258920 kB
Committed_AS:   11409332 kB
VmallocTotal:   34359738367 kB
VmallocUsed:       46568 kB
VmallocChunk:          0 kB
Percpu:            13280 kB
HardwareCorrupted:     0 kB
AnonHugePages:    204800 kB
ShmemHugePages:        0 kB
ShmemPmdMapped:        0 kB
FileHugePages:         0 kB
FilePmdMapped:         0 kB
CmaTotal:              0 kB
CmaFree:               0 kB
Unaccepted:            0 kB
Balloon:               0 kB
HugePages_Total:       0
HugePages_Free:        0
HugePages_Rsvd:        0
HugePages_Surp:        0
Hugepagesize:       2048 kB
Hugetlb:               0 kB
DirectMap4k:      194432 kB
DirectMap2M:     6096896 kB
DirectMap1G:     4194304 kB
---SNAPSHOT---
2026-04-27 15:02:46
MemTotal:        8129240 kB
MemFree:         3089336 kB
MemAvailable:    3296352 kB
Buffers:            6148 kB
Cached:           315100 kB
SwapCached:       541780 kB
Active:          3440736 kB
Inactive:        1011448 kB
Active(anon):    3331156 kB
Inactive(anon):   854212 kB
Active(file):     109580 kB
Inactive(file):   157236 kB
Unevictable:          16 kB
Mlocked:              16 kB
SwapTotal:       4194300 kB
SwapFree:        3515004 kB
Zswap:                 0 kB
Zswapped:              0 kB
Dirty:               112 kB
Writeback:           692 kB
AnonPages:       3596692 kB
Mapped:           268388 kB
Shmem:             54448 kB
KReclaimable:      57096 kB
Slab:             284380 kB
SReclaimable:      57096 kB
SUnreclaim:       227284 kB
KernelStack:       18272 kB
PageTables:        50688 kB
SecPageTables:         0 kB
NFS_Unstable:          0 kB
Bounce:                0 kB
WritebackTmp:          0 kB
CommitLimit:     8258920 kB
Committed_AS:   11409172 kB
VmallocTotal:   34359738367 kB
VmallocUsed:       46536 kB
VmallocChunk:          0 kB
Percpu:            13280 kB
HardwareCorrupted:     0 kB
AnonHugePages:    204800 kB
ShmemHugePages:        0 kB
ShmemPmdMapped:        0 kB
FileHugePages:         0 kB
FilePmdMapped:         0 kB
CmaTotal:              0 kB
CmaFree:               0 kB
Unaccepted:            0 kB
Balloon:               0 kB
HugePages_Total:       0
HugePages_Free:        0
HugePages_Rsvd:        0
HugePages_Surp:        0
Hugepagesize:       2048 kB
Hugetlb:               0 kB
DirectMap4k:      194432 kB
DirectMap2M:     6096896 kB
DirectMap1G:     4194304 kB
---SNAPSHOT---
2026-04-27 15:02:47
MemTotal:        8129240 kB
MemFree:         3394932 kB
MemAvailable:    3601960 kB
Buffers:            6148 kB
Cached:           315104 kB
SwapCached:       559884 kB
Active:          3022316 kB
Inactive:        1029572 kB
Active(anon):    2912736 kB
Inactive(anon):   872324 kB
Active(file):     109580 kB
Inactive(file):   157248 kB
Unevictable:          16 kB
Mlocked:              16 kB
SwapTotal:       4194300 kB
SwapFree:        3496900 kB
Zswap:                 0 kB
Zswapped:              0 kB
Dirty:               116 kB
Writeback:           188 kB
AnonPages:       3179948 kB
Mapped:           268388 kB
Shmem:             54448 kB
KReclaimable:      57096 kB
Slab:             284380 kB
SReclaimable:      57096 kB
SUnreclaim:       227284 kB
KernelStack:       18300 kB
PageTables:        50040 kB
SecPageTables:         0 kB
NFS_Unstable:          0 kB
Bounce:                0 kB
WritebackTmp:          0 kB
CommitLimit:     8258920 kB
Committed_AS:   11408992 kB
VmallocTotal:   34359738367 kB
VmallocUsed:       46568 kB
VmallocChunk:          0 kB
Percpu:            13280 kB
HardwareCorrupted:     0 kB
AnonHugePages:    204800 kB
ShmemHugePages:        0 kB
ShmemPmdMapped:        0 kB
FileHugePages:         0 kB
FilePmdMapped:         0 kB
CmaTotal:              0 kB
CmaFree:               0 kB
Unaccepted:            0 kB
Balloon:               0 kB
HugePages_Total:       0
HugePages_Free:        0
HugePages_Rsvd:        0
HugePages_Surp:        0
Hugepagesize:       2048 kB
Hugetlb:               0 kB
DirectMap4k:      194432 kB
DirectMap2M:     6096896 kB
DirectMap1G:     4194304 kB
---SNAPSHOT---
2026-04-27 15:02:48
MemTotal:        8129240 kB
MemFree:         3221728 kB
MemAvailable:    3428764 kB
Buffers:            6148 kB
Cached:           315112 kB
SwapCached:       559884 kB
Active:          3258540 kB
Inactive:        1029752 kB
Active(anon):    3148960 kB
Inactive(anon):   872496 kB
Active(file):     109580 kB
Inactive(file):   157256 kB
Unevictable:          16 kB
Mlocked:              16 kB
SwapTotal:       4194300 kB
SwapFree:        3496900 kB
Zswap:                 0 kB
Zswapped:              0 kB
Dirty:               124 kB
Writeback:           140 kB
AnonPages:       3416492 kB
Mapped:           268388 kB
Shmem:             54448 kB
KReclaimable:      57096 kB
Slab:             284380 kB
SReclaimable:      57096 kB
SUnreclaim:       227284 kB
KernelStack:       18272 kB
PageTables:        50396 kB
SecPageTables:         0 kB
NFS_Unstable:          0 kB
Bounce:                0 kB
WritebackTmp:          0 kB
CommitLimit:     8258920 kB
Committed_AS:   11409556 kB
VmallocTotal:   34359738367 kB
VmallocUsed:       46584 kB
VmallocChunk:          0 kB
Percpu:            13280 kB
HardwareCorrupted:     0 kB
AnonHugePages:    204800 kB
ShmemHugePages:        0 kB
ShmemPmdMapped:        0 kB
FileHugePages:         0 kB
FilePmdMapped:         0 kB
CmaTotal:              0 kB
CmaFree:               0 kB
Unaccepted:            0 kB
Balloon:               0 kB
HugePages_Total:       0
HugePages_Free:        0
HugePages_Rsvd:        0
HugePages_Surp:        0
Hugepagesize:       2048 kB
Hugetlb:               0 kB
DirectMap4k:      194432 kB
DirectMap2M:     6096896 kB
DirectMap1G:     4194304 kB
---SNAPSHOT---
2026-04-27 15:02:49
MemTotal:        8129240 kB
MemFree:         3018884 kB
MemAvailable:    3225928 kB
Buffers:            6148 kB
Cached:           315116 kB
SwapCached:       560284 kB
Active:          3495240 kB
Inactive:        1029760 kB
Active(anon):    3385660 kB
Inactive(anon):   872496 kB
Active(file):     109580 kB
Inactive(file):   157264 kB
Unevictable:          16 kB
Mlocked:              16 kB
SwapTotal:       4194300 kB
SwapFree:        3496500 kB
Zswap:                 0 kB
Zswapped:              0 kB
Dirty:               128 kB
Writeback:           140 kB
AnonPages:       3653104 kB
Mapped:           268388 kB
Shmem:             54448 kB
KReclaimable:      57096 kB
Slab:             284380 kB
SReclaimable:      57096 kB
SUnreclaim:       227284 kB
KernelStack:       18316 kB
PageTables:        50848 kB
SecPageTables:         0 kB
NFS_Unstable:          0 kB
Bounce:                0 kB
WritebackTmp:          0 kB
CommitLimit:     8258920 kB
Committed_AS:   11409556 kB
VmallocTotal:   34359738367 kB
VmallocUsed:       46584 kB
VmallocChunk:          0 kB
Percpu:            13280 kB
HardwareCorrupted:     0 kB
AnonHugePages:    204800 kB
ShmemHugePages:        0 kB
ShmemPmdMapped:        0 kB
FileHugePages:         0 kB
FilePmdMapped:         0 kB
CmaTotal:              0 kB
CmaFree:               0 kB
Unaccepted:            0 kB
Balloon:               0 kB
HugePages_Total:       0
HugePages_Free:        0
HugePages_Rsvd:        0
HugePages_Surp:        0
Hugepagesize:       2048 kB
Hugetlb:               0 kB
DirectMap4k:      194432 kB
DirectMap2M:     6096896 kB
DirectMap1G:     4194304 kB
---SNAPSHOT---
2026-04-27 15:02:50
MemTotal:        8129240 kB
MemFree:         3397976 kB
MemAvailable:    3605020 kB
Buffers:            6148 kB
Cached:           315120 kB
SwapCached:       560680 kB
Active:          3076256 kB
Inactive:        1029760 kB
Active(anon):    2966676 kB
Inactive(anon):   872496 kB
Active(file):     109580 kB
Inactive(file):   157264 kB
Unevictable:          16 kB
Mlocked:              16 kB
SwapTotal:       4194300 kB
SwapFree:        3496104 kB
Zswap:                 0 kB
Zswapped:              0 kB
Dirty:               132 kB
Writeback:           164 kB
AnonPages:       3233432 kB
Mapped:           268388 kB
Shmem:             54448 kB
KReclaimable:      57096 kB
Slab:             284380 kB
SReclaimable:      57096 kB
SUnreclaim:       227284 kB
KernelStack:       18256 kB
PageTables:        50100 kB
SecPageTables:         0 kB
NFS_Unstable:          0 kB
Bounce:                0 kB
WritebackTmp:          0 kB
CommitLimit:     8258920 kB
Committed_AS:   11408992 kB
VmallocTotal:   34359738367 kB
VmallocUsed:       46552 kB
VmallocChunk:          0 kB
Percpu:            13280 kB
HardwareCorrupted:     0 kB
AnonHugePages:    204800 kB
ShmemHugePages:        0 kB
ShmemPmdMapped:        0 kB
FileHugePages:         0 kB
FilePmdMapped:         0 kB
CmaTotal:              0 kB
CmaFree:               0 kB
Unaccepted:            0 kB
Balloon:               0 kB
HugePages_Total:       0
HugePages_Free:        0
HugePages_Rsvd:        0
HugePages_Surp:        0
Hugepagesize:       2048 kB
Hugetlb:               0 kB
DirectMap4k:      194432 kB
DirectMap2M:     6096896 kB
DirectMap1G:     4194304 kB
---SNAPSHOT---
2026-04-27 15:02:51
MemTotal:        8129240 kB
MemFree:         3094316 kB
MemAvailable:    3301376 kB
Buffers:            6156 kB
Cached:           315128 kB
SwapCached:       561148 kB
Active:          3386372 kB
Inactive:        1029776 kB
Active(anon):    3276792 kB
Inactive(anon):   872496 kB
Active(file):     109580 kB
Inactive(file):   157280 kB
Unevictable:          16 kB
Mlocked:              16 kB
SwapTotal:       4194300 kB
SwapFree:        3495636 kB
Zswap:                 0 kB
Zswapped:              0 kB
Dirty:               140 kB
Writeback:           192 kB
AnonPages:       3543096 kB
Mapped:           268488 kB
Shmem:             54448 kB
KReclaimable:      57096 kB
Slab:             284384 kB
SReclaimable:      57096 kB
SUnreclaim:       227288 kB
KernelStack:       18272 kB
PageTables:        50480 kB
SecPageTables:         0 kB
NFS_Unstable:          0 kB
Bounce:                0 kB
WritebackTmp:          0 kB
CommitLimit:     8258920 kB
Committed_AS:   11409184 kB
VmallocTotal:   34359738367 kB
VmallocUsed:       46536 kB
VmallocChunk:          0 kB
Percpu:            13280 kB
HardwareCorrupted:     0 kB
AnonHugePages:    204800 kB
ShmemHugePages:        0 kB
ShmemPmdMapped:        0 kB
FileHugePages:         0 kB
FilePmdMapped:         0 kB
CmaTotal:              0 kB
CmaFree:               0 kB
Unaccepted:            0 kB
Balloon:               0 kB
HugePages_Total:       0
HugePages_Free:        0
HugePages_Rsvd:        0
HugePages_Surp:        0
Hugepagesize:       2048 kB
Hugetlb:               0 kB
DirectMap4k:      194432 kB
DirectMap2M:     6096896 kB
DirectMap1G:     4194304 kB
---SNAPSHOT---
2026-04-27 15:02:52
MemTotal:        8129240 kB
MemFree:         2895244 kB
MemAvailable:    3102308 kB
Buffers:            6156 kB
Cached:           315132 kB
SwapCached:       561860 kB
Active:          3619184 kB
Inactive:        1029780 kB
Active(anon):    3509604 kB
Inactive(anon):   872496 kB
Active(file):     109580 kB
Inactive(file):   157284 kB
Unevictable:          16 kB
Mlocked:              16 kB
SwapTotal:       4194300 kB
SwapFree:        3494924 kB
Zswap:                 0 kB
Zswapped:              0 kB
Dirty:               144 kB
Writeback:           156 kB
AnonPages:       3775416 kB
Mapped:           268388 kB
Shmem:             54448 kB
KReclaimable:      57096 kB
Slab:             284384 kB
SReclaimable:      57096 kB
SUnreclaim:       227288 kB
KernelStack:       18272 kB
PageTables:        50936 kB
SecPageTables:         0 kB
NFS_Unstable:          0 kB
Bounce:                0 kB
WritebackTmp:          0 kB
CommitLimit:     8258920 kB
Committed_AS:   11409096 kB
VmallocTotal:   34359738367 kB
VmallocUsed:       46584 kB
VmallocChunk:          0 kB
Percpu:            13280 kB
HardwareCorrupted:     0 kB
AnonHugePages:    204800 kB
ShmemHugePages:        0 kB
ShmemPmdMapped:        0 kB
FileHugePages:         0 kB
FilePmdMapped:         0 kB
CmaTotal:              0 kB
CmaFree:               0 kB
Unaccepted:            0 kB
Balloon:               0 kB
HugePages_Total:       0
HugePages_Free:        0
HugePages_Rsvd:        0
HugePages_Surp:        0
Hugepagesize:       2048 kB
Hugetlb:               0 kB
DirectMap4k:      194432 kB
DirectMap2M:     6096896 kB
DirectMap1G:     4194304 kB
---SNAPSHOT---
2026-04-27 15:02:53
MemTotal:        8129240 kB
MemFree:         3267904 kB
MemAvailable:    3474984 kB
Buffers:            6156 kB
Cached:           315148 kB
SwapCached:       562296 kB
Active:          3202308 kB
Inactive:        1029796 kB
Active(anon):    3092728 kB
Inactive(anon):   872496 kB
Active(file):     109580 kB
Inactive(file):   157300 kB
Unevictable:          16 kB
Mlocked:              16 kB
SwapTotal:       4194300 kB
SwapFree:        3494488 kB
Zswap:                 0 kB
Zswapped:              0 kB
Dirty:               160 kB
Writeback:           192 kB
AnonPages:       3357956 kB
Mapped:           268388 kB
Shmem:             54448 kB
KReclaimable:      57096 kB
Slab:             284384 kB
SReclaimable:      57096 kB
SUnreclaim:       227288 kB
KernelStack:       18288 kB
PageTables:        50436 kB
SecPageTables:         0 kB
NFS_Unstable:          0 kB
Bounce:                0 kB
WritebackTmp:          0 kB
CommitLimit:     8258920 kB
Committed_AS:   11408676 kB
VmallocTotal:   34359738367 kB
VmallocUsed:       46568 kB
VmallocChunk:          0 kB
Percpu:            13280 kB
HardwareCorrupted:     0 kB
AnonHugePages:    204800 kB
ShmemHugePages:        0 kB
ShmemPmdMapped:        0 kB
FileHugePages:         0 kB
FilePmdMapped:         0 kB
CmaTotal:              0 kB
CmaFree:               0 kB
Unaccepted:            0 kB
Balloon:               0 kB
HugePages_Total:       0
HugePages_Free:        0
HugePages_Rsvd:        0
HugePages_Surp:        0
Hugepagesize:       2048 kB
Hugetlb:               0 kB
DirectMap4k:      194432 kB
DirectMap2M:     6096896 kB
DirectMap1G:     4194304 kB
---SNAPSHOT---
2026-04-27 15:02:54
MemTotal:        8129240 kB
MemFree:         3031388 kB
MemAvailable:    3238472 kB
Buffers:            6156 kB
Cached:           315152 kB
SwapCached:       563044 kB
Active:          3439640 kB
Inactive:        1031804 kB
Active(anon):    3330060 kB
Inactive(anon):   874500 kB
Active(file):     109580 kB
Inactive(file):   157304 kB
Unevictable:          16 kB
Mlocked:              16 kB
SwapTotal:       4194300 kB
SwapFree:        3493740 kB
Zswap:                 0 kB
Zswapped:              0 kB
Dirty:               164 kB
Writeback:           164 kB
AnonPages:       3596456 kB
Mapped:           268388 kB
Shmem:             54448 kB
KReclaimable:      57096 kB
Slab:             284384 kB
SReclaimable:      57096 kB
SUnreclaim:       227288 kB
KernelStack:       18256 kB
PageTables:        50924 kB
SecPageTables:         0 kB
NFS_Unstable:          0 kB
Bounce:                0 kB
WritebackTmp:          0 kB
CommitLimit:     8258920 kB
Committed_AS:   11409176 kB
VmallocTotal:   34359738367 kB
VmallocUsed:       46600 kB
VmallocChunk:          0 kB
Percpu:            13280 kB
HardwareCorrupted:     0 kB
AnonHugePages:    204800 kB
ShmemHugePages:        0 kB
ShmemPmdMapped:        0 kB
FileHugePages:         0 kB
FilePmdMapped:         0 kB
CmaTotal:              0 kB
CmaFree:               0 kB
Unaccepted:            0 kB
Balloon:               0 kB
HugePages_Total:       0
HugePages_Free:        0
HugePages_Rsvd:        0
HugePages_Surp:        0
Hugepagesize:       2048 kB
Hugetlb:               0 kB
DirectMap4k:      194432 kB
DirectMap2M:     6096896 kB
DirectMap1G:     4194304 kB
---SNAPSHOT---
2026-04-27 15:02:55
MemTotal:        8129240 kB
MemFree:         3300628 kB
MemAvailable:    3507716 kB
Buffers:            6156 kB
Cached:           315156 kB
SwapCached:       563412 kB
Active:          3117992 kB
Inactive:        1033900 kB
Active(anon):    3008412 kB
Inactive(anon):   876592 kB
Active(file):     109580 kB
Inactive(file):   157308 kB
Unevictable:          16 kB
Mlocked:              16 kB
SwapTotal:       4194300 kB
SwapFree:        3493372 kB
Zswap:                 0 kB
Zswapped:              0 kB
Dirty:               168 kB
Writeback:           240 kB
AnonPages:       3273176 kB
Mapped:           268388 kB
Shmem:             54448 kB
KReclaimable:      57096 kB
Slab:             284380 kB
SReclaimable:      57096 kB
SUnreclaim:       227284 kB
KernelStack:       18332 kB
PageTables:        51584 kB
SecPageTables:         0 kB
NFS_Unstable:          0 kB
Bounce:                0 kB
WritebackTmp:          0 kB
CommitLimit:     8258920 kB
Committed_AS:   11409444 kB
VmallocTotal:   34359738367 kB
VmallocUsed:       46584 kB
VmallocChunk:          0 kB
Percpu:            13280 kB
HardwareCorrupted:     0 kB
AnonHugePages:    204800 kB
ShmemHugePages:        0 kB
ShmemPmdMapped:        0 kB
FileHugePages:         0 kB
FilePmdMapped:         0 kB
CmaTotal:              0 kB
CmaFree:               0 kB
Unaccepted:            0 kB
Balloon:               0 kB
HugePages_Total:       0
HugePages_Free:        0
HugePages_Rsvd:        0
HugePages_Surp:        0
Hugepagesize:       2048 kB
Hugetlb:               0 kB
DirectMap4k:      194432 kB
DirectMap2M:     6096896 kB
DirectMap1G:     4194304 kB
---SNAPSHOT---
2026-04-27 15:02:56
MemTotal:        8129240 kB
MemFree:         3154972 kB
MemAvailable:    3362076 kB
Buffers:            6164 kB
Cached:           315160 kB
SwapCached:       563940 kB
Active:          3325568 kB
Inactive:        1033916 kB
Active(anon):    3215988 kB
Inactive(anon):   876592 kB
Active(file):     109580 kB
Inactive(file):   157324 kB
Unevictable:          16 kB
Mlocked:              16 kB
SwapTotal:       4194300 kB
SwapFree:        3492844 kB
Zswap:                 0 kB
Zswapped:              0 kB
Dirty:               176 kB
Writeback:           208 kB
AnonPages:       3483668 kB
Mapped:           268488 kB
Shmem:             54448 kB
KReclaimable:      57096 kB
Slab:             284380 kB
SReclaimable:      57096 kB
SUnreclaim:       227284 kB
KernelStack:       18316 kB
PageTables:        50328 kB
SecPageTables:         0 kB
NFS_Unstable:          0 kB
Bounce:                0 kB
WritebackTmp:          0 kB
CommitLimit:     8258920 kB
Committed_AS:   11409312 kB
VmallocTotal:   34359738367 kB
VmallocUsed:       46552 kB
VmallocChunk:          0 kB
Percpu:            13280 kB
HardwareCorrupted:     0 kB
AnonHugePages:    204800 kB
ShmemHugePages:        0 kB
ShmemPmdMapped:        0 kB
FileHugePages:         0 kB
FilePmdMapped:         0 kB
CmaTotal:              0 kB
CmaFree:               0 kB
Unaccepted:            0 kB
Balloon:               0 kB
HugePages_Total:       0
HugePages_Free:        0
HugePages_Rsvd:        0
HugePages_Surp:        0
Hugepagesize:       2048 kB
Hugetlb:               0 kB
DirectMap4k:      194432 kB
DirectMap2M:     6096896 kB
DirectMap1G:     4194304 kB
---SNAPSHOT---
2026-04-27 15:02:58
MemTotal:        8129240 kB
MemFree:         2953320 kB
MemAvailable:    3160432 kB
Buffers:            6164 kB
Cached:           315168 kB
SwapCached:       568460 kB
Active:          3554136 kB
Inactive:        1037860 kB
Active(anon):    3444556 kB
Inactive(anon):   880528 kB
Active(file):     109580 kB
Inactive(file):   157332 kB
Unevictable:          16 kB
Mlocked:              16 kB
SwapTotal:       4194300 kB
SwapFree:        3488324 kB
Zswap:                 0 kB
Zswapped:              0 kB
Dirty:               180 kB
Writeback:           144 kB
AnonPages:       3711856 kB
Mapped:           268388 kB
Shmem:             54448 kB
KReclaimable:      57096 kB
Slab:             284380 kB
SReclaimable:      57096 kB
SUnreclaim:       227284 kB
KernelStack:       18332 kB
PageTables:        51132 kB
SecPageTables:         0 kB
NFS_Unstable:          0 kB
Bounce:                0 kB
WritebackTmp:          0 kB
CommitLimit:     8258920 kB
Committed_AS:   11409424 kB
VmallocTotal:   34359738367 kB
VmallocUsed:       46600 kB
VmallocChunk:          0 kB
Percpu:            13280 kB
HardwareCorrupted:     0 kB
AnonHugePages:    204800 kB
ShmemHugePages:        0 kB
ShmemPmdMapped:        0 kB
FileHugePages:         0 kB
FilePmdMapped:         0 kB
CmaTotal:              0 kB
CmaFree:               0 kB
Unaccepted:            0 kB
Balloon:               0 kB
HugePages_Total:       0
HugePages_Free:        0
HugePages_Rsvd:        0
HugePages_Surp:        0
Hugepagesize:       2048 kB
Hugetlb:               0 kB
DirectMap4k:      194432 kB
DirectMap2M:     6096896 kB
DirectMap1G:     4194304 kB
---SNAPSHOT---
2026-04-27 15:02:59
MemTotal:        8129240 kB
MemFree:         2856516 kB
MemAvailable:    3063628 kB
Buffers:            6164 kB
Cached:           315176 kB
SwapCached:       568744 kB
Active:          3650724 kB
Inactive:        1038020 kB
Active(anon):    3541144 kB
Inactive(anon):   880688 kB
Active(file):     109580 kB
Inactive(file):   157332 kB
Unevictable:          16 kB
Mlocked:              16 kB
SwapTotal:       4194300 kB
SwapFree:        3488040 kB
Zswap:                 0 kB
Zswapped:              0 kB
Dirty:               188 kB
Writeback:           164 kB
AnonPages:       3809524 kB
Mapped:           268388 kB
Shmem:             54448 kB
KReclaimable:      57096 kB
Slab:             284380 kB
SReclaimable:      57096 kB
SUnreclaim:       227284 kB
KernelStack:       18272 kB
PageTables:        51272 kB
SecPageTables:         0 kB
NFS_Unstable:          0 kB
Bounce:                0 kB
WritebackTmp:          0 kB
CommitLimit:     8258920 kB
Committed_AS:   11409556 kB
VmallocTotal:   34359738367 kB
VmallocUsed:       46552 kB
VmallocChunk:          0 kB
Percpu:            13280 kB
HardwareCorrupted:     0 kB
AnonHugePages:    204800 kB
ShmemHugePages:        0 kB
ShmemPmdMapped:        0 kB
FileHugePages:         0 kB
FilePmdMapped:         0 kB
CmaTotal:              0 kB
CmaFree:               0 kB
Unaccepted:            0 kB
Balloon:               0 kB
HugePages_Total:       0
HugePages_Free:        0
HugePages_Rsvd:        0
HugePages_Surp:        0
Hugepagesize:       2048 kB
Hugetlb:               0 kB
DirectMap4k:      194432 kB
DirectMap2M:     6096896 kB
DirectMap1G:     4194304 kB
---SNAPSHOT---
2026-04-27 15:03:00
MemTotal:        8129240 kB
MemFree:         2857544 kB
MemAvailable:    3064668 kB
Buffers:            6164 kB
Cached:           315180 kB
SwapCached:       579656 kB
Active:          3642692 kB
Inactive:        1045408 kB
Active(anon):    3533112 kB
Inactive(anon):   888064 kB
Active(file):     109580 kB
Inactive(file):   157344 kB
Unevictable:          16 kB
Mlocked:              16 kB
SwapTotal:       4194300 kB
SwapFree:        3477128 kB
Zswap:                 0 kB
Zswapped:              0 kB
Dirty:               192 kB
Writeback:           404 kB
AnonPages:       3798572 kB
Mapped:           268388 kB
Shmem:             54448 kB
KReclaimable:      57096 kB
Slab:             284380 kB
SReclaimable:      57096 kB
SUnreclaim:       227284 kB
KernelStack:       18272 kB
PageTables:        51468 kB
SecPageTables:         0 kB
NFS_Unstable:          0 kB
Bounce:                0 kB
WritebackTmp:          0 kB
CommitLimit:     8258920 kB
Committed_AS:   11409584 kB
VmallocTotal:   34359738367 kB
VmallocUsed:       46520 kB
VmallocChunk:          0 kB
Percpu:            13280 kB
HardwareCorrupted:     0 kB
AnonHugePages:    204800 kB
ShmemHugePages:        0 kB
ShmemPmdMapped:        0 kB
FileHugePages:         0 kB
FilePmdMapped:         0 kB
CmaTotal:              0 kB
CmaFree:               0 kB
Unaccepted:            0 kB
Balloon:               0 kB
HugePages_Total:       0
HugePages_Free:        0
HugePages_Rsvd:        0
HugePages_Surp:        0
Hugepagesize:       2048 kB
Hugetlb:               0 kB
DirectMap4k:      194432 kB
DirectMap2M:     6096896 kB
DirectMap1G:     4194304 kB
---SNAPSHOT---
2026-04-27 15:03:01
MemTotal:        8129240 kB
MemFree:         2858436 kB
MemAvailable:    3065564 kB
Buffers:            6164 kB
Cached:           315184 kB
SwapCached:       659984 kB
Active:          3558916 kB
Inactive:        1129276 kB
Active(anon):    3449336 kB
Inactive(anon):   971928 kB
Active(file):     109580 kB
Inactive(file):   157348 kB
Unevictable:          16 kB
Mlocked:              16 kB
SwapTotal:       4194300 kB
SwapFree:        3396516 kB
Zswap:                 0 kB
Zswapped:              0 kB
Dirty:               196 kB
Writeback:           200 kB
AnonPages:       3718480 kB
Mapped:           268388 kB
Shmem:             54448 kB
KReclaimable:      57096 kB
Slab:             284380 kB
SReclaimable:      57096 kB
SUnreclaim:       227284 kB
KernelStack:       18272 kB
PageTables:        51240 kB
SecPageTables:         0 kB
NFS_Unstable:          0 kB
Bounce:                0 kB
WritebackTmp:          0 kB
CommitLimit:     8258920 kB
Committed_AS:   11409448 kB
VmallocTotal:   34359738367 kB
VmallocUsed:       46552 kB
VmallocChunk:          0 kB
Percpu:            13280 kB
HardwareCorrupted:     0 kB
AnonHugePages:    204800 kB
ShmemHugePages:        0 kB
ShmemPmdMapped:        0 kB
FileHugePages:         0 kB
FilePmdMapped:         0 kB
CmaTotal:              0 kB
CmaFree:               0 kB
Unaccepted:            0 kB
Balloon:               0 kB
HugePages_Total:       0
HugePages_Free:        0
HugePages_Rsvd:        0
HugePages_Surp:        0
Hugepagesize:       2048 kB
Hugetlb:               0 kB
DirectMap4k:      194432 kB
DirectMap2M:     6096896 kB
DirectMap1G:     4194304 kB
---SNAPSHOT---
2026-04-27 15:03:02
MemTotal:        8129240 kB
MemFree:         2858180 kB
MemAvailable:    3065312 kB
Buffers:            6172 kB
Cached:           315192 kB
SwapCached:       809748 kB
Active:          3409768 kB
Inactive:        1278620 kB
Active(anon):    3300188 kB
Inactive(anon):  1121268 kB
Active(file):     109580 kB
Inactive(file):   157352 kB
Unevictable:          16 kB
Mlocked:              16 kB
SwapTotal:       4194300 kB
SwapFree:        3246816 kB
Zswap:                 0 kB
Zswapped:              0 kB
Dirty:               204 kB
Writeback:           192 kB
AnonPages:       3568692 kB
Mapped:           268388 kB
Shmem:             54448 kB
KReclaimable:      57096 kB
Slab:             284380 kB
SReclaimable:      57096 kB
SUnreclaim:       227284 kB
KernelStack:       18332 kB
PageTables:        51488 kB
SecPageTables:         0 kB
NFS_Unstable:          0 kB
Bounce:                0 kB
WritebackTmp:          0 kB
CommitLimit:     8258920 kB
Committed_AS:   11409556 kB
VmallocTotal:   34359738367 kB
VmallocUsed:       46536 kB
VmallocChunk:          0 kB
Percpu:            13280 kB
HardwareCorrupted:     0 kB
AnonHugePages:    204800 kB
ShmemHugePages:        0 kB
ShmemPmdMapped:        0 kB
FileHugePages:         0 kB
FilePmdMapped:         0 kB
CmaTotal:              0 kB
CmaFree:               0 kB
Unaccepted:            0 kB
Balloon:               0 kB
HugePages_Total:       0
HugePages_Free:        0
HugePages_Rsvd:        0
HugePages_Surp:        0
Hugepagesize:       2048 kB
Hugetlb:               0 kB
DirectMap4k:      194432 kB
DirectMap2M:     6096896 kB
DirectMap1G:     4194304 kB
---SNAPSHOT---
2026-04-27 15:03:03
MemTotal:        8129240 kB
MemFree:         2859088 kB
MemAvailable:    3066232 kB
Buffers:            6172 kB
Cached:           315196 kB
SwapCached:       882008 kB
Active:          3337736 kB
Inactive:        1350320 kB
Active(anon):    3228156 kB
Inactive(anon):  1192956 kB
Active(file):     109580 kB
Inactive(file):   157364 kB
Unevictable:          16 kB
Mlocked:              16 kB
SwapTotal:       4194300 kB
SwapFree:        3174776 kB
Zswap:                 0 kB
Zswapped:              0 kB
Dirty:               208 kB
Writeback:           212 kB
AnonPages:       3496232 kB
Mapped:           268388 kB
Shmem:             54448 kB
KReclaimable:      57096 kB
Slab:             284380 kB
SReclaimable:      57096 kB
SUnreclaim:       227284 kB
KernelStack:       18332 kB
PageTables:        51472 kB
SecPageTables:         0 kB
NFS_Unstable:          0 kB
Bounce:                0 kB
WritebackTmp:          0 kB
CommitLimit:     8258920 kB
Committed_AS:   11409064 kB
VmallocTotal:   34359738367 kB
VmallocUsed:       46552 kB
VmallocChunk:          0 kB
Percpu:            13280 kB
HardwareCorrupted:     0 kB
AnonHugePages:    204800 kB
ShmemHugePages:        0 kB
ShmemPmdMapped:        0 kB
FileHugePages:         0 kB
FilePmdMapped:         0 kB
CmaTotal:              0 kB
CmaFree:               0 kB
Unaccepted:            0 kB
Balloon:               0 kB
HugePages_Total:       0
HugePages_Free:        0
HugePages_Rsvd:        0
HugePages_Surp:        0
Hugepagesize:       2048 kB
Hugetlb:               0 kB
DirectMap4k:      194432 kB
DirectMap2M:     6096896 kB
DirectMap1G:     4194304 kB
---SNAPSHOT---
2026-04-27 15:03:04
MemTotal:        8129240 kB
MemFree:         2861508 kB
MemAvailable:    3068656 kB
Buffers:            6172 kB
Cached:           315204 kB
SwapCached:       883072 kB
Active:          3335476 kB
Inactive:        1352700 kB
Active(anon):    3225896 kB
Inactive(anon):  1195332 kB
Active(file):     109580 kB
Inactive(file):   157368 kB
Unevictable:          16 kB
Mlocked:              16 kB
SwapTotal:       4194300 kB
SwapFree:        3173712 kB
Zswap:                 0 kB
Zswapped:              0 kB
Dirty:               216 kB
Writeback:           244 kB
AnonPages:       3495164 kB
Mapped:           268388 kB
Shmem:             54448 kB
KReclaimable:      57096 kB
Slab:             284380 kB
SReclaimable:      57096 kB
SUnreclaim:       227284 kB
KernelStack:       18332 kB
PageTables:        51240 kB
SecPageTables:         0 kB
NFS_Unstable:          0 kB
Bounce:                0 kB
WritebackTmp:          0 kB
CommitLimit:     8258920 kB
Committed_AS:   11409176 kB
VmallocTotal:   34359738367 kB
VmallocUsed:       46568 kB
VmallocChunk:          0 kB
Percpu:            13280 kB
HardwareCorrupted:     0 kB
AnonHugePages:    204800 kB
ShmemHugePages:        0 kB
ShmemPmdMapped:        0 kB
FileHugePages:         0 kB
FilePmdMapped:         0 kB
CmaTotal:              0 kB
CmaFree:               0 kB
Unaccepted:            0 kB
Balloon:               0 kB
HugePages_Total:       0
HugePages_Free:        0
HugePages_Rsvd:        0
HugePages_Surp:        0
Hugepagesize:       2048 kB
Hugetlb:               0 kB
DirectMap4k:      194432 kB
DirectMap2M:     6096896 kB
DirectMap1G:     4194304 kB
---SNAPSHOT---
2026-04-27 15:03:05
MemTotal:        8129240 kB
MemFree:         2857288 kB
MemAvailable:    3064448 kB
Buffers:            6172 kB
Cached:           315208 kB
SwapCached:       893380 kB
Active:          3325144 kB
Inactive:        1362780 kB
Active(anon):    3215564 kB
Inactive(anon):  1205400 kB
Active(file):     109580 kB
Inactive(file):   157380 kB
Unevictable:          16 kB
Mlocked:              16 kB
SwapTotal:       4194300 kB
SwapFree:        3163256 kB
Zswap:                 0 kB
Zswapped:              0 kB
Dirty:               220 kB
Writeback:           212 kB
AnonPages:       3484624 kB
Mapped:           268388 kB
Shmem:             54448 kB
KReclaimable:      57096 kB
Slab:             284380 kB
SReclaimable:      57096 kB
SUnreclaim:       227284 kB
KernelStack:       18332 kB
PageTables:        51256 kB
SecPageTables:         0 kB
NFS_Unstable:          0 kB
Bounce:                0 kB
WritebackTmp:          0 kB
CommitLimit:     8258920 kB
Committed_AS:   11409560 kB
VmallocTotal:   34359738367 kB
VmallocUsed:       46584 kB
VmallocChunk:          0 kB
Percpu:            13280 kB
HardwareCorrupted:     0 kB
AnonHugePages:    204800 kB
ShmemHugePages:        0 kB
ShmemPmdMapped:        0 kB
FileHugePages:         0 kB
FilePmdMapped:         0 kB
CmaTotal:              0 kB
CmaFree:               0 kB
Unaccepted:            0 kB
Balloon:               0 kB
HugePages_Total:       0
HugePages_Free:        0
HugePages_Rsvd:        0
HugePages_Surp:        0
Hugepagesize:       2048 kB
Hugetlb:               0 kB
DirectMap4k:      194432 kB
DirectMap2M:     6096896 kB
DirectMap1G:     4194304 kB
---SNAPSHOT---
2026-04-27 15:03:06
MemTotal:        8129240 kB
MemFree:         2859116 kB
MemAvailable:    3066280 kB
Buffers:            6172 kB
Cached:           315212 kB
SwapCached:       900752 kB
Active:          3319368 kB
Inactive:        1369196 kB
Active(anon):    3209788 kB
Inactive(anon):  1211812 kB
Active(file):     109580 kB
Inactive(file):   157384 kB
Unevictable:          16 kB
Mlocked:              16 kB
SwapTotal:       4194300 kB
SwapFree:        3156032 kB
Zswap:                 0 kB
Zswapped:              0 kB
Dirty:               224 kB
Writeback:           212 kB
AnonPages:       3478028 kB
Mapped:           268388 kB
Shmem:             54448 kB
KReclaimable:      57096 kB
Slab:             284380 kB
SReclaimable:      57096 kB
SUnreclaim:       227284 kB
KernelStack:       18332 kB
PageTables:        51496 kB
SecPageTables:         0 kB
NFS_Unstable:          0 kB
Bounce:                0 kB
WritebackTmp:          0 kB
CommitLimit:     8258920 kB
Committed_AS:   11409448 kB
VmallocTotal:   34359738367 kB
VmallocUsed:       46584 kB
VmallocChunk:          0 kB
Percpu:            13280 kB
HardwareCorrupted:     0 kB
AnonHugePages:    204800 kB
ShmemHugePages:        0 kB
ShmemPmdMapped:        0 kB
FileHugePages:         0 kB
FilePmdMapped:         0 kB
CmaTotal:              0 kB
CmaFree:               0 kB
Unaccepted:            0 kB
Balloon:               0 kB
HugePages_Total:       0
HugePages_Free:        0
HugePages_Rsvd:        0
HugePages_Surp:        0
Hugepagesize:       2048 kB
Hugetlb:               0 kB
DirectMap4k:      194432 kB
DirectMap2M:     6096896 kB
DirectMap1G:     4194304 kB
---SNAPSHOT---
2026-04-27 15:03:07
MemTotal:        8129240 kB
MemFree:         2861132 kB
MemAvailable:    3068312 kB
Buffers:            6180 kB
Cached:           315220 kB
SwapCached:       909324 kB
Active:          3310924 kB
Inactive:        1377340 kB
Active(anon):    3201344 kB
Inactive(anon):  1219940 kB
Active(file):     109580 kB
Inactive(file):   157400 kB
Unevictable:          16 kB
Mlocked:              16 kB
SwapTotal:       4194300 kB
SwapFree:        3147324 kB
Zswap:                 0 kB
Zswapped:              0 kB
Dirty:               232 kB
Writeback:           264 kB
AnonPages:       3468900 kB
Mapped:           268388 kB
Shmem:             54448 kB
KReclaimable:      57096 kB
Slab:             284380 kB
SReclaimable:      57096 kB
SUnreclaim:       227284 kB
KernelStack:       18256 kB
PageTables:        51428 kB
SecPageTables:         0 kB
NFS_Unstable:          0 kB
Bounce:                0 kB
WritebackTmp:          0 kB
CommitLimit:     8258920 kB
Committed_AS:   11409316 kB
VmallocTotal:   34359738367 kB
VmallocUsed:       46536 kB
VmallocChunk:          0 kB
Percpu:            13280 kB
HardwareCorrupted:     0 kB
AnonHugePages:    204800 kB
ShmemHugePages:        0 kB
ShmemPmdMapped:        0 kB
FileHugePages:         0 kB
FilePmdMapped:         0 kB
CmaTotal:              0 kB
CmaFree:               0 kB
Unaccepted:            0 kB
Balloon:               0 kB
HugePages_Total:       0
HugePages_Free:        0
HugePages_Rsvd:        0
HugePages_Surp:        0
Hugepagesize:       2048 kB
Hugetlb:               0 kB
DirectMap4k:      194432 kB
DirectMap2M:     6096896 kB
DirectMap1G:     4194304 kB
---SNAPSHOT---
2026-04-27 15:03:08
MemTotal:        8129240 kB
MemFree:         2863124 kB
MemAvailable:    3070308 kB
Buffers:            6180 kB
Cached:           315224 kB
SwapCached:       913184 kB
Active:          3306660 kB
Inactive:        1381572 kB
Active(anon):    3197080 kB
Inactive(anon):  1224168 kB
Active(file):     109580 kB
Inactive(file):   157404 kB
Unevictable:          16 kB
Mlocked:              16 kB
SwapTotal:       4194300 kB
SwapFree:        3143600 kB
Zswap:                 0 kB
Zswapped:              0 kB
Dirty:               188 kB
Writeback:           204 kB
AnonPages:       3465096 kB
Mapped:           268388 kB
Shmem:             54448 kB
KReclaimable:      57096 kB
Slab:             284380 kB
SReclaimable:      57096 kB
SUnreclaim:       227284 kB
KernelStack:       18272 kB
PageTables:        51472 kB
SecPageTables:         0 kB
NFS_Unstable:          0 kB
Bounce:                0 kB
WritebackTmp:          0 kB
CommitLimit:     8258920 kB
Committed_AS:   11408840 kB
VmallocTotal:   34359738367 kB
VmallocUsed:       46568 kB
VmallocChunk:          0 kB
Percpu:            13280 kB
HardwareCorrupted:     0 kB
AnonHugePages:    204800 kB
ShmemHugePages:        0 kB
ShmemPmdMapped:        0 kB
FileHugePages:         0 kB
FilePmdMapped:         0 kB
CmaTotal:              0 kB
CmaFree:               0 kB
Unaccepted:            0 kB
Balloon:               0 kB
HugePages_Total:       0
HugePages_Free:        0
HugePages_Rsvd:        0
HugePages_Surp:        0
Hugepagesize:       2048 kB
Hugetlb:               0 kB
DirectMap4k:      194432 kB
DirectMap2M:     6096896 kB
DirectMap1G:     4194304 kB
---SNAPSHOT---
2026-04-27 15:03:09
MemTotal:        8129240 kB
MemFree:         2864416 kB
MemAvailable:    3071608 kB
Buffers:            6180 kB
Cached:           315240 kB
SwapCached:       917284 kB
Active:          3302628 kB
Inactive:        1385708 kB
Active(anon):    3193048 kB
Inactive(anon):  1228296 kB
Active(file):     109580 kB
Inactive(file):   157412 kB
Unevictable:          16 kB
Mlocked:              16 kB
SwapTotal:       4194300 kB
SwapFree:        3139500 kB
Zswap:                 0 kB
Zswapped:              0 kB
Dirty:                 4 kB
Writeback:           216 kB
AnonPages:       3460996 kB
Mapped:           268388 kB
Shmem:             54448 kB
KReclaimable:      57096 kB
Slab:             284380 kB
SReclaimable:      57096 kB
SUnreclaim:       227284 kB
KernelStack:       18272 kB
PageTables:        51240 kB
SecPageTables:         0 kB
NFS_Unstable:          0 kB
Bounce:                0 kB
WritebackTmp:          0 kB
CommitLimit:     8258920 kB
Committed_AS:   11409560 kB
VmallocTotal:   34359738367 kB
VmallocUsed:       46568 kB
VmallocChunk:          0 kB
Percpu:            13280 kB
HardwareCorrupted:     0 kB
AnonHugePages:    204800 kB
ShmemHugePages:        0 kB
ShmemPmdMapped:        0 kB
FileHugePages:         0 kB
FilePmdMapped:         0 kB
CmaTotal:              0 kB
CmaFree:               0 kB
Unaccepted:            0 kB
Balloon:               0 kB
HugePages_Total:       0
HugePages_Free:        0
HugePages_Rsvd:        0
HugePages_Surp:        0
Hugepagesize:       2048 kB
Hugetlb:               0 kB
DirectMap4k:      194432 kB
DirectMap2M:     6096896 kB
DirectMap1G:     4194304 kB
---SNAPSHOT---
2026-04-27 15:03:10
MemTotal:        8129240 kB
MemFree:         2865392 kB
MemAvailable:    3072592 kB
Buffers:            6180 kB
Cached:           315244 kB
SwapCached:       921096 kB
Active:          3300732 kB
Inactive:        1387808 kB
Active(anon):    3191152 kB
Inactive(anon):  1230388 kB
Active(file):     109580 kB
Inactive(file):   157420 kB
Unevictable:          16 kB
Mlocked:              16 kB
SwapTotal:       4194300 kB
SwapFree:        3135492 kB
Zswap:                 0 kB
Zswapped:              0 kB
Dirty:                20 kB
Writeback:           216 kB
AnonPages:       3457228 kB
Mapped:           268388 kB
Shmem:             54448 kB
KReclaimable:      57096 kB
Slab:             284380 kB
SReclaimable:      57096 kB
SUnreclaim:       227284 kB
KernelStack:       18332 kB
PageTables:        51504 kB
SecPageTables:         0 kB
NFS_Unstable:          0 kB
Bounce:                0 kB
WritebackTmp:          0 kB
CommitLimit:     8258920 kB
Committed_AS:   11409328 kB
VmallocTotal:   34359738367 kB
VmallocUsed:       46584 kB
VmallocChunk:          0 kB
Percpu:            13280 kB
HardwareCorrupted:     0 kB
AnonHugePages:    204800 kB
ShmemHugePages:        0 kB
ShmemPmdMapped:        0 kB
FileHugePages:         0 kB
FilePmdMapped:         0 kB
CmaTotal:              0 kB
CmaFree:               0 kB
Unaccepted:            0 kB
Balloon:               0 kB
HugePages_Total:       0
HugePages_Free:        0
HugePages_Rsvd:        0
HugePages_Surp:        0
Hugepagesize:       2048 kB
Hugetlb:               0 kB
DirectMap4k:      194432 kB
DirectMap2M:     6096896 kB
DirectMap1G:     4194304 kB
---SNAPSHOT---
2026-04-27 15:03:11
MemTotal:        8129240 kB
MemFree:         2866176 kB
MemAvailable:    3073384 kB
Buffers:            6180 kB
Cached:           315248 kB
SwapCached:       927020 kB
Active:          3294516 kB
Inactive:        1393940 kB
Active(anon):    3184936 kB
Inactive(anon):  1236512 kB
Active(file):     109580 kB
Inactive(file):   157428 kB
Unevictable:          16 kB
Mlocked:              16 kB
SwapTotal:       4194300 kB
SwapFree:        3129608 kB
Zswap:                 0 kB
Zswapped:              0 kB
Dirty:                24 kB
Writeback:           560 kB
AnonPages:       3451260 kB
Mapped:           268388 kB
Shmem:             54448 kB
KReclaimable:      57096 kB
Slab:             284380 kB
SReclaimable:      57096 kB
SUnreclaim:       227284 kB
KernelStack:       18332 kB
PageTables:        51236 kB
SecPageTables:         0 kB
NFS_Unstable:          0 kB
Bounce:                0 kB
WritebackTmp:          0 kB
CommitLimit:     8258920 kB
Committed_AS:   11409088 kB
VmallocTotal:   34359738367 kB
VmallocUsed:       46584 kB
VmallocChunk:          0 kB
Percpu:            13280 kB
HardwareCorrupted:     0 kB
AnonHugePages:    204800 kB
ShmemHugePages:        0 kB
ShmemPmdMapped:        0 kB
FileHugePages:         0 kB
FilePmdMapped:         0 kB
CmaTotal:              0 kB
CmaFree:               0 kB
Unaccepted:            0 kB
Balloon:               0 kB
HugePages_Total:       0
HugePages_Free:        0
HugePages_Rsvd:        0
HugePages_Surp:        0
Hugepagesize:       2048 kB
Hugetlb:               0 kB
DirectMap4k:      194432 kB
DirectMap2M:     6096896 kB
DirectMap1G:     4194304 kB
---SNAPSHOT---
2026-04-27 15:03:12
MemTotal:        8129240 kB
MemFree:         2867192 kB
MemAvailable:    3074416 kB
Buffers:            6188 kB
Cached:           315256 kB
SwapCached:       929364 kB
Active:          3288088 kB
Inactive:        1399944 kB
Active(anon):    3178508 kB
Inactive(anon):  1242500 kB
Active(file):     109580 kB
Inactive(file):   157444 kB
Unevictable:          16 kB
Mlocked:              16 kB
SwapTotal:       4194300 kB
SwapFree:        3127420 kB
Zswap:                 0 kB
Zswapped:              0 kB
Dirty:                52 kB
Writeback:           208 kB
AnonPages:       3448800 kB
Mapped:           268388 kB
Shmem:             54448 kB
KReclaimable:      57096 kB
Slab:             284380 kB
SReclaimable:      57096 kB
SUnreclaim:       227284 kB
KernelStack:       18256 kB
PageTables:        51180 kB
SecPageTables:         0 kB
NFS_Unstable:          0 kB
Bounce:                0 kB
WritebackTmp:          0 kB
CommitLimit:     8258920 kB
Committed_AS:   11409068 kB
VmallocTotal:   34359738367 kB
VmallocUsed:       46568 kB
VmallocChunk:          0 kB
Percpu:            13280 kB
HardwareCorrupted:     0 kB
AnonHugePages:    204800 kB
ShmemHugePages:        0 kB
ShmemPmdMapped:        0 kB
FileHugePages:         0 kB
FilePmdMapped:         0 kB
CmaTotal:              0 kB
CmaFree:               0 kB
Unaccepted:            0 kB
Balloon:               0 kB
HugePages_Total:       0
HugePages_Free:        0
HugePages_Rsvd:        0
HugePages_Surp:        0
Hugepagesize:       2048 kB
Hugetlb:               0 kB
DirectMap4k:      194432 kB
DirectMap2M:     6096896 kB
DirectMap1G:     4194304 kB
---SNAPSHOT---
2026-04-27 15:03:13
MemTotal:        8129240 kB
MemFree:         2868432 kB
MemAvailable:    3075660 kB
Buffers:            6188 kB
Cached:           315260 kB
SwapCached:       930568 kB
Active:          3288280 kB
Inactive:        1400236 kB
Active(anon):    3178700 kB
Inactive(anon):  1242788 kB
Active(file):     109580 kB
Inactive(file):   157448 kB
Unevictable:          16 kB
Mlocked:              16 kB
SwapTotal:       4194300 kB
SwapFree:        3126216 kB
Zswap:                 0 kB
Zswapped:              0 kB
Dirty:                56 kB
Writeback:           212 kB
AnonPages:       3447944 kB
Mapped:           268388 kB
Shmem:             54448 kB
KReclaimable:      57096 kB
Slab:             284380 kB
SReclaimable:      57096 kB
SUnreclaim:       227284 kB
KernelStack:       18332 kB
PageTables:        51244 kB
SecPageTables:         0 kB
NFS_Unstable:          0 kB
Bounce:                0 kB
WritebackTmp:          0 kB
CommitLimit:     8258920 kB
Committed_AS:   11409220 kB
VmallocTotal:   34359738367 kB
VmallocUsed:       46568 kB
VmallocChunk:          0 kB
Percpu:            13280 kB
HardwareCorrupted:     0 kB
AnonHugePages:    204800 kB
ShmemHugePages:        0 kB
ShmemPmdMapped:        0 kB
FileHugePages:         0 kB
FilePmdMapped:         0 kB
CmaTotal:              0 kB
CmaFree:               0 kB
Unaccepted:            0 kB
Balloon:               0 kB
HugePages_Total:       0
HugePages_Free:        0
HugePages_Rsvd:        0
HugePages_Surp:        0
Hugepagesize:       2048 kB
Hugetlb:               0 kB
DirectMap4k:      194432 kB
DirectMap2M:     6096896 kB
DirectMap1G:     4194304 kB
---SNAPSHOT---
2026-04-27 15:03:14
MemTotal:        8129240 kB
MemFree:         2869468 kB
MemAvailable:    3076704 kB
Buffers:            6188 kB
Cached:           315272 kB
SwapCached:       931896 kB
Active:          3285976 kB
Inactive:        1402188 kB
Active(anon):    3176396 kB
Inactive(anon):  1244732 kB
Active(file):     109580 kB
Inactive(file):   157456 kB
Unevictable:          16 kB
Mlocked:              16 kB
SwapTotal:       4194300 kB
SwapFree:        3124888 kB
Zswap:                 0 kB
Zswapped:              0 kB
Dirty:                68 kB
Writeback:           216 kB
AnonPages:       3446048 kB
Mapped:           268388 kB
Shmem:             54448 kB
KReclaimable:      57096 kB
Slab:             284380 kB
SReclaimable:      57096 kB
SUnreclaim:       227284 kB
KernelStack:       18256 kB
PageTables:        51176 kB
SecPageTables:         0 kB
NFS_Unstable:          0 kB
Bounce:                0 kB
WritebackTmp:          0 kB
CommitLimit:     8258920 kB
