---SNAPSHOT---
2026-04-27 15:07:00
MemTotal:        8129240 kB
MemFree:         5370932 kB
MemAvailable:    5096440 kB
Buffers:            4548 kB
Cached:           284524 kB
SwapCached:       121608 kB
Active:          1514080 kB
Inactive:         587892 kB
Active(anon):    1417388 kB
Inactive(anon):   433428 kB
Active(file):      96692 kB
Inactive(file):   154464 kB
Unevictable:           0 kB
Mlocked:               0 kB
SwapTotal:       4194300 kB
SwapFree:        3935176 kB
Zswap:                 0 kB
Zswapped:              0 kB
Dirty:               284 kB
Writeback:             0 kB
AnonPages:       1695012 kB
Mapped:           247576 kB
Shmem:             37300 kB
KReclaimable:      54944 kB
Slab:             282240 kB
SReclaimable:      54944 kB
SUnreclaim:       227296 kB
KernelStack:       18136 kB
PageTables:        45352 kB
SecPageTables:         0 kB
NFS_Unstable:          0 kB
Bounce:                0 kB
WritebackTmp:          0 kB
CommitLimit:     8258920 kB
Committed_AS:    8752048 kB
VmallocTotal:   34359738367 kB
VmallocUsed:       46376 kB
VmallocChunk:          0 kB
Percpu:            13280 kB
HardwareCorrupted:     0 kB
AnonHugePages:    212992 kB
ShmemHugePages:        0 kB
ShmemPmdMapped:        0 kB
FileHugePages:         0 kB
FilePmdMapped:         0 kB
CmaTotal:              0 kB
CmaFree:               0 kB
Unaccepted:            0 kB
Balloon:               0 kB
HugePages_Total:       0
HugePages_Free:        0
HugePages_Rsvd:        0
HugePages_Surp:        0
Hugepagesize:       2048 kB
Hugetlb:               0 kB
DirectMap4k:      194432 kB
DirectMap2M:     6096896 kB
DirectMap1G:     4194304 kB
---SNAPSHOT---
2026-04-27 15:07:01
MemTotal:        8129240 kB
MemFree:         5375964 kB
MemAvailable:    5101944 kB
Buffers:            4560 kB
Cached:           284792 kB
SwapCached:       121608 kB
Active:          1514720 kB
Inactive:         588556 kB
Active(anon):    1417748 kB
Inactive(anon):   433428 kB
Active(file):      96972 kB
Inactive(file):   155128 kB
Unevictable:           0 kB
Mlocked:               0 kB
SwapTotal:       4194300 kB
SwapFree:        3935176 kB
Zswap:                 0 kB
Zswapped:              0 kB
Dirty:               308 kB
Writeback:             0 kB
AnonPages:       1695520 kB
Mapped:           247604 kB
Shmem:             37300 kB
KReclaimable:      54944 kB
Slab:             282240 kB
SReclaimable:      54944 kB
SUnreclaim:       227296 kB
KernelStack:       18144 kB
PageTables:        45316 kB
SecPageTables:         0 kB
NFS_Unstable:          0 kB
Bounce:                0 kB
WritebackTmp:          0 kB
CommitLimit:     8258920 kB
Committed_AS:    8752272 kB
VmallocTotal:   34359738367 kB
VmallocUsed:       46408 kB
VmallocChunk:          0 kB
Percpu:            13280 kB
HardwareCorrupted:     0 kB
AnonHugePages:    212992 kB
ShmemHugePages:        0 kB
ShmemPmdMapped:        0 kB
FileHugePages:         0 kB
FilePmdMapped:         0 kB
CmaTotal:              0 kB
CmaFree:               0 kB
Unaccepted:            0 kB
Balloon:               0 kB
HugePages_Total:       0
HugePages_Free:        0
HugePages_Rsvd:        0
HugePages_Surp:        0
Hugepagesize:       2048 kB
Hugetlb:               0 kB
DirectMap4k:      194432 kB
DirectMap2M:     6096896 kB
DirectMap1G:     4194304 kB
---SNAPSHOT---
2026-04-27 15:07:02
MemTotal:        8129240 kB
MemFree:         5374012 kB
MemAvailable:    5100504 kB
Buffers:            4852 kB
Cached:           284944 kB
SwapCached:       121608 kB
Active:          1515380 kB
Inactive:         588808 kB
Active(anon):    1418272 kB
Inactive(anon):   433428 kB
Active(file):      97108 kB
Inactive(file):   155380 kB
Unevictable:           0 kB
Mlocked:               0 kB
SwapTotal:       4194300 kB
SwapFree:        3935176 kB
Zswap:                 0 kB
Zswapped:              0 kB
Dirty:               312 kB
Writeback:             0 kB
AnonPages:       1696016 kB
Mapped:           247836 kB
Shmem:             37300 kB
KReclaimable:      55584 kB
Slab:             282880 kB
SReclaimable:      55584 kB
SUnreclaim:       227296 kB
KernelStack:       18192 kB
PageTables:        45512 kB
SecPageTables:         0 kB
NFS_Unstable:          0 kB
Bounce:                0 kB
WritebackTmp:          0 kB
CommitLimit:     8258920 kB
Committed_AS:    8753196 kB
VmallocTotal:   34359738367 kB
VmallocUsed:       46440 kB
VmallocChunk:          0 kB
Percpu:            13280 kB
HardwareCorrupted:     0 kB
AnonHugePages:    212992 kB
ShmemHugePages:        0 kB
ShmemPmdMapped:        0 kB
FileHugePages:         0 kB
FilePmdMapped:         0 kB
CmaTotal:              0 kB
CmaFree:               0 kB
Unaccepted:            0 kB
Balloon:               0 kB
HugePages_Total:       0
HugePages_Free:        0
HugePages_Rsvd:        0
HugePages_Surp:        0
Hugepagesize:       2048 kB
Hugetlb:               0 kB
DirectMap4k:      194432 kB
DirectMap2M:     6096896 kB
DirectMap1G:     4194304 kB
---SNAPSHOT---
2026-04-27 15:07:03
MemTotal:        8129240 kB
MemFree:         5375324 kB
MemAvailable:    5102264 kB
Buffers:            5124 kB
Cached:           285756 kB
SwapCached:       121608 kB
Active:          1515968 kB
Inactive:         589016 kB
Active(anon):    1418176 kB
Inactive(anon):   433428 kB
Active(file):      97792 kB
Inactive(file):   155588 kB
Unevictable:           0 kB
Mlocked:               0 kB
SwapTotal:       4194300 kB
SwapFree:        3935176 kB
Zswap:                 0 kB
Zswapped:              0 kB
Dirty:               364 kB
Writeback:             0 kB
AnonPages:       1695936 kB
Mapped:           247604 kB
Shmem:             37300 kB
KReclaimable:      55584 kB
Slab:             282880 kB
SReclaimable:      55584 kB
SUnreclaim:       227296 kB
KernelStack:       18188 kB
PageTables:        45524 kB
SecPageTables:         0 kB
NFS_Unstable:          0 kB
Bounce:                0 kB
WritebackTmp:          0 kB
CommitLimit:     8258920 kB
Committed_AS:    8759844 kB
VmallocTotal:   34359738367 kB
VmallocUsed:       46456 kB
VmallocChunk:          0 kB
Percpu:            13280 kB
HardwareCorrupted:     0 kB
AnonHugePages:    212992 kB
ShmemHugePages:        0 kB
ShmemPmdMapped:        0 kB
FileHugePages:         0 kB
FilePmdMapped:         0 kB
CmaTotal:              0 kB
CmaFree:               0 kB
Unaccepted:            0 kB
Balloon:               0 kB
HugePages_Total:       0
HugePages_Free:        0
HugePages_Rsvd:        0
HugePages_Surp:        0
Hugepagesize:       2048 kB
Hugetlb:               0 kB
DirectMap4k:      194432 kB
DirectMap2M:     6096896 kB
DirectMap1G:     4194304 kB
---SNAPSHOT---
2026-04-27 15:07:04
MemTotal:        8129240 kB
MemFree:         4496588 kB
MemAvailable:    4229344 kB
Buffers:            5396 kB
Cached:           314032 kB
SwapCached:       121608 kB
Active:          2387696 kB
Inactive:         589640 kB
Active(anon):    2278896 kB
Inactive(anon):   433428 kB
Active(file):     108800 kB
Inactive(file):   156212 kB
Unevictable:          16 kB
Mlocked:              16 kB
SwapTotal:       4194300 kB
SwapFree:        3935176 kB
Zswap:                 0 kB
Zswapped:              0 kB
Dirty:               452 kB
Writeback:             0 kB
AnonPages:       2539600 kB
Mapped:           268416 kB
Shmem:             54448 kB
KReclaimable:      55584 kB
Slab:             282920 kB
SReclaimable:      55584 kB
SUnreclaim:       227336 kB
KernelStack:       18304 kB
PageTables:        48600 kB
SecPageTables:         0 kB
NFS_Unstable:          0 kB
Bounce:                0 kB
WritebackTmp:          0 kB
CommitLimit:     8258920 kB
Committed_AS:   11409548 kB
VmallocTotal:   34359738367 kB
VmallocUsed:       46504 kB
VmallocChunk:          0 kB
Percpu:            13280 kB
HardwareCorrupted:     0 kB
AnonHugePages:   1048576 kB
ShmemHugePages:        0 kB
ShmemPmdMapped:        0 kB
FileHugePages:         0 kB
FilePmdMapped:         0 kB
CmaTotal:              0 kB
CmaFree:               0 kB
Unaccepted:            0 kB
Balloon:               0 kB
HugePages_Total:       0
HugePages_Free:        0
HugePages_Rsvd:        0
HugePages_Surp:        0
Hugepagesize:       2048 kB
Hugetlb:               0 kB
DirectMap4k:      194432 kB
DirectMap2M:     6096896 kB
DirectMap1G:     4194304 kB
---SNAPSHOT---
2026-04-27 15:07:05
MemTotal:        8129240 kB
MemFree:         3540064 kB
MemAvailable:    3272824 kB
Buffers:            5396 kB
Cached:           314040 kB
SwapCached:       121608 kB
Active:          3348356 kB
Inactive:         589648 kB
Active(anon):    3239556 kB
Inactive(anon):   433428 kB
Active(file):     108800 kB
Inactive(file):   156220 kB
Unevictable:          16 kB
Mlocked:              16 kB
SwapTotal:       4194300 kB
SwapFree:        3935176 kB
Zswap:                 0 kB
Zswapped:              0 kB
Dirty:               460 kB
Writeback:             0 kB
AnonPages:       3500176 kB
Mapped:           268416 kB
Shmem:             54448 kB
KReclaimable:      55584 kB
Slab:             282920 kB
SReclaimable:      55584 kB
SUnreclaim:       227336 kB
KernelStack:       18304 kB
PageTables:        49920 kB
SecPageTables:         0 kB
NFS_Unstable:          0 kB
Bounce:                0 kB
WritebackTmp:          0 kB
CommitLimit:     8258920 kB
Committed_AS:   11409368 kB
VmallocTotal:   34359738367 kB
VmallocUsed:       46520 kB
VmallocChunk:          0 kB
Percpu:            13280 kB
HardwareCorrupted:     0 kB
AnonHugePages:   2009088 kB
ShmemHugePages:        0 kB
ShmemPmdMapped:        0 kB
FileHugePages:         0 kB
FilePmdMapped:         0 kB
CmaTotal:              0 kB
CmaFree:               0 kB
Unaccepted:            0 kB
Balloon:               0 kB
HugePages_Total:       0
HugePages_Free:        0
HugePages_Rsvd:        0
HugePages_Surp:        0
Hugepagesize:       2048 kB
Hugetlb:               0 kB
DirectMap4k:      194432 kB
DirectMap2M:     6096896 kB
DirectMap1G:     4194304 kB
---SNAPSHOT---
2026-04-27 15:07:06
MemTotal:        8129240 kB
MemFree:         5064468 kB
MemAvailable:    4798000 kB
Buffers:            5396 kB
Cached:           314048 kB
SwapCached:       121608 kB
Active:          1703904 kB
Inactive:         589656 kB
Active(anon):    1595104 kB
Inactive(anon):   433428 kB
Active(file):     108800 kB
Inactive(file):   156228 kB
Unevictable:          16 kB
Mlocked:              16 kB
SwapTotal:       4194300 kB
SwapFree:        3935176 kB
Zswap:                 0 kB
Zswapped:              0 kB
Dirty:               464 kB
Writeback:             0 kB
AnonPages:       1855720 kB
Mapped:           268416 kB
Shmem:             54448 kB
KReclaimable:      57120 kB
Slab:             284456 kB
SReclaimable:      57120 kB
SUnreclaim:       227336 kB
KernelStack:       18364 kB
PageTables:        46760 kB
SecPageTables:         0 kB
NFS_Unstable:          0 kB
Bounce:                0 kB
WritebackTmp:          0 kB
CommitLimit:     8258920 kB
Committed_AS:   11409440 kB
VmallocTotal:   34359738367 kB
VmallocUsed:       46552 kB
VmallocChunk:          0 kB
Percpu:            13280 kB
HardwareCorrupted:     0 kB
AnonHugePages:    364544 kB
ShmemHugePages:        0 kB
ShmemPmdMapped:        0 kB
FileHugePages:         0 kB
FilePmdMapped:         0 kB
CmaTotal:              0 kB
CmaFree:               0 kB
Unaccepted:            0 kB
Balloon:               0 kB
HugePages_Total:       0
HugePages_Free:        0
HugePages_Rsvd:        0
HugePages_Surp:        0
Hugepagesize:       2048 kB
Hugetlb:               0 kB
DirectMap4k:      194432 kB
DirectMap2M:     6096896 kB
DirectMap1G:     4194304 kB
---SNAPSHOT---
2026-04-27 15:07:07
MemTotal:        8129240 kB
MemFree:         4217096 kB
MemAvailable:    3950644 kB
Buffers:            5404 kB
Cached:           314044 kB
SwapCached:       121608 kB
Active:          2665052 kB
Inactive:         589660 kB
Active(anon):    2556252 kB
Inactive(anon):   433428 kB
Active(file):     108800 kB
Inactive(file):   156232 kB
Unevictable:          16 kB
Mlocked:              16 kB
SwapTotal:       4194300 kB
SwapFree:        3935176 kB
Zswap:                 0 kB
Zswapped:              0 kB
Dirty:               468 kB
Writeback:             0 kB
AnonPages:       2816636 kB
Mapped:           268664 kB
Shmem:             54448 kB
KReclaimable:      57152 kB
Slab:             284488 kB
SReclaimable:      57152 kB
SUnreclaim:       227336 kB
KernelStack:       18336 kB
PageTables:        48488 kB
SecPageTables:         0 kB
NFS_Unstable:          0 kB
Bounce:                0 kB
WritebackTmp:          0 kB
CommitLimit:     8258920 kB
Committed_AS:   11410624 kB
VmallocTotal:   34359738367 kB
VmallocUsed:       46552 kB
VmallocChunk:          0 kB
Percpu:            13280 kB
HardwareCorrupted:     0 kB
AnonHugePages:   1325056 kB
ShmemHugePages:        0 kB
ShmemPmdMapped:        0 kB
FileHugePages:         0 kB
FilePmdMapped:         0 kB
CmaTotal:              0 kB
CmaFree:               0 kB
Unaccepted:            0 kB
Balloon:               0 kB
HugePages_Total:       0
HugePages_Free:        0
HugePages_Rsvd:        0
HugePages_Surp:        0
Hugepagesize:       2048 kB
Hugetlb:               0 kB
DirectMap4k:      194432 kB
DirectMap2M:     6096896 kB
DirectMap1G:     4194304 kB
---SNAPSHOT---
2026-04-27 15:07:08
MemTotal:        8129240 kB
MemFree:         3199028 kB
MemAvailable:    2932584 kB
Buffers:            5404 kB
Cached:           314060 kB
SwapCached:       121608 kB
Active:          3678412 kB
Inactive:         589676 kB
Active(anon):    3569612 kB
Inactive(anon):   433428 kB
Active(file):     108800 kB
Inactive(file):   156248 kB
Unevictable:          16 kB
Mlocked:              16 kB
SwapTotal:       4194300 kB
SwapFree:        3935176 kB
Zswap:                 0 kB
Zswapped:              0 kB
Dirty:               476 kB
Writeback:             0 kB
AnonPages:       3829992 kB
Mapped:           268416 kB
Shmem:             54448 kB
KReclaimable:      57152 kB
Slab:             284488 kB
SReclaimable:      57152 kB
SUnreclaim:       227336 kB
KernelStack:       18364 kB
PageTables:        49964 kB
SecPageTables:         0 kB
NFS_Unstable:          0 kB
Bounce:                0 kB
WritebackTmp:          0 kB
CommitLimit:     8258920 kB
Committed_AS:   11409328 kB
VmallocTotal:   34359738367 kB
VmallocUsed:       46568 kB
VmallocChunk:          0 kB
Percpu:            13280 kB
HardwareCorrupted:     0 kB
AnonHugePages:   2338816 kB
ShmemHugePages:        0 kB
ShmemPmdMapped:        0 kB
FileHugePages:         0 kB
FilePmdMapped:         0 kB
CmaTotal:              0 kB
CmaFree:               0 kB
Unaccepted:            0 kB
Balloon:               0 kB
HugePages_Total:       0
HugePages_Free:        0
HugePages_Rsvd:        0
HugePages_Surp:        0
Hugepagesize:       2048 kB
Hugetlb:               0 kB
DirectMap4k:      194432 kB
DirectMap2M:     6096896 kB
DirectMap1G:     4194304 kB
---SNAPSHOT---
2026-04-27 15:07:09
MemTotal:        8129240 kB
MemFree:         4196660 kB
MemAvailable:    3930220 kB
Buffers:            5404 kB
Cached:           314064 kB
SwapCached:       300812 kB
Active:          2470428 kB
Inactive:         744272 kB
Active(anon):    2361628 kB
Inactive(anon):   588020 kB
Active(file):     108800 kB
Inactive(file):   156252 kB
Unevictable:          16 kB
Mlocked:              16 kB
SwapTotal:       4194300 kB
SwapFree:        3755972 kB
Zswap:                 0 kB
Zswapped:              0 kB
Dirty:               480 kB
Writeback:         24580 kB
AnonPages:       2599480 kB
Mapped:           268416 kB
Shmem:             54448 kB
KReclaimable:      57152 kB
Slab:             285960 kB
SReclaimable:      57152 kB
SUnreclaim:       228808 kB
KernelStack:       18320 kB
PageTables:        48448 kB
SecPageTables:         0 kB
NFS_Unstable:          0 kB
Bounce:                0 kB
WritebackTmp:          0 kB
CommitLimit:     8258920 kB
Committed_AS:   11409572 kB
VmallocTotal:   34359738367 kB
VmallocUsed:       46536 kB
VmallocChunk:          0 kB
Percpu:            13280 kB
HardwareCorrupted:     0 kB
AnonHugePages:   1107968 kB
ShmemHugePages:        0 kB
ShmemPmdMapped:        0 kB
FileHugePages:         0 kB
FilePmdMapped:         0 kB
CmaTotal:              0 kB
CmaFree:               0 kB
Unaccepted:            0 kB
Balloon:               0 kB
HugePages_Total:       0
HugePages_Free:        0
HugePages_Rsvd:        0
HugePages_Surp:        0
Hugepagesize:       2048 kB
Hugetlb:               0 kB
DirectMap4k:      194432 kB
DirectMap2M:     6096896 kB
DirectMap1G:     4194304 kB
---SNAPSHOT---
2026-04-27 15:07:10
MemTotal:        8129240 kB
MemFree:         3465952 kB
MemAvailable:    3199516 kB
Buffers:            5404 kB
Cached:           314072 kB
SwapCached:       405772 kB
Active:          3156028 kB
Inactive:         855192 kB
Active(anon):    3047228 kB
Inactive(anon):   698932 kB
Active(file):     108800 kB
Inactive(file):   156260 kB
Unevictable:          16 kB
Mlocked:              16 kB
SwapTotal:       4194300 kB
SwapFree:        3651012 kB
Zswap:                 0 kB
Zswapped:              0 kB
Dirty:               488 kB
Writeback:         18540 kB
AnonPages:       3291424 kB
Mapped:           268416 kB
Shmem:             54448 kB
KReclaimable:      57152 kB
Slab:             285704 kB
SReclaimable:      57152 kB
SUnreclaim:       228552 kB
KernelStack:       18380 kB
PageTables:        49360 kB
SecPageTables:         0 kB
NFS_Unstable:          0 kB
Bounce:                0 kB
WritebackTmp:          0 kB
CommitLimit:     8258920 kB
Committed_AS:   11409196 kB
VmallocTotal:   34359738367 kB
VmallocUsed:       46536 kB
VmallocChunk:          0 kB
Percpu:            13280 kB
HardwareCorrupted:     0 kB
AnonHugePages:   1798144 kB
ShmemHugePages:        0 kB
ShmemPmdMapped:        0 kB
FileHugePages:         0 kB
FilePmdMapped:         0 kB
CmaTotal:              0 kB
CmaFree:               0 kB
Unaccepted:            0 kB
Balloon:               0 kB
HugePages_Total:       0
HugePages_Free:        0
HugePages_Rsvd:        0
HugePages_Surp:        0
Hugepagesize:       2048 kB
Hugetlb:               0 kB
DirectMap4k:      194432 kB
DirectMap2M:     6096896 kB
DirectMap1G:     4194304 kB
---SNAPSHOT---
2026-04-27 15:07:11
MemTotal:        8129240 kB
MemFree:         3919736 kB
MemAvailable:    3653300 kB
Buffers:            5404 kB
Cached:           314076 kB
SwapCached:       405772 kB
Active:          2612836 kB
Inactive:         855884 kB
Active(anon):    2504036 kB
Inactive(anon):   699620 kB
Active(file):     108800 kB
Inactive(file):   156264 kB
Unevictable:          16 kB
Mlocked:              16 kB
SwapTotal:       4194300 kB
SwapFree:        3651012 kB
Zswap:                 0 kB
Zswapped:              0 kB
Dirty:               492 kB
Writeback:         17924 kB
AnonPages:       2748412 kB
Mapped:           268416 kB
Shmem:             54448 kB
KReclaimable:      57152 kB
Slab:             285584 kB
SReclaimable:      57152 kB
SUnreclaim:       228432 kB
KernelStack:       18304 kB
PageTables:        48864 kB
SecPageTables:         0 kB
NFS_Unstable:          0 kB
Bounce:                0 kB
WritebackTmp:          0 kB
CommitLimit:     8258920 kB
Committed_AS:   11409576 kB
VmallocTotal:   34359738367 kB
VmallocUsed:       46536 kB
VmallocChunk:          0 kB
Percpu:            13280 kB
HardwareCorrupted:     0 kB
AnonHugePages:   1255424 kB
ShmemHugePages:        0 kB
ShmemPmdMapped:        0 kB
FileHugePages:         0 kB
FilePmdMapped:         0 kB
CmaTotal:              0 kB
CmaFree:               0 kB
Unaccepted:            0 kB
Balloon:               0 kB
HugePages_Total:       0
HugePages_Free:        0
HugePages_Rsvd:        0
HugePages_Surp:        0
Hugepagesize:       2048 kB
Hugetlb:               0 kB
DirectMap4k:      194432 kB
DirectMap2M:     6096896 kB
DirectMap1G:     4194304 kB
---SNAPSHOT---
2026-04-27 15:07:12
MemTotal:        8129240 kB
MemFree:         3326012 kB
MemAvailable:    3059580 kB
Buffers:            5412 kB
Cached:           314080 kB
SwapCached:       421132 kB
Active:          3279140 kB
Inactive:         870276 kB
Active(anon):    3170340 kB
Inactive(anon):   714004 kB
Active(file):     108800 kB
Inactive(file):   156272 kB
Unevictable:          16 kB
Mlocked:              16 kB
SwapTotal:       4194300 kB
SwapFree:        3635652 kB
Zswap:                 0 kB
Zswapped:              0 kB
Dirty:               496 kB
Writeback:         18948 kB
AnonPages:       3413836 kB
Mapped:           268416 kB
Shmem:             54448 kB
KReclaimable:      57152 kB
Slab:             285648 kB
SReclaimable:      57152 kB
SUnreclaim:       228496 kB
KernelStack:       18272 kB
PageTables:        50388 kB
SecPageTables:         0 kB
NFS_Unstable:          0 kB
Bounce:                0 kB
WritebackTmp:          0 kB
CommitLimit:     8258920 kB
Committed_AS:   11408848 kB
VmallocTotal:   34359738367 kB
VmallocUsed:       46520 kB
VmallocChunk:          0 kB
Percpu:            13280 kB
HardwareCorrupted:     0 kB
AnonHugePages:   1923072 kB
ShmemHugePages:        0 kB
ShmemPmdMapped:        0 kB
FileHugePages:         0 kB
FilePmdMapped:         0 kB
CmaTotal:              0 kB
CmaFree:               0 kB
Unaccepted:            0 kB
Balloon:               0 kB
HugePages_Total:       0
HugePages_Free:        0
HugePages_Rsvd:        0
HugePages_Surp:        0
Hugepagesize:       2048 kB
Hugetlb:               0 kB
DirectMap4k:      194432 kB
DirectMap2M:     6096896 kB
DirectMap1G:     4194304 kB
---SNAPSHOT---
2026-04-27 15:07:19
MemTotal:        8129240 kB
MemFree:         3784240 kB
MemAvailable:    3517812 kB
Buffers:            5412 kB
Cached:           314088 kB
SwapCached:       421132 kB
Active:          2781488 kB
Inactive:         878264 kB
Active(anon):    2672688 kB
Inactive(anon):   721984 kB
Active(file):     108800 kB
Inactive(file):   156280 kB
Unevictable:          16 kB
Mlocked:              16 kB
SwapTotal:       4194300 kB
SwapFree:        3635652 kB
Zswap:                 0 kB
Zswapped:              0 kB
Dirty:               504 kB
Writeback:         10868 kB
AnonPages:       2924452 kB
Mapped:           268416 kB
Shmem:             54448 kB
KReclaimable:      57152 kB
Slab:             285200 kB
SReclaimable:      57152 kB
SUnreclaim:       228048 kB
KernelStack:       18304 kB
PageTables:        50032 kB
SecPageTables:         0 kB
NFS_Unstable:          0 kB
Bounce:                0 kB
WritebackTmp:          0 kB
CommitLimit:     8258920 kB
Committed_AS:   11409080 kB
VmallocTotal:   34359738367 kB
VmallocUsed:       46520 kB
VmallocChunk:          0 kB
Percpu:            13280 kB
HardwareCorrupted:     0 kB
AnonHugePages:   1433600 kB
ShmemHugePages:        0 kB
ShmemPmdMapped:        0 kB
FileHugePages:         0 kB
FilePmdMapped:         0 kB
CmaTotal:              0 kB
CmaFree:               0 kB
Unaccepted:            0 kB
Balloon:               0 kB
HugePages_Total:       0
HugePages_Free:        0
HugePages_Rsvd:        0
HugePages_Surp:        0
Hugepagesize:       2048 kB
Hugetlb:               0 kB
DirectMap4k:      194432 kB
DirectMap2M:     6096896 kB
DirectMap1G:     4194304 kB
---SNAPSHOT---
2026-04-27 15:07:20
MemTotal:        8129240 kB
MemFree:         3632328 kB
MemAvailable:    3365904 kB
Buffers:            5412 kB
Cached:           314092 kB
SwapCached:       436492 kB
Active:          2904064 kB
Inactive:         886620 kB
Active(anon):    2795264 kB
Inactive(anon):   730332 kB
Active(file):     108800 kB
Inactive(file):   156288 kB
Unevictable:          16 kB
Mlocked:              16 kB
SwapTotal:       4194300 kB
SwapFree:        3620292 kB
Zswap:                 0 kB
Zswapped:              0 kB
Dirty:               508 kB
Writeback:         17980 kB
AnonPages:       3039852 kB
Mapped:           268416 kB
Shmem:             54448 kB
KReclaimable:      57152 kB
Slab:             285616 kB
SReclaimable:      57152 kB
SUnreclaim:       228464 kB
KernelStack:       18364 kB
PageTables:        49692 kB
SecPageTables:         0 kB
NFS_Unstable:          0 kB
Bounce:                0 kB
WritebackTmp:          0 kB
CommitLimit:     8258920 kB
Committed_AS:   11409100 kB
VmallocTotal:   34359738367 kB
VmallocUsed:       46536 kB
VmallocChunk:          0 kB
Percpu:            13280 kB
HardwareCorrupted:     0 kB
AnonHugePages:   1343488 kB
ShmemHugePages:        0 kB
ShmemPmdMapped:        0 kB
FileHugePages:         0 kB
FilePmdMapped:         0 kB
CmaTotal:              0 kB
CmaFree:               0 kB
Unaccepted:            0 kB
Balloon:               0 kB
HugePages_Total:       0
HugePages_Free:        0
HugePages_Rsvd:        0
HugePages_Surp:        0
Hugepagesize:       2048 kB
Hugetlb:               0 kB
DirectMap4k:      194432 kB
DirectMap2M:     6096896 kB
DirectMap1G:     4194304 kB
---SNAPSHOT---
2026-04-27 15:07:21
MemTotal:        8129240 kB
MemFree:         4137696 kB
MemAvailable:    3871276 kB
Buffers:            5412 kB
Cached:           314100 kB
SwapCached:       436492 kB
Active:          2358148 kB
Inactive:         889164 kB
Active(anon):    2249348 kB
Inactive(anon):   732868 kB
Active(file):     108800 kB
Inactive(file):   156296 kB
Unevictable:          16 kB
Mlocked:              16 kB
SwapTotal:       4194300 kB
SwapFree:        3620292 kB
Zswap:                 0 kB
Zswapped:              0 kB
Dirty:               516 kB
Writeback:         15364 kB
AnonPages:       2496556 kB
Mapped:           268416 kB
Shmem:             54448 kB
KReclaimable:      57152 kB
Slab:             285424 kB
SReclaimable:      57152 kB
SUnreclaim:       228272 kB
KernelStack:       18364 kB
PageTables:        48656 kB
SecPageTables:         0 kB
NFS_Unstable:          0 kB
Bounce:                0 kB
WritebackTmp:          0 kB
CommitLimit:     8258920 kB
Committed_AS:   11409036 kB
VmallocTotal:   34359738367 kB
VmallocUsed:       46600 kB
VmallocChunk:          0 kB
Percpu:            13280 kB
HardwareCorrupted:     0 kB
AnonHugePages:    579584 kB
ShmemHugePages:        0 kB
ShmemPmdMapped:        0 kB
FileHugePages:         0 kB
FilePmdMapped:         0 kB
CmaTotal:              0 kB
CmaFree:               0 kB
Unaccepted:            0 kB
Balloon:               0 kB
HugePages_Total:       0
HugePages_Free:        0
HugePages_Rsvd:        0
HugePages_Surp:        0
Hugepagesize:       2048 kB
Hugetlb:               0 kB
DirectMap4k:      194432 kB
DirectMap2M:     6096896 kB
DirectMap1G:     4194304 kB
---SNAPSHOT---
2026-04-27 15:07:24
MemTotal:        8129240 kB
MemFree:         3895256 kB
MemAvailable:    3628840 kB
Buffers:            5420 kB
Cached:           314100 kB
SwapCached:       451852 kB
Active:          2645860 kB
Inactive:         900792 kB
Active(anon):    2537060 kB
Inactive(anon):   744488 kB
Active(file):     108800 kB
Inactive(file):   156304 kB
Unevictable:          16 kB
Mlocked:              16 kB
SwapTotal:       4194300 kB
SwapFree:        3604932 kB
Zswap:                 0 kB
Zswapped:              0 kB
Dirty:               520 kB
Writeback:         19172 kB
AnonPages:       2780764 kB
Mapped:           268596 kB
Shmem:             54448 kB
KReclaimable:      57152 kB
Slab:             285752 kB
SReclaimable:      57152 kB
SUnreclaim:       228600 kB
KernelStack:       18332 kB
PageTables:        48880 kB
SecPageTables:         0 kB
NFS_Unstable:          0 kB
Bounce:                0 kB
WritebackTmp:          0 kB
CommitLimit:     8258920 kB
Committed_AS:   11409708 kB
VmallocTotal:   34359738367 kB
VmallocUsed:       46520 kB
VmallocChunk:          0 kB
Percpu:            13280 kB
HardwareCorrupted:     0 kB
AnonHugePages:   1290240 kB
ShmemHugePages:        0 kB
ShmemPmdMapped:        0 kB
FileHugePages:         0 kB
FilePmdMapped:         0 kB
CmaTotal:              0 kB
CmaFree:               0 kB
Unaccepted:            0 kB
Balloon:               0 kB
HugePages_Total:       0
HugePages_Free:        0
HugePages_Rsvd:        0
HugePages_Surp:        0
Hugepagesize:       2048 kB
Hugetlb:               0 kB
DirectMap4k:      194432 kB
DirectMap2M:     6096896 kB
DirectMap1G:     4194304 kB
---SNAPSHOT---
2026-04-27 15:07:25
MemTotal:        8129240 kB
MemFree:         3792360 kB
MemAvailable:    3525948 kB
Buffers:            5420 kB
Cached:           314108 kB
SwapCached:       451852 kB
Active:          2808228 kB
Inactive:         905092 kB
Active(anon):    2699428 kB
Inactive(anon):   748784 kB
Active(file):     108800 kB
Inactive(file):   156308 kB
Unevictable:          16 kB
Mlocked:              16 kB
SwapTotal:       4194300 kB
SwapFree:        3604932 kB
Zswap:                 0 kB
Zswapped:              0 kB
Dirty:               524 kB
Writeback:         14852 kB
AnonPages:       2946652 kB
Mapped:           268416 kB
Shmem:             54448 kB
KReclaimable:      57152 kB
Slab:             285368 kB
SReclaimable:      57152 kB
SUnreclaim:       228216 kB
KernelStack:       18364 kB
PageTables:        49424 kB
SecPageTables:         0 kB
NFS_Unstable:          0 kB
Bounce:                0 kB
WritebackTmp:          0 kB
CommitLimit:     8258920 kB
Committed_AS:   11409328 kB
VmallocTotal:   34359738367 kB
VmallocUsed:       46536 kB
VmallocChunk:          0 kB
Percpu:            13280 kB
HardwareCorrupted:     0 kB
AnonHugePages:   1456128 kB
ShmemHugePages:        0 kB
ShmemPmdMapped:        0 kB
FileHugePages:         0 kB
FilePmdMapped:         0 kB
CmaTotal:              0 kB
CmaFree:               0 kB
Unaccepted:            0 kB
Balloon:               0 kB
HugePages_Total:       0
HugePages_Free:        0
HugePages_Rsvd:        0
HugePages_Surp:        0
Hugepagesize:       2048 kB
Hugetlb:               0 kB
DirectMap4k:      194432 kB
DirectMap2M:     6096896 kB
DirectMap1G:     4194304 kB
---SNAPSHOT---
2026-04-27 15:07:26
MemTotal:        8129240 kB
MemFree:         3587364 kB
MemAvailable:    3320956 kB
Buffers:            5420 kB
Cached:           314116 kB
SwapCached:       451852 kB
Active:          2970836 kB
Inactive:         906056 kB
Active(anon):    2862036 kB
Inactive(anon):   749736 kB
Active(file):     108800 kB
Inactive(file):   156320 kB
Unevictable:          16 kB
Mlocked:              16 kB
SwapTotal:       4194300 kB
SwapFree:        3604932 kB
Zswap:                 0 kB
Zswapped:              0 kB
Dirty:               532 kB
Writeback:         13884 kB
AnonPages:       3110724 kB
Mapped:           268416 kB
Shmem:             54448 kB
KReclaimable:      57152 kB
Slab:             285336 kB
SReclaimable:      57152 kB
SUnreclaim:       228184 kB
KernelStack:       18364 kB
PageTables:        49576 kB
SecPageTables:         0 kB
NFS_Unstable:          0 kB
Bounce:                0 kB
WritebackTmp:          0 kB
CommitLimit:     8258920 kB
Committed_AS:   11409184 kB
VmallocTotal:   34359738367 kB
VmallocUsed:       46536 kB
VmallocChunk:          0 kB
Percpu:            13280 kB
HardwareCorrupted:     0 kB
AnonHugePages:   1619968 kB
ShmemHugePages:        0 kB
ShmemPmdMapped:        0 kB
FileHugePages:         0 kB
FilePmdMapped:         0 kB
CmaTotal:              0 kB
CmaFree:               0 kB
Unaccepted:            0 kB
Balloon:               0 kB
HugePages_Total:       0
HugePages_Free:        0
HugePages_Rsvd:        0
HugePages_Surp:        0
Hugepagesize:       2048 kB
Hugetlb:               0 kB
DirectMap4k:      194432 kB
DirectMap2M:     6096896 kB
DirectMap1G:     4194304 kB
---SNAPSHOT---
2026-04-27 15:07:27
MemTotal:        8129240 kB
MemFree:         3558752 kB
MemAvailable:    3292348 kB
Buffers:            5428 kB
Cached:           314116 kB
SwapCached:       484620 kB
Active:          3013340 kB
Inactive:         933796 kB
Active(anon):    2904540 kB
Inactive(anon):   777468 kB
Active(file):     108800 kB
Inactive(file):   156328 kB
Unevictable:          16 kB
Mlocked:              16 kB
SwapTotal:       4194300 kB
SwapFree:        3572164 kB
Zswap:                 0 kB
Zswapped:              0 kB
Dirty:               536 kB
Writeback:         18948 kB
AnonPages:       3148124 kB
Mapped:           268644 kB
Shmem:             54448 kB
KReclaimable:      57152 kB
Slab:             285656 kB
SReclaimable:      57152 kB
SUnreclaim:       228504 kB
KernelStack:       18288 kB
PageTables:        49420 kB
SecPageTables:         0 kB
NFS_Unstable:          0 kB
Bounce:                0 kB
WritebackTmp:          0 kB
CommitLimit:     8258920 kB
Committed_AS:   11409100 kB
VmallocTotal:   34359738367 kB
VmallocUsed:       46520 kB
VmallocChunk:          0 kB
Percpu:            13280 kB
HardwareCorrupted:     0 kB
AnonHugePages:   1658880 kB
ShmemHugePages:        0 kB
ShmemPmdMapped:        0 kB
FileHugePages:         0 kB
FilePmdMapped:         0 kB
CmaTotal:              0 kB
CmaFree:               0 kB
Unaccepted:            0 kB
Balloon:               0 kB
HugePages_Total:       0
HugePages_Free:        0
HugePages_Rsvd:        0
HugePages_Surp:        0
Hugepagesize:       2048 kB
Hugetlb:               0 kB
DirectMap4k:      194432 kB
DirectMap2M:     6096896 kB
DirectMap1G:     4194304 kB
---SNAPSHOT---
2026-04-27 15:07:28
MemTotal:        8129240 kB
MemFree:         3454088 kB
MemAvailable:    3187692 kB
Buffers:            5428 kB
Cached:           314132 kB
SwapCached:       594336 kB
Active:          2965128 kB
Inactive:        1060168 kB
Active(anon):    2856328 kB
Inactive(anon):   903824 kB
Active(file):     108800 kB
Inactive(file):   156344 kB
Unevictable:          16 kB
Mlocked:              16 kB
SwapTotal:       4194300 kB
SwapFree:        3462264 kB
Zswap:                 0 kB
Zswapped:              0 kB
Dirty:               224 kB
Writeback:           404 kB
AnonPages:       3117992 kB
Mapped:           268644 kB
Shmem:             54448 kB
KReclaimable:      57152 kB
Slab:             284552 kB
SReclaimable:      57152 kB
SUnreclaim:       227400 kB
KernelStack:       18364 kB
PageTables:        50004 kB
SecPageTables:         0 kB
NFS_Unstable:          0 kB
Bounce:                0 kB
WritebackTmp:          0 kB
CommitLimit:     8258920 kB
Committed_AS:   11409240 kB
VmallocTotal:   34359738367 kB
VmallocUsed:       46552 kB
VmallocChunk:          0 kB
Percpu:            13280 kB
HardwareCorrupted:     0 kB
AnonHugePages:   1628160 kB
ShmemHugePages:        0 kB
ShmemPmdMapped:        0 kB
FileHugePages:         0 kB
FilePmdMapped:         0 kB
CmaTotal:              0 kB
CmaFree:               0 kB
Unaccepted:            0 kB
Balloon:               0 kB
HugePages_Total:       0
HugePages_Free:        0
HugePages_Rsvd:        0
HugePages_Surp:        0
Hugepagesize:       2048 kB
Hugetlb:               0 kB
DirectMap4k:      194432 kB
DirectMap2M:     6096896 kB
DirectMap1G:     4194304 kB
---SNAPSHOT---
2026-04-27 15:07:29
MemTotal:        8129240 kB
MemFree:         3572420 kB
MemAvailable:    3306028 kB
Buffers:            5428 kB
Cached:           314136 kB
SwapCached:       600440 kB
Active:          2856268 kB
Inactive:        1067900 kB
Active(anon):    2747468 kB
Inactive(anon):   911552 kB
Active(file):     108800 kB
Inactive(file):   156348 kB
Unevictable:          16 kB
Mlocked:              16 kB
SwapTotal:       4194300 kB
SwapFree:        3456344 kB
Zswap:                 0 kB
Zswapped:              0 kB
Dirty:               148 kB
Writeback:           448 kB
AnonPages:       3011360 kB
Mapped:           268644 kB
Shmem:             54448 kB
KReclaimable:      57152 kB
Slab:             284528 kB
SReclaimable:      57152 kB
SUnreclaim:       227376 kB
KernelStack:       18304 kB
PageTables:        49592 kB
SecPageTables:         0 kB
NFS_Unstable:          0 kB
Bounce:                0 kB
WritebackTmp:          0 kB
CommitLimit:     8258920 kB
Committed_AS:   11409188 kB
VmallocTotal:   34359738367 kB
VmallocUsed:       46568 kB
VmallocChunk:          0 kB
Percpu:            13280 kB
HardwareCorrupted:     0 kB
AnonHugePages:   1519616 kB
ShmemHugePages:        0 kB
ShmemPmdMapped:        0 kB
FileHugePages:         0 kB
FilePmdMapped:         0 kB
CmaTotal:              0 kB
CmaFree:               0 kB
Unaccepted:            0 kB
Balloon:               0 kB
HugePages_Total:       0
HugePages_Free:        0
HugePages_Rsvd:        0
HugePages_Surp:        0
Hugepagesize:       2048 kB
Hugetlb:               0 kB
DirectMap4k:      194432 kB
DirectMap2M:     6096896 kB
DirectMap1G:     4194304 kB
---SNAPSHOT---
2026-04-27 15:07:30
MemTotal:        8129240 kB
MemFree:         3047612 kB
MemAvailable:    2781220 kB
Buffers:            5428 kB
Cached:           314140 kB
SwapCached:       600588 kB
Active:          3384744 kB
Inactive:        1067916 kB
Active(anon):    3275944 kB
Inactive(anon):   911568 kB
Active(file):     108800 kB
Inactive(file):   156348 kB
Unevictable:          16 kB
Mlocked:              16 kB
SwapTotal:       4194300 kB
SwapFree:        3456196 kB
Zswap:                 0 kB
Zswapped:              0 kB
Dirty:               152 kB
Writeback:           120 kB
AnonPages:       3540004 kB
Mapped:           268416 kB
Shmem:             54448 kB
KReclaimable:      57152 kB
Slab:             284528 kB
SReclaimable:      57152 kB
SUnreclaim:       227376 kB
KernelStack:       18364 kB
PageTables:        50532 kB
SecPageTables:         0 kB
NFS_Unstable:          0 kB
Bounce:                0 kB
WritebackTmp:          0 kB
CommitLimit:     8258920 kB
Committed_AS:   11408848 kB
VmallocTotal:   34359738367 kB
VmallocUsed:       46600 kB
VmallocChunk:          0 kB
Percpu:            13280 kB
HardwareCorrupted:     0 kB
AnonHugePages:   2048000 kB
ShmemHugePages:        0 kB
ShmemPmdMapped:        0 kB
FileHugePages:         0 kB
FilePmdMapped:         0 kB
CmaTotal:              0 kB
CmaFree:               0 kB
Unaccepted:            0 kB
Balloon:               0 kB
HugePages_Total:       0
HugePages_Free:        0
HugePages_Rsvd:        0
HugePages_Surp:        0
Hugepagesize:       2048 kB
Hugetlb:               0 kB
DirectMap4k:      194432 kB
DirectMap2M:     6096896 kB
DirectMap1G:     4194304 kB
---SNAPSHOT---
2026-04-27 15:07:31
MemTotal:        8129240 kB
MemFree:         3364572 kB
MemAvailable:    3098184 kB
Buffers:            5428 kB
Cached:           314148 kB
SwapCached:       608612 kB
Active:          3021920 kB
Inactive:        1075604 kB
Active(anon):    2913120 kB
Inactive(anon):   919248 kB
Active(file):     108800 kB
Inactive(file):   156356 kB
Unevictable:          16 kB
Mlocked:              16 kB
SwapTotal:       4194300 kB
SwapFree:        3448172 kB
Zswap:                 0 kB
Zswapped:              0 kB
Dirty:               160 kB
Writeback:          1072 kB
AnonPages:       3176824 kB
Mapped:           268416 kB
Shmem:             54448 kB
KReclaimable:      57152 kB
Slab:             284528 kB
SReclaimable:      57152 kB
SUnreclaim:       227376 kB
KernelStack:       18288 kB
PageTables:        50036 kB
SecPageTables:         0 kB
NFS_Unstable:          0 kB
Bounce:                0 kB
WritebackTmp:          0 kB
CommitLimit:     8258920 kB
Committed_AS:   11408988 kB
VmallocTotal:   34359738367 kB
VmallocUsed:       46584 kB
VmallocChunk:          0 kB
Percpu:            13280 kB
HardwareCorrupted:     0 kB
AnonHugePages:   1683456 kB
ShmemHugePages:        0 kB
ShmemPmdMapped:        0 kB
FileHugePages:         0 kB
FilePmdMapped:         0 kB
CmaTotal:              0 kB
CmaFree:               0 kB
Unaccepted:            0 kB
Balloon:               0 kB
HugePages_Total:       0
HugePages_Free:        0
HugePages_Rsvd:        0
HugePages_Surp:        0
Hugepagesize:       2048 kB
Hugetlb:               0 kB
DirectMap4k:      194432 kB
DirectMap2M:     6096896 kB
DirectMap1G:     4194304 kB
---SNAPSHOT---
2026-04-27 15:07:32
MemTotal:        8129240 kB
MemFree:         3128272 kB
MemAvailable:    2861892 kB
Buffers:            5436 kB
Cached:           314152 kB
SwapCached:       639040 kB
Active:          3266028 kB
Inactive:        1105984 kB
Active(anon):    3157228 kB
Inactive(anon):   949612 kB
Active(file):     108800 kB
Inactive(file):   156372 kB
Unevictable:          16 kB
Mlocked:              16 kB
SwapTotal:       4194300 kB
SwapFree:        3417716 kB
Zswap:                 0 kB
Zswapped:              0 kB
Dirty:               176 kB
Writeback:           948 kB
AnonPages:       3420700 kB
Mapped:           268516 kB
Shmem:             54448 kB
KReclaimable:      57152 kB
Slab:             284528 kB
SReclaimable:      57152 kB
SUnreclaim:       227376 kB
KernelStack:       18336 kB
PageTables:        50524 kB
SecPageTables:         0 kB
NFS_Unstable:          0 kB
Bounce:                0 kB
WritebackTmp:          0 kB
CommitLimit:     8258920 kB
Committed_AS:   11409460 kB
VmallocTotal:   34359738367 kB
VmallocUsed:       46536 kB
VmallocChunk:          0 kB
Percpu:            13280 kB
HardwareCorrupted:     0 kB
AnonHugePages:   1927168 kB
ShmemHugePages:        0 kB
ShmemPmdMapped:        0 kB
FileHugePages:         0 kB
FilePmdMapped:         0 kB
CmaTotal:              0 kB
CmaFree:               0 kB
Unaccepted:            0 kB
Balloon:               0 kB
HugePages_Total:       0
HugePages_Free:        0
HugePages_Rsvd:        0
HugePages_Surp:        0
Hugepagesize:       2048 kB
Hugetlb:               0 kB
DirectMap4k:      194432 kB
DirectMap2M:     6096896 kB
DirectMap1G:     4194304 kB
---SNAPSHOT---
2026-04-27 15:07:33
MemTotal:        8129240 kB
MemFree:         3359244 kB
MemAvailable:    3092872 kB
Buffers:            5440 kB
Cached:           314168 kB
SwapCached:       701404 kB
Active:          2971252 kB
Inactive:        1168088 kB
Active(anon):    2862452 kB
Inactive(anon):  1011700 kB
Active(file):     108800 kB
Inactive(file):   156388 kB
Unevictable:          16 kB
Mlocked:              16 kB
SwapTotal:       4194300 kB
SwapFree:        3355116 kB
Zswap:                 0 kB
Zswapped:              0 kB
Dirty:                20 kB
Writeback:           320 kB
AnonPages:       3125476 kB
Mapped:           268416 kB
Shmem:             54448 kB
KReclaimable:      57152 kB
Slab:             284484 kB
SReclaimable:      57152 kB
SUnreclaim:       227332 kB
KernelStack:       18288 kB
PageTables:        50316 kB
SecPageTables:         0 kB
NFS_Unstable:          0 kB
Bounce:                0 kB
WritebackTmp:          0 kB
CommitLimit:     8258920 kB
Committed_AS:   11409460 kB
VmallocTotal:   34359738367 kB
VmallocUsed:       46520 kB
VmallocChunk:          0 kB
Percpu:            13280 kB
HardwareCorrupted:     0 kB
AnonHugePages:   1634304 kB
ShmemHugePages:        0 kB
ShmemPmdMapped:        0 kB
FileHugePages:         0 kB
FilePmdMapped:         0 kB
CmaTotal:              0 kB
CmaFree:               0 kB
Unaccepted:            0 kB
Balloon:               0 kB
HugePages_Total:       0
HugePages_Free:        0
HugePages_Rsvd:        0
HugePages_Surp:        0
Hugepagesize:       2048 kB
Hugetlb:               0 kB
DirectMap4k:      194432 kB
DirectMap2M:     6096896 kB
DirectMap1G:     4194304 kB
---SNAPSHOT---
2026-04-27 15:07:34
MemTotal:        8129240 kB
MemFree:         3489812 kB
MemAvailable:    3223444 kB
Buffers:            5440 kB
Cached:           314172 kB
SwapCached:       869900 kB
Active:          2676396 kB
Inactive:        1335876 kB
Active(anon):    2567596 kB
Inactive(anon):  1179480 kB
Active(file):     108800 kB
Inactive(file):   156396 kB
Unevictable:          16 kB
Mlocked:              16 kB
SwapTotal:       4194300 kB
SwapFree:        3186884 kB
Zswap:                 0 kB
Zswapped:              0 kB
Dirty:                36 kB
Writeback:           728 kB
AnonPages:       2830148 kB
Mapped:           268416 kB
Shmem:             54448 kB
KReclaimable:      57152 kB
Slab:             284492 kB
SReclaimable:      57152 kB
SUnreclaim:       227340 kB
KernelStack:       18348 kB
PageTables:        49840 kB
SecPageTables:         0 kB
NFS_Unstable:          0 kB
Bounce:                0 kB
WritebackTmp:          0 kB
CommitLimit:     8258920 kB
Committed_AS:   11409460 kB
VmallocTotal:   34359738367 kB
VmallocUsed:       46568 kB
VmallocChunk:          0 kB
Percpu:            13280 kB
HardwareCorrupted:     0 kB
AnonHugePages:   1339392 kB
ShmemHugePages:        0 kB
ShmemPmdMapped:        0 kB
FileHugePages:         0 kB
FilePmdMapped:         0 kB
CmaTotal:              0 kB
CmaFree:               0 kB
Unaccepted:            0 kB
Balloon:               0 kB
HugePages_Total:       0
HugePages_Free:        0
HugePages_Rsvd:        0
HugePages_Surp:        0
Hugepagesize:       2048 kB
Hugetlb:               0 kB
DirectMap4k:      194432 kB
DirectMap2M:     6096896 kB
DirectMap1G:     4194304 kB
---SNAPSHOT---
2026-04-27 15:07:35
MemTotal:        8129240 kB
MemFree:         3601752 kB
MemAvailable:    3335384 kB
Buffers:            5440 kB
Cached:           314176 kB
SwapCached:       872060 kB
Active:          2540460 kB
Inactive:        1338292 kB
Active(anon):    2431660 kB
Inactive(anon):  1181892 kB
Active(file):     108800 kB
Inactive(file):   156400 kB
Unevictable:          16 kB
Mlocked:              16 kB
SwapTotal:       4194300 kB
SwapFree:        3184724 kB
Zswap:                 0 kB
Zswapped:              0 kB
Dirty:                40 kB
Writeback:           232 kB
AnonPages:       2694368 kB
Mapped:           268416 kB
Shmem:             54448 kB
KReclaimable:      57152 kB
Slab:             284492 kB
SReclaimable:      57152 kB
SUnreclaim:       227340 kB
KernelStack:       18316 kB
PageTables:        49712 kB
SecPageTables:         0 kB
NFS_Unstable:          0 kB
Bounce:                0 kB
WritebackTmp:          0 kB
CommitLimit:     8258920 kB
Committed_AS:   11409216 kB
VmallocTotal:   34359738367 kB
VmallocUsed:       46568 kB
VmallocChunk:          0 kB
Percpu:            13280 kB
HardwareCorrupted:     0 kB
AnonHugePages:   1204224 kB
ShmemHugePages:        0 kB
ShmemPmdMapped:        0 kB
FileHugePages:         0 kB
FilePmdMapped:         0 kB
CmaTotal:              0 kB
CmaFree:               0 kB
Unaccepted:            0 kB
Balloon:               0 kB
HugePages_Total:       0
HugePages_Free:        0
HugePages_Rsvd:        0
HugePages_Surp:        0
Hugepagesize:       2048 kB
Hugetlb:               0 kB
DirectMap4k:      194432 kB
DirectMap2M:     6096896 kB
DirectMap1G:     4194304 kB
---SNAPSHOT---
2026-04-27 15:07:36
MemTotal:        8129240 kB
MemFree:         3768596 kB
MemAvailable:    3502232 kB
Buffers:            5440 kB
Cached:           314184 kB
SwapCached:       876200 kB
Active:          2370508 kB
Inactive:        1342392 kB
Active(anon):    2261708 kB
Inactive(anon):  1185984 kB
Active(file):     108800 kB
Inactive(file):   156408 kB
Unevictable:          16 kB
Mlocked:              16 kB
SwapTotal:       4194300 kB
SwapFree:        3180436 kB
Zswap:                 0 kB
Zswapped:              0 kB
Dirty:                48 kB
Writeback:           136 kB
AnonPages:       2524068 kB
Mapped:           268416 kB
Shmem:             54448 kB
KReclaimable:      57152 kB
Slab:             284492 kB
SReclaimable:      57152 kB
SUnreclaim:       227340 kB
KernelStack:       18272 kB
PageTables:        49244 kB
SecPageTables:         0 kB
NFS_Unstable:          0 kB
Bounce:                0 kB
WritebackTmp:          0 kB
CommitLimit:     8258920 kB
Committed_AS:   11408944 kB
VmallocTotal:   34359738367 kB
VmallocUsed:       46536 kB
VmallocChunk:          0 kB
Percpu:            13280 kB
HardwareCorrupted:     0 kB
AnonHugePages:   1034240 kB
ShmemHugePages:        0 kB
ShmemPmdMapped:        0 kB
FileHugePages:         0 kB
FilePmdMapped:         0 kB
CmaTotal:              0 kB
CmaFree:               0 kB
Unaccepted:            0 kB
Balloon:               0 kB
HugePages_Total:       0
HugePages_Free:        0
HugePages_Rsvd:        0
HugePages_Surp:        0
Hugepagesize:       2048 kB
Hugetlb:               0 kB
DirectMap4k:      194432 kB
DirectMap2M:     6096896 kB
DirectMap1G:     4194304 kB
---SNAPSHOT---
2026-04-27 15:07:38
MemTotal:        8129240 kB
MemFree:         2975556 kB
MemAvailable:    2709196 kB
Buffers:            5448 kB
Cached:           314188 kB
SwapCached:       877588 kB
Active:          3181364 kB
Inactive:        1342480 kB
Active(anon):    3072564 kB
Inactive(anon):  1186068 kB
Active(file):     108800 kB
Inactive(file):   156412 kB
Unevictable:          16 kB
Mlocked:              16 kB
SwapTotal:       4194300 kB
SwapFree:        3179196 kB
Zswap:                 0 kB
Zswapped:              0 kB
Dirty:                48 kB
Writeback:           264 kB
AnonPages:       3335400 kB
Mapped:           268416 kB
Shmem:             54448 kB
KReclaimable:      57152 kB
Slab:             284500 kB
SReclaimable:      57152 kB
SUnreclaim:       227348 kB
KernelStack:       18272 kB
PageTables:        50892 kB
SecPageTables:         0 kB
NFS_Unstable:          0 kB
Bounce:                0 kB
WritebackTmp:          0 kB
CommitLimit:     8258920 kB
Committed_AS:   11409328 kB
VmallocTotal:   34359738367 kB
VmallocUsed:       46520 kB
VmallocChunk:          0 kB
Percpu:            13280 kB
HardwareCorrupted:     0 kB
AnonHugePages:   1845248 kB
ShmemHugePages:        0 kB
ShmemPmdMapped:        0 kB
FileHugePages:         0 kB
FilePmdMapped:         0 kB
CmaTotal:              0 kB
CmaFree:               0 kB
Unaccepted:            0 kB
Balloon:               0 kB
HugePages_Total:       0
HugePages_Free:        0
HugePages_Rsvd:        0
HugePages_Surp:        0
Hugepagesize:       2048 kB
Hugetlb:               0 kB
DirectMap4k:      194432 kB
DirectMap2M:     6096896 kB
DirectMap1G:     4194304 kB
---SNAPSHOT---
2026-04-27 15:07:39
MemTotal:        8129240 kB
MemFree:         3327560 kB
MemAvailable:    3061208 kB
Buffers:            5448 kB
Cached:           314196 kB
SwapCached:       878584 kB
Active:          2808612 kB
Inactive:        1344456 kB
Active(anon):    2699812 kB
Inactive(anon):  1188028 kB
Active(file):     108800 kB
Inactive(file):   156428 kB
Unevictable:          16 kB
Mlocked:              16 kB
SwapTotal:       4194300 kB
SwapFree:        3178200 kB
Zswap:                 0 kB
Zswapped:              0 kB
Dirty:                60 kB
Writeback:           272 kB
AnonPages:       2963560 kB
Mapped:           268416 kB
Shmem:             54448 kB
KReclaimable:      57152 kB
Slab:             284500 kB
SReclaimable:      57152 kB
SUnreclaim:       227348 kB
KernelStack:       18240 kB
PageTables:        50268 kB
SecPageTables:         0 kB
NFS_Unstable:          0 kB
Bounce:                0 kB
WritebackTmp:          0 kB
CommitLimit:     8258920 kB
Committed_AS:   11409464 kB
VmallocTotal:   34359738367 kB
VmallocUsed:       46552 kB
VmallocChunk:          0 kB
Percpu:            13280 kB
HardwareCorrupted:     0 kB
AnonHugePages:   1472512 kB
ShmemHugePages:        0 kB
ShmemPmdMapped:        0 kB
FileHugePages:         0 kB
FilePmdMapped:         0 kB
CmaTotal:              0 kB
CmaFree:               0 kB
Unaccepted:            0 kB
Balloon:               0 kB
HugePages_Total:       0
HugePages_Free:        0
HugePages_Rsvd:        0
HugePages_Surp:        0
Hugepagesize:       2048 kB
Hugetlb:               0 kB
DirectMap4k:      194432 kB
DirectMap2M:     6096896 kB
DirectMap1G:     4194304 kB
---SNAPSHOT---
2026-04-27 15:07:40
MemTotal:        8129240 kB
MemFree:         3077452 kB
MemAvailable:    2811100 kB
Buffers:            5448 kB
Cached:           314200 kB
SwapCached:       879296 kB
Active:          3076920 kB
Inactive:        1344456 kB
Active(anon):    2968120 kB
Inactive(anon):  1188028 kB
Active(file):     108800 kB
Inactive(file):   156428 kB
Unevictable:          16 kB
Mlocked:              16 kB
SwapTotal:       4194300 kB
SwapFree:        3177488 kB
Zswap:                 0 kB
Zswapped:              0 kB
Dirty:                64 kB
Writeback:           300 kB
AnonPages:       3231320 kB
Mapped:           268416 kB
Shmem:             54448 kB
KReclaimable:      57152 kB
Slab:             284500 kB
SReclaimable:      57152 kB
SUnreclaim:       227348 kB
KernelStack:       18288 kB
PageTables:        50896 kB
SecPageTables:         0 kB
NFS_Unstable:          0 kB
Bounce:                0 kB
WritebackTmp:          0 kB
CommitLimit:     8258920 kB
Committed_AS:   11409332 kB
VmallocTotal:   34359738367 kB
VmallocUsed:       46568 kB
VmallocChunk:          0 kB
Percpu:            13280 kB
HardwareCorrupted:     0 kB
AnonHugePages:   1740800 kB
ShmemHugePages:        0 kB
ShmemPmdMapped:        0 kB
FileHugePages:         0 kB
FilePmdMapped:         0 kB
CmaTotal:              0 kB
CmaFree:               0 kB
Unaccepted:            0 kB
Balloon:               0 kB
HugePages_Total:       0
HugePages_Free:        0
HugePages_Rsvd:        0
HugePages_Surp:        0
Hugepagesize:       2048 kB
Hugetlb:               0 kB
DirectMap4k:      194432 kB
DirectMap2M:     6096896 kB
DirectMap1G:     4194304 kB
---SNAPSHOT---
2026-04-27 15:07:41
MemTotal:        8129240 kB
MemFree:         2801992 kB
MemAvailable:    2535644 kB
Buffers:            5448 kB
Cached:           314208 kB
SwapCached:       879296 kB
Active:          3343268 kB
Inactive:        1344468 kB
Active(anon):    3234468 kB
Inactive(anon):  1188028 kB
Active(file):     108800 kB
Inactive(file):   156440 kB
Unevictable:          16 kB
Mlocked:              16 kB
SwapTotal:       4194300 kB
SwapFree:        3177488 kB
Zswap:                 0 kB
Zswapped:              0 kB
Dirty:                72 kB
Writeback:           296 kB
AnonPages:       3497504 kB
Mapped:           268416 kB
Shmem:             54448 kB
KReclaimable:      57152 kB
Slab:             284500 kB
SReclaimable:      57152 kB
SUnreclaim:       227348 kB
KernelStack:       18256 kB
PageTables:        51296 kB
SecPageTables:         0 kB
NFS_Unstable:          0 kB
Bounce:                0 kB
WritebackTmp:          0 kB
CommitLimit:     8258920 kB
Committed_AS:   11409572 kB
VmallocTotal:   34359738367 kB
VmallocUsed:       46568 kB
VmallocChunk:          0 kB
Percpu:            13280 kB
HardwareCorrupted:     0 kB
AnonHugePages:   2007040 kB
ShmemHugePages:        0 kB
ShmemPmdMapped:        0 kB
FileHugePages:         0 kB
FilePmdMapped:         0 kB
CmaTotal:              0 kB
CmaFree:               0 kB
Unaccepted:            0 kB
Balloon:               0 kB
HugePages_Total:       0
HugePages_Free:        0
HugePages_Rsvd:        0
HugePages_Surp:        0
Hugepagesize:       2048 kB
Hugetlb:               0 kB
DirectMap4k:      194432 kB
DirectMap2M:     6096896 kB
DirectMap1G:     4194304 kB
---SNAPSHOT---
2026-04-27 15:07:42
MemTotal:        8129240 kB
MemFree:         3176856 kB
MemAvailable:    2910512 kB
Buffers:            5448 kB
Cached:           314216 kB
SwapCached:       879724 kB
Active:          2970416 kB
Inactive:        1344472 kB
Active(anon):    2861616 kB
Inactive(anon):  1188028 kB
Active(file):     108800 kB
Inactive(file):   156444 kB
Unevictable:          16 kB
Mlocked:              16 kB
SwapTotal:       4194300 kB
SwapFree:        3177060 kB
Zswap:                 0 kB
Zswapped:              0 kB
Dirty:                80 kB
Writeback:           292 kB
AnonPages:       3124316 kB
Mapped:           268416 kB
Shmem:             54448 kB
KReclaimable:      57152 kB
Slab:             284500 kB
SReclaimable:      57152 kB
SUnreclaim:       227348 kB
KernelStack:       18272 kB
PageTables:        50564 kB
SecPageTables:         0 kB
NFS_Unstable:          0 kB
Bounce:                0 kB
WritebackTmp:          0 kB
CommitLimit:     8258920 kB
Committed_AS:   11409244 kB
VmallocTotal:   34359738367 kB
VmallocUsed:       46568 kB
VmallocChunk:          0 kB
Percpu:            13280 kB
HardwareCorrupted:     0 kB
AnonHugePages:   1634304 kB
ShmemHugePages:        0 kB
ShmemPmdMapped:        0 kB
FileHugePages:         0 kB
FilePmdMapped:         0 kB
CmaTotal:              0 kB
CmaFree:               0 kB
Unaccepted:            0 kB
Balloon:               0 kB
HugePages_Total:       0
HugePages_Free:        0
HugePages_Rsvd:        0
HugePages_Surp:        0
Hugepagesize:       2048 kB
Hugetlb:               0 kB
DirectMap4k:      194432 kB
DirectMap2M:     6096896 kB
DirectMap1G:     4194304 kB
---SNAPSHOT---
2026-04-27 15:07:43
MemTotal:        8129240 kB
MemFree:         2909424 kB
MemAvailable:    2643084 kB
Buffers:            5456 kB
Cached:           314220 kB
SwapCached:       880180 kB
Active:          3236728 kB
Inactive:        1346460 kB
Active(anon):    3127928 kB
Inactive(anon):  1190004 kB
Active(file):     108800 kB
Inactive(file):   156456 kB
Unevictable:          16 kB
Mlocked:              16 kB
SwapTotal:       4194300 kB
SwapFree:        3176604 kB
Zswap:                 0 kB
Zswapped:              0 kB
Dirty:                96 kB
Writeback:           208 kB
AnonPages:       3392188 kB
Mapped:           268416 kB
Shmem:             54448 kB
KReclaimable:      57152 kB
Slab:             284500 kB
SReclaimable:      57152 kB
SUnreclaim:       227348 kB
KernelStack:       18256 kB
PageTables:        51036 kB
SecPageTables:         0 kB
NFS_Unstable:          0 kB
Bounce:                0 kB
WritebackTmp:          0 kB
CommitLimit:     8258920 kB
Committed_AS:   11408948 kB
VmallocTotal:   34359738367 kB
VmallocUsed:       46568 kB
VmallocChunk:          0 kB
Percpu:            13280 kB
HardwareCorrupted:     0 kB
AnonHugePages:   1900544 kB
ShmemHugePages:        0 kB
ShmemPmdMapped:        0 kB
FileHugePages:         0 kB
FilePmdMapped:         0 kB
CmaTotal:              0 kB
CmaFree:               0 kB
Unaccepted:            0 kB
Balloon:               0 kB
HugePages_Total:       0
HugePages_Free:        0
HugePages_Rsvd:        0
HugePages_Surp:        0
Hugepagesize:       2048 kB
Hugetlb:               0 kB
DirectMap4k:      194432 kB
DirectMap2M:     6096896 kB
DirectMap1G:     4194304 kB
---SNAPSHOT---
2026-04-27 15:07:44
MemTotal:        8129240 kB
MemFree:         3521016 kB
MemAvailable:    3254684 kB
Buffers:            5456 kB
Cached:           314228 kB
SwapCached:       722924 kB
Active:          2762544 kB
Inactive:        1189136 kB
Active(anon):    2653744 kB
Inactive(anon):  1032668 kB
Active(file):     108800 kB
Inactive(file):   156468 kB
Unevictable:          16 kB
Mlocked:              16 kB
SwapTotal:       4194300 kB
SwapFree:        3333716 kB
Zswap:                 0 kB
Zswapped:              0 kB
Dirty:               104 kB
Writeback:           532 kB
AnonPages:       2916684 kB
Mapped:           268416 kB
Shmem:             54448 kB
KReclaimable:      57152 kB
Slab:             285276 kB
SReclaimable:      57152 kB
SUnreclaim:       228124 kB
KernelStack:       18272 kB
PageTables:        50328 kB
SecPageTables:         0 kB
NFS_Unstable:          0 kB
Bounce:                0 kB
WritebackTmp:          0 kB
CommitLimit:     8258920 kB
Committed_AS:   11409244 kB
VmallocTotal:   34359738367 kB
VmallocUsed:       46552 kB
VmallocChunk:          0 kB
Percpu:            13280 kB
HardwareCorrupted:     0 kB
AnonHugePages:   1427456 kB
ShmemHugePages:        0 kB
ShmemPmdMapped:        0 kB
FileHugePages:         0 kB
FilePmdMapped:         0 kB
CmaTotal:              0 kB
CmaFree:               0 kB
Unaccepted:            0 kB
Balloon:               0 kB
HugePages_Total:       0
HugePages_Free:        0
HugePages_Rsvd:        0
HugePages_Surp:        0
Hugepagesize:       2048 kB
Hugetlb:               0 kB
DirectMap4k:      194432 kB
DirectMap2M:     6096896 kB
DirectMap1G:     4194304 kB
---SNAPSHOT---
2026-04-27 15:07:45
MemTotal:        8129240 kB
MemFree:         3424984 kB
MemAvailable:    3158652 kB
Buffers:            5456 kB
Cached:           314232 kB
SwapCached:       488616 kB
Active:          3093948 kB
Inactive:         954908 kB
Active(anon):    2985148 kB
Inactive(anon):   798440 kB
Active(file):     108800 kB
Inactive(file):   156468 kB
Unevictable:          16 kB
Mlocked:              16 kB
SwapTotal:       4194300 kB
SwapFree:        3568044 kB
Zswap:                 0 kB
Zswapped:              0 kB
Dirty:               108 kB
Writeback:           768 kB
AnonPages:       3247932 kB
Mapped:           268416 kB
Shmem:             54448 kB
KReclaimable:      57152 kB
Slab:             284420 kB
SReclaimable:      57152 kB
SUnreclaim:       227268 kB
KernelStack:       18256 kB
PageTables:        49888 kB
SecPageTables:         0 kB
NFS_Unstable:          0 kB
Bounce:                0 kB
WritebackTmp:          0 kB
CommitLimit:     8258920 kB
Committed_AS:   11409576 kB
VmallocTotal:   34359738367 kB
VmallocUsed:       46568 kB
VmallocChunk:          0 kB
Percpu:            13280 kB
HardwareCorrupted:     0 kB
AnonHugePages:   1757184 kB
ShmemHugePages:        0 kB
ShmemPmdMapped:        0 kB
FileHugePages:         0 kB
FilePmdMapped:         0 kB
CmaTotal:              0 kB
CmaFree:               0 kB
Unaccepted:            0 kB
Balloon:               0 kB
HugePages_Total:       0
HugePages_Free:        0
HugePages_Rsvd:        0
HugePages_Surp:        0
Hugepagesize:       2048 kB
Hugetlb:               0 kB
DirectMap4k:      194432 kB
DirectMap2M:     6096896 kB
DirectMap1G:     4194304 kB
---SNAPSHOT---
2026-04-27 15:07:46
MemTotal:        8129240 kB
MemFree:         3492752 kB
MemAvailable:    3226420 kB
Buffers:            5456 kB
Cached:           314236 kB
SwapCached:       500356 kB
Active:          2974812 kB
Inactive:         967556 kB
Active(anon):    2866012 kB
Inactive(anon):   811084 kB
Active(file):     108800 kB
Inactive(file):   156472 kB
Unevictable:          16 kB
Mlocked:              16 kB
SwapTotal:       4194300 kB
SwapFree:        3556428 kB
Zswap:                 0 kB
Zswapped:              0 kB
Dirty:               112 kB
Writeback:           140 kB
AnonPages:       3129724 kB
Mapped:           268416 kB
Shmem:             54448 kB
KReclaimable:      57152 kB
Slab:             284388 kB
SReclaimable:      57152 kB
SUnreclaim:       227236 kB
KernelStack:       18316 kB
PageTables:        49932 kB
SecPageTables:         0 kB
NFS_Unstable:          0 kB
Bounce:                0 kB
WritebackTmp:          0 kB
CommitLimit:     8258920 kB
Committed_AS:   11409340 kB
VmallocTotal:   34359738367 kB
VmallocUsed:       46568 kB
VmallocChunk:          0 kB
Percpu:            13280 kB
HardwareCorrupted:     0 kB
AnonHugePages:   1638400 kB
ShmemHugePages:        0 kB
ShmemPmdMapped:        0 kB
FileHugePages:         0 kB
FilePmdMapped:         0 kB
CmaTotal:              0 kB
CmaFree:               0 kB
Unaccepted:            0 kB
Balloon:               0 kB
HugePages_Total:       0
HugePages_Free:        0
HugePages_Rsvd:        0
HugePages_Surp:        0
Hugepagesize:       2048 kB
Hugetlb:               0 kB
DirectMap4k:      194432 kB
DirectMap2M:     6096896 kB
DirectMap1G:     4194304 kB
---SNAPSHOT---
2026-04-27 15:07:47
MemTotal:        8129240 kB
MemFree:         3657080 kB
MemAvailable:    3390756 kB
Buffers:            5456 kB
Cached:           314244 kB
SwapCached:       501224 kB
Active:          2860012 kB
Inactive:         967768 kB
Active(anon):    2751212 kB
Inactive(anon):   811284 kB
Active(file):     108800 kB
Inactive(file):   156484 kB
Unevictable:          16 kB
Mlocked:              16 kB
SwapTotal:       4194300 kB
SwapFree:        3555560 kB
Zswap:                 0 kB
Zswapped:              0 kB
Dirty:               120 kB
Writeback:           148 kB
AnonPages:       3014168 kB
Mapped:           268416 kB
Shmem:             54448 kB
KReclaimable:      57152 kB
Slab:             284388 kB
SReclaimable:      57152 kB
SUnreclaim:       227236 kB
KernelStack:       18304 kB
PageTables:        49556 kB
SecPageTables:         0 kB
NFS_Unstable:          0 kB
Bounce:                0 kB
WritebackTmp:          0 kB
CommitLimit:     8258920 kB
Committed_AS:   11409424 kB
VmallocTotal:   34359738367 kB
VmallocUsed:       46568 kB
VmallocChunk:          0 kB
Percpu:            13280 kB
HardwareCorrupted:     0 kB
AnonHugePages:   1523712 kB
ShmemHugePages:        0 kB
ShmemPmdMapped:        0 kB
FileHugePages:         0 kB
FilePmdMapped:         0 kB
CmaTotal:              0 kB
CmaFree:               0 kB
Unaccepted:            0 kB
Balloon:               0 kB
HugePages_Total:       0
HugePages_Free:        0
HugePages_Rsvd:        0
HugePages_Surp:        0
Hugepagesize:       2048 kB
Hugetlb:               0 kB
DirectMap4k:      194432 kB
DirectMap2M:     6096896 kB
DirectMap1G:     4194304 kB
---SNAPSHOT---
2026-04-27 15:07:48
MemTotal:        8129240 kB
MemFree:         3136132 kB
MemAvailable:    2869812 kB
Buffers:            5464 kB
Cached:           314248 kB
SwapCached:       521776 kB
Active:          3366004 kB
Inactive:         987936 kB
Active(anon):    3257204 kB
Inactive(anon):   831440 kB
Active(file):     108800 kB
Inactive(file):   156496 kB
Unevictable:          16 kB
Mlocked:              16 kB
SwapTotal:       4194300 kB
SwapFree:        3535008 kB
Zswap:                 0 kB
Zswapped:              0 kB
Dirty:               124 kB
Writeback:           236 kB
AnonPages:       3519672 kB
Mapped:           268416 kB
Shmem:             54448 kB
KReclaimable:      57152 kB
Slab:             284396 kB
SReclaimable:      57152 kB
SUnreclaim:       227244 kB
KernelStack:       18256 kB
PageTables:        50688 kB
SecPageTables:         0 kB
NFS_Unstable:          0 kB
Bounce:                0 kB
WritebackTmp:          0 kB
CommitLimit:     8258920 kB
Committed_AS:   11409424 kB
VmallocTotal:   34359738367 kB
VmallocUsed:       46568 kB
VmallocChunk:          0 kB
Percpu:            13280 kB
HardwareCorrupted:     0 kB
AnonHugePages:   2029568 kB
ShmemHugePages:        0 kB
ShmemPmdMapped:        0 kB
FileHugePages:         0 kB
FilePmdMapped:         0 kB
CmaTotal:              0 kB
CmaFree:               0 kB
Unaccepted:            0 kB
Balloon:               0 kB
HugePages_Total:       0
HugePages_Free:        0
HugePages_Rsvd:        0
HugePages_Surp:        0
Hugepagesize:       2048 kB
Hugetlb:               0 kB
DirectMap4k:      194432 kB
DirectMap2M:     6096896 kB
DirectMap1G:     4194304 kB
---SNAPSHOT---
2026-04-27 15:07:49
MemTotal:        8129240 kB
MemFree:         3300508 kB
MemAvailable:    3034192 kB
Buffers:            5464 kB
Cached:           314260 kB
SwapCached:       673752 kB
Active:          3056764 kB
Inactive:        1139520 kB
Active(anon):    2947964 kB
Inactive(anon):   983020 kB
Active(file):     108800 kB
Inactive(file):   156500 kB
Unevictable:          16 kB
Mlocked:              16 kB
SwapTotal:       4194300 kB
SwapFree:        3382744 kB
Zswap:                 0 kB
Zswapped:              0 kB
Dirty:               136 kB
Writeback:           260 kB
AnonPages:       3210200 kB
Mapped:           268416 kB
Shmem:             54448 kB
KReclaimable:      57152 kB
Slab:             284412 kB
SReclaimable:      57152 kB
SUnreclaim:       227260 kB
KernelStack:       18288 kB
PageTables:        50192 kB
SecPageTables:         0 kB
NFS_Unstable:          0 kB
Bounce:                0 kB
WritebackTmp:          0 kB
CommitLimit:     8258920 kB
Committed_AS:   11409184 kB
VmallocTotal:   34359738367 kB
VmallocUsed:       46552 kB
VmallocChunk:          0 kB
Percpu:            13280 kB
HardwareCorrupted:     0 kB
AnonHugePages:   1720320 kB
ShmemHugePages:        0 kB
ShmemPmdMapped:        0 kB
FileHugePages:         0 kB
FilePmdMapped:         0 kB
CmaTotal:              0 kB
CmaFree:               0 kB
Unaccepted:            0 kB
Balloon:               0 kB
HugePages_Total:       0
HugePages_Free:        0
HugePages_Rsvd:        0
HugePages_Surp:        0
Hugepagesize:       2048 kB
Hugetlb:               0 kB
DirectMap4k:      194432 kB
DirectMap2M:     6096896 kB
DirectMap1G:     4194304 kB
---SNAPSHOT---
2026-04-27 15:07:50
MemTotal:        8129240 kB
MemFree:         3418552 kB
MemAvailable:    3152244 kB
Buffers:            5464 kB
Cached:           314268 kB
SwapCached:       871460 kB
Active:          2740276 kB
Inactive:        1336068 kB
Active(anon):    2631476 kB
Inactive(anon):  1179552 kB
Active(file):     108800 kB
Inactive(file):   156516 kB
Unevictable:          16 kB
Mlocked:              16 kB
SwapTotal:       4194300 kB
SwapFree:        3185324 kB
Zswap:                 0 kB
Zswapped:              0 kB
Dirty:               144 kB
Writeback:           728 kB
AnonPages:       2892148 kB
Mapped:           268416 kB
Shmem:             54448 kB
KReclaimable:      57152 kB
Slab:             284396 kB
SReclaimable:      57152 kB
SUnreclaim:       227244 kB
KernelStack:       18272 kB
PageTables:        50132 kB
SecPageTables:         0 kB
NFS_Unstable:          0 kB
Bounce:                0 kB
WritebackTmp:          0 kB
CommitLimit:     8258920 kB
Committed_AS:   11409212 kB
VmallocTotal:   34359738367 kB
VmallocUsed:       46520 kB
VmallocChunk:          0 kB
Percpu:            13280 kB
HardwareCorrupted:     0 kB
AnonHugePages:   1402880 kB
ShmemHugePages:        0 kB
ShmemPmdMapped:        0 kB
FileHugePages:         0 kB
FilePmdMapped:         0 kB
CmaTotal:              0 kB
CmaFree:               0 kB
Unaccepted:            0 kB
Balloon:               0 kB
HugePages_Total:       0
HugePages_Free:        0
HugePages_Rsvd:        0
HugePages_Surp:        0
Hugepagesize:       2048 kB
Hugetlb:               0 kB
DirectMap4k:      194432 kB
DirectMap2M:     6096896 kB
DirectMap1G:     4194304 kB
---SNAPSHOT---
2026-04-27 15:07:51
MemTotal:        8129240 kB
MemFree:         3480252 kB
MemAvailable:    3213944 kB
Buffers:            5464 kB
Cached:           314272 kB
SwapCached:       874516 kB
Active:          2635592 kB
Inactive:        1340072 kB
Active(anon):    2526792 kB
Inactive(anon):  1183556 kB
Active(file):     108800 kB
Inactive(file):   156516 kB
Unevictable:          16 kB
Mlocked:              16 kB
SwapTotal:       4194300 kB
SwapFree:        3182184 kB
Zswap:                 0 kB
Zswapped:              0 kB
Dirty:               148 kB
Writeback:           172 kB
AnonPages:       2788924 kB
Mapped:           268416 kB
Shmem:             54448 kB
KReclaimable:      57152 kB
Slab:             284396 kB
SReclaimable:      57152 kB
SUnreclaim:       227244 kB
KernelStack:       18272 kB
PageTables:        49704 kB
SecPageTables:         0 kB
NFS_Unstable:          0 kB
Bounce:                0 kB
WritebackTmp:          0 kB
CommitLimit:     8258920 kB
Committed_AS:   11409344 kB
VmallocTotal:   34359738367 kB
VmallocUsed:       46520 kB
VmallocChunk:          0 kB
Percpu:            13280 kB
HardwareCorrupted:     0 kB
AnonHugePages:   1298432 kB
ShmemHugePages:        0 kB
ShmemPmdMapped:        0 kB
FileHugePages:         0 kB
FilePmdMapped:         0 kB
CmaTotal:              0 kB
CmaFree:               0 kB
Unaccepted:            0 kB
Balloon:               0 kB
HugePages_Total:       0
HugePages_Free:        0
HugePages_Rsvd:        0
HugePages_Surp:        0
Hugepagesize:       2048 kB
Hugetlb:               0 kB
DirectMap4k:      194432 kB
DirectMap2M:     6096896 kB
DirectMap1G:     4194304 kB
---SNAPSHOT---
2026-04-27 15:07:52
MemTotal:        8129240 kB
MemFree:         3619280 kB
MemAvailable:    3352976 kB
Buffers:            5464 kB
Cached:           314280 kB
SwapCached:       889044 kB
Active:          2516776 kB
Inactive:        1356600 kB
Active(anon):    2407976 kB
Inactive(anon):  1200072 kB
Active(file):     108800 kB
Inactive(file):   156528 kB
Unevictable:          16 kB
Mlocked:              16 kB
SwapTotal:       4194300 kB
SwapFree:        3167740 kB
Zswap:                 0 kB
Zswapped:              0 kB
Dirty:               156 kB
Writeback:           444 kB
AnonPages:       2672008 kB
Mapped:           268644 kB
Shmem:             54448 kB
KReclaimable:      57152 kB
Slab:             284396 kB
SReclaimable:      57152 kB
SUnreclaim:       227244 kB
KernelStack:       18272 kB
PageTables:        50520 kB
SecPageTables:         0 kB
NFS_Unstable:          0 kB
Bounce:                0 kB
WritebackTmp:          0 kB
CommitLimit:     8258920 kB
Committed_AS:   11409428 kB
VmallocTotal:   34359738367 kB
VmallocUsed:       46536 kB
VmallocChunk:          0 kB
Percpu:            13280 kB
HardwareCorrupted:     0 kB
AnonHugePages:   1179648 kB
ShmemHugePages:        0 kB
ShmemPmdMapped:        0 kB
FileHugePages:         0 kB
FilePmdMapped:         0 kB
CmaTotal:              0 kB
CmaFree:               0 kB
Unaccepted:            0 kB
Balloon:               0 kB
HugePages_Total:       0
HugePages_Free:        0
HugePages_Rsvd:        0
HugePages_Surp:        0
Hugepagesize:       2048 kB
Hugetlb:               0 kB
DirectMap4k:      194432 kB
DirectMap2M:     6096896 kB
DirectMap1G:     4194304 kB
---SNAPSHOT---
2026-04-27 15:07:53
MemTotal:        8129240 kB
MemFree:         3082476 kB
MemAvailable:    2816176 kB
Buffers:            5472 kB
Cached:           314284 kB
SwapCached:       893032 kB
Active:          3051828 kB
Inactive:        1359936 kB
Active(anon):    2943028 kB
Inactive(anon):  1203404 kB
Active(file):     108800 kB
Inactive(file):   156532 kB
Unevictable:          16 kB
Mlocked:              16 kB
SwapTotal:       4194300 kB
SwapFree:        3163740 kB
Zswap:                 0 kB
Zswapped:              0 kB
Dirty:               160 kB
Writeback:           972 kB
AnonPages:       3206280 kB
Mapped:           268416 kB
Shmem:             54448 kB
KReclaimable:      57152 kB
Slab:             284396 kB
SReclaimable:      57152 kB
SUnreclaim:       227244 kB
KernelStack:       18272 kB
PageTables:        51052 kB
SecPageTables:         0 kB
NFS_Unstable:          0 kB
Bounce:                0 kB
WritebackTmp:          0 kB
CommitLimit:     8258920 kB
Committed_AS:   11409568 kB
VmallocTotal:   34359738367 kB
VmallocUsed:       46536 kB
VmallocChunk:          0 kB
Percpu:            13280 kB
HardwareCorrupted:     0 kB
AnonHugePages:   1714176 kB
ShmemHugePages:        0 kB
ShmemPmdMapped:        0 kB
FileHugePages:         0 kB
FilePmdMapped:         0 kB
CmaTotal:              0 kB
CmaFree:               0 kB
Unaccepted:            0 kB
Balloon:               0 kB
HugePages_Total:       0
HugePages_Free:        0
HugePages_Rsvd:        0
HugePages_Surp:        0
Hugepagesize:       2048 kB
Hugetlb:               0 kB
DirectMap4k:      194432 kB
DirectMap2M:     6096896 kB
DirectMap1G:     4194304 kB
---SNAPSHOT---
2026-04-27 15:07:54
MemTotal:        8129240 kB
MemFree:         3794904 kB
MemAvailable:    3528608 kB
Buffers:            5472 kB
Cached:           314292 kB
SwapCached:      1084772 kB
Active:          2113512 kB
Inactive:        1550832 kB
Active(anon):    2004712 kB
Inactive(anon):  1394288 kB
Active(file):     108800 kB
Inactive(file):   156544 kB
Unevictable:          16 kB
Mlocked:              16 kB
SwapTotal:       4194300 kB
SwapFree:        2971628 kB
Zswap:                 0 kB
Zswapped:              0 kB
Dirty:               168 kB
Writeback:           568 kB
AnonPages:       2267328 kB
Mapped:           268416 kB
Shmem:             54448 kB
KReclaimable:      57152 kB
Slab:             284380 kB
SReclaimable:      57152 kB
SUnreclaim:       227228 kB
KernelStack:       18272 kB
PageTables:        49420 kB
SecPageTables:         0 kB
NFS_Unstable:          0 kB
Bounce:                0 kB
WritebackTmp:          0 kB
CommitLimit:     8258920 kB
Committed_AS:   11409572 kB
VmallocTotal:   34359738367 kB
VmallocUsed:       46520 kB
VmallocChunk:          0 kB
Percpu:            13280 kB
HardwareCorrupted:     0 kB
AnonHugePages:    776192 kB
ShmemHugePages:        0 kB
ShmemPmdMapped:        0 kB
FileHugePages:         0 kB
FilePmdMapped:         0 kB
CmaTotal:              0 kB
CmaFree:               0 kB
Unaccepted:            0 kB
Balloon:               0 kB
HugePages_Total:       0
HugePages_Free:        0
HugePages_Rsvd:        0
HugePages_Surp:        0
Hugepagesize:       2048 kB
Hugetlb:               0 kB
DirectMap4k:      194432 kB
DirectMap2M:     6096896 kB
DirectMap1G:     4194304 kB
---SNAPSHOT---
2026-04-27 15:07:55
MemTotal:        8129240 kB
MemFree:         3299288 kB
MemAvailable:    3032996 kB
Buffers:            5472 kB
Cached:           314296 kB
SwapCached:      1157324 kB
Active:          2568156 kB
Inactive:        1623028 kB
Active(anon):    2459356 kB
Inactive(anon):  1466480 kB
Active(file):     108800 kB
Inactive(file):   156548 kB
Unevictable:          16 kB
Mlocked:              16 kB
SwapTotal:       4194300 kB
SwapFree:        2899460 kB
Zswap:                 0 kB
Zswapped:              0 kB
Dirty:               172 kB
Writeback:           184 kB
AnonPages:       2721424 kB
Mapped:           268416 kB
Shmem:             54448 kB
KReclaimable:      57152 kB
Slab:             284412 kB
SReclaimable:      57152 kB
SUnreclaim:       227260 kB
KernelStack:       18288 kB
PageTables:        50136 kB
SecPageTables:         0 kB
NFS_Unstable:          0 kB
Bounce:                0 kB
WritebackTmp:          0 kB
CommitLimit:     8258920 kB
Committed_AS:   11409596 kB
VmallocTotal:   34359738367 kB
VmallocUsed:       46520 kB
VmallocChunk:          0 kB
Percpu:            13280 kB
HardwareCorrupted:     0 kB
AnonHugePages:   1230848 kB
ShmemHugePages:        0 kB
ShmemPmdMapped:        0 kB
FileHugePages:         0 kB
FilePmdMapped:         0 kB
CmaTotal:              0 kB
CmaFree:               0 kB
Unaccepted:            0 kB
Balloon:               0 kB
HugePages_Total:       0
HugePages_Free:        0
HugePages_Rsvd:        0
HugePages_Surp:        0
Hugepagesize:       2048 kB
Hugetlb:               0 kB
DirectMap4k:      194432 kB
DirectMap2M:     6096896 kB
DirectMap1G:     4194304 kB
---SNAPSHOT---
2026-04-27 15:07:56
MemTotal:        8129240 kB
MemFree:         3592020 kB
MemAvailable:    3325732 kB
Buffers:            5472 kB
Cached:           314300 kB
SwapCached:      1081328 kB
Active:          2322592 kB
Inactive:        1548008 kB
Active(anon):    2213792 kB
Inactive(anon):  1391452 kB
Active(file):     108800 kB
Inactive(file):   156556 kB
Unevictable:          16 kB
Mlocked:              16 kB
SwapTotal:       4194300 kB
SwapFree:        2975608 kB
Zswap:                 0 kB
Zswapped:              0 kB
Dirty:               176 kB
Writeback:          1128 kB
AnonPages:       2475020 kB
Mapped:           268416 kB
Shmem:             54448 kB
KReclaimable:      57152 kB
Slab:             285324 kB
SReclaimable:      57152 kB
SUnreclaim:       228172 kB
KernelStack:       18228 kB
PageTables:        50340 kB
SecPageTables:         0 kB
NFS_Unstable:          0 kB
Bounce:                0 kB
WritebackTmp:          0 kB
CommitLimit:     8258920 kB
Committed_AS:   11409328 kB
VmallocTotal:   34359738367 kB
VmallocUsed:       46552 kB
VmallocChunk:          0 kB
Percpu:            13280 kB
HardwareCorrupted:     0 kB
AnonHugePages:    987136 kB
ShmemHugePages:        0 kB
ShmemPmdMapped:        0 kB
FileHugePages:         0 kB
FilePmdMapped:         0 kB
CmaTotal:              0 kB
CmaFree:               0 kB
Unaccepted:            0 kB
Balloon:               0 kB
HugePages_Total:       0
HugePages_Free:        0
HugePages_Rsvd:        0
HugePages_Surp:        0
Hugepagesize:       2048 kB
Hugetlb:               0 kB
DirectMap4k:      194432 kB
DirectMap2M:     6096896 kB
DirectMap1G:     4194304 kB
---SNAPSHOT---
2026-04-27 15:07:57
MemTotal:        8129240 kB
MemFree:         4464488 kB
MemAvailable:    4198200 kB
Buffers:            5472 kB
Cached:           314308 kB
SwapCached:       121608 kB
Active:          2433420 kB
Inactive:         589988 kB
Active(anon):    2324620 kB
Inactive(anon):   433428 kB
Active(file):     108800 kB
Inactive(file):   156560 kB
Unevictable:          16 kB
Mlocked:              16 kB
SwapTotal:       4194300 kB
SwapFree:        3935176 kB
Zswap:                 0 kB
Zswapped:              0 kB
Dirty:               184 kB
Writeback:             0 kB
AnonPages:       2584880 kB
Mapped:           268644 kB
Shmem:             54448 kB
KReclaimable:      57152 kB
Slab:             284388 kB
SReclaimable:      57152 kB
SUnreclaim:       227236 kB
KernelStack:       18272 kB
PageTables:        48088 kB
SecPageTables:         0 kB
NFS_Unstable:          0 kB
Bounce:                0 kB
WritebackTmp:          0 kB
CommitLimit:     8258920 kB
Committed_AS:   11409328 kB
VmallocTotal:   34359738367 kB
VmallocUsed:       46584 kB
VmallocChunk:          0 kB
Percpu:            13280 kB
HardwareCorrupted:     0 kB
AnonHugePages:    974848 kB
ShmemHugePages:        0 kB
ShmemPmdMapped:        0 kB
FileHugePages:         0 kB
FilePmdMapped:         0 kB
CmaTotal:              0 kB
CmaFree:               0 kB
Unaccepted:            0 kB
Balloon:               0 kB
HugePages_Total:       0
HugePages_Free:        0
HugePages_Rsvd:        0
HugePages_Surp:        0
Hugepagesize:       2048 kB
Hugetlb:               0 kB
DirectMap4k:      194432 kB
DirectMap2M:     6096896 kB
DirectMap1G:     4194304 kB
---SNAPSHOT---
2026-04-27 15:07:58
MemTotal:        8129240 kB
MemFree:         3570928 kB
MemAvailable:    3304648 kB
Buffers:            5480 kB
Cached:           314312 kB
SwapCached:       121608 kB
Active:          3333188 kB
Inactive:         590004 kB
Active(anon):    3224388 kB
Inactive(anon):   433428 kB
Active(file):     108800 kB
Inactive(file):   156576 kB
Unevictable:          16 kB
Mlocked:              16 kB
SwapTotal:       4194300 kB
SwapFree:        3935176 kB
Zswap:                 0 kB
Zswapped:              0 kB
Dirty:               188 kB
Writeback:             0 kB
AnonPages:       3484900 kB
Mapped:           268416 kB
Shmem:             54448 kB
KReclaimable:      57152 kB
Slab:             284388 kB
SReclaimable:      57152 kB
SUnreclaim:       227236 kB
KernelStack:       18288 kB
PageTables:        49620 kB
SecPageTables:         0 kB
NFS_Unstable:          0 kB
Bounce:                0 kB
WritebackTmp:          0 kB
CommitLimit:     8258920 kB
Committed_AS:   11409328 kB
VmallocTotal:   34359738367 kB
VmallocUsed:       46520 kB
VmallocChunk:          0 kB
Percpu:            13280 kB
HardwareCorrupted:     0 kB
AnonHugePages:   1654784 kB
ShmemHugePages:        0 kB
ShmemPmdMapped:        0 kB
FileHugePages:         0 kB
FilePmdMapped:         0 kB
CmaTotal:              0 kB
CmaFree:               0 kB
Unaccepted:            0 kB
Balloon:               0 kB
HugePages_Total:       0
HugePages_Free:        0
HugePages_Rsvd:        0
HugePages_Surp:        0
Hugepagesize:       2048 kB
Hugetlb:               0 kB
DirectMap4k:      194432 kB
DirectMap2M:     6096896 kB
DirectMap1G:     4194304 kB
---SNAPSHOT---
2026-04-27 15:07:59
MemTotal:        8129240 kB
MemFree:         4399764 kB
MemAvailable:    4133488 kB
Buffers:            5480 kB
Cached:           314320 kB
SwapCached:       121608 kB
Active:          2428052 kB
Inactive:         590008 kB
Active(anon):    2319252 kB
Inactive(anon):   433428 kB
Active(file):     108800 kB
Inactive(file):   156580 kB
Unevictable:          16 kB
Mlocked:              16 kB
SwapTotal:       4194300 kB
SwapFree:        3935176 kB
Zswap:                 0 kB
Zswapped:              0 kB
Dirty:               196 kB
Writeback:             0 kB
AnonPages:       2579856 kB
Mapped:           268416 kB
Shmem:             54448 kB
KReclaimable:      57152 kB
Slab:             284388 kB
SReclaimable:      57152 kB
SUnreclaim:       227236 kB
KernelStack:       18288 kB
PageTables:        49212 kB
SecPageTables:         0 kB
NFS_Unstable:          0 kB
Bounce:                0 kB
WritebackTmp:          0 kB
CommitLimit:     8258920 kB
Committed_AS:   11409328 kB
VmallocTotal:   34359738367 kB
VmallocUsed:       46520 kB
VmallocChunk:          0 kB
Percpu:            13280 kB
HardwareCorrupted:     0 kB
AnonHugePages:    475136 kB
ShmemHugePages:        0 kB
ShmemPmdMapped:        0 kB
FileHugePages:         0 kB
FilePmdMapped:         0 kB
CmaTotal:              0 kB
CmaFree:               0 kB
Unaccepted:            0 kB
Balloon:               0 kB
HugePages_Total:       0
HugePages_Free:        0
HugePages_Rsvd:        0
HugePages_Surp:        0
Hugepagesize:       2048 kB
Hugetlb:               0 kB
DirectMap4k:      194432 kB
DirectMap2M:     6096896 kB
DirectMap1G:     4194304 kB
---SNAPSHOT---
2026-04-27 15:08:00
MemTotal:        8129240 kB
MemFree:         3990668 kB
MemAvailable:    3724396 kB
Buffers:            5480 kB
Cached:           314324 kB
SwapCached:       121608 kB
Active:          2777064 kB
Inactive:         590016 kB
Active(anon):    2668264 kB
Inactive(anon):   433428 kB
Active(file):     108800 kB
Inactive(file):   156588 kB
Unevictable:          16 kB
Mlocked:              16 kB
SwapTotal:       4194300 kB
SwapFree:        3935176 kB
Zswap:                 0 kB
Zswapped:              0 kB
Dirty:               200 kB
Writeback:             0 kB
AnonPages:       2928868 kB
Mapped:           268416 kB
Shmem:             54448 kB
KReclaimable:      57152 kB
Slab:             284388 kB
SReclaimable:      57152 kB
SUnreclaim:       227236 kB
KernelStack:       18332 kB
PageTables:        48904 kB
SecPageTables:         0 kB
NFS_Unstable:          0 kB
Bounce:                0 kB
WritebackTmp:          0 kB
CommitLimit:     8258920 kB
Committed_AS:   11409236 kB
VmallocTotal:   34359738367 kB
VmallocUsed:       46552 kB
VmallocChunk:          0 kB
Percpu:            13280 kB
HardwareCorrupted:     0 kB
AnonHugePages:   1163264 kB
ShmemHugePages:        0 kB
ShmemPmdMapped:        0 kB
FileHugePages:         0 kB
FilePmdMapped:         0 kB
CmaTotal:              0 kB
CmaFree:               0 kB
Unaccepted:            0 kB
Balloon:               0 kB
HugePages_Total:       0
HugePages_Free:        0
HugePages_Rsvd:        0
HugePages_Surp:        0
Hugepagesize:       2048 kB
Hugetlb:               0 kB
DirectMap4k:      194432 kB
DirectMap2M:     6096896 kB
DirectMap1G:     4194304 kB
---SNAPSHOT---
2026-04-27 15:08:01
MemTotal:        8129240 kB
MemFree:         3668664 kB
MemAvailable:    3402392 kB
Buffers:            5480 kB
Cached:           314328 kB
SwapCached:       121608 kB
Active:          3072672 kB
Inactive:         590020 kB
Active(anon):    2963872 kB
Inactive(anon):   433428 kB
Active(file):     108800 kB
Inactive(file):   156592 kB
Unevictable:          16 kB
Mlocked:              16 kB
SwapTotal:       4194300 kB
SwapFree:        3935176 kB
Zswap:                 0 kB
Zswapped:              0 kB
Dirty:               204 kB
Writeback:             0 kB
AnonPages:       3224224 kB
Mapped:           268428 kB
Shmem:             54448 kB
KReclaimable:      57152 kB
Slab:             284388 kB
SReclaimable:      57152 kB
SUnreclaim:       227236 kB
KernelStack:       18300 kB
PageTables:        49108 kB
SecPageTables:         0 kB
NFS_Unstable:          0 kB
Bounce:                0 kB
WritebackTmp:          0 kB
CommitLimit:     8258920 kB
Committed_AS:   11409332 kB
VmallocTotal:   34359738367 kB
VmallocUsed:       46536 kB
VmallocChunk:          0 kB
Percpu:            13280 kB
HardwareCorrupted:     0 kB
AnonHugePages:   1222656 kB
ShmemHugePages:        0 kB
ShmemPmdMapped:        0 kB
FileHugePages:         0 kB
FilePmdMapped:         0 kB
CmaTotal:              0 kB
CmaFree:               0 kB
Unaccepted:            0 kB
Balloon:               0 kB
HugePages_Total:       0
HugePages_Free:        0
HugePages_Rsvd:        0
HugePages_Surp:        0
Hugepagesize:       2048 kB
Hugetlb:               0 kB
DirectMap4k:      194432 kB
DirectMap2M:     6096896 kB
DirectMap1G:     4194304 kB
---SNAPSHOT---
2026-04-27 15:08:02
MemTotal:        8129240 kB
MemFree:         4142700 kB
MemAvailable:    3876432 kB
Buffers:            5480 kB
Cached:           314336 kB
SwapCached:       402824 kB
Active:          2395916 kB
Inactive:         869924 kB
Active(anon):    2287116 kB
Inactive(anon):   713324 kB
Active(file):     108800 kB
Inactive(file):   156600 kB
Unevictable:          16 kB
Mlocked:              16 kB
SwapTotal:       4194300 kB
SwapFree:        3653780 kB
Zswap:                 0 kB
Zswapped:              0 kB
Dirty:               212 kB
Writeback:          1136 kB
AnonPages:       2548236 kB
Mapped:           268644 kB
Shmem:             54448 kB
KReclaimable:      57152 kB
Slab:             284428 kB
SReclaimable:      57152 kB
SUnreclaim:       227276 kB
KernelStack:       18272 kB
PageTables:        49844 kB
SecPageTables:         0 kB
NFS_Unstable:          0 kB
Bounce:                0 kB
WritebackTmp:          0 kB
CommitLimit:     8258920 kB
Committed_AS:   11409236 kB
VmallocTotal:   34359738367 kB
VmallocUsed:       46536 kB
VmallocChunk:          0 kB
Percpu:            13280 kB
HardwareCorrupted:     0 kB
AnonHugePages:   1058816 kB
ShmemHugePages:        0 kB
ShmemPmdMapped:        0 kB
FileHugePages:         0 kB
FilePmdMapped:         0 kB
CmaTotal:              0 kB
CmaFree:               0 kB
Unaccepted:            0 kB
Balloon:               0 kB
HugePages_Total:       0
HugePages_Free:        0
HugePages_Rsvd:        0
HugePages_Surp:        0
Hugepagesize:       2048 kB
Hugetlb:               0 kB
DirectMap4k:      194432 kB
DirectMap2M:     6096896 kB
DirectMap1G:     4194304 kB
---SNAPSHOT---
2026-04-27 15:08:03
MemTotal:        8129240 kB
MemFree:         3928920 kB
MemAvailable:    3662660 kB
Buffers:            5488 kB
Cached:           314340 kB
SwapCached:       121624 kB
Active:          2893496 kB
Inactive:         590240 kB
Active(anon):    2784696 kB
Inactive(anon):   433628 kB
Active(file):     108800 kB
Inactive(file):   156612 kB
Unevictable:          16 kB
Mlocked:              16 kB
SwapTotal:       4194300 kB
SwapFree:        3935176 kB
Zswap:                 0 kB
Zswapped:              0 kB
Dirty:               216 kB
Writeback:             0 kB
AnonPages:       3045336 kB
Mapped:           268416 kB
Shmem:             54448 kB
KReclaimable:      57152 kB
Slab:             284444 kB
SReclaimable:      57152 kB
SUnreclaim:       227292 kB
KernelStack:       18332 kB
PageTables:        49340 kB
SecPageTables:         0 kB
NFS_Unstable:          0 kB
Bounce:                0 kB
WritebackTmp:          0 kB
CommitLimit:     8258920 kB
Committed_AS:   11409464 kB
VmallocTotal:   34359738367 kB
VmallocUsed:       46536 kB
VmallocChunk:          0 kB
Percpu:            13280 kB
HardwareCorrupted:     0 kB
AnonHugePages:   1556480 kB
ShmemHugePages:        0 kB
ShmemPmdMapped:        0 kB
FileHugePages:         0 kB
FilePmdMapped:         0 kB
CmaTotal:              0 kB
CmaFree:               0 kB
Unaccepted:            0 kB
Balloon:               0 kB
HugePages_Total:       0
HugePages_Free:        0
HugePages_Rsvd:        0
HugePages_Surp:        0
Hugepagesize:       2048 kB
Hugetlb:               0 kB
DirectMap4k:      194432 kB
DirectMap2M:     6096896 kB
DirectMap1G:     4194304 kB
---SNAPSHOT---
2026-04-27 15:08:04
MemTotal:        8129240 kB
MemFree:         3497144 kB
MemAvailable:    3230892 kB
Buffers:            5488 kB
Cached:           314356 kB
SwapCached:       121608 kB
Active:          3323552 kB
Inactive:         590056 kB
Active(anon):    3214752 kB
Inactive(anon):   433428 kB
Active(file):     108800 kB
Inactive(file):   156628 kB
Unevictable:          16 kB
Mlocked:              16 kB
SwapTotal:       4194300 kB
SwapFree:        3935176 kB
Zswap:                 0 kB
Zswapped:              0 kB
Dirty:                 4 kB
Writeback:             0 kB
AnonPages:       3475184 kB
Mapped:           268416 kB
Shmem:             54448 kB
KReclaimable:      57152 kB
Slab:             284388 kB
SReclaimable:      57152 kB
SUnreclaim:       227236 kB
KernelStack:       18256 kB
PageTables:        49776 kB
SecPageTables:         0 kB
NFS_Unstable:          0 kB
Bounce:                0 kB
WritebackTmp:          0 kB
CommitLimit:     8258920 kB
Committed_AS:   11409464 kB
VmallocTotal:   34359738367 kB
VmallocUsed:       46568 kB
VmallocChunk:          0 kB
Percpu:            13280 kB
HardwareCorrupted:     0 kB
AnonHugePages:   1986560 kB
ShmemHugePages:        0 kB
ShmemPmdMapped:        0 kB
FileHugePages:         0 kB
FilePmdMapped:         0 kB
CmaTotal:              0 kB
CmaFree:               0 kB
Unaccepted:            0 kB
Balloon:               0 kB
HugePages_Total:       0
HugePages_Free:        0
HugePages_Rsvd:        0
HugePages_Surp:        0
Hugepagesize:       2048 kB
Hugetlb:               0 kB
DirectMap4k:      194432 kB
DirectMap2M:     6096896 kB
DirectMap1G:     4194304 kB
---SNAPSHOT---
2026-04-27 15:08:05
MemTotal:        8129240 kB
MemFree:         3725176 kB
MemAvailable:    3458924 kB
Buffers:            5488 kB
Cached:           314360 kB
SwapCached:       121608 kB
Active:          3095660 kB
Inactive:         590060 kB
Active(anon):    2986860 kB
Inactive(anon):   433428 kB
Active(file):     108800 kB
Inactive(file):   156632 kB
Unevictable:          16 kB
Mlocked:              16 kB
SwapTotal:       4194300 kB
SwapFree:        3935176 kB
Zswap:                 0 kB
Zswapped:              0 kB
Dirty:                20 kB
Writeback:             0 kB
AnonPages:       3247212 kB
Mapped:           268416 kB
Shmem:             54448 kB
KReclaimable:      57152 kB
Slab:             284388 kB
SReclaimable:      57152 kB
SUnreclaim:       227236 kB
KernelStack:       18272 kB
PageTables:        49016 kB
SecPageTables:         0 kB
NFS_Unstable:          0 kB
Bounce:                0 kB
WritebackTmp:          0 kB
CommitLimit:     8258920 kB
Committed_AS:   11409344 kB
VmallocTotal:   34359738367 kB
VmallocUsed:       46568 kB
VmallocChunk:          0 kB
Percpu:            13280 kB
HardwareCorrupted:     0 kB
AnonHugePages:   1759232 kB
ShmemHugePages:        0 kB
ShmemPmdMapped:        0 kB
FileHugePages:         0 kB
FilePmdMapped:         0 kB
CmaTotal:              0 kB
CmaFree:               0 kB
Unaccepted:            0 kB
Balloon:               0 kB
HugePages_Total:       0
HugePages_Free:        0
HugePages_Rsvd:        0
HugePages_Surp:        0
Hugepagesize:       2048 kB
Hugetlb:               0 kB
DirectMap4k:      194432 kB
DirectMap2M:     6096896 kB
DirectMap1G:     4194304 kB
---SNAPSHOT---
2026-04-27 15:08:06
MemTotal:        8129240 kB
MemFree:         3569800 kB
MemAvailable:    3303552 kB
Buffers:            5488 kB
Cached:           314364 kB
SwapCached:       121608 kB
Active:          3265004 kB
Inactive:         590064 kB
Active(anon):    3156204 kB
Inactive(anon):   433428 kB
Active(file):     108800 kB
Inactive(file):   156636 kB
Unevictable:          16 kB
Mlocked:              16 kB
SwapTotal:       4194300 kB
SwapFree:        3935176 kB
Zswap:                 0 kB
Zswapped:              0 kB
Dirty:                24 kB
Writeback:             0 kB
AnonPages:       3416496 kB
Mapped:           268416 kB
Shmem:             54448 kB
KReclaimable:      57152 kB
Slab:             284388 kB
SReclaimable:      57152 kB
SUnreclaim:       227236 kB
KernelStack:       18272 kB
PageTables:        49628 kB
SecPageTables:         0 kB
NFS_Unstable:          0 kB
Bounce:                0 kB
WritebackTmp:          0 kB
CommitLimit:     8258920 kB
Committed_AS:   11409112 kB
VmallocTotal:   34359738367 kB
VmallocUsed:       46504 kB
VmallocChunk:          0 kB
Percpu:            13280 kB
HardwareCorrupted:     0 kB
AnonHugePages:   1927168 kB
ShmemHugePages:        0 kB
ShmemPmdMapped:        0 kB
FileHugePages:         0 kB
FilePmdMapped:         0 kB
CmaTotal:              0 kB
CmaFree:               0 kB
Unaccepted:            0 kB
Balloon:               0 kB
HugePages_Total:       0
HugePages_Free:        0
HugePages_Rsvd:        0
HugePages_Surp:        0
Hugepagesize:       2048 kB
Hugetlb:               0 kB
DirectMap4k:      194432 kB
DirectMap2M:     6096896 kB
DirectMap1G:     4194304 kB
---SNAPSHOT---
2026-04-27 15:08:07
MemTotal:        8129240 kB
MemFree:         3514780 kB
MemAvailable:    3248536 kB
Buffers:            5488 kB
Cached:           314372 kB
SwapCached:       237888 kB
Active:          3206304 kB
Inactive:         705668 kB
Active(anon):    3097504 kB
Inactive(anon):   549024 kB
Active(file):     108800 kB
Inactive(file):   156644 kB
Unevictable:          16 kB
Mlocked:              16 kB
SwapTotal:       4194300 kB
SwapFree:        3818720 kB
Zswap:                 0 kB
Zswapped:              0 kB
Dirty:                32 kB
Writeback:           912 kB
AnonPages:       3359124 kB
Mapped:           268416 kB
Shmem:             54448 kB
KReclaimable:      57152 kB
Slab:             284388 kB
SReclaimable:      57152 kB
SUnreclaim:       227236 kB
KernelStack:       18272 kB
PageTables:        49640 kB
SecPageTables:         0 kB
NFS_Unstable:          0 kB
Bounce:                0 kB
WritebackTmp:          0 kB
CommitLimit:     8258920 kB
Committed_AS:   11409264 kB
VmallocTotal:   34359738367 kB
VmallocUsed:       46472 kB
VmallocChunk:          0 kB
Percpu:            13280 kB
HardwareCorrupted:     0 kB
AnonHugePages:   1867776 kB
ShmemHugePages:        0 kB
ShmemPmdMapped:        0 kB
FileHugePages:         0 kB
FilePmdMapped:         0 kB
CmaTotal:              0 kB
CmaFree:               0 kB
Unaccepted:            0 kB
Balloon:               0 kB
HugePages_Total:       0
HugePages_Free:        0
HugePages_Rsvd:        0
HugePages_Surp:        0
Hugepagesize:       2048 kB
Hugetlb:               0 kB
DirectMap4k:      194432 kB
DirectMap2M:     6096896 kB
DirectMap1G:     4194304 kB
---SNAPSHOT---
2026-04-27 15:08:08
MemTotal:        8129240 kB
MemFree:         3823192 kB
MemAvailable:    3556952 kB
Buffers:            5496 kB
Cached:           314376 kB
SwapCached:       462560 kB
Active:          2651844 kB
Inactive:         931116 kB
Active(anon):    2543044 kB
Inactive(anon):   774460 kB
Active(file):     108800 kB
Inactive(file):   156656 kB
Unevictable:          16 kB
Mlocked:              16 kB
SwapTotal:       4194300 kB
SwapFree:        3594336 kB
Zswap:                 0 kB
Zswapped:              0 kB
Dirty:                60 kB
Writeback:            80 kB
AnonPages:       2803372 kB
Mapped:           268416 kB
Shmem:             54448 kB
KReclaimable:      57152 kB
Slab:             284452 kB
SReclaimable:      57152 kB
SUnreclaim:       227300 kB
KernelStack:       18256 kB
PageTables:        50384 kB
SecPageTables:         0 kB
NFS_Unstable:          0 kB
Bounce:                0 kB
WritebackTmp:          0 kB
CommitLimit:     8258920 kB
Committed_AS:   11409220 kB
VmallocTotal:   34359738367 kB
VmallocUsed:       46488 kB
VmallocChunk:          0 kB
Percpu:            13280 kB
HardwareCorrupted:     0 kB
AnonHugePages:   1316864 kB
ShmemHugePages:        0 kB
ShmemPmdMapped:        0 kB
FileHugePages:         0 kB
FilePmdMapped:         0 kB
CmaTotal:              0 kB
CmaFree:               0 kB
Unaccepted:            0 kB
Balloon:               0 kB
HugePages_Total:       0
HugePages_Free:        0
HugePages_Rsvd:        0
HugePages_Surp:        0
Hugepagesize:       2048 kB
Hugetlb:               0 kB
DirectMap4k:      194432 kB
DirectMap2M:     6096896 kB
DirectMap1G:     4194304 kB
---SNAPSHOT---
2026-04-27 15:08:09
MemTotal:        8129240 kB
MemFree:         4468384 kB
MemAvailable:    4202152 kB
Buffers:            5496 kB
Cached:           314388 kB
SwapCached:       121608 kB
Active:          2337900 kB
Inactive:         590096 kB
Active(anon):    2229100 kB
Inactive(anon):   433428 kB
Active(file):     108800 kB
Inactive(file):   156668 kB
Unevictable:          16 kB
Mlocked:              16 kB
SwapTotal:       4194300 kB
SwapFree:        3935176 kB
Zswap:                 0 kB
Zswapped:              0 kB
Dirty:                72 kB
Writeback:             0 kB
AnonPages:       2489684 kB
Mapped:           268416 kB
Shmem:             54448 kB
KReclaimable:      57152 kB
Slab:             284412 kB
SReclaimable:      57152 kB
SUnreclaim:       227260 kB
KernelStack:       18332 kB
PageTables:        48244 kB
SecPageTables:         0 kB
NFS_Unstable:          0 kB
Bounce:                0 kB
WritebackTmp:          0 kB
CommitLimit:     8258920 kB
