---SNAPSHOT---
2026-04-27 15:16:59
MemTotal:        8129240 kB
MemFree:         5422648 kB
MemAvailable:    5148288 kB
Buffers:            4700 kB
Cached:           284292 kB
SwapCached:       121788 kB
Active:          1521140 kB
Inactive:         583056 kB
Active(anon):    1424340 kB
Inactive(anon):   428336 kB
Active(file):      96800 kB
Inactive(file):   154720 kB
Unevictable:           0 kB
Mlocked:               0 kB
SwapTotal:       4194300 kB
SwapFree:        3935004 kB
Zswap:                 0 kB
Zswapped:              0 kB
Dirty:                48 kB
Writeback:             0 kB
AnonPages:       1697100 kB
Mapped:           247680 kB
Shmem:             37304 kB
KReclaimable:      54848 kB
Slab:             282004 kB
SReclaimable:      54848 kB
SUnreclaim:       227156 kB
KernelStack:       18200 kB
PageTables:        45932 kB
SecPageTables:         0 kB
NFS_Unstable:          0 kB
Bounce:                0 kB
WritebackTmp:          0 kB
CommitLimit:     8258920 kB
Committed_AS:    8754548 kB
VmallocTotal:   34359738367 kB
VmallocUsed:       46408 kB
VmallocChunk:          0 kB
Percpu:            13280 kB
HardwareCorrupted:     0 kB
AnonHugePages:    212992 kB
ShmemHugePages:        0 kB
ShmemPmdMapped:        0 kB
FileHugePages:         0 kB
FilePmdMapped:         0 kB
CmaTotal:              0 kB
CmaFree:               0 kB
Unaccepted:            0 kB
Balloon:               0 kB
HugePages_Total:       0
HugePages_Free:        0
HugePages_Rsvd:        0
HugePages_Surp:        0
Hugepagesize:       2048 kB
Hugetlb:               0 kB
DirectMap4k:      194432 kB
DirectMap2M:     6096896 kB
DirectMap1G:     4194304 kB
---SNAPSHOT---
2026-04-27 15:17:00
MemTotal:        8129240 kB
MemFree:         5425032 kB
MemAvailable:    5151568 kB
Buffers:            4860 kB
Cached:           285052 kB
SwapCached:       121788 kB
Active:          1521288 kB
Inactive:         583788 kB
Active(anon):    1424084 kB
Inactive(anon):   428336 kB
Active(file):      97204 kB
Inactive(file):   155452 kB
Unevictable:           0 kB
Mlocked:               0 kB
SwapTotal:       4194300 kB
SwapFree:        3935004 kB
Zswap:                 0 kB
Zswapped:              0 kB
Dirty:                76 kB
Writeback:             0 kB
AnonPages:       1696636 kB
Mapped:           247776 kB
Shmem:             37304 kB
KReclaimable:      55504 kB
Slab:             282660 kB
SReclaimable:      55504 kB
SUnreclaim:       227156 kB
KernelStack:       18192 kB
PageTables:        45836 kB
SecPageTables:         0 kB
NFS_Unstable:          0 kB
Bounce:                0 kB
WritebackTmp:          0 kB
CommitLimit:     8258920 kB
Committed_AS:    8753444 kB
VmallocTotal:   34359738367 kB
VmallocUsed:       46488 kB
VmallocChunk:          0 kB
Percpu:            13280 kB
HardwareCorrupted:     0 kB
AnonHugePages:    212992 kB
ShmemHugePages:        0 kB
ShmemPmdMapped:        0 kB
FileHugePages:         0 kB
FilePmdMapped:         0 kB
CmaTotal:              0 kB
CmaFree:               0 kB
Unaccepted:            0 kB
Balloon:               0 kB
HugePages_Total:       0
HugePages_Free:        0
HugePages_Rsvd:        0
HugePages_Surp:        0
Hugepagesize:       2048 kB
Hugetlb:               0 kB
DirectMap4k:      194432 kB
DirectMap2M:     6096896 kB
DirectMap1G:     4194304 kB
---SNAPSHOT---
2026-04-27 15:17:01
MemTotal:        8129240 kB
MemFree:         5429440 kB
MemAvailable:    5155980 kB
Buffers:            4860 kB
Cached:           285056 kB
SwapCached:       121788 kB
Active:          1521088 kB
Inactive:         583792 kB
Active(anon):    1423884 kB
Inactive(anon):   428336 kB
Active(file):      97204 kB
Inactive(file):   155456 kB
Unevictable:           0 kB
Mlocked:               0 kB
SwapTotal:       4194300 kB
SwapFree:        3935004 kB
Zswap:                 0 kB
Zswapped:              0 kB
Dirty:                80 kB
Writeback:             0 kB
AnonPages:       1696340 kB
Mapped:           247712 kB
Shmem:             37304 kB
KReclaimable:      55504 kB
Slab:             282660 kB
SReclaimable:      55504 kB
SUnreclaim:       227156 kB
KernelStack:       18144 kB
PageTables:        45404 kB
SecPageTables:         0 kB
NFS_Unstable:          0 kB
Bounce:                0 kB
WritebackTmp:          0 kB
CommitLimit:     8258920 kB
Committed_AS:    8752180 kB
VmallocTotal:   34359738367 kB
VmallocUsed:       46408 kB
VmallocChunk:          0 kB
Percpu:            13280 kB
HardwareCorrupted:     0 kB
AnonHugePages:    212992 kB
ShmemHugePages:        0 kB
ShmemPmdMapped:        0 kB
FileHugePages:         0 kB
FilePmdMapped:         0 kB
CmaTotal:              0 kB
CmaFree:               0 kB
Unaccepted:            0 kB
Balloon:               0 kB
HugePages_Total:       0
HugePages_Free:        0
HugePages_Rsvd:        0
HugePages_Surp:        0
Hugepagesize:       2048 kB
Hugetlb:               0 kB
DirectMap4k:      194432 kB
DirectMap2M:     6096896 kB
DirectMap1G:     4194304 kB
---SNAPSHOT---
2026-04-27 15:17:02
MemTotal:        8129240 kB
MemFree:         5432132 kB
MemAvailable:    5161904 kB
Buffers:            5904 kB
Cached:           290612 kB
SwapCached:       121788 kB
Active:          1526844 kB
Inactive:         584776 kB
Active(anon):    1424160 kB
Inactive(anon):   428336 kB
Active(file):     102684 kB
Inactive(file):   156440 kB
Unevictable:           0 kB
Mlocked:               0 kB
SwapTotal:       4194300 kB
SwapFree:        3935004 kB
Zswap:                 0 kB
Zswapped:              0 kB
Dirty:               312 kB
Writeback:             0 kB
AnonPages:       1696540 kB
Mapped:           247944 kB
Shmem:             37304 kB
KReclaimable:      55504 kB
Slab:             282660 kB
SReclaimable:      55504 kB
SUnreclaim:       227156 kB
KernelStack:       18128 kB
PageTables:        45384 kB
SecPageTables:         0 kB
NFS_Unstable:          0 kB
Bounce:                0 kB
WritebackTmp:          0 kB
CommitLimit:     8258920 kB
Committed_AS:    8760416 kB
VmallocTotal:   34359738367 kB
VmallocUsed:       46408 kB
VmallocChunk:          0 kB
Percpu:            13280 kB
HardwareCorrupted:     0 kB
AnonHugePages:    212992 kB
ShmemHugePages:        0 kB
ShmemPmdMapped:        0 kB
FileHugePages:         0 kB
FilePmdMapped:         0 kB
CmaTotal:              0 kB
CmaFree:               0 kB
Unaccepted:            0 kB
Balloon:               0 kB
HugePages_Total:       0
HugePages_Free:        0
HugePages_Rsvd:        0
HugePages_Surp:        0
Hugepagesize:       2048 kB
Hugetlb:               0 kB
DirectMap4k:      194432 kB
DirectMap2M:     6096896 kB
DirectMap1G:     4194304 kB
---SNAPSHOT---
2026-04-27 15:17:03
MemTotal:        8129240 kB
MemFree:         4506980 kB
MemAvailable:    4241636 kB
Buffers:            6172 kB
Cached:           317080 kB
SwapCached:       121788 kB
Active:          2462864 kB
Inactive:         585408 kB
Active(anon):    2351104 kB
Inactive(anon):   428336 kB
Active(file):     111760 kB
Inactive(file):   157072 kB
Unevictable:          16 kB
Mlocked:              16 kB
SwapTotal:       4194300 kB
SwapFree:        3935004 kB
Zswap:                 0 kB
Zswapped:              0 kB
Dirty:               492 kB
Writeback:             0 kB
AnonPages:       2606304 kB
Mapped:           268416 kB
Shmem:             54452 kB
KReclaimable:      55568 kB
Slab:             282744 kB
SReclaimable:      55568 kB
SUnreclaim:       227176 kB
KernelStack:       18352 kB
PageTables:        48188 kB
SecPageTables:         0 kB
NFS_Unstable:          0 kB
Bounce:                0 kB
WritebackTmp:          0 kB
CommitLimit:     8258920 kB
Committed_AS:   11410952 kB
VmallocTotal:   34359738367 kB
VmallocUsed:       46536 kB
VmallocChunk:          0 kB
Percpu:            13280 kB
HardwareCorrupted:     0 kB
AnonHugePages:   1114112 kB
ShmemHugePages:        0 kB
ShmemPmdMapped:        0 kB
FileHugePages:         0 kB
FilePmdMapped:         0 kB
CmaTotal:              0 kB
CmaFree:               0 kB
Unaccepted:            0 kB
Balloon:               0 kB
HugePages_Total:       0
HugePages_Free:        0
HugePages_Rsvd:        0
HugePages_Surp:        0
Hugepagesize:       2048 kB
Hugetlb:               0 kB
DirectMap4k:      194432 kB
DirectMap2M:     6096896 kB
DirectMap1G:     4194304 kB
---SNAPSHOT---
2026-04-27 15:17:04
MemTotal:        8129240 kB
MemFree:         3714904 kB
MemAvailable:    3449564 kB
Buffers:            6172 kB
Cached:           317088 kB
SwapCached:       121788 kB
Active:          3255008 kB
Inactive:         585416 kB
Active(anon):    3143248 kB
Inactive(anon):   428336 kB
Active(file):     111760 kB
Inactive(file):   157080 kB
Unevictable:          16 kB
Mlocked:              16 kB
SwapTotal:       4194300 kB
SwapFree:        3935004 kB
Zswap:                 0 kB
Zswapped:              0 kB
Dirty:               500 kB
Writeback:             0 kB
AnonPages:       3398320 kB
Mapped:           268396 kB
Shmem:             54452 kB
KReclaimable:      55568 kB
Slab:             282744 kB
SReclaimable:      55568 kB
SUnreclaim:       227176 kB
KernelStack:       18304 kB
PageTables:        49480 kB
SecPageTables:         0 kB
NFS_Unstable:          0 kB
Bounce:                0 kB
WritebackTmp:          0 kB
CommitLimit:     8258920 kB
Committed_AS:   11409052 kB
VmallocTotal:   34359738367 kB
VmallocUsed:       46504 kB
VmallocChunk:          0 kB
Percpu:            13280 kB
HardwareCorrupted:     0 kB
AnonHugePages:   1906688 kB
ShmemHugePages:        0 kB
ShmemPmdMapped:        0 kB
FileHugePages:         0 kB
FilePmdMapped:         0 kB
CmaTotal:              0 kB
CmaFree:               0 kB
Unaccepted:            0 kB
Balloon:               0 kB
HugePages_Total:       0
HugePages_Free:        0
HugePages_Rsvd:        0
HugePages_Surp:        0
Hugepagesize:       2048 kB
Hugetlb:               0 kB
DirectMap4k:      194432 kB
DirectMap2M:     6096896 kB
DirectMap1G:     4194304 kB
---SNAPSHOT---
2026-04-27 15:17:05
MemTotal:        8129240 kB
MemFree:         2886444 kB
MemAvailable:    2621876 kB
Buffers:            6172 kB
Cached:           317096 kB
SwapCached:       202424 kB
Active:          3996312 kB
Inactive:         664040 kB
Active(anon):    3884552 kB
Inactive(anon):   506952 kB
Active(file):     111760 kB
Inactive(file):   157088 kB
Unevictable:          16 kB
Mlocked:              16 kB
SwapTotal:       4194300 kB
SwapFree:        3854120 kB
Zswap:                 0 kB
Zswapped:              0 kB
Dirty:               504 kB
Writeback:           776 kB
AnonPages:       4141532 kB
Mapped:           268396 kB
Shmem:             54452 kB
KReclaimable:      57104 kB
Slab:             284276 kB
SReclaimable:      57104 kB
SUnreclaim:       227172 kB
KernelStack:       18364 kB
PageTables:        51200 kB
SecPageTables:         0 kB
NFS_Unstable:          0 kB
Bounce:                0 kB
WritebackTmp:          0 kB
CommitLimit:     8258920 kB
Committed_AS:   11409784 kB
VmallocTotal:   34359738367 kB
VmallocUsed:       46568 kB
VmallocChunk:          0 kB
Percpu:            13280 kB
HardwareCorrupted:     0 kB
AnonHugePages:   2648064 kB
ShmemHugePages:        0 kB
ShmemPmdMapped:        0 kB
FileHugePages:         0 kB
FilePmdMapped:         0 kB
CmaTotal:              0 kB
CmaFree:               0 kB
Unaccepted:            0 kB
Balloon:               0 kB
HugePages_Total:       0
HugePages_Free:        0
HugePages_Rsvd:        0
HugePages_Surp:        0
Hugepagesize:       2048 kB
Hugetlb:               0 kB
DirectMap4k:      194432 kB
DirectMap2M:     6096896 kB
DirectMap1G:     4194304 kB
---SNAPSHOT---
2026-04-27 15:17:06
MemTotal:        8129240 kB
MemFree:         3234428 kB
MemAvailable:    2969860 kB
Buffers:            6172 kB
Cached:           317100 kB
SwapCached:       362112 kB
Active:          3443384 kB
Inactive:         822868 kB
Active(anon):    3331624 kB
Inactive(anon):   665780 kB
Active(file):     111760 kB
Inactive(file):   157088 kB
Unevictable:          16 kB
Mlocked:              16 kB
SwapTotal:       4194300 kB
SwapFree:        3694388 kB
Zswap:                 0 kB
Zswapped:              0 kB
Dirty:               508 kB
Writeback:           412 kB
AnonPages:       3590432 kB
Mapped:           268396 kB
Shmem:             54452 kB
KReclaimable:      57104 kB
Slab:             284300 kB
SReclaimable:      57104 kB
SUnreclaim:       227196 kB
KernelStack:       18364 kB
PageTables:        50484 kB
SecPageTables:         0 kB
NFS_Unstable:          0 kB
Bounce:                0 kB
WritebackTmp:          0 kB
CommitLimit:     8258920 kB
Committed_AS:   11409288 kB
VmallocTotal:   34359738367 kB
VmallocUsed:       46568 kB
VmallocChunk:          0 kB
Percpu:            13280 kB
HardwareCorrupted:     0 kB
AnonHugePages:   1884160 kB
ShmemHugePages:        0 kB
ShmemPmdMapped:        0 kB
FileHugePages:         0 kB
FilePmdMapped:         0 kB
CmaTotal:              0 kB
CmaFree:               0 kB
Unaccepted:            0 kB
Balloon:               0 kB
HugePages_Total:       0
HugePages_Free:        0
HugePages_Rsvd:        0
HugePages_Surp:        0
Hugepagesize:       2048 kB
Hugetlb:               0 kB
DirectMap4k:      194432 kB
DirectMap2M:     6096896 kB
DirectMap1G:     4194304 kB
---SNAPSHOT---
2026-04-27 15:17:07
MemTotal:        8129240 kB
MemFree:         3004312 kB
MemAvailable:    2739748 kB
Buffers:            6180 kB
Cached:           317108 kB
SwapCached:       517336 kB
Active:          3518960 kB
Inactive:         976768 kB
Active(anon):    3407200 kB
Inactive(anon):   819672 kB
Active(file):     111760 kB
Inactive(file):   157096 kB
Unevictable:          16 kB
Mlocked:              16 kB
SwapTotal:       4194300 kB
SwapFree:        3539216 kB
Zswap:                 0 kB
Zswapped:              0 kB
Dirty:               516 kB
Writeback:           284 kB
AnonPages:       3664192 kB
Mapped:           268488 kB
Shmem:             54452 kB
KReclaimable:      57104 kB
Slab:             284300 kB
SReclaimable:      57104 kB
SUnreclaim:       227196 kB
KernelStack:       18320 kB
PageTables:        51076 kB
SecPageTables:         0 kB
NFS_Unstable:          0 kB
Bounce:                0 kB
WritebackTmp:          0 kB
CommitLimit:     8258920 kB
Committed_AS:   11409296 kB
VmallocTotal:   34359738367 kB
VmallocUsed:       46568 kB
VmallocChunk:          0 kB
Percpu:            13280 kB
HardwareCorrupted:     0 kB
AnonHugePages:   1730560 kB
ShmemHugePages:        0 kB
ShmemPmdMapped:        0 kB
FileHugePages:         0 kB
FilePmdMapped:         0 kB
CmaTotal:              0 kB
CmaFree:               0 kB
Unaccepted:            0 kB
Balloon:               0 kB
HugePages_Total:       0
HugePages_Free:        0
HugePages_Rsvd:        0
HugePages_Surp:        0
Hugepagesize:       2048 kB
Hugetlb:               0 kB
DirectMap4k:      194432 kB
DirectMap2M:     6096896 kB
DirectMap1G:     4194304 kB
---SNAPSHOT---
2026-04-27 15:17:08
MemTotal:        8129240 kB
MemFree:         3406092 kB
MemAvailable:    3141544 kB
Buffers:            6180 kB
Cached:           317112 kB
SwapCached:       671872 kB
Active:          2927912 kB
Inactive:        1132448 kB
Active(anon):    2816152 kB
Inactive(anon):   975336 kB
Active(file):     111760 kB
Inactive(file):   157112 kB
Unevictable:          16 kB
Mlocked:              16 kB
SwapTotal:       4194300 kB
SwapFree:        3384900 kB
Zswap:                 0 kB
Zswapped:              0 kB
Dirty:               520 kB
Writeback:           192 kB
AnonPages:       3074492 kB
Mapped:           268412 kB
Shmem:             54452 kB
KReclaimable:      57120 kB
Slab:             284320 kB
SReclaimable:      57120 kB
SUnreclaim:       227200 kB
KernelStack:       18412 kB
PageTables:        50456 kB
SecPageTables:         0 kB
NFS_Unstable:          0 kB
Bounce:                0 kB
WritebackTmp:          0 kB
CommitLimit:     8258920 kB
Committed_AS:   11410336 kB
VmallocTotal:   34359738367 kB
VmallocUsed:       46632 kB
VmallocChunk:          0 kB
Percpu:            13280 kB
HardwareCorrupted:     0 kB
AnonHugePages:   1579008 kB
ShmemHugePages:        0 kB
ShmemPmdMapped:        0 kB
FileHugePages:         0 kB
FilePmdMapped:         0 kB
CmaTotal:              0 kB
CmaFree:               0 kB
Unaccepted:            0 kB
Balloon:               0 kB
HugePages_Total:       0
HugePages_Free:        0
HugePages_Rsvd:        0
HugePages_Surp:        0
Hugepagesize:       2048 kB
Hugetlb:               0 kB
DirectMap4k:      194432 kB
DirectMap2M:     6096896 kB
DirectMap1G:     4194304 kB
---SNAPSHOT---
2026-04-27 15:17:09
MemTotal:        8129240 kB
MemFree:         3172776 kB
MemAvailable:    2908232 kB
Buffers:            6180 kB
Cached:           317120 kB
SwapCached:       687696 kB
Active:          3177356 kB
Inactive:        1147016 kB
Active(anon):    3065596 kB
Inactive(anon):   989896 kB
Active(file):     111760 kB
Inactive(file):   157120 kB
Unevictable:          16 kB
Mlocked:              16 kB
SwapTotal:       4194300 kB
SwapFree:        3369096 kB
Zswap:                 0 kB
Zswapped:              0 kB
Dirty:               528 kB
Writeback:           196 kB
AnonPages:       3322464 kB
Mapped:           268396 kB
Shmem:             54452 kB
KReclaimable:      57120 kB
Slab:             284320 kB
SReclaimable:      57120 kB
SUnreclaim:       227200 kB
KernelStack:       18364 kB
PageTables:        50536 kB
SecPageTables:         0 kB
NFS_Unstable:          0 kB
Bounce:                0 kB
WritebackTmp:          0 kB
CommitLimit:     8258920 kB
Committed_AS:   11409312 kB
VmallocTotal:   34359738367 kB
VmallocUsed:       46616 kB
VmallocChunk:          0 kB
Percpu:            13280 kB
HardwareCorrupted:     0 kB
AnonHugePages:   1828864 kB
ShmemHugePages:        0 kB
ShmemPmdMapped:        0 kB
FileHugePages:         0 kB
FilePmdMapped:         0 kB
CmaTotal:              0 kB
CmaFree:               0 kB
Unaccepted:            0 kB
Balloon:               0 kB
HugePages_Total:       0
HugePages_Free:        0
HugePages_Rsvd:        0
HugePages_Surp:        0
Hugepagesize:       2048 kB
Hugetlb:               0 kB
DirectMap4k:      194432 kB
DirectMap2M:     6096896 kB
DirectMap1G:     4194304 kB
---SNAPSHOT---
2026-04-27 15:17:10
MemTotal:        8129240 kB
MemFree:         2906284 kB
MemAvailable:    2641740 kB
Buffers:            6180 kB
Cached:           317124 kB
SwapCached:       692528 kB
Active:          3437328 kB
Inactive:        1152936 kB
Active(anon):    3325568 kB
Inactive(anon):   995816 kB
Active(file):     111760 kB
Inactive(file):   157120 kB
Unevictable:          16 kB
Mlocked:              16 kB
SwapTotal:       4194300 kB
SwapFree:        3364108 kB
Zswap:                 0 kB
Zswapped:              0 kB
Dirty:               532 kB
Writeback:           208 kB
AnonPages:       3583756 kB
Mapped:           268396 kB
Shmem:             54452 kB
KReclaimable:      57120 kB
Slab:             284320 kB
SReclaimable:      57120 kB
SUnreclaim:       227200 kB
KernelStack:       18288 kB
PageTables:        51064 kB
SecPageTables:         0 kB
NFS_Unstable:          0 kB
Bounce:                0 kB
WritebackTmp:          0 kB
CommitLimit:     8258920 kB
Committed_AS:   11409780 kB
VmallocTotal:   34359738367 kB
VmallocUsed:       46616 kB
VmallocChunk:          0 kB
Percpu:            13280 kB
HardwareCorrupted:     0 kB
AnonHugePages:   2088960 kB
ShmemHugePages:        0 kB
ShmemPmdMapped:        0 kB
FileHugePages:         0 kB
FilePmdMapped:         0 kB
CmaTotal:              0 kB
CmaFree:               0 kB
Unaccepted:            0 kB
Balloon:               0 kB
HugePages_Total:       0
HugePages_Free:        0
HugePages_Rsvd:        0
HugePages_Surp:        0
Hugepagesize:       2048 kB
Hugetlb:               0 kB
DirectMap4k:      194432 kB
DirectMap2M:     6096896 kB
DirectMap1G:     4194304 kB
---SNAPSHOT---
2026-04-27 15:17:11
MemTotal:        8129240 kB
MemFree:         3230384 kB
MemAvailable:    2965844 kB
Buffers:            6180 kB
Cached:           317128 kB
SwapCached:       708496 kB
Active:          3048092 kB
Inactive:        1167312 kB
Active(anon):    2936332 kB
Inactive(anon):  1010188 kB
Active(file):     111760 kB
Inactive(file):   157124 kB
Unevictable:          16 kB
Mlocked:              16 kB
SwapTotal:       4194300 kB
SwapFree:        3348296 kB
Zswap:                 0 kB
Zswapped:              0 kB
Dirty:               536 kB
Writeback:           208 kB
AnonPages:       3192956 kB
Mapped:           268364 kB
Shmem:             54452 kB
KReclaimable:      57120 kB
Slab:             284312 kB
SReclaimable:      57120 kB
SUnreclaim:       227192 kB
KernelStack:       18288 kB
PageTables:        50372 kB
SecPageTables:         0 kB
NFS_Unstable:          0 kB
Bounce:                0 kB
WritebackTmp:          0 kB
CommitLimit:     8258920 kB
Committed_AS:   11409436 kB
VmallocTotal:   34359738367 kB
VmallocUsed:       46600 kB
VmallocChunk:          0 kB
Percpu:            13280 kB
HardwareCorrupted:     0 kB
AnonHugePages:   1699840 kB
ShmemHugePages:        0 kB
ShmemPmdMapped:        0 kB
FileHugePages:         0 kB
FilePmdMapped:         0 kB
CmaTotal:              0 kB
CmaFree:               0 kB
Unaccepted:            0 kB
Balloon:               0 kB
HugePages_Total:       0
HugePages_Free:        0
HugePages_Rsvd:        0
HugePages_Surp:        0
Hugepagesize:       2048 kB
Hugetlb:               0 kB
DirectMap4k:      194432 kB
DirectMap2M:     6096896 kB
DirectMap1G:     4194304 kB
---SNAPSHOT---
2026-04-27 15:17:12
MemTotal:        8129240 kB
MemFree:         2957748 kB
MemAvailable:    2693212 kB
Buffers:            6188 kB
Cached:           317136 kB
SwapCached:       777700 kB
Active:          3253068 kB
Inactive:        1236980 kB
Active(anon):    3141308 kB
Inactive(anon):  1079844 kB
Active(file):     111760 kB
Inactive(file):   157136 kB
Unevictable:          16 kB
Mlocked:              16 kB
SwapTotal:       4194300 kB
SwapFree:        3279092 kB
Zswap:                 0 kB
Zswapped:              0 kB
Dirty:               544 kB
Writeback:           244 kB
AnonPages:       3398332 kB
Mapped:           268464 kB
Shmem:             54452 kB
KReclaimable:      57120 kB
Slab:             284328 kB
SReclaimable:      57120 kB
SUnreclaim:       227208 kB
KernelStack:       18348 kB
PageTables:        50836 kB
SecPageTables:         0 kB
NFS_Unstable:          0 kB
Bounce:                0 kB
WritebackTmp:          0 kB
CommitLimit:     8258920 kB
Committed_AS:   11409436 kB
VmallocTotal:   34359738367 kB
VmallocUsed:       46568 kB
VmallocChunk:          0 kB
Percpu:            13280 kB
HardwareCorrupted:     0 kB
AnonHugePages:   1904640 kB
ShmemHugePages:        0 kB
ShmemPmdMapped:        0 kB
FileHugePages:         0 kB
FilePmdMapped:         0 kB
CmaTotal:              0 kB
CmaFree:               0 kB
Unaccepted:            0 kB
Balloon:               0 kB
HugePages_Total:       0
HugePages_Free:        0
HugePages_Rsvd:        0
HugePages_Surp:        0
Hugepagesize:       2048 kB
Hugetlb:               0 kB
DirectMap4k:      194432 kB
DirectMap2M:     6096896 kB
DirectMap1G:     4194304 kB
---SNAPSHOT---
2026-04-27 15:17:13
MemTotal:        8129240 kB
MemFree:         3325036 kB
MemAvailable:    3060504 kB
Buffers:            6188 kB
Cached:           317140 kB
SwapCached:       781692 kB
Active:          2876380 kB
Inactive:        1243112 kB
Active(anon):    2764620 kB
Inactive(anon):  1085968 kB
Active(file):     111760 kB
Inactive(file):   157144 kB
Unevictable:          16 kB
Mlocked:              16 kB
SwapTotal:       4194300 kB
SwapFree:        3275100 kB
Zswap:                 0 kB
Zswapped:              0 kB
Dirty:               548 kB
Writeback:           360 kB
AnonPages:       3023784 kB
Mapped:           268364 kB
Shmem:             54452 kB
KReclaimable:      57120 kB
Slab:             284320 kB
SReclaimable:      57120 kB
SUnreclaim:       227200 kB
KernelStack:       18348 kB
PageTables:        50356 kB
SecPageTables:         0 kB
NFS_Unstable:          0 kB
Bounce:                0 kB
WritebackTmp:          0 kB
CommitLimit:     8258920 kB
Committed_AS:   11409288 kB
VmallocTotal:   34359738367 kB
VmallocUsed:       46664 kB
VmallocChunk:          0 kB
Percpu:            13280 kB
HardwareCorrupted:     0 kB
AnonHugePages:   1527808 kB
ShmemHugePages:        0 kB
ShmemPmdMapped:        0 kB
FileHugePages:         0 kB
FilePmdMapped:         0 kB
CmaTotal:              0 kB
CmaFree:               0 kB
Unaccepted:            0 kB
Balloon:               0 kB
HugePages_Total:       0
HugePages_Free:        0
HugePages_Rsvd:        0
HugePages_Surp:        0
Hugepagesize:       2048 kB
Hugetlb:               0 kB
DirectMap4k:      194432 kB
DirectMap2M:     6096896 kB
DirectMap1G:     4194304 kB
---SNAPSHOT---
2026-04-27 15:17:14
MemTotal:        8129240 kB
MemFree:         3052776 kB
MemAvailable:    2788252 kB
Buffers:            6188 kB
Cached:           317148 kB
SwapCached:       784244 kB
Active:          3146944 kB
Inactive:        1243412 kB
Active(anon):    3035184 kB
Inactive(anon):  1086256 kB
Active(file):     111760 kB
Inactive(file):   157156 kB
Unevictable:          16 kB
Mlocked:              16 kB
SwapTotal:       4194300 kB
SwapFree:        3272548 kB
Zswap:                 0 kB
Zswapped:              0 kB
Dirty:               556 kB
Writeback:           824 kB
AnonPages:       3292028 kB
Mapped:           268364 kB
Shmem:             54452 kB
KReclaimable:      57120 kB
Slab:             284320 kB
SReclaimable:      57120 kB
SUnreclaim:       227200 kB
KernelStack:       18320 kB
PageTables:        50968 kB
SecPageTables:         0 kB
NFS_Unstable:          0 kB
Bounce:                0 kB
WritebackTmp:          0 kB
CommitLimit:     8258920 kB
Committed_AS:   11409288 kB
VmallocTotal:   34359738367 kB
VmallocUsed:       46648 kB
VmallocChunk:          0 kB
Percpu:            13280 kB
HardwareCorrupted:     0 kB
AnonHugePages:   1800192 kB
ShmemHugePages:        0 kB
ShmemPmdMapped:        0 kB
FileHugePages:         0 kB
FilePmdMapped:         0 kB
CmaTotal:              0 kB
CmaFree:               0 kB
Unaccepted:            0 kB
Balloon:               0 kB
HugePages_Total:       0
HugePages_Free:        0
HugePages_Rsvd:        0
HugePages_Surp:        0
Hugepagesize:       2048 kB
Hugetlb:               0 kB
DirectMap4k:      194432 kB
DirectMap2M:     6096896 kB
DirectMap1G:     4194304 kB
---SNAPSHOT---
2026-04-27 15:17:15
MemTotal:        8129240 kB
MemFree:         2817120 kB
MemAvailable:    2552596 kB
Buffers:            6188 kB
Cached:           317152 kB
SwapCached:       789496 kB
Active:          3407300 kB
Inactive:        1249428 kB
Active(anon):    3295540 kB
Inactive(anon):  1092268 kB
Active(file):     111760 kB
Inactive(file):   157160 kB
Unevictable:          16 kB
Mlocked:              16 kB
SwapTotal:       4194300 kB
SwapFree:        3267236 kB
Zswap:                 0 kB
Zswapped:              0 kB
Dirty:               560 kB
Writeback:           236 kB
AnonPages:       3552796 kB
Mapped:           268364 kB
Shmem:             54452 kB
KReclaimable:      57120 kB
Slab:             284328 kB
SReclaimable:      57120 kB
SUnreclaim:       227208 kB
KernelStack:       18348 kB
PageTables:        51380 kB
SecPageTables:         0 kB
NFS_Unstable:          0 kB
Bounce:                0 kB
WritebackTmp:          0 kB
CommitLimit:     8258920 kB
Committed_AS:   11409784 kB
VmallocTotal:   34359738367 kB
VmallocUsed:       46664 kB
VmallocChunk:          0 kB
Percpu:            13280 kB
HardwareCorrupted:     0 kB
AnonHugePages:   2060288 kB
ShmemHugePages:        0 kB
ShmemPmdMapped:        0 kB
FileHugePages:         0 kB
FilePmdMapped:         0 kB
CmaTotal:              0 kB
CmaFree:               0 kB
Unaccepted:            0 kB
Balloon:               0 kB
HugePages_Total:       0
HugePages_Free:        0
HugePages_Rsvd:        0
HugePages_Surp:        0
Hugepagesize:       2048 kB
Hugetlb:               0 kB
DirectMap4k:      194432 kB
DirectMap2M:     6096896 kB
DirectMap1G:     4194304 kB
---SNAPSHOT---
2026-04-27 15:17:16
MemTotal:        8129240 kB
MemFree:         3161772 kB
MemAvailable:    2897252 kB
Buffers:            6188 kB
Cached:           317156 kB
SwapCached:       800028 kB
Active:          3024088 kB
Inactive:        1259524 kB
Active(anon):    2912328 kB
Inactive(anon):  1102360 kB
Active(file):     111760 kB
Inactive(file):   157164 kB
Unevictable:          16 kB
Mlocked:              16 kB
SwapTotal:       4194300 kB
SwapFree:        3256764 kB
Zswap:                 0 kB
Zswapped:              0 kB
Dirty:               564 kB
Writeback:           188 kB
AnonPages:       3169908 kB
Mapped:           268364 kB
Shmem:             54452 kB
KReclaimable:      57120 kB
Slab:             284328 kB
SReclaimable:      57120 kB
SUnreclaim:       227208 kB
KernelStack:       18348 kB
PageTables:        50640 kB
SecPageTables:         0 kB
NFS_Unstable:          0 kB
Bounce:                0 kB
WritebackTmp:          0 kB
CommitLimit:     8258920 kB
Committed_AS:   11409204 kB
VmallocTotal:   34359738367 kB
VmallocUsed:       46632 kB
VmallocChunk:          0 kB
Percpu:            13280 kB
HardwareCorrupted:     0 kB
AnonHugePages:   1677312 kB
ShmemHugePages:        0 kB
ShmemPmdMapped:        0 kB
FileHugePages:         0 kB
FilePmdMapped:         0 kB
CmaTotal:              0 kB
CmaFree:               0 kB
Unaccepted:            0 kB
Balloon:               0 kB
HugePages_Total:       0
HugePages_Free:        0
HugePages_Rsvd:        0
HugePages_Surp:        0
Hugepagesize:       2048 kB
Hugetlb:               0 kB
DirectMap4k:      194432 kB
DirectMap2M:     6096896 kB
DirectMap1G:     4194304 kB
---SNAPSHOT---
2026-04-27 15:17:17
MemTotal:        8129240 kB
MemFree:         2853432 kB
MemAvailable:    2588916 kB
Buffers:            6196 kB
Cached:           317160 kB
SwapCached:       805028 kB
Active:          3351948 kB
Inactive:        1265808 kB
Active(anon):    3240188 kB
Inactive(anon):  1108632 kB
Active(file):     111760 kB
Inactive(file):   157176 kB
Unevictable:          16 kB
Mlocked:              16 kB
SwapTotal:       4194300 kB
SwapFree:        3251764 kB
Zswap:                 0 kB
Zswapped:              0 kB
Dirty:               572 kB
Writeback:           796 kB
AnonPages:       3498748 kB
Mapped:           268464 kB
Shmem:             54452 kB
KReclaimable:      57120 kB
Slab:             284328 kB
SReclaimable:      57120 kB
SUnreclaim:       227208 kB
KernelStack:       18348 kB
PageTables:        51352 kB
SecPageTables:         0 kB
NFS_Unstable:          0 kB
Bounce:                0 kB
WritebackTmp:          0 kB
CommitLimit:     8258920 kB
Committed_AS:   11409116 kB
VmallocTotal:   34359738367 kB
VmallocUsed:       46616 kB
VmallocChunk:          0 kB
Percpu:            13280 kB
HardwareCorrupted:     0 kB
AnonHugePages:   2004992 kB
ShmemHugePages:        0 kB
ShmemPmdMapped:        0 kB
FileHugePages:         0 kB
FilePmdMapped:         0 kB
CmaTotal:              0 kB
CmaFree:               0 kB
Unaccepted:            0 kB
Balloon:               0 kB
HugePages_Total:       0
HugePages_Free:        0
HugePages_Rsvd:        0
HugePages_Surp:        0
Hugepagesize:       2048 kB
Hugetlb:               0 kB
DirectMap4k:      194432 kB
DirectMap2M:     6096896 kB
DirectMap1G:     4194304 kB
---SNAPSHOT---
2026-04-27 15:17:19
MemTotal:        8129240 kB
MemFree:         3198760 kB
MemAvailable:    2934248 kB
Buffers:            6196 kB
Cached:           317168 kB
SwapCached:       805660 kB
Active:          2977352 kB
Inactive:        1265860 kB
Active(anon):    2865592 kB
Inactive(anon):  1108676 kB
Active(file):     111760 kB
Inactive(file):   157184 kB
Unevictable:          16 kB
Mlocked:              16 kB
SwapTotal:       4194300 kB
SwapFree:        3251132 kB
Zswap:                 0 kB
Zswapped:              0 kB
Dirty:               576 kB
Writeback:           244 kB
AnonPages:       3123344 kB
Mapped:           268364 kB
Shmem:             54452 kB
KReclaimable:      57120 kB
Slab:             284328 kB
SReclaimable:      57120 kB
SUnreclaim:       227208 kB
KernelStack:       18408 kB
PageTables:        50680 kB
SecPageTables:         0 kB
NFS_Unstable:          0 kB
Bounce:                0 kB
WritebackTmp:          0 kB
CommitLimit:     8258920 kB
Committed_AS:   11409564 kB
VmallocTotal:   34359738367 kB
VmallocUsed:       46696 kB
VmallocChunk:          0 kB
Percpu:            13280 kB
HardwareCorrupted:     0 kB
AnonHugePages:   1630208 kB
ShmemHugePages:        0 kB
ShmemPmdMapped:        0 kB
FileHugePages:         0 kB
FilePmdMapped:         0 kB
CmaTotal:              0 kB
CmaFree:               0 kB
Unaccepted:            0 kB
Balloon:               0 kB
HugePages_Total:       0
HugePages_Free:        0
HugePages_Rsvd:        0
HugePages_Surp:        0
Hugepagesize:       2048 kB
Hugetlb:               0 kB
DirectMap4k:      194432 kB
DirectMap2M:     6096896 kB
DirectMap1G:     4194304 kB
---SNAPSHOT---
2026-04-27 15:17:20
MemTotal:        8129240 kB
MemFree:         2939536 kB
MemAvailable:    2675028 kB
Buffers:            6196 kB
Cached:           317180 kB
SwapCached:       805876 kB
Active:          3245336 kB
Inactive:        1265868 kB
Active(anon):    3133576 kB
Inactive(anon):  1108676 kB
Active(file):     111760 kB
Inactive(file):   157192 kB
Unevictable:          16 kB
Mlocked:              16 kB
SwapTotal:       4194300 kB
SwapFree:        3250836 kB
Zswap:                 0 kB
Zswapped:              0 kB
Dirty:               588 kB
Writeback:           216 kB
AnonPages:       3391324 kB
Mapped:           268364 kB
Shmem:             54452 kB
KReclaimable:      57120 kB
Slab:             284328 kB
SReclaimable:      57120 kB
SUnreclaim:       227208 kB
KernelStack:       18408 kB
PageTables:        51368 kB
SecPageTables:         0 kB
NFS_Unstable:          0 kB
Bounce:                0 kB
WritebackTmp:          0 kB
CommitLimit:     8258920 kB
Committed_AS:   11409432 kB
VmallocTotal:   34359738367 kB
VmallocUsed:       46680 kB
VmallocChunk:          0 kB
Percpu:            13280 kB
HardwareCorrupted:     0 kB
AnonHugePages:   1898496 kB
ShmemHugePages:        0 kB
ShmemPmdMapped:        0 kB
FileHugePages:         0 kB
FilePmdMapped:         0 kB
CmaTotal:              0 kB
CmaFree:               0 kB
Unaccepted:            0 kB
Balloon:               0 kB
HugePages_Total:       0
HugePages_Free:        0
HugePages_Rsvd:        0
HugePages_Surp:        0
Hugepagesize:       2048 kB
Hugetlb:               0 kB
DirectMap4k:      194432 kB
DirectMap2M:     6096896 kB
DirectMap1G:     4194304 kB
---SNAPSHOT---
2026-04-27 15:17:21
MemTotal:        8129240 kB
MemFree:         3295288 kB
MemAvailable:    3030784 kB
Buffers:            6196 kB
Cached:           317184 kB
SwapCached:       809168 kB
Active:          2873012 kB
Inactive:        1269884 kB
Active(anon):    2761252 kB
Inactive(anon):  1112684 kB
Active(file):     111760 kB
Inactive(file):   157200 kB
Unevictable:          16 kB
Mlocked:              16 kB
SwapTotal:       4194300 kB
SwapFree:        3247624 kB
Zswap:                 0 kB
Zswapped:              0 kB
Dirty:               592 kB
Writeback:           752 kB
AnonPages:       3019616 kB
Mapped:           268364 kB
Shmem:             54452 kB
KReclaimable:      57120 kB
Slab:             284328 kB
SReclaimable:      57120 kB
SUnreclaim:       227208 kB
KernelStack:       18364 kB
PageTables:        51440 kB
SecPageTables:         0 kB
NFS_Unstable:          0 kB
Bounce:                0 kB
WritebackTmp:          0 kB
CommitLimit:     8258920 kB
Committed_AS:   11409784 kB
VmallocTotal:   34359738367 kB
VmallocUsed:       46680 kB
VmallocChunk:          0 kB
Percpu:            13280 kB
HardwareCorrupted:     0 kB
AnonHugePages:   1525760 kB
ShmemHugePages:        0 kB
ShmemPmdMapped:        0 kB
FileHugePages:         0 kB
FilePmdMapped:         0 kB
CmaTotal:              0 kB
CmaFree:               0 kB
Unaccepted:            0 kB
Balloon:               0 kB
HugePages_Total:       0
HugePages_Free:        0
HugePages_Rsvd:        0
HugePages_Surp:        0
Hugepagesize:       2048 kB
Hugetlb:               0 kB
DirectMap4k:      194432 kB
DirectMap2M:     6096896 kB
DirectMap1G:     4194304 kB
---SNAPSHOT---
2026-04-27 15:17:22
MemTotal:        8129240 kB
MemFree:         3024708 kB
MemAvailable:    2760208 kB
Buffers:            6196 kB
Cached:           317188 kB
SwapCached:       844968 kB
Active:          3108272 kB
Inactive:        1304644 kB
Active(anon):    2996512 kB
Inactive(anon):  1147440 kB
Active(file):     111760 kB
Inactive(file):   157204 kB
Unevictable:          16 kB
Mlocked:              16 kB
SwapTotal:       4194300 kB
SwapFree:        3211624 kB
Zswap:                 0 kB
Zswapped:              0 kB
Dirty:               596 kB
Writeback:           680 kB
AnonPages:       3253648 kB
Mapped:           268364 kB
Shmem:             54452 kB
KReclaimable:      57120 kB
Slab:             284304 kB
SReclaimable:      57120 kB
SUnreclaim:       227184 kB
KernelStack:       18304 kB
PageTables:        51400 kB
SecPageTables:         0 kB
NFS_Unstable:          0 kB
Bounce:                0 kB
WritebackTmp:          0 kB
CommitLimit:     8258920 kB
Committed_AS:   11409672 kB
VmallocTotal:   34359738367 kB
VmallocUsed:       46616 kB
VmallocChunk:          0 kB
Percpu:            13280 kB
HardwareCorrupted:     0 kB
AnonHugePages:   1761280 kB
ShmemHugePages:        0 kB
ShmemPmdMapped:        0 kB
FileHugePages:         0 kB
FilePmdMapped:         0 kB
CmaTotal:              0 kB
CmaFree:               0 kB
Unaccepted:            0 kB
Balloon:               0 kB
HugePages_Total:       0
HugePages_Free:        0
HugePages_Rsvd:        0
HugePages_Surp:        0
Hugepagesize:       2048 kB
Hugetlb:               0 kB
DirectMap4k:      194432 kB
DirectMap2M:     6096896 kB
DirectMap1G:     4194304 kB
---SNAPSHOT---
2026-04-27 15:17:23
MemTotal:        8129240 kB
MemFree:         2787048 kB
MemAvailable:    2522548 kB
Buffers:            6204 kB
Cached:           317192 kB
SwapCached:       999676 kB
Active:          3218656 kB
Inactive:        1458348 kB
Active(anon):    3106896 kB
Inactive(anon):  1301140 kB
Active(file):     111760 kB
Inactive(file):   157208 kB
Unevictable:          16 kB
Mlocked:              16 kB
SwapTotal:       4194300 kB
SwapFree:        3057116 kB
Zswap:                 0 kB
Zswapped:              0 kB
Dirty:               604 kB
Writeback:           260 kB
AnonPages:       3363412 kB
Mapped:           268364 kB
Shmem:             54452 kB
KReclaimable:      57120 kB
Slab:             284304 kB
SReclaimable:      57120 kB
SUnreclaim:       227184 kB
KernelStack:       18304 kB
PageTables:        51356 kB
SecPageTables:         0 kB
NFS_Unstable:          0 kB
Bounce:                0 kB
WritebackTmp:          0 kB
CommitLimit:     8258920 kB
Committed_AS:   11409288 kB
VmallocTotal:   34359738367 kB
VmallocUsed:       46600 kB
VmallocChunk:          0 kB
Percpu:            13280 kB
HardwareCorrupted:     0 kB
AnonHugePages:   1871872 kB
ShmemHugePages:        0 kB
ShmemPmdMapped:        0 kB
FileHugePages:         0 kB
FilePmdMapped:         0 kB
CmaTotal:              0 kB
CmaFree:               0 kB
Unaccepted:            0 kB
Balloon:               0 kB
HugePages_Total:       0
HugePages_Free:        0
HugePages_Rsvd:        0
HugePages_Surp:        0
Hugepagesize:       2048 kB
Hugetlb:               0 kB
DirectMap4k:      194432 kB
DirectMap2M:     6096896 kB
DirectMap1G:     4194304 kB
---SNAPSHOT---
2026-04-27 15:17:24
MemTotal:        8129240 kB
MemFree:         3128236 kB
MemAvailable:    2863744 kB
Buffers:            6204 kB
Cached:           317200 kB
SwapCached:      1195896 kB
Active:          2651612 kB
Inactive:        1654752 kB
Active(anon):    2539852 kB
Inactive(anon):  1497532 kB
Active(file):     111760 kB
Inactive(file):   157220 kB
Unevictable:          16 kB
Mlocked:              16 kB
SwapTotal:       4194300 kB
SwapFree:        2860680 kB
Zswap:                 0 kB
Zswapped:              0 kB
Dirty:               608 kB
Writeback:          1120 kB
AnonPages:       2796452 kB
Mapped:           268592 kB
Shmem:             54452 kB
KReclaimable:      57120 kB
Slab:             284304 kB
SReclaimable:      57120 kB
SUnreclaim:       227184 kB
KernelStack:       18364 kB
PageTables:        50728 kB
SecPageTables:         0 kB
NFS_Unstable:          0 kB
Bounce:                0 kB
WritebackTmp:          0 kB
CommitLimit:     8258920 kB
Committed_AS:   11409432 kB
VmallocTotal:   34359738367 kB
VmallocUsed:       46616 kB
VmallocChunk:          0 kB
Percpu:            13280 kB
HardwareCorrupted:     0 kB
AnonHugePages:   1304576 kB
ShmemHugePages:        0 kB
ShmemPmdMapped:        0 kB
FileHugePages:         0 kB
FilePmdMapped:         0 kB
CmaTotal:              0 kB
CmaFree:               0 kB
Unaccepted:            0 kB
Balloon:               0 kB
HugePages_Total:       0
HugePages_Free:        0
HugePages_Rsvd:        0
HugePages_Surp:        0
Hugepagesize:       2048 kB
Hugetlb:               0 kB
DirectMap4k:      194432 kB
DirectMap2M:     6096896 kB
DirectMap1G:     4194304 kB
---SNAPSHOT---
2026-04-27 15:17:25
MemTotal:        8129240 kB
MemFree:         2890164 kB
MemAvailable:    2625676 kB
Buffers:            6204 kB
Cached:           317208 kB
SwapCached:      1248904 kB
Active:          2865784 kB
Inactive:        1708140 kB
Active(anon):    2754024 kB
Inactive(anon):  1550908 kB
Active(file):     111760 kB
Inactive(file):   157232 kB
Unevictable:          16 kB
Mlocked:              16 kB
SwapTotal:       4194300 kB
SwapFree:        2807656 kB
Zswap:                 0 kB
Zswapped:              0 kB
Dirty:               616 kB
Writeback:           284 kB
AnonPages:       3011060 kB
Mapped:           268364 kB
Shmem:             54452 kB
KReclaimable:      57120 kB
Slab:             284308 kB
SReclaimable:      57120 kB
SUnreclaim:       227188 kB
KernelStack:       18364 kB
PageTables:        51256 kB
SecPageTables:         0 kB
NFS_Unstable:          0 kB
Bounce:                0 kB
WritebackTmp:          0 kB
CommitLimit:     8258920 kB
Committed_AS:   11409564 kB
VmallocTotal:   34359738367 kB
VmallocUsed:       46632 kB
VmallocChunk:          0 kB
Percpu:            13280 kB
HardwareCorrupted:     0 kB
AnonHugePages:   1519616 kB
ShmemHugePages:        0 kB
ShmemPmdMapped:        0 kB
FileHugePages:         0 kB
FilePmdMapped:         0 kB
CmaTotal:              0 kB
CmaFree:               0 kB
Unaccepted:            0 kB
Balloon:               0 kB
HugePages_Total:       0
HugePages_Free:        0
HugePages_Rsvd:        0
HugePages_Surp:        0
Hugepagesize:       2048 kB
Hugetlb:               0 kB
DirectMap4k:      194432 kB
DirectMap2M:     6096896 kB
DirectMap1G:     4194304 kB
---SNAPSHOT---
2026-04-27 15:17:26
MemTotal:        8129240 kB
MemFree:         3232560 kB
MemAvailable:    2968076 kB
Buffers:            6204 kB
Cached:           317212 kB
SwapCached:      1288872 kB
Active:          2452112 kB
Inactive:        1749172 kB
Active(anon):    2340352 kB
Inactive(anon):  1591936 kB
Active(file):     111760 kB
Inactive(file):   157236 kB
Unevictable:          16 kB
Mlocked:              16 kB
SwapTotal:       4194300 kB
SwapFree:        2767660 kB
Zswap:                 0 kB
Zswapped:              0 kB
Dirty:               176 kB
Writeback:           684 kB
AnonPages:       2598016 kB
Mapped:           268364 kB
Shmem:             54452 kB
KReclaimable:      57120 kB
Slab:             284288 kB
SReclaimable:      57120 kB
SUnreclaim:       227168 kB
KernelStack:       18348 kB
PageTables:        50616 kB
SecPageTables:         0 kB
NFS_Unstable:          0 kB
Bounce:                0 kB
WritebackTmp:          0 kB
CommitLimit:     8258920 kB
Committed_AS:   11409336 kB
VmallocTotal:   34359738367 kB
VmallocUsed:       46616 kB
VmallocChunk:          0 kB
Percpu:            13280 kB
HardwareCorrupted:     0 kB
AnonHugePages:   1105920 kB
ShmemHugePages:        0 kB
ShmemPmdMapped:        0 kB
FileHugePages:         0 kB
FilePmdMapped:         0 kB
CmaTotal:              0 kB
CmaFree:               0 kB
Unaccepted:            0 kB
Balloon:               0 kB
HugePages_Total:       0
HugePages_Free:        0
HugePages_Rsvd:        0
HugePages_Surp:        0
Hugepagesize:       2048 kB
Hugetlb:               0 kB
DirectMap4k:      194432 kB
DirectMap2M:     6096896 kB
DirectMap1G:     4194304 kB
---SNAPSHOT---
2026-04-27 15:17:27
MemTotal:        8129240 kB
MemFree:         2963852 kB
MemAvailable:    2699368 kB
Buffers:            6204 kB
Cached:           317216 kB
SwapCached:      1436296 kB
Active:          2574764 kB
Inactive:        1896596 kB
Active(anon):    2463004 kB
Inactive(anon):  1739356 kB
Active(file):     111760 kB
Inactive(file):   157240 kB
Unevictable:          16 kB
Mlocked:              16 kB
SwapTotal:       4194300 kB
SwapFree:        2620496 kB
Zswap:                 0 kB
Zswapped:              0 kB
Dirty:               180 kB
Writeback:           392 kB
AnonPages:       2721032 kB
Mapped:           268364 kB
Shmem:             54452 kB
KReclaimable:      57120 kB
Slab:             284304 kB
SReclaimable:      57120 kB
SUnreclaim:       227184 kB
KernelStack:       18364 kB
PageTables:        51044 kB
SecPageTables:         0 kB
NFS_Unstable:          0 kB
Bounce:                0 kB
WritebackTmp:          0 kB
CommitLimit:     8258920 kB
Committed_AS:   11409700 kB
VmallocTotal:   34359738367 kB
VmallocUsed:       46600 kB
VmallocChunk:          0 kB
Percpu:            13280 kB
HardwareCorrupted:     0 kB
AnonHugePages:   1228800 kB
ShmemHugePages:        0 kB
ShmemPmdMapped:        0 kB
FileHugePages:         0 kB
FilePmdMapped:         0 kB
CmaTotal:              0 kB
CmaFree:               0 kB
Unaccepted:            0 kB
Balloon:               0 kB
HugePages_Total:       0
HugePages_Free:        0
HugePages_Rsvd:        0
HugePages_Surp:        0
Hugepagesize:       2048 kB
Hugetlb:               0 kB
DirectMap4k:      194432 kB
DirectMap2M:     6096896 kB
DirectMap1G:     4194304 kB
---SNAPSHOT---
2026-04-27 15:17:28
MemTotal:        8129240 kB
MemFree:         3311488 kB
MemAvailable:    3047008 kB
Buffers:            6212 kB
Cached:           317216 kB
SwapCached:      1446900 kB
Active:          2210044 kB
Inactive:        1908828 kB
Active(anon):    2098284 kB
Inactive(anon):  1751580 kB
Active(file):     111760 kB
Inactive(file):   157248 kB
Unevictable:          16 kB
Mlocked:              16 kB
SwapTotal:       4194300 kB
SwapFree:        2609892 kB
Zswap:                 0 kB
Zswapped:              0 kB
Dirty:               188 kB
Writeback:           288 kB
AnonPages:       2357924 kB
Mapped:           268364 kB
Shmem:             54452 kB
KReclaimable:      57120 kB
Slab:             284320 kB
SReclaimable:      57120 kB
SUnreclaim:       227200 kB
KernelStack:       18348 kB
PageTables:        50124 kB
SecPageTables:         0 kB
NFS_Unstable:          0 kB
Bounce:                0 kB
WritebackTmp:          0 kB
CommitLimit:     8258920 kB
Committed_AS:   11409520 kB
VmallocTotal:   34359738367 kB
VmallocUsed:       46584 kB
VmallocChunk:          0 kB
Percpu:            13280 kB
HardwareCorrupted:     0 kB
AnonHugePages:    864256 kB
ShmemHugePages:        0 kB
ShmemPmdMapped:        0 kB
FileHugePages:         0 kB
FilePmdMapped:         0 kB
CmaTotal:              0 kB
CmaFree:               0 kB
Unaccepted:            0 kB
Balloon:               0 kB
HugePages_Total:       0
HugePages_Free:        0
HugePages_Rsvd:        0
HugePages_Surp:        0
Hugepagesize:       2048 kB
Hugetlb:               0 kB
DirectMap4k:      194432 kB
DirectMap2M:     6096896 kB
DirectMap1G:     4194304 kB
---SNAPSHOT---
2026-04-27 15:17:29
MemTotal:        8129240 kB
MemFree:         3047044 kB
MemAvailable:    2782568 kB
Buffers:            6212 kB
Cached:           317228 kB
SwapCached:      1449388 kB
Active:          2478408 kB
Inactive:        1909004 kB
Active(anon):    2366648 kB
Inactive(anon):  1751748 kB
Active(file):     111760 kB
Inactive(file):   157256 kB
Unevictable:          16 kB
Mlocked:              16 kB
SwapTotal:       4194300 kB
SwapFree:        2607404 kB
Zswap:                 0 kB
Zswapped:              0 kB
Dirty:               212 kB
Writeback:           216 kB
AnonPages:       2623740 kB
Mapped:           268364 kB
Shmem:             54452 kB
KReclaimable:      57120 kB
Slab:             284320 kB
SReclaimable:      57120 kB
SUnreclaim:       227200 kB
KernelStack:       18364 kB
PageTables:        50812 kB
SecPageTables:         0 kB
NFS_Unstable:          0 kB
Bounce:                0 kB
WritebackTmp:          0 kB
CommitLimit:     8258920 kB
Committed_AS:   11409412 kB
VmallocTotal:   34359738367 kB
VmallocUsed:       46632 kB
VmallocChunk:          0 kB
Percpu:            13280 kB
HardwareCorrupted:     0 kB
AnonHugePages:   1132544 kB
ShmemHugePages:        0 kB
ShmemPmdMapped:        0 kB
FileHugePages:         0 kB
FilePmdMapped:         0 kB
CmaTotal:              0 kB
CmaFree:               0 kB
Unaccepted:            0 kB
Balloon:               0 kB
HugePages_Total:       0
HugePages_Free:        0
HugePages_Rsvd:        0
HugePages_Surp:        0
Hugepagesize:       2048 kB
Hugetlb:               0 kB
DirectMap4k:      194432 kB
DirectMap2M:     6096896 kB
DirectMap1G:     4194304 kB
---SNAPSHOT---
2026-04-27 15:17:30
MemTotal:        8129240 kB
MemFree:         2800576 kB
MemAvailable:    2536108 kB
Buffers:            6212 kB
Cached:           317236 kB
SwapCached:      1451768 kB
Active:          2747452 kB
Inactive:        1912508 kB
Active(anon):    2635692 kB
Inactive(anon):  1755240 kB
Active(file):     111760 kB
Inactive(file):   157268 kB
Unevictable:          16 kB
Mlocked:              16 kB
SwapTotal:       4194300 kB
SwapFree:        2605024 kB
Zswap:                 0 kB
Zswapped:              0 kB
Dirty:               220 kB
Writeback:           628 kB
AnonPages:       2893976 kB
Mapped:           268436 kB
Shmem:             54452 kB
KReclaimable:      57120 kB
Slab:             284320 kB
SReclaimable:      57120 kB
SUnreclaim:       227200 kB
KernelStack:       18284 kB
PageTables:        51364 kB
SecPageTables:         0 kB
NFS_Unstable:          0 kB
Bounce:                0 kB
WritebackTmp:          0 kB
CommitLimit:     8258920 kB
Committed_AS:   11409564 kB
VmallocTotal:   34359738367 kB
VmallocUsed:       46600 kB
VmallocChunk:          0 kB
Percpu:            13280 kB
HardwareCorrupted:     0 kB
AnonHugePages:   1400832 kB
ShmemHugePages:        0 kB
ShmemPmdMapped:        0 kB
FileHugePages:         0 kB
FilePmdMapped:         0 kB
CmaTotal:              0 kB
CmaFree:               0 kB
Unaccepted:            0 kB
Balloon:               0 kB
HugePages_Total:       0
HugePages_Free:        0
HugePages_Rsvd:        0
HugePages_Surp:        0
Hugepagesize:       2048 kB
Hugetlb:               0 kB
DirectMap4k:      194432 kB
DirectMap2M:     6096896 kB
DirectMap1G:     4194304 kB
---SNAPSHOT---
2026-04-27 15:17:31
MemTotal:        8129240 kB
MemFree:         3148004 kB
MemAvailable:    2883536 kB
Buffers:            6212 kB
Cached:           317240 kB
SwapCached:      1454856 kB
Active:          2365952 kB
Inactive:        1917092 kB
Active(anon):    2254192 kB
Inactive(anon):  1759820 kB
Active(file):     111760 kB
Inactive(file):   157272 kB
Unevictable:          16 kB
Mlocked:              16 kB
SwapTotal:       4194300 kB
SwapFree:        2601936 kB
Zswap:                 0 kB
Zswapped:              0 kB
Dirty:               228 kB
Writeback:           480 kB
AnonPages:       2514340 kB
Mapped:           268364 kB
Shmem:             54452 kB
KReclaimable:      57120 kB
Slab:             284320 kB
SReclaimable:      57120 kB
SUnreclaim:       227200 kB
KernelStack:       18364 kB
PageTables:        50652 kB
SecPageTables:         0 kB
NFS_Unstable:          0 kB
Bounce:                0 kB
WritebackTmp:          0 kB
CommitLimit:     8258920 kB
Committed_AS:   11409344 kB
VmallocTotal:   34359738367 kB
VmallocUsed:       46600 kB
VmallocChunk:          0 kB
Percpu:            13280 kB
HardwareCorrupted:     0 kB
AnonHugePages:   1019904 kB
ShmemHugePages:        0 kB
ShmemPmdMapped:        0 kB
FileHugePages:         0 kB
FilePmdMapped:         0 kB
CmaTotal:              0 kB
CmaFree:               0 kB
Unaccepted:            0 kB
Balloon:               0 kB
HugePages_Total:       0
HugePages_Free:        0
HugePages_Rsvd:        0
HugePages_Surp:        0
Hugepagesize:       2048 kB
Hugetlb:               0 kB
DirectMap4k:      194432 kB
DirectMap2M:     6096896 kB
DirectMap1G:     4194304 kB
---SNAPSHOT---
2026-04-27 15:17:32
MemTotal:        8129240 kB
MemFree:         2907404 kB
MemAvailable:    2642940 kB
Buffers:            6212 kB
Cached:           317248 kB
SwapCached:      1456308 kB
Active:          2634548 kB
Inactive:        1917168 kB
Active(anon):    2522788 kB
Inactive(anon):  1759888 kB
Active(file):     111760 kB
Inactive(file):   157280 kB
Unevictable:          16 kB
Mlocked:              16 kB
SwapTotal:       4194300 kB
SwapFree:        2600484 kB
Zswap:                 0 kB
Zswapped:              0 kB
Dirty:                40 kB
Writeback:           820 kB
AnonPages:       2781116 kB
Mapped:           268428 kB
Shmem:             54452 kB
KReclaimable:      57120 kB
Slab:             284320 kB
SReclaimable:      57120 kB
SUnreclaim:       227200 kB
KernelStack:       18352 kB
PageTables:        51304 kB
SecPageTables:         0 kB
NFS_Unstable:          0 kB
Bounce:                0 kB
WritebackTmp:          0 kB
CommitLimit:     8258920 kB
Committed_AS:   11409336 kB
VmallocTotal:   34359738367 kB
VmallocUsed:       46600 kB
VmallocChunk:          0 kB
Percpu:            13280 kB
HardwareCorrupted:     0 kB
AnonHugePages:   1288192 kB
ShmemHugePages:        0 kB
ShmemPmdMapped:        0 kB
FileHugePages:         0 kB
FilePmdMapped:         0 kB
CmaTotal:              0 kB
CmaFree:               0 kB
Unaccepted:            0 kB
Balloon:               0 kB
HugePages_Total:       0
HugePages_Free:        0
HugePages_Rsvd:        0
HugePages_Surp:        0
Hugepagesize:       2048 kB
Hugetlb:               0 kB
DirectMap4k:      194432 kB
DirectMap2M:     6096896 kB
DirectMap1G:     4194304 kB
---SNAPSHOT---
2026-04-27 15:17:33
MemTotal:        8129240 kB
MemFree:         3254756 kB
MemAvailable:    2990300 kB
Buffers:            6220 kB
Cached:           317260 kB
SwapCached:      1492664 kB
Active:          2222872 kB
Inactive:        1951844 kB
Active(anon):    2111112 kB
Inactive(anon):  1794548 kB
Active(file):     111760 kB
Inactive(file):   157296 kB
Unevictable:          16 kB
Mlocked:              16 kB
SwapTotal:       4194300 kB
SwapFree:        2563976 kB
Zswap:                 0 kB
Zswapped:              0 kB
Dirty:                56 kB
Writeback:           336 kB
AnonPages:       2367712 kB
Mapped:           268364 kB
Shmem:             54452 kB
KReclaimable:      57120 kB
Slab:             284304 kB
SReclaimable:      57120 kB
SUnreclaim:       227184 kB
KernelStack:       18364 kB
PageTables:        50512 kB
SecPageTables:         0 kB
NFS_Unstable:          0 kB
Bounce:                0 kB
WritebackTmp:          0 kB
CommitLimit:     8258920 kB
Committed_AS:   11409344 kB
VmallocTotal:   34359738367 kB
VmallocUsed:       46600 kB
VmallocChunk:          0 kB
Percpu:            13280 kB
HardwareCorrupted:     0 kB
AnonHugePages:    876544 kB
ShmemHugePages:        0 kB
ShmemPmdMapped:        0 kB
FileHugePages:         0 kB
FilePmdMapped:         0 kB
CmaTotal:              0 kB
CmaFree:               0 kB
Unaccepted:            0 kB
Balloon:               0 kB
HugePages_Total:       0
HugePages_Free:        0
HugePages_Rsvd:        0
HugePages_Surp:        0
Hugepagesize:       2048 kB
Hugetlb:               0 kB
DirectMap4k:      194432 kB
DirectMap2M:     6096896 kB
DirectMap1G:     4194304 kB
---SNAPSHOT---
2026-04-27 15:17:34
MemTotal:        8129240 kB
MemFree:         2990336 kB
MemAvailable:    2725888 kB
Buffers:            6220 kB
Cached:           317268 kB
SwapCached:      1660476 kB
Active:          2319040 kB
Inactive:        2121512 kB
Active(anon):    2207280 kB
Inactive(anon):  1964204 kB
Active(file):     111760 kB
Inactive(file):   157308 kB
Unevictable:          16 kB
Mlocked:              16 kB
SwapTotal:       4194300 kB
SwapFree:        2396308 kB
Zswap:                 0 kB
Zswapped:              0 kB
Dirty:                72 kB
Writeback:           440 kB
AnonPages:       2464812 kB
Mapped:           268436 kB
Shmem:             54452 kB
KReclaimable:      57120 kB
Slab:             284312 kB
SReclaimable:      57120 kB
SUnreclaim:       227192 kB
KernelStack:       18376 kB
PageTables:        50804 kB
SecPageTables:         0 kB
NFS_Unstable:          0 kB
Bounce:                0 kB
WritebackTmp:          0 kB
CommitLimit:     8258920 kB
Committed_AS:   11409432 kB
VmallocTotal:   34359738367 kB
VmallocUsed:       46568 kB
VmallocChunk:          0 kB
Percpu:            13280 kB
HardwareCorrupted:     0 kB
AnonHugePages:    972800 kB
ShmemHugePages:        0 kB
ShmemPmdMapped:        0 kB
FileHugePages:         0 kB
FilePmdMapped:         0 kB
CmaTotal:              0 kB
CmaFree:               0 kB
Unaccepted:            0 kB
Balloon:               0 kB
HugePages_Total:       0
HugePages_Free:        0
HugePages_Rsvd:        0
HugePages_Surp:        0
Hugepagesize:       2048 kB
Hugetlb:               0 kB
DirectMap4k:      194432 kB
DirectMap2M:     6096896 kB
DirectMap1G:     4194304 kB
---SNAPSHOT---
2026-04-27 15:17:35
MemTotal:        8129240 kB
MemFree:         2765244 kB
MemAvailable:    2500800 kB
Buffers:            6220 kB
Cached:           317276 kB
SwapCached:      1847724 kB
Active:          2386248 kB
Inactive:        2308268 kB
Active(anon):    2274488 kB
Inactive(anon):  2150952 kB
Active(file):     111760 kB
Inactive(file):   157316 kB
Unevictable:          16 kB
Mlocked:              16 kB
SwapTotal:       4194300 kB
SwapFree:        2209068 kB
Zswap:                 0 kB
Zswapped:              0 kB
Dirty:                80 kB
Writeback:           744 kB
AnonPages:       2534384 kB
Mapped:           268364 kB
Shmem:             54452 kB
KReclaimable:      57120 kB
Slab:             284312 kB
SReclaimable:      57120 kB
SUnreclaim:       227192 kB
KernelStack:       18304 kB
PageTables:        51356 kB
SecPageTables:         0 kB
NFS_Unstable:          0 kB
Bounce:                0 kB
WritebackTmp:          0 kB
CommitLimit:     8258920 kB
Committed_AS:   11409212 kB
VmallocTotal:   34359738367 kB
VmallocUsed:       46536 kB
VmallocChunk:          0 kB
Percpu:            13280 kB
HardwareCorrupted:     0 kB
AnonHugePages:   1040384 kB
ShmemHugePages:        0 kB
ShmemPmdMapped:        0 kB
FileHugePages:         0 kB
FilePmdMapped:         0 kB
CmaTotal:              0 kB
CmaFree:               0 kB
Unaccepted:            0 kB
Balloon:               0 kB
HugePages_Total:       0
HugePages_Free:        0
HugePages_Rsvd:        0
HugePages_Surp:        0
Hugepagesize:       2048 kB
Hugetlb:               0 kB
DirectMap4k:      194432 kB
DirectMap2M:     6096896 kB
DirectMap1G:     4194304 kB
---SNAPSHOT---
2026-04-27 15:17:36
MemTotal:        8129240 kB
MemFree:         2764992 kB
MemAvailable:    2500552 kB
Buffers:            6224 kB
Cached:           317280 kB
SwapCached:      1854312 kB
Active:          2380232 kB
Inactive:        2314428 kB
Active(anon):    2268472 kB
Inactive(anon):  2157104 kB
Active(file):     111760 kB
Inactive(file):   157324 kB
Unevictable:          16 kB
Mlocked:              16 kB
SwapTotal:       4194300 kB
SwapFree:        2202480 kB
Zswap:                 0 kB
Zswapped:              0 kB
Dirty:                80 kB
Writeback:           228 kB
AnonPages:       2527796 kB
Mapped:           268364 kB
Shmem:             54452 kB
KReclaimable:      57120 kB
Slab:             284320 kB
SReclaimable:      57120 kB
SUnreclaim:       227200 kB
KernelStack:       18304 kB
PageTables:        51360 kB
SecPageTables:         0 kB
NFS_Unstable:          0 kB
Bounce:                0 kB
WritebackTmp:          0 kB
CommitLimit:     8258920 kB
Committed_AS:   11409044 kB
VmallocTotal:   34359738367 kB
VmallocUsed:       46552 kB
VmallocChunk:          0 kB
Percpu:            13280 kB
HardwareCorrupted:     0 kB
AnonHugePages:   1034240 kB
ShmemHugePages:        0 kB
ShmemPmdMapped:        0 kB
FileHugePages:         0 kB
FilePmdMapped:         0 kB
CmaTotal:              0 kB
CmaFree:               0 kB
Unaccepted:            0 kB
Balloon:               0 kB
HugePages_Total:       0
HugePages_Free:        0
HugePages_Rsvd:        0
HugePages_Surp:        0
Hugepagesize:       2048 kB
Hugetlb:               0 kB
DirectMap4k:      194432 kB
DirectMap2M:     6096896 kB
DirectMap1G:     4194304 kB
---SNAPSHOT---
2026-04-27 15:17:37
MemTotal:        8129240 kB
MemFree:         2764992 kB
MemAvailable:    2500552 kB
Buffers:            6224 kB
Cached:           317284 kB
SwapCached:      1866884 kB
Active:          2368132 kB
Inactive:        2326064 kB
Active(anon):    2256372 kB
Inactive(anon):  2168740 kB
Active(file):     111760 kB
Inactive(file):   157324 kB
Unevictable:          16 kB
Mlocked:              16 kB
SwapTotal:       4194300 kB
SwapFree:        2189908 kB
Zswap:                 0 kB
Zswapped:              0 kB
Dirty:                84 kB
Writeback:           184 kB
AnonPages:       2515224 kB
Mapped:           268364 kB
Shmem:             54452 kB
KReclaimable:      57120 kB
Slab:             284320 kB
SReclaimable:      57120 kB
SUnreclaim:       227200 kB
KernelStack:       18304 kB
PageTables:        51360 kB
SecPageTables:         0 kB
NFS_Unstable:          0 kB
Bounce:                0 kB
WritebackTmp:          0 kB
CommitLimit:     8258920 kB
Committed_AS:   11408952 kB
VmallocTotal:   34359738367 kB
VmallocUsed:       46584 kB
VmallocChunk:          0 kB
Percpu:            13280 kB
HardwareCorrupted:     0 kB
AnonHugePages:   1021952 kB
ShmemHugePages:        0 kB
ShmemPmdMapped:        0 kB
FileHugePages:         0 kB
FilePmdMapped:         0 kB
CmaTotal:              0 kB
CmaFree:               0 kB
Unaccepted:            0 kB
Balloon:               0 kB
HugePages_Total:       0
HugePages_Free:        0
HugePages_Rsvd:        0
HugePages_Surp:        0
Hugepagesize:       2048 kB
Hugetlb:               0 kB
DirectMap4k:      194432 kB
DirectMap2M:     6096896 kB
DirectMap1G:     4194304 kB
---SNAPSHOT---
2026-04-27 15:17:38
MemTotal:        8129240 kB
MemFree:         2765164 kB
MemAvailable:    2500728 kB
Buffers:            6232 kB
Cached:           317284 kB
SwapCached:      1962644 kB
Active:          2272156 kB
Inactive:        2421840 kB
Active(anon):    2160396 kB
Inactive(anon):  2264508 kB
Active(file):     111760 kB
Inactive(file):   157332 kB
Unevictable:          16 kB
Mlocked:              16 kB
SwapTotal:       4194300 kB
SwapFree:        2093800 kB
Zswap:                 0 kB
Zswapped:              0 kB
Dirty:                92 kB
Writeback:           184 kB
AnonPages:       2419248 kB
Mapped:           268364 kB
Shmem:             54452 kB
KReclaimable:      57120 kB
Slab:             284320 kB
SReclaimable:      57120 kB
SUnreclaim:       227200 kB
KernelStack:       18304 kB
PageTables:        51360 kB
SecPageTables:         0 kB
NFS_Unstable:          0 kB
Bounce:                0 kB
WritebackTmp:          0 kB
CommitLimit:     8258920 kB
Committed_AS:   11409676 kB
VmallocTotal:   34359738367 kB
VmallocUsed:       46520 kB
VmallocChunk:          0 kB
Percpu:            13280 kB
HardwareCorrupted:     0 kB
AnonHugePages:    925696 kB
ShmemHugePages:        0 kB
ShmemPmdMapped:        0 kB
FileHugePages:         0 kB
FilePmdMapped:         0 kB
CmaTotal:              0 kB
CmaFree:               0 kB
Unaccepted:            0 kB
Balloon:               0 kB
HugePages_Total:       0
HugePages_Free:        0
HugePages_Rsvd:        0
HugePages_Surp:        0
Hugepagesize:       2048 kB
Hugetlb:               0 kB
DirectMap4k:      194432 kB
DirectMap2M:     6096896 kB
DirectMap1G:     4194304 kB
---SNAPSHOT---
2026-04-27 15:17:39
MemTotal:        8129240 kB
MemFree:         3425052 kB
MemAvailable:    3160624 kB
Buffers:            6232 kB
Cached:           317296 kB
SwapCached:      1233512 kB
Active:          2305044 kB
Inactive:        1694668 kB
Active(anon):    2193284 kB
Inactive(anon):  1537320 kB
Active(file):     111760 kB
Inactive(file):   157348 kB
Unevictable:          16 kB
Mlocked:              16 kB
SwapTotal:       4194300 kB
SwapFree:        2823304 kB
Zswap:                 0 kB
Zswapped:              0 kB
Dirty:               108 kB
Writeback:          1052 kB
AnonPages:       2450080 kB
Mapped:           268364 kB
Shmem:             54452 kB
KReclaimable:      57120 kB
Slab:             284336 kB
SReclaimable:      57120 kB
SUnreclaim:       227216 kB
KernelStack:       18304 kB
PageTables:        50440 kB
SecPageTables:         0 kB
NFS_Unstable:          0 kB
Bounce:                0 kB
WritebackTmp:          0 kB
CommitLimit:     8258920 kB
Committed_AS:   11409292 kB
VmallocTotal:   34359738367 kB
VmallocUsed:       46520 kB
VmallocChunk:          0 kB
Percpu:            13280 kB
HardwareCorrupted:     0 kB
AnonHugePages:    960512 kB
ShmemHugePages:        0 kB
ShmemPmdMapped:        0 kB
FileHugePages:         0 kB
FilePmdMapped:         0 kB
CmaTotal:              0 kB
CmaFree:               0 kB
Unaccepted:            0 kB
Balloon:               0 kB
HugePages_Total:       0
HugePages_Free:        0
HugePages_Rsvd:        0
HugePages_Surp:        0
Hugepagesize:       2048 kB
Hugetlb:               0 kB
DirectMap4k:      194432 kB
DirectMap2M:     6096896 kB
DirectMap1G:     4194304 kB
---SNAPSHOT---
2026-04-27 15:17:40
MemTotal:        8129240 kB
MemFree:         3386200 kB
MemAvailable:    3121776 kB
Buffers:            6232 kB
Cached:           317308 kB
SwapCached:       845572 kB
Active:          2749948 kB
Inactive:        1307132 kB
Active(anon):    2638188 kB
Inactive(anon):  1149772 kB
Active(file):     111760 kB
Inactive(file):   157360 kB
Unevictable:          16 kB
Mlocked:              16 kB
SwapTotal:       4194300 kB
SwapFree:        3211220 kB
Zswap:                 0 kB
Zswapped:              0 kB
Dirty:               120 kB
Writeback:          1316 kB
AnonPages:       2895168 kB
Mapped:           268364 kB
Shmem:             54452 kB
KReclaimable:      57120 kB
Slab:             284336 kB
SReclaimable:      57120 kB
SUnreclaim:       227216 kB
KernelStack:       18304 kB
PageTables:        49860 kB
SecPageTables:         0 kB
NFS_Unstable:          0 kB
Bounce:                0 kB
WritebackTmp:          0 kB
CommitLimit:     8258920 kB
Committed_AS:   11409672 kB
VmallocTotal:   34359738367 kB
VmallocUsed:       46552 kB
VmallocChunk:          0 kB
Percpu:            13280 kB
HardwareCorrupted:     0 kB
AnonHugePages:   1216512 kB
ShmemHugePages:        0 kB
ShmemPmdMapped:        0 kB
FileHugePages:         0 kB
FilePmdMapped:         0 kB
CmaTotal:              0 kB
CmaFree:               0 kB
Unaccepted:            0 kB
Balloon:               0 kB
HugePages_Total:       0
HugePages_Free:        0
HugePages_Rsvd:        0
HugePages_Surp:        0
Hugepagesize:       2048 kB
Hugetlb:               0 kB
DirectMap4k:      194432 kB
DirectMap2M:     6096896 kB
DirectMap1G:     4194304 kB
---SNAPSHOT---
2026-04-27 15:17:41
MemTotal:        8129240 kB
MemFree:         3532996 kB
MemAvailable:    3268576 kB
Buffers:            6232 kB
Cached:           317312 kB
SwapCached:       849128 kB
Active:          2590744 kB
Inactive:        1310984 kB
Active(anon):    2478984 kB
Inactive(anon):  1153620 kB
Active(file):     111760 kB
Inactive(file):   157364 kB
Unevictable:          16 kB
Mlocked:              16 kB
SwapTotal:       4194300 kB
SwapFree:        3207664 kB
Zswap:                 0 kB
Zswapped:              0 kB
Dirty:               124 kB
Writeback:           772 kB
AnonPages:       2736544 kB
Mapped:           268364 kB
Shmem:             54452 kB
KReclaimable:      57120 kB
Slab:             284304 kB
SReclaimable:      57120 kB
SUnreclaim:       227184 kB
KernelStack:       18304 kB
PageTables:        49572 kB
SecPageTables:         0 kB
NFS_Unstable:          0 kB
Bounce:                0 kB
WritebackTmp:          0 kB
CommitLimit:     8258920 kB
Committed_AS:   11409288 kB
VmallocTotal:   34359738367 kB
VmallocUsed:       46536 kB
VmallocChunk:          0 kB
Percpu:            13280 kB
HardwareCorrupted:     0 kB
AnonHugePages:    763904 kB
ShmemHugePages:        0 kB
ShmemPmdMapped:        0 kB
FileHugePages:         0 kB
FilePmdMapped:         0 kB
CmaTotal:              0 kB
CmaFree:               0 kB
Unaccepted:            0 kB
Balloon:               0 kB
HugePages_Total:       0
HugePages_Free:        0
HugePages_Rsvd:        0
HugePages_Surp:        0
Hugepagesize:       2048 kB
Hugetlb:               0 kB
DirectMap4k:      194432 kB
DirectMap2M:     6096896 kB
DirectMap1G:     4194304 kB
---SNAPSHOT---
2026-04-27 15:17:42
MemTotal:        8129240 kB
MemFree:         3416224 kB
MemAvailable:    3151804 kB
Buffers:            6232 kB
Cached:           317320 kB
SwapCached:       852000 kB
Active:          2646488 kB
Inactive:        1313568 kB
Active(anon):    2534728 kB
Inactive(anon):  1156200 kB
Active(file):     111760 kB
Inactive(file):   157368 kB
Unevictable:          16 kB
Mlocked:              16 kB
SwapTotal:       4194300 kB
SwapFree:        3204792 kB
Zswap:                 0 kB
Zswapped:              0 kB
Dirty:               132 kB
Writeback:           264 kB
AnonPages:       2765040 kB
Mapped:           268364 kB
Shmem:             54452 kB
KReclaimable:      57120 kB
Slab:             284304 kB
SReclaimable:      57120 kB
SUnreclaim:       227184 kB
KernelStack:       18304 kB
PageTables:        50408 kB
SecPageTables:         0 kB
NFS_Unstable:          0 kB
Bounce:                0 kB
WritebackTmp:          0 kB
CommitLimit:     8258920 kB
Committed_AS:   11409208 kB
VmallocTotal:   34359738367 kB
VmallocUsed:       46520 kB
VmallocChunk:          0 kB
Percpu:            13280 kB
HardwareCorrupted:     0 kB
AnonHugePages:    761856 kB
ShmemHugePages:        0 kB
ShmemPmdMapped:        0 kB
FileHugePages:         0 kB
FilePmdMapped:         0 kB
CmaTotal:              0 kB
CmaFree:               0 kB
Unaccepted:            0 kB
Balloon:               0 kB
HugePages_Total:       0
HugePages_Free:        0
HugePages_Rsvd:        0
HugePages_Surp:        0
Hugepagesize:       2048 kB
Hugetlb:               0 kB
DirectMap4k:      194432 kB
DirectMap2M:     6096896 kB
DirectMap1G:     4194304 kB
---SNAPSHOT---
2026-04-27 15:17:43
MemTotal:        8129240 kB
MemFree:         3737620 kB
MemAvailable:    3473208 kB
Buffers:            6240 kB
Cached:           317320 kB
SwapCached:       260104 kB
Active:          2929192 kB
Inactive:         707204 kB
Active(anon):    2817432 kB
Inactive(anon):   549824 kB
Active(file):     111760 kB
Inactive(file):   157380 kB
Unevictable:          16 kB
Mlocked:              16 kB
SwapTotal:       4194300 kB
SwapFree:        3796776 kB
Zswap:                 0 kB
Zswapped:              0 kB
Dirty:               140 kB
Writeback:         16904 kB
AnonPages:       3058004 kB
Mapped:           268364 kB
Shmem:             54452 kB
KReclaimable:      57120 kB
Slab:             285704 kB
SReclaimable:      57120 kB
SUnreclaim:       228584 kB
KernelStack:       18304 kB
PageTables:        49096 kB
SecPageTables:         0 kB
NFS_Unstable:          0 kB
Bounce:                0 kB
WritebackTmp:          0 kB
CommitLimit:     8258920 kB
Committed_AS:   11409676 kB
VmallocTotal:   34359738367 kB
VmallocUsed:       46488 kB
VmallocChunk:          0 kB
Percpu:            13280 kB
HardwareCorrupted:     0 kB
AnonHugePages:    983040 kB
ShmemHugePages:        0 kB
ShmemPmdMapped:        0 kB
FileHugePages:         0 kB
FilePmdMapped:         0 kB
CmaTotal:              0 kB
CmaFree:               0 kB
Unaccepted:            0 kB
Balloon:               0 kB
HugePages_Total:       0
HugePages_Free:        0
HugePages_Rsvd:        0
HugePages_Surp:        0
Hugepagesize:       2048 kB
Hugetlb:               0 kB
DirectMap4k:      194432 kB
DirectMap2M:     6096896 kB
DirectMap1G:     4194304 kB
---SNAPSHOT---
2026-04-27 15:17:44
MemTotal:        8129240 kB
MemFree:         3678052 kB
MemAvailable:    3413644 kB
Buffers:            6240 kB
Cached:           317332 kB
SwapCached:       560048 kB
Active:          2702736 kB
Inactive:        1010952 kB
Active(anon):    2590976 kB
Inactive(anon):   853560 kB
Active(file):     111760 kB
Inactive(file):   157392 kB
Unevictable:          16 kB
Mlocked:              16 kB
SwapTotal:       4194300 kB
SwapFree:        3496744 kB
Zswap:                 0 kB
Zswapped:              0 kB
Dirty:               144 kB
Writeback:         12952 kB
AnonPages:       2835200 kB
Mapped:           268364 kB
Shmem:             54452 kB
KReclaimable:      57120 kB
Slab:             285328 kB
SReclaimable:      57120 kB
SUnreclaim:       228208 kB
KernelStack:       18304 kB
PageTables:        49148 kB
SecPageTables:         0 kB
NFS_Unstable:          0 kB
Bounce:                0 kB
WritebackTmp:          0 kB
CommitLimit:     8258920 kB
Committed_AS:   11409568 kB
VmallocTotal:   34359738367 kB
VmallocUsed:       46504 kB
VmallocChunk:          0 kB
Percpu:            13280 kB
HardwareCorrupted:     0 kB
AnonHugePages:   1077248 kB
ShmemHugePages:        0 kB
ShmemPmdMapped:        0 kB
FileHugePages:         0 kB
FilePmdMapped:         0 kB
CmaTotal:              0 kB
CmaFree:               0 kB
Unaccepted:            0 kB
Balloon:               0 kB
HugePages_Total:       0
HugePages_Free:        0
HugePages_Rsvd:        0
HugePages_Surp:        0
Hugepagesize:       2048 kB
Hugetlb:               0 kB
DirectMap4k:      194432 kB
DirectMap2M:     6096896 kB
DirectMap1G:     4194304 kB
---SNAPSHOT---
2026-04-27 15:17:45
MemTotal:        8129240 kB
MemFree:         3572844 kB
MemAvailable:    3308440 kB
Buffers:            6240 kB
Cached:           317340 kB
SwapCached:       601008 kB
Active:          2803836 kB
Inactive:        1040256 kB
Active(anon):    2692076 kB
Inactive(anon):   882856 kB
Active(file):     111760 kB
Inactive(file):   157400 kB
Unevictable:          16 kB
Mlocked:              16 kB
SwapTotal:       4194300 kB
SwapFree:        3455784 kB
Zswap:                 0 kB
Zswapped:              0 kB
Dirty:               152 kB
Writeback:         24580 kB
AnonPages:       2924864 kB
Mapped:           268364 kB
Shmem:             54452 kB
KReclaimable:      57120 kB
Slab:             285792 kB
SReclaimable:      57120 kB
SUnreclaim:       228672 kB
KernelStack:       18304 kB
PageTables:        49536 kB
SecPageTables:         0 kB
NFS_Unstable:          0 kB
Bounce:                0 kB
WritebackTmp:          0 kB
CommitLimit:     8258920 kB
Committed_AS:   11409168 kB
VmallocTotal:   34359738367 kB
VmallocUsed:       46488 kB
VmallocChunk:          0 kB
Percpu:            13280 kB
HardwareCorrupted:     0 kB
AnonHugePages:    929792 kB
ShmemHugePages:        0 kB
ShmemPmdMapped:        0 kB
FileHugePages:         0 kB
FilePmdMapped:         0 kB
CmaTotal:              0 kB
CmaFree:               0 kB
Unaccepted:            0 kB
Balloon:               0 kB
HugePages_Total:       0
HugePages_Free:        0
HugePages_Rsvd:        0
HugePages_Surp:        0
Hugepagesize:       2048 kB
Hugetlb:               0 kB
DirectMap4k:      194432 kB
DirectMap2M:     6096896 kB
DirectMap1G:     4194304 kB
---SNAPSHOT---
2026-04-27 15:17:46
MemTotal:        8129240 kB
MemFree:         3460136 kB
MemAvailable:    3195732 kB
Buffers:            6240 kB
Cached:           317344 kB
SwapCached:       601008 kB
Active:          2897240 kB
Inactive:        1040712 kB
Active(anon):    2785480 kB
Inactive(anon):   883312 kB
Active(file):     111760 kB
Inactive(file):   157400 kB
Unevictable:          16 kB
Mlocked:              16 kB
SwapTotal:       4194300 kB
SwapFree:        3455784 kB
Zswap:                 0 kB
Zswapped:              0 kB
Dirty:               156 kB
Writeback:         24124 kB
AnonPages:       3018756 kB
Mapped:           268364 kB
Shmem:             54452 kB
KReclaimable:      57120 kB
Slab:             285792 kB
SReclaimable:      57120 kB
SUnreclaim:       228672 kB
KernelStack:       18304 kB
PageTables:        49520 kB
SecPageTables:         0 kB
NFS_Unstable:          0 kB
Bounce:                0 kB
WritebackTmp:          0 kB
CommitLimit:     8258920 kB
Committed_AS:   11409688 kB
VmallocTotal:   34359738367 kB
VmallocUsed:       46472 kB
VmallocChunk:          0 kB
Percpu:            13280 kB
HardwareCorrupted:     0 kB
AnonHugePages:   1527808 kB
ShmemHugePages:        0 kB
ShmemPmdMapped:        0 kB
FileHugePages:         0 kB
FilePmdMapped:         0 kB
CmaTotal:              0 kB
CmaFree:               0 kB
Unaccepted:            0 kB
Balloon:               0 kB
HugePages_Total:       0
HugePages_Free:        0
HugePages_Rsvd:        0
HugePages_Surp:        0
Hugepagesize:       2048 kB
Hugetlb:               0 kB
DirectMap4k:      194432 kB
DirectMap2M:     6096896 kB
DirectMap1G:     4194304 kB
---SNAPSHOT---
2026-04-27 15:17:47
MemTotal:        8129240 kB
MemFree:         3922284 kB
MemAvailable:    3657884 kB
Buffers:            6240 kB
Cached:           317348 kB
SwapCached:       601008 kB
Active:          2417848 kB
Inactive:        1040896 kB
Active(anon):    2306088 kB
Inactive(anon):   883488 kB
Active(file):     111760 kB
Inactive(file):   157408 kB
Unevictable:          16 kB
Mlocked:              16 kB
SwapTotal:       4194300 kB
SwapFree:        3455784 kB
Zswap:                 0 kB
Zswapped:              0 kB
Dirty:               160 kB
Writeback:         24068 kB
AnonPages:       2539344 kB
Mapped:           268304 kB
Shmem:             54452 kB
KReclaimable:      57120 kB
Slab:             285792 kB
SReclaimable:      57120 kB
SUnreclaim:       228672 kB
KernelStack:       18352 kB
PageTables:        49460 kB
SecPageTables:         0 kB
NFS_Unstable:          0 kB
Bounce:                0 kB
WritebackTmp:          0 kB
CommitLimit:     8258920 kB
Committed_AS:   11409672 kB
VmallocTotal:   34359738367 kB
VmallocUsed:       46536 kB
VmallocChunk:          0 kB
Percpu:            13280 kB
HardwareCorrupted:     0 kB
AnonHugePages:   1048576 kB
ShmemHugePages:        0 kB
ShmemPmdMapped:        0 kB
FileHugePages:         0 kB
FilePmdMapped:         0 kB
CmaTotal:              0 kB
CmaFree:               0 kB
Unaccepted:            0 kB
Balloon:               0 kB
HugePages_Total:       0
HugePages_Free:        0
HugePages_Rsvd:        0
HugePages_Surp:        0
Hugepagesize:       2048 kB
Hugetlb:               0 kB
DirectMap4k:      194432 kB
DirectMap2M:     6096896 kB
DirectMap1G:     4194304 kB
---SNAPSHOT---
2026-04-27 15:17:52
MemTotal:        8129240 kB
MemFree:         4122800 kB
MemAvailable:    3858408 kB
Buffers:            6252 kB
Cached:           317352 kB
SwapCached:       601464 kB
Active:          2216212 kB
Inactive:        1064360 kB
Active(anon):    2104452 kB
Inactive(anon):   906936 kB
Active(file):     111760 kB
Inactive(file):   157424 kB
Unevictable:          16 kB
Mlocked:              16 kB
SwapTotal:       4194300 kB
SwapFree:        3455272 kB
Zswap:                 0 kB
Zswapped:              0 kB
Dirty:               168 kB
Writeback:           380 kB
AnonPages:       2360928 kB
Mapped:           268464 kB
Shmem:             54452 kB
KReclaimable:      57120 kB
Slab:             284368 kB
SReclaimable:      57120 kB
SUnreclaim:       227248 kB
KernelStack:       18272 kB
PageTables:        48356 kB
SecPageTables:         0 kB
NFS_Unstable:          0 kB
Bounce:                0 kB
WritebackTmp:          0 kB
CommitLimit:     8258920 kB
Committed_AS:   11409780 kB
VmallocTotal:   34359738367 kB
VmallocUsed:       46472 kB
VmallocChunk:          0 kB
Percpu:            13280 kB
HardwareCorrupted:     0 kB
AnonHugePages:    870400 kB
ShmemHugePages:        0 kB
ShmemPmdMapped:        0 kB
FileHugePages:         0 kB
FilePmdMapped:         0 kB
CmaTotal:              0 kB
CmaFree:               0 kB
Unaccepted:            0 kB
Balloon:               0 kB
HugePages_Total:       0
HugePages_Free:        0
HugePages_Rsvd:        0
HugePages_Surp:        0
Hugepagesize:       2048 kB
Hugetlb:               0 kB
DirectMap4k:      194432 kB
DirectMap2M:     6096896 kB
DirectMap1G:     4194304 kB
---SNAPSHOT---
2026-04-27 15:17:53
MemTotal:        8129240 kB
MemFree:         3958576 kB
MemAvailable:    3694188 kB
Buffers:            6252 kB
Cached:           317360 kB
SwapCached:       121840 kB
Active:          2894004 kB
Inactive:         585884 kB
Active(anon):    2782244 kB
Inactive(anon):   428452 kB
Active(file):     111760 kB
Inactive(file):   157432 kB
Unevictable:          16 kB
Mlocked:              16 kB
SwapTotal:       4194300 kB
SwapFree:        3935004 kB
Zswap:                 0 kB
Zswapped:              0 kB
Dirty:               172 kB
Writeback:           144 kB
AnonPages:       3037436 kB
Mapped:           268364 kB
Shmem:             54452 kB
KReclaimable:      57120 kB
Slab:             284552 kB
SReclaimable:      57120 kB
SUnreclaim:       227432 kB
KernelStack:       18304 kB
PageTables:        49080 kB
SecPageTables:         0 kB
NFS_Unstable:          0 kB
Bounce:                0 kB
WritebackTmp:          0 kB
CommitLimit:     8258920 kB
Committed_AS:   11409300 kB
VmallocTotal:   34359738367 kB
VmallocUsed:       46520 kB
VmallocChunk:          0 kB
Percpu:            13280 kB
HardwareCorrupted:     0 kB
AnonHugePages:   1548288 kB
ShmemHugePages:        0 kB
ShmemPmdMapped:        0 kB
FileHugePages:         0 kB
FilePmdMapped:         0 kB
CmaTotal:              0 kB
CmaFree:               0 kB
Unaccepted:            0 kB
Balloon:               0 kB
HugePages_Total:       0
HugePages_Free:        0
HugePages_Rsvd:        0
HugePages_Surp:        0
Hugepagesize:       2048 kB
Hugetlb:               0 kB
DirectMap4k:      194432 kB
DirectMap2M:     6096896 kB
DirectMap1G:     4194304 kB
---SNAPSHOT---
2026-04-27 15:17:54
MemTotal:        8129240 kB
MemFree:         3618188 kB
MemAvailable:    3353808 kB
Buffers:            6260 kB
Cached:           317368 kB
SwapCached:       121788 kB
Active:          3241704 kB
Inactive:         585784 kB
Active(anon):    3129944 kB
Inactive(anon):   428336 kB
Active(file):     111760 kB
Inactive(file):   157448 kB
Unevictable:          16 kB
Mlocked:              16 kB
SwapTotal:       4194300 kB
SwapFree:        3935004 kB
Zswap:                 0 kB
Zswapped:              0 kB
Dirty:               184 kB
Writeback:             0 kB
AnonPages:       3385228 kB
Mapped:           268364 kB
Shmem:             54452 kB
KReclaimable:      57120 kB
Slab:             284328 kB
SReclaimable:      57120 kB
SUnreclaim:       227208 kB
KernelStack:       18320 kB
PageTables:        49200 kB
SecPageTables:         0 kB
NFS_Unstable:          0 kB
Bounce:                0 kB
WritebackTmp:          0 kB
CommitLimit:     8258920 kB
Committed_AS:   11408928 kB
VmallocTotal:   34359738367 kB
VmallocUsed:       46504 kB
VmallocChunk:          0 kB
Percpu:            13280 kB
HardwareCorrupted:     0 kB
AnonHugePages:   1894400 kB
ShmemHugePages:        0 kB
ShmemPmdMapped:        0 kB
FileHugePages:         0 kB
FilePmdMapped:         0 kB
CmaTotal:              0 kB
CmaFree:               0 kB
Unaccepted:            0 kB
Balloon:               0 kB
HugePages_Total:       0
HugePages_Free:        0
HugePages_Rsvd:        0
HugePages_Surp:        0
Hugepagesize:       2048 kB
Hugetlb:               0 kB
DirectMap4k:      194432 kB
DirectMap2M:     6096896 kB
DirectMap1G:     4194304 kB
---SNAPSHOT---
2026-04-27 15:17:55
MemTotal:        8129240 kB
MemFree:         3475908 kB
MemAvailable:    3211532 kB
Buffers:            6260 kB
Cached:           317372 kB
SwapCached:       121788 kB
Active:          3391276 kB
Inactive:         585788 kB
Active(anon):    3279516 kB
Inactive(anon):   428336 kB
Active(file):     111760 kB
Inactive(file):   157452 kB
Unevictable:          16 kB
Mlocked:              16 kB
SwapTotal:       4194300 kB
SwapFree:        3935004 kB
Zswap:                 0 kB
Zswapped:              0 kB
Dirty:               188 kB
Writeback:             0 kB
AnonPages:       3534588 kB
Mapped:           268364 kB
Shmem:             54452 kB
KReclaimable:      57120 kB
Slab:             284328 kB
SReclaimable:      57120 kB
SUnreclaim:       227208 kB
KernelStack:       18364 kB
PageTables:        50704 kB
SecPageTables:         0 kB
NFS_Unstable:          0 kB
Bounce:                0 kB
WritebackTmp:          0 kB
CommitLimit:     8258920 kB
Committed_AS:   11408796 kB
VmallocTotal:   34359738367 kB
VmallocUsed:       46520 kB
VmallocChunk:          0 kB
Percpu:            13280 kB
HardwareCorrupted:     0 kB
AnonHugePages:   2043904 kB
ShmemHugePages:        0 kB
ShmemPmdMapped:        0 kB
FileHugePages:         0 kB
FilePmdMapped:         0 kB
CmaTotal:              0 kB
CmaFree:               0 kB
Unaccepted:            0 kB
Balloon:               0 kB
HugePages_Total:       0
HugePages_Free:        0
HugePages_Rsvd:        0
HugePages_Surp:        0
Hugepagesize:       2048 kB
Hugetlb:               0 kB
DirectMap4k:      194432 kB
DirectMap2M:     6096896 kB
DirectMap1G:     4194304 kB
---SNAPSHOT---
2026-04-27 15:17:56
MemTotal:        8129240 kB
MemFree:         3924972 kB
MemAvailable:    3660596 kB
Buffers:            6260 kB
Cached:           317376 kB
SwapCached:       121788 kB
Active:          2906164 kB
Inactive:         585792 kB
Active(anon):    2794404 kB
Inactive(anon):   428336 kB
Active(file):     111760 kB
Inactive(file):   157456 kB
Unevictable:          16 kB
Mlocked:              16 kB
SwapTotal:       4194300 kB
SwapFree:        3935004 kB
Zswap:                 0 kB
Zswapped:              0 kB
Dirty:               192 kB
Writeback:             0 kB
AnonPages:       3049612 kB
Mapped:           268364 kB
Shmem:             54452 kB
KReclaimable:      57120 kB
Slab:             284324 kB
SReclaimable:      57120 kB
SUnreclaim:       227204 kB
KernelStack:       18364 kB
PageTables:        49576 kB
SecPageTables:         0 kB
NFS_Unstable:          0 kB
Bounce:                0 kB
WritebackTmp:          0 kB
CommitLimit:     8258920 kB
Committed_AS:   11409788 kB
VmallocTotal:   34359738367 kB
VmallocUsed:       46568 kB
VmallocChunk:          0 kB
Percpu:            13280 kB
HardwareCorrupted:     0 kB
AnonHugePages:   1558528 kB
ShmemHugePages:        0 kB
ShmemPmdMapped:        0 kB
FileHugePages:         0 kB
FilePmdMapped:         0 kB
CmaTotal:              0 kB
CmaFree:               0 kB
Unaccepted:            0 kB
Balloon:               0 kB
HugePages_Total:       0
HugePages_Free:        0
HugePages_Rsvd:        0
HugePages_Surp:        0
Hugepagesize:       2048 kB
Hugetlb:               0 kB
DirectMap4k:      194432 kB
DirectMap2M:     6096896 kB
DirectMap1G:     4194304 kB
---SNAPSHOT---
2026-04-27 15:17:57
MemTotal:        8129240 kB
MemFree:         3801896 kB
MemAvailable:    3537524 kB
Buffers:            6260 kB
Cached:           317384 kB
SwapCached:       643520 kB
Active:          2543840 kB
Inactive:        1082868 kB
Active(anon):    2432080 kB
Inactive(anon):   925404 kB
Active(file):     111760 kB
Inactive(file):   157464 kB
Unevictable:          16 kB
Mlocked:              16 kB
SwapTotal:       4194300 kB
SwapFree:        3413272 kB
Zswap:                 0 kB
Zswapped:              0 kB
Dirty:               200 kB
Writeback:         24580 kB
AnonPages:       2664864 kB
Mapped:           268364 kB
Shmem:             54452 kB
KReclaimable:      57120 kB
Slab:             285788 kB
SReclaimable:      57120 kB
SUnreclaim:       228668 kB
KernelStack:       18348 kB
PageTables:        49512 kB
SecPageTables:         0 kB
NFS_Unstable:          0 kB
Bounce:                0 kB
WritebackTmp:          0 kB
CommitLimit:     8258920 kB
Committed_AS:   11409432 kB
VmallocTotal:   34359738367 kB
VmallocUsed:       46568 kB
VmallocChunk:          0 kB
Percpu:            13280 kB
HardwareCorrupted:     0 kB
AnonHugePages:   1173504 kB
ShmemHugePages:        0 kB
ShmemPmdMapped:        0 kB
FileHugePages:         0 kB
FilePmdMapped:         0 kB
CmaTotal:              0 kB
CmaFree:               0 kB
Unaccepted:            0 kB
Balloon:               0 kB
HugePages_Total:       0
HugePages_Free:        0
HugePages_Rsvd:        0
HugePages_Surp:        0
Hugepagesize:       2048 kB
Hugetlb:               0 kB
DirectMap4k:      194432 kB
DirectMap2M:     6096896 kB
DirectMap1G:     4194304 kB
---SNAPSHOT---
2026-04-27 15:17:58
MemTotal:        8129240 kB
MemFree:         3666840 kB
MemAvailable:    3402472 kB
Buffers:            6260 kB
Cached:           317388 kB
SwapCached:       643520 kB
Active:          2697492 kB
Inactive:        1094988 kB
Active(anon):    2585732 kB
Inactive(anon):   937520 kB
Active(file):     111760 kB
Inactive(file):   157468 kB
Unevictable:          16 kB
Mlocked:              16 kB
SwapTotal:       4194300 kB
SwapFree:        3413272 kB
Zswap:                 0 kB
Zswapped:              0 kB
Dirty:               204 kB
Writeback:         12516 kB
AnonPages:       2831044 kB
Mapped:           268364 kB
Shmem:             54452 kB
KReclaimable:      57120 kB
Slab:             285220 kB
SReclaimable:      57120 kB
SUnreclaim:       228100 kB
KernelStack:       18380 kB
PageTables:        49580 kB
SecPageTables:         0 kB
NFS_Unstable:          0 kB
Bounce:                0 kB
WritebackTmp:          0 kB
CommitLimit:     8258920 kB
Committed_AS:   11409780 kB
VmallocTotal:   34359738367 kB
VmallocUsed:       46568 kB
VmallocChunk:          0 kB
Percpu:            13280 kB
HardwareCorrupted:     0 kB
AnonHugePages:   1339392 kB
ShmemHugePages:        0 kB
ShmemPmdMapped:        0 kB
FileHugePages:         0 kB
FilePmdMapped:         0 kB
CmaTotal:              0 kB
CmaFree:               0 kB
Unaccepted:            0 kB
Balloon:               0 kB
HugePages_Total:       0
HugePages_Free:        0
HugePages_Rsvd:        0
HugePages_Surp:        0
Hugepagesize:       2048 kB
Hugetlb:               0 kB
DirectMap4k:      194432 kB
DirectMap2M:     6096896 kB
DirectMap1G:     4194304 kB
---SNAPSHOT---
2026-04-27 15:18:00
MemTotal:        8129240 kB
MemFree:         3501440 kB
MemAvailable:    3237076 kB
Buffers:            6268 kB
Cached:           317396 kB
SwapCached:       674240 kB
Active:          2847824 kB
Inactive:        1124740 kB
Active(anon):    2736064 kB
Inactive(anon):   967260 kB
Active(file):     111760 kB
Inactive(file):   157480 kB
Unevictable:          16 kB
Mlocked:              16 kB
SwapTotal:       4194300 kB
SwapFree:        3382552 kB
Zswap:                 0 kB
Zswapped:              0 kB
Dirty:               164 kB
Writeback:         13452 kB
AnonPages:       2980380 kB
Mapped:           268464 kB
Shmem:             54452 kB
KReclaimable:      57120 kB
Slab:             285268 kB
SReclaimable:      57120 kB
SUnreclaim:       228148 kB
KernelStack:       18348 kB
PageTables:        49564 kB
SecPageTables:         0 kB
NFS_Unstable:          0 kB
Bounce:                0 kB
WritebackTmp:          0 kB
CommitLimit:     8258920 kB
Committed_AS:   11409700 kB
VmallocTotal:   34359738367 kB
VmallocUsed:       46568 kB
VmallocChunk:          0 kB
Percpu:            13280 kB
HardwareCorrupted:     0 kB
AnonHugePages:   1488896 kB
ShmemHugePages:        0 kB
ShmemPmdMapped:        0 kB
FileHugePages:         0 kB
FilePmdMapped:         0 kB
CmaTotal:              0 kB
CmaFree:               0 kB
Unaccepted:            0 kB
Balloon:               0 kB
HugePages_Total:       0
HugePages_Free:        0
HugePages_Rsvd:        0
HugePages_Surp:        0
Hugepagesize:       2048 kB
Hugetlb:               0 kB
DirectMap4k:      194432 kB
DirectMap2M:     6096896 kB
DirectMap1G:     4194304 kB
---SNAPSHOT---
2026-04-27 15:18:01
MemTotal:        8129240 kB
MemFree:         3804608 kB
MemAvailable:    3540252 kB
Buffers:            6272 kB
Cached:           317400 kB
SwapCached:       121788 kB
Active:          3056072 kB
Inactive:         585828 kB
Active(anon):    2944312 kB
Inactive(anon):   428336 kB
Active(file):     111760 kB
Inactive(file):   157492 kB
Unevictable:          16 kB
Mlocked:              16 kB
SwapTotal:       4194300 kB
SwapFree:        3935004 kB
Zswap:                 0 kB
Zswapped:              0 kB
Dirty:               164 kB
Writeback:             0 kB
AnonPages:       3199236 kB
Mapped:           268364 kB
Shmem:             54452 kB
KReclaimable:      57120 kB
Slab:             284316 kB
SReclaimable:      57120 kB
SUnreclaim:       227196 kB
KernelStack:       18364 kB
PageTables:        48732 kB
SecPageTables:         0 kB
NFS_Unstable:          0 kB
Bounce:                0 kB
WritebackTmp:          0 kB
CommitLimit:     8258920 kB
Committed_AS:   11409300 kB
VmallocTotal:   34359738367 kB
VmallocUsed:       46584 kB
VmallocChunk:          0 kB
Percpu:            13280 kB
HardwareCorrupted:     0 kB
AnonHugePages:   1710080 kB
ShmemHugePages:        0 kB
ShmemPmdMapped:        0 kB
FileHugePages:         0 kB
FilePmdMapped:         0 kB
CmaTotal:              0 kB
CmaFree:               0 kB
Unaccepted:            0 kB
Balloon:               0 kB
HugePages_Total:       0
HugePages_Free:        0
HugePages_Rsvd:        0
HugePages_Surp:        0
Hugepagesize:       2048 kB
Hugetlb:               0 kB
DirectMap4k:      194432 kB
DirectMap2M:     6096896 kB
DirectMap1G:     4194304 kB
---SNAPSHOT---
2026-04-27 15:18:02
MemTotal:        8129240 kB
MemFree:         3641208 kB
MemAvailable:    3376852 kB
Buffers:            6272 kB
Cached:           317404 kB
SwapCached:       444084 kB
Active:          2906748 kB
Inactive:         902640 kB
Active(anon):    2794988 kB
Inactive(anon):   745144 kB
Active(file):     111760 kB
Inactive(file):   157496 kB
Unevictable:          16 kB
Mlocked:              16 kB
SwapTotal:       4194300 kB
SwapFree:        3612520 kB
Zswap:                 0 kB
Zswapped:              0 kB
Dirty:               168 kB
Writeback:          5656 kB
AnonPages:       3046548 kB
Mapped:           268364 kB
Shmem:             54452 kB
KReclaimable:      57120 kB
Slab:             284868 kB
SReclaimable:      57120 kB
SUnreclaim:       227748 kB
KernelStack:       18364 kB
PageTables:        49616 kB
SecPageTables:         0 kB
NFS_Unstable:          0 kB
Bounce:                0 kB
WritebackTmp:          0 kB
CommitLimit:     8258920 kB
Committed_AS:   11409564 kB
VmallocTotal:   34359738367 kB
VmallocUsed:       46600 kB
VmallocChunk:          0 kB
Percpu:            13280 kB
HardwareCorrupted:     0 kB
AnonHugePages:   1556480 kB
ShmemHugePages:        0 kB
ShmemPmdMapped:        0 kB
FileHugePages:         0 kB
FilePmdMapped:         0 kB
CmaTotal:              0 kB
CmaFree:               0 kB
Unaccepted:            0 kB
Balloon:               0 kB
HugePages_Total:       0
HugePages_Free:        0
HugePages_Rsvd:        0
HugePages_Surp:        0
Hugepagesize:       2048 kB
Hugetlb:               0 kB
DirectMap4k:      194432 kB
DirectMap2M:     6096896 kB
DirectMap1G:     4194304 kB
---SNAPSHOT---
2026-04-27 15:18:03
MemTotal:        8129240 kB
MemFree:         4084572 kB
MemAvailable:    3820224 kB
Buffers:            6280 kB
Cached:           317412 kB
SwapCached:       680896 kB
Active:          2206372 kB
Inactive:        1127832 kB
Active(anon):    2094612 kB
Inactive(anon):   970320 kB
Active(file):     111760 kB
Inactive(file):   157512 kB
Unevictable:          16 kB
Mlocked:              16 kB
SwapTotal:       4194300 kB
SwapFree:        3375896 kB
Zswap:                 0 kB
Zswapped:              0 kB
Dirty:               176 kB
Writeback:         16956 kB
AnonPages:       2334804 kB
Mapped:           268364 kB
Shmem:             54452 kB
KReclaimable:      57120 kB
Slab:             285420 kB
SReclaimable:      57120 kB
SUnreclaim:       228300 kB
KernelStack:       18348 kB
PageTables:        48380 kB
SecPageTables:         0 kB
NFS_Unstable:          0 kB
Bounce:                0 kB
WritebackTmp:          0 kB
CommitLimit:     8258920 kB
Committed_AS:   11409444 kB
VmallocTotal:   34359738367 kB
VmallocUsed:       46648 kB
VmallocChunk:          0 kB
Percpu:            13280 kB
HardwareCorrupted:     0 kB
AnonHugePages:    843776 kB
ShmemHugePages:        0 kB
ShmemPmdMapped:        0 kB
FileHugePages:         0 kB
FilePmdMapped:         0 kB
CmaTotal:              0 kB
CmaFree:               0 kB
Unaccepted:            0 kB
Balloon:               0 kB
HugePages_Total:       0
HugePages_Free:        0
HugePages_Rsvd:        0
HugePages_Surp:        0
Hugepagesize:       2048 kB
Hugetlb:               0 kB
DirectMap4k:      194432 kB
DirectMap2M:     6096896 kB
DirectMap1G:     4194304 kB
---SNAPSHOT---
2026-04-27 15:18:04
MemTotal:        8129240 kB
MemFree:         3860188 kB
MemAvailable:    3595844 kB
Buffers:            6280 kB
Cached:           317420 kB
SwapCached:       121920 kB
Active:          2978268 kB
Inactive:         586044 kB
Active(anon):    2866508 kB
Inactive(anon):   428524 kB
Active(file):     111760 kB
Inactive(file):   157520 kB
Unevictable:          16 kB
Mlocked:              16 kB
SwapTotal:       4194300 kB
SwapFree:        3935004 kB
Zswap:                 0 kB
Zswapped:              0 kB
Dirty:               192 kB
Writeback:             0 kB
AnonPages:       3121324 kB
Mapped:           268364 kB
Shmem:             54452 kB
KReclaimable:      57120 kB
Slab:             284564 kB
SReclaimable:      57120 kB
SUnreclaim:       227444 kB
KernelStack:       18304 kB
PageTables:        48740 kB
SecPageTables:         0 kB
NFS_Unstable:          0 kB
Bounce:                0 kB
WritebackTmp:          0 kB
CommitLimit:     8258920 kB
Committed_AS:   11409564 kB
VmallocTotal:   34359738367 kB
VmallocUsed:       46584 kB
VmallocChunk:          0 kB
Percpu:            13280 kB
HardwareCorrupted:     0 kB
AnonHugePages:   1632256 kB
ShmemHugePages:        0 kB
ShmemPmdMapped:        0 kB
FileHugePages:         0 kB
FilePmdMapped:         0 kB
CmaTotal:              0 kB
CmaFree:               0 kB
Unaccepted:            0 kB
Balloon:               0 kB
HugePages_Total:       0
HugePages_Free:        0
HugePages_Rsvd:        0
HugePages_Surp:        0
Hugepagesize:       2048 kB
Hugetlb:               0 kB
DirectMap4k:      194432 kB
DirectMap2M:     6096896 kB
DirectMap1G:     4194304 kB
---SNAPSHOT---
2026-04-27 15:18:06
MemTotal:        8129240 kB
MemFree:         3502320 kB
MemAvailable:    3237980 kB
Buffers:            6280 kB
Cached:           317428 kB
SwapCached:       121788 kB
Active:          3328260 kB
Inactive:         585864 kB
Active(anon):    3216500 kB
Inactive(anon):   428336 kB
Active(file):     111760 kB
Inactive(file):   157528 kB
Unevictable:          16 kB
Mlocked:              16 kB
SwapTotal:       4194300 kB
SwapFree:        3935004 kB
Zswap:                 0 kB
Zswapped:              0 kB
Dirty:               200 kB
Writeback:             0 kB
AnonPages:       3471804 kB
Mapped:           268364 kB
Shmem:             54452 kB
KReclaimable:      57120 kB
Slab:             284348 kB
SReclaimable:      57120 kB
SUnreclaim:       227228 kB
KernelStack:       18364 kB
PageTables:        49628 kB
SecPageTables:         0 kB
NFS_Unstable:          0 kB
Bounce:                0 kB
WritebackTmp:          0 kB
CommitLimit:     8258920 kB
