---SNAPSHOT---
2026-04-27 15:57:09
MemTotal:        8129240 kB
MemFree:         5298020 kB
MemAvailable:    5019536 kB
Buffers:            4148 kB
Cached:           281604 kB
SwapCached:        18052 kB
Active:          1568652 kB
Inactive:         597396 kB
Active(anon):    1476396 kB
Inactive(anon):   443268 kB
Active(file):      92256 kB
Inactive(file):   154128 kB
Unevictable:           0 kB
Mlocked:               0 kB
SwapTotal:       4194300 kB
SwapFree:        4176248 kB
Zswap:                 0 kB
Zswapped:              0 kB
Dirty:               456 kB
Writeback:             0 kB
AnonPages:       1862948 kB
Mapped:           243000 kB
Shmem:             38824 kB
KReclaimable:      51736 kB
Slab:             278524 kB
SReclaimable:      51736 kB
SUnreclaim:       226788 kB
KernelStack:       18056 kB
PageTables:        45252 kB
SecPageTables:         0 kB
NFS_Unstable:          0 kB
Bounce:                0 kB
WritebackTmp:          0 kB
CommitLimit:     8258920 kB
Committed_AS:    8697552 kB
VmallocTotal:   34359738367 kB
VmallocUsed:       46232 kB
VmallocChunk:          0 kB
Percpu:            13280 kB
HardwareCorrupted:     0 kB
AnonHugePages:    194560 kB
ShmemHugePages:        0 kB
ShmemPmdMapped:        0 kB
FileHugePages:         0 kB
FilePmdMapped:         0 kB
CmaTotal:              0 kB
CmaFree:               0 kB
Unaccepted:            0 kB
Balloon:               0 kB
HugePages_Total:       0
HugePages_Free:        0
HugePages_Rsvd:        0
HugePages_Surp:        0
Hugepagesize:       2048 kB
Hugetlb:               0 kB
DirectMap4k:      194432 kB
DirectMap2M:     6096896 kB
DirectMap1G:     4194304 kB
---SNAPSHOT---
2026-04-27 15:57:10
MemTotal:        8129240 kB
MemFree:         5296340 kB
MemAvailable:    5018496 kB
Buffers:            4308 kB
Cached:           281688 kB
SwapCached:        18052 kB
Active:          1569804 kB
Inactive:         597876 kB
Active(anon):    1477228 kB
Inactive(anon):   443268 kB
Active(file):      92576 kB
Inactive(file):   154608 kB
Unevictable:           0 kB
Mlocked:               0 kB
SwapTotal:       4194300 kB
SwapFree:        4176248 kB
Zswap:                 0 kB
Zswapped:              0 kB
Dirty:               476 kB
Writeback:             0 kB
AnonPages:       1863584 kB
Mapped:           243004 kB
Shmem:             38824 kB
KReclaimable:      52216 kB
Slab:             279004 kB
SReclaimable:      52216 kB
SUnreclaim:       226788 kB
KernelStack:       17964 kB
PageTables:        45672 kB
SecPageTables:         0 kB
NFS_Unstable:          0 kB
Bounce:                0 kB
WritebackTmp:          0 kB
CommitLimit:     8258920 kB
Committed_AS:    8699092 kB
VmallocTotal:   34359738367 kB
VmallocUsed:       46296 kB
VmallocChunk:          0 kB
Percpu:            13280 kB
HardwareCorrupted:     0 kB
AnonHugePages:    194560 kB
ShmemHugePages:        0 kB
ShmemPmdMapped:        0 kB
FileHugePages:         0 kB
FilePmdMapped:         0 kB
CmaTotal:              0 kB
CmaFree:               0 kB
Unaccepted:            0 kB
Balloon:               0 kB
HugePages_Total:       0
HugePages_Free:        0
HugePages_Rsvd:        0
HugePages_Surp:        0
Hugepagesize:       2048 kB
Hugetlb:               0 kB
DirectMap4k:      194432 kB
DirectMap2M:     6096896 kB
DirectMap1G:     4194304 kB
---SNAPSHOT---
2026-04-27 15:57:11
MemTotal:        8129240 kB
MemFree:         5295688 kB
MemAvailable:    5018092 kB
Buffers:            4320 kB
Cached:           281980 kB
SwapCached:        18052 kB
Active:          1570188 kB
Inactive:         598048 kB
Active(anon):    1477484 kB
Inactive(anon):   443268 kB
Active(file):      92704 kB
Inactive(file):   154780 kB
Unevictable:           0 kB
Mlocked:               0 kB
SwapTotal:       4194300 kB
SwapFree:        4176248 kB
Zswap:                 0 kB
Zswapped:              0 kB
Dirty:               512 kB
Writeback:             0 kB
AnonPages:       1864076 kB
Mapped:           243004 kB
Shmem:             38824 kB
KReclaimable:      52408 kB
Slab:             279196 kB
SReclaimable:      52408 kB
SUnreclaim:       226788 kB
KernelStack:       18080 kB
PageTables:        45664 kB
SecPageTables:         0 kB
NFS_Unstable:          0 kB
Bounce:                0 kB
WritebackTmp:          0 kB
CommitLimit:     8258920 kB
Committed_AS:    8699428 kB
VmallocTotal:   34359738367 kB
VmallocUsed:       46360 kB
VmallocChunk:          0 kB
Percpu:            13280 kB
HardwareCorrupted:     0 kB
AnonHugePages:    194560 kB
ShmemHugePages:        0 kB
ShmemPmdMapped:        0 kB
FileHugePages:         0 kB
FilePmdMapped:         0 kB
CmaTotal:              0 kB
CmaFree:               0 kB
Unaccepted:            0 kB
Balloon:               0 kB
HugePages_Total:       0
HugePages_Free:        0
HugePages_Rsvd:        0
HugePages_Surp:        0
Hugepagesize:       2048 kB
Hugetlb:               0 kB
DirectMap4k:      194432 kB
DirectMap2M:     6096896 kB
DirectMap1G:     4194304 kB
---SNAPSHOT---
2026-04-27 15:57:12
MemTotal:        8129240 kB
MemFree:         5294880 kB
MemAvailable:    5018608 kB
Buffers:            4732 kB
Cached:           284924 kB
SwapCached:        18052 kB
Active:          1572524 kB
Inactive:         598188 kB
Active(anon):    1477312 kB
Inactive(anon):   443268 kB
Active(file):      95212 kB
Inactive(file):   154920 kB
Unevictable:           0 kB
Mlocked:               0 kB
SwapTotal:       4194300 kB
SwapFree:        4176248 kB
Zswap:                 0 kB
Zswapped:              0 kB
Dirty:               520 kB
Writeback:             0 kB
AnonPages:       1863760 kB
Mapped:           243232 kB
Shmem:             38824 kB
KReclaimable:      52408 kB
Slab:             279196 kB
SReclaimable:      52408 kB
SUnreclaim:       226788 kB
KernelStack:       18044 kB
PageTables:        45520 kB
SecPageTables:         0 kB
NFS_Unstable:          0 kB
Bounce:                0 kB
WritebackTmp:          0 kB
CommitLimit:     8258920 kB
Committed_AS:    8705652 kB
VmallocTotal:   34359738367 kB
VmallocUsed:       46328 kB
VmallocChunk:          0 kB
Percpu:            13280 kB
HardwareCorrupted:     0 kB
AnonHugePages:    194560 kB
ShmemHugePages:        0 kB
ShmemPmdMapped:        0 kB
FileHugePages:         0 kB
FilePmdMapped:         0 kB
CmaTotal:              0 kB
CmaFree:               0 kB
Unaccepted:            0 kB
Balloon:               0 kB
HugePages_Total:       0
HugePages_Free:        0
HugePages_Rsvd:        0
HugePages_Surp:        0
Hugepagesize:       2048 kB
Hugetlb:               0 kB
DirectMap4k:      194432 kB
DirectMap2M:     6096896 kB
DirectMap1G:     4194304 kB
---SNAPSHOT---
2026-04-27 15:57:13
MemTotal:        8129240 kB
MemFree:         4363872 kB
MemAvailable:    4092592 kB
Buffers:            4864 kB
Cached:           311232 kB
SwapCached:        18052 kB
Active:          2507952 kB
Inactive:         598820 kB
Active(anon):    2403384 kB
Inactive(anon):   443268 kB
Active(file):     104568 kB
Inactive(file):   155552 kB
Unevictable:          16 kB
Mlocked:              16 kB
SwapTotal:       4194300 kB
SwapFree:        4176248 kB
Zswap:                 0 kB
Zswapped:              0 kB
Dirty:               604 kB
Writeback:             0 kB
AnonPages:       2772816 kB
Mapped:           263600 kB
Shmem:             55972 kB
KReclaimable:      52408 kB
Slab:             279228 kB
SReclaimable:      52408 kB
SUnreclaim:       226820 kB
KernelStack:       18192 kB
PageTables:        48020 kB
SecPageTables:         0 kB
NFS_Unstable:          0 kB
Bounce:                0 kB
WritebackTmp:          0 kB
CommitLimit:     8258920 kB
Committed_AS:   11355188 kB
VmallocTotal:   34359738367 kB
VmallocUsed:       46360 kB
VmallocChunk:          0 kB
Percpu:            13280 kB
HardwareCorrupted:     0 kB
AnonHugePages:   1095680 kB
ShmemHugePages:        0 kB
ShmemPmdMapped:        0 kB
FileHugePages:         0 kB
FilePmdMapped:         0 kB
CmaTotal:              0 kB
CmaFree:               0 kB
Unaccepted:            0 kB
Balloon:               0 kB
HugePages_Total:       0
HugePages_Free:        0
HugePages_Rsvd:        0
HugePages_Surp:        0
Hugepagesize:       2048 kB
Hugetlb:               0 kB
DirectMap4k:      194432 kB
DirectMap2M:     6096896 kB
DirectMap1G:     4194304 kB
---SNAPSHOT---
2026-04-27 15:57:14
MemTotal:        8129240 kB
MemFree:         3359648 kB
MemAvailable:    3088372 kB
Buffers:            4864 kB
Cached:           311236 kB
SwapCached:        18052 kB
Active:          3507360 kB
Inactive:         598824 kB
Active(anon):    3402792 kB
Inactive(anon):   443268 kB
Active(file):     104568 kB
Inactive(file):   155556 kB
Unevictable:          16 kB
Mlocked:              16 kB
SwapTotal:       4194300 kB
SwapFree:        4176248 kB
Zswap:                 0 kB
Zswapped:              0 kB
Dirty:               608 kB
Writeback:             0 kB
AnonPages:       3772276 kB
Mapped:           263580 kB
Shmem:             55972 kB
KReclaimable:      52408 kB
Slab:             279244 kB
SReclaimable:      52408 kB
SUnreclaim:       226836 kB
KernelStack:       18176 kB
PageTables:        50072 kB
SecPageTables:         0 kB
NFS_Unstable:          0 kB
Bounce:                0 kB
WritebackTmp:          0 kB
CommitLimit:     8258920 kB
Committed_AS:   11355208 kB
VmallocTotal:   34359738367 kB
VmallocUsed:       46376 kB
VmallocChunk:          0 kB
Percpu:            13280 kB
HardwareCorrupted:     0 kB
AnonHugePages:   2095104 kB
ShmemHugePages:        0 kB
ShmemPmdMapped:        0 kB
FileHugePages:         0 kB
FilePmdMapped:         0 kB
CmaTotal:              0 kB
CmaFree:               0 kB
Unaccepted:            0 kB
Balloon:               0 kB
HugePages_Total:       0
HugePages_Free:        0
HugePages_Rsvd:        0
HugePages_Surp:        0
Hugepagesize:       2048 kB
Hugetlb:               0 kB
DirectMap4k:      194432 kB
DirectMap2M:     6096896 kB
DirectMap1G:     4194304 kB
---SNAPSHOT---
2026-04-27 15:57:15
MemTotal:        8129240 kB
MemFree:         4753320 kB
MemAvailable:    4482048 kB
Buffers:            4864 kB
Cached:           311244 kB
SwapCached:        18052 kB
Active:          2002608 kB
Inactive:         598832 kB
Active(anon):    1898040 kB
Inactive(anon):   443268 kB
Active(file):     104568 kB
Inactive(file):   155564 kB
Unevictable:          16 kB
Mlocked:              16 kB
SwapTotal:       4194300 kB
SwapFree:        4176248 kB
Zswap:                 0 kB
Zswapped:              0 kB
Dirty:               616 kB
Writeback:             0 kB
AnonPages:       2267020 kB
Mapped:           263600 kB
Shmem:             55972 kB
KReclaimable:      52408 kB
Slab:             279288 kB
SReclaimable:      52408 kB
SUnreclaim:       226880 kB
KernelStack:       18132 kB
PageTables:        46940 kB
SecPageTables:         0 kB
NFS_Unstable:          0 kB
Bounce:                0 kB
WritebackTmp:          0 kB
CommitLimit:     8258920 kB
Committed_AS:   11356480 kB
VmallocTotal:   34359738367 kB
VmallocUsed:       46456 kB
VmallocChunk:          0 kB
Percpu:            13280 kB
HardwareCorrupted:     0 kB
AnonHugePages:    589824 kB
ShmemHugePages:        0 kB
ShmemPmdMapped:        0 kB
FileHugePages:         0 kB
FilePmdMapped:         0 kB
CmaTotal:              0 kB
CmaFree:               0 kB
Unaccepted:            0 kB
Balloon:               0 kB
HugePages_Total:       0
HugePages_Free:        0
HugePages_Rsvd:        0
HugePages_Surp:        0
Hugepagesize:       2048 kB
Hugetlb:               0 kB
DirectMap4k:      194432 kB
DirectMap2M:     6096896 kB
DirectMap1G:     4194304 kB
---SNAPSHOT---
2026-04-27 15:57:16
MemTotal:        8129240 kB
MemFree:         3796408 kB
MemAvailable:    3525136 kB
Buffers:            4872 kB
Cached:           311240 kB
SwapCached:        18052 kB
Active:          3069480 kB
Inactive:         598836 kB
Active(anon):    2964912 kB
Inactive(anon):   443268 kB
Active(file):     104568 kB
Inactive(file):   155568 kB
Unevictable:          16 kB
Mlocked:              16 kB
SwapTotal:       4194300 kB
SwapFree:        4176248 kB
Zswap:                 0 kB
Zswapped:              0 kB
Dirty:               620 kB
Writeback:             0 kB
AnonPages:       3334168 kB
Mapped:           263600 kB
Shmem:             55972 kB
KReclaimable:      52408 kB
Slab:             279312 kB
SReclaimable:      52408 kB
SUnreclaim:       226904 kB
KernelStack:       18220 kB
PageTables:        49304 kB
SecPageTables:         0 kB
NFS_Unstable:          0 kB
Bounce:                0 kB
WritebackTmp:          0 kB
CommitLimit:     8258920 kB
Committed_AS:   11356096 kB
VmallocTotal:   34359738367 kB
VmallocUsed:       46472 kB
VmallocChunk:          0 kB
Percpu:            13280 kB
HardwareCorrupted:     0 kB
AnonHugePages:   1656832 kB
ShmemHugePages:        0 kB
ShmemPmdMapped:        0 kB
FileHugePages:         0 kB
FilePmdMapped:         0 kB
CmaTotal:              0 kB
CmaFree:               0 kB
Unaccepted:            0 kB
Balloon:               0 kB
HugePages_Total:       0
HugePages_Free:        0
HugePages_Rsvd:        0
HugePages_Surp:        0
Hugepagesize:       2048 kB
Hugetlb:               0 kB
DirectMap4k:      194432 kB
DirectMap2M:     6096896 kB
DirectMap1G:     4194304 kB
---SNAPSHOT---
2026-04-27 15:57:17
MemTotal:        8129240 kB
MemFree:         3341316 kB
MemAvailable:    3070048 kB
Buffers:            4872 kB
Cached:           311248 kB
SwapCached:        18052 kB
Active:          3480868 kB
Inactive:         598844 kB
Active(anon):    3376300 kB
Inactive(anon):   443268 kB
Active(file):     104568 kB
Inactive(file):   155576 kB
Unevictable:          16 kB
Mlocked:              16 kB
SwapTotal:       4194300 kB
SwapFree:        4176248 kB
Zswap:                 0 kB
Zswapped:              0 kB
Dirty:               620 kB
Writeback:             0 kB
AnonPages:       3745484 kB
Mapped:           263884 kB
Shmem:             55972 kB
KReclaimable:      52408 kB
Slab:             279360 kB
SReclaimable:      52408 kB
SUnreclaim:       226952 kB
KernelStack:       18228 kB
PageTables:        50212 kB
SecPageTables:         0 kB
NFS_Unstable:          0 kB
Bounce:                0 kB
WritebackTmp:          0 kB
CommitLimit:     8258920 kB
Committed_AS:   11354692 kB
VmallocTotal:   34359738367 kB
VmallocUsed:       46408 kB
VmallocChunk:          0 kB
Percpu:            13280 kB
HardwareCorrupted:     0 kB
AnonHugePages:   2068480 kB
ShmemHugePages:        0 kB
ShmemPmdMapped:        0 kB
FileHugePages:         0 kB
FilePmdMapped:         0 kB
CmaTotal:              0 kB
CmaFree:               0 kB
Unaccepted:            0 kB
Balloon:               0 kB
HugePages_Total:       0
HugePages_Free:        0
HugePages_Rsvd:        0
HugePages_Surp:        0
Hugepagesize:       2048 kB
Hugetlb:               0 kB
DirectMap4k:      194432 kB
DirectMap2M:     6096896 kB
DirectMap1G:     4194304 kB
---SNAPSHOT---
2026-04-27 15:57:18
MemTotal:        8129240 kB
MemFree:         4251400 kB
MemAvailable:    3980140 kB
Buffers:            4872 kB
Cached:           311260 kB
SwapCached:        18052 kB
Active:          2618492 kB
Inactive:         598856 kB
Active(anon):    2513924 kB
Inactive(anon):   443268 kB
Active(file):     104568 kB
Inactive(file):   155588 kB
Unevictable:          16 kB
Mlocked:              16 kB
SwapTotal:       4194300 kB
SwapFree:        4176248 kB
Zswap:                 0 kB
Zswapped:              0 kB
Dirty:               632 kB
Writeback:             0 kB
AnonPages:       2883472 kB
Mapped:           263600 kB
Shmem:             55972 kB
KReclaimable:      52408 kB
Slab:             279312 kB
SReclaimable:      52408 kB
SUnreclaim:       226904 kB
KernelStack:       18176 kB
PageTables:        47968 kB
SecPageTables:         0 kB
NFS_Unstable:          0 kB
Bounce:                0 kB
WritebackTmp:          0 kB
CommitLimit:     8258920 kB
Committed_AS:   11354492 kB
VmallocTotal:   34359738367 kB
VmallocUsed:       46376 kB
VmallocChunk:          0 kB
Percpu:            13280 kB
HardwareCorrupted:     0 kB
AnonHugePages:   1206272 kB
ShmemHugePages:        0 kB
ShmemPmdMapped:        0 kB
FileHugePages:         0 kB
FilePmdMapped:         0 kB
CmaTotal:              0 kB
CmaFree:               0 kB
Unaccepted:            0 kB
Balloon:               0 kB
HugePages_Total:       0
HugePages_Free:        0
HugePages_Rsvd:        0
HugePages_Surp:        0
Hugepagesize:       2048 kB
Hugetlb:               0 kB
DirectMap4k:      194432 kB
DirectMap2M:     6096896 kB
DirectMap1G:     4194304 kB
---SNAPSHOT---
2026-04-27 15:57:19
MemTotal:        8129240 kB
MemFree:         3178476 kB
MemAvailable:    2907220 kB
Buffers:            4872 kB
Cached:           311268 kB
SwapCached:        18052 kB
Active:          3691824 kB
Inactive:         598864 kB
Active(anon):    3587256 kB
Inactive(anon):   443268 kB
Active(file):     104568 kB
Inactive(file):   155596 kB
Unevictable:          16 kB
Mlocked:              16 kB
SwapTotal:       4194300 kB
SwapFree:        4176248 kB
Zswap:                 0 kB
Zswapped:              0 kB
Dirty:               640 kB
Writeback:             0 kB
AnonPages:       3956560 kB
Mapped:           263776 kB
Shmem:             55972 kB
KReclaimable:      52408 kB
Slab:             279312 kB
SReclaimable:      52408 kB
SUnreclaim:       226904 kB
KernelStack:       18160 kB
PageTables:        50216 kB
SecPageTables:         0 kB
NFS_Unstable:          0 kB
Bounce:                0 kB
WritebackTmp:          0 kB
CommitLimit:     8258920 kB
Committed_AS:   11355076 kB
VmallocTotal:   34359738367 kB
VmallocUsed:       46392 kB
VmallocChunk:          0 kB
Percpu:            13280 kB
HardwareCorrupted:     0 kB
AnonHugePages:   2279424 kB
ShmemHugePages:        0 kB
ShmemPmdMapped:        0 kB
FileHugePages:         0 kB
FilePmdMapped:         0 kB
CmaTotal:              0 kB
CmaFree:               0 kB
Unaccepted:            0 kB
Balloon:               0 kB
HugePages_Total:       0
HugePages_Free:        0
HugePages_Rsvd:        0
HugePages_Surp:        0
Hugepagesize:       2048 kB
Hugetlb:               0 kB
DirectMap4k:      194432 kB
DirectMap2M:     6096896 kB
DirectMap1G:     4194304 kB
---SNAPSHOT---
2026-04-27 15:57:20
MemTotal:        8129240 kB
MemFree:         4528780 kB
MemAvailable:    4257524 kB
Buffers:            4872 kB
Cached:           311272 kB
SwapCached:        18052 kB
Active:          2180108 kB
Inactive:         598868 kB
Active(anon):    2075540 kB
Inactive(anon):   443268 kB
Active(file):     104568 kB
Inactive(file):   155600 kB
Unevictable:          16 kB
Mlocked:              16 kB
SwapTotal:       4194300 kB
SwapFree:        4176248 kB
Zswap:                 0 kB
Zswapped:              0 kB
Dirty:               644 kB
Writeback:             0 kB
AnonPages:       2444952 kB
Mapped:           263600 kB
Shmem:             55972 kB
KReclaimable:      52408 kB
Slab:             279312 kB
SReclaimable:      52408 kB
SUnreclaim:       226904 kB
KernelStack:       18160 kB
PageTables:        48024 kB
SecPageTables:         0 kB
NFS_Unstable:          0 kB
Bounce:                0 kB
WritebackTmp:          0 kB
CommitLimit:     8258920 kB
Committed_AS:   11355208 kB
VmallocTotal:   34359738367 kB
VmallocUsed:       46376 kB
VmallocChunk:          0 kB
Percpu:            13280 kB
HardwareCorrupted:     0 kB
AnonHugePages:    768000 kB
ShmemHugePages:        0 kB
ShmemPmdMapped:        0 kB
FileHugePages:         0 kB
FilePmdMapped:         0 kB
CmaTotal:              0 kB
CmaFree:               0 kB
Unaccepted:            0 kB
Balloon:               0 kB
HugePages_Total:       0
HugePages_Free:        0
HugePages_Rsvd:        0
HugePages_Surp:        0
Hugepagesize:       2048 kB
Hugetlb:               0 kB
DirectMap4k:      194432 kB
DirectMap2M:     6096896 kB
DirectMap1G:     4194304 kB
---SNAPSHOT---
2026-04-27 15:57:21
MemTotal:        8129240 kB
MemFree:         2889240 kB
MemAvailable:    2618728 kB
Buffers:            4880 kB
Cached:           311276 kB
SwapCached:        18052 kB
Active:          3947696 kB
Inactive:         598880 kB
Active(anon):    3843128 kB
Inactive(anon):   443268 kB
Active(file):     104568 kB
Inactive(file):   155612 kB
Unevictable:          16 kB
Mlocked:              16 kB
SwapTotal:       4194300 kB
SwapFree:        4176248 kB
Zswap:                 0 kB
Zswapped:              0 kB
Dirty:               648 kB
Writeback:             0 kB
AnonPages:       4212392 kB
Mapped:           263600 kB
Shmem:             55972 kB
KReclaimable:      53880 kB
Slab:             280764 kB
SReclaimable:      53880 kB
SUnreclaim:       226884 kB
KernelStack:       18176 kB
PageTables:        50412 kB
SecPageTables:         0 kB
NFS_Unstable:          0 kB
Bounce:                0 kB
WritebackTmp:          0 kB
CommitLimit:     8258920 kB
Committed_AS:   11355316 kB
VmallocTotal:   34359738367 kB
VmallocUsed:       46408 kB
VmallocChunk:          0 kB
Percpu:            13280 kB
HardwareCorrupted:     0 kB
AnonHugePages:   2535424 kB
ShmemHugePages:        0 kB
ShmemPmdMapped:        0 kB
FileHugePages:         0 kB
FilePmdMapped:         0 kB
CmaTotal:              0 kB
CmaFree:               0 kB
Unaccepted:            0 kB
Balloon:               0 kB
HugePages_Total:       0
HugePages_Free:        0
HugePages_Rsvd:        0
HugePages_Surp:        0
Hugepagesize:       2048 kB
Hugetlb:               0 kB
DirectMap4k:      194432 kB
DirectMap2M:     6096896 kB
DirectMap1G:     4194304 kB
---SNAPSHOT---
2026-04-27 15:57:22
MemTotal:        8129240 kB
MemFree:         3484228 kB
MemAvailable:    3213720 kB
Buffers:            4880 kB
Cached:           311288 kB
SwapCached:        42632 kB
Active:          3350620 kB
Inactive:         598888 kB
Active(anon):    3246052 kB
Inactive(anon):   443268 kB
Active(file):     104568 kB
Inactive(file):   155620 kB
Unevictable:          16 kB
Mlocked:              16 kB
SwapTotal:       4194300 kB
SwapFree:        4151668 kB
Zswap:                 0 kB
Zswapped:              0 kB
Dirty:               656 kB
Writeback:         24580 kB
AnonPages:       3592996 kB
Mapped:           263520 kB
Shmem:             55972 kB
KReclaimable:      53880 kB
Slab:             282236 kB
SReclaimable:      53880 kB
SUnreclaim:       228356 kB
KernelStack:       18236 kB
PageTables:        49616 kB
SecPageTables:         0 kB
NFS_Unstable:          0 kB
Bounce:                0 kB
WritebackTmp:          0 kB
CommitLimit:     8258920 kB
Committed_AS:   11355076 kB
VmallocTotal:   34359738367 kB
VmallocUsed:       46408 kB
VmallocChunk:          0 kB
Percpu:            13280 kB
HardwareCorrupted:     0 kB
AnonHugePages:   1912832 kB
ShmemHugePages:        0 kB
ShmemPmdMapped:        0 kB
FileHugePages:         0 kB
FilePmdMapped:         0 kB
CmaTotal:              0 kB
CmaFree:               0 kB
Unaccepted:            0 kB
Balloon:               0 kB
HugePages_Total:       0
HugePages_Free:        0
HugePages_Rsvd:        0
HugePages_Surp:        0
Hugepagesize:       2048 kB
Hugetlb:               0 kB
DirectMap4k:      194432 kB
DirectMap2M:     6096896 kB
DirectMap1G:     4194304 kB
---SNAPSHOT---
2026-04-27 15:57:23
MemTotal:        8129240 kB
MemFree:         2947908 kB
MemAvailable:    2677404 kB
Buffers:            4880 kB
Cached:           311292 kB
SwapCached:        42632 kB
Active:          3879472 kB
Inactive:         612620 kB
Active(anon):    3774904 kB
Inactive(anon):   456992 kB
Active(file):     104568 kB
Inactive(file):   155628 kB
Unevictable:          16 kB
Mlocked:              16 kB
SwapTotal:       4194300 kB
SwapFree:        4151668 kB
Zswap:                 0 kB
Zswapped:              0 kB
Dirty:               660 kB
Writeback:         10812 kB
AnonPages:       4135460 kB
Mapped:           263600 kB
Shmem:             55972 kB
KReclaimable:      53880 kB
Slab:             281468 kB
SReclaimable:      53880 kB
SUnreclaim:       227588 kB
KernelStack:       18236 kB
PageTables:        50692 kB
SecPageTables:         0 kB
NFS_Unstable:          0 kB
Bounce:                0 kB
WritebackTmp:          0 kB
CommitLimit:     8258920 kB
Committed_AS:   11354824 kB
VmallocTotal:   34359738367 kB
VmallocUsed:       46408 kB
VmallocChunk:          0 kB
Percpu:            13280 kB
HardwareCorrupted:     0 kB
AnonHugePages:   2455552 kB
ShmemHugePages:        0 kB
ShmemPmdMapped:        0 kB
FileHugePages:         0 kB
FilePmdMapped:         0 kB
CmaTotal:              0 kB
CmaFree:               0 kB
Unaccepted:            0 kB
Balloon:               0 kB
HugePages_Total:       0
HugePages_Free:        0
HugePages_Rsvd:        0
HugePages_Surp:        0
Hugepagesize:       2048 kB
Hugetlb:               0 kB
DirectMap4k:      194432 kB
DirectMap2M:     6096896 kB
DirectMap1G:     4194304 kB
---SNAPSHOT---
2026-04-27 15:57:25
MemTotal:        8129240 kB
MemFree:         4130108 kB
MemAvailable:    3859604 kB
Buffers:            4880 kB
Cached:           311300 kB
SwapCached:        57992 kB
Active:          2588136 kB
Inactive:         618240 kB
Active(anon):    2483568 kB
Inactive(anon):   462612 kB
Active(file):     104568 kB
Inactive(file):   155628 kB
Unevictable:          16 kB
Mlocked:              16 kB
SwapTotal:       4194300 kB
SwapFree:        4136308 kB
Zswap:                 0 kB
Zswapped:              0 kB
Dirty:               668 kB
Writeback:         20484 kB
AnonPages:       2834460 kB
Mapped:           263600 kB
Shmem:             55972 kB
KReclaimable:      53880 kB
Slab:             282044 kB
SReclaimable:      53880 kB
SUnreclaim:       228164 kB
KernelStack:       18200 kB
PageTables:        47664 kB
SecPageTables:         0 kB
NFS_Unstable:          0 kB
Bounce:                0 kB
WritebackTmp:          0 kB
CommitLimit:     8258920 kB
Committed_AS:   11354440 kB
VmallocTotal:   34359738367 kB
VmallocUsed:       46424 kB
VmallocChunk:          0 kB
Percpu:            13280 kB
HardwareCorrupted:     0 kB
AnonHugePages:   1157120 kB
ShmemHugePages:        0 kB
ShmemPmdMapped:        0 kB
FileHugePages:         0 kB
FilePmdMapped:         0 kB
CmaTotal:              0 kB
CmaFree:               0 kB
Unaccepted:            0 kB
Balloon:               0 kB
HugePages_Total:       0
HugePages_Free:        0
HugePages_Rsvd:        0
HugePages_Surp:        0
Hugepagesize:       2048 kB
Hugetlb:               0 kB
DirectMap4k:      194432 kB
DirectMap2M:     6096896 kB
DirectMap1G:     4194304 kB
---SNAPSHOT---
2026-04-27 15:57:26
MemTotal:        8129240 kB
MemFree:         3460436 kB
MemAvailable:    3189936 kB
Buffers:            4880 kB
Cached:           311304 kB
SwapCached:       217088 kB
Active:          3209484 kB
Inactive:         775436 kB
Active(anon):    3104916 kB
Inactive(anon):   619796 kB
Active(file):     104568 kB
Inactive(file):   155640 kB
Unevictable:          16 kB
Mlocked:              16 kB
SwapTotal:       4194300 kB
SwapFree:        3977076 kB
Zswap:                 0 kB
Zswapped:              0 kB
Dirty:               672 kB
Writeback:         22644 kB
AnonPages:       3453640 kB
Mapped:           263828 kB
Shmem:             55972 kB
KReclaimable:      53880 kB
Slab:             282228 kB
SReclaimable:      53880 kB
SUnreclaim:       228348 kB
KernelStack:       18160 kB
PageTables:        49672 kB
SecPageTables:         0 kB
NFS_Unstable:          0 kB
Bounce:                0 kB
WritebackTmp:          0 kB
CommitLimit:     8258920 kB
Committed_AS:   11355080 kB
VmallocTotal:   34359738367 kB
VmallocUsed:       46408 kB
VmallocChunk:          0 kB
Percpu:            13280 kB
HardwareCorrupted:     0 kB
AnonHugePages:   1775616 kB
ShmemHugePages:        0 kB
ShmemPmdMapped:        0 kB
FileHugePages:         0 kB
FilePmdMapped:         0 kB
CmaTotal:              0 kB
CmaFree:               0 kB
Unaccepted:            0 kB
Balloon:               0 kB
HugePages_Total:       0
HugePages_Free:        0
HugePages_Rsvd:        0
HugePages_Surp:        0
Hugepagesize:       2048 kB
Hugetlb:               0 kB
DirectMap4k:      194432 kB
DirectMap2M:     6096896 kB
DirectMap1G:     4194304 kB
---SNAPSHOT---
2026-04-27 15:57:27
MemTotal:        8129240 kB
MemFree:         3307576 kB
MemAvailable:    3037080 kB
Buffers:            4888 kB
Cached:           311308 kB
SwapCached:       374920 kB
Active:          3178976 kB
Inactive:         936196 kB
Active(anon):    3074408 kB
Inactive(anon):   780548 kB
Active(file):     104568 kB
Inactive(file):   155648 kB
Unevictable:          16 kB
Mlocked:              16 kB
SwapTotal:       4194300 kB
SwapFree:        3819380 kB
Zswap:                 0 kB
Zswapped:              0 kB
Dirty:               676 kB
Writeback:         19572 kB
AnonPages:       3426324 kB
Mapped:           263600 kB
Shmem:             55972 kB
KReclaimable:      53880 kB
Slab:             282044 kB
SReclaimable:      53880 kB
SUnreclaim:       228164 kB
KernelStack:       18160 kB
PageTables:        49800 kB
SecPageTables:         0 kB
NFS_Unstable:          0 kB
Bounce:                0 kB
WritebackTmp:          0 kB
CommitLimit:     8258920 kB
Committed_AS:   11355324 kB
VmallocTotal:   34359738367 kB
VmallocUsed:       46424 kB
VmallocChunk:          0 kB
Percpu:            13280 kB
HardwareCorrupted:     0 kB
AnonHugePages:   1746944 kB
ShmemHugePages:        0 kB
ShmemPmdMapped:        0 kB
FileHugePages:         0 kB
FilePmdMapped:         0 kB
CmaTotal:              0 kB
CmaFree:               0 kB
Unaccepted:            0 kB
Balloon:               0 kB
HugePages_Total:       0
HugePages_Free:        0
HugePages_Rsvd:        0
HugePages_Surp:        0
Hugepagesize:       2048 kB
Hugetlb:               0 kB
DirectMap4k:      194432 kB
DirectMap2M:     6096896 kB
DirectMap1G:     4194304 kB
---SNAPSHOT---
2026-04-27 15:57:28
MemTotal:        8129240 kB
MemFree:         3444420 kB
MemAvailable:    3173928 kB
Buffers:            4888 kB
Cached:           311316 kB
SwapCached:       390880 kB
Active:          3069668 kB
Inactive:         947308 kB
Active(anon):    2965100 kB
Inactive(anon):   791652 kB
Active(file):     104568 kB
Inactive(file):   155656 kB
Unevictable:          16 kB
Mlocked:              16 kB
SwapTotal:       4194300 kB
SwapFree:        3803280 kB
Zswap:                 0 kB
Zswapped:              0 kB
Dirty:               684 kB
Writeback:         24208 kB
AnonPages:       3311884 kB
Mapped:           263600 kB
Shmem:             55972 kB
KReclaimable:      53880 kB
Slab:             282132 kB
SReclaimable:      53880 kB
SUnreclaim:       228252 kB
KernelStack:       18144 kB
PageTables:        49204 kB
SecPageTables:         0 kB
NFS_Unstable:          0 kB
Bounce:                0 kB
WritebackTmp:          0 kB
CommitLimit:     8258920 kB
Committed_AS:   11355428 kB
VmallocTotal:   34359738367 kB
VmallocUsed:       46376 kB
VmallocChunk:          0 kB
Percpu:            13280 kB
HardwareCorrupted:     0 kB
AnonHugePages:   1632256 kB
ShmemHugePages:        0 kB
ShmemPmdMapped:        0 kB
FileHugePages:         0 kB
FilePmdMapped:         0 kB
CmaTotal:              0 kB
CmaFree:               0 kB
Unaccepted:            0 kB
Balloon:               0 kB
HugePages_Total:       0
HugePages_Free:        0
HugePages_Rsvd:        0
HugePages_Surp:        0
Hugepagesize:       2048 kB
Hugetlb:               0 kB
DirectMap4k:      194432 kB
DirectMap2M:     6096896 kB
DirectMap1G:     4194304 kB
---SNAPSHOT---
2026-04-27 15:57:29
MemTotal:        8129240 kB
MemFree:         2914884 kB
MemAvailable:    2644392 kB
Buffers:            4888 kB
Cached:           311316 kB
SwapCached:       428680 kB
Active:          3562260 kB
Inactive:         985412 kB
Active(anon):    3457692 kB
Inactive(anon):   829756 kB
Active(file):     104568 kB
Inactive(file):   155656 kB
Unevictable:          16 kB
Mlocked:              16 kB
SwapTotal:       4194300 kB
SwapFree:        3765620 kB
Zswap:                 0 kB
Zswapped:              0 kB
Dirty:               684 kB
Writeback:         24124 kB
AnonPages:       3804776 kB
Mapped:           263524 kB
Shmem:             55972 kB
KReclaimable:      53880 kB
Slab:             282200 kB
SReclaimable:      53880 kB
SUnreclaim:       228320 kB
KernelStack:       18204 kB
PageTables:        50816 kB
SecPageTables:         0 kB
NFS_Unstable:          0 kB
Bounce:                0 kB
WritebackTmp:          0 kB
CommitLimit:     8258920 kB
Committed_AS:   11354948 kB
VmallocTotal:   34359738367 kB
VmallocUsed:       46408 kB
VmallocChunk:          0 kB
Percpu:            13280 kB
HardwareCorrupted:     0 kB
AnonHugePages:   2125824 kB
ShmemHugePages:        0 kB
ShmemPmdMapped:        0 kB
FileHugePages:         0 kB
FilePmdMapped:         0 kB
CmaTotal:              0 kB
CmaFree:               0 kB
Unaccepted:            0 kB
Balloon:               0 kB
HugePages_Total:       0
HugePages_Free:        0
HugePages_Rsvd:        0
HugePages_Surp:        0
Hugepagesize:       2048 kB
Hugetlb:               0 kB
DirectMap4k:      194432 kB
DirectMap2M:     6096896 kB
DirectMap1G:     4194304 kB
---SNAPSHOT---
2026-04-27 15:57:30
MemTotal:        8129240 kB
MemFree:         4017628 kB
MemAvailable:    3747148 kB
Buffers:            4888 kB
Cached:           311332 kB
SwapCached:       470664 kB
Active:          2303180 kB
Inactive:        1038964 kB
Active(anon):    2198612 kB
Inactive(anon):   883288 kB
Active(file):     104568 kB
Inactive(file):   155676 kB
Unevictable:          16 kB
Mlocked:              16 kB
SwapTotal:       4194300 kB
SwapFree:        3723636 kB
Zswap:                 0 kB
Zswapped:              0 kB
Dirty:               700 kB
Writeback:         12344 kB
AnonPages:       2557464 kB
Mapped:           263600 kB
Shmem:             55972 kB
KReclaimable:      53880 kB
Slab:             281672 kB
SReclaimable:      53880 kB
SUnreclaim:       227792 kB
KernelStack:       18236 kB
PageTables:        49444 kB
SecPageTables:         0 kB
NFS_Unstable:          0 kB
Bounce:                0 kB
WritebackTmp:          0 kB
CommitLimit:     8258920 kB
Committed_AS:   11354960 kB
VmallocTotal:   34359738367 kB
VmallocUsed:       46408 kB
VmallocChunk:          0 kB
Percpu:            13280 kB
HardwareCorrupted:     0 kB
AnonHugePages:    878592 kB
ShmemHugePages:        0 kB
ShmemPmdMapped:        0 kB
FileHugePages:         0 kB
FilePmdMapped:         0 kB
CmaTotal:              0 kB
CmaFree:               0 kB
Unaccepted:            0 kB
Balloon:               0 kB
HugePages_Total:       0
HugePages_Free:        0
HugePages_Rsvd:        0
HugePages_Surp:        0
Hugepagesize:       2048 kB
Hugetlb:               0 kB
DirectMap4k:      194432 kB
DirectMap2M:     6096896 kB
DirectMap1G:     4194304 kB
---SNAPSHOT---
2026-04-27 15:57:31
MemTotal:        8129240 kB
MemFree:         3331040 kB
MemAvailable:    3060560 kB
Buffers:            4888 kB
Cached:           311336 kB
SwapCached:       570364 kB
Active:          2988620 kB
Inactive:        1139492 kB
Active(anon):    2884052 kB
Inactive(anon):   983812 kB
Active(file):     104568 kB
Inactive(file):   155680 kB
Unevictable:          16 kB
Mlocked:              16 kB
SwapTotal:       4194300 kB
SwapFree:        3623832 kB
Zswap:                 0 kB
Zswapped:              0 kB
Dirty:               704 kB
Writeback:         11536 kB
AnonPages:       3243724 kB
Mapped:           263600 kB
Shmem:             55972 kB
KReclaimable:      53880 kB
Slab:             281308 kB
SReclaimable:      53880 kB
SUnreclaim:       227428 kB
KernelStack:       18236 kB
PageTables:        50488 kB
SecPageTables:         0 kB
NFS_Unstable:          0 kB
Bounce:                0 kB
WritebackTmp:          0 kB
CommitLimit:     8258920 kB
Committed_AS:   11355288 kB
VmallocTotal:   34359738367 kB
VmallocUsed:       46456 kB
VmallocChunk:          0 kB
Percpu:            13280 kB
HardwareCorrupted:     0 kB
AnonHugePages:   1566720 kB
ShmemHugePages:        0 kB
ShmemPmdMapped:        0 kB
FileHugePages:         0 kB
FilePmdMapped:         0 kB
CmaTotal:              0 kB
CmaFree:               0 kB
Unaccepted:            0 kB
Balloon:               0 kB
HugePages_Total:       0
HugePages_Free:        0
HugePages_Rsvd:        0
HugePages_Surp:        0
Hugepagesize:       2048 kB
Hugetlb:               0 kB
DirectMap4k:      194432 kB
DirectMap2M:     6096896 kB
DirectMap1G:     4194304 kB
---SNAPSHOT---
2026-04-27 15:57:32
MemTotal:        8129240 kB
MemFree:         4388572 kB
MemAvailable:    4118100 kB
Buffers:            4896 kB
Cached:           311340 kB
SwapCached:       642184 kB
Active:          1781412 kB
Inactive:        1210136 kB
Active(anon):    1676844 kB
Inactive(anon):  1054444 kB
Active(file):     104568 kB
Inactive(file):   155692 kB
Unevictable:          16 kB
Mlocked:              16 kB
SwapTotal:       4194300 kB
SwapFree:        3552116 kB
Zswap:                 0 kB
Zswapped:              0 kB
Dirty:               708 kB
Writeback:         12860 kB
AnonPages:       2035412 kB
Mapped:           263828 kB
Shmem:             55972 kB
KReclaimable:      53880 kB
Slab:             281608 kB
SReclaimable:      53880 kB
SUnreclaim:       227728 kB
KernelStack:       18192 kB
PageTables:        48360 kB
SecPageTables:         0 kB
NFS_Unstable:          0 kB
Bounce:                0 kB
WritebackTmp:          0 kB
CommitLimit:     8258920 kB
Committed_AS:   11355032 kB
VmallocTotal:   34359738367 kB
VmallocUsed:       46424 kB
VmallocChunk:          0 kB
Percpu:            13280 kB
HardwareCorrupted:     0 kB
AnonHugePages:    356352 kB
ShmemHugePages:        0 kB
ShmemPmdMapped:        0 kB
FileHugePages:         0 kB
FilePmdMapped:         0 kB
CmaTotal:              0 kB
CmaFree:               0 kB
Unaccepted:            0 kB
Balloon:               0 kB
HugePages_Total:       0
HugePages_Free:        0
HugePages_Rsvd:        0
HugePages_Surp:        0
Hugepagesize:       2048 kB
Hugetlb:               0 kB
DirectMap4k:      194432 kB
DirectMap2M:     6096896 kB
DirectMap1G:     4194304 kB
---SNAPSHOT---
2026-04-27 15:57:33
MemTotal:        8129240 kB
MemFree:         3675868 kB
MemAvailable:    3405396 kB
Buffers:            4896 kB
Cached:           311348 kB
SwapCached:       657544 kB
Active:          2581728 kB
Inactive:        1217332 kB
Active(anon):    2477160 kB
Inactive(anon):  1061636 kB
Active(file):     104568 kB
Inactive(file):   155696 kB
Unevictable:          16 kB
Mlocked:              16 kB
SwapTotal:       4194300 kB
SwapFree:        3536756 kB
Zswap:                 0 kB
Zswapped:              0 kB
Dirty:               716 kB
Writeback:         21052 kB
AnonPages:       2827172 kB
Mapped:           263600 kB
Shmem:             55972 kB
KReclaimable:      53880 kB
Slab:             282124 kB
SReclaimable:      53880 kB
SUnreclaim:       228244 kB
KernelStack:       18220 kB
PageTables:        49384 kB
SecPageTables:         0 kB
NFS_Unstable:          0 kB
Bounce:                0 kB
WritebackTmp:          0 kB
CommitLimit:     8258920 kB
Committed_AS:   11354616 kB
VmallocTotal:   34359738367 kB
VmallocUsed:       46424 kB
VmallocChunk:          0 kB
Percpu:            13280 kB
HardwareCorrupted:     0 kB
AnonHugePages:   1150976 kB
ShmemHugePages:        0 kB
ShmemPmdMapped:        0 kB
FileHugePages:         0 kB
FilePmdMapped:         0 kB
CmaTotal:              0 kB
CmaFree:               0 kB
Unaccepted:            0 kB
Balloon:               0 kB
HugePages_Total:       0
HugePages_Free:        0
HugePages_Rsvd:        0
HugePages_Surp:        0
Hugepagesize:       2048 kB
Hugetlb:               0 kB
DirectMap4k:      194432 kB
DirectMap2M:     6096896 kB
DirectMap1G:     4194304 kB
---SNAPSHOT---
2026-04-27 15:57:34
MemTotal:        8129240 kB
MemFree:         2868476 kB
MemAvailable:    2598008 kB
Buffers:            4896 kB
Cached:           311352 kB
SwapCached:       657544 kB
Active:          3386436 kB
Inactive:        1219488 kB
Active(anon):    3281868 kB
Inactive(anon):  1063784 kB
Active(file):     104568 kB
Inactive(file):   155704 kB
Unevictable:          16 kB
Mlocked:              16 kB
SwapTotal:       4194300 kB
SwapFree:        3536756 kB
Zswap:                 0 kB
Zswapped:              0 kB
Dirty:               720 kB
Writeback:         18948 kB
AnonPages:       3633840 kB
Mapped:           263600 kB
Shmem:             55972 kB
KReclaimable:      53880 kB
Slab:             281948 kB
SReclaimable:      53880 kB
SUnreclaim:       228068 kB
KernelStack:       18192 kB
PageTables:        50788 kB
SecPageTables:         0 kB
NFS_Unstable:          0 kB
Bounce:                0 kB
WritebackTmp:          0 kB
CommitLimit:     8258920 kB
Committed_AS:   11354968 kB
VmallocTotal:   34359738367 kB
VmallocUsed:       46440 kB
VmallocChunk:          0 kB
Percpu:            13280 kB
HardwareCorrupted:     0 kB
AnonHugePages:   1957888 kB
ShmemHugePages:        0 kB
ShmemPmdMapped:        0 kB
FileHugePages:         0 kB
FilePmdMapped:         0 kB
CmaTotal:              0 kB
CmaFree:               0 kB
Unaccepted:            0 kB
Balloon:               0 kB
HugePages_Total:       0
HugePages_Free:        0
HugePages_Rsvd:        0
HugePages_Surp:        0
Hugepagesize:       2048 kB
Hugetlb:               0 kB
DirectMap4k:      194432 kB
DirectMap2M:     6096896 kB
DirectMap1G:     4194304 kB
---SNAPSHOT---
2026-04-27 15:57:35
MemTotal:        8129240 kB
MemFree:         3902088 kB
MemAvailable:    3631624 kB
Buffers:            4896 kB
Cached:           311360 kB
SwapCached:       657544 kB
Active:          2262132 kB
Inactive:        1219496 kB
Active(anon):    2157564 kB
Inactive(anon):  1063784 kB
Active(file):     104568 kB
Inactive(file):   155712 kB
Unevictable:          16 kB
Mlocked:              16 kB
SwapTotal:       4194300 kB
SwapFree:        3536756 kB
Zswap:                 0 kB
Zswapped:              0 kB
Dirty:               728 kB
Writeback:         18948 kB
AnonPages:       2509672 kB
Mapped:           263600 kB
Shmem:             55972 kB
KReclaimable:      53880 kB
Slab:             281944 kB
SReclaimable:      53880 kB
SUnreclaim:       228064 kB
KernelStack:       18176 kB
PageTables:        48524 kB
SecPageTables:         0 kB
NFS_Unstable:          0 kB
Bounce:                0 kB
WritebackTmp:          0 kB
CommitLimit:     8258920 kB
Committed_AS:   11354964 kB
VmallocTotal:   34359738367 kB
VmallocUsed:       46408 kB
VmallocChunk:          0 kB
Percpu:            13280 kB
HardwareCorrupted:     0 kB
AnonHugePages:    833536 kB
ShmemHugePages:        0 kB
ShmemPmdMapped:        0 kB
FileHugePages:         0 kB
FilePmdMapped:         0 kB
CmaTotal:              0 kB
CmaFree:               0 kB
Unaccepted:            0 kB
Balloon:               0 kB
HugePages_Total:       0
HugePages_Free:        0
HugePages_Rsvd:        0
HugePages_Surp:        0
Hugepagesize:       2048 kB
Hugetlb:               0 kB
DirectMap4k:      194432 kB
DirectMap2M:     6096896 kB
DirectMap1G:     4194304 kB
---SNAPSHOT---
2026-04-27 15:57:36
MemTotal:        8129240 kB
MemFree:         3181168 kB
MemAvailable:    2910708 kB
Buffers:            4896 kB
Cached:           311364 kB
SwapCached:       657544 kB
Active:          3074912 kB
Inactive:        1219528 kB
Active(anon):    2970344 kB
Inactive(anon):  1063812 kB
Active(file):     104568 kB
Inactive(file):   155716 kB
Unevictable:          16 kB
Mlocked:              16 kB
SwapTotal:       4194300 kB
SwapFree:        3536756 kB
Zswap:                 0 kB
Zswapped:              0 kB
Dirty:               732 kB
Writeback:         18948 kB
AnonPages:       3322188 kB
Mapped:           263600 kB
Shmem:             55972 kB
KReclaimable:      53880 kB
Slab:             281944 kB
SReclaimable:      53880 kB
SUnreclaim:       228064 kB
KernelStack:       18176 kB
PageTables:        50112 kB
SecPageTables:         0 kB
NFS_Unstable:          0 kB
Bounce:                0 kB
WritebackTmp:          0 kB
CommitLimit:     8258920 kB
Committed_AS:   11355088 kB
VmallocTotal:   34359738367 kB
VmallocUsed:       46376 kB
VmallocChunk:          0 kB
Percpu:            13280 kB
HardwareCorrupted:     0 kB
AnonHugePages:   1648640 kB
ShmemHugePages:        0 kB
ShmemPmdMapped:        0 kB
FileHugePages:         0 kB
FilePmdMapped:         0 kB
CmaTotal:              0 kB
CmaFree:               0 kB
Unaccepted:            0 kB
Balloon:               0 kB
HugePages_Total:       0
HugePages_Free:        0
HugePages_Rsvd:        0
HugePages_Surp:        0
Hugepagesize:       2048 kB
Hugetlb:               0 kB
DirectMap4k:      194432 kB
DirectMap2M:     6096896 kB
DirectMap1G:     4194304 kB
---SNAPSHOT---
2026-04-27 15:57:37
MemTotal:        8129240 kB
MemFree:         4282136 kB
MemAvailable:    4011680 kB
Buffers:            4912 kB
Cached:           311368 kB
SwapCached:        42812 kB
Active:          2518532 kB
Inactive:         601976 kB
Active(anon):    2413964 kB
Inactive(anon):   446252 kB
Active(file):     104568 kB
Inactive(file):   155724 kB
Unevictable:          16 kB
Mlocked:              16 kB
SwapTotal:       4194300 kB
SwapFree:        4151668 kB
Zswap:                 0 kB
Zswapped:              0 kB
Dirty:               428 kB
Writeback:         21836 kB
AnonPages:       2763476 kB
Mapped:           263600 kB
Shmem:             55972 kB
KReclaimable:      53880 kB
Slab:             282240 kB
SReclaimable:      53880 kB
SUnreclaim:       228360 kB
KernelStack:       18176 kB
PageTables:        47700 kB
SecPageTables:         0 kB
NFS_Unstable:          0 kB
Bounce:                0 kB
WritebackTmp:          0 kB
CommitLimit:     8258920 kB
Committed_AS:   11355248 kB
VmallocTotal:   34359738367 kB
VmallocUsed:       46376 kB
VmallocChunk:          0 kB
Percpu:            13280 kB
HardwareCorrupted:     0 kB
AnonHugePages:   1087488 kB
ShmemHugePages:        0 kB
ShmemPmdMapped:        0 kB
FileHugePages:         0 kB
FilePmdMapped:         0 kB
CmaTotal:              0 kB
CmaFree:               0 kB
Unaccepted:            0 kB
Balloon:               0 kB
HugePages_Total:       0
HugePages_Free:        0
HugePages_Rsvd:        0
HugePages_Surp:        0
Hugepagesize:       2048 kB
Hugetlb:               0 kB
DirectMap4k:      194432 kB
DirectMap2M:     6096896 kB
DirectMap1G:     4194304 kB
---SNAPSHOT---
2026-04-27 15:57:38
MemTotal:        8129240 kB
MemFree:         3554872 kB
MemAvailable:    3284424 kB
Buffers:            4912 kB
Cached:           311376 kB
SwapCached:        42632 kB
Active:          3313144 kB
Inactive:         612240 kB
Active(anon):    3208576 kB
Inactive(anon):   456496 kB
Active(file):     104568 kB
Inactive(file):   155744 kB
Unevictable:          16 kB
Mlocked:              16 kB
SwapTotal:       4194300 kB
SwapFree:        4151668 kB
Zswap:                 0 kB
Zswapped:              0 kB
Dirty:               436 kB
Writeback:         11424 kB
AnonPages:       3568684 kB
Mapped:           263600 kB
Shmem:             55972 kB
KReclaimable:      53880 kB
Slab:             281432 kB
SReclaimable:      53880 kB
SUnreclaim:       227552 kB
KernelStack:       18208 kB
PageTables:        49468 kB
SecPageTables:         0 kB
NFS_Unstable:          0 kB
Bounce:                0 kB
WritebackTmp:          0 kB
CommitLimit:     8258920 kB
Committed_AS:   11354856 kB
VmallocTotal:   34359738367 kB
VmallocUsed:       46392 kB
VmallocChunk:          0 kB
Percpu:            13280 kB
HardwareCorrupted:     0 kB
AnonHugePages:   1892352 kB
ShmemHugePages:        0 kB
ShmemPmdMapped:        0 kB
FileHugePages:         0 kB
FilePmdMapped:         0 kB
CmaTotal:              0 kB
CmaFree:               0 kB
Unaccepted:            0 kB
Balloon:               0 kB
HugePages_Total:       0
HugePages_Free:        0
HugePages_Rsvd:        0
HugePages_Surp:        0
Hugepagesize:       2048 kB
Hugetlb:               0 kB
DirectMap4k:      194432 kB
DirectMap2M:     6096896 kB
DirectMap1G:     4194304 kB
---SNAPSHOT---
2026-04-27 15:57:39
MemTotal:        8129240 kB
MemFree:         3339832 kB
MemAvailable:    3069388 kB
Buffers:            4916 kB
Cached:           311376 kB
SwapCached:        57992 kB
Active:          3472624 kB
Inactive:         620468 kB
Active(anon):    3368056 kB
Inactive(anon):   464720 kB
Active(file):     104568 kB
Inactive(file):   155748 kB
Unevictable:          16 kB
Mlocked:              16 kB
SwapTotal:       4194300 kB
SwapFree:        4136308 kB
Zswap:                 0 kB
Zswapped:              0 kB
Dirty:               440 kB
Writeback:         18536 kB
AnonPages:       3721136 kB
Mapped:           263600 kB
Shmem:             55972 kB
KReclaimable:      53880 kB
Slab:             281852 kB
SReclaimable:      53880 kB
SUnreclaim:       227972 kB
KernelStack:       18176 kB
PageTables:        50192 kB
SecPageTables:         0 kB
NFS_Unstable:          0 kB
Bounce:                0 kB
WritebackTmp:          0 kB
CommitLimit:     8258920 kB
Committed_AS:   11355240 kB
VmallocTotal:   34359738367 kB
VmallocUsed:       46408 kB
VmallocChunk:          0 kB
Percpu:            13280 kB
HardwareCorrupted:     0 kB
AnonHugePages:   2045952 kB
ShmemHugePages:        0 kB
ShmemPmdMapped:        0 kB
FileHugePages:         0 kB
FilePmdMapped:         0 kB
CmaTotal:              0 kB
CmaFree:               0 kB
Unaccepted:            0 kB
Balloon:               0 kB
HugePages_Total:       0
HugePages_Free:        0
HugePages_Rsvd:        0
HugePages_Surp:        0
Hugepagesize:       2048 kB
Hugetlb:               0 kB
DirectMap4k:      194432 kB
DirectMap2M:     6096896 kB
DirectMap1G:     4194304 kB
---SNAPSHOT---
2026-04-27 15:57:40
MemTotal:        8129240 kB
MemFree:         3893736 kB
MemAvailable:    3623360 kB
Buffers:            5044 kB
Cached:           311388 kB
SwapCached:       325704 kB
Active:          2692668 kB
Inactive:         892356 kB
Active(anon):    2588100 kB
Inactive(anon):   736468 kB
Active(file):     104568 kB
Inactive(file):   155888 kB
Unevictable:          16 kB
Mlocked:              16 kB
SwapTotal:       4194300 kB
SwapFree:        3868560 kB
Zswap:                 0 kB
Zswapped:              0 kB
Dirty:               208 kB
Writeback:         14120 kB
AnonPages:       2945696 kB
Mapped:           263600 kB
Shmem:             55972 kB
KReclaimable:      53880 kB
Slab:             281324 kB
SReclaimable:      53880 kB
SUnreclaim:       227444 kB
KernelStack:       18176 kB
PageTables:        49280 kB
SecPageTables:         0 kB
NFS_Unstable:          0 kB
Bounce:                0 kB
WritebackTmp:          0 kB
CommitLimit:     8258920 kB
Committed_AS:   11355324 kB
VmallocTotal:   34359738367 kB
VmallocUsed:       46408 kB
VmallocChunk:          0 kB
Percpu:            13280 kB
HardwareCorrupted:     0 kB
AnonHugePages:   1269760 kB
ShmemHugePages:        0 kB
ShmemPmdMapped:        0 kB
FileHugePages:         0 kB
FilePmdMapped:         0 kB
CmaTotal:              0 kB
CmaFree:               0 kB
Unaccepted:            0 kB
Balloon:               0 kB
HugePages_Total:       0
HugePages_Free:        0
HugePages_Rsvd:        0
HugePages_Surp:        0
Hugepagesize:       2048 kB
Hugetlb:               0 kB
DirectMap4k:      194432 kB
DirectMap2M:     6096896 kB
DirectMap1G:     4194304 kB
---SNAPSHOT---
2026-04-27 15:57:41
MemTotal:        8129240 kB
MemFree:         3097972 kB
MemAvailable:    2827596 kB
Buffers:            5044 kB
Cached:           311388 kB
SwapCached:       433092 kB
Active:          3366596 kB
Inactive:        1013288 kB
Active(anon):    3262028 kB
Inactive(anon):   857400 kB
Active(file):     104568 kB
Inactive(file):   155888 kB
Unevictable:          16 kB
Mlocked:              16 kB
SwapTotal:       4194300 kB
SwapFree:        3761016 kB
Zswap:                 0 kB
Zswapped:              0 kB
Dirty:               208 kB
Writeback:           868 kB
AnonPages:       3630900 kB
Mapped:           263600 kB
Shmem:             55972 kB
KReclaimable:      53880 kB
Slab:             280780 kB
SReclaimable:      53880 kB
SUnreclaim:       226900 kB
KernelStack:       18208 kB
PageTables:        50548 kB
SecPageTables:         0 kB
NFS_Unstable:          0 kB
Bounce:                0 kB
WritebackTmp:          0 kB
CommitLimit:     8258920 kB
Committed_AS:   11355324 kB
VmallocTotal:   34359738367 kB
VmallocUsed:       46424 kB
VmallocChunk:          0 kB
Percpu:            13280 kB
HardwareCorrupted:     0 kB
AnonHugePages:   1955840 kB
ShmemHugePages:        0 kB
ShmemPmdMapped:        0 kB
FileHugePages:         0 kB
FilePmdMapped:         0 kB
CmaTotal:              0 kB
CmaFree:               0 kB
Unaccepted:            0 kB
Balloon:               0 kB
HugePages_Total:       0
HugePages_Free:        0
HugePages_Rsvd:        0
HugePages_Surp:        0
Hugepagesize:       2048 kB
Hugetlb:               0 kB
DirectMap4k:      194432 kB
DirectMap2M:     6096896 kB
DirectMap1G:     4194304 kB
---SNAPSHOT---
2026-04-27 15:57:42
MemTotal:        8129240 kB
MemFree:         4677240 kB
MemAvailable:    4406868 kB
Buffers:            5056 kB
Cached:           311396 kB
SwapCached:        18240 kB
Active:          2071604 kB
Inactive:         599244 kB
Active(anon):    1967036 kB
Inactive(anon):   443348 kB
Active(file):     104568 kB
Inactive(file):   155896 kB
Unevictable:          16 kB
Mlocked:              16 kB
SwapTotal:       4194300 kB
SwapFree:        4176248 kB
Zswap:                 0 kB
Zswapped:              0 kB
Dirty:               248 kB
Writeback:            16 kB
AnonPages:       2336412 kB
Mapped:           263600 kB
Shmem:             55972 kB
KReclaimable:      53880 kB
Slab:             280744 kB
SReclaimable:      53880 kB
SUnreclaim:       226864 kB
KernelStack:       18176 kB
PageTables:        46712 kB
SecPageTables:         0 kB
NFS_Unstable:          0 kB
Bounce:                0 kB
WritebackTmp:          0 kB
CommitLimit:     8258920 kB
Committed_AS:   11355020 kB
VmallocTotal:   34359738367 kB
VmallocUsed:       46440 kB
VmallocChunk:          0 kB
Percpu:            13280 kB
HardwareCorrupted:     0 kB
AnonHugePages:    661504 kB
ShmemHugePages:        0 kB
ShmemPmdMapped:        0 kB
FileHugePages:         0 kB
FilePmdMapped:         0 kB
CmaTotal:              0 kB
CmaFree:               0 kB
Unaccepted:            0 kB
Balloon:               0 kB
HugePages_Total:       0
HugePages_Free:        0
HugePages_Rsvd:        0
HugePages_Surp:        0
Hugepagesize:       2048 kB
Hugetlb:               0 kB
DirectMap4k:      194432 kB
DirectMap2M:     6096896 kB
DirectMap1G:     4194304 kB
---SNAPSHOT---
2026-04-27 15:57:43
MemTotal:        8129240 kB
MemFree:         3721420 kB
MemAvailable:    3451064 kB
Buffers:            5056 kB
Cached:           311416 kB
SwapCached:        18052 kB
Active:          3132256 kB
Inactive:         599192 kB
Active(anon):    3027688 kB
Inactive(anon):   443268 kB
Active(file):     104568 kB
Inactive(file):   155924 kB
Unevictable:          16 kB
Mlocked:              16 kB
SwapTotal:       4194300 kB
SwapFree:        4176248 kB
Zswap:                 0 kB
Zswapped:              0 kB
Dirty:                64 kB
Writeback:             0 kB
AnonPages:       3396816 kB
Mapped:           263600 kB
Shmem:             55972 kB
KReclaimable:      53880 kB
Slab:             280704 kB
SReclaimable:      53880 kB
SUnreclaim:       226824 kB
KernelStack:       18236 kB
PageTables:        49016 kB
SecPageTables:         0 kB
NFS_Unstable:          0 kB
Bounce:                0 kB
WritebackTmp:          0 kB
CommitLimit:     8258920 kB
Committed_AS:   11354996 kB
VmallocTotal:   34359738367 kB
VmallocUsed:       46440 kB
VmallocChunk:          0 kB
Percpu:            13280 kB
HardwareCorrupted:     0 kB
AnonHugePages:   1722368 kB
ShmemHugePages:        0 kB
ShmemPmdMapped:        0 kB
FileHugePages:         0 kB
FilePmdMapped:         0 kB
CmaTotal:              0 kB
CmaFree:               0 kB
Unaccepted:            0 kB
Balloon:               0 kB
HugePages_Total:       0
HugePages_Free:        0
HugePages_Rsvd:        0
HugePages_Surp:        0
Hugepagesize:       2048 kB
Hugetlb:               0 kB
DirectMap4k:      194432 kB
DirectMap2M:     6096896 kB
DirectMap1G:     4194304 kB
---SNAPSHOT---
2026-04-27 15:57:44
MemTotal:        8129240 kB
MemFree:         3874840 kB
MemAvailable:    3604484 kB
Buffers:            5056 kB
Cached:           311420 kB
SwapCached:        18052 kB
Active:          2906988 kB
Inactive:         599196 kB
Active(anon):    2802420 kB
Inactive(anon):   443268 kB
Active(file):     104568 kB
Inactive(file):   155928 kB
Unevictable:          16 kB
Mlocked:              16 kB
SwapTotal:       4194300 kB
SwapFree:        4176248 kB
Zswap:                 0 kB
Zswapped:              0 kB
Dirty:                68 kB
Writeback:             0 kB
AnonPages:       3171664 kB
Mapped:           263600 kB
Shmem:             55972 kB
KReclaimable:      53880 kB
Slab:             280692 kB
SReclaimable:      53880 kB
SUnreclaim:       226812 kB
KernelStack:       18176 kB
PageTables:        48648 kB
SecPageTables:         0 kB
NFS_Unstable:          0 kB
Bounce:                0 kB
WritebackTmp:          0 kB
CommitLimit:     8258920 kB
Committed_AS:   11355108 kB
VmallocTotal:   34359738367 kB
VmallocUsed:       46456 kB
VmallocChunk:          0 kB
Percpu:            13280 kB
HardwareCorrupted:     0 kB
AnonHugePages:   1497088 kB
ShmemHugePages:        0 kB
ShmemPmdMapped:        0 kB
FileHugePages:         0 kB
FilePmdMapped:         0 kB
CmaTotal:              0 kB
CmaFree:               0 kB
Unaccepted:            0 kB
Balloon:               0 kB
HugePages_Total:       0
HugePages_Free:        0
HugePages_Rsvd:        0
HugePages_Surp:        0
Hugepagesize:       2048 kB
Hugetlb:               0 kB
DirectMap4k:      194432 kB
DirectMap2M:     6096896 kB
DirectMap1G:     4194304 kB
---SNAPSHOT---
2026-04-27 15:57:45
MemTotal:        8129240 kB
MemFree:         3786304 kB
MemAvailable:    3515952 kB
Buffers:            5056 kB
Cached:           311424 kB
SwapCached:       620716 kB
Active:          2470544 kB
Inactive:        1200564 kB
Active(anon):    2365976 kB
Inactive(anon):  1044632 kB
Active(file):     104568 kB
Inactive(file):   155932 kB
Unevictable:          16 kB
Mlocked:              16 kB
SwapTotal:       4194300 kB
SwapFree:        3573404 kB
Zswap:                 0 kB
Zswapped:              0 kB
Dirty:                72 kB
Writeback:          1212 kB
AnonPages:       2736172 kB
Mapped:           263592 kB
Shmem:             55972 kB
KReclaimable:      53880 kB
Slab:             280756 kB
SReclaimable:      53880 kB
SUnreclaim:       226876 kB
KernelStack:       18192 kB
PageTables:        49172 kB
SecPageTables:         0 kB
NFS_Unstable:          0 kB
Bounce:                0 kB
WritebackTmp:          0 kB
CommitLimit:     8258920 kB
Committed_AS:   11355112 kB
VmallocTotal:   34359738367 kB
VmallocUsed:       46440 kB
VmallocChunk:          0 kB
Percpu:            13280 kB
HardwareCorrupted:     0 kB
AnonHugePages:   1060864 kB
ShmemHugePages:        0 kB
ShmemPmdMapped:        0 kB
FileHugePages:         0 kB
FilePmdMapped:         0 kB
CmaTotal:              0 kB
CmaFree:               0 kB
Unaccepted:            0 kB
Balloon:               0 kB
HugePages_Total:       0
HugePages_Free:        0
HugePages_Rsvd:        0
HugePages_Surp:        0
Hugepagesize:       2048 kB
Hugetlb:               0 kB
DirectMap4k:      194432 kB
DirectMap2M:     6096896 kB
DirectMap1G:     4194304 kB
---SNAPSHOT---
2026-04-27 15:57:46
MemTotal:        8129240 kB
MemFree:         3398080 kB
MemAvailable:    3127732 kB
Buffers:            5056 kB
Cached:           311432 kB
SwapCached:        18052 kB
Active:          3414704 kB
Inactive:         599212 kB
Active(anon):    3310136 kB
Inactive(anon):   443268 kB
Active(file):     104568 kB
Inactive(file):   155944 kB
Unevictable:          16 kB
Mlocked:              16 kB
SwapTotal:       4194300 kB
SwapFree:        4176248 kB
Zswap:                 0 kB
Zswapped:              0 kB
Dirty:                80 kB
Writeback:             0 kB
AnonPages:       3679676 kB
Mapped:           263600 kB
Shmem:             55972 kB
KReclaimable:      53880 kB
Slab:             280700 kB
SReclaimable:      53880 kB
SUnreclaim:       226820 kB
KernelStack:       18176 kB
PageTables:        49304 kB
SecPageTables:         0 kB
NFS_Unstable:          0 kB
Bounce:                0 kB
WritebackTmp:          0 kB
CommitLimit:     8258920 kB
Committed_AS:   11354968 kB
VmallocTotal:   34359738367 kB
VmallocUsed:       46440 kB
VmallocChunk:          0 kB
Percpu:            13280 kB
HardwareCorrupted:     0 kB
AnonHugePages:   2004992 kB
ShmemHugePages:        0 kB
ShmemPmdMapped:        0 kB
FileHugePages:         0 kB
FilePmdMapped:         0 kB
CmaTotal:              0 kB
CmaFree:               0 kB
Unaccepted:            0 kB
Balloon:               0 kB
HugePages_Total:       0
HugePages_Free:        0
HugePages_Rsvd:        0
HugePages_Surp:        0
Hugepagesize:       2048 kB
Hugetlb:               0 kB
DirectMap4k:      194432 kB
DirectMap2M:     6096896 kB
DirectMap1G:     4194304 kB
---SNAPSHOT---
2026-04-27 15:57:47
MemTotal:        8129240 kB
MemFree:         4167568 kB
MemAvailable:    3897220 kB
Buffers:            5064 kB
Cached:           311432 kB
SwapCached:        18052 kB
Active:          2560920 kB
Inactive:         599212 kB
Active(anon):    2456352 kB
Inactive(anon):   443268 kB
Active(file):     104568 kB
Inactive(file):   155944 kB
Unevictable:          16 kB
Mlocked:              16 kB
SwapTotal:       4194300 kB
SwapFree:        4176248 kB
Zswap:                 0 kB
Zswapped:              0 kB
Dirty:                88 kB
Writeback:             0 kB
AnonPages:       2825496 kB
Mapped:           263592 kB
Shmem:             55972 kB
KReclaimable:      53880 kB
Slab:             280700 kB
SReclaimable:      53880 kB
SUnreclaim:       226820 kB
KernelStack:       18172 kB
PageTables:        47508 kB
SecPageTables:         0 kB
NFS_Unstable:          0 kB
Bounce:                0 kB
WritebackTmp:          0 kB
CommitLimit:     8258920 kB
Committed_AS:   11355112 kB
VmallocTotal:   34359738367 kB
VmallocUsed:       46408 kB
VmallocChunk:          0 kB
Percpu:            13280 kB
HardwareCorrupted:     0 kB
AnonHugePages:   1150976 kB
ShmemHugePages:        0 kB
ShmemPmdMapped:        0 kB
FileHugePages:         0 kB
FilePmdMapped:         0 kB
CmaTotal:              0 kB
CmaFree:               0 kB
Unaccepted:            0 kB
Balloon:               0 kB
HugePages_Total:       0
HugePages_Free:        0
HugePages_Rsvd:        0
HugePages_Surp:        0
Hugepagesize:       2048 kB
Hugetlb:               0 kB
DirectMap4k:      194432 kB
DirectMap2M:     6096896 kB
DirectMap1G:     4194304 kB
---SNAPSHOT---
2026-04-27 15:57:48
MemTotal:        8129240 kB
MemFree:         3289164 kB
MemAvailable:    3018824 kB
Buffers:            5064 kB
Cached:           311444 kB
SwapCached:       237388 kB
Active:          3313416 kB
Inactive:         816740 kB
Active(anon):    3208848 kB
Inactive(anon):   660780 kB
Active(file):     104568 kB
Inactive(file):   155960 kB
Unevictable:          16 kB
Mlocked:              16 kB
SwapTotal:       4194300 kB
SwapFree:        3956828 kB
Zswap:                 0 kB
Zswapped:              0 kB
Dirty:                96 kB
Writeback:          1596 kB
AnonPages:       3578644 kB
Mapped:           263600 kB
Shmem:             55972 kB
KReclaimable:      53880 kB
Slab:             280928 kB
SReclaimable:      53880 kB
SUnreclaim:       227048 kB
KernelStack:       18176 kB
PageTables:        49424 kB
SecPageTables:         0 kB
NFS_Unstable:          0 kB
Bounce:                0 kB
WritebackTmp:          0 kB
CommitLimit:     8258920 kB
Committed_AS:   11355240 kB
VmallocTotal:   34359738367 kB
VmallocUsed:       46408 kB
VmallocChunk:          0 kB
Percpu:            13280 kB
HardwareCorrupted:     0 kB
AnonHugePages:   1902592 kB
ShmemHugePages:        0 kB
ShmemPmdMapped:        0 kB
FileHugePages:         0 kB
FilePmdMapped:         0 kB
CmaTotal:              0 kB
CmaFree:               0 kB
Unaccepted:            0 kB
Balloon:               0 kB
HugePages_Total:       0
HugePages_Free:        0
HugePages_Rsvd:        0
HugePages_Surp:        0
Hugepagesize:       2048 kB
Hugetlb:               0 kB
DirectMap4k:      194432 kB
DirectMap2M:     6096896 kB
DirectMap1G:     4194304 kB
---SNAPSHOT---
2026-04-27 15:57:49
MemTotal:        8129240 kB
MemFree:         4315948 kB
MemAvailable:    4045608 kB
Buffers:            5064 kB
Cached:           311448 kB
SwapCached:        18232 kB
Active:          2370268 kB
Inactive:         599340 kB
Active(anon):    2265700 kB
Inactive(anon):   443380 kB
Active(file):     104568 kB
Inactive(file):   155960 kB
Unevictable:          16 kB
Mlocked:              16 kB
SwapTotal:       4194300 kB
SwapFree:        4176248 kB
Zswap:                 0 kB
Zswapped:              0 kB
Dirty:               100 kB
Writeback:            12 kB
AnonPages:       2050264 kB
Mapped:           263600 kB
Shmem:             55972 kB
KReclaimable:      53880 kB
Slab:             280808 kB
SReclaimable:      53880 kB
SUnreclaim:       226928 kB
KernelStack:       18236 kB
PageTables:        46796 kB
SecPageTables:         0 kB
NFS_Unstable:          0 kB
Bounce:                0 kB
WritebackTmp:          0 kB
CommitLimit:     8258920 kB
Committed_AS:   11355348 kB
VmallocTotal:   34359738367 kB
VmallocUsed:       46408 kB
VmallocChunk:          0 kB
Percpu:            13280 kB
HardwareCorrupted:     0 kB
AnonHugePages:    376832 kB
ShmemHugePages:        0 kB
ShmemPmdMapped:        0 kB
FileHugePages:         0 kB
FilePmdMapped:         0 kB
CmaTotal:              0 kB
CmaFree:               0 kB
Unaccepted:            0 kB
Balloon:               0 kB
HugePages_Total:       0
HugePages_Free:        0
HugePages_Rsvd:        0
HugePages_Surp:        0
Hugepagesize:       2048 kB
Hugetlb:               0 kB
DirectMap4k:      194432 kB
DirectMap2M:     6096896 kB
DirectMap1G:     4194304 kB
---SNAPSHOT---
2026-04-27 15:57:50
MemTotal:        8129240 kB
MemFree:         4020260 kB
MemAvailable:    3749932 kB
Buffers:            5064 kB
Cached:           311460 kB
SwapCached:        18052 kB
Active:          2748980 kB
Inactive:         599248 kB
Active(anon):    2644412 kB
Inactive(anon):   443268 kB
Active(file):     104568 kB
Inactive(file):   155980 kB
Unevictable:          16 kB
Mlocked:              16 kB
SwapTotal:       4194300 kB
SwapFree:        4176248 kB
Zswap:                 0 kB
Zswapped:              0 kB
Dirty:               112 kB
Writeback:             0 kB
AnonPages:       3013900 kB
Mapped:           263600 kB
Shmem:             55972 kB
KReclaimable:      53880 kB
Slab:             280728 kB
SReclaimable:      53880 kB
SUnreclaim:       226848 kB
KernelStack:       18176 kB
PageTables:        47984 kB
SecPageTables:         0 kB
NFS_Unstable:          0 kB
Bounce:                0 kB
WritebackTmp:          0 kB
CommitLimit:     8258920 kB
Committed_AS:   11355352 kB
VmallocTotal:   34359738367 kB
VmallocUsed:       46424 kB
VmallocChunk:          0 kB
Percpu:            13280 kB
HardwareCorrupted:     0 kB
AnonHugePages:   1167360 kB
ShmemHugePages:        0 kB
ShmemPmdMapped:        0 kB
FileHugePages:         0 kB
FilePmdMapped:         0 kB
CmaTotal:              0 kB
CmaFree:               0 kB
Unaccepted:            0 kB
Balloon:               0 kB
HugePages_Total:       0
HugePages_Free:        0
HugePages_Rsvd:        0
HugePages_Surp:        0
Hugepagesize:       2048 kB
Hugetlb:               0 kB
DirectMap4k:      194432 kB
DirectMap2M:     6096896 kB
DirectMap1G:     4194304 kB
---SNAPSHOT---
2026-04-27 15:57:51
MemTotal:        8129240 kB
MemFree:         3012832 kB
MemAvailable:    2742508 kB
Buffers:            5064 kB
Cached:           311468 kB
SwapCached:        18052 kB
Active:          3760356 kB
Inactive:         599256 kB
Active(anon):    3655788 kB
Inactive(anon):   443268 kB
Active(file):     104568 kB
Inactive(file):   155988 kB
Unevictable:          16 kB
Mlocked:              16 kB
SwapTotal:       4194300 kB
SwapFree:        4176248 kB
Zswap:                 0 kB
Zswapped:              0 kB
Dirty:               120 kB
Writeback:             0 kB
AnonPages:       4025180 kB
Mapped:           263600 kB
Shmem:             55972 kB
KReclaimable:      53880 kB
Slab:             280724 kB
SReclaimable:      53880 kB
SUnreclaim:       226844 kB
KernelStack:       18148 kB
PageTables:        50008 kB
SecPageTables:         0 kB
NFS_Unstable:          0 kB
Bounce:                0 kB
WritebackTmp:          0 kB
CommitLimit:     8258920 kB
Committed_AS:   11355016 kB
VmallocTotal:   34359738367 kB
VmallocUsed:       46408 kB
VmallocChunk:          0 kB
Percpu:            13280 kB
HardwareCorrupted:     0 kB
AnonHugePages:   1953792 kB
ShmemHugePages:        0 kB
ShmemPmdMapped:        0 kB
FileHugePages:         0 kB
FilePmdMapped:         0 kB
CmaTotal:              0 kB
CmaFree:               0 kB
Unaccepted:            0 kB
Balloon:               0 kB
HugePages_Total:       0
HugePages_Free:        0
HugePages_Rsvd:        0
HugePages_Surp:        0
Hugepagesize:       2048 kB
Hugetlb:               0 kB
DirectMap4k:      194432 kB
DirectMap2M:     6096896 kB
DirectMap1G:     4194304 kB
---SNAPSHOT---
2026-04-27 15:57:52
MemTotal:        8129240 kB
MemFree:         3845164 kB
MemAvailable:    3574840 kB
Buffers:            5072 kB
Cached:           311464 kB
SwapCached:        18052 kB
Active:          2860940 kB
Inactive:         599260 kB
Active(anon):    2756372 kB
Inactive(anon):   443268 kB
Active(file):     104568 kB
Inactive(file):   155992 kB
Unevictable:          16 kB
Mlocked:              16 kB
SwapTotal:       4194300 kB
SwapFree:        4176248 kB
Zswap:                 0 kB
Zswapped:              0 kB
Dirty:               124 kB
Writeback:             0 kB
AnonPages:       3125888 kB
Mapped:           263600 kB
Shmem:             55972 kB
KReclaimable:      53880 kB
Slab:             280708 kB
SReclaimable:      53880 kB
SUnreclaim:       226828 kB
KernelStack:       18176 kB
PageTables:        48196 kB
SecPageTables:         0 kB
NFS_Unstable:          0 kB
Bounce:                0 kB
WritebackTmp:          0 kB
CommitLimit:     8258920 kB
Committed_AS:   11355192 kB
VmallocTotal:   34359738367 kB
VmallocUsed:       46408 kB
VmallocChunk:          0 kB
Percpu:            13280 kB
HardwareCorrupted:     0 kB
AnonHugePages:    823296 kB
ShmemHugePages:        0 kB
ShmemPmdMapped:        0 kB
FileHugePages:         0 kB
FilePmdMapped:         0 kB
CmaTotal:              0 kB
CmaFree:               0 kB
Unaccepted:            0 kB
Balloon:               0 kB
HugePages_Total:       0
HugePages_Free:        0
HugePages_Rsvd:        0
HugePages_Surp:        0
Hugepagesize:       2048 kB
Hugetlb:               0 kB
DirectMap4k:      194432 kB
DirectMap2M:     6096896 kB
DirectMap1G:     4194304 kB
---SNAPSHOT---
2026-04-27 15:57:53
MemTotal:        8129240 kB
MemFree:         3539668 kB
MemAvailable:    3269348 kB
Buffers:            5072 kB
Cached:           311472 kB
SwapCached:        18052 kB
Active:          3261424 kB
Inactive:         599268 kB
Active(anon):    3156856 kB
Inactive(anon):   443268 kB
Active(file):     104568 kB
Inactive(file):   156000 kB
Unevictable:          16 kB
Mlocked:              16 kB
SwapTotal:       4194300 kB
SwapFree:        4176248 kB
Zswap:                 0 kB
Zswapped:              0 kB
Dirty:               132 kB
Writeback:             0 kB
AnonPages:       3526504 kB
Mapped:           263548 kB
Shmem:             55972 kB
KReclaimable:      53880 kB
Slab:             280708 kB
SReclaimable:      53880 kB
SUnreclaim:       226828 kB
KernelStack:       18188 kB
PageTables:        49068 kB
SecPageTables:         0 kB
NFS_Unstable:          0 kB
Bounce:                0 kB
WritebackTmp:          0 kB
CommitLimit:     8258920 kB
Committed_AS:   11355352 kB
VmallocTotal:   34359738367 kB
VmallocUsed:       46440 kB
VmallocChunk:          0 kB
Percpu:            13280 kB
HardwareCorrupted:     0 kB
AnonHugePages:   1851392 kB
ShmemHugePages:        0 kB
ShmemPmdMapped:        0 kB
FileHugePages:         0 kB
FilePmdMapped:         0 kB
CmaTotal:              0 kB
CmaFree:               0 kB
Unaccepted:            0 kB
Balloon:               0 kB
HugePages_Total:       0
HugePages_Free:        0
HugePages_Rsvd:        0
HugePages_Surp:        0
Hugepagesize:       2048 kB
Hugetlb:               0 kB
DirectMap4k:      194432 kB
DirectMap2M:     6096896 kB
DirectMap1G:     4194304 kB
---SNAPSHOT---
2026-04-27 15:57:54
MemTotal:        8129240 kB
MemFree:         3809252 kB
MemAvailable:    3538940 kB
Buffers:            5072 kB
Cached:           311484 kB
SwapCached:       272500 kB
Active:          2680172 kB
Inactive:         852360 kB
Active(anon):    2575604 kB
Inactive(anon):   696348 kB
Active(file):     104568 kB
Inactive(file):   156012 kB
Unevictable:          16 kB
Mlocked:              16 kB
SwapTotal:       4194300 kB
SwapFree:        3921644 kB
Zswap:                 0 kB
Zswapped:              0 kB
Dirty:               136 kB
Writeback:          1140 kB
AnonPages:       2945824 kB
Mapped:           263600 kB
Shmem:             55972 kB
KReclaimable:      53880 kB
Slab:             280712 kB
SReclaimable:      53880 kB
SUnreclaim:       226832 kB
KernelStack:       18236 kB
PageTables:        48672 kB
SecPageTables:         0 kB
NFS_Unstable:          0 kB
Bounce:                0 kB
WritebackTmp:          0 kB
CommitLimit:     8258920 kB
Committed_AS:   11355128 kB
VmallocTotal:   34359738367 kB
VmallocUsed:       46472 kB
VmallocChunk:          0 kB
Percpu:            13280 kB
HardwareCorrupted:     0 kB
AnonHugePages:   1269760 kB
ShmemHugePages:        0 kB
ShmemPmdMapped:        0 kB
FileHugePages:         0 kB
FilePmdMapped:         0 kB
CmaTotal:              0 kB
CmaFree:               0 kB
Unaccepted:            0 kB
Balloon:               0 kB
HugePages_Total:       0
HugePages_Free:        0
HugePages_Rsvd:        0
HugePages_Surp:        0
Hugepagesize:       2048 kB
Hugetlb:               0 kB
DirectMap4k:      194432 kB
DirectMap2M:     6096896 kB
DirectMap1G:     4194304 kB
---SNAPSHOT---
2026-04-27 15:57:55
MemTotal:        8129240 kB
MemFree:         4219396 kB
MemAvailable:    3949088 kB
Buffers:            5072 kB
Cached:           311492 kB
SwapCached:        18120 kB
Active:          2514004 kB
Inactive:         599420 kB
Active(anon):    2409436 kB
Inactive(anon):   443400 kB
Active(file):     104568 kB
Inactive(file):   156020 kB
Unevictable:          16 kB
Mlocked:              16 kB
SwapTotal:       4194300 kB
SwapFree:        4176248 kB
Zswap:                 0 kB
Zswapped:              0 kB
Dirty:               144 kB
Writeback:           100 kB
AnonPages:       2778796 kB
Mapped:           263600 kB
Shmem:             55972 kB
KReclaimable:      53880 kB
Slab:             280772 kB
SReclaimable:      53880 kB
SUnreclaim:       226892 kB
KernelStack:       18176 kB
PageTables:        47640 kB
SecPageTables:         0 kB
NFS_Unstable:          0 kB
Bounce:                0 kB
WritebackTmp:          0 kB
CommitLimit:     8258920 kB
Committed_AS:   11355352 kB
VmallocTotal:   34359738367 kB
VmallocUsed:       46424 kB
VmallocChunk:          0 kB
Percpu:            13280 kB
HardwareCorrupted:     0 kB
AnonHugePages:   1103872 kB
ShmemHugePages:        0 kB
ShmemPmdMapped:        0 kB
FileHugePages:         0 kB
FilePmdMapped:         0 kB
CmaTotal:              0 kB
CmaFree:               0 kB
Unaccepted:            0 kB
Balloon:               0 kB
HugePages_Total:       0
HugePages_Free:        0
HugePages_Rsvd:        0
HugePages_Surp:        0
Hugepagesize:       2048 kB
Hugetlb:               0 kB
DirectMap4k:      194432 kB
DirectMap2M:     6096896 kB
DirectMap1G:     4194304 kB
---SNAPSHOT---
2026-04-27 15:57:56
MemTotal:        8129240 kB
MemFree:         3768696 kB
MemAvailable:    3498388 kB
Buffers:            5216 kB
Cached:           311352 kB
SwapCached:        18052 kB
Active:          2942024 kB
Inactive:         599288 kB
Active(anon):    2837456 kB
Inactive(anon):   443268 kB
Active(file):     104568 kB
Inactive(file):   156020 kB
Unevictable:          16 kB
Mlocked:              16 kB
SwapTotal:       4194300 kB
SwapFree:        4176248 kB
Zswap:                 0 kB
Zswapped:              0 kB
Dirty:               148 kB
Writeback:             0 kB
AnonPages:       3206832 kB
Mapped:           263600 kB
Shmem:             55972 kB
KReclaimable:      53880 kB
Slab:             280688 kB
SReclaimable:      53880 kB
SUnreclaim:       226808 kB
KernelStack:       18176 kB
PageTables:        48492 kB
SecPageTables:         0 kB
NFS_Unstable:          0 kB
Bounce:                0 kB
WritebackTmp:          0 kB
CommitLimit:     8258920 kB
Committed_AS:   11354964 kB
VmallocTotal:   34359738367 kB
VmallocUsed:       46408 kB
VmallocChunk:          0 kB
Percpu:            13280 kB
HardwareCorrupted:     0 kB
AnonHugePages:   1531904 kB
ShmemHugePages:        0 kB
ShmemPmdMapped:        0 kB
FileHugePages:         0 kB
FilePmdMapped:         0 kB
CmaTotal:              0 kB
CmaFree:               0 kB
Unaccepted:            0 kB
Balloon:               0 kB
HugePages_Total:       0
HugePages_Free:        0
HugePages_Rsvd:        0
HugePages_Surp:        0
Hugepagesize:       2048 kB
Hugetlb:               0 kB
DirectMap4k:      194432 kB
DirectMap2M:     6096896 kB
DirectMap1G:     4194304 kB
---SNAPSHOT---
2026-04-27 15:57:57
MemTotal:        8129240 kB
MemFree:         3608936 kB
MemAvailable:    3338704 kB
Buffers:            5224 kB
Cached:           311492 kB
SwapCached:       615024 kB
Active:          2518392 kB
Inactive:        1194752 kB
Active(anon):    2413824 kB
Inactive(anon):  1038580 kB
Active(file):     104568 kB
Inactive(file):   156172 kB
Unevictable:          16 kB
Mlocked:              16 kB
SwapTotal:       4194300 kB
SwapFree:        3579076 kB
Zswap:                 0 kB
Zswapped:              0 kB
Dirty:               152 kB
Writeback:          1372 kB
AnonPages:       2783356 kB
Mapped:           263600 kB
Shmem:             55972 kB
KReclaimable:      53880 kB
Slab:             281008 kB
SReclaimable:      53880 kB
SUnreclaim:       227128 kB
KernelStack:       18176 kB
PageTables:        49008 kB
SecPageTables:         0 kB
NFS_Unstable:          0 kB
Bounce:                0 kB
WritebackTmp:          0 kB
CommitLimit:     8258920 kB
Committed_AS:   11355220 kB
VmallocTotal:   34359738367 kB
VmallocUsed:       46424 kB
VmallocChunk:          0 kB
Percpu:            13280 kB
HardwareCorrupted:     0 kB
AnonHugePages:   1107968 kB
ShmemHugePages:        0 kB
ShmemPmdMapped:        0 kB
FileHugePages:         0 kB
FilePmdMapped:         0 kB
CmaTotal:              0 kB
CmaFree:               0 kB
Unaccepted:            0 kB
Balloon:               0 kB
HugePages_Total:       0
HugePages_Free:        0
HugePages_Rsvd:        0
HugePages_Surp:        0
Hugepagesize:       2048 kB
Hugetlb:               0 kB
DirectMap4k:      194432 kB
DirectMap2M:     6096896 kB
DirectMap1G:     4194304 kB
---SNAPSHOT---
2026-04-27 15:57:58
MemTotal:        8129240 kB
MemFree:         3950272 kB
MemAvailable:    3680048 kB
Buffers:            5224 kB
Cached:           311508 kB
SwapCached:        18240 kB
Active:          2823156 kB
Inactive:         599580 kB
Active(anon):    2718588 kB
Inactive(anon):   443392 kB
Active(file):     104568 kB
Inactive(file):   156188 kB
Unevictable:          16 kB
Mlocked:              16 kB
SwapTotal:       4194300 kB
SwapFree:        4176248 kB
Zswap:                 0 kB
Zswapped:              0 kB
Dirty:               160 kB
Writeback:             0 kB
AnonPages:       3088100 kB
Mapped:           263600 kB
Shmem:             55972 kB
KReclaimable:      53880 kB
Slab:             280736 kB
SReclaimable:      53880 kB
SUnreclaim:       226856 kB
KernelStack:       18176 kB
PageTables:        48032 kB
SecPageTables:         0 kB
NFS_Unstable:          0 kB
Bounce:                0 kB
WritebackTmp:          0 kB
CommitLimit:     8258920 kB
Committed_AS:   11354976 kB
VmallocTotal:   34359738367 kB
VmallocUsed:       46424 kB
VmallocChunk:          0 kB
Percpu:            13280 kB
HardwareCorrupted:     0 kB
AnonHugePages:   1413120 kB
ShmemHugePages:        0 kB
ShmemPmdMapped:        0 kB
FileHugePages:         0 kB
FilePmdMapped:         0 kB
CmaTotal:              0 kB
CmaFree:               0 kB
Unaccepted:            0 kB
Balloon:               0 kB
HugePages_Total:       0
HugePages_Free:        0
HugePages_Rsvd:        0
HugePages_Surp:        0
Hugepagesize:       2048 kB
Hugetlb:               0 kB
DirectMap4k:      194432 kB
DirectMap2M:     6096896 kB
DirectMap1G:     4194304 kB
---SNAPSHOT---
2026-04-27 15:57:59
MemTotal:        8129240 kB
MemFree:         3527676 kB
MemAvailable:    3257452 kB
Buffers:            5224 kB
Cached:           311508 kB
SwapCached:        18052 kB
Active:          3244856 kB
Inactive:         599456 kB
Active(anon):    3140288 kB
Inactive(anon):   443268 kB
Active(file):     104568 kB
Inactive(file):   156188 kB
Unevictable:          16 kB
Mlocked:              16 kB
SwapTotal:       4194300 kB
SwapFree:        4176248 kB
Zswap:                 0 kB
Zswapped:              0 kB
Dirty:               160 kB
Writeback:             0 kB
AnonPages:       3509944 kB
Mapped:           263748 kB
Shmem:             55972 kB
KReclaimable:      53880 kB
Slab:             280720 kB
SReclaimable:      53880 kB
SUnreclaim:       226840 kB
KernelStack:       18160 kB
PageTables:        49060 kB
SecPageTables:         0 kB
NFS_Unstable:          0 kB
Bounce:                0 kB
WritebackTmp:          0 kB
CommitLimit:     8258920 kB
Committed_AS:   11354968 kB
VmallocTotal:   34359738367 kB
VmallocUsed:       46392 kB
VmallocChunk:          0 kB
Percpu:            13280 kB
HardwareCorrupted:     0 kB
AnonHugePages:   1835008 kB
ShmemHugePages:        0 kB
ShmemPmdMapped:        0 kB
FileHugePages:         0 kB
FilePmdMapped:         0 kB
CmaTotal:              0 kB
CmaFree:               0 kB
Unaccepted:            0 kB
Balloon:               0 kB
HugePages_Total:       0
HugePages_Free:        0
HugePages_Rsvd:        0
HugePages_Surp:        0
Hugepagesize:       2048 kB
Hugetlb:               0 kB
DirectMap4k:      194432 kB
DirectMap2M:     6096896 kB
DirectMap1G:     4194304 kB
---SNAPSHOT---
2026-04-27 15:58:00
MemTotal:        8129240 kB
MemFree:         4341968 kB
MemAvailable:    4071748 kB
Buffers:            5224 kB
Cached:           311520 kB
SwapCached:        18052 kB
Active:          2380828 kB
Inactive:         599468 kB
Active(anon):    2276260 kB
Inactive(anon):   443268 kB
Active(file):     104568 kB
Inactive(file):   156200 kB
Unevictable:          16 kB
Mlocked:              16 kB
SwapTotal:       4194300 kB
SwapFree:        4176248 kB
Zswap:                 0 kB
Zswapped:              0 kB
Dirty:               172 kB
Writeback:             0 kB
AnonPages:       2645528 kB
Mapped:           263600 kB
Shmem:             55972 kB
KReclaimable:      53880 kB
Slab:             280712 kB
SReclaimable:      53880 kB
SUnreclaim:       226832 kB
KernelStack:       18160 kB
PageTables:        47480 kB
SecPageTables:         0 kB
NFS_Unstable:          0 kB
Bounce:                0 kB
WritebackTmp:          0 kB
CommitLimit:     8258920 kB
Committed_AS:   11355072 kB
VmallocTotal:   34359738367 kB
VmallocUsed:       46424 kB
VmallocChunk:          0 kB
Percpu:            13280 kB
HardwareCorrupted:     0 kB
AnonHugePages:    970752 kB
ShmemHugePages:        0 kB
ShmemPmdMapped:        0 kB
FileHugePages:         0 kB
FilePmdMapped:         0 kB
CmaTotal:              0 kB
CmaFree:               0 kB
Unaccepted:            0 kB
Balloon:               0 kB
HugePages_Total:       0
HugePages_Free:        0
HugePages_Rsvd:        0
HugePages_Surp:        0
Hugepagesize:       2048 kB
Hugetlb:               0 kB
DirectMap4k:      194432 kB
DirectMap2M:     6096896 kB
DirectMap1G:     4194304 kB
---SNAPSHOT---
2026-04-27 15:58:01
MemTotal:        8129240 kB
MemFree:         3435608 kB
MemAvailable:    3165504 kB
Buffers:            5496 kB
Cached:           311480 kB
SwapCached:        18052 kB
Active:          3326388 kB
Inactive:         599700 kB
Active(anon):    3221820 kB
Inactive(anon):   443268 kB
Active(file):     104568 kB
Inactive(file):   156432 kB
Unevictable:          16 kB
Mlocked:              16 kB
SwapTotal:       4194300 kB
SwapFree:        4176248 kB
Zswap:                 0 kB
Zswapped:              0 kB
Dirty:               176 kB
Writeback:             0 kB
AnonPages:       3591012 kB
Mapped:           263600 kB
Shmem:             55972 kB
KReclaimable:      53880 kB
Slab:             280724 kB
SReclaimable:      53880 kB
SUnreclaim:       226844 kB
KernelStack:       18192 kB
PageTables:        49228 kB
SecPageTables:         0 kB
NFS_Unstable:          0 kB
Bounce:                0 kB
WritebackTmp:          0 kB
CommitLimit:     8258920 kB
Committed_AS:   11354788 kB
VmallocTotal:   34359738367 kB
VmallocUsed:       46392 kB
VmallocChunk:          0 kB
Percpu:            13280 kB
HardwareCorrupted:     0 kB
AnonHugePages:   1914880 kB
ShmemHugePages:        0 kB
ShmemPmdMapped:        0 kB
FileHugePages:         0 kB
FilePmdMapped:         0 kB
CmaTotal:              0 kB
CmaFree:               0 kB
Unaccepted:            0 kB
Balloon:               0 kB
HugePages_Total:       0
HugePages_Free:        0
HugePages_Rsvd:        0
HugePages_Surp:        0
Hugepagesize:       2048 kB
Hugetlb:               0 kB
DirectMap4k:      194432 kB
DirectMap2M:     6096896 kB
DirectMap1G:     4194304 kB
---SNAPSHOT---
2026-04-27 15:58:02
MemTotal:        8129240 kB
MemFree:         2690688 kB
MemAvailable:    2420608 kB
Buffers:            5504 kB
Cached:           311520 kB
SwapCached:        18052 kB
Active:          4073984 kB
Inactive:         599748 kB
Active(anon):    3969416 kB
Inactive(anon):   443268 kB
Active(file):     104568 kB
Inactive(file):   156480 kB
Unevictable:          16 kB
Mlocked:              16 kB
SwapTotal:       4194300 kB
SwapFree:        4176248 kB
Zswap:                 0 kB
Zswapped:              0 kB
Dirty:               180 kB
Writeback:             0 kB
AnonPages:       4338880 kB
Mapped:           263600 kB
Shmem:             55972 kB
KReclaimable:      53880 kB
Slab:             280724 kB
SReclaimable:      53880 kB
SUnreclaim:       226844 kB
KernelStack:       18176 kB
PageTables:        50528 kB
SecPageTables:         0 kB
NFS_Unstable:          0 kB
Bounce:                0 kB
WritebackTmp:          0 kB
CommitLimit:     8258920 kB
Committed_AS:   11354864 kB
VmallocTotal:   34359738367 kB
VmallocUsed:       46408 kB
VmallocChunk:          0 kB
Percpu:            13280 kB
HardwareCorrupted:     0 kB
AnonHugePages:   2662400 kB
ShmemHugePages:        0 kB
ShmemPmdMapped:        0 kB
FileHugePages:         0 kB
FilePmdMapped:         0 kB
CmaTotal:              0 kB
CmaFree:               0 kB
Unaccepted:            0 kB
Balloon:               0 kB
HugePages_Total:       0
HugePages_Free:        0
HugePages_Rsvd:        0
HugePages_Surp:        0
Hugepagesize:       2048 kB
Hugetlb:               0 kB
DirectMap4k:      194432 kB
DirectMap2M:     6096896 kB
DirectMap1G:     4194304 kB
---SNAPSHOT---
2026-04-27 15:58:03
MemTotal:        8129240 kB
MemFree:         3861780 kB
MemAvailable:    3591708 kB
Buffers:            5504 kB
Cached:           311536 kB
SwapCached:        18052 kB
Active:          2945528 kB
Inactive:         599760 kB
Active(anon):    2840960 kB
Inactive(anon):   443268 kB
Active(file):     104568 kB
Inactive(file):   156492 kB
Unevictable:          16 kB
Mlocked:              16 kB
SwapTotal:       4194300 kB
SwapFree:        4176248 kB
Zswap:                 0 kB
Zswapped:              0 kB
Dirty:               188 kB
Writeback:             0 kB
AnonPages:       3210196 kB
Mapped:           263828 kB
Shmem:             55972 kB
KReclaimable:      53880 kB
Slab:             280724 kB
SReclaimable:      53880 kB
SUnreclaim:       226844 kB
KernelStack:       18160 kB
PageTables:        48332 kB
SecPageTables:         0 kB
NFS_Unstable:          0 kB
Bounce:                0 kB
WritebackTmp:          0 kB
CommitLimit:     8258920 kB
Committed_AS:   11355132 kB
VmallocTotal:   34359738367 kB
VmallocUsed:       46392 kB
VmallocChunk:          0 kB
Percpu:            13280 kB
HardwareCorrupted:     0 kB
AnonHugePages:   1533952 kB
ShmemHugePages:        0 kB
ShmemPmdMapped:        0 kB
FileHugePages:         0 kB
FilePmdMapped:         0 kB
CmaTotal:              0 kB
CmaFree:               0 kB
Unaccepted:            0 kB
Balloon:               0 kB
HugePages_Total:       0
HugePages_Free:        0
HugePages_Rsvd:        0
HugePages_Surp:        0
Hugepagesize:       2048 kB
Hugetlb:               0 kB
DirectMap4k:      194432 kB
DirectMap2M:     6096896 kB
DirectMap1G:     4194304 kB
---SNAPSHOT---
2026-04-27 15:58:04
MemTotal:        8129240 kB
MemFree:         3066100 kB
MemAvailable:    2796032 kB
Buffers:            5504 kB
Cached:           311540 kB
SwapCached:        18052 kB
Active:          3746240 kB
Inactive:         599768 kB
Active(anon):    3641672 kB
Inactive(anon):   443268 kB
Active(file):     104568 kB
Inactive(file):   156500 kB
Unevictable:          16 kB
Mlocked:              16 kB
SwapTotal:       4194300 kB
SwapFree:        4176248 kB
Zswap:                 0 kB
Zswapped:              0 kB
Dirty:               192 kB
Writeback:             0 kB
AnonPages:       4011024 kB
Mapped:           263600 kB
Shmem:             55972 kB
KReclaimable:      53880 kB
Slab:             280724 kB
SReclaimable:      53880 kB
SUnreclaim:       226844 kB
KernelStack:       18236 kB
PageTables:        49980 kB
SecPageTables:         0 kB
NFS_Unstable:          0 kB
Bounce:                0 kB
WritebackTmp:          0 kB
CommitLimit:     8258920 kB
Committed_AS:   11354968 kB
VmallocTotal:   34359738367 kB
VmallocUsed:       46440 kB
VmallocChunk:          0 kB
Percpu:            13280 kB
HardwareCorrupted:     0 kB
AnonHugePages:   2334720 kB
ShmemHugePages:        0 kB
ShmemPmdMapped:        0 kB
FileHugePages:         0 kB
FilePmdMapped:         0 kB
CmaTotal:              0 kB
CmaFree:               0 kB
Unaccepted:            0 kB
Balloon:               0 kB
HugePages_Total:       0
HugePages_Free:        0
HugePages_Rsvd:        0
HugePages_Surp:        0
Hugepagesize:       2048 kB
Hugetlb:               0 kB
DirectMap4k:      194432 kB
DirectMap2M:     6096896 kB
DirectMap1G:     4194304 kB
---SNAPSHOT---
2026-04-27 15:58:05
MemTotal:        8129240 kB
MemFree:         3649968 kB
MemAvailable:    3379900 kB
Buffers:            5504 kB
Cached:           311548 kB
SwapCached:        18052 kB
Active:          3121108 kB
Inactive:         599772 kB
Active(anon):    3016540 kB
Inactive(anon):   443268 kB
Active(file):     104568 kB
Inactive(file):   156504 kB
Unevictable:          16 kB
Mlocked:              16 kB
SwapTotal:       4194300 kB
SwapFree:        4176248 kB
Zswap:                 0 kB
Zswapped:              0 kB
Dirty:               200 kB
Writeback:             0 kB
AnonPages:       3385876 kB
Mapped:           263600 kB
Shmem:             55972 kB
KReclaimable:      53880 kB
Slab:             280724 kB
SReclaimable:      53880 kB
SUnreclaim:       226844 kB
KernelStack:       18176 kB
PageTables:        49068 kB
SecPageTables:         0 kB
NFS_Unstable:          0 kB
Bounce:                0 kB
WritebackTmp:          0 kB
CommitLimit:     8258920 kB
Committed_AS:   11354632 kB
VmallocTotal:   34359738367 kB
VmallocUsed:       46392 kB
VmallocChunk:          0 kB
Percpu:            13280 kB
HardwareCorrupted:     0 kB
AnonHugePages:   1708032 kB
ShmemHugePages:        0 kB
ShmemPmdMapped:        0 kB
FileHugePages:         0 kB
FilePmdMapped:         0 kB
CmaTotal:              0 kB
CmaFree:               0 kB
Unaccepted:            0 kB
Balloon:               0 kB
HugePages_Total:       0
HugePages_Free:        0
HugePages_Rsvd:        0
HugePages_Surp:        0
Hugepagesize:       2048 kB
Hugetlb:               0 kB
DirectMap4k:      194432 kB
DirectMap2M:     6096896 kB
DirectMap1G:     4194304 kB
---SNAPSHOT---
2026-04-27 15:58:06
MemTotal:        8129240 kB
MemFree:         3172196 kB
MemAvailable:    2902132 kB
Buffers:            5504 kB
Cached:           311552 kB
SwapCached:       207976 kB
Active:          3451804 kB
Inactive:         788560 kB
Active(anon):    3347236 kB
Inactive(anon):   632052 kB
Active(file):     104568 kB
Inactive(file):   156508 kB
Unevictable:          16 kB
Mlocked:              16 kB
SwapTotal:       4194300 kB
SwapFree:        3986296 kB
Zswap:                 0 kB
Zswapped:              0 kB
Dirty:               204 kB
Writeback:          1140 kB
AnonPages:       3716264 kB
Mapped:           263668 kB
Shmem:             55972 kB
KReclaimable:      53880 kB
Slab:             280724 kB
SReclaimable:      53880 kB
SUnreclaim:       226844 kB
KernelStack:       18236 kB
PageTables:        49912 kB
SecPageTables:         0 kB
NFS_Unstable:          0 kB
Bounce:                0 kB
WritebackTmp:          0 kB
CommitLimit:     8258920 kB
Committed_AS:   11355352 kB
VmallocTotal:   34359738367 kB
VmallocUsed:       46392 kB
VmallocChunk:          0 kB
Percpu:            13280 kB
HardwareCorrupted:     0 kB
AnonHugePages:   2039808 kB
ShmemHugePages:        0 kB
ShmemPmdMapped:        0 kB
FileHugePages:         0 kB
FilePmdMapped:         0 kB
CmaTotal:              0 kB
CmaFree:               0 kB
Unaccepted:            0 kB
Balloon:               0 kB
HugePages_Total:       0
HugePages_Free:        0
HugePages_Rsvd:        0
HugePages_Surp:        0
Hugepagesize:       2048 kB
Hugetlb:               0 kB
DirectMap4k:      194432 kB
DirectMap2M:     6096896 kB
DirectMap1G:     4194304 kB
---SNAPSHOT---
2026-04-27 15:58:07
MemTotal:        8129240 kB
MemFree:         5012696 kB
MemAvailable:    4742636 kB
Buffers:            5512 kB
Cached:           311556 kB
SwapCached:        18116 kB
Active:          1685936 kB
Inactive:         599928 kB
Active(anon):    1581368 kB
Inactive(anon):   443412 kB
Active(file):     104568 kB
Inactive(file):   156516 kB
Unevictable:          16 kB
Mlocked:              16 kB
SwapTotal:       4194300 kB
SwapFree:        4176248 kB
Zswap:                 0 kB
Zswapped:              0 kB
Dirty:               208 kB
Writeback:           104 kB
AnonPages:       1950780 kB
Mapped:           263600 kB
Shmem:             55972 kB
KReclaimable:      53880 kB
Slab:             280800 kB
SReclaimable:      53880 kB
SUnreclaim:       226920 kB
KernelStack:       18176 kB
PageTables:        46884 kB
SecPageTables:         0 kB
NFS_Unstable:          0 kB
Bounce:                0 kB
WritebackTmp:          0 kB
CommitLimit:     8258920 kB
Committed_AS:   11355356 kB
VmallocTotal:   34359738367 kB
VmallocUsed:       46408 kB
VmallocChunk:          0 kB
Percpu:            13280 kB
HardwareCorrupted:     0 kB
AnonHugePages:    276480 kB
ShmemHugePages:        0 kB
ShmemPmdMapped:        0 kB
FileHugePages:         0 kB
FilePmdMapped:         0 kB
CmaTotal:              0 kB
CmaFree:               0 kB
Unaccepted:            0 kB
Balloon:               0 kB
HugePages_Total:       0
HugePages_Free:        0
HugePages_Rsvd:        0
HugePages_Surp:        0
Hugepagesize:       2048 kB
Hugetlb:               0 kB
DirectMap4k:      194432 kB
DirectMap2M:     6096896 kB
DirectMap1G:     4194304 kB
---SNAPSHOT---
2026-04-27 15:58:08
MemTotal:        8129240 kB
MemFree:         4027788 kB
MemAvailable:    3757732 kB
Buffers:            5512 kB
Cached:           311564 kB
SwapCached:        18052 kB
Active:          2757052 kB
Inactive:         599796 kB
Active(anon):    2652484 kB
Inactive(anon):   443268 kB
Active(file):     104568 kB
Inactive(file):   156528 kB
Unevictable:          16 kB
Mlocked:              16 kB
SwapTotal:       4194300 kB
SwapFree:        4176248 kB
Zswap:                 0 kB
Zswapped:              0 kB
Dirty:               216 kB
Writeback:             0 kB
AnonPages:       3021884 kB
Mapped:           263600 kB
Shmem:             55972 kB
KReclaimable:      53880 kB
Slab:             280740 kB
SReclaimable:      53880 kB
SUnreclaim:       226860 kB
KernelStack:       18176 kB
PageTables:        48080 kB
SecPageTables:         0 kB
NFS_Unstable:          0 kB
Bounce:                0 kB
WritebackTmp:          0 kB
CommitLimit:     8258920 kB
Committed_AS:   11355248 kB
VmallocTotal:   34359738367 kB
VmallocUsed:       46408 kB
VmallocChunk:          0 kB
Percpu:            13280 kB
HardwareCorrupted:     0 kB
AnonHugePages:   1347584 kB
ShmemHugePages:        0 kB
ShmemPmdMapped:        0 kB
FileHugePages:         0 kB
FilePmdMapped:         0 kB
CmaTotal:              0 kB
CmaFree:               0 kB
Unaccepted:            0 kB
Balloon:               0 kB
HugePages_Total:       0
HugePages_Free:        0
HugePages_Rsvd:        0
HugePages_Surp:        0
Hugepagesize:       2048 kB
Hugetlb:               0 kB
DirectMap4k:      194432 kB
DirectMap2M:     6096896 kB
DirectMap1G:     4194304 kB
---SNAPSHOT---
2026-04-27 15:58:09
MemTotal:        8129240 kB
MemFree:         2957580 kB
MemAvailable:    2687528 kB
Buffers:            5512 kB
Cached:           311568 kB
SwapCached:        18052 kB
Active:          3834348 kB
Inactive:         599804 kB
Active(anon):    3729780 kB
Inactive(anon):   443268 kB
Active(file):     104568 kB
Inactive(file):   156536 kB
Unevictable:          16 kB
Mlocked:              16 kB
SwapTotal:       4194300 kB
SwapFree:        4176248 kB
Zswap:                 0 kB
Zswapped:              0 kB
Dirty:               176 kB
Writeback:             0 kB
AnonPages:       4099028 kB
Mapped:           263600 kB
Shmem:             55972 kB
KReclaimable:      53880 kB
Slab:             280728 kB
SReclaimable:      53880 kB
SUnreclaim:       226848 kB
KernelStack:       18176 kB
PageTables:        50048 kB
SecPageTables:         0 kB
NFS_Unstable:          0 kB
Bounce:                0 kB
WritebackTmp:          0 kB
CommitLimit:     8258920 kB
Committed_AS:   11355244 kB
VmallocTotal:   34359738367 kB
VmallocUsed:       46408 kB
VmallocChunk:          0 kB
Percpu:            13280 kB
HardwareCorrupted:     0 kB
AnonHugePages:   2424832 kB
ShmemHugePages:        0 kB
ShmemPmdMapped:        0 kB
FileHugePages:         0 kB
FilePmdMapped:         0 kB
CmaTotal:              0 kB
CmaFree:               0 kB
Unaccepted:            0 kB
Balloon:               0 kB
HugePages_Total:       0
HugePages_Free:        0
HugePages_Rsvd:        0
HugePages_Surp:        0
Hugepagesize:       2048 kB
Hugetlb:               0 kB
DirectMap4k:      194432 kB
DirectMap2M:     6096896 kB
DirectMap1G:     4194304 kB
---SNAPSHOT---
2026-04-27 15:58:10
MemTotal:        8129240 kB
MemFree:         3977684 kB
MemAvailable:    3707636 kB
Buffers:            5512 kB
Cached:           311580 kB
SwapCached:       373384 kB
Active:          2439336 kB
Inactive:         933496 kB
Active(anon):    2334768 kB
Inactive(anon):   776952 kB
Active(file):     104568 kB
Inactive(file):   156544 kB
Unevictable:          16 kB
Mlocked:              16 kB
SwapTotal:       4194300 kB
SwapFree:        3820916 kB
Zswap:                 0 kB
Zswapped:              0 kB
Dirty:               188 kB
Writeback:         21560 kB
AnonPages:       2684588 kB
Mapped:           263600 kB
Shmem:             55972 kB
KReclaimable:      53880 kB
Slab:             282216 kB
SReclaimable:      53880 kB
SUnreclaim:       228336 kB
KernelStack:       18176 kB
PageTables:        48372 kB
SecPageTables:         0 kB
NFS_Unstable:          0 kB
Bounce:                0 kB
WritebackTmp:          0 kB
CommitLimit:     8258920 kB
