---SNAPSHOT---
2026-04-27 13:51:20
MemTotal:        8129240 kB
MemFree:         4860416 kB
MemAvailable:    5041996 kB
Buffers:            6180 kB
Cached:           273076 kB
SwapCached:        82400 kB
Active:          1935832 kB
Inactive:         614516 kB
Active(anon):    1842204 kB
Inactive(anon):   466512 kB
Active(file):      93628 kB
Inactive(file):   148004 kB
Unevictable:           0 kB
Mlocked:               0 kB
SwapTotal:       4194300 kB
SwapFree:        3974384 kB
Zswap:                 0 kB
Zswapped:              0 kB
Dirty:               344 kB
Writeback:             0 kB
AnonPages:       2192720 kB
Mapped:           230628 kB
Shmem:             37300 kB
KReclaimable:      56844 kB
Slab:             284540 kB
SReclaimable:      56844 kB
SUnreclaim:       227696 kB
KernelStack:       18812 kB
PageTables:        55216 kB
SecPageTables:         0 kB
NFS_Unstable:          0 kB
Bounce:                0 kB
WritebackTmp:          0 kB
CommitLimit:     8258920 kB
Committed_AS:    9315608 kB
VmallocTotal:   34359738367 kB
VmallocUsed:       47032 kB
VmallocChunk:          0 kB
Percpu:            13280 kB
HardwareCorrupted:     0 kB
AnonHugePages:    253952 kB
ShmemHugePages:        0 kB
ShmemPmdMapped:        0 kB
FileHugePages:         0 kB
FilePmdMapped:         0 kB
CmaTotal:              0 kB
CmaFree:               0 kB
Unaccepted:            0 kB
Balloon:               0 kB
HugePages_Total:       0
HugePages_Free:        0
HugePages_Rsvd:        0
HugePages_Surp:        0
Hugepagesize:       2048 kB
Hugetlb:               0 kB
DirectMap4k:      194432 kB
DirectMap2M:     6096896 kB
DirectMap1G:     4194304 kB
---SNAPSHOT---
2026-04-27 13:51:21
MemTotal:        8129240 kB
MemFree:         4865428 kB
MemAvailable:    5048036 kB
Buffers:            6180 kB
Cached:           273712 kB
SwapCached:        82400 kB
Active:          1936532 kB
Inactive:         615036 kB
Active(anon):    1842428 kB
Inactive(anon):   466512 kB
Active(file):      94104 kB
Inactive(file):   148524 kB
Unevictable:           0 kB
Mlocked:               0 kB
SwapTotal:       4194300 kB
SwapFree:        3974384 kB
Zswap:                 0 kB
Zswapped:              0 kB
Dirty:               500 kB
Writeback:             0 kB
AnonPages:       2193020 kB
Mapped:           230456 kB
Shmem:             37300 kB
KReclaimable:      56876 kB
Slab:             284604 kB
SReclaimable:      56876 kB
SUnreclaim:       227728 kB
KernelStack:       18908 kB
PageTables:        55644 kB
SecPageTables:         0 kB
NFS_Unstable:          0 kB
Bounce:                0 kB
WritebackTmp:          0 kB
CommitLimit:     8258920 kB
Committed_AS:    9315640 kB
VmallocTotal:   34359738367 kB
VmallocUsed:       47112 kB
VmallocChunk:          0 kB
Percpu:            13280 kB
HardwareCorrupted:     0 kB
AnonHugePages:    253952 kB
ShmemHugePages:        0 kB
ShmemPmdMapped:        0 kB
FileHugePages:         0 kB
FilePmdMapped:         0 kB
CmaTotal:              0 kB
CmaFree:               0 kB
Unaccepted:            0 kB
Balloon:               0 kB
HugePages_Total:       0
HugePages_Free:        0
HugePages_Rsvd:        0
HugePages_Surp:        0
Hugepagesize:       2048 kB
Hugetlb:               0 kB
DirectMap4k:      194432 kB
DirectMap2M:     6096896 kB
DirectMap1G:     4194304 kB
---SNAPSHOT---
2026-04-27 13:51:22
MemTotal:        8129240 kB
MemFree:         4876396 kB
MemAvailable:    5059008 kB
Buffers:            6180 kB
Cached:           273716 kB
SwapCached:        82400 kB
Active:          1937020 kB
Inactive:         615040 kB
Active(anon):    1842916 kB
Inactive(anon):   466512 kB
Active(file):      94104 kB
Inactive(file):   148528 kB
Unevictable:           0 kB
Mlocked:               0 kB
SwapTotal:       4194300 kB
SwapFree:        3974384 kB
Zswap:                 0 kB
Zswapped:              0 kB
Dirty:               504 kB
Writeback:             0 kB
AnonPages:       2193420 kB
Mapped:           230456 kB
Shmem:             37300 kB
KReclaimable:      56876 kB
Slab:             284668 kB
SReclaimable:      56876 kB
SUnreclaim:       227792 kB
KernelStack:       18848 kB
PageTables:        55136 kB
SecPageTables:         0 kB
NFS_Unstable:          0 kB
Bounce:                0 kB
WritebackTmp:          0 kB
CommitLimit:     8258920 kB
Committed_AS:    9315880 kB
VmallocTotal:   34359738367 kB
VmallocUsed:       47112 kB
VmallocChunk:          0 kB
Percpu:            13280 kB
HardwareCorrupted:     0 kB
AnonHugePages:    253952 kB
ShmemHugePages:        0 kB
ShmemPmdMapped:        0 kB
FileHugePages:         0 kB
FilePmdMapped:         0 kB
CmaTotal:              0 kB
CmaFree:               0 kB
Unaccepted:            0 kB
Balloon:               0 kB
HugePages_Total:       0
HugePages_Free:        0
HugePages_Rsvd:        0
HugePages_Surp:        0
Hugepagesize:       2048 kB
Hugetlb:               0 kB
DirectMap4k:      194432 kB
DirectMap2M:     6096896 kB
DirectMap1G:     4194304 kB
---SNAPSHOT---
2026-04-27 13:51:23
MemTotal:        8129240 kB
MemFree:         4888800 kB
MemAvailable:    5071420 kB
Buffers:            6180 kB
Cached:           273728 kB
SwapCached:        82400 kB
Active:          1936484 kB
Inactive:         615048 kB
Active(anon):    1842380 kB
Inactive(anon):   466512 kB
Active(file):      94104 kB
Inactive(file):   148536 kB
Unevictable:           0 kB
Mlocked:               0 kB
SwapTotal:       4194300 kB
SwapFree:        3974384 kB
Zswap:                 0 kB
Zswapped:              0 kB
Dirty:               512 kB
Writeback:             0 kB
AnonPages:       2192952 kB
Mapped:           230456 kB
Shmem:             37300 kB
KReclaimable:      56876 kB
Slab:             284800 kB
SReclaimable:      56876 kB
SUnreclaim:       227924 kB
KernelStack:       18800 kB
PageTables:        54892 kB
SecPageTables:         0 kB
NFS_Unstable:          0 kB
Bounce:                0 kB
WritebackTmp:          0 kB
CommitLimit:     8258920 kB
Committed_AS:    9314388 kB
VmallocTotal:   34359738367 kB
VmallocUsed:       47096 kB
VmallocChunk:          0 kB
Percpu:            13280 kB
HardwareCorrupted:     0 kB
AnonHugePages:    253952 kB
ShmemHugePages:        0 kB
ShmemPmdMapped:        0 kB
FileHugePages:         0 kB
FilePmdMapped:         0 kB
CmaTotal:              0 kB
CmaFree:               0 kB
Unaccepted:            0 kB
Balloon:               0 kB
HugePages_Total:       0
HugePages_Free:        0
HugePages_Rsvd:        0
HugePages_Surp:        0
Hugepagesize:       2048 kB
Hugetlb:               0 kB
DirectMap4k:      194432 kB
DirectMap2M:     6096896 kB
DirectMap1G:     4194304 kB
---SNAPSHOT---
2026-04-27 13:51:24
MemTotal:        8129240 kB
MemFree:         4906772 kB
MemAvailable:    5089800 kB
Buffers:            6312 kB
Cached:           274012 kB
SwapCached:        82400 kB
Active:          1937556 kB
Inactive:         615204 kB
Active(anon):    1843200 kB
Inactive(anon):   466512 kB
Active(file):      94356 kB
Inactive(file):   148692 kB
Unevictable:           0 kB
Mlocked:               0 kB
SwapTotal:       4194300 kB
SwapFree:        3974384 kB
Zswap:                 0 kB
Zswapped:              0 kB
Dirty:               516 kB
Writeback:             0 kB
AnonPages:       2193764 kB
Mapped:           230456 kB
Shmem:             37300 kB
KReclaimable:      56876 kB
Slab:             284800 kB
SReclaimable:      56876 kB
SUnreclaim:       227924 kB
KernelStack:       18832 kB
PageTables:        54984 kB
SecPageTables:         0 kB
NFS_Unstable:          0 kB
Bounce:                0 kB
WritebackTmp:          0 kB
CommitLimit:     8258920 kB
Committed_AS:    9315604 kB
VmallocTotal:   34359738367 kB
VmallocUsed:       47080 kB
VmallocChunk:          0 kB
Percpu:            13280 kB
HardwareCorrupted:     0 kB
AnonHugePages:    253952 kB
ShmemHugePages:        0 kB
ShmemPmdMapped:        0 kB
FileHugePages:         0 kB
FilePmdMapped:         0 kB
CmaTotal:              0 kB
CmaFree:               0 kB
Unaccepted:            0 kB
Balloon:               0 kB
HugePages_Total:       0
HugePages_Free:        0
HugePages_Rsvd:        0
HugePages_Surp:        0
Hugepagesize:       2048 kB
Hugetlb:               0 kB
DirectMap4k:      194432 kB
DirectMap2M:     6096896 kB
DirectMap1G:     4194304 kB
---SNAPSHOT---
2026-04-27 13:51:25
MemTotal:        8129240 kB
MemFree:         4532064 kB
MemAvailable:    4726208 kB
Buffers:            6592 kB
Cached:           302000 kB
SwapCached:        82400 kB
Active:          2353204 kB
Inactive:         615672 kB
Active(anon):    2248200 kB
Inactive(anon):   466512 kB
Active(file):     105004 kB
Inactive(file):   149160 kB
Unevictable:          16 kB
Mlocked:              16 kB
SwapTotal:       4194300 kB
SwapFree:        3974384 kB
Zswap:                 0 kB
Zswapped:              0 kB
Dirty:               604 kB
Writeback:             0 kB
AnonPages:       2581760 kB
Mapped:           251360 kB
Shmem:             54448 kB
KReclaimable:      56876 kB
Slab:             284916 kB
SReclaimable:      56876 kB
SUnreclaim:       228040 kB
KernelStack:       18976 kB
PageTables:        60808 kB
SecPageTables:         0 kB
NFS_Unstable:          0 kB
Bounce:                0 kB
WritebackTmp:          0 kB
CommitLimit:     8258920 kB
Committed_AS:   12124512 kB
VmallocTotal:   34359738367 kB
VmallocUsed:       47144 kB
VmallocChunk:          0 kB
Percpu:            13280 kB
HardwareCorrupted:     0 kB
AnonHugePages:    249856 kB
ShmemHugePages:        0 kB
ShmemPmdMapped:        0 kB
FileHugePages:         0 kB
FilePmdMapped:         0 kB
CmaTotal:              0 kB
CmaFree:               0 kB
Unaccepted:            0 kB
Balloon:               0 kB
HugePages_Total:       0
HugePages_Free:        0
HugePages_Rsvd:        0
HugePages_Surp:        0
Hugepagesize:       2048 kB
Hugetlb:               0 kB
DirectMap4k:      194432 kB
DirectMap2M:     6096896 kB
DirectMap1G:     4194304 kB
---SNAPSHOT---
2026-04-27 13:51:26
MemTotal:        8129240 kB
MemFree:         3736060 kB
MemAvailable:    3930212 kB
Buffers:            6592 kB
Cached:           302008 kB
SwapCached:        82400 kB
Active:          3147736 kB
Inactive:         615680 kB
Active(anon):    3042732 kB
Inactive(anon):   466512 kB
Active(file):     105004 kB
Inactive(file):   149168 kB
Unevictable:          16 kB
Mlocked:              16 kB
SwapTotal:       4194300 kB
SwapFree:        3974384 kB
Zswap:                 0 kB
Zswapped:              0 kB
Dirty:               628 kB
Writeback:             0 kB
AnonPages:       3376304 kB
Mapped:           251260 kB
Shmem:             54448 kB
KReclaimable:      56876 kB
Slab:             285192 kB
SReclaimable:      56876 kB
SUnreclaim:       228316 kB
KernelStack:       19024 kB
PageTables:        61004 kB
SecPageTables:         0 kB
NFS_Unstable:          0 kB
Bounce:                0 kB
WritebackTmp:          0 kB
CommitLimit:     8258920 kB
Committed_AS:   11972820 kB
VmallocTotal:   34359738367 kB
VmallocUsed:       47272 kB
VmallocChunk:          0 kB
Percpu:            13280 kB
HardwareCorrupted:     0 kB
AnonHugePages:    249856 kB
ShmemHugePages:        0 kB
ShmemPmdMapped:        0 kB
FileHugePages:         0 kB
FilePmdMapped:         0 kB
CmaTotal:              0 kB
CmaFree:               0 kB
Unaccepted:            0 kB
Balloon:               0 kB
HugePages_Total:       0
HugePages_Free:        0
HugePages_Rsvd:        0
HugePages_Surp:        0
Hugepagesize:       2048 kB
Hugetlb:               0 kB
DirectMap4k:      194432 kB
DirectMap2M:     6096896 kB
DirectMap1G:     4194304 kB
---SNAPSHOT---
2026-04-27 13:51:27
MemTotal:        8129240 kB
MemFree:         2941348 kB
MemAvailable:    3135504 kB
Buffers:            6592 kB
Cached:           302012 kB
SwapCached:        82400 kB
Active:          3954056 kB
Inactive:         615684 kB
Active(anon):    3849052 kB
Inactive(anon):   466512 kB
Active(file):     105004 kB
Inactive(file):   149172 kB
Unevictable:          16 kB
Mlocked:              16 kB
SwapTotal:       4194300 kB
SwapFree:        3974384 kB
Zswap:                 0 kB
Zswapped:              0 kB
Dirty:               632 kB
Writeback:             0 kB
AnonPages:       4182696 kB
Mapped:           251260 kB
Shmem:             54448 kB
KReclaimable:      56876 kB
Slab:             285256 kB
SReclaimable:      56876 kB
SUnreclaim:       228380 kB
KernelStack:       18976 kB
PageTables:        61284 kB
SecPageTables:         0 kB
NFS_Unstable:          0 kB
Bounce:                0 kB
WritebackTmp:          0 kB
CommitLimit:     8258920 kB
Committed_AS:   11971928 kB
VmallocTotal:   34359738367 kB
VmallocUsed:       47224 kB
VmallocChunk:          0 kB
Percpu:            13280 kB
HardwareCorrupted:     0 kB
AnonHugePages:    249856 kB
ShmemHugePages:        0 kB
ShmemPmdMapped:        0 kB
FileHugePages:         0 kB
FilePmdMapped:         0 kB
CmaTotal:              0 kB
CmaFree:               0 kB
Unaccepted:            0 kB
Balloon:               0 kB
HugePages_Total:       0
HugePages_Free:        0
HugePages_Rsvd:        0
HugePages_Surp:        0
Hugepagesize:       2048 kB
Hugetlb:               0 kB
DirectMap4k:      194432 kB
DirectMap2M:     6096896 kB
DirectMap1G:     4194304 kB
---SNAPSHOT---
2026-04-27 13:51:28
MemTotal:        8129240 kB
MemFree:         4550548 kB
MemAvailable:    4744712 kB
Buffers:            6592 kB
Cached:           302020 kB
SwapCached:        82400 kB
Active:          2157908 kB
Inactive:         615692 kB
Active(anon):    2052904 kB
Inactive(anon):   466512 kB
Active(file):     105004 kB
Inactive(file):   149180 kB
Unevictable:          16 kB
Mlocked:              16 kB
SwapTotal:       4194300 kB
SwapFree:        3974384 kB
Zswap:                 0 kB
Zswapped:              0 kB
Dirty:               640 kB
Writeback:             0 kB
AnonPages:       2386648 kB
Mapped:           251488 kB
Shmem:             54448 kB
KReclaimable:      56876 kB
Slab:             285252 kB
SReclaimable:      56876 kB
SUnreclaim:       228376 kB
KernelStack:       18944 kB
PageTables:        56288 kB
SecPageTables:         0 kB
NFS_Unstable:          0 kB
Bounce:                0 kB
WritebackTmp:          0 kB
CommitLimit:     8258920 kB
Committed_AS:   11971432 kB
VmallocTotal:   34359738367 kB
VmallocUsed:       47176 kB
VmallocChunk:          0 kB
Percpu:            13280 kB
HardwareCorrupted:     0 kB
AnonHugePages:    249856 kB
ShmemHugePages:        0 kB
ShmemPmdMapped:        0 kB
FileHugePages:         0 kB
FilePmdMapped:         0 kB
CmaTotal:              0 kB
CmaFree:               0 kB
Unaccepted:            0 kB
Balloon:               0 kB
HugePages_Total:       0
HugePages_Free:        0
HugePages_Rsvd:        0
HugePages_Surp:        0
Hugepagesize:       2048 kB
Hugetlb:               0 kB
DirectMap4k:      194432 kB
DirectMap2M:     6096896 kB
DirectMap1G:     4194304 kB
---SNAPSHOT---
2026-04-27 13:51:29
MemTotal:        8129240 kB
MemFree:         3672324 kB
MemAvailable:    3866492 kB
Buffers:            6592 kB
Cached:           302024 kB
SwapCached:        82400 kB
Active:          3096824 kB
Inactive:         615696 kB
Active(anon):    2991820 kB
Inactive(anon):   466512 kB
Active(file):     105004 kB
Inactive(file):   149184 kB
Unevictable:          16 kB
Mlocked:              16 kB
SwapTotal:       4194300 kB
SwapFree:        3974384 kB
Zswap:                 0 kB
Zswapped:              0 kB
Dirty:               644 kB
Writeback:             0 kB
AnonPages:       3325504 kB
Mapped:           251260 kB
Shmem:             54448 kB
KReclaimable:      56876 kB
Slab:             285236 kB
SReclaimable:      56876 kB
SUnreclaim:       228360 kB
KernelStack:       18976 kB
PageTables:        57552 kB
SecPageTables:         0 kB
NFS_Unstable:          0 kB
Bounce:                0 kB
WritebackTmp:          0 kB
CommitLimit:     8258920 kB
Committed_AS:   11972288 kB
VmallocTotal:   34359738367 kB
VmallocUsed:       47176 kB
VmallocChunk:          0 kB
Percpu:            13280 kB
HardwareCorrupted:     0 kB
AnonHugePages:    249856 kB
ShmemHugePages:        0 kB
ShmemPmdMapped:        0 kB
FileHugePages:         0 kB
FilePmdMapped:         0 kB
CmaTotal:              0 kB
CmaFree:               0 kB
Unaccepted:            0 kB
Balloon:               0 kB
HugePages_Total:       0
HugePages_Free:        0
HugePages_Rsvd:        0
HugePages_Surp:        0
Hugepagesize:       2048 kB
Hugetlb:               0 kB
DirectMap4k:      194432 kB
DirectMap2M:     6096896 kB
DirectMap1G:     4194304 kB
---SNAPSHOT---
2026-04-27 13:51:30
MemTotal:        8129240 kB
MemFree:         2892084 kB
MemAvailable:    3086260 kB
Buffers:            6600 kB
Cached:           302032 kB
SwapCached:        82400 kB
Active:          4007328 kB
Inactive:         615704 kB
Active(anon):    3902324 kB
Inactive(anon):   466512 kB
Active(file):     105004 kB
Inactive(file):   149192 kB
Unevictable:          16 kB
Mlocked:              16 kB
SwapTotal:       4194300 kB
SwapFree:        3974384 kB
Zswap:                 0 kB
Zswapped:              0 kB
Dirty:               660 kB
Writeback:             0 kB
AnonPages:       4235992 kB
Mapped:           251260 kB
Shmem:             54448 kB
KReclaimable:      56876 kB
Slab:             285236 kB
SReclaimable:      56876 kB
SUnreclaim:       228360 kB
KernelStack:       18976 kB
PageTables:        60272 kB
SecPageTables:         0 kB
NFS_Unstable:          0 kB
Bounce:                0 kB
WritebackTmp:          0 kB
CommitLimit:     8258920 kB
Committed_AS:   12263060 kB
VmallocTotal:   34359738367 kB
VmallocUsed:       47176 kB
VmallocChunk:          0 kB
Percpu:            13280 kB
HardwareCorrupted:     0 kB
AnonHugePages:    249856 kB
ShmemHugePages:        0 kB
ShmemPmdMapped:        0 kB
FileHugePages:         0 kB
FilePmdMapped:         0 kB
CmaTotal:              0 kB
CmaFree:               0 kB
Unaccepted:            0 kB
Balloon:               0 kB
HugePages_Total:       0
HugePages_Free:        0
HugePages_Rsvd:        0
HugePages_Surp:        0
Hugepagesize:       2048 kB
Hugetlb:               0 kB
DirectMap4k:      194432 kB
DirectMap2M:     6096896 kB
DirectMap1G:     4194304 kB
---SNAPSHOT---
2026-04-27 13:51:31
MemTotal:        8129240 kB
MemFree:         4442780 kB
MemAvailable:    4636968 kB
Buffers:            6600 kB
Cached:           302036 kB
SwapCached:        82400 kB
Active:          2262984 kB
Inactive:         615716 kB
Active(anon):    2157980 kB
Inactive(anon):   466512 kB
Active(file):     105004 kB
Inactive(file):   149204 kB
Unevictable:          16 kB
Mlocked:              16 kB
SwapTotal:       4194300 kB
SwapFree:        3974384 kB
Zswap:                 0 kB
Zswapped:              0 kB
Dirty:               664 kB
Writeback:             0 kB
AnonPages:       2491792 kB
Mapped:           251260 kB
Shmem:             54448 kB
KReclaimable:      56876 kB
Slab:             285260 kB
SReclaimable:      56876 kB
SUnreclaim:       228384 kB
KernelStack:       18976 kB
PageTables:        56316 kB
SecPageTables:         0 kB
NFS_Unstable:          0 kB
Bounce:                0 kB
WritebackTmp:          0 kB
CommitLimit:     8258920 kB
Committed_AS:   11971616 kB
VmallocTotal:   34359738367 kB
VmallocUsed:       47208 kB
VmallocChunk:          0 kB
Percpu:            13280 kB
HardwareCorrupted:     0 kB
AnonHugePages:    249856 kB
ShmemHugePages:        0 kB
ShmemPmdMapped:        0 kB
FileHugePages:         0 kB
FilePmdMapped:         0 kB
CmaTotal:              0 kB
CmaFree:               0 kB
Unaccepted:            0 kB
Balloon:               0 kB
HugePages_Total:       0
HugePages_Free:        0
HugePages_Rsvd:        0
HugePages_Surp:        0
Hugepagesize:       2048 kB
Hugetlb:               0 kB
DirectMap4k:      194432 kB
DirectMap2M:     6096896 kB
DirectMap1G:     4194304 kB
---SNAPSHOT---
2026-04-27 13:51:32
MemTotal:        8129240 kB
MemFree:         3580868 kB
MemAvailable:    3775060 kB
Buffers:            6600 kB
Cached:           302040 kB
SwapCached:        82400 kB
Active:          3184240 kB
Inactive:         615720 kB
Active(anon):    3079236 kB
Inactive(anon):   466512 kB
Active(file):     105004 kB
Inactive(file):   149208 kB
Unevictable:          16 kB
Mlocked:              16 kB
SwapTotal:       4194300 kB
SwapFree:        3974384 kB
Zswap:                 0 kB
Zswapped:              0 kB
Dirty:               668 kB
Writeback:             0 kB
AnonPages:       3413272 kB
Mapped:           251260 kB
Shmem:             54448 kB
KReclaimable:      56876 kB
Slab:             285208 kB
SReclaimable:      56876 kB
SUnreclaim:       228332 kB
KernelStack:       19036 kB
PageTables:        57924 kB
SecPageTables:         0 kB
NFS_Unstable:          0 kB
Bounce:                0 kB
WritebackTmp:          0 kB
CommitLimit:     8258920 kB
Committed_AS:   11972176 kB
VmallocTotal:   34359738367 kB
VmallocUsed:       47240 kB
VmallocChunk:          0 kB
Percpu:            13280 kB
HardwareCorrupted:     0 kB
AnonHugePages:    249856 kB
ShmemHugePages:        0 kB
ShmemPmdMapped:        0 kB
FileHugePages:         0 kB
FilePmdMapped:         0 kB
CmaTotal:              0 kB
CmaFree:               0 kB
Unaccepted:            0 kB
Balloon:               0 kB
HugePages_Total:       0
HugePages_Free:        0
HugePages_Rsvd:        0
HugePages_Surp:        0
Hugepagesize:       2048 kB
Hugetlb:               0 kB
DirectMap4k:      194432 kB
DirectMap2M:     6096896 kB
DirectMap1G:     4194304 kB
---SNAPSHOT---
2026-04-27 13:51:33
MemTotal:        8129240 kB
MemFree:         2793856 kB
MemAvailable:    2988056 kB
Buffers:            6600 kB
Cached:           302048 kB
SwapCached:        82400 kB
Active:          4086968 kB
Inactive:         615728 kB
Active(anon):    3981964 kB
Inactive(anon):   466512 kB
Active(file):     105004 kB
Inactive(file):   149216 kB
Unevictable:          16 kB
Mlocked:              16 kB
SwapTotal:       4194300 kB
SwapFree:        3974384 kB
Zswap:                 0 kB
Zswapped:              0 kB
Dirty:               676 kB
Writeback:             0 kB
AnonPages:       4315272 kB
Mapped:           251488 kB
Shmem:             54448 kB
KReclaimable:      56876 kB
Slab:             285216 kB
SReclaimable:      56876 kB
SUnreclaim:       228340 kB
KernelStack:       19052 kB
PageTables:        59696 kB
SecPageTables:         0 kB
NFS_Unstable:          0 kB
Bounce:                0 kB
WritebackTmp:          0 kB
CommitLimit:     8258920 kB
Committed_AS:   11971932 kB
VmallocTotal:   34359738367 kB
VmallocUsed:       47272 kB
VmallocChunk:          0 kB
Percpu:            13280 kB
HardwareCorrupted:     0 kB
AnonHugePages:    249856 kB
ShmemHugePages:        0 kB
ShmemPmdMapped:        0 kB
FileHugePages:         0 kB
FilePmdMapped:         0 kB
CmaTotal:              0 kB
CmaFree:               0 kB
Unaccepted:            0 kB
Balloon:               0 kB
HugePages_Total:       0
HugePages_Free:        0
HugePages_Rsvd:        0
HugePages_Surp:        0
Hugepagesize:       2048 kB
Hugetlb:               0 kB
DirectMap4k:      194432 kB
DirectMap2M:     6096896 kB
DirectMap1G:     4194304 kB
---SNAPSHOT---
2026-04-27 13:51:34
MemTotal:        8129240 kB
MemFree:         3895324 kB
MemAvailable:    4089528 kB
Buffers:            6600 kB
Cached:           302052 kB
SwapCached:       106980 kB
Active:          2894204 kB
Inactive:         615732 kB
Active(anon):    2789200 kB
Inactive(anon):   466512 kB
Active(file):     105004 kB
Inactive(file):   149220 kB
Unevictable:          16 kB
Mlocked:              16 kB
SwapTotal:       4194300 kB
SwapFree:        3949804 kB
Zswap:                 0 kB
Zswapped:              0 kB
Dirty:               680 kB
Writeback:         24580 kB
AnonPages:       3100012 kB
Mapped:           251260 kB
Shmem:             54448 kB
KReclaimable:      56876 kB
Slab:             286676 kB
SReclaimable:      56876 kB
SUnreclaim:       229800 kB
KernelStack:       19036 kB
PageTables:        57568 kB
SecPageTables:         0 kB
NFS_Unstable:          0 kB
Bounce:                0 kB
WritebackTmp:          0 kB
CommitLimit:     8258920 kB
Committed_AS:   11972172 kB
VmallocTotal:   34359738367 kB
VmallocUsed:       47256 kB
VmallocChunk:          0 kB
Percpu:            13280 kB
HardwareCorrupted:     0 kB
AnonHugePages:    249856 kB
ShmemHugePages:        0 kB
ShmemPmdMapped:        0 kB
FileHugePages:         0 kB
FilePmdMapped:         0 kB
CmaTotal:              0 kB
CmaFree:               0 kB
Unaccepted:            0 kB
Balloon:               0 kB
HugePages_Total:       0
HugePages_Free:        0
HugePages_Rsvd:        0
HugePages_Surp:        0
Hugepagesize:       2048 kB
Hugetlb:               0 kB
DirectMap4k:      194432 kB
DirectMap2M:     6096896 kB
DirectMap1G:     4194304 kB
---SNAPSHOT---
2026-04-27 13:51:40
MemTotal:        8129240 kB
MemFree:         3763268 kB
MemAvailable:    3957488 kB
Buffers:            6612 kB
Cached:           302056 kB
SwapCached:       122340 kB
Active:          2925812 kB
Inactive:         636704 kB
Active(anon):    2820808 kB
Inactive(anon):   487468 kB
Active(file):     105004 kB
Inactive(file):   149236 kB
Unevictable:          16 kB
Mlocked:              16 kB
SwapTotal:       4194300 kB
SwapFree:        3934444 kB
Zswap:                 0 kB
Zswapped:              0 kB
Dirty:               688 kB
Writeback:         18948 kB
AnonPages:       3137332 kB
Mapped:           251360 kB
Shmem:             54448 kB
KReclaimable:      56876 kB
Slab:             286388 kB
SReclaimable:      56876 kB
SUnreclaim:       229512 kB
KernelStack:       19020 kB
PageTables:        57788 kB
SecPageTables:         0 kB
NFS_Unstable:          0 kB
Bounce:                0 kB
WritebackTmp:          0 kB
CommitLimit:     8258920 kB
Committed_AS:   11971932 kB
VmallocTotal:   34359738367 kB
VmallocUsed:       47320 kB
VmallocChunk:          0 kB
Percpu:            13280 kB
HardwareCorrupted:     0 kB
AnonHugePages:    249856 kB
ShmemHugePages:        0 kB
ShmemPmdMapped:        0 kB
FileHugePages:         0 kB
FilePmdMapped:         0 kB
CmaTotal:              0 kB
CmaFree:               0 kB
Unaccepted:            0 kB
Balloon:               0 kB
HugePages_Total:       0
HugePages_Free:        0
HugePages_Rsvd:        0
HugePages_Surp:        0
Hugepagesize:       2048 kB
Hugetlb:               0 kB
DirectMap4k:      194432 kB
DirectMap2M:     6096896 kB
DirectMap1G:     4194304 kB
---SNAPSHOT---
2026-04-27 13:51:41
MemTotal:        8129240 kB
MemFree:         2889560 kB
MemAvailable:    3083784 kB
Buffers:            6612 kB
Cached:           302064 kB
SwapCached:       122340 kB
Active:          3822196 kB
Inactive:         641752 kB
Active(anon):    3717192 kB
Inactive(anon):   492512 kB
Active(file):     105004 kB
Inactive(file):   149240 kB
Unevictable:          16 kB
Mlocked:              16 kB
SwapTotal:       4194300 kB
SwapFree:        3934444 kB
Zswap:                 0 kB
Zswapped:              0 kB
Dirty:               692 kB
Writeback:         13884 kB
AnonPages:       4038772 kB
Mapped:           251260 kB
Shmem:             54448 kB
KReclaimable:      56876 kB
Slab:             286092 kB
SReclaimable:      56876 kB
SUnreclaim:       229216 kB
KernelStack:       18976 kB
PageTables:        59476 kB
SecPageTables:         0 kB
NFS_Unstable:          0 kB
Bounce:                0 kB
WritebackTmp:          0 kB
CommitLimit:     8258920 kB
Committed_AS:   11971548 kB
VmallocTotal:   34359738367 kB
VmallocUsed:       47320 kB
VmallocChunk:          0 kB
Percpu:            13280 kB
HardwareCorrupted:     0 kB
AnonHugePages:    249856 kB
ShmemHugePages:        0 kB
ShmemPmdMapped:        0 kB
FileHugePages:         0 kB
FilePmdMapped:         0 kB
CmaTotal:              0 kB
CmaFree:               0 kB
Unaccepted:            0 kB
Balloon:               0 kB
HugePages_Total:       0
HugePages_Free:        0
HugePages_Rsvd:        0
HugePages_Surp:        0
Hugepagesize:       2048 kB
Hugetlb:               0 kB
DirectMap4k:      194432 kB
DirectMap2M:     6096896 kB
DirectMap1G:     4194304 kB
---SNAPSHOT---
2026-04-27 13:51:42
MemTotal:        8129240 kB
MemFree:         2504036 kB
MemAvailable:    2698268 kB
Buffers:            6612 kB
Cached:           302068 kB
SwapCached:       122340 kB
Active:          4280948 kB
Inactive:         646388 kB
Active(anon):    4175944 kB
Inactive(anon):   497140 kB
Active(file):     105004 kB
Inactive(file):   149248 kB
Unevictable:          16 kB
Mlocked:              16 kB
SwapTotal:       4194300 kB
SwapFree:        3934444 kB
Zswap:                 0 kB
Zswapped:              0 kB
Dirty:               696 kB
Writeback:          9220 kB
AnonPages:       4501908 kB
Mapped:           251260 kB
Shmem:             54448 kB
KReclaimable:      56876 kB
Slab:             285784 kB
SReclaimable:      56876 kB
SUnreclaim:       228908 kB
KernelStack:       19036 kB
PageTables:        60344 kB
SecPageTables:         0 kB
NFS_Unstable:          0 kB
Bounce:                0 kB
WritebackTmp:          0 kB
CommitLimit:     8258920 kB
Committed_AS:   11971924 kB
VmallocTotal:   34359738367 kB
VmallocUsed:       47336 kB
VmallocChunk:          0 kB
Percpu:            13280 kB
HardwareCorrupted:     0 kB
AnonHugePages:    249856 kB
ShmemHugePages:        0 kB
ShmemPmdMapped:        0 kB
FileHugePages:         0 kB
FilePmdMapped:         0 kB
CmaTotal:              0 kB
CmaFree:               0 kB
Unaccepted:            0 kB
Balloon:               0 kB
HugePages_Total:       0
HugePages_Free:        0
HugePages_Rsvd:        0
HugePages_Surp:        0
Hugepagesize:       2048 kB
Hugetlb:               0 kB
DirectMap4k:      194432 kB
DirectMap2M:     6096896 kB
DirectMap1G:     4194304 kB
---SNAPSHOT---
2026-04-27 13:51:43
MemTotal:        8129240 kB
MemFree:         3838372 kB
MemAvailable:    4032592 kB
Buffers:            6612 kB
Cached:           302076 kB
SwapCached:       122340 kB
Active:          2882108 kB
Inactive:         646392 kB
Active(anon):    2777104 kB
Inactive(anon):   497140 kB
Active(file):     105004 kB
Inactive(file):   149252 kB
Unevictable:          16 kB
Mlocked:              16 kB
SwapTotal:       4194300 kB
SwapFree:        3934444 kB
Zswap:                 0 kB
Zswapped:              0 kB
Dirty:               704 kB
Writeback:          9220 kB
AnonPages:       3103560 kB
Mapped:           251260 kB
Shmem:             54448 kB
KReclaimable:      56860 kB
Slab:             285760 kB
SReclaimable:      56860 kB
SUnreclaim:       228900 kB
KernelStack:       19020 kB
PageTables:        57836 kB
SecPageTables:         0 kB
NFS_Unstable:          0 kB
Bounce:                0 kB
WritebackTmp:          0 kB
CommitLimit:     8258920 kB
Committed_AS:   11972064 kB
VmallocTotal:   34359738367 kB
VmallocUsed:       47304 kB
VmallocChunk:          0 kB
Percpu:            13280 kB
HardwareCorrupted:     0 kB
AnonHugePages:    249856 kB
ShmemHugePages:        0 kB
ShmemPmdMapped:        0 kB
FileHugePages:         0 kB
FilePmdMapped:         0 kB
CmaTotal:              0 kB
CmaFree:               0 kB
Unaccepted:            0 kB
Balloon:               0 kB
HugePages_Total:       0
HugePages_Free:        0
HugePages_Rsvd:        0
HugePages_Surp:        0
Hugepagesize:       2048 kB
Hugetlb:               0 kB
DirectMap4k:      194432 kB
DirectMap2M:     6096896 kB
DirectMap1G:     4194304 kB
---SNAPSHOT---
2026-04-27 13:51:44
MemTotal:        8129240 kB
MemFree:         3172416 kB
MemAvailable:    3366644 kB
Buffers:            6612 kB
Cached:           302080 kB
SwapCached:       122340 kB
Active:          3546376 kB
Inactive:         649004 kB
Active(anon):    3441372 kB
Inactive(anon):   499744 kB
Active(file):     105004 kB
Inactive(file):   149260 kB
Unevictable:          16 kB
Mlocked:              16 kB
SwapTotal:       4194300 kB
SwapFree:        3934444 kB
Zswap:                 0 kB
Zswapped:              0 kB
Dirty:               708 kB
Writeback:          6660 kB
AnonPages:       3770704 kB
Mapped:           251260 kB
Shmem:             54448 kB
KReclaimable:      56860 kB
Slab:             285612 kB
SReclaimable:      56860 kB
SUnreclaim:       228752 kB
KernelStack:       18960 kB
PageTables:        58924 kB
SecPageTables:         0 kB
NFS_Unstable:          0 kB
Bounce:                0 kB
WritebackTmp:          0 kB
CommitLimit:     8258920 kB
Committed_AS:   11972176 kB
VmallocTotal:   34359738367 kB
VmallocUsed:       47240 kB
VmallocChunk:          0 kB
Percpu:            13280 kB
HardwareCorrupted:     0 kB
AnonHugePages:    249856 kB
ShmemHugePages:        0 kB
ShmemPmdMapped:        0 kB
FileHugePages:         0 kB
FilePmdMapped:         0 kB
CmaTotal:              0 kB
CmaFree:               0 kB
Unaccepted:            0 kB
Balloon:               0 kB
HugePages_Total:       0
HugePages_Free:        0
HugePages_Rsvd:        0
HugePages_Surp:        0
Hugepagesize:       2048 kB
Hugetlb:               0 kB
DirectMap4k:      194432 kB
DirectMap2M:     6096896 kB
DirectMap1G:     4194304 kB
---SNAPSHOT---
2026-04-27 13:51:45
MemTotal:        8129240 kB
MemFree:         2572660 kB
MemAvailable:    2766892 kB
Buffers:            6612 kB
Cached:           302088 kB
SwapCached:       122340 kB
Active:          4214444 kB
Inactive:         650496 kB
Active(anon):    4109440 kB
Inactive(anon):   501232 kB
Active(file):     105004 kB
Inactive(file):   149264 kB
Unevictable:          16 kB
Mlocked:              16 kB
SwapTotal:       4194300 kB
SwapFree:        3934444 kB
Zswap:                 0 kB
Zswapped:              0 kB
Dirty:               716 kB
Writeback:          5124 kB
AnonPages:       4439884 kB
Mapped:           251260 kB
Shmem:             54448 kB
KReclaimable:      56860 kB
Slab:             285492 kB
SReclaimable:      56860 kB
SUnreclaim:       228632 kB
KernelStack:       18976 kB
PageTables:        59924 kB
SecPageTables:         0 kB
NFS_Unstable:          0 kB
Bounce:                0 kB
WritebackTmp:          0 kB
CommitLimit:     8258920 kB
Committed_AS:   11971932 kB
VmallocTotal:   34359738367 kB
VmallocUsed:       47192 kB
VmallocChunk:          0 kB
Percpu:            13280 kB
HardwareCorrupted:     0 kB
AnonHugePages:    249856 kB
ShmemHugePages:        0 kB
ShmemPmdMapped:        0 kB
FileHugePages:         0 kB
FilePmdMapped:         0 kB
CmaTotal:              0 kB
CmaFree:               0 kB
Unaccepted:            0 kB
Balloon:               0 kB
HugePages_Total:       0
HugePages_Free:        0
HugePages_Rsvd:        0
HugePages_Surp:        0
Hugepagesize:       2048 kB
Hugetlb:               0 kB
DirectMap4k:      194432 kB
DirectMap2M:     6096896 kB
DirectMap1G:     4194304 kB
---SNAPSHOT---
2026-04-27 13:51:46
MemTotal:        8129240 kB
MemFree:         3768524 kB
MemAvailable:    3962844 kB
Buffers:            6740 kB
Cached:           302096 kB
SwapCached:       123876 kB
Active:          2903292 kB
Inactive:         653644 kB
Active(anon):    2798288 kB
Inactive(anon):   504292 kB
Active(file):     105004 kB
Inactive(file):   149352 kB
Unevictable:          16 kB
Mlocked:              16 kB
SwapTotal:       4194300 kB
SwapFree:        3932908 kB
Zswap:                 0 kB
Zswapped:              0 kB
Dirty:               724 kB
Writeback:          3644 kB
AnonPages:       3130224 kB
Mapped:           251260 kB
Shmem:             54448 kB
KReclaimable:      56860 kB
Slab:             285380 kB
SReclaimable:      56860 kB
SUnreclaim:       228520 kB
KernelStack:       18960 kB
PageTables:        57740 kB
SecPageTables:         0 kB
NFS_Unstable:          0 kB
Bounce:                0 kB
WritebackTmp:          0 kB
CommitLimit:     8258920 kB
Committed_AS:   11972064 kB
VmallocTotal:   34359738367 kB
VmallocUsed:       47208 kB
VmallocChunk:          0 kB
Percpu:            13280 kB
HardwareCorrupted:     0 kB
AnonHugePages:    249856 kB
ShmemHugePages:        0 kB
ShmemPmdMapped:        0 kB
FileHugePages:         0 kB
FilePmdMapped:         0 kB
CmaTotal:              0 kB
CmaFree:               0 kB
Unaccepted:            0 kB
Balloon:               0 kB
HugePages_Total:       0
HugePages_Free:        0
HugePages_Rsvd:        0
HugePages_Surp:        0
Hugepagesize:       2048 kB
Hugetlb:               0 kB
DirectMap4k:      194432 kB
DirectMap2M:     6096896 kB
DirectMap1G:     4194304 kB
---SNAPSHOT---
2026-04-27 13:51:55
MemTotal:        8129240 kB
MemFree:         3273012 kB
MemAvailable:    3467392 kB
Buffers:            6748 kB
Cached:           302096 kB
SwapCached:       161768 kB
Active:          3380128 kB
Inactive:         679332 kB
Active(anon):    3275124 kB
Inactive(anon):   529920 kB
Active(file):     105004 kB
Inactive(file):   149412 kB
Unevictable:          16 kB
Mlocked:              16 kB
SwapTotal:       4194300 kB
SwapFree:        3895016 kB
Zswap:                 0 kB
Zswapped:              0 kB
Dirty:               480 kB
Writeback:         16056 kB
AnonPages:       3596512 kB
Mapped:           251360 kB
Shmem:             54448 kB
KReclaimable:      56860 kB
Slab:             286216 kB
SReclaimable:      56860 kB
SUnreclaim:       229356 kB
KernelStack:       19004 kB
PageTables:        58412 kB
SecPageTables:         0 kB
NFS_Unstable:          0 kB
Bounce:                0 kB
WritebackTmp:          0 kB
CommitLimit:     8258920 kB
Committed_AS:   11971564 kB
VmallocTotal:   34359738367 kB
VmallocUsed:       47208 kB
VmallocChunk:          0 kB
Percpu:            13280 kB
HardwareCorrupted:     0 kB
AnonHugePages:    249856 kB
ShmemHugePages:        0 kB
ShmemPmdMapped:        0 kB
FileHugePages:         0 kB
FilePmdMapped:         0 kB
CmaTotal:              0 kB
CmaFree:               0 kB
Unaccepted:            0 kB
Balloon:               0 kB
HugePages_Total:       0
HugePages_Free:        0
HugePages_Rsvd:        0
HugePages_Surp:        0
Hugepagesize:       2048 kB
Hugetlb:               0 kB
DirectMap4k:      194432 kB
DirectMap2M:     6096896 kB
DirectMap1G:     4194304 kB
---SNAPSHOT---
2026-04-27 13:51:56
MemTotal:        8129240 kB
MemFree:         2829328 kB
MemAvailable:    3023724 kB
Buffers:            6756 kB
Cached:           302112 kB
SwapCached:       161768 kB
Active:          3837108 kB
Inactive:         682488 kB
Active(anon):    3732104 kB
Inactive(anon):   533060 kB
Active(file):     105004 kB
Inactive(file):   149428 kB
Unevictable:          16 kB
Mlocked:              16 kB
SwapTotal:       4194300 kB
SwapFree:        3895016 kB
Zswap:                 0 kB
Zswapped:              0 kB
Dirty:               384 kB
Writeback:         12980 kB
AnonPages:       4056480 kB
Mapped:           251260 kB
Shmem:             54448 kB
KReclaimable:      56860 kB
Slab:             285860 kB
SReclaimable:      56860 kB
SUnreclaim:       229000 kB
KernelStack:       18960 kB
PageTables:        59236 kB
SecPageTables:         0 kB
NFS_Unstable:          0 kB
Bounce:                0 kB
WritebackTmp:          0 kB
CommitLimit:     8258920 kB
Committed_AS:   11971548 kB
VmallocTotal:   34359738367 kB
VmallocUsed:       47224 kB
VmallocChunk:          0 kB
Percpu:            13280 kB
HardwareCorrupted:     0 kB
AnonHugePages:    249856 kB
ShmemHugePages:        0 kB
ShmemPmdMapped:        0 kB
FileHugePages:         0 kB
FilePmdMapped:         0 kB
CmaTotal:              0 kB
CmaFree:               0 kB
Unaccepted:            0 kB
Balloon:               0 kB
HugePages_Total:       0
HugePages_Free:        0
HugePages_Rsvd:        0
HugePages_Surp:        0
Hugepagesize:       2048 kB
Hugetlb:               0 kB
DirectMap4k:      194432 kB
DirectMap2M:     6096896 kB
DirectMap1G:     4194304 kB
---SNAPSHOT---
2026-04-27 13:51:57
MemTotal:        8129240 kB
MemFree:         2441836 kB
MemAvailable:    2636236 kB
Buffers:            6756 kB
Cached:           302112 kB
SwapCached:       161768 kB
Active:          4292072 kB
Inactive:         687576 kB
Active(anon):    4187068 kB
Inactive(anon):   538144 kB
Active(file):     105004 kB
Inactive(file):   149432 kB
Unevictable:          16 kB
Mlocked:              16 kB
SwapTotal:       4194300 kB
SwapFree:        3895016 kB
Zswap:                 0 kB
Zswapped:              0 kB
Dirty:               388 kB
Writeback:          7860 kB
AnonPages:       4516420 kB
Mapped:           251260 kB
Shmem:             54448 kB
KReclaimable:      56860 kB
Slab:             285544 kB
SReclaimable:      56860 kB
SUnreclaim:       228684 kB
KernelStack:       18988 kB
PageTables:        60332 kB
SecPageTables:         0 kB
NFS_Unstable:          0 kB
Bounce:                0 kB
WritebackTmp:          0 kB
CommitLimit:     8258920 kB
Committed_AS:   11971680 kB
VmallocTotal:   34359738367 kB
VmallocUsed:       47272 kB
VmallocChunk:          0 kB
Percpu:            13280 kB
HardwareCorrupted:     0 kB
AnonHugePages:    249856 kB
ShmemHugePages:        0 kB
ShmemPmdMapped:        0 kB
FileHugePages:         0 kB
FilePmdMapped:         0 kB
CmaTotal:              0 kB
CmaFree:               0 kB
Unaccepted:            0 kB
Balloon:               0 kB
HugePages_Total:       0
HugePages_Free:        0
HugePages_Rsvd:        0
HugePages_Surp:        0
Hugepagesize:       2048 kB
Hugetlb:               0 kB
DirectMap4k:      194432 kB
DirectMap2M:     6096896 kB
DirectMap1G:     4194304 kB
---SNAPSHOT---
2026-04-27 13:51:58
MemTotal:        8129240 kB
MemFree:         3241752 kB
MemAvailable:    3436308 kB
Buffers:            6904 kB
Cached:           302116 kB
SwapCached:       162012 kB
Active:          3428440 kB
Inactive:         695420 kB
Active(anon):    3323436 kB
Inactive(anon):   545832 kB
Active(file):     105004 kB
Inactive(file):   149588 kB
Unevictable:          16 kB
Mlocked:              16 kB
SwapTotal:       4194300 kB
SwapFree:        3894772 kB
Zswap:                 0 kB
Zswapped:              0 kB
Dirty:                80 kB
Writeback:           424 kB
AnonPages:       3660096 kB
Mapped:           251260 kB
Shmem:             54448 kB
KReclaimable:      56860 kB
Slab:             285104 kB
SReclaimable:      56860 kB
SUnreclaim:       228244 kB
KernelStack:       19004 kB
PageTables:        58696 kB
SecPageTables:         0 kB
NFS_Unstable:          0 kB
Bounce:                0 kB
WritebackTmp:          0 kB
CommitLimit:     8258920 kB
Committed_AS:   11972064 kB
VmallocTotal:   34359738367 kB
VmallocUsed:       47256 kB
VmallocChunk:          0 kB
Percpu:            13280 kB
HardwareCorrupted:     0 kB
AnonHugePages:    249856 kB
ShmemHugePages:        0 kB
ShmemPmdMapped:        0 kB
FileHugePages:         0 kB
FilePmdMapped:         0 kB
CmaTotal:              0 kB
CmaFree:               0 kB
Unaccepted:            0 kB
Balloon:               0 kB
HugePages_Total:       0
HugePages_Free:        0
HugePages_Rsvd:        0
HugePages_Surp:        0
Hugepagesize:       2048 kB
Hugetlb:               0 kB
DirectMap4k:      194432 kB
DirectMap2M:     6096896 kB
DirectMap1G:     4194304 kB
---SNAPSHOT---
2026-04-27 13:51:59
MemTotal:        8129240 kB
MemFree:         2809616 kB
MemAvailable:    3004180 kB
Buffers:            6904 kB
Cached:           302128 kB
SwapCached:       162544 kB
Active:          3875076 kB
Inactive:         695428 kB
Active(anon):    3770072 kB
Inactive(anon):   545832 kB
Active(file):     105004 kB
Inactive(file):   149596 kB
Unevictable:          16 kB
Mlocked:              16 kB
SwapTotal:       4194300 kB
SwapFree:        3894176 kB
Zswap:                 0 kB
Zswapped:              0 kB
Dirty:                48 kB
Writeback:           300 kB
AnonPages:       4106208 kB
Mapped:           251260 kB
Shmem:             54448 kB
KReclaimable:      56860 kB
Slab:             285108 kB
SReclaimable:      56860 kB
SUnreclaim:       228248 kB
KernelStack:       19004 kB
PageTables:        59508 kB
SecPageTables:         0 kB
NFS_Unstable:          0 kB
Bounce:                0 kB
WritebackTmp:          0 kB
CommitLimit:     8258920 kB
Committed_AS:   11972064 kB
VmallocTotal:   34359738367 kB
VmallocUsed:       47256 kB
VmallocChunk:          0 kB
Percpu:            13280 kB
HardwareCorrupted:     0 kB
AnonHugePages:    249856 kB
ShmemHugePages:        0 kB
ShmemPmdMapped:        0 kB
FileHugePages:         0 kB
FilePmdMapped:         0 kB
CmaTotal:              0 kB
CmaFree:               0 kB
Unaccepted:            0 kB
Balloon:               0 kB
HugePages_Total:       0
HugePages_Free:        0
HugePages_Rsvd:        0
HugePages_Surp:        0
Hugepagesize:       2048 kB
Hugetlb:               0 kB
DirectMap4k:      194432 kB
DirectMap2M:     6096896 kB
DirectMap1G:     4194304 kB
---SNAPSHOT---
2026-04-27 13:52:00
MemTotal:        8129240 kB
MemFree:         2416020 kB
MemAvailable:    2610588 kB
Buffers:            6904 kB
Cached:           302132 kB
SwapCached:       170228 kB
Active:          4314052 kB
Inactive:         700924 kB
Active(anon):    4209048 kB
Inactive(anon):   551324 kB
Active(file):     105004 kB
Inactive(file):   149600 kB
Unevictable:          16 kB
Mlocked:              16 kB
SwapTotal:       4194300 kB
SwapFree:        3886496 kB
Zswap:                 0 kB
Zswapped:              0 kB
Dirty:                52 kB
Writeback:           196 kB
AnonPages:       4543752 kB
Mapped:           251260 kB
Shmem:             54448 kB
KReclaimable:      56860 kB
Slab:             284960 kB
SReclaimable:      56860 kB
SUnreclaim:       228100 kB
KernelStack:       19020 kB
PageTables:        60428 kB
SecPageTables:         0 kB
NFS_Unstable:          0 kB
Bounce:                0 kB
WritebackTmp:          0 kB
CommitLimit:     8258920 kB
Committed_AS:   11972068 kB
VmallocTotal:   34359738367 kB
VmallocUsed:       47256 kB
VmallocChunk:          0 kB
Percpu:            13280 kB
HardwareCorrupted:     0 kB
AnonHugePages:    249856 kB
ShmemHugePages:        0 kB
ShmemPmdMapped:        0 kB
FileHugePages:         0 kB
FilePmdMapped:         0 kB
CmaTotal:              0 kB
CmaFree:               0 kB
Unaccepted:            0 kB
Balloon:               0 kB
HugePages_Total:       0
HugePages_Free:        0
HugePages_Rsvd:        0
HugePages_Surp:        0
Hugepagesize:       2048 kB
Hugetlb:               0 kB
DirectMap4k:      194432 kB
DirectMap2M:     6096896 kB
DirectMap1G:     4194304 kB
---SNAPSHOT---
2026-04-27 13:52:01
MemTotal:        8129240 kB
MemFree:         3202236 kB
MemAvailable:    3396816 kB
Buffers:            6904 kB
Cached:           302140 kB
SwapCached:       173280 kB
Active:          3459796 kB
Inactive:         705132 kB
Active(anon):    3354792 kB
Inactive(anon):   555520 kB
Active(file):     105004 kB
Inactive(file):   149612 kB
Unevictable:          16 kB
Mlocked:              16 kB
SwapTotal:       4194300 kB
SwapFree:        3883504 kB
Zswap:                 0 kB
Zswapped:              0 kB
Dirty:                60 kB
Writeback:           744 kB
AnonPages:       3690728 kB
Mapped:           251260 kB
Shmem:             54448 kB
KReclaimable:      56860 kB
Slab:             284944 kB
SReclaimable:      56860 kB
SUnreclaim:       228084 kB
KernelStack:       19020 kB
PageTables:        58724 kB
SecPageTables:         0 kB
NFS_Unstable:          0 kB
Bounce:                0 kB
WritebackTmp:          0 kB
CommitLimit:     8258920 kB
Committed_AS:   11972176 kB
VmallocTotal:   34359738367 kB
VmallocUsed:       47272 kB
VmallocChunk:          0 kB
Percpu:            13280 kB
HardwareCorrupted:     0 kB
AnonHugePages:    249856 kB
ShmemHugePages:        0 kB
ShmemPmdMapped:        0 kB
FileHugePages:         0 kB
FilePmdMapped:         0 kB
CmaTotal:              0 kB
CmaFree:               0 kB
Unaccepted:            0 kB
Balloon:               0 kB
HugePages_Total:       0
HugePages_Free:        0
HugePages_Rsvd:        0
HugePages_Surp:        0
Hugepagesize:       2048 kB
Hugetlb:               0 kB
DirectMap4k:      194432 kB
DirectMap2M:     6096896 kB
DirectMap1G:     4194304 kB
---SNAPSHOT---
2026-04-27 13:52:02
MemTotal:        8129240 kB
MemFree:         2752812 kB
MemAvailable:    2947620 kB
Buffers:            7168 kB
Cached:           302108 kB
SwapCached:       200972 kB
Active:          3897296 kB
Inactive:         731948 kB
Active(anon):    3792292 kB
Inactive(anon):   582108 kB
Active(file):     105004 kB
Inactive(file):   149840 kB
Unevictable:          16 kB
Mlocked:              16 kB
SwapTotal:       4194300 kB
SwapFree:        3855644 kB
Zswap:                 0 kB
Zswapped:              0 kB
Dirty:                64 kB
Writeback:           968 kB
AnonPages:       4126932 kB
Mapped:           251260 kB
Shmem:             54448 kB
KReclaimable:      56860 kB
Slab:             284992 kB
SReclaimable:      56860 kB
SUnreclaim:       228132 kB
KernelStack:       18944 kB
PageTables:        59328 kB
SecPageTables:         0 kB
NFS_Unstable:          0 kB
Bounce:                0 kB
WritebackTmp:          0 kB
CommitLimit:     8258920 kB
Committed_AS:   11971912 kB
VmallocTotal:   34359738367 kB
VmallocUsed:       47240 kB
VmallocChunk:          0 kB
Percpu:            13280 kB
HardwareCorrupted:     0 kB
AnonHugePages:    249856 kB
ShmemHugePages:        0 kB
ShmemPmdMapped:        0 kB
FileHugePages:         0 kB
FilePmdMapped:         0 kB
CmaTotal:              0 kB
CmaFree:               0 kB
Unaccepted:            0 kB
Balloon:               0 kB
HugePages_Total:       0
HugePages_Free:        0
HugePages_Rsvd:        0
HugePages_Surp:        0
Hugepagesize:       2048 kB
Hugetlb:               0 kB
DirectMap4k:      194432 kB
DirectMap2M:     6096896 kB
DirectMap1G:     4194304 kB
---SNAPSHOT---
2026-04-27 13:52:03
MemTotal:        8129240 kB
MemFree:         3300904 kB
MemAvailable:    3495756 kB
Buffers:            7176 kB
Cached:           302148 kB
SwapCached:       203908 kB
Active:          3358716 kB
Inactive:         736092 kB
Active(anon):    3253712 kB
Inactive(anon):   586208 kB
Active(file):     105004 kB
Inactive(file):   149884 kB
Unevictable:          16 kB
Mlocked:              16 kB
SwapTotal:       4194300 kB
SwapFree:        3852796 kB
Zswap:                 0 kB
Zswapped:              0 kB
Dirty:                68 kB
Writeback:           392 kB
AnonPages:       3589684 kB
Mapped:           251360 kB
Shmem:             54448 kB
KReclaimable:      56860 kB
Slab:             284996 kB
SReclaimable:      56860 kB
SUnreclaim:       228136 kB
KernelStack:       18960 kB
PageTables:        59608 kB
SecPageTables:         0 kB
NFS_Unstable:          0 kB
Bounce:                0 kB
WritebackTmp:          0 kB
CommitLimit:     8258920 kB
Committed_AS:   11972068 kB
VmallocTotal:   34359738367 kB
VmallocUsed:       47224 kB
VmallocChunk:          0 kB
Percpu:            13280 kB
HardwareCorrupted:     0 kB
AnonHugePages:    249856 kB
ShmemHugePages:        0 kB
ShmemPmdMapped:        0 kB
FileHugePages:         0 kB
FilePmdMapped:         0 kB
CmaTotal:              0 kB
CmaFree:               0 kB
Unaccepted:            0 kB
Balloon:               0 kB
HugePages_Total:       0
HugePages_Free:        0
HugePages_Rsvd:        0
HugePages_Surp:        0
Hugepagesize:       2048 kB
Hugetlb:               0 kB
DirectMap4k:      194432 kB
DirectMap2M:     6096896 kB
DirectMap1G:     4194304 kB
---SNAPSHOT---
2026-04-27 13:52:04
MemTotal:        8129240 kB
MemFree:         2888556 kB
MemAvailable:    3083420 kB
Buffers:            7176 kB
Cached:           302152 kB
SwapCached:       204736 kB
Active:          3781968 kB
Inactive:         736132 kB
Active(anon):    3676964 kB
Inactive(anon):   586236 kB
Active(file):     105004 kB
Inactive(file):   149896 kB
Unevictable:          16 kB
Mlocked:              16 kB
SwapTotal:       4194300 kB
SwapFree:        3852048 kB
Zswap:                 0 kB
Zswapped:              0 kB
Dirty:                80 kB
Writeback:           800 kB
AnonPages:       4012228 kB
Mapped:           251260 kB
Shmem:             54448 kB
KReclaimable:      56860 kB
Slab:             284980 kB
SReclaimable:      56860 kB
SUnreclaim:       228120 kB
KernelStack:       18976 kB
PageTables:        60100 kB
SecPageTables:         0 kB
NFS_Unstable:          0 kB
Bounce:                0 kB
WritebackTmp:          0 kB
CommitLimit:     8258920 kB
Committed_AS:   11972316 kB
VmallocTotal:   34359738367 kB
VmallocUsed:       47192 kB
VmallocChunk:          0 kB
Percpu:            13280 kB
HardwareCorrupted:     0 kB
AnonHugePages:    249856 kB
ShmemHugePages:        0 kB
ShmemPmdMapped:        0 kB
FileHugePages:         0 kB
FilePmdMapped:         0 kB
CmaTotal:              0 kB
CmaFree:               0 kB
Unaccepted:            0 kB
Balloon:               0 kB
HugePages_Total:       0
HugePages_Free:        0
HugePages_Rsvd:        0
HugePages_Surp:        0
Hugepagesize:       2048 kB
Hugetlb:               0 kB
DirectMap4k:      194432 kB
DirectMap2M:     6096896 kB
DirectMap1G:     4194304 kB
---SNAPSHOT---
2026-04-27 13:52:05
MemTotal:        8129240 kB
MemFree:         2491460 kB
MemAvailable:    2686332 kB
Buffers:            7176 kB
Cached:           302160 kB
SwapCached:       205188 kB
Active:          4214812 kB
Inactive:         736140 kB
Active(anon):    4109808 kB
Inactive(anon):   586236 kB
Active(file):     105004 kB
Inactive(file):   149904 kB
Unevictable:          16 kB
Mlocked:              16 kB
SwapTotal:       4194300 kB
SwapFree:        3851496 kB
Zswap:                 0 kB
Zswapped:              0 kB
Dirty:                88 kB
Writeback:           236 kB
AnonPages:       4444248 kB
Mapped:           251260 kB
Shmem:             54448 kB
KReclaimable:      56860 kB
Slab:             284960 kB
SReclaimable:      56860 kB
SUnreclaim:       228100 kB
KernelStack:       18944 kB
PageTables:        60512 kB
SecPageTables:         0 kB
NFS_Unstable:          0 kB
Bounce:                0 kB
WritebackTmp:          0 kB
CommitLimit:     8258920 kB
Committed_AS:   11971716 kB
VmallocTotal:   34359738367 kB
VmallocUsed:       47192 kB
VmallocChunk:          0 kB
Percpu:            13280 kB
HardwareCorrupted:     0 kB
AnonHugePages:    249856 kB
ShmemHugePages:        0 kB
ShmemPmdMapped:        0 kB
FileHugePages:         0 kB
FilePmdMapped:         0 kB
CmaTotal:              0 kB
CmaFree:               0 kB
Unaccepted:            0 kB
Balloon:               0 kB
HugePages_Total:       0
HugePages_Free:        0
HugePages_Rsvd:        0
HugePages_Surp:        0
Hugepagesize:       2048 kB
Hugetlb:               0 kB
DirectMap4k:      194432 kB
DirectMap2M:     6096896 kB
DirectMap1G:     4194304 kB
---SNAPSHOT---
2026-04-27 13:52:07
MemTotal:        8129240 kB
MemFree:         2833360 kB
MemAvailable:    3028232 kB
Buffers:            7176 kB
Cached:           302168 kB
SwapCached:       205412 kB
Active:          3833176 kB
Inactive:         736180 kB
Active(anon):    3728172 kB
Inactive(anon):   586276 kB
Active(file):     105004 kB
Inactive(file):   149904 kB
Unevictable:          16 kB
Mlocked:              16 kB
SwapTotal:       4194300 kB
SwapFree:        3851372 kB
Zswap:                 0 kB
Zswapped:              0 kB
Dirty:                96 kB
Writeback:           212 kB
AnonPages:       4064024 kB
Mapped:           251260 kB
Shmem:             54448 kB
KReclaimable:      56860 kB
Slab:             284960 kB
SReclaimable:      56860 kB
SUnreclaim:       228100 kB
KernelStack:       18960 kB
PageTables:        59732 kB
SecPageTables:         0 kB
NFS_Unstable:          0 kB
Bounce:                0 kB
WritebackTmp:          0 kB
CommitLimit:     8258920 kB
Committed_AS:   11971688 kB
VmallocTotal:   34359738367 kB
VmallocUsed:       47176 kB
VmallocChunk:          0 kB
Percpu:            13280 kB
HardwareCorrupted:     0 kB
AnonHugePages:    249856 kB
ShmemHugePages:        0 kB
ShmemPmdMapped:        0 kB
FileHugePages:         0 kB
FilePmdMapped:         0 kB
CmaTotal:              0 kB
CmaFree:               0 kB
Unaccepted:            0 kB
Balloon:               0 kB
HugePages_Total:       0
HugePages_Free:        0
HugePages_Rsvd:        0
HugePages_Surp:        0
Hugepagesize:       2048 kB
Hugetlb:               0 kB
DirectMap4k:      194432 kB
DirectMap2M:     6096896 kB
DirectMap1G:     4194304 kB
---SNAPSHOT---
2026-04-27 13:52:08
MemTotal:        8129240 kB
MemFree:         2572956 kB
MemAvailable:    2767844 kB
Buffers:            7184 kB
Cached:           302172 kB
SwapCached:       206688 kB
Active:          4103524 kB
Inactive:         736196 kB
Active(anon):    3998520 kB
Inactive(anon):   586276 kB
Active(file):     105004 kB
Inactive(file):   149920 kB
Unevictable:          16 kB
Mlocked:              16 kB
SwapTotal:       4194300 kB
SwapFree:        3850096 kB
Zswap:                 0 kB
Zswapped:              0 kB
Dirty:               100 kB
Writeback:           744 kB
AnonPages:       4333172 kB
Mapped:           251360 kB
Shmem:             54448 kB
KReclaimable:      56860 kB
Slab:             284940 kB
SReclaimable:      56860 kB
SUnreclaim:       228080 kB
KernelStack:       18944 kB
PageTables:        60216 kB
SecPageTables:         0 kB
NFS_Unstable:          0 kB
Bounce:                0 kB
WritebackTmp:          0 kB
CommitLimit:     8258920 kB
Committed_AS:   11971848 kB
VmallocTotal:   34359738367 kB
VmallocUsed:       47192 kB
VmallocChunk:          0 kB
Percpu:            13280 kB
HardwareCorrupted:     0 kB
AnonHugePages:    249856 kB
ShmemHugePages:        0 kB
ShmemPmdMapped:        0 kB
FileHugePages:         0 kB
FilePmdMapped:         0 kB
CmaTotal:              0 kB
CmaFree:               0 kB
Unaccepted:            0 kB
Balloon:               0 kB
HugePages_Total:       0
HugePages_Free:        0
HugePages_Rsvd:        0
HugePages_Surp:        0
Hugepagesize:       2048 kB
Hugetlb:               0 kB
DirectMap4k:      194432 kB
DirectMap2M:     6096896 kB
DirectMap1G:     4194304 kB
---SNAPSHOT---
2026-04-27 13:52:09
MemTotal:        8129240 kB
MemFree:         2384156 kB
MemAvailable:    2579052 kB
Buffers:            7184 kB
Cached:           302180 kB
SwapCached:       208264 kB
Active:          4332128 kB
Inactive:         740200 kB
Active(anon):    4227124 kB
Inactive(anon):   590272 kB
Active(file):     105004 kB
Inactive(file):   149928 kB
Unevictable:          16 kB
Mlocked:              16 kB
SwapTotal:       4194300 kB
SwapFree:        3848520 kB
Zswap:                 0 kB
Zswapped:              0 kB
Dirty:               108 kB
Writeback:           248 kB
AnonPages:       4564264 kB
Mapped:           251260 kB
Shmem:             54448 kB
KReclaimable:      56860 kB
Slab:             284952 kB
SReclaimable:      56860 kB
SUnreclaim:       228092 kB
KernelStack:       18960 kB
PageTables:        60672 kB
SecPageTables:         0 kB
NFS_Unstable:          0 kB
Bounce:                0 kB
WritebackTmp:          0 kB
CommitLimit:     8258920 kB
Committed_AS:   11971456 kB
VmallocTotal:   34359738367 kB
VmallocUsed:       47192 kB
VmallocChunk:          0 kB
Percpu:            13280 kB
HardwareCorrupted:     0 kB
AnonHugePages:    249856 kB
ShmemHugePages:        0 kB
ShmemPmdMapped:        0 kB
FileHugePages:         0 kB
FilePmdMapped:         0 kB
CmaTotal:              0 kB
CmaFree:               0 kB
Unaccepted:            0 kB
Balloon:               0 kB
HugePages_Total:       0
HugePages_Free:        0
HugePages_Rsvd:        0
HugePages_Surp:        0
Hugepagesize:       2048 kB
Hugetlb:               0 kB
DirectMap4k:      194432 kB
DirectMap2M:     6096896 kB
DirectMap1G:     4194304 kB
---SNAPSHOT---
2026-04-27 13:52:10
MemTotal:        8129240 kB
MemFree:         2766164 kB
MemAvailable:    2961064 kB
Buffers:            7184 kB
Cached:           302184 kB
SwapCached:       209860 kB
Active:          3912844 kB
Inactive:         741728 kB
Active(anon):    3807840 kB
Inactive(anon):   591796 kB
Active(file):     105004 kB
Inactive(file):   149932 kB
Unevictable:          16 kB
Mlocked:              16 kB
SwapTotal:       4194300 kB
SwapFree:        3846924 kB
Zswap:                 0 kB
Zswapped:              0 kB
Dirty:               112 kB
Writeback:           252 kB
AnonPages:       4145176 kB
Mapped:           251260 kB
Shmem:             54448 kB
KReclaimable:      56860 kB
Slab:             284940 kB
SReclaimable:      56860 kB
SUnreclaim:       228080 kB
KernelStack:       18960 kB
PageTables:        59868 kB
SecPageTables:         0 kB
NFS_Unstable:          0 kB
Bounce:                0 kB
WritebackTmp:          0 kB
CommitLimit:     8258920 kB
Committed_AS:   11972044 kB
VmallocTotal:   34359738367 kB
VmallocUsed:       47192 kB
VmallocChunk:          0 kB
Percpu:            13280 kB
HardwareCorrupted:     0 kB
AnonHugePages:    249856 kB
ShmemHugePages:        0 kB
ShmemPmdMapped:        0 kB
FileHugePages:         0 kB
FilePmdMapped:         0 kB
CmaTotal:              0 kB
CmaFree:               0 kB
Unaccepted:            0 kB
Balloon:               0 kB
HugePages_Total:       0
HugePages_Free:        0
HugePages_Rsvd:        0
HugePages_Surp:        0
Hugepagesize:       2048 kB
Hugetlb:               0 kB
DirectMap4k:      194432 kB
DirectMap2M:     6096896 kB
DirectMap1G:     4194304 kB
---SNAPSHOT---
2026-04-27 13:52:11
MemTotal:        8129240 kB
MemFree:         2540772 kB
MemAvailable:    2735676 kB
Buffers:            7184 kB
Cached:           302188 kB
SwapCached:       236576 kB
Active:          4115180 kB
Inactive:         766124 kB
Active(anon):    4010176 kB
Inactive(anon):   616188 kB
Active(file):     105004 kB
Inactive(file):   149936 kB
Unevictable:          16 kB
Mlocked:              16 kB
SwapTotal:       4194300 kB
SwapFree:        3820208 kB
Zswap:                 0 kB
Zswapped:              0 kB
Dirty:               116 kB
Writeback:           216 kB
AnonPages:       4345412 kB
Mapped:           251260 kB
Shmem:             54448 kB
KReclaimable:      56860 kB
Slab:             284952 kB
SReclaimable:      56860 kB
SUnreclaim:       228092 kB
KernelStack:       18960 kB
PageTables:        60288 kB
SecPageTables:         0 kB
NFS_Unstable:          0 kB
Bounce:                0 kB
WritebackTmp:          0 kB
CommitLimit:     8258920 kB
Committed_AS:   11971440 kB
VmallocTotal:   34359738367 kB
VmallocUsed:       47192 kB
VmallocChunk:          0 kB
Percpu:            13280 kB
HardwareCorrupted:     0 kB
AnonHugePages:    249856 kB
ShmemHugePages:        0 kB
ShmemPmdMapped:        0 kB
FileHugePages:         0 kB
FilePmdMapped:         0 kB
CmaTotal:              0 kB
CmaFree:               0 kB
Unaccepted:            0 kB
Balloon:               0 kB
HugePages_Total:       0
HugePages_Free:        0
HugePages_Rsvd:        0
HugePages_Surp:        0
Hugepagesize:       2048 kB
Hugetlb:               0 kB
DirectMap4k:      194432 kB
DirectMap2M:     6096896 kB
DirectMap1G:     4194304 kB
---SNAPSHOT---
2026-04-27 13:52:12
MemTotal:        8129240 kB
MemFree:         2370412 kB
MemAvailable:    2565324 kB
Buffers:            7184 kB
Cached:           302196 kB
SwapCached:       299892 kB
Active:          4275728 kB
Inactive:         831788 kB
Active(anon):    4170724 kB
Inactive(anon):   681844 kB
Active(file):     105004 kB
Inactive(file):   149944 kB
Unevictable:          16 kB
Mlocked:              16 kB
SwapTotal:       4194300 kB
SwapFree:        3756792 kB
Zswap:                 0 kB
Zswapped:              0 kB
Dirty:               124 kB
Writeback:           304 kB
AnonPages:       4508072 kB
Mapped:           251276 kB
Shmem:             54448 kB
KReclaimable:      56860 kB
Slab:             284936 kB
SReclaimable:      56860 kB
SUnreclaim:       228076 kB
KernelStack:       18944 kB
PageTables:        60768 kB
SecPageTables:         0 kB
NFS_Unstable:          0 kB
Bounce:                0 kB
WritebackTmp:          0 kB
CommitLimit:     8258920 kB
Committed_AS:   11972176 kB
VmallocTotal:   34359738367 kB
VmallocUsed:       47192 kB
VmallocChunk:          0 kB
Percpu:            13280 kB
HardwareCorrupted:     0 kB
AnonHugePages:    249856 kB
ShmemHugePages:        0 kB
ShmemPmdMapped:        0 kB
FileHugePages:         0 kB
FilePmdMapped:         0 kB
CmaTotal:              0 kB
CmaFree:               0 kB
Unaccepted:            0 kB
Balloon:               0 kB
HugePages_Total:       0
HugePages_Free:        0
HugePages_Rsvd:        0
HugePages_Surp:        0
Hugepagesize:       2048 kB
Hugetlb:               0 kB
DirectMap4k:      194432 kB
DirectMap2M:     6096896 kB
DirectMap1G:     4194304 kB
---SNAPSHOT---
2026-04-27 13:52:13
MemTotal:        8129240 kB
MemFree:         2755688 kB
MemAvailable:    2950612 kB
Buffers:            7192 kB
Cached:           302200 kB
SwapCached:       457528 kB
Active:          3694332 kB
Inactive:         987524 kB
Active(anon):    3589328 kB
Inactive(anon):   837568 kB
Active(file):     105004 kB
Inactive(file):   149956 kB
Unevictable:          16 kB
Mlocked:              16 kB
SwapTotal:       4194300 kB
SwapFree:        3599256 kB
Zswap:                 0 kB
Zswapped:              0 kB
Dirty:               132 kB
Writeback:           284 kB
AnonPages:       3925080 kB
Mapped:           251260 kB
Shmem:             54448 kB
KReclaimable:      56860 kB
Slab:             284968 kB
SReclaimable:      56860 kB
SUnreclaim:       228108 kB
KernelStack:       18960 kB
PageTables:        59880 kB
SecPageTables:         0 kB
NFS_Unstable:          0 kB
Bounce:                0 kB
WritebackTmp:          0 kB
CommitLimit:     8258920 kB
Committed_AS:   11972068 kB
VmallocTotal:   34359738367 kB
VmallocUsed:       47176 kB
VmallocChunk:          0 kB
Percpu:            13280 kB
HardwareCorrupted:     0 kB
AnonHugePages:    249856 kB
ShmemHugePages:        0 kB
ShmemPmdMapped:        0 kB
FileHugePages:         0 kB
FilePmdMapped:         0 kB
CmaTotal:              0 kB
CmaFree:               0 kB
Unaccepted:            0 kB
Balloon:               0 kB
HugePages_Total:       0
HugePages_Free:        0
HugePages_Rsvd:        0
HugePages_Surp:        0
Hugepagesize:       2048 kB
Hugetlb:               0 kB
DirectMap4k:      194432 kB
DirectMap2M:     6096896 kB
DirectMap1G:     4194304 kB
---SNAPSHOT---
2026-04-27 13:52:14
MemTotal:        8129240 kB
MemFree:         2558312 kB
MemAvailable:    2753248 kB
Buffers:            7192 kB
Cached:           302208 kB
SwapCached:       514184 kB
Active:          3870632 kB
Inactive:        1044684 kB
Active(anon):    3765628 kB
Inactive(anon):   894716 kB
Active(file):     105004 kB
Inactive(file):   149968 kB
Unevictable:          16 kB
Mlocked:              16 kB
SwapTotal:       4194300 kB
SwapFree:        3542600 kB
Zswap:                 0 kB
Zswapped:              0 kB
Dirty:               140 kB
Writeback:           232 kB
AnonPages:       4101808 kB
Mapped:           251260 kB
Shmem:             54448 kB
KReclaimable:      56860 kB
Slab:             284960 kB
SReclaimable:      56860 kB
SUnreclaim:       228100 kB
KernelStack:       18960 kB
PageTables:        60316 kB
SecPageTables:         0 kB
NFS_Unstable:          0 kB
Bounce:                0 kB
WritebackTmp:          0 kB
CommitLimit:     8258920 kB
Committed_AS:   11972068 kB
VmallocTotal:   34359738367 kB
VmallocUsed:       47176 kB
VmallocChunk:          0 kB
Percpu:            13280 kB
HardwareCorrupted:     0 kB
AnonHugePages:    249856 kB
ShmemHugePages:        0 kB
ShmemPmdMapped:        0 kB
FileHugePages:         0 kB
FilePmdMapped:         0 kB
CmaTotal:              0 kB
CmaFree:               0 kB
Unaccepted:            0 kB
Balloon:               0 kB
HugePages_Total:       0
HugePages_Free:        0
HugePages_Rsvd:        0
HugePages_Surp:        0
Hugepagesize:       2048 kB
Hugetlb:               0 kB
DirectMap4k:      194432 kB
DirectMap2M:     6096896 kB
DirectMap1G:     4194304 kB
---SNAPSHOT---
2026-04-27 13:52:15
MemTotal:        8129240 kB
MemFree:         2350120 kB
MemAvailable:    2545056 kB
Buffers:            7192 kB
Cached:           302216 kB
SwapCached:       514352 kB
Active:          4093724 kB
Inactive:        1044932 kB
Active(anon):    3988720 kB
Inactive(anon):   894964 kB
Active(file):     105004 kB
Inactive(file):   149968 kB
Unevictable:          16 kB
Mlocked:              16 kB
SwapTotal:       4194300 kB
SwapFree:        3542432 kB
Zswap:                 0 kB
Zswapped:              0 kB
Dirty:               148 kB
Writeback:           176 kB
AnonPages:       4324760 kB
Mapped:           251260 kB
Shmem:             54448 kB
KReclaimable:      56860 kB
Slab:             284956 kB
SReclaimable:      56860 kB
SUnreclaim:       228096 kB
KernelStack:       18944 kB
PageTables:        60780 kB
SecPageTables:         0 kB
NFS_Unstable:          0 kB
Bounce:                0 kB
WritebackTmp:          0 kB
CommitLimit:     8258920 kB
Committed_AS:   11972288 kB
VmallocTotal:   34359738367 kB
VmallocUsed:       47192 kB
VmallocChunk:          0 kB
Percpu:            13280 kB
HardwareCorrupted:     0 kB
AnonHugePages:    249856 kB
ShmemHugePages:        0 kB
ShmemPmdMapped:        0 kB
FileHugePages:         0 kB
FilePmdMapped:         0 kB
CmaTotal:              0 kB
CmaFree:               0 kB
Unaccepted:            0 kB
Balloon:               0 kB
HugePages_Total:       0
HugePages_Free:        0
HugePages_Rsvd:        0
HugePages_Surp:        0
Hugepagesize:       2048 kB
Hugetlb:               0 kB
DirectMap4k:      194432 kB
DirectMap2M:     6096896 kB
DirectMap1G:     4194304 kB
---SNAPSHOT---
2026-04-27 13:52:16
MemTotal:        8129240 kB
MemFree:         2732516 kB
MemAvailable:    2927464 kB
Buffers:            7192 kB
Cached:           302220 kB
SwapCached:       515280 kB
Active:          3670632 kB
Inactive:        1044988 kB
Active(anon):    3565628 kB
Inactive(anon):   895008 kB
Active(file):     105004 kB
Inactive(file):   149980 kB
Unevictable:          16 kB
Mlocked:              16 kB
SwapTotal:       4194300 kB
SwapFree:        3541504 kB
Zswap:                 0 kB
Zswapped:              0 kB
Dirty:               152 kB
Writeback:           152 kB
AnonPages:       3900852 kB
Mapped:           251260 kB
Shmem:             54448 kB
KReclaimable:      56860 kB
Slab:             284948 kB
SReclaimable:      56860 kB
SUnreclaim:       228088 kB
KernelStack:       18960 kB
PageTables:        59948 kB
SecPageTables:         0 kB
NFS_Unstable:          0 kB
Bounce:                0 kB
WritebackTmp:          0 kB
CommitLimit:     8258920 kB
Committed_AS:   11971948 kB
VmallocTotal:   34359738367 kB
VmallocUsed:       47224 kB
VmallocChunk:          0 kB
Percpu:            13280 kB
HardwareCorrupted:     0 kB
AnonHugePages:    249856 kB
ShmemHugePages:        0 kB
ShmemPmdMapped:        0 kB
FileHugePages:         0 kB
FilePmdMapped:         0 kB
CmaTotal:              0 kB
CmaFree:               0 kB
Unaccepted:            0 kB
Balloon:               0 kB
HugePages_Total:       0
HugePages_Free:        0
HugePages_Rsvd:        0
HugePages_Surp:        0
Hugepagesize:       2048 kB
Hugetlb:               0 kB
DirectMap4k:      194432 kB
DirectMap2M:     6096896 kB
DirectMap1G:     4194304 kB
---SNAPSHOT---
2026-04-27 13:52:17
MemTotal:        8129240 kB
MemFree:         2536072 kB
MemAvailable:    2731024 kB
Buffers:            7192 kB
Cached:           302232 kB
SwapCached:       516568 kB
Active:          3909168 kB
Inactive:        1044992 kB
Active(anon):    3804164 kB
Inactive(anon):   895008 kB
Active(file):     105004 kB
Inactive(file):   149984 kB
Unevictable:          16 kB
Mlocked:              16 kB
SwapTotal:       4194300 kB
SwapFree:        3540216 kB
Zswap:                 0 kB
Zswapped:              0 kB
Dirty:               164 kB
Writeback:           368 kB
AnonPages:       4138124 kB
Mapped:           251260 kB
Shmem:             54448 kB
KReclaimable:      56860 kB
Slab:             284944 kB
SReclaimable:      56860 kB
SUnreclaim:       228084 kB
KernelStack:       18960 kB
PageTables:        60428 kB
SecPageTables:         0 kB
NFS_Unstable:          0 kB
Bounce:                0 kB
WritebackTmp:          0 kB
CommitLimit:     8258920 kB
Committed_AS:   11971936 kB
VmallocTotal:   34359738367 kB
VmallocUsed:       47208 kB
VmallocChunk:          0 kB
Percpu:            13280 kB
HardwareCorrupted:     0 kB
AnonHugePages:    249856 kB
ShmemHugePages:        0 kB
ShmemPmdMapped:        0 kB
FileHugePages:         0 kB
FilePmdMapped:         0 kB
CmaTotal:              0 kB
CmaFree:               0 kB
Unaccepted:            0 kB
Balloon:               0 kB
HugePages_Total:       0
HugePages_Free:        0
HugePages_Rsvd:        0
HugePages_Surp:        0
Hugepagesize:       2048 kB
Hugetlb:               0 kB
DirectMap4k:      194432 kB
DirectMap2M:     6096896 kB
DirectMap1G:     4194304 kB
---SNAPSHOT---
2026-04-27 13:52:18
MemTotal:        8129240 kB
MemFree:         2892312 kB
MemAvailable:    3087276 kB
Buffers:            7200 kB
Cached:           302236 kB
SwapCached:       519124 kB
Active:          3480896 kB
Inactive:        1050868 kB
Active(anon):    3375892 kB
Inactive(anon):   900872 kB
Active(file):     105004 kB
Inactive(file):   149996 kB
Unevictable:          16 kB
Mlocked:              16 kB
SwapTotal:       4194300 kB
SwapFree:        3537660 kB
Zswap:                 0 kB
Zswapped:              0 kB
Dirty:               168 kB
Writeback:           240 kB
AnonPages:       3713140 kB
Mapped:           251260 kB
Shmem:             54448 kB
KReclaimable:      56860 kB
Slab:             284940 kB
SReclaimable:      56860 kB
SUnreclaim:       228080 kB
KernelStack:       18960 kB
PageTables:        59932 kB
SecPageTables:         0 kB
NFS_Unstable:          0 kB
Bounce:                0 kB
WritebackTmp:          0 kB
CommitLimit:     8258920 kB
Committed_AS:   11972180 kB
VmallocTotal:   34359738367 kB
VmallocUsed:       47208 kB
VmallocChunk:          0 kB
Percpu:            13280 kB
HardwareCorrupted:     0 kB
AnonHugePages:    249856 kB
ShmemHugePages:        0 kB
ShmemPmdMapped:        0 kB
FileHugePages:         0 kB
FilePmdMapped:         0 kB
CmaTotal:              0 kB
CmaFree:               0 kB
Unaccepted:            0 kB
Balloon:               0 kB
HugePages_Total:       0
HugePages_Free:        0
HugePages_Rsvd:        0
HugePages_Surp:        0
Hugepagesize:       2048 kB
Hugetlb:               0 kB
DirectMap4k:      194432 kB
DirectMap2M:     6096896 kB
DirectMap1G:     4194304 kB
---SNAPSHOT---
2026-04-27 13:52:19
MemTotal:        8129240 kB
MemFree:         2688404 kB
MemAvailable:    2883380 kB
Buffers:            7200 kB
Cached:           302244 kB
SwapCached:       520152 kB
Active:          3715032 kB
Inactive:        1051128 kB
Active(anon):    3610028 kB
Inactive(anon):   901120 kB
Active(file):     105004 kB
Inactive(file):   150008 kB
Unevictable:          16 kB
Mlocked:              16 kB
SwapTotal:       4194300 kB
SwapFree:        3536632 kB
Zswap:                 0 kB
Zswapped:              0 kB
Dirty:               176 kB
Writeback:           236 kB
AnonPages:       3946488 kB
Mapped:           251260 kB
Shmem:             54448 kB
KReclaimable:      56860 kB
Slab:             284956 kB
SReclaimable:      56860 kB
SUnreclaim:       228096 kB
KernelStack:       18960 kB
PageTables:        60272 kB
SecPageTables:         0 kB
NFS_Unstable:          0 kB
Bounce:                0 kB
WritebackTmp:          0 kB
CommitLimit:     8258920 kB
Committed_AS:   11972176 kB
VmallocTotal:   34359738367 kB
VmallocUsed:       47208 kB
VmallocChunk:          0 kB
Percpu:            13280 kB
HardwareCorrupted:     0 kB
AnonHugePages:    249856 kB
ShmemHugePages:        0 kB
ShmemPmdMapped:        0 kB
FileHugePages:         0 kB
FilePmdMapped:         0 kB
CmaTotal:              0 kB
CmaFree:               0 kB
Unaccepted:            0 kB
Balloon:               0 kB
HugePages_Total:       0
HugePages_Free:        0
HugePages_Rsvd:        0
HugePages_Surp:        0
Hugepagesize:       2048 kB
Hugetlb:               0 kB
DirectMap4k:      194432 kB
DirectMap2M:     6096896 kB
DirectMap1G:     4194304 kB
---SNAPSHOT---
2026-04-27 13:52:20
MemTotal:        8129240 kB
MemFree:         2500600 kB
MemAvailable:    2695580 kB
Buffers:            7200 kB
Cached:           302248 kB
SwapCached:       520844 kB
Active:          3947252 kB
Inactive:        1053240 kB
Active(anon):    3842248 kB
Inactive(anon):   903228 kB
Active(file):     105004 kB
Inactive(file):   150012 kB
Unevictable:          16 kB
Mlocked:              16 kB
SwapTotal:       4194300 kB
SwapFree:        3535940 kB
Zswap:                 0 kB
Zswapped:              0 kB
Dirty:               180 kB
Writeback:           316 kB
AnonPages:       4179900 kB
Mapped:           251260 kB
Shmem:             54448 kB
KReclaimable:      56860 kB
Slab:             284972 kB
SReclaimable:      56860 kB
SUnreclaim:       228112 kB
KernelStack:       18928 kB
PageTables:        60600 kB
SecPageTables:         0 kB
NFS_Unstable:          0 kB
Bounce:                0 kB
WritebackTmp:          0 kB
CommitLimit:     8258920 kB
Committed_AS:   11972068 kB
VmallocTotal:   34359738367 kB
VmallocUsed:       47176 kB
VmallocChunk:          0 kB
Percpu:            13280 kB
HardwareCorrupted:     0 kB
AnonHugePages:    249856 kB
ShmemHugePages:        0 kB
ShmemPmdMapped:        0 kB
FileHugePages:         0 kB
FilePmdMapped:         0 kB
CmaTotal:              0 kB
CmaFree:               0 kB
Unaccepted:            0 kB
Balloon:               0 kB
HugePages_Total:       0
HugePages_Free:        0
HugePages_Rsvd:        0
HugePages_Surp:        0
Hugepagesize:       2048 kB
Hugetlb:               0 kB
DirectMap4k:      194432 kB
DirectMap2M:     6096896 kB
DirectMap1G:     4194304 kB
---SNAPSHOT---
2026-04-27 13:52:21
MemTotal:        8129240 kB
MemFree:         2891140 kB
MemAvailable:    3086128 kB
Buffers:            7200 kB
Cached:           302252 kB
SwapCached:       527536 kB
Active:          3509908 kB
Inactive:        1059236 kB
Active(anon):    3404904 kB
Inactive(anon):   909216 kB
Active(file):     105004 kB
Inactive(file):   150020 kB
Unevictable:          16 kB
Mlocked:              16 kB
SwapTotal:       4194300 kB
SwapFree:        3529160 kB
Zswap:                 0 kB
Zswapped:              0 kB
Dirty:               184 kB
Writeback:           528 kB
AnonPages:       3742516 kB
Mapped:           251260 kB
Shmem:             54448 kB
KReclaimable:      56860 kB
Slab:             284968 kB
SReclaimable:      56860 kB
SUnreclaim:       228108 kB
KernelStack:       18960 kB
PageTables:        60028 kB
SecPageTables:         0 kB
NFS_Unstable:          0 kB
Bounce:                0 kB
WritebackTmp:          0 kB
CommitLimit:     8258920 kB
Committed_AS:   11972068 kB
VmallocTotal:   34359738367 kB
VmallocUsed:       47224 kB
VmallocChunk:          0 kB
Percpu:            13280 kB
HardwareCorrupted:     0 kB
AnonHugePages:    249856 kB
ShmemHugePages:        0 kB
ShmemPmdMapped:        0 kB
FileHugePages:         0 kB
FilePmdMapped:         0 kB
CmaTotal:              0 kB
CmaFree:               0 kB
Unaccepted:            0 kB
Balloon:               0 kB
HugePages_Total:       0
HugePages_Free:        0
HugePages_Rsvd:        0
HugePages_Surp:        0
Hugepagesize:       2048 kB
Hugetlb:               0 kB
DirectMap4k:      194432 kB
DirectMap2M:     6096896 kB
DirectMap1G:     4194304 kB
---SNAPSHOT---
2026-04-27 13:52:22
MemTotal:        8129240 kB
MemFree:         2656732 kB
MemAvailable:    2851728 kB
Buffers:            7200 kB
Cached:           302260 kB
SwapCached:       617976 kB
Active:          3660060 kB
Inactive:        1149248 kB
Active(anon):    3555056 kB
Inactive(anon):   999220 kB
Active(file):     105004 kB
Inactive(file):   150028 kB
Unevictable:          16 kB
Mlocked:              16 kB
SwapTotal:       4194300 kB
SwapFree:        3438700 kB
Zswap:                 0 kB
Zswapped:              0 kB
Dirty:               192 kB
Writeback:           180 kB
AnonPages:       3891884 kB
Mapped:           251260 kB
Shmem:             54448 kB
KReclaimable:      56860 kB
Slab:             284940 kB
SReclaimable:      56860 kB
SUnreclaim:       228080 kB
KernelStack:       18960 kB
PageTables:        60296 kB
SecPageTables:         0 kB
NFS_Unstable:          0 kB
Bounce:                0 kB
WritebackTmp:          0 kB
CommitLimit:     8258920 kB
Committed_AS:   11972068 kB
VmallocTotal:   34359738367 kB
VmallocUsed:       47192 kB
VmallocChunk:          0 kB
Percpu:            13280 kB
HardwareCorrupted:     0 kB
AnonHugePages:    249856 kB
ShmemHugePages:        0 kB
ShmemPmdMapped:        0 kB
FileHugePages:         0 kB
FilePmdMapped:         0 kB
CmaTotal:              0 kB
CmaFree:               0 kB
Unaccepted:            0 kB
Balloon:               0 kB
HugePages_Total:       0
HugePages_Free:        0
HugePages_Rsvd:        0
HugePages_Surp:        0
Hugepagesize:       2048 kB
Hugetlb:               0 kB
DirectMap4k:      194432 kB
DirectMap2M:     6096896 kB
DirectMap1G:     4194304 kB
---SNAPSHOT---
2026-04-27 13:52:23
MemTotal:        8129240 kB
MemFree:         2454308 kB
MemAvailable:    2649308 kB
Buffers:            7208 kB
Cached:           302264 kB
SwapCached:       675840 kB
Active:          3849024 kB
Inactive:        1206740 kB
Active(anon):    3744020 kB
Inactive(anon):  1056708 kB
Active(file):     105004 kB
Inactive(file):   150032 kB
Unevictable:          16 kB
Mlocked:              16 kB
SwapTotal:       4194300 kB
SwapFree:        3380852 kB
Zswap:                 0 kB
Zswapped:              0 kB
Dirty:               196 kB
Writeback:           700 kB
AnonPages:       4080120 kB
Mapped:           251360 kB
Shmem:             54448 kB
KReclaimable:      56860 kB
Slab:             284952 kB
SReclaimable:      56860 kB
SUnreclaim:       228092 kB
KernelStack:       18960 kB
PageTables:        60520 kB
SecPageTables:         0 kB
NFS_Unstable:          0 kB
Bounce:                0 kB
WritebackTmp:          0 kB
CommitLimit:     8258920 kB
Committed_AS:   11971936 kB
VmallocTotal:   34359738367 kB
VmallocUsed:       47208 kB
VmallocChunk:          0 kB
Percpu:            13280 kB
HardwareCorrupted:     0 kB
AnonHugePages:    249856 kB
ShmemHugePages:        0 kB
ShmemPmdMapped:        0 kB
FileHugePages:         0 kB
FilePmdMapped:         0 kB
CmaTotal:              0 kB
CmaFree:               0 kB
Unaccepted:            0 kB
Balloon:               0 kB
HugePages_Total:       0
HugePages_Free:        0
HugePages_Rsvd:        0
HugePages_Surp:        0
Hugepagesize:       2048 kB
Hugetlb:               0 kB
DirectMap4k:      194432 kB
DirectMap2M:     6096896 kB
DirectMap1G:     4194304 kB
---SNAPSHOT---
2026-04-27 13:52:24
MemTotal:        8129240 kB
MemFree:         2837900 kB
MemAvailable:    3032916 kB
Buffers:            7208 kB
Cached:           302272 kB
SwapCached:       687692 kB
Active:          3417688 kB
Inactive:        1219044 kB
Active(anon):    3312684 kB
Inactive(anon):  1068996 kB
Active(file):     105004 kB
Inactive(file):   150048 kB
Unevictable:          16 kB
Mlocked:              16 kB
SwapTotal:       4194300 kB
SwapFree:        3369092 kB
Zswap:                 0 kB
Zswapped:              0 kB
Dirty:               204 kB
Writeback:           208 kB
AnonPages:       3649504 kB
Mapped:           251260 kB
Shmem:             54448 kB
KReclaimable:      56860 kB
Slab:             284928 kB
SReclaimable:      56860 kB
SUnreclaim:       228068 kB
KernelStack:       18960 kB
PageTables:        59684 kB
SecPageTables:         0 kB
NFS_Unstable:          0 kB
Bounce:                0 kB
WritebackTmp:          0 kB
CommitLimit:     8258920 kB
Committed_AS:   11971960 kB
VmallocTotal:   34359738367 kB
VmallocUsed:       47208 kB
VmallocChunk:          0 kB
Percpu:            13280 kB
HardwareCorrupted:     0 kB
AnonHugePages:    249856 kB
ShmemHugePages:        0 kB
ShmemPmdMapped:        0 kB
FileHugePages:         0 kB
FilePmdMapped:         0 kB
CmaTotal:              0 kB
CmaFree:               0 kB
Unaccepted:            0 kB
Balloon:               0 kB
HugePages_Total:       0
HugePages_Free:        0
HugePages_Rsvd:        0
HugePages_Surp:        0
Hugepagesize:       2048 kB
Hugetlb:               0 kB
DirectMap4k:      194432 kB
DirectMap2M:     6096896 kB
DirectMap1G:     4194304 kB
---SNAPSHOT---
2026-04-27 13:52:25
MemTotal:        8129240 kB
MemFree:         2602732 kB
MemAvailable:    2797748 kB
Buffers:            7208 kB
Cached:           302276 kB
SwapCached:       689216 kB
Active:          3652968 kB
Inactive:        1219096 kB
Active(anon):    3547964 kB
Inactive(anon):  1069048 kB
Active(file):     105004 kB
Inactive(file):   150048 kB
Unevictable:          16 kB
Mlocked:              16 kB
SwapTotal:       4194300 kB
SwapFree:        3367568 kB
Zswap:                 0 kB
Zswapped:              0 kB
Dirty:               208 kB
Writeback:           280 kB
AnonPages:       3883376 kB
Mapped:           251260 kB
Shmem:             54448 kB
KReclaimable:      56860 kB
Slab:             284976 kB
SReclaimable:      56860 kB
SUnreclaim:       228116 kB
KernelStack:       19020 kB
PageTables:        60164 kB
SecPageTables:         0 kB
NFS_Unstable:          0 kB
Bounce:                0 kB
WritebackTmp:          0 kB
CommitLimit:     8258920 kB
Committed_AS:   11971948 kB
VmallocTotal:   34359738367 kB
VmallocUsed:       47256 kB
VmallocChunk:          0 kB
Percpu:            13280 kB
HardwareCorrupted:     0 kB
AnonHugePages:    249856 kB
ShmemHugePages:        0 kB
ShmemPmdMapped:        0 kB
FileHugePages:         0 kB
FilePmdMapped:         0 kB
CmaTotal:              0 kB
CmaFree:               0 kB
Unaccepted:            0 kB
Balloon:               0 kB
HugePages_Total:       0
HugePages_Free:        0
HugePages_Rsvd:        0
HugePages_Surp:        0
Hugepagesize:       2048 kB
Hugetlb:               0 kB
DirectMap4k:      194432 kB
DirectMap2M:     6096896 kB
DirectMap1G:     4194304 kB
---SNAPSHOT---
2026-04-27 13:52:26
MemTotal:        8129240 kB
MemFree:         2424048 kB
MemAvailable:    2619072 kB
Buffers:            7208 kB
Cached:           302280 kB
SwapCached:       697788 kB
Active:          3873072 kB
Inactive:        1229276 kB
Active(anon):    3768068 kB
Inactive(anon):  1079220 kB
Active(file):     105004 kB
Inactive(file):   150056 kB
Unevictable:          16 kB
Mlocked:              16 kB
SwapTotal:       4194300 kB
SwapFree:        3358936 kB
Zswap:                 0 kB
Zswapped:              0 kB
Dirty:               212 kB
Writeback:           640 kB
AnonPages:       4105212 kB
Mapped:           251260 kB
Shmem:             54448 kB
KReclaimable:      56860 kB
Slab:             285012 kB
SReclaimable:      56860 kB
SUnreclaim:       228152 kB
KernelStack:       19036 kB
PageTables:        60660 kB
SecPageTables:         0 kB
NFS_Unstable:          0 kB
Bounce:                0 kB
WritebackTmp:          0 kB
CommitLimit:     8258920 kB
Committed_AS:   11971956 kB
VmallocTotal:   34359738367 kB
VmallocUsed:       47288 kB
VmallocChunk:          0 kB
Percpu:            13280 kB
HardwareCorrupted:     0 kB
AnonHugePages:    249856 kB
ShmemHugePages:        0 kB
ShmemPmdMapped:        0 kB
FileHugePages:         0 kB
FilePmdMapped:         0 kB
CmaTotal:              0 kB
CmaFree:               0 kB
Unaccepted:            0 kB
Balloon:               0 kB
HugePages_Total:       0
HugePages_Free:        0
HugePages_Rsvd:        0
HugePages_Surp:        0
Hugepagesize:       2048 kB
Hugetlb:               0 kB
DirectMap4k:      194432 kB
DirectMap2M:     6096896 kB
DirectMap1G:     4194304 kB
---SNAPSHOT---
2026-04-27 13:52:27
MemTotal:        8129240 kB
MemFree:         2792636 kB
MemAvailable:    2987664 kB
Buffers:            7208 kB
Cached:           302288 kB
SwapCached:       700676 kB
Active:          3453008 kB
Inactive:        1229424 kB
Active(anon):    3348004 kB
Inactive(anon):  1079364 kB
Active(file):     105004 kB
Inactive(file):   150060 kB
Unevictable:          16 kB
Mlocked:              16 kB
SwapTotal:       4194300 kB
SwapFree:        3356108 kB
Zswap:                 0 kB
Zswapped:              0 kB
Dirty:               220 kB
Writeback:           428 kB
AnonPages:       3682108 kB
Mapped:           251260 kB
Shmem:             54448 kB
KReclaimable:      56860 kB
Slab:             285028 kB
SReclaimable:      56860 kB
SUnreclaim:       228168 kB
KernelStack:       18976 kB
PageTables:        59804 kB
SecPageTables:         0 kB
NFS_Unstable:          0 kB
Bounce:                0 kB
WritebackTmp:          0 kB
CommitLimit:     8258920 kB
Committed_AS:   11971960 kB
VmallocTotal:   34359738367 kB
VmallocUsed:       47256 kB
VmallocChunk:          0 kB
Percpu:            13280 kB
HardwareCorrupted:     0 kB
AnonHugePages:    249856 kB
ShmemHugePages:        0 kB
ShmemPmdMapped:        0 kB
FileHugePages:         0 kB
FilePmdMapped:         0 kB
CmaTotal:              0 kB
CmaFree:               0 kB
Unaccepted:            0 kB
Balloon:               0 kB
HugePages_Total:       0
HugePages_Free:        0
HugePages_Rsvd:        0
HugePages_Surp:        0
Hugepagesize:       2048 kB
Hugetlb:               0 kB
DirectMap4k:      194432 kB
DirectMap2M:     6096896 kB
DirectMap1G:     4194304 kB
---SNAPSHOT---
2026-04-27 13:52:28
MemTotal:        8129240 kB
MemFree:         2580832 kB
MemAvailable:    2775872 kB
Buffers:            7216 kB
Cached:           302292 kB
SwapCached:       700820 kB
Active:          3687832 kB
Inactive:        1229436 kB
Active(anon):    3582828 kB
Inactive(anon):  1079364 kB
Active(file):     105004 kB
Inactive(file):   150072 kB
Unevictable:          16 kB
Mlocked:              16 kB
SwapTotal:       4194300 kB
SwapFree:        3355964 kB
Zswap:                 0 kB
Zswapped:              0 kB
Dirty:               224 kB
Writeback:           156 kB
AnonPages:       3917084 kB
Mapped:           251260 kB
Shmem:             54448 kB
KReclaimable:      56860 kB
Slab:             285024 kB
SReclaimable:      56860 kB
SUnreclaim:       228164 kB
KernelStack:       18960 kB
PageTables:        60268 kB
SecPageTables:         0 kB
NFS_Unstable:          0 kB
Bounce:                0 kB
WritebackTmp:          0 kB
CommitLimit:     8258920 kB
Committed_AS:   11971848 kB
VmallocTotal:   34359738367 kB
VmallocUsed:       47240 kB
VmallocChunk:          0 kB
Percpu:            13280 kB
HardwareCorrupted:     0 kB
AnonHugePages:    249856 kB
ShmemHugePages:        0 kB
ShmemPmdMapped:        0 kB
FileHugePages:         0 kB
FilePmdMapped:         0 kB
CmaTotal:              0 kB
CmaFree:               0 kB
Unaccepted:            0 kB
Balloon:               0 kB
HugePages_Total:       0
HugePages_Free:        0
HugePages_Rsvd:        0
HugePages_Surp:        0
Hugepagesize:       2048 kB
Hugetlb:               0 kB
DirectMap4k:      194432 kB
DirectMap2M:     6096896 kB
DirectMap1G:     4194304 kB
---SNAPSHOT---
2026-04-27 13:52:29
MemTotal:        8129240 kB
MemFree:         2678292 kB
MemAvailable:    2873360 kB
Buffers:            7220 kB
Cached:           302312 kB
SwapCached:       701184 kB
Active:          3558636 kB
Inactive:        1231472 kB
Active(anon):    3453632 kB
Inactive(anon):  1081372 kB
Active(file):     105004 kB
Inactive(file):   150100 kB
Unevictable:          16 kB
Mlocked:              16 kB
SwapTotal:       4194300 kB
SwapFree:        3355600 kB
Zswap:                 0 kB
Zswapped:              0 kB
Dirty:               148 kB
Writeback:           176 kB
AnonPages:       3750588 kB
Mapped:           251260 kB
Shmem:             54448 kB
KReclaimable:      56860 kB
Slab:             285052 kB
SReclaimable:      56860 kB
SUnreclaim:       228192 kB
KernelStack:       18976 kB
PageTables:        60712 kB
SecPageTables:         0 kB
NFS_Unstable:          0 kB
Bounce:                0 kB
WritebackTmp:          0 kB
CommitLimit:     8258920 kB
Committed_AS:   11972076 kB
VmallocTotal:   34359738367 kB
VmallocUsed:       47256 kB
VmallocChunk:          0 kB
Percpu:            13280 kB
HardwareCorrupted:     0 kB
AnonHugePages:    249856 kB
ShmemHugePages:        0 kB
ShmemPmdMapped:        0 kB
FileHugePages:         0 kB
FilePmdMapped:         0 kB
CmaTotal:              0 kB
CmaFree:               0 kB
Unaccepted:            0 kB
Balloon:               0 kB
HugePages_Total:       0
HugePages_Free:        0
HugePages_Rsvd:        0
HugePages_Surp:        0
Hugepagesize:       2048 kB
Hugetlb:               0 kB
DirectMap4k:      194432 kB
DirectMap2M:     6096896 kB
DirectMap1G:     4194304 kB
---SNAPSHOT---
2026-04-27 13:52:30
MemTotal:        8129240 kB
MemFree:         2757044 kB
MemAvailable:    2952120 kB
Buffers:            7220 kB
Cached:           302320 kB
SwapCached:       705000 kB
Active:          3492212 kB
Inactive:        1235492 kB
Active(anon):    3387208 kB
Inactive(anon):  1085384 kB
Active(file):     105004 kB
Inactive(file):   150108 kB
Unevictable:          16 kB
Mlocked:              16 kB
SwapTotal:       4194300 kB
SwapFree:        3351784 kB
Zswap:                 0 kB
Zswapped:              0 kB
Dirty:                20 kB
Writeback:           456 kB
AnonPages:       3723224 kB
Mapped:           251260 kB
Shmem:             54448 kB
KReclaimable:      56860 kB
Slab:             285044 kB
SReclaimable:      56860 kB
SUnreclaim:       228184 kB
KernelStack:       18960 kB
PageTables:        60112 kB
SecPageTables:         0 kB
NFS_Unstable:          0 kB
Bounce:                0 kB
WritebackTmp:          0 kB
CommitLimit:     8258920 kB
Committed_AS:   11971844 kB
VmallocTotal:   34359738367 kB
VmallocUsed:       47224 kB
VmallocChunk:          0 kB
Percpu:            13280 kB
HardwareCorrupted:     0 kB
AnonHugePages:    249856 kB
ShmemHugePages:        0 kB
ShmemPmdMapped:        0 kB
FileHugePages:         0 kB
FilePmdMapped:         0 kB
CmaTotal:              0 kB
CmaFree:               0 kB
Unaccepted:            0 kB
Balloon:               0 kB
HugePages_Total:       0
HugePages_Free:        0
HugePages_Rsvd:        0
HugePages_Surp:        0
Hugepagesize:       2048 kB
Hugetlb:               0 kB
DirectMap4k:      194432 kB
DirectMap2M:     6096896 kB
DirectMap1G:     4194304 kB
---SNAPSHOT---
2026-04-27 13:52:31
MemTotal:        8129240 kB
MemFree:         2567936 kB
MemAvailable:    2763016 kB
Buffers:            7220 kB
Cached:           302324 kB
SwapCached:       708376 kB
Active:          3722892 kB
Inactive:        1239512 kB
Active(anon):    3617888 kB
Inactive(anon):  1089400 kB
Active(file):     105004 kB
Inactive(file):   150112 kB
Unevictable:          16 kB
Mlocked:              16 kB
SwapTotal:       4194300 kB
SwapFree:        3348408 kB
Zswap:                 0 kB
Zswapped:              0 kB
Dirty:                24 kB
Writeback:           304 kB
AnonPages:       3954632 kB
Mapped:           251260 kB
Shmem:             54448 kB
KReclaimable:      56860 kB
Slab:             285068 kB
SReclaimable:      56860 kB
SUnreclaim:       228208 kB
KernelStack:       18976 kB
PageTables:        60324 kB
SecPageTables:         0 kB
NFS_Unstable:          0 kB
Bounce:                0 kB
WritebackTmp:          0 kB
CommitLimit:     8258920 kB
Committed_AS:   11971468 kB
VmallocTotal:   34359738367 kB
VmallocUsed:       47224 kB
VmallocChunk:          0 kB
Percpu:            13280 kB
HardwareCorrupted:     0 kB
AnonHugePages:    249856 kB
ShmemHugePages:        0 kB
ShmemPmdMapped:        0 kB
FileHugePages:         0 kB
FilePmdMapped:         0 kB
CmaTotal:              0 kB
CmaFree:               0 kB
Unaccepted:            0 kB
Balloon:               0 kB
HugePages_Total:       0
HugePages_Free:        0
HugePages_Rsvd:        0
HugePages_Surp:        0
Hugepagesize:       2048 kB
Hugetlb:               0 kB
DirectMap4k:      194432 kB
DirectMap2M:     6096896 kB
DirectMap1G:     4194304 kB
---SNAPSHOT---
2026-04-27 13:52:32
MemTotal:        8129240 kB
MemFree:         2940984 kB
MemAvailable:    3136068 kB
Buffers:            7220 kB
Cached:           302332 kB
SwapCached:       708376 kB
Active:          3298280 kB
Inactive:        1239640 kB
Active(anon):    3193276 kB
Inactive(anon):  1089524 kB
Active(file):     105004 kB
Inactive(file):   150116 kB
Unevictable:          16 kB
Mlocked:              16 kB
SwapTotal:       4194300 kB
SwapFree:        3348408 kB
Zswap:                 0 kB
Zswapped:              0 kB
Dirty:                32 kB
Writeback:           304 kB
AnonPages:       3530012 kB
Mapped:           251260 kB
Shmem:             54448 kB
KReclaimable:      56860 kB
Slab:             285092 kB
SReclaimable:      56860 kB
SUnreclaim:       228232 kB
KernelStack:       18960 kB
PageTables:        59616 kB
SecPageTables:         0 kB
NFS_Unstable:          0 kB
Bounce:                0 kB
WritebackTmp:          0 kB
CommitLimit:     8258920 kB
Committed_AS:   11971300 kB
VmallocTotal:   34359738367 kB
VmallocUsed:       47208 kB
VmallocChunk:          0 kB
Percpu:            13280 kB
HardwareCorrupted:     0 kB
AnonHugePages:    249856 kB
ShmemHugePages:        0 kB
ShmemPmdMapped:        0 kB
FileHugePages:         0 kB
FilePmdMapped:         0 kB
CmaTotal:              0 kB
CmaFree:               0 kB
Unaccepted:            0 kB
Balloon:               0 kB
HugePages_Total:       0
HugePages_Free:        0
HugePages_Rsvd:        0
HugePages_Surp:        0
Hugepagesize:       2048 kB
Hugetlb:               0 kB
DirectMap4k:      194432 kB
DirectMap2M:     6096896 kB
DirectMap1G:     4194304 kB
---SNAPSHOT---
2026-04-27 13:52:35
MemTotal:        8129240 kB
MemFree:         2838992 kB
MemAvailable:    3034088 kB
Buffers:            7228 kB
Cached:           302336 kB
SwapCached:       708512 kB
Active:          3416132 kB
Inactive:        1239652 kB
Active(anon):    3311128 kB
Inactive(anon):  1089524 kB
Active(file):     105004 kB
Inactive(file):   150128 kB
Unevictable:          16 kB
Mlocked:              16 kB
SwapTotal:       4194300 kB
SwapFree:        3348272 kB
Zswap:                 0 kB
Zswapped:              0 kB
Dirty:                36 kB
Writeback:           148 kB
AnonPages:       3647700 kB
Mapped:           251260 kB
Shmem:             54448 kB
KReclaimable:      56860 kB
Slab:             285044 kB
SReclaimable:      56860 kB
SUnreclaim:       228184 kB
KernelStack:       18960 kB
PageTables:        59796 kB
SecPageTables:         0 kB
NFS_Unstable:          0 kB
Bounce:                0 kB
WritebackTmp:          0 kB
CommitLimit:     8258920 kB
Committed_AS:   11972068 kB
VmallocTotal:   34359738367 kB
VmallocUsed:       47192 kB
VmallocChunk:          0 kB
Percpu:            13280 kB
HardwareCorrupted:     0 kB
AnonHugePages:    249856 kB
ShmemHugePages:        0 kB
ShmemPmdMapped:        0 kB
FileHugePages:         0 kB
FilePmdMapped:         0 kB
CmaTotal:              0 kB
CmaFree:               0 kB
Unaccepted:            0 kB
Balloon:               0 kB
HugePages_Total:       0
HugePages_Free:        0
HugePages_Rsvd:        0
HugePages_Surp:        0
Hugepagesize:       2048 kB
Hugetlb:               0 kB
DirectMap4k:      194432 kB
DirectMap2M:     6096896 kB
DirectMap1G:     4194304 kB
---SNAPSHOT---
2026-04-27 13:52:36
MemTotal:        8129240 kB
MemFree:         2611608 kB
MemAvailable:    2806716 kB
Buffers:            7228 kB
Cached:           302344 kB
SwapCached:       712336 kB
Active:          3650728 kB
Inactive:        1243652 kB
Active(anon):    3545724 kB
Inactive(anon):  1093512 kB
Active(file):     105004 kB
Inactive(file):   150140 kB
Unevictable:          16 kB
Mlocked:              16 kB
SwapTotal:       4194300 kB
SwapFree:        3344448 kB
Zswap:                 0 kB
Zswapped:              0 kB
Dirty:                64 kB
Writeback:           264 kB
AnonPages:       3882724 kB
Mapped:           251260 kB
Shmem:             54448 kB
KReclaimable:      56860 kB
Slab:             285044 kB
SReclaimable:      56860 kB
SUnreclaim:       228184 kB
KernelStack:       18976 kB
PageTables:        60760 kB
SecPageTables:         0 kB
NFS_Unstable:          0 kB
Bounce:                0 kB
WritebackTmp:          0 kB
CommitLimit:     8258920 kB
