---SNAPSHOT---
2026-04-27 15:05:17
MemTotal:        8129240 kB
MemFree:         5312096 kB
MemAvailable:    5503260 kB
Buffers:            4740 kB
Cached:           286116 kB
SwapCached:       120720 kB
Active:          1514684 kB
Inactive:         587616 kB
Active(anon):    1416608 kB
Inactive(anon):   432540 kB
Active(file):      98076 kB
Inactive(file):   155076 kB
Unevictable:           0 kB
Mlocked:               0 kB
SwapTotal:       4194300 kB
SwapFree:        3936064 kB
Zswap:                 0 kB
Zswapped:              0 kB
Dirty:               464 kB
Writeback:             0 kB
AnonPages:       1694488 kB
Mapped:           247356 kB
Shmem:             37300 kB
KReclaimable:      54908 kB
Slab:             282164 kB
SReclaimable:      54908 kB
SUnreclaim:       227256 kB
KernelStack:       18132 kB
PageTables:        45320 kB
SecPageTables:         0 kB
NFS_Unstable:          0 kB
Bounce:                0 kB
WritebackTmp:          0 kB
CommitLimit:     8258920 kB
Committed_AS:    8752284 kB
VmallocTotal:   34359738367 kB
VmallocUsed:       46376 kB
VmallocChunk:          0 kB
Percpu:            13280 kB
HardwareCorrupted:     0 kB
AnonHugePages:    212992 kB
ShmemHugePages:        0 kB
ShmemPmdMapped:        0 kB
FileHugePages:         0 kB
FilePmdMapped:         0 kB
CmaTotal:              0 kB
CmaFree:               0 kB
Unaccepted:            0 kB
Balloon:               0 kB
HugePages_Total:       0
HugePages_Free:        0
HugePages_Rsvd:        0
HugePages_Surp:        0
Hugepagesize:       2048 kB
Hugetlb:               0 kB
DirectMap4k:      194432 kB
DirectMap2M:     6096896 kB
DirectMap1G:     4194304 kB
---SNAPSHOT---
2026-04-27 15:05:18
MemTotal:        8129240 kB
MemFree:         5328908 kB
MemAvailable:    5521276 kB
Buffers:            5024 kB
Cached:           286596 kB
SwapCached:       120720 kB
Active:          1515716 kB
Inactive:         588360 kB
Active(anon):    1417180 kB
Inactive(anon):   432540 kB
Active(file):      98536 kB
Inactive(file):   155820 kB
Unevictable:           0 kB
Mlocked:               0 kB
SwapTotal:       4194300 kB
SwapFree:        3936064 kB
Zswap:                 0 kB
Zswapped:              0 kB
Dirty:               484 kB
Writeback:             0 kB
AnonPages:       1695040 kB
Mapped:           247612 kB
Shmem:             37300 kB
KReclaimable:      54908 kB
Slab:             282164 kB
SReclaimable:      54908 kB
SUnreclaim:       227256 kB
KernelStack:       18144 kB
PageTables:        45320 kB
SecPageTables:         0 kB
NFS_Unstable:          0 kB
Bounce:                0 kB
WritebackTmp:          0 kB
CommitLimit:     8258920 kB
Committed_AS:    8752068 kB
VmallocTotal:   34359738367 kB
VmallocUsed:       46360 kB
VmallocChunk:          0 kB
Percpu:            13280 kB
HardwareCorrupted:     0 kB
AnonHugePages:    212992 kB
ShmemHugePages:        0 kB
ShmemPmdMapped:        0 kB
FileHugePages:         0 kB
FilePmdMapped:         0 kB
CmaTotal:              0 kB
CmaFree:               0 kB
Unaccepted:            0 kB
Balloon:               0 kB
HugePages_Total:       0
HugePages_Free:        0
HugePages_Rsvd:        0
HugePages_Surp:        0
Hugepagesize:       2048 kB
Hugetlb:               0 kB
DirectMap4k:      194432 kB
DirectMap2M:     6096896 kB
DirectMap1G:     4194304 kB
---SNAPSHOT---
2026-04-27 15:05:19
MemTotal:        8129240 kB
MemFree:         5344328 kB
MemAvailable:    5537488 kB
Buffers:            5048 kB
Cached:           286756 kB
SwapCached:       120720 kB
Active:          1516452 kB
Inactive:         588408 kB
Active(anon):    1417780 kB
Inactive(anon):   432540 kB
Active(file):      98672 kB
Inactive(file):   155868 kB
Unevictable:           0 kB
Mlocked:               0 kB
SwapTotal:       4194300 kB
SwapFree:        3936064 kB
Zswap:                 0 kB
Zswapped:              0 kB
Dirty:               536 kB
Writeback:             0 kB
AnonPages:       1695536 kB
Mapped:           247612 kB
Shmem:             37300 kB
KReclaimable:      55516 kB
Slab:             282772 kB
SReclaimable:      55516 kB
SUnreclaim:       227256 kB
KernelStack:       18192 kB
PageTables:        45532 kB
SecPageTables:         0 kB
NFS_Unstable:          0 kB
Bounce:                0 kB
WritebackTmp:          0 kB
CommitLimit:     8258920 kB
Committed_AS:    8753568 kB
VmallocTotal:   34359738367 kB
VmallocUsed:       46424 kB
VmallocChunk:          0 kB
Percpu:            13280 kB
HardwareCorrupted:     0 kB
AnonHugePages:    212992 kB
ShmemHugePages:        0 kB
ShmemPmdMapped:        0 kB
FileHugePages:         0 kB
FilePmdMapped:         0 kB
CmaTotal:              0 kB
CmaFree:               0 kB
Unaccepted:            0 kB
Balloon:               0 kB
HugePages_Total:       0
HugePages_Free:        0
HugePages_Rsvd:        0
HugePages_Surp:        0
Hugepagesize:       2048 kB
Hugetlb:               0 kB
DirectMap4k:      194432 kB
DirectMap2M:     6096896 kB
DirectMap1G:     4194304 kB
---SNAPSHOT---
2026-04-27 15:05:20
MemTotal:        8129240 kB
MemFree:         5359188 kB
MemAvailable:    5555004 kB
Buffers:            5316 kB
Cached:           289612 kB
SwapCached:       120720 kB
Active:          1518972 kB
Inactive:         588556 kB
Active(anon):    1417792 kB
Inactive(anon):   432540 kB
Active(file):     101180 kB
Inactive(file):   156016 kB
Unevictable:           0 kB
Mlocked:               0 kB
SwapTotal:       4194300 kB
SwapFree:        3936064 kB
Zswap:                 0 kB
Zswapped:              0 kB
Dirty:               544 kB
Writeback:             0 kB
AnonPages:       1695352 kB
Mapped:           247840 kB
Shmem:             37300 kB
KReclaimable:      55516 kB
Slab:             282772 kB
SReclaimable:      55516 kB
SUnreclaim:       227256 kB
KernelStack:       18144 kB
PageTables:        45368 kB
SecPageTables:         0 kB
NFS_Unstable:          0 kB
Bounce:                0 kB
WritebackTmp:          0 kB
CommitLimit:     8258920 kB
Committed_AS:    8760140 kB
VmallocTotal:   34359738367 kB
VmallocUsed:       46424 kB
VmallocChunk:          0 kB
Percpu:            13280 kB
HardwareCorrupted:     0 kB
AnonHugePages:    212992 kB
ShmemHugePages:        0 kB
ShmemPmdMapped:        0 kB
FileHugePages:         0 kB
FilePmdMapped:         0 kB
CmaTotal:              0 kB
CmaFree:               0 kB
Unaccepted:            0 kB
Balloon:               0 kB
HugePages_Total:       0
HugePages_Free:        0
HugePages_Rsvd:        0
HugePages_Surp:        0
Hugepagesize:       2048 kB
Hugetlb:               0 kB
DirectMap4k:      194432 kB
DirectMap2M:     6096896 kB
DirectMap1G:     4194304 kB
---SNAPSHOT---
2026-04-27 15:05:21
MemTotal:        8129240 kB
MemFree:         4110732 kB
MemAvailable:    4316688 kB
Buffers:            5448 kB
Cached:           314804 kB
SwapCached:       120720 kB
Active:          2755168 kB
Inactive:         589036 kB
Active(anon):    2645832 kB
Inactive(anon):   432540 kB
Active(file):     109336 kB
Inactive(file):   156496 kB
Unevictable:          16 kB
Mlocked:              16 kB
SwapTotal:       4194300 kB
SwapFree:        3936064 kB
Zswap:                 0 kB
Zswapped:              0 kB
Dirty:               632 kB
Writeback:             0 kB
AnonPages:       2906296 kB
Mapped:           268260 kB
Shmem:             54448 kB
KReclaimable:      57020 kB
Slab:             284304 kB
SReclaimable:      57020 kB
SUnreclaim:       227284 kB
KernelStack:       18304 kB
PageTables:        48240 kB
SecPageTables:         0 kB
NFS_Unstable:          0 kB
Bounce:                0 kB
WritebackTmp:          0 kB
CommitLimit:     8258920 kB
Committed_AS:   11409092 kB
VmallocTotal:   34359738367 kB
VmallocUsed:       46440 kB
VmallocChunk:          0 kB
Percpu:            13280 kB
HardwareCorrupted:     0 kB
AnonHugePages:    212992 kB
ShmemHugePages:        0 kB
ShmemPmdMapped:        0 kB
FileHugePages:         0 kB
FilePmdMapped:         0 kB
CmaTotal:              0 kB
CmaFree:               0 kB
Unaccepted:            0 kB
Balloon:               0 kB
HugePages_Total:       0
HugePages_Free:        0
HugePages_Rsvd:        0
HugePages_Surp:        0
Hugepagesize:       2048 kB
Hugetlb:               0 kB
DirectMap4k:      194432 kB
DirectMap2M:     6096896 kB
DirectMap1G:     4194304 kB
---SNAPSHOT---
2026-04-27 15:05:22
MemTotal:        8129240 kB
MemFree:         3435476 kB
MemAvailable:    3641440 kB
Buffers:            5448 kB
Cached:           314812 kB
SwapCached:       120720 kB
Active:          3436152 kB
Inactive:         589044 kB
Active(anon):    3326816 kB
Inactive(anon):   432540 kB
Active(file):     109336 kB
Inactive(file):   156504 kB
Unevictable:          16 kB
Mlocked:              16 kB
SwapTotal:       4194300 kB
SwapFree:        3936064 kB
Zswap:                 0 kB
Zswapped:              0 kB
Dirty:               640 kB
Writeback:             0 kB
AnonPages:       3587508 kB
Mapped:           268488 kB
Shmem:             54448 kB
KReclaimable:      57020 kB
Slab:             284304 kB
SReclaimable:      57020 kB
SUnreclaim:       227284 kB
KernelStack:       18304 kB
PageTables:        49992 kB
SecPageTables:         0 kB
NFS_Unstable:          0 kB
Bounce:                0 kB
WritebackTmp:          0 kB
CommitLimit:     8258920 kB
Committed_AS:   11409368 kB
VmallocTotal:   34359738367 kB
VmallocUsed:       46488 kB
VmallocChunk:          0 kB
Percpu:            13280 kB
HardwareCorrupted:     0 kB
AnonHugePages:    212992 kB
ShmemHugePages:        0 kB
ShmemPmdMapped:        0 kB
FileHugePages:         0 kB
FilePmdMapped:         0 kB
CmaTotal:              0 kB
CmaFree:               0 kB
Unaccepted:            0 kB
Balloon:               0 kB
HugePages_Total:       0
HugePages_Free:        0
HugePages_Rsvd:        0
HugePages_Surp:        0
Hugepagesize:       2048 kB
Hugetlb:               0 kB
DirectMap4k:      194432 kB
DirectMap2M:     6096896 kB
DirectMap1G:     4194304 kB
---SNAPSHOT---
2026-04-27 15:05:23
MemTotal:        8129240 kB
MemFree:         2790292 kB
MemAvailable:    2996260 kB
Buffers:            5448 kB
Cached:           314816 kB
SwapCached:       120720 kB
Active:          4082656 kB
Inactive:         589048 kB
Active(anon):    3973320 kB
Inactive(anon):   432540 kB
Active(file):     109336 kB
Inactive(file):   156508 kB
Unevictable:          16 kB
Mlocked:              16 kB
SwapTotal:       4194300 kB
SwapFree:        3936064 kB
Zswap:                 0 kB
Zswapped:              0 kB
Dirty:               644 kB
Writeback:             0 kB
AnonPages:       4234352 kB
Mapped:           268260 kB
Shmem:             54448 kB
KReclaimable:      57020 kB
Slab:             284304 kB
SReclaimable:      57020 kB
SUnreclaim:       227284 kB
KernelStack:       18304 kB
PageTables:        51228 kB
SecPageTables:         0 kB
NFS_Unstable:          0 kB
Bounce:                0 kB
WritebackTmp:          0 kB
CommitLimit:     8258920 kB
Committed_AS:   11409564 kB
VmallocTotal:   34359738367 kB
VmallocUsed:       46488 kB
VmallocChunk:          0 kB
Percpu:            13280 kB
HardwareCorrupted:     0 kB
AnonHugePages:    212992 kB
ShmemHugePages:        0 kB
ShmemPmdMapped:        0 kB
FileHugePages:         0 kB
FilePmdMapped:         0 kB
CmaTotal:              0 kB
CmaFree:               0 kB
Unaccepted:            0 kB
Balloon:               0 kB
HugePages_Total:       0
HugePages_Free:        0
HugePages_Rsvd:        0
HugePages_Surp:        0
Hugepagesize:       2048 kB
Hugetlb:               0 kB
DirectMap4k:      194432 kB
DirectMap2M:     6096896 kB
DirectMap1G:     4194304 kB
---SNAPSHOT---
2026-04-27 15:05:24
MemTotal:        8129240 kB
MemFree:         4428516 kB
MemAvailable:    4634520 kB
Buffers:            5456 kB
Cached:           314812 kB
SwapCached:       120720 kB
Active:          2356668 kB
Inactive:         589052 kB
Active(anon):    2247332 kB
Inactive(anon):   432540 kB
Active(file):     109336 kB
Inactive(file):   156512 kB
Unevictable:          16 kB
Mlocked:              16 kB
SwapTotal:       4194300 kB
SwapFree:        3936064 kB
Zswap:                 0 kB
Zswapped:              0 kB
Dirty:               648 kB
Writeback:             0 kB
AnonPages:       2508108 kB
Mapped:           268260 kB
Shmem:             54448 kB
KReclaimable:      57052 kB
Slab:             284336 kB
SReclaimable:      57052 kB
SUnreclaim:       227284 kB
KernelStack:       18352 kB
PageTables:        48268 kB
SecPageTables:         0 kB
NFS_Unstable:          0 kB
Bounce:                0 kB
WritebackTmp:          0 kB
CommitLimit:     8258920 kB
Committed_AS:   11410836 kB
VmallocTotal:   34359738367 kB
VmallocUsed:       46552 kB
VmallocChunk:          0 kB
Percpu:            13280 kB
HardwareCorrupted:     0 kB
AnonHugePages:    212992 kB
ShmemHugePages:        0 kB
ShmemPmdMapped:        0 kB
FileHugePages:         0 kB
FilePmdMapped:         0 kB
CmaTotal:              0 kB
CmaFree:               0 kB
Unaccepted:            0 kB
Balloon:               0 kB
HugePages_Total:       0
HugePages_Free:        0
HugePages_Rsvd:        0
HugePages_Surp:        0
Hugepagesize:       2048 kB
Hugetlb:               0 kB
DirectMap4k:      194432 kB
DirectMap2M:     6096896 kB
DirectMap1G:     4194304 kB
---SNAPSHOT---
2026-04-27 15:05:25
MemTotal:        8129240 kB
MemFree:         3525424 kB
MemAvailable:    3731456 kB
Buffers:            5456 kB
Cached:           314828 kB
SwapCached:       120720 kB
Active:          3280804 kB
Inactive:         589080 kB
Active(anon):    3171468 kB
Inactive(anon):   432540 kB
Active(file):     109336 kB
Inactive(file):   156540 kB
Unevictable:          16 kB
Mlocked:              16 kB
SwapTotal:       4194300 kB
SwapFree:        3936064 kB
Zswap:                 0 kB
Zswapped:              0 kB
Dirty:               656 kB
Writeback:             0 kB
AnonPages:       3432124 kB
Mapped:           268260 kB
Shmem:             54448 kB
KReclaimable:      57052 kB
Slab:             284344 kB
SReclaimable:      57052 kB
SUnreclaim:       227292 kB
KernelStack:       18304 kB
PageTables:        49916 kB
SecPageTables:         0 kB
NFS_Unstable:          0 kB
Bounce:                0 kB
WritebackTmp:          0 kB
CommitLimit:     8258920 kB
Committed_AS:   11409444 kB
VmallocTotal:   34359738367 kB
VmallocUsed:       46504 kB
VmallocChunk:          0 kB
Percpu:            13280 kB
HardwareCorrupted:     0 kB
AnonHugePages:    212992 kB
ShmemHugePages:        0 kB
ShmemPmdMapped:        0 kB
FileHugePages:         0 kB
FilePmdMapped:         0 kB
CmaTotal:              0 kB
CmaFree:               0 kB
Unaccepted:            0 kB
Balloon:               0 kB
HugePages_Total:       0
HugePages_Free:        0
HugePages_Rsvd:        0
HugePages_Surp:        0
Hugepagesize:       2048 kB
Hugetlb:               0 kB
DirectMap4k:      194432 kB
DirectMap2M:     6096896 kB
DirectMap1G:     4194304 kB
---SNAPSHOT---
2026-04-27 15:05:26
MemTotal:        8129240 kB
MemFree:         3787452 kB
MemAvailable:    3993488 kB
Buffers:            5456 kB
Cached:           314832 kB
SwapCached:       217368 kB
Active:          2876104 kB
Inactive:         684160 kB
Active(anon):    2766768 kB
Inactive(anon):   527616 kB
Active(file):     109336 kB
Inactive(file):   156544 kB
Unevictable:          16 kB
Mlocked:              16 kB
SwapTotal:       4194300 kB
SwapFree:        3839356 kB
Zswap:                 0 kB
Zswapped:              0 kB
Dirty:               660 kB
Writeback:          1344 kB
AnonPages:       2993140 kB
Mapped:           268260 kB
Shmem:             54448 kB
KReclaimable:      57052 kB
Slab:             284480 kB
SReclaimable:      57052 kB
SUnreclaim:       227428 kB
KernelStack:       18304 kB
PageTables:        50100 kB
SecPageTables:         0 kB
NFS_Unstable:          0 kB
Bounce:                0 kB
WritebackTmp:          0 kB
CommitLimit:     8258920 kB
Committed_AS:   11409668 kB
VmallocTotal:   34359738367 kB
VmallocUsed:       46520 kB
VmallocChunk:          0 kB
Percpu:            13280 kB
HardwareCorrupted:     0 kB
AnonHugePages:    212992 kB
ShmemHugePages:        0 kB
ShmemPmdMapped:        0 kB
FileHugePages:         0 kB
FilePmdMapped:         0 kB
CmaTotal:              0 kB
CmaFree:               0 kB
Unaccepted:            0 kB
Balloon:               0 kB
HugePages_Total:       0
HugePages_Free:        0
HugePages_Rsvd:        0
HugePages_Surp:        0
Hugepagesize:       2048 kB
Hugetlb:               0 kB
DirectMap4k:      194432 kB
DirectMap2M:     6096896 kB
DirectMap1G:     4194304 kB
---SNAPSHOT---
2026-04-27 15:05:27
MemTotal:        8129240 kB
MemFree:         4485100 kB
MemAvailable:    4691144 kB
Buffers:            5456 kB
Cached:           314840 kB
SwapCached:       147968 kB
Active:          2237008 kB
Inactive:         616456 kB
Active(anon):    2127672 kB
Inactive(anon):   459904 kB
Active(file):     109336 kB
Inactive(file):   156552 kB
Unevictable:          16 kB
Mlocked:              16 kB
SwapTotal:       4194300 kB
SwapFree:        3908852 kB
Zswap:                 0 kB
Zswapped:              0 kB
Dirty:               668 kB
Writeback:           148 kB
AnonPages:       2388344 kB
Mapped:           268260 kB
Shmem:             54448 kB
KReclaimable:      57052 kB
Slab:             284400 kB
SReclaimable:      57052 kB
SUnreclaim:       227348 kB
KernelStack:       18304 kB
PageTables:        49076 kB
SecPageTables:         0 kB
NFS_Unstable:          0 kB
Bounce:                0 kB
WritebackTmp:          0 kB
CommitLimit:     8258920 kB
Committed_AS:   11409176 kB
VmallocTotal:   34359738367 kB
VmallocUsed:       46504 kB
VmallocChunk:          0 kB
Percpu:            13280 kB
HardwareCorrupted:     0 kB
AnonHugePages:    212992 kB
ShmemHugePages:        0 kB
ShmemPmdMapped:        0 kB
FileHugePages:         0 kB
FilePmdMapped:         0 kB
CmaTotal:              0 kB
CmaFree:               0 kB
Unaccepted:            0 kB
Balloon:               0 kB
HugePages_Total:       0
HugePages_Free:        0
HugePages_Rsvd:        0
HugePages_Surp:        0
Hugepagesize:       2048 kB
Hugetlb:               0 kB
DirectMap4k:      194432 kB
DirectMap2M:     6096896 kB
DirectMap1G:     4194304 kB
---SNAPSHOT---
2026-04-27 15:05:28
MemTotal:        8129240 kB
MemFree:         3619348 kB
MemAvailable:    3825396 kB
Buffers:            5456 kB
Cached:           314844 kB
SwapCached:       120720 kB
Active:          3160492 kB
Inactive:         589096 kB
Active(anon):    3051156 kB
Inactive(anon):   432540 kB
Active(file):     109336 kB
Inactive(file):   156556 kB
Unevictable:          16 kB
Mlocked:              16 kB
SwapTotal:       4194300 kB
SwapFree:        3936064 kB
Zswap:                 0 kB
Zswapped:              0 kB
Dirty:               672 kB
Writeback:             0 kB
AnonPages:       3312052 kB
Mapped:           268260 kB
Shmem:             54448 kB
KReclaimable:      57052 kB
Slab:             284352 kB
SReclaimable:      57052 kB
SUnreclaim:       227300 kB
KernelStack:       18304 kB
PageTables:        49428 kB
SecPageTables:         0 kB
NFS_Unstable:          0 kB
Bounce:                0 kB
WritebackTmp:          0 kB
CommitLimit:     8258920 kB
Committed_AS:   11409448 kB
VmallocTotal:   34359738367 kB
VmallocUsed:       46440 kB
VmallocChunk:          0 kB
Percpu:            13280 kB
HardwareCorrupted:     0 kB
AnonHugePages:    212992 kB
ShmemHugePages:        0 kB
ShmemPmdMapped:        0 kB
FileHugePages:         0 kB
FilePmdMapped:         0 kB
CmaTotal:              0 kB
CmaFree:               0 kB
Unaccepted:            0 kB
Balloon:               0 kB
HugePages_Total:       0
HugePages_Free:        0
HugePages_Rsvd:        0
HugePages_Surp:        0
Hugepagesize:       2048 kB
Hugetlb:               0 kB
DirectMap4k:      194432 kB
DirectMap2M:     6096896 kB
DirectMap1G:     4194304 kB
---SNAPSHOT---
2026-04-27 15:05:29
MemTotal:        8129240 kB
MemFree:         4612044 kB
MemAvailable:    4818096 kB
Buffers:            5464 kB
Cached:           314840 kB
SwapCached:       120720 kB
Active:          2073256 kB
Inactive:         589100 kB
Active(anon):    1963920 kB
Inactive(anon):   432540 kB
Active(file):     109336 kB
Inactive(file):   156560 kB
Unevictable:          16 kB
Mlocked:              16 kB
SwapTotal:       4194300 kB
SwapFree:        3936064 kB
Zswap:                 0 kB
Zswapped:              0 kB
Dirty:               676 kB
Writeback:             0 kB
AnonPages:       2224328 kB
Mapped:           268260 kB
Shmem:             54448 kB
KReclaimable:      57052 kB
Slab:             284352 kB
SReclaimable:      57052 kB
SUnreclaim:       227300 kB
KernelStack:       18304 kB
PageTables:        48612 kB
SecPageTables:         0 kB
NFS_Unstable:          0 kB
Bounce:                0 kB
WritebackTmp:          0 kB
CommitLimit:     8258920 kB
Committed_AS:   11409676 kB
VmallocTotal:   34359738367 kB
VmallocUsed:       46472 kB
VmallocChunk:          0 kB
Percpu:            13280 kB
HardwareCorrupted:     0 kB
AnonHugePages:    212992 kB
ShmemHugePages:        0 kB
ShmemPmdMapped:        0 kB
FileHugePages:         0 kB
FilePmdMapped:         0 kB
CmaTotal:              0 kB
CmaFree:               0 kB
Unaccepted:            0 kB
Balloon:               0 kB
HugePages_Total:       0
HugePages_Free:        0
HugePages_Rsvd:        0
HugePages_Surp:        0
Hugepagesize:       2048 kB
Hugetlb:               0 kB
DirectMap4k:      194432 kB
DirectMap2M:     6096896 kB
DirectMap1G:     4194304 kB
---SNAPSHOT---
2026-04-27 15:05:30
MemTotal:        8129240 kB
MemFree:         4455940 kB
MemAvailable:    4662004 kB
Buffers:            5464 kB
Cached:           314856 kB
SwapCached:       120720 kB
Active:          2315008 kB
Inactive:         589112 kB
Active(anon):    2205672 kB
Inactive(anon):   432540 kB
Active(file):     109336 kB
Inactive(file):   156572 kB
Unevictable:          16 kB
Mlocked:              16 kB
SwapTotal:       4194300 kB
SwapFree:        3936064 kB
Zswap:                 0 kB
Zswapped:              0 kB
Dirty:               684 kB
Writeback:             0 kB
AnonPages:       2466136 kB
Mapped:           268488 kB
Shmem:             54448 kB
KReclaimable:      57052 kB
Slab:             284352 kB
SReclaimable:      57052 kB
SUnreclaim:       227300 kB
KernelStack:       18304 kB
PageTables:        48784 kB
SecPageTables:         0 kB
NFS_Unstable:          0 kB
Bounce:                0 kB
WritebackTmp:          0 kB
CommitLimit:     8258920 kB
Committed_AS:   11409428 kB
VmallocTotal:   34359738367 kB
VmallocUsed:       46472 kB
VmallocChunk:          0 kB
Percpu:            13280 kB
HardwareCorrupted:     0 kB
AnonHugePages:    212992 kB
ShmemHugePages:        0 kB
ShmemPmdMapped:        0 kB
FileHugePages:         0 kB
FilePmdMapped:         0 kB
CmaTotal:              0 kB
CmaFree:               0 kB
Unaccepted:            0 kB
Balloon:               0 kB
HugePages_Total:       0
HugePages_Free:        0
HugePages_Rsvd:        0
HugePages_Surp:        0
Hugepagesize:       2048 kB
Hugetlb:               0 kB
DirectMap4k:      194432 kB
DirectMap2M:     6096896 kB
DirectMap1G:     4194304 kB
---SNAPSHOT---
2026-04-27 15:05:31
MemTotal:        8129240 kB
MemFree:         3618872 kB
MemAvailable:    3824944 kB
Buffers:            5464 kB
Cached:           314860 kB
SwapCached:       120720 kB
Active:          3213864 kB
Inactive:         589120 kB
Active(anon):    3104528 kB
Inactive(anon):   432540 kB
Active(file):     109336 kB
Inactive(file):   156580 kB
Unevictable:          16 kB
Mlocked:              16 kB
SwapTotal:       4194300 kB
SwapFree:        3936064 kB
Zswap:                 0 kB
Zswapped:              0 kB
Dirty:               688 kB
Writeback:             0 kB
AnonPages:       3365040 kB
Mapped:           268488 kB
Shmem:             54448 kB
KReclaimable:      57052 kB
Slab:             284352 kB
SReclaimable:      57052 kB
SUnreclaim:       227300 kB
KernelStack:       18288 kB
PageTables:        49936 kB
SecPageTables:         0 kB
NFS_Unstable:          0 kB
Bounce:                0 kB
WritebackTmp:          0 kB
CommitLimit:     8258920 kB
Committed_AS:   11409200 kB
VmallocTotal:   34359738367 kB
VmallocUsed:       46440 kB
VmallocChunk:          0 kB
Percpu:            13280 kB
HardwareCorrupted:     0 kB
AnonHugePages:    212992 kB
ShmemHugePages:        0 kB
ShmemPmdMapped:        0 kB
FileHugePages:         0 kB
FilePmdMapped:         0 kB
CmaTotal:              0 kB
CmaFree:               0 kB
Unaccepted:            0 kB
Balloon:               0 kB
HugePages_Total:       0
HugePages_Free:        0
HugePages_Rsvd:        0
HugePages_Surp:        0
Hugepagesize:       2048 kB
Hugetlb:               0 kB
DirectMap4k:      194432 kB
DirectMap2M:     6096896 kB
DirectMap1G:     4194304 kB
---SNAPSHOT---
2026-04-27 15:05:32
MemTotal:        8129240 kB
MemFree:         4022304 kB
MemAvailable:    4228384 kB
Buffers:            5464 kB
Cached:           314868 kB
SwapCached:       120720 kB
Active:          2806996 kB
Inactive:         589128 kB
Active(anon):    2697660 kB
Inactive(anon):   432540 kB
Active(file):     109336 kB
Inactive(file):   156588 kB
Unevictable:          16 kB
Mlocked:              16 kB
SwapTotal:       4194300 kB
SwapFree:        3936064 kB
Zswap:                 0 kB
Zswapped:              0 kB
Dirty:               696 kB
Writeback:             0 kB
AnonPages:       2958464 kB
Mapped:           268260 kB
Shmem:             54448 kB
KReclaimable:      57052 kB
Slab:             284352 kB
SReclaimable:      57052 kB
SUnreclaim:       227300 kB
KernelStack:       18288 kB
PageTables:        48748 kB
SecPageTables:         0 kB
NFS_Unstable:          0 kB
Bounce:                0 kB
WritebackTmp:          0 kB
CommitLimit:     8258920 kB
Committed_AS:   11409444 kB
VmallocTotal:   34359738367 kB
VmallocUsed:       46440 kB
VmallocChunk:          0 kB
Percpu:            13280 kB
HardwareCorrupted:     0 kB
AnonHugePages:    212992 kB
ShmemHugePages:        0 kB
ShmemPmdMapped:        0 kB
FileHugePages:         0 kB
FilePmdMapped:         0 kB
CmaTotal:              0 kB
CmaFree:               0 kB
Unaccepted:            0 kB
Balloon:               0 kB
HugePages_Total:       0
HugePages_Free:        0
HugePages_Rsvd:        0
HugePages_Surp:        0
Hugepagesize:       2048 kB
Hugetlb:               0 kB
DirectMap4k:      194432 kB
DirectMap2M:     6096896 kB
DirectMap1G:     4194304 kB
---SNAPSHOT---
2026-04-27 15:05:33
MemTotal:        8129240 kB
MemFree:         4441496 kB
MemAvailable:    4647580 kB
Buffers:            5464 kB
Cached:           314872 kB
SwapCached:       120720 kB
Active:          2422444 kB
Inactive:         589132 kB
Active(anon):    2313108 kB
Inactive(anon):   432540 kB
Active(file):     109336 kB
Inactive(file):   156592 kB
Unevictable:          16 kB
Mlocked:              16 kB
SwapTotal:       4194300 kB
SwapFree:        3936064 kB
Zswap:                 0 kB
Zswapped:              0 kB
Dirty:               700 kB
Writeback:             0 kB
AnonPages:       2573916 kB
Mapped:           268260 kB
Shmem:             54448 kB
KReclaimable:      57052 kB
Slab:             284352 kB
SReclaimable:      57052 kB
SUnreclaim:       227300 kB
KernelStack:       18288 kB
PageTables:        47772 kB
SecPageTables:         0 kB
NFS_Unstable:          0 kB
Bounce:                0 kB
WritebackTmp:          0 kB
CommitLimit:     8258920 kB
Committed_AS:   11409440 kB
VmallocTotal:   34359738367 kB
VmallocUsed:       46472 kB
VmallocChunk:          0 kB
Percpu:            13280 kB
HardwareCorrupted:     0 kB
AnonHugePages:    212992 kB
ShmemHugePages:        0 kB
ShmemPmdMapped:        0 kB
FileHugePages:         0 kB
FilePmdMapped:         0 kB
CmaTotal:              0 kB
CmaFree:               0 kB
Unaccepted:            0 kB
Balloon:               0 kB
HugePages_Total:       0
HugePages_Free:        0
HugePages_Rsvd:        0
HugePages_Surp:        0
Hugepagesize:       2048 kB
Hugetlb:               0 kB
DirectMap4k:      194432 kB
DirectMap2M:     6096896 kB
DirectMap1G:     4194304 kB
---SNAPSHOT---
2026-04-27 15:05:34
MemTotal:        8129240 kB
MemFree:         3543756 kB
MemAvailable:    3749840 kB
Buffers:            5472 kB
Cached:           314868 kB
SwapCached:       120720 kB
Active:          3335052 kB
Inactive:         589132 kB
Active(anon):    3225716 kB
Inactive(anon):   432540 kB
Active(file):     109336 kB
Inactive(file):   156592 kB
Unevictable:          16 kB
Mlocked:              16 kB
SwapTotal:       4194300 kB
SwapFree:        3936064 kB
Zswap:                 0 kB
Zswapped:              0 kB
Dirty:               704 kB
Writeback:             0 kB
AnonPages:       3486512 kB
Mapped:           268260 kB
Shmem:             54448 kB
KReclaimable:      57052 kB
Slab:             284344 kB
SReclaimable:      57052 kB
SUnreclaim:       227292 kB
KernelStack:       18288 kB
PageTables:        49632 kB
SecPageTables:         0 kB
NFS_Unstable:          0 kB
Bounce:                0 kB
WritebackTmp:          0 kB
CommitLimit:     8258920 kB
Committed_AS:   11409568 kB
VmallocTotal:   34359738367 kB
VmallocUsed:       46440 kB
VmallocChunk:          0 kB
Percpu:            13280 kB
HardwareCorrupted:     0 kB
AnonHugePages:    212992 kB
ShmemHugePages:        0 kB
ShmemPmdMapped:        0 kB
FileHugePages:         0 kB
FilePmdMapped:         0 kB
CmaTotal:              0 kB
CmaFree:               0 kB
Unaccepted:            0 kB
Balloon:               0 kB
HugePages_Total:       0
HugePages_Free:        0
HugePages_Rsvd:        0
HugePages_Surp:        0
Hugepagesize:       2048 kB
Hugetlb:               0 kB
DirectMap4k:      194432 kB
DirectMap2M:     6096896 kB
DirectMap1G:     4194304 kB
---SNAPSHOT---
2026-04-27 15:05:35
MemTotal:        8129240 kB
MemFree:         3980388 kB
MemAvailable:    4186492 kB
Buffers:            5472 kB
Cached:           314884 kB
SwapCached:       120720 kB
Active:          2853680 kB
Inactive:         589152 kB
Active(anon):    2744344 kB
Inactive(anon):   432540 kB
Active(file):     109336 kB
Inactive(file):   156612 kB
Unevictable:          16 kB
Mlocked:              16 kB
SwapTotal:       4194300 kB
SwapFree:        3936064 kB
Zswap:                 0 kB
Zswapped:              0 kB
Dirty:               712 kB
Writeback:             0 kB
AnonPages:       2995428 kB
Mapped:           268260 kB
Shmem:             54448 kB
KReclaimable:      57052 kB
Slab:             284344 kB
SReclaimable:      57052 kB
SUnreclaim:       227292 kB
KernelStack:       18288 kB
PageTables:        50036 kB
SecPageTables:         0 kB
NFS_Unstable:          0 kB
Bounce:                0 kB
WritebackTmp:          0 kB
CommitLimit:     8258920 kB
Committed_AS:   11409336 kB
VmallocTotal:   34359738367 kB
VmallocUsed:       46456 kB
VmallocChunk:          0 kB
Percpu:            13280 kB
HardwareCorrupted:     0 kB
AnonHugePages:    212992 kB
ShmemHugePages:        0 kB
ShmemPmdMapped:        0 kB
FileHugePages:         0 kB
FilePmdMapped:         0 kB
CmaTotal:              0 kB
CmaFree:               0 kB
Unaccepted:            0 kB
Balloon:               0 kB
HugePages_Total:       0
HugePages_Free:        0
HugePages_Rsvd:        0
HugePages_Surp:        0
Hugepagesize:       2048 kB
Hugetlb:               0 kB
DirectMap4k:      194432 kB
DirectMap2M:     6096896 kB
DirectMap1G:     4194304 kB
---SNAPSHOT---
2026-04-27 15:05:36
MemTotal:        8129240 kB
MemFree:         4033088 kB
MemAvailable:    4239196 kB
Buffers:            5472 kB
Cached:           314888 kB
SwapCached:       120720 kB
Active:          2871788 kB
Inactive:         589156 kB
Active(anon):    2762452 kB
Inactive(anon):   432540 kB
Active(file):     109336 kB
Inactive(file):   156616 kB
Unevictable:          16 kB
Mlocked:              16 kB
SwapTotal:       4194300 kB
SwapFree:        3936064 kB
Zswap:                 0 kB
Zswapped:              0 kB
Dirty:               716 kB
Writeback:             0 kB
AnonPages:       3023384 kB
Mapped:           268260 kB
Shmem:             54448 kB
KReclaimable:      57052 kB
Slab:             284344 kB
SReclaimable:      57052 kB
SUnreclaim:       227292 kB
KernelStack:       18288 kB
PageTables:        48920 kB
SecPageTables:         0 kB
NFS_Unstable:          0 kB
Bounce:                0 kB
WritebackTmp:          0 kB
CommitLimit:     8258920 kB
Committed_AS:   11409480 kB
VmallocTotal:   34359738367 kB
VmallocUsed:       46440 kB
VmallocChunk:          0 kB
Percpu:            13280 kB
HardwareCorrupted:     0 kB
AnonHugePages:    212992 kB
ShmemHugePages:        0 kB
ShmemPmdMapped:        0 kB
FileHugePages:         0 kB
FilePmdMapped:         0 kB
CmaTotal:              0 kB
CmaFree:               0 kB
Unaccepted:            0 kB
Balloon:               0 kB
HugePages_Total:       0
HugePages_Free:        0
HugePages_Rsvd:        0
HugePages_Surp:        0
Hugepagesize:       2048 kB
Hugetlb:               0 kB
DirectMap4k:      194432 kB
DirectMap2M:     6096896 kB
DirectMap1G:     4194304 kB
---SNAPSHOT---
2026-04-27 15:05:37
MemTotal:        8129240 kB
MemFree:         3394684 kB
MemAvailable:    3600796 kB
Buffers:            5472 kB
Cached:           314896 kB
SwapCached:       120720 kB
Active:          3505048 kB
Inactive:         589160 kB
Active(anon):    3395712 kB
Inactive(anon):   432540 kB
Active(file):     109336 kB
Inactive(file):   156620 kB
Unevictable:          16 kB
Mlocked:              16 kB
SwapTotal:       4194300 kB
SwapFree:        3936064 kB
Zswap:                 0 kB
Zswapped:              0 kB
Dirty:               724 kB
Writeback:             0 kB
AnonPages:       3656248 kB
Mapped:           268488 kB
Shmem:             54448 kB
KReclaimable:      57052 kB
Slab:             284344 kB
SReclaimable:      57052 kB
SUnreclaim:       227292 kB
KernelStack:       18348 kB
PageTables:        50124 kB
SecPageTables:         0 kB
NFS_Unstable:          0 kB
Bounce:                0 kB
WritebackTmp:          0 kB
CommitLimit:     8258920 kB
Committed_AS:   11409564 kB
VmallocTotal:   34359738367 kB
VmallocUsed:       46504 kB
VmallocChunk:          0 kB
Percpu:            13280 kB
HardwareCorrupted:     0 kB
AnonHugePages:    212992 kB
ShmemHugePages:        0 kB
ShmemPmdMapped:        0 kB
FileHugePages:         0 kB
FilePmdMapped:         0 kB
CmaTotal:              0 kB
CmaFree:               0 kB
Unaccepted:            0 kB
Balloon:               0 kB
HugePages_Total:       0
HugePages_Free:        0
HugePages_Rsvd:        0
HugePages_Surp:        0
Hugepagesize:       2048 kB
Hugetlb:               0 kB
DirectMap4k:      194432 kB
DirectMap2M:     6096896 kB
DirectMap1G:     4194304 kB
---SNAPSHOT---
2026-04-27 15:05:38
MemTotal:        8129240 kB
MemFree:         3412672 kB
MemAvailable:    3618792 kB
Buffers:            5472 kB
Cached:           314904 kB
SwapCached:       404104 kB
Active:          3206996 kB
Inactive:         870600 kB
Active(anon):    3097660 kB
Inactive(anon):   713972 kB
Active(file):     109336 kB
Inactive(file):   156628 kB
Unevictable:          16 kB
Mlocked:              16 kB
SwapTotal:       4194300 kB
SwapFree:        3652680 kB
Zswap:                 0 kB
Zswapped:              0 kB
Dirty:               732 kB
Writeback:           152 kB
AnonPages:       3360300 kB
Mapped:           268260 kB
Shmem:             54448 kB
KReclaimable:      57052 kB
Slab:             284344 kB
SReclaimable:      57052 kB
SUnreclaim:       227292 kB
KernelStack:       18348 kB
PageTables:        50212 kB
SecPageTables:         0 kB
NFS_Unstable:          0 kB
Bounce:                0 kB
WritebackTmp:          0 kB
CommitLimit:     8258920 kB
Committed_AS:   11409560 kB
VmallocTotal:   34359738367 kB
VmallocUsed:       46568 kB
VmallocChunk:          0 kB
Percpu:            13280 kB
HardwareCorrupted:     0 kB
AnonHugePages:    212992 kB
ShmemHugePages:        0 kB
ShmemPmdMapped:        0 kB
FileHugePages:         0 kB
FilePmdMapped:         0 kB
CmaTotal:              0 kB
CmaFree:               0 kB
Unaccepted:            0 kB
Balloon:               0 kB
HugePages_Total:       0
HugePages_Free:        0
HugePages_Rsvd:        0
HugePages_Surp:        0
Hugepagesize:       2048 kB
Hugetlb:               0 kB
DirectMap4k:      194432 kB
DirectMap2M:     6096896 kB
DirectMap1G:     4194304 kB
---SNAPSHOT---
2026-04-27 15:05:39
MemTotal:        8129240 kB
MemFree:         3094964 kB
MemAvailable:    3301092 kB
Buffers:            5480 kB
Cached:           314900 kB
SwapCached:       598672 kB
Active:          3342708 kB
Inactive:        1064836 kB
Active(anon):    3233372 kB
Inactive(anon):   908200 kB
Active(file):     109336 kB
Inactive(file):   156636 kB
Unevictable:          16 kB
Mlocked:              16 kB
SwapTotal:       4194300 kB
SwapFree:        3458056 kB
Zswap:                 0 kB
Zswapped:              0 kB
Dirty:               736 kB
Writeback:           772 kB
AnonPages:       3495720 kB
Mapped:           268260 kB
Shmem:             54448 kB
KReclaimable:      57052 kB
Slab:             284320 kB
SReclaimable:      57052 kB
SUnreclaim:       227268 kB
KernelStack:       18288 kB
PageTables:        50884 kB
SecPageTables:         0 kB
NFS_Unstable:          0 kB
Bounce:                0 kB
WritebackTmp:          0 kB
CommitLimit:     8258920 kB
Committed_AS:   11409672 kB
VmallocTotal:   34359738367 kB
VmallocUsed:       46552 kB
VmallocChunk:          0 kB
Percpu:            13280 kB
HardwareCorrupted:     0 kB
AnonHugePages:    212992 kB
ShmemHugePages:        0 kB
ShmemPmdMapped:        0 kB
FileHugePages:         0 kB
FilePmdMapped:         0 kB
CmaTotal:              0 kB
CmaFree:               0 kB
Unaccepted:            0 kB
Balloon:               0 kB
HugePages_Total:       0
HugePages_Free:        0
HugePages_Rsvd:        0
HugePages_Surp:        0
Hugepagesize:       2048 kB
Hugetlb:               0 kB
DirectMap4k:      194432 kB
DirectMap2M:     6096896 kB
DirectMap1G:     4194304 kB
---SNAPSHOT---
2026-04-27 15:05:40
MemTotal:        8129240 kB
MemFree:         2879572 kB
MemAvailable:    3085720 kB
Buffers:            5480 kB
Cached:           314916 kB
SwapCached:       786804 kB
Active:          3378800 kB
Inactive:        1253412 kB
Active(anon):    3269464 kB
Inactive(anon):  1096756 kB
Active(file):     109336 kB
Inactive(file):   156656 kB
Unevictable:          16 kB
Mlocked:              16 kB
SwapTotal:       4194300 kB
SwapFree:        3269980 kB
Zswap:                 0 kB
Zswapped:              0 kB
Dirty:               744 kB
Writeback:           256 kB
AnonPages:       3532788 kB
Mapped:           268260 kB
Shmem:             54448 kB
KReclaimable:      57052 kB
Slab:             284328 kB
SReclaimable:      57052 kB
SUnreclaim:       227276 kB
KernelStack:       18348 kB
PageTables:        51388 kB
SecPageTables:         0 kB
NFS_Unstable:          0 kB
Bounce:                0 kB
WritebackTmp:          0 kB
CommitLimit:     8258920 kB
Committed_AS:   11409536 kB
VmallocTotal:   34359738367 kB
VmallocUsed:       46600 kB
VmallocChunk:          0 kB
Percpu:            13280 kB
HardwareCorrupted:     0 kB
AnonHugePages:    212992 kB
ShmemHugePages:        0 kB
ShmemPmdMapped:        0 kB
FileHugePages:         0 kB
FilePmdMapped:         0 kB
CmaTotal:              0 kB
CmaFree:               0 kB
Unaccepted:            0 kB
Balloon:               0 kB
HugePages_Total:       0
HugePages_Free:        0
HugePages_Rsvd:        0
HugePages_Surp:        0
Hugepagesize:       2048 kB
Hugetlb:               0 kB
DirectMap4k:      194432 kB
DirectMap2M:     6096896 kB
DirectMap1G:     4194304 kB
---SNAPSHOT---
2026-04-27 15:05:41
MemTotal:        8129240 kB
MemFree:         3261756 kB
MemAvailable:    3467908 kB
Buffers:            5480 kB
Cached:           314920 kB
SwapCached:       837076 kB
Active:          2907704 kB
Inactive:        1304812 kB
Active(anon):    2798368 kB
Inactive(anon):  1148152 kB
Active(file):     109336 kB
Inactive(file):   156660 kB
Unevictable:          16 kB
Mlocked:              16 kB
SwapTotal:       4194300 kB
SwapFree:        3219708 kB
Zswap:                 0 kB
Zswapped:              0 kB
Dirty:               748 kB
Writeback:           400 kB
AnonPages:       3062312 kB
Mapped:           268260 kB
Shmem:             54448 kB
KReclaimable:      57052 kB
Slab:             284312 kB
SReclaimable:      57052 kB
SUnreclaim:       227260 kB
KernelStack:       18272 kB
PageTables:        50436 kB
SecPageTables:         0 kB
NFS_Unstable:          0 kB
Bounce:                0 kB
WritebackTmp:          0 kB
CommitLimit:     8258920 kB
Committed_AS:   11409412 kB
VmallocTotal:   34359738367 kB
VmallocUsed:       46552 kB
VmallocChunk:          0 kB
Percpu:            13280 kB
HardwareCorrupted:     0 kB
AnonHugePages:    212992 kB
ShmemHugePages:        0 kB
ShmemPmdMapped:        0 kB
FileHugePages:         0 kB
FilePmdMapped:         0 kB
CmaTotal:              0 kB
CmaFree:               0 kB
Unaccepted:            0 kB
Balloon:               0 kB
HugePages_Total:       0
HugePages_Free:        0
HugePages_Rsvd:        0
HugePages_Surp:        0
Hugepagesize:       2048 kB
Hugetlb:               0 kB
DirectMap4k:      194432 kB
DirectMap2M:     6096896 kB
DirectMap1G:     4194304 kB
---SNAPSHOT---
2026-04-27 15:05:42
MemTotal:        8129240 kB
MemFree:         3490240 kB
MemAvailable:    3696396 kB
Buffers:            5480 kB
Cached:           314928 kB
SwapCached:       853244 kB
Active:          2679620 kB
Inactive:        1318940 kB
Active(anon):    2570284 kB
Inactive(anon):  1162276 kB
Active(file):     109336 kB
Inactive(file):   156664 kB
Unevictable:          16 kB
Mlocked:              16 kB
SwapTotal:       4194300 kB
SwapFree:        3203540 kB
Zswap:                 0 kB
Zswapped:              0 kB
Dirty:               756 kB
Writeback:          1264 kB
AnonPages:       2832156 kB
Mapped:           268260 kB
Shmem:             54448 kB
KReclaimable:      57052 kB
Slab:             284344 kB
SReclaimable:      57052 kB
SUnreclaim:       227292 kB
KernelStack:       18348 kB
PageTables:        50012 kB
SecPageTables:         0 kB
NFS_Unstable:          0 kB
Bounce:                0 kB
WritebackTmp:          0 kB
CommitLimit:     8258920 kB
Committed_AS:   11409324 kB
VmallocTotal:   34359738367 kB
VmallocUsed:       46568 kB
VmallocChunk:          0 kB
Percpu:            13280 kB
HardwareCorrupted:     0 kB
AnonHugePages:    212992 kB
ShmemHugePages:        0 kB
ShmemPmdMapped:        0 kB
FileHugePages:         0 kB
FilePmdMapped:         0 kB
CmaTotal:              0 kB
CmaFree:               0 kB
Unaccepted:            0 kB
Balloon:               0 kB
HugePages_Total:       0
HugePages_Free:        0
HugePages_Rsvd:        0
HugePages_Surp:        0
Hugepagesize:       2048 kB
Hugetlb:               0 kB
DirectMap4k:      194432 kB
DirectMap2M:     6096896 kB
DirectMap1G:     4194304 kB
---SNAPSHOT---
2026-04-27 15:05:43
MemTotal:        8129240 kB
MemFree:         3041116 kB
MemAvailable:    3247276 kB
Buffers:            5480 kB
Cached:           314932 kB
SwapCached:       854332 kB
Active:          3143344 kB
Inactive:        1321048 kB
Active(anon):    3034008 kB
Inactive(anon):  1164380 kB
Active(file):     109336 kB
Inactive(file):   156668 kB
Unevictable:          16 kB
Mlocked:              16 kB
SwapTotal:       4194300 kB
SwapFree:        3202452 kB
Zswap:                 0 kB
Zswapped:              0 kB
Dirty:               760 kB
Writeback:           244 kB
AnonPages:       3297344 kB
Mapped:           268260 kB
Shmem:             54448 kB
KReclaimable:      57052 kB
Slab:             284344 kB
SReclaimable:      57052 kB
SUnreclaim:       227292 kB
KernelStack:       18348 kB
PageTables:        50976 kB
SecPageTables:         0 kB
NFS_Unstable:          0 kB
Bounce:                0 kB
WritebackTmp:          0 kB
CommitLimit:     8258920 kB
Committed_AS:   11409448 kB
VmallocTotal:   34359738367 kB
VmallocUsed:       46600 kB
VmallocChunk:          0 kB
Percpu:            13280 kB
HardwareCorrupted:     0 kB
AnonHugePages:    212992 kB
ShmemHugePages:        0 kB
ShmemPmdMapped:        0 kB
FileHugePages:         0 kB
FilePmdMapped:         0 kB
CmaTotal:              0 kB
CmaFree:               0 kB
Unaccepted:            0 kB
Balloon:               0 kB
HugePages_Total:       0
HugePages_Free:        0
HugePages_Rsvd:        0
HugePages_Surp:        0
Hugepagesize:       2048 kB
Hugetlb:               0 kB
DirectMap4k:      194432 kB
DirectMap2M:     6096896 kB
DirectMap1G:     4194304 kB
---SNAPSHOT---
2026-04-27 15:05:44
MemTotal:        8129240 kB
MemFree:         3748496 kB
MemAvailable:    3954668 kB
Buffers:            5488 kB
Cached:           314932 kB
SwapCached:       857456 kB
Active:          2376520 kB
Inactive:        1323380 kB
Active(anon):    2267184 kB
Inactive(anon):  1166700 kB
Active(file):     109336 kB
Inactive(file):   156680 kB
Unevictable:          16 kB
Mlocked:              16 kB
SwapTotal:       4194300 kB
SwapFree:        3199328 kB
Zswap:                 0 kB
Zswapped:              0 kB
Dirty:               764 kB
Writeback:           824 kB
AnonPages:       2529512 kB
Mapped:           268360 kB
Shmem:             54448 kB
KReclaimable:      57052 kB
Slab:             284356 kB
SReclaimable:      57052 kB
SUnreclaim:       227304 kB
KernelStack:       18288 kB
PageTables:        49208 kB
SecPageTables:         0 kB
NFS_Unstable:          0 kB
Bounce:                0 kB
WritebackTmp:          0 kB
CommitLimit:     8258920 kB
Committed_AS:   11409176 kB
VmallocTotal:   34359738367 kB
VmallocUsed:       46552 kB
VmallocChunk:          0 kB
Percpu:            13280 kB
HardwareCorrupted:     0 kB
AnonHugePages:    212992 kB
ShmemHugePages:        0 kB
ShmemPmdMapped:        0 kB
FileHugePages:         0 kB
FilePmdMapped:         0 kB
CmaTotal:              0 kB
CmaFree:               0 kB
Unaccepted:            0 kB
Balloon:               0 kB
HugePages_Total:       0
HugePages_Free:        0
HugePages_Rsvd:        0
HugePages_Surp:        0
Hugepagesize:       2048 kB
Hugetlb:               0 kB
DirectMap4k:      194432 kB
DirectMap2M:     6096896 kB
DirectMap1G:     4194304 kB
---SNAPSHOT---
2026-04-27 15:05:45
MemTotal:        8129240 kB
MemFree:         3323940 kB
MemAvailable:    3530120 kB
Buffers:            5488 kB
Cached:           314944 kB
SwapCached:       858308 kB
Active:          2833184 kB
Inactive:        1325372 kB
Active(anon):    2723848 kB
Inactive(anon):  1168684 kB
Active(file):     109336 kB
Inactive(file):   156688 kB
Unevictable:          16 kB
Mlocked:              16 kB
SwapTotal:       4194300 kB
SwapFree:        3198476 kB
Zswap:                 0 kB
Zswapped:              0 kB
Dirty:               392 kB
Writeback:           276 kB
AnonPages:       2987340 kB
Mapped:           268260 kB
Shmem:             54448 kB
KReclaimable:      57052 kB
Slab:             284324 kB
SReclaimable:      57052 kB
SUnreclaim:       227272 kB
KernelStack:       18348 kB
PageTables:        49952 kB
SecPageTables:         0 kB
NFS_Unstable:          0 kB
Bounce:                0 kB
WritebackTmp:          0 kB
CommitLimit:     8258920 kB
Committed_AS:   11409284 kB
VmallocTotal:   34359738367 kB
VmallocUsed:       46568 kB
VmallocChunk:          0 kB
Percpu:            13280 kB
HardwareCorrupted:     0 kB
AnonHugePages:    212992 kB
ShmemHugePages:        0 kB
ShmemPmdMapped:        0 kB
FileHugePages:         0 kB
FilePmdMapped:         0 kB
CmaTotal:              0 kB
CmaFree:               0 kB
Unaccepted:            0 kB
Balloon:               0 kB
HugePages_Total:       0
HugePages_Free:        0
HugePages_Rsvd:        0
HugePages_Surp:        0
Hugepagesize:       2048 kB
Hugetlb:               0 kB
DirectMap4k:      194432 kB
DirectMap2M:     6096896 kB
DirectMap1G:     4194304 kB
---SNAPSHOT---
2026-04-27 15:05:46
MemTotal:        8129240 kB
MemFree:         3531920 kB
MemAvailable:    3738108 kB
Buffers:            5488 kB
Cached:           314948 kB
SwapCached:       860820 kB
Active:          2624544 kB
Inactive:        1325404 kB
Active(anon):    2515208 kB
Inactive(anon):  1168708 kB
Active(file):     109336 kB
Inactive(file):   156696 kB
Unevictable:          16 kB
Mlocked:              16 kB
SwapTotal:       4194300 kB
SwapFree:        3195964 kB
Zswap:                 0 kB
Zswapped:              0 kB
Dirty:               192 kB
Writeback:           764 kB
AnonPages:       2776100 kB
Mapped:           268260 kB
Shmem:             54448 kB
KReclaimable:      57052 kB
Slab:             284324 kB
SReclaimable:      57052 kB
SUnreclaim:       227272 kB
KernelStack:       18348 kB
PageTables:        49704 kB
SecPageTables:         0 kB
NFS_Unstable:          0 kB
Bounce:                0 kB
WritebackTmp:          0 kB
CommitLimit:     8258920 kB
Committed_AS:   11409648 kB
VmallocTotal:   34359738367 kB
VmallocUsed:       46584 kB
VmallocChunk:          0 kB
Percpu:            13280 kB
HardwareCorrupted:     0 kB
AnonHugePages:    212992 kB
ShmemHugePages:        0 kB
ShmemPmdMapped:        0 kB
FileHugePages:         0 kB
FilePmdMapped:         0 kB
CmaTotal:              0 kB
CmaFree:               0 kB
Unaccepted:            0 kB
Balloon:               0 kB
HugePages_Total:       0
HugePages_Free:        0
HugePages_Rsvd:        0
HugePages_Surp:        0
Hugepagesize:       2048 kB
Hugetlb:               0 kB
DirectMap4k:      194432 kB
DirectMap2M:     6096896 kB
DirectMap1G:     4194304 kB
---SNAPSHOT---
2026-04-27 15:05:47
MemTotal:        8129240 kB
MemFree:         3740408 kB
MemAvailable:    3946604 kB
Buffers:            5488 kB
Cached:           314956 kB
SwapCached:       984800 kB
Active:          2267016 kB
Inactive:        1450036 kB
Active(anon):    2157680 kB
Inactive(anon):  1293332 kB
Active(file):     109336 kB
Inactive(file):   156704 kB
Unevictable:          16 kB
Mlocked:              16 kB
SwapTotal:       4194300 kB
SwapFree:        3071804 kB
Zswap:                 0 kB
Zswapped:              0 kB
Dirty:               200 kB
Writeback:           740 kB
AnonPages:       2418856 kB
Mapped:           268260 kB
Shmem:             54448 kB
KReclaimable:      57052 kB
Slab:             284348 kB
SReclaimable:      57052 kB
SUnreclaim:       227296 kB
KernelStack:       18288 kB
PageTables:        49248 kB
SecPageTables:         0 kB
NFS_Unstable:          0 kB
Bounce:                0 kB
WritebackTmp:          0 kB
CommitLimit:     8258920 kB
Committed_AS:   11409448 kB
VmallocTotal:   34359738367 kB
VmallocUsed:       46520 kB
VmallocChunk:          0 kB
Percpu:            13280 kB
HardwareCorrupted:     0 kB
AnonHugePages:    212992 kB
ShmemHugePages:        0 kB
ShmemPmdMapped:        0 kB
FileHugePages:         0 kB
FilePmdMapped:         0 kB
CmaTotal:              0 kB
CmaFree:               0 kB
Unaccepted:            0 kB
Balloon:               0 kB
HugePages_Total:       0
HugePages_Free:        0
HugePages_Rsvd:        0
HugePages_Surp:        0
Hugepagesize:       2048 kB
Hugetlb:               0 kB
DirectMap4k:      194432 kB
DirectMap2M:     6096896 kB
DirectMap1G:     4194304 kB
---SNAPSHOT---
2026-04-27 15:05:48
MemTotal:        8129240 kB
MemFree:         3939252 kB
MemAvailable:    4145448 kB
Buffers:            5488 kB
Cached:           314960 kB
SwapCached:       675780 kB
Active:          2402064 kB
Inactive:        1142964 kB
Active(anon):    2292728 kB
Inactive(anon):   986260 kB
Active(file):     109336 kB
Inactive(file):   156704 kB
Unevictable:          16 kB
Mlocked:              16 kB
SwapTotal:       4194300 kB
SwapFree:        3381052 kB
Zswap:                 0 kB
Zswapped:              0 kB
Dirty:               204 kB
Writeback:          1088 kB
AnonPages:       2554416 kB
Mapped:           268260 kB
Shmem:             54448 kB
KReclaimable:      57052 kB
Slab:             284532 kB
SReclaimable:      57052 kB
SUnreclaim:       227480 kB
KernelStack:       18288 kB
PageTables:        48824 kB
SecPageTables:         0 kB
NFS_Unstable:          0 kB
Bounce:                0 kB
WritebackTmp:          0 kB
CommitLimit:     8258920 kB
Committed_AS:   11409780 kB
VmallocTotal:   34359738367 kB
VmallocUsed:       46568 kB
VmallocChunk:          0 kB
Percpu:            13280 kB
HardwareCorrupted:     0 kB
AnonHugePages:    212992 kB
ShmemHugePages:        0 kB
ShmemPmdMapped:        0 kB
FileHugePages:         0 kB
FilePmdMapped:         0 kB
CmaTotal:              0 kB
CmaFree:               0 kB
Unaccepted:            0 kB
Balloon:               0 kB
HugePages_Total:       0
HugePages_Free:        0
HugePages_Rsvd:        0
HugePages_Surp:        0
Hugepagesize:       2048 kB
Hugetlb:               0 kB
DirectMap4k:      194432 kB
DirectMap2M:     6096896 kB
DirectMap1G:     4194304 kB
---SNAPSHOT---
2026-04-27 15:05:49
MemTotal:        8129240 kB
MemFree:         4429956 kB
MemAvailable:    4636160 kB
Buffers:            5628 kB
Cached:           314828 kB
SwapCached:       121452 kB
Active:          2493720 kB
Inactive:         589744 kB
Active(anon):    2384384 kB
Inactive(anon):   433032 kB
Active(file):     109336 kB
Inactive(file):   156712 kB
Unevictable:          16 kB
Mlocked:              16 kB
SwapTotal:       4194300 kB
SwapFree:        3935552 kB
Zswap:                 0 kB
Zswapped:              0 kB
Dirty:               212 kB
Writeback:             0 kB
AnonPages:       2644836 kB
Mapped:           268260 kB
Shmem:             54448 kB
KReclaimable:      57052 kB
Slab:             284404 kB
SReclaimable:      57052 kB
SUnreclaim:       227352 kB
KernelStack:       18272 kB
PageTables:        47868 kB
SecPageTables:         0 kB
NFS_Unstable:          0 kB
Bounce:                0 kB
WritebackTmp:          0 kB
CommitLimit:     8258920 kB
Committed_AS:   11409184 kB
VmallocTotal:   34359738367 kB
VmallocUsed:       46584 kB
VmallocChunk:          0 kB
Percpu:            13280 kB
HardwareCorrupted:     0 kB
AnonHugePages:    212992 kB
ShmemHugePages:        0 kB
ShmemPmdMapped:        0 kB
FileHugePages:         0 kB
FilePmdMapped:         0 kB
CmaTotal:              0 kB
CmaFree:               0 kB
Unaccepted:            0 kB
Balloon:               0 kB
HugePages_Total:       0
HugePages_Free:        0
HugePages_Rsvd:        0
HugePages_Surp:        0
Hugepagesize:       2048 kB
Hugetlb:               0 kB
DirectMap4k:      194432 kB
DirectMap2M:     6096896 kB
DirectMap1G:     4194304 kB
---SNAPSHOT---
2026-04-27 15:05:50
MemTotal:        8129240 kB
MemFree:         4182384 kB
MemAvailable:    4388740 kB
Buffers:            5636 kB
Cached:           314968 kB
SwapCached:       121232 kB
Active:          2743164 kB
Inactive:         589900 kB
Active(anon):    2633828 kB
Inactive(anon):   433036 kB
Active(file):     109336 kB
Inactive(file):   156864 kB
Unevictable:          16 kB
Mlocked:              16 kB
SwapTotal:       4194300 kB
SwapFree:        3935552 kB
Zswap:                 0 kB
Zswapped:              0 kB
Dirty:               240 kB
Writeback:             0 kB
AnonPages:       2894300 kB
Mapped:           268260 kB
Shmem:             54448 kB
KReclaimable:      57052 kB
Slab:             284332 kB
SReclaimable:      57052 kB
SUnreclaim:       227280 kB
KernelStack:       18288 kB
PageTables:        48104 kB
SecPageTables:         0 kB
NFS_Unstable:          0 kB
Bounce:                0 kB
WritebackTmp:          0 kB
CommitLimit:     8258920 kB
Committed_AS:   11408792 kB
VmallocTotal:   34359738367 kB
VmallocUsed:       46568 kB
VmallocChunk:          0 kB
Percpu:            13280 kB
HardwareCorrupted:     0 kB
AnonHugePages:    212992 kB
ShmemHugePages:        0 kB
ShmemPmdMapped:        0 kB
FileHugePages:         0 kB
FilePmdMapped:         0 kB
CmaTotal:              0 kB
CmaFree:               0 kB
Unaccepted:            0 kB
Balloon:               0 kB
HugePages_Total:       0
HugePages_Free:        0
HugePages_Rsvd:        0
HugePages_Surp:        0
Hugepagesize:       2048 kB
Hugetlb:               0 kB
DirectMap4k:      194432 kB
DirectMap2M:     6096896 kB
DirectMap1G:     4194304 kB
---SNAPSHOT---
2026-04-27 15:05:51
MemTotal:        8129240 kB
MemFree:         3887040 kB
MemAvailable:    4093416 kB
Buffers:            5636 kB
Cached:           314988 kB
SwapCached:       121232 kB
Active:          3012228 kB
Inactive:         589920 kB
Active(anon):    2902892 kB
Inactive(anon):   433036 kB
Active(file):     109336 kB
Inactive(file):   156884 kB
Unevictable:          16 kB
Mlocked:              16 kB
SwapTotal:       4194300 kB
SwapFree:        3935552 kB
Zswap:                 0 kB
Zswapped:              0 kB
Dirty:                44 kB
Writeback:             0 kB
AnonPages:       3163048 kB
Mapped:           268260 kB
Shmem:             54448 kB
KReclaimable:      57052 kB
Slab:             284332 kB
SReclaimable:      57052 kB
SUnreclaim:       227280 kB
KernelStack:       18288 kB
PageTables:        48584 kB
SecPageTables:         0 kB
NFS_Unstable:          0 kB
Bounce:                0 kB
WritebackTmp:          0 kB
CommitLimit:     8258920 kB
Committed_AS:   11409432 kB
VmallocTotal:   34359738367 kB
VmallocUsed:       46552 kB
VmallocChunk:          0 kB
Percpu:            13280 kB
HardwareCorrupted:     0 kB
AnonHugePages:    212992 kB
ShmemHugePages:        0 kB
ShmemPmdMapped:        0 kB
FileHugePages:         0 kB
FilePmdMapped:         0 kB
CmaTotal:              0 kB
CmaFree:               0 kB
Unaccepted:            0 kB
Balloon:               0 kB
HugePages_Total:       0
HugePages_Free:        0
HugePages_Rsvd:        0
HugePages_Surp:        0
Hugepagesize:       2048 kB
Hugetlb:               0 kB
DirectMap4k:      194432 kB
DirectMap2M:     6096896 kB
DirectMap1G:     4194304 kB
---SNAPSHOT---
2026-04-27 15:05:52
MemTotal:        8129240 kB
MemFree:         3752432 kB
MemAvailable:    3958816 kB
Buffers:            5636 kB
Cached:           314996 kB
SwapCached:       157588 kB
Active:          3161988 kB
Inactive:         604124 kB
Active(anon):    3052652 kB
Inactive(anon):   447232 kB
Active(file):     109336 kB
Inactive(file):   156892 kB
Unevictable:          16 kB
Mlocked:              16 kB
SwapTotal:       4194300 kB
SwapFree:        3899196 kB
Zswap:                 0 kB
Zswapped:              0 kB
Dirty:                52 kB
Writeback:         22072 kB
AnonPages:       3293380 kB
Mapped:           268260 kB
Shmem:             54448 kB
KReclaimable:      57052 kB
Slab:             285860 kB
SReclaimable:      57052 kB
SUnreclaim:       228808 kB
KernelStack:       18288 kB
PageTables:        49112 kB
SecPageTables:         0 kB
NFS_Unstable:          0 kB
Bounce:                0 kB
WritebackTmp:          0 kB
CommitLimit:     8258920 kB
Committed_AS:   11409276 kB
VmallocTotal:   34359738367 kB
VmallocUsed:       46552 kB
VmallocChunk:          0 kB
Percpu:            13280 kB
HardwareCorrupted:     0 kB
AnonHugePages:    212992 kB
ShmemHugePages:        0 kB
ShmemPmdMapped:        0 kB
FileHugePages:         0 kB
FilePmdMapped:         0 kB
CmaTotal:              0 kB
CmaFree:               0 kB
Unaccepted:            0 kB
Balloon:               0 kB
HugePages_Total:       0
HugePages_Free:        0
HugePages_Rsvd:        0
HugePages_Surp:        0
Hugepagesize:       2048 kB
Hugetlb:               0 kB
DirectMap4k:      194432 kB
DirectMap2M:     6096896 kB
DirectMap1G:     4194304 kB
---SNAPSHOT---
2026-04-27 15:05:53
MemTotal:        8129240 kB
MemFree:         3719032 kB
MemAvailable:    3925416 kB
Buffers:            5636 kB
Cached:           315000 kB
SwapCached:       157588 kB
Active:          3192920 kB
Inactive:         612312 kB
Active(anon):    3083584 kB
Inactive(anon):   455420 kB
Active(file):     109336 kB
Inactive(file):   156892 kB
Unevictable:          16 kB
Mlocked:              16 kB
SwapTotal:       4194300 kB
SwapFree:        3899196 kB
Zswap:                 0 kB
Zswapped:              0 kB
Dirty:                56 kB
Writeback:         13988 kB
AnonPages:       3332200 kB
Mapped:           268260 kB
Shmem:             54448 kB
KReclaimable:      57052 kB
Slab:             285352 kB
SReclaimable:      57052 kB
SUnreclaim:       228300 kB
KernelStack:       18288 kB
PageTables:        49152 kB
SecPageTables:         0 kB
NFS_Unstable:          0 kB
Bounce:                0 kB
WritebackTmp:          0 kB
CommitLimit:     8258920 kB
Committed_AS:   11409176 kB
VmallocTotal:   34359738367 kB
VmallocUsed:       46536 kB
VmallocChunk:          0 kB
Percpu:            13280 kB
HardwareCorrupted:     0 kB
AnonHugePages:    212992 kB
ShmemHugePages:        0 kB
ShmemPmdMapped:        0 kB
FileHugePages:         0 kB
FilePmdMapped:         0 kB
CmaTotal:              0 kB
CmaFree:               0 kB
Unaccepted:            0 kB
Balloon:               0 kB
HugePages_Total:       0
HugePages_Free:        0
HugePages_Rsvd:        0
HugePages_Surp:        0
Hugepagesize:       2048 kB
Hugetlb:               0 kB
DirectMap4k:      194432 kB
DirectMap2M:     6096896 kB
DirectMap1G:     4194304 kB
---SNAPSHOT---
2026-04-27 15:05:54
MemTotal:        8129240 kB
MemFree:         3209760 kB
MemAvailable:    3416160 kB
Buffers:            5644 kB
Cached:           315004 kB
SwapCached:       173300 kB
Active:          3680660 kB
Inactive:         640420 kB
Active(anon):    3571324 kB
Inactive(anon):   483512 kB
Active(file):     109336 kB
Inactive(file):   156908 kB
Unevictable:          16 kB
Mlocked:              16 kB
SwapTotal:       4194300 kB
SwapFree:        3883484 kB
Zswap:                 0 kB
Zswapped:              0 kB
Dirty:                56 kB
Writeback:           400 kB
AnonPages:       3834092 kB
Mapped:           268360 kB
Shmem:             54448 kB
KReclaimable:      57052 kB
Slab:             284712 kB
SReclaimable:      57052 kB
SUnreclaim:       227660 kB
KernelStack:       18272 kB
PageTables:        50488 kB
SecPageTables:         0 kB
NFS_Unstable:          0 kB
Bounce:                0 kB
WritebackTmp:          0 kB
CommitLimit:     8258920 kB
Committed_AS:   11409536 kB
VmallocTotal:   34359738367 kB
VmallocUsed:       46536 kB
VmallocChunk:          0 kB
Percpu:            13280 kB
HardwareCorrupted:     0 kB
AnonHugePages:    212992 kB
ShmemHugePages:        0 kB
ShmemPmdMapped:        0 kB
FileHugePages:         0 kB
FilePmdMapped:         0 kB
CmaTotal:              0 kB
CmaFree:               0 kB
Unaccepted:            0 kB
Balloon:               0 kB
HugePages_Total:       0
HugePages_Free:        0
HugePages_Rsvd:        0
HugePages_Surp:        0
Hugepagesize:       2048 kB
Hugetlb:               0 kB
DirectMap4k:      194432 kB
DirectMap2M:     6096896 kB
DirectMap1G:     4194304 kB
---SNAPSHOT---
2026-04-27 15:05:58
MemTotal:        8129240 kB
MemFree:         3432836 kB
MemAvailable:    3639244 kB
Buffers:            5644 kB
Cached:           315012 kB
SwapCached:       284376 kB
Active:          3352344 kB
Inactive:         750532 kB
Active(anon):    3243008 kB
Inactive(anon):   593616 kB
Active(file):     109336 kB
Inactive(file):   156916 kB
Unevictable:          16 kB
Mlocked:              16 kB
SwapTotal:       4194300 kB
SwapFree:        3772112 kB
Zswap:                 0 kB
Zswapped:              0 kB
Dirty:                76 kB
Writeback:           492 kB
AnonPages:       3504992 kB
Mapped:           268488 kB
Shmem:             54448 kB
KReclaimable:      57052 kB
Slab:             284416 kB
SReclaimable:      57052 kB
SUnreclaim:       227364 kB
KernelStack:       18348 kB
PageTables:        50144 kB
SecPageTables:         0 kB
NFS_Unstable:          0 kB
Bounce:                0 kB
WritebackTmp:          0 kB
CommitLimit:     8258920 kB
Committed_AS:   11409540 kB
VmallocTotal:   34359738367 kB
VmallocUsed:       46584 kB
VmallocChunk:          0 kB
Percpu:            13280 kB
HardwareCorrupted:     0 kB
AnonHugePages:    212992 kB
ShmemHugePages:        0 kB
ShmemPmdMapped:        0 kB
FileHugePages:         0 kB
FilePmdMapped:         0 kB
CmaTotal:              0 kB
CmaFree:               0 kB
Unaccepted:            0 kB
Balloon:               0 kB
HugePages_Total:       0
HugePages_Free:        0
HugePages_Rsvd:        0
HugePages_Surp:        0
Hugepagesize:       2048 kB
Hugetlb:               0 kB
DirectMap4k:      194432 kB
DirectMap2M:     6096896 kB
DirectMap1G:     4194304 kB
---SNAPSHOT---
2026-04-27 15:05:59
MemTotal:        8129240 kB
MemFree:         3694008 kB
MemAvailable:    3900420 kB
Buffers:            5644 kB
Cached:           315016 kB
SwapCached:       492084 kB
Active:          2889180 kB
Inactive:         959424 kB
Active(anon):    2779844 kB
Inactive(anon):   802504 kB
Active(file):     109336 kB
Inactive(file):   156920 kB
Unevictable:          16 kB
Mlocked:              16 kB
SwapTotal:       4194300 kB
SwapFree:        3564668 kB
Zswap:                 0 kB
Zswapped:              0 kB
Dirty:                80 kB
Writeback:           164 kB
AnonPages:       3043120 kB
Mapped:           268260 kB
Shmem:             54448 kB
KReclaimable:      57052 kB
Slab:             284388 kB
SReclaimable:      57052 kB
SUnreclaim:       227336 kB
KernelStack:       18288 kB
PageTables:        49640 kB
SecPageTables:         0 kB
NFS_Unstable:          0 kB
Bounce:                0 kB
WritebackTmp:          0 kB
CommitLimit:     8258920 kB
Committed_AS:   11409696 kB
VmallocTotal:   34359738367 kB
VmallocUsed:       46552 kB
VmallocChunk:          0 kB
Percpu:            13280 kB
HardwareCorrupted:     0 kB
AnonHugePages:    212992 kB
ShmemHugePages:        0 kB
ShmemPmdMapped:        0 kB
FileHugePages:         0 kB
FilePmdMapped:         0 kB
CmaTotal:              0 kB
CmaFree:               0 kB
Unaccepted:            0 kB
Balloon:               0 kB
HugePages_Total:       0
HugePages_Free:        0
HugePages_Rsvd:        0
HugePages_Surp:        0
Hugepagesize:       2048 kB
Hugetlb:               0 kB
DirectMap4k:      194432 kB
DirectMap2M:     6096896 kB
DirectMap1G:     4194304 kB
---SNAPSHOT---
2026-04-27 15:06:00
MemTotal:        8129240 kB
MemFree:         3658256 kB
MemAvailable:    3864688 kB
Buffers:            5652 kB
Cached:           315028 kB
SwapCached:       622320 kB
Active:          2729904 kB
Inactive:        1088460 kB
Active(anon):    2620568 kB
Inactive(anon):   931520 kB
Active(file):     109336 kB
Inactive(file):   156940 kB
Unevictable:          16 kB
Mlocked:              16 kB
SwapTotal:       4194300 kB
SwapFree:        3434464 kB
Zswap:                 0 kB
Zswapped:              0 kB
Dirty:                92 kB
Writeback:           164 kB
AnonPages:       2882808 kB
Mapped:           268260 kB
Shmem:             54448 kB
KReclaimable:      57052 kB
Slab:             284396 kB
SReclaimable:      57052 kB
SUnreclaim:       227344 kB
KernelStack:       18272 kB
PageTables:        49836 kB
SecPageTables:         0 kB
NFS_Unstable:          0 kB
Bounce:                0 kB
WritebackTmp:          0 kB
CommitLimit:     8258920 kB
Committed_AS:   11409808 kB
VmallocTotal:   34359738367 kB
VmallocUsed:       46520 kB
VmallocChunk:          0 kB
Percpu:            13280 kB
HardwareCorrupted:     0 kB
AnonHugePages:    212992 kB
ShmemHugePages:        0 kB
ShmemPmdMapped:        0 kB
FileHugePages:         0 kB
FilePmdMapped:         0 kB
CmaTotal:              0 kB
CmaFree:               0 kB
Unaccepted:            0 kB
Balloon:               0 kB
HugePages_Total:       0
HugePages_Free:        0
HugePages_Rsvd:        0
HugePages_Surp:        0
Hugepagesize:       2048 kB
Hugetlb:               0 kB
DirectMap4k:      194432 kB
DirectMap2M:     6096896 kB
DirectMap1G:     4194304 kB
---SNAPSHOT---
2026-04-27 15:06:01
MemTotal:        8129240 kB
MemFree:         3262028 kB
MemAvailable:    3468464 kB
Buffers:            5656 kB
Cached:           315036 kB
SwapCached:       622484 kB
Active:          3196468 kB
Inactive:        1088632 kB
Active(anon):    3087132 kB
Inactive(anon):   931688 kB
Active(file):     109336 kB
Inactive(file):   156944 kB
Unevictable:          16 kB
Mlocked:              16 kB
SwapTotal:       4194300 kB
SwapFree:        3434300 kB
Zswap:                 0 kB
Zswapped:              0 kB
Dirty:               108 kB
Writeback:           168 kB
AnonPages:       3349352 kB
Mapped:           268260 kB
Shmem:             54448 kB
KReclaimable:      57052 kB
Slab:             284396 kB
SReclaimable:      57052 kB
SUnreclaim:       227344 kB
KernelStack:       18256 kB
PageTables:        50556 kB
SecPageTables:         0 kB
NFS_Unstable:          0 kB
Bounce:                0 kB
WritebackTmp:          0 kB
CommitLimit:     8258920 kB
Committed_AS:   11409192 kB
VmallocTotal:   34359738367 kB
VmallocUsed:       46536 kB
VmallocChunk:          0 kB
Percpu:            13280 kB
HardwareCorrupted:     0 kB
AnonHugePages:    212992 kB
ShmemHugePages:        0 kB
ShmemPmdMapped:        0 kB
FileHugePages:         0 kB
FilePmdMapped:         0 kB
CmaTotal:              0 kB
CmaFree:               0 kB
Unaccepted:            0 kB
Balloon:               0 kB
HugePages_Total:       0
HugePages_Free:        0
HugePages_Rsvd:        0
HugePages_Surp:        0
Hugepagesize:       2048 kB
Hugetlb:               0 kB
DirectMap4k:      194432 kB
DirectMap2M:     6096896 kB
DirectMap1G:     4194304 kB
---SNAPSHOT---
2026-04-27 15:06:02
MemTotal:        8129240 kB
MemFree:         3456884 kB
MemAvailable:    3663536 kB
Buffers:            5920 kB
Cached:           315040 kB
SwapCached:       623732 kB
Active:          3005804 kB
Inactive:        1090632 kB
Active(anon):    2896468 kB
Inactive(anon):   933472 kB
Active(file):     109336 kB
Inactive(file):   157160 kB
Unevictable:          16 kB
Mlocked:              16 kB
SwapTotal:       4194300 kB
SwapFree:        3433052 kB
Zswap:                 0 kB
Zswapped:              0 kB
Dirty:               112 kB
Writeback:          1252 kB
AnonPages:       3159144 kB
Mapped:           268260 kB
Shmem:             54448 kB
KReclaimable:      57052 kB
Slab:             284412 kB
SReclaimable:      57052 kB
SUnreclaim:       227360 kB
KernelStack:       18288 kB
PageTables:        50296 kB
SecPageTables:         0 kB
NFS_Unstable:          0 kB
Bounce:                0 kB
WritebackTmp:          0 kB
CommitLimit:     8258920 kB
Committed_AS:   11409184 kB
VmallocTotal:   34359738367 kB
VmallocUsed:       46536 kB
VmallocChunk:          0 kB
Percpu:            13280 kB
HardwareCorrupted:     0 kB
AnonHugePages:    212992 kB
ShmemHugePages:        0 kB
ShmemPmdMapped:        0 kB
FileHugePages:         0 kB
FilePmdMapped:         0 kB
CmaTotal:              0 kB
CmaFree:               0 kB
Unaccepted:            0 kB
Balloon:               0 kB
HugePages_Total:       0
HugePages_Free:        0
HugePages_Rsvd:        0
HugePages_Surp:        0
Hugepagesize:       2048 kB
Hugetlb:               0 kB
DirectMap4k:      194432 kB
DirectMap2M:     6096896 kB
DirectMap1G:     4194304 kB
---SNAPSHOT---
2026-04-27 15:06:03
MemTotal:        8129240 kB
MemFree:         3629648 kB
MemAvailable:    3836360 kB
Buffers:            5920 kB
Cached:           315048 kB
SwapCached:       623732 kB
Active:          2817896 kB
Inactive:        1090692 kB
Active(anon):    2708560 kB
Inactive(anon):   933472 kB
Active(file):     109336 kB
Inactive(file):   157220 kB
Unevictable:          16 kB
Mlocked:              16 kB
SwapTotal:       4194300 kB
SwapFree:        3433052 kB
Zswap:                 0 kB
Zswapped:              0 kB
Dirty:               120 kB
Writeback:          1188 kB
AnonPages:       2971092 kB
Mapped:           268260 kB
Shmem:             54448 kB
KReclaimable:      57052 kB
Slab:             284412 kB
SReclaimable:      57052 kB
SUnreclaim:       227360 kB
KernelStack:       18272 kB
PageTables:        49780 kB
SecPageTables:         0 kB
NFS_Unstable:          0 kB
Bounce:                0 kB
WritebackTmp:          0 kB
CommitLimit:     8258920 kB
Committed_AS:   11409544 kB
VmallocTotal:   34359738367 kB
VmallocUsed:       46552 kB
VmallocChunk:          0 kB
Percpu:            13280 kB
HardwareCorrupted:     0 kB
AnonHugePages:    212992 kB
ShmemHugePages:        0 kB
ShmemPmdMapped:        0 kB
FileHugePages:         0 kB
FilePmdMapped:         0 kB
CmaTotal:              0 kB
CmaFree:               0 kB
Unaccepted:            0 kB
Balloon:               0 kB
HugePages_Total:       0
HugePages_Free:        0
HugePages_Rsvd:        0
HugePages_Surp:        0
Hugepagesize:       2048 kB
Hugetlb:               0 kB
DirectMap4k:      194432 kB
DirectMap2M:     6096896 kB
DirectMap1G:     4194304 kB
---SNAPSHOT---
2026-04-27 15:06:04
MemTotal:        8129240 kB
MemFree:         3788664 kB
MemAvailable:    3995388 kB
Buffers:            5920 kB
Cached:           315052 kB
SwapCached:       623876 kB
Active:          2639108 kB
Inactive:        1090952 kB
Active(anon):    2529772 kB
Inactive(anon):   933720 kB
Active(file):     109336 kB
Inactive(file):   157232 kB
Unevictable:          16 kB
Mlocked:              16 kB
SwapTotal:       4194300 kB
SwapFree:        3432908 kB
Zswap:                 0 kB
Zswapped:              0 kB
Dirty:               124 kB
Writeback:           236 kB
AnonPages:       2792600 kB
Mapped:           268260 kB
Shmem:             54448 kB
KReclaimable:      57052 kB
Slab:             284412 kB
SReclaimable:      57052 kB
SUnreclaim:       227360 kB
KernelStack:       18332 kB
PageTables:        49520 kB
SecPageTables:         0 kB
NFS_Unstable:          0 kB
Bounce:                0 kB
WritebackTmp:          0 kB
CommitLimit:     8258920 kB
Committed_AS:   11409676 kB
VmallocTotal:   34359738367 kB
VmallocUsed:       46584 kB
VmallocChunk:          0 kB
Percpu:            13280 kB
HardwareCorrupted:     0 kB
AnonHugePages:    212992 kB
ShmemHugePages:        0 kB
ShmemPmdMapped:        0 kB
FileHugePages:         0 kB
FilePmdMapped:         0 kB
CmaTotal:              0 kB
CmaFree:               0 kB
Unaccepted:            0 kB
Balloon:               0 kB
HugePages_Total:       0
HugePages_Free:        0
HugePages_Rsvd:        0
HugePages_Surp:        0
Hugepagesize:       2048 kB
Hugetlb:               0 kB
DirectMap4k:      194432 kB
DirectMap2M:     6096896 kB
DirectMap1G:     4194304 kB
---SNAPSHOT---
2026-04-27 15:06:05
MemTotal:        8129240 kB
MemFree:         3367980 kB
MemAvailable:    3574708 kB
Buffers:            5928 kB
Cached:           315060 kB
SwapCached:       624752 kB
Active:          3104156 kB
Inactive:        1090956 kB
Active(anon):    2994820 kB
Inactive(anon):   933720 kB
Active(file):     109336 kB
Inactive(file):   157236 kB
Unevictable:          16 kB
Mlocked:              16 kB
SwapTotal:       4194300 kB
SwapFree:        3432032 kB
Zswap:                 0 kB
Zswapped:              0 kB
Dirty:               136 kB
Writeback:           188 kB
AnonPages:       3256620 kB
Mapped:           268260 kB
Shmem:             54448 kB
KReclaimable:      57052 kB
Slab:             284416 kB
SReclaimable:      57052 kB
SUnreclaim:       227364 kB
KernelStack:       18288 kB
PageTables:        50588 kB
SecPageTables:         0 kB
NFS_Unstable:          0 kB
Bounce:                0 kB
WritebackTmp:          0 kB
CommitLimit:     8258920 kB
Committed_AS:   11409544 kB
VmallocTotal:   34359738367 kB
VmallocUsed:       46568 kB
VmallocChunk:          0 kB
Percpu:            13280 kB
HardwareCorrupted:     0 kB
AnonHugePages:    212992 kB
ShmemHugePages:        0 kB
ShmemPmdMapped:        0 kB
FileHugePages:         0 kB
FilePmdMapped:         0 kB
CmaTotal:              0 kB
CmaFree:               0 kB
Unaccepted:            0 kB
Balloon:               0 kB
HugePages_Total:       0
HugePages_Free:        0
HugePages_Rsvd:        0
HugePages_Surp:        0
Hugepagesize:       2048 kB
Hugetlb:               0 kB
DirectMap4k:      194432 kB
DirectMap2M:     6096896 kB
DirectMap1G:     4194304 kB
---SNAPSHOT---
2026-04-27 15:06:06
MemTotal:        8129240 kB
MemFree:         3572292 kB
MemAvailable:    3779036 kB
Buffers:            5928 kB
Cached:           315064 kB
SwapCached:       629828 kB
Active:          2899716 kB
Inactive:        1096912 kB
Active(anon):    2790380 kB
Inactive(anon):   939660 kB
Active(file):     109336 kB
Inactive(file):   157252 kB
Unevictable:          16 kB
Mlocked:              16 kB
SwapTotal:       4194300 kB
SwapFree:        3426816 kB
Zswap:                 0 kB
Zswapped:              0 kB
Dirty:               140 kB
Writeback:           228 kB
AnonPages:       3053184 kB
Mapped:           268260 kB
Shmem:             54448 kB
KReclaimable:      57052 kB
Slab:             284416 kB
SReclaimable:      57052 kB
SUnreclaim:       227364 kB
KernelStack:       18304 kB
PageTables:        50220 kB
SecPageTables:         0 kB
NFS_Unstable:          0 kB
Bounce:                0 kB
WritebackTmp:          0 kB
CommitLimit:     8258920 kB
Committed_AS:   11408960 kB
VmallocTotal:   34359738367 kB
VmallocUsed:       46568 kB
VmallocChunk:          0 kB
Percpu:            13280 kB
HardwareCorrupted:     0 kB
AnonHugePages:    212992 kB
ShmemHugePages:        0 kB
ShmemPmdMapped:        0 kB
FileHugePages:         0 kB
FilePmdMapped:         0 kB
CmaTotal:              0 kB
CmaFree:               0 kB
Unaccepted:            0 kB
Balloon:               0 kB
HugePages_Total:       0
HugePages_Free:        0
HugePages_Rsvd:        0
HugePages_Surp:        0
Hugepagesize:       2048 kB
Hugetlb:               0 kB
DirectMap4k:      194432 kB
DirectMap2M:     6096896 kB
DirectMap1G:     4194304 kB
---SNAPSHOT---
2026-04-27 15:06:07
MemTotal:        8129240 kB
MemFree:         3753980 kB
MemAvailable:    3960728 kB
Buffers:            5928 kB
Cached:           315068 kB
SwapCached:       643076 kB
Active:          2689648 kB
Inactive:        1111312 kB
Active(anon):    2580312 kB
Inactive(anon):   954056 kB
Active(file):     109336 kB
Inactive(file):   157256 kB
Unevictable:          16 kB
Mlocked:              16 kB
SwapTotal:       4194300 kB
SwapFree:        3413708 kB
Zswap:                 0 kB
Zswapped:              0 kB
Dirty:               144 kB
Writeback:           264 kB
AnonPages:       2844296 kB
Mapped:           268260 kB
Shmem:             54448 kB
KReclaimable:      57052 kB
Slab:             284416 kB
SReclaimable:      57052 kB
SUnreclaim:       227364 kB
KernelStack:       18288 kB
PageTables:        49588 kB
SecPageTables:         0 kB
NFS_Unstable:          0 kB
Bounce:                0 kB
WritebackTmp:          0 kB
CommitLimit:     8258920 kB
Committed_AS:   11409292 kB
VmallocTotal:   34359738367 kB
VmallocUsed:       46584 kB
VmallocChunk:          0 kB
Percpu:            13280 kB
HardwareCorrupted:     0 kB
AnonHugePages:    212992 kB
ShmemHugePages:        0 kB
ShmemPmdMapped:        0 kB
FileHugePages:         0 kB
FilePmdMapped:         0 kB
CmaTotal:              0 kB
CmaFree:               0 kB
Unaccepted:            0 kB
Balloon:               0 kB
HugePages_Total:       0
HugePages_Free:        0
HugePages_Rsvd:        0
HugePages_Surp:        0
Hugepagesize:       2048 kB
Hugetlb:               0 kB
DirectMap4k:      194432 kB
DirectMap2M:     6096896 kB
DirectMap1G:     4194304 kB
---SNAPSHOT---
2026-04-27 15:06:08
MemTotal:        8129240 kB
MemFree:         3304536 kB
MemAvailable:    3511284 kB
Buffers:            5928 kB
Cached:           315076 kB
SwapCached:       643208 kB
Active:          3151672 kB
Inactive:        1111444 kB
Active(anon):    3042336 kB
Inactive(anon):   954188 kB
Active(file):     109336 kB
Inactive(file):   157256 kB
Unevictable:          16 kB
Mlocked:              16 kB
SwapTotal:       4194300 kB
SwapFree:        3413576 kB
Zswap:                 0 kB
Zswapped:              0 kB
Dirty:               152 kB
Writeback:           152 kB
AnonPages:       3306376 kB
Mapped:           268260 kB
Shmem:             54448 kB
KReclaimable:      57052 kB
Slab:             284416 kB
SReclaimable:      57052 kB
SUnreclaim:       227364 kB
KernelStack:       18288 kB
PageTables:        50496 kB
SecPageTables:         0 kB
NFS_Unstable:          0 kB
Bounce:                0 kB
WritebackTmp:          0 kB
CommitLimit:     8258920 kB
Committed_AS:   11408960 kB
VmallocTotal:   34359738367 kB
VmallocUsed:       46568 kB
VmallocChunk:          0 kB
Percpu:            13280 kB
HardwareCorrupted:     0 kB
AnonHugePages:    212992 kB
ShmemHugePages:        0 kB
ShmemPmdMapped:        0 kB
FileHugePages:         0 kB
FilePmdMapped:         0 kB
CmaTotal:              0 kB
CmaFree:               0 kB
Unaccepted:            0 kB
Balloon:               0 kB
HugePages_Total:       0
HugePages_Free:        0
HugePages_Rsvd:        0
HugePages_Surp:        0
Hugepagesize:       2048 kB
Hugetlb:               0 kB
DirectMap4k:      194432 kB
DirectMap2M:     6096896 kB
DirectMap1G:     4194304 kB
---SNAPSHOT---
2026-04-27 15:06:09
MemTotal:        8129240 kB
MemFree:         3491884 kB
MemAvailable:    3698640 kB
Buffers:            5928 kB
Cached:           315080 kB
SwapCached:       643208 kB
Active:          2968392 kB
Inactive:        1111452 kB
Active(anon):    2859056 kB
Inactive(anon):   954188 kB
Active(file):     109336 kB
Inactive(file):   157264 kB
Unevictable:          16 kB
Mlocked:              16 kB
SwapTotal:       4194300 kB
SwapFree:        3413576 kB
Zswap:                 0 kB
Zswapped:              0 kB
Dirty:               156 kB
Writeback:           104 kB
AnonPages:       3122988 kB
Mapped:           268264 kB
Shmem:             54448 kB
KReclaimable:      57052 kB
Slab:             284416 kB
SReclaimable:      57052 kB
SUnreclaim:       227364 kB
KernelStack:       18316 kB
PageTables:        50320 kB
SecPageTables:         0 kB
NFS_Unstable:          0 kB
Bounce:                0 kB
WritebackTmp:          0 kB
CommitLimit:     8258920 kB
Committed_AS:   11409528 kB
VmallocTotal:   34359738367 kB
VmallocUsed:       46568 kB
VmallocChunk:          0 kB
Percpu:            13280 kB
HardwareCorrupted:     0 kB
AnonHugePages:    212992 kB
ShmemHugePages:        0 kB
ShmemPmdMapped:        0 kB
FileHugePages:         0 kB
FilePmdMapped:         0 kB
CmaTotal:              0 kB
CmaFree:               0 kB
Unaccepted:            0 kB
Balloon:               0 kB
HugePages_Total:       0
HugePages_Free:        0
HugePages_Rsvd:        0
HugePages_Surp:        0
Hugepagesize:       2048 kB
Hugetlb:               0 kB
DirectMap4k:      194432 kB
DirectMap2M:     6096896 kB
DirectMap1G:     4194304 kB
---SNAPSHOT---
2026-04-27 15:06:10
MemTotal:        8129240 kB
MemFree:         3149908 kB
MemAvailable:    3356676 kB
Buffers:            5936 kB
Cached:           315088 kB
SwapCached:       644640 kB
Active:          3320028 kB
Inactive:        1111464 kB
Active(anon):    3210692 kB
Inactive(anon):   954188 kB
Active(file):     109336 kB
Inactive(file):   157276 kB
Unevictable:          16 kB
Mlocked:              16 kB
SwapTotal:       4194300 kB
SwapFree:        3412144 kB
Zswap:                 0 kB
Zswapped:              0 kB
Dirty:               164 kB
Writeback:           660 kB
AnonPages:       3473392 kB
Mapped:           268260 kB
Shmem:             54448 kB
KReclaimable:      57052 kB
Slab:             284416 kB
SReclaimable:      57052 kB
SUnreclaim:       227364 kB
KernelStack:       18304 kB
PageTables:        50872 kB
SecPageTables:         0 kB
NFS_Unstable:          0 kB
Bounce:                0 kB
WritebackTmp:          0 kB
CommitLimit:     8258920 kB
Committed_AS:   11409452 kB
VmallocTotal:   34359738367 kB
VmallocUsed:       46568 kB
VmallocChunk:          0 kB
Percpu:            13280 kB
HardwareCorrupted:     0 kB
AnonHugePages:    212992 kB
ShmemHugePages:        0 kB
ShmemPmdMapped:        0 kB
FileHugePages:         0 kB
FilePmdMapped:         0 kB
CmaTotal:              0 kB
CmaFree:               0 kB
Unaccepted:            0 kB
Balloon:               0 kB
HugePages_Total:       0
HugePages_Free:        0
HugePages_Rsvd:        0
HugePages_Surp:        0
Hugepagesize:       2048 kB
Hugetlb:               0 kB
DirectMap4k:      194432 kB
DirectMap2M:     6096896 kB
DirectMap1G:     4194304 kB
---SNAPSHOT---
2026-04-27 15:06:11
MemTotal:        8129240 kB
MemFree:         2927404 kB
MemAvailable:    3134176 kB
Buffers:            5936 kB
Cached:           315092 kB
SwapCached:       647664 kB
Active:          3543448 kB
Inactive:        1115348 kB
Active(anon):    3434112 kB
Inactive(anon):   958068 kB
Active(file):     109336 kB
Inactive(file):   157280 kB
Unevictable:          16 kB
Mlocked:              16 kB
SwapTotal:       4194300 kB
SwapFree:        3409120 kB
Zswap:                 0 kB
Zswapped:              0 kB
Dirty:               168 kB
Writeback:           764 kB
AnonPages:       3697268 kB
Mapped:           268260 kB
Shmem:             54448 kB
KReclaimable:      57052 kB
Slab:             284416 kB
SReclaimable:      57052 kB
SUnreclaim:       227364 kB
KernelStack:       18272 kB
PageTables:        51232 kB
SecPageTables:         0 kB
NFS_Unstable:          0 kB
Bounce:                0 kB
WritebackTmp:          0 kB
CommitLimit:     8258920 kB
Committed_AS:   11409344 kB
VmallocTotal:   34359738367 kB
VmallocUsed:       46520 kB
VmallocChunk:          0 kB
Percpu:            13280 kB
HardwareCorrupted:     0 kB
AnonHugePages:    212992 kB
ShmemHugePages:        0 kB
ShmemPmdMapped:        0 kB
FileHugePages:         0 kB
FilePmdMapped:         0 kB
CmaTotal:              0 kB
CmaFree:               0 kB
Unaccepted:            0 kB
Balloon:               0 kB
HugePages_Total:       0
HugePages_Free:        0
HugePages_Rsvd:        0
HugePages_Surp:        0
Hugepagesize:       2048 kB
Hugetlb:               0 kB
DirectMap4k:      194432 kB
DirectMap2M:     6096896 kB
DirectMap1G:     4194304 kB
---SNAPSHOT---
2026-04-27 15:06:12
MemTotal:        8129240 kB
MemFree:         3307848 kB
MemAvailable:    3514632 kB
Buffers:            5936 kB
Cached:           315096 kB
SwapCached:       654516 kB
Active:          3114632 kB
Inactive:        1121564 kB
Active(anon):    3005296 kB
Inactive(anon):   964272 kB
Active(file):     109336 kB
Inactive(file):   157292 kB
Unevictable:          16 kB
Mlocked:              16 kB
SwapTotal:       4194300 kB
SwapFree:        3402268 kB
Zswap:                 0 kB
Zswapped:              0 kB
Dirty:               172 kB
Writeback:           196 kB
AnonPages:       3268180 kB
Mapped:           268260 kB
Shmem:             54448 kB
KReclaimable:      57052 kB
Slab:             284392 kB
SReclaimable:      57052 kB
SUnreclaim:       227340 kB
KernelStack:       18288 kB
PageTables:        50428 kB
SecPageTables:         0 kB
NFS_Unstable:          0 kB
Bounce:                0 kB
WritebackTmp:          0 kB
CommitLimit:     8258920 kB
Committed_AS:   11409680 kB
VmallocTotal:   34359738367 kB
VmallocUsed:       46504 kB
VmallocChunk:          0 kB
Percpu:            13280 kB
HardwareCorrupted:     0 kB
AnonHugePages:    212992 kB
ShmemHugePages:        0 kB
ShmemPmdMapped:        0 kB
FileHugePages:         0 kB
FilePmdMapped:         0 kB
CmaTotal:              0 kB
CmaFree:               0 kB
Unaccepted:            0 kB
Balloon:               0 kB
HugePages_Total:       0
HugePages_Free:        0
HugePages_Rsvd:        0
HugePages_Surp:        0
Hugepagesize:       2048 kB
Hugetlb:               0 kB
DirectMap4k:      194432 kB
DirectMap2M:     6096896 kB
DirectMap1G:     4194304 kB
---SNAPSHOT---
2026-04-27 15:06:13
MemTotal:        8129240 kB
MemFree:         3078832 kB
MemAvailable:    3285620 kB
Buffers:            5936 kB
Cached:           315104 kB
SwapCached:       654656 kB
Active:          3350516 kB
Inactive:        1121772 kB
Active(anon):    3241180 kB
Inactive(anon):   964476 kB
Active(file):     109336 kB
Inactive(file):   157296 kB
Unevictable:          16 kB
Mlocked:              16 kB
SwapTotal:       4194300 kB
SwapFree:        3402128 kB
Zswap:                 0 kB
Zswapped:              0 kB
Dirty:               180 kB
Writeback:           148 kB
AnonPages:       3503704 kB
Mapped:           268260 kB
Shmem:             54448 kB
KReclaimable:      57052 kB
Slab:             284392 kB
SReclaimable:      57052 kB
SUnreclaim:       227340 kB
KernelStack:       18288 kB
PageTables:        50852 kB
SecPageTables:         0 kB
NFS_Unstable:          0 kB
Bounce:                0 kB
WritebackTmp:          0 kB
CommitLimit:     8258920 kB
Committed_AS:   11409440 kB
VmallocTotal:   34359738367 kB
VmallocUsed:       46504 kB
VmallocChunk:          0 kB
Percpu:            13280 kB
HardwareCorrupted:     0 kB
AnonHugePages:    212992 kB
ShmemHugePages:        0 kB
ShmemPmdMapped:        0 kB
FileHugePages:         0 kB
FilePmdMapped:         0 kB
CmaTotal:              0 kB
CmaFree:               0 kB
Unaccepted:            0 kB
Balloon:               0 kB
HugePages_Total:       0
HugePages_Free:        0
HugePages_Rsvd:        0
HugePages_Surp:        0
Hugepagesize:       2048 kB
Hugetlb:               0 kB
DirectMap4k:      194432 kB
DirectMap2M:     6096896 kB
DirectMap1G:     4194304 kB
---SNAPSHOT---
2026-04-27 15:06:14
MemTotal:        8129240 kB
MemFree:         3423220 kB
MemAvailable:    3630012 kB
Buffers:            5936 kB
Cached:           315108 kB
SwapCached:       655664 kB
Active:          2931168 kB
Inactive:        1121776 kB
Active(anon):    2821832 kB
Inactive(anon):   964476 kB
Active(file):     109336 kB
Inactive(file):   157300 kB
Unevictable:          16 kB
Mlocked:              16 kB
SwapTotal:       4194300 kB
SwapFree:        3401120 kB
Zswap:                 0 kB
Zswapped:              0 kB
Dirty:               184 kB
Writeback:           724 kB
AnonPages:       3083300 kB
Mapped:           268260 kB
Shmem:             54448 kB
KReclaimable:      57052 kB
Slab:             284392 kB
SReclaimable:      57052 kB
SUnreclaim:       227340 kB
KernelStack:       18288 kB
PageTables:        51292 kB
SecPageTables:         0 kB
NFS_Unstable:          0 kB
Bounce:                0 kB
WritebackTmp:          0 kB
CommitLimit:     8258920 kB
Committed_AS:   11409448 kB
VmallocTotal:   34359738367 kB
VmallocUsed:       46504 kB
VmallocChunk:          0 kB
Percpu:            13280 kB
HardwareCorrupted:     0 kB
AnonHugePages:    212992 kB
ShmemHugePages:        0 kB
ShmemPmdMapped:        0 kB
FileHugePages:         0 kB
FilePmdMapped:         0 kB
CmaTotal:              0 kB
CmaFree:               0 kB
Unaccepted:            0 kB
Balloon:               0 kB
HugePages_Total:       0
HugePages_Free:        0
HugePages_Rsvd:        0
HugePages_Surp:        0
Hugepagesize:       2048 kB
Hugetlb:               0 kB
DirectMap4k:      194432 kB
DirectMap2M:     6096896 kB
DirectMap1G:     4194304 kB
---SNAPSHOT---
2026-04-27 15:06:15
MemTotal:        8129240 kB
MemFree:         3847220 kB
MemAvailable:    4054024 kB
Buffers:            5944 kB
Cached:           315116 kB
SwapCached:       666036 kB
Active:          2553824 kB
Inactive:        1131808 kB
Active(anon):    2444488 kB
Inactive(anon):   974496 kB
Active(file):     109336 kB
Inactive(file):   157312 kB
Unevictable:          16 kB
Mlocked:              16 kB
SwapTotal:       4194300 kB
SwapFree:        3390548 kB
Zswap:                 0 kB
Zswapped:              0 kB
Dirty:               192 kB
Writeback:           232 kB
AnonPages:       2705972 kB
Mapped:           268260 kB
Shmem:             54448 kB
KReclaimable:      57052 kB
Slab:             284416 kB
SReclaimable:      57052 kB
SUnreclaim:       227364 kB
KernelStack:       18304 kB
PageTables:        49304 kB
SecPageTables:         0 kB
NFS_Unstable:          0 kB
Bounce:                0 kB
WritebackTmp:          0 kB
CommitLimit:     8258920 kB
Committed_AS:   11409052 kB
VmallocTotal:   34359738367 kB
VmallocUsed:       46504 kB
VmallocChunk:          0 kB
Percpu:            13280 kB
HardwareCorrupted:     0 kB
AnonHugePages:    212992 kB
ShmemHugePages:        0 kB
ShmemPmdMapped:        0 kB
FileHugePages:         0 kB
FilePmdMapped:         0 kB
CmaTotal:              0 kB
CmaFree:               0 kB
Unaccepted:            0 kB
Balloon:               0 kB
HugePages_Total:       0
HugePages_Free:        0
HugePages_Rsvd:        0
HugePages_Surp:        0
Hugepagesize:       2048 kB
Hugetlb:               0 kB
DirectMap4k:      194432 kB
DirectMap2M:     6096896 kB
DirectMap1G:     4194304 kB
---SNAPSHOT---
2026-04-27 15:06:16
MemTotal:        8129240 kB
MemFree:         3417372 kB
MemAvailable:    3624188 kB
Buffers:            5944 kB
Cached:           315120 kB
SwapCached:       775924 kB
Active:          2890716 kB
Inactive:        1242592 kB
Active(anon):    2781380 kB
Inactive(anon):  1085268 kB
Active(file):     109336 kB
Inactive(file):   157324 kB
Unevictable:          16 kB
Mlocked:              16 kB
SwapTotal:       4194300 kB
SwapFree:        3280860 kB
Zswap:                 0 kB
Zswapped:              0 kB
Dirty:               196 kB
Writeback:           296 kB
AnonPages:       3043416 kB
Mapped:           268260 kB
Shmem:             54448 kB
KReclaimable:      57052 kB
Slab:             284408 kB
SReclaimable:      57052 kB
SUnreclaim:       227356 kB
KernelStack:       18304 kB
PageTables:        50152 kB
SecPageTables:         0 kB
NFS_Unstable:          0 kB
Bounce:                0 kB
WritebackTmp:          0 kB
CommitLimit:     8258920 kB
Committed_AS:   11409672 kB
VmallocTotal:   34359738367 kB
VmallocUsed:       46520 kB
VmallocChunk:          0 kB
Percpu:            13280 kB
HardwareCorrupted:     0 kB
AnonHugePages:    212992 kB
ShmemHugePages:        0 kB
ShmemPmdMapped:        0 kB
FileHugePages:         0 kB
FilePmdMapped:         0 kB
CmaTotal:              0 kB
CmaFree:               0 kB
Unaccepted:            0 kB
Balloon:               0 kB
HugePages_Total:       0
HugePages_Free:        0
HugePages_Rsvd:        0
HugePages_Surp:        0
Hugepagesize:       2048 kB
Hugetlb:               0 kB
DirectMap4k:      194432 kB
DirectMap2M:     6096896 kB
DirectMap1G:     4194304 kB
---SNAPSHOT---
2026-04-27 15:06:17
MemTotal:        8129240 kB
MemFree:         3592576 kB
MemAvailable:    3799396 kB
Buffers:            5944 kB
Cached:           315124 kB
SwapCached:       806652 kB
Active:          2655508 kB
Inactive:        1274704 kB
Active(anon):    2546172 kB
Inactive(anon):  1117376 kB
Active(file):     109336 kB
Inactive(file):   157328 kB
Unevictable:          16 kB
Mlocked:              16 kB
SwapTotal:       4194300 kB
SwapFree:        3249976 kB
Zswap:                 0 kB
Zswapped:              0 kB
Dirty:               200 kB
Writeback:           744 kB
AnonPages:       2810308 kB
Mapped:           268260 kB
Shmem:             54448 kB
KReclaimable:      57052 kB
Slab:             284368 kB
SReclaimable:      57052 kB
SUnreclaim:       227316 kB
KernelStack:       18304 kB
PageTables:        49904 kB
SecPageTables:         0 kB
NFS_Unstable:          0 kB
Bounce:                0 kB
WritebackTmp:          0 kB
CommitLimit:     8258920 kB
Committed_AS:   11409092 kB
VmallocTotal:   34359738367 kB
VmallocUsed:       46504 kB
VmallocChunk:          0 kB
Percpu:            13280 kB
HardwareCorrupted:     0 kB
AnonHugePages:    212992 kB
ShmemHugePages:        0 kB
ShmemPmdMapped:        0 kB
FileHugePages:         0 kB
FilePmdMapped:         0 kB
CmaTotal:              0 kB
CmaFree:               0 kB
Unaccepted:            0 kB
Balloon:               0 kB
HugePages_Total:       0
HugePages_Free:        0
HugePages_Rsvd:        0
HugePages_Surp:        0
Hugepagesize:       2048 kB
Hugetlb:               0 kB
DirectMap4k:      194432 kB
DirectMap2M:     6096896 kB
DirectMap1G:     4194304 kB
---SNAPSHOT---
2026-04-27 15:06:18
MemTotal:        8129240 kB
MemFree:         3819680 kB
MemAvailable:    4026504 kB
Buffers:            5944 kB
Cached:           315132 kB
SwapCached:       831292 kB
Active:          2415148 kB
Inactive:        1297592 kB
Active(anon):    2305812 kB
Inactive(anon):  1140260 kB
Active(file):     109336 kB
Inactive(file):   157332 kB
Unevictable:          16 kB
Mlocked:              16 kB
SwapTotal:       4194300 kB
SwapFree:        3225492 kB
Zswap:                 0 kB
Zswapped:              0 kB
Dirty:               208 kB
Writeback:           712 kB
AnonPages:       2567948 kB
Mapped:           268260 kB
Shmem:             54448 kB
KReclaimable:      57052 kB
Slab:             284392 kB
SReclaimable:      57052 kB
SUnreclaim:       227340 kB
KernelStack:       18272 kB
PageTables:        49240 kB
SecPageTables:         0 kB
NFS_Unstable:          0 kB
Bounce:                0 kB
WritebackTmp:          0 kB
CommitLimit:     8258920 kB
Committed_AS:   11409184 kB
VmallocTotal:   34359738367 kB
VmallocUsed:       46536 kB
VmallocChunk:          0 kB
Percpu:            13280 kB
HardwareCorrupted:     0 kB
AnonHugePages:    212992 kB
ShmemHugePages:        0 kB
ShmemPmdMapped:        0 kB
FileHugePages:         0 kB
FilePmdMapped:         0 kB
CmaTotal:              0 kB
CmaFree:               0 kB
Unaccepted:            0 kB
Balloon:               0 kB
HugePages_Total:       0
HugePages_Free:        0
HugePages_Rsvd:        0
HugePages_Surp:        0
Hugepagesize:       2048 kB
Hugetlb:               0 kB
DirectMap4k:      194432 kB
DirectMap2M:     6096896 kB
DirectMap1G:     4194304 kB
---SNAPSHOT---
2026-04-27 15:06:19
MemTotal:        8129240 kB
MemFree:         3365416 kB
MemAvailable:    3572248 kB
Buffers:            5944 kB
Cached:           315136 kB
SwapCached:       831460 kB
Active:          2885020 kB
Inactive:        1297868 kB
Active(anon):    2775684 kB
Inactive(anon):  1140528 kB
Active(file):     109336 kB
Inactive(file):   157340 kB
Unevictable:          16 kB
Mlocked:              16 kB
SwapTotal:       4194300 kB
SwapFree:        3225324 kB
Zswap:                 0 kB
Zswapped:              0 kB
Dirty:               212 kB
Writeback:           712 kB
AnonPages:       3037580 kB
Mapped:           268260 kB
Shmem:             54448 kB
KReclaimable:      57052 kB
Slab:             284392 kB
SReclaimable:      57052 kB
SUnreclaim:       227340 kB
KernelStack:       18320 kB
PageTables:        50272 kB
SecPageTables:         0 kB
NFS_Unstable:          0 kB
Bounce:                0 kB
WritebackTmp:          0 kB
CommitLimit:     8258920 kB
Committed_AS:   11409432 kB
VmallocTotal:   34359738367 kB
VmallocUsed:       46552 kB
VmallocChunk:          0 kB
Percpu:            13280 kB
HardwareCorrupted:     0 kB
AnonHugePages:    212992 kB
ShmemHugePages:        0 kB
ShmemPmdMapped:        0 kB
FileHugePages:         0 kB
FilePmdMapped:         0 kB
CmaTotal:              0 kB
CmaFree:               0 kB
Unaccepted:            0 kB
Balloon:               0 kB
HugePages_Total:       0
HugePages_Free:        0
HugePages_Rsvd:        0
HugePages_Surp:        0
Hugepagesize:       2048 kB
Hugetlb:               0 kB
DirectMap4k:      194432 kB
DirectMap2M:     6096896 kB
DirectMap1G:     4194304 kB
---SNAPSHOT---
2026-04-27 15:06:20
MemTotal:        8129240 kB
MemFree:         3567172 kB
MemAvailable:    3774012 kB
Buffers:            5952 kB
Cached:           315148 kB
SwapCached:       832976 kB
Active:          2693868 kB
Inactive:        1299612 kB
Active(anon):    2584532 kB
Inactive(anon):  1142264 kB
Active(file):     109336 kB
Inactive(file):   157348 kB
Unevictable:          16 kB
Mlocked:              16 kB
SwapTotal:       4194300 kB
SwapFree:        3223808 kB
Zswap:                 0 kB
Zswapped:              0 kB
Dirty:               184 kB
Writeback:           788 kB
AnonPages:       2846832 kB
Mapped:           268260 kB
Shmem:             54448 kB
KReclaimable:      57052 kB
Slab:             284392 kB
SReclaimable:      57052 kB
SUnreclaim:       227340 kB
KernelStack:       18288 kB
PageTables:        49884 kB
SecPageTables:         0 kB
NFS_Unstable:          0 kB
Bounce:                0 kB
WritebackTmp:          0 kB
CommitLimit:     8258920 kB
