---SNAPSHOT---
2026-04-27 13:42:30
MemTotal:        8129240 kB
MemFree:         5026260 kB
MemAvailable:    4745324 kB
Buffers:            5104 kB
Cached:           271164 kB
SwapCached:        39688 kB
Active:          1919292 kB
Inactive:         569540 kB
Active(anon):    1827588 kB
Inactive(anon):   422780 kB
Active(file):      91704 kB
Inactive(file):   146760 kB
Unevictable:           0 kB
Mlocked:               0 kB
SwapTotal:       4194300 kB
SwapFree:        4017096 kB
Zswap:                 0 kB
Zswapped:              0 kB
Dirty:               284 kB
Writeback:             0 kB
AnonPages:       2178200 kB
Mapped:           230256 kB
Shmem:             37300 kB
KReclaimable:      54748 kB
Slab:             282360 kB
SReclaimable:      54748 kB
SUnreclaim:       227612 kB
KernelStack:       18760 kB
PageTables:        54564 kB
SecPageTables:         0 kB
NFS_Unstable:          0 kB
Bounce:                0 kB
WritebackTmp:          0 kB
CommitLimit:     8258920 kB
Committed_AS:    9310740 kB
VmallocTotal:   34359738367 kB
VmallocUsed:       46936 kB
VmallocChunk:          0 kB
Percpu:            13280 kB
HardwareCorrupted:     0 kB
AnonHugePages:    233472 kB
ShmemHugePages:        0 kB
ShmemPmdMapped:        0 kB
FileHugePages:         0 kB
FilePmdMapped:         0 kB
CmaTotal:              0 kB
CmaFree:               0 kB
Unaccepted:            0 kB
Balloon:               0 kB
HugePages_Total:       0
HugePages_Free:        0
HugePages_Rsvd:        0
HugePages_Surp:        0
Hugepagesize:       2048 kB
Hugetlb:               0 kB
DirectMap4k:      194432 kB
DirectMap2M:     6096896 kB
DirectMap1G:     4194304 kB
---SNAPSHOT---
2026-04-27 13:42:31
MemTotal:        8129240 kB
MemFree:         5026076 kB
MemAvailable:    4745584 kB
Buffers:            5124 kB
Cached:           271544 kB
SwapCached:        39688 kB
Active:          1920028 kB
Inactive:         569968 kB
Active(anon):    1827868 kB
Inactive(anon):   422780 kB
Active(file):      92160 kB
Inactive(file):   147188 kB
Unevictable:           0 kB
Mlocked:               0 kB
SwapTotal:       4194300 kB
SwapFree:        4017096 kB
Zswap:                 0 kB
Zswapped:              0 kB
Dirty:               300 kB
Writeback:             0 kB
AnonPages:       2178656 kB
Mapped:           230296 kB
Shmem:             37300 kB
KReclaimable:      54748 kB
Slab:             282360 kB
SReclaimable:      54748 kB
SUnreclaim:       227612 kB
KernelStack:       18752 kB
PageTables:        54460 kB
SecPageTables:         0 kB
NFS_Unstable:          0 kB
Bounce:                0 kB
WritebackTmp:          0 kB
CommitLimit:     8258920 kB
Committed_AS:    9311220 kB
VmallocTotal:   34359738367 kB
VmallocUsed:       47016 kB
VmallocChunk:          0 kB
Percpu:            13280 kB
HardwareCorrupted:     0 kB
AnonHugePages:    233472 kB
ShmemHugePages:        0 kB
ShmemPmdMapped:        0 kB
FileHugePages:         0 kB
FilePmdMapped:         0 kB
CmaTotal:              0 kB
CmaFree:               0 kB
Unaccepted:            0 kB
Balloon:               0 kB
HugePages_Total:       0
HugePages_Free:        0
HugePages_Rsvd:        0
HugePages_Surp:        0
Hugepagesize:       2048 kB
Hugetlb:               0 kB
DirectMap4k:      194432 kB
DirectMap2M:     6096896 kB
DirectMap1G:     4194304 kB
---SNAPSHOT---
2026-04-27 13:42:32
MemTotal:        8129240 kB
MemFree:         5022596 kB
MemAvailable:    4742576 kB
Buffers:            5148 kB
Cached:           271704 kB
SwapCached:        39688 kB
Active:          1920768 kB
Inactive:         570056 kB
Active(anon):    1828436 kB
Inactive(anon):   422780 kB
Active(file):      92332 kB
Inactive(file):   147276 kB
Unevictable:           0 kB
Mlocked:               0 kB
SwapTotal:       4194300 kB
SwapFree:        4017096 kB
Zswap:                 0 kB
Zswapped:              0 kB
Dirty:               360 kB
Writeback:             0 kB
AnonPages:       2179240 kB
Mapped:           230296 kB
Shmem:             37300 kB
KReclaimable:      55436 kB
Slab:             283240 kB
SReclaimable:      55436 kB
SUnreclaim:       227804 kB
KernelStack:       18800 kB
PageTables:        54676 kB
SecPageTables:         0 kB
NFS_Unstable:          0 kB
Bounce:                0 kB
WritebackTmp:          0 kB
CommitLimit:     8258920 kB
Committed_AS:    9312516 kB
VmallocTotal:   34359738367 kB
VmallocUsed:       47032 kB
VmallocChunk:          0 kB
Percpu:            13280 kB
HardwareCorrupted:     0 kB
AnonHugePages:    233472 kB
ShmemHugePages:        0 kB
ShmemPmdMapped:        0 kB
FileHugePages:         0 kB
FilePmdMapped:         0 kB
CmaTotal:              0 kB
CmaFree:               0 kB
Unaccepted:            0 kB
Balloon:               0 kB
HugePages_Total:       0
HugePages_Free:        0
HugePages_Rsvd:        0
HugePages_Surp:        0
Hugepagesize:       2048 kB
Hugetlb:               0 kB
DirectMap4k:      194432 kB
DirectMap2M:     6096896 kB
DirectMap1G:     4194304 kB
---SNAPSHOT---
2026-04-27 13:42:33
MemTotal:        8129240 kB
MemFree:         5017820 kB
MemAvailable:    4740204 kB
Buffers:            5692 kB
Cached:           275960 kB
SwapCached:        39688 kB
Active:          1925108 kB
Inactive:         570756 kB
Active(anon):    1828672 kB
Inactive(anon):   422780 kB
Active(file):      96436 kB
Inactive(file):   147976 kB
Unevictable:           0 kB
Mlocked:               0 kB
SwapTotal:       4194300 kB
SwapFree:        4017096 kB
Zswap:                 0 kB
Zswapped:              0 kB
Dirty:               368 kB
Writeback:             0 kB
AnonPages:       2179300 kB
Mapped:           230752 kB
Shmem:             37300 kB
KReclaimable:      55436 kB
Slab:             283272 kB
SReclaimable:      55436 kB
SUnreclaim:       227836 kB
KernelStack:       18828 kB
PageTables:        54988 kB
SecPageTables:         0 kB
NFS_Unstable:          0 kB
Bounce:                0 kB
WritebackTmp:          0 kB
CommitLimit:     8258920 kB
Committed_AS:    9319752 kB
VmallocTotal:   34359738367 kB
VmallocUsed:       47064 kB
VmallocChunk:          0 kB
Percpu:            13280 kB
HardwareCorrupted:     0 kB
AnonHugePages:    233472 kB
ShmemHugePages:        0 kB
ShmemPmdMapped:        0 kB
FileHugePages:         0 kB
FilePmdMapped:         0 kB
CmaTotal:              0 kB
CmaFree:               0 kB
Unaccepted:            0 kB
Balloon:               0 kB
HugePages_Total:       0
HugePages_Free:        0
HugePages_Rsvd:        0
HugePages_Surp:        0
Hugepagesize:       2048 kB
Hugetlb:               0 kB
DirectMap4k:      194432 kB
DirectMap2M:     6096896 kB
DirectMap1G:     4194304 kB
---SNAPSHOT---
2026-04-27 13:42:34
MemTotal:        8129240 kB
MemFree:         4142892 kB
MemAvailable:    3869180 kB
Buffers:            5692 kB
Cached:           300892 kB
SwapCached:        39688 kB
Active:          2798196 kB
Inactive:         570764 kB
Active(anon):    2693956 kB
Inactive(anon):   422780 kB
Active(file):     104240 kB
Inactive(file):   147984 kB
Unevictable:           0 kB
Mlocked:               0 kB
SwapTotal:       4194300 kB
SwapFree:        4017096 kB
Zswap:                 0 kB
Zswapped:              0 kB
Dirty:               372 kB
Writeback:             0 kB
AnonPages:       3027304 kB
Mapped:           251304 kB
Shmem:             54416 kB
KReclaimable:      55436 kB
Slab:             283436 kB
SReclaimable:      55436 kB
SUnreclaim:       228000 kB
KernelStack:       18848 kB
PageTables:        57824 kB
SecPageTables:         0 kB
NFS_Unstable:          0 kB
Bounce:                0 kB
WritebackTmp:          0 kB
CommitLimit:     8258920 kB
Committed_AS:   11968144 kB
VmallocTotal:   34359738367 kB
VmallocUsed:       47112 kB
VmallocChunk:          0 kB
Percpu:            13280 kB
HardwareCorrupted:     0 kB
AnonHugePages:    888832 kB
ShmemHugePages:        0 kB
ShmemPmdMapped:        0 kB
FileHugePages:         0 kB
FilePmdMapped:         0 kB
CmaTotal:              0 kB
CmaFree:               0 kB
Unaccepted:            0 kB
Balloon:               0 kB
HugePages_Total:       0
HugePages_Free:        0
HugePages_Rsvd:        0
HugePages_Surp:        0
Hugepagesize:       2048 kB
Hugetlb:               0 kB
DirectMap4k:      194432 kB
DirectMap2M:     6096896 kB
DirectMap1G:     4194304 kB
---SNAPSHOT---
2026-04-27 13:42:35
MemTotal:        8129240 kB
MemFree:         3133992 kB
MemAvailable:    2861240 kB
Buffers:            5692 kB
Cached:           301232 kB
SwapCached:        39688 kB
Active:          3793756 kB
Inactive:         570844 kB
Active(anon):    3689296 kB
Inactive(anon):   422780 kB
Active(file):     104460 kB
Inactive(file):   148064 kB
Unevictable:          16 kB
Mlocked:              16 kB
SwapTotal:       4194300 kB
SwapFree:        4017096 kB
Zswap:                 0 kB
Zswapped:              0 kB
Dirty:               456 kB
Writeback:             0 kB
AnonPages:       4022920 kB
Mapped:           251128 kB
Shmem:             54448 kB
KReclaimable:      57052 kB
Slab:             285072 kB
SReclaimable:      57052 kB
SUnreclaim:       228020 kB
KernelStack:       18912 kB
PageTables:        58956 kB
SecPageTables:         0 kB
NFS_Unstable:          0 kB
Bounce:                0 kB
WritebackTmp:          0 kB
CommitLimit:     8258920 kB
Committed_AS:   11968632 kB
VmallocTotal:   34359738367 kB
VmallocUsed:       47144 kB
VmallocChunk:          0 kB
Percpu:            13280 kB
HardwareCorrupted:     0 kB
AnonHugePages:   1656832 kB
ShmemHugePages:        0 kB
ShmemPmdMapped:        0 kB
FileHugePages:         0 kB
FilePmdMapped:         0 kB
CmaTotal:              0 kB
CmaFree:               0 kB
Unaccepted:            0 kB
Balloon:               0 kB
HugePages_Total:       0
HugePages_Free:        0
HugePages_Rsvd:        0
HugePages_Surp:        0
Hugepagesize:       2048 kB
Hugetlb:               0 kB
DirectMap4k:      194432 kB
DirectMap2M:     6096896 kB
DirectMap1G:     4194304 kB
---SNAPSHOT---
2026-04-27 13:42:36
MemTotal:        8129240 kB
MemFree:         3465312 kB
MemAvailable:    3192560 kB
Buffers:            5692 kB
Cached:           301236 kB
SwapCached:       272588 kB
Active:          3169812 kB
Inactive:         802180 kB
Active(anon):    3065352 kB
Inactive(anon):   654116 kB
Active(file):     104460 kB
Inactive(file):   148064 kB
Unevictable:          16 kB
Mlocked:              16 kB
SwapTotal:       4194300 kB
SwapFree:        3784136 kB
Zswap:                 0 kB
Zswapped:              0 kB
Dirty:               460 kB
Writeback:          1364 kB
AnonPages:       3398556 kB
Mapped:           251128 kB
Shmem:             54448 kB
KReclaimable:      57052 kB
Slab:             285132 kB
SReclaimable:      57052 kB
SUnreclaim:       228080 kB
KernelStack:       18928 kB
PageTables:        57964 kB
SecPageTables:         0 kB
NFS_Unstable:          0 kB
Bounce:                0 kB
WritebackTmp:          0 kB
CommitLimit:     8258920 kB
Committed_AS:   11968844 kB
VmallocTotal:   34359738367 kB
VmallocUsed:       47112 kB
VmallocChunk:          0 kB
Percpu:            13280 kB
HardwareCorrupted:     0 kB
AnonHugePages:    811008 kB
ShmemHugePages:        0 kB
ShmemPmdMapped:        0 kB
FileHugePages:         0 kB
FilePmdMapped:         0 kB
CmaTotal:              0 kB
CmaFree:               0 kB
Unaccepted:            0 kB
Balloon:               0 kB
HugePages_Total:       0
HugePages_Free:        0
HugePages_Rsvd:        0
HugePages_Surp:        0
Hugepagesize:       2048 kB
Hugetlb:               0 kB
DirectMap4k:      194432 kB
DirectMap2M:     6096896 kB
DirectMap1G:     4194304 kB
---SNAPSHOT---
2026-04-27 13:42:39
MemTotal:        8129240 kB
MemFree:         3379208 kB
MemAvailable:    3106440 kB
Buffers:            5700 kB
Cached:           301240 kB
SwapCached:       471312 kB
Active:          3032736 kB
Inactive:         987068 kB
Active(anon):    2928320 kB
Inactive(anon):   838988 kB
Active(file):     104416 kB
Inactive(file):   148080 kB
Unevictable:          16 kB
Mlocked:              16 kB
SwapTotal:       4194300 kB
SwapFree:        3585472 kB
Zswap:                 0 kB
Zswapped:              0 kB
Dirty:               464 kB
Writeback:         15368 kB
AnonPages:       3249956 kB
Mapped:           251228 kB
Shmem:             54448 kB
KReclaimable:      57052 kB
Slab:             286048 kB
SReclaimable:      57052 kB
SUnreclaim:       228996 kB
KernelStack:       18928 kB
PageTables:        58316 kB
SecPageTables:         0 kB
NFS_Unstable:          0 kB
Bounce:                0 kB
WritebackTmp:          0 kB
CommitLimit:     8258920 kB
Committed_AS:   11967844 kB
VmallocTotal:   34359738367 kB
VmallocUsed:       47128 kB
VmallocChunk:          0 kB
Percpu:            13280 kB
HardwareCorrupted:     0 kB
AnonHugePages:   1292288 kB
ShmemHugePages:        0 kB
ShmemPmdMapped:        0 kB
FileHugePages:         0 kB
FilePmdMapped:         0 kB
CmaTotal:              0 kB
CmaFree:               0 kB
Unaccepted:            0 kB
Balloon:               0 kB
HugePages_Total:       0
HugePages_Free:        0
HugePages_Rsvd:        0
HugePages_Surp:        0
Hugepagesize:       2048 kB
Hugetlb:               0 kB
DirectMap4k:      194432 kB
DirectMap2M:     6096896 kB
DirectMap1G:     4194304 kB
---SNAPSHOT---
2026-04-27 13:42:40
MemTotal:        8129240 kB
MemFree:         2893076 kB
MemAvailable:    2620336 kB
Buffers:            5700 kB
Cached:           301248 kB
SwapCached:       471456 kB
Active:          3561264 kB
Inactive:         993164 kB
Active(anon):    3456804 kB
Inactive(anon):   845076 kB
Active(file):     104460 kB
Inactive(file):   148088 kB
Unevictable:          16 kB
Mlocked:              16 kB
SwapTotal:       4194300 kB
SwapFree:        3585328 kB
Zswap:                 0 kB
Zswapped:              0 kB
Dirty:               472 kB
Writeback:          9368 kB
AnonPages:       3784356 kB
Mapped:           251128 kB
Shmem:             54448 kB
KReclaimable:      57052 kB
Slab:             285668 kB
SReclaimable:      57052 kB
SUnreclaim:       228616 kB
KernelStack:       18928 kB
PageTables:        59464 kB
SecPageTables:         0 kB
NFS_Unstable:          0 kB
Bounce:                0 kB
WritebackTmp:          0 kB
CommitLimit:     8258920 kB
Committed_AS:   11968588 kB
VmallocTotal:   34359738367 kB
VmallocUsed:       47176 kB
VmallocChunk:          0 kB
Percpu:            13280 kB
HardwareCorrupted:     0 kB
AnonHugePages:   1826816 kB
ShmemHugePages:        0 kB
ShmemPmdMapped:        0 kB
FileHugePages:         0 kB
FilePmdMapped:         0 kB
CmaTotal:              0 kB
CmaFree:               0 kB
Unaccepted:            0 kB
Balloon:               0 kB
HugePages_Total:       0
HugePages_Free:        0
HugePages_Rsvd:        0
HugePages_Surp:        0
Hugepagesize:       2048 kB
Hugetlb:               0 kB
DirectMap4k:      194432 kB
DirectMap2M:     6096896 kB
DirectMap1G:     4194304 kB
---SNAPSHOT---
2026-04-27 13:42:41
MemTotal:        8129240 kB
MemFree:         2963380 kB
MemAvailable:    2690640 kB
Buffers:            5700 kB
Cached:           301252 kB
SwapCached:       471456 kB
Active:          3448680 kB
Inactive:        1001232 kB
Active(anon):    3344220 kB
Inactive(anon):   853140 kB
Active(file):     104460 kB
Inactive(file):   148092 kB
Unevictable:          16 kB
Mlocked:              16 kB
SwapTotal:       4194300 kB
SwapFree:        3585328 kB
Zswap:                 0 kB
Zswapped:              0 kB
Dirty:               476 kB
Writeback:          1344 kB
AnonPages:       3680080 kB
Mapped:           251128 kB
Shmem:             54448 kB
KReclaimable:      57052 kB
Slab:             285232 kB
SReclaimable:      57052 kB
SUnreclaim:       228180 kB
KernelStack:       18928 kB
PageTables:        59204 kB
SecPageTables:         0 kB
NFS_Unstable:          0 kB
Bounce:                0 kB
WritebackTmp:          0 kB
CommitLimit:     8258920 kB
Committed_AS:   11967872 kB
VmallocTotal:   34359738367 kB
VmallocUsed:       47208 kB
VmallocChunk:          0 kB
Percpu:            13280 kB
HardwareCorrupted:     0 kB
AnonHugePages:   1722368 kB
ShmemHugePages:        0 kB
ShmemPmdMapped:        0 kB
FileHugePages:         0 kB
FilePmdMapped:         0 kB
CmaTotal:              0 kB
CmaFree:               0 kB
Unaccepted:            0 kB
Balloon:               0 kB
HugePages_Total:       0
HugePages_Free:        0
HugePages_Rsvd:        0
HugePages_Surp:        0
Hugepagesize:       2048 kB
Hugetlb:               0 kB
DirectMap4k:      194432 kB
DirectMap2M:     6096896 kB
DirectMap1G:     4194304 kB
---SNAPSHOT---
2026-04-27 13:42:42
MemTotal:        8129240 kB
MemFree:         3115688 kB
MemAvailable:    2842952 kB
Buffers:            5700 kB
Cached:           301260 kB
SwapCached:       472400 kB
Active:          3337076 kB
Inactive:        1002472 kB
Active(anon):    3232616 kB
Inactive(anon):   854376 kB
Active(file):     104460 kB
Inactive(file):   148096 kB
Unevictable:          16 kB
Mlocked:              16 kB
SwapTotal:       4194300 kB
SwapFree:        3584384 kB
Zswap:                 0 kB
Zswapped:              0 kB
Dirty:               484 kB
Writeback:           800 kB
AnonPages:       3568520 kB
Mapped:           251356 kB
Shmem:             54448 kB
KReclaimable:      57052 kB
Slab:             285124 kB
SReclaimable:      57052 kB
SUnreclaim:       228072 kB
KernelStack:       18928 kB
PageTables:        58976 kB
SecPageTables:         0 kB
NFS_Unstable:          0 kB
Bounce:                0 kB
WritebackTmp:          0 kB
CommitLimit:     8258920 kB
Committed_AS:   11968112 kB
VmallocTotal:   34359738367 kB
VmallocUsed:       47176 kB
VmallocChunk:          0 kB
Percpu:            13280 kB
HardwareCorrupted:     0 kB
AnonHugePages:   1611776 kB
ShmemHugePages:        0 kB
ShmemPmdMapped:        0 kB
FileHugePages:         0 kB
FilePmdMapped:         0 kB
CmaTotal:              0 kB
CmaFree:               0 kB
Unaccepted:            0 kB
Balloon:               0 kB
HugePages_Total:       0
HugePages_Free:        0
HugePages_Rsvd:        0
HugePages_Surp:        0
Hugepagesize:       2048 kB
Hugetlb:               0 kB
DirectMap4k:      194432 kB
DirectMap2M:     6096896 kB
DirectMap1G:     4194304 kB
---SNAPSHOT---
2026-04-27 13:42:43
MemTotal:        8129240 kB
MemFree:         2602932 kB
MemAvailable:    2330200 kB
Buffers:            5708 kB
Cached:           301264 kB
SwapCached:       473352 kB
Active:          3849072 kB
Inactive:        1002480 kB
Active(anon):    3744612 kB
Inactive(anon):   854376 kB
Active(file):     104460 kB
Inactive(file):   148104 kB
Unevictable:          16 kB
Mlocked:              16 kB
SwapTotal:       4194300 kB
SwapFree:        3583432 kB
Zswap:                 0 kB
Zswapped:              0 kB
Dirty:               488 kB
Writeback:           704 kB
AnonPages:       4079628 kB
Mapped:           251128 kB
Shmem:             54448 kB
KReclaimable:      57052 kB
Slab:             285096 kB
SReclaimable:      57052 kB
SUnreclaim:       228044 kB
KernelStack:       18960 kB
PageTables:        59988 kB
SecPageTables:         0 kB
NFS_Unstable:          0 kB
Bounce:                0 kB
WritebackTmp:          0 kB
CommitLimit:     8258920 kB
Committed_AS:   11967856 kB
VmallocTotal:   34359738367 kB
VmallocUsed:       47144 kB
VmallocChunk:          0 kB
Percpu:            13280 kB
HardwareCorrupted:     0 kB
AnonHugePages:   2123776 kB
ShmemHugePages:        0 kB
ShmemPmdMapped:        0 kB
FileHugePages:         0 kB
FilePmdMapped:         0 kB
CmaTotal:              0 kB
CmaFree:               0 kB
Unaccepted:            0 kB
Balloon:               0 kB
HugePages_Total:       0
HugePages_Free:        0
HugePages_Rsvd:        0
HugePages_Surp:        0
Hugepagesize:       2048 kB
Hugetlb:               0 kB
DirectMap4k:      194432 kB
DirectMap2M:     6096896 kB
DirectMap1G:     4194304 kB
---SNAPSHOT---
2026-04-27 13:42:44
MemTotal:        8129240 kB
MemFree:         2826980 kB
MemAvailable:    2554252 kB
Buffers:            5708 kB
Cached:           301268 kB
SwapCached:       479944 kB
Active:          3623704 kB
Inactive:        1007884 kB
Active(anon):    3519244 kB
Inactive(anon):   859772 kB
Active(file):     104460 kB
Inactive(file):   148112 kB
Unevictable:          16 kB
Mlocked:              16 kB
SwapTotal:       4194300 kB
SwapFree:        3576840 kB
Zswap:                 0 kB
Zswapped:              0 kB
Dirty:               492 kB
Writeback:           772 kB
AnonPages:       3855384 kB
Mapped:           251128 kB
Shmem:             54448 kB
KReclaimable:      57052 kB
Slab:             285096 kB
SReclaimable:      57052 kB
SUnreclaim:       228044 kB
KernelStack:       18912 kB
PageTables:        59560 kB
SecPageTables:         0 kB
NFS_Unstable:          0 kB
Bounce:                0 kB
WritebackTmp:          0 kB
CommitLimit:     8258920 kB
Committed_AS:   11968108 kB
VmallocTotal:   34359738367 kB
VmallocUsed:       47128 kB
VmallocChunk:          0 kB
Percpu:            13280 kB
HardwareCorrupted:     0 kB
AnonHugePages:   1898496 kB
ShmemHugePages:        0 kB
ShmemPmdMapped:        0 kB
FileHugePages:         0 kB
FilePmdMapped:         0 kB
CmaTotal:              0 kB
CmaFree:               0 kB
Unaccepted:            0 kB
Balloon:               0 kB
HugePages_Total:       0
HugePages_Free:        0
HugePages_Rsvd:        0
HugePages_Surp:        0
Hugepagesize:       2048 kB
Hugetlb:               0 kB
DirectMap4k:      194432 kB
DirectMap2M:     6096896 kB
DirectMap1G:     4194304 kB
---SNAPSHOT---
2026-04-27 13:42:45
MemTotal:        8129240 kB
MemFree:         2564336 kB
MemAvailable:    2291612 kB
Buffers:            5708 kB
Cached:           301276 kB
SwapCached:       516596 kB
Active:          3849196 kB
Inactive:        1046136 kB
Active(anon):    3744736 kB
Inactive(anon):   898012 kB
Active(file):     104460 kB
Inactive(file):   148124 kB
Unevictable:          16 kB
Mlocked:              16 kB
SwapTotal:       4194300 kB
SwapFree:        3539976 kB
Zswap:                 0 kB
Zswapped:              0 kB
Dirty:               500 kB
Writeback:           308 kB
AnonPages:       4082820 kB
Mapped:           251128 kB
Shmem:             54448 kB
KReclaimable:      57052 kB
Slab:             285088 kB
SReclaimable:      57052 kB
SUnreclaim:       228036 kB
KernelStack:       18912 kB
PageTables:        60236 kB
SecPageTables:         0 kB
NFS_Unstable:          0 kB
Bounce:                0 kB
WritebackTmp:          0 kB
CommitLimit:     8258920 kB
Committed_AS:   11968760 kB
VmallocTotal:   34359738367 kB
VmallocUsed:       47160 kB
VmallocChunk:          0 kB
Percpu:            13280 kB
HardwareCorrupted:     0 kB
AnonHugePages:   2123776 kB
ShmemHugePages:        0 kB
ShmemPmdMapped:        0 kB
FileHugePages:         0 kB
FilePmdMapped:         0 kB
CmaTotal:              0 kB
CmaFree:               0 kB
Unaccepted:            0 kB
Balloon:               0 kB
HugePages_Total:       0
HugePages_Free:        0
HugePages_Rsvd:        0
HugePages_Surp:        0
Hugepagesize:       2048 kB
Hugetlb:               0 kB
DirectMap4k:      194432 kB
DirectMap2M:     6096896 kB
DirectMap1G:     4194304 kB
---SNAPSHOT---
2026-04-27 13:42:46
MemTotal:        8129240 kB
MemFree:         2388588 kB
MemAvailable:    2115868 kB
Buffers:            5708 kB
Cached:           301280 kB
SwapCached:       544928 kB
Active:          4000804 kB
Inactive:        1074856 kB
Active(anon):    3896344 kB
Inactive(anon):   926728 kB
Active(file):     104460 kB
Inactive(file):   148128 kB
Unevictable:          16 kB
Mlocked:              16 kB
SwapTotal:       4194300 kB
SwapFree:        3511856 kB
Zswap:                 0 kB
Zswapped:              0 kB
Dirty:               504 kB
Writeback:           212 kB
AnonPages:       4236556 kB
Mapped:           251128 kB
Shmem:             54448 kB
KReclaimable:      57052 kB
Slab:             285096 kB
SReclaimable:      57052 kB
SUnreclaim:       228044 kB
KernelStack:       18928 kB
PageTables:        60512 kB
SecPageTables:         0 kB
NFS_Unstable:          0 kB
Bounce:                0 kB
WritebackTmp:          0 kB
CommitLimit:     8258920 kB
Committed_AS:   11968172 kB
VmallocTotal:   34359738367 kB
VmallocUsed:       47192 kB
VmallocChunk:          0 kB
Percpu:            13280 kB
HardwareCorrupted:     0 kB
AnonHugePages:   2275328 kB
ShmemHugePages:        0 kB
ShmemPmdMapped:        0 kB
FileHugePages:         0 kB
FilePmdMapped:         0 kB
CmaTotal:              0 kB
CmaFree:               0 kB
Unaccepted:            0 kB
Balloon:               0 kB
HugePages_Total:       0
HugePages_Free:        0
HugePages_Rsvd:        0
HugePages_Surp:        0
Hugepagesize:       2048 kB
Hugetlb:               0 kB
DirectMap4k:      194432 kB
DirectMap2M:     6096896 kB
DirectMap1G:     4194304 kB
---SNAPSHOT---
2026-04-27 13:42:47
MemTotal:        8129240 kB
MemFree:         2392072 kB
MemAvailable:    2119340 kB
Buffers:            5716 kB
Cached:           301280 kB
SwapCached:       545928 kB
Active:          4000828 kB
Inactive:        1075008 kB
Active(anon):    3896368 kB
Inactive(anon):   926900 kB
Active(file):     104460 kB
Inactive(file):   148108 kB
Unevictable:          16 kB
Mlocked:              16 kB
SwapTotal:       4194300 kB
SwapFree:        3510840 kB
Zswap:                 0 kB
Zswapped:              0 kB
Dirty:               512 kB
Writeback:           180 kB
AnonPages:       4235424 kB
Mapped:           251060 kB
Shmem:             54448 kB
KReclaimable:      57052 kB
Slab:             285104 kB
SReclaimable:      57052 kB
SUnreclaim:       228052 kB
KernelStack:       18928 kB
PageTables:        60416 kB
SecPageTables:         0 kB
NFS_Unstable:          0 kB
Bounce:                0 kB
WritebackTmp:          0 kB
CommitLimit:     8258920 kB
Committed_AS:   11968496 kB
VmallocTotal:   34359738367 kB
VmallocUsed:       47160 kB
VmallocChunk:          0 kB
Percpu:            13280 kB
HardwareCorrupted:     0 kB
AnonHugePages:   2275328 kB
ShmemHugePages:        0 kB
ShmemPmdMapped:        0 kB
FileHugePages:         0 kB
FilePmdMapped:         0 kB
CmaTotal:              0 kB
CmaFree:               0 kB
Unaccepted:            0 kB
Balloon:               0 kB
HugePages_Total:       0
HugePages_Free:        0
HugePages_Rsvd:        0
HugePages_Surp:        0
Hugepagesize:       2048 kB
Hugetlb:               0 kB
DirectMap4k:      194432 kB
DirectMap2M:     6096896 kB
DirectMap1G:     4194304 kB
---SNAPSHOT---
2026-04-27 13:42:48
MemTotal:        8129240 kB
MemFree:         2392700 kB
MemAvailable:    2119976 kB
Buffers:            5716 kB
Cached:           301292 kB
SwapCached:       553384 kB
Active:          3994516 kB
Inactive:        1080624 kB
Active(anon):    3890056 kB
Inactive(anon):   932504 kB
Active(file):     104460 kB
Inactive(file):   148120 kB
Unevictable:          16 kB
Mlocked:              16 kB
SwapTotal:       4194300 kB
SwapFree:        3503400 kB
Zswap:                 0 kB
Zswapped:              0 kB
Dirty:               516 kB
Writeback:           724 kB
AnonPages:       4227796 kB
Mapped:           251128 kB
Shmem:             54448 kB
KReclaimable:      57052 kB
Slab:             285104 kB
SReclaimable:      57052 kB
SUnreclaim:       228052 kB
KernelStack:       18928 kB
PageTables:        60668 kB
SecPageTables:         0 kB
NFS_Unstable:          0 kB
Bounce:                0 kB
WritebackTmp:          0 kB
CommitLimit:     8258920 kB
Committed_AS:   11968288 kB
VmallocTotal:   34359738367 kB
VmallocUsed:       47176 kB
VmallocChunk:          0 kB
Percpu:            13280 kB
HardwareCorrupted:     0 kB
AnonHugePages:   2269184 kB
ShmemHugePages:        0 kB
ShmemPmdMapped:        0 kB
FileHugePages:         0 kB
FilePmdMapped:         0 kB
CmaTotal:              0 kB
CmaFree:               0 kB
Unaccepted:            0 kB
Balloon:               0 kB
HugePages_Total:       0
HugePages_Free:        0
HugePages_Rsvd:        0
HugePages_Surp:        0
Hugepagesize:       2048 kB
Hugetlb:               0 kB
DirectMap4k:      194432 kB
DirectMap2M:     6096896 kB
DirectMap1G:     4194304 kB
---SNAPSHOT---
2026-04-27 13:42:49
MemTotal:        8129240 kB
MemFree:         2390172 kB
MemAvailable:    2117448 kB
Buffers:            5716 kB
Cached:           301300 kB
SwapCached:       557824 kB
Active:          3990412 kB
Inactive:        1084600 kB
Active(anon):    3885952 kB
Inactive(anon):   936476 kB
Active(file):     104460 kB
Inactive(file):   148124 kB
Unevictable:          16 kB
Mlocked:              16 kB
SwapTotal:       4194300 kB
SwapFree:        3498920 kB
Zswap:                 0 kB
Zswapped:              0 kB
Dirty:               524 kB
Writeback:           268 kB
AnonPages:       4223448 kB
Mapped:           251136 kB
Shmem:             54448 kB
KReclaimable:      57052 kB
Slab:             285136 kB
SReclaimable:      57052 kB
SUnreclaim:       228084 kB
KernelStack:       18960 kB
PageTables:        60600 kB
SecPageTables:         0 kB
NFS_Unstable:          0 kB
Bounce:                0 kB
WritebackTmp:          0 kB
CommitLimit:     8258920 kB
Committed_AS:   11968516 kB
VmallocTotal:   34359738367 kB
VmallocUsed:       47192 kB
VmallocChunk:          0 kB
Percpu:            13280 kB
HardwareCorrupted:     0 kB
AnonHugePages:   2265088 kB
ShmemHugePages:        0 kB
ShmemPmdMapped:        0 kB
FileHugePages:         0 kB
FilePmdMapped:         0 kB
CmaTotal:              0 kB
CmaFree:               0 kB
Unaccepted:            0 kB
Balloon:               0 kB
HugePages_Total:       0
HugePages_Free:        0
HugePages_Rsvd:        0
HugePages_Surp:        0
Hugepagesize:       2048 kB
Hugetlb:               0 kB
DirectMap4k:      194432 kB
DirectMap2M:     6096896 kB
DirectMap1G:     4194304 kB
---SNAPSHOT---
2026-04-27 13:42:50
MemTotal:        8129240 kB
MemFree:         2390148 kB
MemAvailable:    2117428 kB
Buffers:            5716 kB
Cached:           301308 kB
SwapCached:       566076 kB
Active:          3982148 kB
Inactive:        1092900 kB
Active(anon):    3877688 kB
Inactive(anon):   944772 kB
Active(file):     104460 kB
Inactive(file):   148128 kB
Unevictable:          16 kB
Mlocked:              16 kB
SwapTotal:       4194300 kB
SwapFree:        3490708 kB
Zswap:                 0 kB
Zswapped:              0 kB
Dirty:               532 kB
Writeback:           168 kB
AnonPages:       4215200 kB
Mapped:           251128 kB
Shmem:             54448 kB
KReclaimable:      57052 kB
Slab:             285124 kB
SReclaimable:      57052 kB
SUnreclaim:       228072 kB
KernelStack:       18928 kB
PageTables:        60440 kB
SecPageTables:         0 kB
NFS_Unstable:          0 kB
Bounce:                0 kB
WritebackTmp:          0 kB
CommitLimit:     8258920 kB
Committed_AS:   11968296 kB
VmallocTotal:   34359738367 kB
VmallocUsed:       47192 kB
VmallocChunk:          0 kB
Percpu:            13280 kB
HardwareCorrupted:     0 kB
AnonHugePages:   2256896 kB
ShmemHugePages:        0 kB
ShmemPmdMapped:        0 kB
FileHugePages:         0 kB
FilePmdMapped:         0 kB
CmaTotal:              0 kB
CmaFree:               0 kB
Unaccepted:            0 kB
Balloon:               0 kB
HugePages_Total:       0
HugePages_Free:        0
HugePages_Rsvd:        0
HugePages_Surp:        0
Hugepagesize:       2048 kB
Hugetlb:               0 kB
DirectMap4k:      194432 kB
DirectMap2M:     6096896 kB
DirectMap1G:     4194304 kB
---SNAPSHOT---
2026-04-27 13:42:51
MemTotal:        8129240 kB
MemFree:         2390148 kB
MemAvailable:    2117432 kB
Buffers:            5716 kB
Cached:           301312 kB
SwapCached:       579272 kB
Active:          3969928 kB
Inactive:        1104940 kB
Active(anon):    3865468 kB
Inactive(anon):   956800 kB
Active(file):     104460 kB
Inactive(file):   148140 kB
Unevictable:          16 kB
Mlocked:              16 kB
SwapTotal:       4194300 kB
SwapFree:        3477512 kB
Zswap:                 0 kB
Zswapped:              0 kB
Dirty:               536 kB
Writeback:           288 kB
AnonPages:       4202012 kB
Mapped:           251128 kB
Shmem:             54448 kB
KReclaimable:      57052 kB
Slab:             285116 kB
SReclaimable:      57052 kB
SUnreclaim:       228064 kB
KernelStack:       18928 kB
PageTables:        60448 kB
SecPageTables:         0 kB
NFS_Unstable:          0 kB
Bounce:                0 kB
WritebackTmp:          0 kB
CommitLimit:     8258920 kB
Committed_AS:   11968516 kB
VmallocTotal:   34359738367 kB
VmallocUsed:       47192 kB
VmallocChunk:          0 kB
Percpu:            13280 kB
HardwareCorrupted:     0 kB
AnonHugePages:   2244608 kB
ShmemHugePages:        0 kB
ShmemPmdMapped:        0 kB
FileHugePages:         0 kB
FilePmdMapped:         0 kB
CmaTotal:              0 kB
CmaFree:               0 kB
Unaccepted:            0 kB
Balloon:               0 kB
HugePages_Total:       0
HugePages_Free:        0
HugePages_Rsvd:        0
HugePages_Surp:        0
Hugepagesize:       2048 kB
Hugetlb:               0 kB
DirectMap4k:      194432 kB
DirectMap2M:     6096896 kB
DirectMap1G:     4194304 kB
---SNAPSHOT---
2026-04-27 13:42:52
MemTotal:        8129240 kB
MemFree:         2389908 kB
MemAvailable:    2117196 kB
Buffers:            5724 kB
Cached:           301320 kB
SwapCached:       590316 kB
Active:          3959832 kB
Inactive:        1115192 kB
Active(anon):    3855372 kB
Inactive(anon):   967048 kB
Active(file):     104460 kB
Inactive(file):   148144 kB
Unevictable:          16 kB
Mlocked:              16 kB
SwapTotal:       4194300 kB
SwapFree:        3466000 kB
Zswap:                 0 kB
Zswapped:              0 kB
Dirty:               544 kB
Writeback:           256 kB
AnonPages:       4190480 kB
Mapped:           251128 kB
Shmem:             54448 kB
KReclaimable:      57052 kB
Slab:             285104 kB
SReclaimable:      57052 kB
SUnreclaim:       228052 kB
KernelStack:       18928 kB
PageTables:        60676 kB
SecPageTables:         0 kB
NFS_Unstable:          0 kB
Bounce:                0 kB
WritebackTmp:          0 kB
CommitLimit:     8258920 kB
Committed_AS:   11968516 kB
VmallocTotal:   34359738367 kB
VmallocUsed:       47192 kB
VmallocChunk:          0 kB
Percpu:            13280 kB
HardwareCorrupted:     0 kB
AnonHugePages:   2234368 kB
ShmemHugePages:        0 kB
ShmemPmdMapped:        0 kB
FileHugePages:         0 kB
FilePmdMapped:         0 kB
CmaTotal:              0 kB
CmaFree:               0 kB
Unaccepted:            0 kB
Balloon:               0 kB
HugePages_Total:       0
HugePages_Free:        0
HugePages_Rsvd:        0
HugePages_Surp:        0
Hugepagesize:       2048 kB
Hugetlb:               0 kB
DirectMap4k:      194432 kB
DirectMap2M:     6096896 kB
DirectMap1G:     4194304 kB
---SNAPSHOT---
2026-04-27 13:42:53
MemTotal:        8129240 kB
MemFree:         2389908 kB
MemAvailable:    2117204 kB
Buffers:            5724 kB
Cached:           301328 kB
SwapCached:       716252 kB
Active:          3832892 kB
Inactive:        1242132 kB
Active(anon):    3728432 kB
Inactive(anon):  1093968 kB
Active(file):     104460 kB
Inactive(file):   148164 kB
Unevictable:          16 kB
Mlocked:              16 kB
SwapTotal:       4194300 kB
SwapFree:        3340024 kB
Zswap:                 0 kB
Zswapped:              0 kB
Dirty:               552 kB
Writeback:           128 kB
AnonPages:       4064808 kB
Mapped:           251128 kB
Shmem:             54448 kB
KReclaimable:      57052 kB
Slab:             285112 kB
SReclaimable:      57052 kB
SUnreclaim:       228060 kB
KernelStack:       18928 kB
PageTables:        60440 kB
SecPageTables:         0 kB
NFS_Unstable:          0 kB
Bounce:                0 kB
WritebackTmp:          0 kB
CommitLimit:     8258920 kB
Committed_AS:   11968272 kB
VmallocTotal:   34359738367 kB
VmallocUsed:       47160 kB
VmallocChunk:          0 kB
Percpu:            13280 kB
HardwareCorrupted:     0 kB
AnonHugePages:   2107392 kB
ShmemHugePages:        0 kB
ShmemPmdMapped:        0 kB
FileHugePages:         0 kB
FilePmdMapped:         0 kB
CmaTotal:              0 kB
CmaFree:               0 kB
Unaccepted:            0 kB
Balloon:               0 kB
HugePages_Total:       0
HugePages_Free:        0
HugePages_Rsvd:        0
HugePages_Surp:        0
Hugepagesize:       2048 kB
Hugetlb:               0 kB
DirectMap4k:      194432 kB
DirectMap2M:     6096896 kB
DirectMap1G:     4194304 kB
---SNAPSHOT---
2026-04-27 13:42:54
MemTotal:        8129240 kB
MemFree:         2389908 kB
MemAvailable:    2117208 kB
Buffers:            5724 kB
Cached:           301332 kB
SwapCached:       863320 kB
Active:          3685608 kB
Inactive:        1389376 kB
Active(anon):    3581148 kB
Inactive(anon):  1241208 kB
Active(file):     104460 kB
Inactive(file):   148168 kB
Unevictable:          16 kB
Mlocked:              16 kB
SwapTotal:       4194300 kB
SwapFree:        3193200 kB
Zswap:                 0 kB
Zswapped:              0 kB
Dirty:               556 kB
Writeback:           176 kB
AnonPages:       3917988 kB
Mapped:           251128 kB
Shmem:             54448 kB
KReclaimable:      57052 kB
Slab:             285096 kB
SReclaimable:      57052 kB
SUnreclaim:       228044 kB
KernelStack:       18928 kB
PageTables:        60672 kB
SecPageTables:         0 kB
NFS_Unstable:          0 kB
Bounce:                0 kB
WritebackTmp:          0 kB
CommitLimit:     8258920 kB
Committed_AS:   11968516 kB
VmallocTotal:   34359738367 kB
VmallocUsed:       47192 kB
VmallocChunk:          0 kB
Percpu:            13280 kB
HardwareCorrupted:     0 kB
AnonHugePages:   1959936 kB
ShmemHugePages:        0 kB
ShmemPmdMapped:        0 kB
FileHugePages:         0 kB
FilePmdMapped:         0 kB
CmaTotal:              0 kB
CmaFree:               0 kB
Unaccepted:            0 kB
Balloon:               0 kB
HugePages_Total:       0
HugePages_Free:        0
HugePages_Rsvd:        0
HugePages_Surp:        0
Hugepagesize:       2048 kB
Hugetlb:               0 kB
DirectMap4k:      194432 kB
DirectMap2M:     6096896 kB
DirectMap1G:     4194304 kB
---SNAPSHOT---
2026-04-27 13:42:55
MemTotal:        8129240 kB
MemFree:         2389908 kB
MemAvailable:    2117280 kB
Buffers:            5868 kB
Cached:           301340 kB
SwapCached:      1003276 kB
Active:          3546428 kB
Inactive:        1528856 kB
Active(anon):    3441968 kB
Inactive(anon):  1380540 kB
Active(file):     104460 kB
Inactive(file):   148316 kB
Unevictable:          16 kB
Mlocked:              16 kB
SwapTotal:       4194300 kB
SwapFree:        3053036 kB
Zswap:                 0 kB
Zswapped:              0 kB
Dirty:               564 kB
Writeback:           220 kB
AnonPages:       3777764 kB
Mapped:           251128 kB
Shmem:             54448 kB
KReclaimable:      57052 kB
Slab:             285080 kB
SReclaimable:      57052 kB
SUnreclaim:       228028 kB
KernelStack:       18928 kB
PageTables:        60444 kB
SecPageTables:         0 kB
NFS_Unstable:          0 kB
Bounce:                0 kB
WritebackTmp:          0 kB
CommitLimit:     8258920 kB
Committed_AS:   11968140 kB
VmallocTotal:   34359738367 kB
VmallocUsed:       47208 kB
VmallocChunk:          0 kB
Percpu:            13280 kB
HardwareCorrupted:     0 kB
AnonHugePages:   1820672 kB
ShmemHugePages:        0 kB
ShmemPmdMapped:        0 kB
FileHugePages:         0 kB
FilePmdMapped:         0 kB
CmaTotal:              0 kB
CmaFree:               0 kB
Unaccepted:            0 kB
Balloon:               0 kB
HugePages_Total:       0
HugePages_Free:        0
HugePages_Rsvd:        0
HugePages_Surp:        0
Hugepagesize:       2048 kB
Hugetlb:               0 kB
DirectMap4k:      194432 kB
DirectMap2M:     6096896 kB
DirectMap1G:     4194304 kB
---SNAPSHOT---
2026-04-27 13:42:56
MemTotal:        8129240 kB
MemFree:         2389908 kB
MemAvailable:    2117284 kB
Buffers:            5868 kB
Cached:           301344 kB
SwapCached:      1014664 kB
Active:          3532056 kB
Inactive:        1543684 kB
Active(anon):    3427596 kB
Inactive(anon):  1395360 kB
Active(file):     104460 kB
Inactive(file):   148324 kB
Unevictable:          16 kB
Mlocked:              16 kB
SwapTotal:       4194300 kB
SwapFree:        3042120 kB
Zswap:                 0 kB
Zswapped:              0 kB
Dirty:               568 kB
Writeback:           432 kB
AnonPages:       3767016 kB
Mapped:           251128 kB
Shmem:             54448 kB
KReclaimable:      57052 kB
Slab:             285088 kB
SReclaimable:      57052 kB
SUnreclaim:       228036 kB
KernelStack:       18928 kB
PageTables:        60488 kB
SecPageTables:         0 kB
NFS_Unstable:          0 kB
Bounce:                0 kB
WritebackTmp:          0 kB
CommitLimit:     8258920 kB
Committed_AS:   11969088 kB
VmallocTotal:   34359738367 kB
VmallocUsed:       47208 kB
VmallocChunk:          0 kB
Percpu:            13280 kB
HardwareCorrupted:     0 kB
AnonHugePages:   1806336 kB
ShmemHugePages:        0 kB
ShmemPmdMapped:        0 kB
FileHugePages:         0 kB
FilePmdMapped:         0 kB
CmaTotal:              0 kB
CmaFree:               0 kB
Unaccepted:            0 kB
Balloon:               0 kB
HugePages_Total:       0
HugePages_Free:        0
HugePages_Rsvd:        0
HugePages_Surp:        0
Hugepagesize:       2048 kB
Hugetlb:               0 kB
DirectMap4k:      194432 kB
DirectMap2M:     6096896 kB
DirectMap1G:     4194304 kB
---SNAPSHOT---
2026-04-27 13:42:57
MemTotal:        8129240 kB
MemFree:         2389908 kB
MemAvailable:    2117288 kB
Buffers:            5876 kB
Cached:           301352 kB
SwapCached:      1024336 kB
Active:          3523844 kB
Inactive:        1551592 kB
Active(anon):    3419384 kB
Inactive(anon):  1403260 kB
Active(file):     104460 kB
Inactive(file):   148332 kB
Unevictable:          16 kB
Mlocked:              16 kB
SwapTotal:       4194300 kB
SwapFree:        3032004 kB
Zswap:                 0 kB
Zswapped:              0 kB
Dirty:               576 kB
Writeback:           348 kB
AnonPages:       3757040 kB
Mapped:           251128 kB
Shmem:             54448 kB
KReclaimable:      57052 kB
Slab:             285120 kB
SReclaimable:      57052 kB
SUnreclaim:       228068 kB
KernelStack:       18928 kB
PageTables:        60676 kB
SecPageTables:         0 kB
NFS_Unstable:          0 kB
Bounce:                0 kB
WritebackTmp:          0 kB
CommitLimit:     8258920 kB
Committed_AS:   11969220 kB
VmallocTotal:   34359738367 kB
VmallocUsed:       47224 kB
VmallocChunk:          0 kB
Percpu:            13280 kB
HardwareCorrupted:     0 kB
AnonHugePages:   1798144 kB
ShmemHugePages:        0 kB
ShmemPmdMapped:        0 kB
FileHugePages:         0 kB
FilePmdMapped:         0 kB
CmaTotal:              0 kB
CmaFree:               0 kB
Unaccepted:            0 kB
Balloon:               0 kB
HugePages_Total:       0
HugePages_Free:        0
HugePages_Rsvd:        0
HugePages_Surp:        0
Hugepagesize:       2048 kB
Hugetlb:               0 kB
DirectMap4k:      194432 kB
DirectMap2M:     6096896 kB
DirectMap1G:     4194304 kB
---SNAPSHOT---
2026-04-27 13:42:58
MemTotal:        8129240 kB
MemFree:         2389908 kB
MemAvailable:    2117300 kB
Buffers:            5884 kB
Cached:           301356 kB
SwapCached:      1123176 kB
Active:          3425596 kB
Inactive:        1649956 kB
Active(anon):    3321136 kB
Inactive(anon):  1501604 kB
Active(file):     104460 kB
Inactive(file):   148352 kB
Unevictable:          16 kB
Mlocked:              16 kB
SwapTotal:       4194300 kB
SwapFree:        2933356 kB
Zswap:                 0 kB
Zswapped:              0 kB
Dirty:               184 kB
Writeback:           260 kB
AnonPages:       3658600 kB
Mapped:           251128 kB
Shmem:             54448 kB
KReclaimable:      57052 kB
Slab:             285108 kB
SReclaimable:      57052 kB
SUnreclaim:       228056 kB
KernelStack:       18972 kB
PageTables:        60688 kB
SecPageTables:         0 kB
NFS_Unstable:          0 kB
Bounce:                0 kB
WritebackTmp:          0 kB
CommitLimit:     8258920 kB
Committed_AS:   11969220 kB
VmallocTotal:   34359738367 kB
VmallocUsed:       47208 kB
VmallocChunk:          0 kB
Percpu:            13280 kB
HardwareCorrupted:     0 kB
AnonHugePages:   1699840 kB
ShmemHugePages:        0 kB
ShmemPmdMapped:        0 kB
FileHugePages:         0 kB
FilePmdMapped:         0 kB
CmaTotal:              0 kB
CmaFree:               0 kB
Unaccepted:            0 kB
Balloon:               0 kB
HugePages_Total:       0
HugePages_Free:        0
HugePages_Rsvd:        0
HugePages_Surp:        0
Hugepagesize:       2048 kB
Hugetlb:               0 kB
DirectMap4k:      194432 kB
DirectMap2M:     6096896 kB
DirectMap1G:     4194304 kB
---SNAPSHOT---
2026-04-27 13:42:59
MemTotal:        8129240 kB
MemFree:         2389908 kB
MemAvailable:    2117300 kB
Buffers:            5884 kB
Cached:           301360 kB
SwapCached:      1148520 kB
Active:          3398800 kB
Inactive:        1676716 kB
Active(anon):    3294340 kB
Inactive(anon):  1528360 kB
Active(file):     104460 kB
Inactive(file):   148356 kB
Unevictable:          16 kB
Mlocked:              16 kB
SwapTotal:       4194300 kB
SwapFree:        2908264 kB
Zswap:                 0 kB
Zswapped:              0 kB
Dirty:               188 kB
Writeback:           152 kB
AnonPages:       3633088 kB
Mapped:           251128 kB
Shmem:             54448 kB
KReclaimable:      57052 kB
Slab:             285100 kB
SReclaimable:      57052 kB
SUnreclaim:       228048 kB
KernelStack:       18988 kB
PageTables:        60908 kB
SecPageTables:         0 kB
NFS_Unstable:          0 kB
Bounce:                0 kB
WritebackTmp:          0 kB
CommitLimit:     8258920 kB
Committed_AS:   11969220 kB
VmallocTotal:   34359738367 kB
VmallocUsed:       47208 kB
VmallocChunk:          0 kB
Percpu:            13280 kB
HardwareCorrupted:     0 kB
AnonHugePages:   1673216 kB
ShmemHugePages:        0 kB
ShmemPmdMapped:        0 kB
FileHugePages:         0 kB
FilePmdMapped:         0 kB
CmaTotal:              0 kB
CmaFree:               0 kB
Unaccepted:            0 kB
Balloon:               0 kB
HugePages_Total:       0
HugePages_Free:        0
HugePages_Rsvd:        0
HugePages_Surp:        0
Hugepagesize:       2048 kB
Hugetlb:               0 kB
DirectMap4k:      194432 kB
DirectMap2M:     6096896 kB
DirectMap1G:     4194304 kB
---SNAPSHOT---
2026-04-27 13:43:00
MemTotal:        8129240 kB
MemFree:         2389684 kB
MemAvailable:    2117080 kB
Buffers:            5884 kB
Cached:           301368 kB
SwapCached:      1161616 kB
Active:          3384752 kB
Inactive:        1691004 kB
Active(anon):    3280292 kB
Inactive(anon):  1542640 kB
Active(file):     104460 kB
Inactive(file):   148364 kB
Unevictable:          16 kB
Mlocked:              16 kB
SwapTotal:       4194300 kB
SwapFree:        2895072 kB
Zswap:                 0 kB
Zswapped:              0 kB
Dirty:               196 kB
Writeback:           160 kB
AnonPages:       3619804 kB
Mapped:           251128 kB
Shmem:             54448 kB
KReclaimable:      57052 kB
Slab:             285112 kB
SReclaimable:      57052 kB
SUnreclaim:       228060 kB
KernelStack:       18928 kB
PageTables:        60440 kB
SecPageTables:         0 kB
NFS_Unstable:          0 kB
Bounce:                0 kB
WritebackTmp:          0 kB
CommitLimit:     8258920 kB
Committed_AS:   11969092 kB
VmallocTotal:   34359738367 kB
VmallocUsed:       47208 kB
VmallocChunk:          0 kB
Percpu:            13280 kB
HardwareCorrupted:     0 kB
AnonHugePages:   1658880 kB
ShmemHugePages:        0 kB
ShmemPmdMapped:        0 kB
FileHugePages:         0 kB
FilePmdMapped:         0 kB
CmaTotal:              0 kB
CmaFree:               0 kB
Unaccepted:            0 kB
Balloon:               0 kB
HugePages_Total:       0
HugePages_Free:        0
HugePages_Rsvd:        0
HugePages_Surp:        0
Hugepagesize:       2048 kB
Hugetlb:               0 kB
DirectMap4k:      194432 kB
DirectMap2M:     6096896 kB
DirectMap1G:     4194304 kB
---SNAPSHOT---
2026-04-27 13:43:01
MemTotal:        8129240 kB
MemFree:         2389684 kB
MemAvailable:    2117184 kB
Buffers:            6152 kB
Cached:           301372 kB
SwapCached:      1167020 kB
Active:          3382388 kB
Inactive:        1693612 kB
Active(anon):    3277928 kB
Inactive(anon):  1545040 kB
Active(file):     104460 kB
Inactive(file):   148572 kB
Unevictable:          16 kB
Mlocked:              16 kB
SwapTotal:       4194300 kB
SwapFree:        2889644 kB
Zswap:                 0 kB
Zswapped:              0 kB
Dirty:               200 kB
Writeback:           132 kB
AnonPages:       3614280 kB
Mapped:           251128 kB
Shmem:             54448 kB
KReclaimable:      57052 kB
Slab:             285108 kB
SReclaimable:      57052 kB
SUnreclaim:       228056 kB
KernelStack:       18912 kB
PageTables:        60392 kB
SecPageTables:         0 kB
NFS_Unstable:          0 kB
Bounce:                0 kB
WritebackTmp:          0 kB
CommitLimit:     8258920 kB
Committed_AS:   11969224 kB
VmallocTotal:   34359738367 kB
VmallocUsed:       47208 kB
VmallocChunk:          0 kB
Percpu:            13280 kB
HardwareCorrupted:     0 kB
AnonHugePages:   1656832 kB
ShmemHugePages:        0 kB
ShmemPmdMapped:        0 kB
FileHugePages:         0 kB
FilePmdMapped:         0 kB
CmaTotal:              0 kB
CmaFree:               0 kB
Unaccepted:            0 kB
Balloon:               0 kB
HugePages_Total:       0
HugePages_Free:        0
HugePages_Rsvd:        0
HugePages_Surp:        0
Hugepagesize:       2048 kB
Hugetlb:               0 kB
DirectMap4k:      194432 kB
DirectMap2M:     6096896 kB
DirectMap1G:     4194304 kB
---SNAPSHOT---
2026-04-27 13:43:03
MemTotal:        8129240 kB
MemFree:         3012616 kB
MemAvailable:    2740152 kB
Buffers:            6160 kB
Cached:           301372 kB
SwapCached:       644868 kB
Active:          3284876 kB
Inactive:        1172588 kB
Active(anon):    3180416 kB
Inactive(anon):  1023944 kB
Active(file):     104460 kB
Inactive(file):   148644 kB
Unevictable:          16 kB
Mlocked:              16 kB
SwapTotal:       4194300 kB
SwapFree:        3411768 kB
Zswap:                 0 kB
Zswapped:              0 kB
Dirty:               208 kB
Writeback:           384 kB
AnonPages:       3516560 kB
Mapped:           251128 kB
Shmem:             54448 kB
KReclaimable:      57052 kB
Slab:             285116 kB
SReclaimable:      57052 kB
SUnreclaim:       228064 kB
KernelStack:       18896 kB
PageTables:        60544 kB
SecPageTables:         0 kB
NFS_Unstable:          0 kB
Bounce:                0 kB
WritebackTmp:          0 kB
CommitLimit:     8258920 kB
Committed_AS:   11968752 kB
VmallocTotal:   34359738367 kB
VmallocUsed:       47160 kB
VmallocChunk:          0 kB
Percpu:            13280 kB
HardwareCorrupted:     0 kB
AnonHugePages:   1560576 kB
ShmemHugePages:        0 kB
ShmemPmdMapped:        0 kB
FileHugePages:         0 kB
FilePmdMapped:         0 kB
CmaTotal:              0 kB
CmaFree:               0 kB
Unaccepted:            0 kB
Balloon:               0 kB
HugePages_Total:       0
HugePages_Free:        0
HugePages_Rsvd:        0
HugePages_Surp:        0
Hugepagesize:       2048 kB
Hugetlb:               0 kB
DirectMap4k:      194432 kB
DirectMap2M:     6096896 kB
DirectMap1G:     4194304 kB
---SNAPSHOT---
2026-04-27 13:43:04
MemTotal:        8129240 kB
MemFree:         2774680 kB
MemAvailable:    2502224 kB
Buffers:            6164 kB
Cached:           301380 kB
SwapCached:       763388 kB
Active:          3399216 kB
Inactive:        1294096 kB
Active(anon):    3294756 kB
Inactive(anon):  1145440 kB
Active(file):     104460 kB
Inactive(file):   148656 kB
Unevictable:          16 kB
Mlocked:              16 kB
SwapTotal:       4194300 kB
SwapFree:        3293176 kB
Zswap:                 0 kB
Zswapped:              0 kB
Dirty:               240 kB
Writeback:           260 kB
AnonPages:       3633324 kB
Mapped:           251128 kB
Shmem:             54448 kB
KReclaimable:      57052 kB
Slab:             285116 kB
SReclaimable:      57052 kB
SUnreclaim:       228064 kB
KernelStack:       18928 kB
PageTables:        59904 kB
SecPageTables:         0 kB
NFS_Unstable:          0 kB
Bounce:                0 kB
WritebackTmp:          0 kB
CommitLimit:     8258920 kB
Committed_AS:   11969068 kB
VmallocTotal:   34359738367 kB
VmallocUsed:       47208 kB
VmallocChunk:          0 kB
Percpu:            13280 kB
HardwareCorrupted:     0 kB
AnonHugePages:   1673216 kB
ShmemHugePages:        0 kB
ShmemPmdMapped:        0 kB
FileHugePages:         0 kB
FilePmdMapped:         0 kB
CmaTotal:              0 kB
CmaFree:               0 kB
Unaccepted:            0 kB
Balloon:               0 kB
HugePages_Total:       0
HugePages_Free:        0
HugePages_Rsvd:        0
HugePages_Surp:        0
Hugepagesize:       2048 kB
Hugetlb:               0 kB
DirectMap4k:      194432 kB
DirectMap2M:     6096896 kB
DirectMap1G:     4194304 kB
---SNAPSHOT---
2026-04-27 13:43:05
MemTotal:        8129240 kB
MemFree:         2519720 kB
MemAvailable:    2247272 kB
Buffers:            6164 kB
Cached:           301400 kB
SwapCached:       867296 kB
Active:          3554712 kB
Inactive:        1394836 kB
Active(anon):    3450252 kB
Inactive(anon):  1246164 kB
Active(file):     104460 kB
Inactive(file):   148672 kB
Unevictable:          16 kB
Mlocked:              16 kB
SwapTotal:       4194300 kB
SwapFree:        3189488 kB
Zswap:                 0 kB
Zswapped:              0 kB
Dirty:                56 kB
Writeback:           208 kB
AnonPages:       3786084 kB
Mapped:           251128 kB
Shmem:             54448 kB
KReclaimable:      57052 kB
Slab:             285116 kB
SReclaimable:      57052 kB
SUnreclaim:       228064 kB
KernelStack:       18988 kB
PageTables:        60352 kB
SecPageTables:         0 kB
NFS_Unstable:          0 kB
Bounce:                0 kB
WritebackTmp:          0 kB
CommitLimit:     8258920 kB
Committed_AS:   11969112 kB
VmallocTotal:   34359738367 kB
VmallocUsed:       47224 kB
VmallocChunk:          0 kB
Percpu:            13280 kB
HardwareCorrupted:     0 kB
AnonHugePages:   1828864 kB
ShmemHugePages:        0 kB
ShmemPmdMapped:        0 kB
FileHugePages:         0 kB
FilePmdMapped:         0 kB
CmaTotal:              0 kB
CmaFree:               0 kB
Unaccepted:            0 kB
Balloon:               0 kB
HugePages_Total:       0
HugePages_Free:        0
HugePages_Rsvd:        0
HugePages_Surp:        0
Hugepagesize:       2048 kB
Hugetlb:               0 kB
DirectMap4k:      194432 kB
DirectMap2M:     6096896 kB
DirectMap1G:     4194304 kB
---SNAPSHOT---
2026-04-27 13:43:06
MemTotal:        8129240 kB
MemFree:         2874848 kB
MemAvailable:    2606412 kB
Buffers:            7912 kB
Cached:           307736 kB
SwapCached:       996912 kB
Active:          3047536 kB
Inactive:        1527780 kB
Active(anon):    2936876 kB
Inactive(anon):  1377284 kB
Active(file):     110660 kB
Inactive(file):   150496 kB
Unevictable:          16 kB
Mlocked:              16 kB
SwapTotal:       4194300 kB
SwapFree:        3059520 kB
Zswap:                 0 kB
Zswapped:              0 kB
Dirty:               344 kB
Writeback:           352 kB
AnonPages:       3273700 kB
Mapped:           251248 kB
Shmem:             54452 kB
KReclaimable:      57052 kB
Slab:             285136 kB
SReclaimable:      57052 kB
SUnreclaim:       228084 kB
KernelStack:       18928 kB
PageTables:        59548 kB
SecPageTables:         0 kB
NFS_Unstable:          0 kB
Bounce:                0 kB
WritebackTmp:          0 kB
CommitLimit:     8258920 kB
Committed_AS:   11969896 kB
VmallocTotal:   34359738367 kB
VmallocUsed:       47192 kB
VmallocChunk:          0 kB
Percpu:            13280 kB
HardwareCorrupted:     0 kB
AnonHugePages:   1314816 kB
ShmemHugePages:        0 kB
ShmemPmdMapped:        0 kB
FileHugePages:         0 kB
FilePmdMapped:         0 kB
CmaTotal:              0 kB
CmaFree:               0 kB
Unaccepted:            0 kB
Balloon:               0 kB
HugePages_Total:       0
HugePages_Free:        0
HugePages_Rsvd:        0
HugePages_Surp:        0
Hugepagesize:       2048 kB
Hugetlb:               0 kB
DirectMap4k:      194432 kB
DirectMap2M:     6096896 kB
DirectMap1G:     4194304 kB
---SNAPSHOT---
2026-04-27 13:43:07
MemTotal:        8129240 kB
MemFree:         2627952 kB
MemAvailable:    2359664 kB
Buffers:            8056 kB
Cached:           307844 kB
SwapCached:      1086808 kB
Active:          3228288 kB
Inactive:        1618020 kB
Active(anon):    3117488 kB
Inactive(anon):  1467368 kB
Active(file):     110800 kB
Inactive(file):   150652 kB
Unevictable:          16 kB
Mlocked:              16 kB
SwapTotal:       4194300 kB
SwapFree:        2969976 kB
Zswap:                 0 kB
Zswapped:              0 kB
Dirty:               420 kB
Writeback:           744 kB
AnonPages:       3454840 kB
Mapped:           251416 kB
Shmem:             54452 kB
KReclaimable:      57052 kB
Slab:             285144 kB
SReclaimable:      57052 kB
SUnreclaim:       228092 kB
KernelStack:       19068 kB
PageTables:        60256 kB
SecPageTables:         0 kB
NFS_Unstable:          0 kB
Bounce:                0 kB
WritebackTmp:          0 kB
CommitLimit:     8258920 kB
Committed_AS:   12003528 kB
VmallocTotal:   34359738367 kB
VmallocUsed:       47288 kB
VmallocChunk:          0 kB
Percpu:            13280 kB
HardwareCorrupted:     0 kB
AnonHugePages:   1495040 kB
ShmemHugePages:        0 kB
ShmemPmdMapped:        0 kB
FileHugePages:         0 kB
FilePmdMapped:         0 kB
CmaTotal:              0 kB
CmaFree:               0 kB
Unaccepted:            0 kB
Balloon:               0 kB
HugePages_Total:       0
HugePages_Free:        0
HugePages_Rsvd:        0
HugePages_Surp:        0
Hugepagesize:       2048 kB
Hugetlb:               0 kB
DirectMap4k:      194432 kB
DirectMap2M:     6096896 kB
DirectMap1G:     4194304 kB
---SNAPSHOT---
2026-04-27 13:43:08
MemTotal:        8129240 kB
MemFree:         2971376 kB
MemAvailable:    2703100 kB
Buffers:            8064 kB
Cached:           307852 kB
SwapCached:      1092952 kB
Active:          2853612 kB
Inactive:        1624072 kB
Active(anon):    2742812 kB
Inactive(anon):  1473396 kB
Active(file):     110800 kB
Inactive(file):   150676 kB
Unevictable:          16 kB
Mlocked:              16 kB
SwapTotal:       4194300 kB
SwapFree:        2963728 kB
Zswap:                 0 kB
Zswapped:              0 kB
Dirty:               456 kB
Writeback:           236 kB
AnonPages:       3080080 kB
Mapped:           251416 kB
Shmem:             54452 kB
KReclaimable:      57052 kB
Slab:             285148 kB
SReclaimable:      57052 kB
SUnreclaim:       228096 kB
KernelStack:       19068 kB
PageTables:        59384 kB
SecPageTables:         0 kB
NFS_Unstable:          0 kB
Bounce:                0 kB
WritebackTmp:          0 kB
CommitLimit:     8258920 kB
Committed_AS:   12003592 kB
VmallocTotal:   34359738367 kB
VmallocUsed:       47304 kB
VmallocChunk:          0 kB
Percpu:            13280 kB
HardwareCorrupted:     0 kB
AnonHugePages:   1120256 kB
ShmemHugePages:        0 kB
ShmemPmdMapped:        0 kB
FileHugePages:         0 kB
FilePmdMapped:         0 kB
CmaTotal:              0 kB
CmaFree:               0 kB
Unaccepted:            0 kB
Balloon:               0 kB
HugePages_Total:       0
HugePages_Free:        0
HugePages_Rsvd:        0
HugePages_Surp:        0
Hugepagesize:       2048 kB
Hugetlb:               0 kB
DirectMap4k:      194432 kB
DirectMap2M:     6096896 kB
DirectMap1G:     4194304 kB
---SNAPSHOT---
2026-04-27 13:43:09
MemTotal:        8129240 kB
MemFree:         2710776 kB
MemAvailable:    2442504 kB
Buffers:            8064 kB
Cached:           307856 kB
SwapCached:      1098420 kB
Active:          3120136 kB
Inactive:        1630416 kB
Active(anon):    3009336 kB
Inactive(anon):  1479728 kB
Active(file):     110800 kB
Inactive(file):   150688 kB
Unevictable:          16 kB
Mlocked:              16 kB
SwapTotal:       4194300 kB
SwapFree:        2958240 kB
Zswap:                 0 kB
Zswapped:              0 kB
Dirty:               460 kB
Writeback:           268 kB
AnonPages:       3347000 kB
Mapped:           251416 kB
Shmem:             54452 kB
KReclaimable:      57052 kB
Slab:             285160 kB
SReclaimable:      57052 kB
SUnreclaim:       228108 kB
KernelStack:       19068 kB
PageTables:        60040 kB
SecPageTables:         0 kB
NFS_Unstable:          0 kB
Bounce:                0 kB
WritebackTmp:          0 kB
CommitLimit:     8258920 kB
Committed_AS:   12003408 kB
VmallocTotal:   34359738367 kB
VmallocUsed:       47336 kB
VmallocChunk:          0 kB
Percpu:            13280 kB
HardwareCorrupted:     0 kB
AnonHugePages:   1386496 kB
ShmemHugePages:        0 kB
ShmemPmdMapped:        0 kB
FileHugePages:         0 kB
FilePmdMapped:         0 kB
CmaTotal:              0 kB
CmaFree:               0 kB
Unaccepted:            0 kB
Balloon:               0 kB
HugePages_Total:       0
HugePages_Free:        0
HugePages_Rsvd:        0
HugePages_Surp:        0
Hugepagesize:       2048 kB
Hugetlb:               0 kB
DirectMap4k:      194432 kB
DirectMap2M:     6096896 kB
DirectMap1G:     4194304 kB
---SNAPSHOT---
2026-04-27 13:43:10
MemTotal:        8129240 kB
MemFree:         2455816 kB
MemAvailable:    2187548 kB
Buffers:            8064 kB
Cached:           307860 kB
SwapCached:      1099240 kB
Active:          3390008 kB
Inactive:        1630568 kB
Active(anon):    3279208 kB
Inactive(anon):  1479876 kB
Active(file):     110800 kB
Inactive(file):   150692 kB
Unevictable:          16 kB
Mlocked:              16 kB
SwapTotal:       4194300 kB
SwapFree:        2957496 kB
Zswap:                 0 kB
Zswapped:              0 kB
Dirty:               460 kB
Writeback:           120 kB
AnonPages:       3616544 kB
Mapped:           251416 kB
Shmem:             54452 kB
KReclaimable:      57052 kB
Slab:             285152 kB
SReclaimable:      57052 kB
SUnreclaim:       228100 kB
KernelStack:       19068 kB
PageTables:        60580 kB
SecPageTables:         0 kB
NFS_Unstable:          0 kB
Bounce:                0 kB
WritebackTmp:          0 kB
CommitLimit:     8258920 kB
Committed_AS:   12003504 kB
VmallocTotal:   34359738367 kB
VmallocUsed:       47336 kB
VmallocChunk:          0 kB
Percpu:            13280 kB
HardwareCorrupted:     0 kB
AnonHugePages:   1656832 kB
ShmemHugePages:        0 kB
ShmemPmdMapped:        0 kB
FileHugePages:         0 kB
FilePmdMapped:         0 kB
CmaTotal:              0 kB
CmaFree:               0 kB
Unaccepted:            0 kB
Balloon:               0 kB
HugePages_Total:       0
HugePages_Free:        0
HugePages_Rsvd:        0
HugePages_Surp:        0
Hugepagesize:       2048 kB
Hugetlb:               0 kB
DirectMap4k:      194432 kB
DirectMap2M:     6096896 kB
DirectMap1G:     4194304 kB
---SNAPSHOT---
2026-04-27 13:43:11
MemTotal:        8129240 kB
MemFree:         2802704 kB
MemAvailable:    2534440 kB
Buffers:            8064 kB
Cached:           307868 kB
SwapCached:      1100124 kB
Active:          3015280 kB
Inactive:        1630640 kB
Active(anon):    2904480 kB
Inactive(anon):  1479940 kB
Active(file):     110800 kB
Inactive(file):   150700 kB
Unevictable:          16 kB
Mlocked:              16 kB
SwapTotal:       4194300 kB
SwapFree:        2956660 kB
Zswap:                 0 kB
Zswapped:              0 kB
Dirty:               468 kB
Writeback:           232 kB
AnonPages:       3240924 kB
Mapped:           251416 kB
Shmem:             54452 kB
KReclaimable:      57052 kB
Slab:             285164 kB
SReclaimable:      57052 kB
SUnreclaim:       228112 kB
KernelStack:       19052 kB
PageTables:        59768 kB
SecPageTables:         0 kB
NFS_Unstable:          0 kB
Bounce:                0 kB
WritebackTmp:          0 kB
CommitLimit:     8258920 kB
Committed_AS:   12003880 kB
VmallocTotal:   34359738367 kB
VmallocUsed:       47288 kB
VmallocChunk:          0 kB
Percpu:            13280 kB
HardwareCorrupted:     0 kB
AnonHugePages:   1282048 kB
ShmemHugePages:        0 kB
ShmemPmdMapped:        0 kB
FileHugePages:         0 kB
FilePmdMapped:         0 kB
CmaTotal:              0 kB
CmaFree:               0 kB
Unaccepted:            0 kB
Balloon:               0 kB
HugePages_Total:       0
HugePages_Free:        0
HugePages_Rsvd:        0
HugePages_Surp:        0
Hugepagesize:       2048 kB
Hugetlb:               0 kB
DirectMap4k:      194432 kB
DirectMap2M:     6096896 kB
DirectMap1G:     4194304 kB
---SNAPSHOT---
2026-04-27 13:43:12
MemTotal:        8129240 kB
MemFree:         2562176 kB
MemAvailable:    2293912 kB
Buffers:            8064 kB
Cached:           307872 kB
SwapCached:      1108012 kB
Active:          3275808 kB
Inactive:        1638544 kB
Active(anon):    3165008 kB
Inactive(anon):  1487844 kB
Active(file):     110800 kB
Inactive(file):   150700 kB
Unevictable:          16 kB
Mlocked:              16 kB
SwapTotal:       4194300 kB
SwapFree:        2948772 kB
Zswap:                 0 kB
Zswapped:              0 kB
Dirty:               472 kB
Writeback:           244 kB
AnonPages:       3501668 kB
Mapped:           251416 kB
Shmem:             54452 kB
KReclaimable:      57052 kB
Slab:             285144 kB
SReclaimable:      57052 kB
SUnreclaim:       228092 kB
KernelStack:       19068 kB
PageTables:        60352 kB
SecPageTables:         0 kB
NFS_Unstable:          0 kB
Bounce:                0 kB
WritebackTmp:          0 kB
CommitLimit:     8258920 kB
Committed_AS:   12003636 kB
VmallocTotal:   34359738367 kB
VmallocUsed:       47336 kB
VmallocChunk:          0 kB
Percpu:            13280 kB
HardwareCorrupted:     0 kB
AnonHugePages:   1542144 kB
ShmemHugePages:        0 kB
ShmemPmdMapped:        0 kB
FileHugePages:         0 kB
FilePmdMapped:         0 kB
CmaTotal:              0 kB
CmaFree:               0 kB
Unaccepted:            0 kB
Balloon:               0 kB
HugePages_Total:       0
HugePages_Free:        0
HugePages_Rsvd:        0
HugePages_Surp:        0
Hugepagesize:       2048 kB
Hugetlb:               0 kB
DirectMap4k:      194432 kB
DirectMap2M:     6096896 kB
DirectMap1G:     4194304 kB
---SNAPSHOT---
2026-04-27 13:43:13
MemTotal:        8129240 kB
MemFree:         2909720 kB
MemAvailable:    2641464 kB
Buffers:            8072 kB
Cached:           307880 kB
SwapCached:      1111744 kB
Active:          2896764 kB
Inactive:        1642740 kB
Active(anon):    2785964 kB
Inactive(anon):  1492024 kB
Active(file):     110800 kB
Inactive(file):   150716 kB
Unevictable:          16 kB
Mlocked:              16 kB
SwapTotal:       4194300 kB
SwapFree:        2945040 kB
Zswap:                 0 kB
Zswapped:              0 kB
Dirty:               480 kB
Writeback:           220 kB
AnonPages:       3122620 kB
Mapped:           251416 kB
Shmem:             54452 kB
KReclaimable:      57052 kB
Slab:             285136 kB
SReclaimable:      57052 kB
SUnreclaim:       228084 kB
KernelStack:       19052 kB
PageTables:        59656 kB
SecPageTables:         0 kB
NFS_Unstable:          0 kB
Bounce:                0 kB
WritebackTmp:          0 kB
CommitLimit:     8258920 kB
Committed_AS:   12003876 kB
VmallocTotal:   34359738367 kB
VmallocUsed:       47336 kB
VmallocChunk:          0 kB
Percpu:            13280 kB
HardwareCorrupted:     0 kB
AnonHugePages:   1163264 kB
ShmemHugePages:        0 kB
ShmemPmdMapped:        0 kB
FileHugePages:         0 kB
FilePmdMapped:         0 kB
CmaTotal:              0 kB
CmaFree:               0 kB
Unaccepted:            0 kB
Balloon:               0 kB
HugePages_Total:       0
HugePages_Free:        0
HugePages_Rsvd:        0
HugePages_Surp:        0
Hugepagesize:       2048 kB
Hugetlb:               0 kB
DirectMap4k:      194432 kB
DirectMap2M:     6096896 kB
DirectMap1G:     4194304 kB
---SNAPSHOT---
2026-04-27 13:43:14
MemTotal:        8129240 kB
MemFree:         2673696 kB
MemAvailable:    2405444 kB
Buffers:            8072 kB
Cached:           307888 kB
SwapCached:      1124840 kB
Active:          3148736 kB
Inactive:        1655204 kB
Active(anon):    3037936 kB
Inactive(anon):  1504476 kB
Active(file):     110800 kB
Inactive(file):   150728 kB
Unevictable:          16 kB
Mlocked:              16 kB
SwapTotal:       4194300 kB
SwapFree:        2931944 kB
Zswap:                 0 kB
Zswapped:              0 kB
Dirty:               488 kB
Writeback:           304 kB
AnonPages:       3374264 kB
Mapped:           251416 kB
Shmem:             54452 kB
KReclaimable:      57052 kB
Slab:             285128 kB
SReclaimable:      57052 kB
SUnreclaim:       228076 kB
KernelStack:       19068 kB
PageTables:        60112 kB
SecPageTables:         0 kB
NFS_Unstable:          0 kB
Bounce:                0 kB
WritebackTmp:          0 kB
CommitLimit:     8258920 kB
Committed_AS:   12003768 kB
VmallocTotal:   34359738367 kB
VmallocUsed:       47288 kB
VmallocChunk:          0 kB
Percpu:            13280 kB
HardwareCorrupted:     0 kB
AnonHugePages:   1415168 kB
ShmemHugePages:        0 kB
ShmemPmdMapped:        0 kB
FileHugePages:         0 kB
FilePmdMapped:         0 kB
CmaTotal:              0 kB
CmaFree:               0 kB
Unaccepted:            0 kB
Balloon:               0 kB
HugePages_Total:       0
HugePages_Free:        0
HugePages_Rsvd:        0
HugePages_Surp:        0
Hugepagesize:       2048 kB
Hugetlb:               0 kB
DirectMap4k:      194432 kB
DirectMap2M:     6096896 kB
DirectMap1G:     4194304 kB
---SNAPSHOT---
2026-04-27 13:43:15
MemTotal:        8129240 kB
MemFree:         2402856 kB
MemAvailable:    2134608 kB
Buffers:            8072 kB
Cached:           307896 kB
SwapCached:      1126460 kB
Active:          3413200 kB
Inactive:        1659172 kB
Active(anon):    3302400 kB
Inactive(anon):  1508440 kB
Active(file):     110800 kB
Inactive(file):   150732 kB
Unevictable:          16 kB
Mlocked:              16 kB
SwapTotal:       4194300 kB
SwapFree:        2930324 kB
Zswap:                 0 kB
Zswapped:              0 kB
Dirty:               496 kB
Writeback:           248 kB
AnonPages:       3640648 kB
Mapped:           251416 kB
Shmem:             54452 kB
KReclaimable:      57052 kB
Slab:             285140 kB
SReclaimable:      57052 kB
SUnreclaim:       228088 kB
KernelStack:       19008 kB
PageTables:        60660 kB
SecPageTables:         0 kB
NFS_Unstable:          0 kB
Bounce:                0 kB
WritebackTmp:          0 kB
CommitLimit:     8258920 kB
Committed_AS:   12003768 kB
VmallocTotal:   34359738367 kB
VmallocUsed:       47320 kB
VmallocChunk:          0 kB
Percpu:            13280 kB
HardwareCorrupted:     0 kB
AnonHugePages:   1679360 kB
ShmemHugePages:        0 kB
ShmemPmdMapped:        0 kB
FileHugePages:         0 kB
FilePmdMapped:         0 kB
CmaTotal:              0 kB
CmaFree:               0 kB
Unaccepted:            0 kB
Balloon:               0 kB
HugePages_Total:       0
HugePages_Free:        0
HugePages_Rsvd:        0
HugePages_Surp:        0
Hugepagesize:       2048 kB
Hugetlb:               0 kB
DirectMap4k:      194432 kB
DirectMap2M:     6096896 kB
DirectMap1G:     4194304 kB
---SNAPSHOT---
2026-04-27 13:43:16
MemTotal:        8129240 kB
MemFree:         2390112 kB
MemAvailable:    2121868 kB
Buffers:            8072 kB
Cached:           307904 kB
SwapCached:      1132352 kB
Active:          3423172 kB
Inactive:        1662804 kB
Active(anon):    3312372 kB
Inactive(anon):  1512060 kB
Active(file):     110800 kB
Inactive(file):   150744 kB
Unevictable:          16 kB
Mlocked:              16 kB
SwapTotal:       4194300 kB
SwapFree:        2924276 kB
Zswap:                 0 kB
Zswapped:              0 kB
Dirty:               504 kB
Writeback:           208 kB
AnonPages:       3650616 kB
Mapped:           251416 kB
Shmem:             54452 kB
KReclaimable:      57052 kB
Slab:             285120 kB
SReclaimable:      57052 kB
SUnreclaim:       228068 kB
KernelStack:       19052 kB
PageTables:        60728 kB
SecPageTables:         0 kB
NFS_Unstable:          0 kB
Bounce:                0 kB
WritebackTmp:          0 kB
CommitLimit:     8258920 kB
Committed_AS:   12003548 kB
VmallocTotal:   34359738367 kB
VmallocUsed:       47304 kB
VmallocChunk:          0 kB
Percpu:            13280 kB
HardwareCorrupted:     0 kB
AnonHugePages:   1689600 kB
ShmemHugePages:        0 kB
ShmemPmdMapped:        0 kB
FileHugePages:         0 kB
FilePmdMapped:         0 kB
CmaTotal:              0 kB
CmaFree:               0 kB
Unaccepted:            0 kB
Balloon:               0 kB
HugePages_Total:       0
HugePages_Free:        0
HugePages_Rsvd:        0
HugePages_Surp:        0
Hugepagesize:       2048 kB
Hugetlb:               0 kB
DirectMap4k:      194432 kB
DirectMap2M:     6096896 kB
DirectMap1G:     4194304 kB
---SNAPSHOT---
2026-04-27 13:43:17
MemTotal:        8129240 kB
MemFree:         2387344 kB
MemAvailable:    2119104 kB
Buffers:            8072 kB
Cached:           307908 kB
SwapCached:      1144436 kB
Active:          3411964 kB
Inactive:        1673048 kB
Active(anon):    3301164 kB
Inactive(anon):  1522300 kB
Active(file):     110800 kB
Inactive(file):   150748 kB
Unevictable:          16 kB
Mlocked:              16 kB
SwapTotal:       4194300 kB
SwapFree:        2912348 kB
Zswap:                 0 kB
Zswapped:              0 kB
Dirty:               548 kB
Writeback:           744 kB
AnonPages:       3637832 kB
Mapped:           251132 kB
Shmem:             54448 kB
KReclaimable:      57052 kB
Slab:             285044 kB
SReclaimable:      57052 kB
SUnreclaim:       227992 kB
KernelStack:       18988 kB
PageTables:        60640 kB
SecPageTables:         0 kB
NFS_Unstable:          0 kB
Bounce:                0 kB
WritebackTmp:          0 kB
CommitLimit:     8258920 kB
Committed_AS:   11970076 kB
VmallocTotal:   34359738367 kB
VmallocUsed:       47208 kB
VmallocChunk:          0 kB
Percpu:            13280 kB
HardwareCorrupted:     0 kB
AnonHugePages:   1679360 kB
ShmemHugePages:        0 kB
ShmemPmdMapped:        0 kB
FileHugePages:         0 kB
FilePmdMapped:         0 kB
CmaTotal:              0 kB
CmaFree:               0 kB
Unaccepted:            0 kB
Balloon:               0 kB
HugePages_Total:       0
HugePages_Free:        0
HugePages_Rsvd:        0
HugePages_Surp:        0
Hugepagesize:       2048 kB
Hugetlb:               0 kB
DirectMap4k:      194432 kB
DirectMap2M:     6096896 kB
DirectMap1G:     4194304 kB
---SNAPSHOT---
2026-04-27 13:43:18
MemTotal:        8129240 kB
MemFree:         2386588 kB
MemAvailable:    2118352 kB
Buffers:            8080 kB
Cached:           307916 kB
SwapCached:      1147692 kB
Active:          3407932 kB
Inactive:        1677176 kB
Active(anon):    3297128 kB
Inactive(anon):  1526424 kB
Active(file):     110804 kB
Inactive(file):   150752 kB
Unevictable:          16 kB
Mlocked:              16 kB
SwapTotal:       4194300 kB
SwapFree:        2908984 kB
Zswap:                 0 kB
Zswapped:              0 kB
Dirty:               556 kB
Writeback:           224 kB
AnonPages:       3634716 kB
Mapped:           251132 kB
Shmem:             54448 kB
KReclaimable:      57052 kB
Slab:             285048 kB
SReclaimable:      57052 kB
SUnreclaim:       227996 kB
KernelStack:       19004 kB
PageTables:        60680 kB
SecPageTables:         0 kB
NFS_Unstable:          0 kB
Bounce:                0 kB
WritebackTmp:          0 kB
CommitLimit:     8258920 kB
Committed_AS:   11970184 kB
VmallocTotal:   34359738367 kB
VmallocUsed:       47288 kB
VmallocChunk:          0 kB
Percpu:            13280 kB
HardwareCorrupted:     0 kB
AnonHugePages:   1675264 kB
ShmemHugePages:        0 kB
ShmemPmdMapped:        0 kB
FileHugePages:         0 kB
FilePmdMapped:         0 kB
CmaTotal:              0 kB
CmaFree:               0 kB
Unaccepted:            0 kB
Balloon:               0 kB
HugePages_Total:       0
HugePages_Free:        0
HugePages_Rsvd:        0
HugePages_Surp:        0
Hugepagesize:       2048 kB
Hugetlb:               0 kB
DirectMap4k:      194432 kB
DirectMap2M:     6096896 kB
DirectMap1G:     4194304 kB
---SNAPSHOT---
2026-04-27 13:43:19
MemTotal:        8129240 kB
MemFree:         2386084 kB
MemAvailable:    2117856 kB
Buffers:            8080 kB
Cached:           307920 kB
SwapCached:      1167288 kB
Active:          3389300 kB
Inactive:        1697744 kB
Active(anon):    3278496 kB
Inactive(anon):  1546976 kB
Active(file):     110804 kB
Inactive(file):   150768 kB
Unevictable:          16 kB
Mlocked:              16 kB
SwapTotal:       4194300 kB
SwapFree:        2889496 kB
Zswap:                 0 kB
Zswapped:              0 kB
Dirty:               560 kB
Writeback:           180 kB
AnonPages:       3617072 kB
Mapped:           251132 kB
Shmem:             54448 kB
KReclaimable:      57052 kB
Slab:             285024 kB
SReclaimable:      57052 kB
SUnreclaim:       227972 kB
KernelStack:       18972 kB
PageTables:        60568 kB
SecPageTables:         0 kB
NFS_Unstable:          0 kB
Bounce:                0 kB
WritebackTmp:          0 kB
CommitLimit:     8258920 kB
Committed_AS:   11969944 kB
VmallocTotal:   34359738367 kB
VmallocUsed:       47208 kB
VmallocChunk:          0 kB
Percpu:            13280 kB
HardwareCorrupted:     0 kB
AnonHugePages:   1665024 kB
ShmemHugePages:        0 kB
ShmemPmdMapped:        0 kB
FileHugePages:         0 kB
FilePmdMapped:         0 kB
CmaTotal:              0 kB
CmaFree:               0 kB
Unaccepted:            0 kB
Balloon:               0 kB
HugePages_Total:       0
HugePages_Free:        0
HugePages_Rsvd:        0
HugePages_Surp:        0
Hugepagesize:       2048 kB
Hugetlb:               0 kB
DirectMap4k:      194432 kB
DirectMap2M:     6096896 kB
DirectMap1G:     4194304 kB
---SNAPSHOT---
2026-04-27 13:43:20
MemTotal:        8129240 kB
MemFree:         2385352 kB
MemAvailable:    2117124 kB
Buffers:            8080 kB
Cached:           307924 kB
SwapCached:      1312660 kB
Active:          3246368 kB
Inactive:        1840356 kB
Active(anon):    3135564 kB
Inactive(anon):  1689588 kB
Active(file):     110804 kB
Inactive(file):   150768 kB
Unevictable:          16 kB
Mlocked:              16 kB
SwapTotal:       4194300 kB
SwapFree:        2743840 kB
Zswap:                 0 kB
Zswapped:              0 kB
Dirty:               564 kB
Writeback:           400 kB
AnonPages:       3471356 kB
Mapped:           251132 kB
Shmem:             54448 kB
KReclaimable:      57052 kB
Slab:             284972 kB
SReclaimable:      57052 kB
SUnreclaim:       227920 kB
KernelStack:       18988 kB
PageTables:        60636 kB
SecPageTables:         0 kB
NFS_Unstable:          0 kB
Bounce:                0 kB
WritebackTmp:          0 kB
CommitLimit:     8258920 kB
Committed_AS:   11969692 kB
VmallocTotal:   34359738367 kB
VmallocUsed:       47256 kB
VmallocChunk:          0 kB
Percpu:            13280 kB
HardwareCorrupted:     0 kB
AnonHugePages:   1521664 kB
ShmemHugePages:        0 kB
ShmemPmdMapped:        0 kB
FileHugePages:         0 kB
FilePmdMapped:         0 kB
CmaTotal:              0 kB
CmaFree:               0 kB
Unaccepted:            0 kB
Balloon:               0 kB
HugePages_Total:       0
HugePages_Free:        0
HugePages_Rsvd:        0
HugePages_Surp:        0
Hugepagesize:       2048 kB
Hugetlb:               0 kB
DirectMap4k:      194432 kB
DirectMap2M:     6096896 kB
DirectMap1G:     4194304 kB
---SNAPSHOT---
2026-04-27 13:43:21
MemTotal:        8129240 kB
MemFree:         2384356 kB
MemAvailable:    2116132 kB
Buffers:            8080 kB
Cached:           307932 kB
SwapCached:      1445220 kB
Active:          3110900 kB
Inactive:        1975360 kB
Active(anon):    3000096 kB
Inactive(anon):  1824580 kB
Active(file):     110804 kB
Inactive(file):   150780 kB
Unevictable:          16 kB
Mlocked:              16 kB
SwapTotal:       4194300 kB
SwapFree:        2611412 kB
Zswap:                 0 kB
Zswapped:              0 kB
Dirty:               572 kB
Writeback:           236 kB
AnonPages:       3337300 kB
Mapped:           251132 kB
Shmem:             54448 kB
KReclaimable:      57052 kB
Slab:             284960 kB
SReclaimable:      57052 kB
SUnreclaim:       227908 kB
KernelStack:       18988 kB
PageTables:        60608 kB
SecPageTables:         0 kB
NFS_Unstable:          0 kB
Bounce:                0 kB
WritebackTmp:          0 kB
CommitLimit:     8258920 kB
Committed_AS:   11969944 kB
VmallocTotal:   34359738367 kB
VmallocUsed:       47256 kB
VmallocChunk:          0 kB
Percpu:            13280 kB
HardwareCorrupted:     0 kB
AnonHugePages:   1386496 kB
ShmemHugePages:        0 kB
ShmemPmdMapped:        0 kB
FileHugePages:         0 kB
FilePmdMapped:         0 kB
CmaTotal:              0 kB
CmaFree:               0 kB
Unaccepted:            0 kB
Balloon:               0 kB
HugePages_Total:       0
HugePages_Free:        0
HugePages_Rsvd:        0
HugePages_Surp:        0
Hugepagesize:       2048 kB
Hugetlb:               0 kB
DirectMap4k:      194432 kB
DirectMap2M:     6096896 kB
DirectMap1G:     4194304 kB
---SNAPSHOT---
2026-04-27 13:43:22
MemTotal:        8129240 kB
MemFree:         2383860 kB
MemAvailable:    2115636 kB
Buffers:            8080 kB
Cached:           307936 kB
SwapCached:      1591332 kB
Active:          2967548 kB
Inactive:        2119036 kB
Active(anon):    2856744 kB
Inactive(anon):  1968256 kB
Active(file):     110804 kB
Inactive(file):   150780 kB
Unevictable:          16 kB
Mlocked:              16 kB
SwapTotal:       4194300 kB
SwapFree:        2465332 kB
Zswap:                 0 kB
Zswapped:              0 kB
Dirty:               576 kB
Writeback:           348 kB
AnonPages:       3192572 kB
Mapped:           251132 kB
Shmem:             54448 kB
KReclaimable:      57052 kB
Slab:             284996 kB
SReclaimable:      57052 kB
SUnreclaim:       227944 kB
KernelStack:       18988 kB
PageTables:        60604 kB
SecPageTables:         0 kB
NFS_Unstable:          0 kB
Bounce:                0 kB
WritebackTmp:          0 kB
CommitLimit:     8258920 kB
Committed_AS:   11970184 kB
VmallocTotal:   34359738367 kB
VmallocUsed:       47288 kB
VmallocChunk:          0 kB
Percpu:            13280 kB
HardwareCorrupted:     0 kB
AnonHugePages:   1243136 kB
ShmemHugePages:        0 kB
ShmemPmdMapped:        0 kB
FileHugePages:         0 kB
FilePmdMapped:         0 kB
CmaTotal:              0 kB
CmaFree:               0 kB
Unaccepted:            0 kB
Balloon:               0 kB
HugePages_Total:       0
HugePages_Free:        0
HugePages_Rsvd:        0
HugePages_Surp:        0
Hugepagesize:       2048 kB
Hugetlb:               0 kB
DirectMap4k:      194432 kB
DirectMap2M:     6096896 kB
DirectMap1G:     4194304 kB
---SNAPSHOT---
2026-04-27 13:43:23
MemTotal:        8129240 kB
MemFree:         2383128 kB
MemAvailable:    2114912 kB
Buffers:            8088 kB
Cached:           307944 kB
SwapCached:      1734252 kB
Active:          2822208 kB
Inactive:        2264512 kB
Active(anon):    2711404 kB
Inactive(anon):  2113720 kB
Active(file):     110804 kB
Inactive(file):   150792 kB
Unevictable:          16 kB
Mlocked:              16 kB
SwapTotal:       4194300 kB
SwapFree:        2322532 kB
Zswap:                 0 kB
Zswapped:              0 kB
Dirty:               584 kB
Writeback:           280 kB
AnonPages:       3049480 kB
Mapped:           251132 kB
Shmem:             54448 kB
KReclaimable:      57052 kB
Slab:             285028 kB
SReclaimable:      57052 kB
SUnreclaim:       227976 kB
KernelStack:       18988 kB
PageTables:        60640 kB
SecPageTables:         0 kB
NFS_Unstable:          0 kB
Bounce:                0 kB
WritebackTmp:          0 kB
CommitLimit:     8258920 kB
Committed_AS:   11970212 kB
VmallocTotal:   34359738367 kB
VmallocUsed:       47272 kB
VmallocChunk:          0 kB
Percpu:            13280 kB
HardwareCorrupted:     0 kB
AnonHugePages:   1097728 kB
ShmemHugePages:        0 kB
ShmemPmdMapped:        0 kB
FileHugePages:         0 kB
FilePmdMapped:         0 kB
CmaTotal:              0 kB
CmaFree:               0 kB
Unaccepted:            0 kB
Balloon:               0 kB
HugePages_Total:       0
HugePages_Free:        0
HugePages_Rsvd:        0
HugePages_Surp:        0
Hugepagesize:       2048 kB
Hugetlb:               0 kB
DirectMap4k:      194432 kB
DirectMap2M:     6096896 kB
DirectMap1G:     4194304 kB
---SNAPSHOT---
2026-04-27 13:43:24
MemTotal:        8129240 kB
MemFree:         2383056 kB
MemAvailable:    2114844 kB
Buffers:            8088 kB
Cached:           307948 kB
SwapCached:      1781568 kB
Active:          2774864 kB
Inactive:        2311540 kB
Active(anon):    2664060 kB
Inactive(anon):  2160740 kB
Active(file):     110804 kB
Inactive(file):   150800 kB
Unevictable:          16 kB
Mlocked:              16 kB
SwapTotal:       4194300 kB
SwapFree:        2275216 kB
Zswap:                 0 kB
Zswapped:              0 kB
Dirty:               588 kB
Writeback:           208 kB
AnonPages:       3002228 kB
Mapped:           251132 kB
Shmem:             54448 kB
KReclaimable:      57052 kB
Slab:             285028 kB
SReclaimable:      57052 kB
SUnreclaim:       227976 kB
KernelStack:       18944 kB
PageTables:        60452 kB
SecPageTables:         0 kB
NFS_Unstable:          0 kB
Bounce:                0 kB
WritebackTmp:          0 kB
CommitLimit:     8258920 kB
Committed_AS:   11970080 kB
VmallocTotal:   34359738367 kB
VmallocUsed:       47224 kB
VmallocChunk:          0 kB
Percpu:            13280 kB
HardwareCorrupted:     0 kB
AnonHugePages:   1050624 kB
ShmemHugePages:        0 kB
ShmemPmdMapped:        0 kB
FileHugePages:         0 kB
FilePmdMapped:         0 kB
CmaTotal:              0 kB
CmaFree:               0 kB
Unaccepted:            0 kB
Balloon:               0 kB
HugePages_Total:       0
HugePages_Free:        0
HugePages_Rsvd:        0
HugePages_Surp:        0
Hugepagesize:       2048 kB
Hugetlb:               0 kB
DirectMap4k:      194432 kB
DirectMap2M:     6096896 kB
DirectMap1G:     4194304 kB
---SNAPSHOT---
2026-04-27 13:43:25
MemTotal:        8129240 kB
MemFree:         2382828 kB
MemAvailable:    2114616 kB
Buffers:            8088 kB
Cached:           307952 kB
SwapCached:      1882772 kB
Active:          2674612 kB
Inactive:        2412072 kB
Active(anon):    2563808 kB
Inactive(anon):  2261268 kB
Active(file):     110804 kB
Inactive(file):   150804 kB
Unevictable:          16 kB
Mlocked:              16 kB
SwapTotal:       4194300 kB
SwapFree:        2173264 kB
Zswap:                 0 kB
Zswapped:              0 kB
Dirty:               592 kB
Writeback:           184 kB
AnonPages:       2900964 kB
Mapped:           251132 kB
Shmem:             54448 kB
KReclaimable:      57052 kB
Slab:             285012 kB
SReclaimable:      57052 kB
SUnreclaim:       227960 kB
KernelStack:       19004 kB
PageTables:        60672 kB
SecPageTables:         0 kB
NFS_Unstable:          0 kB
Bounce:                0 kB
WritebackTmp:          0 kB
CommitLimit:     8258920 kB
Committed_AS:   11970184 kB
VmallocTotal:   34359738367 kB
VmallocUsed:       47224 kB
VmallocChunk:          0 kB
Percpu:            13280 kB
HardwareCorrupted:     0 kB
AnonHugePages:    950272 kB
ShmemHugePages:        0 kB
ShmemPmdMapped:        0 kB
FileHugePages:         0 kB
FilePmdMapped:         0 kB
CmaTotal:              0 kB
CmaFree:               0 kB
Unaccepted:            0 kB
Balloon:               0 kB
HugePages_Total:       0
HugePages_Free:        0
HugePages_Rsvd:        0
HugePages_Surp:        0
Hugepagesize:       2048 kB
Hugetlb:               0 kB
DirectMap4k:      194432 kB
DirectMap2M:     6096896 kB
DirectMap1G:     4194304 kB
---SNAPSHOT---
2026-04-27 13:43:26
MemTotal:        8129240 kB
MemFree:         2382576 kB
MemAvailable:    2114368 kB
Buffers:            8088 kB
Cached:           307960 kB
SwapCached:      2027600 kB
Active:          2529112 kB
Inactive:        2557324 kB
Active(anon):    2418308 kB
Inactive(anon):  2406512 kB
Active(file):     110804 kB
Inactive(file):   150812 kB
Unevictable:          16 kB
Mlocked:              16 kB
SwapTotal:       4194300 kB
SwapFree:        2028644 kB
Zswap:                 0 kB
Zswapped:              0 kB
Dirty:               600 kB
Writeback:           616 kB
AnonPages:       2755616 kB
Mapped:           251132 kB
Shmem:             54448 kB
KReclaimable:      57052 kB
Slab:             284984 kB
SReclaimable:      57052 kB
SUnreclaim:       227932 kB
KernelStack:       18944 kB
PageTables:        60380 kB
SecPageTables:         0 kB
NFS_Unstable:          0 kB
Bounce:                0 kB
WritebackTmp:          0 kB
CommitLimit:     8258920 kB
Committed_AS:   11970184 kB
VmallocTotal:   34359738367 kB
VmallocUsed:       47224 kB
VmallocChunk:          0 kB
Percpu:            13280 kB
HardwareCorrupted:     0 kB
AnonHugePages:    804864 kB
ShmemHugePages:        0 kB
ShmemPmdMapped:        0 kB
FileHugePages:         0 kB
FilePmdMapped:         0 kB
CmaTotal:              0 kB
CmaFree:               0 kB
Unaccepted:            0 kB
Balloon:               0 kB
HugePages_Total:       0
HugePages_Free:        0
HugePages_Rsvd:        0
HugePages_Surp:        0
Hugepagesize:       2048 kB
Hugetlb:               0 kB
DirectMap4k:      194432 kB
DirectMap2M:     6096896 kB
DirectMap1G:     4194304 kB
---SNAPSHOT---
2026-04-27 13:43:27
MemTotal:        8129240 kB
MemFree:         2382552 kB
MemAvailable:    2114348 kB
Buffers:            8088 kB
Cached:           307964 kB
SwapCached:      2160016 kB
Active:          2395884 kB
Inactive:        2690760 kB
Active(anon):    2285080 kB
Inactive(anon):  2539940 kB
Active(file):     110804 kB
Inactive(file):   150820 kB
Unevictable:          16 kB
Mlocked:              16 kB
SwapTotal:       4194300 kB
SwapFree:        1896340 kB
Zswap:                 0 kB
Zswapped:              0 kB
Dirty:               604 kB
Writeback:           180 kB
AnonPages:       2623012 kB
Mapped:           251132 kB
Shmem:             54448 kB
KReclaimable:      57052 kB
Slab:             284964 kB
SReclaimable:      57052 kB
SUnreclaim:       227912 kB
KernelStack:       18960 kB
PageTables:        60448 kB
SecPageTables:         0 kB
NFS_Unstable:          0 kB
Bounce:                0 kB
WritebackTmp:          0 kB
CommitLimit:     8258920 kB
Committed_AS:   11969944 kB
VmallocTotal:   34359738367 kB
VmallocUsed:       47224 kB
VmallocChunk:          0 kB
Percpu:            13280 kB
HardwareCorrupted:     0 kB
AnonHugePages:    671744 kB
ShmemHugePages:        0 kB
ShmemPmdMapped:        0 kB
FileHugePages:         0 kB
FilePmdMapped:         0 kB
CmaTotal:              0 kB
CmaFree:               0 kB
Unaccepted:            0 kB
Balloon:               0 kB
HugePages_Total:       0
HugePages_Free:        0
HugePages_Rsvd:        0
HugePages_Surp:        0
Hugepagesize:       2048 kB
Hugetlb:               0 kB
DirectMap4k:      194432 kB
DirectMap2M:     6096896 kB
DirectMap1G:     4194304 kB
---SNAPSHOT---
2026-04-27 13:43:28
MemTotal:        8129240 kB
MemFree:         4086304 kB
MemAvailable:    3818104 kB
Buffers:            8096 kB
Cached:           307972 kB
SwapCached:       594168 kB
Active:          2229736 kB
Inactive:        1127220 kB
Active(anon):    2118932 kB
Inactive(anon):   976392 kB
Active(file):     110804 kB
Inactive(file):   150828 kB
Unevictable:          16 kB
Mlocked:              16 kB
SwapTotal:       4194300 kB
SwapFree:        3463004 kB
Zswap:                 0 kB
Zswapped:              0 kB
Dirty:               612 kB
Writeback:          1064 kB
AnonPages:       2452860 kB
Mapped:           251132 kB
Shmem:             54448 kB
KReclaimable:      57052 kB
Slab:             285868 kB
SReclaimable:      57052 kB
SUnreclaim:       228816 kB
KernelStack:       18960 kB
PageTables:        59784 kB
SecPageTables:         0 kB
NFS_Unstable:          0 kB
Bounce:                0 kB
WritebackTmp:          0 kB
CommitLimit:     8258920 kB
Committed_AS:   11970212 kB
VmallocTotal:   34359738367 kB
VmallocUsed:       47208 kB
VmallocChunk:          0 kB
Percpu:            13280 kB
HardwareCorrupted:     0 kB
AnonHugePages:    432128 kB
ShmemHugePages:        0 kB
ShmemPmdMapped:        0 kB
FileHugePages:         0 kB
FilePmdMapped:         0 kB
CmaTotal:              0 kB
CmaFree:               0 kB
Unaccepted:            0 kB
Balloon:               0 kB
HugePages_Total:       0
HugePages_Free:        0
HugePages_Rsvd:        0
HugePages_Surp:        0
Hugepagesize:       2048 kB
Hugetlb:               0 kB
DirectMap4k:      194432 kB
DirectMap2M:     6096896 kB
DirectMap1G:     4194304 kB
---SNAPSHOT---
2026-04-27 13:43:29
MemTotal:        8129240 kB
MemFree:         3931472 kB
MemAvailable:    3663280 kB
Buffers:            8100 kB
Cached:           307972 kB
SwapCached:        38700 kB
Active:          2911900 kB
Inactive:         573656 kB
Active(anon):    2801096 kB
Inactive(anon):   422816 kB
Active(file):     110804 kB
Inactive(file):   150840 kB
Unevictable:          16 kB
Mlocked:              16 kB
SwapTotal:       4194300 kB
SwapFree:        4018120 kB
Zswap:                 0 kB
Zswapped:              0 kB
Dirty:               616 kB
Writeback:           172 kB
AnonPages:       3134320 kB
Mapped:           251132 kB
Shmem:             54448 kB
KReclaimable:      57052 kB
Slab:             285016 kB
SReclaimable:      57052 kB
SUnreclaim:       227964 kB
KernelStack:       18960 kB
PageTables:        57796 kB
SecPageTables:         0 kB
NFS_Unstable:          0 kB
Bounce:                0 kB
WritebackTmp:          0 kB
CommitLimit:     8258920 kB
Committed_AS:   11970076 kB
VmallocTotal:   34359738367 kB
VmallocUsed:       47208 kB
VmallocChunk:          0 kB
Percpu:            13280 kB
HardwareCorrupted:     0 kB
AnonHugePages:    899072 kB
ShmemHugePages:        0 kB
ShmemPmdMapped:        0 kB
FileHugePages:         0 kB
FilePmdMapped:         0 kB
CmaTotal:              0 kB
CmaFree:               0 kB
Unaccepted:            0 kB
Balloon:               0 kB
HugePages_Total:       0
HugePages_Free:        0
HugePages_Rsvd:        0
HugePages_Surp:        0
Hugepagesize:       2048 kB
Hugetlb:               0 kB
DirectMap4k:      194432 kB
DirectMap2M:     6096896 kB
DirectMap1G:     4194304 kB
---SNAPSHOT---
2026-04-27 13:43:30
MemTotal:        8129240 kB
MemFree:         2890824 kB
MemAvailable:    2622612 kB
Buffers:            8100 kB
Cached:           307980 kB
SwapCached:        38664 kB
Active:          3947864 kB
Inactive:         573624 kB
Active(anon):    3837060 kB
Inactive(anon):   422776 kB
Active(file):     110804 kB
Inactive(file):   150848 kB
Unevictable:          16 kB
Mlocked:              16 kB
SwapTotal:       4194300 kB
SwapFree:        4018120 kB
Zswap:                 0 kB
Zswapped:              0 kB
Dirty:               620 kB
Writeback:             0 kB
AnonPages:       4170508 kB
Mapped:           251132 kB
Shmem:             54448 kB
KReclaimable:      57004 kB
Slab:             284928 kB
SReclaimable:      57004 kB
SUnreclaim:       227924 kB
KernelStack:       18960 kB
PageTables:        59232 kB
SecPageTables:         0 kB
NFS_Unstable:          0 kB
Bounce:                0 kB
WritebackTmp:          0 kB
CommitLimit:     8258920 kB
Committed_AS:   11970076 kB
VmallocTotal:   34359738367 kB
VmallocUsed:       47176 kB
VmallocChunk:          0 kB
Percpu:            13280 kB
HardwareCorrupted:     0 kB
AnonHugePages:   1701888 kB
ShmemHugePages:        0 kB
ShmemPmdMapped:        0 kB
FileHugePages:         0 kB
FilePmdMapped:         0 kB
CmaTotal:              0 kB
CmaFree:               0 kB
Unaccepted:            0 kB
Balloon:               0 kB
HugePages_Total:       0
HugePages_Free:        0
HugePages_Rsvd:        0
HugePages_Surp:        0
Hugepagesize:       2048 kB
Hugetlb:               0 kB
DirectMap4k:      194432 kB
DirectMap2M:     6096896 kB
DirectMap1G:     4194304 kB
---SNAPSHOT---
2026-04-27 13:43:31
MemTotal:        8129240 kB
MemFree:         4359748 kB
MemAvailable:    4091540 kB
Buffers:            8100 kB
Cached:           307988 kB
SwapCached:        38664 kB
Active:          2407904 kB
Inactive:         573632 kB
Active(anon):    2297100 kB
Inactive(anon):   422776 kB
Active(file):     110804 kB
Inactive(file):   150856 kB
Unevictable:          16 kB
Mlocked:              16 kB
SwapTotal:       4194300 kB
SwapFree:        4018120 kB
Zswap:                 0 kB
Zswapped:              0 kB
Dirty:               628 kB
Writeback:             0 kB
AnonPages:       2630544 kB
Mapped:           251132 kB
Shmem:             54448 kB
KReclaimable:      57004 kB
Slab:             284924 kB
SReclaimable:      57004 kB
SUnreclaim:       227920 kB
KernelStack:       18960 kB
PageTables:        56412 kB
SecPageTables:         0 kB
NFS_Unstable:          0 kB
Bounce:                0 kB
WritebackTmp:          0 kB
CommitLimit:     8258920 kB
Committed_AS:   11970076 kB
VmallocTotal:   34359738367 kB
VmallocUsed:       47176 kB
VmallocChunk:          0 kB
Percpu:            13280 kB
HardwareCorrupted:     0 kB
AnonHugePages:    698368 kB
ShmemHugePages:        0 kB
ShmemPmdMapped:        0 kB
FileHugePages:         0 kB
FilePmdMapped:         0 kB
CmaTotal:              0 kB
CmaFree:               0 kB
Unaccepted:            0 kB
Balloon:               0 kB
HugePages_Total:       0
HugePages_Free:        0
HugePages_Rsvd:        0
HugePages_Surp:        0
Hugepagesize:       2048 kB
Hugetlb:               0 kB
DirectMap4k:      194432 kB
DirectMap2M:     6096896 kB
DirectMap1G:     4194304 kB
---SNAPSHOT---
2026-04-27 13:43:32
MemTotal:        8129240 kB
MemFree:         3316608 kB
MemAvailable:    3048400 kB
Buffers:            8100 kB
Cached:           307992 kB
SwapCached:        38664 kB
Active:          3474980 kB
Inactive:         573636 kB
Active(anon):    3364176 kB
Inactive(anon):   422776 kB
Active(file):     110804 kB
Inactive(file):   150860 kB
Unevictable:          16 kB
Mlocked:              16 kB
SwapTotal:       4194300 kB
SwapFree:        4018120 kB
Zswap:                 0 kB
Zswapped:              0 kB
Dirty:               632 kB
Writeback:             0 kB
AnonPages:       3697208 kB
Mapped:           251132 kB
Shmem:             54448 kB
KReclaimable:      57004 kB
Slab:             284928 kB
SReclaimable:      57004 kB
SUnreclaim:       227924 kB
KernelStack:       18976 kB
PageTables:        57596 kB
SecPageTables:         0 kB
NFS_Unstable:          0 kB
Bounce:                0 kB
WritebackTmp:          0 kB
CommitLimit:     8258920 kB
Committed_AS:   11969944 kB
VmallocTotal:   34359738367 kB
VmallocUsed:       47224 kB
VmallocChunk:          0 kB
Percpu:            13280 kB
HardwareCorrupted:     0 kB
AnonHugePages:   1765376 kB
ShmemHugePages:        0 kB
ShmemPmdMapped:        0 kB
FileHugePages:         0 kB
FilePmdMapped:         0 kB
CmaTotal:              0 kB
CmaFree:               0 kB
Unaccepted:            0 kB
Balloon:               0 kB
HugePages_Total:       0
HugePages_Free:        0
HugePages_Rsvd:        0
HugePages_Surp:        0
Hugepagesize:       2048 kB
Hugetlb:               0 kB
DirectMap4k:      194432 kB
DirectMap2M:     6096896 kB
DirectMap1G:     4194304 kB
---SNAPSHOT---
2026-04-27 13:43:33
MemTotal:        8129240 kB
MemFree:         4144368 kB
MemAvailable:    3876164 kB
Buffers:            8108 kB
Cached:           307992 kB
SwapCached:        38664 kB
Active:          2602408 kB
Inactive:         573644 kB
Active(anon):    2491604 kB
Inactive(anon):   422776 kB
Active(file):     110804 kB
Inactive(file):   150868 kB
Unevictable:          16 kB
Mlocked:              16 kB
SwapTotal:       4194300 kB
SwapFree:        4018120 kB
Zswap:                 0 kB
Zswapped:              0 kB
Dirty:               640 kB
Writeback:             0 kB
AnonPages:       2825212 kB
Mapped:           251132 kB
Shmem:             54448 kB
KReclaimable:      57004 kB
Slab:             284948 kB
SReclaimable:      57004 kB
SUnreclaim:       227944 kB
KernelStack:       19020 kB
PageTables:        58072 kB
SecPageTables:         0 kB
NFS_Unstable:          0 kB
Bounce:                0 kB
WritebackTmp:          0 kB
CommitLimit:     8258920 kB
