---SNAPSHOT---
2026-04-27 14:56:52
MemTotal:        8129240 kB
MemFree:         5477216 kB
MemAvailable:    5204380 kB
Buffers:            4716 kB
Cached:           285024 kB
SwapCached:        81188 kB
Active:          1510984 kB
Inactive:         551344 kB
Active(anon):    1413580 kB
Inactive(anon):   396352 kB
Active(file):      97404 kB
Inactive(file):   154992 kB
Unevictable:           0 kB
Mlocked:               0 kB
SwapTotal:       4194300 kB
SwapFree:        3975596 kB
Zswap:                 0 kB
Zswapped:              0 kB
Dirty:               452 kB
Writeback:             0 kB
AnonPages:       1694544 kB
Mapped:           246368 kB
Shmem:             37300 kB
KReclaimable:      57016 kB
Slab:             284308 kB
SReclaimable:      57016 kB
SUnreclaim:       227292 kB
KernelStack:       18000 kB
PageTables:        45484 kB
SecPageTables:         0 kB
NFS_Unstable:          0 kB
Bounce:                0 kB
WritebackTmp:          0 kB
CommitLimit:     8258920 kB
Committed_AS:    8752396 kB
VmallocTotal:   34359738367 kB
VmallocUsed:       46312 kB
VmallocChunk:          0 kB
Percpu:            13280 kB
HardwareCorrupted:     0 kB
AnonHugePages:    206848 kB
ShmemHugePages:        0 kB
ShmemPmdMapped:        0 kB
FileHugePages:         0 kB
FilePmdMapped:         0 kB
CmaTotal:              0 kB
CmaFree:               0 kB
Unaccepted:            0 kB
Balloon:               0 kB
HugePages_Total:       0
HugePages_Free:        0
HugePages_Rsvd:        0
HugePages_Surp:        0
Hugepagesize:       2048 kB
Hugetlb:               0 kB
DirectMap4k:      194432 kB
DirectMap2M:     6096896 kB
DirectMap1G:     4194304 kB
---SNAPSHOT---
2026-04-27 14:56:53
MemTotal:        8129240 kB
MemFree:         5476952 kB
MemAvailable:    5204376 kB
Buffers:            4716 kB
Cached:           285460 kB
SwapCached:        81188 kB
Active:          1511600 kB
Inactive:         551656 kB
Active(anon):    1413988 kB
Inactive(anon):   396352 kB
Active(file):      97612 kB
Inactive(file):   155304 kB
Unevictable:           0 kB
Mlocked:               0 kB
SwapTotal:       4194300 kB
SwapFree:        3975596 kB
Zswap:                 0 kB
Zswapped:              0 kB
Dirty:               480 kB
Writeback:             0 kB
AnonPages:       1695180 kB
Mapped:           246400 kB
Shmem:             37300 kB
KReclaimable:      57016 kB
Slab:             284308 kB
SReclaimable:      57016 kB
SUnreclaim:       227292 kB
KernelStack:       18096 kB
PageTables:        45344 kB
SecPageTables:         0 kB
NFS_Unstable:          0 kB
Bounce:                0 kB
WritebackTmp:          0 kB
CommitLimit:     8258920 kB
Committed_AS:    8752260 kB
VmallocTotal:   34359738367 kB
VmallocUsed:       46376 kB
VmallocChunk:          0 kB
Percpu:            13280 kB
HardwareCorrupted:     0 kB
AnonHugePages:    206848 kB
ShmemHugePages:        0 kB
ShmemPmdMapped:        0 kB
FileHugePages:         0 kB
FilePmdMapped:         0 kB
CmaTotal:              0 kB
CmaFree:               0 kB
Unaccepted:            0 kB
Balloon:               0 kB
HugePages_Total:       0
HugePages_Free:        0
HugePages_Rsvd:        0
HugePages_Surp:        0
Hugepagesize:       2048 kB
Hugetlb:               0 kB
DirectMap4k:      194432 kB
DirectMap2M:     6096896 kB
DirectMap1G:     4194304 kB
---SNAPSHOT---
2026-04-27 14:56:54
MemTotal:        8129240 kB
MemFree:         5476496 kB
MemAvailable:    5203924 kB
Buffers:            4724 kB
Cached:           285456 kB
SwapCached:        81188 kB
Active:          1512304 kB
Inactive:         551664 kB
Active(anon):    1414692 kB
Inactive(anon):   396352 kB
Active(file):      97612 kB
Inactive(file):   155312 kB
Unevictable:           0 kB
Mlocked:               0 kB
SwapTotal:       4194300 kB
SwapFree:        3975596 kB
Zswap:                 0 kB
Zswapped:              0 kB
Dirty:               484 kB
Writeback:             0 kB
AnonPages:       1695848 kB
Mapped:           246400 kB
Shmem:             37300 kB
KReclaimable:      57016 kB
Slab:             284312 kB
SReclaimable:      57016 kB
SUnreclaim:       227296 kB
KernelStack:       18148 kB
PageTables:        46024 kB
SecPageTables:         0 kB
NFS_Unstable:          0 kB
Bounce:                0 kB
WritebackTmp:          0 kB
CommitLimit:     8258920 kB
Committed_AS:    8753424 kB
VmallocTotal:   34359738367 kB
VmallocUsed:       46392 kB
VmallocChunk:          0 kB
Percpu:            13280 kB
HardwareCorrupted:     0 kB
AnonHugePages:    206848 kB
ShmemHugePages:        0 kB
ShmemPmdMapped:        0 kB
FileHugePages:         0 kB
FilePmdMapped:         0 kB
CmaTotal:              0 kB
CmaFree:               0 kB
Unaccepted:            0 kB
Balloon:               0 kB
HugePages_Total:       0
HugePages_Free:        0
HugePages_Rsvd:        0
HugePages_Surp:        0
Hugepagesize:       2048 kB
Hugetlb:               0 kB
DirectMap4k:      194432 kB
DirectMap2M:     6096896 kB
DirectMap1G:     4194304 kB
---SNAPSHOT---
2026-04-27 14:56:55
MemTotal:        8129240 kB
MemFree:         5475464 kB
MemAvailable:    5202896 kB
Buffers:            4724 kB
Cached:           285468 kB
SwapCached:        81188 kB
Active:          1511888 kB
Inactive:         551672 kB
Active(anon):    1414276 kB
Inactive(anon):   396352 kB
Active(file):      97612 kB
Inactive(file):   155320 kB
Unevictable:           0 kB
Mlocked:               0 kB
SwapTotal:       4194300 kB
SwapFree:        3975596 kB
Zswap:                 0 kB
Zswapped:              0 kB
Dirty:               492 kB
Writeback:             0 kB
AnonPages:       1694840 kB
Mapped:           246464 kB
Shmem:             37300 kB
KReclaimable:      57016 kB
Slab:             284312 kB
SReclaimable:      57016 kB
SUnreclaim:       227296 kB
KernelStack:       18168 kB
PageTables:        45584 kB
SecPageTables:         0 kB
NFS_Unstable:          0 kB
Bounce:                0 kB
WritebackTmp:          0 kB
CommitLimit:     8258920 kB
Committed_AS:    8752264 kB
VmallocTotal:   34359738367 kB
VmallocUsed:       46376 kB
VmallocChunk:          0 kB
Percpu:            13280 kB
HardwareCorrupted:     0 kB
AnonHugePages:    206848 kB
ShmemHugePages:        0 kB
ShmemPmdMapped:        0 kB
FileHugePages:         0 kB
FilePmdMapped:         0 kB
CmaTotal:              0 kB
CmaFree:               0 kB
Unaccepted:            0 kB
Balloon:               0 kB
HugePages_Total:       0
HugePages_Free:        0
HugePages_Rsvd:        0
HugePages_Surp:        0
Hugepagesize:       2048 kB
Hugetlb:               0 kB
DirectMap4k:      194432 kB
DirectMap2M:     6096896 kB
DirectMap1G:     4194304 kB
---SNAPSHOT---
2026-04-27 14:56:56
MemTotal:        8129240 kB
MemFree:         4626304 kB
MemAvailable:    4360044 kB
Buffers:            5268 kB
Cached:           314696 kB
SwapCached:        81188 kB
Active:          2364256 kB
Inactive:         552440 kB
Active(anon):    2254796 kB
Inactive(anon):   396352 kB
Active(file):     109460 kB
Inactive(file):   156088 kB
Unevictable:          16 kB
Mlocked:              16 kB
SwapTotal:       4194300 kB
SwapFree:        3975596 kB
Zswap:                 0 kB
Zswapped:              0 kB
Dirty:               600 kB
Writeback:             0 kB
AnonPages:       2518516 kB
Mapped:           267052 kB
Shmem:             54444 kB
KReclaimable:      57016 kB
Slab:             284340 kB
SReclaimable:      57016 kB
SUnreclaim:       227324 kB
KernelStack:       18240 kB
PageTables:        48084 kB
SecPageTables:         0 kB
NFS_Unstable:          0 kB
Bounce:                0 kB
WritebackTmp:          0 kB
CommitLimit:     8258920 kB
Committed_AS:   11409532 kB
VmallocTotal:   34359738367 kB
VmallocUsed:       46408 kB
VmallocChunk:          0 kB
Percpu:            13280 kB
HardwareCorrupted:     0 kB
AnonHugePages:   1021952 kB
ShmemHugePages:        0 kB
ShmemPmdMapped:        0 kB
FileHugePages:         0 kB
FilePmdMapped:         0 kB
CmaTotal:              0 kB
CmaFree:               0 kB
Unaccepted:            0 kB
Balloon:               0 kB
HugePages_Total:       0
HugePages_Free:        0
HugePages_Rsvd:        0
HugePages_Surp:        0
Hugepagesize:       2048 kB
Hugetlb:               0 kB
DirectMap4k:      194432 kB
DirectMap2M:     6096896 kB
DirectMap1G:     4194304 kB
---SNAPSHOT---
2026-04-27 14:56:57
MemTotal:        8129240 kB
MemFree:         3607460 kB
MemAvailable:    3341204 kB
Buffers:            5268 kB
Cached:           314708 kB
SwapCached:        81188 kB
Active:          3375632 kB
Inactive:         552448 kB
Active(anon):    3266172 kB
Inactive(anon):   396352 kB
Active(file):     109460 kB
Inactive(file):   156096 kB
Unevictable:          16 kB
Mlocked:              16 kB
SwapTotal:       4194300 kB
SwapFree:        3975596 kB
Zswap:                 0 kB
Zswapped:              0 kB
Dirty:               608 kB
Writeback:             0 kB
AnonPages:       3530112 kB
Mapped:           267056 kB
Shmem:             54448 kB
KReclaimable:      57016 kB
Slab:             284340 kB
SReclaimable:      57016 kB
SUnreclaim:       227324 kB
KernelStack:       18256 kB
PageTables:        49660 kB
SecPageTables:         0 kB
NFS_Unstable:          0 kB
Bounce:                0 kB
WritebackTmp:          0 kB
CommitLimit:     8258920 kB
Committed_AS:   11409640 kB
VmallocTotal:   34359738367 kB
VmallocUsed:       46424 kB
VmallocChunk:          0 kB
Percpu:            13280 kB
HardwareCorrupted:     0 kB
AnonHugePages:   2033664 kB
ShmemHugePages:        0 kB
ShmemPmdMapped:        0 kB
FileHugePages:         0 kB
FilePmdMapped:         0 kB
CmaTotal:              0 kB
CmaFree:               0 kB
Unaccepted:            0 kB
Balloon:               0 kB
HugePages_Total:       0
HugePages_Free:        0
HugePages_Rsvd:        0
HugePages_Surp:        0
Hugepagesize:       2048 kB
Hugetlb:               0 kB
DirectMap4k:      194432 kB
DirectMap2M:     6096896 kB
DirectMap1G:     4194304 kB
---SNAPSHOT---
2026-04-27 14:56:58
MemTotal:        8129240 kB
MemFree:         5017680 kB
MemAvailable:    4751424 kB
Buffers:            5268 kB
Cached:           314712 kB
SwapCached:        81188 kB
Active:          1848052 kB
Inactive:         552452 kB
Active(anon):    1738592 kB
Inactive(anon):   396352 kB
Active(file):     109460 kB
Inactive(file):   156100 kB
Unevictable:          16 kB
Mlocked:              16 kB
SwapTotal:       4194300 kB
SwapFree:        3975596 kB
Zswap:                 0 kB
Zswapped:              0 kB
Dirty:               612 kB
Writeback:             0 kB
AnonPages:       2002536 kB
Mapped:           267284 kB
Shmem:             54448 kB
KReclaimable:      57016 kB
Slab:             284340 kB
SReclaimable:      57016 kB
SUnreclaim:       227324 kB
KernelStack:       18316 kB
PageTables:        48240 kB
SecPageTables:         0 kB
NFS_Unstable:          0 kB
Bounce:                0 kB
WritebackTmp:          0 kB
CommitLimit:     8258920 kB
Committed_AS:   11409176 kB
VmallocTotal:   34359738367 kB
VmallocUsed:       46472 kB
VmallocChunk:          0 kB
Percpu:            13280 kB
HardwareCorrupted:     0 kB
AnonHugePages:    505856 kB
ShmemHugePages:        0 kB
ShmemPmdMapped:        0 kB
FileHugePages:         0 kB
FilePmdMapped:         0 kB
CmaTotal:              0 kB
CmaFree:               0 kB
Unaccepted:            0 kB
Balloon:               0 kB
HugePages_Total:       0
HugePages_Free:        0
HugePages_Rsvd:        0
HugePages_Surp:        0
Hugepagesize:       2048 kB
Hugetlb:               0 kB
DirectMap4k:      194432 kB
DirectMap2M:     6096896 kB
DirectMap1G:     4194304 kB
---SNAPSHOT---
2026-04-27 14:56:59
MemTotal:        8129240 kB
MemFree:         4087216 kB
MemAvailable:    3820964 kB
Buffers:            5276 kB
Cached:           314708 kB
SwapCached:        81188 kB
Active:          2885016 kB
Inactive:         552456 kB
Active(anon):    2775556 kB
Inactive(anon):   396352 kB
Active(file):     109460 kB
Inactive(file):   156104 kB
Unevictable:          16 kB
Mlocked:              16 kB
SwapTotal:       4194300 kB
SwapFree:        3975596 kB
Zswap:                 0 kB
Zswapped:              0 kB
Dirty:               616 kB
Writeback:             0 kB
AnonPages:       3039324 kB
Mapped:           267072 kB
Shmem:             54448 kB
KReclaimable:      57016 kB
Slab:             284340 kB
SReclaimable:      57016 kB
SUnreclaim:       227324 kB
KernelStack:       18348 kB
PageTables:        49672 kB
SecPageTables:         0 kB
NFS_Unstable:          0 kB
Bounce:                0 kB
WritebackTmp:          0 kB
CommitLimit:     8258920 kB
Committed_AS:   11410804 kB
VmallocTotal:   34359738367 kB
VmallocUsed:       46536 kB
VmallocChunk:          0 kB
Percpu:            13280 kB
HardwareCorrupted:     0 kB
AnonHugePages:   1542144 kB
ShmemHugePages:        0 kB
ShmemPmdMapped:        0 kB
FileHugePages:         0 kB
FilePmdMapped:         0 kB
CmaTotal:              0 kB
CmaFree:               0 kB
Unaccepted:            0 kB
Balloon:               0 kB
HugePages_Total:       0
HugePages_Free:        0
HugePages_Rsvd:        0
HugePages_Surp:        0
Hugepagesize:       2048 kB
Hugetlb:               0 kB
DirectMap4k:      194432 kB
DirectMap2M:     6096896 kB
DirectMap1G:     4194304 kB
---SNAPSHOT---
2026-04-27 14:57:00
MemTotal:        8129240 kB
MemFree:         3057908 kB
MemAvailable:    2791688 kB
Buffers:            5276 kB
Cached:           314724 kB
SwapCached:        81188 kB
Active:          3912696 kB
Inactive:         552472 kB
Active(anon):    3803236 kB
Inactive(anon):   396352 kB
Active(file):     109460 kB
Inactive(file):   156120 kB
Unevictable:          16 kB
Mlocked:              16 kB
SwapTotal:       4194300 kB
SwapFree:        3975596 kB
Zswap:                 0 kB
Zswapped:              0 kB
Dirty:               624 kB
Writeback:             0 kB
AnonPages:       4067036 kB
Mapped:           267300 kB
Shmem:             54448 kB
KReclaimable:      57064 kB
Slab:             284388 kB
SReclaimable:      57064 kB
SUnreclaim:       227324 kB
KernelStack:       18268 kB
PageTables:        50660 kB
SecPageTables:         0 kB
NFS_Unstable:          0 kB
Bounce:                0 kB
WritebackTmp:          0 kB
CommitLimit:     8258920 kB
Committed_AS:   11409064 kB
VmallocTotal:   34359738367 kB
VmallocUsed:       46488 kB
VmallocChunk:          0 kB
Percpu:            13280 kB
HardwareCorrupted:     0 kB
AnonHugePages:   2570240 kB
ShmemHugePages:        0 kB
ShmemPmdMapped:        0 kB
FileHugePages:         0 kB
FilePmdMapped:         0 kB
CmaTotal:              0 kB
CmaFree:               0 kB
Unaccepted:            0 kB
Balloon:               0 kB
HugePages_Total:       0
HugePages_Free:        0
HugePages_Rsvd:        0
HugePages_Surp:        0
Hugepagesize:       2048 kB
Hugetlb:               0 kB
DirectMap4k:      194432 kB
DirectMap2M:     6096896 kB
DirectMap1G:     4194304 kB
---SNAPSHOT---
2026-04-27 14:57:01
MemTotal:        8129240 kB
MemFree:         3735776 kB
MemAvailable:    3469556 kB
Buffers:            5276 kB
Cached:           314728 kB
SwapCached:       558392 kB
Active:          2761240 kB
Inactive:        1029072 kB
Active(anon):    2651780 kB
Inactive(anon):   872948 kB
Active(file):     109460 kB
Inactive(file):   156124 kB
Unevictable:          16 kB
Mlocked:              16 kB
SwapTotal:       4194300 kB
SwapFree:        3498296 kB
Zswap:                 0 kB
Zswapped:              0 kB
Dirty:               628 kB
Writeback:           520 kB
AnonPages:       2917032 kB
Mapped:           267056 kB
Shmem:             54448 kB
KReclaimable:      57064 kB
Slab:             284444 kB
SReclaimable:      57064 kB
SUnreclaim:       227380 kB
KernelStack:       18256 kB
PageTables:        49372 kB
SecPageTables:         0 kB
NFS_Unstable:          0 kB
Bounce:                0 kB
WritebackTmp:          0 kB
CommitLimit:     8258920 kB
Committed_AS:   11409076 kB
VmallocTotal:   34359738367 kB
VmallocUsed:       46456 kB
VmallocChunk:          0 kB
Percpu:            13280 kB
HardwareCorrupted:     0 kB
AnonHugePages:   1417216 kB
ShmemHugePages:        0 kB
ShmemPmdMapped:        0 kB
FileHugePages:         0 kB
FilePmdMapped:         0 kB
CmaTotal:              0 kB
CmaFree:               0 kB
Unaccepted:            0 kB
Balloon:               0 kB
HugePages_Total:       0
HugePages_Free:        0
HugePages_Rsvd:        0
HugePages_Surp:        0
Hugepagesize:       2048 kB
Hugetlb:               0 kB
DirectMap4k:      194432 kB
DirectMap2M:     6096896 kB
DirectMap1G:     4194304 kB
---SNAPSHOT---
2026-04-27 14:57:02
MemTotal:        8129240 kB
MemFree:         3206148 kB
MemAvailable:    2939932 kB
Buffers:            5280 kB
Cached:           314736 kB
SwapCached:       667944 kB
Active:          3195912 kB
Inactive:        1122812 kB
Active(anon):    3086452 kB
Inactive(anon):   966684 kB
Active(file):     109460 kB
Inactive(file):   156128 kB
Unevictable:          16 kB
Mlocked:              16 kB
SwapTotal:       4194300 kB
SwapFree:        3388840 kB
Zswap:                 0 kB
Zswapped:              0 kB
Dirty:               636 kB
Writeback:         16556 kB
AnonPages:       3335780 kB
Mapped:           267056 kB
Shmem:             54448 kB
KReclaimable:      57064 kB
Slab:             285488 kB
SReclaimable:      57064 kB
SUnreclaim:       228424 kB
KernelStack:       18316 kB
PageTables:        50600 kB
SecPageTables:         0 kB
NFS_Unstable:          0 kB
Bounce:                0 kB
WritebackTmp:          0 kB
CommitLimit:     8258920 kB
Committed_AS:   11409432 kB
VmallocTotal:   34359738367 kB
VmallocUsed:       46504 kB
VmallocChunk:          0 kB
Percpu:            13280 kB
HardwareCorrupted:     0 kB
AnonHugePages:   1837056 kB
ShmemHugePages:        0 kB
ShmemPmdMapped:        0 kB
FileHugePages:         0 kB
FilePmdMapped:         0 kB
CmaTotal:              0 kB
CmaFree:               0 kB
Unaccepted:            0 kB
Balloon:               0 kB
HugePages_Total:       0
HugePages_Free:        0
HugePages_Rsvd:        0
HugePages_Surp:        0
Hugepagesize:       2048 kB
Hugetlb:               0 kB
DirectMap4k:      194432 kB
DirectMap2M:     6096896 kB
DirectMap1G:     4194304 kB
---SNAPSHOT---
2026-04-27 14:57:03
MemTotal:        8129240 kB
MemFree:         4419932 kB
MemAvailable:    4153720 kB
Buffers:            5280 kB
Cached:           314740 kB
SwapCached:       667944 kB
Active:          1888784 kB
Inactive:        1132040 kB
Active(anon):    1779324 kB
Inactive(anon):   975900 kB
Active(file):     109460 kB
Inactive(file):   156140 kB
Unevictable:          16 kB
Mlocked:              16 kB
SwapTotal:       4194300 kB
SwapFree:        3388840 kB
Zswap:                 0 kB
Zswapped:              0 kB
Dirty:               640 kB
Writeback:          7384 kB
AnonPages:       2037760 kB
Mapped:           267056 kB
Shmem:             54448 kB
KReclaimable:      57064 kB
Slab:             284864 kB
SReclaimable:      57064 kB
SUnreclaim:       227800 kB
KernelStack:       18240 kB
PageTables:        48252 kB
SecPageTables:         0 kB
NFS_Unstable:          0 kB
Bounce:                0 kB
WritebackTmp:          0 kB
CommitLimit:     8258920 kB
Committed_AS:   11409228 kB
VmallocTotal:   34359738367 kB
VmallocUsed:       46504 kB
VmallocChunk:          0 kB
Percpu:            13280 kB
HardwareCorrupted:     0 kB
AnonHugePages:    540672 kB
ShmemHugePages:        0 kB
ShmemPmdMapped:        0 kB
FileHugePages:         0 kB
FilePmdMapped:         0 kB
CmaTotal:              0 kB
CmaFree:               0 kB
Unaccepted:            0 kB
Balloon:               0 kB
HugePages_Total:       0
HugePages_Free:        0
HugePages_Rsvd:        0
HugePages_Surp:        0
Hugepagesize:       2048 kB
Hugetlb:               0 kB
DirectMap4k:      194432 kB
DirectMap2M:     6096896 kB
DirectMap1G:     4194304 kB
---SNAPSHOT---
2026-04-27 14:57:06
MemTotal:        8129240 kB
MemFree:         3585872 kB
MemAvailable:    3319804 kB
Buffers:            5552 kB
Cached:           314740 kB
SwapCached:       688424 kB
Active:          2762040 kB
Inactive:        1139408 kB
Active(anon):    2652580 kB
Inactive(anon):   982996 kB
Active(file):     109460 kB
Inactive(file):   156412 kB
Unevictable:          16 kB
Mlocked:              16 kB
SwapTotal:       4194300 kB
SwapFree:        3368360 kB
Zswap:                 0 kB
Zswapped:              0 kB
Dirty:               644 kB
Writeback:         20592 kB
AnonPages:       2897756 kB
Mapped:           267156 kB
Shmem:             54448 kB
KReclaimable:      57080 kB
Slab:             285832 kB
SReclaimable:      57080 kB
SUnreclaim:       228752 kB
KernelStack:       18240 kB
PageTables:        49564 kB
SecPageTables:         0 kB
NFS_Unstable:          0 kB
Bounce:                0 kB
WritebackTmp:          0 kB
CommitLimit:     8258920 kB
Committed_AS:   11409044 kB
VmallocTotal:   34359738367 kB
VmallocUsed:       46504 kB
VmallocChunk:          0 kB
Percpu:            13280 kB
HardwareCorrupted:     0 kB
AnonHugePages:   1402880 kB
ShmemHugePages:        0 kB
ShmemPmdMapped:        0 kB
FileHugePages:         0 kB
FilePmdMapped:         0 kB
CmaTotal:              0 kB
CmaFree:               0 kB
Unaccepted:            0 kB
Balloon:               0 kB
HugePages_Total:       0
HugePages_Free:        0
HugePages_Rsvd:        0
HugePages_Surp:        0
Hugepagesize:       2048 kB
Hugetlb:               0 kB
DirectMap4k:      194432 kB
DirectMap2M:     6096896 kB
DirectMap1G:     4194304 kB
---SNAPSHOT---
2026-04-27 14:57:07
MemTotal:        8129240 kB
MemFree:         3644508 kB
MemAvailable:    3378448 kB
Buffers:            5552 kB
Cached:           314752 kB
SwapCached:       151208 kB
Active:          3220904 kB
Inactive:         614576 kB
Active(anon):    3111444 kB
Inactive(anon):   458152 kB
Active(file):     109460 kB
Inactive(file):   156424 kB
Unevictable:          16 kB
Mlocked:              16 kB
SwapTotal:       4194300 kB
SwapFree:        3905688 kB
Zswap:                 0 kB
Zswapped:              0 kB
Dirty:               652 kB
Writeback:          8416 kB
AnonPages:       3367268 kB
Mapped:           267284 kB
Shmem:             54448 kB
KReclaimable:      57080 kB
Slab:             284904 kB
SReclaimable:      57080 kB
SUnreclaim:       227824 kB
KernelStack:       18316 kB
PageTables:        50708 kB
SecPageTables:         0 kB
NFS_Unstable:          0 kB
Bounce:                0 kB
WritebackTmp:          0 kB
CommitLimit:     8258920 kB
Committed_AS:   11409152 kB
VmallocTotal:   34359738367 kB
VmallocUsed:       46504 kB
VmallocChunk:          0 kB
Percpu:            13280 kB
HardwareCorrupted:     0 kB
AnonHugePages:   1873920 kB
ShmemHugePages:        0 kB
ShmemPmdMapped:        0 kB
FileHugePages:         0 kB
FilePmdMapped:         0 kB
CmaTotal:              0 kB
CmaFree:               0 kB
Unaccepted:            0 kB
Balloon:               0 kB
HugePages_Total:       0
HugePages_Free:        0
HugePages_Rsvd:        0
HugePages_Surp:        0
Hugepagesize:       2048 kB
Hugetlb:               0 kB
DirectMap4k:      194432 kB
DirectMap2M:     6096896 kB
DirectMap1G:     4194304 kB
---SNAPSHOT---
2026-04-27 14:57:08
MemTotal:        8129240 kB
MemFree:         4608524 kB
MemAvailable:    4342464 kB
Buffers:            5552 kB
Cached:           314756 kB
SwapCached:        89380 kB
Active:          2234012 kB
Inactive:         560760 kB
Active(anon):    2124552 kB
Inactive(anon):   404332 kB
Active(file):     109460 kB
Inactive(file):   156428 kB
Unevictable:          16 kB
Mlocked:              16 kB
SwapTotal:       4194300 kB
SwapFree:        3967404 kB
Zswap:                 0 kB
Zswapped:              0 kB
Dirty:               656 kB
Writeback:           212 kB
AnonPages:       2387912 kB
Mapped:           267056 kB
Shmem:             54448 kB
KReclaimable:      57080 kB
Slab:             284412 kB
SReclaimable:      57080 kB
SUnreclaim:       227332 kB
KernelStack:       18316 kB
PageTables:        47592 kB
SecPageTables:         0 kB
NFS_Unstable:          0 kB
Bounce:                0 kB
WritebackTmp:          0 kB
CommitLimit:     8258920 kB
Committed_AS:   11409152 kB
VmallocTotal:   34359738367 kB
VmallocUsed:       46520 kB
VmallocChunk:          0 kB
Percpu:            13280 kB
HardwareCorrupted:     0 kB
AnonHugePages:    894976 kB
ShmemHugePages:        0 kB
ShmemPmdMapped:        0 kB
FileHugePages:         0 kB
FilePmdMapped:         0 kB
CmaTotal:              0 kB
CmaFree:               0 kB
Unaccepted:            0 kB
Balloon:               0 kB
HugePages_Total:       0
HugePages_Free:        0
HugePages_Rsvd:        0
HugePages_Surp:        0
Hugepagesize:       2048 kB
Hugetlb:               0 kB
DirectMap4k:      194432 kB
DirectMap2M:     6096896 kB
DirectMap1G:     4194304 kB
---SNAPSHOT---
2026-04-27 14:57:09
MemTotal:        8129240 kB
MemFree:         3633276 kB
MemAvailable:    3367220 kB
Buffers:            5560 kB
Cached:           314756 kB
SwapCached:        89380 kB
Active:          3286632 kB
Inactive:         560928 kB
Active(anon):    3177172 kB
Inactive(anon):   404492 kB
Active(file):     109460 kB
Inactive(file):   156436 kB
Unevictable:          16 kB
Mlocked:              16 kB
SwapTotal:       4194300 kB
SwapFree:        3967404 kB
Zswap:                 0 kB
Zswapped:              0 kB
Dirty:               664 kB
Writeback:             0 kB
AnonPages:       3441040 kB
Mapped:           267284 kB
Shmem:             54448 kB
KReclaimable:      57080 kB
Slab:             284404 kB
SReclaimable:      57080 kB
SUnreclaim:       227324 kB
KernelStack:       18316 kB
PageTables:        49844 kB
SecPageTables:         0 kB
NFS_Unstable:          0 kB
Bounce:                0 kB
WritebackTmp:          0 kB
CommitLimit:     8258920 kB
Committed_AS:   11409156 kB
VmallocTotal:   34359738367 kB
VmallocUsed:       46536 kB
VmallocChunk:          0 kB
Percpu:            13280 kB
HardwareCorrupted:     0 kB
AnonHugePages:   1947648 kB
ShmemHugePages:        0 kB
ShmemPmdMapped:        0 kB
FileHugePages:         0 kB
FilePmdMapped:         0 kB
CmaTotal:              0 kB
CmaFree:               0 kB
Unaccepted:            0 kB
Balloon:               0 kB
HugePages_Total:       0
HugePages_Free:        0
HugePages_Rsvd:        0
HugePages_Surp:        0
Hugepagesize:       2048 kB
Hugetlb:               0 kB
DirectMap4k:      194432 kB
DirectMap2M:     6096896 kB
DirectMap1G:     4194304 kB
---SNAPSHOT---
2026-04-27 14:57:10
MemTotal:        8129240 kB
MemFree:         4438168 kB
MemAvailable:    4172120 kB
Buffers:            5560 kB
Cached:           314768 kB
SwapCached:        89380 kB
Active:          2405732 kB
Inactive:         560940 kB
Active(anon):    2296272 kB
Inactive(anon):   404492 kB
Active(file):     109460 kB
Inactive(file):   156448 kB
Unevictable:          16 kB
Mlocked:              16 kB
SwapTotal:       4194300 kB
SwapFree:        3967404 kB
Zswap:                 0 kB
Zswapped:              0 kB
Dirty:               668 kB
Writeback:             0 kB
AnonPages:       2559724 kB
Mapped:           267056 kB
Shmem:             54448 kB
KReclaimable:      57080 kB
Slab:             284404 kB
SReclaimable:      57080 kB
SUnreclaim:       227324 kB
KernelStack:       18316 kB
PageTables:        48164 kB
SecPageTables:         0 kB
NFS_Unstable:          0 kB
Bounce:                0 kB
WritebackTmp:          0 kB
CommitLimit:     8258920 kB
Committed_AS:   11409428 kB
VmallocTotal:   34359738367 kB
VmallocUsed:       46504 kB
VmallocChunk:          0 kB
Percpu:            13280 kB
HardwareCorrupted:     0 kB
AnonHugePages:   1067008 kB
ShmemHugePages:        0 kB
ShmemPmdMapped:        0 kB
FileHugePages:         0 kB
FilePmdMapped:         0 kB
CmaTotal:              0 kB
CmaFree:               0 kB
Unaccepted:            0 kB
Balloon:               0 kB
HugePages_Total:       0
HugePages_Free:        0
HugePages_Rsvd:        0
HugePages_Surp:        0
Hugepagesize:       2048 kB
Hugetlb:               0 kB
DirectMap4k:      194432 kB
DirectMap2M:     6096896 kB
DirectMap1G:     4194304 kB
---SNAPSHOT---
2026-04-27 14:57:11
MemTotal:        8129240 kB
MemFree:         4102664 kB
MemAvailable:    3836616 kB
Buffers:            5560 kB
Cached:           314772 kB
SwapCached:        89380 kB
Active:          2829984 kB
Inactive:         560996 kB
Active(anon):    2720524 kB
Inactive(anon):   404544 kB
Active(file):     109460 kB
Inactive(file):   156452 kB
Unevictable:          16 kB
Mlocked:              16 kB
SwapTotal:       4194300 kB
SwapFree:        3967404 kB
Zswap:                 0 kB
Zswapped:              0 kB
Dirty:               672 kB
Writeback:             0 kB
AnonPages:       2984104 kB
Mapped:           267056 kB
Shmem:             54448 kB
KReclaimable:      57080 kB
Slab:             284404 kB
SReclaimable:      57080 kB
SUnreclaim:       227324 kB
KernelStack:       18256 kB
PageTables:        48980 kB
SecPageTables:         0 kB
NFS_Unstable:          0 kB
Bounce:                0 kB
WritebackTmp:          0 kB
CommitLimit:     8258920 kB
Committed_AS:   11409428 kB
VmallocTotal:   34359738367 kB
VmallocUsed:       46520 kB
VmallocChunk:          0 kB
Percpu:            13280 kB
HardwareCorrupted:     0 kB
AnonHugePages:   1490944 kB
ShmemHugePages:        0 kB
ShmemPmdMapped:        0 kB
FileHugePages:         0 kB
FilePmdMapped:         0 kB
CmaTotal:              0 kB
CmaFree:               0 kB
Unaccepted:            0 kB
Balloon:               0 kB
HugePages_Total:       0
HugePages_Free:        0
HugePages_Rsvd:        0
HugePages_Surp:        0
Hugepagesize:       2048 kB
Hugetlb:               0 kB
DirectMap4k:      194432 kB
DirectMap2M:     6096896 kB
DirectMap1G:     4194304 kB
---SNAPSHOT---
2026-04-27 14:57:12
MemTotal:        8129240 kB
MemFree:         3659820 kB
MemAvailable:    3393776 kB
Buffers:            5560 kB
Cached:           314780 kB
SwapCached:        89380 kB
Active:          3247572 kB
Inactive:         561004 kB
Active(anon):    3138112 kB
Inactive(anon):   404544 kB
Active(file):     109460 kB
Inactive(file):   156460 kB
Unevictable:          16 kB
Mlocked:              16 kB
SwapTotal:       4194300 kB
SwapFree:        3967404 kB
Zswap:                 0 kB
Zswapped:              0 kB
Dirty:               680 kB
Writeback:             0 kB
AnonPages:       3401748 kB
Mapped:           267132 kB
Shmem:             54448 kB
KReclaimable:      57080 kB
Slab:             284404 kB
SReclaimable:      57080 kB
SUnreclaim:       227324 kB
KernelStack:       18336 kB
PageTables:        51412 kB
SecPageTables:         0 kB
NFS_Unstable:          0 kB
Bounce:                0 kB
WritebackTmp:          0 kB
CommitLimit:     8258920 kB
Committed_AS:   11409428 kB
VmallocTotal:   34359738367 kB
VmallocUsed:       46536 kB
VmallocChunk:          0 kB
Percpu:            13280 kB
HardwareCorrupted:     0 kB
AnonHugePages:   1908736 kB
ShmemHugePages:        0 kB
ShmemPmdMapped:        0 kB
FileHugePages:         0 kB
FilePmdMapped:         0 kB
CmaTotal:              0 kB
CmaFree:               0 kB
Unaccepted:            0 kB
Balloon:               0 kB
HugePages_Total:       0
HugePages_Free:        0
HugePages_Rsvd:        0
HugePages_Surp:        0
Hugepagesize:       2048 kB
Hugetlb:               0 kB
DirectMap4k:      194432 kB
DirectMap2M:     6096896 kB
DirectMap1G:     4194304 kB
---SNAPSHOT---
2026-04-27 14:57:13
MemTotal:        8129240 kB
MemFree:         4535268 kB
MemAvailable:    4269228 kB
Buffers:            5560 kB
Cached:           314784 kB
SwapCached:        89380 kB
Active:          2391400 kB
Inactive:         561008 kB
Active(anon):    2281940 kB
Inactive(anon):   404544 kB
Active(file):     109460 kB
Inactive(file):   156464 kB
Unevictable:          16 kB
Mlocked:              16 kB
SwapTotal:       4194300 kB
SwapFree:        3967404 kB
Zswap:                 0 kB
Zswapped:              0 kB
Dirty:               684 kB
Writeback:             0 kB
AnonPages:       2545844 kB
Mapped:           267056 kB
Shmem:             54448 kB
KReclaimable:      57080 kB
Slab:             284404 kB
SReclaimable:      57080 kB
SUnreclaim:       227324 kB
KernelStack:       18256 kB
PageTables:        49252 kB
SecPageTables:         0 kB
NFS_Unstable:          0 kB
Bounce:                0 kB
WritebackTmp:          0 kB
CommitLimit:     8258920 kB
Committed_AS:   11409428 kB
VmallocTotal:   34359738367 kB
VmallocUsed:       46504 kB
VmallocChunk:          0 kB
Percpu:            13280 kB
HardwareCorrupted:     0 kB
AnonHugePages:   1052672 kB
ShmemHugePages:        0 kB
ShmemPmdMapped:        0 kB
FileHugePages:         0 kB
FilePmdMapped:         0 kB
CmaTotal:              0 kB
CmaFree:               0 kB
Unaccepted:            0 kB
Balloon:               0 kB
HugePages_Total:       0
HugePages_Free:        0
HugePages_Rsvd:        0
HugePages_Surp:        0
Hugepagesize:       2048 kB
Hugetlb:               0 kB
DirectMap4k:      194432 kB
DirectMap2M:     6096896 kB
DirectMap1G:     4194304 kB
---SNAPSHOT---
2026-04-27 14:57:14
MemTotal:        8129240 kB
MemFree:         3476060 kB
MemAvailable:    3210024 kB
Buffers:            5568 kB
Cached:           314788 kB
SwapCached:        89380 kB
Active:          3462364 kB
Inactive:         561016 kB
Active(anon):    3352904 kB
Inactive(anon):   404544 kB
Active(file):     109460 kB
Inactive(file):   156472 kB
Unevictable:          16 kB
Mlocked:              16 kB
SwapTotal:       4194300 kB
SwapFree:        3967404 kB
Zswap:                 0 kB
Zswapped:              0 kB
Dirty:               696 kB
Writeback:             0 kB
AnonPages:       3616724 kB
Mapped:           267056 kB
Shmem:             54448 kB
KReclaimable:      57080 kB
Slab:             284404 kB
SReclaimable:      57080 kB
SUnreclaim:       227324 kB
KernelStack:       18316 kB
PageTables:        50568 kB
SecPageTables:         0 kB
NFS_Unstable:          0 kB
Bounce:                0 kB
WritebackTmp:          0 kB
CommitLimit:     8258920 kB
Committed_AS:   11409428 kB
VmallocTotal:   34359738367 kB
VmallocUsed:       46488 kB
VmallocChunk:          0 kB
Percpu:            13280 kB
HardwareCorrupted:     0 kB
AnonHugePages:   2123776 kB
ShmemHugePages:        0 kB
ShmemPmdMapped:        0 kB
FileHugePages:         0 kB
FilePmdMapped:         0 kB
CmaTotal:              0 kB
CmaFree:               0 kB
Unaccepted:            0 kB
Balloon:               0 kB
HugePages_Total:       0
HugePages_Free:        0
HugePages_Rsvd:        0
HugePages_Surp:        0
Hugepagesize:       2048 kB
Hugetlb:               0 kB
DirectMap4k:      194432 kB
DirectMap2M:     6096896 kB
DirectMap1G:     4194304 kB
---SNAPSHOT---
2026-04-27 14:57:15
MemTotal:        8129240 kB
MemFree:         4256984 kB
MemAvailable:    3990956 kB
Buffers:            5568 kB
Cached:           314800 kB
SwapCached:        89380 kB
Active:          2548612 kB
Inactive:         561032 kB
Active(anon):    2439152 kB
Inactive(anon):   404544 kB
Active(file):     109460 kB
Inactive(file):   156488 kB
Unevictable:          16 kB
Mlocked:              16 kB
SwapTotal:       4194300 kB
SwapFree:        3967404 kB
Zswap:                 0 kB
Zswapped:              0 kB
Dirty:               700 kB
Writeback:             0 kB
AnonPages:       2702972 kB
Mapped:           267056 kB
Shmem:             54448 kB
KReclaimable:      57080 kB
Slab:             284404 kB
SReclaimable:      57080 kB
SUnreclaim:       227324 kB
KernelStack:       18300 kB
PageTables:        48376 kB
SecPageTables:         0 kB
NFS_Unstable:          0 kB
Bounce:                0 kB
WritebackTmp:          0 kB
CommitLimit:     8258920 kB
Committed_AS:   11409296 kB
VmallocTotal:   34359738367 kB
VmallocUsed:       46520 kB
VmallocChunk:          0 kB
Percpu:            13280 kB
HardwareCorrupted:     0 kB
AnonHugePages:   1038336 kB
ShmemHugePages:        0 kB
ShmemPmdMapped:        0 kB
FileHugePages:         0 kB
FilePmdMapped:         0 kB
CmaTotal:              0 kB
CmaFree:               0 kB
Unaccepted:            0 kB
Balloon:               0 kB
HugePages_Total:       0
HugePages_Free:        0
HugePages_Rsvd:        0
HugePages_Surp:        0
Hugepagesize:       2048 kB
Hugetlb:               0 kB
DirectMap4k:      194432 kB
DirectMap2M:     6096896 kB
DirectMap1G:     4194304 kB
---SNAPSHOT---
2026-04-27 14:57:16
MemTotal:        8129240 kB
MemFree:         3567832 kB
MemAvailable:    3301804 kB
Buffers:            5568 kB
Cached:           314804 kB
SwapCached:        89380 kB
Active:          3268248 kB
Inactive:         561036 kB
Active(anon):    3158788 kB
Inactive(anon):   404544 kB
Active(file):     109460 kB
Inactive(file):   156492 kB
Unevictable:          16 kB
Mlocked:              16 kB
SwapTotal:       4194300 kB
SwapFree:        3967404 kB
Zswap:                 0 kB
Zswapped:              0 kB
Dirty:               704 kB
Writeback:             0 kB
AnonPages:       3423084 kB
Mapped:           267056 kB
Shmem:             54448 kB
KReclaimable:      57080 kB
Slab:             284404 kB
SReclaimable:      57080 kB
SUnreclaim:       227324 kB
KernelStack:       18256 kB
PageTables:        50144 kB
SecPageTables:         0 kB
NFS_Unstable:          0 kB
Bounce:                0 kB
WritebackTmp:          0 kB
CommitLimit:     8258920 kB
Committed_AS:   11409200 kB
VmallocTotal:   34359738367 kB
VmallocUsed:       46520 kB
VmallocChunk:          0 kB
Percpu:            13280 kB
HardwareCorrupted:     0 kB
AnonHugePages:   1304576 kB
ShmemHugePages:        0 kB
ShmemPmdMapped:        0 kB
FileHugePages:         0 kB
FilePmdMapped:         0 kB
CmaTotal:              0 kB
CmaFree:               0 kB
Unaccepted:            0 kB
Balloon:               0 kB
HugePages_Total:       0
HugePages_Free:        0
HugePages_Rsvd:        0
HugePages_Surp:        0
Hugepagesize:       2048 kB
Hugetlb:               0 kB
DirectMap4k:      194432 kB
DirectMap2M:     6096896 kB
DirectMap1G:     4194304 kB
---SNAPSHOT---
2026-04-27 14:57:17
MemTotal:        8129240 kB
MemFree:         3471332 kB
MemAvailable:    3205308 kB
Buffers:            5568 kB
Cached:           314812 kB
SwapCached:        89380 kB
Active:          3339472 kB
Inactive:         561040 kB
Active(anon):    3230012 kB
Inactive(anon):   404544 kB
Active(file):     109460 kB
Inactive(file):   156496 kB
Unevictable:          16 kB
Mlocked:              16 kB
SwapTotal:       4194300 kB
SwapFree:        3967404 kB
Zswap:                 0 kB
Zswapped:              0 kB
Dirty:               656 kB
Writeback:             0 kB
AnonPages:       3494204 kB
Mapped:           267056 kB
Shmem:             54448 kB
KReclaimable:      57080 kB
Slab:             284404 kB
SReclaimable:      57080 kB
SUnreclaim:       227324 kB
KernelStack:       18300 kB
PageTables:        49756 kB
SecPageTables:         0 kB
NFS_Unstable:          0 kB
Bounce:                0 kB
WritebackTmp:          0 kB
CommitLimit:     8258920 kB
Committed_AS:   11409564 kB
VmallocTotal:   34359738367 kB
VmallocUsed:       46520 kB
VmallocChunk:          0 kB
Percpu:            13280 kB
HardwareCorrupted:     0 kB
AnonHugePages:    931840 kB
ShmemHugePages:        0 kB
ShmemPmdMapped:        0 kB
FileHugePages:         0 kB
FilePmdMapped:         0 kB
CmaTotal:              0 kB
CmaFree:               0 kB
Unaccepted:            0 kB
Balloon:               0 kB
HugePages_Total:       0
HugePages_Free:        0
HugePages_Rsvd:        0
HugePages_Surp:        0
Hugepagesize:       2048 kB
Hugetlb:               0 kB
DirectMap4k:      194432 kB
DirectMap2M:     6096896 kB
DirectMap1G:     4194304 kB
---SNAPSHOT---
2026-04-27 14:57:18
MemTotal:        8129240 kB
MemFree:         3991160 kB
MemAvailable:    3725144 kB
Buffers:            5576 kB
Cached:           314816 kB
SwapCached:        89380 kB
Active:          2881108 kB
Inactive:         561056 kB
Active(anon):    2771648 kB
Inactive(anon):   404544 kB
Active(file):     109460 kB
Inactive(file):   156512 kB
Unevictable:          16 kB
Mlocked:              16 kB
SwapTotal:       4194300 kB
SwapFree:        3967404 kB
Zswap:                 0 kB
Zswapped:              0 kB
Dirty:               240 kB
Writeback:             0 kB
AnonPages:       3035556 kB
Mapped:           267056 kB
Shmem:             54448 kB
KReclaimable:      57080 kB
Slab:             284404 kB
SReclaimable:      57080 kB
SUnreclaim:       227324 kB
KernelStack:       18272 kB
PageTables:        49776 kB
SecPageTables:         0 kB
NFS_Unstable:          0 kB
Bounce:                0 kB
WritebackTmp:          0 kB
CommitLimit:     8258920 kB
Committed_AS:   11409540 kB
VmallocTotal:   34359738367 kB
VmallocUsed:       46504 kB
VmallocChunk:          0 kB
Percpu:            13280 kB
HardwareCorrupted:     0 kB
AnonHugePages:   1542144 kB
ShmemHugePages:        0 kB
ShmemPmdMapped:        0 kB
FileHugePages:         0 kB
FilePmdMapped:         0 kB
CmaTotal:              0 kB
CmaFree:               0 kB
Unaccepted:            0 kB
Balloon:               0 kB
HugePages_Total:       0
HugePages_Free:        0
HugePages_Rsvd:        0
HugePages_Surp:        0
Hugepagesize:       2048 kB
Hugetlb:               0 kB
DirectMap4k:      194432 kB
DirectMap2M:     6096896 kB
DirectMap1G:     4194304 kB
---SNAPSHOT---
2026-04-27 14:57:19
MemTotal:        8129240 kB
MemFree:         3187068 kB
MemAvailable:    2921056 kB
Buffers:            5584 kB
Cached:           314824 kB
SwapCached:        89380 kB
Active:          3681656 kB
Inactive:         561064 kB
Active(anon):    3572196 kB
Inactive(anon):   404544 kB
Active(file):     109460 kB
Inactive(file):   156520 kB
Unevictable:          16 kB
Mlocked:              16 kB
SwapTotal:       4194300 kB
SwapFree:        3967404 kB
Zswap:                 0 kB
Zswapped:              0 kB
Dirty:               280 kB
Writeback:             0 kB
AnonPages:       3836168 kB
Mapped:           267056 kB
Shmem:             54448 kB
KReclaimable:      57080 kB
Slab:             284404 kB
SReclaimable:      57080 kB
SUnreclaim:       227324 kB
KernelStack:       18256 kB
PageTables:        50960 kB
SecPageTables:         0 kB
NFS_Unstable:          0 kB
Bounce:                0 kB
WritebackTmp:          0 kB
CommitLimit:     8258920 kB
Committed_AS:   11409292 kB
VmallocTotal:   34359738367 kB
VmallocUsed:       46488 kB
VmallocChunk:          0 kB
Percpu:            13280 kB
HardwareCorrupted:     0 kB
AnonHugePages:   2342912 kB
ShmemHugePages:        0 kB
ShmemPmdMapped:        0 kB
FileHugePages:         0 kB
FilePmdMapped:         0 kB
CmaTotal:              0 kB
CmaFree:               0 kB
Unaccepted:            0 kB
Balloon:               0 kB
HugePages_Total:       0
HugePages_Free:        0
HugePages_Rsvd:        0
HugePages_Surp:        0
Hugepagesize:       2048 kB
Hugetlb:               0 kB
DirectMap4k:      194432 kB
DirectMap2M:     6096896 kB
DirectMap1G:     4194304 kB
---SNAPSHOT---
2026-04-27 14:57:20
MemTotal:        8129240 kB
MemFree:         4263024 kB
MemAvailable:    3997012 kB
Buffers:            5584 kB
Cached:           314828 kB
SwapCached:        89380 kB
Active:          2547544 kB
Inactive:         561068 kB
Active(anon):    2438084 kB
Inactive(anon):   404544 kB
Active(file):     109460 kB
Inactive(file):   156524 kB
Unevictable:          16 kB
Mlocked:              16 kB
SwapTotal:       4194300 kB
SwapFree:        3967404 kB
Zswap:                 0 kB
Zswapped:              0 kB
Dirty:               284 kB
Writeback:             0 kB
AnonPages:       2701948 kB
Mapped:           267056 kB
Shmem:             54448 kB
KReclaimable:      57080 kB
Slab:             284404 kB
SReclaimable:      57080 kB
SUnreclaim:       227324 kB
KernelStack:       18240 kB
PageTables:        48644 kB
SecPageTables:         0 kB
NFS_Unstable:          0 kB
Bounce:                0 kB
WritebackTmp:          0 kB
CommitLimit:     8258920 kB
Committed_AS:   11409404 kB
VmallocTotal:   34359738367 kB
VmallocUsed:       46472 kB
VmallocChunk:          0 kB
Percpu:            13280 kB
HardwareCorrupted:     0 kB
AnonHugePages:   1208320 kB
ShmemHugePages:        0 kB
ShmemPmdMapped:        0 kB
FileHugePages:         0 kB
FilePmdMapped:         0 kB
CmaTotal:              0 kB
CmaFree:               0 kB
Unaccepted:            0 kB
Balloon:               0 kB
HugePages_Total:       0
HugePages_Free:        0
HugePages_Rsvd:        0
HugePages_Surp:        0
Hugepagesize:       2048 kB
Hugetlb:               0 kB
DirectMap4k:      194432 kB
DirectMap2M:     6096896 kB
DirectMap1G:     4194304 kB
---SNAPSHOT---
2026-04-27 14:57:21
MemTotal:        8129240 kB
MemFree:         3586648 kB
MemAvailable:    3320644 kB
Buffers:            5584 kB
Cached:           314832 kB
SwapCached:        89380 kB
Active:          3272504 kB
Inactive:         561080 kB
Active(anon):    3163044 kB
Inactive(anon):   404544 kB
Active(file):     109460 kB
Inactive(file):   156536 kB
Unevictable:          16 kB
Mlocked:              16 kB
SwapTotal:       4194300 kB
SwapFree:        3967404 kB
Zswap:                 0 kB
Zswapped:              0 kB
Dirty:               288 kB
Writeback:             0 kB
AnonPages:       3427048 kB
Mapped:           267056 kB
Shmem:             54448 kB
KReclaimable:      57080 kB
Slab:             284404 kB
SReclaimable:      57080 kB
SUnreclaim:       227324 kB
KernelStack:       18316 kB
PageTables:        49860 kB
SecPageTables:         0 kB
NFS_Unstable:          0 kB
Bounce:                0 kB
WritebackTmp:          0 kB
CommitLimit:     8258920 kB
Committed_AS:   11409156 kB
VmallocTotal:   34359738367 kB
VmallocUsed:       46520 kB
VmallocChunk:          0 kB
Percpu:            13280 kB
HardwareCorrupted:     0 kB
AnonHugePages:   1933312 kB
ShmemHugePages:        0 kB
ShmemPmdMapped:        0 kB
FileHugePages:         0 kB
FilePmdMapped:         0 kB
CmaTotal:              0 kB
CmaFree:               0 kB
Unaccepted:            0 kB
Balloon:               0 kB
HugePages_Total:       0
HugePages_Free:        0
HugePages_Rsvd:        0
HugePages_Surp:        0
Hugepagesize:       2048 kB
Hugetlb:               0 kB
DirectMap4k:      194432 kB
DirectMap2M:     6096896 kB
DirectMap1G:     4194304 kB
---SNAPSHOT---
2026-04-27 14:57:22
MemTotal:        8129240 kB
MemFree:         3490680 kB
MemAvailable:    3224684 kB
Buffers:            5588 kB
Cached:           314848 kB
SwapCached:        89380 kB
Active:          3358632 kB
Inactive:         561100 kB
Active(anon):    3249172 kB
Inactive(anon):   404544 kB
Active(file):     109460 kB
Inactive(file):   156556 kB
Unevictable:          16 kB
Mlocked:              16 kB
SwapTotal:       4194300 kB
SwapFree:        3967404 kB
Zswap:                 0 kB
Zswapped:              0 kB
Dirty:               112 kB
Writeback:             0 kB
AnonPages:       3512920 kB
Mapped:           267056 kB
Shmem:             54448 kB
KReclaimable:      57080 kB
Slab:             284404 kB
SReclaimable:      57080 kB
SUnreclaim:       227324 kB
KernelStack:       18268 kB
PageTables:        49992 kB
SecPageTables:         0 kB
NFS_Unstable:          0 kB
Bounce:                0 kB
WritebackTmp:          0 kB
CommitLimit:     8258920 kB
Committed_AS:   11409312 kB
VmallocTotal:   34359738367 kB
VmallocUsed:       46552 kB
VmallocChunk:          0 kB
Percpu:            13280 kB
HardwareCorrupted:     0 kB
AnonHugePages:   2019328 kB
ShmemHugePages:        0 kB
ShmemPmdMapped:        0 kB
FileHugePages:         0 kB
FilePmdMapped:         0 kB
CmaTotal:              0 kB
CmaFree:               0 kB
Unaccepted:            0 kB
Balloon:               0 kB
HugePages_Total:       0
HugePages_Free:        0
HugePages_Rsvd:        0
HugePages_Surp:        0
Hugepagesize:       2048 kB
Hugetlb:               0 kB
DirectMap4k:      194432 kB
DirectMap2M:     6096896 kB
DirectMap1G:     4194304 kB
---SNAPSHOT---
2026-04-27 14:57:23
MemTotal:        8129240 kB
MemFree:         4532656 kB
MemAvailable:    4266664 kB
Buffers:            5588 kB
Cached:           314852 kB
SwapCached:        89380 kB
Active:          2283660 kB
Inactive:         561104 kB
Active(anon):    2174200 kB
Inactive(anon):   404544 kB
Active(file):     109460 kB
Inactive(file):   156560 kB
Unevictable:          16 kB
Mlocked:              16 kB
SwapTotal:       4194300 kB
SwapFree:        3967404 kB
Zswap:                 0 kB
Zswapped:              0 kB
Dirty:                56 kB
Writeback:             0 kB
AnonPages:       2438024 kB
Mapped:           267136 kB
Shmem:             54448 kB
KReclaimable:      57080 kB
Slab:             284404 kB
SReclaimable:      57080 kB
SUnreclaim:       227324 kB
KernelStack:       18256 kB
PageTables:        47896 kB
SecPageTables:         0 kB
NFS_Unstable:          0 kB
Bounce:                0 kB
WritebackTmp:          0 kB
CommitLimit:     8258920 kB
Committed_AS:   11409200 kB
VmallocTotal:   34359738367 kB
VmallocUsed:       46488 kB
VmallocChunk:          0 kB
Percpu:            13280 kB
HardwareCorrupted:     0 kB
AnonHugePages:    946176 kB
ShmemHugePages:        0 kB
ShmemPmdMapped:        0 kB
FileHugePages:         0 kB
FilePmdMapped:         0 kB
CmaTotal:              0 kB
CmaFree:               0 kB
Unaccepted:            0 kB
Balloon:               0 kB
HugePages_Total:       0
HugePages_Free:        0
HugePages_Rsvd:        0
HugePages_Surp:        0
Hugepagesize:       2048 kB
Hugetlb:               0 kB
DirectMap4k:      194432 kB
DirectMap2M:     6096896 kB
DirectMap1G:     4194304 kB
---SNAPSHOT---
2026-04-27 14:57:24
MemTotal:        8129240 kB
MemFree:         4141060 kB
MemAvailable:    3875076 kB
Buffers:            5596 kB
Cached:           314860 kB
SwapCached:        89380 kB
Active:          2705772 kB
Inactive:         561120 kB
Active(anon):    2596312 kB
Inactive(anon):   404544 kB
Active(file):     109460 kB
Inactive(file):   156576 kB
Unevictable:          16 kB
Mlocked:              16 kB
SwapTotal:       4194300 kB
SwapFree:        3967404 kB
Zswap:                 0 kB
Zswapped:              0 kB
Dirty:                80 kB
Writeback:             0 kB
AnonPages:       2860112 kB
Mapped:           267056 kB
Shmem:             54448 kB
KReclaimable:      57080 kB
Slab:             284404 kB
SReclaimable:      57080 kB
SUnreclaim:       227324 kB
KernelStack:       18316 kB
PageTables:        48780 kB
SecPageTables:         0 kB
NFS_Unstable:          0 kB
Bounce:                0 kB
WritebackTmp:          0 kB
CommitLimit:     8258920 kB
Committed_AS:   11409156 kB
VmallocTotal:   34359738367 kB
VmallocUsed:       46504 kB
VmallocChunk:          0 kB
Percpu:            13280 kB
HardwareCorrupted:     0 kB
AnonHugePages:   1368064 kB
ShmemHugePages:        0 kB
ShmemPmdMapped:        0 kB
FileHugePages:         0 kB
FilePmdMapped:         0 kB
CmaTotal:              0 kB
CmaFree:               0 kB
Unaccepted:            0 kB
Balloon:               0 kB
HugePages_Total:       0
HugePages_Free:        0
HugePages_Rsvd:        0
HugePages_Surp:        0
Hugepagesize:       2048 kB
Hugetlb:               0 kB
DirectMap4k:      194432 kB
DirectMap2M:     6096896 kB
DirectMap1G:     4194304 kB
---SNAPSHOT---
2026-04-27 14:57:25
MemTotal:        8129240 kB
MemFree:         3764664 kB
MemAvailable:    3498680 kB
Buffers:            5596 kB
Cached:           314864 kB
SwapCached:        89380 kB
Active:          3119512 kB
Inactive:         561120 kB
Active(anon):    3010052 kB
Inactive(anon):   404544 kB
Active(file):     109460 kB
Inactive(file):   156576 kB
Unevictable:          16 kB
Mlocked:              16 kB
SwapTotal:       4194300 kB
SwapFree:        3967404 kB
Zswap:                 0 kB
Zswapped:              0 kB
Dirty:                84 kB
Writeback:             0 kB
AnonPages:       3273976 kB
Mapped:           267056 kB
Shmem:             54448 kB
KReclaimable:      57080 kB
Slab:             284408 kB
SReclaimable:      57080 kB
SUnreclaim:       227328 kB
KernelStack:       18300 kB
PageTables:        49452 kB
SecPageTables:         0 kB
NFS_Unstable:          0 kB
Bounce:                0 kB
WritebackTmp:          0 kB
CommitLimit:     8258920 kB
Committed_AS:   11409156 kB
VmallocTotal:   34359738367 kB
VmallocUsed:       46552 kB
VmallocChunk:          0 kB
Percpu:            13280 kB
HardwareCorrupted:     0 kB
AnonHugePages:   1781760 kB
ShmemHugePages:        0 kB
ShmemPmdMapped:        0 kB
FileHugePages:         0 kB
FilePmdMapped:         0 kB
CmaTotal:              0 kB
CmaFree:               0 kB
Unaccepted:            0 kB
Balloon:               0 kB
HugePages_Total:       0
HugePages_Free:        0
HugePages_Rsvd:        0
HugePages_Surp:        0
Hugepagesize:       2048 kB
Hugetlb:               0 kB
DirectMap4k:      194432 kB
DirectMap2M:     6096896 kB
DirectMap1G:     4194304 kB
---SNAPSHOT---
2026-04-27 14:57:26
MemTotal:        8129240 kB
MemFree:         4002344 kB
MemAvailable:    3736364 kB
Buffers:            5596 kB
Cached:           314872 kB
SwapCached:        89380 kB
Active:          2902820 kB
Inactive:         561132 kB
Active(anon):    2793360 kB
Inactive(anon):   404544 kB
Active(file):     109460 kB
Inactive(file):   156588 kB
Unevictable:          16 kB
Mlocked:              16 kB
SwapTotal:       4194300 kB
SwapFree:        3967404 kB
Zswap:                 0 kB
Zswapped:              0 kB
Dirty:                92 kB
Writeback:             0 kB
AnonPages:       3056852 kB
Mapped:           267284 kB
Shmem:             54448 kB
KReclaimable:      57080 kB
Slab:             284408 kB
SReclaimable:      57080 kB
SUnreclaim:       227328 kB
KernelStack:       18272 kB
PageTables:        48976 kB
SecPageTables:         0 kB
NFS_Unstable:          0 kB
Bounce:                0 kB
WritebackTmp:          0 kB
CommitLimit:     8258920 kB
Committed_AS:   11409068 kB
VmallocTotal:   34359738367 kB
VmallocUsed:       46520 kB
VmallocChunk:          0 kB
Percpu:            13280 kB
HardwareCorrupted:     0 kB
AnonHugePages:   1570816 kB
ShmemHugePages:        0 kB
ShmemPmdMapped:        0 kB
FileHugePages:         0 kB
FilePmdMapped:         0 kB
CmaTotal:              0 kB
CmaFree:               0 kB
Unaccepted:            0 kB
Balloon:               0 kB
HugePages_Total:       0
HugePages_Free:        0
HugePages_Rsvd:        0
HugePages_Surp:        0
Hugepagesize:       2048 kB
Hugetlb:               0 kB
DirectMap4k:      194432 kB
DirectMap2M:     6096896 kB
DirectMap1G:     4194304 kB
---SNAPSHOT---
2026-04-27 14:57:27
MemTotal:        8129240 kB
MemFree:         3578516 kB
MemAvailable:    3312540 kB
Buffers:            5596 kB
Cached:           314880 kB
SwapCached:        89380 kB
Active:          3326188 kB
Inactive:         561136 kB
Active(anon):    3216728 kB
Inactive(anon):   404544 kB
Active(file):     109460 kB
Inactive(file):   156592 kB
Unevictable:          16 kB
Mlocked:              16 kB
SwapTotal:       4194300 kB
SwapFree:        3967404 kB
Zswap:                 0 kB
Zswapped:              0 kB
Dirty:                96 kB
Writeback:             0 kB
AnonPages:       3480560 kB
Mapped:           267056 kB
Shmem:             54448 kB
KReclaimable:      57080 kB
Slab:             284408 kB
SReclaimable:      57080 kB
SUnreclaim:       227328 kB
KernelStack:       18224 kB
PageTables:        49836 kB
SecPageTables:         0 kB
NFS_Unstable:          0 kB
Bounce:                0 kB
WritebackTmp:          0 kB
CommitLimit:     8258920 kB
Committed_AS:   11408912 kB
VmallocTotal:   34359738367 kB
VmallocUsed:       46504 kB
VmallocChunk:          0 kB
Percpu:            13280 kB
HardwareCorrupted:     0 kB
AnonHugePages:   1994752 kB
ShmemHugePages:        0 kB
ShmemPmdMapped:        0 kB
FileHugePages:         0 kB
FilePmdMapped:         0 kB
CmaTotal:              0 kB
CmaFree:               0 kB
Unaccepted:            0 kB
Balloon:               0 kB
HugePages_Total:       0
HugePages_Free:        0
HugePages_Rsvd:        0
HugePages_Surp:        0
Hugepagesize:       2048 kB
Hugetlb:               0 kB
DirectMap4k:      194432 kB
DirectMap2M:     6096896 kB
DirectMap1G:     4194304 kB
---SNAPSHOT---
2026-04-27 14:57:28
MemTotal:        8129240 kB
MemFree:         3991912 kB
MemAvailable:    3725940 kB
Buffers:            5596 kB
Cached:           314884 kB
SwapCached:       686900 kB
Active:          2227360 kB
Inactive:        1157508 kB
Active(anon):    2117900 kB
Inactive(anon):  1000908 kB
Active(file):     109460 kB
Inactive(file):   156600 kB
Unevictable:          16 kB
Mlocked:              16 kB
SwapTotal:       4194300 kB
SwapFree:        3369760 kB
Zswap:                 0 kB
Zswapped:              0 kB
Dirty:               100 kB
Writeback:          1188 kB
AnonPages:       2382484 kB
Mapped:           267056 kB
Shmem:             54448 kB
KReclaimable:      57080 kB
Slab:             284488 kB
SReclaimable:      57080 kB
SUnreclaim:       227408 kB
KernelStack:       18240 kB
PageTables:        48596 kB
SecPageTables:         0 kB
NFS_Unstable:          0 kB
Bounce:                0 kB
WritebackTmp:          0 kB
CommitLimit:     8258920 kB
Committed_AS:   11408892 kB
VmallocTotal:   34359738367 kB
VmallocUsed:       46456 kB
VmallocChunk:          0 kB
Percpu:            13280 kB
HardwareCorrupted:     0 kB
AnonHugePages:    894976 kB
ShmemHugePages:        0 kB
ShmemPmdMapped:        0 kB
FileHugePages:         0 kB
FilePmdMapped:         0 kB
CmaTotal:              0 kB
CmaFree:               0 kB
Unaccepted:            0 kB
Balloon:               0 kB
HugePages_Total:       0
HugePages_Free:        0
HugePages_Rsvd:        0
HugePages_Surp:        0
Hugepagesize:       2048 kB
Hugetlb:               0 kB
DirectMap4k:      194432 kB
DirectMap2M:     6096896 kB
DirectMap1G:     4194304 kB
---SNAPSHOT---
2026-04-27 14:57:31
MemTotal:        8129240 kB
MemFree:         3762940 kB
MemAvailable:    3496972 kB
Buffers:            5604 kB
Cached:           314888 kB
SwapCached:       105764 kB
Active:          3073480 kB
Inactive:         569120 kB
Active(anon):    2964020 kB
Inactive(anon):   412508 kB
Active(file):     109460 kB
Inactive(file):   156612 kB
Unevictable:          16 kB
Mlocked:              16 kB
SwapTotal:       4194300 kB
SwapFree:        3951020 kB
Zswap:                 0 kB
Zswapped:              0 kB
Dirty:               108 kB
Writeback:          8416 kB
AnonPages:       3219548 kB
Mapped:           267384 kB
Shmem:             54448 kB
KReclaimable:      57080 kB
Slab:             285032 kB
SReclaimable:      57080 kB
SUnreclaim:       227952 kB
KernelStack:       18224 kB
PageTables:        48820 kB
SecPageTables:         0 kB
NFS_Unstable:          0 kB
Bounce:                0 kB
WritebackTmp:          0 kB
CommitLimit:     8258920 kB
Committed_AS:   11409540 kB
VmallocTotal:   34359738367 kB
VmallocUsed:       46456 kB
VmallocChunk:          0 kB
Percpu:            13280 kB
HardwareCorrupted:     0 kB
AnonHugePages:   1185792 kB
ShmemHugePages:        0 kB
ShmemPmdMapped:        0 kB
FileHugePages:         0 kB
FilePmdMapped:         0 kB
CmaTotal:              0 kB
CmaFree:               0 kB
Unaccepted:            0 kB
Balloon:               0 kB
HugePages_Total:       0
HugePages_Free:        0
HugePages_Rsvd:        0
HugePages_Surp:        0
Hugepagesize:       2048 kB
Hugetlb:               0 kB
DirectMap4k:      194432 kB
DirectMap2M:     6096896 kB
DirectMap1G:     4194304 kB
---SNAPSHOT---
2026-04-27 14:57:32
MemTotal:        8129240 kB
MemFree:         4023964 kB
MemAvailable:    3758000 kB
Buffers:            5604 kB
Cached:           314896 kB
SwapCached:       105764 kB
Active:          2825312 kB
Inactive:         574748 kB
Active(anon):    2715852 kB
Inactive(anon):   418128 kB
Active(file):     109460 kB
Inactive(file):   156620 kB
Unevictable:          16 kB
Mlocked:              16 kB
SwapTotal:       4194300 kB
SwapFree:        3951020 kB
Zswap:                 0 kB
Zswapped:              0 kB
Dirty:               112 kB
Writeback:          2728 kB
AnonPages:       2976976 kB
Mapped:           267284 kB
Shmem:             54448 kB
KReclaimable:      57080 kB
Slab:             284640 kB
SReclaimable:      57080 kB
SUnreclaim:       227560 kB
KernelStack:       18256 kB
PageTables:        48608 kB
SecPageTables:         0 kB
NFS_Unstable:          0 kB
Bounce:                0 kB
WritebackTmp:          0 kB
CommitLimit:     8258920 kB
Committed_AS:   11409312 kB
VmallocTotal:   34359738367 kB
VmallocUsed:       46456 kB
VmallocChunk:          0 kB
Percpu:            13280 kB
HardwareCorrupted:     0 kB
AnonHugePages:   1490944 kB
ShmemHugePages:        0 kB
ShmemPmdMapped:        0 kB
FileHugePages:         0 kB
FilePmdMapped:         0 kB
CmaTotal:              0 kB
CmaFree:               0 kB
Unaccepted:            0 kB
Balloon:               0 kB
HugePages_Total:       0
HugePages_Free:        0
HugePages_Rsvd:        0
HugePages_Surp:        0
Hugepagesize:       2048 kB
Hugetlb:               0 kB
DirectMap4k:      194432 kB
DirectMap2M:     6096896 kB
DirectMap1G:     4194304 kB
---SNAPSHOT---
2026-04-27 14:57:33
MemTotal:        8129240 kB
MemFree:         3797424 kB
MemAvailable:    3531460 kB
Buffers:            5604 kB
Cached:           314900 kB
SwapCached:       127784 kB
Active:          3054960 kB
Inactive:         577872 kB
Active(anon):    2945500 kB
Inactive(anon):   421252 kB
Active(file):     109460 kB
Inactive(file):   156620 kB
Unevictable:          16 kB
Mlocked:              16 kB
SwapTotal:       4194300 kB
SwapFree:        3929000 kB
Zswap:                 0 kB
Zswapped:              0 kB
Dirty:               116 kB
Writeback:         21560 kB
AnonPages:       3189888 kB
Mapped:           267056 kB
Shmem:             54448 kB
KReclaimable:      57080 kB
Slab:             285848 kB
SReclaimable:      57080 kB
SUnreclaim:       228768 kB
KernelStack:       18240 kB
PageTables:        49016 kB
SecPageTables:         0 kB
NFS_Unstable:          0 kB
Bounce:                0 kB
WritebackTmp:          0 kB
CommitLimit:     8258920 kB
Committed_AS:   11408816 kB
VmallocTotal:   34359738367 kB
VmallocUsed:       46456 kB
VmallocChunk:          0 kB
Percpu:            13280 kB
HardwareCorrupted:     0 kB
AnonHugePages:   1701888 kB
ShmemHugePages:        0 kB
ShmemPmdMapped:        0 kB
FileHugePages:         0 kB
FilePmdMapped:         0 kB
CmaTotal:              0 kB
CmaFree:               0 kB
Unaccepted:            0 kB
Balloon:               0 kB
HugePages_Total:       0
HugePages_Free:        0
HugePages_Rsvd:        0
HugePages_Surp:        0
Hugepagesize:       2048 kB
Hugetlb:               0 kB
DirectMap4k:      194432 kB
DirectMap2M:     6096896 kB
DirectMap1G:     4194304 kB
---SNAPSHOT---
2026-04-27 14:57:36
MemTotal:        8129240 kB
MemFree:         3719492 kB
MemAvailable:    3453536 kB
Buffers:            5612 kB
Cached:           314908 kB
SwapCached:       143144 kB
Active:          3131960 kB
Inactive:         599356 kB
Active(anon):    3022500 kB
Inactive(anon):   442720 kB
Active(file):     109460 kB
Inactive(file):   156636 kB
Unevictable:          16 kB
Mlocked:              16 kB
SwapTotal:       4194300 kB
SwapFree:        3913640 kB
Zswap:                 0 kB
Zswapped:              0 kB
Dirty:               124 kB
Writeback:         15476 kB
AnonPages:       3272836 kB
Mapped:           267056 kB
Shmem:             54448 kB
KReclaimable:      57080 kB
Slab:             285408 kB
SReclaimable:      57080 kB
SUnreclaim:       228328 kB
KernelStack:       18208 kB
PageTables:        49460 kB
SecPageTables:         0 kB
NFS_Unstable:          0 kB
Bounce:                0 kB
WritebackTmp:          0 kB
CommitLimit:     8258920 kB
Committed_AS:   11409428 kB
VmallocTotal:   34359738367 kB
VmallocUsed:       46504 kB
VmallocChunk:          0 kB
Percpu:            13280 kB
HardwareCorrupted:     0 kB
AnonHugePages:   1785856 kB
ShmemHugePages:        0 kB
ShmemPmdMapped:        0 kB
FileHugePages:         0 kB
FilePmdMapped:         0 kB
CmaTotal:              0 kB
CmaFree:               0 kB
Unaccepted:            0 kB
Balloon:               0 kB
HugePages_Total:       0
HugePages_Free:        0
HugePages_Rsvd:        0
HugePages_Surp:        0
Hugepagesize:       2048 kB
Hugetlb:               0 kB
DirectMap4k:      194432 kB
DirectMap2M:     6096896 kB
DirectMap1G:     4194304 kB
---SNAPSHOT---
2026-04-27 14:57:37
MemTotal:        8129240 kB
MemFree:         3569172 kB
MemAvailable:    3303220 kB
Buffers:            5612 kB
Cached:           314912 kB
SwapCached:       159420 kB
Active:          3243908 kB
Inactive:         608416 kB
Active(anon):    3134448 kB
Inactive(anon):   451772 kB
Active(file):     109460 kB
Inactive(file):   156644 kB
Unevictable:          16 kB
Mlocked:              16 kB
SwapTotal:       4194300 kB
SwapFree:        3897256 kB
Zswap:                 0 kB
Zswapped:              0 kB
Dirty:               128 kB
Writeback:         22636 kB
AnonPages:       3377700 kB
Mapped:           267056 kB
Shmem:             54448 kB
KReclaimable:      57080 kB
Slab:             285760 kB
SReclaimable:      57080 kB
SUnreclaim:       228680 kB
KernelStack:       18272 kB
PageTables:        49400 kB
SecPageTables:         0 kB
NFS_Unstable:          0 kB
Bounce:                0 kB
WritebackTmp:          0 kB
CommitLimit:     8258920 kB
Committed_AS:   11409060 kB
VmallocTotal:   34359738367 kB
VmallocUsed:       46488 kB
VmallocChunk:          0 kB
Percpu:            13280 kB
HardwareCorrupted:     0 kB
AnonHugePages:   1890304 kB
ShmemHugePages:        0 kB
ShmemPmdMapped:        0 kB
FileHugePages:         0 kB
FilePmdMapped:         0 kB
CmaTotal:              0 kB
CmaFree:               0 kB
Unaccepted:            0 kB
Balloon:               0 kB
HugePages_Total:       0
HugePages_Free:        0
HugePages_Rsvd:        0
HugePages_Surp:        0
Hugepagesize:       2048 kB
Hugetlb:               0 kB
DirectMap4k:      194432 kB
DirectMap2M:     6096896 kB
DirectMap1G:     4194304 kB
---SNAPSHOT---
2026-04-27 14:57:38
MemTotal:        8129240 kB
MemFree:         4088080 kB
MemAvailable:    3822132 kB
Buffers:            5612 kB
Cached:           314924 kB
SwapCached:       159528 kB
Active:          2712756 kB
Inactive:         617132 kB
Active(anon):    2603296 kB
Inactive(anon):   460480 kB
Active(file):     109460 kB
Inactive(file):   156652 kB
Unevictable:          16 kB
Mlocked:              16 kB
SwapTotal:       4194300 kB
SwapFree:        3897256 kB
Zswap:                 0 kB
Zswapped:              0 kB
Dirty:               140 kB
Writeback:         14096 kB
AnonPages:       2855184 kB
Mapped:           267056 kB
Shmem:             54448 kB
KReclaimable:      57080 kB
Slab:             285528 kB
SReclaimable:      57080 kB
SUnreclaim:       228448 kB
KernelStack:       18316 kB
PageTables:        48912 kB
SecPageTables:         0 kB
NFS_Unstable:          0 kB
Bounce:                0 kB
WritebackTmp:          0 kB
CommitLimit:     8258920 kB
Committed_AS:   11408912 kB
VmallocTotal:   34359738367 kB
VmallocUsed:       46520 kB
VmallocChunk:          0 kB
Percpu:            13280 kB
HardwareCorrupted:     0 kB
AnonHugePages:   1368064 kB
ShmemHugePages:        0 kB
ShmemPmdMapped:        0 kB
FileHugePages:         0 kB
FilePmdMapped:         0 kB
CmaTotal:              0 kB
CmaFree:               0 kB
Unaccepted:            0 kB
Balloon:               0 kB
HugePages_Total:       0
HugePages_Free:        0
HugePages_Rsvd:        0
HugePages_Surp:        0
Hugepagesize:       2048 kB
Hugetlb:               0 kB
DirectMap4k:      194432 kB
DirectMap2M:     6096896 kB
DirectMap1G:     4194304 kB
---SNAPSHOT---
2026-04-27 14:57:39
MemTotal:        8129240 kB
MemFree:         3340520 kB
MemAvailable:    3074576 kB
Buffers:            5744 kB
Cached:           314800 kB
SwapCached:       347944 kB
Active:          3312332 kB
Inactive:         808780 kB
Active(anon):    3202872 kB
Inactive(anon):   652120 kB
Active(file):     109460 kB
Inactive(file):   156660 kB
Unevictable:          16 kB
Mlocked:              16 kB
SwapTotal:       4194300 kB
SwapFree:        3708840 kB
Zswap:                 0 kB
Zswapped:              0 kB
Dirty:               148 kB
Writeback:         10812 kB
AnonPages:       3457792 kB
Mapped:           267056 kB
Shmem:             54448 kB
KReclaimable:      57080 kB
Slab:             285064 kB
SReclaimable:      57080 kB
SUnreclaim:       227984 kB
KernelStack:       18316 kB
PageTables:        50436 kB
SecPageTables:         0 kB
NFS_Unstable:          0 kB
Bounce:                0 kB
WritebackTmp:          0 kB
CommitLimit:     8258920 kB
Committed_AS:   11409044 kB
VmallocTotal:   34359738367 kB
VmallocUsed:       46552 kB
VmallocChunk:          0 kB
Percpu:            13280 kB
HardwareCorrupted:     0 kB
AnonHugePages:   1970176 kB
ShmemHugePages:        0 kB
ShmemPmdMapped:        0 kB
FileHugePages:         0 kB
FilePmdMapped:         0 kB
CmaTotal:              0 kB
CmaFree:               0 kB
Unaccepted:            0 kB
Balloon:               0 kB
HugePages_Total:       0
HugePages_Free:        0
HugePages_Rsvd:        0
HugePages_Surp:        0
Hugepagesize:       2048 kB
Hugetlb:               0 kB
DirectMap4k:      194432 kB
DirectMap2M:     6096896 kB
DirectMap1G:     4194304 kB
---SNAPSHOT---
2026-04-27 14:57:40
MemTotal:        8129240 kB
MemFree:         3840724 kB
MemAvailable:    3574848 kB
Buffers:            5752 kB
Cached:           314936 kB
SwapCached:       400168 kB
Active:          2781380 kB
Inactive:         855956 kB
Active(anon):    2671920 kB
Inactive(anon):   699160 kB
Active(file):     109460 kB
Inactive(file):   156796 kB
Unevictable:          16 kB
Mlocked:              16 kB
SwapTotal:       4194300 kB
SwapFree:        3656616 kB
Zswap:                 0 kB
Zswapped:              0 kB
Dirty:               156 kB
Writeback:         16044 kB
AnonPages:       2921976 kB
Mapped:           267056 kB
Shmem:             54448 kB
KReclaimable:      57080 kB
Slab:             285416 kB
SReclaimable:      57080 kB
SUnreclaim:       228336 kB
KernelStack:       18256 kB
PageTables:        48944 kB
SecPageTables:         0 kB
NFS_Unstable:          0 kB
Bounce:                0 kB
WritebackTmp:          0 kB
CommitLimit:     8258920 kB
Committed_AS:   11409200 kB
VmallocTotal:   34359738367 kB
VmallocUsed:       46488 kB
VmallocChunk:          0 kB
Percpu:            13280 kB
HardwareCorrupted:     0 kB
AnonHugePages:   1433600 kB
ShmemHugePages:        0 kB
ShmemPmdMapped:        0 kB
FileHugePages:         0 kB
FilePmdMapped:         0 kB
CmaTotal:              0 kB
CmaFree:               0 kB
Unaccepted:            0 kB
Balloon:               0 kB
HugePages_Total:       0
HugePages_Free:        0
HugePages_Rsvd:        0
HugePages_Surp:        0
Hugepagesize:       2048 kB
Hugetlb:               0 kB
DirectMap4k:      194432 kB
DirectMap2M:     6096896 kB
DirectMap1G:     4194304 kB
---SNAPSHOT---
2026-04-27 14:57:41
MemTotal:        8129240 kB
MemFree:         3868388 kB
MemAvailable:    3602524 kB
Buffers:            5752 kB
Cached:           314944 kB
SwapCached:       715368 kB
Active:          2438136 kB
Inactive:        1168592 kB
Active(anon):    2328676 kB
Inactive(anon):  1011776 kB
Active(file):     109460 kB
Inactive(file):   156816 kB
Unevictable:          16 kB
Mlocked:              16 kB
SwapTotal:       4194300 kB
SwapFree:        3341284 kB
Zswap:                 0 kB
Zswapped:              0 kB
Dirty:               164 kB
Writeback:         18264 kB
AnonPages:       2576088 kB
Mapped:           267056 kB
Shmem:             54448 kB
KReclaimable:      57080 kB
Slab:             285272 kB
SReclaimable:      57080 kB
SUnreclaim:       228192 kB
KernelStack:       18256 kB
PageTables:        49156 kB
SecPageTables:         0 kB
NFS_Unstable:          0 kB
Bounce:                0 kB
WritebackTmp:          0 kB
CommitLimit:     8258920 kB
Committed_AS:   11409308 kB
VmallocTotal:   34359738367 kB
VmallocUsed:       46536 kB
VmallocChunk:          0 kB
Percpu:            13280 kB
HardwareCorrupted:     0 kB
AnonHugePages:   1089536 kB
ShmemHugePages:        0 kB
ShmemPmdMapped:        0 kB
FileHugePages:         0 kB
FilePmdMapped:         0 kB
CmaTotal:              0 kB
CmaFree:               0 kB
Unaccepted:            0 kB
Balloon:               0 kB
HugePages_Total:       0
HugePages_Free:        0
HugePages_Rsvd:        0
HugePages_Surp:        0
Hugepagesize:       2048 kB
Hugetlb:               0 kB
DirectMap4k:      194432 kB
DirectMap2M:     6096896 kB
DirectMap1G:     4194304 kB
---SNAPSHOT---
2026-04-27 14:57:42
MemTotal:        8129240 kB
MemFree:         3591588 kB
MemAvailable:    3325724 kB
Buffers:            5752 kB
Cached:           314948 kB
SwapCached:       105876 kB
Active:          3287864 kB
Inactive:         577768 kB
Active(anon):    3178404 kB
Inactive(anon):   420948 kB
Active(file):     109460 kB
Inactive(file):   156820 kB
Unevictable:          16 kB
Mlocked:              16 kB
SwapTotal:       4194300 kB
SwapFree:        3951020 kB
Zswap:                 0 kB
Zswapped:              0 kB
Dirty:               168 kB
Writeback:           208 kB
AnonPages:       3441936 kB
Mapped:           267056 kB
Shmem:             54448 kB
KReclaimable:      57080 kB
Slab:             284464 kB
SReclaimable:      57080 kB
SUnreclaim:       227384 kB
KernelStack:       18256 kB
PageTables:        49728 kB
SecPageTables:         0 kB
NFS_Unstable:          0 kB
Bounce:                0 kB
WritebackTmp:          0 kB
CommitLimit:     8258920 kB
Committed_AS:   11409540 kB
VmallocTotal:   34359738367 kB
VmallocUsed:       46520 kB
VmallocChunk:          0 kB
Percpu:            13280 kB
HardwareCorrupted:     0 kB
AnonHugePages:   1955840 kB
ShmemHugePages:        0 kB
ShmemPmdMapped:        0 kB
FileHugePages:         0 kB
FilePmdMapped:         0 kB
CmaTotal:              0 kB
CmaFree:               0 kB
Unaccepted:            0 kB
Balloon:               0 kB
HugePages_Total:       0
HugePages_Free:        0
HugePages_Rsvd:        0
HugePages_Surp:        0
Hugepagesize:       2048 kB
Hugetlb:               0 kB
DirectMap4k:      194432 kB
DirectMap2M:     6096896 kB
DirectMap1G:     4194304 kB
---SNAPSHOT---
2026-04-27 14:57:43
MemTotal:        8129240 kB
MemFree:         3579836 kB
MemAvailable:    3313976 kB
Buffers:            5752 kB
Cached:           314956 kB
SwapCached:       185644 kB
Active:          3195712 kB
Inactive:         644676 kB
Active(anon):    3086252 kB
Inactive(anon):   487848 kB
Active(file):     109460 kB
Inactive(file):   156828 kB
Unevictable:          16 kB
Mlocked:              16 kB
SwapTotal:       4194300 kB
SwapFree:        3871140 kB
Zswap:                 0 kB
Zswapped:              0 kB
Dirty:               176 kB
Writeback:         12956 kB
AnonPages:       3340784 kB
Mapped:           267056 kB
Shmem:             54448 kB
KReclaimable:      57080 kB
Slab:             285104 kB
SReclaimable:      57080 kB
SUnreclaim:       228024 kB
KernelStack:       18256 kB
PageTables:        49732 kB
SecPageTables:         0 kB
NFS_Unstable:          0 kB
Bounce:                0 kB
WritebackTmp:          0 kB
CommitLimit:     8258920 kB
Committed_AS:   11409536 kB
VmallocTotal:   34359738367 kB
VmallocUsed:       46520 kB
VmallocChunk:          0 kB
Percpu:            13280 kB
HardwareCorrupted:     0 kB
AnonHugePages:   1851392 kB
ShmemHugePages:        0 kB
ShmemPmdMapped:        0 kB
FileHugePages:         0 kB
FilePmdMapped:         0 kB
CmaTotal:              0 kB
CmaFree:               0 kB
Unaccepted:            0 kB
Balloon:               0 kB
HugePages_Total:       0
HugePages_Free:        0
HugePages_Rsvd:        0
HugePages_Surp:        0
Hugepagesize:       2048 kB
Hugetlb:               0 kB
DirectMap4k:      194432 kB
DirectMap2M:     6096896 kB
DirectMap1G:     4194304 kB
---SNAPSHOT---
2026-04-27 14:57:44
MemTotal:        8129240 kB
MemFree:         3120060 kB
MemAvailable:    2854204 kB
Buffers:            5760 kB
Cached:           314960 kB
SwapCached:       187468 kB
Active:          3692884 kB
Inactive:         657108 kB
Active(anon):    3583424 kB
Inactive(anon):   500276 kB
Active(file):     109460 kB
Inactive(file):   156832 kB
Unevictable:          16 kB
Mlocked:              16 kB
SwapTotal:       4194300 kB
SwapFree:        3869316 kB
Zswap:                 0 kB
Zswapped:              0 kB
Dirty:               180 kB
Writeback:           808 kB
AnonPages:       3848400 kB
Mapped:           267056 kB
Shmem:             54448 kB
KReclaimable:      57080 kB
Slab:             284336 kB
SReclaimable:      57080 kB
SUnreclaim:       227256 kB
KernelStack:       18256 kB
PageTables:        50644 kB
SecPageTables:         0 kB
NFS_Unstable:          0 kB
Bounce:                0 kB
WritebackTmp:          0 kB
CommitLimit:     8258920 kB
Committed_AS:   11409176 kB
VmallocTotal:   34359738367 kB
VmallocUsed:       46520 kB
VmallocChunk:          0 kB
Percpu:            13280 kB
HardwareCorrupted:     0 kB
AnonHugePages:   2359296 kB
ShmemHugePages:        0 kB
ShmemPmdMapped:        0 kB
FileHugePages:         0 kB
FilePmdMapped:         0 kB
CmaTotal:              0 kB
CmaFree:               0 kB
Unaccepted:            0 kB
Balloon:               0 kB
HugePages_Total:       0
HugePages_Free:        0
HugePages_Rsvd:        0
HugePages_Surp:        0
Hugepagesize:       2048 kB
Hugetlb:               0 kB
DirectMap4k:      194432 kB
DirectMap2M:     6096896 kB
DirectMap1G:     4194304 kB
---SNAPSHOT---
2026-04-27 14:57:45
MemTotal:        8129240 kB
MemFree:         2853844 kB
MemAvailable:    2587992 kB
Buffers:            5760 kB
Cached:           314964 kB
SwapCached:       234168 kB
Active:          3925124 kB
Inactive:         690336 kB
Active(anon):    3815664 kB
Inactive(anon):   533492 kB
Active(file):     109460 kB
Inactive(file):   156844 kB
Unevictable:          16 kB
Mlocked:              16 kB
SwapTotal:       4194300 kB
SwapFree:        3822552 kB
Zswap:                 0 kB
Zswapped:              0 kB
Dirty:               184 kB
Writeback:         15732 kB
AnonPages:       4067800 kB
Mapped:           267056 kB
Shmem:             54448 kB
KReclaimable:      57080 kB
Slab:             285128 kB
SReclaimable:      57080 kB
SUnreclaim:       228048 kB
KernelStack:       18272 kB
PageTables:        51232 kB
SecPageTables:         0 kB
NFS_Unstable:          0 kB
Bounce:                0 kB
WritebackTmp:          0 kB
CommitLimit:     8258920 kB
Committed_AS:   11409200 kB
VmallocTotal:   34359738367 kB
VmallocUsed:       46536 kB
VmallocChunk:          0 kB
Percpu:            13280 kB
HardwareCorrupted:     0 kB
AnonHugePages:   2576384 kB
ShmemHugePages:        0 kB
ShmemPmdMapped:        0 kB
FileHugePages:         0 kB
FilePmdMapped:         0 kB
CmaTotal:              0 kB
CmaFree:               0 kB
Unaccepted:            0 kB
Balloon:               0 kB
HugePages_Total:       0
HugePages_Free:        0
HugePages_Rsvd:        0
HugePages_Surp:        0
Hugepagesize:       2048 kB
Hugetlb:               0 kB
DirectMap4k:      194432 kB
DirectMap2M:     6096896 kB
DirectMap1G:     4194304 kB
---SNAPSHOT---
2026-04-27 14:57:46
MemTotal:        8129240 kB
MemFree:         3231276 kB
MemAvailable:    2965428 kB
Buffers:            5760 kB
Cached:           314972 kB
SwapCached:       391560 kB
Active:          3377400 kB
Inactive:         861248 kB
Active(anon):    3267940 kB
Inactive(anon):   704396 kB
Active(file):     109460 kB
Inactive(file):   156852 kB
Unevictable:          16 kB
Mlocked:              16 kB
SwapTotal:       4194300 kB
SwapFree:        3665020 kB
Zswap:                 0 kB
Zswapped:              0 kB
Dirty:               192 kB
Writeback:           376 kB
AnonPages:       3533652 kB
Mapped:           267056 kB
Shmem:             54448 kB
KReclaimable:      57080 kB
Slab:             284352 kB
SReclaimable:      57080 kB
SUnreclaim:       227272 kB
KernelStack:       18240 kB
PageTables:        50468 kB
SecPageTables:         0 kB
NFS_Unstable:          0 kB
Bounce:                0 kB
WritebackTmp:          0 kB
CommitLimit:     8258920 kB
Committed_AS:   11409536 kB
VmallocTotal:   34359738367 kB
VmallocUsed:       46536 kB
VmallocChunk:          0 kB
Percpu:            13280 kB
HardwareCorrupted:     0 kB
AnonHugePages:   2043904 kB
ShmemHugePages:        0 kB
ShmemPmdMapped:        0 kB
FileHugePages:         0 kB
FilePmdMapped:         0 kB
CmaTotal:              0 kB
CmaFree:               0 kB
Unaccepted:            0 kB
Balloon:               0 kB
HugePages_Total:       0
HugePages_Free:        0
HugePages_Rsvd:        0
HugePages_Surp:        0
Hugepagesize:       2048 kB
Hugetlb:               0 kB
DirectMap4k:      194432 kB
DirectMap2M:     6096896 kB
DirectMap1G:     4194304 kB
---SNAPSHOT---
2026-04-27 14:57:47
MemTotal:        8129240 kB
MemFree:         3406852 kB
MemAvailable:    3141008 kB
Buffers:            5760 kB
Cached:           314976 kB
SwapCached:       613196 kB
Active:          2982816 kB
Inactive:        1082152 kB
Active(anon):    2873356 kB
Inactive(anon):   925296 kB
Active(file):     109460 kB
Inactive(file):   156856 kB
Unevictable:          16 kB
Mlocked:              16 kB
SwapTotal:       4194300 kB
SwapFree:        3443388 kB
Zswap:                 0 kB
Zswapped:              0 kB
Dirty:               196 kB
Writeback:           272 kB
AnonPages:       3138464 kB
Mapped:           267140 kB
Shmem:             54448 kB
KReclaimable:      57080 kB
Slab:             284264 kB
SReclaimable:      57080 kB
SUnreclaim:       227184 kB
KernelStack:       18272 kB
PageTables:        50116 kB
SecPageTables:         0 kB
NFS_Unstable:          0 kB
Bounce:                0 kB
WritebackTmp:          0 kB
CommitLimit:     8258920 kB
Committed_AS:   11409152 kB
VmallocTotal:   34359738367 kB
VmallocUsed:       46520 kB
VmallocChunk:          0 kB
Percpu:            13280 kB
HardwareCorrupted:     0 kB
AnonHugePages:   1650688 kB
ShmemHugePages:        0 kB
ShmemPmdMapped:        0 kB
FileHugePages:         0 kB
FilePmdMapped:         0 kB
CmaTotal:              0 kB
CmaFree:               0 kB
Unaccepted:            0 kB
Balloon:               0 kB
HugePages_Total:       0
HugePages_Free:        0
HugePages_Rsvd:        0
HugePages_Surp:        0
Hugepagesize:       2048 kB
Hugetlb:               0 kB
DirectMap4k:      194432 kB
DirectMap2M:     6096896 kB
DirectMap1G:     4194304 kB
---SNAPSHOT---
2026-04-27 14:57:48
MemTotal:        8129240 kB
MemFree:         2983580 kB
MemAvailable:    2717740 kB
Buffers:            5760 kB
Cached:           314984 kB
SwapCached:       835032 kB
Active:          3191240 kB
Inactive:        1305440 kB
Active(anon):    3081780 kB
Inactive(anon):  1148576 kB
Active(file):     109460 kB
Inactive(file):   156864 kB
Unevictable:          16 kB
Mlocked:              16 kB
SwapTotal:       4194300 kB
SwapFree:        3221524 kB
Zswap:                 0 kB
Zswapped:              0 kB
Dirty:               204 kB
Writeback:           232 kB
AnonPages:       3348060 kB
Mapped:           267056 kB
Shmem:             54448 kB
KReclaimable:      57080 kB
Slab:             284272 kB
SReclaimable:      57080 kB
SUnreclaim:       227192 kB
KernelStack:       18256 kB
PageTables:        50980 kB
SecPageTables:         0 kB
NFS_Unstable:          0 kB
Bounce:                0 kB
WritebackTmp:          0 kB
CommitLimit:     8258920 kB
Committed_AS:   11409096 kB
VmallocTotal:   34359738367 kB
VmallocUsed:       46536 kB
VmallocChunk:          0 kB
Percpu:            13280 kB
HardwareCorrupted:     0 kB
AnonHugePages:   1857536 kB
ShmemHugePages:        0 kB
ShmemPmdMapped:        0 kB
FileHugePages:         0 kB
FilePmdMapped:         0 kB
CmaTotal:              0 kB
CmaFree:               0 kB
Unaccepted:            0 kB
Balloon:               0 kB
HugePages_Total:       0
HugePages_Free:        0
HugePages_Rsvd:        0
HugePages_Surp:        0
Hugepagesize:       2048 kB
Hugetlb:               0 kB
DirectMap4k:      194432 kB
DirectMap2M:     6096896 kB
DirectMap1G:     4194304 kB
---SNAPSHOT---
2026-04-27 14:57:49
MemTotal:        8129240 kB
MemFree:         3338600 kB
MemAvailable:    3072764 kB
Buffers:            5768 kB
Cached:           314988 kB
SwapCached:       961576 kB
Active:          2687772 kB
Inactive:        1431764 kB
Active(anon):    2578312 kB
Inactive(anon):  1274888 kB
Active(file):     109460 kB
Inactive(file):   156876 kB
Unevictable:          16 kB
Mlocked:              16 kB
SwapTotal:       4194300 kB
SwapFree:        3095068 kB
Zswap:                 0 kB
Zswapped:              0 kB
Dirty:               208 kB
Writeback:           644 kB
AnonPages:       2843464 kB
Mapped:           267056 kB
Shmem:             54448 kB
KReclaimable:      57080 kB
Slab:             284280 kB
SReclaimable:      57080 kB
SUnreclaim:       227200 kB
KernelStack:       18224 kB
PageTables:        50364 kB
SecPageTables:         0 kB
NFS_Unstable:          0 kB
Bounce:                0 kB
WritebackTmp:          0 kB
CommitLimit:     8258920 kB
Committed_AS:   11409428 kB
VmallocTotal:   34359738367 kB
VmallocUsed:       46504 kB
VmallocChunk:          0 kB
Percpu:            13280 kB
HardwareCorrupted:     0 kB
AnonHugePages:   1353728 kB
ShmemHugePages:        0 kB
ShmemPmdMapped:        0 kB
FileHugePages:         0 kB
FilePmdMapped:         0 kB
CmaTotal:              0 kB
CmaFree:               0 kB
Unaccepted:            0 kB
Balloon:               0 kB
HugePages_Total:       0
HugePages_Free:        0
HugePages_Rsvd:        0
HugePages_Surp:        0
Hugepagesize:       2048 kB
Hugetlb:               0 kB
DirectMap4k:      194432 kB
DirectMap2M:     6096896 kB
DirectMap1G:     4194304 kB
---SNAPSHOT---
2026-04-27 14:57:50
MemTotal:        8129240 kB
MemFree:         3108808 kB
MemAvailable:    2842976 kB
Buffers:            5768 kB
Cached:           314992 kB
SwapCached:      1158388 kB
Active:          2748264 kB
Inactive:        1629208 kB
Active(anon):    2638804 kB
Inactive(anon):  1472328 kB
Active(file):     109460 kB
Inactive(file):   156880 kB
Unevictable:          16 kB
Mlocked:              16 kB
SwapTotal:       4194300 kB
SwapFree:        2898260 kB
Zswap:                 0 kB
Zswapped:              0 kB
Dirty:               212 kB
Writeback:           404 kB
AnonPages:       2905504 kB
Mapped:           267056 kB
Shmem:             54448 kB
KReclaimable:      57080 kB
Slab:             284284 kB
SReclaimable:      57080 kB
SUnreclaim:       227204 kB
KernelStack:       18300 kB
PageTables:        50960 kB
SecPageTables:         0 kB
NFS_Unstable:          0 kB
Bounce:                0 kB
WritebackTmp:          0 kB
CommitLimit:     8258920 kB
Committed_AS:   11409516 kB
VmallocTotal:   34359738367 kB
VmallocUsed:       46552 kB
VmallocChunk:          0 kB
Percpu:            13280 kB
HardwareCorrupted:     0 kB
AnonHugePages:   1415168 kB
ShmemHugePages:        0 kB
ShmemPmdMapped:        0 kB
FileHugePages:         0 kB
FilePmdMapped:         0 kB
CmaTotal:              0 kB
CmaFree:               0 kB
Unaccepted:            0 kB
Balloon:               0 kB
HugePages_Total:       0
HugePages_Free:        0
HugePages_Rsvd:        0
HugePages_Surp:        0
Hugepagesize:       2048 kB
Hugetlb:               0 kB
DirectMap4k:      194432 kB
DirectMap2M:     6096896 kB
DirectMap1G:     4194304 kB
---SNAPSHOT---
2026-04-27 14:57:51
MemTotal:        8129240 kB
MemFree:         4506004 kB
MemAvailable:    4240176 kB
Buffers:            5768 kB
Cached:           315000 kB
SwapCached:       105812 kB
Active:          2409280 kB
Inactive:         577816 kB
Active(anon):    2299820 kB
Inactive(anon):   420928 kB
Active(file):     109460 kB
Inactive(file):   156888 kB
Unevictable:          16 kB
Mlocked:              16 kB
SwapTotal:       4194300 kB
SwapFree:        3951020 kB
Zswap:                 0 kB
Zswapped:              0 kB
Dirty:               220 kB
Writeback:             0 kB
AnonPages:       2563832 kB
Mapped:           267056 kB
Shmem:             54448 kB
KReclaimable:      57080 kB
Slab:             284276 kB
SReclaimable:      57080 kB
SUnreclaim:       227196 kB
KernelStack:       18256 kB
PageTables:        49252 kB
SecPageTables:         0 kB
NFS_Unstable:          0 kB
Bounce:                0 kB
WritebackTmp:          0 kB
CommitLimit:     8258920 kB
Committed_AS:   11409428 kB
VmallocTotal:   34359738367 kB
VmallocUsed:       46488 kB
VmallocChunk:          0 kB
Percpu:            13280 kB
HardwareCorrupted:     0 kB
AnonHugePages:   1079296 kB
ShmemHugePages:        0 kB
ShmemPmdMapped:        0 kB
FileHugePages:         0 kB
FilePmdMapped:         0 kB
CmaTotal:              0 kB
CmaFree:               0 kB
Unaccepted:            0 kB
Balloon:               0 kB
HugePages_Total:       0
HugePages_Free:        0
HugePages_Rsvd:        0
HugePages_Surp:        0
Hugepagesize:       2048 kB
Hugetlb:               0 kB
DirectMap4k:      194432 kB
DirectMap2M:     6096896 kB
DirectMap1G:     4194304 kB
---SNAPSHOT---
2026-04-27 14:57:52
MemTotal:        8129240 kB
MemFree:         4112920 kB
MemAvailable:    3847092 kB
Buffers:            5768 kB
Cached:           315004 kB
SwapCached:       105764 kB
Active:          2803980 kB
Inactive:         577820 kB
Active(anon):    2694520 kB
Inactive(anon):   420928 kB
Active(file):     109460 kB
Inactive(file):   156892 kB
Unevictable:          16 kB
Mlocked:              16 kB
SwapTotal:       4194300 kB
SwapFree:        3951020 kB
Zswap:                 0 kB
Zswapped:              0 kB
Dirty:               224 kB
Writeback:             0 kB
AnonPages:       2958124 kB
Mapped:           267056 kB
Shmem:             54448 kB
KReclaimable:      57080 kB
Slab:             284276 kB
SReclaimable:      57080 kB
SUnreclaim:       227196 kB
KernelStack:       18272 kB
PageTables:        48640 kB
SecPageTables:         0 kB
NFS_Unstable:          0 kB
Bounce:                0 kB
WritebackTmp:          0 kB
CommitLimit:     8258920 kB
Committed_AS:   11409428 kB
VmallocTotal:   34359738367 kB
VmallocUsed:       46472 kB
VmallocChunk:          0 kB
Percpu:            13280 kB
HardwareCorrupted:     0 kB
AnonHugePages:   1472512 kB
ShmemHugePages:        0 kB
ShmemPmdMapped:        0 kB
FileHugePages:         0 kB
FilePmdMapped:         0 kB
CmaTotal:              0 kB
CmaFree:               0 kB
Unaccepted:            0 kB
Balloon:               0 kB
HugePages_Total:       0
HugePages_Free:        0
HugePages_Rsvd:        0
HugePages_Surp:        0
Hugepagesize:       2048 kB
Hugetlb:               0 kB
DirectMap4k:      194432 kB
DirectMap2M:     6096896 kB
DirectMap1G:     4194304 kB
---SNAPSHOT---
2026-04-27 14:57:53
MemTotal:        8129240 kB
MemFree:         3181616 kB
MemAvailable:    2915800 kB
Buffers:            5772 kB
Cached:           315020 kB
SwapCached:       105764 kB
Active:          3732852 kB
Inactive:         577840 kB
Active(anon):    3623392 kB
Inactive(anon):   420928 kB
Active(file):     109460 kB
Inactive(file):   156912 kB
Unevictable:          16 kB
Mlocked:              16 kB
SwapTotal:       4194300 kB
SwapFree:        3951020 kB
Zswap:                 0 kB
Zswapped:              0 kB
Dirty:                 8 kB
Writeback:             0 kB
AnonPages:       3887596 kB
Mapped:           267056 kB
Shmem:             54448 kB
KReclaimable:      57080 kB
Slab:             284276 kB
SReclaimable:      57080 kB
SUnreclaim:       227196 kB
KernelStack:       18272 kB
PageTables:        50484 kB
SecPageTables:         0 kB
NFS_Unstable:          0 kB
Bounce:                0 kB
WritebackTmp:          0 kB
CommitLimit:     8258920 kB
Committed_AS:   11409428 kB
VmallocTotal:   34359738367 kB
VmallocUsed:       46472 kB
VmallocChunk:          0 kB
Percpu:            13280 kB
HardwareCorrupted:     0 kB
AnonHugePages:   2400256 kB
ShmemHugePages:        0 kB
ShmemPmdMapped:        0 kB
FileHugePages:         0 kB
FilePmdMapped:         0 kB
CmaTotal:              0 kB
CmaFree:               0 kB
Unaccepted:            0 kB
Balloon:               0 kB
HugePages_Total:       0
HugePages_Free:        0
HugePages_Rsvd:        0
HugePages_Surp:        0
Hugepagesize:       2048 kB
Hugetlb:               0 kB
DirectMap4k:      194432 kB
DirectMap2M:     6096896 kB
DirectMap1G:     4194304 kB
---SNAPSHOT---
2026-04-27 14:57:54
MemTotal:        8129240 kB
MemFree:         4235044 kB
MemAvailable:    3969228 kB
Buffers:            5780 kB
Cached:           315024 kB
SwapCached:       105764 kB
Active:          2606892 kB
Inactive:         577844 kB
Active(anon):    2497432 kB
Inactive(anon):   420928 kB
Active(file):     109460 kB
Inactive(file):   156916 kB
Unevictable:          16 kB
Mlocked:              16 kB
SwapTotal:       4194300 kB
SwapFree:        3951020 kB
Zswap:                 0 kB
Zswapped:              0 kB
Dirty:                48 kB
Writeback:             0 kB
AnonPages:       2761076 kB
Mapped:           267056 kB
Shmem:             54448 kB
KReclaimable:      57080 kB
Slab:             284276 kB
SReclaimable:      57080 kB
SUnreclaim:       227196 kB
KernelStack:       18300 kB
PageTables:        48768 kB
SecPageTables:         0 kB
NFS_Unstable:          0 kB
Bounce:                0 kB
WritebackTmp:          0 kB
CommitLimit:     8258920 kB
Committed_AS:   11409296 kB
VmallocTotal:   34359738367 kB
VmallocUsed:       46488 kB
VmallocChunk:          0 kB
Percpu:            13280 kB
HardwareCorrupted:     0 kB
AnonHugePages:   1273856 kB
ShmemHugePages:        0 kB
ShmemPmdMapped:        0 kB
FileHugePages:         0 kB
FilePmdMapped:         0 kB
CmaTotal:              0 kB
CmaFree:               0 kB
Unaccepted:            0 kB
Balloon:               0 kB
HugePages_Total:       0
HugePages_Free:        0
HugePages_Rsvd:        0
HugePages_Surp:        0
Hugepagesize:       2048 kB
Hugetlb:               0 kB
DirectMap4k:      194432 kB
DirectMap2M:     6096896 kB
DirectMap1G:     4194304 kB
---SNAPSHOT---
2026-04-27 14:57:55
MemTotal:        8129240 kB
MemFree:         3517332 kB
MemAvailable:    3251524 kB
Buffers:            5780 kB
Cached:           315028 kB
SwapCached:       105764 kB
Active:          3407592 kB
Inactive:         577856 kB
Active(anon):    3298132 kB
Inactive(anon):   420928 kB
Active(file):     109460 kB
Inactive(file):   156928 kB
Unevictable:          16 kB
Mlocked:              16 kB
SwapTotal:       4194300 kB
SwapFree:        3951020 kB
Zswap:                 0 kB
Zswapped:              0 kB
Dirty:                52 kB
Writeback:             0 kB
AnonPages:       3561796 kB
Mapped:           267056 kB
Shmem:             54448 kB
KReclaimable:      57080 kB
Slab:             284276 kB
SReclaimable:      57080 kB
SUnreclaim:       227196 kB
KernelStack:       18240 kB
PageTables:        50192 kB
SecPageTables:         0 kB
NFS_Unstable:          0 kB
Bounce:                0 kB
WritebackTmp:          0 kB
CommitLimit:     8258920 kB
Committed_AS:   11409184 kB
VmallocTotal:   34359738367 kB
VmallocUsed:       46488 kB
VmallocChunk:          0 kB
Percpu:            13280 kB
HardwareCorrupted:     0 kB
AnonHugePages:   2074624 kB
ShmemHugePages:        0 kB
ShmemPmdMapped:        0 kB
FileHugePages:         0 kB
FilePmdMapped:         0 kB
CmaTotal:              0 kB
CmaFree:               0 kB
Unaccepted:            0 kB
Balloon:               0 kB
HugePages_Total:       0
HugePages_Free:        0
HugePages_Rsvd:        0
HugePages_Surp:        0
Hugepagesize:       2048 kB
Hugetlb:               0 kB
DirectMap4k:      194432 kB
DirectMap2M:     6096896 kB
DirectMap1G:     4194304 kB
---SNAPSHOT---
2026-04-27 14:57:56
MemTotal:        8129240 kB
MemFree:         4314768 kB
MemAvailable:    4049016 kB
Buffers:            5924 kB
Cached:           315036 kB
SwapCached:       105764 kB
Active:          2543616 kB
Inactive:         577972 kB
Active(anon):    2434156 kB
Inactive(anon):   420928 kB
Active(file):     109460 kB
Inactive(file):   157044 kB
Unevictable:          16 kB
Mlocked:              16 kB
SwapTotal:       4194300 kB
SwapFree:        3951020 kB
Zswap:                 0 kB
Zswapped:              0 kB
Dirty:                60 kB
Writeback:             0 kB
AnonPages:       2698000 kB
Mapped:           267056 kB
Shmem:             54448 kB
KReclaimable:      57080 kB
Slab:             284276 kB
SReclaimable:      57080 kB
SUnreclaim:       227196 kB
KernelStack:       18272 kB
PageTables:        49544 kB
SecPageTables:         0 kB
NFS_Unstable:          0 kB
Bounce:                0 kB
WritebackTmp:          0 kB
CommitLimit:     8258920 kB
Committed_AS:   11408964 kB
VmallocTotal:   34359738367 kB
VmallocUsed:       46504 kB
VmallocChunk:          0 kB
Percpu:            13280 kB
HardwareCorrupted:     0 kB
AnonHugePages:   1212416 kB
ShmemHugePages:        0 kB
ShmemPmdMapped:        0 kB
FileHugePages:         0 kB
FilePmdMapped:         0 kB
CmaTotal:              0 kB
CmaFree:               0 kB
Unaccepted:            0 kB
Balloon:               0 kB
HugePages_Total:       0
HugePages_Free:        0
HugePages_Rsvd:        0
HugePages_Surp:        0
Hugepagesize:       2048 kB
Hugetlb:               0 kB
DirectMap4k:      194432 kB
DirectMap2M:     6096896 kB
DirectMap1G:     4194304 kB
---SNAPSHOT---
2026-04-27 14:57:57
MemTotal:        8129240 kB
MemFree:         3958252 kB
MemAvailable:    3692520 kB
Buffers:            5924 kB
Cached:           315040 kB
SwapCached:       105764 kB
Active:          2969884 kB
Inactive:         578012 kB
Active(anon):    2860424 kB
Inactive(anon):   420928 kB
Active(file):     109460 kB
Inactive(file):   157084 kB
Unevictable:          16 kB
Mlocked:              16 kB
SwapTotal:       4194300 kB
SwapFree:        3951020 kB
Zswap:                 0 kB
Zswapped:              0 kB
Dirty:                64 kB
Writeback:             0 kB
AnonPages:       3124208 kB
Mapped:           267056 kB
Shmem:             54448 kB
KReclaimable:      57080 kB
Slab:             284276 kB
SReclaimable:      57080 kB
SUnreclaim:       227196 kB
KernelStack:       18272 kB
PageTables:        49784 kB
SecPageTables:         0 kB
NFS_Unstable:          0 kB
Bounce:                0 kB
WritebackTmp:          0 kB
CommitLimit:     8258920 kB
Committed_AS:   11409152 kB
VmallocTotal:   34359738367 kB
VmallocUsed:       46472 kB
VmallocChunk:          0 kB
Percpu:            13280 kB
HardwareCorrupted:     0 kB
AnonHugePages:   1638400 kB
ShmemHugePages:        0 kB
ShmemPmdMapped:        0 kB
FileHugePages:         0 kB
FilePmdMapped:         0 kB
CmaTotal:              0 kB
CmaFree:               0 kB
Unaccepted:            0 kB
Balloon:               0 kB
HugePages_Total:       0
HugePages_Free:        0
HugePages_Rsvd:        0
HugePages_Surp:        0
Hugepagesize:       2048 kB
Hugetlb:               0 kB
DirectMap4k:      194432 kB
DirectMap2M:     6096896 kB
DirectMap1G:     4194304 kB
---SNAPSHOT---
2026-04-27 14:57:58
MemTotal:        8129240 kB
MemFree:         3528172 kB
MemAvailable:    3262448 kB
Buffers:            5924 kB
Cached:           315052 kB
SwapCached:       105764 kB
Active:          3397628 kB
Inactive:         578024 kB
Active(anon):    3288168 kB
Inactive(anon):   420928 kB
Active(file):     109460 kB
Inactive(file):   157096 kB
Unevictable:          16 kB
Mlocked:              16 kB
SwapTotal:       4194300 kB
SwapFree:        3951020 kB
Zswap:                 0 kB
Zswapped:              0 kB
Dirty:                76 kB
Writeback:             0 kB
AnonPages:       3552176 kB
Mapped:           267056 kB
Shmem:             54448 kB
KReclaimable:      57080 kB
Slab:             284276 kB
SReclaimable:      57080 kB
SUnreclaim:       227196 kB
KernelStack:       18272 kB
PageTables:        49860 kB
SecPageTables:         0 kB
NFS_Unstable:          0 kB
Bounce:                0 kB
WritebackTmp:          0 kB
CommitLimit:     8258920 kB
