---SNAPSHOT---
2026-04-27 15:18:42
MemTotal:        8129240 kB
MemFree:         5244096 kB
MemAvailable:    5435388 kB
Buffers:            4812 kB
Cached:           286248 kB
SwapCached:       136636 kB
Active:          1521756 kB
Inactive:         598300 kB
Active(anon):    1423544 kB
Inactive(anon):   443184 kB
Active(file):      98212 kB
Inactive(file):   155116 kB
Unevictable:           0 kB
Mlocked:               0 kB
SwapTotal:       4194300 kB
SwapFree:        3920156 kB
Zswap:                 0 kB
Zswapped:              0 kB
Dirty:               280 kB
Writeback:             0 kB
AnonPages:       1696024 kB
Mapped:           248132 kB
Shmem:             37304 kB
KReclaimable:      54860 kB
Slab:             282080 kB
SReclaimable:      54860 kB
SUnreclaim:       227220 kB
KernelStack:       18136 kB
PageTables:        45716 kB
SecPageTables:         0 kB
NFS_Unstable:          0 kB
Bounce:                0 kB
WritebackTmp:          0 kB
CommitLimit:     8258920 kB
Committed_AS:    8752268 kB
VmallocTotal:   34359738367 kB
VmallocUsed:       46360 kB
VmallocChunk:          0 kB
Percpu:            13280 kB
HardwareCorrupted:     0 kB
AnonHugePages:    212992 kB
ShmemHugePages:        0 kB
ShmemPmdMapped:        0 kB
FileHugePages:         0 kB
FilePmdMapped:         0 kB
CmaTotal:              0 kB
CmaFree:               0 kB
Unaccepted:            0 kB
Balloon:               0 kB
HugePages_Total:       0
HugePages_Free:        0
HugePages_Rsvd:        0
HugePages_Surp:        0
Hugepagesize:       2048 kB
Hugetlb:               0 kB
DirectMap4k:      194432 kB
DirectMap2M:     6096896 kB
DirectMap1G:     4194304 kB
---SNAPSHOT---
2026-04-27 15:18:43
MemTotal:        8129240 kB
MemFree:         5257260 kB
MemAvailable:    5449876 kB
Buffers:            5264 kB
Cached:           286768 kB
SwapCached:       136636 kB
Active:          1522664 kB
Inactive:         599008 kB
Active(anon):    1423836 kB
Inactive(anon):   443184 kB
Active(file):      98828 kB
Inactive(file):   155824 kB
Unevictable:           0 kB
Mlocked:               0 kB
SwapTotal:       4194300 kB
SwapFree:        3920156 kB
Zswap:                 0 kB
Zswapped:              0 kB
Dirty:               496 kB
Writeback:             0 kB
AnonPages:       1696244 kB
Mapped:           247956 kB
Shmem:             37304 kB
KReclaimable:      54860 kB
Slab:             282080 kB
SReclaimable:      54860 kB
SUnreclaim:       227220 kB
KernelStack:       18144 kB
PageTables:        45356 kB
SecPageTables:         0 kB
NFS_Unstable:          0 kB
Bounce:                0 kB
WritebackTmp:          0 kB
CommitLimit:     8258920 kB
Committed_AS:    8751780 kB
VmallocTotal:   34359738367 kB
VmallocUsed:       46424 kB
VmallocChunk:          0 kB
Percpu:            13280 kB
HardwareCorrupted:     0 kB
AnonHugePages:    212992 kB
ShmemHugePages:        0 kB
ShmemPmdMapped:        0 kB
FileHugePages:         0 kB
FilePmdMapped:         0 kB
CmaTotal:              0 kB
CmaFree:               0 kB
Unaccepted:            0 kB
Balloon:               0 kB
HugePages_Total:       0
HugePages_Free:        0
HugePages_Rsvd:        0
HugePages_Surp:        0
Hugepagesize:       2048 kB
Hugetlb:               0 kB
DirectMap4k:      194432 kB
DirectMap2M:     6096896 kB
DirectMap1G:     4194304 kB
---SNAPSHOT---
2026-04-27 15:18:44
MemTotal:        8129240 kB
MemFree:         5261560 kB
MemAvailable:    5455100 kB
Buffers:            5288 kB
Cached:           286928 kB
SwapCached:       136636 kB
Active:          1523512 kB
Inactive:         599172 kB
Active(anon):    1424548 kB
Inactive(anon):   443184 kB
Active(file):      98964 kB
Inactive(file):   155988 kB
Unevictable:           0 kB
Mlocked:               0 kB
SwapTotal:       4194300 kB
SwapFree:        3920156 kB
Zswap:                 0 kB
Zswapped:              0 kB
Dirty:               552 kB
Writeback:             0 kB
AnonPages:       1697032 kB
Mapped:           247728 kB
Shmem:             37304 kB
KReclaimable:      55484 kB
Slab:             282704 kB
SReclaimable:      55484 kB
SUnreclaim:       227220 kB
KernelStack:       18192 kB
PageTables:        45576 kB
SecPageTables:         0 kB
NFS_Unstable:          0 kB
Bounce:                0 kB
WritebackTmp:          0 kB
CommitLimit:     8258920 kB
Committed_AS:    8753564 kB
VmallocTotal:   34359738367 kB
VmallocUsed:       46376 kB
VmallocChunk:          0 kB
Percpu:            13280 kB
HardwareCorrupted:     0 kB
AnonHugePages:    212992 kB
ShmemHugePages:        0 kB
ShmemPmdMapped:        0 kB
FileHugePages:         0 kB
FilePmdMapped:         0 kB
CmaTotal:              0 kB
CmaFree:               0 kB
Unaccepted:            0 kB
Balloon:               0 kB
HugePages_Total:       0
HugePages_Free:        0
HugePages_Rsvd:        0
HugePages_Surp:        0
Hugepagesize:       2048 kB
Hugetlb:               0 kB
DirectMap4k:      194432 kB
DirectMap2M:     6096896 kB
DirectMap1G:     4194304 kB
---SNAPSHOT---
2026-04-27 15:18:45
MemTotal:        8129240 kB
MemFree:         5284108 kB
MemAvailable:    5481840 kB
Buffers:            5692 kB
Cached:           291016 kB
SwapCached:       136636 kB
Active:          1527152 kB
Inactive:         599488 kB
Active(anon):    1424312 kB
Inactive(anon):   443184 kB
Active(file):     102840 kB
Inactive(file):   156304 kB
Unevictable:           0 kB
Mlocked:               0 kB
SwapTotal:       4194300 kB
SwapFree:        3920156 kB
Zswap:                 0 kB
Zswapped:              0 kB
Dirty:               560 kB
Writeback:             0 kB
AnonPages:       1696764 kB
Mapped:           248184 kB
Shmem:             37304 kB
KReclaimable:      55484 kB
Slab:             282704 kB
SReclaimable:      55484 kB
SUnreclaim:       227220 kB
KernelStack:       18096 kB
PageTables:        45448 kB
SecPageTables:         0 kB
NFS_Unstable:          0 kB
Bounce:                0 kB
WritebackTmp:          0 kB
CommitLimit:     8258920 kB
Committed_AS:    8761296 kB
VmallocTotal:   34359738367 kB
VmallocUsed:       46392 kB
VmallocChunk:          0 kB
Percpu:            13280 kB
HardwareCorrupted:     0 kB
AnonHugePages:    212992 kB
ShmemHugePages:        0 kB
ShmemPmdMapped:        0 kB
FileHugePages:         0 kB
FilePmdMapped:         0 kB
CmaTotal:              0 kB
CmaFree:               0 kB
Unaccepted:            0 kB
Balloon:               0 kB
HugePages_Total:       0
HugePages_Free:        0
HugePages_Rsvd:        0
HugePages_Surp:        0
Hugepagesize:       2048 kB
Hugetlb:               0 kB
DirectMap4k:      194432 kB
DirectMap2M:     6096896 kB
DirectMap1G:     4194304 kB
---SNAPSHOT---
2026-04-27 15:18:46
MemTotal:        8129240 kB
MemFree:         4423252 kB
MemAvailable:    4628084 kB
Buffers:            5692 kB
Cached:           314972 kB
SwapCached:       136636 kB
Active:          2400212 kB
Inactive:         599800 kB
Active(anon):    2290584 kB
Inactive(anon):   443184 kB
Active(file):     109628 kB
Inactive(file):   156616 kB
Unevictable:          16 kB
Mlocked:              16 kB
SwapTotal:       4194300 kB
SwapFree:        3920156 kB
Zswap:                 0 kB
Zswapped:              0 kB
Dirty:               636 kB
Writeback:             0 kB
AnonPages:       2546168 kB
Mapped:           268692 kB
Shmem:             54452 kB
KReclaimable:      55484 kB
Slab:             282732 kB
SReclaimable:      55484 kB
SUnreclaim:       227248 kB
KernelStack:       18380 kB
PageTables:        47848 kB
SecPageTables:         0 kB
NFS_Unstable:          0 kB
Bounce:                0 kB
WritebackTmp:          0 kB
CommitLimit:     8258920 kB
Committed_AS:   11409448 kB
VmallocTotal:   34359738367 kB
VmallocUsed:       46536 kB
VmallocChunk:          0 kB
Percpu:            13280 kB
HardwareCorrupted:     0 kB
AnonHugePages:    212992 kB
ShmemHugePages:        0 kB
ShmemPmdMapped:        0 kB
FileHugePages:         0 kB
FilePmdMapped:         0 kB
CmaTotal:              0 kB
CmaFree:               0 kB
Unaccepted:            0 kB
Balloon:               0 kB
HugePages_Total:       0
HugePages_Free:        0
HugePages_Rsvd:        0
HugePages_Surp:        0
Hugepagesize:       2048 kB
Hugetlb:               0 kB
DirectMap4k:      194432 kB
DirectMap2M:     6096896 kB
DirectMap1G:     4194304 kB
---SNAPSHOT---
2026-04-27 15:18:47
MemTotal:        8129240 kB
MemFree:         3516028 kB
MemAvailable:    3720868 kB
Buffers:            5692 kB
Cached:           314980 kB
SwapCached:       136636 kB
Active:          3302380 kB
Inactive:         599808 kB
Active(anon):    3192752 kB
Inactive(anon):   443184 kB
Active(file):     109628 kB
Inactive(file):   156624 kB
Unevictable:          16 kB
Mlocked:              16 kB
SwapTotal:       4194300 kB
SwapFree:        3920156 kB
Zswap:                 0 kB
Zswapped:              0 kB
Dirty:               644 kB
Writeback:             0 kB
AnonPages:       3447712 kB
Mapped:           268692 kB
Shmem:             54452 kB
KReclaimable:      55484 kB
Slab:             282732 kB
SReclaimable:      55484 kB
SUnreclaim:       227248 kB
KernelStack:       18364 kB
PageTables:        49528 kB
SecPageTables:         0 kB
NFS_Unstable:          0 kB
Bounce:                0 kB
WritebackTmp:          0 kB
CommitLimit:     8258920 kB
Committed_AS:   11409528 kB
VmallocTotal:   34359738367 kB
VmallocUsed:       46616 kB
VmallocChunk:          0 kB
Percpu:            13280 kB
HardwareCorrupted:     0 kB
AnonHugePages:    212992 kB
ShmemHugePages:        0 kB
ShmemPmdMapped:        0 kB
FileHugePages:         0 kB
FilePmdMapped:         0 kB
CmaTotal:              0 kB
CmaFree:               0 kB
Unaccepted:            0 kB
Balloon:               0 kB
HugePages_Total:       0
HugePages_Free:        0
HugePages_Rsvd:        0
HugePages_Surp:        0
Hugepagesize:       2048 kB
Hugetlb:               0 kB
DirectMap4k:      194432 kB
DirectMap2M:     6096896 kB
DirectMap1G:     4194304 kB
---SNAPSHOT---
2026-04-27 15:18:48
MemTotal:        8129240 kB
MemFree:         4353320 kB
MemAvailable:    4558164 kB
Buffers:            5692 kB
Cached:           314984 kB
SwapCached:       197512 kB
Active:          2184284 kB
Inactive:         659548 kB
Active(anon):    2074656 kB
Inactive(anon):   502920 kB
Active(file):     109628 kB
Inactive(file):   156628 kB
Unevictable:          16 kB
Mlocked:              16 kB
SwapTotal:       4194300 kB
SwapFree:        3859212 kB
Zswap:                 0 kB
Zswapped:              0 kB
Dirty:               648 kB
Writeback:           912 kB
AnonPages:       2331224 kB
Mapped:           268920 kB
Shmem:             54452 kB
KReclaimable:      55484 kB
Slab:             282716 kB
SReclaimable:      55484 kB
SUnreclaim:       227232 kB
KernelStack:       18364 kB
PageTables:        47912 kB
SecPageTables:         0 kB
NFS_Unstable:          0 kB
Bounce:                0 kB
WritebackTmp:          0 kB
CommitLimit:     8258920 kB
Committed_AS:   11409568 kB
VmallocTotal:   34359738367 kB
VmallocUsed:       46616 kB
VmallocChunk:          0 kB
Percpu:            13280 kB
HardwareCorrupted:     0 kB
AnonHugePages:    212992 kB
ShmemHugePages:        0 kB
ShmemPmdMapped:        0 kB
FileHugePages:         0 kB
FilePmdMapped:         0 kB
CmaTotal:              0 kB
CmaFree:               0 kB
Unaccepted:            0 kB
Balloon:               0 kB
HugePages_Total:       0
HugePages_Free:        0
HugePages_Rsvd:        0
HugePages_Surp:        0
Hugepagesize:       2048 kB
Hugetlb:               0 kB
DirectMap4k:      194432 kB
DirectMap2M:     6096896 kB
DirectMap1G:     4194304 kB
---SNAPSHOT---
2026-04-27 15:18:49
MemTotal:        8129240 kB
MemFree:         4243944 kB
MemAvailable:    4448792 kB
Buffers:            5700 kB
Cached:           314980 kB
SwapCached:       288544 kB
Active:          2303976 kB
Inactive:         751788 kB
Active(anon):    2194348 kB
Inactive(anon):   595156 kB
Active(file):     109628 kB
Inactive(file):   156632 kB
Unevictable:          16 kB
Mlocked:              16 kB
SwapTotal:       4194300 kB
SwapFree:        3768252 kB
Zswap:                 0 kB
Zswapped:              0 kB
Dirty:               652 kB
Writeback:            32 kB
AnonPages:       2449896 kB
Mapped:           268692 kB
Shmem:             54452 kB
KReclaimable:      55484 kB
Slab:             282796 kB
SReclaimable:      55484 kB
SUnreclaim:       227312 kB
KernelStack:       18412 kB
PageTables:        49052 kB
SecPageTables:         0 kB
NFS_Unstable:          0 kB
Bounce:                0 kB
WritebackTmp:          0 kB
CommitLimit:     8258920 kB
Committed_AS:   11410488 kB
VmallocTotal:   34359738367 kB
VmallocUsed:       46680 kB
VmallocChunk:          0 kB
Percpu:            13280 kB
HardwareCorrupted:     0 kB
AnonHugePages:    212992 kB
ShmemHugePages:        0 kB
ShmemPmdMapped:        0 kB
FileHugePages:         0 kB
FilePmdMapped:         0 kB
CmaTotal:              0 kB
CmaFree:               0 kB
Unaccepted:            0 kB
Balloon:               0 kB
HugePages_Total:       0
HugePages_Free:        0
HugePages_Rsvd:        0
HugePages_Surp:        0
Hugepagesize:       2048 kB
Hugetlb:               0 kB
DirectMap4k:      194432 kB
DirectMap2M:     6096896 kB
DirectMap1G:     4194304 kB
---SNAPSHOT---
2026-04-27 15:18:50
MemTotal:        8129240 kB
MemFree:         3512704 kB
MemAvailable:    3717568 kB
Buffers:            5700 kB
Cached:           314996 kB
SwapCached:       136636 kB
Active:          3228848 kB
Inactive:         599832 kB
Active(anon):    3119220 kB
Inactive(anon):   443184 kB
Active(file):     109628 kB
Inactive(file):   156648 kB
Unevictable:          16 kB
Mlocked:              16 kB
SwapTotal:       4194300 kB
SwapFree:        3920156 kB
Zswap:                 0 kB
Zswapped:              0 kB
Dirty:               660 kB
Writeback:             0 kB
AnonPages:       3374988 kB
Mapped:           268692 kB
Shmem:             54452 kB
KReclaimable:      55484 kB
Slab:             282700 kB
SReclaimable:      55484 kB
SUnreclaim:       227216 kB
KernelStack:       18364 kB
PageTables:        49328 kB
SecPageTables:         0 kB
NFS_Unstable:          0 kB
Bounce:                0 kB
WritebackTmp:          0 kB
CommitLimit:     8258920 kB
Committed_AS:   11409448 kB
VmallocTotal:   34359738367 kB
VmallocUsed:       46632 kB
VmallocChunk:          0 kB
Percpu:            13280 kB
HardwareCorrupted:     0 kB
AnonHugePages:    212992 kB
ShmemHugePages:        0 kB
ShmemPmdMapped:        0 kB
FileHugePages:         0 kB
FilePmdMapped:         0 kB
CmaTotal:              0 kB
CmaFree:               0 kB
Unaccepted:            0 kB
Balloon:               0 kB
HugePages_Total:       0
HugePages_Free:        0
HugePages_Rsvd:        0
HugePages_Surp:        0
Hugepagesize:       2048 kB
Hugetlb:               0 kB
DirectMap4k:      194432 kB
DirectMap2M:     6096896 kB
DirectMap1G:     4194304 kB
---SNAPSHOT---
2026-04-27 15:18:51
MemTotal:        8129240 kB
MemFree:         4555616 kB
MemAvailable:    4762036 kB
Buffers:            5700 kB
Cached:           315004 kB
SwapCached:       136636 kB
Active:          2196556 kB
Inactive:         599836 kB
Active(anon):    2086928 kB
Inactive(anon):   443184 kB
Active(file):     109628 kB
Inactive(file):   156652 kB
Unevictable:          16 kB
Mlocked:              16 kB
SwapTotal:       4194300 kB
SwapFree:        3920156 kB
Zswap:                 0 kB
Zswapped:              0 kB
Dirty:               664 kB
Writeback:             0 kB
AnonPages:       2342120 kB
Mapped:           268692 kB
Shmem:             54452 kB
KReclaimable:      57036 kB
Slab:             284252 kB
SReclaimable:      57036 kB
SUnreclaim:       227216 kB
KernelStack:       18364 kB
PageTables:        47720 kB
SecPageTables:         0 kB
NFS_Unstable:          0 kB
Bounce:                0 kB
WritebackTmp:          0 kB
CommitLimit:     8258920 kB
Committed_AS:   11409340 kB
VmallocTotal:   34359738367 kB
VmallocUsed:       46616 kB
VmallocChunk:          0 kB
Percpu:            13280 kB
HardwareCorrupted:     0 kB
AnonHugePages:    212992 kB
ShmemHugePages:        0 kB
ShmemPmdMapped:        0 kB
FileHugePages:         0 kB
FilePmdMapped:         0 kB
CmaTotal:              0 kB
CmaFree:               0 kB
Unaccepted:            0 kB
Balloon:               0 kB
HugePages_Total:       0
HugePages_Free:        0
HugePages_Rsvd:        0
HugePages_Surp:        0
Hugepagesize:       2048 kB
Hugetlb:               0 kB
DirectMap4k:      194432 kB
DirectMap2M:     6096896 kB
DirectMap1G:     4194304 kB
---SNAPSHOT---
2026-04-27 15:18:52
MemTotal:        8129240 kB
MemFree:         3679428 kB
MemAvailable:    3885856 kB
Buffers:            5700 kB
Cached:           315012 kB
SwapCached:       209640 kB
Active:          3030416 kB
Inactive:         651452 kB
Active(anon):    2920788 kB
Inactive(anon):   494792 kB
Active(file):     109628 kB
Inactive(file):   156660 kB
Unevictable:          16 kB
Mlocked:              16 kB
SwapTotal:       4194300 kB
SwapFree:        3846940 kB
Zswap:                 0 kB
Zswapped:              0 kB
Dirty:               672 kB
Writeback:         21348 kB
AnonPages:       3155720 kB
Mapped:           268692 kB
Shmem:             54452 kB
KReclaimable:      57036 kB
Slab:             285420 kB
SReclaimable:      57036 kB
SUnreclaim:       228384 kB
KernelStack:       18364 kB
PageTables:        49120 kB
SecPageTables:         0 kB
NFS_Unstable:          0 kB
Bounce:                0 kB
WritebackTmp:          0 kB
CommitLimit:     8258920 kB
Committed_AS:   11409432 kB
VmallocTotal:   34359738367 kB
VmallocUsed:       46568 kB
VmallocChunk:          0 kB
Percpu:            13280 kB
HardwareCorrupted:     0 kB
AnonHugePages:    212992 kB
ShmemHugePages:        0 kB
ShmemPmdMapped:        0 kB
FileHugePages:         0 kB
FilePmdMapped:         0 kB
CmaTotal:              0 kB
CmaFree:               0 kB
Unaccepted:            0 kB
Balloon:               0 kB
HugePages_Total:       0
HugePages_Free:        0
HugePages_Rsvd:        0
HugePages_Surp:        0
Hugepagesize:       2048 kB
Hugetlb:               0 kB
DirectMap4k:      194432 kB
DirectMap2M:     6096896 kB
DirectMap1G:     4194304 kB
---SNAPSHOT---
2026-04-27 15:18:53
MemTotal:        8129240 kB
MemFree:         2999744 kB
MemAvailable:    3206180 kB
Buffers:            5700 kB
Cached:           315016 kB
SwapCached:       212928 kB
Active:          3721684 kB
Inactive:         663240 kB
Active(anon):    3612056 kB
Inactive(anon):   506572 kB
Active(file):     109628 kB
Inactive(file):   156668 kB
Unevictable:          16 kB
Mlocked:              16 kB
SwapTotal:       4194300 kB
SwapFree:        3843864 kB
Zswap:                 0 kB
Zswapped:              0 kB
Dirty:               676 kB
Writeback:         12860 kB
AnonPages:       3856532 kB
Mapped:           268692 kB
Shmem:             54452 kB
KReclaimable:      57036 kB
Slab:             285084 kB
SReclaimable:      57036 kB
SUnreclaim:       228048 kB
KernelStack:       18304 kB
PageTables:        50500 kB
SecPageTables:         0 kB
NFS_Unstable:          0 kB
Bounce:                0 kB
WritebackTmp:          0 kB
CommitLimit:     8258920 kB
Committed_AS:   11408952 kB
VmallocTotal:   34359738367 kB
VmallocUsed:       46584 kB
VmallocChunk:          0 kB
Percpu:            13280 kB
HardwareCorrupted:     0 kB
AnonHugePages:    212992 kB
ShmemHugePages:        0 kB
ShmemPmdMapped:        0 kB
FileHugePages:         0 kB
FilePmdMapped:         0 kB
CmaTotal:              0 kB
CmaFree:               0 kB
Unaccepted:            0 kB
Balloon:               0 kB
HugePages_Total:       0
HugePages_Free:        0
HugePages_Rsvd:        0
HugePages_Surp:        0
Hugepagesize:       2048 kB
Hugetlb:               0 kB
DirectMap4k:      194432 kB
DirectMap2M:     6096896 kB
DirectMap1G:     4194304 kB
---SNAPSHOT---
2026-04-27 15:18:57
MemTotal:        8129240 kB
MemFree:         4237568 kB
MemAvailable:    4444016 kB
Buffers:            5852 kB
Cached:           314880 kB
SwapCached:       313280 kB
Active:          2355520 kB
Inactive:         771616 kB
Active(anon):    2245892 kB
Inactive(anon):   614936 kB
Active(file):     109628 kB
Inactive(file):   156680 kB
Unevictable:          16 kB
Mlocked:              16 kB
SwapTotal:       4194300 kB
SwapFree:        3743512 kB
Zswap:                 0 kB
Zswapped:              0 kB
Dirty:               680 kB
Writeback:          4776 kB
AnonPages:       2498512 kB
Mapped:           268792 kB
Shmem:             54452 kB
KReclaimable:      57036 kB
Slab:             284692 kB
SReclaimable:      57036 kB
SUnreclaim:       227656 kB
KernelStack:       18304 kB
PageTables:        48816 kB
SecPageTables:         0 kB
NFS_Unstable:          0 kB
Bounce:                0 kB
WritebackTmp:          0 kB
CommitLimit:     8258920 kB
Committed_AS:   11409432 kB
VmallocTotal:   34359738367 kB
VmallocUsed:       46568 kB
VmallocChunk:          0 kB
Percpu:            13280 kB
HardwareCorrupted:     0 kB
AnonHugePages:    212992 kB
ShmemHugePages:        0 kB
ShmemPmdMapped:        0 kB
FileHugePages:         0 kB
FilePmdMapped:         0 kB
CmaTotal:              0 kB
CmaFree:               0 kB
Unaccepted:            0 kB
Balloon:               0 kB
HugePages_Total:       0
HugePages_Free:        0
HugePages_Rsvd:        0
HugePages_Surp:        0
Hugepagesize:       2048 kB
Hugetlb:               0 kB
DirectMap4k:      194432 kB
DirectMap2M:     6096896 kB
DirectMap1G:     4194304 kB
---SNAPSHOT---
2026-04-27 15:18:58
MemTotal:        8129240 kB
MemFree:         3572436 kB
MemAvailable:    3779032 kB
Buffers:            5852 kB
Cached:           315028 kB
SwapCached:       761184 kB
Active:          2596896 kB
Inactive:        1202008 kB
Active(anon):    2487268 kB
Inactive(anon):  1045180 kB
Active(file):     109628 kB
Inactive(file):   156828 kB
Unevictable:          16 kB
Mlocked:              16 kB
SwapTotal:       4194300 kB
SwapFree:        3295512 kB
Zswap:                 0 kB
Zswapped:              0 kB
Dirty:               688 kB
Writeback:         22756 kB
AnonPages:       2722040 kB
Mapped:           268920 kB
Shmem:             54452 kB
KReclaimable:      57036 kB
Slab:             285684 kB
SReclaimable:      57036 kB
SUnreclaim:       228648 kB
KernelStack:       18364 kB
PageTables:        50472 kB
SecPageTables:         0 kB
NFS_Unstable:          0 kB
Bounce:                0 kB
WritebackTmp:          0 kB
CommitLimit:     8258920 kB
Committed_AS:   11409336 kB
VmallocTotal:   34359738367 kB
VmallocUsed:       46600 kB
VmallocChunk:          0 kB
Percpu:            13280 kB
HardwareCorrupted:     0 kB
AnonHugePages:    212992 kB
ShmemHugePages:        0 kB
ShmemPmdMapped:        0 kB
FileHugePages:         0 kB
FilePmdMapped:         0 kB
CmaTotal:              0 kB
CmaFree:               0 kB
Unaccepted:            0 kB
Balloon:               0 kB
HugePages_Total:       0
HugePages_Free:        0
HugePages_Rsvd:        0
HugePages_Surp:        0
Hugepagesize:       2048 kB
Hugetlb:               0 kB
DirectMap4k:      194432 kB
DirectMap2M:     6096896 kB
DirectMap1G:     4194304 kB
---SNAPSHOT---
2026-04-27 15:18:59
MemTotal:        8129240 kB
MemFree:         3403152 kB
MemAvailable:    3609884 kB
Buffers:            5984 kB
Cached:           315032 kB
SwapCached:       136744 kB
Active:          3391896 kB
Inactive:         600360 kB
Active(anon):    3282268 kB
Inactive(anon):   443396 kB
Active(file):     109628 kB
Inactive(file):   156964 kB
Unevictable:          16 kB
Mlocked:              16 kB
SwapTotal:       4194300 kB
SwapFree:        3920156 kB
Zswap:                 0 kB
Zswapped:              0 kB
Dirty:               692 kB
Writeback:             0 kB
AnonPages:       3537448 kB
Mapped:           268692 kB
Shmem:             54452 kB
KReclaimable:      57036 kB
Slab:             284452 kB
SReclaimable:      57036 kB
SUnreclaim:       227416 kB
KernelStack:       18364 kB
PageTables:        50004 kB
SecPageTables:         0 kB
NFS_Unstable:          0 kB
Bounce:                0 kB
WritebackTmp:          0 kB
CommitLimit:     8258920 kB
Committed_AS:   11409456 kB
VmallocTotal:   34359738367 kB
VmallocUsed:       46584 kB
VmallocChunk:          0 kB
Percpu:            13280 kB
HardwareCorrupted:     0 kB
AnonHugePages:    212992 kB
ShmemHugePages:        0 kB
ShmemPmdMapped:        0 kB
FileHugePages:         0 kB
FilePmdMapped:         0 kB
CmaTotal:              0 kB
CmaFree:               0 kB
Unaccepted:            0 kB
Balloon:               0 kB
HugePages_Total:       0
HugePages_Free:        0
HugePages_Rsvd:        0
HugePages_Surp:        0
Hugepagesize:       2048 kB
Hugetlb:               0 kB
DirectMap4k:      194432 kB
DirectMap2M:     6096896 kB
DirectMap1G:     4194304 kB
---SNAPSHOT---
2026-04-27 15:19:00
MemTotal:        8129240 kB
MemFree:         3522104 kB
MemAvailable:    3728848 kB
Buffers:            5992 kB
Cached:           315040 kB
SwapCached:       330980 kB
Active:          3084932 kB
Inactive:         793456 kB
Active(anon):    2975304 kB
Inactive(anon):   636480 kB
Active(file):     109628 kB
Inactive(file):   156976 kB
Unevictable:          16 kB
Mlocked:              16 kB
SwapTotal:       4194300 kB
SwapFree:        3725752 kB
Zswap:                 0 kB
Zswapped:              0 kB
Dirty:               704 kB
Writeback:           176 kB
AnonPages:       3233404 kB
Mapped:           268692 kB
Shmem:             54452 kB
KReclaimable:      57036 kB
Slab:             284220 kB
SReclaimable:      57036 kB
SUnreclaim:       227184 kB
KernelStack:       18304 kB
PageTables:        50040 kB
SecPageTables:         0 kB
NFS_Unstable:          0 kB
Bounce:                0 kB
WritebackTmp:          0 kB
CommitLimit:     8258920 kB
Committed_AS:   11409676 kB
VmallocTotal:   34359738367 kB
VmallocUsed:       46568 kB
VmallocChunk:          0 kB
Percpu:            13280 kB
HardwareCorrupted:     0 kB
AnonHugePages:    212992 kB
ShmemHugePages:        0 kB
ShmemPmdMapped:        0 kB
FileHugePages:         0 kB
FilePmdMapped:         0 kB
CmaTotal:              0 kB
CmaFree:               0 kB
Unaccepted:            0 kB
Balloon:               0 kB
HugePages_Total:       0
HugePages_Free:        0
HugePages_Rsvd:        0
HugePages_Surp:        0
Hugepagesize:       2048 kB
Hugetlb:               0 kB
DirectMap4k:      194432 kB
DirectMap2M:     6096896 kB
DirectMap1G:     4194304 kB
---SNAPSHOT---
2026-04-27 15:19:01
MemTotal:        8129240 kB
MemFree:         3097712 kB
MemAvailable:    3304720 kB
Buffers:            6252 kB
Cached:           315044 kB
SwapCached:       538172 kB
Active:          3330112 kB
Inactive:        1000464 kB
Active(anon):    3220484 kB
Inactive(anon):   843224 kB
Active(file):     109628 kB
Inactive(file):   157240 kB
Unevictable:          16 kB
Mlocked:              16 kB
SwapTotal:       4194300 kB
SwapFree:        3518620 kB
Zswap:                 0 kB
Zswapped:              0 kB
Dirty:               708 kB
Writeback:           264 kB
AnonPages:       3478576 kB
Mapped:           268692 kB
Shmem:             54452 kB
KReclaimable:      57036 kB
Slab:             284196 kB
SReclaimable:      57036 kB
SUnreclaim:       227160 kB
KernelStack:       18380 kB
PageTables:        50424 kB
SecPageTables:         0 kB
NFS_Unstable:          0 kB
Bounce:                0 kB
WritebackTmp:          0 kB
CommitLimit:     8258920 kB
Committed_AS:   11409184 kB
VmallocTotal:   34359738367 kB
VmallocUsed:       46616 kB
VmallocChunk:          0 kB
Percpu:            13280 kB
HardwareCorrupted:     0 kB
AnonHugePages:    212992 kB
ShmemHugePages:        0 kB
ShmemPmdMapped:        0 kB
FileHugePages:         0 kB
FilePmdMapped:         0 kB
CmaTotal:              0 kB
CmaFree:               0 kB
Unaccepted:            0 kB
Balloon:               0 kB
HugePages_Total:       0
HugePages_Free:        0
HugePages_Rsvd:        0
HugePages_Surp:        0
Hugepagesize:       2048 kB
Hugetlb:               0 kB
DirectMap4k:      194432 kB
DirectMap2M:     6096896 kB
DirectMap1G:     4194304 kB
---SNAPSHOT---
2026-04-27 15:19:02
MemTotal:        8129240 kB
MemFree:         3322620 kB
MemAvailable:    3529640 kB
Buffers:            6252 kB
Cached:           315048 kB
SwapCached:       644740 kB
Active:          3020344 kB
Inactive:        1105164 kB
Active(anon):    2910716 kB
Inactive(anon):   947912 kB
Active(file):     109628 kB
Inactive(file):   157252 kB
Unevictable:          16 kB
Mlocked:              16 kB
SwapTotal:       4194300 kB
SwapFree:        3412044 kB
Zswap:                 0 kB
Zswapped:              0 kB
Dirty:               712 kB
Writeback:           344 kB
AnonPages:       3166556 kB
Mapped:           268692 kB
Shmem:             54452 kB
KReclaimable:      57036 kB
Slab:             284204 kB
SReclaimable:      57036 kB
SUnreclaim:       227168 kB
KernelStack:       18364 kB
PageTables:        50508 kB
SecPageTables:         0 kB
NFS_Unstable:          0 kB
Bounce:                0 kB
WritebackTmp:          0 kB
CommitLimit:     8258920 kB
Committed_AS:   11409704 kB
VmallocTotal:   34359738367 kB
VmallocUsed:       46584 kB
VmallocChunk:          0 kB
Percpu:            13280 kB
HardwareCorrupted:     0 kB
AnonHugePages:    212992 kB
ShmemHugePages:        0 kB
ShmemPmdMapped:        0 kB
FileHugePages:         0 kB
FilePmdMapped:         0 kB
CmaTotal:              0 kB
CmaFree:               0 kB
Unaccepted:            0 kB
Balloon:               0 kB
HugePages_Total:       0
HugePages_Free:        0
HugePages_Rsvd:        0
HugePages_Surp:        0
Hugepagesize:       2048 kB
Hugetlb:               0 kB
DirectMap4k:      194432 kB
DirectMap2M:     6096896 kB
DirectMap1G:     4194304 kB
---SNAPSHOT---
2026-04-27 15:19:03
MemTotal:        8129240 kB
MemFree:         3546864 kB
MemAvailable:    3753892 kB
Buffers:            6252 kB
Cached:           315056 kB
SwapCached:       845284 kB
Active:          2599564 kB
Inactive:        1307812 kB
Active(anon):    2489936 kB
Inactive(anon):  1150552 kB
Active(file):     109628 kB
Inactive(file):   157260 kB
Unevictable:          16 kB
Mlocked:              16 kB
SwapTotal:       4194300 kB
SwapFree:        3211452 kB
Zswap:                 0 kB
Zswapped:              0 kB
Dirty:               720 kB
Writeback:           272 kB
AnonPages:       2748316 kB
Mapped:           268692 kB
Shmem:             54452 kB
KReclaimable:      57036 kB
Slab:             284220 kB
SReclaimable:      57036 kB
SUnreclaim:       227184 kB
KernelStack:       18288 kB
PageTables:        49832 kB
SecPageTables:         0 kB
NFS_Unstable:          0 kB
Bounce:                0 kB
WritebackTmp:          0 kB
CommitLimit:     8258920 kB
Committed_AS:   11409784 kB
VmallocTotal:   34359738367 kB
VmallocUsed:       46568 kB
VmallocChunk:          0 kB
Percpu:            13280 kB
HardwareCorrupted:     0 kB
AnonHugePages:    212992 kB
ShmemHugePages:        0 kB
ShmemPmdMapped:        0 kB
FileHugePages:         0 kB
FilePmdMapped:         0 kB
CmaTotal:              0 kB
CmaFree:               0 kB
Unaccepted:            0 kB
Balloon:               0 kB
HugePages_Total:       0
HugePages_Free:        0
HugePages_Rsvd:        0
HugePages_Surp:        0
Hugepagesize:       2048 kB
Hugetlb:               0 kB
DirectMap4k:      194432 kB
DirectMap2M:     6096896 kB
DirectMap1G:     4194304 kB
---SNAPSHOT---
2026-04-27 15:19:04
MemTotal:        8129240 kB
MemFree:         3111624 kB
MemAvailable:    3318656 kB
Buffers:            6252 kB
Cached:           315060 kB
SwapCached:      1013488 kB
Active:          2875448 kB
Inactive:        1473656 kB
Active(anon):    2765820 kB
Inactive(anon):  1316392 kB
Active(file):     109628 kB
Inactive(file):   157264 kB
Unevictable:          16 kB
Mlocked:              16 kB
SwapTotal:       4194300 kB
SwapFree:        3043304 kB
Zswap:                 0 kB
Zswapped:              0 kB
Dirty:               724 kB
Writeback:           312 kB
AnonPages:       3021948 kB
Mapped:           268692 kB
Shmem:             54452 kB
KReclaimable:      57036 kB
Slab:             284228 kB
SReclaimable:      57036 kB
SUnreclaim:       227192 kB
KernelStack:       18364 kB
PageTables:        50692 kB
SecPageTables:         0 kB
NFS_Unstable:          0 kB
Bounce:                0 kB
WritebackTmp:          0 kB
CommitLimit:     8258920 kB
Committed_AS:   11409460 kB
VmallocTotal:   34359738367 kB
VmallocUsed:       46632 kB
VmallocChunk:          0 kB
Percpu:            13280 kB
HardwareCorrupted:     0 kB
AnonHugePages:    212992 kB
ShmemHugePages:        0 kB
ShmemPmdMapped:        0 kB
FileHugePages:         0 kB
FilePmdMapped:         0 kB
CmaTotal:              0 kB
CmaFree:               0 kB
Unaccepted:            0 kB
Balloon:               0 kB
HugePages_Total:       0
HugePages_Free:        0
HugePages_Rsvd:        0
HugePages_Surp:        0
Hugepagesize:       2048 kB
Hugetlb:               0 kB
DirectMap4k:      194432 kB
DirectMap2M:     6096896 kB
DirectMap1G:     4194304 kB
---SNAPSHOT---
2026-04-27 15:19:05
MemTotal:        8129240 kB
MemFree:         3340076 kB
MemAvailable:    3547124 kB
Buffers:            6260 kB
Cached:           315072 kB
SwapCached:      1226424 kB
Active:          2430276 kB
Inactive:        1688564 kB
Active(anon):    2320648 kB
Inactive(anon):  1531284 kB
Active(file):     109628 kB
Inactive(file):   157280 kB
Unevictable:          16 kB
Mlocked:              16 kB
SwapTotal:       4194300 kB
SwapFree:        2830512 kB
Zswap:                 0 kB
Zswapped:              0 kB
Dirty:               736 kB
Writeback:           388 kB
AnonPages:       2576816 kB
Mapped:           268692 kB
Shmem:             54452 kB
KReclaimable:      57036 kB
Slab:             284252 kB
SReclaimable:      57036 kB
SUnreclaim:       227216 kB
KernelStack:       18364 kB
PageTables:        50120 kB
SecPageTables:         0 kB
NFS_Unstable:          0 kB
Bounce:                0 kB
WritebackTmp:          0 kB
CommitLimit:     8258920 kB
Committed_AS:   11409460 kB
VmallocTotal:   34359738367 kB
VmallocUsed:       46584 kB
VmallocChunk:          0 kB
Percpu:            13280 kB
HardwareCorrupted:     0 kB
AnonHugePages:    212992 kB
ShmemHugePages:        0 kB
ShmemPmdMapped:        0 kB
FileHugePages:         0 kB
FilePmdMapped:         0 kB
CmaTotal:              0 kB
CmaFree:               0 kB
Unaccepted:            0 kB
Balloon:               0 kB
HugePages_Total:       0
HugePages_Free:        0
HugePages_Rsvd:        0
HugePages_Surp:        0
Hugepagesize:       2048 kB
Hugetlb:               0 kB
DirectMap4k:      194432 kB
DirectMap2M:     6096896 kB
DirectMap1G:     4194304 kB
---SNAPSHOT---
2026-04-27 15:19:06
MemTotal:        8129240 kB
MemFree:         4073788 kB
MemAvailable:    4280844 kB
Buffers:            6260 kB
Cached:           315076 kB
SwapCached:       136860 kB
Active:          2800040 kB
Inactive:         600748 kB
Active(anon):    2690412 kB
Inactive(anon):   443460 kB
Active(file):     109628 kB
Inactive(file):   157288 kB
Unevictable:          16 kB
Mlocked:              16 kB
SwapTotal:       4194300 kB
SwapFree:        3920156 kB
Zswap:                 0 kB
Zswapped:              0 kB
Dirty:               740 kB
Writeback:           156 kB
AnonPages:       2945340 kB
Mapped:           268692 kB
Shmem:             54452 kB
KReclaimable:      57036 kB
Slab:             284436 kB
SReclaimable:      57036 kB
SUnreclaim:       227400 kB
KernelStack:       18304 kB
PageTables:        48748 kB
SecPageTables:         0 kB
NFS_Unstable:          0 kB
Bounce:                0 kB
WritebackTmp:          0 kB
CommitLimit:     8258920 kB
Committed_AS:   11409788 kB
VmallocTotal:   34359738367 kB
VmallocUsed:       46584 kB
VmallocChunk:          0 kB
Percpu:            13280 kB
HardwareCorrupted:     0 kB
AnonHugePages:    212992 kB
ShmemHugePages:        0 kB
ShmemPmdMapped:        0 kB
FileHugePages:         0 kB
FilePmdMapped:         0 kB
CmaTotal:              0 kB
CmaFree:               0 kB
Unaccepted:            0 kB
Balloon:               0 kB
HugePages_Total:       0
HugePages_Free:        0
HugePages_Rsvd:        0
HugePages_Surp:        0
Hugepagesize:       2048 kB
Hugetlb:               0 kB
DirectMap4k:      194432 kB
DirectMap2M:     6096896 kB
DirectMap1G:     4194304 kB
---SNAPSHOT---
2026-04-27 15:19:07
MemTotal:        8129240 kB
MemFree:         3387928 kB
MemAvailable:    3594988 kB
Buffers:            6260 kB
Cached:           315080 kB
SwapCached:       136636 kB
Active:          3486480 kB
Inactive:         600476 kB
Active(anon):    3376852 kB
Inactive(anon):   443184 kB
Active(file):     109628 kB
Inactive(file):   157292 kB
Unevictable:          16 kB
Mlocked:              16 kB
SwapTotal:       4194300 kB
SwapFree:        3920156 kB
Zswap:                 0 kB
Zswapped:              0 kB
Dirty:               744 kB
Writeback:             0 kB
AnonPages:       3631648 kB
Mapped:           268692 kB
Shmem:             54452 kB
KReclaimable:      57036 kB
Slab:             284236 kB
SReclaimable:      57036 kB
SUnreclaim:       227200 kB
KernelStack:       18304 kB
PageTables:        49944 kB
SecPageTables:         0 kB
NFS_Unstable:          0 kB
Bounce:                0 kB
WritebackTmp:          0 kB
CommitLimit:     8258920 kB
Committed_AS:   11409568 kB
VmallocTotal:   34359738367 kB
VmallocUsed:       46552 kB
VmallocChunk:          0 kB
Percpu:            13280 kB
HardwareCorrupted:     0 kB
AnonHugePages:    212992 kB
ShmemHugePages:        0 kB
ShmemPmdMapped:        0 kB
FileHugePages:         0 kB
FilePmdMapped:         0 kB
CmaTotal:              0 kB
CmaFree:               0 kB
Unaccepted:            0 kB
Balloon:               0 kB
HugePages_Total:       0
HugePages_Free:        0
HugePages_Rsvd:        0
HugePages_Surp:        0
Hugepagesize:       2048 kB
Hugetlb:               0 kB
DirectMap4k:      194432 kB
DirectMap2M:     6096896 kB
DirectMap1G:     4194304 kB
---SNAPSHOT---
2026-04-27 15:19:08
MemTotal:        8129240 kB
MemFree:         3595916 kB
MemAvailable:    3802980 kB
Buffers:            6260 kB
Cached:           315088 kB
SwapCached:       136636 kB
Active:          3290536 kB
Inactive:         600480 kB
Active(anon):    3180908 kB
Inactive(anon):   443184 kB
Active(file):     109628 kB
Inactive(file):   157296 kB
Unevictable:          16 kB
Mlocked:              16 kB
SwapTotal:       4194300 kB
SwapFree:        3920156 kB
Zswap:                 0 kB
Zswapped:              0 kB
Dirty:               752 kB
Writeback:             0 kB
AnonPages:       3405044 kB
Mapped:           268692 kB
Shmem:             54452 kB
KReclaimable:      57036 kB
Slab:             284236 kB
SReclaimable:      57036 kB
SUnreclaim:       227200 kB
KernelStack:       18304 kB
PageTables:        49860 kB
SecPageTables:         0 kB
NFS_Unstable:          0 kB
Bounce:                0 kB
WritebackTmp:          0 kB
CommitLimit:     8258920 kB
Committed_AS:   11409208 kB
VmallocTotal:   34359738367 kB
VmallocUsed:       46536 kB
VmallocChunk:          0 kB
Percpu:            13280 kB
HardwareCorrupted:     0 kB
AnonHugePages:    212992 kB
ShmemHugePages:        0 kB
ShmemPmdMapped:        0 kB
FileHugePages:         0 kB
FilePmdMapped:         0 kB
CmaTotal:              0 kB
CmaFree:               0 kB
Unaccepted:            0 kB
Balloon:               0 kB
HugePages_Total:       0
HugePages_Free:        0
HugePages_Rsvd:        0
HugePages_Surp:        0
Hugepagesize:       2048 kB
Hugetlb:               0 kB
DirectMap4k:      194432 kB
DirectMap2M:     6096896 kB
DirectMap1G:     4194304 kB
---SNAPSHOT---
2026-04-27 15:19:09
MemTotal:        8129240 kB
MemFree:         4533560 kB
MemAvailable:    4740632 kB
Buffers:            6260 kB
Cached:           315092 kB
SwapCached:       136636 kB
Active:          2368876 kB
Inactive:         600488 kB
Active(anon):    2259248 kB
Inactive(anon):   443184 kB
Active(file):     109628 kB
Inactive(file):   157304 kB
Unevictable:          16 kB
Mlocked:              16 kB
SwapTotal:       4194300 kB
SwapFree:        3920156 kB
Zswap:                 0 kB
Zswapped:              0 kB
Dirty:               756 kB
Writeback:             0 kB
AnonPages:       2514752 kB
Mapped:           268920 kB
Shmem:             54452 kB
KReclaimable:      57036 kB
Slab:             284236 kB
SReclaimable:      57036 kB
SUnreclaim:       227200 kB
KernelStack:       18304 kB
PageTables:        49488 kB
SecPageTables:         0 kB
NFS_Unstable:          0 kB
Bounce:                0 kB
WritebackTmp:          0 kB
CommitLimit:     8258920 kB
Committed_AS:   11409052 kB
VmallocTotal:   34359738367 kB
VmallocUsed:       46536 kB
VmallocChunk:          0 kB
Percpu:            13280 kB
HardwareCorrupted:     0 kB
AnonHugePages:    212992 kB
ShmemHugePages:        0 kB
ShmemPmdMapped:        0 kB
FileHugePages:         0 kB
FilePmdMapped:         0 kB
CmaTotal:              0 kB
CmaFree:               0 kB
Unaccepted:            0 kB
Balloon:               0 kB
HugePages_Total:       0
HugePages_Free:        0
HugePages_Rsvd:        0
HugePages_Surp:        0
Hugepagesize:       2048 kB
Hugetlb:               0 kB
DirectMap4k:      194432 kB
DirectMap2M:     6096896 kB
DirectMap1G:     4194304 kB
---SNAPSHOT---
2026-04-27 15:19:10
MemTotal:        8129240 kB
MemFree:         3716364 kB
MemAvailable:    3923452 kB
Buffers:            6272 kB
Cached:           315096 kB
SwapCached:       136636 kB
Active:          3201780 kB
Inactive:         600504 kB
Active(anon):    3092152 kB
Inactive(anon):   443184 kB
Active(file):     109628 kB
Inactive(file):   157320 kB
Unevictable:          16 kB
Mlocked:              16 kB
SwapTotal:       4194300 kB
SwapFree:        3920156 kB
Zswap:                 0 kB
Zswapped:              0 kB
Dirty:               332 kB
Writeback:             0 kB
AnonPages:       3347632 kB
Mapped:           268692 kB
Shmem:             54452 kB
KReclaimable:      57036 kB
Slab:             284236 kB
SReclaimable:      57036 kB
SUnreclaim:       227200 kB
KernelStack:       18304 kB
PageTables:        50536 kB
SecPageTables:         0 kB
NFS_Unstable:          0 kB
Bounce:                0 kB
WritebackTmp:          0 kB
CommitLimit:     8258920 kB
Committed_AS:   11409292 kB
VmallocTotal:   34359738367 kB
VmallocUsed:       46520 kB
VmallocChunk:          0 kB
Percpu:            13280 kB
HardwareCorrupted:     0 kB
AnonHugePages:    212992 kB
ShmemHugePages:        0 kB
ShmemPmdMapped:        0 kB
FileHugePages:         0 kB
FilePmdMapped:         0 kB
CmaTotal:              0 kB
CmaFree:               0 kB
Unaccepted:            0 kB
Balloon:               0 kB
HugePages_Total:       0
HugePages_Free:        0
HugePages_Rsvd:        0
HugePages_Surp:        0
Hugepagesize:       2048 kB
Hugetlb:               0 kB
DirectMap4k:      194432 kB
DirectMap2M:     6096896 kB
DirectMap1G:     4194304 kB
---SNAPSHOT---
2026-04-27 15:19:11
MemTotal:        8129240 kB
MemFree:         3499164 kB
MemAvailable:    3706260 kB
Buffers:            6272 kB
Cached:           315104 kB
SwapCached:       136636 kB
Active:          3413124 kB
Inactive:         600512 kB
Active(anon):    3303496 kB
Inactive(anon):   443184 kB
Active(file):     109628 kB
Inactive(file):   157328 kB
Unevictable:          16 kB
Mlocked:              16 kB
SwapTotal:       4194300 kB
SwapFree:        3920156 kB
Zswap:                 0 kB
Zswapped:              0 kB
Dirty:               176 kB
Writeback:             0 kB
AnonPages:       3559100 kB
Mapped:           268692 kB
Shmem:             54452 kB
KReclaimable:      57036 kB
Slab:             284236 kB
SReclaimable:      57036 kB
SUnreclaim:       227200 kB
KernelStack:       18304 kB
PageTables:        50120 kB
SecPageTables:         0 kB
NFS_Unstable:          0 kB
Bounce:                0 kB
WritebackTmp:          0 kB
CommitLimit:     8258920 kB
Committed_AS:   11409292 kB
VmallocTotal:   34359738367 kB
VmallocUsed:       46520 kB
VmallocChunk:          0 kB
Percpu:            13280 kB
HardwareCorrupted:     0 kB
AnonHugePages:    212992 kB
ShmemHugePages:        0 kB
ShmemPmdMapped:        0 kB
FileHugePages:         0 kB
FilePmdMapped:         0 kB
CmaTotal:              0 kB
CmaFree:               0 kB
Unaccepted:            0 kB
Balloon:               0 kB
HugePages_Total:       0
HugePages_Free:        0
HugePages_Rsvd:        0
HugePages_Surp:        0
Hugepagesize:       2048 kB
Hugetlb:               0 kB
DirectMap4k:      194432 kB
DirectMap2M:     6096896 kB
DirectMap1G:     4194304 kB
---SNAPSHOT---
2026-04-27 15:19:12
MemTotal:        8129240 kB
MemFree:         4550348 kB
MemAvailable:    4757448 kB
Buffers:            6272 kB
Cached:           315108 kB
SwapCached:       136636 kB
Active:          2353872 kB
Inactive:         600516 kB
Active(anon):    2244244 kB
Inactive(anon):   443184 kB
Active(file):     109628 kB
Inactive(file):   157332 kB
Unevictable:          16 kB
Mlocked:              16 kB
SwapTotal:       4194300 kB
SwapFree:        3920156 kB
Zswap:                 0 kB
Zswapped:              0 kB
Dirty:               180 kB
Writeback:             0 kB
AnonPages:       2499768 kB
Mapped:           268692 kB
Shmem:             54452 kB
KReclaimable:      57036 kB
Slab:             284236 kB
SReclaimable:      57036 kB
SUnreclaim:       227200 kB
KernelStack:       18304 kB
PageTables:        47580 kB
SecPageTables:         0 kB
NFS_Unstable:          0 kB
Bounce:                0 kB
WritebackTmp:          0 kB
CommitLimit:     8258920 kB
Committed_AS:   11409076 kB
VmallocTotal:   34359738367 kB
VmallocUsed:       46552 kB
VmallocChunk:          0 kB
Percpu:            13280 kB
HardwareCorrupted:     0 kB
AnonHugePages:    212992 kB
ShmemHugePages:        0 kB
ShmemPmdMapped:        0 kB
FileHugePages:         0 kB
FilePmdMapped:         0 kB
CmaTotal:              0 kB
CmaFree:               0 kB
Unaccepted:            0 kB
Balloon:               0 kB
HugePages_Total:       0
HugePages_Free:        0
HugePages_Rsvd:        0
HugePages_Surp:        0
Hugepagesize:       2048 kB
Hugetlb:               0 kB
DirectMap4k:      194432 kB
DirectMap2M:     6096896 kB
DirectMap1G:     4194304 kB
---SNAPSHOT---
2026-04-27 15:19:13
MemTotal:        8129240 kB
MemFree:         4260092 kB
MemAvailable:    4467200 kB
Buffers:            6272 kB
Cached:           315116 kB
SwapCached:       136636 kB
Active:          2618508 kB
Inactive:         600524 kB
Active(anon):    2508880 kB
Inactive(anon):   443184 kB
Active(file):     109628 kB
Inactive(file):   157340 kB
Unevictable:          16 kB
Mlocked:              16 kB
SwapTotal:       4194300 kB
SwapFree:        3920156 kB
Zswap:                 0 kB
Zswapped:              0 kB
Dirty:               188 kB
Writeback:             0 kB
AnonPages:       2764064 kB
Mapped:           268692 kB
Shmem:             54452 kB
KReclaimable:      57036 kB
Slab:             284236 kB
SReclaimable:      57036 kB
SUnreclaim:       227200 kB
KernelStack:       18304 kB
PageTables:        48124 kB
SecPageTables:         0 kB
NFS_Unstable:          0 kB
Bounce:                0 kB
WritebackTmp:          0 kB
CommitLimit:     8258920 kB
Committed_AS:   11409792 kB
VmallocTotal:   34359738367 kB
VmallocUsed:       46536 kB
VmallocChunk:          0 kB
Percpu:            13280 kB
HardwareCorrupted:     0 kB
AnonHugePages:    212992 kB
ShmemHugePages:        0 kB
ShmemPmdMapped:        0 kB
FileHugePages:         0 kB
FilePmdMapped:         0 kB
CmaTotal:              0 kB
CmaFree:               0 kB
Unaccepted:            0 kB
Balloon:               0 kB
HugePages_Total:       0
HugePages_Free:        0
HugePages_Rsvd:        0
HugePages_Surp:        0
Hugepagesize:       2048 kB
Hugetlb:               0 kB
DirectMap4k:      194432 kB
DirectMap2M:     6096896 kB
DirectMap1G:     4194304 kB
---SNAPSHOT---
2026-04-27 15:19:14
MemTotal:        8129240 kB
MemFree:         3409380 kB
MemAvailable:    3616492 kB
Buffers:            6272 kB
Cached:           315120 kB
SwapCached:       161032 kB
Active:          3504604 kB
Inactive:         623328 kB
Active(anon):    3394976 kB
Inactive(anon):   465984 kB
Active(file):     109628 kB
Inactive(file):   157344 kB
Unevictable:          16 kB
Mlocked:              16 kB
SwapTotal:       4194300 kB
SwapFree:        3895752 kB
Zswap:                 0 kB
Zswapped:              0 kB
Dirty:               192 kB
Writeback:          1140 kB
AnonPages:       3650792 kB
Mapped:           268692 kB
Shmem:             54452 kB
KReclaimable:      57036 kB
Slab:             284236 kB
SReclaimable:      57036 kB
SUnreclaim:       227200 kB
KernelStack:       18304 kB
PageTables:        49752 kB
SecPageTables:         0 kB
NFS_Unstable:          0 kB
Bounce:                0 kB
WritebackTmp:          0 kB
CommitLimit:     8258920 kB
Committed_AS:   11409792 kB
VmallocTotal:   34359738367 kB
VmallocUsed:       46552 kB
VmallocChunk:          0 kB
Percpu:            13280 kB
HardwareCorrupted:     0 kB
AnonHugePages:    212992 kB
ShmemHugePages:        0 kB
ShmemPmdMapped:        0 kB
FileHugePages:         0 kB
FilePmdMapped:         0 kB
CmaTotal:              0 kB
CmaFree:               0 kB
Unaccepted:            0 kB
Balloon:               0 kB
HugePages_Total:       0
HugePages_Free:        0
HugePages_Rsvd:        0
HugePages_Surp:        0
Hugepagesize:       2048 kB
Hugetlb:               0 kB
DirectMap4k:      194432 kB
DirectMap2M:     6096896 kB
DirectMap1G:     4194304 kB
---SNAPSHOT---
2026-04-27 15:19:15
MemTotal:        8129240 kB
MemFree:         3568660 kB
MemAvailable:    3775788 kB
Buffers:            6284 kB
Cached:           315136 kB
SwapCached:       506728 kB
Active:          3009080 kB
Inactive:         967732 kB
Active(anon):    2899452 kB
Inactive(anon):   810372 kB
Active(file):     109628 kB
Inactive(file):   157360 kB
Unevictable:          16 kB
Mlocked:              16 kB
SwapTotal:       4194300 kB
SwapFree:        3549916 kB
Zswap:                 0 kB
Zswapped:              0 kB
Dirty:                44 kB
Writeback:           828 kB
AnonPages:       3156016 kB
Mapped:           268692 kB
Shmem:             54452 kB
KReclaimable:      57036 kB
Slab:             284220 kB
SReclaimable:      57036 kB
SUnreclaim:       227184 kB
KernelStack:       18304 kB
PageTables:        49792 kB
SecPageTables:         0 kB
NFS_Unstable:          0 kB
Bounce:                0 kB
WritebackTmp:          0 kB
CommitLimit:     8258920 kB
Committed_AS:   11409544 kB
VmallocTotal:   34359738367 kB
VmallocUsed:       46552 kB
VmallocChunk:          0 kB
Percpu:            13280 kB
HardwareCorrupted:     0 kB
AnonHugePages:    212992 kB
ShmemHugePages:        0 kB
ShmemPmdMapped:        0 kB
FileHugePages:         0 kB
FilePmdMapped:         0 kB
CmaTotal:              0 kB
CmaFree:               0 kB
Unaccepted:            0 kB
Balloon:               0 kB
HugePages_Total:       0
HugePages_Free:        0
HugePages_Rsvd:        0
HugePages_Surp:        0
Hugepagesize:       2048 kB
Hugetlb:               0 kB
DirectMap4k:      194432 kB
DirectMap2M:     6096896 kB
DirectMap1G:     4194304 kB
---SNAPSHOT---
2026-04-27 15:19:16
MemTotal:        8129240 kB
MemFree:         3714472 kB
MemAvailable:    3921616 kB
Buffers:            6284 kB
Cached:           315140 kB
SwapCached:       719780 kB
Active:          2640576 kB
Inactive:        1182760 kB
Active(anon):    2530948 kB
Inactive(anon):  1025384 kB
Active(file):     109628 kB
Inactive(file):   157376 kB
Unevictable:          16 kB
Mlocked:              16 kB
SwapTotal:       4194300 kB
SwapFree:        3336980 kB
Zswap:                 0 kB
Zswapped:              0 kB
Dirty:                60 kB
Writeback:           404 kB
AnonPages:       2789804 kB
Mapped:           268692 kB
Shmem:             54452 kB
KReclaimable:      57036 kB
Slab:             284220 kB
SReclaimable:      57036 kB
SUnreclaim:       227184 kB
KernelStack:       18304 kB
PageTables:        49740 kB
SecPageTables:         0 kB
NFS_Unstable:          0 kB
Bounce:                0 kB
WritebackTmp:          0 kB
CommitLimit:     8258920 kB
Committed_AS:   11409296 kB
VmallocTotal:   34359738367 kB
VmallocUsed:       46552 kB
VmallocChunk:          0 kB
Percpu:            13280 kB
HardwareCorrupted:     0 kB
AnonHugePages:    212992 kB
ShmemHugePages:        0 kB
ShmemPmdMapped:        0 kB
FileHugePages:         0 kB
FilePmdMapped:         0 kB
CmaTotal:              0 kB
CmaFree:               0 kB
Unaccepted:            0 kB
Balloon:               0 kB
HugePages_Total:       0
HugePages_Free:        0
HugePages_Rsvd:        0
HugePages_Surp:        0
Hugepagesize:       2048 kB
Hugetlb:               0 kB
DirectMap4k:      194432 kB
DirectMap2M:     6096896 kB
DirectMap1G:     4194304 kB
---SNAPSHOT---
2026-04-27 15:19:17
MemTotal:        8129240 kB
MemFree:         2936448 kB
MemAvailable:    3143592 kB
Buffers:            6284 kB
Cached:           315148 kB
SwapCached:       896696 kB
Active:          3254240 kB
Inactive:        1359052 kB
Active(anon):    3144612 kB
Inactive(anon):  1201676 kB
Active(file):     109628 kB
Inactive(file):   157376 kB
Unevictable:          16 kB
Mlocked:              16 kB
SwapTotal:       4194300 kB
SwapFree:        3160096 kB
Zswap:                 0 kB
Zswapped:              0 kB
Dirty:                68 kB
Writeback:           472 kB
AnonPages:       3402440 kB
Mapped:           268920 kB
Shmem:             54452 kB
KReclaimable:      57036 kB
Slab:             284196 kB
SReclaimable:      57036 kB
SUnreclaim:       227160 kB
KernelStack:       18304 kB
PageTables:        50900 kB
SecPageTables:         0 kB
NFS_Unstable:          0 kB
Bounce:                0 kB
WritebackTmp:          0 kB
CommitLimit:     8258920 kB
Committed_AS:   11409208 kB
VmallocTotal:   34359738367 kB
VmallocUsed:       46568 kB
VmallocChunk:          0 kB
Percpu:            13280 kB
HardwareCorrupted:     0 kB
AnonHugePages:    212992 kB
ShmemHugePages:        0 kB
ShmemPmdMapped:        0 kB
FileHugePages:         0 kB
FilePmdMapped:         0 kB
CmaTotal:              0 kB
CmaFree:               0 kB
Unaccepted:            0 kB
Balloon:               0 kB
HugePages_Total:       0
HugePages_Free:        0
HugePages_Rsvd:        0
HugePages_Surp:        0
Hugepagesize:       2048 kB
Hugetlb:               0 kB
DirectMap4k:      194432 kB
DirectMap2M:     6096896 kB
DirectMap1G:     4194304 kB
---SNAPSHOT---
2026-04-27 15:19:18
MemTotal:        8129240 kB
MemFree:         3323580 kB
MemAvailable:    3530740 kB
Buffers:            6284 kB
Cached:           315156 kB
SwapCached:       902000 kB
Active:          2823604 kB
Inactive:        1363156 kB
Active(anon):    2713976 kB
Inactive(anon):  1205764 kB
Active(file):     109628 kB
Inactive(file):   157392 kB
Unevictable:          16 kB
Mlocked:              16 kB
SwapTotal:       4194300 kB
SwapFree:        3154792 kB
Zswap:                 0 kB
Zswapped:              0 kB
Dirty:                76 kB
Writeback:           296 kB
AnonPages:       2970720 kB
Mapped:           268692 kB
Shmem:             54452 kB
KReclaimable:      57036 kB
Slab:             284188 kB
SReclaimable:      57036 kB
SUnreclaim:       227152 kB
KernelStack:       18304 kB
PageTables:        50464 kB
SecPageTables:         0 kB
NFS_Unstable:          0 kB
Bounce:                0 kB
WritebackTmp:          0 kB
CommitLimit:     8258920 kB
Committed_AS:   11409568 kB
VmallocTotal:   34359738367 kB
VmallocUsed:       46552 kB
VmallocChunk:          0 kB
Percpu:            13280 kB
HardwareCorrupted:     0 kB
AnonHugePages:    212992 kB
ShmemHugePages:        0 kB
ShmemPmdMapped:        0 kB
FileHugePages:         0 kB
FilePmdMapped:         0 kB
CmaTotal:              0 kB
CmaFree:               0 kB
Unaccepted:            0 kB
Balloon:               0 kB
HugePages_Total:       0
HugePages_Free:        0
HugePages_Rsvd:        0
HugePages_Surp:        0
Hugepagesize:       2048 kB
Hugetlb:               0 kB
DirectMap4k:      194432 kB
DirectMap2M:     6096896 kB
DirectMap1G:     4194304 kB
---SNAPSHOT---
2026-04-27 15:19:19
MemTotal:        8129240 kB
MemFree:         3089320 kB
MemAvailable:    3296484 kB
Buffers:            6284 kB
Cached:           315160 kB
SwapCached:       904536 kB
Active:          3056644 kB
Inactive:        1365340 kB
Active(anon):    2947016 kB
Inactive(anon):  1207944 kB
Active(file):     109628 kB
Inactive(file):   157396 kB
Unevictable:          16 kB
Mlocked:              16 kB
SwapTotal:       4194300 kB
SwapFree:        3152256 kB
Zswap:                 0 kB
Zswapped:              0 kB
Dirty:                80 kB
Writeback:           180 kB
AnonPages:       3204712 kB
Mapped:           268692 kB
Shmem:             54452 kB
KReclaimable:      57036 kB
Slab:             284188 kB
SReclaimable:      57036 kB
SUnreclaim:       227152 kB
KernelStack:       18288 kB
PageTables:        50500 kB
SecPageTables:         0 kB
NFS_Unstable:          0 kB
Bounce:                0 kB
WritebackTmp:          0 kB
CommitLimit:     8258920 kB
Committed_AS:   11409676 kB
VmallocTotal:   34359738367 kB
VmallocUsed:       46536 kB
VmallocChunk:          0 kB
Percpu:            13280 kB
HardwareCorrupted:     0 kB
AnonHugePages:    212992 kB
ShmemHugePages:        0 kB
ShmemPmdMapped:        0 kB
FileHugePages:         0 kB
FilePmdMapped:         0 kB
CmaTotal:              0 kB
CmaFree:               0 kB
Unaccepted:            0 kB
Balloon:               0 kB
HugePages_Total:       0
HugePages_Free:        0
HugePages_Rsvd:        0
HugePages_Surp:        0
Hugepagesize:       2048 kB
Hugetlb:               0 kB
DirectMap4k:      194432 kB
DirectMap2M:     6096896 kB
DirectMap1G:     4194304 kB
---SNAPSHOT---
2026-04-27 15:19:20
MemTotal:        8129240 kB
MemFree:         2914796 kB
MemAvailable:    3121968 kB
Buffers:            6296 kB
Cached:           315164 kB
SwapCached:       905872 kB
Active:          3271688 kB
Inactive:        1367332 kB
Active(anon):    3162060 kB
Inactive(anon):  1209928 kB
Active(file):     109628 kB
Inactive(file):   157404 kB
Unevictable:          16 kB
Mlocked:              16 kB
SwapTotal:       4194300 kB
SwapFree:        3150920 kB
Zswap:                 0 kB
Zswapped:              0 kB
Dirty:                88 kB
Writeback:           100 kB
AnonPages:       3420500 kB
Mapped:           268692 kB
Shmem:             54452 kB
KReclaimable:      57036 kB
Slab:             284188 kB
SReclaimable:      57036 kB
SUnreclaim:       227152 kB
KernelStack:       18304 kB
PageTables:        51076 kB
SecPageTables:         0 kB
NFS_Unstable:          0 kB
Bounce:                0 kB
WritebackTmp:          0 kB
CommitLimit:     8258920 kB
Committed_AS:   11409340 kB
VmallocTotal:   34359738367 kB
VmallocUsed:       46600 kB
VmallocChunk:          0 kB
Percpu:            13280 kB
HardwareCorrupted:     0 kB
AnonHugePages:    212992 kB
ShmemHugePages:        0 kB
ShmemPmdMapped:        0 kB
FileHugePages:         0 kB
FilePmdMapped:         0 kB
CmaTotal:              0 kB
CmaFree:               0 kB
Unaccepted:            0 kB
Balloon:               0 kB
HugePages_Total:       0
HugePages_Free:        0
HugePages_Rsvd:        0
HugePages_Surp:        0
Hugepagesize:       2048 kB
Hugetlb:               0 kB
DirectMap4k:      194432 kB
DirectMap2M:     6096896 kB
DirectMap1G:     4194304 kB
---SNAPSHOT---
2026-04-27 15:19:21
MemTotal:        8129240 kB
MemFree:         2847536 kB
MemAvailable:    3054724 kB
Buffers:            6296 kB
Cached:           315172 kB
SwapCached:       906964 kB
Active:          3340248 kB
Inactive:        1367464 kB
Active(anon):    3230620 kB
Inactive(anon):  1210044 kB
Active(file):     109628 kB
Inactive(file):   157420 kB
Unevictable:          16 kB
Mlocked:              16 kB
SwapTotal:       4194300 kB
SwapFree:        3149828 kB
Zswap:                 0 kB
Zswapped:              0 kB
Dirty:               100 kB
Writeback:           164 kB
AnonPages:       3488244 kB
Mapped:           268692 kB
Shmem:             54452 kB
KReclaimable:      57036 kB
Slab:             284188 kB
SReclaimable:      57036 kB
SUnreclaim:       227152 kB
KernelStack:       18288 kB
PageTables:        51140 kB
SecPageTables:         0 kB
NFS_Unstable:          0 kB
Bounce:                0 kB
WritebackTmp:          0 kB
CommitLimit:     8258920 kB
Committed_AS:   11409684 kB
VmallocTotal:   34359738367 kB
VmallocUsed:       46568 kB
VmallocChunk:          0 kB
Percpu:            13280 kB
HardwareCorrupted:     0 kB
AnonHugePages:    212992 kB
ShmemHugePages:        0 kB
ShmemPmdMapped:        0 kB
FileHugePages:         0 kB
FilePmdMapped:         0 kB
CmaTotal:              0 kB
CmaFree:               0 kB
Unaccepted:            0 kB
Balloon:               0 kB
HugePages_Total:       0
HugePages_Free:        0
HugePages_Rsvd:        0
HugePages_Surp:        0
Hugepagesize:       2048 kB
Hugetlb:               0 kB
DirectMap4k:      194432 kB
DirectMap2M:     6096896 kB
DirectMap1G:     4194304 kB
---SNAPSHOT---
2026-04-27 15:19:22
MemTotal:        8129240 kB
MemFree:         2850440 kB
MemAvailable:    3057632 kB
Buffers:            6296 kB
Cached:           315176 kB
SwapCached:       936928 kB
Active:          3309976 kB
Inactive:        1397408 kB
Active(anon):    3200348 kB
Inactive(anon):  1239984 kB
Active(file):     109628 kB
Inactive(file):   157424 kB
Unevictable:          16 kB
Mlocked:              16 kB
SwapTotal:       4194300 kB
SwapFree:        3119768 kB
Zswap:                 0 kB
Zswapped:              0 kB
Dirty:               104 kB
Writeback:           220 kB
AnonPages:       3458288 kB
Mapped:           268692 kB
Shmem:             54452 kB
KReclaimable:      57036 kB
Slab:             284188 kB
SReclaimable:      57036 kB
SUnreclaim:       227152 kB
KernelStack:       18272 kB
PageTables:        51376 kB
SecPageTables:         0 kB
NFS_Unstable:          0 kB
Bounce:                0 kB
WritebackTmp:          0 kB
CommitLimit:     8258920 kB
Committed_AS:   11409440 kB
VmallocTotal:   34359738367 kB
VmallocUsed:       46552 kB
VmallocChunk:          0 kB
Percpu:            13280 kB
HardwareCorrupted:     0 kB
AnonHugePages:    212992 kB
ShmemHugePages:        0 kB
ShmemPmdMapped:        0 kB
FileHugePages:         0 kB
FilePmdMapped:         0 kB
CmaTotal:              0 kB
CmaFree:               0 kB
Unaccepted:            0 kB
Balloon:               0 kB
HugePages_Total:       0
HugePages_Free:        0
HugePages_Rsvd:        0
HugePages_Surp:        0
Hugepagesize:       2048 kB
Hugetlb:               0 kB
DirectMap4k:      194432 kB
DirectMap2M:     6096896 kB
DirectMap1G:     4194304 kB
---SNAPSHOT---
2026-04-27 15:19:23
MemTotal:        8129240 kB
MemFree:         2841928 kB
MemAvailable:    3049124 kB
Buffers:            6296 kB
Cached:           315184 kB
SwapCached:      1072904 kB
Active:          3172656 kB
Inactive:        1534772 kB
Active(anon):    3063028 kB
Inactive(anon):  1377344 kB
Active(file):     109628 kB
Inactive(file):   157428 kB
Unevictable:          16 kB
Mlocked:              16 kB
SwapTotal:       4194300 kB
SwapFree:        2983680 kB
Zswap:                 0 kB
Zswapped:              0 kB
Dirty:               112 kB
Writeback:           236 kB
AnonPages:       3322252 kB
Mapped:           268692 kB
Shmem:             54452 kB
KReclaimable:      57036 kB
Slab:             284176 kB
SReclaimable:      57036 kB
SUnreclaim:       227140 kB
KernelStack:       18304 kB
PageTables:        51320 kB
SecPageTables:         0 kB
NFS_Unstable:          0 kB
Bounce:                0 kB
WritebackTmp:          0 kB
CommitLimit:     8258920 kB
Committed_AS:   11409040 kB
VmallocTotal:   34359738367 kB
VmallocUsed:       46568 kB
VmallocChunk:          0 kB
Percpu:            13280 kB
HardwareCorrupted:     0 kB
AnonHugePages:    212992 kB
ShmemHugePages:        0 kB
ShmemPmdMapped:        0 kB
FileHugePages:         0 kB
FilePmdMapped:         0 kB
CmaTotal:              0 kB
CmaFree:               0 kB
Unaccepted:            0 kB
Balloon:               0 kB
HugePages_Total:       0
HugePages_Free:        0
HugePages_Rsvd:        0
HugePages_Surp:        0
Hugepagesize:       2048 kB
Hugetlb:               0 kB
DirectMap4k:      194432 kB
DirectMap2M:     6096896 kB
DirectMap1G:     4194304 kB
---SNAPSHOT---
2026-04-27 15:19:24
MemTotal:        8129240 kB
MemFree:         2843044 kB
MemAvailable:    3050248 kB
Buffers:            6296 kB
Cached:           315188 kB
SwapCached:      1222100 kB
Active:          3025656 kB
Inactive:        1681636 kB
Active(anon):    2916028 kB
Inactive(anon):  1524200 kB
Active(file):     109628 kB
Inactive(file):   157436 kB
Unevictable:          16 kB
Mlocked:              16 kB
SwapTotal:       4194300 kB
SwapFree:        2834664 kB
Zswap:                 0 kB
Zswapped:              0 kB
Dirty:               116 kB
Writeback:           668 kB
AnonPages:       3173284 kB
Mapped:           268692 kB
Shmem:             54452 kB
KReclaimable:      57036 kB
Slab:             284192 kB
SReclaimable:      57036 kB
SUnreclaim:       227156 kB
KernelStack:       18304 kB
PageTables:        51312 kB
SecPageTables:         0 kB
NFS_Unstable:          0 kB
Bounce:                0 kB
WritebackTmp:          0 kB
CommitLimit:     8258920 kB
Committed_AS:   11409572 kB
VmallocTotal:   34359738367 kB
VmallocUsed:       46536 kB
VmallocChunk:          0 kB
Percpu:            13280 kB
HardwareCorrupted:     0 kB
AnonHugePages:    212992 kB
ShmemHugePages:        0 kB
ShmemPmdMapped:        0 kB
FileHugePages:         0 kB
FilePmdMapped:         0 kB
CmaTotal:              0 kB
CmaFree:               0 kB
Unaccepted:            0 kB
Balloon:               0 kB
HugePages_Total:       0
HugePages_Free:        0
HugePages_Rsvd:        0
HugePages_Surp:        0
Hugepagesize:       2048 kB
Hugetlb:               0 kB
DirectMap4k:      194432 kB
DirectMap2M:     6096896 kB
DirectMap1G:     4194304 kB
---SNAPSHOT---
2026-04-27 15:19:25
MemTotal:        8129240 kB
MemFree:         3362976 kB
MemAvailable:    3570196 kB
Buffers:            6304 kB
Cached:           315196 kB
SwapCached:       757952 kB
Active:          2975712 kB
Inactive:        1219888 kB
Active(anon):    2866084 kB
Inactive(anon):  1062436 kB
Active(file):     109628 kB
Inactive(file):   157452 kB
Unevictable:          16 kB
Mlocked:              16 kB
SwapTotal:       4194300 kB
SwapFree:        3298680 kB
Zswap:                 0 kB
Zswapped:              0 kB
Dirty:               128 kB
Writeback:           956 kB
AnonPages:       3123200 kB
Mapped:           268692 kB
Shmem:             54452 kB
KReclaimable:      57036 kB
Slab:             284176 kB
SReclaimable:      57036 kB
SUnreclaim:       227140 kB
KernelStack:       18336 kB
PageTables:        50276 kB
SecPageTables:         0 kB
NFS_Unstable:          0 kB
Bounce:                0 kB
WritebackTmp:          0 kB
CommitLimit:     8258920 kB
Committed_AS:   11409436 kB
VmallocTotal:   34359738367 kB
VmallocUsed:       46552 kB
VmallocChunk:          0 kB
Percpu:            13280 kB
HardwareCorrupted:     0 kB
AnonHugePages:    212992 kB
ShmemHugePages:        0 kB
ShmemPmdMapped:        0 kB
FileHugePages:         0 kB
FilePmdMapped:         0 kB
CmaTotal:              0 kB
CmaFree:               0 kB
Unaccepted:            0 kB
Balloon:               0 kB
HugePages_Total:       0
HugePages_Free:        0
HugePages_Rsvd:        0
HugePages_Surp:        0
Hugepagesize:       2048 kB
Hugetlb:               0 kB
DirectMap4k:      194432 kB
DirectMap2M:     6096896 kB
DirectMap1G:     4194304 kB
---SNAPSHOT---
2026-04-27 15:19:26
MemTotal:        8129240 kB
MemFree:         3716272 kB
MemAvailable:    3923500 kB
Buffers:            6304 kB
Cached:           315208 kB
SwapCached:       922048 kB
Active:          2409324 kB
Inactive:        1383772 kB
Active(anon):    2299696 kB
Inactive(anon):  1226312 kB
Active(file):     109628 kB
Inactive(file):   157460 kB
Unevictable:          16 kB
Mlocked:              16 kB
SwapTotal:       4194300 kB
SwapFree:        3134744 kB
Zswap:                 0 kB
Zswapped:              0 kB
Dirty:               136 kB
Writeback:          1072 kB
AnonPages:       2556844 kB
Mapped:           268692 kB
Shmem:             54452 kB
KReclaimable:      57036 kB
Slab:             284184 kB
SReclaimable:      57036 kB
SUnreclaim:       227148 kB
KernelStack:       18320 kB
PageTables:        49648 kB
SecPageTables:         0 kB
NFS_Unstable:          0 kB
Bounce:                0 kB
WritebackTmp:          0 kB
CommitLimit:     8258920 kB
Committed_AS:   11409436 kB
VmallocTotal:   34359738367 kB
VmallocUsed:       46536 kB
VmallocChunk:          0 kB
Percpu:            13280 kB
HardwareCorrupted:     0 kB
AnonHugePages:    212992 kB
ShmemHugePages:        0 kB
ShmemPmdMapped:        0 kB
FileHugePages:         0 kB
FilePmdMapped:         0 kB
CmaTotal:              0 kB
CmaFree:               0 kB
Unaccepted:            0 kB
Balloon:               0 kB
HugePages_Total:       0
HugePages_Free:        0
HugePages_Rsvd:        0
HugePages_Surp:        0
Hugepagesize:       2048 kB
Hugetlb:               0 kB
DirectMap4k:      194432 kB
DirectMap2M:     6096896 kB
DirectMap1G:     4194304 kB
---SNAPSHOT---
2026-04-27 15:19:27
MemTotal:        8129240 kB
MemFree:         3279644 kB
MemAvailable:    3486880 kB
Buffers:            6304 kB
Cached:           315212 kB
SwapCached:       923060 kB
Active:          2868744 kB
Inactive:        1383884 kB
Active(anon):    2759116 kB
Inactive(anon):  1226416 kB
Active(file):     109628 kB
Inactive(file):   157468 kB
Unevictable:          16 kB
Mlocked:              16 kB
SwapTotal:       4194300 kB
SwapFree:        3133732 kB
Zswap:                 0 kB
Zswapped:              0 kB
Dirty:               140 kB
Writeback:           136 kB
AnonPages:       3015280 kB
Mapped:           268788 kB
Shmem:             54452 kB
KReclaimable:      57036 kB
Slab:             284184 kB
SReclaimable:      57036 kB
SUnreclaim:       227148 kB
KernelStack:       18304 kB
PageTables:        50912 kB
SecPageTables:         0 kB
NFS_Unstable:          0 kB
Bounce:                0 kB
WritebackTmp:          0 kB
CommitLimit:     8258920 kB
Committed_AS:   11409448 kB
VmallocTotal:   34359738367 kB
VmallocUsed:       46568 kB
VmallocChunk:          0 kB
Percpu:            13280 kB
HardwareCorrupted:     0 kB
AnonHugePages:    212992 kB
ShmemHugePages:        0 kB
ShmemPmdMapped:        0 kB
FileHugePages:         0 kB
FilePmdMapped:         0 kB
CmaTotal:              0 kB
CmaFree:               0 kB
Unaccepted:            0 kB
Balloon:               0 kB
HugePages_Total:       0
HugePages_Free:        0
HugePages_Rsvd:        0
HugePages_Surp:        0
Hugepagesize:       2048 kB
Hugetlb:               0 kB
DirectMap4k:      194432 kB
DirectMap2M:     6096896 kB
DirectMap1G:     4194304 kB
---SNAPSHOT---
2026-04-27 15:19:28
MemTotal:        8129240 kB
MemFree:         3508748 kB
MemAvailable:    3715988 kB
Buffers:            6304 kB
Cached:           315220 kB
SwapCached:      1043220 kB
Active:          2531224 kB
Inactive:        1504528 kB
Active(anon):    2421596 kB
Inactive(anon):  1347056 kB
Active(file):     109628 kB
Inactive(file):   157472 kB
Unevictable:          16 kB
Mlocked:              16 kB
SwapTotal:       4194300 kB
SwapFree:        3013468 kB
Zswap:                 0 kB
Zswapped:              0 kB
Dirty:               148 kB
Writeback:           588 kB
AnonPages:       2678424 kB
Mapped:           268936 kB
Shmem:             54452 kB
KReclaimable:      57036 kB
Slab:             284176 kB
SReclaimable:      57036 kB
SUnreclaim:       227140 kB
KernelStack:       18288 kB
PageTables:        50008 kB
SecPageTables:         0 kB
NFS_Unstable:          0 kB
Bounce:                0 kB
WritebackTmp:          0 kB
CommitLimit:     8258920 kB
Committed_AS:   11409436 kB
VmallocTotal:   34359738367 kB
VmallocUsed:       46552 kB
VmallocChunk:          0 kB
Percpu:            13280 kB
HardwareCorrupted:     0 kB
AnonHugePages:    212992 kB
ShmemHugePages:        0 kB
ShmemPmdMapped:        0 kB
FileHugePages:         0 kB
FilePmdMapped:         0 kB
CmaTotal:              0 kB
CmaFree:               0 kB
Unaccepted:            0 kB
Balloon:               0 kB
HugePages_Total:       0
HugePages_Free:        0
HugePages_Rsvd:        0
HugePages_Surp:        0
Hugepagesize:       2048 kB
Hugetlb:               0 kB
DirectMap4k:      194432 kB
DirectMap2M:     6096896 kB
DirectMap1G:     4194304 kB
---SNAPSHOT---
2026-04-27 15:19:29
MemTotal:        8129240 kB
MemFree:         3986756 kB
MemAvailable:    4194004 kB
Buffers:            6304 kB
Cached:           315224 kB
SwapCached:       937748 kB
Active:          2133604 kB
Inactive:        1400460 kB
Active(anon):    2023976 kB
Inactive(anon):  1242980 kB
Active(file):     109628 kB
Inactive(file):   157480 kB
Unevictable:          16 kB
Mlocked:              16 kB
SwapTotal:       4194300 kB
SwapFree:        3119128 kB
Zswap:                 0 kB
Zswapped:              0 kB
Dirty:               152 kB
Writeback:          1068 kB
AnonPages:       2279956 kB
Mapped:           268692 kB
Shmem:             54452 kB
KReclaimable:      57036 kB
Slab:             284320 kB
SReclaimable:      57036 kB
SUnreclaim:       227284 kB
KernelStack:       18288 kB
PageTables:        49604 kB
SecPageTables:         0 kB
NFS_Unstable:          0 kB
Bounce:                0 kB
WritebackTmp:          0 kB
CommitLimit:     8258920 kB
Committed_AS:   11409776 kB
VmallocTotal:   34359738367 kB
VmallocUsed:       46536 kB
VmallocChunk:          0 kB
Percpu:            13280 kB
HardwareCorrupted:     0 kB
AnonHugePages:    212992 kB
ShmemHugePages:        0 kB
ShmemPmdMapped:        0 kB
FileHugePages:         0 kB
FilePmdMapped:         0 kB
CmaTotal:              0 kB
CmaFree:               0 kB
Unaccepted:            0 kB
Balloon:               0 kB
HugePages_Total:       0
HugePages_Free:        0
HugePages_Rsvd:        0
HugePages_Surp:        0
Hugepagesize:       2048 kB
Hugetlb:               0 kB
DirectMap4k:      194432 kB
DirectMap2M:     6096896 kB
DirectMap1G:     4194304 kB
---SNAPSHOT---
2026-04-27 15:19:30
MemTotal:        8129240 kB
MemFree:         4256676 kB
MemAvailable:    4463928 kB
Buffers:            6312 kB
Cached:           315228 kB
SwapCached:       136636 kB
Active:          2704052 kB
Inactive:         600668 kB
Active(anon):    2594424 kB
Inactive(anon):   443184 kB
Active(file):     109628 kB
Inactive(file):   157484 kB
Unevictable:          16 kB
Mlocked:              16 kB
SwapTotal:       4194300 kB
SwapFree:        3920156 kB
Zswap:                 0 kB
Zswapped:              0 kB
Dirty:               160 kB
Writeback:             0 kB
AnonPages:       2849692 kB
Mapped:           268692 kB
Shmem:             54452 kB
KReclaimable:      57036 kB
Slab:             284168 kB
SReclaimable:      57036 kB
SUnreclaim:       227132 kB
KernelStack:       18304 kB
PageTables:        49060 kB
SecPageTables:         0 kB
NFS_Unstable:          0 kB
Bounce:                0 kB
WritebackTmp:          0 kB
CommitLimit:     8258920 kB
Committed_AS:   11409560 kB
VmallocTotal:   34359738367 kB
VmallocUsed:       46536 kB
VmallocChunk:          0 kB
Percpu:            13280 kB
HardwareCorrupted:     0 kB
AnonHugePages:    212992 kB
ShmemHugePages:        0 kB
ShmemPmdMapped:        0 kB
FileHugePages:         0 kB
FilePmdMapped:         0 kB
CmaTotal:              0 kB
CmaFree:               0 kB
Unaccepted:            0 kB
Balloon:               0 kB
HugePages_Total:       0
HugePages_Free:        0
HugePages_Rsvd:        0
HugePages_Surp:        0
Hugepagesize:       2048 kB
Hugetlb:               0 kB
DirectMap4k:      194432 kB
DirectMap2M:     6096896 kB
DirectMap1G:     4194304 kB
---SNAPSHOT---
2026-04-27 15:19:31
MemTotal:        8129240 kB
MemFree:         4029120 kB
MemAvailable:    4236388 kB
Buffers:            6312 kB
Cached:           315236 kB
SwapCached:       136636 kB
Active:          2937524 kB
Inactive:         600684 kB
Active(anon):    2827896 kB
Inactive(anon):   443184 kB
Active(file):     109628 kB
Inactive(file):   157500 kB
Unevictable:          16 kB
Mlocked:              16 kB
SwapTotal:       4194300 kB
SwapFree:        3920156 kB
Zswap:                 0 kB
Zswapped:              0 kB
Dirty:               168 kB
Writeback:             0 kB
AnonPages:       3083216 kB
Mapped:           268692 kB
Shmem:             54452 kB
KReclaimable:      57036 kB
Slab:             284168 kB
SReclaimable:      57036 kB
SUnreclaim:       227132 kB
KernelStack:       18304 kB
PageTables:        49168 kB
SecPageTables:         0 kB
NFS_Unstable:          0 kB
Bounce:                0 kB
WritebackTmp:          0 kB
CommitLimit:     8258920 kB
Committed_AS:   11409572 kB
VmallocTotal:   34359738367 kB
VmallocUsed:       46584 kB
VmallocChunk:          0 kB
Percpu:            13280 kB
HardwareCorrupted:     0 kB
AnonHugePages:    212992 kB
ShmemHugePages:        0 kB
ShmemPmdMapped:        0 kB
FileHugePages:         0 kB
FilePmdMapped:         0 kB
CmaTotal:              0 kB
CmaFree:               0 kB
Unaccepted:            0 kB
Balloon:               0 kB
HugePages_Total:       0
HugePages_Free:        0
HugePages_Rsvd:        0
HugePages_Surp:        0
Hugepagesize:       2048 kB
Hugetlb:               0 kB
DirectMap4k:      194432 kB
DirectMap2M:     6096896 kB
DirectMap1G:     4194304 kB
---SNAPSHOT---
2026-04-27 15:19:32
MemTotal:        8129240 kB
MemFree:         3800996 kB
MemAvailable:    4008264 kB
Buffers:            6312 kB
Cached:           315240 kB
SwapCached:       136636 kB
Active:          3171976 kB
Inactive:         600684 kB
Active(anon):    3062348 kB
Inactive(anon):   443184 kB
Active(file):     109628 kB
Inactive(file):   157500 kB
Unevictable:          16 kB
Mlocked:              16 kB
SwapTotal:       4194300 kB
SwapFree:        3920156 kB
Zswap:                 0 kB
Zswapped:              0 kB
Dirty:               172 kB
Writeback:             0 kB
AnonPages:       3317468 kB
Mapped:           268692 kB
Shmem:             54452 kB
KReclaimable:      57036 kB
Slab:             284168 kB
SReclaimable:      57036 kB
SUnreclaim:       227132 kB
KernelStack:       18332 kB
PageTables:        49436 kB
SecPageTables:         0 kB
NFS_Unstable:          0 kB
Bounce:                0 kB
WritebackTmp:          0 kB
CommitLimit:     8258920 kB
Committed_AS:   11409680 kB
VmallocTotal:   34359738367 kB
VmallocUsed:       46584 kB
VmallocChunk:          0 kB
Percpu:            13280 kB
HardwareCorrupted:     0 kB
AnonHugePages:    212992 kB
ShmemHugePages:        0 kB
ShmemPmdMapped:        0 kB
FileHugePages:         0 kB
FilePmdMapped:         0 kB
CmaTotal:              0 kB
CmaFree:               0 kB
Unaccepted:            0 kB
Balloon:               0 kB
HugePages_Total:       0
HugePages_Free:        0
HugePages_Rsvd:        0
HugePages_Surp:        0
Hugepagesize:       2048 kB
Hugetlb:               0 kB
DirectMap4k:      194432 kB
DirectMap2M:     6096896 kB
DirectMap1G:     4194304 kB
---SNAPSHOT---
2026-04-27 15:19:33
MemTotal:        8129240 kB
MemFree:         3674020 kB
MemAvailable:    3881300 kB
Buffers:            6312 kB
Cached:           315248 kB
SwapCached:       136636 kB
Active:          3299252 kB
Inactive:         600696 kB
Active(anon):    3189624 kB
Inactive(anon):   443184 kB
Active(file):     109628 kB
Inactive(file):   157512 kB
Unevictable:          16 kB
Mlocked:              16 kB
SwapTotal:       4194300 kB
SwapFree:        3920156 kB
Zswap:                 0 kB
Zswapped:              0 kB
Dirty:               180 kB
Writeback:             0 kB
AnonPages:       3445428 kB
Mapped:           268692 kB
Shmem:             54452 kB
KReclaimable:      57036 kB
Slab:             284168 kB
SReclaimable:      57036 kB
SUnreclaim:       227132 kB
KernelStack:       18332 kB
PageTables:        49864 kB
SecPageTables:         0 kB
NFS_Unstable:          0 kB
Bounce:                0 kB
WritebackTmp:          0 kB
CommitLimit:     8258920 kB
Committed_AS:   11409092 kB
VmallocTotal:   34359738367 kB
VmallocUsed:       46584 kB
VmallocChunk:          0 kB
Percpu:            13280 kB
HardwareCorrupted:     0 kB
AnonHugePages:    212992 kB
ShmemHugePages:        0 kB
ShmemPmdMapped:        0 kB
FileHugePages:         0 kB
FilePmdMapped:         0 kB
CmaTotal:              0 kB
CmaFree:               0 kB
Unaccepted:            0 kB
Balloon:               0 kB
HugePages_Total:       0
HugePages_Free:        0
HugePages_Rsvd:        0
HugePages_Surp:        0
Hugepagesize:       2048 kB
Hugetlb:               0 kB
DirectMap4k:      194432 kB
DirectMap2M:     6096896 kB
DirectMap1G:     4194304 kB
---SNAPSHOT---
2026-04-27 15:19:34
MemTotal:        8129240 kB
MemFree:         3643136 kB
MemAvailable:    3850644 kB
Buffers:            6612 kB
Cached:           315260 kB
SwapCached:       136636 kB
Active:          3332908 kB
Inactive:         600924 kB
Active(anon):    3223280 kB
Inactive(anon):   443184 kB
Active(file):     109628 kB
Inactive(file):   157740 kB
Unevictable:          16 kB
Mlocked:              16 kB
SwapTotal:       4194300 kB
SwapFree:        3920156 kB
Zswap:                 0 kB
Zswapped:              0 kB
Dirty:               184 kB
Writeback:             0 kB
AnonPages:       3478352 kB
Mapped:           268692 kB
Shmem:             54452 kB
KReclaimable:      57036 kB
Slab:             284168 kB
SReclaimable:      57036 kB
SUnreclaim:       227132 kB
KernelStack:       18364 kB
PageTables:        50004 kB
SecPageTables:         0 kB
NFS_Unstable:          0 kB
Bounce:                0 kB
WritebackTmp:          0 kB
CommitLimit:     8258920 kB
Committed_AS:   11409456 kB
VmallocTotal:   34359738367 kB
VmallocUsed:       46616 kB
VmallocChunk:          0 kB
Percpu:            13280 kB
HardwareCorrupted:     0 kB
AnonHugePages:    212992 kB
ShmemHugePages:        0 kB
ShmemPmdMapped:        0 kB
FileHugePages:         0 kB
FilePmdMapped:         0 kB
CmaTotal:              0 kB
CmaFree:               0 kB
Unaccepted:            0 kB
Balloon:               0 kB
HugePages_Total:       0
HugePages_Free:        0
HugePages_Rsvd:        0
HugePages_Surp:        0
Hugepagesize:       2048 kB
Hugetlb:               0 kB
DirectMap4k:      194432 kB
DirectMap2M:     6096896 kB
DirectMap1G:     4194304 kB
---SNAPSHOT---
2026-04-27 15:19:35
MemTotal:        8129240 kB
MemFree:         3715912 kB
MemAvailable:    3923512 kB
Buffers:            6620 kB
Cached:           315268 kB
SwapCached:       136636 kB
Active:          3202048 kB
Inactive:         601016 kB
Active(anon):    3092420 kB
Inactive(anon):   443184 kB
Active(file):     109628 kB
Inactive(file):   157832 kB
Unevictable:          16 kB
Mlocked:              16 kB
SwapTotal:       4194300 kB
SwapFree:        3920156 kB
Zswap:                 0 kB
Zswapped:              0 kB
Dirty:               192 kB
Writeback:             0 kB
AnonPages:       3326912 kB
Mapped:           268692 kB
Shmem:             54452 kB
KReclaimable:      57036 kB
Slab:             284168 kB
SReclaimable:      57036 kB
SUnreclaim:       227132 kB
KernelStack:       18364 kB
PageTables:        50024 kB
SecPageTables:         0 kB
NFS_Unstable:          0 kB
Bounce:                0 kB
WritebackTmp:          0 kB
CommitLimit:     8258920 kB
Committed_AS:   11409532 kB
VmallocTotal:   34359738367 kB
VmallocUsed:       46584 kB
VmallocChunk:          0 kB
Percpu:            13280 kB
HardwareCorrupted:     0 kB
AnonHugePages:    212992 kB
ShmemHugePages:        0 kB
ShmemPmdMapped:        0 kB
FileHugePages:         0 kB
FilePmdMapped:         0 kB
CmaTotal:              0 kB
CmaFree:               0 kB
Unaccepted:            0 kB
Balloon:               0 kB
HugePages_Total:       0
HugePages_Free:        0
HugePages_Rsvd:        0
HugePages_Surp:        0
Hugepagesize:       2048 kB
Hugetlb:               0 kB
DirectMap4k:      194432 kB
DirectMap2M:     6096896 kB
DirectMap1G:     4194304 kB
---SNAPSHOT---
2026-04-27 15:19:36
MemTotal:        8129240 kB
MemFree:         4072144 kB
MemAvailable:    4279752 kB
Buffers:            6620 kB
Cached:           315272 kB
SwapCached:       136636 kB
Active:          2855316 kB
Inactive:         601024 kB
Active(anon):    2745688 kB
Inactive(anon):   443184 kB
Active(file):     109628 kB
Inactive(file):   157840 kB
Unevictable:          16 kB
Mlocked:              16 kB
SwapTotal:       4194300 kB
SwapFree:        3920156 kB
Zswap:                 0 kB
Zswapped:              0 kB
Dirty:               196 kB
Writeback:             0 kB
AnonPages:       2967612 kB
Mapped:           268692 kB
Shmem:             54452 kB
KReclaimable:      57036 kB
Slab:             284168 kB
SReclaimable:      57036 kB
SUnreclaim:       227132 kB
KernelStack:       18348 kB
PageTables:        49052 kB
SecPageTables:         0 kB
NFS_Unstable:          0 kB
Bounce:                0 kB
WritebackTmp:          0 kB
CommitLimit:     8258920 kB
Committed_AS:   11409676 kB
VmallocTotal:   34359738367 kB
VmallocUsed:       46648 kB
VmallocChunk:          0 kB
Percpu:            13280 kB
HardwareCorrupted:     0 kB
AnonHugePages:    212992 kB
ShmemHugePages:        0 kB
ShmemPmdMapped:        0 kB
FileHugePages:         0 kB
FilePmdMapped:         0 kB
CmaTotal:              0 kB
CmaFree:               0 kB
Unaccepted:            0 kB
Balloon:               0 kB
HugePages_Total:       0
HugePages_Free:        0
HugePages_Rsvd:        0
HugePages_Surp:        0
Hugepagesize:       2048 kB
Hugetlb:               0 kB
DirectMap4k:      194432 kB
DirectMap2M:     6096896 kB
DirectMap1G:     4194304 kB
---SNAPSHOT---
2026-04-27 15:19:37
MemTotal:        8129240 kB
MemFree:         3823844 kB
MemAvailable:    4031456 kB
Buffers:            6620 kB
Cached:           315276 kB
SwapCached:       136636 kB
Active:          3154084 kB
Inactive:         601028 kB
Active(anon):    3044456 kB
Inactive(anon):   443184 kB
Active(file):     109628 kB
Inactive(file):   157844 kB
Unevictable:          16 kB
Mlocked:              16 kB
SwapTotal:       4194300 kB
SwapFree:        3920156 kB
Zswap:                 0 kB
Zswapped:              0 kB
Dirty:               200 kB
Writeback:             0 kB
AnonPages:       3299956 kB
Mapped:           268692 kB
Shmem:             54452 kB
KReclaimable:      57036 kB
Slab:             284168 kB
SReclaimable:      57036 kB
SUnreclaim:       227132 kB
KernelStack:       18364 kB
PageTables:        49516 kB
SecPageTables:         0 kB
NFS_Unstable:          0 kB
Bounce:                0 kB
WritebackTmp:          0 kB
CommitLimit:     8258920 kB
Committed_AS:   11409052 kB
VmallocTotal:   34359738367 kB
VmallocUsed:       46600 kB
VmallocChunk:          0 kB
Percpu:            13280 kB
HardwareCorrupted:     0 kB
AnonHugePages:    212992 kB
ShmemHugePages:        0 kB
ShmemPmdMapped:        0 kB
FileHugePages:         0 kB
FilePmdMapped:         0 kB
CmaTotal:              0 kB
CmaFree:               0 kB
Unaccepted:            0 kB
Balloon:               0 kB
HugePages_Total:       0
HugePages_Free:        0
HugePages_Rsvd:        0
HugePages_Surp:        0
Hugepagesize:       2048 kB
Hugetlb:               0 kB
DirectMap4k:      194432 kB
DirectMap2M:     6096896 kB
DirectMap1G:     4194304 kB
---SNAPSHOT---
2026-04-27 15:19:38
MemTotal:        8129240 kB
MemFree:         4214292 kB
MemAvailable:    4421916 kB
Buffers:            6620 kB
Cached:           315284 kB
SwapCached:       136636 kB
Active:          2718176 kB
Inactive:         601040 kB
Active(anon):    2608548 kB
Inactive(anon):   443184 kB
Active(file):     109628 kB
Inactive(file):   157856 kB
Unevictable:          16 kB
Mlocked:              16 kB
SwapTotal:       4194300 kB
SwapFree:        3920156 kB
Zswap:                 0 kB
Zswapped:              0 kB
Dirty:               208 kB
Writeback:             0 kB
AnonPages:       2864460 kB
Mapped:           268692 kB
Shmem:             54452 kB
KReclaimable:      57036 kB
Slab:             284168 kB
SReclaimable:      57036 kB
SUnreclaim:       227132 kB
KernelStack:       18348 kB
PageTables:        48864 kB
SecPageTables:         0 kB
NFS_Unstable:          0 kB
Bounce:                0 kB
WritebackTmp:          0 kB
CommitLimit:     8258920 kB
Committed_AS:   11409784 kB
VmallocTotal:   34359738367 kB
VmallocUsed:       46648 kB
VmallocChunk:          0 kB
Percpu:            13280 kB
HardwareCorrupted:     0 kB
AnonHugePages:    212992 kB
ShmemHugePages:        0 kB
ShmemPmdMapped:        0 kB
FileHugePages:         0 kB
FilePmdMapped:         0 kB
CmaTotal:              0 kB
CmaFree:               0 kB
Unaccepted:            0 kB
Balloon:               0 kB
HugePages_Total:       0
HugePages_Free:        0
HugePages_Rsvd:        0
HugePages_Surp:        0
Hugepagesize:       2048 kB
Hugetlb:               0 kB
DirectMap4k:      194432 kB
DirectMap2M:     6096896 kB
DirectMap1G:     4194304 kB
---SNAPSHOT---
2026-04-27 15:19:39
MemTotal:        8129240 kB
MemFree:         4110872 kB
MemAvailable:    4318496 kB
Buffers:            6620 kB
Cached:           315288 kB
SwapCached:       136636 kB
Active:          2812632 kB
Inactive:         601040 kB
Active(anon):    2703004 kB
Inactive(anon):   443184 kB
Active(file):     109628 kB
Inactive(file):   157856 kB
Unevictable:          16 kB
Mlocked:              16 kB
SwapTotal:       4194300 kB
SwapFree:        3920156 kB
Zswap:                 0 kB
Zswapped:              0 kB
Dirty:               212 kB
Writeback:             0 kB
AnonPages:       2949964 kB
Mapped:           268692 kB
Shmem:             54452 kB
KReclaimable:      57036 kB
Slab:             284172 kB
SReclaimable:      57036 kB
SUnreclaim:       227136 kB
KernelStack:       18288 kB
PageTables:        48880 kB
SecPageTables:         0 kB
NFS_Unstable:          0 kB
Bounce:                0 kB
WritebackTmp:          0 kB
CommitLimit:     8258920 kB
Committed_AS:   11409436 kB
VmallocTotal:   34359738367 kB
VmallocUsed:       46584 kB
VmallocChunk:          0 kB
Percpu:            13280 kB
HardwareCorrupted:     0 kB
AnonHugePages:    212992 kB
ShmemHugePages:        0 kB
ShmemPmdMapped:        0 kB
FileHugePages:         0 kB
FilePmdMapped:         0 kB
CmaTotal:              0 kB
CmaFree:               0 kB
Unaccepted:            0 kB
Balloon:               0 kB
HugePages_Total:       0
HugePages_Free:        0
HugePages_Rsvd:        0
HugePages_Surp:        0
Hugepagesize:       2048 kB
Hugetlb:               0 kB
DirectMap4k:      194432 kB
DirectMap2M:     6096896 kB
DirectMap1G:     4194304 kB
---SNAPSHOT---
2026-04-27 15:19:40
MemTotal:        8129240 kB
MemFree:         3766860 kB
MemAvailable:    3974492 kB
Buffers:            6628 kB
Cached:           315296 kB
SwapCached:       136636 kB
Active:          3217292 kB
Inactive:         601048 kB
Active(anon):    3107664 kB
Inactive(anon):   443184 kB
Active(file):     109628 kB
Inactive(file):   157864 kB
Unevictable:          16 kB
Mlocked:              16 kB
SwapTotal:       4194300 kB
SwapFree:        3920156 kB
Zswap:                 0 kB
Zswapped:              0 kB
Dirty:               220 kB
Writeback:             0 kB
AnonPages:       3363008 kB
Mapped:           268920 kB
Shmem:             54452 kB
KReclaimable:      57036 kB
Slab:             284172 kB
SReclaimable:      57036 kB
SUnreclaim:       227136 kB
KernelStack:       18272 kB
PageTables:        49352 kB
SecPageTables:         0 kB
NFS_Unstable:          0 kB
Bounce:                0 kB
WritebackTmp:          0 kB
CommitLimit:     8258920 kB
Committed_AS:   11409548 kB
VmallocTotal:   34359738367 kB
VmallocUsed:       46584 kB
VmallocChunk:          0 kB
Percpu:            13280 kB
HardwareCorrupted:     0 kB
AnonHugePages:    212992 kB
ShmemHugePages:        0 kB
ShmemPmdMapped:        0 kB
FileHugePages:         0 kB
FilePmdMapped:         0 kB
CmaTotal:              0 kB
CmaFree:               0 kB
Unaccepted:            0 kB
Balloon:               0 kB
HugePages_Total:       0
HugePages_Free:        0
HugePages_Rsvd:        0
HugePages_Surp:        0
Hugepagesize:       2048 kB
Hugetlb:               0 kB
DirectMap4k:      194432 kB
DirectMap2M:     6096896 kB
DirectMap1G:     4194304 kB
---SNAPSHOT---
2026-04-27 15:19:41
MemTotal:        8129240 kB
MemFree:         4144724 kB
MemAvailable:    4352372 kB
Buffers:            6628 kB
Cached:           315300 kB
SwapCached:       136636 kB
Active:          2819752 kB
Inactive:         601064 kB
Active(anon):    2710124 kB
Inactive(anon):   443184 kB
Active(file):     109628 kB
Inactive(file):   157880 kB
Unevictable:          16 kB
Mlocked:              16 kB
SwapTotal:       4194300 kB
SwapFree:        3920156 kB
Zswap:                 0 kB
Zswapped:              0 kB
Dirty:               224 kB
Writeback:             0 kB
AnonPages:       2965316 kB
Mapped:           268920 kB
Shmem:             54452 kB
KReclaimable:      57036 kB
Slab:             284172 kB
SReclaimable:      57036 kB
SUnreclaim:       227136 kB
KernelStack:       18288 kB
PageTables:        48716 kB
SecPageTables:         0 kB
NFS_Unstable:          0 kB
Bounce:                0 kB
WritebackTmp:          0 kB
CommitLimit:     8258920 kB
Committed_AS:   11409460 kB
VmallocTotal:   34359738367 kB
VmallocUsed:       46568 kB
VmallocChunk:          0 kB
Percpu:            13280 kB
HardwareCorrupted:     0 kB
AnonHugePages:    212992 kB
ShmemHugePages:        0 kB
ShmemPmdMapped:        0 kB
FileHugePages:         0 kB
FilePmdMapped:         0 kB
CmaTotal:              0 kB
CmaFree:               0 kB
Unaccepted:            0 kB
Balloon:               0 kB
HugePages_Total:       0
HugePages_Free:        0
HugePages_Rsvd:        0
HugePages_Surp:        0
Hugepagesize:       2048 kB
Hugetlb:               0 kB
DirectMap4k:      194432 kB
DirectMap2M:     6096896 kB
DirectMap1G:     4194304 kB
---SNAPSHOT---
2026-04-27 15:19:42
MemTotal:        8129240 kB
MemFree:         4520840 kB
MemAvailable:    4728488 kB
Buffers:            6628 kB
Cached:           315304 kB
SwapCached:       136636 kB
Active:          2405084 kB
Inactive:         601064 kB
Active(anon):    2295456 kB
Inactive(anon):   443184 kB
Active(file):     109628 kB
Inactive(file):   157880 kB
Unevictable:          16 kB
Mlocked:              16 kB
SwapTotal:       4194300 kB
SwapFree:        3920156 kB
Zswap:                 0 kB
Zswapped:              0 kB
Dirty:               228 kB
Writeback:             0 kB
AnonPages:       2551048 kB
Mapped:           268692 kB
Shmem:             54452 kB
KReclaimable:      57036 kB
Slab:             284172 kB
SReclaimable:      57036 kB
SUnreclaim:       227136 kB
KernelStack:       18304 kB
PageTables:        49132 kB
SecPageTables:         0 kB
NFS_Unstable:          0 kB
Bounce:                0 kB
WritebackTmp:          0 kB
CommitLimit:     8258920 kB
Committed_AS:   11409424 kB
VmallocTotal:   34359738367 kB
VmallocUsed:       46584 kB
VmallocChunk:          0 kB
Percpu:            13280 kB
HardwareCorrupted:     0 kB
AnonHugePages:    212992 kB
ShmemHugePages:        0 kB
ShmemPmdMapped:        0 kB
FileHugePages:         0 kB
FilePmdMapped:         0 kB
CmaTotal:              0 kB
CmaFree:               0 kB
Unaccepted:            0 kB
Balloon:               0 kB
HugePages_Total:       0
HugePages_Free:        0
HugePages_Rsvd:        0
HugePages_Surp:        0
Hugepagesize:       2048 kB
Hugetlb:               0 kB
DirectMap4k:      194432 kB
DirectMap2M:     6096896 kB
DirectMap1G:     4194304 kB
---SNAPSHOT---
2026-04-27 15:19:43
MemTotal:        8129240 kB
MemFree:         3710640 kB
MemAvailable:    3918296 kB
Buffers:            6628 kB
Cached:           315312 kB
SwapCached:       136636 kB
Active:          3276492 kB
Inactive:         601072 kB
Active(anon):    3166864 kB
Inactive(anon):   443184 kB
Active(file):     109628 kB
Inactive(file):   157888 kB
Unevictable:          16 kB
Mlocked:              16 kB
SwapTotal:       4194300 kB
SwapFree:        3920156 kB
Zswap:                 0 kB
Zswapped:              0 kB
Dirty:               236 kB
Writeback:             0 kB
AnonPages:       3422472 kB
Mapped:           268692 kB
Shmem:             54452 kB
KReclaimable:      57036 kB
Slab:             284172 kB
SReclaimable:      57036 kB
SUnreclaim:       227136 kB
KernelStack:       18304 kB
PageTables:        50376 kB
SecPageTables:         0 kB
NFS_Unstable:          0 kB
Bounce:                0 kB
WritebackTmp:          0 kB
CommitLimit:     8258920 kB
Committed_AS:   11409340 kB
VmallocTotal:   34359738367 kB
VmallocUsed:       46584 kB
VmallocChunk:          0 kB
Percpu:            13280 kB
HardwareCorrupted:     0 kB
AnonHugePages:    212992 kB
ShmemHugePages:        0 kB
ShmemPmdMapped:        0 kB
FileHugePages:         0 kB
FilePmdMapped:         0 kB
CmaTotal:              0 kB
CmaFree:               0 kB
Unaccepted:            0 kB
Balloon:               0 kB
HugePages_Total:       0
HugePages_Free:        0
HugePages_Rsvd:        0
HugePages_Surp:        0
Hugepagesize:       2048 kB
Hugetlb:               0 kB
DirectMap4k:      194432 kB
DirectMap2M:     6096896 kB
DirectMap1G:     4194304 kB
---SNAPSHOT---
2026-04-27 15:19:44
MemTotal:        8129240 kB
MemFree:         3603596 kB
MemAvailable:    3811260 kB
Buffers:            6628 kB
Cached:           315316 kB
SwapCached:       199564 kB
Active:          3326496 kB
Inactive:         662868 kB
Active(anon):    3216868 kB
Inactive(anon):   504972 kB
Active(file):     109628 kB
Inactive(file):   157896 kB
Unevictable:          16 kB
Mlocked:              16 kB
SwapTotal:       4194300 kB
SwapFree:        3857088 kB
Zswap:                 0 kB
Zswapped:              0 kB
Dirty:               240 kB
Writeback:          1140 kB
AnonPages:       3473436 kB
Mapped:           268704 kB
Shmem:             54452 kB
KReclaimable:      57036 kB
Slab:             284172 kB
SReclaimable:      57036 kB
SUnreclaim:       227136 kB
KernelStack:       18288 kB
PageTables:        50276 kB
SecPageTables:         0 kB
NFS_Unstable:          0 kB
Bounce:                0 kB
WritebackTmp:          0 kB
CommitLimit:     8258920 kB
Committed_AS:   11409352 kB
VmallocTotal:   34359738367 kB
VmallocUsed:       46600 kB
VmallocChunk:          0 kB
Percpu:            13280 kB
HardwareCorrupted:     0 kB
AnonHugePages:    212992 kB
ShmemHugePages:        0 kB
ShmemPmdMapped:        0 kB
FileHugePages:         0 kB
FilePmdMapped:         0 kB
CmaTotal:              0 kB
CmaFree:               0 kB
Unaccepted:            0 kB
Balloon:               0 kB
HugePages_Total:       0
HugePages_Free:        0
HugePages_Rsvd:        0
HugePages_Surp:        0
Hugepagesize:       2048 kB
Hugetlb:               0 kB
DirectMap4k:      194432 kB
DirectMap2M:     6096896 kB
DirectMap1G:     4194304 kB
---SNAPSHOT---
2026-04-27 15:19:46
MemTotal:        8129240 kB
MemFree:         3417044 kB
MemAvailable:    3624724 kB
Buffers:            6636 kB
Cached:           315324 kB
SwapCached:       738752 kB
Active:          2914236 kB
Inactive:        1186528 kB
Active(anon):    2804608 kB
Inactive(anon):  1028616 kB
Active(file):     109628 kB
Inactive(file):   157912 kB
Unevictable:          16 kB
Mlocked:              16 kB
SwapTotal:       4194300 kB
SwapFree:        3318040 kB
Zswap:                 0 kB
Zswapped:              0 kB
Dirty:               200 kB
Writeback:         16644 kB
AnonPages:       3045472 kB
Mapped:           268792 kB
Shmem:             54452 kB
KReclaimable:      57036 kB
Slab:             285420 kB
SReclaimable:      57036 kB
SUnreclaim:       228384 kB
KernelStack:       18288 kB
PageTables:        50308 kB
SecPageTables:         0 kB
NFS_Unstable:          0 kB
Bounce:                0 kB
WritebackTmp:          0 kB
CommitLimit:     8258920 kB
