---SNAPSHOT---
2026-04-27 15:58:47
MemTotal:        8129240 kB
MemFree:         5105532 kB
MemAvailable:    5289708 kB
Buffers:            5224 kB
Cached:           283152 kB
SwapCached:        18052 kB
Active:          1570684 kB
Inactive:         598748 kB
Active(anon):    1476760 kB
Inactive(anon):   443268 kB
Active(file):      93924 kB
Inactive(file):   155480 kB
Unevictable:           0 kB
Mlocked:               0 kB
SwapTotal:       4194300 kB
SwapFree:        4176248 kB
Zswap:                 0 kB
Zswapped:              0 kB
Dirty:               436 kB
Writeback:             0 kB
AnonPages:       1863308 kB
Mapped:           243008 kB
Shmem:             38824 kB
KReclaimable:      51668 kB
Slab:             278424 kB
SReclaimable:      51668 kB
SUnreclaim:       226756 kB
KernelStack:       18056 kB
PageTables:        45432 kB
SecPageTables:         0 kB
NFS_Unstable:          0 kB
Bounce:                0 kB
WritebackTmp:          0 kB
CommitLimit:     8258920 kB
Committed_AS:    8697700 kB
VmallocTotal:   34359738367 kB
VmallocUsed:       46232 kB
VmallocChunk:          0 kB
Percpu:            13280 kB
HardwareCorrupted:     0 kB
AnonHugePages:    194560 kB
ShmemHugePages:        0 kB
ShmemPmdMapped:        0 kB
FileHugePages:         0 kB
FilePmdMapped:         0 kB
CmaTotal:              0 kB
CmaFree:               0 kB
Unaccepted:            0 kB
Balloon:               0 kB
HugePages_Total:       0
HugePages_Free:        0
HugePages_Rsvd:        0
HugePages_Surp:        0
Hugepagesize:       2048 kB
Hugetlb:               0 kB
DirectMap4k:      194432 kB
DirectMap2M:     6096896 kB
DirectMap1G:     4194304 kB
---SNAPSHOT---
2026-04-27 15:58:48
MemTotal:        8129240 kB
MemFree:         5127292 kB
MemAvailable:    5312264 kB
Buffers:            5260 kB
Cached:           283824 kB
SwapCached:        18052 kB
Active:          1572300 kB
Inactive:         598924 kB
Active(anon):    1477756 kB
Inactive(anon):   443268 kB
Active(file):      94544 kB
Inactive(file):   155656 kB
Unevictable:           0 kB
Mlocked:               0 kB
SwapTotal:       4194300 kB
SwapFree:        4176248 kB
Zswap:                 0 kB
Zswapped:              0 kB
Dirty:               504 kB
Writeback:             0 kB
AnonPages:       1865056 kB
Mapped:           243268 kB
Shmem:             38824 kB
KReclaimable:      51668 kB
Slab:             278424 kB
SReclaimable:      51668 kB
SUnreclaim:       226756 kB
KernelStack:       18092 kB
PageTables:        45432 kB
SecPageTables:         0 kB
NFS_Unstable:          0 kB
Bounce:                0 kB
WritebackTmp:          0 kB
CommitLimit:     8258920 kB
Committed_AS:    8700108 kB
VmallocTotal:   34359738367 kB
VmallocUsed:       46328 kB
VmallocChunk:          0 kB
Percpu:            13280 kB
HardwareCorrupted:     0 kB
AnonHugePages:    194560 kB
ShmemHugePages:        0 kB
ShmemPmdMapped:        0 kB
FileHugePages:         0 kB
FilePmdMapped:         0 kB
CmaTotal:              0 kB
CmaFree:               0 kB
Unaccepted:            0 kB
Balloon:               0 kB
HugePages_Total:       0
HugePages_Free:        0
HugePages_Rsvd:        0
HugePages_Surp:        0
Hugepagesize:       2048 kB
Hugetlb:               0 kB
DirectMap4k:      194432 kB
DirectMap2M:     6096896 kB
DirectMap1G:     4194304 kB
---SNAPSHOT---
2026-04-27 15:58:49
MemTotal:        8129240 kB
MemFree:         5147732 kB
MemAvailable:    5333640 kB
Buffers:            5400 kB
Cached:           283976 kB
SwapCached:        18052 kB
Active:          1572272 kB
Inactive:         599000 kB
Active(anon):    1477556 kB
Inactive(anon):   443268 kB
Active(file):      94716 kB
Inactive(file):   155732 kB
Unevictable:           0 kB
Mlocked:               0 kB
SwapTotal:       4194300 kB
SwapFree:        4176248 kB
Zswap:                 0 kB
Zswapped:              0 kB
Dirty:               564 kB
Writeback:             0 kB
AnonPages:       1864096 kB
Mapped:           243040 kB
Shmem:             38824 kB
KReclaimable:      52356 kB
Slab:             279112 kB
SReclaimable:      52356 kB
SUnreclaim:       226756 kB
KernelStack:       18064 kB
PageTables:        45356 kB
SecPageTables:         0 kB
NFS_Unstable:          0 kB
Bounce:                0 kB
WritebackTmp:          0 kB
CommitLimit:     8258920 kB
Committed_AS:    8698728 kB
VmallocTotal:   34359738367 kB
VmallocUsed:       46312 kB
VmallocChunk:          0 kB
Percpu:            13280 kB
HardwareCorrupted:     0 kB
AnonHugePages:    194560 kB
ShmemHugePages:        0 kB
ShmemPmdMapped:        0 kB
FileHugePages:         0 kB
FilePmdMapped:         0 kB
CmaTotal:              0 kB
CmaFree:               0 kB
Unaccepted:            0 kB
Balloon:               0 kB
HugePages_Total:       0
HugePages_Free:        0
HugePages_Rsvd:        0
HugePages_Surp:        0
Hugepagesize:       2048 kB
Hugetlb:               0 kB
DirectMap4k:      194432 kB
DirectMap2M:     6096896 kB
DirectMap1G:     4194304 kB
---SNAPSHOT---
2026-04-27 15:58:50
MemTotal:        8129240 kB
MemFree:         5166780 kB
MemAvailable:    5356368 kB
Buffers:            5804 kB
Cached:           287380 kB
SwapCached:        18052 kB
Active:          1575580 kB
Inactive:         599488 kB
Active(anon):    1477672 kB
Inactive(anon):   443268 kB
Active(file):      97908 kB
Inactive(file):   156220 kB
Unevictable:           0 kB
Mlocked:               0 kB
SwapTotal:       4194300 kB
SwapFree:        4176248 kB
Zswap:                 0 kB
Zswapped:              0 kB
Dirty:               572 kB
Writeback:             0 kB
AnonPages:       1864188 kB
Mapped:           243496 kB
Shmem:             38824 kB
KReclaimable:      52356 kB
Slab:             279112 kB
SReclaimable:      52356 kB
SUnreclaim:       226756 kB
KernelStack:       18060 kB
PageTables:        45572 kB
SecPageTables:         0 kB
NFS_Unstable:          0 kB
Bounce:                0 kB
WritebackTmp:          0 kB
CommitLimit:     8258920 kB
Committed_AS:    8706432 kB
VmallocTotal:   34359738367 kB
VmallocUsed:       46296 kB
VmallocChunk:          0 kB
Percpu:            13280 kB
HardwareCorrupted:     0 kB
AnonHugePages:    194560 kB
ShmemHugePages:        0 kB
ShmemPmdMapped:        0 kB
FileHugePages:         0 kB
FilePmdMapped:         0 kB
CmaTotal:              0 kB
CmaFree:               0 kB
Unaccepted:            0 kB
Balloon:               0 kB
HugePages_Total:       0
HugePages_Free:        0
HugePages_Rsvd:        0
HugePages_Surp:        0
Hugepagesize:       2048 kB
Hugetlb:               0 kB
DirectMap4k:      194432 kB
DirectMap2M:     6096896 kB
DirectMap1G:     4194304 kB
---SNAPSHOT---
2026-04-27 15:58:51
MemTotal:        8129240 kB
MemFree:         4352680 kB
MemAvailable:    4551588 kB
Buffers:            5804 kB
Cached:           312020 kB
SwapCached:        18052 kB
Active:          2433360 kB
Inactive:         599736 kB
Active(anon):    2327980 kB
Inactive(anon):   443268 kB
Active(file):     105380 kB
Inactive(file):   156468 kB
Unevictable:          16 kB
Mlocked:              16 kB
SwapTotal:       4194300 kB
SwapFree:        4176248 kB
Zswap:                 0 kB
Zswapped:              0 kB
Dirty:               652 kB
Writeback:             0 kB
AnonPages:       2697776 kB
Mapped:           263692 kB
Shmem:             55972 kB
KReclaimable:      53956 kB
Slab:             280784 kB
SReclaimable:      53956 kB
SUnreclaim:       226828 kB
KernelStack:       18236 kB
PageTables:        47816 kB
SecPageTables:         0 kB
NFS_Unstable:          0 kB
Bounce:                0 kB
WritebackTmp:          0 kB
CommitLimit:     8258920 kB
Committed_AS:   11355104 kB
VmallocTotal:   34359738367 kB
VmallocUsed:       46392 kB
VmallocChunk:          0 kB
Percpu:            13280 kB
HardwareCorrupted:     0 kB
AnonHugePages:    194560 kB
ShmemHugePages:        0 kB
ShmemPmdMapped:        0 kB
FileHugePages:         0 kB
FilePmdMapped:         0 kB
CmaTotal:              0 kB
CmaFree:               0 kB
Unaccepted:            0 kB
Balloon:               0 kB
HugePages_Total:       0
HugePages_Free:        0
HugePages_Rsvd:        0
HugePages_Surp:        0
Hugepagesize:       2048 kB
Hugetlb:               0 kB
DirectMap4k:      194432 kB
DirectMap2M:     6096896 kB
DirectMap1G:     4194304 kB
---SNAPSHOT---
2026-04-27 15:58:52
MemTotal:        8129240 kB
MemFree:         3466932 kB
MemAvailable:    3665848 kB
Buffers:            5804 kB
Cached:           312032 kB
SwapCached:        18052 kB
Active:          3321096 kB
Inactive:         599744 kB
Active(anon):    3215716 kB
Inactive(anon):   443268 kB
Active(file):     105380 kB
Inactive(file):   156476 kB
Unevictable:          16 kB
Mlocked:              16 kB
SwapTotal:       4194300 kB
SwapFree:        4176248 kB
Zswap:                 0 kB
Zswapped:              0 kB
Dirty:               660 kB
Writeback:             0 kB
AnonPages:       3585608 kB
Mapped:           263920 kB
Shmem:             55972 kB
KReclaimable:      53956 kB
Slab:             280824 kB
SReclaimable:      53956 kB
SUnreclaim:       226868 kB
KernelStack:       18176 kB
PageTables:        49644 kB
SecPageTables:         0 kB
NFS_Unstable:          0 kB
Bounce:                0 kB
WritebackTmp:          0 kB
CommitLimit:     8258920 kB
Committed_AS:   11355356 kB
VmallocTotal:   34359738367 kB
VmallocUsed:       46424 kB
VmallocChunk:          0 kB
Percpu:            13280 kB
HardwareCorrupted:     0 kB
AnonHugePages:    194560 kB
ShmemHugePages:        0 kB
ShmemPmdMapped:        0 kB
FileHugePages:         0 kB
FilePmdMapped:         0 kB
CmaTotal:              0 kB
CmaFree:               0 kB
Unaccepted:            0 kB
Balloon:               0 kB
HugePages_Total:       0
HugePages_Free:        0
HugePages_Rsvd:        0
HugePages_Surp:        0
Hugepagesize:       2048 kB
Hugetlb:               0 kB
DirectMap4k:      194432 kB
DirectMap2M:     6096896 kB
DirectMap1G:     4194304 kB
---SNAPSHOT---
2026-04-27 15:58:53
MemTotal:        8129240 kB
MemFree:         3801812 kB
MemAvailable:    4001192 kB
Buffers:            5804 kB
Cached:           312036 kB
SwapCached:        18052 kB
Active:          2802896 kB
Inactive:         599752 kB
Active(anon):    2697516 kB
Inactive(anon):   443268 kB
Active(file):     105380 kB
Inactive(file):   156484 kB
Unevictable:          16 kB
Mlocked:              16 kB
SwapTotal:       4194300 kB
SwapFree:        4176248 kB
Zswap:                 0 kB
Zswapped:              0 kB
Dirty:               664 kB
Writeback:             0 kB
AnonPages:       3021352 kB
Mapped:           263692 kB
Shmem:             55972 kB
KReclaimable:      53956 kB
Slab:             280816 kB
SReclaimable:      53956 kB
SUnreclaim:       226860 kB
KernelStack:       18176 kB
PageTables:        50908 kB
SecPageTables:         0 kB
NFS_Unstable:          0 kB
Bounce:                0 kB
WritebackTmp:          0 kB
CommitLimit:     8258920 kB
Committed_AS:   11356348 kB
VmallocTotal:   34359738367 kB
VmallocUsed:       46520 kB
VmallocChunk:          0 kB
Percpu:            13280 kB
HardwareCorrupted:     0 kB
AnonHugePages:    192512 kB
ShmemHugePages:        0 kB
ShmemPmdMapped:        0 kB
FileHugePages:         0 kB
FilePmdMapped:         0 kB
CmaTotal:              0 kB
CmaFree:               0 kB
Unaccepted:            0 kB
Balloon:               0 kB
HugePages_Total:       0
HugePages_Free:        0
HugePages_Rsvd:        0
HugePages_Surp:        0
Hugepagesize:       2048 kB
Hugetlb:               0 kB
DirectMap4k:      194432 kB
DirectMap2M:     6096896 kB
DirectMap1G:     4194304 kB
---SNAPSHOT---
2026-04-27 15:58:54
MemTotal:        8129240 kB
MemFree:         4240244 kB
MemAvailable:    4439172 kB
Buffers:            5812 kB
Cached:           312032 kB
SwapCached:        18052 kB
Active:          2461356 kB
Inactive:         599756 kB
Active(anon):    2355976 kB
Inactive(anon):   443268 kB
Active(file):     105380 kB
Inactive(file):   156488 kB
Unevictable:          16 kB
Mlocked:              16 kB
SwapTotal:       4194300 kB
SwapFree:        4176248 kB
Zswap:                 0 kB
Zswapped:              0 kB
Dirty:               668 kB
Writeback:             0 kB
AnonPages:       2725396 kB
Mapped:           263692 kB
Shmem:             55972 kB
KReclaimable:      53956 kB
Slab:             280852 kB
SReclaimable:      53956 kB
SUnreclaim:       226896 kB
KernelStack:       18284 kB
PageTables:        48068 kB
SecPageTables:         0 kB
NFS_Unstable:          0 kB
Bounce:                0 kB
WritebackTmp:          0 kB
CommitLimit:     8258920 kB
Committed_AS:   11356288 kB
VmallocTotal:   34359738367 kB
VmallocUsed:       46472 kB
VmallocChunk:          0 kB
Percpu:            13280 kB
HardwareCorrupted:     0 kB
AnonHugePages:    192512 kB
ShmemHugePages:        0 kB
ShmemPmdMapped:        0 kB
FileHugePages:         0 kB
FilePmdMapped:         0 kB
CmaTotal:              0 kB
CmaFree:               0 kB
Unaccepted:            0 kB
Balloon:               0 kB
HugePages_Total:       0
HugePages_Free:        0
HugePages_Rsvd:        0
HugePages_Surp:        0
Hugepagesize:       2048 kB
Hugetlb:               0 kB
DirectMap4k:      194432 kB
DirectMap2M:     6096896 kB
DirectMap1G:     4194304 kB
---SNAPSHOT---
2026-04-27 15:58:55
MemTotal:        8129240 kB
MemFree:         3333636 kB
MemAvailable:    3532580 kB
Buffers:            5812 kB
Cached:           312048 kB
SwapCached:        18052 kB
Active:          3387168 kB
Inactive:         599772 kB
Active(anon):    3281788 kB
Inactive(anon):   443268 kB
Active(file):     105380 kB
Inactive(file):   156504 kB
Unevictable:          16 kB
Mlocked:              16 kB
SwapTotal:       4194300 kB
SwapFree:        4176248 kB
Zswap:                 0 kB
Zswapped:              0 kB
Dirty:               676 kB
Writeback:             0 kB
AnonPages:       3651292 kB
Mapped:           263692 kB
Shmem:             55972 kB
KReclaimable:      53956 kB
Slab:             280852 kB
SReclaimable:      53956 kB
SUnreclaim:       226896 kB
KernelStack:       18176 kB
PageTables:        49440 kB
SecPageTables:         0 kB
NFS_Unstable:          0 kB
Bounce:                0 kB
WritebackTmp:          0 kB
CommitLimit:     8258920 kB
Committed_AS:   11354632 kB
VmallocTotal:   34359738367 kB
VmallocUsed:       46392 kB
VmallocChunk:          0 kB
Percpu:            13280 kB
HardwareCorrupted:     0 kB
AnonHugePages:    192512 kB
ShmemHugePages:        0 kB
ShmemPmdMapped:        0 kB
FileHugePages:         0 kB
FilePmdMapped:         0 kB
CmaTotal:              0 kB
CmaFree:               0 kB
Unaccepted:            0 kB
Balloon:               0 kB
HugePages_Total:       0
HugePages_Free:        0
HugePages_Rsvd:        0
HugePages_Surp:        0
Hugepagesize:       2048 kB
Hugetlb:               0 kB
DirectMap4k:      194432 kB
DirectMap2M:     6096896 kB
DirectMap1G:     4194304 kB
---SNAPSHOT---
2026-04-27 15:58:56
MemTotal:        8129240 kB
MemFree:         4093320 kB
MemAvailable:    4292268 kB
Buffers:            5812 kB
Cached:           312052 kB
SwapCached:        18052 kB
Active:          2597640 kB
Inactive:         599776 kB
Active(anon):    2492260 kB
Inactive(anon):   443268 kB
Active(file):     105380 kB
Inactive(file):   156508 kB
Unevictable:          16 kB
Mlocked:              16 kB
SwapTotal:       4194300 kB
SwapFree:        4176248 kB
Zswap:                 0 kB
Zswapped:              0 kB
Dirty:               680 kB
Writeback:             0 kB
AnonPages:       2861796 kB
Mapped:           263920 kB
Shmem:             55972 kB
KReclaimable:      53956 kB
Slab:             280836 kB
SReclaimable:      53956 kB
SUnreclaim:       226880 kB
KernelStack:       18208 kB
PageTables:        49312 kB
SecPageTables:         0 kB
NFS_Unstable:          0 kB
Bounce:                0 kB
WritebackTmp:          0 kB
CommitLimit:     8258920 kB
Committed_AS:   11354480 kB
VmallocTotal:   34359738367 kB
VmallocUsed:       46424 kB
VmallocChunk:          0 kB
Percpu:            13280 kB
HardwareCorrupted:     0 kB
AnonHugePages:    192512 kB
ShmemHugePages:        0 kB
ShmemPmdMapped:        0 kB
FileHugePages:         0 kB
FilePmdMapped:         0 kB
CmaTotal:              0 kB
CmaFree:               0 kB
Unaccepted:            0 kB
Balloon:               0 kB
HugePages_Total:       0
HugePages_Free:        0
HugePages_Rsvd:        0
HugePages_Surp:        0
Hugepagesize:       2048 kB
Hugetlb:               0 kB
DirectMap4k:      194432 kB
DirectMap2M:     6096896 kB
DirectMap1G:     4194304 kB
---SNAPSHOT---
2026-04-27 15:58:57
MemTotal:        8129240 kB
MemFree:         3804220 kB
MemAvailable:    4003176 kB
Buffers:            5812 kB
Cached:           312060 kB
SwapCached:        18052 kB
Active:          2912376 kB
Inactive:         599784 kB
Active(anon):    2806996 kB
Inactive(anon):   443268 kB
Active(file):     105380 kB
Inactive(file):   156516 kB
Unevictable:          16 kB
Mlocked:              16 kB
SwapTotal:       4194300 kB
SwapFree:        4176248 kB
Zswap:                 0 kB
Zswapped:              0 kB
Dirty:               688 kB
Writeback:             0 kB
AnonPages:       3176668 kB
Mapped:           263692 kB
Shmem:             55972 kB
KReclaimable:      53956 kB
Slab:             280860 kB
SReclaimable:      53956 kB
SUnreclaim:       226904 kB
KernelStack:       18236 kB
PageTables:        49512 kB
SecPageTables:         0 kB
NFS_Unstable:          0 kB
Bounce:                0 kB
WritebackTmp:          0 kB
CommitLimit:     8258920 kB
Committed_AS:   11355112 kB
VmallocTotal:   34359738367 kB
VmallocUsed:       46424 kB
VmallocChunk:          0 kB
Percpu:            13280 kB
HardwareCorrupted:     0 kB
AnonHugePages:    192512 kB
ShmemHugePages:        0 kB
ShmemPmdMapped:        0 kB
FileHugePages:         0 kB
FilePmdMapped:         0 kB
CmaTotal:              0 kB
CmaFree:               0 kB
Unaccepted:            0 kB
Balloon:               0 kB
HugePages_Total:       0
HugePages_Free:        0
HugePages_Rsvd:        0
HugePages_Surp:        0
Hugepagesize:       2048 kB
Hugetlb:               0 kB
DirectMap4k:      194432 kB
DirectMap2M:     6096896 kB
DirectMap1G:     4194304 kB
---SNAPSHOT---
2026-04-27 15:58:58
MemTotal:        8129240 kB
MemFree:         3153176 kB
MemAvailable:    3352136 kB
Buffers:            5812 kB
Cached:           312064 kB
SwapCached:        18052 kB
Active:          3587524 kB
Inactive:         599788 kB
Active(anon):    3482144 kB
Inactive(anon):   443268 kB
Active(file):     105380 kB
Inactive(file):   156520 kB
Unevictable:          16 kB
Mlocked:              16 kB
SwapTotal:       4194300 kB
SwapFree:        4176248 kB
Zswap:                 0 kB
Zswapped:              0 kB
Dirty:               692 kB
Writeback:             0 kB
AnonPages:       3851700 kB
Mapped:           263692 kB
Shmem:             55972 kB
KReclaimable:      53956 kB
Slab:             280852 kB
SReclaimable:      53956 kB
SUnreclaim:       226896 kB
KernelStack:       18176 kB
PageTables:        50668 kB
SecPageTables:         0 kB
NFS_Unstable:          0 kB
Bounce:                0 kB
WritebackTmp:          0 kB
CommitLimit:     8258920 kB
Committed_AS:   11355112 kB
VmallocTotal:   34359738367 kB
VmallocUsed:       46424 kB
VmallocChunk:          0 kB
Percpu:            13280 kB
HardwareCorrupted:     0 kB
AnonHugePages:    192512 kB
ShmemHugePages:        0 kB
ShmemPmdMapped:        0 kB
FileHugePages:         0 kB
FilePmdMapped:         0 kB
CmaTotal:              0 kB
CmaFree:               0 kB
Unaccepted:            0 kB
Balloon:               0 kB
HugePages_Total:       0
HugePages_Free:        0
HugePages_Rsvd:        0
HugePages_Surp:        0
Hugepagesize:       2048 kB
Hugetlb:               0 kB
DirectMap4k:      194432 kB
DirectMap2M:     6096896 kB
DirectMap1G:     4194304 kB
---SNAPSHOT---
2026-04-27 15:58:59
MemTotal:        8129240 kB
MemFree:         3743124 kB
MemAvailable:    3942088 kB
Buffers:            5820 kB
Cached:           312060 kB
SwapCached:        18052 kB
Active:          3027212 kB
Inactive:         599792 kB
Active(anon):    2921832 kB
Inactive(anon):   443268 kB
Active(file):     105380 kB
Inactive(file):   156524 kB
Unevictable:          16 kB
Mlocked:              16 kB
SwapTotal:       4194300 kB
SwapFree:        4176248 kB
Zswap:                 0 kB
Zswapped:              0 kB
Dirty:               696 kB
Writeback:             0 kB
AnonPages:       3290904 kB
Mapped:           263692 kB
Shmem:             55972 kB
KReclaimable:      53956 kB
Slab:             280816 kB
SReclaimable:      53956 kB
SUnreclaim:       226860 kB
KernelStack:       18176 kB
PageTables:        49084 kB
SecPageTables:         0 kB
NFS_Unstable:          0 kB
Bounce:                0 kB
WritebackTmp:          0 kB
CommitLimit:     8258920 kB
Committed_AS:   11354716 kB
VmallocTotal:   34359738367 kB
VmallocUsed:       46392 kB
VmallocChunk:          0 kB
Percpu:            13280 kB
HardwareCorrupted:     0 kB
AnonHugePages:    192512 kB
ShmemHugePages:        0 kB
ShmemPmdMapped:        0 kB
FileHugePages:         0 kB
FilePmdMapped:         0 kB
CmaTotal:              0 kB
CmaFree:               0 kB
Unaccepted:            0 kB
Balloon:               0 kB
HugePages_Total:       0
HugePages_Free:        0
HugePages_Rsvd:        0
HugePages_Surp:        0
Hugepagesize:       2048 kB
Hugetlb:               0 kB
DirectMap4k:      194432 kB
DirectMap2M:     6096896 kB
DirectMap1G:     4194304 kB
---SNAPSHOT---
2026-04-27 15:59:00
MemTotal:        8129240 kB
MemFree:         4120204 kB
MemAvailable:    4319180 kB
Buffers:            5820 kB
Cached:           312076 kB
SwapCached:        18052 kB
Active:          2623176 kB
Inactive:         599804 kB
Active(anon):    2517796 kB
Inactive(anon):   443268 kB
Active(file):     105380 kB
Inactive(file):   156536 kB
Unevictable:          16 kB
Mlocked:              16 kB
SwapTotal:       4194300 kB
SwapFree:        4176248 kB
Zswap:                 0 kB
Zswapped:              0 kB
Dirty:               704 kB
Writeback:             0 kB
AnonPages:       2887612 kB
Mapped:           263692 kB
Shmem:             55972 kB
KReclaimable:      53956 kB
Slab:             280828 kB
SReclaimable:      53956 kB
SUnreclaim:       226872 kB
KernelStack:       18176 kB
PageTables:        47732 kB
SecPageTables:         0 kB
NFS_Unstable:          0 kB
Bounce:                0 kB
WritebackTmp:          0 kB
CommitLimit:     8258920 kB
Committed_AS:   11354624 kB
VmallocTotal:   34359738367 kB
VmallocUsed:       46408 kB
VmallocChunk:          0 kB
Percpu:            13280 kB
HardwareCorrupted:     0 kB
AnonHugePages:    192512 kB
ShmemHugePages:        0 kB
ShmemPmdMapped:        0 kB
FileHugePages:         0 kB
FilePmdMapped:         0 kB
CmaTotal:              0 kB
CmaFree:               0 kB
Unaccepted:            0 kB
Balloon:               0 kB
HugePages_Total:       0
HugePages_Free:        0
HugePages_Rsvd:        0
HugePages_Surp:        0
Hugepagesize:       2048 kB
Hugetlb:               0 kB
DirectMap4k:      194432 kB
DirectMap2M:     6096896 kB
DirectMap1G:     4194304 kB
---SNAPSHOT---
2026-04-27 15:59:01
MemTotal:        8129240 kB
MemFree:         3194308 kB
MemAvailable:    3393496 kB
Buffers:            6080 kB
Cached:           312080 kB
SwapCached:        18052 kB
Active:          3570344 kB
Inactive:         600016 kB
Active(anon):    3464964 kB
Inactive(anon):   443268 kB
Active(file):     105380 kB
Inactive(file):   156748 kB
Unevictable:          16 kB
Mlocked:              16 kB
SwapTotal:       4194300 kB
SwapFree:        4176248 kB
Zswap:                 0 kB
Zswapped:              0 kB
Dirty:               708 kB
Writeback:             0 kB
AnonPages:       3834560 kB
Mapped:           263692 kB
Shmem:             55972 kB
KReclaimable:      53956 kB
Slab:             280836 kB
SReclaimable:      53956 kB
SUnreclaim:       226880 kB
KernelStack:       18176 kB
PageTables:        49932 kB
SecPageTables:         0 kB
NFS_Unstable:          0 kB
Bounce:                0 kB
WritebackTmp:          0 kB
CommitLimit:     8258920 kB
Committed_AS:   11355000 kB
VmallocTotal:   34359738367 kB
VmallocUsed:       46392 kB
VmallocChunk:          0 kB
Percpu:            13280 kB
HardwareCorrupted:     0 kB
AnonHugePages:    192512 kB
ShmemHugePages:        0 kB
ShmemPmdMapped:        0 kB
FileHugePages:         0 kB
FilePmdMapped:         0 kB
CmaTotal:              0 kB
CmaFree:               0 kB
Unaccepted:            0 kB
Balloon:               0 kB
HugePages_Total:       0
HugePages_Free:        0
HugePages_Rsvd:        0
HugePages_Surp:        0
Hugepagesize:       2048 kB
Hugetlb:               0 kB
DirectMap4k:      194432 kB
DirectMap2M:     6096896 kB
DirectMap1G:     4194304 kB
---SNAPSHOT---
2026-04-27 15:59:02
MemTotal:        8129240 kB
MemFree:         4237528 kB
MemAvailable:    4436780 kB
Buffers:            6080 kB
Cached:           312088 kB
SwapCached:        18052 kB
Active:          2509288 kB
Inactive:         600080 kB
Active(anon):    2403908 kB
Inactive(anon):   443268 kB
Active(file):     105380 kB
Inactive(file):   156812 kB
Unevictable:          16 kB
Mlocked:              16 kB
SwapTotal:       4194300 kB
SwapFree:        4176248 kB
Zswap:                 0 kB
Zswapped:              0 kB
Dirty:               716 kB
Writeback:             0 kB
AnonPages:       2773220 kB
Mapped:           263692 kB
Shmem:             55972 kB
KReclaimable:      53956 kB
Slab:             280848 kB
SReclaimable:      53956 kB
SUnreclaim:       226892 kB
KernelStack:       18236 kB
PageTables:        47852 kB
SecPageTables:         0 kB
NFS_Unstable:          0 kB
Bounce:                0 kB
WritebackTmp:          0 kB
CommitLimit:     8258920 kB
Committed_AS:   11355360 kB
VmallocTotal:   34359738367 kB
VmallocUsed:       46408 kB
VmallocChunk:          0 kB
Percpu:            13280 kB
HardwareCorrupted:     0 kB
AnonHugePages:    192512 kB
ShmemHugePages:        0 kB
ShmemPmdMapped:        0 kB
FileHugePages:         0 kB
FilePmdMapped:         0 kB
CmaTotal:              0 kB
CmaFree:               0 kB
Unaccepted:            0 kB
Balloon:               0 kB
HugePages_Total:       0
HugePages_Free:        0
HugePages_Rsvd:        0
HugePages_Surp:        0
Hugepagesize:       2048 kB
Hugetlb:               0 kB
DirectMap4k:      194432 kB
DirectMap2M:     6096896 kB
DirectMap1G:     4194304 kB
---SNAPSHOT---
2026-04-27 15:59:03
MemTotal:        8129240 kB
MemFree:         4000932 kB
MemAvailable:    4200188 kB
Buffers:            6080 kB
Cached:           312092 kB
SwapCached:        18052 kB
Active:          2790724 kB
Inactive:         600084 kB
Active(anon):    2685344 kB
Inactive(anon):   443268 kB
Active(file):     105380 kB
Inactive(file):   156816 kB
Unevictable:          16 kB
Mlocked:              16 kB
SwapTotal:       4194300 kB
SwapFree:        4176248 kB
Zswap:                 0 kB
Zswapped:              0 kB
Dirty:               720 kB
Writeback:             0 kB
AnonPages:       3054696 kB
Mapped:           263920 kB
Shmem:             55972 kB
KReclaimable:      53956 kB
Slab:             280828 kB
SReclaimable:      53956 kB
SUnreclaim:       226872 kB
KernelStack:       18176 kB
PageTables:        48116 kB
SecPageTables:         0 kB
NFS_Unstable:          0 kB
Bounce:                0 kB
WritebackTmp:          0 kB
CommitLimit:     8258920 kB
Committed_AS:   11355360 kB
VmallocTotal:   34359738367 kB
VmallocUsed:       46392 kB
VmallocChunk:          0 kB
Percpu:            13280 kB
HardwareCorrupted:     0 kB
AnonHugePages:    192512 kB
ShmemHugePages:        0 kB
ShmemPmdMapped:        0 kB
FileHugePages:         0 kB
FilePmdMapped:         0 kB
CmaTotal:              0 kB
CmaFree:               0 kB
Unaccepted:            0 kB
Balloon:               0 kB
HugePages_Total:       0
HugePages_Free:        0
HugePages_Rsvd:        0
HugePages_Surp:        0
Hugepagesize:       2048 kB
Hugetlb:               0 kB
DirectMap4k:      194432 kB
DirectMap2M:     6096896 kB
DirectMap1G:     4194304 kB
---SNAPSHOT---
2026-04-27 15:59:04
MemTotal:        8129240 kB
MemFree:         3067380 kB
MemAvailable:    3266640 kB
Buffers:            6088 kB
Cached:           312088 kB
SwapCached:        18052 kB
Active:          3736908 kB
Inactive:         600088 kB
Active(anon):    3631528 kB
Inactive(anon):   443268 kB
Active(file):     105380 kB
Inactive(file):   156820 kB
Unevictable:          16 kB
Mlocked:              16 kB
SwapTotal:       4194300 kB
SwapFree:        4176248 kB
Zswap:                 0 kB
Zswapped:              0 kB
Dirty:               724 kB
Writeback:             0 kB
AnonPages:       4001152 kB
Mapped:           263692 kB
Shmem:             55972 kB
KReclaimable:      53956 kB
Slab:             280840 kB
SReclaimable:      53956 kB
SUnreclaim:       226884 kB
KernelStack:       18236 kB
PageTables:        49976 kB
SecPageTables:         0 kB
NFS_Unstable:          0 kB
Bounce:                0 kB
WritebackTmp:          0 kB
CommitLimit:     8258920 kB
Committed_AS:   11354980 kB
VmallocTotal:   34359738367 kB
VmallocUsed:       46424 kB
VmallocChunk:          0 kB
Percpu:            13280 kB
HardwareCorrupted:     0 kB
AnonHugePages:    192512 kB
ShmemHugePages:        0 kB
ShmemPmdMapped:        0 kB
FileHugePages:         0 kB
FilePmdMapped:         0 kB
CmaTotal:              0 kB
CmaFree:               0 kB
Unaccepted:            0 kB
Balloon:               0 kB
HugePages_Total:       0
HugePages_Free:        0
HugePages_Rsvd:        0
HugePages_Surp:        0
Hugepagesize:       2048 kB
Hugetlb:               0 kB
DirectMap4k:      194432 kB
DirectMap2M:     6096896 kB
DirectMap1G:     4194304 kB
---SNAPSHOT---
2026-04-27 15:59:05
MemTotal:        8129240 kB
MemFree:         4774068 kB
MemAvailable:    4973344 kB
Buffers:            6088 kB
Cached:           312104 kB
SwapCached:        18052 kB
Active:          2030112 kB
Inactive:         600104 kB
Active(anon):    1924732 kB
Inactive(anon):   443268 kB
Active(file):     105380 kB
Inactive(file):   156836 kB
Unevictable:          16 kB
Mlocked:              16 kB
SwapTotal:       4194300 kB
SwapFree:        4176248 kB
Zswap:                 0 kB
Zswapped:              0 kB
Dirty:               732 kB
Writeback:             0 kB
AnonPages:       2294112 kB
Mapped:           263692 kB
Shmem:             55972 kB
KReclaimable:      53956 kB
Slab:             280836 kB
SReclaimable:      53956 kB
SUnreclaim:       226880 kB
KernelStack:       18176 kB
PageTables:        47048 kB
SecPageTables:         0 kB
NFS_Unstable:          0 kB
Bounce:                0 kB
WritebackTmp:          0 kB
CommitLimit:     8258920 kB
Committed_AS:   11355120 kB
VmallocTotal:   34359738367 kB
VmallocUsed:       46408 kB
VmallocChunk:          0 kB
Percpu:            13280 kB
HardwareCorrupted:     0 kB
AnonHugePages:    192512 kB
ShmemHugePages:        0 kB
ShmemPmdMapped:        0 kB
FileHugePages:         0 kB
FilePmdMapped:         0 kB
CmaTotal:              0 kB
CmaFree:               0 kB
Unaccepted:            0 kB
Balloon:               0 kB
HugePages_Total:       0
HugePages_Free:        0
HugePages_Rsvd:        0
HugePages_Surp:        0
Hugepagesize:       2048 kB
Hugetlb:               0 kB
DirectMap4k:      194432 kB
DirectMap2M:     6096896 kB
DirectMap1G:     4194304 kB
---SNAPSHOT---
2026-04-27 15:59:06
MemTotal:        8129240 kB
MemFree:         3913836 kB
MemAvailable:    4113116 kB
Buffers:            6088 kB
Cached:           312108 kB
SwapCached:        18052 kB
Active:          2902096 kB
Inactive:         600108 kB
Active(anon):    2796716 kB
Inactive(anon):   443268 kB
Active(file):     105380 kB
Inactive(file):   156840 kB
Unevictable:          16 kB
Mlocked:              16 kB
SwapTotal:       4194300 kB
SwapFree:        4176248 kB
Zswap:                 0 kB
Zswapped:              0 kB
Dirty:               736 kB
Writeback:             0 kB
AnonPages:       3166344 kB
Mapped:           263692 kB
Shmem:             55972 kB
KReclaimable:      53956 kB
Slab:             280848 kB
SReclaimable:      53956 kB
SUnreclaim:       226892 kB
KernelStack:       18160 kB
PageTables:        48396 kB
SecPageTables:         0 kB
NFS_Unstable:          0 kB
Bounce:                0 kB
WritebackTmp:          0 kB
CommitLimit:     8258920 kB
Committed_AS:   11355224 kB
VmallocTotal:   34359738367 kB
VmallocUsed:       46408 kB
VmallocChunk:          0 kB
Percpu:            13280 kB
HardwareCorrupted:     0 kB
AnonHugePages:    192512 kB
ShmemHugePages:        0 kB
ShmemPmdMapped:        0 kB
FileHugePages:         0 kB
FilePmdMapped:         0 kB
CmaTotal:              0 kB
CmaFree:               0 kB
Unaccepted:            0 kB
Balloon:               0 kB
HugePages_Total:       0
HugePages_Free:        0
HugePages_Rsvd:        0
HugePages_Surp:        0
Hugepagesize:       2048 kB
Hugetlb:               0 kB
DirectMap4k:      194432 kB
DirectMap2M:     6096896 kB
DirectMap1G:     4194304 kB
---SNAPSHOT---
2026-04-27 15:59:07
MemTotal:        8129240 kB
MemFree:         3609900 kB
MemAvailable:    3809188 kB
Buffers:            6088 kB
Cached:           312116 kB
SwapCached:        18052 kB
Active:          3153060 kB
Inactive:         600116 kB
Active(anon):    3047680 kB
Inactive(anon):   443268 kB
Active(file):     105380 kB
Inactive(file):   156848 kB
Unevictable:          16 kB
Mlocked:              16 kB
SwapTotal:       4194300 kB
SwapFree:        4176248 kB
Zswap:                 0 kB
Zswapped:              0 kB
Dirty:               744 kB
Writeback:             0 kB
AnonPages:       3417164 kB
Mapped:           263920 kB
Shmem:             55972 kB
KReclaimable:      53956 kB
Slab:             280844 kB
SReclaimable:      53956 kB
SUnreclaim:       226888 kB
KernelStack:       18176 kB
PageTables:        48976 kB
SecPageTables:         0 kB
NFS_Unstable:          0 kB
Bounce:                0 kB
WritebackTmp:          0 kB
CommitLimit:     8258920 kB
Committed_AS:   11355472 kB
VmallocTotal:   34359738367 kB
VmallocUsed:       46392 kB
VmallocChunk:          0 kB
Percpu:            13280 kB
HardwareCorrupted:     0 kB
AnonHugePages:    192512 kB
ShmemHugePages:        0 kB
ShmemPmdMapped:        0 kB
FileHugePages:         0 kB
FilePmdMapped:         0 kB
CmaTotal:              0 kB
CmaFree:               0 kB
Unaccepted:            0 kB
Balloon:               0 kB
HugePages_Total:       0
HugePages_Free:        0
HugePages_Rsvd:        0
HugePages_Surp:        0
Hugepagesize:       2048 kB
Hugetlb:               0 kB
DirectMap4k:      194432 kB
DirectMap2M:     6096896 kB
DirectMap1G:     4194304 kB
---SNAPSHOT---
2026-04-27 15:59:08
MemTotal:        8129240 kB
MemFree:         4670368 kB
MemAvailable:    4869664 kB
Buffers:            6088 kB
Cached:           312124 kB
SwapCached:        18052 kB
Active:          2090240 kB
Inactive:         600124 kB
Active(anon):    1984860 kB
Inactive(anon):   443268 kB
Active(file):     105380 kB
Inactive(file):   156856 kB
Unevictable:          16 kB
Mlocked:              16 kB
SwapTotal:       4194300 kB
SwapFree:        4176248 kB
Zswap:                 0 kB
Zswapped:              0 kB
Dirty:               752 kB
Writeback:             0 kB
AnonPages:       2353996 kB
Mapped:           263692 kB
Shmem:             55972 kB
KReclaimable:      53956 kB
Slab:             280852 kB
SReclaimable:      53956 kB
SUnreclaim:       226896 kB
KernelStack:       18192 kB
PageTables:        47268 kB
SecPageTables:         0 kB
NFS_Unstable:          0 kB
Bounce:                0 kB
WritebackTmp:          0 kB
CommitLimit:     8258920 kB
Committed_AS:   11354864 kB
VmallocTotal:   34359738367 kB
VmallocUsed:       46376 kB
VmallocChunk:          0 kB
Percpu:            13280 kB
HardwareCorrupted:     0 kB
AnonHugePages:    192512 kB
ShmemHugePages:        0 kB
ShmemPmdMapped:        0 kB
FileHugePages:         0 kB
FilePmdMapped:         0 kB
CmaTotal:              0 kB
CmaFree:               0 kB
Unaccepted:            0 kB
Balloon:               0 kB
HugePages_Total:       0
HugePages_Free:        0
HugePages_Rsvd:        0
HugePages_Surp:        0
Hugepagesize:       2048 kB
Hugetlb:               0 kB
DirectMap4k:      194432 kB
DirectMap2M:     6096896 kB
DirectMap1G:     4194304 kB
---SNAPSHOT---
2026-04-27 15:59:09
MemTotal:        8129240 kB
MemFree:         3879060 kB
MemAvailable:    4078356 kB
Buffers:            6096 kB
Cached:           312120 kB
SwapCached:        18052 kB
Active:          2951852 kB
Inactive:         600124 kB
Active(anon):    2846472 kB
Inactive(anon):   443268 kB
Active(file):     105380 kB
Inactive(file):   156856 kB
Unevictable:          16 kB
Mlocked:              16 kB
SwapTotal:       4194300 kB
SwapFree:        4176248 kB
Zswap:                 0 kB
Zswapped:              0 kB
Dirty:               756 kB
Writeback:             0 kB
AnonPages:       3216092 kB
Mapped:           263692 kB
Shmem:             55972 kB
KReclaimable:      53956 kB
Slab:             280844 kB
SReclaimable:      53956 kB
SUnreclaim:       226888 kB
KernelStack:       18176 kB
PageTables:        49196 kB
SecPageTables:         0 kB
NFS_Unstable:          0 kB
Bounce:                0 kB
WritebackTmp:          0 kB
CommitLimit:     8258920 kB
Committed_AS:   11354800 kB
VmallocTotal:   34359738367 kB
VmallocUsed:       46376 kB
VmallocChunk:          0 kB
Percpu:            13280 kB
HardwareCorrupted:     0 kB
AnonHugePages:    192512 kB
ShmemHugePages:        0 kB
ShmemPmdMapped:        0 kB
FileHugePages:         0 kB
FilePmdMapped:         0 kB
CmaTotal:              0 kB
CmaFree:               0 kB
Unaccepted:            0 kB
Balloon:               0 kB
HugePages_Total:       0
HugePages_Free:        0
HugePages_Rsvd:        0
HugePages_Surp:        0
Hugepagesize:       2048 kB
Hugetlb:               0 kB
DirectMap4k:      194432 kB
DirectMap2M:     6096896 kB
DirectMap1G:     4194304 kB
---SNAPSHOT---
2026-04-27 15:59:10
MemTotal:        8129240 kB
MemFree:         3602476 kB
MemAvailable:    3801792 kB
Buffers:            6096 kB
Cached:           312136 kB
SwapCached:        18052 kB
Active:          3199916 kB
Inactive:         600144 kB
Active(anon):    3094536 kB
Inactive(anon):   443268 kB
Active(file):     105380 kB
Inactive(file):   156876 kB
Unevictable:          16 kB
Mlocked:              16 kB
SwapTotal:       4194300 kB
SwapFree:        4176248 kB
Zswap:                 0 kB
Zswapped:              0 kB
Dirty:               764 kB
Writeback:             0 kB
AnonPages:       3464436 kB
Mapped:           263692 kB
Shmem:             55972 kB
KReclaimable:      53956 kB
Slab:             280824 kB
SReclaimable:      53956 kB
SUnreclaim:       226868 kB
KernelStack:       18160 kB
PageTables:        49336 kB
SecPageTables:         0 kB
NFS_Unstable:          0 kB
Bounce:                0 kB
WritebackTmp:          0 kB
CommitLimit:     8258920 kB
Committed_AS:   11355464 kB
VmallocTotal:   34359738367 kB
VmallocUsed:       46408 kB
VmallocChunk:          0 kB
Percpu:            13280 kB
HardwareCorrupted:     0 kB
AnonHugePages:    192512 kB
ShmemHugePages:        0 kB
ShmemPmdMapped:        0 kB
FileHugePages:         0 kB
FilePmdMapped:         0 kB
CmaTotal:              0 kB
CmaFree:               0 kB
Unaccepted:            0 kB
Balloon:               0 kB
HugePages_Total:       0
HugePages_Free:        0
HugePages_Rsvd:        0
HugePages_Surp:        0
Hugepagesize:       2048 kB
Hugetlb:               0 kB
DirectMap4k:      194432 kB
DirectMap2M:     6096896 kB
DirectMap1G:     4194304 kB
---SNAPSHOT---
2026-04-27 15:59:11
MemTotal:        8129240 kB
MemFree:         4034176 kB
MemAvailable:    4233492 kB
Buffers:            6096 kB
Cached:           312140 kB
SwapCached:        18052 kB
Active:          2804728 kB
Inactive:         600144 kB
Active(anon):    2699348 kB
Inactive(anon):   443268 kB
Active(file):     105380 kB
Inactive(file):   156876 kB
Unevictable:          16 kB
Mlocked:              16 kB
SwapTotal:       4194300 kB
SwapFree:        4176248 kB
Zswap:                 0 kB
Zswapped:              0 kB
Dirty:               768 kB
Writeback:             0 kB
AnonPages:       3068960 kB
Mapped:           263692 kB
Shmem:             55972 kB
KReclaimable:      53956 kB
Slab:             280824 kB
SReclaimable:      53956 kB
SUnreclaim:       226868 kB
KernelStack:       18176 kB
PageTables:        48388 kB
SecPageTables:         0 kB
NFS_Unstable:          0 kB
Bounce:                0 kB
WritebackTmp:          0 kB
CommitLimit:     8258920 kB
Committed_AS:   11355116 kB
VmallocTotal:   34359738367 kB
VmallocUsed:       46376 kB
VmallocChunk:          0 kB
Percpu:            13280 kB
HardwareCorrupted:     0 kB
AnonHugePages:    192512 kB
ShmemHugePages:        0 kB
ShmemPmdMapped:        0 kB
FileHugePages:         0 kB
FilePmdMapped:         0 kB
CmaTotal:              0 kB
CmaFree:               0 kB
Unaccepted:            0 kB
Balloon:               0 kB
HugePages_Total:       0
HugePages_Free:        0
HugePages_Rsvd:        0
HugePages_Surp:        0
Hugepagesize:       2048 kB
Hugetlb:               0 kB
DirectMap4k:      194432 kB
DirectMap2M:     6096896 kB
DirectMap1G:     4194304 kB
---SNAPSHOT---
2026-04-27 15:59:12
MemTotal:        8129240 kB
MemFree:         3761448 kB
MemAvailable:    3960772 kB
Buffers:            6096 kB
Cached:           312148 kB
SwapCached:        18052 kB
Active:          3086664 kB
Inactive:         600152 kB
Active(anon):    2981284 kB
Inactive(anon):   443268 kB
Active(file):     105380 kB
Inactive(file):   156884 kB
Unevictable:          16 kB
Mlocked:              16 kB
SwapTotal:       4194300 kB
SwapFree:        4176248 kB
Zswap:                 0 kB
Zswapped:              0 kB
Dirty:               776 kB
Writeback:             0 kB
AnonPages:       3350944 kB
Mapped:           263920 kB
Shmem:             55972 kB
KReclaimable:      53956 kB
Slab:             280828 kB
SReclaimable:      53956 kB
SUnreclaim:       226872 kB
KernelStack:       18192 kB
PageTables:        48980 kB
SecPageTables:         0 kB
NFS_Unstable:          0 kB
Bounce:                0 kB
WritebackTmp:          0 kB
CommitLimit:     8258920 kB
Committed_AS:   11355236 kB
VmallocTotal:   34359738367 kB
VmallocUsed:       46360 kB
VmallocChunk:          0 kB
Percpu:            13280 kB
HardwareCorrupted:     0 kB
AnonHugePages:    192512 kB
ShmemHugePages:        0 kB
ShmemPmdMapped:        0 kB
FileHugePages:         0 kB
FilePmdMapped:         0 kB
CmaTotal:              0 kB
CmaFree:               0 kB
Unaccepted:            0 kB
Balloon:               0 kB
HugePages_Total:       0
HugePages_Free:        0
HugePages_Rsvd:        0
HugePages_Surp:        0
Hugepagesize:       2048 kB
Hugetlb:               0 kB
DirectMap4k:      194432 kB
DirectMap2M:     6096896 kB
DirectMap1G:     4194304 kB
---SNAPSHOT---
2026-04-27 15:59:13
MemTotal:        8129240 kB
MemFree:         4124164 kB
MemAvailable:    4323496 kB
Buffers:            6096 kB
Cached:           312152 kB
SwapCached:        18052 kB
Active:          2687248 kB
Inactive:         600160 kB
Active(anon):    2581868 kB
Inactive(anon):   443268 kB
Active(file):     105380 kB
Inactive(file):   156892 kB
Unevictable:          16 kB
Mlocked:              16 kB
SwapTotal:       4194300 kB
SwapFree:        4176248 kB
Zswap:                 0 kB
Zswapped:              0 kB
Dirty:               780 kB
Writeback:             0 kB
AnonPages:       2951088 kB
Mapped:           263692 kB
Shmem:             55972 kB
KReclaimable:      53956 kB
Slab:             280824 kB
SReclaimable:      53956 kB
SUnreclaim:       226868 kB
KernelStack:       18236 kB
PageTables:        49228 kB
SecPageTables:         0 kB
NFS_Unstable:          0 kB
Bounce:                0 kB
WritebackTmp:          0 kB
CommitLimit:     8258920 kB
Committed_AS:   11354864 kB
VmallocTotal:   34359738367 kB
VmallocUsed:       46376 kB
VmallocChunk:          0 kB
Percpu:            13280 kB
HardwareCorrupted:     0 kB
AnonHugePages:    192512 kB
ShmemHugePages:        0 kB
ShmemPmdMapped:        0 kB
FileHugePages:         0 kB
FilePmdMapped:         0 kB
CmaTotal:              0 kB
CmaFree:               0 kB
Unaccepted:            0 kB
Balloon:               0 kB
HugePages_Total:       0
HugePages_Free:        0
HugePages_Rsvd:        0
HugePages_Surp:        0
Hugepagesize:       2048 kB
Hugetlb:               0 kB
DirectMap4k:      194432 kB
DirectMap2M:     6096896 kB
DirectMap1G:     4194304 kB
---SNAPSHOT---
2026-04-27 15:59:14
MemTotal:        8129240 kB
MemFree:         4567800 kB
MemAvailable:    4767136 kB
Buffers:            6104 kB
Cached:           312148 kB
SwapCached:        18052 kB
Active:          2234808 kB
Inactive:         600164 kB
Active(anon):    2129428 kB
Inactive(anon):   443268 kB
Active(file):     105380 kB
Inactive(file):   156896 kB
Unevictable:          16 kB
Mlocked:              16 kB
SwapTotal:       4194300 kB
SwapFree:        4176248 kB
Zswap:                 0 kB
Zswapped:              0 kB
Dirty:               784 kB
Writeback:             0 kB
AnonPages:       2498820 kB
Mapped:           263692 kB
Shmem:             55972 kB
KReclaimable:      53956 kB
Slab:             280816 kB
SReclaimable:      53956 kB
SUnreclaim:       226860 kB
KernelStack:       18220 kB
PageTables:        48444 kB
SecPageTables:         0 kB
NFS_Unstable:          0 kB
Bounce:                0 kB
WritebackTmp:          0 kB
CommitLimit:     8258920 kB
Committed_AS:   11355360 kB
VmallocTotal:   34359738367 kB
VmallocUsed:       46408 kB
VmallocChunk:          0 kB
Percpu:            13280 kB
HardwareCorrupted:     0 kB
AnonHugePages:    192512 kB
ShmemHugePages:        0 kB
ShmemPmdMapped:        0 kB
FileHugePages:         0 kB
FilePmdMapped:         0 kB
CmaTotal:              0 kB
CmaFree:               0 kB
Unaccepted:            0 kB
Balloon:               0 kB
HugePages_Total:       0
HugePages_Free:        0
HugePages_Rsvd:        0
HugePages_Surp:        0
Hugepagesize:       2048 kB
Hugetlb:               0 kB
DirectMap4k:      194432 kB
DirectMap2M:     6096896 kB
DirectMap1G:     4194304 kB
---SNAPSHOT---
2026-04-27 15:59:15
MemTotal:        8129240 kB
MemFree:         3712500 kB
MemAvailable:    3911848 kB
Buffers:            6104 kB
Cached:           312164 kB
SwapCached:        18052 kB
Active:          3140592 kB
Inactive:         600176 kB
Active(anon):    3035212 kB
Inactive(anon):   443268 kB
Active(file):     105380 kB
Inactive(file):   156908 kB
Unevictable:          16 kB
Mlocked:              16 kB
SwapTotal:       4194300 kB
SwapFree:        4176248 kB
Zswap:                 0 kB
Zswapped:              0 kB
Dirty:               368 kB
Writeback:             0 kB
AnonPages:       3404472 kB
Mapped:           263692 kB
Shmem:             55972 kB
KReclaimable:      53956 kB
Slab:             280816 kB
SReclaimable:      53956 kB
SUnreclaim:       226860 kB
KernelStack:       18148 kB
PageTables:        49256 kB
SecPageTables:         0 kB
NFS_Unstable:          0 kB
Bounce:                0 kB
WritebackTmp:          0 kB
CommitLimit:     8258920 kB
Committed_AS:   11355468 kB
VmallocTotal:   34359738367 kB
VmallocUsed:       46424 kB
VmallocChunk:          0 kB
Percpu:            13280 kB
HardwareCorrupted:     0 kB
AnonHugePages:    192512 kB
ShmemHugePages:        0 kB
ShmemPmdMapped:        0 kB
FileHugePages:         0 kB
FilePmdMapped:         0 kB
CmaTotal:              0 kB
CmaFree:               0 kB
Unaccepted:            0 kB
Balloon:               0 kB
HugePages_Total:       0
HugePages_Free:        0
HugePages_Rsvd:        0
HugePages_Surp:        0
Hugepagesize:       2048 kB
Hugetlb:               0 kB
DirectMap4k:      194432 kB
DirectMap2M:     6096896 kB
DirectMap1G:     4194304 kB
---SNAPSHOT---
2026-04-27 15:59:16
MemTotal:        8129240 kB
MemFree:         3473780 kB
MemAvailable:    3673136 kB
Buffers:            6104 kB
Cached:           312168 kB
SwapCached:        18052 kB
Active:          3396352 kB
Inactive:         600184 kB
Active(anon):    3290972 kB
Inactive(anon):   443268 kB
Active(file):     105380 kB
Inactive(file):   156916 kB
Unevictable:          16 kB
Mlocked:              16 kB
SwapTotal:       4194300 kB
SwapFree:        4176248 kB
Zswap:                 0 kB
Zswapped:              0 kB
Dirty:               192 kB
Writeback:             0 kB
AnonPages:       3660544 kB
Mapped:           263692 kB
Shmem:             55972 kB
KReclaimable:      53956 kB
Slab:             280812 kB
SReclaimable:      53956 kB
SUnreclaim:       226856 kB
KernelStack:       18192 kB
PageTables:        49232 kB
SecPageTables:         0 kB
NFS_Unstable:          0 kB
Bounce:                0 kB
WritebackTmp:          0 kB
CommitLimit:     8258920 kB
Committed_AS:   11355224 kB
VmallocTotal:   34359738367 kB
VmallocUsed:       46408 kB
VmallocChunk:          0 kB
Percpu:            13280 kB
HardwareCorrupted:     0 kB
AnonHugePages:    192512 kB
ShmemHugePages:        0 kB
ShmemPmdMapped:        0 kB
FileHugePages:         0 kB
FilePmdMapped:         0 kB
CmaTotal:              0 kB
CmaFree:               0 kB
Unaccepted:            0 kB
Balloon:               0 kB
HugePages_Total:       0
HugePages_Free:        0
HugePages_Rsvd:        0
HugePages_Surp:        0
Hugepagesize:       2048 kB
Hugetlb:               0 kB
DirectMap4k:      194432 kB
DirectMap2M:     6096896 kB
DirectMap1G:     4194304 kB
---SNAPSHOT---
2026-04-27 15:59:17
MemTotal:        8129240 kB
MemFree:         4509256 kB
MemAvailable:    4708616 kB
Buffers:            6104 kB
Cached:           312176 kB
SwapCached:        18052 kB
Active:          2345220 kB
Inactive:         600188 kB
Active(anon):    2239840 kB
Inactive(anon):   443268 kB
Active(file):     105380 kB
Inactive(file):   156920 kB
Unevictable:          16 kB
Mlocked:              16 kB
SwapTotal:       4194300 kB
SwapFree:        4176248 kB
Zswap:                 0 kB
Zswapped:              0 kB
Dirty:               200 kB
Writeback:             0 kB
AnonPages:       2609656 kB
Mapped:           263692 kB
Shmem:             55972 kB
KReclaimable:      53956 kB
Slab:             280812 kB
SReclaimable:      53956 kB
SUnreclaim:       226856 kB
KernelStack:       18208 kB
PageTables:        47276 kB
SecPageTables:         0 kB
NFS_Unstable:          0 kB
Bounce:                0 kB
WritebackTmp:          0 kB
CommitLimit:     8258920 kB
Committed_AS:   11355360 kB
VmallocTotal:   34359738367 kB
VmallocUsed:       46376 kB
VmallocChunk:          0 kB
Percpu:            13280 kB
HardwareCorrupted:     0 kB
AnonHugePages:    192512 kB
ShmemHugePages:        0 kB
ShmemPmdMapped:        0 kB
FileHugePages:         0 kB
FilePmdMapped:         0 kB
CmaTotal:              0 kB
CmaFree:               0 kB
Unaccepted:            0 kB
Balloon:               0 kB
HugePages_Total:       0
HugePages_Free:        0
HugePages_Rsvd:        0
HugePages_Surp:        0
Hugepagesize:       2048 kB
Hugetlb:               0 kB
DirectMap4k:      194432 kB
DirectMap2M:     6096896 kB
DirectMap1G:     4194304 kB
---SNAPSHOT---
2026-04-27 15:59:18
MemTotal:        8129240 kB
MemFree:         3616388 kB
MemAvailable:    3815752 kB
Buffers:            6104 kB
Cached:           312180 kB
SwapCached:        18052 kB
Active:          3261456 kB
Inactive:         600192 kB
Active(anon):    3156076 kB
Inactive(anon):   443268 kB
Active(file):     105380 kB
Inactive(file):   156924 kB
Unevictable:          16 kB
Mlocked:              16 kB
SwapTotal:       4194300 kB
SwapFree:        4176248 kB
Zswap:                 0 kB
Zswapped:              0 kB
Dirty:               204 kB
Writeback:             0 kB
AnonPages:       3525836 kB
Mapped:           263692 kB
Shmem:             55972 kB
KReclaimable:      53956 kB
Slab:             280792 kB
SReclaimable:      53956 kB
SUnreclaim:       226836 kB
KernelStack:       18208 kB
PageTables:        48584 kB
SecPageTables:         0 kB
NFS_Unstable:          0 kB
Bounce:                0 kB
WritebackTmp:          0 kB
CommitLimit:     8258920 kB
Committed_AS:   11355120 kB
VmallocTotal:   34359738367 kB
VmallocUsed:       46376 kB
VmallocChunk:          0 kB
Percpu:            13280 kB
HardwareCorrupted:     0 kB
AnonHugePages:    192512 kB
ShmemHugePages:        0 kB
ShmemPmdMapped:        0 kB
FileHugePages:         0 kB
FilePmdMapped:         0 kB
CmaTotal:              0 kB
CmaFree:               0 kB
Unaccepted:            0 kB
Balloon:               0 kB
HugePages_Total:       0
HugePages_Free:        0
HugePages_Rsvd:        0
HugePages_Surp:        0
Hugepagesize:       2048 kB
Hugetlb:               0 kB
DirectMap4k:      194432 kB
DirectMap2M:     6096896 kB
DirectMap1G:     4194304 kB
---SNAPSHOT---
2026-04-27 15:59:19
MemTotal:        8129240 kB
MemFree:         3337672 kB
MemAvailable:    3537044 kB
Buffers:            6112 kB
Cached:           312180 kB
SwapCached:        18052 kB
Active:          3539740 kB
Inactive:         600200 kB
Active(anon):    3434360 kB
Inactive(anon):   443268 kB
Active(file):     105380 kB
Inactive(file):   156932 kB
Unevictable:          16 kB
Mlocked:              16 kB
SwapTotal:       4194300 kB
SwapFree:        4176248 kB
Zswap:                 0 kB
Zswapped:              0 kB
Dirty:               212 kB
Writeback:             0 kB
AnonPages:       3803796 kB
Mapped:           263692 kB
Shmem:             55972 kB
KReclaimable:      53956 kB
Slab:             280792 kB
SReclaimable:      53956 kB
SUnreclaim:       226836 kB
KernelStack:       18208 kB
PageTables:        49248 kB
SecPageTables:         0 kB
NFS_Unstable:          0 kB
Bounce:                0 kB
WritebackTmp:          0 kB
CommitLimit:     8258920 kB
Committed_AS:   11354732 kB
VmallocTotal:   34359738367 kB
VmallocUsed:       46392 kB
VmallocChunk:          0 kB
Percpu:            13280 kB
HardwareCorrupted:     0 kB
AnonHugePages:    192512 kB
ShmemHugePages:        0 kB
ShmemPmdMapped:        0 kB
FileHugePages:         0 kB
FilePmdMapped:         0 kB
CmaTotal:              0 kB
CmaFree:               0 kB
Unaccepted:            0 kB
Balloon:               0 kB
HugePages_Total:       0
HugePages_Free:        0
HugePages_Rsvd:        0
HugePages_Surp:        0
Hugepagesize:       2048 kB
Hugetlb:               0 kB
DirectMap4k:      194432 kB
DirectMap2M:     6096896 kB
DirectMap1G:     4194304 kB
---SNAPSHOT---
2026-04-27 15:59:20
MemTotal:        8129240 kB
MemFree:         4460200 kB
MemAvailable:    4659592 kB
Buffers:            6120 kB
Cached:           312188 kB
SwapCached:        18052 kB
Active:          2431824 kB
Inactive:         600220 kB
Active(anon):    2326444 kB
Inactive(anon):   443268 kB
Active(file):     105380 kB
Inactive(file):   156952 kB
Unevictable:          16 kB
Mlocked:              16 kB
SwapTotal:       4194300 kB
SwapFree:        4176248 kB
Zswap:                 0 kB
Zswapped:              0 kB
Dirty:               252 kB
Writeback:             0 kB
AnonPages:       2696048 kB
Mapped:           263692 kB
Shmem:             55972 kB
KReclaimable:      53956 kB
Slab:             280792 kB
SReclaimable:      53956 kB
SUnreclaim:       226836 kB
KernelStack:       18192 kB
PageTables:        48600 kB
SecPageTables:         0 kB
NFS_Unstable:          0 kB
Bounce:                0 kB
WritebackTmp:          0 kB
CommitLimit:     8258920 kB
Committed_AS:   11355228 kB
VmallocTotal:   34359738367 kB
VmallocUsed:       46392 kB
VmallocChunk:          0 kB
Percpu:            13280 kB
HardwareCorrupted:     0 kB
AnonHugePages:    192512 kB
ShmemHugePages:        0 kB
ShmemPmdMapped:        0 kB
FileHugePages:         0 kB
FilePmdMapped:         0 kB
CmaTotal:              0 kB
CmaFree:               0 kB
Unaccepted:            0 kB
Balloon:               0 kB
HugePages_Total:       0
HugePages_Free:        0
HugePages_Rsvd:        0
HugePages_Surp:        0
Hugepagesize:       2048 kB
Hugetlb:               0 kB
DirectMap4k:      194432 kB
DirectMap2M:     6096896 kB
DirectMap1G:     4194304 kB
---SNAPSHOT---
2026-04-27 15:59:21
MemTotal:        8129240 kB
MemFree:         3551912 kB
MemAvailable:    3751324 kB
Buffers:            6120 kB
Cached:           312208 kB
SwapCached:        18052 kB
Active:          3338172 kB
Inactive:         600240 kB
Active(anon):    3232792 kB
Inactive(anon):   443268 kB
Active(file):     105380 kB
Inactive(file):   156972 kB
Unevictable:          16 kB
Mlocked:              16 kB
SwapTotal:       4194300 kB
SwapFree:        4176248 kB
Zswap:                 0 kB
Zswapped:              0 kB
Dirty:                52 kB
Writeback:             0 kB
AnonPages:       3602676 kB
Mapped:           263692 kB
Shmem:             55972 kB
KReclaimable:      53956 kB
Slab:             280800 kB
SReclaimable:      53956 kB
SUnreclaim:       226844 kB
KernelStack:       18268 kB
PageTables:        49908 kB
SecPageTables:         0 kB
NFS_Unstable:          0 kB
Bounce:                0 kB
WritebackTmp:          0 kB
CommitLimit:     8258920 kB
Committed_AS:   11355028 kB
VmallocTotal:   34359738367 kB
VmallocUsed:       46440 kB
VmallocChunk:          0 kB
Percpu:            13280 kB
HardwareCorrupted:     0 kB
AnonHugePages:    192512 kB
ShmemHugePages:        0 kB
ShmemPmdMapped:        0 kB
FileHugePages:         0 kB
FilePmdMapped:         0 kB
CmaTotal:              0 kB
CmaFree:               0 kB
Unaccepted:            0 kB
Balloon:               0 kB
HugePages_Total:       0
HugePages_Free:        0
HugePages_Rsvd:        0
HugePages_Surp:        0
Hugepagesize:       2048 kB
Hugetlb:               0 kB
DirectMap4k:      194432 kB
DirectMap2M:     6096896 kB
DirectMap1G:     4194304 kB
---SNAPSHOT---
2026-04-27 15:59:22
MemTotal:        8129240 kB
MemFree:         3435436 kB
MemAvailable:    3634856 kB
Buffers:            6120 kB
Cached:           312216 kB
SwapCached:        18052 kB
Active:          3365836 kB
Inactive:         600248 kB
Active(anon):    3260456 kB
Inactive(anon):   443268 kB
Active(file):     105380 kB
Inactive(file):   156980 kB
Unevictable:          16 kB
Mlocked:              16 kB
SwapTotal:       4194300 kB
SwapFree:        4176248 kB
Zswap:                 0 kB
Zswapped:              0 kB
Dirty:                60 kB
Writeback:             0 kB
AnonPages:       3630124 kB
Mapped:           263692 kB
Shmem:             55972 kB
KReclaimable:      53956 kB
Slab:             280800 kB
SReclaimable:      53956 kB
SUnreclaim:       226844 kB
KernelStack:       18240 kB
PageTables:        50252 kB
SecPageTables:         0 kB
NFS_Unstable:          0 kB
Bounce:                0 kB
WritebackTmp:          0 kB
CommitLimit:     8258920 kB
Committed_AS:   11355248 kB
VmallocTotal:   34359738367 kB
VmallocUsed:       46424 kB
VmallocChunk:          0 kB
Percpu:            13280 kB
HardwareCorrupted:     0 kB
AnonHugePages:    192512 kB
ShmemHugePages:        0 kB
ShmemPmdMapped:        0 kB
FileHugePages:         0 kB
FilePmdMapped:         0 kB
CmaTotal:              0 kB
CmaFree:               0 kB
Unaccepted:            0 kB
Balloon:               0 kB
HugePages_Total:       0
HugePages_Free:        0
HugePages_Rsvd:        0
HugePages_Surp:        0
Hugepagesize:       2048 kB
Hugetlb:               0 kB
DirectMap4k:      194432 kB
DirectMap2M:     6096896 kB
DirectMap1G:     4194304 kB
---SNAPSHOT---
2026-04-27 15:59:23
MemTotal:        8129240 kB
MemFree:         4066364 kB
MemAvailable:    4265788 kB
Buffers:            6120 kB
Cached:           312220 kB
SwapCached:        18052 kB
Active:          2730260 kB
Inactive:         600252 kB
Active(anon):    2624880 kB
Inactive(anon):   443268 kB
Active(file):     105380 kB
Inactive(file):   156984 kB
Unevictable:          16 kB
Mlocked:              16 kB
SwapTotal:       4194300 kB
SwapFree:        4176248 kB
Zswap:                 0 kB
Zswapped:              0 kB
Dirty:                64 kB
Writeback:             0 kB
AnonPages:       2994564 kB
Mapped:           263692 kB
Shmem:             55972 kB
KReclaimable:      53956 kB
Slab:             280800 kB
SReclaimable:      53956 kB
SUnreclaim:       226844 kB
KernelStack:       18208 kB
PageTables:        48392 kB
SecPageTables:         0 kB
NFS_Unstable:          0 kB
Bounce:                0 kB
WritebackTmp:          0 kB
CommitLimit:     8258920 kB
Committed_AS:   11355088 kB
VmallocTotal:   34359738367 kB
VmallocUsed:       46376 kB
VmallocChunk:          0 kB
Percpu:            13280 kB
HardwareCorrupted:     0 kB
AnonHugePages:    192512 kB
ShmemHugePages:        0 kB
ShmemPmdMapped:        0 kB
FileHugePages:         0 kB
FilePmdMapped:         0 kB
CmaTotal:              0 kB
CmaFree:               0 kB
Unaccepted:            0 kB
Balloon:               0 kB
HugePages_Total:       0
HugePages_Free:        0
HugePages_Rsvd:        0
HugePages_Surp:        0
Hugepagesize:       2048 kB
Hugetlb:               0 kB
DirectMap4k:      194432 kB
DirectMap2M:     6096896 kB
DirectMap1G:     4194304 kB
---SNAPSHOT---
2026-04-27 15:59:24
MemTotal:        8129240 kB
MemFree:         3982312 kB
MemAvailable:    4181736 kB
Buffers:            6128 kB
Cached:           312216 kB
SwapCached:        18052 kB
Active:          2806268 kB
Inactive:         600252 kB
Active(anon):    2700888 kB
Inactive(anon):   443268 kB
Active(file):     105380 kB
Inactive(file):   156984 kB
Unevictable:          16 kB
Mlocked:              16 kB
SwapTotal:       4194300 kB
SwapFree:        4176248 kB
Zswap:                 0 kB
Zswapped:              0 kB
Dirty:                68 kB
Writeback:             0 kB
AnonPages:       3070664 kB
Mapped:           263692 kB
Shmem:             55972 kB
KReclaimable:      53956 kB
Slab:             280800 kB
SReclaimable:      53956 kB
SUnreclaim:       226844 kB
KernelStack:       18208 kB
PageTables:        48088 kB
SecPageTables:         0 kB
NFS_Unstable:          0 kB
Bounce:                0 kB
WritebackTmp:          0 kB
CommitLimit:     8258920 kB
Committed_AS:   11355112 kB
VmallocTotal:   34359738367 kB
VmallocUsed:       46392 kB
VmallocChunk:          0 kB
Percpu:            13280 kB
HardwareCorrupted:     0 kB
AnonHugePages:    192512 kB
ShmemHugePages:        0 kB
ShmemPmdMapped:        0 kB
FileHugePages:         0 kB
FilePmdMapped:         0 kB
CmaTotal:              0 kB
CmaFree:               0 kB
Unaccepted:            0 kB
Balloon:               0 kB
HugePages_Total:       0
HugePages_Free:        0
HugePages_Rsvd:        0
HugePages_Surp:        0
Hugepagesize:       2048 kB
Hugetlb:               0 kB
DirectMap4k:      194432 kB
DirectMap2M:     6096896 kB
DirectMap1G:     4194304 kB
---SNAPSHOT---
2026-04-27 15:59:25
MemTotal:        8129240 kB
MemFree:         3164948 kB
MemAvailable:    3364388 kB
Buffers:            6128 kB
Cached:           312232 kB
SwapCached:       208008 kB
Active:          3468164 kB
Inactive:         788956 kB
Active(anon):    3362784 kB
Inactive(anon):   631956 kB
Active(file):     105380 kB
Inactive(file):   157000 kB
Unevictable:          16 kB
Mlocked:              16 kB
SwapTotal:       4194300 kB
SwapFree:        3986232 kB
Zswap:                 0 kB
Zswapped:              0 kB
Dirty:                88 kB
Writeback:          1060 kB
AnonPages:       3733348 kB
Mapped:           263692 kB
Shmem:             55972 kB
KReclaimable:      53956 kB
Slab:             280876 kB
SReclaimable:      53956 kB
SUnreclaim:       226920 kB
KernelStack:       18208 kB
PageTables:        49908 kB
SecPageTables:         0 kB
NFS_Unstable:          0 kB
Bounce:                0 kB
WritebackTmp:          0 kB
CommitLimit:     8258920 kB
Committed_AS:   11355224 kB
VmallocTotal:   34359738367 kB
VmallocUsed:       46376 kB
VmallocChunk:          0 kB
Percpu:            13280 kB
HardwareCorrupted:     0 kB
AnonHugePages:    192512 kB
ShmemHugePages:        0 kB
ShmemPmdMapped:        0 kB
FileHugePages:         0 kB
FilePmdMapped:         0 kB
CmaTotal:              0 kB
CmaFree:               0 kB
Unaccepted:            0 kB
Balloon:               0 kB
HugePages_Total:       0
HugePages_Free:        0
HugePages_Rsvd:        0
HugePages_Surp:        0
Hugepagesize:       2048 kB
Hugetlb:               0 kB
DirectMap4k:      194432 kB
DirectMap2M:     6096896 kB
DirectMap1G:     4194304 kB
---SNAPSHOT---
2026-04-27 15:59:26
MemTotal:        8129240 kB
MemFree:         3821864 kB
MemAvailable:    4021312 kB
Buffers:            6128 kB
Cached:           312236 kB
SwapCached:       559240 kB
Active:          2503212 kB
Inactive:        1122456 kB
Active(anon):    2397832 kB
Inactive(anon):   965448 kB
Active(file):     105380 kB
Inactive(file):   157008 kB
Unevictable:          16 kB
Mlocked:              16 kB
SwapTotal:       4194300 kB
SwapFree:        3635060 kB
Zswap:                 0 kB
Zswapped:              0 kB
Dirty:                88 kB
Writeback:         18948 kB
AnonPages:       2750884 kB
Mapped:           263692 kB
Shmem:             55972 kB
KReclaimable:      53956 kB
Slab:             282020 kB
SReclaimable:      53956 kB
SUnreclaim:       228064 kB
KernelStack:       18208 kB
PageTables:        49096 kB
SecPageTables:         0 kB
NFS_Unstable:          0 kB
Bounce:                0 kB
WritebackTmp:          0 kB
CommitLimit:     8258920 kB
Committed_AS:   11355360 kB
VmallocTotal:   34359738367 kB
VmallocUsed:       46392 kB
VmallocChunk:          0 kB
Percpu:            13280 kB
HardwareCorrupted:     0 kB
AnonHugePages:    192512 kB
ShmemHugePages:        0 kB
ShmemPmdMapped:        0 kB
FileHugePages:         0 kB
FilePmdMapped:         0 kB
CmaTotal:              0 kB
CmaFree:               0 kB
Unaccepted:            0 kB
Balloon:               0 kB
HugePages_Total:       0
HugePages_Free:        0
HugePages_Rsvd:        0
HugePages_Surp:        0
Hugepagesize:       2048 kB
Hugetlb:               0 kB
DirectMap4k:      194432 kB
DirectMap2M:     6096896 kB
DirectMap1G:     4194304 kB
---SNAPSHOT---
2026-04-27 15:59:27
MemTotal:        8129240 kB
MemFree:         4346652 kB
MemAvailable:    4546104 kB
Buffers:            6128 kB
Cached:           312244 kB
SwapCached:       104320 kB
Active:          2397412 kB
Inactive:         686492 kB
Active(anon):    2292032 kB
Inactive(anon):   529480 kB
Active(file):     105380 kB
Inactive(file):   157012 kB
Unevictable:          16 kB
Mlocked:              16 kB
SwapTotal:       4194300 kB
SwapFree:        4090008 kB
Zswap:                 0 kB
Zswapped:              0 kB
Dirty:                96 kB
Writeback:           184 kB
AnonPages:       2661316 kB
Mapped:           263692 kB
Shmem:             55972 kB
KReclaimable:      53956 kB
Slab:             281340 kB
SReclaimable:      53956 kB
SUnreclaim:       227384 kB
KernelStack:       18208 kB
PageTables:        50016 kB
SecPageTables:         0 kB
NFS_Unstable:          0 kB
Bounce:                0 kB
WritebackTmp:          0 kB
CommitLimit:     8258920 kB
Committed_AS:   11355020 kB
VmallocTotal:   34359738367 kB
VmallocUsed:       46424 kB
VmallocChunk:          0 kB
Percpu:            13280 kB
HardwareCorrupted:     0 kB
AnonHugePages:    192512 kB
ShmemHugePages:        0 kB
ShmemPmdMapped:        0 kB
FileHugePages:         0 kB
FilePmdMapped:         0 kB
CmaTotal:              0 kB
CmaFree:               0 kB
Unaccepted:            0 kB
Balloon:               0 kB
HugePages_Total:       0
HugePages_Free:        0
HugePages_Rsvd:        0
HugePages_Surp:        0
Hugepagesize:       2048 kB
Hugetlb:               0 kB
DirectMap4k:      194432 kB
DirectMap2M:     6096896 kB
DirectMap1G:     4194304 kB
---SNAPSHOT---
2026-04-27 15:59:28
MemTotal:        8129240 kB
MemFree:         3568448 kB
MemAvailable:    3767912 kB
Buffers:            6128 kB
Cached:           312252 kB
SwapCached:        18052 kB
Active:          3288236 kB
Inactive:         600292 kB
Active(anon):    3182856 kB
Inactive(anon):   443268 kB
Active(file):     105380 kB
Inactive(file):   157024 kB
Unevictable:          16 kB
Mlocked:              16 kB
SwapTotal:       4194300 kB
SwapFree:        4176248 kB
Zswap:                 0 kB
Zswapped:              0 kB
Dirty:               104 kB
Writeback:             0 kB
AnonPages:       3552100 kB
Mapped:           263692 kB
Shmem:             55972 kB
KReclaimable:      53956 kB
Slab:             280792 kB
SReclaimable:      53956 kB
SUnreclaim:       226836 kB
KernelStack:       18208 kB
PageTables:        49836 kB
SecPageTables:         0 kB
NFS_Unstable:          0 kB
Bounce:                0 kB
WritebackTmp:          0 kB
CommitLimit:     8258920 kB
Committed_AS:   11355028 kB
VmallocTotal:   34359738367 kB
VmallocUsed:       46456 kB
VmallocChunk:          0 kB
Percpu:            13280 kB
HardwareCorrupted:     0 kB
AnonHugePages:    192512 kB
ShmemHugePages:        0 kB
ShmemPmdMapped:        0 kB
FileHugePages:         0 kB
FilePmdMapped:         0 kB
CmaTotal:              0 kB
CmaFree:               0 kB
Unaccepted:            0 kB
Balloon:               0 kB
HugePages_Total:       0
HugePages_Free:        0
HugePages_Rsvd:        0
HugePages_Surp:        0
Hugepagesize:       2048 kB
Hugetlb:               0 kB
DirectMap4k:      194432 kB
DirectMap2M:     6096896 kB
DirectMap1G:     4194304 kB
---SNAPSHOT---
2026-04-27 15:59:29
MemTotal:        8129240 kB
MemFree:         3510016 kB
MemAvailable:    3709484 kB
Buffers:            6136 kB
Cached:           312260 kB
SwapCached:        18052 kB
Active:          3365236 kB
Inactive:         600296 kB
Active(anon):    3259856 kB
Inactive(anon):   443268 kB
Active(file):     105380 kB
Inactive(file):   157028 kB
Unevictable:          16 kB
Mlocked:              16 kB
SwapTotal:       4194300 kB
SwapFree:        4176248 kB
Zswap:                 0 kB
Zswapped:              0 kB
Dirty:               112 kB
Writeback:             0 kB
AnonPages:       3629528 kB
Mapped:           263920 kB
Shmem:             55972 kB
KReclaimable:      53956 kB
Slab:             280796 kB
SReclaimable:      53956 kB
SUnreclaim:       226840 kB
KernelStack:       18192 kB
PageTables:        49856 kB
SecPageTables:         0 kB
NFS_Unstable:          0 kB
Bounce:                0 kB
WritebackTmp:          0 kB
CommitLimit:     8258920 kB
Committed_AS:   11355028 kB
VmallocTotal:   34359738367 kB
VmallocUsed:       46440 kB
VmallocChunk:          0 kB
Percpu:            13280 kB
HardwareCorrupted:     0 kB
AnonHugePages:    192512 kB
ShmemHugePages:        0 kB
ShmemPmdMapped:        0 kB
FileHugePages:         0 kB
FilePmdMapped:         0 kB
CmaTotal:              0 kB
CmaFree:               0 kB
Unaccepted:            0 kB
Balloon:               0 kB
HugePages_Total:       0
HugePages_Free:        0
HugePages_Rsvd:        0
HugePages_Surp:        0
Hugepagesize:       2048 kB
Hugetlb:               0 kB
DirectMap4k:      194432 kB
DirectMap2M:     6096896 kB
DirectMap1G:     4194304 kB
---SNAPSHOT---
2026-04-27 15:59:30
MemTotal:        8129240 kB
MemFree:         4070760 kB
MemAvailable:    4270240 kB
Buffers:            6136 kB
Cached:           312268 kB
SwapCached:        18052 kB
Active:          2732536 kB
Inactive:         600308 kB
Active(anon):    2627156 kB
Inactive(anon):   443268 kB
Active(file):     105380 kB
Inactive(file):   157040 kB
Unevictable:          16 kB
Mlocked:              16 kB
SwapTotal:       4194300 kB
SwapFree:        4176248 kB
Zswap:                 0 kB
Zswapped:              0 kB
Dirty:               120 kB
Writeback:             0 kB
AnonPages:       2996400 kB
Mapped:           263692 kB
Shmem:             55972 kB
KReclaimable:      53956 kB
Slab:             280796 kB
SReclaimable:      53956 kB
SUnreclaim:       226840 kB
KernelStack:       18208 kB
PageTables:        48552 kB
SecPageTables:         0 kB
NFS_Unstable:          0 kB
Bounce:                0 kB
WritebackTmp:          0 kB
CommitLimit:     8258920 kB
Committed_AS:   11355116 kB
VmallocTotal:   34359738367 kB
VmallocUsed:       46424 kB
VmallocChunk:          0 kB
Percpu:            13280 kB
HardwareCorrupted:     0 kB
AnonHugePages:    192512 kB
ShmemHugePages:        0 kB
ShmemPmdMapped:        0 kB
FileHugePages:         0 kB
FilePmdMapped:         0 kB
CmaTotal:              0 kB
CmaFree:               0 kB
Unaccepted:            0 kB
Balloon:               0 kB
HugePages_Total:       0
HugePages_Free:        0
HugePages_Rsvd:        0
HugePages_Surp:        0
Hugepagesize:       2048 kB
Hugetlb:               0 kB
DirectMap4k:      194432 kB
DirectMap2M:     6096896 kB
DirectMap1G:     4194304 kB
---SNAPSHOT---
2026-04-27 15:59:31
MemTotal:        8129240 kB
MemFree:         4652756 kB
MemAvailable:    4852248 kB
Buffers:            6136 kB
Cached:           312272 kB
SwapCached:        18052 kB
Active:          2145400 kB
Inactive:         600320 kB
Active(anon):    2040020 kB
Inactive(anon):   443268 kB
Active(file):     105380 kB
Inactive(file):   157052 kB
Unevictable:          16 kB
Mlocked:              16 kB
SwapTotal:       4194300 kB
SwapFree:        4176248 kB
Zswap:                 0 kB
Zswapped:              0 kB
Dirty:               124 kB
Writeback:             0 kB
AnonPages:       2409388 kB
Mapped:           263692 kB
Shmem:             55972 kB
KReclaimable:      53956 kB
Slab:             280796 kB
SReclaimable:      53956 kB
SUnreclaim:       226840 kB
KernelStack:       18192 kB
PageTables:        47588 kB
SecPageTables:         0 kB
NFS_Unstable:          0 kB
Bounce:                0 kB
WritebackTmp:          0 kB
CommitLimit:     8258920 kB
Committed_AS:   11355028 kB
VmallocTotal:   34359738367 kB
VmallocUsed:       46424 kB
VmallocChunk:          0 kB
Percpu:            13280 kB
HardwareCorrupted:     0 kB
AnonHugePages:    192512 kB
ShmemHugePages:        0 kB
ShmemPmdMapped:        0 kB
FileHugePages:         0 kB
FilePmdMapped:         0 kB
CmaTotal:              0 kB
CmaFree:               0 kB
Unaccepted:            0 kB
Balloon:               0 kB
HugePages_Total:       0
HugePages_Free:        0
HugePages_Rsvd:        0
HugePages_Surp:        0
Hugepagesize:       2048 kB
Hugetlb:               0 kB
DirectMap4k:      194432 kB
DirectMap2M:     6096896 kB
DirectMap1G:     4194304 kB
---SNAPSHOT---
2026-04-27 15:59:32
MemTotal:        8129240 kB
MemFree:         3786588 kB
MemAvailable:    3985628 kB
Buffers:            6136 kB
Cached:           312280 kB
SwapCached:        18052 kB
Active:          3078948 kB
Inactive:         600324 kB
Active(anon):    2973568 kB
Inactive(anon):   443268 kB
Active(file):     105380 kB
Inactive(file):   157056 kB
Unevictable:          16 kB
Mlocked:              16 kB
SwapTotal:       4194300 kB
SwapFree:        4176248 kB
Zswap:                 0 kB
Zswapped:              0 kB
Dirty:               132 kB
Writeback:             0 kB
AnonPages:       3343196 kB
Mapped:           263692 kB
Shmem:             55972 kB
KReclaimable:      53956 kB
Slab:             280800 kB
SReclaimable:      53956 kB
SUnreclaim:       226844 kB
KernelStack:       18268 kB
PageTables:        49204 kB
SecPageTables:         0 kB
NFS_Unstable:          0 kB
Bounce:                0 kB
WritebackTmp:          0 kB
CommitLimit:     8258920 kB
Committed_AS:   11355248 kB
VmallocTotal:   34359738367 kB
VmallocUsed:       46456 kB
VmallocChunk:          0 kB
Percpu:            13280 kB
HardwareCorrupted:     0 kB
AnonHugePages:    192512 kB
ShmemHugePages:        0 kB
ShmemPmdMapped:        0 kB
FileHugePages:         0 kB
FilePmdMapped:         0 kB
CmaTotal:              0 kB
CmaFree:               0 kB
Unaccepted:            0 kB
Balloon:               0 kB
HugePages_Total:       0
HugePages_Free:        0
HugePages_Rsvd:        0
HugePages_Surp:        0
Hugepagesize:       2048 kB
Hugetlb:               0 kB
DirectMap4k:      194432 kB
DirectMap2M:     6096896 kB
DirectMap1G:     4194304 kB
---SNAPSHOT---
2026-04-27 15:59:33
MemTotal:        8129240 kB
MemFree:         3616116 kB
MemAvailable:    3815620 kB
Buffers:            6136 kB
Cached:           312284 kB
SwapCached:        18052 kB
Active:          3247732 kB
Inactive:         600332 kB
Active(anon):    3142352 kB
Inactive(anon):   443268 kB
Active(file):     105380 kB
Inactive(file):   157064 kB
Unevictable:          16 kB
Mlocked:              16 kB
SwapTotal:       4194300 kB
SwapFree:        4176248 kB
Zswap:                 0 kB
Zswapped:              0 kB
Dirty:               136 kB
Writeback:             0 kB
AnonPages:       3512068 kB
Mapped:           263692 kB
Shmem:             55972 kB
KReclaimable:      53956 kB
Slab:             280812 kB
SReclaimable:      53956 kB
SUnreclaim:       226856 kB
KernelStack:       18252 kB
PageTables:        49472 kB
SecPageTables:         0 kB
NFS_Unstable:          0 kB
Bounce:                0 kB
WritebackTmp:          0 kB
CommitLimit:     8258920 kB
Committed_AS:   11355248 kB
VmallocTotal:   34359738367 kB
VmallocUsed:       46504 kB
VmallocChunk:          0 kB
Percpu:            13280 kB
HardwareCorrupted:     0 kB
AnonHugePages:    192512 kB
ShmemHugePages:        0 kB
ShmemPmdMapped:        0 kB
FileHugePages:         0 kB
FilePmdMapped:         0 kB
CmaTotal:              0 kB
CmaFree:               0 kB
Unaccepted:            0 kB
Balloon:               0 kB
HugePages_Total:       0
HugePages_Free:        0
HugePages_Rsvd:        0
HugePages_Surp:        0
Hugepagesize:       2048 kB
Hugetlb:               0 kB
DirectMap4k:      194432 kB
DirectMap2M:     6096896 kB
DirectMap1G:     4194304 kB
---SNAPSHOT---
2026-04-27 15:59:34
MemTotal:        8129240 kB
MemFree:         3657408 kB
MemAvailable:    3857108 kB
Buffers:            6444 kB
Cached:           312296 kB
SwapCached:       201208 kB
Active:          3048244 kB
Inactive:         779940 kB
Active(anon):    2942864 kB
Inactive(anon):   622680 kB
Active(file):     105380 kB
Inactive(file):   157260 kB
Unevictable:          16 kB
Mlocked:              16 kB
SwapTotal:       4194300 kB
SwapFree:        3993056 kB
Zswap:                 0 kB
Zswapped:              0 kB
Dirty:               140 kB
Writeback:          3176 kB
AnonPages:       3310272 kB
Mapped:           263692 kB
Shmem:             55972 kB
KReclaimable:      53956 kB
Slab:             280972 kB
SReclaimable:      53956 kB
SUnreclaim:       227016 kB
KernelStack:       18252 kB
PageTables:        49700 kB
SecPageTables:         0 kB
NFS_Unstable:          0 kB
Bounce:                0 kB
WritebackTmp:          0 kB
CommitLimit:     8258920 kB
Committed_AS:   11355248 kB
VmallocTotal:   34359738367 kB
VmallocUsed:       46472 kB
VmallocChunk:          0 kB
Percpu:            13280 kB
HardwareCorrupted:     0 kB
AnonHugePages:    192512 kB
ShmemHugePages:        0 kB
ShmemPmdMapped:        0 kB
FileHugePages:         0 kB
FilePmdMapped:         0 kB
CmaTotal:              0 kB
CmaFree:               0 kB
Unaccepted:            0 kB
Balloon:               0 kB
HugePages_Total:       0
HugePages_Free:        0
HugePages_Rsvd:        0
HugePages_Surp:        0
Hugepagesize:       2048 kB
Hugetlb:               0 kB
DirectMap4k:      194432 kB
DirectMap2M:     6096896 kB
DirectMap1G:     4194304 kB
---SNAPSHOT---
2026-04-27 15:59:35
MemTotal:        8129240 kB
MemFree:         3211912 kB
MemAvailable:    3411740 kB
Buffers:            6444 kB
Cached:           312304 kB
SwapCached:       514696 kB
Active:          3203504 kB
Inactive:        1074608 kB
Active(anon):    3098124 kB
Inactive(anon):   917220 kB
Active(file):     105380 kB
Inactive(file):   157388 kB
Unevictable:          16 kB
Mlocked:              16 kB
SwapTotal:       4194300 kB
SwapFree:        3679604 kB
Zswap:                 0 kB
Zswapped:              0 kB
Dirty:               148 kB
Writeback:         22588 kB
AnonPages:       3447380 kB
Mapped:           263692 kB
Shmem:             55972 kB
KReclaimable:      53956 kB
Slab:             282236 kB
SReclaimable:      53956 kB
SUnreclaim:       228280 kB
KernelStack:       18208 kB
PageTables:        50344 kB
SecPageTables:         0 kB
NFS_Unstable:          0 kB
Bounce:                0 kB
WritebackTmp:          0 kB
CommitLimit:     8258920 kB
Committed_AS:   11355248 kB
VmallocTotal:   34359738367 kB
VmallocUsed:       46520 kB
VmallocChunk:          0 kB
Percpu:            13280 kB
HardwareCorrupted:     0 kB
AnonHugePages:    192512 kB
ShmemHugePages:        0 kB
ShmemPmdMapped:        0 kB
FileHugePages:         0 kB
FilePmdMapped:         0 kB
CmaTotal:              0 kB
CmaFree:               0 kB
Unaccepted:            0 kB
Balloon:               0 kB
HugePages_Total:       0
HugePages_Free:        0
HugePages_Rsvd:        0
HugePages_Surp:        0
Hugepagesize:       2048 kB
Hugetlb:               0 kB
DirectMap4k:      194432 kB
DirectMap2M:     6096896 kB
DirectMap1G:     4194304 kB
---SNAPSHOT---
2026-04-27 15:59:36
MemTotal:        8129240 kB
MemFree:         3421048 kB
MemAvailable:    3620880 kB
Buffers:            6444 kB
Cached:           312308 kB
SwapCached:       514696 kB
Active:          3004648 kB
Inactive:        1081348 kB
Active(anon):    2899268 kB
Inactive(anon):   923956 kB
Active(file):     105380 kB
Inactive(file):   157392 kB
Unevictable:          16 kB
Mlocked:              16 kB
SwapTotal:       4194300 kB
SwapFree:        3679604 kB
Zswap:                 0 kB
Zswapped:              0 kB
Dirty:               152 kB
Writeback:         15876 kB
AnonPages:       3254988 kB
Mapped:           263692 kB
Shmem:             55972 kB
KReclaimable:      53956 kB
Slab:             281804 kB
SReclaimable:      53956 kB
SUnreclaim:       227848 kB
KernelStack:       18236 kB
PageTables:        49984 kB
SecPageTables:         0 kB
NFS_Unstable:          0 kB
Bounce:                0 kB
WritebackTmp:          0 kB
CommitLimit:     8258920 kB
Committed_AS:   11355248 kB
VmallocTotal:   34359738367 kB
VmallocUsed:       46552 kB
VmallocChunk:          0 kB
Percpu:            13280 kB
HardwareCorrupted:     0 kB
AnonHugePages:    192512 kB
ShmemHugePages:        0 kB
ShmemPmdMapped:        0 kB
FileHugePages:         0 kB
FilePmdMapped:         0 kB
CmaTotal:              0 kB
CmaFree:               0 kB
Unaccepted:            0 kB
Balloon:               0 kB
HugePages_Total:       0
HugePages_Free:        0
HugePages_Rsvd:        0
HugePages_Surp:        0
Hugepagesize:       2048 kB
Hugetlb:               0 kB
DirectMap4k:      194432 kB
DirectMap2M:     6096896 kB
DirectMap1G:     4194304 kB
---SNAPSHOT---
2026-04-27 15:59:37
MemTotal:        8129240 kB
MemFree:         3611104 kB
MemAvailable:    3810944 kB
Buffers:            6444 kB
Cached:           312316 kB
SwapCached:       530056 kB
Active:          2814912 kB
Inactive:        1088548 kB
Active(anon):    2709532 kB
Inactive(anon):   931148 kB
Active(file):     105380 kB
Inactive(file):   157400 kB
Unevictable:          16 kB
Mlocked:              16 kB
SwapTotal:       4194300 kB
SwapFree:        3664244 kB
Zswap:                 0 kB
Zswapped:              0 kB
Dirty:               160 kB
Writeback:         24068 kB
AnonPages:       3057156 kB
Mapped:           263692 kB
Shmem:             55972 kB
KReclaimable:      53956 kB
Slab:             282300 kB
SReclaimable:      53956 kB
SUnreclaim:       228344 kB
KernelStack:       18208 kB
PageTables:        49428 kB
SecPageTables:         0 kB
NFS_Unstable:          0 kB
Bounce:                0 kB
WritebackTmp:          0 kB
CommitLimit:     8258920 kB
Committed_AS:   11355492 kB
VmallocTotal:   34359738367 kB
VmallocUsed:       46488 kB
VmallocChunk:          0 kB
Percpu:            13280 kB
HardwareCorrupted:     0 kB
AnonHugePages:    192512 kB
ShmemHugePages:        0 kB
ShmemPmdMapped:        0 kB
FileHugePages:         0 kB
FilePmdMapped:         0 kB
CmaTotal:              0 kB
CmaFree:               0 kB
Unaccepted:            0 kB
Balloon:               0 kB
HugePages_Total:       0
HugePages_Free:        0
HugePages_Rsvd:        0
HugePages_Surp:        0
Hugepagesize:       2048 kB
Hugetlb:               0 kB
DirectMap4k:      194432 kB
DirectMap2M:     6096896 kB
DirectMap1G:     4194304 kB
---SNAPSHOT---
2026-04-27 15:59:38
MemTotal:        8129240 kB
MemFree:         3733296 kB
MemAvailable:    3933152 kB
Buffers:            6456 kB
Cached:           312320 kB
SwapCached:       530056 kB
Active:          2653416 kB
Inactive:        1094764 kB
Active(anon):    2548036 kB
Inactive(anon):   937348 kB
Active(file):     105380 kB
Inactive(file):   157416 kB
Unevictable:          16 kB
Mlocked:              16 kB
SwapTotal:       4194300 kB
SwapFree:        3664244 kB
Zswap:                 0 kB
Zswapped:              0 kB
Dirty:               164 kB
Writeback:         17924 kB
AnonPages:       2901332 kB
Mapped:           263692 kB
Shmem:             55972 kB
KReclaimable:      53956 kB
Slab:             281944 kB
SReclaimable:      53956 kB
SUnreclaim:       227988 kB
KernelStack:       18224 kB
PageTables:        49244 kB
SecPageTables:         0 kB
NFS_Unstable:          0 kB
Bounce:                0 kB
WritebackTmp:          0 kB
CommitLimit:     8258920 kB
Committed_AS:   11355000 kB
VmallocTotal:   34359738367 kB
VmallocUsed:       46504 kB
VmallocChunk:          0 kB
Percpu:            13280 kB
HardwareCorrupted:     0 kB
AnonHugePages:    192512 kB
ShmemHugePages:        0 kB
ShmemPmdMapped:        0 kB
FileHugePages:         0 kB
FilePmdMapped:         0 kB
CmaTotal:              0 kB
CmaFree:               0 kB
Unaccepted:            0 kB
Balloon:               0 kB
HugePages_Total:       0
HugePages_Free:        0
HugePages_Rsvd:        0
HugePages_Surp:        0
Hugepagesize:       2048 kB
Hugetlb:               0 kB
DirectMap4k:      194432 kB
DirectMap2M:     6096896 kB
DirectMap1G:     4194304 kB
---SNAPSHOT---
2026-04-27 15:59:39
MemTotal:        8129240 kB
MemFree:         3746612 kB
MemAvailable:    3949292 kB
Buffers:            6600 kB
Cached:           315048 kB
SwapCached:       604808 kB
Active:          2587996 kB
Inactive:        1185888 kB
Active(anon):    2479960 kB
Inactive(anon):  1028304 kB
Active(file):     108036 kB
Inactive(file):   157584 kB
Unevictable:          16 kB
Mlocked:              16 kB
SwapTotal:       4194300 kB
SwapFree:        3589492 kB
Zswap:                 0 kB
Zswapped:              0 kB
Dirty:               168 kB
Writeback:            60 kB
AnonPages:       2849740 kB
Mapped:           264208 kB
Shmem:             55972 kB
KReclaimable:      53956 kB
Slab:             280804 kB
SReclaimable:      53956 kB
SUnreclaim:       226848 kB
KernelStack:       18240 kB
PageTables:        49392 kB
SecPageTables:         0 kB
NFS_Unstable:          0 kB
Bounce:                0 kB
WritebackTmp:          0 kB
CommitLimit:     8258920 kB
Committed_AS:   11356620 kB
VmallocTotal:   34359738367 kB
VmallocUsed:       46488 kB
VmallocChunk:          0 kB
Percpu:            13280 kB
HardwareCorrupted:     0 kB
AnonHugePages:    192512 kB
ShmemHugePages:        0 kB
ShmemPmdMapped:        0 kB
FileHugePages:         0 kB
FilePmdMapped:         0 kB
CmaTotal:              0 kB
CmaFree:               0 kB
Unaccepted:            0 kB
Balloon:               0 kB
HugePages_Total:       0
HugePages_Free:        0
HugePages_Rsvd:        0
HugePages_Surp:        0
Hugepagesize:       2048 kB
Hugetlb:               0 kB
DirectMap4k:      194432 kB
DirectMap2M:     6096896 kB
DirectMap1G:     4194304 kB
---SNAPSHOT---
2026-04-27 15:59:40
MemTotal:        8129240 kB
MemFree:         4279804 kB
MemAvailable:    4483860 kB
Buffers:            6728 kB
Cached:           316280 kB
SwapCached:        28804 kB
Active:          2617836 kB
Inactive:         611580 kB
Active(anon):    2508544 kB
Inactive(anon):   453876 kB
Active(file):     109292 kB
Inactive(file):   157704 kB
Unevictable:          16 kB
Mlocked:              16 kB
SwapTotal:       4194300 kB
SwapFree:        4165496 kB
Zswap:                 0 kB
Zswapped:              0 kB
Dirty:               180 kB
Writeback:           108 kB
AnonPages:       2878012 kB
Mapped:           265652 kB
Shmem:             55972 kB
KReclaimable:      53956 kB
Slab:             281056 kB
SReclaimable:      53956 kB
SUnreclaim:       227100 kB
KernelStack:       18284 kB
PageTables:        48252 kB
SecPageTables:         0 kB
NFS_Unstable:          0 kB
Bounce:                0 kB
WritebackTmp:          0 kB
CommitLimit:     8258920 kB
Committed_AS:   11356100 kB
VmallocTotal:   34359738367 kB
VmallocUsed:       46536 kB
VmallocChunk:          0 kB
Percpu:            13280 kB
HardwareCorrupted:     0 kB
AnonHugePages:    192512 kB
ShmemHugePages:        0 kB
ShmemPmdMapped:        0 kB
FileHugePages:         0 kB
FilePmdMapped:         0 kB
CmaTotal:              0 kB
CmaFree:               0 kB
Unaccepted:            0 kB
Balloon:               0 kB
HugePages_Total:       0
HugePages_Free:        0
HugePages_Rsvd:        0
HugePages_Surp:        0
Hugepagesize:       2048 kB
Hugetlb:               0 kB
DirectMap4k:      194432 kB
DirectMap2M:     6096896 kB
DirectMap1G:     4194304 kB
---SNAPSHOT---
2026-04-27 15:59:41
MemTotal:        8129240 kB
MemFree:         4000732 kB
MemAvailable:    4205380 kB
Buffers:            7348 kB
Cached:           316372 kB
SwapCached:        28804 kB
Active:          2906188 kB
Inactive:         612248 kB
Active(anon):    2796836 kB
Inactive(anon):   454012 kB
Active(file):     109352 kB
Inactive(file):   158236 kB
Unevictable:          16 kB
Mlocked:              16 kB
SwapTotal:       4194300 kB
SwapFree:        4165496 kB
Zswap:                 0 kB
Zswapped:              0 kB
Dirty:               188 kB
Writeback:             0 kB
AnonPages:       3166312 kB
Mapped:           266160 kB
Shmem:             55972 kB
KReclaimable:      53956 kB
Slab:             280832 kB
SReclaimable:      53956 kB
SUnreclaim:       226876 kB
KernelStack:       18224 kB
PageTables:        48692 kB
SecPageTables:         0 kB
NFS_Unstable:          0 kB
Bounce:                0 kB
WritebackTmp:          0 kB
CommitLimit:     8258920 kB
Committed_AS:   11355364 kB
VmallocTotal:   34359738367 kB
VmallocUsed:       46504 kB
VmallocChunk:          0 kB
Percpu:            13280 kB
HardwareCorrupted:     0 kB
AnonHugePages:    192512 kB
ShmemHugePages:        0 kB
ShmemPmdMapped:        0 kB
FileHugePages:         0 kB
FilePmdMapped:         0 kB
CmaTotal:              0 kB
CmaFree:               0 kB
Unaccepted:            0 kB
Balloon:               0 kB
HugePages_Total:       0
HugePages_Free:        0
HugePages_Rsvd:        0
HugePages_Surp:        0
Hugepagesize:       2048 kB
Hugetlb:               0 kB
DirectMap4k:      194432 kB
DirectMap2M:     6096896 kB
DirectMap1G:     4194304 kB
---SNAPSHOT---
2026-04-27 15:59:42
MemTotal:        8129240 kB
MemFree:         3780592 kB
MemAvailable:    3985888 kB
Buffers:            7564 kB
Cached:           316648 kB
SwapCached:        28804 kB
Active:          3147024 kB
Inactive:         612716 kB
Active(anon):    3037492 kB
Inactive(anon):   454012 kB
Active(file):     109532 kB
Inactive(file):   158704 kB
Unevictable:          16 kB
Mlocked:              16 kB
SwapTotal:       4194300 kB
SwapFree:        4165496 kB
Zswap:                 0 kB
Zswapped:              0 kB
Dirty:               196 kB
Writeback:             0 kB
AnonPages:       3406792 kB
Mapped:           263692 kB
Shmem:             55972 kB
KReclaimable:      53956 kB
Slab:             280812 kB
SReclaimable:      53956 kB
SUnreclaim:       226856 kB
KernelStack:       18192 kB
PageTables:        50144 kB
SecPageTables:         0 kB
NFS_Unstable:          0 kB
Bounce:                0 kB
WritebackTmp:          0 kB
CommitLimit:     8258920 kB
Committed_AS:   11354976 kB
VmallocTotal:   34359738367 kB
VmallocUsed:       46488 kB
VmallocChunk:          0 kB
Percpu:            13280 kB
HardwareCorrupted:     0 kB
AnonHugePages:    192512 kB
ShmemHugePages:        0 kB
ShmemPmdMapped:        0 kB
FileHugePages:         0 kB
FilePmdMapped:         0 kB
CmaTotal:              0 kB
CmaFree:               0 kB
Unaccepted:            0 kB
Balloon:               0 kB
HugePages_Total:       0
HugePages_Free:        0
HugePages_Rsvd:        0
HugePages_Surp:        0
Hugepagesize:       2048 kB
Hugetlb:               0 kB
DirectMap4k:      194432 kB
DirectMap2M:     6096896 kB
DirectMap1G:     4194304 kB
---SNAPSHOT---
2026-04-27 15:59:43
MemTotal:        8129240 kB
MemFree:         4185576 kB
MemAvailable:    4390872 kB
Buffers:            7564 kB
Cached:           316652 kB
SwapCached:        28804 kB
Active:          2735788 kB
Inactive:         612716 kB
Active(anon):    2626256 kB
Inactive(anon):   454012 kB
Active(file):     109532 kB
Inactive(file):   158704 kB
Unevictable:          16 kB
Mlocked:              16 kB
SwapTotal:       4194300 kB
SwapFree:        4165496 kB
Zswap:                 0 kB
Zswapped:              0 kB
Dirty:               200 kB
Writeback:             0 kB
AnonPages:       2995496 kB
Mapped:           263692 kB
Shmem:             55972 kB
KReclaimable:      53956 kB
Slab:             280804 kB
SReclaimable:      53956 kB
SUnreclaim:       226848 kB
KernelStack:       18236 kB
PageTables:        48956 kB
SecPageTables:         0 kB
NFS_Unstable:          0 kB
Bounce:                0 kB
WritebackTmp:          0 kB
CommitLimit:     8258920 kB
Committed_AS:   11355228 kB
VmallocTotal:   34359738367 kB
VmallocUsed:       46488 kB
VmallocChunk:          0 kB
Percpu:            13280 kB
HardwareCorrupted:     0 kB
AnonHugePages:    192512 kB
ShmemHugePages:        0 kB
ShmemPmdMapped:        0 kB
FileHugePages:         0 kB
FilePmdMapped:         0 kB
CmaTotal:              0 kB
CmaFree:               0 kB
Unaccepted:            0 kB
Balloon:               0 kB
HugePages_Total:       0
HugePages_Free:        0
HugePages_Rsvd:        0
HugePages_Surp:        0
Hugepagesize:       2048 kB
Hugetlb:               0 kB
DirectMap4k:      194432 kB
DirectMap2M:     6096896 kB
DirectMap1G:     4194304 kB
---SNAPSHOT---
2026-04-27 15:59:44
MemTotal:        8129240 kB
MemFree:         3954428 kB
MemAvailable:    4159740 kB
Buffers:            7572 kB
Cached:           316656 kB
SwapCached:        28804 kB
Active:          2956468 kB
Inactive:         612732 kB
Active(anon):    2846936 kB
Inactive(anon):   454012 kB
Active(file):     109532 kB
Inactive(file):   158720 kB
Unevictable:          16 kB
Mlocked:              16 kB
SwapTotal:       4194300 kB
SwapFree:        4165496 kB
Zswap:                 0 kB
Zswapped:              0 kB
Dirty:               220 kB
Writeback:             0 kB
AnonPages:       3216604 kB
Mapped:           263692 kB
Shmem:             55972 kB
KReclaimable:      53956 kB
Slab:             280796 kB
SReclaimable:      53956 kB
SUnreclaim:       226840 kB
KernelStack:       18224 kB
PageTables:        48716 kB
SecPageTables:         0 kB
NFS_Unstable:          0 kB
Bounce:                0 kB
WritebackTmp:          0 kB
CommitLimit:     8258920 kB
Committed_AS:   11355120 kB
VmallocTotal:   34359738367 kB
VmallocUsed:       46472 kB
VmallocChunk:          0 kB
Percpu:            13280 kB
HardwareCorrupted:     0 kB
AnonHugePages:    192512 kB
ShmemHugePages:        0 kB
ShmemPmdMapped:        0 kB
FileHugePages:         0 kB
FilePmdMapped:         0 kB
CmaTotal:              0 kB
CmaFree:               0 kB
Unaccepted:            0 kB
Balloon:               0 kB
HugePages_Total:       0
HugePages_Free:        0
HugePages_Rsvd:        0
HugePages_Surp:        0
Hugepagesize:       2048 kB
Hugetlb:               0 kB
DirectMap4k:      194432 kB
DirectMap2M:     6096896 kB
DirectMap1G:     4194304 kB
---SNAPSHOT---
2026-04-27 15:59:45
MemTotal:        8129240 kB
MemFree:         3730536 kB
MemAvailable:    3935852 kB
Buffers:            7572 kB
Cached:           316664 kB
SwapCached:        28804 kB
Active:          3202056 kB
Inactive:         612736 kB
Active(anon):    3092524 kB
Inactive(anon):   454012 kB
Active(file):     109532 kB
Inactive(file):   158724 kB
Unevictable:          16 kB
Mlocked:              16 kB
SwapTotal:       4194300 kB
SwapFree:        4165496 kB
Zswap:                 0 kB
Zswapped:              0 kB
Dirty:               228 kB
Writeback:             0 kB
AnonPages:       3462200 kB
Mapped:           263692 kB
Shmem:             55972 kB
KReclaimable:      53956 kB
Slab:             280804 kB
SReclaimable:      53956 kB
SUnreclaim:       226848 kB
KernelStack:       18268 kB
PageTables:        49256 kB
SecPageTables:         0 kB
NFS_Unstable:          0 kB
Bounce:                0 kB
WritebackTmp:          0 kB
CommitLimit:     8258920 kB
Committed_AS:   11355028 kB
VmallocTotal:   34359738367 kB
VmallocUsed:       46488 kB
VmallocChunk:          0 kB
Percpu:            13280 kB
HardwareCorrupted:     0 kB
AnonHugePages:    192512 kB
ShmemHugePages:        0 kB
ShmemPmdMapped:        0 kB
FileHugePages:         0 kB
FilePmdMapped:         0 kB
CmaTotal:              0 kB
CmaFree:               0 kB
Unaccepted:            0 kB
Balloon:               0 kB
HugePages_Total:       0
HugePages_Free:        0
HugePages_Rsvd:        0
HugePages_Surp:        0
Hugepagesize:       2048 kB
Hugetlb:               0 kB
DirectMap4k:      194432 kB
DirectMap2M:     6096896 kB
DirectMap1G:     4194304 kB
---SNAPSHOT---
2026-04-27 15:59:46
MemTotal:        8129240 kB
MemFree:         4098192 kB
MemAvailable:    4303516 kB
Buffers:            7572 kB
Cached:           316668 kB
SwapCached:        28804 kB
Active:          2828292 kB
Inactive:         612752 kB
Active(anon):    2718760 kB
Inactive(anon):   454020 kB
Active(file):     109532 kB
Inactive(file):   158732 kB
Unevictable:          16 kB
Mlocked:              16 kB
SwapTotal:       4194300 kB
SwapFree:        4165496 kB
Zswap:                 0 kB
Zswapped:              0 kB
Dirty:               232 kB
Writeback:             0 kB
AnonPages:       3088344 kB
Mapped:           263692 kB
Shmem:             55972 kB
KReclaimable:      53956 kB
Slab:             280820 kB
SReclaimable:      53956 kB
SUnreclaim:       226864 kB
KernelStack:       18268 kB
PageTables:        48428 kB
SecPageTables:         0 kB
NFS_Unstable:          0 kB
Bounce:                0 kB
WritebackTmp:          0 kB
CommitLimit:     8258920 kB
Committed_AS:   11355360 kB
VmallocTotal:   34359738367 kB
VmallocUsed:       46504 kB
VmallocChunk:          0 kB
Percpu:            13280 kB
HardwareCorrupted:     0 kB
AnonHugePages:    192512 kB
ShmemHugePages:        0 kB
ShmemPmdMapped:        0 kB
FileHugePages:         0 kB
FilePmdMapped:         0 kB
CmaTotal:              0 kB
CmaFree:               0 kB
Unaccepted:            0 kB
Balloon:               0 kB
HugePages_Total:       0
HugePages_Free:        0
HugePages_Rsvd:        0
HugePages_Surp:        0
Hugepagesize:       2048 kB
Hugetlb:               0 kB
DirectMap4k:      194432 kB
DirectMap2M:     6096896 kB
DirectMap1G:     4194304 kB
---SNAPSHOT---
2026-04-27 15:59:47
MemTotal:        8129240 kB
MemFree:         3818928 kB
MemAvailable:    4024260 kB
Buffers:            7572 kB
Cached:           316676 kB
SwapCached:        28804 kB
Active:          3113844 kB
Inactive:         612760 kB
Active(anon):    3004312 kB
Inactive(anon):   454020 kB
Active(file):     109532 kB
Inactive(file):   158740 kB
Unevictable:          16 kB
Mlocked:              16 kB
SwapTotal:       4194300 kB
SwapFree:        4165496 kB
Zswap:                 0 kB
Zswapped:              0 kB
Dirty:               240 kB
Writeback:             0 kB
AnonPages:       3373836 kB
Mapped:           263692 kB
Shmem:             55972 kB
KReclaimable:      53956 kB
Slab:             280832 kB
SReclaimable:      53956 kB
SUnreclaim:       226876 kB
KernelStack:       18268 kB
PageTables:        48992 kB
SecPageTables:         0 kB
NFS_Unstable:          0 kB
Bounce:                0 kB
WritebackTmp:          0 kB
CommitLimit:     8258920 kB
