---SNAPSHOT---
2026-04-27 15:03:39
MemTotal:        8129240 kB
MemFree:         5463140 kB
MemAvailable:    5188572 kB
Buffers:            4260 kB
Cached:           284208 kB
SwapCached:       120720 kB
Active:          1510452 kB
Inactive:         590264 kB
Active(anon):    1413832 kB
Inactive(anon):   435884 kB
Active(file):      96620 kB
Inactive(file):   154380 kB
Unevictable:           0 kB
Mlocked:               0 kB
SwapTotal:       4194300 kB
SwapFree:        3936064 kB
Zswap:                 0 kB
Zswapped:              0 kB
Dirty:               268 kB
Writeback:             0 kB
AnonPages:       1694524 kB
Mapped:           247536 kB
Shmem:             37300 kB
KReclaimable:      54948 kB
Slab:             282204 kB
SReclaimable:      54948 kB
SUnreclaim:       227256 kB
KernelStack:       18120 kB
PageTables:        45508 kB
SecPageTables:         0 kB
NFS_Unstable:          0 kB
Bounce:                0 kB
WritebackTmp:          0 kB
CommitLimit:     8258920 kB
Committed_AS:    8752168 kB
VmallocTotal:   34359738367 kB
VmallocUsed:       46344 kB
VmallocChunk:          0 kB
Percpu:            13280 kB
HardwareCorrupted:     0 kB
AnonHugePages:    204800 kB
ShmemHugePages:        0 kB
ShmemPmdMapped:        0 kB
FileHugePages:         0 kB
FilePmdMapped:         0 kB
CmaTotal:              0 kB
CmaFree:               0 kB
Unaccepted:            0 kB
Balloon:               0 kB
HugePages_Total:       0
HugePages_Free:        0
HugePages_Rsvd:        0
HugePages_Surp:        0
Hugepagesize:       2048 kB
Hugetlb:               0 kB
DirectMap4k:      194432 kB
DirectMap2M:     6096896 kB
DirectMap1G:     4194304 kB
---SNAPSHOT---
2026-04-27 15:03:40
MemTotal:        8129240 kB
MemFree:         5462312 kB
MemAvailable:    5188160 kB
Buffers:            4416 kB
Cached:           284752 kB
SwapCached:       120720 kB
Active:          1511164 kB
Inactive:         590812 kB
Active(anon):    1414264 kB
Inactive(anon):   435884 kB
Active(file):      96900 kB
Inactive(file):   154928 kB
Unevictable:           0 kB
Mlocked:               0 kB
SwapTotal:       4194300 kB
SwapFree:        3936064 kB
Zswap:                 0 kB
Zswapped:              0 kB
Dirty:               296 kB
Writeback:             0 kB
AnonPages:       1695344 kB
Mapped:           247564 kB
Shmem:             37300 kB
KReclaimable:      54948 kB
Slab:             282204 kB
SReclaimable:      54948 kB
SUnreclaim:       227256 kB
KernelStack:       18128 kB
PageTables:        45536 kB
SecPageTables:         0 kB
NFS_Unstable:          0 kB
Bounce:                0 kB
WritebackTmp:          0 kB
CommitLimit:     8258920 kB
Committed_AS:    8751948 kB
VmallocTotal:   34359738367 kB
VmallocUsed:       46360 kB
VmallocChunk:          0 kB
Percpu:            13280 kB
HardwareCorrupted:     0 kB
AnonHugePages:    204800 kB
ShmemHugePages:        0 kB
ShmemPmdMapped:        0 kB
FileHugePages:         0 kB
FilePmdMapped:         0 kB
CmaTotal:              0 kB
CmaFree:               0 kB
Unaccepted:            0 kB
Balloon:               0 kB
HugePages_Total:       0
HugePages_Free:        0
HugePages_Rsvd:        0
HugePages_Surp:        0
Hugepagesize:       2048 kB
Hugetlb:               0 kB
DirectMap4k:      194432 kB
DirectMap2M:     6096896 kB
DirectMap1G:     4194304 kB
---SNAPSHOT---
2026-04-27 15:03:41
MemTotal:        8129240 kB
MemFree:         5460552 kB
MemAvailable:    5186852 kB
Buffers:            4444 kB
Cached:           284876 kB
SwapCached:       120720 kB
Active:          1511912 kB
Inactive:         590880 kB
Active(anon):    1414848 kB
Inactive(anon):   435884 kB
Active(file):      97064 kB
Inactive(file):   154996 kB
Unevictable:           0 kB
Mlocked:               0 kB
SwapTotal:       4194300 kB
SwapFree:        3936064 kB
Zswap:                 0 kB
Zswapped:              0 kB
Dirty:               300 kB
Writeback:             0 kB
AnonPages:       1695944 kB
Mapped:           247564 kB
Shmem:             37300 kB
KReclaimable:      55620 kB
Slab:             282876 kB
SReclaimable:      55620 kB
SUnreclaim:       227256 kB
KernelStack:       18276 kB
PageTables:        46104 kB
SecPageTables:         0 kB
NFS_Unstable:          0 kB
Bounce:                0 kB
WritebackTmp:          0 kB
CommitLimit:     8258920 kB
Committed_AS:    8753188 kB
VmallocTotal:   34359738367 kB
VmallocUsed:       46392 kB
VmallocChunk:          0 kB
Percpu:            13280 kB
HardwareCorrupted:     0 kB
AnonHugePages:    204800 kB
ShmemHugePages:        0 kB
ShmemPmdMapped:        0 kB
FileHugePages:         0 kB
FilePmdMapped:         0 kB
CmaTotal:              0 kB
CmaFree:               0 kB
Unaccepted:            0 kB
Balloon:               0 kB
HugePages_Total:       0
HugePages_Free:        0
HugePages_Rsvd:        0
HugePages_Surp:        0
Hugepagesize:       2048 kB
Hugetlb:               0 kB
DirectMap4k:      194432 kB
DirectMap2M:     6096896 kB
DirectMap1G:     4194304 kB
---SNAPSHOT---
2026-04-27 15:03:42
MemTotal:        8129240 kB
MemFree:         5456192 kB
MemAvailable:    5184288 kB
Buffers:            4856 kB
Cached:           288316 kB
SwapCached:       120720 kB
Active:          1515104 kB
Inactive:         591268 kB
Active(anon):    1414836 kB
Inactive(anon):   435884 kB
Active(file):     100268 kB
Inactive(file):   155384 kB
Unevictable:           0 kB
Mlocked:               0 kB
SwapTotal:       4194300 kB
SwapFree:        3936064 kB
Zswap:                 0 kB
Zswapped:              0 kB
Dirty:               360 kB
Writeback:             0 kB
AnonPages:       1695732 kB
Mapped:           247792 kB
Shmem:             37300 kB
KReclaimable:      55620 kB
Slab:             282876 kB
SReclaimable:      55620 kB
SUnreclaim:       227256 kB
KernelStack:       18092 kB
PageTables:        45456 kB
SecPageTables:         0 kB
NFS_Unstable:          0 kB
Bounce:                0 kB
WritebackTmp:          0 kB
CommitLimit:     8258920 kB
Committed_AS:    8760112 kB
VmallocTotal:   34359738367 kB
VmallocUsed:       46376 kB
VmallocChunk:          0 kB
Percpu:            13280 kB
HardwareCorrupted:     0 kB
AnonHugePages:    204800 kB
ShmemHugePages:        0 kB
ShmemPmdMapped:        0 kB
FileHugePages:         0 kB
FilePmdMapped:         0 kB
CmaTotal:              0 kB
CmaFree:               0 kB
Unaccepted:            0 kB
Balloon:               0 kB
HugePages_Total:       0
HugePages_Free:        0
HugePages_Rsvd:        0
HugePages_Surp:        0
Hugepagesize:       2048 kB
Hugetlb:               0 kB
DirectMap4k:      194432 kB
DirectMap2M:     6096896 kB
DirectMap1G:     4194304 kB
---SNAPSHOT---
2026-04-27 15:03:43
MemTotal:        8129240 kB
MemFree:         3653160 kB
MemAvailable:    3385788 kB
Buffers:            4988 kB
Cached:           314148 kB
SwapCached:       120720 kB
Active:          3302844 kB
Inactive:         591680 kB
Active(anon):    3193924 kB
Inactive(anon):   435884 kB
Active(file):     108920 kB
Inactive(file):   155796 kB
Unevictable:          16 kB
Mlocked:              16 kB
SwapTotal:       4194300 kB
SwapFree:        3936064 kB
Zswap:                 0 kB
Zswapped:              0 kB
Dirty:               444 kB
Writeback:             0 kB
AnonPages:       3457496 kB
Mapped:           268272 kB
Shmem:             54448 kB
KReclaimable:      55620 kB
Slab:             282904 kB
SReclaimable:      55620 kB
SUnreclaim:       227284 kB
KernelStack:       18272 kB
PageTables:        49772 kB
SecPageTables:         0 kB
NFS_Unstable:          0 kB
Bounce:                0 kB
WritebackTmp:          0 kB
CommitLimit:     8258920 kB
Committed_AS:   11409228 kB
VmallocTotal:   34359738367 kB
VmallocUsed:       46424 kB
VmallocChunk:          0 kB
Percpu:            13280 kB
HardwareCorrupted:     0 kB
AnonHugePages:   1955840 kB
ShmemHugePages:        0 kB
ShmemPmdMapped:        0 kB
FileHugePages:         0 kB
FilePmdMapped:         0 kB
CmaTotal:              0 kB
CmaFree:               0 kB
Unaccepted:            0 kB
Balloon:               0 kB
HugePages_Total:       0
HugePages_Free:        0
HugePages_Rsvd:        0
HugePages_Surp:        0
Hugepagesize:       2048 kB
Hugetlb:               0 kB
DirectMap4k:      194432 kB
DirectMap2M:     6096896 kB
DirectMap1G:     4194304 kB
---SNAPSHOT---
2026-04-27 15:03:44
MemTotal:        8129240 kB
MemFree:         3144272 kB
MemAvailable:    2876900 kB
Buffers:            4988 kB
Cached:           314156 kB
SwapCached:       120720 kB
Active:          3810772 kB
Inactive:         591684 kB
Active(anon):    3701852 kB
Inactive(anon):   435884 kB
Active(file):     108920 kB
Inactive(file):   155800 kB
Unevictable:          16 kB
Mlocked:              16 kB
SwapTotal:       4194300 kB
SwapFree:        3936064 kB
Zswap:                 0 kB
Zswapped:              0 kB
Dirty:               452 kB
Writeback:             0 kB
AnonPages:       3965664 kB
Mapped:           268220 kB
Shmem:             54448 kB
KReclaimable:      55620 kB
Slab:             282904 kB
SReclaimable:      55620 kB
SUnreclaim:       227284 kB
KernelStack:       18304 kB
PageTables:        50804 kB
SecPageTables:         0 kB
NFS_Unstable:          0 kB
Bounce:                0 kB
WritebackTmp:          0 kB
CommitLimit:     8258920 kB
Committed_AS:   11409560 kB
VmallocTotal:   34359738367 kB
VmallocUsed:       46440 kB
VmallocChunk:          0 kB
Percpu:            13280 kB
HardwareCorrupted:     0 kB
AnonHugePages:   2463744 kB
ShmemHugePages:        0 kB
ShmemPmdMapped:        0 kB
FileHugePages:         0 kB
FilePmdMapped:         0 kB
CmaTotal:              0 kB
CmaFree:               0 kB
Unaccepted:            0 kB
Balloon:               0 kB
HugePages_Total:       0
HugePages_Free:        0
HugePages_Rsvd:        0
HugePages_Surp:        0
Hugepagesize:       2048 kB
Hugetlb:               0 kB
DirectMap4k:      194432 kB
DirectMap2M:     6096896 kB
DirectMap1G:     4194304 kB
---SNAPSHOT---
2026-04-27 15:03:45
MemTotal:        8129240 kB
MemFree:         4336540 kB
MemAvailable:    4069172 kB
Buffers:            4988 kB
Cached:           314160 kB
SwapCached:       383832 kB
Active:          2242560 kB
Inactive:         849624 kB
Active(anon):    2133640 kB
Inactive(anon):   693820 kB
Active(file):     108920 kB
Inactive(file):   155804 kB
Unevictable:          16 kB
Mlocked:              16 kB
SwapTotal:       4194300 kB
SwapFree:        3672860 kB
Zswap:                 0 kB
Zswapped:              0 kB
Dirty:               456 kB
Writeback:           912 kB
AnonPages:       2394588 kB
Mapped:           268176 kB
Shmem:             54448 kB
KReclaimable:      55620 kB
Slab:             282908 kB
SReclaimable:      55620 kB
SUnreclaim:       227288 kB
KernelStack:       18288 kB
PageTables:        47836 kB
SecPageTables:         0 kB
NFS_Unstable:          0 kB
Bounce:                0 kB
WritebackTmp:          0 kB
CommitLimit:     8258920 kB
Committed_AS:   11409200 kB
VmallocTotal:   34359738367 kB
VmallocUsed:       46472 kB
VmallocChunk:          0 kB
Percpu:            13280 kB
HardwareCorrupted:     0 kB
AnonHugePages:    894976 kB
ShmemHugePages:        0 kB
ShmemPmdMapped:        0 kB
FileHugePages:         0 kB
FilePmdMapped:         0 kB
CmaTotal:              0 kB
CmaFree:               0 kB
Unaccepted:            0 kB
Balloon:               0 kB
HugePages_Total:       0
HugePages_Free:        0
HugePages_Rsvd:        0
HugePages_Surp:        0
Hugepagesize:       2048 kB
Hugetlb:               0 kB
DirectMap4k:      194432 kB
DirectMap2M:     6096896 kB
DirectMap1G:     4194304 kB
---SNAPSHOT---
2026-04-27 15:03:46
MemTotal:        8129240 kB
MemFree:         3730068 kB
MemAvailable:    3463468 kB
Buffers:            4996 kB
Cached:           314164 kB
SwapCached:       507284 kB
Active:          2783372 kB
Inactive:         959420 kB
Active(anon):    2674452 kB
Inactive(anon):   803600 kB
Active(file):     108920 kB
Inactive(file):   155820 kB
Unevictable:          16 kB
Mlocked:              16 kB
SwapTotal:       4194300 kB
SwapFree:        3549500 kB
Zswap:                 0 kB
Zswapped:              0 kB
Dirty:               460 kB
Writeback:         15420 kB
AnonPages:       2921488 kB
Mapped:           268276 kB
Shmem:             54448 kB
KReclaimable:      57140 kB
Slab:             285420 kB
SReclaimable:      57140 kB
SUnreclaim:       228280 kB
KernelStack:       18272 kB
PageTables:        49712 kB
SecPageTables:         0 kB
NFS_Unstable:          0 kB
Bounce:                0 kB
WritebackTmp:          0 kB
CommitLimit:     8258920 kB
Committed_AS:   11409428 kB
VmallocTotal:   34359738367 kB
VmallocUsed:       46536 kB
VmallocChunk:          0 kB
Percpu:            13280 kB
HardwareCorrupted:     0 kB
AnonHugePages:   1421312 kB
ShmemHugePages:        0 kB
ShmemPmdMapped:        0 kB
FileHugePages:         0 kB
FilePmdMapped:         0 kB
CmaTotal:              0 kB
CmaFree:               0 kB
Unaccepted:            0 kB
Balloon:               0 kB
HugePages_Total:       0
HugePages_Free:        0
HugePages_Rsvd:        0
HugePages_Surp:        0
Hugepagesize:       2048 kB
Hugetlb:               0 kB
DirectMap4k:      194432 kB
DirectMap2M:     6096896 kB
DirectMap1G:     4194304 kB
---SNAPSHOT---
2026-04-27 15:03:52
MemTotal:        8129240 kB
MemFree:         2992788 kB
MemAvailable:    2726192 kB
Buffers:            5004 kB
Cached:           314168 kB
SwapCached:       522932 kB
Active:          3539332 kB
Inactive:         988492 kB
Active(anon):    3430412 kB
Inactive(anon):   832664 kB
Active(file):     108920 kB
Inactive(file):   155828 kB
Unevictable:          16 kB
Mlocked:              16 kB
SwapTotal:       4194300 kB
SwapFree:        3533628 kB
Zswap:                 0 kB
Zswapped:              0 kB
Dirty:               468 kB
Writeback:          1940 kB
AnonPages:       3690856 kB
Mapped:           268176 kB
Shmem:             54448 kB
KReclaimable:      57140 kB
Slab:             284484 kB
SReclaimable:      57140 kB
SUnreclaim:       227344 kB
KernelStack:       18304 kB
PageTables:        51084 kB
SecPageTables:         0 kB
NFS_Unstable:          0 kB
Bounce:                0 kB
WritebackTmp:          0 kB
CommitLimit:     8258920 kB
Committed_AS:   11409320 kB
VmallocTotal:   34359738367 kB
VmallocUsed:       46536 kB
VmallocChunk:          0 kB
Percpu:            13280 kB
HardwareCorrupted:     0 kB
AnonHugePages:   2191360 kB
ShmemHugePages:        0 kB
ShmemPmdMapped:        0 kB
FileHugePages:         0 kB
FilePmdMapped:         0 kB
CmaTotal:              0 kB
CmaFree:               0 kB
Unaccepted:            0 kB
Balloon:               0 kB
HugePages_Total:       0
HugePages_Free:        0
HugePages_Rsvd:        0
HugePages_Surp:        0
Hugepagesize:       2048 kB
Hugetlb:               0 kB
DirectMap4k:      194432 kB
DirectMap2M:     6096896 kB
DirectMap1G:     4194304 kB
---SNAPSHOT---
2026-04-27 15:03:53
MemTotal:        8129240 kB
MemFree:         3297700 kB
MemAvailable:    3031112 kB
Buffers:            5004 kB
Cached:           314180 kB
SwapCached:       561004 kB
Active:          3175912 kB
Inactive:        1025180 kB
Active(anon):    3066992 kB
Inactive(anon):   869336 kB
Active(file):     108920 kB
Inactive(file):   155844 kB
Unevictable:          16 kB
Mlocked:              16 kB
SwapTotal:       4194300 kB
SwapFree:        3495780 kB
Zswap:                 0 kB
Zswapped:              0 kB
Dirty:               472 kB
Writeback:           156 kB
AnonPages:       3328400 kB
Mapped:           268176 kB
Shmem:             54448 kB
KReclaimable:      57140 kB
Slab:             284420 kB
SReclaimable:      57140 kB
SUnreclaim:       227280 kB
KernelStack:       18364 kB
PageTables:        51316 kB
SecPageTables:         0 kB
NFS_Unstable:          0 kB
Bounce:                0 kB
WritebackTmp:          0 kB
CommitLimit:     8258920 kB
Committed_AS:   11409556 kB
VmallocTotal:   34359738367 kB
VmallocUsed:       46584 kB
VmallocChunk:          0 kB
Percpu:            13280 kB
HardwareCorrupted:     0 kB
AnonHugePages:   1826816 kB
ShmemHugePages:        0 kB
ShmemPmdMapped:        0 kB
FileHugePages:         0 kB
FilePmdMapped:         0 kB
CmaTotal:              0 kB
CmaFree:               0 kB
Unaccepted:            0 kB
Balloon:               0 kB
HugePages_Total:       0
HugePages_Free:        0
HugePages_Rsvd:        0
HugePages_Surp:        0
Hugepagesize:       2048 kB
Hugetlb:               0 kB
DirectMap4k:      194432 kB
DirectMap2M:     6096896 kB
DirectMap1G:     4194304 kB
---SNAPSHOT---
2026-04-27 15:03:54
MemTotal:        8129240 kB
MemFree:         3057608 kB
MemAvailable:    2791020 kB
Buffers:            5004 kB
Cached:           314188 kB
SwapCached:       567188 kB
Active:          3429888 kB
Inactive:        1033560 kB
Active(anon):    3320968 kB
Inactive(anon):   877716 kB
Active(file):     108920 kB
Inactive(file):   155844 kB
Unevictable:          16 kB
Mlocked:              16 kB
SwapTotal:       4194300 kB
SwapFree:        3489596 kB
Zswap:                 0 kB
Zswapped:              0 kB
Dirty:               480 kB
Writeback:           660 kB
AnonPages:       3584572 kB
Mapped:           268176 kB
Shmem:             54448 kB
KReclaimable:      57140 kB
Slab:             284436 kB
SReclaimable:      57140 kB
SUnreclaim:       227296 kB
KernelStack:       18304 kB
PageTables:        51580 kB
SecPageTables:         0 kB
NFS_Unstable:          0 kB
Bounce:                0 kB
WritebackTmp:          0 kB
CommitLimit:     8258920 kB
Committed_AS:   11409448 kB
VmallocTotal:   34359738367 kB
VmallocUsed:       46568 kB
VmallocChunk:          0 kB
Percpu:            13280 kB
HardwareCorrupted:     0 kB
AnonHugePages:   2080768 kB
ShmemHugePages:        0 kB
ShmemPmdMapped:        0 kB
FileHugePages:         0 kB
FilePmdMapped:         0 kB
CmaTotal:              0 kB
CmaFree:               0 kB
Unaccepted:            0 kB
Balloon:               0 kB
HugePages_Total:       0
HugePages_Free:        0
HugePages_Rsvd:        0
HugePages_Surp:        0
Hugepagesize:       2048 kB
Hugetlb:               0 kB
DirectMap4k:      194432 kB
DirectMap2M:     6096896 kB
DirectMap1G:     4194304 kB
---SNAPSHOT---
2026-04-27 15:03:55
MemTotal:        8129240 kB
MemFree:         3397576 kB
MemAvailable:    3130992 kB
Buffers:            5004 kB
Cached:           314192 kB
SwapCached:       585844 kB
Active:          3036776 kB
Inactive:        1049988 kB
Active(anon):    2927856 kB
Inactive(anon):   894136 kB
Active(file):     108920 kB
Inactive(file):   155852 kB
Unevictable:          16 kB
Mlocked:              16 kB
SwapTotal:       4194300 kB
SwapFree:        3470940 kB
Zswap:                 0 kB
Zswapped:              0 kB
Dirty:               484 kB
Writeback:           872 kB
AnonPages:       3189096 kB
Mapped:           268176 kB
Shmem:             54448 kB
KReclaimable:      57140 kB
Slab:             284404 kB
SReclaimable:      57140 kB
SUnreclaim:       227264 kB
KernelStack:       18364 kB
PageTables:        50644 kB
SecPageTables:         0 kB
NFS_Unstable:          0 kB
Bounce:                0 kB
WritebackTmp:          0 kB
CommitLimit:     8258920 kB
Committed_AS:   11409664 kB
VmallocTotal:   34359738367 kB
VmallocUsed:       46616 kB
VmallocChunk:          0 kB
Percpu:            13280 kB
HardwareCorrupted:     0 kB
AnonHugePages:   1687552 kB
ShmemHugePages:        0 kB
ShmemPmdMapped:        0 kB
FileHugePages:         0 kB
FilePmdMapped:         0 kB
CmaTotal:              0 kB
CmaFree:               0 kB
Unaccepted:            0 kB
Balloon:               0 kB
HugePages_Total:       0
HugePages_Free:        0
HugePages_Rsvd:        0
HugePages_Surp:        0
Hugepagesize:       2048 kB
Hugetlb:               0 kB
DirectMap4k:      194432 kB
DirectMap2M:     6096896 kB
DirectMap1G:     4194304 kB
---SNAPSHOT---
2026-04-27 15:03:56
MemTotal:        8129240 kB
MemFree:         3169108 kB
MemAvailable:    2902592 kB
Buffers:            5148 kB
Cached:           314196 kB
SwapCached:       595808 kB
Active:          3290948 kB
Inactive:        1060304 kB
Active(anon):    3182028 kB
Inactive(anon):   904316 kB
Active(file):     108920 kB
Inactive(file):   155988 kB
Unevictable:          16 kB
Mlocked:              16 kB
SwapTotal:       4194300 kB
SwapFree:        3460976 kB
Zswap:                 0 kB
Zswapped:              0 kB
Dirty:               488 kB
Writeback:           156 kB
AnonPages:       3443388 kB
Mapped:           268176 kB
Shmem:             54448 kB
KReclaimable:      57140 kB
Slab:             284404 kB
SReclaimable:      57140 kB
SUnreclaim:       227264 kB
KernelStack:       18348 kB
PageTables:        50724 kB
SecPageTables:         0 kB
NFS_Unstable:          0 kB
Bounce:                0 kB
WritebackTmp:          0 kB
CommitLimit:     8258920 kB
Committed_AS:   11408992 kB
VmallocTotal:   34359738367 kB
VmallocUsed:       46584 kB
VmallocChunk:          0 kB
Percpu:            13280 kB
HardwareCorrupted:     0 kB
AnonHugePages:   1941504 kB
ShmemHugePages:        0 kB
ShmemPmdMapped:        0 kB
FileHugePages:         0 kB
FilePmdMapped:         0 kB
CmaTotal:              0 kB
CmaFree:               0 kB
Unaccepted:            0 kB
Balloon:               0 kB
HugePages_Total:       0
HugePages_Free:        0
HugePages_Rsvd:        0
HugePages_Surp:        0
Hugepagesize:       2048 kB
Hugetlb:               0 kB
DirectMap4k:      194432 kB
DirectMap2M:     6096896 kB
DirectMap1G:     4194304 kB
---SNAPSHOT---
2026-04-27 15:03:57
MemTotal:        8129240 kB
MemFree:         2861176 kB
MemAvailable:    2594676 kB
Buffers:            5156 kB
Cached:           314204 kB
SwapCached:       596964 kB
Active:          3593188 kB
Inactive:        1062640 kB
Active(anon):    3484268 kB
Inactive(anon):   906620 kB
Active(file):     108920 kB
Inactive(file):   156020 kB
Unevictable:          16 kB
Mlocked:              16 kB
SwapTotal:       4194300 kB
SwapFree:        3459820 kB
Zswap:                 0 kB
Zswapped:              0 kB
Dirty:               496 kB
Writeback:           260 kB
AnonPages:       3748156 kB
Mapped:           268276 kB
Shmem:             54448 kB
KReclaimable:      57140 kB
Slab:             284404 kB
SReclaimable:      57140 kB
SUnreclaim:       227264 kB
KernelStack:       18304 kB
PageTables:        51240 kB
SecPageTables:         0 kB
NFS_Unstable:          0 kB
Bounce:                0 kB
WritebackTmp:          0 kB
CommitLimit:     8258920 kB
Committed_AS:   11409064 kB
VmallocTotal:   34359738367 kB
VmallocUsed:       46568 kB
VmallocChunk:          0 kB
Percpu:            13280 kB
HardwareCorrupted:     0 kB
AnonHugePages:   2246656 kB
ShmemHugePages:        0 kB
ShmemPmdMapped:        0 kB
FileHugePages:         0 kB
FilePmdMapped:         0 kB
CmaTotal:              0 kB
CmaFree:               0 kB
Unaccepted:            0 kB
Balloon:               0 kB
HugePages_Total:       0
HugePages_Free:        0
HugePages_Rsvd:        0
HugePages_Surp:        0
Hugepagesize:       2048 kB
Hugetlb:               0 kB
DirectMap4k:      194432 kB
DirectMap2M:     6096896 kB
DirectMap1G:     4194304 kB
---SNAPSHOT---
2026-04-27 15:03:58
MemTotal:        8129240 kB
MemFree:         3212960 kB
MemAvailable:    2946460 kB
Buffers:            5156 kB
Cached:           314208 kB
SwapCached:       598132 kB
Active:          3222424 kB
Inactive:        1062640 kB
Active(anon):    3113504 kB
Inactive(anon):   906620 kB
Active(file):     108920 kB
Inactive(file):   156020 kB
Unevictable:          16 kB
Mlocked:              16 kB
SwapTotal:       4194300 kB
SwapFree:        3458652 kB
Zswap:                 0 kB
Zswapped:              0 kB
Dirty:               500 kB
Writeback:           272 kB
AnonPages:       3376232 kB
Mapped:           268176 kB
Shmem:             54448 kB
KReclaimable:      57140 kB
Slab:             284404 kB
SReclaimable:      57140 kB
SUnreclaim:       227264 kB
KernelStack:       18380 kB
PageTables:        50492 kB
SecPageTables:         0 kB
NFS_Unstable:          0 kB
Bounce:                0 kB
WritebackTmp:          0 kB
CommitLimit:     8258920 kB
Committed_AS:   11409064 kB
VmallocTotal:   34359738367 kB
VmallocUsed:       46600 kB
VmallocChunk:          0 kB
Percpu:            13280 kB
HardwareCorrupted:     0 kB
AnonHugePages:   1875968 kB
ShmemHugePages:        0 kB
ShmemPmdMapped:        0 kB
FileHugePages:         0 kB
FilePmdMapped:         0 kB
CmaTotal:              0 kB
CmaFree:               0 kB
Unaccepted:            0 kB
Balloon:               0 kB
HugePages_Total:       0
HugePages_Free:        0
HugePages_Rsvd:        0
HugePages_Surp:        0
Hugepagesize:       2048 kB
Hugetlb:               0 kB
DirectMap4k:      194432 kB
DirectMap2M:     6096896 kB
DirectMap1G:     4194304 kB
---SNAPSHOT---
2026-04-27 15:03:59
MemTotal:        8129240 kB
MemFree:         2962876 kB
MemAvailable:    2696380 kB
Buffers:            5156 kB
Cached:           314216 kB
SwapCached:       599184 kB
Active:          3488900 kB
Inactive:        1064636 kB
Active(anon):    3379980 kB
Inactive(anon):   908608 kB
Active(file):     108920 kB
Inactive(file):   156028 kB
Unevictable:          16 kB
Mlocked:              16 kB
SwapTotal:       4194300 kB
SwapFree:        3457600 kB
Zswap:                 0 kB
Zswapped:              0 kB
Dirty:               508 kB
Writeback:           360 kB
AnonPages:       3643708 kB
Mapped:           268176 kB
Shmem:             54448 kB
KReclaimable:      57140 kB
Slab:             284404 kB
SReclaimable:      57140 kB
SUnreclaim:       227264 kB
KernelStack:       18328 kB
PageTables:        51156 kB
SecPageTables:         0 kB
NFS_Unstable:          0 kB
Bounce:                0 kB
WritebackTmp:          0 kB
CommitLimit:     8258920 kB
Committed_AS:   11409448 kB
VmallocTotal:   34359738367 kB
VmallocUsed:       46632 kB
VmallocChunk:          0 kB
Percpu:            13280 kB
HardwareCorrupted:     0 kB
AnonHugePages:   2142208 kB
ShmemHugePages:        0 kB
ShmemPmdMapped:        0 kB
FileHugePages:         0 kB
FilePmdMapped:         0 kB
CmaTotal:              0 kB
CmaFree:               0 kB
Unaccepted:            0 kB
Balloon:               0 kB
HugePages_Total:       0
HugePages_Free:        0
HugePages_Rsvd:        0
HugePages_Surp:        0
Hugepagesize:       2048 kB
Hugetlb:               0 kB
DirectMap4k:      194432 kB
DirectMap2M:     6096896 kB
DirectMap1G:     4194304 kB
---SNAPSHOT---
2026-04-27 15:04:00
MemTotal:        8129240 kB
MemFree:         2827384 kB
MemAvailable:    2560892 kB
Buffers:            5156 kB
Cached:           314220 kB
SwapCached:       599328 kB
Active:          3623960 kB
Inactive:        1064648 kB
Active(anon):    3515040 kB
Inactive(anon):   908612 kB
Active(file):     108920 kB
Inactive(file):   156036 kB
Unevictable:          16 kB
Mlocked:              16 kB
SwapTotal:       4194300 kB
SwapFree:        3457456 kB
Zswap:                 0 kB
Zswapped:              0 kB
Dirty:               512 kB
Writeback:           264 kB
AnonPages:       3780148 kB
Mapped:           268176 kB
Shmem:             54448 kB
KReclaimable:      57140 kB
Slab:             284404 kB
SReclaimable:      57140 kB
SUnreclaim:       227264 kB
KernelStack:       18304 kB
PageTables:        51324 kB
SecPageTables:         0 kB
NFS_Unstable:          0 kB
Bounce:                0 kB
WritebackTmp:          0 kB
CommitLimit:     8258920 kB
Committed_AS:   11409452 kB
VmallocTotal:   34359738367 kB
VmallocUsed:       46600 kB
VmallocChunk:          0 kB
Percpu:            13280 kB
HardwareCorrupted:     0 kB
AnonHugePages:   2277376 kB
ShmemHugePages:        0 kB
ShmemPmdMapped:        0 kB
FileHugePages:         0 kB
FilePmdMapped:         0 kB
CmaTotal:              0 kB
CmaFree:               0 kB
Unaccepted:            0 kB
Balloon:               0 kB
HugePages_Total:       0
HugePages_Free:        0
HugePages_Rsvd:        0
HugePages_Surp:        0
Hugepagesize:       2048 kB
Hugetlb:               0 kB
DirectMap4k:      194432 kB
DirectMap2M:     6096896 kB
DirectMap1G:     4194304 kB
---SNAPSHOT---
2026-04-27 15:04:01
MemTotal:        8129240 kB
MemFree:         2827156 kB
MemAvailable:    2560800 kB
Buffers:            5424 kB
Cached:           314224 kB
SwapCached:       680344 kB
Active:          3544344 kB
Inactive:        1143236 kB
Active(anon):    3435424 kB
Inactive(anon):   986928 kB
Active(file):     108920 kB
Inactive(file):   156308 kB
Unevictable:          16 kB
Mlocked:              16 kB
SwapTotal:       4194300 kB
SwapFree:        3376320 kB
Zswap:                 0 kB
Zswapped:              0 kB
Dirty:               516 kB
Writeback:           328 kB
AnonPages:       3698876 kB
Mapped:           268176 kB
Shmem:             54448 kB
KReclaimable:      57140 kB
Slab:             284404 kB
SReclaimable:      57140 kB
SUnreclaim:       227264 kB
KernelStack:       18304 kB
PageTables:        51780 kB
SecPageTables:         0 kB
NFS_Unstable:          0 kB
Bounce:                0 kB
WritebackTmp:          0 kB
CommitLimit:     8258920 kB
Committed_AS:   11409440 kB
VmallocTotal:   34359738367 kB
VmallocUsed:       46584 kB
VmallocChunk:          0 kB
Percpu:            13280 kB
HardwareCorrupted:     0 kB
AnonHugePages:   2197504 kB
ShmemHugePages:        0 kB
ShmemPmdMapped:        0 kB
FileHugePages:         0 kB
FilePmdMapped:         0 kB
CmaTotal:              0 kB
CmaFree:               0 kB
Unaccepted:            0 kB
Balloon:               0 kB
HugePages_Total:       0
HugePages_Free:        0
HugePages_Rsvd:        0
HugePages_Surp:        0
Hugepagesize:       2048 kB
Hugetlb:               0 kB
DirectMap4k:      194432 kB
DirectMap2M:     6096896 kB
DirectMap1G:     4194304 kB
---SNAPSHOT---
2026-04-27 15:04:02
MemTotal:        8129240 kB
MemFree:         2826904 kB
MemAvailable:    2560548 kB
Buffers:            5432 kB
Cached:           314232 kB
SwapCached:       829048 kB
Active:          3392660 kB
Inactive:        1294408 kB
Active(anon):    3283740 kB
Inactive(anon):  1138096 kB
Active(file):     108920 kB
Inactive(file):   156312 kB
Unevictable:          16 kB
Mlocked:              16 kB
SwapTotal:       4194300 kB
SwapFree:        3227416 kB
Zswap:                 0 kB
Zswapped:              0 kB
Dirty:               524 kB
Writeback:           192 kB
AnonPages:       3549512 kB
Mapped:           268176 kB
Shmem:             54448 kB
KReclaimable:      57140 kB
Slab:             284404 kB
SReclaimable:      57140 kB
SUnreclaim:       227264 kB
KernelStack:       18304 kB
PageTables:        51592 kB
SecPageTables:         0 kB
NFS_Unstable:          0 kB
Bounce:                0 kB
WritebackTmp:          0 kB
CommitLimit:     8258920 kB
Committed_AS:   11409440 kB
VmallocTotal:   34359738367 kB
VmallocUsed:       46552 kB
VmallocChunk:          0 kB
Percpu:            13280 kB
HardwareCorrupted:     0 kB
AnonHugePages:   2045952 kB
ShmemHugePages:        0 kB
ShmemPmdMapped:        0 kB
FileHugePages:         0 kB
FilePmdMapped:         0 kB
CmaTotal:              0 kB
CmaFree:               0 kB
Unaccepted:            0 kB
Balloon:               0 kB
HugePages_Total:       0
HugePages_Free:        0
HugePages_Rsvd:        0
HugePages_Surp:        0
Hugepagesize:       2048 kB
Hugetlb:               0 kB
DirectMap4k:      194432 kB
DirectMap2M:     6096896 kB
DirectMap1G:     4194304 kB
---SNAPSHOT---
2026-04-27 15:04:03
MemTotal:        8129240 kB
MemFree:         2826880 kB
MemAvailable:    2560532 kB
Buffers:            5432 kB
Cached:           314236 kB
SwapCached:       941900 kB
Active:          3283932 kB
Inactive:        1403376 kB
Active(anon):    3175012 kB
Inactive(anon):  1247048 kB
Active(file):     108920 kB
Inactive(file):   156328 kB
Unevictable:          16 kB
Mlocked:              16 kB
SwapTotal:       4194300 kB
SwapFree:        3114840 kB
Zswap:                 0 kB
Zswapped:              0 kB
Dirty:               528 kB
Writeback:           188 kB
AnonPages:       3437348 kB
Mapped:           268176 kB
Shmem:             54448 kB
KReclaimable:      57140 kB
Slab:             284404 kB
SReclaimable:      57140 kB
SUnreclaim:       227264 kB
KernelStack:       18304 kB
PageTables:        51556 kB
SecPageTables:         0 kB
NFS_Unstable:          0 kB
Bounce:                0 kB
WritebackTmp:          0 kB
CommitLimit:     8258920 kB
Committed_AS:   11409320 kB
VmallocTotal:   34359738367 kB
VmallocUsed:       46520 kB
VmallocChunk:          0 kB
Percpu:            13280 kB
HardwareCorrupted:     0 kB
AnonHugePages:   1937408 kB
ShmemHugePages:        0 kB
ShmemPmdMapped:        0 kB
FileHugePages:         0 kB
FilePmdMapped:         0 kB
CmaTotal:              0 kB
CmaFree:               0 kB
Unaccepted:            0 kB
Balloon:               0 kB
HugePages_Total:       0
HugePages_Free:        0
HugePages_Rsvd:        0
HugePages_Surp:        0
Hugepagesize:       2048 kB
Hugetlb:               0 kB
DirectMap4k:      194432 kB
DirectMap2M:     6096896 kB
DirectMap1G:     4194304 kB
---SNAPSHOT---
2026-04-27 15:04:04
MemTotal:        8129240 kB
MemFree:         2826880 kB
MemAvailable:    2560536 kB
Buffers:            5432 kB
Cached:           314248 kB
SwapCached:       952596 kB
Active:          3269648 kB
Inactive:        1417876 kB
Active(anon):    3160728 kB
Inactive(anon):  1261540 kB
Active(file):     108920 kB
Inactive(file):   156336 kB
Unevictable:          16 kB
Mlocked:              16 kB
SwapTotal:       4194300 kB
SwapFree:        3104184 kB
Zswap:                 0 kB
Zswapped:              0 kB
Dirty:               540 kB
Writeback:           256 kB
AnonPages:       3427120 kB
Mapped:           268176 kB
Shmem:             54448 kB
KReclaimable:      57140 kB
Slab:             284404 kB
SReclaimable:      57140 kB
SUnreclaim:       227264 kB
KernelStack:       18304 kB
PageTables:        51552 kB
SecPageTables:         0 kB
NFS_Unstable:          0 kB
Bounce:                0 kB
WritebackTmp:          0 kB
CommitLimit:     8258920 kB
Committed_AS:   11409320 kB
VmallocTotal:   34359738367 kB
VmallocUsed:       46536 kB
VmallocChunk:          0 kB
Percpu:            13280 kB
HardwareCorrupted:     0 kB
AnonHugePages:   1923072 kB
ShmemHugePages:        0 kB
ShmemPmdMapped:        0 kB
FileHugePages:         0 kB
FilePmdMapped:         0 kB
CmaTotal:              0 kB
CmaFree:               0 kB
Unaccepted:            0 kB
Balloon:               0 kB
HugePages_Total:       0
HugePages_Free:        0
HugePages_Rsvd:        0
HugePages_Surp:        0
Hugepagesize:       2048 kB
Hugetlb:               0 kB
DirectMap4k:      194432 kB
DirectMap2M:     6096896 kB
DirectMap1G:     4194304 kB
---SNAPSHOT---
2026-04-27 15:04:05
MemTotal:        8129240 kB
MemFree:         2826656 kB
MemAvailable:    2560316 kB
Buffers:            5432 kB
Cached:           314252 kB
SwapCached:       959116 kB
Active:          3266596 kB
Inactive:        1420240 kB
Active(anon):    3157676 kB
Inactive(anon):  1263896 kB
Active(file):     108920 kB
Inactive(file):   156344 kB
Unevictable:          16 kB
Mlocked:              16 kB
SwapTotal:       4194300 kB
SwapFree:        3097668 kB
Zswap:                 0 kB
Zswapped:              0 kB
Dirty:               544 kB
Writeback:           200 kB
AnonPages:       3419292 kB
Mapped:           268176 kB
Shmem:             54448 kB
KReclaimable:      57140 kB
Slab:             284404 kB
SReclaimable:      57140 kB
SUnreclaim:       227264 kB
KernelStack:       18320 kB
PageTables:        51388 kB
SecPageTables:         0 kB
NFS_Unstable:          0 kB
Bounce:                0 kB
WritebackTmp:          0 kB
CommitLimit:     8258920 kB
Committed_AS:   11409176 kB
VmallocTotal:   34359738367 kB
VmallocUsed:       46552 kB
VmallocChunk:          0 kB
Percpu:            13280 kB
HardwareCorrupted:     0 kB
AnonHugePages:   1921024 kB
ShmemHugePages:        0 kB
ShmemPmdMapped:        0 kB
FileHugePages:         0 kB
FilePmdMapped:         0 kB
CmaTotal:              0 kB
CmaFree:               0 kB
Unaccepted:            0 kB
Balloon:               0 kB
HugePages_Total:       0
HugePages_Free:        0
HugePages_Rsvd:        0
HugePages_Surp:        0
Hugepagesize:       2048 kB
Hugetlb:               0 kB
DirectMap4k:      194432 kB
DirectMap2M:     6096896 kB
DirectMap1G:     4194304 kB
---SNAPSHOT---
2026-04-27 15:04:06
MemTotal:        8129240 kB
MemFree:         2826656 kB
MemAvailable:    2560320 kB
Buffers:            5432 kB
Cached:           314256 kB
SwapCached:       960308 kB
Active:          3263268 kB
Inactive:        1424336 kB
Active(anon):    3154348 kB
Inactive(anon):  1267988 kB
Active(file):     108920 kB
Inactive(file):   156348 kB
Unevictable:          16 kB
Mlocked:              16 kB
SwapTotal:       4194300 kB
SwapFree:        3096476 kB
Zswap:                 0 kB
Zswapped:              0 kB
Dirty:               548 kB
Writeback:           192 kB
AnonPages:       3418980 kB
Mapped:           268176 kB
Shmem:             54448 kB
KReclaimable:      57140 kB
Slab:             284404 kB
SReclaimable:      57140 kB
SUnreclaim:       227264 kB
KernelStack:       18256 kB
PageTables:        51384 kB
SecPageTables:         0 kB
NFS_Unstable:          0 kB
Bounce:                0 kB
WritebackTmp:          0 kB
CommitLimit:     8258920 kB
Committed_AS:   11409188 kB
VmallocTotal:   34359738367 kB
VmallocUsed:       46536 kB
VmallocChunk:          0 kB
Percpu:            13280 kB
HardwareCorrupted:     0 kB
AnonHugePages:   1916928 kB
ShmemHugePages:        0 kB
ShmemPmdMapped:        0 kB
FileHugePages:         0 kB
FilePmdMapped:         0 kB
CmaTotal:              0 kB
CmaFree:               0 kB
Unaccepted:            0 kB
Balloon:               0 kB
HugePages_Total:       0
HugePages_Free:        0
HugePages_Rsvd:        0
HugePages_Surp:        0
Hugepagesize:       2048 kB
Hugetlb:               0 kB
DirectMap4k:      194432 kB
DirectMap2M:     6096896 kB
DirectMap1G:     4194304 kB
---SNAPSHOT---
2026-04-27 15:04:07
MemTotal:        8129240 kB
MemFree:         2827484 kB
MemAvailable:    2561152 kB
Buffers:            5440 kB
Cached:           314264 kB
SwapCached:       960724 kB
Active:          3260084 kB
Inactive:        1428480 kB
Active(anon):    3151164 kB
Inactive(anon):  1272124 kB
Active(file):     108920 kB
Inactive(file):   156356 kB
Unevictable:          16 kB
Mlocked:              16 kB
SwapTotal:       4194300 kB
SwapFree:        3096060 kB
Zswap:                 0 kB
Zswapped:              0 kB
Dirty:               324 kB
Writeback:           276 kB
AnonPages:       3419612 kB
Mapped:           268176 kB
Shmem:             54448 kB
KReclaimable:      57140 kB
Slab:             284404 kB
SReclaimable:      57140 kB
SUnreclaim:       227264 kB
KernelStack:       18336 kB
PageTables:        51552 kB
SecPageTables:         0 kB
NFS_Unstable:          0 kB
Bounce:                0 kB
WritebackTmp:          0 kB
CommitLimit:     8258920 kB
Committed_AS:   11409332 kB
VmallocTotal:   34359738367 kB
VmallocUsed:       46568 kB
VmallocChunk:          0 kB
Percpu:            13280 kB
HardwareCorrupted:     0 kB
AnonHugePages:   1916928 kB
ShmemHugePages:        0 kB
ShmemPmdMapped:        0 kB
FileHugePages:         0 kB
FilePmdMapped:         0 kB
CmaTotal:              0 kB
CmaFree:               0 kB
Unaccepted:            0 kB
Balloon:               0 kB
HugePages_Total:       0
HugePages_Free:        0
HugePages_Rsvd:        0
HugePages_Surp:        0
Hugepagesize:       2048 kB
Hugetlb:               0 kB
DirectMap4k:      194432 kB
DirectMap2M:     6096896 kB
DirectMap1G:     4194304 kB
---SNAPSHOT---
2026-04-27 15:04:09
MemTotal:        8129240 kB
MemFree:         2827484 kB
MemAvailable:    2561156 kB
Buffers:            5440 kB
Cached:           314268 kB
SwapCached:       960980 kB
Active:          3259984 kB
Inactive:        1428584 kB
Active(anon):    3151064 kB
Inactive(anon):  1272220 kB
Active(file):     108920 kB
Inactive(file):   156364 kB
Unevictable:          16 kB
Mlocked:              16 kB
SwapTotal:       4194300 kB
SwapFree:        3095804 kB
Zswap:                 0 kB
Zswapped:              0 kB
Dirty:               164 kB
Writeback:           212 kB
AnonPages:       3419396 kB
Mapped:           268176 kB
Shmem:             54448 kB
KReclaimable:      57140 kB
Slab:             284404 kB
SReclaimable:      57140 kB
SUnreclaim:       227264 kB
KernelStack:       18380 kB
PageTables:        51624 kB
SecPageTables:         0 kB
NFS_Unstable:          0 kB
Bounce:                0 kB
WritebackTmp:          0 kB
CommitLimit:     8258920 kB
Committed_AS:   11409452 kB
VmallocTotal:   34359738367 kB
VmallocUsed:       46584 kB
VmallocChunk:          0 kB
Percpu:            13280 kB
HardwareCorrupted:     0 kB
AnonHugePages:   1916928 kB
ShmemHugePages:        0 kB
ShmemPmdMapped:        0 kB
FileHugePages:         0 kB
FilePmdMapped:         0 kB
CmaTotal:              0 kB
CmaFree:               0 kB
Unaccepted:            0 kB
Balloon:               0 kB
HugePages_Total:       0
HugePages_Free:        0
HugePages_Rsvd:        0
HugePages_Surp:        0
Hugepagesize:       2048 kB
Hugetlb:               0 kB
DirectMap4k:      194432 kB
DirectMap2M:     6096896 kB
DirectMap1G:     4194304 kB
---SNAPSHOT---
2026-04-27 15:04:10
MemTotal:        8129240 kB
MemFree:         2827484 kB
MemAvailable:    2561160 kB
Buffers:            5440 kB
Cached:           314276 kB
SwapCached:       961744 kB
Active:          3260208 kB
Inactive:        1428592 kB
Active(anon):    3151288 kB
Inactive(anon):  1272220 kB
Active(file):     108920 kB
Inactive(file):   156372 kB
Unevictable:          16 kB
Mlocked:              16 kB
SwapTotal:       4194300 kB
SwapFree:        3095040 kB
Zswap:                 0 kB
Zswapped:              0 kB
Dirty:               172 kB
Writeback:           136 kB
AnonPages:       3418704 kB
Mapped:           268176 kB
Shmem:             54448 kB
KReclaimable:      57140 kB
Slab:             284404 kB
SReclaimable:      57140 kB
SUnreclaim:       227264 kB
KernelStack:       18348 kB
PageTables:        51604 kB
SecPageTables:         0 kB
NFS_Unstable:          0 kB
Bounce:                0 kB
WritebackTmp:          0 kB
CommitLimit:     8258920 kB
Committed_AS:   11409452 kB
VmallocTotal:   34359738367 kB
VmallocUsed:       46632 kB
VmallocChunk:          0 kB
Percpu:            13280 kB
HardwareCorrupted:     0 kB
AnonHugePages:   1916928 kB
ShmemHugePages:        0 kB
ShmemPmdMapped:        0 kB
FileHugePages:         0 kB
FilePmdMapped:         0 kB
CmaTotal:              0 kB
CmaFree:               0 kB
Unaccepted:            0 kB
Balloon:               0 kB
HugePages_Total:       0
HugePages_Free:        0
HugePages_Rsvd:        0
HugePages_Surp:        0
Hugepagesize:       2048 kB
Hugetlb:               0 kB
DirectMap4k:      194432 kB
DirectMap2M:     6096896 kB
DirectMap1G:     4194304 kB
---SNAPSHOT---
2026-04-27 15:04:11
MemTotal:        8129240 kB
MemFree:         2827484 kB
MemAvailable:    2561164 kB
Buffers:            5440 kB
Cached:           314280 kB
SwapCached:       962276 kB
Active:          3260184 kB
Inactive:        1428600 kB
Active(anon):    3151264 kB
Inactive(anon):  1272220 kB
Active(file):     108920 kB
Inactive(file):   156380 kB
Unevictable:          16 kB
Mlocked:              16 kB
SwapTotal:       4194300 kB
SwapFree:        3094508 kB
Zswap:                 0 kB
Zswapped:              0 kB
Dirty:               176 kB
Writeback:           216 kB
AnonPages:       3418180 kB
Mapped:           268176 kB
Shmem:             54448 kB
KReclaimable:      57140 kB
Slab:             284404 kB
SReclaimable:      57140 kB
SUnreclaim:       227264 kB
KernelStack:       18364 kB
PageTables:        51788 kB
SecPageTables:         0 kB
NFS_Unstable:          0 kB
Bounce:                0 kB
WritebackTmp:          0 kB
CommitLimit:     8258920 kB
Committed_AS:   11409452 kB
VmallocTotal:   34359738367 kB
VmallocUsed:       46632 kB
VmallocChunk:          0 kB
Percpu:            13280 kB
HardwareCorrupted:     0 kB
AnonHugePages:   1916928 kB
ShmemHugePages:        0 kB
ShmemPmdMapped:        0 kB
FileHugePages:         0 kB
FilePmdMapped:         0 kB
CmaTotal:              0 kB
CmaFree:               0 kB
Unaccepted:            0 kB
Balloon:               0 kB
HugePages_Total:       0
HugePages_Free:        0
HugePages_Rsvd:        0
HugePages_Surp:        0
Hugepagesize:       2048 kB
Hugetlb:               0 kB
DirectMap4k:      194432 kB
DirectMap2M:     6096896 kB
DirectMap1G:     4194304 kB
---SNAPSHOT---
2026-04-27 15:04:12
MemTotal:        8129240 kB
MemFree:         2827252 kB
MemAvailable:    2560944 kB
Buffers:            5452 kB
Cached:           314292 kB
SwapCached:      1059364 kB
Active:          3163860 kB
Inactive:        1524296 kB
Active(anon):    3054940 kB
Inactive(anon):  1367892 kB
Active(file):     108920 kB
Inactive(file):   156404 kB
Unevictable:          16 kB
Mlocked:              16 kB
SwapTotal:       4194300 kB
SwapFree:        2997220 kB
Zswap:                 0 kB
Zswapped:              0 kB
Dirty:                40 kB
Writeback:           208 kB
AnonPages:       3320684 kB
Mapped:           268404 kB
Shmem:             54448 kB
KReclaimable:      57140 kB
Slab:             284404 kB
SReclaimable:      57140 kB
SUnreclaim:       227264 kB
KernelStack:       18304 kB
PageTables:        51508 kB
SecPageTables:         0 kB
NFS_Unstable:          0 kB
Bounce:                0 kB
WritebackTmp:          0 kB
CommitLimit:     8258920 kB
Committed_AS:   11409452 kB
VmallocTotal:   34359738367 kB
VmallocUsed:       46632 kB
VmallocChunk:          0 kB
Percpu:            13280 kB
HardwareCorrupted:     0 kB
AnonHugePages:   1820672 kB
ShmemHugePages:        0 kB
ShmemPmdMapped:        0 kB
FileHugePages:         0 kB
FilePmdMapped:         0 kB
CmaTotal:              0 kB
CmaFree:               0 kB
Unaccepted:            0 kB
Balloon:               0 kB
HugePages_Total:       0
HugePages_Free:        0
HugePages_Rsvd:        0
HugePages_Surp:        0
Hugepagesize:       2048 kB
Hugetlb:               0 kB
DirectMap4k:      194432 kB
DirectMap2M:     6096896 kB
DirectMap1G:     4194304 kB
---SNAPSHOT---
2026-04-27 15:04:13
MemTotal:        8129240 kB
MemFree:         2827236 kB
MemAvailable:    2560928 kB
Buffers:            5452 kB
Cached:           314300 kB
SwapCached:      1098248 kB
Active:          3129252 kB
Inactive:        1559272 kB
Active(anon):    3020332 kB
Inactive(anon):  1402864 kB
Active(file):     108920 kB
Inactive(file):   156408 kB
Unevictable:          16 kB
Mlocked:              16 kB
SwapTotal:       4194300 kB
SwapFree:        2958536 kB
Zswap:                 0 kB
Zswapped:              0 kB
Dirty:                60 kB
Writeback:           204 kB
AnonPages:       3281932 kB
Mapped:           268160 kB
Shmem:             54448 kB
KReclaimable:      57140 kB
Slab:             284404 kB
SReclaimable:      57140 kB
SUnreclaim:       227264 kB
KernelStack:       18304 kB
PageTables:        51504 kB
SecPageTables:         0 kB
NFS_Unstable:          0 kB
Bounce:                0 kB
WritebackTmp:          0 kB
CommitLimit:     8258920 kB
Committed_AS:   11409452 kB
VmallocTotal:   34359738367 kB
VmallocUsed:       46616 kB
VmallocChunk:          0 kB
Percpu:            13280 kB
HardwareCorrupted:     0 kB
AnonHugePages:   1785856 kB
ShmemHugePages:        0 kB
ShmemPmdMapped:        0 kB
FileHugePages:         0 kB
FilePmdMapped:         0 kB
CmaTotal:              0 kB
CmaFree:               0 kB
Unaccepted:            0 kB
Balloon:               0 kB
HugePages_Total:       0
HugePages_Free:        0
HugePages_Rsvd:        0
HugePages_Surp:        0
Hugepagesize:       2048 kB
Hugetlb:               0 kB
DirectMap4k:      194432 kB
DirectMap2M:     6096896 kB
DirectMap1G:     4194304 kB
---SNAPSHOT---
2026-04-27 15:04:14
MemTotal:        8129240 kB
MemFree:         2827236 kB
MemAvailable:    2560932 kB
Buffers:            5452 kB
Cached:           314304 kB
SwapCached:      1101492 kB
Active:          3120944 kB
Inactive:        1567540 kB
Active(anon):    3012024 kB
Inactive(anon):  1411124 kB
Active(file):     108920 kB
Inactive(file):   156416 kB
Unevictable:          16 kB
Mlocked:              16 kB
SwapTotal:       4194300 kB
SwapFree:        2955292 kB
Zswap:                 0 kB
Zswapped:              0 kB
Dirty:                64 kB
Writeback:           148 kB
AnonPages:       3278736 kB
Mapped:           268176 kB
Shmem:             54448 kB
KReclaimable:      57140 kB
Slab:             284404 kB
SReclaimable:      57140 kB
SUnreclaim:       227264 kB
KernelStack:       18320 kB
PageTables:        51336 kB
SecPageTables:         0 kB
NFS_Unstable:          0 kB
Bounce:                0 kB
WritebackTmp:          0 kB
CommitLimit:     8258920 kB
Committed_AS:   11409452 kB
VmallocTotal:   34359738367 kB
VmallocUsed:       46600 kB
VmallocChunk:          0 kB
Percpu:            13280 kB
HardwareCorrupted:     0 kB
AnonHugePages:   1777664 kB
ShmemHugePages:        0 kB
ShmemPmdMapped:        0 kB
FileHugePages:         0 kB
FilePmdMapped:         0 kB
CmaTotal:              0 kB
CmaFree:               0 kB
Unaccepted:            0 kB
Balloon:               0 kB
HugePages_Total:       0
HugePages_Free:        0
HugePages_Rsvd:        0
HugePages_Surp:        0
Hugepagesize:       2048 kB
Hugetlb:               0 kB
DirectMap4k:      194432 kB
DirectMap2M:     6096896 kB
DirectMap1G:     4194304 kB
---SNAPSHOT---
2026-04-27 15:04:15
MemTotal:        8129240 kB
MemFree:         2827236 kB
MemAvailable:    2560936 kB
Buffers:            5452 kB
Cached:           314312 kB
SwapCached:      1101976 kB
Active:          3120864 kB
Inactive:        1567804 kB
Active(anon):    3011944 kB
Inactive(anon):  1411384 kB
Active(file):     108920 kB
Inactive(file):   156420 kB
Unevictable:          16 kB
Mlocked:              16 kB
SwapTotal:       4194300 kB
SwapFree:        2954748 kB
Zswap:                 0 kB
Zswapped:              0 kB
Dirty:                72 kB
Writeback:           192 kB
AnonPages:       3278368 kB
Mapped:           268176 kB
Shmem:             54448 kB
KReclaimable:      57140 kB
Slab:             284404 kB
SReclaimable:      57140 kB
SUnreclaim:       227264 kB
KernelStack:       18320 kB
PageTables:        51332 kB
SecPageTables:         0 kB
NFS_Unstable:          0 kB
Bounce:                0 kB
WritebackTmp:          0 kB
CommitLimit:     8258920 kB
Committed_AS:   11409452 kB
VmallocTotal:   34359738367 kB
VmallocUsed:       46600 kB
VmallocChunk:          0 kB
Percpu:            13280 kB
HardwareCorrupted:     0 kB
AnonHugePages:   1777664 kB
ShmemHugePages:        0 kB
ShmemPmdMapped:        0 kB
FileHugePages:         0 kB
FilePmdMapped:         0 kB
CmaTotal:              0 kB
CmaFree:               0 kB
Unaccepted:            0 kB
Balloon:               0 kB
HugePages_Total:       0
HugePages_Free:        0
HugePages_Rsvd:        0
HugePages_Surp:        0
Hugepagesize:       2048 kB
Hugetlb:               0 kB
DirectMap4k:      194432 kB
DirectMap2M:     6096896 kB
DirectMap1G:     4194304 kB
---SNAPSHOT---
2026-04-27 15:04:16
MemTotal:        8129240 kB
MemFree:         2827236 kB
MemAvailable:    2560936 kB
Buffers:            5452 kB
Cached:           314316 kB
SwapCached:      1102564 kB
Active:          3120744 kB
Inactive:        1567808 kB
Active(anon):    3011824 kB
Inactive(anon):  1411384 kB
Active(file):     108920 kB
Inactive(file):   156424 kB
Unevictable:          16 kB
Mlocked:              16 kB
SwapTotal:       4194300 kB
SwapFree:        2954220 kB
Zswap:                 0 kB
Zswapped:              0 kB
Dirty:                76 kB
Writeback:           148 kB
AnonPages:       3277516 kB
Mapped:           268176 kB
Shmem:             54448 kB
KReclaimable:      57140 kB
Slab:             284404 kB
SReclaimable:      57140 kB
SUnreclaim:       227264 kB
KernelStack:       18320 kB
PageTables:        51392 kB
SecPageTables:         0 kB
NFS_Unstable:          0 kB
Bounce:                0 kB
WritebackTmp:          0 kB
CommitLimit:     8258920 kB
Committed_AS:   11409452 kB
VmallocTotal:   34359738367 kB
VmallocUsed:       46584 kB
VmallocChunk:          0 kB
Percpu:            13280 kB
HardwareCorrupted:     0 kB
AnonHugePages:   1777664 kB
ShmemHugePages:        0 kB
ShmemPmdMapped:        0 kB
FileHugePages:         0 kB
FilePmdMapped:         0 kB
CmaTotal:              0 kB
CmaFree:               0 kB
Unaccepted:            0 kB
Balloon:               0 kB
HugePages_Total:       0
HugePages_Free:        0
HugePages_Rsvd:        0
HugePages_Surp:        0
Hugepagesize:       2048 kB
Hugetlb:               0 kB
DirectMap4k:      194432 kB
DirectMap2M:     6096896 kB
DirectMap1G:     4194304 kB
---SNAPSHOT---
2026-04-27 15:04:17
MemTotal:        8129240 kB
MemFree:         2823140 kB
MemAvailable:    2556848 kB
Buffers:            5460 kB
Cached:           314316 kB
SwapCached:      1103800 kB
Active:          3120860 kB
Inactive:        1567920 kB
Active(anon):    3011940 kB
Inactive(anon):  1411484 kB
Active(file):     108920 kB
Inactive(file):   156436 kB
Unevictable:          16 kB
Mlocked:              16 kB
SwapTotal:       4194300 kB
SwapFree:        2952884 kB
Zswap:                 0 kB
Zswapped:              0 kB
Dirty:                80 kB
Writeback:           164 kB
AnonPages:       3276472 kB
Mapped:           268176 kB
Shmem:             54448 kB
KReclaimable:      57140 kB
Slab:             284404 kB
SReclaimable:      57140 kB
SUnreclaim:       227264 kB
KernelStack:       18304 kB
PageTables:        51292 kB
SecPageTables:         0 kB
NFS_Unstable:          0 kB
Bounce:                0 kB
WritebackTmp:          0 kB
CommitLimit:     8258920 kB
Committed_AS:   11409560 kB
VmallocTotal:   34359738367 kB
VmallocUsed:       46552 kB
VmallocChunk:          0 kB
Percpu:            13280 kB
HardwareCorrupted:     0 kB
AnonHugePages:   1781760 kB
ShmemHugePages:        0 kB
ShmemPmdMapped:        0 kB
FileHugePages:         0 kB
FilePmdMapped:         0 kB
CmaTotal:              0 kB
CmaFree:               0 kB
Unaccepted:            0 kB
Balloon:               0 kB
HugePages_Total:       0
HugePages_Free:        0
HugePages_Rsvd:        0
HugePages_Surp:        0
Hugepagesize:       2048 kB
Hugetlb:               0 kB
DirectMap4k:      194432 kB
DirectMap2M:     6096896 kB
DirectMap1G:     4194304 kB
---SNAPSHOT---
2026-04-27 15:04:18
MemTotal:        8129240 kB
MemFree:         2823140 kB
MemAvailable:    2556852 kB
Buffers:            5460 kB
Cached:           314332 kB
SwapCached:      1104720 kB
Active:          3120716 kB
Inactive:        1567932 kB
Active(anon):    3011796 kB
Inactive(anon):  1411484 kB
Active(file):     108920 kB
Inactive(file):   156448 kB
Unevictable:          16 kB
Mlocked:              16 kB
SwapTotal:       4194300 kB
SwapFree:        2951996 kB
Zswap:                 0 kB
Zswapped:              0 kB
Dirty:                96 kB
Writeback:           200 kB
AnonPages:       3275624 kB
Mapped:           268176 kB
Shmem:             54448 kB
KReclaimable:      57140 kB
Slab:             284404 kB
SReclaimable:      57140 kB
SUnreclaim:       227264 kB
KernelStack:       18320 kB
PageTables:        51316 kB
SecPageTables:         0 kB
NFS_Unstable:          0 kB
Bounce:                0 kB
WritebackTmp:          0 kB
CommitLimit:     8258920 kB
Committed_AS:   11409560 kB
VmallocTotal:   34359738367 kB
VmallocUsed:       46584 kB
VmallocChunk:          0 kB
Percpu:            13280 kB
HardwareCorrupted:     0 kB
AnonHugePages:   1781760 kB
ShmemHugePages:        0 kB
ShmemPmdMapped:        0 kB
FileHugePages:         0 kB
FilePmdMapped:         0 kB
CmaTotal:              0 kB
CmaFree:               0 kB
Unaccepted:            0 kB
Balloon:               0 kB
HugePages_Total:       0
HugePages_Free:        0
HugePages_Rsvd:        0
HugePages_Surp:        0
Hugepagesize:       2048 kB
Hugetlb:               0 kB
DirectMap4k:      194432 kB
DirectMap2M:     6096896 kB
DirectMap1G:     4194304 kB
---SNAPSHOT---
2026-04-27 15:04:19
MemTotal:        8129240 kB
MemFree:         2823140 kB
MemAvailable:    2556856 kB
Buffers:            5460 kB
Cached:           314336 kB
SwapCached:      1106660 kB
Active:          3118708 kB
Inactive:        1569908 kB
Active(anon):    3009788 kB
Inactive(anon):  1413456 kB
Active(file):     108920 kB
Inactive(file):   156452 kB
Unevictable:          16 kB
Mlocked:              16 kB
SwapTotal:       4194300 kB
SwapFree:        2950068 kB
Zswap:                 0 kB
Zswapped:              0 kB
Dirty:               100 kB
Writeback:           140 kB
AnonPages:       3273684 kB
Mapped:           268176 kB
Shmem:             54448 kB
KReclaimable:      57140 kB
Slab:             284404 kB
SReclaimable:      57140 kB
SUnreclaim:       227264 kB
KernelStack:       18320 kB
PageTables:        51324 kB
SecPageTables:         0 kB
NFS_Unstable:          0 kB
Bounce:                0 kB
WritebackTmp:          0 kB
CommitLimit:     8258920 kB
Committed_AS:   11409432 kB
VmallocTotal:   34359738367 kB
VmallocUsed:       46584 kB
VmallocChunk:          0 kB
Percpu:            13280 kB
HardwareCorrupted:     0 kB
AnonHugePages:   1779712 kB
ShmemHugePages:        0 kB
ShmemPmdMapped:        0 kB
FileHugePages:         0 kB
FilePmdMapped:         0 kB
CmaTotal:              0 kB
CmaFree:               0 kB
Unaccepted:            0 kB
Balloon:               0 kB
HugePages_Total:       0
HugePages_Free:        0
HugePages_Rsvd:        0
HugePages_Surp:        0
Hugepagesize:       2048 kB
Hugetlb:               0 kB
DirectMap4k:      194432 kB
DirectMap2M:     6096896 kB
DirectMap1G:     4194304 kB
---SNAPSHOT---
2026-04-27 15:04:20
MemTotal:        8129240 kB
MemFree:         2823140 kB
MemAvailable:    2556860 kB
Buffers:            5460 kB
Cached:           314344 kB
SwapCached:      1109252 kB
Active:          3114400 kB
Inactive:        1574076 kB
Active(anon):    3005480 kB
Inactive(anon):  1417612 kB
Active(file):     108920 kB
Inactive(file):   156464 kB
Unevictable:          16 kB
Mlocked:              16 kB
SwapTotal:       4194300 kB
SwapFree:        2947532 kB
Zswap:                 0 kB
Zswapped:              0 kB
Dirty:               108 kB
Writeback:           220 kB
AnonPages:       3270908 kB
Mapped:           268176 kB
Shmem:             54448 kB
KReclaimable:      57140 kB
Slab:             284404 kB
SReclaimable:      57140 kB
SUnreclaim:       227264 kB
KernelStack:       18320 kB
PageTables:        51344 kB
SecPageTables:         0 kB
NFS_Unstable:          0 kB
Bounce:                0 kB
WritebackTmp:          0 kB
CommitLimit:     8258920 kB
Committed_AS:   11409564 kB
VmallocTotal:   34359738367 kB
VmallocUsed:       46568 kB
VmallocChunk:          0 kB
Percpu:            13280 kB
HardwareCorrupted:     0 kB
AnonHugePages:   1775616 kB
ShmemHugePages:        0 kB
ShmemPmdMapped:        0 kB
FileHugePages:         0 kB
FilePmdMapped:         0 kB
CmaTotal:              0 kB
CmaFree:               0 kB
Unaccepted:            0 kB
Balloon:               0 kB
HugePages_Total:       0
HugePages_Free:        0
HugePages_Rsvd:        0
HugePages_Surp:        0
Hugepagesize:       2048 kB
Hugetlb:               0 kB
DirectMap4k:      194432 kB
DirectMap2M:     6096896 kB
DirectMap1G:     4194304 kB
---SNAPSHOT---
2026-04-27 15:04:21
MemTotal:        8129240 kB
MemFree:         2823140 kB
MemAvailable:    2556860 kB
Buffers:            5460 kB
Cached:           314348 kB
SwapCached:      1112364 kB
Active:          3110396 kB
Inactive:        1577876 kB
Active(anon):    3001476 kB
Inactive(anon):  1421412 kB
Active(file):     108920 kB
Inactive(file):   156464 kB
Unevictable:          16 kB
Mlocked:              16 kB
SwapTotal:       4194300 kB
SwapFree:        2944192 kB
Zswap:                 0 kB
Zswapped:              0 kB
Dirty:               112 kB
Writeback:           236 kB
AnonPages:       3267416 kB
Mapped:           268176 kB
Shmem:             54448 kB
KReclaimable:      57140 kB
Slab:             284404 kB
SReclaimable:      57140 kB
SUnreclaim:       227264 kB
KernelStack:       18304 kB
PageTables:        51264 kB
SecPageTables:         0 kB
NFS_Unstable:          0 kB
Bounce:                0 kB
WritebackTmp:          0 kB
CommitLimit:     8258920 kB
Committed_AS:   11409180 kB
VmallocTotal:   34359738367 kB
VmallocUsed:       46568 kB
VmallocChunk:          0 kB
Percpu:            13280 kB
HardwareCorrupted:     0 kB
AnonHugePages:   1771520 kB
ShmemHugePages:        0 kB
ShmemPmdMapped:        0 kB
FileHugePages:         0 kB
FilePmdMapped:         0 kB
CmaTotal:              0 kB
CmaFree:               0 kB
Unaccepted:            0 kB
Balloon:               0 kB
HugePages_Total:       0
HugePages_Free:        0
HugePages_Rsvd:        0
HugePages_Surp:        0
Hugepagesize:       2048 kB
Hugetlb:               0 kB
DirectMap4k:      194432 kB
DirectMap2M:     6096896 kB
DirectMap1G:     4194304 kB
---SNAPSHOT---
2026-04-27 15:04:23
MemTotal:        8129240 kB
MemFree:         2823140 kB
MemAvailable:    2556864 kB
Buffers:            5468 kB
Cached:           314352 kB
SwapCached:      1114312 kB
Active:          3110320 kB
Inactive:        1578192 kB
Active(anon):    3001400 kB
Inactive(anon):  1421724 kB
Active(file):     108920 kB
Inactive(file):   156468 kB
Unevictable:          16 kB
Mlocked:              16 kB
SwapTotal:       4194300 kB
SwapFree:        2942472 kB
Zswap:                 0 kB
Zswapped:              0 kB
Dirty:               116 kB
Writeback:           216 kB
AnonPages:       3265812 kB
Mapped:           268176 kB
Shmem:             54448 kB
KReclaimable:      57140 kB
Slab:             284404 kB
SReclaimable:      57140 kB
SUnreclaim:       227264 kB
KernelStack:       18320 kB
PageTables:        51328 kB
SecPageTables:         0 kB
NFS_Unstable:          0 kB
Bounce:                0 kB
WritebackTmp:          0 kB
CommitLimit:     8258920 kB
Committed_AS:   11408996 kB
VmallocTotal:   34359738367 kB
VmallocUsed:       46584 kB
VmallocChunk:          0 kB
Percpu:            13280 kB
HardwareCorrupted:     0 kB
AnonHugePages:   1771520 kB
ShmemHugePages:        0 kB
ShmemPmdMapped:        0 kB
FileHugePages:         0 kB
FilePmdMapped:         0 kB
CmaTotal:              0 kB
CmaFree:               0 kB
Unaccepted:            0 kB
Balloon:               0 kB
HugePages_Total:       0
HugePages_Free:        0
HugePages_Rsvd:        0
HugePages_Surp:        0
Hugepagesize:       2048 kB
Hugetlb:               0 kB
DirectMap4k:      194432 kB
DirectMap2M:     6096896 kB
DirectMap1G:     4194304 kB
---SNAPSHOT---
2026-04-27 15:04:24
MemTotal:        8129240 kB
MemFree:         2823140 kB
MemAvailable:    2556872 kB
Buffers:            5468 kB
Cached:           314360 kB
SwapCached:      1115560 kB
Active:          3108088 kB
Inactive:        1580220 kB
Active(anon):    2999168 kB
Inactive(anon):  1423732 kB
Active(file):     108920 kB
Inactive(file):   156488 kB
Unevictable:          16 kB
Mlocked:              16 kB
SwapTotal:       4194300 kB
SwapFree:        2941080 kB
Zswap:                 0 kB
Zswapped:              0 kB
Dirty:               124 kB
Writeback:           224 kB
AnonPages:       3264444 kB
Mapped:           268176 kB
Shmem:             54448 kB
KReclaimable:      57140 kB
Slab:             284404 kB
SReclaimable:      57140 kB
SUnreclaim:       227264 kB
KernelStack:       18304 kB
PageTables:        51264 kB
SecPageTables:         0 kB
NFS_Unstable:          0 kB
Bounce:                0 kB
WritebackTmp:          0 kB
CommitLimit:     8258920 kB
Committed_AS:   11408928 kB
VmallocTotal:   34359738367 kB
VmallocUsed:       46552 kB
VmallocChunk:          0 kB
Percpu:            13280 kB
HardwareCorrupted:     0 kB
AnonHugePages:   1769472 kB
ShmemHugePages:        0 kB
ShmemPmdMapped:        0 kB
FileHugePages:         0 kB
FilePmdMapped:         0 kB
CmaTotal:              0 kB
CmaFree:               0 kB
Unaccepted:            0 kB
Balloon:               0 kB
HugePages_Total:       0
HugePages_Free:        0
HugePages_Rsvd:        0
HugePages_Surp:        0
Hugepagesize:       2048 kB
Hugetlb:               0 kB
DirectMap4k:      194432 kB
DirectMap2M:     6096896 kB
DirectMap1G:     4194304 kB
---SNAPSHOT---
2026-04-27 15:04:25
MemTotal:        8129240 kB
MemFree:         2823140 kB
MemAvailable:    2556876 kB
Buffers:            5468 kB
Cached:           314364 kB
SwapCached:      1117528 kB
Active:          3106352 kB
Inactive:        1582176 kB
Active(anon):    2997432 kB
Inactive(anon):  1425684 kB
Active(file):     108920 kB
Inactive(file):   156492 kB
Unevictable:          16 kB
Mlocked:              16 kB
SwapTotal:       4194300 kB
SwapFree:        2939256 kB
Zswap:                 0 kB
Zswapped:              0 kB
Dirty:               128 kB
Writeback:           180 kB
AnonPages:       3262584 kB
Mapped:           268176 kB
Shmem:             54448 kB
KReclaimable:      57140 kB
Slab:             284404 kB
SReclaimable:      57140 kB
SUnreclaim:       227264 kB
KernelStack:       18320 kB
PageTables:        51324 kB
SecPageTables:         0 kB
NFS_Unstable:          0 kB
Bounce:                0 kB
WritebackTmp:          0 kB
CommitLimit:     8258920 kB
Committed_AS:   11409544 kB
VmallocTotal:   34359738367 kB
VmallocUsed:       46584 kB
VmallocChunk:          0 kB
Percpu:            13280 kB
HardwareCorrupted:     0 kB
AnonHugePages:   1767424 kB
ShmemHugePages:        0 kB
ShmemPmdMapped:        0 kB
FileHugePages:         0 kB
FilePmdMapped:         0 kB
CmaTotal:              0 kB
CmaFree:               0 kB
Unaccepted:            0 kB
Balloon:               0 kB
HugePages_Total:       0
HugePages_Free:        0
HugePages_Rsvd:        0
HugePages_Surp:        0
Hugepagesize:       2048 kB
Hugetlb:               0 kB
DirectMap4k:      194432 kB
DirectMap2M:     6096896 kB
DirectMap1G:     4194304 kB
---SNAPSHOT---
2026-04-27 15:04:26
MemTotal:        8129240 kB
MemFree:         2823140 kB
MemAvailable:    2556880 kB
Buffers:            5468 kB
Cached:           314380 kB
SwapCached:      1152652 kB
Active:          3071796 kB
Inactive:        1616692 kB
Active(anon):    2962876 kB
Inactive(anon):  1460192 kB
Active(file):     108920 kB
Inactive(file):   156500 kB
Unevictable:          16 kB
Mlocked:              16 kB
SwapTotal:       4194300 kB
SwapFree:        2903852 kB
Zswap:                 0 kB
Zswapped:              0 kB
Dirty:               144 kB
Writeback:           248 kB
AnonPages:       3227224 kB
Mapped:           268176 kB
Shmem:             54448 kB
KReclaimable:      57140 kB
Slab:             284404 kB
SReclaimable:      57140 kB
SUnreclaim:       227264 kB
KernelStack:       18320 kB
PageTables:        51320 kB
SecPageTables:         0 kB
NFS_Unstable:          0 kB
Bounce:                0 kB
WritebackTmp:          0 kB
CommitLimit:     8258920 kB
Committed_AS:   11409156 kB
VmallocTotal:   34359738367 kB
VmallocUsed:       46584 kB
VmallocChunk:          0 kB
Percpu:            13280 kB
HardwareCorrupted:     0 kB
AnonHugePages:   1732608 kB
ShmemHugePages:        0 kB
ShmemPmdMapped:        0 kB
FileHugePages:         0 kB
FilePmdMapped:         0 kB
CmaTotal:              0 kB
CmaFree:               0 kB
Unaccepted:            0 kB
Balloon:               0 kB
HugePages_Total:       0
HugePages_Free:        0
HugePages_Rsvd:        0
HugePages_Surp:        0
Hugepagesize:       2048 kB
Hugetlb:               0 kB
DirectMap4k:      194432 kB
DirectMap2M:     6096896 kB
DirectMap1G:     4194304 kB
---SNAPSHOT---
2026-04-27 15:04:27
MemTotal:        8129240 kB
MemFree:         2823140 kB
MemAvailable:    2556884 kB
Buffers:            5468 kB
Cached:           314384 kB
SwapCached:      1298956 kB
Active:          2926468 kB
Inactive:        1761812 kB
Active(anon):    2817548 kB
Inactive(anon):  1605300 kB
Active(file):     108920 kB
Inactive(file):   156512 kB
Unevictable:          16 kB
Mlocked:              16 kB
SwapTotal:       4194300 kB
SwapFree:        2757744 kB
Zswap:                 0 kB
Zswapped:              0 kB
Dirty:               148 kB
Writeback:            88 kB
AnonPages:       3081116 kB
Mapped:           268176 kB
Shmem:             54448 kB
KReclaimable:      57140 kB
Slab:             284404 kB
SReclaimable:      57140 kB
SUnreclaim:       227264 kB
KernelStack:       18320 kB
PageTables:        51328 kB
SecPageTables:         0 kB
NFS_Unstable:          0 kB
Bounce:                0 kB
WritebackTmp:          0 kB
CommitLimit:     8258920 kB
Committed_AS:   11409072 kB
VmallocTotal:   34359738367 kB
VmallocUsed:       46568 kB
VmallocChunk:          0 kB
Percpu:            13280 kB
HardwareCorrupted:     0 kB
AnonHugePages:   1587200 kB
ShmemHugePages:        0 kB
ShmemPmdMapped:        0 kB
FileHugePages:         0 kB
FilePmdMapped:         0 kB
CmaTotal:              0 kB
CmaFree:               0 kB
Unaccepted:            0 kB
Balloon:               0 kB
HugePages_Total:       0
HugePages_Free:        0
HugePages_Rsvd:        0
HugePages_Surp:        0
Hugepagesize:       2048 kB
Hugetlb:               0 kB
DirectMap4k:      194432 kB
DirectMap2M:     6096896 kB
DirectMap1G:     4194304 kB
---SNAPSHOT---
2026-04-27 15:04:28
MemTotal:        8129240 kB
MemFree:         3319016 kB
MemAvailable:    3052768 kB
Buffers:            5476 kB
Cached:           314388 kB
SwapCached:       817620 kB
Active:          2881384 kB
Inactive:        1281524 kB
Active(anon):    2772464 kB
Inactive(anon):  1125000 kB
Active(file):     108920 kB
Inactive(file):   156524 kB
Unevictable:          16 kB
Mlocked:              16 kB
SwapTotal:       4194300 kB
SwapFree:        3239140 kB
Zswap:                 0 kB
Zswapped:              0 kB
Dirty:               152 kB
Writeback:           260 kB
AnonPages:       3034848 kB
Mapped:           268176 kB
Shmem:             54448 kB
KReclaimable:      57140 kB
Slab:             284404 kB
SReclaimable:      57140 kB
SUnreclaim:       227264 kB
KernelStack:       18304 kB
PageTables:        50184 kB
SecPageTables:         0 kB
NFS_Unstable:          0 kB
Bounce:                0 kB
WritebackTmp:          0 kB
CommitLimit:     8258920 kB
Committed_AS:   11409336 kB
VmallocTotal:   34359738367 kB
VmallocUsed:       46568 kB
VmallocChunk:          0 kB
Percpu:            13280 kB
HardwareCorrupted:     0 kB
AnonHugePages:   1544192 kB
ShmemHugePages:        0 kB
ShmemPmdMapped:        0 kB
FileHugePages:         0 kB
FilePmdMapped:         0 kB
CmaTotal:              0 kB
CmaFree:               0 kB
Unaccepted:            0 kB
Balloon:               0 kB
HugePages_Total:       0
HugePages_Free:        0
HugePages_Rsvd:        0
HugePages_Surp:        0
Hugepagesize:       2048 kB
Hugetlb:               0 kB
DirectMap4k:      194432 kB
DirectMap2M:     6096896 kB
DirectMap1G:     4194304 kB
---SNAPSHOT---
2026-04-27 15:04:29
MemTotal:        8129240 kB
MemFree:         3056872 kB
MemAvailable:    2790628 kB
Buffers:            5476 kB
Cached:           314396 kB
SwapCached:       832664 kB
Active:          3131188 kB
Inactive:        1295744 kB
Active(anon):    3022268 kB
Inactive(anon):  1139212 kB
Active(file):     108920 kB
Inactive(file):   156532 kB
Unevictable:          16 kB
Mlocked:              16 kB
SwapTotal:       4194300 kB
SwapFree:        3224120 kB
Zswap:                 0 kB
Zswapped:              0 kB
Dirty:               160 kB
Writeback:           208 kB
AnonPages:       3283776 kB
Mapped:           268176 kB
Shmem:             54448 kB
KReclaimable:      57140 kB
Slab:             284404 kB
SReclaimable:      57140 kB
SUnreclaim:       227264 kB
KernelStack:       18320 kB
PageTables:        50804 kB
SecPageTables:         0 kB
NFS_Unstable:          0 kB
Bounce:                0 kB
WritebackTmp:          0 kB
CommitLimit:     8258920 kB
Committed_AS:   11409672 kB
VmallocTotal:   34359738367 kB
VmallocUsed:       46568 kB
VmallocChunk:          0 kB
Percpu:            13280 kB
HardwareCorrupted:     0 kB
AnonHugePages:   1794048 kB
ShmemHugePages:        0 kB
ShmemPmdMapped:        0 kB
FileHugePages:         0 kB
FilePmdMapped:         0 kB
CmaTotal:              0 kB
CmaFree:               0 kB
Unaccepted:            0 kB
Balloon:               0 kB
HugePages_Total:       0
HugePages_Free:        0
HugePages_Rsvd:        0
HugePages_Surp:        0
Hugepagesize:       2048 kB
Hugetlb:               0 kB
DirectMap4k:      194432 kB
DirectMap2M:     6096896 kB
DirectMap1G:     4194304 kB
---SNAPSHOT---
2026-04-27 15:04:30
MemTotal:        8129240 kB
MemFree:         2802920 kB
MemAvailable:    2536676 kB
Buffers:            5476 kB
Cached:           314400 kB
SwapCached:       836312 kB
Active:          3379088 kB
Inactive:        1301964 kB
Active(anon):    3270168 kB
Inactive(anon):  1145432 kB
Active(file):     108920 kB
Inactive(file):   156532 kB
Unevictable:          16 kB
Mlocked:              16 kB
SwapTotal:       4194300 kB
SwapFree:        3220472 kB
Zswap:                 0 kB
Zswapped:              0 kB
Dirty:               164 kB
Writeback:           168 kB
AnonPages:       3534048 kB
Mapped:           268176 kB
Shmem:             54448 kB
KReclaimable:      57140 kB
Slab:             284404 kB
SReclaimable:      57140 kB
SUnreclaim:       227264 kB
KernelStack:       18304 kB
PageTables:        51248 kB
SecPageTables:         0 kB
NFS_Unstable:          0 kB
Bounce:                0 kB
WritebackTmp:          0 kB
CommitLimit:     8258920 kB
Committed_AS:   11409088 kB
VmallocTotal:   34359738367 kB
VmallocUsed:       46568 kB
VmallocChunk:          0 kB
Percpu:            13280 kB
HardwareCorrupted:     0 kB
AnonHugePages:   2041856 kB
ShmemHugePages:        0 kB
ShmemPmdMapped:        0 kB
FileHugePages:         0 kB
FilePmdMapped:         0 kB
CmaTotal:              0 kB
CmaFree:               0 kB
Unaccepted:            0 kB
Balloon:               0 kB
HugePages_Total:       0
HugePages_Free:        0
HugePages_Rsvd:        0
HugePages_Surp:        0
Hugepagesize:       2048 kB
Hugetlb:               0 kB
DirectMap4k:      194432 kB
DirectMap2M:     6096896 kB
DirectMap1G:     4194304 kB
---SNAPSHOT---
2026-04-27 15:04:31
MemTotal:        8129240 kB
MemFree:         3176688 kB
MemAvailable:    2910448 kB
Buffers:            5476 kB
Cached:           314408 kB
SwapCached:       836916 kB
Active:          3006264 kB
Inactive:        1302124 kB
Active(anon):    2897344 kB
Inactive(anon):  1145584 kB
Active(file):     108920 kB
Inactive(file):   156540 kB
Unevictable:          16 kB
Mlocked:              16 kB
SwapTotal:       4194300 kB
SwapFree:        3219868 kB
Zswap:                 0 kB
Zswapped:              0 kB
Dirty:               172 kB
Writeback:           196 kB
AnonPages:       3160748 kB
Mapped:           268176 kB
Shmem:             54448 kB
KReclaimable:      57140 kB
Slab:             284404 kB
SReclaimable:      57140 kB
SUnreclaim:       227264 kB
KernelStack:       18320 kB
PageTables:        50552 kB
SecPageTables:         0 kB
NFS_Unstable:          0 kB
Bounce:                0 kB
WritebackTmp:          0 kB
CommitLimit:     8258920 kB
Committed_AS:   11409668 kB
VmallocTotal:   34359738367 kB
VmallocUsed:       46584 kB
VmallocChunk:          0 kB
Percpu:            13280 kB
HardwareCorrupted:     0 kB
AnonHugePages:   1669120 kB
ShmemHugePages:        0 kB
ShmemPmdMapped:        0 kB
FileHugePages:         0 kB
FilePmdMapped:         0 kB
CmaTotal:              0 kB
CmaFree:               0 kB
Unaccepted:            0 kB
Balloon:               0 kB
HugePages_Total:       0
HugePages_Free:        0
HugePages_Rsvd:        0
HugePages_Surp:        0
Hugepagesize:       2048 kB
Hugetlb:               0 kB
DirectMap4k:      194432 kB
DirectMap2M:     6096896 kB
DirectMap1G:     4194304 kB
---SNAPSHOT---
2026-04-27 15:04:32
MemTotal:        8129240 kB
MemFree:         2922208 kB
MemAvailable:    2655972 kB
Buffers:            5476 kB
Cached:           314412 kB
SwapCached:       878568 kB
Active:          3219548 kB
Inactive:        1344688 kB
Active(anon):    3110628 kB
Inactive(anon):  1188140 kB
Active(file):     108920 kB
Inactive(file):   156548 kB
Unevictable:          16 kB
Mlocked:              16 kB
SwapTotal:       4194300 kB
SwapFree:        3177988 kB
Zswap:                 0 kB
Zswapped:              0 kB
Dirty:               176 kB
Writeback:           220 kB
AnonPages:       3373580 kB
Mapped:           268176 kB
Shmem:             54448 kB
KReclaimable:      57140 kB
Slab:             284404 kB
SReclaimable:      57140 kB
SUnreclaim:       227264 kB
KernelStack:       18320 kB
PageTables:        51100 kB
SecPageTables:         0 kB
NFS_Unstable:          0 kB
Bounce:                0 kB
WritebackTmp:          0 kB
CommitLimit:     8258920 kB
Committed_AS:   11409428 kB
VmallocTotal:   34359738367 kB
VmallocUsed:       46568 kB
VmallocChunk:          0 kB
Percpu:            13280 kB
HardwareCorrupted:     0 kB
AnonHugePages:   1882112 kB
ShmemHugePages:        0 kB
ShmemPmdMapped:        0 kB
FileHugePages:         0 kB
FilePmdMapped:         0 kB
CmaTotal:              0 kB
CmaFree:               0 kB
Unaccepted:            0 kB
Balloon:               0 kB
HugePages_Total:       0
HugePages_Free:        0
HugePages_Rsvd:        0
HugePages_Surp:        0
Hugepagesize:       2048 kB
Hugetlb:               0 kB
DirectMap4k:      194432 kB
DirectMap2M:     6096896 kB
DirectMap1G:     4194304 kB
---SNAPSHOT---
2026-04-27 15:04:33
MemTotal:        8129240 kB
MemFree:         3299596 kB
MemAvailable:    3033364 kB
Buffers:            5484 kB
Cached:           314416 kB
SwapCached:       985972 kB
Active:          2737988 kB
Inactive:        1449416 kB
Active(anon):    2629068 kB
Inactive(anon):  1292856 kB
Active(file):     108920 kB
Inactive(file):   156560 kB
Unevictable:          16 kB
Mlocked:              16 kB
SwapTotal:       4194300 kB
SwapFree:        3070812 kB
Zswap:                 0 kB
Zswapped:              0 kB
Dirty:               180 kB
Writeback:           196 kB
AnonPages:       2890632 kB
Mapped:           268176 kB
Shmem:             54448 kB
KReclaimable:      57140 kB
Slab:             284404 kB
SReclaimable:      57140 kB
SUnreclaim:       227264 kB
KernelStack:       18320 kB
PageTables:        50196 kB
SecPageTables:         0 kB
NFS_Unstable:          0 kB
Bounce:                0 kB
WritebackTmp:          0 kB
CommitLimit:     8258920 kB
Committed_AS:   11409672 kB
VmallocTotal:   34359738367 kB
VmallocUsed:       46600 kB
VmallocChunk:          0 kB
Percpu:            13280 kB
HardwareCorrupted:     0 kB
AnonHugePages:   1400832 kB
ShmemHugePages:        0 kB
ShmemPmdMapped:        0 kB
FileHugePages:         0 kB
FilePmdMapped:         0 kB
CmaTotal:              0 kB
CmaFree:               0 kB
Unaccepted:            0 kB
Balloon:               0 kB
HugePages_Total:       0
HugePages_Free:        0
HugePages_Rsvd:        0
HugePages_Surp:        0
Hugepagesize:       2048 kB
Hugetlb:               0 kB
DirectMap4k:      194432 kB
DirectMap2M:     6096896 kB
DirectMap1G:     4194304 kB
---SNAPSHOT---
2026-04-27 15:04:34
MemTotal:        8129240 kB
MemFree:         3036924 kB
MemAvailable:    2770696 kB
Buffers:            5484 kB
Cached:           314424 kB
SwapCached:       986112 kB
Active:          2999692 kB
Inactive:        1449688 kB
Active(anon):    2890772 kB
Inactive(anon):  1293120 kB
Active(file):     108920 kB
Inactive(file):   156568 kB
Unevictable:          16 kB
Mlocked:              16 kB
SwapTotal:       4194300 kB
SwapFree:        3070672 kB
Zswap:                 0 kB
Zswapped:              0 kB
Dirty:               188 kB
Writeback:           144 kB
AnonPages:       3152748 kB
Mapped:           268176 kB
Shmem:             54448 kB
KReclaimable:      57140 kB
Slab:             284404 kB
SReclaimable:      57140 kB
SUnreclaim:       227264 kB
KernelStack:       18304 kB
PageTables:        50820 kB
SecPageTables:         0 kB
NFS_Unstable:          0 kB
Bounce:                0 kB
WritebackTmp:          0 kB
CommitLimit:     8258920 kB
Committed_AS:   11409004 kB
VmallocTotal:   34359738367 kB
VmallocUsed:       46616 kB
VmallocChunk:          0 kB
Percpu:            13280 kB
HardwareCorrupted:     0 kB
AnonHugePages:   1662976 kB
ShmemHugePages:        0 kB
ShmemPmdMapped:        0 kB
FileHugePages:         0 kB
FilePmdMapped:         0 kB
CmaTotal:              0 kB
CmaFree:               0 kB
Unaccepted:            0 kB
Balloon:               0 kB
HugePages_Total:       0
HugePages_Free:        0
HugePages_Rsvd:        0
HugePages_Surp:        0
Hugepagesize:       2048 kB
Hugetlb:               0 kB
DirectMap4k:      194432 kB
DirectMap2M:     6096896 kB
DirectMap1G:     4194304 kB
---SNAPSHOT---
2026-04-27 15:04:35
MemTotal:        8129240 kB
MemFree:         3394492 kB
MemAvailable:    3128264 kB
Buffers:            5484 kB
Cached:           314428 kB
SwapCached:       986568 kB
Active:          2622420 kB
Inactive:        1451512 kB
Active(anon):    2513500 kB
Inactive(anon):  1294944 kB
Active(file):     108920 kB
Inactive(file):   156568 kB
Unevictable:          16 kB
Mlocked:              16 kB
SwapTotal:       4194300 kB
SwapFree:        3069688 kB
Zswap:                 0 kB
Zswapped:              0 kB
Dirty:               192 kB
Writeback:           144 kB
AnonPages:       2776260 kB
Mapped:           268296 kB
Shmem:             54448 kB
KReclaimable:      57140 kB
Slab:             284404 kB
SReclaimable:      57140 kB
SUnreclaim:       227264 kB
KernelStack:       18336 kB
PageTables:        50468 kB
SecPageTables:         0 kB
NFS_Unstable:          0 kB
Bounce:                0 kB
WritebackTmp:          0 kB
CommitLimit:     8258920 kB
Committed_AS:   11409176 kB
VmallocTotal:   34359738367 kB
VmallocUsed:       46616 kB
VmallocChunk:          0 kB
Percpu:            13280 kB
HardwareCorrupted:     0 kB
AnonHugePages:   1263616 kB
ShmemHugePages:        0 kB
ShmemPmdMapped:        0 kB
FileHugePages:         0 kB
FilePmdMapped:         0 kB
CmaTotal:              0 kB
CmaFree:               0 kB
Unaccepted:            0 kB
Balloon:               0 kB
HugePages_Total:       0
HugePages_Free:        0
HugePages_Rsvd:        0
HugePages_Surp:        0
Hugepagesize:       2048 kB
Hugetlb:               0 kB
DirectMap4k:      194432 kB
DirectMap2M:     6096896 kB
DirectMap1G:     4194304 kB
---SNAPSHOT---
2026-04-27 15:04:36
MemTotal:        8129240 kB
MemFree:         3172204 kB
MemAvailable:    2905980 kB
Buffers:            5484 kB
Cached:           314436 kB
SwapCached:       987224 kB
Active:          2839492 kB
Inactive:        1451744 kB
Active(anon):    2730572 kB
Inactive(anon):  1295168 kB
Active(file):     108920 kB
Inactive(file):   156576 kB
Unevictable:          16 kB
Mlocked:              16 kB
SwapTotal:       4194300 kB
SwapFree:        3069560 kB
Zswap:                 0 kB
Zswapped:              0 kB
Dirty:               200 kB
Writeback:           220 kB
AnonPages:       2993556 kB
Mapped:           268176 kB
Shmem:             54448 kB
KReclaimable:      57140 kB
Slab:             284408 kB
SReclaimable:      57140 kB
SUnreclaim:       227268 kB
KernelStack:       18320 kB
PageTables:        50544 kB
SecPageTables:         0 kB
NFS_Unstable:          0 kB
Bounce:                0 kB
WritebackTmp:          0 kB
CommitLimit:     8258920 kB
Committed_AS:   11408848 kB
VmallocTotal:   34359738367 kB
VmallocUsed:       46584 kB
VmallocChunk:          0 kB
Percpu:            13280 kB
HardwareCorrupted:     0 kB
AnonHugePages:   1263616 kB
ShmemHugePages:        0 kB
ShmemPmdMapped:        0 kB
FileHugePages:         0 kB
FilePmdMapped:         0 kB
CmaTotal:              0 kB
CmaFree:               0 kB
Unaccepted:            0 kB
Balloon:               0 kB
HugePages_Total:       0
HugePages_Free:        0
HugePages_Rsvd:        0
HugePages_Surp:        0
Hugepagesize:       2048 kB
Hugetlb:               0 kB
DirectMap4k:      194432 kB
DirectMap2M:     6096896 kB
DirectMap1G:     4194304 kB
---SNAPSHOT---
2026-04-27 15:04:37
MemTotal:        8129240 kB
MemFree:         2960344 kB
MemAvailable:    2694220 kB
Buffers:            5788 kB
Cached:           314448 kB
SwapCached:       990132 kB
Active:          3046300 kB
Inactive:        1455936 kB
Active(anon):    2937380 kB
Inactive(anon):  1299160 kB
Active(file):     108920 kB
Inactive(file):   156776 kB
Unevictable:          16 kB
Mlocked:              16 kB
SwapTotal:       4194300 kB
SwapFree:        3066652 kB
Zswap:                 0 kB
Zswapped:              0 kB
Dirty:               204 kB
Writeback:           216 kB
AnonPages:       3201404 kB
Mapped:           268116 kB
Shmem:             54448 kB
KReclaimable:      57140 kB
Slab:             284408 kB
SReclaimable:      57140 kB
SUnreclaim:       227268 kB
KernelStack:       18332 kB
PageTables:        51024 kB
SecPageTables:         0 kB
NFS_Unstable:          0 kB
Bounce:                0 kB
WritebackTmp:          0 kB
CommitLimit:     8258920 kB
Committed_AS:   11408840 kB
VmallocTotal:   34359738367 kB
VmallocUsed:       46600 kB
VmallocChunk:          0 kB
Percpu:            13280 kB
HardwareCorrupted:     0 kB
AnonHugePages:   1259520 kB
ShmemHugePages:        0 kB
ShmemPmdMapped:        0 kB
FileHugePages:         0 kB
FilePmdMapped:         0 kB
CmaTotal:              0 kB
CmaFree:               0 kB
Unaccepted:            0 kB
Balloon:               0 kB
HugePages_Total:       0
HugePages_Free:        0
HugePages_Rsvd:        0
HugePages_Surp:        0
Hugepagesize:       2048 kB
Hugetlb:               0 kB
DirectMap4k:      194432 kB
DirectMap2M:     6096896 kB
DirectMap1G:     4194304 kB
---SNAPSHOT---
2026-04-27 15:04:39
MemTotal:        8129240 kB
MemFree:         3046548 kB
MemAvailable:    2780488 kB
Buffers:            5800 kB
Cached:           314448 kB
SwapCached:       991172 kB
Active:          2946252 kB
Inactive:        1456256 kB
Active(anon):    2837332 kB
Inactive(anon):  1299356 kB
Active(file):     108920 kB
Inactive(file):   156900 kB
Unevictable:          16 kB
Mlocked:              16 kB
SwapTotal:       4194300 kB
SwapFree:        3065612 kB
Zswap:                 0 kB
Zswapped:              0 kB
Dirty:               208 kB
Writeback:           136 kB
AnonPages:       3100388 kB
Mapped:           268276 kB
Shmem:             54448 kB
KReclaimable:      57140 kB
Slab:             284408 kB
SReclaimable:      57140 kB
SUnreclaim:       227268 kB
KernelStack:       18320 kB
PageTables:        50536 kB
SecPageTables:         0 kB
NFS_Unstable:          0 kB
Bounce:                0 kB
WritebackTmp:          0 kB
CommitLimit:     8258920 kB
Committed_AS:   11409700 kB
VmallocTotal:   34359738367 kB
VmallocUsed:       46568 kB
VmallocChunk:          0 kB
Percpu:            13280 kB
HardwareCorrupted:     0 kB
AnonHugePages:   1609728 kB
ShmemHugePages:        0 kB
ShmemPmdMapped:        0 kB
FileHugePages:         0 kB
FilePmdMapped:         0 kB
CmaTotal:              0 kB
CmaFree:               0 kB
Unaccepted:            0 kB
Balloon:               0 kB
HugePages_Total:       0
HugePages_Free:        0
HugePages_Rsvd:        0
HugePages_Surp:        0
Hugepagesize:       2048 kB
Hugetlb:               0 kB
DirectMap4k:      194432 kB
DirectMap2M:     6096896 kB
DirectMap1G:     4194304 kB
---SNAPSHOT---
2026-04-27 15:04:40
MemTotal:        8129240 kB
MemFree:         2788136 kB
MemAvailable:    2522084 kB
Buffers:            5800 kB
Cached:           314460 kB
SwapCached:      1055780 kB
Active:          3149336 kB
Inactive:        1519400 kB
Active(anon):    3040416 kB
Inactive(anon):  1362480 kB
Active(file):     108920 kB
Inactive(file):   156920 kB
Unevictable:          16 kB
Mlocked:              16 kB
SwapTotal:       4194300 kB
SwapFree:        3000740 kB
Zswap:                 0 kB
Zswapped:              0 kB
Dirty:               216 kB
Writeback:           668 kB
AnonPages:       3302180 kB
Mapped:           268176 kB
Shmem:             54448 kB
KReclaimable:      57140 kB
Slab:             284408 kB
SReclaimable:      57140 kB
SUnreclaim:       227268 kB
KernelStack:       18320 kB
PageTables:        51120 kB
SecPageTables:         0 kB
NFS_Unstable:          0 kB
Bounce:                0 kB
WritebackTmp:          0 kB
CommitLimit:     8258920 kB
Committed_AS:   11409452 kB
VmallocTotal:   34359738367 kB
VmallocUsed:       46584 kB
VmallocChunk:          0 kB
Percpu:            13280 kB
HardwareCorrupted:     0 kB
AnonHugePages:   1812480 kB
ShmemHugePages:        0 kB
ShmemPmdMapped:        0 kB
FileHugePages:         0 kB
FilePmdMapped:         0 kB
CmaTotal:              0 kB
CmaFree:               0 kB
Unaccepted:            0 kB
Balloon:               0 kB
HugePages_Total:       0
HugePages_Free:        0
HugePages_Rsvd:        0
HugePages_Surp:        0
Hugepagesize:       2048 kB
Hugetlb:               0 kB
DirectMap4k:      194432 kB
DirectMap2M:     6096896 kB
DirectMap1G:     4194304 kB
---SNAPSHOT---
2026-04-27 15:04:41
MemTotal:        8129240 kB
MemFree:         3170584 kB
MemAvailable:    2904536 kB
Buffers:            5800 kB
Cached:           314464 kB
SwapCached:      1213060 kB
Active:          2610700 kB
Inactive:        1679112 kB
Active(anon):    2501780 kB
Inactive(anon):  1522188 kB
Active(file):     108920 kB
Inactive(file):   156924 kB
Unevictable:          16 kB
Mlocked:              16 kB
SwapTotal:       4194300 kB
SwapFree:        2843528 kB
Zswap:                 0 kB
Zswapped:              0 kB
Dirty:               220 kB
Writeback:           896 kB
AnonPages:       2765788 kB
Mapped:           268176 kB
Shmem:             54448 kB
KReclaimable:      57140 kB
Slab:             284404 kB
SReclaimable:      57140 kB
SUnreclaim:       227264 kB
KernelStack:       18320 kB
PageTables:        51548 kB
SecPageTables:         0 kB
NFS_Unstable:          0 kB
Bounce:                0 kB
WritebackTmp:          0 kB
CommitLimit:     8258920 kB
Committed_AS:   11409232 kB
VmallocTotal:   34359738367 kB
VmallocUsed:       46600 kB
VmallocChunk:          0 kB
Percpu:            13280 kB
HardwareCorrupted:     0 kB
AnonHugePages:   1273856 kB
ShmemHugePages:        0 kB
ShmemPmdMapped:        0 kB
FileHugePages:         0 kB
FilePmdMapped:         0 kB
CmaTotal:              0 kB
CmaFree:               0 kB
Unaccepted:            0 kB
Balloon:               0 kB
HugePages_Total:       0
HugePages_Free:        0
HugePages_Rsvd:        0
HugePages_Surp:        0
Hugepagesize:       2048 kB
Hugetlb:               0 kB
DirectMap4k:      194432 kB
DirectMap2M:     6096896 kB
DirectMap1G:     4194304 kB
---SNAPSHOT---
2026-04-27 15:04:42
MemTotal:        8129240 kB
MemFree:         2907332 kB
MemAvailable:    2641288 kB
Buffers:            5800 kB
Cached:           314472 kB
SwapCached:      1294016 kB
Active:          2799032 kB
Inactive:        1758984 kB
Active(anon):    2690112 kB
Inactive(anon):  1602052 kB
Active(file):     108920 kB
Inactive(file):   156932 kB
Unevictable:          16 kB
Mlocked:              16 kB
SwapTotal:       4194300 kB
SwapFree:        2762768 kB
Zswap:                 0 kB
Zswapped:              0 kB
Dirty:               228 kB
Writeback:           224 kB
AnonPages:       2953352 kB
Mapped:           268176 kB
Shmem:             54448 kB
KReclaimable:      57140 kB
Slab:             284404 kB
SReclaimable:      57140 kB
SUnreclaim:       227264 kB
KernelStack:       18320 kB
PageTables:        51324 kB
SecPageTables:         0 kB
NFS_Unstable:          0 kB
Bounce:                0 kB
WritebackTmp:          0 kB
CommitLimit:     8258920 kB
Committed_AS:   11409272 kB
VmallocTotal:   34359738367 kB
VmallocUsed:       46584 kB
VmallocChunk:          0 kB
Percpu:            13280 kB
HardwareCorrupted:     0 kB
AnonHugePages:   1462272 kB
ShmemHugePages:        0 kB
ShmemPmdMapped:        0 kB
FileHugePages:         0 kB
FilePmdMapped:         0 kB
CmaTotal:              0 kB
CmaFree:               0 kB
Unaccepted:            0 kB
Balloon:               0 kB
HugePages_Total:       0
HugePages_Free:        0
HugePages_Rsvd:        0
HugePages_Surp:        0
Hugepagesize:       2048 kB
Hugetlb:               0 kB
DirectMap4k:      194432 kB
DirectMap2M:     6096896 kB
DirectMap1G:     4194304 kB
---SNAPSHOT---
2026-04-27 15:04:43
MemTotal:        8129240 kB
MemFree:         3300436 kB
MemAvailable:    3034396 kB
Buffers:            5812 kB
Cached:           314472 kB
SwapCached:      1301220 kB
Active:          2414044 kB
Inactive:        1765256 kB
Active(anon):    2305124 kB
Inactive(anon):  1608316 kB
Active(file):     108920 kB
Inactive(file):   156940 kB
Unevictable:          16 kB
Mlocked:              16 kB
SwapTotal:       4194300 kB
SwapFree:        2755564 kB
Zswap:                 0 kB
Zswapped:              0 kB
Dirty:               240 kB
Writeback:           220 kB
AnonPages:       2567268 kB
Mapped:           268176 kB
Shmem:             54448 kB
KReclaimable:      57140 kB
Slab:             284404 kB
SReclaimable:      57140 kB
SUnreclaim:       227264 kB
KernelStack:       18320 kB
PageTables:        51328 kB
SecPageTables:         0 kB
NFS_Unstable:          0 kB
Bounce:                0 kB
WritebackTmp:          0 kB
CommitLimit:     8258920 kB
Committed_AS:   11409192 kB
VmallocTotal:   34359738367 kB
VmallocUsed:       46568 kB
VmallocChunk:          0 kB
Percpu:            13280 kB
HardwareCorrupted:     0 kB
AnonHugePages:   1077248 kB
ShmemHugePages:        0 kB
ShmemPmdMapped:        0 kB
FileHugePages:         0 kB
FilePmdMapped:         0 kB
CmaTotal:              0 kB
CmaFree:               0 kB
Unaccepted:            0 kB
Balloon:               0 kB
HugePages_Total:       0
HugePages_Free:        0
HugePages_Rsvd:        0
HugePages_Surp:        0
Hugepagesize:       2048 kB
Hugetlb:               0 kB
DirectMap4k:      194432 kB
DirectMap2M:     6096896 kB
DirectMap1G:     4194304 kB
---SNAPSHOT---
2026-04-27 15:04:44
MemTotal:        8129240 kB
MemFree:         3038292 kB
MemAvailable:    2772260 kB
Buffers:            5812 kB
Cached:           314488 kB
SwapCached:      1309040 kB
Active:          2668032 kB
Inactive:        1773532 kB
Active(anon):    2559112 kB
Inactive(anon):  1616576 kB
Active(file):     108920 kB
Inactive(file):   156956 kB
Unevictable:          16 kB
Mlocked:              16 kB
SwapTotal:       4194300 kB
SwapFree:        2747744 kB
Zswap:                 0 kB
Zswapped:              0 kB
Dirty:                64 kB
Writeback:           180 kB
AnonPages:       2821592 kB
Mapped:           268176 kB
Shmem:             54448 kB
KReclaimable:      57140 kB
Slab:             284404 kB
SReclaimable:      57140 kB
SUnreclaim:       227264 kB
KernelStack:       18320 kB
PageTables:        51320 kB
SecPageTables:         0 kB
NFS_Unstable:          0 kB
Bounce:                0 kB
WritebackTmp:          0 kB
CommitLimit:     8258920 kB
Committed_AS:   11409236 kB
VmallocTotal:   34359738367 kB
VmallocUsed:       46568 kB
VmallocChunk:          0 kB
Percpu:            13280 kB
HardwareCorrupted:     0 kB
AnonHugePages:   1331200 kB
ShmemHugePages:        0 kB
ShmemPmdMapped:        0 kB
FileHugePages:         0 kB
FilePmdMapped:         0 kB
CmaTotal:              0 kB
CmaFree:               0 kB
Unaccepted:            0 kB
Balloon:               0 kB
HugePages_Total:       0
HugePages_Free:        0
HugePages_Rsvd:        0
HugePages_Surp:        0
Hugepagesize:       2048 kB
Hugetlb:               0 kB
DirectMap4k:      194432 kB
DirectMap2M:     6096896 kB
DirectMap1G:     4194304 kB
---SNAPSHOT---
2026-04-27 15:04:45
MemTotal:        8129240 kB
MemFree:         3383600 kB
MemAvailable:    3117572 kB
Buffers:            5812 kB
Cached:           314496 kB
SwapCached:      1310656 kB
Active:          2287136 kB
Inactive:        1777676 kB
Active(anon):    2178216 kB
Inactive(anon):  1620708 kB
Active(file):     108920 kB
Inactive(file):   156968 kB
Unevictable:          16 kB
Mlocked:              16 kB
SwapTotal:       4194300 kB
SwapFree:        2746128 kB
Zswap:                 0 kB
Zswapped:              0 kB
Dirty:                28 kB
Writeback:           144 kB
AnonPages:       2443140 kB
Mapped:           268176 kB
Shmem:             54448 kB
KReclaimable:      57140 kB
Slab:             284404 kB
SReclaimable:      57140 kB
SUnreclaim:       227264 kB
KernelStack:       18320 kB
PageTables:        50184 kB
SecPageTables:         0 kB
NFS_Unstable:          0 kB
Bounce:                0 kB
WritebackTmp:          0 kB
CommitLimit:     8258920 kB
Committed_AS:   11409120 kB
VmallocTotal:   34359738367 kB
VmallocUsed:       46552 kB
VmallocChunk:          0 kB
Percpu:            13280 kB
HardwareCorrupted:     0 kB
AnonHugePages:    950272 kB
ShmemHugePages:        0 kB
ShmemPmdMapped:        0 kB
FileHugePages:         0 kB
FilePmdMapped:         0 kB
CmaTotal:              0 kB
CmaFree:               0 kB
Unaccepted:            0 kB
Balloon:               0 kB
HugePages_Total:       0
HugePages_Free:        0
HugePages_Rsvd:        0
HugePages_Surp:        0
Hugepagesize:       2048 kB
Hugetlb:               0 kB
DirectMap4k:      194432 kB
DirectMap2M:     6096896 kB
DirectMap1G:     4194304 kB
---SNAPSHOT---
2026-04-27 15:04:46
MemTotal:        8129240 kB
MemFree:         3157612 kB
MemAvailable:    2891584 kB
Buffers:            5812 kB
Cached:           314500 kB
SwapCached:      1311376 kB
Active:          2553268 kB
Inactive:        1777812 kB
Active(anon):    2444348 kB
Inactive(anon):  1620844 kB
Active(file):     108920 kB
Inactive(file):   156968 kB
Unevictable:          16 kB
Mlocked:              16 kB
SwapTotal:       4194300 kB
SwapFree:        2745272 kB
Zswap:                 0 kB
Zswapped:              0 kB
Dirty:                32 kB
Writeback:           200 kB
AnonPages:       2708432 kB
Mapped:           268176 kB
Shmem:             54448 kB
KReclaimable:      57140 kB
Slab:             284404 kB
SReclaimable:      57140 kB
SUnreclaim:       227264 kB
KernelStack:       18320 kB
PageTables:        50628 kB
SecPageTables:         0 kB
NFS_Unstable:          0 kB
Bounce:                0 kB
WritebackTmp:          0 kB
CommitLimit:     8258920 kB
Committed_AS:   11409324 kB
VmallocTotal:   34359738367 kB
VmallocUsed:       46600 kB
VmallocChunk:          0 kB
Percpu:            13280 kB
HardwareCorrupted:     0 kB
AnonHugePages:   1216512 kB
ShmemHugePages:        0 kB
ShmemPmdMapped:        0 kB
FileHugePages:         0 kB
FilePmdMapped:         0 kB
CmaTotal:              0 kB
CmaFree:               0 kB
Unaccepted:            0 kB
Balloon:               0 kB
HugePages_Total:       0
HugePages_Free:        0
HugePages_Rsvd:        0
HugePages_Surp:        0
Hugepagesize:       2048 kB
Hugetlb:               0 kB
DirectMap4k:      194432 kB
DirectMap2M:     6096896 kB
DirectMap1G:     4194304 kB
---SNAPSHOT---
2026-04-27 15:04:47
MemTotal:        8129240 kB
MemFree:         2898832 kB
MemAvailable:    2632808 kB
Buffers:            5812 kB
Cached:           314512 kB
SwapCached:      1313776 kB
Active:          2811296 kB
Inactive:        1777816 kB
Active(anon):    2702376 kB
Inactive(anon):  1620844 kB
Active(file):     108920 kB
Inactive(file):   156972 kB
Unevictable:          16 kB
Mlocked:              16 kB
SwapTotal:       4194300 kB
SwapFree:        2743008 kB
Zswap:                 0 kB
Zswapped:              0 kB
Dirty:                44 kB
Writeback:           208 kB
AnonPages:       2964084 kB
Mapped:           268176 kB
Shmem:             54448 kB
KReclaimable:      57140 kB
Slab:             284404 kB
SReclaimable:      57140 kB
SUnreclaim:       227264 kB
KernelStack:       18320 kB
PageTables:        50928 kB
SecPageTables:         0 kB
NFS_Unstable:          0 kB
Bounce:                0 kB
WritebackTmp:          0 kB
CommitLimit:     8258920 kB
