---SNAPSHOT---
2026-04-27 15:10:15
MemTotal:        8129240 kB
MemFree:         5322200 kB
MemAvailable:    5047660 kB
Buffers:            4092 kB
Cached:           284468 kB
SwapCached:        66272 kB
Active:          1514208 kB
Inactive:         532348 kB
Active(anon):    1417420 kB
Inactive(anon):   378132 kB
Active(file):      96788 kB
Inactive(file):   154216 kB
Unevictable:           0 kB
Mlocked:               0 kB
SwapTotal:       4194300 kB
SwapFree:        3990520 kB
Zswap:                 0 kB
Zswapped:              0 kB
Dirty:               288 kB
Writeback:             0 kB
AnonPages:       1695056 kB
Mapped:           247396 kB
Shmem:             37304 kB
KReclaimable:      54996 kB
Slab:             282300 kB
SReclaimable:      54996 kB
SUnreclaim:       227304 kB
KernelStack:       18124 kB
PageTables:        45192 kB
SecPageTables:         0 kB
NFS_Unstable:          0 kB
Bounce:                0 kB
WritebackTmp:          0 kB
CommitLimit:     8258920 kB
Committed_AS:    8752124 kB
VmallocTotal:   34359738367 kB
VmallocUsed:       46376 kB
VmallocChunk:          0 kB
Percpu:            13280 kB
HardwareCorrupted:     0 kB
AnonHugePages:    210944 kB
ShmemHugePages:        0 kB
ShmemPmdMapped:        0 kB
FileHugePages:         0 kB
FilePmdMapped:         0 kB
CmaTotal:              0 kB
CmaFree:               0 kB
Unaccepted:            0 kB
Balloon:               0 kB
HugePages_Total:       0
HugePages_Free:        0
HugePages_Rsvd:        0
HugePages_Surp:        0
Hugepagesize:       2048 kB
Hugetlb:               0 kB
DirectMap4k:      194432 kB
DirectMap2M:     6096896 kB
DirectMap1G:     4194304 kB
---SNAPSHOT---
2026-04-27 15:10:16
MemTotal:        8129240 kB
MemFree:         5344924 kB
MemAvailable:    5070788 kB
Buffers:            4232 kB
Cached:           284840 kB
SwapCached:        66272 kB
Active:          1514880 kB
Inactive:         533064 kB
Active(anon):    1417996 kB
Inactive(anon):   378132 kB
Active(file):      96884 kB
Inactive(file):   154932 kB
Unevictable:           0 kB
Mlocked:               0 kB
SwapTotal:       4194300 kB
SwapFree:        3990520 kB
Zswap:                 0 kB
Zswapped:              0 kB
Dirty:               304 kB
Writeback:             0 kB
AnonPages:       1695432 kB
Mapped:           247652 kB
Shmem:             37304 kB
KReclaimable:      54996 kB
Slab:             282300 kB
SReclaimable:      54996 kB
SUnreclaim:       227304 kB
KernelStack:       18144 kB
PageTables:        45624 kB
SecPageTables:         0 kB
NFS_Unstable:          0 kB
Bounce:                0 kB
WritebackTmp:          0 kB
CommitLimit:     8258920 kB
Committed_AS:    8752444 kB
VmallocTotal:   34359738367 kB
VmallocUsed:       46424 kB
VmallocChunk:          0 kB
Percpu:            13280 kB
HardwareCorrupted:     0 kB
AnonHugePages:    210944 kB
ShmemHugePages:        0 kB
ShmemPmdMapped:        0 kB
FileHugePages:         0 kB
FilePmdMapped:         0 kB
CmaTotal:              0 kB
CmaFree:               0 kB
Unaccepted:            0 kB
Balloon:               0 kB
HugePages_Total:       0
HugePages_Free:        0
HugePages_Rsvd:        0
HugePages_Surp:        0
Hugepagesize:       2048 kB
Hugetlb:               0 kB
DirectMap4k:      194432 kB
DirectMap2M:     6096896 kB
DirectMap1G:     4194304 kB
---SNAPSHOT---
2026-04-27 15:10:17
MemTotal:        8129240 kB
MemFree:         5367184 kB
MemAvailable:    5093464 kB
Buffers:            4256 kB
Cached:           285000 kB
SwapCached:        66272 kB
Active:          1515416 kB
Inactive:         533104 kB
Active(anon):    1418396 kB
Inactive(anon):   378132 kB
Active(file):      97020 kB
Inactive(file):   154972 kB
Unevictable:           0 kB
Mlocked:               0 kB
SwapTotal:       4194300 kB
SwapFree:        3990520 kB
Zswap:                 0 kB
Zswapped:              0 kB
Dirty:               360 kB
Writeback:             0 kB
AnonPages:       1696148 kB
Mapped:           247652 kB
Shmem:             37304 kB
KReclaimable:      55652 kB
Slab:             282952 kB
SReclaimable:      55652 kB
SUnreclaim:       227300 kB
KernelStack:       18224 kB
PageTables:        45512 kB
SecPageTables:         0 kB
NFS_Unstable:          0 kB
Bounce:                0 kB
WritebackTmp:          0 kB
CommitLimit:     8258920 kB
Committed_AS:    8753608 kB
VmallocTotal:   34359738367 kB
VmallocUsed:       46440 kB
VmallocChunk:          0 kB
Percpu:            13280 kB
HardwareCorrupted:     0 kB
AnonHugePages:    210944 kB
ShmemHugePages:        0 kB
ShmemPmdMapped:        0 kB
FileHugePages:         0 kB
FilePmdMapped:         0 kB
CmaTotal:              0 kB
CmaFree:               0 kB
Unaccepted:            0 kB
Balloon:               0 kB
HugePages_Total:       0
HugePages_Free:        0
HugePages_Rsvd:        0
HugePages_Surp:        0
Hugepagesize:       2048 kB
Hugetlb:               0 kB
DirectMap4k:      194432 kB
DirectMap2M:     6096896 kB
DirectMap1G:     4194304 kB
---SNAPSHOT---
2026-04-27 15:10:18
MemTotal:        8129240 kB
MemFree:         5380112 kB
MemAvailable:    5108400 kB
Buffers:            4796 kB
Cached:           288728 kB
SwapCached:        66272 kB
Active:          1518580 kB
Inactive:         533696 kB
Active(anon):    1418140 kB
Inactive(anon):   378132 kB
Active(file):     100440 kB
Inactive(file):   155564 kB
Unevictable:           0 kB
Mlocked:               0 kB
SwapTotal:       4194300 kB
SwapFree:        3990520 kB
Zswap:                 0 kB
Zswapped:              0 kB
Dirty:               368 kB
Writeback:             0 kB
AnonPages:       1695860 kB
Mapped:           248108 kB
Shmem:             37304 kB
KReclaimable:      55652 kB
Slab:             282952 kB
SReclaimable:      55652 kB
SUnreclaim:       227300 kB
KernelStack:       18176 kB
PageTables:        45388 kB
SecPageTables:         0 kB
NFS_Unstable:          0 kB
Bounce:                0 kB
WritebackTmp:          0 kB
CommitLimit:     8258920 kB
Committed_AS:    8760672 kB
VmallocTotal:   34359738367 kB
VmallocUsed:       46456 kB
VmallocChunk:          0 kB
Percpu:            13280 kB
HardwareCorrupted:     0 kB
AnonHugePages:    210944 kB
ShmemHugePages:        0 kB
ShmemPmdMapped:        0 kB
FileHugePages:         0 kB
FilePmdMapped:         0 kB
CmaTotal:              0 kB
CmaFree:               0 kB
Unaccepted:            0 kB
Balloon:               0 kB
HugePages_Total:       0
HugePages_Free:        0
HugePages_Rsvd:        0
HugePages_Surp:        0
Hugepagesize:       2048 kB
Hugetlb:               0 kB
DirectMap4k:      194432 kB
DirectMap2M:     6096896 kB
DirectMap1G:     4194304 kB
---SNAPSHOT---
2026-04-27 15:10:19
MemTotal:        8129240 kB
MemFree:         4542168 kB
MemAvailable:    4274696 kB
Buffers:            4924 kB
Cached:           313980 kB
SwapCached:        66272 kB
Active:          2400688 kB
Inactive:         534004 kB
Active(anon):    2292076 kB
Inactive(anon):   378132 kB
Active(file):     108612 kB
Inactive(file):   155872 kB
Unevictable:          16 kB
Mlocked:              16 kB
SwapTotal:       4194300 kB
SwapFree:        3990520 kB
Zswap:                 0 kB
Zswapped:              0 kB
Dirty:               452 kB
Writeback:             0 kB
AnonPages:       2552444 kB
Mapped:           268368 kB
Shmem:             54452 kB
KReclaimable:      55652 kB
Slab:             282964 kB
SReclaimable:      55652 kB
SUnreclaim:       227312 kB
KernelStack:       18336 kB
PageTables:        47660 kB
SecPageTables:         0 kB
NFS_Unstable:          0 kB
Bounce:                0 kB
WritebackTmp:          0 kB
CommitLimit:     8258920 kB
Committed_AS:   11409224 kB
VmallocTotal:   34359738367 kB
VmallocUsed:       46504 kB
VmallocChunk:          0 kB
Percpu:            13280 kB
HardwareCorrupted:     0 kB
AnonHugePages:    874496 kB
ShmemHugePages:        0 kB
ShmemPmdMapped:        0 kB
FileHugePages:         0 kB
FilePmdMapped:         0 kB
CmaTotal:              0 kB
CmaFree:               0 kB
Unaccepted:            0 kB
Balloon:               0 kB
HugePages_Total:       0
HugePages_Free:        0
HugePages_Rsvd:        0
HugePages_Surp:        0
Hugepagesize:       2048 kB
Hugetlb:               0 kB
DirectMap4k:      194432 kB
DirectMap2M:     6096896 kB
DirectMap1G:     4194304 kB
---SNAPSHOT---
2026-04-27 15:10:20
MemTotal:        8129240 kB
MemFree:         3673764 kB
MemAvailable:    3407056 kB
Buffers:            4924 kB
Cached:           313992 kB
SwapCached:        66272 kB
Active:          3269772 kB
Inactive:         534012 kB
Active(anon):    3161160 kB
Inactive(anon):   378132 kB
Active(file):     108612 kB
Inactive(file):   155880 kB
Unevictable:          16 kB
Mlocked:              16 kB
SwapTotal:       4194300 kB
SwapFree:        3990520 kB
Zswap:                 0 kB
Zswapped:              0 kB
Dirty:               460 kB
Writeback:             0 kB
AnonPages:       3421332 kB
Mapped:           268596 kB
Shmem:             54452 kB
KReclaimable:      57172 kB
Slab:             284484 kB
SReclaimable:      57172 kB
SUnreclaim:       227312 kB
KernelStack:       18336 kB
PageTables:        49832 kB
SecPageTables:         0 kB
NFS_Unstable:          0 kB
Bounce:                0 kB
WritebackTmp:          0 kB
CommitLimit:     8258920 kB
Committed_AS:   11409092 kB
VmallocTotal:   34359738367 kB
VmallocUsed:       46616 kB
VmallocChunk:          0 kB
Percpu:            13280 kB
HardwareCorrupted:     0 kB
AnonHugePages:   1576960 kB
ShmemHugePages:        0 kB
ShmemPmdMapped:        0 kB
FileHugePages:         0 kB
FilePmdMapped:         0 kB
CmaTotal:              0 kB
CmaFree:               0 kB
Unaccepted:            0 kB
Balloon:               0 kB
HugePages_Total:       0
HugePages_Free:        0
HugePages_Rsvd:        0
HugePages_Surp:        0
Hugepagesize:       2048 kB
Hugetlb:               0 kB
DirectMap4k:      194432 kB
DirectMap2M:     6096896 kB
DirectMap1G:     4194304 kB
---SNAPSHOT---
2026-04-27 15:10:21
MemTotal:        8129240 kB
MemFree:         3954812 kB
MemAvailable:    3688104 kB
Buffers:            4924 kB
Cached:           313996 kB
SwapCached:        66272 kB
Active:          2984928 kB
Inactive:         534016 kB
Active(anon):    2876316 kB
Inactive(anon):   378132 kB
Active(file):     108612 kB
Inactive(file):   155884 kB
Unevictable:          16 kB
Mlocked:              16 kB
SwapTotal:       4194300 kB
SwapFree:        3990520 kB
Zswap:                 0 kB
Zswapped:              0 kB
Dirty:               464 kB
Writeback:             0 kB
AnonPages:       3136768 kB
Mapped:           268368 kB
Shmem:             54452 kB
KReclaimable:      57172 kB
Slab:             284484 kB
SReclaimable:      57172 kB
SUnreclaim:       227312 kB
KernelStack:       18364 kB
PageTables:        48988 kB
SecPageTables:         0 kB
NFS_Unstable:          0 kB
Bounce:                0 kB
WritebackTmp:          0 kB
CommitLimit:     8258920 kB
Committed_AS:   11409716 kB
VmallocTotal:   34359738367 kB
VmallocUsed:       46584 kB
VmallocChunk:          0 kB
Percpu:            13280 kB
HardwareCorrupted:     0 kB
AnonHugePages:   1056768 kB
ShmemHugePages:        0 kB
ShmemPmdMapped:        0 kB
FileHugePages:         0 kB
FilePmdMapped:         0 kB
CmaTotal:              0 kB
CmaFree:               0 kB
Unaccepted:            0 kB
Balloon:               0 kB
HugePages_Total:       0
HugePages_Free:        0
HugePages_Rsvd:        0
HugePages_Surp:        0
Hugepagesize:       2048 kB
Hugetlb:               0 kB
DirectMap4k:      194432 kB
DirectMap2M:     6096896 kB
DirectMap1G:     4194304 kB
---SNAPSHOT---
2026-04-27 15:10:22
MemTotal:        8129240 kB
MemFree:         3817492 kB
MemAvailable:    3550788 kB
Buffers:            4932 kB
Cached:           314000 kB
SwapCached:       668540 kB
Active:          2512936 kB
Inactive:        1135308 kB
Active(anon):    2404324 kB
Inactive(anon):   979416 kB
Active(file):     108612 kB
Inactive(file):   155892 kB
Unevictable:          16 kB
Mlocked:              16 kB
SwapTotal:       4194300 kB
SwapFree:        3388180 kB
Zswap:                 0 kB
Zswapped:              0 kB
Dirty:               468 kB
Writeback:           844 kB
AnonPages:       2666448 kB
Mapped:           268368 kB
Shmem:             54452 kB
KReclaimable:      57172 kB
Slab:             284536 kB
SReclaimable:      57172 kB
SUnreclaim:       227364 kB
KernelStack:       18444 kB
PageTables:        49740 kB
SecPageTables:         0 kB
NFS_Unstable:          0 kB
Bounce:                0 kB
WritebackTmp:          0 kB
CommitLimit:     8258920 kB
Committed_AS:   11410648 kB
VmallocTotal:   34359738367 kB
VmallocUsed:       46616 kB
VmallocChunk:          0 kB
Percpu:            13280 kB
HardwareCorrupted:     0 kB
AnonHugePages:   1171456 kB
ShmemHugePages:        0 kB
ShmemPmdMapped:        0 kB
FileHugePages:         0 kB
FilePmdMapped:         0 kB
CmaTotal:              0 kB
CmaFree:               0 kB
Unaccepted:            0 kB
Balloon:               0 kB
HugePages_Total:       0
HugePages_Free:        0
HugePages_Rsvd:        0
HugePages_Surp:        0
Hugepagesize:       2048 kB
Hugetlb:               0 kB
DirectMap4k:      194432 kB
DirectMap2M:     6096896 kB
DirectMap1G:     4194304 kB
---SNAPSHOT---
2026-04-27 15:10:23
MemTotal:        8129240 kB
MemFree:         3437944 kB
MemAvailable:    3171248 kB
Buffers:            4932 kB
Cached:           314008 kB
SwapCached:        66272 kB
Active:          3475220 kB
Inactive:         534040 kB
Active(anon):    3366608 kB
Inactive(anon):   378132 kB
Active(file):     108612 kB
Inactive(file):   155908 kB
Unevictable:          16 kB
Mlocked:              16 kB
SwapTotal:       4194300 kB
SwapFree:        3990520 kB
Zswap:                 0 kB
Zswapped:              0 kB
Dirty:               476 kB
Writeback:             0 kB
AnonPages:       3627012 kB
Mapped:           268368 kB
Shmem:             54452 kB
KReclaimable:      57172 kB
Slab:             284468 kB
SReclaimable:      57172 kB
SUnreclaim:       227296 kB
KernelStack:       18396 kB
PageTables:        49780 kB
SecPageTables:         0 kB
NFS_Unstable:          0 kB
Bounce:                0 kB
WritebackTmp:          0 kB
CommitLimit:     8258920 kB
Committed_AS:   11409252 kB
VmallocTotal:   34359738367 kB
VmallocUsed:       46584 kB
VmallocChunk:          0 kB
Percpu:            13280 kB
HardwareCorrupted:     0 kB
AnonHugePages:   2134016 kB
ShmemHugePages:        0 kB
ShmemPmdMapped:        0 kB
FileHugePages:         0 kB
FilePmdMapped:         0 kB
CmaTotal:              0 kB
CmaFree:               0 kB
Unaccepted:            0 kB
Balloon:               0 kB
HugePages_Total:       0
HugePages_Free:        0
HugePages_Rsvd:        0
HugePages_Surp:        0
Hugepagesize:       2048 kB
Hugetlb:               0 kB
DirectMap4k:      194432 kB
DirectMap2M:     6096896 kB
DirectMap1G:     4194304 kB
---SNAPSHOT---
2026-04-27 15:10:24
MemTotal:        8129240 kB
MemFree:         4302240 kB
MemAvailable:    4035544 kB
Buffers:            4932 kB
Cached:           314012 kB
SwapCached:        66272 kB
Active:          2619232 kB
Inactive:         534040 kB
Active(anon):    2510620 kB
Inactive(anon):   378132 kB
Active(file):     108612 kB
Inactive(file):   155908 kB
Unevictable:          16 kB
Mlocked:              16 kB
SwapTotal:       4194300 kB
SwapFree:        3990520 kB
Zswap:                 0 kB
Zswapped:              0 kB
Dirty:               480 kB
Writeback:             0 kB
AnonPages:       2771012 kB
Mapped:           268368 kB
Shmem:             54452 kB
KReclaimable:      57172 kB
Slab:             284456 kB
SReclaimable:      57172 kB
SUnreclaim:       227284 kB
KernelStack:       18396 kB
PageTables:        48204 kB
SecPageTables:         0 kB
NFS_Unstable:          0 kB
Bounce:                0 kB
WritebackTmp:          0 kB
CommitLimit:     8258920 kB
Committed_AS:   11409716 kB
VmallocTotal:   34359738367 kB
VmallocUsed:       46568 kB
VmallocChunk:          0 kB
Percpu:            13280 kB
HardwareCorrupted:     0 kB
AnonHugePages:   1277952 kB
ShmemHugePages:        0 kB
ShmemPmdMapped:        0 kB
FileHugePages:         0 kB
FilePmdMapped:         0 kB
CmaTotal:              0 kB
CmaFree:               0 kB
Unaccepted:            0 kB
Balloon:               0 kB
HugePages_Total:       0
HugePages_Free:        0
HugePages_Rsvd:        0
HugePages_Surp:        0
Hugepagesize:       2048 kB
Hugetlb:               0 kB
DirectMap4k:      194432 kB
DirectMap2M:     6096896 kB
DirectMap1G:     4194304 kB
---SNAPSHOT---
2026-04-27 15:10:25
MemTotal:        8129240 kB
MemFree:         3891760 kB
MemAvailable:    3625072 kB
Buffers:            4932 kB
Cached:           314020 kB
SwapCached:        66272 kB
Active:          3034620 kB
Inactive:         534052 kB
Active(anon):    2926008 kB
Inactive(anon):   378132 kB
Active(file):     108612 kB
Inactive(file):   155920 kB
Unevictable:          16 kB
Mlocked:              16 kB
SwapTotal:       4194300 kB
SwapFree:        3990520 kB
Zswap:                 0 kB
Zswapped:              0 kB
Dirty:               488 kB
Writeback:             0 kB
AnonPages:       3186580 kB
Mapped:           268368 kB
Shmem:             54452 kB
KReclaimable:      57172 kB
Slab:             284456 kB
SReclaimable:      57172 kB
SUnreclaim:       227284 kB
KernelStack:       18396 kB
PageTables:        49264 kB
SecPageTables:         0 kB
NFS_Unstable:          0 kB
Bounce:                0 kB
WritebackTmp:          0 kB
CommitLimit:     8258920 kB
Committed_AS:   11409376 kB
VmallocTotal:   34359738367 kB
VmallocUsed:       46552 kB
VmallocChunk:          0 kB
Percpu:            13280 kB
HardwareCorrupted:     0 kB
AnonHugePages:   1693696 kB
ShmemHugePages:        0 kB
ShmemPmdMapped:        0 kB
FileHugePages:         0 kB
FilePmdMapped:         0 kB
CmaTotal:              0 kB
CmaFree:               0 kB
Unaccepted:            0 kB
Balloon:               0 kB
HugePages_Total:       0
HugePages_Free:        0
HugePages_Rsvd:        0
HugePages_Surp:        0
Hugepagesize:       2048 kB
Hugetlb:               0 kB
DirectMap4k:      194432 kB
DirectMap2M:     6096896 kB
DirectMap1G:     4194304 kB
---SNAPSHOT---
2026-04-27 15:10:26
MemTotal:        8129240 kB
MemFree:         3628908 kB
MemAvailable:    3362220 kB
Buffers:            4932 kB
Cached:           314024 kB
SwapCached:        66272 kB
Active:          3294196 kB
Inactive:         534056 kB
Active(anon):    3185584 kB
Inactive(anon):   378132 kB
Active(file):     108612 kB
Inactive(file):   155924 kB
Unevictable:          16 kB
Mlocked:              16 kB
SwapTotal:       4194300 kB
SwapFree:        3990520 kB
Zswap:                 0 kB
Zswapped:              0 kB
Dirty:               492 kB
Writeback:             0 kB
AnonPages:       3445888 kB
Mapped:           268368 kB
Shmem:             54452 kB
KReclaimable:      57172 kB
Slab:             284444 kB
SReclaimable:      57172 kB
SUnreclaim:       227272 kB
KernelStack:       18304 kB
PageTables:        49448 kB
SecPageTables:         0 kB
NFS_Unstable:          0 kB
Bounce:                0 kB
WritebackTmp:          0 kB
CommitLimit:     8258920 kB
Committed_AS:   11409088 kB
VmallocTotal:   34359738367 kB
VmallocUsed:       46552 kB
VmallocChunk:          0 kB
Percpu:            13280 kB
HardwareCorrupted:     0 kB
AnonHugePages:   1951744 kB
ShmemHugePages:        0 kB
ShmemPmdMapped:        0 kB
FileHugePages:         0 kB
FilePmdMapped:         0 kB
CmaTotal:              0 kB
CmaFree:               0 kB
Unaccepted:            0 kB
Balloon:               0 kB
HugePages_Total:       0
HugePages_Free:        0
HugePages_Rsvd:        0
HugePages_Surp:        0
Hugepagesize:       2048 kB
Hugetlb:               0 kB
DirectMap4k:      194432 kB
DirectMap2M:     6096896 kB
DirectMap1G:     4194304 kB
---SNAPSHOT---
2026-04-27 15:10:27
MemTotal:        8129240 kB
MemFree:         3070364 kB
MemAvailable:    2803676 kB
Buffers:            4940 kB
Cached:           314028 kB
SwapCached:        66272 kB
Active:          3856952 kB
Inactive:         534056 kB
Active(anon):    3748340 kB
Inactive(anon):   378132 kB
Active(file):     108612 kB
Inactive(file):   155924 kB
Unevictable:          16 kB
Mlocked:              16 kB
SwapTotal:       4194300 kB
SwapFree:        3990520 kB
Zswap:                 0 kB
Zswapped:              0 kB
Dirty:               496 kB
Writeback:             0 kB
AnonPages:       4008736 kB
Mapped:           268368 kB
Shmem:             54452 kB
KReclaimable:      57172 kB
Slab:             284444 kB
SReclaimable:      57172 kB
SUnreclaim:       227272 kB
KernelStack:       18244 kB
PageTables:        50824 kB
SecPageTables:         0 kB
NFS_Unstable:          0 kB
Bounce:                0 kB
WritebackTmp:          0 kB
CommitLimit:     8258920 kB
Committed_AS:   11409488 kB
VmallocTotal:   34359738367 kB
VmallocUsed:       46536 kB
VmallocChunk:          0 kB
Percpu:            13280 kB
HardwareCorrupted:     0 kB
AnonHugePages:   2512896 kB
ShmemHugePages:        0 kB
ShmemPmdMapped:        0 kB
FileHugePages:         0 kB
FilePmdMapped:         0 kB
CmaTotal:              0 kB
CmaFree:               0 kB
Unaccepted:            0 kB
Balloon:               0 kB
HugePages_Total:       0
HugePages_Free:        0
HugePages_Rsvd:        0
HugePages_Surp:        0
Hugepagesize:       2048 kB
Hugetlb:               0 kB
DirectMap4k:      194432 kB
DirectMap2M:     6096896 kB
DirectMap1G:     4194304 kB
---SNAPSHOT---
2026-04-27 15:10:28
MemTotal:        8129240 kB
MemFree:         4378784 kB
MemAvailable:    4112108 kB
Buffers:            4940 kB
Cached:           314036 kB
SwapCached:        66272 kB
Active:          2502040 kB
Inactive:         534076 kB
Active(anon):    2393428 kB
Inactive(anon):   378132 kB
Active(file):     108612 kB
Inactive(file):   155944 kB
Unevictable:          16 kB
Mlocked:              16 kB
SwapTotal:       4194300 kB
SwapFree:        3990520 kB
Zswap:                 0 kB
Zswapped:              0 kB
Dirty:               504 kB
Writeback:             0 kB
AnonPages:       2653768 kB
Mapped:           268368 kB
Shmem:             54452 kB
KReclaimable:      57172 kB
Slab:             284444 kB
SReclaimable:      57172 kB
SUnreclaim:       227272 kB
KernelStack:       18364 kB
PageTables:        48532 kB
SecPageTables:         0 kB
NFS_Unstable:          0 kB
Bounce:                0 kB
WritebackTmp:          0 kB
CommitLimit:     8258920 kB
Committed_AS:   11409472 kB
VmallocTotal:   34359738367 kB
VmallocUsed:       46520 kB
VmallocChunk:          0 kB
Percpu:            13280 kB
HardwareCorrupted:     0 kB
AnonHugePages:   1159168 kB
ShmemHugePages:        0 kB
ShmemPmdMapped:        0 kB
FileHugePages:         0 kB
FilePmdMapped:         0 kB
CmaTotal:              0 kB
CmaFree:               0 kB
Unaccepted:            0 kB
Balloon:               0 kB
HugePages_Total:       0
HugePages_Free:        0
HugePages_Rsvd:        0
HugePages_Surp:        0
Hugepagesize:       2048 kB
Hugetlb:               0 kB
DirectMap4k:      194432 kB
DirectMap2M:     6096896 kB
DirectMap1G:     4194304 kB
---SNAPSHOT---
2026-04-27 15:10:29
MemTotal:        8129240 kB
MemFree:         4178868 kB
MemAvailable:    3912248 kB
Buffers:            5072 kB
Cached:           314040 kB
SwapCached:        66272 kB
Active:          2758280 kB
Inactive:         534188 kB
Active(anon):    2649668 kB
Inactive(anon):   378132 kB
Active(file):     108612 kB
Inactive(file):   156056 kB
Unevictable:          16 kB
Mlocked:              16 kB
SwapTotal:       4194300 kB
SwapFree:        3990520 kB
Zswap:                 0 kB
Zswapped:              0 kB
Dirty:               508 kB
Writeback:             0 kB
AnonPages:       2910168 kB
Mapped:           268596 kB
Shmem:             54452 kB
KReclaimable:      57172 kB
Slab:             284444 kB
SReclaimable:      57172 kB
SUnreclaim:       227272 kB
KernelStack:       18348 kB
PageTables:        48404 kB
SecPageTables:         0 kB
NFS_Unstable:          0 kB
Bounce:                0 kB
WritebackTmp:          0 kB
CommitLimit:     8258920 kB
Committed_AS:   11409376 kB
VmallocTotal:   34359738367 kB
VmallocUsed:       46536 kB
VmallocChunk:          0 kB
Percpu:            13280 kB
HardwareCorrupted:     0 kB
AnonHugePages:   1417216 kB
ShmemHugePages:        0 kB
ShmemPmdMapped:        0 kB
FileHugePages:         0 kB
FilePmdMapped:         0 kB
CmaTotal:              0 kB
CmaFree:               0 kB
Unaccepted:            0 kB
Balloon:               0 kB
HugePages_Total:       0
HugePages_Free:        0
HugePages_Rsvd:        0
HugePages_Surp:        0
Hugepagesize:       2048 kB
Hugetlb:               0 kB
DirectMap4k:      194432 kB
DirectMap2M:     6096896 kB
DirectMap1G:     4194304 kB
---SNAPSHOT---
2026-04-27 15:10:30
MemTotal:        8129240 kB
MemFree:         3764920 kB
MemAvailable:    3498316 kB
Buffers:            5072 kB
Cached:           314048 kB
SwapCached:        66272 kB
Active:          3169872 kB
Inactive:         534220 kB
Active(anon):    3061260 kB
Inactive(anon):   378132 kB
Active(file):     108612 kB
Inactive(file):   156088 kB
Unevictable:          16 kB
Mlocked:              16 kB
SwapTotal:       4194300 kB
SwapFree:        3990520 kB
Zswap:                 0 kB
Zswapped:              0 kB
Dirty:               516 kB
Writeback:             0 kB
AnonPages:       3321856 kB
Mapped:           268368 kB
Shmem:             54452 kB
KReclaimable:      57172 kB
Slab:             284444 kB
SReclaimable:      57172 kB
SUnreclaim:       227272 kB
KernelStack:       18348 kB
PageTables:        49196 kB
SecPageTables:         0 kB
NFS_Unstable:          0 kB
Bounce:                0 kB
WritebackTmp:          0 kB
CommitLimit:     8258920 kB
Committed_AS:   11409712 kB
VmallocTotal:   34359738367 kB
VmallocUsed:       46520 kB
VmallocChunk:          0 kB
Percpu:            13280 kB
HardwareCorrupted:     0 kB
AnonHugePages:   1828864 kB
ShmemHugePages:        0 kB
ShmemPmdMapped:        0 kB
FileHugePages:         0 kB
FilePmdMapped:         0 kB
CmaTotal:              0 kB
CmaFree:               0 kB
Unaccepted:            0 kB
Balloon:               0 kB
HugePages_Total:       0
HugePages_Free:        0
HugePages_Rsvd:        0
HugePages_Surp:        0
Hugepagesize:       2048 kB
Hugetlb:               0 kB
DirectMap4k:      194432 kB
DirectMap2M:     6096896 kB
DirectMap1G:     4194304 kB
---SNAPSHOT---
2026-04-27 15:10:31
MemTotal:        8129240 kB
MemFree:         3959988 kB
MemAvailable:    3693384 kB
Buffers:            5072 kB
Cached:           314052 kB
SwapCached:        75392 kB
Active:          2907492 kB
Inactive:         541520 kB
Active(anon):    2798880 kB
Inactive(anon):   385428 kB
Active(file):     108612 kB
Inactive(file):   156092 kB
Unevictable:          16 kB
Mlocked:              16 kB
SwapTotal:       4194300 kB
SwapFree:        3981208 kB
Zswap:                 0 kB
Zswapped:              0 kB
Dirty:               520 kB
Writeback:           912 kB
AnonPages:       3059728 kB
Mapped:           268448 kB
Shmem:             54452 kB
KReclaimable:      57172 kB
Slab:             284444 kB
SReclaimable:      57172 kB
SUnreclaim:       227272 kB
KernelStack:       18304 kB
PageTables:        48848 kB
SecPageTables:         0 kB
NFS_Unstable:          0 kB
Bounce:                0 kB
WritebackTmp:          0 kB
CommitLimit:     8258920 kB
Committed_AS:   11409340 kB
VmallocTotal:   34359738367 kB
VmallocUsed:       46552 kB
VmallocChunk:          0 kB
Percpu:            13280 kB
HardwareCorrupted:     0 kB
AnonHugePages:   1421312 kB
ShmemHugePages:        0 kB
ShmemPmdMapped:        0 kB
FileHugePages:         0 kB
FilePmdMapped:         0 kB
CmaTotal:              0 kB
CmaFree:               0 kB
Unaccepted:            0 kB
Balloon:               0 kB
HugePages_Total:       0
HugePages_Free:        0
HugePages_Rsvd:        0
HugePages_Surp:        0
Hugepagesize:       2048 kB
Hugetlb:               0 kB
DirectMap4k:      194432 kB
DirectMap2M:     6096896 kB
DirectMap1G:     4194304 kB
---SNAPSHOT---
2026-04-27 15:10:32
MemTotal:        8129240 kB
MemFree:         3813744 kB
MemAvailable:    3547144 kB
Buffers:            5080 kB
Cached:           314052 kB
SwapCached:       706132 kB
Active:          2398820 kB
Inactive:        1172896 kB
Active(anon):    2290208 kB
Inactive(anon):  1016800 kB
Active(file):     108612 kB
Inactive(file):   156096 kB
Unevictable:          16 kB
Mlocked:              16 kB
SwapTotal:       4194300 kB
SwapFree:        3350520 kB
Zswap:                 0 kB
Zswapped:              0 kB
Dirty:               524 kB
Writeback:          1036 kB
AnonPages:       2550616 kB
Mapped:           268368 kB
Shmem:             54452 kB
KReclaimable:      57172 kB
Slab:             284476 kB
SReclaimable:      57172 kB
SUnreclaim:       227304 kB
KernelStack:       18348 kB
PageTables:        49384 kB
SecPageTables:         0 kB
NFS_Unstable:          0 kB
Bounce:                0 kB
WritebackTmp:          0 kB
CommitLimit:     8258920 kB
Committed_AS:   11409800 kB
VmallocTotal:   34359738367 kB
VmallocUsed:       46536 kB
VmallocChunk:          0 kB
Percpu:            13280 kB
HardwareCorrupted:     0 kB
AnonHugePages:    688128 kB
ShmemHugePages:        0 kB
ShmemPmdMapped:        0 kB
FileHugePages:         0 kB
FilePmdMapped:         0 kB
CmaTotal:              0 kB
CmaFree:               0 kB
Unaccepted:            0 kB
Balloon:               0 kB
HugePages_Total:       0
HugePages_Free:        0
HugePages_Rsvd:        0
HugePages_Surp:        0
Hugepagesize:       2048 kB
Hugetlb:               0 kB
DirectMap4k:      194432 kB
DirectMap2M:     6096896 kB
DirectMap1G:     4194304 kB
---SNAPSHOT---
2026-04-27 15:10:33
MemTotal:        8129240 kB
MemFree:         4105044 kB
MemAvailable:    3838452 kB
Buffers:            5080 kB
Cached:           314064 kB
SwapCached:        66272 kB
Active:          2734288 kB
Inactive:         534244 kB
Active(anon):    2625676 kB
Inactive(anon):   378132 kB
Active(file):     108612 kB
Inactive(file):   156112 kB
Unevictable:          16 kB
Mlocked:              16 kB
SwapTotal:       4194300 kB
SwapFree:        3990520 kB
Zswap:                 0 kB
Zswapped:              0 kB
Dirty:               536 kB
Writeback:             0 kB
AnonPages:       2886172 kB
Mapped:           268368 kB
Shmem:             54452 kB
KReclaimable:      57172 kB
Slab:             284412 kB
SReclaimable:      57172 kB
SUnreclaim:       227240 kB
KernelStack:       18288 kB
PageTables:        48100 kB
SecPageTables:         0 kB
NFS_Unstable:          0 kB
Bounce:                0 kB
WritebackTmp:          0 kB
CommitLimit:     8258920 kB
Committed_AS:   11409580 kB
VmallocTotal:   34359738367 kB
VmallocUsed:       46520 kB
VmallocChunk:          0 kB
Percpu:            13280 kB
HardwareCorrupted:     0 kB
AnonHugePages:    786432 kB
ShmemHugePages:        0 kB
ShmemPmdMapped:        0 kB
FileHugePages:         0 kB
FilePmdMapped:         0 kB
CmaTotal:              0 kB
CmaFree:               0 kB
Unaccepted:            0 kB
Balloon:               0 kB
HugePages_Total:       0
HugePages_Free:        0
HugePages_Rsvd:        0
HugePages_Surp:        0
Hugepagesize:       2048 kB
Hugetlb:               0 kB
DirectMap4k:      194432 kB
DirectMap2M:     6096896 kB
DirectMap1G:     4194304 kB
---SNAPSHOT---
2026-04-27 15:10:34
MemTotal:        8129240 kB
MemFree:         3749820 kB
MemAvailable:    3483228 kB
Buffers:            5080 kB
Cached:           314068 kB
SwapCached:        66272 kB
Active:          3144140 kB
Inactive:         534244 kB
Active(anon):    3035528 kB
Inactive(anon):   378132 kB
Active(file):     108612 kB
Inactive(file):   156112 kB
Unevictable:          16 kB
Mlocked:              16 kB
SwapTotal:       4194300 kB
SwapFree:        3990520 kB
Zswap:                 0 kB
Zswapped:              0 kB
Dirty:               540 kB
Writeback:             0 kB
AnonPages:       3295924 kB
Mapped:           268368 kB
Shmem:             54452 kB
KReclaimable:      57172 kB
Slab:             284412 kB
SReclaimable:      57172 kB
SUnreclaim:       227240 kB
KernelStack:       18304 kB
PageTables:        49052 kB
SecPageTables:         0 kB
NFS_Unstable:          0 kB
Bounce:                0 kB
WritebackTmp:          0 kB
CommitLimit:     8258920 kB
Committed_AS:   11409088 kB
VmallocTotal:   34359738367 kB
VmallocUsed:       46520 kB
VmallocChunk:          0 kB
Percpu:            13280 kB
HardwareCorrupted:     0 kB
AnonHugePages:   1806336 kB
ShmemHugePages:        0 kB
ShmemPmdMapped:        0 kB
FileHugePages:         0 kB
FilePmdMapped:         0 kB
CmaTotal:              0 kB
CmaFree:               0 kB
Unaccepted:            0 kB
Balloon:               0 kB
HugePages_Total:       0
HugePages_Free:        0
HugePages_Rsvd:        0
HugePages_Surp:        0
Hugepagesize:       2048 kB
Hugetlb:               0 kB
DirectMap4k:      194432 kB
DirectMap2M:     6096896 kB
DirectMap1G:     4194304 kB
---SNAPSHOT---
2026-04-27 15:10:35
MemTotal:        8129240 kB
MemFree:         4027000 kB
MemAvailable:    3760412 kB
Buffers:            5080 kB
Cached:           314076 kB
SwapCached:        66272 kB
Active:          2898124 kB
Inactive:         534256 kB
Active(anon):    2789512 kB
Inactive(anon):   378132 kB
Active(file):     108612 kB
Inactive(file):   156124 kB
Unevictable:          16 kB
Mlocked:              16 kB
SwapTotal:       4194300 kB
SwapFree:        3990520 kB
Zswap:                 0 kB
Zswapped:              0 kB
Dirty:               548 kB
Writeback:             0 kB
AnonPages:       3049996 kB
Mapped:           268368 kB
Shmem:             54452 kB
KReclaimable:      57172 kB
Slab:             284412 kB
SReclaimable:      57172 kB
SUnreclaim:       227240 kB
KernelStack:       18364 kB
PageTables:        48572 kB
SecPageTables:         0 kB
NFS_Unstable:          0 kB
Bounce:                0 kB
WritebackTmp:          0 kB
CommitLimit:     8258920 kB
Committed_AS:   11409472 kB
VmallocTotal:   34359738367 kB
VmallocUsed:       46536 kB
VmallocChunk:          0 kB
Percpu:            13280 kB
HardwareCorrupted:     0 kB
AnonHugePages:   1474560 kB
ShmemHugePages:        0 kB
ShmemPmdMapped:        0 kB
FileHugePages:         0 kB
FilePmdMapped:         0 kB
CmaTotal:              0 kB
CmaFree:               0 kB
Unaccepted:            0 kB
Balloon:               0 kB
HugePages_Total:       0
HugePages_Free:        0
HugePages_Rsvd:        0
HugePages_Surp:        0
Hugepagesize:       2048 kB
Hugetlb:               0 kB
DirectMap4k:      194432 kB
DirectMap2M:     6096896 kB
DirectMap1G:     4194304 kB
---SNAPSHOT---
2026-04-27 15:10:36
MemTotal:        8129240 kB
MemFree:         3868412 kB
MemAvailable:    3601824 kB
Buffers:            5080 kB
Cached:           314084 kB
SwapCached:        66272 kB
Active:          3055816 kB
Inactive:         534256 kB
Active(anon):    2947204 kB
Inactive(anon):   378132 kB
Active(file):     108612 kB
Inactive(file):   156124 kB
Unevictable:          16 kB
Mlocked:              16 kB
SwapTotal:       4194300 kB
SwapFree:        3990520 kB
Zswap:                 0 kB
Zswapped:              0 kB
Dirty:               556 kB
Writeback:             0 kB
AnonPages:       3207672 kB
Mapped:           268596 kB
Shmem:             54452 kB
KReclaimable:      57172 kB
Slab:             284412 kB
SReclaimable:      57172 kB
SUnreclaim:       227240 kB
KernelStack:       18304 kB
PageTables:        49048 kB
SecPageTables:         0 kB
NFS_Unstable:          0 kB
Bounce:                0 kB
WritebackTmp:          0 kB
CommitLimit:     8258920 kB
Committed_AS:   11409076 kB
VmallocTotal:   34359738367 kB
VmallocUsed:       46520 kB
VmallocChunk:          0 kB
Percpu:            13280 kB
HardwareCorrupted:     0 kB
AnonHugePages:   1396736 kB
ShmemHugePages:        0 kB
ShmemPmdMapped:        0 kB
FileHugePages:         0 kB
FilePmdMapped:         0 kB
CmaTotal:              0 kB
CmaFree:               0 kB
Unaccepted:            0 kB
Balloon:               0 kB
HugePages_Total:       0
HugePages_Free:        0
HugePages_Rsvd:        0
HugePages_Surp:        0
Hugepagesize:       2048 kB
Hugetlb:               0 kB
DirectMap4k:      194432 kB
DirectMap2M:     6096896 kB
DirectMap1G:     4194304 kB
---SNAPSHOT---
2026-04-27 15:10:37
MemTotal:        8129240 kB
MemFree:         3734012 kB
MemAvailable:    3467428 kB
Buffers:            5088 kB
Cached:           314080 kB
SwapCached:        66272 kB
Active:          3179788 kB
Inactive:         534264 kB
Active(anon):    3071176 kB
Inactive(anon):   378132 kB
Active(file):     108612 kB
Inactive(file):   156132 kB
Unevictable:          16 kB
Mlocked:              16 kB
SwapTotal:       4194300 kB
SwapFree:        3990520 kB
Zswap:                 0 kB
Zswapped:              0 kB
Dirty:               560 kB
Writeback:             0 kB
AnonPages:       3331664 kB
Mapped:           268368 kB
Shmem:             54452 kB
KReclaimable:      57172 kB
Slab:             284412 kB
SReclaimable:      57172 kB
SUnreclaim:       227240 kB
KernelStack:       18320 kB
PageTables:        49404 kB
SecPageTables:         0 kB
NFS_Unstable:          0 kB
Bounce:                0 kB
WritebackTmp:          0 kB
CommitLimit:     8258920 kB
Committed_AS:   11409472 kB
VmallocTotal:   34359738367 kB
VmallocUsed:       46520 kB
VmallocChunk:          0 kB
Percpu:            13280 kB
HardwareCorrupted:     0 kB
AnonHugePages:   1288192 kB
ShmemHugePages:        0 kB
ShmemPmdMapped:        0 kB
FileHugePages:         0 kB
FilePmdMapped:         0 kB
CmaTotal:              0 kB
CmaFree:               0 kB
Unaccepted:            0 kB
Balloon:               0 kB
HugePages_Total:       0
HugePages_Free:        0
HugePages_Rsvd:        0
HugePages_Surp:        0
Hugepagesize:       2048 kB
Hugetlb:               0 kB
DirectMap4k:      194432 kB
DirectMap2M:     6096896 kB
DirectMap1G:     4194304 kB
---SNAPSHOT---
2026-04-27 15:10:38
MemTotal:        8129240 kB
MemFree:         4723596 kB
MemAvailable:    4457024 kB
Buffers:            5088 kB
Cached:           314096 kB
SwapCached:        66272 kB
Active:          2160420 kB
Inactive:         534284 kB
Active(anon):    2051808 kB
Inactive(anon):   378132 kB
Active(file):     108612 kB
Inactive(file):   156152 kB
Unevictable:          16 kB
Mlocked:              16 kB
SwapTotal:       4194300 kB
SwapFree:        3990520 kB
Zswap:                 0 kB
Zswapped:              0 kB
Dirty:               568 kB
Writeback:             0 kB
AnonPages:       2312180 kB
Mapped:           268368 kB
Shmem:             54452 kB
KReclaimable:      57172 kB
Slab:             284408 kB
SReclaimable:      57172 kB
SUnreclaim:       227236 kB
KernelStack:       18348 kB
PageTables:        47172 kB
SecPageTables:         0 kB
NFS_Unstable:          0 kB
Bounce:                0 kB
WritebackTmp:          0 kB
CommitLimit:     8258920 kB
Committed_AS:   11409712 kB
VmallocTotal:   34359738367 kB
VmallocUsed:       46552 kB
VmallocChunk:          0 kB
Percpu:            13280 kB
HardwareCorrupted:     0 kB
AnonHugePages:    823296 kB
ShmemHugePages:        0 kB
ShmemPmdMapped:        0 kB
FileHugePages:         0 kB
FilePmdMapped:         0 kB
CmaTotal:              0 kB
CmaFree:               0 kB
Unaccepted:            0 kB
Balloon:               0 kB
HugePages_Total:       0
HugePages_Free:        0
HugePages_Rsvd:        0
HugePages_Surp:        0
Hugepagesize:       2048 kB
Hugetlb:               0 kB
DirectMap4k:      194432 kB
DirectMap2M:     6096896 kB
DirectMap1G:     4194304 kB
---SNAPSHOT---
2026-04-27 15:10:39
MemTotal:        8129240 kB
MemFree:         3713908 kB
MemAvailable:    3447336 kB
Buffers:            5088 kB
Cached:           314100 kB
SwapCached:        66272 kB
Active:          3225292 kB
Inactive:         534288 kB
Active(anon):    3116680 kB
Inactive(anon):   378132 kB
Active(file):     108612 kB
Inactive(file):   156156 kB
Unevictable:          16 kB
Mlocked:              16 kB
SwapTotal:       4194300 kB
SwapFree:        3990520 kB
Zswap:                 0 kB
Zswapped:              0 kB
Dirty:               572 kB
Writeback:             0 kB
AnonPages:       3377004 kB
Mapped:           268448 kB
Shmem:             54452 kB
KReclaimable:      57172 kB
Slab:             284408 kB
SReclaimable:      57172 kB
SUnreclaim:       227236 kB
KernelStack:       18304 kB
PageTables:        48996 kB
SecPageTables:         0 kB
NFS_Unstable:          0 kB
Bounce:                0 kB
WritebackTmp:          0 kB
CommitLimit:     8258920 kB
Committed_AS:   11408968 kB
VmallocTotal:   34359738367 kB
VmallocUsed:       46520 kB
VmallocChunk:          0 kB
Percpu:            13280 kB
HardwareCorrupted:     0 kB
AnonHugePages:   1888256 kB
ShmemHugePages:        0 kB
ShmemPmdMapped:        0 kB
FileHugePages:         0 kB
FilePmdMapped:         0 kB
CmaTotal:              0 kB
CmaFree:               0 kB
Unaccepted:            0 kB
Balloon:               0 kB
HugePages_Total:       0
HugePages_Free:        0
HugePages_Rsvd:        0
HugePages_Surp:        0
Hugepagesize:       2048 kB
Hugetlb:               0 kB
DirectMap4k:      194432 kB
DirectMap2M:     6096896 kB
DirectMap1G:     4194304 kB
---SNAPSHOT---
2026-04-27 15:10:40
MemTotal:        8129240 kB
MemFree:         3956164 kB
MemAvailable:    3689596 kB
Buffers:            5088 kB
Cached:           314108 kB
SwapCached:       128060 kB
Active:          2902460 kB
Inactive:         594488 kB
Active(anon):    2793848 kB
Inactive(anon):   438324 kB
Active(file):     108612 kB
Inactive(file):   156164 kB
Unevictable:          16 kB
Mlocked:              16 kB
SwapTotal:       4194300 kB
SwapFree:        3928568 kB
Zswap:                 0 kB
Zswapped:              0 kB
Dirty:               580 kB
Writeback:          1368 kB
AnonPages:       3054616 kB
Mapped:           268368 kB
Shmem:             54452 kB
KReclaimable:      57172 kB
Slab:             284408 kB
SReclaimable:      57172 kB
SUnreclaim:       227236 kB
KernelStack:       18304 kB
PageTables:        50252 kB
SecPageTables:         0 kB
NFS_Unstable:          0 kB
Bounce:                0 kB
WritebackTmp:          0 kB
CommitLimit:     8258920 kB
Committed_AS:   11409332 kB
VmallocTotal:   34359738367 kB
VmallocUsed:       46536 kB
VmallocChunk:          0 kB
Percpu:            13280 kB
HardwareCorrupted:     0 kB
AnonHugePages:   1564672 kB
ShmemHugePages:        0 kB
ShmemPmdMapped:        0 kB
FileHugePages:         0 kB
FilePmdMapped:         0 kB
CmaTotal:              0 kB
CmaFree:               0 kB
Unaccepted:            0 kB
Balloon:               0 kB
HugePages_Total:       0
HugePages_Free:        0
HugePages_Rsvd:        0
HugePages_Surp:        0
Hugepagesize:       2048 kB
Hugetlb:               0 kB
DirectMap4k:      194432 kB
DirectMap2M:     6096896 kB
DirectMap1G:     4194304 kB
---SNAPSHOT---
2026-04-27 15:10:41
MemTotal:        8129240 kB
MemFree:         4058428 kB
MemAvailable:    3791864 kB
Buffers:            5088 kB
Cached:           314112 kB
SwapCached:       408740 kB
Active:          2476204 kB
Inactive:         876644 kB
Active(anon):    2367592 kB
Inactive(anon):   720476 kB
Active(file):     108612 kB
Inactive(file):   156168 kB
Unevictable:          16 kB
Mlocked:              16 kB
SwapTotal:       4194300 kB
SwapFree:        3648216 kB
Zswap:                 0 kB
Zswapped:              0 kB
Dirty:               584 kB
Writeback:            84 kB
AnonPages:       2628140 kB
Mapped:           268368 kB
Shmem:             54452 kB
KReclaimable:      57172 kB
Slab:             284464 kB
SReclaimable:      57172 kB
SUnreclaim:       227292 kB
KernelStack:       18380 kB
PageTables:        49824 kB
SecPageTables:         0 kB
NFS_Unstable:          0 kB
Bounce:                0 kB
WritebackTmp:          0 kB
CommitLimit:     8258920 kB
Committed_AS:   11409604 kB
VmallocTotal:   34359738367 kB
VmallocUsed:       46568 kB
VmallocChunk:          0 kB
Percpu:            13280 kB
HardwareCorrupted:     0 kB
AnonHugePages:   1140736 kB
ShmemHugePages:        0 kB
ShmemPmdMapped:        0 kB
FileHugePages:         0 kB
FilePmdMapped:         0 kB
CmaTotal:              0 kB
CmaFree:               0 kB
Unaccepted:            0 kB
Balloon:               0 kB
HugePages_Total:       0
HugePages_Free:        0
HugePages_Rsvd:        0
HugePages_Surp:        0
Hugepagesize:       2048 kB
Hugetlb:               0 kB
DirectMap4k:      194432 kB
DirectMap2M:     6096896 kB
DirectMap1G:     4194304 kB
---SNAPSHOT---
2026-04-27 15:10:42
MemTotal:        8129240 kB
MemFree:         4007768 kB
MemAvailable:    3741204 kB
Buffers:            5096 kB
Cached:           314108 kB
SwapCached:        66272 kB
Active:          2864784 kB
Inactive:         534304 kB
Active(anon):    2756172 kB
Inactive(anon):   378132 kB
Active(file):     108612 kB
Inactive(file):   156172 kB
Unevictable:          16 kB
Mlocked:              16 kB
SwapTotal:       4194300 kB
SwapFree:        3990520 kB
Zswap:                 0 kB
Zswapped:              0 kB
Dirty:               588 kB
Writeback:             0 kB
AnonPages:       3016696 kB
Mapped:           268596 kB
Shmem:             54452 kB
KReclaimable:      57172 kB
Slab:             284416 kB
SReclaimable:      57172 kB
SUnreclaim:       227244 kB
KernelStack:       18348 kB
PageTables:        48600 kB
SecPageTables:         0 kB
NFS_Unstable:          0 kB
Bounce:                0 kB
WritebackTmp:          0 kB
CommitLimit:     8258920 kB
Committed_AS:   11409252 kB
VmallocTotal:   34359738367 kB
VmallocUsed:       46552 kB
VmallocChunk:          0 kB
Percpu:            13280 kB
HardwareCorrupted:     0 kB
AnonHugePages:   1527808 kB
ShmemHugePages:        0 kB
ShmemPmdMapped:        0 kB
FileHugePages:         0 kB
FilePmdMapped:         0 kB
CmaTotal:              0 kB
CmaFree:               0 kB
Unaccepted:            0 kB
Balloon:               0 kB
HugePages_Total:       0
HugePages_Free:        0
HugePages_Rsvd:        0
HugePages_Surp:        0
Hugepagesize:       2048 kB
Hugetlb:               0 kB
DirectMap4k:      194432 kB
DirectMap2M:     6096896 kB
DirectMap1G:     4194304 kB
---SNAPSHOT---
2026-04-27 15:10:43
MemTotal:        8129240 kB
MemFree:         4206576 kB
MemAvailable:    3940024 kB
Buffers:            5100 kB
Cached:           314124 kB
SwapCached:        66272 kB
Active:          2626516 kB
Inactive:         534324 kB
Active(anon):    2517904 kB
Inactive(anon):   378132 kB
Active(file):     108612 kB
Inactive(file):   156192 kB
Unevictable:          16 kB
Mlocked:              16 kB
SwapTotal:       4194300 kB
SwapFree:        3990520 kB
Zswap:                 0 kB
Zswapped:              0 kB
Dirty:               188 kB
Writeback:             0 kB
AnonPages:       2778292 kB
Mapped:           268368 kB
Shmem:             54452 kB
KReclaimable:      57172 kB
Slab:             284416 kB
SReclaimable:      57172 kB
SUnreclaim:       227244 kB
KernelStack:       18348 kB
PageTables:        48212 kB
SecPageTables:         0 kB
NFS_Unstable:          0 kB
Bounce:                0 kB
WritebackTmp:          0 kB
CommitLimit:     8258920 kB
Committed_AS:   11409220 kB
VmallocTotal:   34359738367 kB
VmallocUsed:       46536 kB
VmallocChunk:          0 kB
Percpu:            13280 kB
HardwareCorrupted:     0 kB
AnonHugePages:   1290240 kB
ShmemHugePages:        0 kB
ShmemPmdMapped:        0 kB
FileHugePages:         0 kB
FilePmdMapped:         0 kB
CmaTotal:              0 kB
CmaFree:               0 kB
Unaccepted:            0 kB
Balloon:               0 kB
HugePages_Total:       0
HugePages_Free:        0
HugePages_Rsvd:        0
HugePages_Surp:        0
Hugepagesize:       2048 kB
Hugetlb:               0 kB
DirectMap4k:      194432 kB
DirectMap2M:     6096896 kB
DirectMap1G:     4194304 kB
---SNAPSHOT---
2026-04-27 15:10:44
MemTotal:        8129240 kB
MemFree:         3837072 kB
MemAvailable:    3570520 kB
Buffers:            5100 kB
Cached:           314128 kB
SwapCached:        66272 kB
Active:          3044208 kB
Inactive:         534328 kB
Active(anon):    2935596 kB
Inactive(anon):   378132 kB
Active(file):     108612 kB
Inactive(file):   156196 kB
Unevictable:          16 kB
Mlocked:              16 kB
SwapTotal:       4194300 kB
SwapFree:        3990520 kB
Zswap:                 0 kB
Zswapped:              0 kB
Dirty:               192 kB
Writeback:             0 kB
AnonPages:       3195848 kB
Mapped:           268368 kB
Shmem:             54452 kB
KReclaimable:      57172 kB
Slab:             284416 kB
SReclaimable:      57172 kB
SUnreclaim:       227244 kB
KernelStack:       18304 kB
PageTables:        48712 kB
SecPageTables:         0 kB
NFS_Unstable:          0 kB
Bounce:                0 kB
WritebackTmp:          0 kB
CommitLimit:     8258920 kB
Committed_AS:   11408992 kB
VmallocTotal:   34359738367 kB
VmallocUsed:       46520 kB
VmallocChunk:          0 kB
Percpu:            13280 kB
HardwareCorrupted:     0 kB
AnonHugePages:   1708032 kB
ShmemHugePages:        0 kB
ShmemPmdMapped:        0 kB
FileHugePages:         0 kB
FilePmdMapped:         0 kB
CmaTotal:              0 kB
CmaFree:               0 kB
Unaccepted:            0 kB
Balloon:               0 kB
HugePages_Total:       0
HugePages_Free:        0
HugePages_Rsvd:        0
HugePages_Surp:        0
Hugepagesize:       2048 kB
Hugetlb:               0 kB
DirectMap4k:      194432 kB
DirectMap2M:     6096896 kB
DirectMap1G:     4194304 kB
---SNAPSHOT---
2026-04-27 15:10:45
MemTotal:        8129240 kB
MemFree:         4082544 kB
MemAvailable:    3815996 kB
Buffers:            5100 kB
Cached:           314136 kB
SwapCached:        66272 kB
Active:          2806772 kB
Inactive:         534336 kB
Active(anon):    2698160 kB
Inactive(anon):   378132 kB
Active(file):     108612 kB
Inactive(file):   156204 kB
Unevictable:          16 kB
Mlocked:              16 kB
SwapTotal:       4194300 kB
SwapFree:        3990520 kB
Zswap:                 0 kB
Zswapped:              0 kB
Dirty:               200 kB
Writeback:             0 kB
AnonPages:       2958568 kB
Mapped:           268596 kB
Shmem:             54452 kB
KReclaimable:      57172 kB
Slab:             284416 kB
SReclaimable:      57172 kB
SUnreclaim:       227244 kB
KernelStack:       18320 kB
PageTables:        48128 kB
SecPageTables:         0 kB
NFS_Unstable:          0 kB
Bounce:                0 kB
WritebackTmp:          0 kB
CommitLimit:     8258920 kB
Committed_AS:   11409000 kB
VmallocTotal:   34359738367 kB
VmallocUsed:       46520 kB
VmallocChunk:          0 kB
Percpu:            13280 kB
HardwareCorrupted:     0 kB
AnonHugePages:   1470464 kB
ShmemHugePages:        0 kB
ShmemPmdMapped:        0 kB
FileHugePages:         0 kB
FilePmdMapped:         0 kB
CmaTotal:              0 kB
CmaFree:               0 kB
Unaccepted:            0 kB
Balloon:               0 kB
HugePages_Total:       0
HugePages_Free:        0
HugePages_Rsvd:        0
HugePages_Surp:        0
Hugepagesize:       2048 kB
Hugetlb:               0 kB
DirectMap4k:      194432 kB
DirectMap2M:     6096896 kB
DirectMap1G:     4194304 kB
---SNAPSHOT---
2026-04-27 15:10:46
MemTotal:        8129240 kB
MemFree:         3666864 kB
MemAvailable:    3400320 kB
Buffers:            5100 kB
Cached:           314140 kB
SwapCached:        89300 kB
Active:          3198088 kB
Inactive:         556000 kB
Active(anon):    3089476 kB
Inactive(anon):   399792 kB
Active(file):     108612 kB
Inactive(file):   156208 kB
Unevictable:          16 kB
Mlocked:              16 kB
SwapTotal:       4194300 kB
SwapFree:        3967308 kB
Zswap:                 0 kB
Zswapped:              0 kB
Dirty:               204 kB
Writeback:          1140 kB
AnonPages:       3350364 kB
Mapped:           268368 kB
Shmem:             54452 kB
KReclaimable:      57172 kB
Slab:             284416 kB
SReclaimable:      57172 kB
SUnreclaim:       227244 kB
KernelStack:       18364 kB
PageTables:        49004 kB
SecPageTables:         0 kB
NFS_Unstable:          0 kB
Bounce:                0 kB
WritebackTmp:          0 kB
CommitLimit:     8258920 kB
Committed_AS:   11409472 kB
VmallocTotal:   34359738367 kB
VmallocUsed:       46536 kB
VmallocChunk:          0 kB
Percpu:            13280 kB
HardwareCorrupted:     0 kB
AnonHugePages:   1861632 kB
ShmemHugePages:        0 kB
ShmemPmdMapped:        0 kB
FileHugePages:         0 kB
FilePmdMapped:         0 kB
CmaTotal:              0 kB
CmaFree:               0 kB
Unaccepted:            0 kB
Balloon:               0 kB
HugePages_Total:       0
HugePages_Free:        0
HugePages_Rsvd:        0
HugePages_Surp:        0
Hugepagesize:       2048 kB
Hugetlb:               0 kB
DirectMap4k:      194432 kB
DirectMap2M:     6096896 kB
DirectMap1G:     4194304 kB
---SNAPSHOT---
2026-04-27 15:10:47
MemTotal:        8129240 kB
MemFree:         3885296 kB
MemAvailable:    3618756 kB
Buffers:            5112 kB
Cached:           314140 kB
SwapCached:       287644 kB
Active:          2790644 kB
Inactive:         750200 kB
Active(anon):    2682032 kB
Inactive(anon):   593984 kB
Active(file):     108612 kB
Inactive(file):   156216 kB
Unevictable:          16 kB
Mlocked:              16 kB
SwapTotal:       4194300 kB
SwapFree:        3769000 kB
Zswap:                 0 kB
Zswapped:              0 kB
Dirty:               212 kB
Writeback:          5436 kB
AnonPages:       2939512 kB
Mapped:           268468 kB
Shmem:             54452 kB
KReclaimable:      57172 kB
Slab:             285008 kB
SReclaimable:      57172 kB
SUnreclaim:       227836 kB
KernelStack:       18332 kB
PageTables:        48704 kB
SecPageTables:         0 kB
NFS_Unstable:          0 kB
Bounce:                0 kB
WritebackTmp:          0 kB
CommitLimit:     8258920 kB
Committed_AS:   11409496 kB
VmallocTotal:   34359738367 kB
VmallocUsed:       46520 kB
VmallocChunk:          0 kB
Percpu:            13280 kB
HardwareCorrupted:     0 kB
AnonHugePages:   1449984 kB
ShmemHugePages:        0 kB
ShmemPmdMapped:        0 kB
FileHugePages:         0 kB
FilePmdMapped:         0 kB
CmaTotal:              0 kB
CmaFree:               0 kB
Unaccepted:            0 kB
Balloon:               0 kB
HugePages_Total:       0
HugePages_Free:        0
HugePages_Rsvd:        0
HugePages_Surp:        0
Hugepagesize:       2048 kB
Hugetlb:               0 kB
DirectMap4k:      194432 kB
DirectMap2M:     6096896 kB
DirectMap1G:     4194304 kB
---SNAPSHOT---
2026-04-27 15:10:49
MemTotal:        8129240 kB
MemFree:         3757796 kB
MemAvailable:    3491272 kB
Buffers:            5116 kB
Cached:           314164 kB
SwapCached:       670272 kB
Active:          2539984 kB
Inactive:        1126088 kB
Active(anon):    2431372 kB
Inactive(anon):   969840 kB
Active(file):     108612 kB
Inactive(file):   156248 kB
Unevictable:          16 kB
Mlocked:              16 kB
SwapTotal:       4194300 kB
SwapFree:        3386408 kB
Zswap:                 0 kB
Zswapped:              0 kB
Dirty:                24 kB
Writeback:         12040 kB
AnonPages:       2681576 kB
Mapped:           268368 kB
Shmem:             54452 kB
KReclaimable:      57172 kB
Slab:             285192 kB
SReclaimable:      57172 kB
SUnreclaim:       228020 kB
KernelStack:       18304 kB
PageTables:        48984 kB
SecPageTables:         0 kB
NFS_Unstable:          0 kB
Bounce:                0 kB
WritebackTmp:          0 kB
CommitLimit:     8258920 kB
Committed_AS:   11409576 kB
VmallocTotal:   34359738367 kB
VmallocUsed:       46536 kB
VmallocChunk:          0 kB
Percpu:            13280 kB
HardwareCorrupted:     0 kB
AnonHugePages:   1191936 kB
ShmemHugePages:        0 kB
ShmemPmdMapped:        0 kB
FileHugePages:         0 kB
FilePmdMapped:         0 kB
CmaTotal:              0 kB
CmaFree:               0 kB
Unaccepted:            0 kB
Balloon:               0 kB
HugePages_Total:       0
HugePages_Free:        0
HugePages_Rsvd:        0
HugePages_Surp:        0
Hugepagesize:       2048 kB
Hugetlb:               0 kB
DirectMap4k:      194432 kB
DirectMap2M:     6096896 kB
DirectMap1G:     4194304 kB
---SNAPSHOT---
2026-04-27 15:10:50
MemTotal:        8129240 kB
MemFree:         4182264 kB
MemAvailable:    3915740 kB
Buffers:            5116 kB
Cached:           314168 kB
SwapCached:        82672 kB
Active:          2719424 kB
Inactive:         539260 kB
Active(anon):    2610812 kB
Inactive(anon):   383008 kB
Active(file):     108612 kB
Inactive(file):   156252 kB
Unevictable:          16 kB
Mlocked:              16 kB
SwapTotal:       4194300 kB
SwapFree:        3974136 kB
Zswap:                 0 kB
Zswapped:              0 kB
Dirty:                40 kB
Writeback:         11268 kB
AnonPages:       2860204 kB
Mapped:           268368 kB
Shmem:             54452 kB
KReclaimable:      57172 kB
Slab:             285128 kB
SReclaimable:      57172 kB
SUnreclaim:       227956 kB
KernelStack:       18320 kB
PageTables:        48360 kB
SecPageTables:         0 kB
NFS_Unstable:          0 kB
Bounce:                0 kB
WritebackTmp:          0 kB
CommitLimit:     8258920 kB
Committed_AS:   11409148 kB
VmallocTotal:   34359738367 kB
VmallocUsed:       46552 kB
VmallocChunk:          0 kB
Percpu:            13280 kB
HardwareCorrupted:     0 kB
AnonHugePages:   1372160 kB
ShmemHugePages:        0 kB
ShmemPmdMapped:        0 kB
FileHugePages:         0 kB
FilePmdMapped:         0 kB
CmaTotal:              0 kB
CmaFree:               0 kB
Unaccepted:            0 kB
Balloon:               0 kB
HugePages_Total:       0
HugePages_Free:        0
HugePages_Rsvd:        0
HugePages_Surp:        0
Hugepagesize:       2048 kB
Hugetlb:               0 kB
DirectMap4k:      194432 kB
DirectMap2M:     6096896 kB
DirectMap1G:     4194304 kB
---SNAPSHOT---
2026-04-27 15:10:51
MemTotal:        8129240 kB
MemFree:         4458500 kB
MemAvailable:    4191980 kB
Buffers:            5116 kB
Cached:           314176 kB
SwapCached:        82656 kB
Active:          2390964 kB
Inactive:         547120 kB
Active(anon):    2282352 kB
Inactive(anon):   390860 kB
Active(file):     108612 kB
Inactive(file):   156260 kB
Unevictable:          16 kB
Mlocked:              16 kB
SwapTotal:       4194300 kB
SwapFree:        3974136 kB
Zswap:                 0 kB
Zswapped:              0 kB
Dirty:                48 kB
Writeback:          3800 kB
AnonPages:       2538900 kB
Mapped:           268368 kB
Shmem:             54452 kB
KReclaimable:      57172 kB
Slab:             284792 kB
SReclaimable:      57172 kB
SUnreclaim:       227620 kB
KernelStack:       18304 kB
PageTables:        48940 kB
SecPageTables:         0 kB
NFS_Unstable:          0 kB
Bounce:                0 kB
WritebackTmp:          0 kB
CommitLimit:     8258920 kB
Committed_AS:   11409384 kB
VmallocTotal:   34359738367 kB
VmallocUsed:       46536 kB
VmallocChunk:          0 kB
Percpu:            13280 kB
HardwareCorrupted:     0 kB
AnonHugePages:   1050624 kB
ShmemHugePages:        0 kB
ShmemPmdMapped:        0 kB
FileHugePages:         0 kB
FilePmdMapped:         0 kB
CmaTotal:              0 kB
CmaFree:               0 kB
Unaccepted:            0 kB
Balloon:               0 kB
HugePages_Total:       0
HugePages_Free:        0
HugePages_Rsvd:        0
HugePages_Surp:        0
Hugepagesize:       2048 kB
Hugetlb:               0 kB
DirectMap4k:      194432 kB
DirectMap2M:     6096896 kB
DirectMap1G:     4194304 kB
---SNAPSHOT---
2026-04-27 15:10:52
MemTotal:        8129240 kB
MemFree:         3485196 kB
MemAvailable:    3218680 kB
Buffers:            5116 kB
Cached:           314180 kB
SwapCached:        82656 kB
Active:          3398944 kB
Inactive:         550628 kB
Active(anon):    3290332 kB
Inactive(anon):   394364 kB
Active(file):     108612 kB
Inactive(file):   156264 kB
Unevictable:          16 kB
Mlocked:              16 kB
SwapTotal:       4194300 kB
SwapFree:        3974136 kB
Zswap:                 0 kB
Zswapped:              0 kB
Dirty:                52 kB
Writeback:           108 kB
AnonPages:       3550636 kB
Mapped:           268368 kB
Shmem:             54452 kB
KReclaimable:      57172 kB
Slab:             284608 kB
SReclaimable:      57172 kB
SUnreclaim:       227436 kB
KernelStack:       18304 kB
PageTables:        50256 kB
SecPageTables:         0 kB
NFS_Unstable:          0 kB
Bounce:                0 kB
WritebackTmp:          0 kB
CommitLimit:     8258920 kB
Committed_AS:   11409716 kB
VmallocTotal:   34359738367 kB
VmallocUsed:       46520 kB
VmallocChunk:          0 kB
Percpu:            13280 kB
HardwareCorrupted:     0 kB
AnonHugePages:   2062336 kB
ShmemHugePages:        0 kB
ShmemPmdMapped:        0 kB
FileHugePages:         0 kB
FilePmdMapped:         0 kB
CmaTotal:              0 kB
CmaFree:               0 kB
Unaccepted:            0 kB
Balloon:               0 kB
HugePages_Total:       0
HugePages_Free:        0
HugePages_Rsvd:        0
HugePages_Surp:        0
Hugepagesize:       2048 kB
Hugetlb:               0 kB
DirectMap4k:      194432 kB
DirectMap2M:     6096896 kB
DirectMap1G:     4194304 kB
---SNAPSHOT---
2026-04-27 15:10:53
MemTotal:        8129240 kB
MemFree:         4392704 kB
MemAvailable:    4126192 kB
Buffers:            5124 kB
Cached:           314184 kB
SwapCached:        82656 kB
Active:          2493880 kB
Inactive:         550776 kB
Active(anon):    2385268 kB
Inactive(anon):   394500 kB
Active(file):     108612 kB
Inactive(file):   156276 kB
Unevictable:          16 kB
Mlocked:              16 kB
SwapTotal:       4194300 kB
SwapFree:        3974136 kB
Zswap:                 0 kB
Zswapped:              0 kB
Dirty:                72 kB
Writeback:             0 kB
AnonPages:       2645880 kB
Mapped:           268368 kB
Shmem:             54452 kB
KReclaimable:      57172 kB
Slab:             284416 kB
SReclaimable:      57172 kB
SUnreclaim:       227244 kB
KernelStack:       18364 kB
PageTables:        48328 kB
SecPageTables:         0 kB
NFS_Unstable:          0 kB
Bounce:                0 kB
WritebackTmp:          0 kB
CommitLimit:     8258920 kB
Committed_AS:   11409376 kB
VmallocTotal:   34359738367 kB
VmallocUsed:       46552 kB
VmallocChunk:          0 kB
Percpu:            13280 kB
HardwareCorrupted:     0 kB
AnonHugePages:   1157120 kB
ShmemHugePages:        0 kB
ShmemPmdMapped:        0 kB
FileHugePages:         0 kB
FilePmdMapped:         0 kB
CmaTotal:              0 kB
CmaFree:               0 kB
Unaccepted:            0 kB
Balloon:               0 kB
HugePages_Total:       0
HugePages_Free:        0
HugePages_Rsvd:        0
HugePages_Surp:        0
Hugepagesize:       2048 kB
Hugetlb:               0 kB
DirectMap4k:      194432 kB
DirectMap2M:     6096896 kB
DirectMap1G:     4194304 kB
---SNAPSHOT---
2026-04-27 15:10:54
MemTotal:        8129240 kB
MemFree:         4014560 kB
MemAvailable:    3748052 kB
Buffers:            5124 kB
Cached:           314192 kB
SwapCached:        82656 kB
Active:          2876832 kB
Inactive:         550800 kB
Active(anon):    2768220 kB
Inactive(anon):   394516 kB
Active(file):     108612 kB
Inactive(file):   156284 kB
Unevictable:          16 kB
Mlocked:              16 kB
SwapTotal:       4194300 kB
SwapFree:        3974136 kB
Zswap:                 0 kB
Zswapped:              0 kB
Dirty:                80 kB
Writeback:             0 kB
AnonPages:       3028628 kB
Mapped:           268368 kB
Shmem:             54452 kB
KReclaimable:      57172 kB
Slab:             284416 kB
SReclaimable:      57172 kB
SUnreclaim:       227244 kB
KernelStack:       18304 kB
PageTables:        48760 kB
SecPageTables:         0 kB
NFS_Unstable:          0 kB
Bounce:                0 kB
WritebackTmp:          0 kB
CommitLimit:     8258920 kB
Committed_AS:   11409472 kB
VmallocTotal:   34359738367 kB
VmallocUsed:       46520 kB
VmallocChunk:          0 kB
Percpu:            13280 kB
HardwareCorrupted:     0 kB
AnonHugePages:   1540096 kB
ShmemHugePages:        0 kB
ShmemPmdMapped:        0 kB
FileHugePages:         0 kB
FilePmdMapped:         0 kB
CmaTotal:              0 kB
CmaFree:               0 kB
Unaccepted:            0 kB
Balloon:               0 kB
HugePages_Total:       0
HugePages_Free:        0
HugePages_Rsvd:        0
HugePages_Surp:        0
Hugepagesize:       2048 kB
Hugetlb:               0 kB
DirectMap4k:      194432 kB
DirectMap2M:     6096896 kB
DirectMap1G:     4194304 kB
---SNAPSHOT---
2026-04-27 15:10:55
MemTotal:        8129240 kB
MemFree:         4248692 kB
MemAvailable:    3982188 kB
Buffers:            5124 kB
Cached:           314196 kB
SwapCached:        82656 kB
Active:          2607776 kB
Inactive:         550804 kB
Active(anon):    2499164 kB
Inactive(anon):   394516 kB
Active(file):     108612 kB
Inactive(file):   156288 kB
Unevictable:          16 kB
Mlocked:              16 kB
SwapTotal:       4194300 kB
SwapFree:        3974136 kB
Zswap:                 0 kB
Zswapped:              0 kB
Dirty:                80 kB
Writeback:             0 kB
AnonPages:       2759688 kB
Mapped:           268368 kB
Shmem:             54452 kB
KReclaimable:      57172 kB
Slab:             284416 kB
SReclaimable:      57172 kB
SUnreclaim:       227244 kB
KernelStack:       18304 kB
PageTables:        48712 kB
SecPageTables:         0 kB
NFS_Unstable:          0 kB
Bounce:                0 kB
WritebackTmp:          0 kB
CommitLimit:     8258920 kB
Committed_AS:   11409460 kB
VmallocTotal:   34359738367 kB
VmallocUsed:       46504 kB
VmallocChunk:          0 kB
Percpu:            13280 kB
HardwareCorrupted:     0 kB
AnonHugePages:   1257472 kB
ShmemHugePages:        0 kB
ShmemPmdMapped:        0 kB
FileHugePages:         0 kB
FilePmdMapped:         0 kB
CmaTotal:              0 kB
CmaFree:               0 kB
Unaccepted:            0 kB
Balloon:               0 kB
HugePages_Total:       0
HugePages_Free:        0
HugePages_Rsvd:        0
HugePages_Surp:        0
Hugepagesize:       2048 kB
Hugetlb:               0 kB
DirectMap4k:      194432 kB
DirectMap2M:     6096896 kB
DirectMap1G:     4194304 kB
---SNAPSHOT---
2026-04-27 15:10:56
MemTotal:        8129240 kB
MemFree:         4486544 kB
MemAvailable:    4220044 kB
Buffers:            5124 kB
Cached:           314204 kB
SwapCached:        82656 kB
Active:          2324860 kB
Inactive:         550812 kB
Active(anon):    2216248 kB
Inactive(anon):   394516 kB
Active(file):     108612 kB
Inactive(file):   156296 kB
Unevictable:          16 kB
Mlocked:              16 kB
SwapTotal:       4194300 kB
SwapFree:        3974136 kB
Zswap:                 0 kB
Zswapped:              0 kB
Dirty:                88 kB
Writeback:             0 kB
AnonPages:       2476796 kB
Mapped:           268368 kB
Shmem:             54452 kB
KReclaimable:      57172 kB
Slab:             284416 kB
SReclaimable:      57172 kB
SUnreclaim:       227244 kB
KernelStack:       18304 kB
PageTables:        47368 kB
SecPageTables:         0 kB
NFS_Unstable:          0 kB
Bounce:                0 kB
WritebackTmp:          0 kB
CommitLimit:     8258920 kB
Committed_AS:   11409164 kB
VmallocTotal:   34359738367 kB
VmallocUsed:       46504 kB
VmallocChunk:          0 kB
Percpu:            13280 kB
HardwareCorrupted:     0 kB
AnonHugePages:    757760 kB
ShmemHugePages:        0 kB
ShmemPmdMapped:        0 kB
FileHugePages:         0 kB
FilePmdMapped:         0 kB
CmaTotal:              0 kB
CmaFree:               0 kB
Unaccepted:            0 kB
Balloon:               0 kB
HugePages_Total:       0
HugePages_Free:        0
HugePages_Rsvd:        0
HugePages_Surp:        0
Hugepagesize:       2048 kB
Hugetlb:               0 kB
DirectMap4k:      194432 kB
DirectMap2M:     6096896 kB
DirectMap1G:     4194304 kB
---SNAPSHOT---
2026-04-27 15:10:57
MemTotal:        8129240 kB
MemFree:         3512704 kB
MemAvailable:    3246208 kB
Buffers:            5124 kB
Cached:           314212 kB
SwapCached:        82656 kB
Active:          3352228 kB
Inactive:         550820 kB
Active(anon):    3243616 kB
Inactive(anon):   394516 kB
Active(file):     108612 kB
Inactive(file):   156304 kB
Unevictable:          16 kB
Mlocked:              16 kB
SwapTotal:       4194300 kB
SwapFree:        3974136 kB
Zswap:                 0 kB
Zswapped:              0 kB
Dirty:                96 kB
Writeback:             0 kB
AnonPages:       3504100 kB
Mapped:           268368 kB
Shmem:             54452 kB
KReclaimable:      57172 kB
Slab:             284416 kB
SReclaimable:      57172 kB
SUnreclaim:       227244 kB
KernelStack:       18304 kB
PageTables:        49428 kB
SecPageTables:         0 kB
NFS_Unstable:          0 kB
Bounce:                0 kB
WritebackTmp:          0 kB
CommitLimit:     8258920 kB
Committed_AS:   11409588 kB
VmallocTotal:   34359738367 kB
VmallocUsed:       46520 kB
VmallocChunk:          0 kB
Percpu:            13280 kB
HardwareCorrupted:     0 kB
AnonHugePages:   1556480 kB
ShmemHugePages:        0 kB
ShmemPmdMapped:        0 kB
FileHugePages:         0 kB
FilePmdMapped:         0 kB
CmaTotal:              0 kB
CmaFree:               0 kB
Unaccepted:            0 kB
Balloon:               0 kB
HugePages_Total:       0
HugePages_Free:        0
HugePages_Rsvd:        0
HugePages_Surp:        0
Hugepagesize:       2048 kB
Hugetlb:               0 kB
DirectMap4k:      194432 kB
DirectMap2M:     6096896 kB
DirectMap1G:     4194304 kB
---SNAPSHOT---
2026-04-27 15:10:58
MemTotal:        8129240 kB
MemFree:         4400688 kB
MemAvailable:    4134196 kB
Buffers:            5132 kB
Cached:           314220 kB
SwapCached:        82656 kB
Active:          2434304 kB
Inactive:         550828 kB
Active(anon):    2325692 kB
Inactive(anon):   394516 kB
Active(file):     108612 kB
Inactive(file):   156312 kB
Unevictable:          16 kB
Mlocked:              16 kB
SwapTotal:       4194300 kB
SwapFree:        3974136 kB
Zswap:                 0 kB
Zswapped:              0 kB
Dirty:               104 kB
Writeback:             0 kB
AnonPages:       2586316 kB
Mapped:           268368 kB
Shmem:             54452 kB
KReclaimable:      57172 kB
Slab:             284416 kB
SReclaimable:      57172 kB
SUnreclaim:       227244 kB
KernelStack:       18320 kB
PageTables:        47628 kB
SecPageTables:         0 kB
NFS_Unstable:          0 kB
Bounce:                0 kB
WritebackTmp:          0 kB
CommitLimit:     8258920 kB
Committed_AS:   11409224 kB
VmallocTotal:   34359738367 kB
VmallocUsed:       46488 kB
VmallocChunk:          0 kB
Percpu:            13280 kB
HardwareCorrupted:     0 kB
AnonHugePages:   1097728 kB
ShmemHugePages:        0 kB
ShmemPmdMapped:        0 kB
FileHugePages:         0 kB
FilePmdMapped:         0 kB
CmaTotal:              0 kB
CmaFree:               0 kB
Unaccepted:            0 kB
Balloon:               0 kB
HugePages_Total:       0
HugePages_Free:        0
HugePages_Rsvd:        0
HugePages_Surp:        0
Hugepagesize:       2048 kB
Hugetlb:               0 kB
DirectMap4k:      194432 kB
DirectMap2M:     6096896 kB
DirectMap1G:     4194304 kB
---SNAPSHOT---
2026-04-27 15:10:59
MemTotal:        8129240 kB
MemFree:         3998964 kB
MemAvailable:    3732480 kB
Buffers:            5132 kB
Cached:           314228 kB
SwapCached:        82656 kB
Active:          2845804 kB
Inactive:         550844 kB
Active(anon):    2737192 kB
Inactive(anon):   394516 kB
Active(file):     108612 kB
Inactive(file):   156328 kB
Unevictable:          16 kB
Mlocked:              16 kB
SwapTotal:       4194300 kB
SwapFree:        3974136 kB
Zswap:                 0 kB
Zswapped:              0 kB
Dirty:               112 kB
Writeback:             0 kB
AnonPages:       2997680 kB
Mapped:           268368 kB
Shmem:             54452 kB
KReclaimable:      57172 kB
Slab:             284416 kB
SReclaimable:      57172 kB
SUnreclaim:       227244 kB
KernelStack:       18304 kB
PageTables:        48500 kB
SecPageTables:         0 kB
NFS_Unstable:          0 kB
Bounce:                0 kB
WritebackTmp:          0 kB
CommitLimit:     8258920 kB
Committed_AS:   11409824 kB
VmallocTotal:   34359738367 kB
VmallocUsed:       46472 kB
VmallocChunk:          0 kB
Percpu:            13280 kB
HardwareCorrupted:     0 kB
AnonHugePages:   1509376 kB
ShmemHugePages:        0 kB
ShmemPmdMapped:        0 kB
FileHugePages:         0 kB
FilePmdMapped:         0 kB
CmaTotal:              0 kB
CmaFree:               0 kB
Unaccepted:            0 kB
Balloon:               0 kB
HugePages_Total:       0
HugePages_Free:        0
HugePages_Rsvd:        0
HugePages_Surp:        0
Hugepagesize:       2048 kB
Hugetlb:               0 kB
DirectMap4k:      194432 kB
DirectMap2M:     6096896 kB
DirectMap1G:     4194304 kB
---SNAPSHOT---
2026-04-27 15:11:00
MemTotal:        8129240 kB
MemFree:         3609768 kB
MemAvailable:    3339188 kB
Buffers:            5132 kB
Cached:           314232 kB
SwapCached:        82656 kB
Active:          3228716 kB
Inactive:         550844 kB
Active(anon):    3120104 kB
Inactive(anon):   394516 kB
Active(file):     108612 kB
Inactive(file):   156328 kB
Unevictable:          16 kB
Mlocked:              16 kB
SwapTotal:       4194300 kB
SwapFree:        3974136 kB
Zswap:                 0 kB
Zswapped:              0 kB
Dirty:               116 kB
Writeback:             0 kB
AnonPages:       3380660 kB
Mapped:           268368 kB
Shmem:             54452 kB
KReclaimable:      57172 kB
Slab:             284416 kB
SReclaimable:      57172 kB
SUnreclaim:       227244 kB
KernelStack:       18304 kB
PageTables:        49480 kB
SecPageTables:         0 kB
NFS_Unstable:          0 kB
Bounce:                0 kB
WritebackTmp:          0 kB
CommitLimit:     8258920 kB
Committed_AS:   11409260 kB
VmallocTotal:   34359738367 kB
VmallocUsed:       46520 kB
VmallocChunk:          0 kB
Percpu:            13280 kB
HardwareCorrupted:     0 kB
AnonHugePages:   1892352 kB
ShmemHugePages:        0 kB
ShmemPmdMapped:        0 kB
FileHugePages:         0 kB
FilePmdMapped:         0 kB
CmaTotal:              0 kB
CmaFree:               0 kB
Unaccepted:            0 kB
Balloon:               0 kB
HugePages_Total:       0
HugePages_Free:        0
HugePages_Rsvd:        0
HugePages_Surp:        0
Hugepagesize:       2048 kB
Hugetlb:               0 kB
DirectMap4k:      194432 kB
DirectMap2M:     6096896 kB
DirectMap1G:     4194304 kB
---SNAPSHOT---
2026-04-27 15:11:01
MemTotal:        8129240 kB
MemFree:         4512372 kB
MemAvailable:    4245892 kB
Buffers:            5132 kB
Cached:           314240 kB
SwapCached:        82656 kB
Active:          2362580 kB
Inactive:         550856 kB
Active(anon):    2253968 kB
Inactive(anon):   394516 kB
Active(file):     108612 kB
Inactive(file):   156340 kB
Unevictable:          16 kB
Mlocked:              16 kB
SwapTotal:       4194300 kB
SwapFree:        3974136 kB
Zswap:                 0 kB
Zswapped:              0 kB
Dirty:               124 kB
Writeback:             0 kB
AnonPages:       2514596 kB
Mapped:           268368 kB
Shmem:             54452 kB
KReclaimable:      57172 kB
Slab:             284416 kB
SReclaimable:      57172 kB
SUnreclaim:       227244 kB
KernelStack:       18304 kB
PageTables:        47648 kB
SecPageTables:         0 kB
NFS_Unstable:          0 kB
Bounce:                0 kB
WritebackTmp:          0 kB
CommitLimit:     8258920 kB
Committed_AS:   11409332 kB
VmallocTotal:   34359738367 kB
VmallocUsed:       46488 kB
VmallocChunk:          0 kB
Percpu:            13280 kB
HardwareCorrupted:     0 kB
AnonHugePages:   1026048 kB
ShmemHugePages:        0 kB
ShmemPmdMapped:        0 kB
FileHugePages:         0 kB
FilePmdMapped:         0 kB
CmaTotal:              0 kB
CmaFree:               0 kB
Unaccepted:            0 kB
Balloon:               0 kB
HugePages_Total:       0
HugePages_Free:        0
HugePages_Rsvd:        0
HugePages_Surp:        0
Hugepagesize:       2048 kB
Hugetlb:               0 kB
DirectMap4k:      194432 kB
DirectMap2M:     6096896 kB
DirectMap1G:     4194304 kB
---SNAPSHOT---
2026-04-27 15:11:02
MemTotal:        8129240 kB
MemFree:         3490872 kB
MemAvailable:    3224508 kB
Buffers:            5400 kB
Cached:           314204 kB
SwapCached:        82656 kB
Active:          3392684 kB
Inactive:         551088 kB
Active(anon):    3284072 kB
Inactive(anon):   394516 kB
Active(file):     108612 kB
Inactive(file):   156572 kB
Unevictable:          16 kB
Mlocked:              16 kB
SwapTotal:       4194300 kB
SwapFree:        3974136 kB
Zswap:                 0 kB
Zswapped:              0 kB
Dirty:               128 kB
Writeback:             0 kB
AnonPages:       3544560 kB
Mapped:           268368 kB
Shmem:             54452 kB
KReclaimable:      57172 kB
Slab:             284416 kB
SReclaimable:      57172 kB
SUnreclaim:       227244 kB
KernelStack:       18304 kB
PageTables:        49704 kB
SecPageTables:         0 kB
NFS_Unstable:          0 kB
Bounce:                0 kB
WritebackTmp:          0 kB
CommitLimit:     8258920 kB
Committed_AS:   11409084 kB
VmallocTotal:   34359738367 kB
VmallocUsed:       46472 kB
VmallocChunk:          0 kB
Percpu:            13280 kB
HardwareCorrupted:     0 kB
AnonHugePages:   2056192 kB
ShmemHugePages:        0 kB
ShmemPmdMapped:        0 kB
FileHugePages:         0 kB
FilePmdMapped:         0 kB
CmaTotal:              0 kB
CmaFree:               0 kB
Unaccepted:            0 kB
Balloon:               0 kB
HugePages_Total:       0
HugePages_Free:        0
HugePages_Rsvd:        0
HugePages_Surp:        0
Hugepagesize:       2048 kB
Hugetlb:               0 kB
DirectMap4k:      194432 kB
DirectMap2M:     6096896 kB
DirectMap1G:     4194304 kB
---SNAPSHOT---
2026-04-27 15:11:03
MemTotal:        8129240 kB
MemFree:         4340624 kB
MemAvailable:    4074284 kB
Buffers:            5408 kB
Cached:           314248 kB
SwapCached:        82656 kB
Active:          2524272 kB
Inactive:         551132 kB
Active(anon):    2415660 kB
Inactive(anon):   394516 kB
Active(file):     108612 kB
Inactive(file):   156616 kB
Unevictable:          16 kB
Mlocked:              16 kB
SwapTotal:       4194300 kB
SwapFree:        3974136 kB
Zswap:                 0 kB
Zswapped:              0 kB
Dirty:               132 kB
Writeback:             0 kB
AnonPages:       2676152 kB
Mapped:           268368 kB
Shmem:             54452 kB
KReclaimable:      57172 kB
Slab:             284416 kB
SReclaimable:      57172 kB
SUnreclaim:       227244 kB
KernelStack:       18304 kB
PageTables:        48012 kB
SecPageTables:         0 kB
NFS_Unstable:          0 kB
Bounce:                0 kB
WritebackTmp:          0 kB
CommitLimit:     8258920 kB
Committed_AS:   11409260 kB
VmallocTotal:   34359738367 kB
VmallocUsed:       46488 kB
VmallocChunk:          0 kB
Percpu:            13280 kB
HardwareCorrupted:     0 kB
AnonHugePages:   1187840 kB
ShmemHugePages:        0 kB
ShmemPmdMapped:        0 kB
FileHugePages:         0 kB
FilePmdMapped:         0 kB
CmaTotal:              0 kB
CmaFree:               0 kB
Unaccepted:            0 kB
Balloon:               0 kB
HugePages_Total:       0
HugePages_Free:        0
HugePages_Rsvd:        0
HugePages_Surp:        0
Hugepagesize:       2048 kB
Hugetlb:               0 kB
DirectMap4k:      194432 kB
DirectMap2M:     6096896 kB
DirectMap1G:     4194304 kB
---SNAPSHOT---
2026-04-27 15:11:04
MemTotal:        8129240 kB
MemFree:         3949632 kB
MemAvailable:    3683300 kB
Buffers:            5408 kB
Cached:           314256 kB
SwapCached:        82656 kB
Active:          2942408 kB
Inactive:         551148 kB
Active(anon):    2833796 kB
Inactive(anon):   394516 kB
Active(file):     108612 kB
Inactive(file):   156632 kB
Unevictable:          16 kB
Mlocked:              16 kB
SwapTotal:       4194300 kB
SwapFree:        3974136 kB
Zswap:                 0 kB
Zswapped:              0 kB
Dirty:               140 kB
Writeback:             0 kB
AnonPages:       3094408 kB
Mapped:           268368 kB
Shmem:             54452 kB
KReclaimable:      57172 kB
Slab:             284416 kB
SReclaimable:      57172 kB
SUnreclaim:       227244 kB
KernelStack:       18364 kB
PageTables:        48972 kB
SecPageTables:         0 kB
NFS_Unstable:          0 kB
Bounce:                0 kB
WritebackTmp:          0 kB
CommitLimit:     8258920 kB
Committed_AS:   11409492 kB
VmallocTotal:   34359738367 kB
VmallocUsed:       46552 kB
VmallocChunk:          0 kB
Percpu:            13280 kB
HardwareCorrupted:     0 kB
AnonHugePages:   1605632 kB
ShmemHugePages:        0 kB
ShmemPmdMapped:        0 kB
FileHugePages:         0 kB
FilePmdMapped:         0 kB
CmaTotal:              0 kB
CmaFree:               0 kB
Unaccepted:            0 kB
Balloon:               0 kB
HugePages_Total:       0
HugePages_Free:        0
HugePages_Rsvd:        0
HugePages_Surp:        0
Hugepagesize:       2048 kB
Hugetlb:               0 kB
DirectMap4k:      194432 kB
DirectMap2M:     6096896 kB
DirectMap1G:     4194304 kB
---SNAPSHOT---
2026-04-27 15:11:05
MemTotal:        8129240 kB
MemFree:         3993416 kB
MemAvailable:    3727084 kB
Buffers:            5408 kB
Cached:           314260 kB
SwapCached:        82656 kB
Active:          2902864 kB
Inactive:         551152 kB
Active(anon):    2794252 kB
Inactive(anon):   394516 kB
Active(file):     108612 kB
Inactive(file):   156636 kB
Unevictable:          16 kB
Mlocked:              16 kB
SwapTotal:       4194300 kB
SwapFree:        3974136 kB
Zswap:                 0 kB
Zswapped:              0 kB
Dirty:               144 kB
Writeback:             0 kB
AnonPages:       3054612 kB
Mapped:           268368 kB
Shmem:             54452 kB
KReclaimable:      57172 kB
Slab:             284420 kB
SReclaimable:      57172 kB
SUnreclaim:       227248 kB
KernelStack:       18304 kB
PageTables:        48912 kB
SecPageTables:         0 kB
NFS_Unstable:          0 kB
Bounce:                0 kB
WritebackTmp:          0 kB
CommitLimit:     8258920 kB
Committed_AS:   11409332 kB
VmallocTotal:   34359738367 kB
VmallocUsed:       46520 kB
VmallocChunk:          0 kB
Percpu:            13280 kB
HardwareCorrupted:     0 kB
AnonHugePages:   1566720 kB
ShmemHugePages:        0 kB
ShmemPmdMapped:        0 kB
FileHugePages:         0 kB
FilePmdMapped:         0 kB
CmaTotal:              0 kB
CmaFree:               0 kB
Unaccepted:            0 kB
Balloon:               0 kB
HugePages_Total:       0
HugePages_Free:        0
HugePages_Rsvd:        0
HugePages_Surp:        0
Hugepagesize:       2048 kB
Hugetlb:               0 kB
DirectMap4k:      194432 kB
DirectMap2M:     6096896 kB
DirectMap1G:     4194304 kB
---SNAPSHOT---
2026-04-27 15:11:06
MemTotal:        8129240 kB
MemFree:         4087936 kB
MemAvailable:    3821608 kB
Buffers:            5408 kB
Cached:           314268 kB
SwapCached:        82656 kB
Active:          2823084 kB
Inactive:         551160 kB
Active(anon):    2714472 kB
Inactive(anon):   394516 kB
Active(file):     108612 kB
Inactive(file):   156644 kB
Unevictable:          16 kB
Mlocked:              16 kB
SwapTotal:       4194300 kB
SwapFree:        3974136 kB
Zswap:                 0 kB
Zswapped:              0 kB
Dirty:               152 kB
Writeback:             0 kB
AnonPages:       2974992 kB
Mapped:           268368 kB
Shmem:             54452 kB
KReclaimable:      57172 kB
Slab:             284420 kB
SReclaimable:      57172 kB
SUnreclaim:       227248 kB
KernelStack:       18304 kB
PageTables:        48664 kB
SecPageTables:         0 kB
NFS_Unstable:          0 kB
Bounce:                0 kB
WritebackTmp:          0 kB
CommitLimit:     8258920 kB
Committed_AS:   11409492 kB
VmallocTotal:   34359738367 kB
VmallocUsed:       46520 kB
VmallocChunk:          0 kB
Percpu:            13280 kB
HardwareCorrupted:     0 kB
AnonHugePages:   1484800 kB
ShmemHugePages:        0 kB
ShmemPmdMapped:        0 kB
FileHugePages:         0 kB
FilePmdMapped:         0 kB
CmaTotal:              0 kB
CmaFree:               0 kB
Unaccepted:            0 kB
Balloon:               0 kB
HugePages_Total:       0
HugePages_Free:        0
HugePages_Rsvd:        0
HugePages_Surp:        0
Hugepagesize:       2048 kB
Hugetlb:               0 kB
DirectMap4k:      194432 kB
DirectMap2M:     6096896 kB
DirectMap1G:     4194304 kB
---SNAPSHOT---
2026-04-27 15:11:07
MemTotal:        8129240 kB
MemFree:         3288672 kB
MemAvailable:    3022348 kB
Buffers:            5408 kB
Cached:           314272 kB
SwapCached:        82656 kB
Active:          3626004 kB
Inactive:         551164 kB
Active(anon):    3517392 kB
Inactive(anon):   394516 kB
Active(file):     108612 kB
Inactive(file):   156648 kB
Unevictable:          16 kB
Mlocked:              16 kB
SwapTotal:       4194300 kB
SwapFree:        3974136 kB
Zswap:                 0 kB
Zswapped:              0 kB
Dirty:               156 kB
Writeback:             0 kB
AnonPages:       3777860 kB
Mapped:           268368 kB
Shmem:             54452 kB
KReclaimable:      57172 kB
Slab:             284424 kB
SReclaimable:      57172 kB
SUnreclaim:       227252 kB
KernelStack:       18288 kB
PageTables:        50692 kB
SecPageTables:         0 kB
NFS_Unstable:          0 kB
Bounce:                0 kB
WritebackTmp:          0 kB
CommitLimit:     8258920 kB
Committed_AS:   11409476 kB
VmallocTotal:   34359738367 kB
VmallocUsed:       46536 kB
VmallocChunk:          0 kB
Percpu:            13280 kB
HardwareCorrupted:     0 kB
AnonHugePages:   2287616 kB
ShmemHugePages:        0 kB
ShmemPmdMapped:        0 kB
FileHugePages:         0 kB
FilePmdMapped:         0 kB
CmaTotal:              0 kB
CmaFree:               0 kB
Unaccepted:            0 kB
Balloon:               0 kB
HugePages_Total:       0
HugePages_Free:        0
HugePages_Rsvd:        0
HugePages_Surp:        0
Hugepagesize:       2048 kB
Hugetlb:               0 kB
DirectMap4k:      194432 kB
DirectMap2M:     6096896 kB
DirectMap1G:     4194304 kB
---SNAPSHOT---
2026-04-27 15:11:08
MemTotal:        8129240 kB
MemFree:         4259464 kB
MemAvailable:    3993140 kB
Buffers:            5416 kB
Cached:           314276 kB
SwapCached:        82656 kB
Active:          2624288 kB
Inactive:         551168 kB
Active(anon):    2515676 kB
Inactive(anon):   394516 kB
Active(file):     108612 kB
Inactive(file):   156652 kB
Unevictable:          16 kB
Mlocked:              16 kB
SwapTotal:       4194300 kB
SwapFree:        3974136 kB
Zswap:                 0 kB
Zswapped:              0 kB
Dirty:               160 kB
Writeback:             0 kB
AnonPages:       2776476 kB
Mapped:           268368 kB
Shmem:             54452 kB
KReclaimable:      57172 kB
Slab:             284424 kB
SReclaimable:      57172 kB
SUnreclaim:       227252 kB
KernelStack:       18364 kB
PageTables:        49256 kB
SecPageTables:         0 kB
NFS_Unstable:          0 kB
Bounce:                0 kB
WritebackTmp:          0 kB
CommitLimit:     8258920 kB
Committed_AS:   11409224 kB
VmallocTotal:   34359738367 kB
VmallocUsed:       46568 kB
VmallocChunk:          0 kB
Percpu:            13280 kB
HardwareCorrupted:     0 kB
AnonHugePages:   1095680 kB
ShmemHugePages:        0 kB
ShmemPmdMapped:        0 kB
FileHugePages:         0 kB
FilePmdMapped:         0 kB
CmaTotal:              0 kB
CmaFree:               0 kB
Unaccepted:            0 kB
Balloon:               0 kB
HugePages_Total:       0
HugePages_Free:        0
HugePages_Rsvd:        0
HugePages_Surp:        0
Hugepagesize:       2048 kB
Hugetlb:               0 kB
DirectMap4k:      194432 kB
DirectMap2M:     6096896 kB
DirectMap1G:     4194304 kB
---SNAPSHOT---
2026-04-27 15:11:09
MemTotal:        8129240 kB
MemFree:         3902200 kB
MemAvailable:    3635884 kB
Buffers:            5416 kB
Cached:           314284 kB
SwapCached:        82656 kB
Active:          2992980 kB
Inactive:         551180 kB
Active(anon):    2884368 kB
Inactive(anon):   394516 kB
Active(file):     108612 kB
Inactive(file):   156664 kB
Unevictable:          16 kB
Mlocked:              16 kB
SwapTotal:       4194300 kB
SwapFree:        3974136 kB
Zswap:                 0 kB
Zswapped:              0 kB
Dirty:               168 kB
Writeback:             0 kB
AnonPages:       3144944 kB
Mapped:           268368 kB
Shmem:             54452 kB
KReclaimable:      57172 kB
Slab:             284424 kB
SReclaimable:      57172 kB
SUnreclaim:       227252 kB
KernelStack:       18320 kB
PageTables:        49700 kB
SecPageTables:         0 kB
NFS_Unstable:          0 kB
Bounce:                0 kB
WritebackTmp:          0 kB
CommitLimit:     8258920 kB
Committed_AS:   11409224 kB
VmallocTotal:   34359738367 kB
VmallocUsed:       46536 kB
VmallocChunk:          0 kB
Percpu:            13280 kB
HardwareCorrupted:     0 kB
AnonHugePages:   1230848 kB
ShmemHugePages:        0 kB
ShmemPmdMapped:        0 kB
FileHugePages:         0 kB
FilePmdMapped:         0 kB
CmaTotal:              0 kB
CmaFree:               0 kB
Unaccepted:            0 kB
Balloon:               0 kB
HugePages_Total:       0
HugePages_Free:        0
HugePages_Rsvd:        0
HugePages_Surp:        0
Hugepagesize:       2048 kB
Hugetlb:               0 kB
DirectMap4k:      194432 kB
DirectMap2M:     6096896 kB
DirectMap1G:     4194304 kB
---SNAPSHOT---
2026-04-27 15:11:10
MemTotal:        8129240 kB
MemFree:         3981932 kB
MemAvailable:    3715620 kB
Buffers:            5416 kB
Cached:           314288 kB
SwapCached:        82656 kB
Active:          2819220 kB
Inactive:         551188 kB
Active(anon):    2710608 kB
Inactive(anon):   394516 kB
Active(file):     108612 kB
Inactive(file):   156672 kB
Unevictable:          16 kB
Mlocked:              16 kB
SwapTotal:       4194300 kB
SwapFree:        3974136 kB
Zswap:                 0 kB
Zswapped:              0 kB
Dirty:               172 kB
Writeback:             0 kB
AnonPages:       2967624 kB
Mapped:           268368 kB
Shmem:             54452 kB
KReclaimable:      57172 kB
Slab:             284424 kB
SReclaimable:      57172 kB
SUnreclaim:       227252 kB
KernelStack:       18304 kB
PageTables:        49800 kB
SecPageTables:         0 kB
NFS_Unstable:          0 kB
Bounce:                0 kB
WritebackTmp:          0 kB
CommitLimit:     8258920 kB
Committed_AS:   11409332 kB
VmallocTotal:   34359738367 kB
VmallocUsed:       46536 kB
VmallocChunk:          0 kB
Percpu:            13280 kB
HardwareCorrupted:     0 kB
AnonHugePages:   1382400 kB
ShmemHugePages:        0 kB
ShmemPmdMapped:        0 kB
FileHugePages:         0 kB
FilePmdMapped:         0 kB
CmaTotal:              0 kB
CmaFree:               0 kB
Unaccepted:            0 kB
Balloon:               0 kB
HugePages_Total:       0
HugePages_Free:        0
HugePages_Rsvd:        0
HugePages_Surp:        0
Hugepagesize:       2048 kB
Hugetlb:               0 kB
DirectMap4k:      194432 kB
DirectMap2M:     6096896 kB
DirectMap1G:     4194304 kB
---SNAPSHOT---
2026-04-27 15:11:11
MemTotal:        8129240 kB
MemFree:         4414472 kB
MemAvailable:    4148164 kB
Buffers:            5416 kB
Cached:           314296 kB
SwapCached:        82656 kB
Active:          2465544 kB
Inactive:         551196 kB
Active(anon):    2356932 kB
Inactive(anon):   394516 kB
Active(file):     108612 kB
Inactive(file):   156680 kB
Unevictable:          16 kB
Mlocked:              16 kB
SwapTotal:       4194300 kB
SwapFree:        3974136 kB
Zswap:                 0 kB
Zswapped:              0 kB
Dirty:               180 kB
Writeback:             0 kB
AnonPages:       2617264 kB
Mapped:           268368 kB
Shmem:             54452 kB
KReclaimable:      57172 kB
Slab:             284424 kB
SReclaimable:      57172 kB
SUnreclaim:       227252 kB
KernelStack:       18304 kB
PageTables:        47792 kB
SecPageTables:         0 kB
NFS_Unstable:          0 kB
Bounce:                0 kB
WritebackTmp:          0 kB
CommitLimit:     8258920 kB
Committed_AS:   11408840 kB
VmallocTotal:   34359738367 kB
VmallocUsed:       46504 kB
VmallocChunk:          0 kB
Percpu:            13280 kB
HardwareCorrupted:     0 kB
AnonHugePages:   1128448 kB
ShmemHugePages:        0 kB
ShmemPmdMapped:        0 kB
FileHugePages:         0 kB
FilePmdMapped:         0 kB
CmaTotal:              0 kB
CmaFree:               0 kB
Unaccepted:            0 kB
Balloon:               0 kB
HugePages_Total:       0
HugePages_Free:        0
HugePages_Rsvd:        0
HugePages_Surp:        0
Hugepagesize:       2048 kB
Hugetlb:               0 kB
DirectMap4k:      194432 kB
DirectMap2M:     6096896 kB
DirectMap1G:     4194304 kB
---SNAPSHOT---
2026-04-27 15:11:12
MemTotal:        8129240 kB
MemFree:         3383260 kB
MemAvailable:    3116952 kB
Buffers:            5416 kB
Cached:           314300 kB
SwapCached:        82656 kB
Active:          3501596 kB
Inactive:         551200 kB
Active(anon):    3392984 kB
Inactive(anon):   394516 kB
Active(file):     108612 kB
Inactive(file):   156684 kB
Unevictable:          16 kB
Mlocked:              16 kB
SwapTotal:       4194300 kB
SwapFree:        3974136 kB
Zswap:                 0 kB
Zswapped:              0 kB
Dirty:               184 kB
Writeback:             0 kB
AnonPages:       3653476 kB
Mapped:           268368 kB
Shmem:             54452 kB
KReclaimable:      57172 kB
Slab:             284424 kB
SReclaimable:      57172 kB
SUnreclaim:       227252 kB
KernelStack:       18320 kB
PageTables:        50160 kB
SecPageTables:         0 kB
NFS_Unstable:          0 kB
Bounce:                0 kB
WritebackTmp:          0 kB
CommitLimit:     8258920 kB
Committed_AS:   11409340 kB
VmallocTotal:   34359738367 kB
VmallocUsed:       46520 kB
VmallocChunk:          0 kB
Percpu:            13280 kB
HardwareCorrupted:     0 kB
AnonHugePages:   2164736 kB
ShmemHugePages:        0 kB
ShmemPmdMapped:        0 kB
FileHugePages:         0 kB
FilePmdMapped:         0 kB
CmaTotal:              0 kB
CmaFree:               0 kB
Unaccepted:            0 kB
Balloon:               0 kB
HugePages_Total:       0
HugePages_Free:        0
HugePages_Rsvd:        0
HugePages_Surp:        0
Hugepagesize:       2048 kB
Hugetlb:               0 kB
DirectMap4k:      194432 kB
DirectMap2M:     6096896 kB
DirectMap1G:     4194304 kB
---SNAPSHOT---
2026-04-27 15:11:13
MemTotal:        8129240 kB
MemFree:         4253028 kB
MemAvailable:    3986724 kB
Buffers:            5424 kB
Cached:           314304 kB
SwapCached:        82656 kB
Active:          2625032 kB
Inactive:         551204 kB
Active(anon):    2516420 kB
Inactive(anon):   394516 kB
Active(file):     108612 kB
Inactive(file):   156688 kB
Unevictable:          16 kB
Mlocked:              16 kB
SwapTotal:       4194300 kB
SwapFree:        3974136 kB
Zswap:                 0 kB
Zswapped:              0 kB
Dirty:               188 kB
Writeback:             0 kB
AnonPages:       2776684 kB
Mapped:           268368 kB
Shmem:             54452 kB
KReclaimable:      57172 kB
Slab:             284424 kB
SReclaimable:      57172 kB
SUnreclaim:       227252 kB
KernelStack:       18304 kB
PageTables:        48728 kB
SecPageTables:         0 kB
NFS_Unstable:          0 kB
Bounce:                0 kB
WritebackTmp:          0 kB
CommitLimit:     8258920 kB
Committed_AS:   11409824 kB
VmallocTotal:   34359738367 kB
VmallocUsed:       46520 kB
VmallocChunk:          0 kB
Percpu:            13280 kB
HardwareCorrupted:     0 kB
AnonHugePages:   1288192 kB
ShmemHugePages:        0 kB
ShmemPmdMapped:        0 kB
FileHugePages:         0 kB
FilePmdMapped:         0 kB
CmaTotal:              0 kB
CmaFree:               0 kB
Unaccepted:            0 kB
Balloon:               0 kB
HugePages_Total:       0
HugePages_Free:        0
HugePages_Rsvd:        0
HugePages_Surp:        0
Hugepagesize:       2048 kB
Hugetlb:               0 kB
DirectMap4k:      194432 kB
DirectMap2M:     6096896 kB
DirectMap1G:     4194304 kB
---SNAPSHOT---
2026-04-27 15:11:14
MemTotal:        8129240 kB
MemFree:         3835236 kB
MemAvailable:    3568940 kB
Buffers:            5424 kB
Cached:           314312 kB
SwapCached:        82656 kB
Active:          3044756 kB
Inactive:         551220 kB
Active(anon):    2936144 kB
Inactive(anon):   394516 kB
Active(file):     108612 kB
Inactive(file):   156704 kB
Unevictable:          16 kB
Mlocked:              16 kB
SwapTotal:       4194300 kB
SwapFree:        3974136 kB
Zswap:                 0 kB
Zswapped:              0 kB
Dirty:               196 kB
Writeback:             0 kB
AnonPages:       3196768 kB
Mapped:           268468 kB
Shmem:             54452 kB
KReclaimable:      57172 kB
Slab:             284424 kB
SReclaimable:      57172 kB
SUnreclaim:       227252 kB
KernelStack:       18304 kB
PageTables:        49340 kB
SecPageTables:         0 kB
NFS_Unstable:          0 kB
Bounce:                0 kB
WritebackTmp:          0 kB
CommitLimit:     8258920 kB
Committed_AS:   11409608 kB
VmallocTotal:   34359738367 kB
VmallocUsed:       46504 kB
VmallocChunk:          0 kB
Percpu:            13280 kB
HardwareCorrupted:     0 kB
AnonHugePages:   1708032 kB
ShmemHugePages:        0 kB
ShmemPmdMapped:        0 kB
FileHugePages:         0 kB
FilePmdMapped:         0 kB
CmaTotal:              0 kB
CmaFree:               0 kB
Unaccepted:            0 kB
Balloon:               0 kB
HugePages_Total:       0
HugePages_Free:        0
HugePages_Rsvd:        0
HugePages_Surp:        0
Hugepagesize:       2048 kB
Hugetlb:               0 kB
DirectMap4k:      194432 kB
DirectMap2M:     6096896 kB
DirectMap1G:     4194304 kB
---SNAPSHOT---
2026-04-27 15:11:15
MemTotal:        8129240 kB
MemFree:         4656648 kB
MemAvailable:    4390352 kB
Buffers:            5424 kB
Cached:           314316 kB
SwapCached:        82656 kB
Active:          2180520 kB
Inactive:         551224 kB
Active(anon):    2071908 kB
Inactive(anon):   394516 kB
Active(file):     108612 kB
Inactive(file):   156708 kB
Unevictable:          16 kB
Mlocked:              16 kB
SwapTotal:       4194300 kB
SwapFree:        3974136 kB
Zswap:                 0 kB
Zswapped:              0 kB
Dirty:               200 kB
Writeback:             0 kB
AnonPages:       2332368 kB
Mapped:           268140 kB
Shmem:             54452 kB
KReclaimable:      57172 kB
Slab:             284424 kB
SReclaimable:      57172 kB
SUnreclaim:       227252 kB
KernelStack:       18272 kB
PageTables:        47668 kB
SecPageTables:         0 kB
NFS_Unstable:          0 kB
Bounce:                0 kB
WritebackTmp:          0 kB
CommitLimit:     8258920 kB
Committed_AS:   11409092 kB
VmallocTotal:   34359738367 kB
VmallocUsed:       46456 kB
VmallocChunk:          0 kB
Percpu:            13280 kB
HardwareCorrupted:     0 kB
AnonHugePages:    843776 kB
ShmemHugePages:        0 kB
ShmemPmdMapped:        0 kB
FileHugePages:         0 kB
FilePmdMapped:         0 kB
CmaTotal:              0 kB
CmaFree:               0 kB
Unaccepted:            0 kB
Balloon:               0 kB
HugePages_Total:       0
HugePages_Free:        0
HugePages_Rsvd:        0
HugePages_Surp:        0
Hugepagesize:       2048 kB
Hugetlb:               0 kB
DirectMap4k:      194432 kB
DirectMap2M:     6096896 kB
DirectMap1G:     4194304 kB
---SNAPSHOT---
2026-04-27 15:11:16
MemTotal:        8129240 kB
MemFree:         4306080 kB
MemAvailable:    4039788 kB
Buffers:            5424 kB
Cached:           314324 kB
SwapCached:        82656 kB
Active:          2596016 kB
Inactive:         551232 kB
Active(anon):    2487404 kB
Inactive(anon):   394516 kB
Active(file):     108612 kB
Inactive(file):   156716 kB
Unevictable:          16 kB
Mlocked:              16 kB
SwapTotal:       4194300 kB
SwapFree:        3974136 kB
Zswap:                 0 kB
Zswapped:              0 kB
Dirty:               208 kB
Writeback:             0 kB
AnonPages:       2747980 kB
Mapped:           268368 kB
Shmem:             54452 kB
KReclaimable:      57172 kB
Slab:             284424 kB
SReclaimable:      57172 kB
SUnreclaim:       227252 kB
KernelStack:       18320 kB
PageTables:        48372 kB
SecPageTables:         0 kB
NFS_Unstable:          0 kB
Bounce:                0 kB
WritebackTmp:          0 kB
CommitLimit:     8258920 kB
