---SNAPSHOT---
2026-04-27 15:50:01
MemTotal:        8129240 kB
MemFree:         5328660 kB
MemAvailable:    5049700 kB
Buffers:            4140 kB
Cached:           281340 kB
SwapCached:            0 kB
Active:          1541232 kB
Inactive:         600608 kB
Active(anon):    1449084 kB
Inactive(anon):   446876 kB
Active(file):      92148 kB
Inactive(file):   153732 kB
Unevictable:           0 kB
Mlocked:               0 kB
SwapTotal:       4194300 kB
SwapFree:        4194300 kB
Zswap:                 0 kB
Zswapped:              0 kB
Dirty:               272 kB
Writeback:             0 kB
AnonPages:       1857488 kB
Mapped:           242696 kB
Shmem:             38824 kB
KReclaimable:      51744 kB
Slab:             278588 kB
SReclaimable:      51744 kB
SUnreclaim:       226844 kB
KernelStack:       17996 kB
PageTables:        45144 kB
SecPageTables:         0 kB
NFS_Unstable:          0 kB
Bounce:                0 kB
WritebackTmp:          0 kB
CommitLimit:     8258920 kB
Committed_AS:    8693724 kB
VmallocTotal:   34359738367 kB
VmallocUsed:       46264 kB
VmallocChunk:          0 kB
Percpu:            13280 kB
HardwareCorrupted:     0 kB
AnonHugePages:    194560 kB
ShmemHugePages:        0 kB
ShmemPmdMapped:        0 kB
FileHugePages:         0 kB
FilePmdMapped:         0 kB
CmaTotal:              0 kB
CmaFree:               0 kB
Unaccepted:            0 kB
Balloon:               0 kB
HugePages_Total:       0
HugePages_Free:        0
HugePages_Rsvd:        0
HugePages_Surp:        0
Hugepagesize:       2048 kB
Hugetlb:               0 kB
DirectMap4k:      194432 kB
DirectMap2M:     6096896 kB
DirectMap1G:     4194304 kB
---SNAPSHOT---
2026-04-27 15:50:02
MemTotal:        8129240 kB
MemFree:         5327232 kB
MemAvailable:    5049324 kB
Buffers:            4700 kB
Cached:           281752 kB
SwapCached:            0 kB
Active:          1543344 kB
Inactive:         601780 kB
Active(anon):    1450724 kB
Inactive(anon):   446876 kB
Active(file):      92620 kB
Inactive(file):   154904 kB
Unevictable:           0 kB
Mlocked:               0 kB
SwapTotal:       4194300 kB
SwapFree:        4194300 kB
Zswap:                 0 kB
Zswapped:              0 kB
Dirty:               296 kB
Writeback:             0 kB
AnonPages:       1859184 kB
Mapped:           242952 kB
Shmem:             38824 kB
KReclaimable:      51744 kB
Slab:             278588 kB
SReclaimable:      51744 kB
SUnreclaim:       226844 kB
KernelStack:       18032 kB
PageTables:        45448 kB
SecPageTables:         0 kB
NFS_Unstable:          0 kB
Bounce:                0 kB
WritebackTmp:          0 kB
CommitLimit:     8258920 kB
Committed_AS:    8696692 kB
VmallocTotal:   34359738367 kB
VmallocUsed:       46312 kB
VmallocChunk:          0 kB
Percpu:            13280 kB
HardwareCorrupted:     0 kB
AnonHugePages:    194560 kB
ShmemHugePages:        0 kB
ShmemPmdMapped:        0 kB
FileHugePages:         0 kB
FilePmdMapped:         0 kB
CmaTotal:              0 kB
CmaFree:               0 kB
Unaccepted:            0 kB
Balloon:               0 kB
HugePages_Total:       0
HugePages_Free:        0
HugePages_Rsvd:        0
HugePages_Surp:        0
Hugepagesize:       2048 kB
Hugetlb:               0 kB
DirectMap4k:      194432 kB
DirectMap2M:     6096896 kB
DirectMap1G:     4194304 kB
---SNAPSHOT---
2026-04-27 15:50:03
MemTotal:        8129240 kB
MemFree:         5325880 kB
MemAvailable:    5048420 kB
Buffers:            4708 kB
Cached:           281912 kB
SwapCached:            0 kB
Active:          1543012 kB
Inactive:         601912 kB
Active(anon):    1450248 kB
Inactive(anon):   446876 kB
Active(file):      92764 kB
Inactive(file):   155036 kB
Unevictable:           0 kB
Mlocked:               0 kB
SwapTotal:       4194300 kB
SwapFree:        4194300 kB
Zswap:                 0 kB
Zswapped:              0 kB
Dirty:               348 kB
Writeback:             0 kB
AnonPages:       1858440 kB
Mapped:           242952 kB
Shmem:             38824 kB
KReclaimable:      52368 kB
Slab:             279212 kB
SReclaimable:      52368 kB
SUnreclaim:       226844 kB
KernelStack:       18048 kB
PageTables:        45176 kB
SecPageTables:         0 kB
NFS_Unstable:          0 kB
Bounce:                0 kB
WritebackTmp:          0 kB
CommitLimit:     8258920 kB
Committed_AS:    8695100 kB
VmallocTotal:   34359738367 kB
VmallocUsed:       46280 kB
VmallocChunk:          0 kB
Percpu:            13280 kB
HardwareCorrupted:     0 kB
AnonHugePages:    194560 kB
ShmemHugePages:        0 kB
ShmemPmdMapped:        0 kB
FileHugePages:         0 kB
FilePmdMapped:         0 kB
CmaTotal:              0 kB
CmaFree:               0 kB
Unaccepted:            0 kB
Balloon:               0 kB
HugePages_Total:       0
HugePages_Free:        0
HugePages_Rsvd:        0
HugePages_Surp:        0
Hugepagesize:       2048 kB
Hugetlb:               0 kB
DirectMap4k:      194432 kB
DirectMap2M:     6096896 kB
DirectMap1G:     4194304 kB
---SNAPSHOT---
2026-04-27 15:50:04
MemTotal:        8129240 kB
MemFree:         5324392 kB
MemAvailable:    5048312 kB
Buffers:            5120 kB
Cached:           284476 kB
SwapCached:            0 kB
Active:          1545320 kB
Inactive:         602156 kB
Active(anon):    1450044 kB
Inactive(anon):   446876 kB
Active(file):      95276 kB
Inactive(file):   155280 kB
Unevictable:           0 kB
Mlocked:               0 kB
SwapTotal:       4194300 kB
SwapFree:        4194300 kB
Zswap:                 0 kB
Zswapped:              0 kB
Dirty:               356 kB
Writeback:             0 kB
AnonPages:       1858232 kB
Mapped:           243180 kB
Shmem:             38824 kB
KReclaimable:      52368 kB
Slab:             279212 kB
SReclaimable:      52368 kB
SUnreclaim:       226844 kB
KernelStack:       18000 kB
PageTables:        45180 kB
SecPageTables:         0 kB
NFS_Unstable:          0 kB
Bounce:                0 kB
WritebackTmp:          0 kB
CommitLimit:     8258920 kB
Committed_AS:    8702284 kB
VmallocTotal:   34359738367 kB
VmallocUsed:       46280 kB
VmallocChunk:          0 kB
Percpu:            13280 kB
HardwareCorrupted:     0 kB
AnonHugePages:    194560 kB
ShmemHugePages:        0 kB
ShmemPmdMapped:        0 kB
FileHugePages:         0 kB
FilePmdMapped:         0 kB
CmaTotal:              0 kB
CmaFree:               0 kB
Unaccepted:            0 kB
Balloon:               0 kB
HugePages_Total:       0
HugePages_Free:        0
HugePages_Rsvd:        0
HugePages_Surp:        0
Hugepagesize:       2048 kB
Hugetlb:               0 kB
DirectMap4k:      194432 kB
DirectMap2M:     6096896 kB
DirectMap1G:     4194304 kB
---SNAPSHOT---
2026-04-27 15:50:05
MemTotal:        8129240 kB
MemFree:         4546992 kB
MemAvailable:    4277268 kB
Buffers:            5532 kB
Cached:           312256 kB
SwapCached:            0 kB
Active:          2336416 kB
Inactive:         602976 kB
Active(anon):    2230828 kB
Inactive(anon):   446876 kB
Active(file):     105588 kB
Inactive(file):   156100 kB
Unevictable:          16 kB
Mlocked:              16 kB
SwapTotal:       4194300 kB
SwapFree:        4194300 kB
Zswap:                 0 kB
Zswapped:              0 kB
Dirty:               556 kB
Writeback:             0 kB
AnonPages:       2621832 kB
Mapped:           263744 kB
Shmem:             55976 kB
KReclaimable:      53952 kB
Slab:             280852 kB
SReclaimable:      53952 kB
SUnreclaim:       226900 kB
KernelStack:       18192 kB
PageTables:        47392 kB
SecPageTables:         0 kB
NFS_Unstable:          0 kB
Bounce:                0 kB
WritebackTmp:          0 kB
CommitLimit:     8258920 kB
Committed_AS:   11351936 kB
VmallocTotal:   34359738367 kB
VmallocUsed:       46376 kB
VmallocChunk:          0 kB
Percpu:            13280 kB
HardwareCorrupted:     0 kB
AnonHugePages:    950272 kB
ShmemHugePages:        0 kB
ShmemPmdMapped:        0 kB
FileHugePages:         0 kB
FilePmdMapped:         0 kB
CmaTotal:              0 kB
CmaFree:               0 kB
Unaccepted:            0 kB
Balloon:               0 kB
HugePages_Total:       0
HugePages_Free:        0
HugePages_Rsvd:        0
HugePages_Surp:        0
Hugepagesize:       2048 kB
Hugetlb:               0 kB
DirectMap4k:      194432 kB
DirectMap2M:     6096896 kB
DirectMap1G:     4194304 kB
---SNAPSHOT---
2026-04-27 15:50:06
MemTotal:        8129240 kB
MemFree:         3800296 kB
MemAvailable:    3531116 kB
Buffers:            5824 kB
Cached:           313108 kB
SwapCached:            0 kB
Active:          3082356 kB
Inactive:         603296 kB
Active(anon):    2975920 kB
Inactive(anon):   446876 kB
Active(file):     106436 kB
Inactive(file):   156420 kB
Unevictable:          16 kB
Mlocked:              16 kB
SwapTotal:       4194300 kB
SwapFree:        4194300 kB
Zswap:                 0 kB
Zswapped:              0 kB
Dirty:               636 kB
Writeback:             0 kB
AnonPages:       3366996 kB
Mapped:           263520 kB
Shmem:             55972 kB
KReclaimable:      53872 kB
Slab:             280820 kB
SReclaimable:      53872 kB
SUnreclaim:       226948 kB
KernelStack:       18192 kB
PageTables:        48488 kB
SecPageTables:         0 kB
NFS_Unstable:          0 kB
Bounce:                0 kB
WritebackTmp:          0 kB
CommitLimit:     8258920 kB
Committed_AS:   11350716 kB
VmallocTotal:   34359738367 kB
VmallocUsed:       46408 kB
VmallocChunk:          0 kB
Percpu:            13280 kB
HardwareCorrupted:     0 kB
AnonHugePages:   1695744 kB
ShmemHugePages:        0 kB
ShmemPmdMapped:        0 kB
FileHugePages:         0 kB
FilePmdMapped:         0 kB
CmaTotal:              0 kB
CmaFree:               0 kB
Unaccepted:            0 kB
Balloon:               0 kB
HugePages_Total:       0
HugePages_Free:        0
HugePages_Rsvd:        0
HugePages_Surp:        0
Hugepagesize:       2048 kB
Hugetlb:               0 kB
DirectMap4k:      194432 kB
DirectMap2M:     6096896 kB
DirectMap1G:     4194304 kB
---SNAPSHOT---
2026-04-27 15:50:07
MemTotal:        8129240 kB
MemFree:         3065348 kB
MemAvailable:    2796220 kB
Buffers:            5824 kB
Cached:           313112 kB
SwapCached:            0 kB
Active:          3822308 kB
Inactive:         603400 kB
Active(anon):    3715872 kB
Inactive(anon):   446876 kB
Active(file):     106436 kB
Inactive(file):   156524 kB
Unevictable:          16 kB
Mlocked:              16 kB
SwapTotal:       4194300 kB
SwapFree:        4194300 kB
Zswap:                 0 kB
Zswapped:              0 kB
Dirty:               640 kB
Writeback:             0 kB
AnonPages:       4106884 kB
Mapped:           263520 kB
Shmem:             55972 kB
KReclaimable:      53872 kB
Slab:             280808 kB
SReclaimable:      53872 kB
SUnreclaim:       226936 kB
KernelStack:       18208 kB
PageTables:        50700 kB
SecPageTables:         0 kB
NFS_Unstable:          0 kB
Bounce:                0 kB
WritebackTmp:          0 kB
CommitLimit:     8258920 kB
Committed_AS:   11352592 kB
VmallocTotal:   34359738367 kB
VmallocUsed:       46472 kB
VmallocChunk:          0 kB
Percpu:            13280 kB
HardwareCorrupted:     0 kB
AnonHugePages:   2435072 kB
ShmemHugePages:        0 kB
ShmemPmdMapped:        0 kB
FileHugePages:         0 kB
FilePmdMapped:         0 kB
CmaTotal:              0 kB
CmaFree:               0 kB
Unaccepted:            0 kB
Balloon:               0 kB
HugePages_Total:       0
HugePages_Free:        0
HugePages_Rsvd:        0
HugePages_Surp:        0
Hugepagesize:       2048 kB
Hugetlb:               0 kB
DirectMap4k:      194432 kB
DirectMap2M:     6096896 kB
DirectMap1G:     4194304 kB
---SNAPSHOT---
2026-04-27 15:50:08
MemTotal:        8129240 kB
MemFree:         4131312 kB
MemAvailable:    3862188 kB
Buffers:            5832 kB
Cached:           313112 kB
SwapCached:       421152 kB
Active:          2263332 kB
Inactive:        1000828 kB
Active(anon):    2156896 kB
Inactive(anon):   844300 kB
Active(file):     106436 kB
Inactive(file):   156528 kB
Unevictable:          16 kB
Mlocked:              16 kB
SwapTotal:       4194300 kB
SwapFree:        3773124 kB
Zswap:                 0 kB
Zswapped:              0 kB
Dirty:               644 kB
Writeback:          1124 kB
AnonPages:       2526180 kB
Mapped:           263520 kB
Shmem:             55972 kB
KReclaimable:      53872 kB
Slab:             280952 kB
SReclaimable:      53872 kB
SUnreclaim:       227080 kB
KernelStack:       18240 kB
PageTables:        47848 kB
SecPageTables:         0 kB
NFS_Unstable:          0 kB
Bounce:                0 kB
WritebackTmp:          0 kB
CommitLimit:     8258920 kB
Committed_AS:   11352480 kB
VmallocTotal:   34359738367 kB
VmallocUsed:       46488 kB
VmallocChunk:          0 kB
Percpu:            13280 kB
HardwareCorrupted:     0 kB
AnonHugePages:    854016 kB
ShmemHugePages:        0 kB
ShmemPmdMapped:        0 kB
FileHugePages:         0 kB
FilePmdMapped:         0 kB
CmaTotal:              0 kB
CmaFree:               0 kB
Unaccepted:            0 kB
Balloon:               0 kB
HugePages_Total:       0
HugePages_Free:        0
HugePages_Rsvd:        0
HugePages_Surp:        0
Hugepagesize:       2048 kB
Hugetlb:               0 kB
DirectMap4k:      194432 kB
DirectMap2M:     6096896 kB
DirectMap1G:     4194304 kB
---SNAPSHOT---
2026-04-27 15:50:09
MemTotal:        8129240 kB
MemFree:         3952492 kB
MemAvailable:    3683376 kB
Buffers:            5832 kB
Cached:           313124 kB
SwapCached:            0 kB
Active:          2917876 kB
Inactive:         581760 kB
Active(anon):    2811440 kB
Inactive(anon):   425216 kB
Active(file):     106436 kB
Inactive(file):   156544 kB
Unevictable:          16 kB
Mlocked:              16 kB
SwapTotal:       4194300 kB
SwapFree:        4194300 kB
Zswap:                 0 kB
Zswapped:              0 kB
Dirty:               712 kB
Writeback:             0 kB
AnonPages:       3180404 kB
Mapped:           263520 kB
Shmem:             55972 kB
KReclaimable:      53872 kB
Slab:             280824 kB
SReclaimable:      53872 kB
SUnreclaim:       226952 kB
KernelStack:       18192 kB
PageTables:        48152 kB
SecPageTables:         0 kB
NFS_Unstable:          0 kB
Bounce:                0 kB
WritebackTmp:          0 kB
CommitLimit:     8258920 kB
Committed_AS:   11351704 kB
VmallocTotal:   34359738367 kB
VmallocUsed:       46440 kB
VmallocChunk:          0 kB
Percpu:            13280 kB
HardwareCorrupted:     0 kB
AnonHugePages:   1509376 kB
ShmemHugePages:        0 kB
ShmemPmdMapped:        0 kB
FileHugePages:         0 kB
FilePmdMapped:         0 kB
CmaTotal:              0 kB
CmaFree:               0 kB
Unaccepted:            0 kB
Balloon:               0 kB
HugePages_Total:       0
HugePages_Free:        0
HugePages_Rsvd:        0
HugePages_Surp:        0
Hugepagesize:       2048 kB
Hugetlb:               0 kB
DirectMap4k:      194432 kB
DirectMap2M:     6096896 kB
DirectMap1G:     4194304 kB
---SNAPSHOT---
2026-04-27 15:50:10
MemTotal:        8129240 kB
MemFree:         3589488 kB
MemAvailable:    3320372 kB
Buffers:            5832 kB
Cached:           313128 kB
SwapCached:        64980 kB
Active:          3194092 kB
Inactive:         645144 kB
Active(anon):    3087656 kB
Inactive(anon):   488600 kB
Active(file):     106436 kB
Inactive(file):   156544 kB
Unevictable:          16 kB
Mlocked:              16 kB
SwapTotal:       4194300 kB
SwapFree:        4129276 kB
Zswap:                 0 kB
Zswapped:              0 kB
Dirty:               716 kB
Writeback:          1368 kB
AnonPages:       3456956 kB
Mapped:           263520 kB
Shmem:             55972 kB
KReclaimable:      53872 kB
Slab:             280800 kB
SReclaimable:      53872 kB
SUnreclaim:       226928 kB
KernelStack:       18192 kB
PageTables:        49084 kB
SecPageTables:         0 kB
NFS_Unstable:          0 kB
Bounce:                0 kB
WritebackTmp:          0 kB
CommitLimit:     8258920 kB
Committed_AS:   11351372 kB
VmallocTotal:   34359738367 kB
VmallocUsed:       46440 kB
VmallocChunk:          0 kB
Percpu:            13280 kB
HardwareCorrupted:     0 kB
AnonHugePages:   1767424 kB
ShmemHugePages:        0 kB
ShmemPmdMapped:        0 kB
FileHugePages:         0 kB
FilePmdMapped:         0 kB
CmaTotal:              0 kB
CmaFree:               0 kB
Unaccepted:            0 kB
Balloon:               0 kB
HugePages_Total:       0
HugePages_Free:        0
HugePages_Rsvd:        0
HugePages_Surp:        0
Hugepagesize:       2048 kB
Hugetlb:               0 kB
DirectMap4k:      194432 kB
DirectMap2M:     6096896 kB
DirectMap1G:     4194304 kB
---SNAPSHOT---
2026-04-27 15:50:11
MemTotal:        8129240 kB
MemFree:         4146032 kB
MemAvailable:    3876920 kB
Buffers:            5832 kB
Cached:           313136 kB
SwapCached:       259588 kB
Active:          2444460 kB
Inactive:         821164 kB
Active(anon):    2338024 kB
Inactive(anon):   664612 kB
Active(file):     106436 kB
Inactive(file):   156552 kB
Unevictable:          16 kB
Mlocked:              16 kB
SwapTotal:       4194300 kB
SwapFree:        3934712 kB
Zswap:                 0 kB
Zswapped:              0 kB
Dirty:               724 kB
Writeback:         20140 kB
AnonPages:       2689396 kB
Mapped:           263520 kB
Shmem:             55972 kB
KReclaimable:      53872 kB
Slab:             282112 kB
SReclaimable:      53872 kB
SUnreclaim:       228240 kB
KernelStack:       18176 kB
PageTables:        49156 kB
SecPageTables:         0 kB
NFS_Unstable:          0 kB
Bounce:                0 kB
WritebackTmp:          0 kB
CommitLimit:     8258920 kB
Committed_AS:   11351596 kB
VmallocTotal:   34359738367 kB
VmallocUsed:       46424 kB
VmallocChunk:          0 kB
Percpu:            13280 kB
HardwareCorrupted:     0 kB
AnonHugePages:    796672 kB
ShmemHugePages:        0 kB
ShmemPmdMapped:        0 kB
FileHugePages:         0 kB
FilePmdMapped:         0 kB
CmaTotal:              0 kB
CmaFree:               0 kB
Unaccepted:            0 kB
Balloon:               0 kB
HugePages_Total:       0
HugePages_Free:        0
HugePages_Rsvd:        0
HugePages_Surp:        0
Hugepagesize:       2048 kB
Hugetlb:               0 kB
DirectMap4k:      194432 kB
DirectMap2M:     6096896 kB
DirectMap1G:     4194304 kB
---SNAPSHOT---
2026-04-27 15:50:12
MemTotal:        8129240 kB
MemFree:         3456732 kB
MemAvailable:    3187624 kB
Buffers:            5832 kB
Cached:           313140 kB
SwapCached:       259588 kB
Active:          3148724 kB
Inactive:         824352 kB
Active(anon):    3042288 kB
Inactive(anon):   667792 kB
Active(file):     106436 kB
Inactive(file):   156560 kB
Unevictable:          16 kB
Mlocked:              16 kB
SwapTotal:       4194300 kB
SwapFree:        3934712 kB
Zswap:                 0 kB
Zswapped:              0 kB
Dirty:               728 kB
Writeback:         16956 kB
AnonPages:       3396568 kB
Mapped:           263520 kB
Shmem:             55972 kB
KReclaimable:      53872 kB
Slab:             281868 kB
SReclaimable:      53872 kB
SUnreclaim:       227996 kB
KernelStack:       18176 kB
PageTables:        49528 kB
SecPageTables:         0 kB
NFS_Unstable:          0 kB
Bounce:                0 kB
WritebackTmp:          0 kB
CommitLimit:     8258920 kB
Committed_AS:   11351704 kB
VmallocTotal:   34359738367 kB
VmallocUsed:       46408 kB
VmallocChunk:          0 kB
Percpu:            13280 kB
HardwareCorrupted:     0 kB
AnonHugePages:   1302528 kB
ShmemHugePages:        0 kB
ShmemPmdMapped:        0 kB
FileHugePages:         0 kB
FilePmdMapped:         0 kB
CmaTotal:              0 kB
CmaFree:               0 kB
Unaccepted:            0 kB
Balloon:               0 kB
HugePages_Total:       0
HugePages_Free:        0
HugePages_Rsvd:        0
HugePages_Surp:        0
Hugepagesize:       2048 kB
Hugetlb:               0 kB
DirectMap4k:      194432 kB
DirectMap2M:     6096896 kB
DirectMap1G:     4194304 kB
---SNAPSHOT---
2026-04-27 15:50:13
MemTotal:        8129240 kB
MemFree:         3467516 kB
MemAvailable:    3198408 kB
Buffers:            5840 kB
Cached:           313140 kB
SwapCached:       291820 kB
Active:          3153856 kB
Inactive:         856600 kB
Active(anon):    3047420 kB
Inactive(anon):   700036 kB
Active(file):     106436 kB
Inactive(file):   156564 kB
Unevictable:          16 kB
Mlocked:              16 kB
SwapTotal:       4194300 kB
SwapFree:        3902292 kB
Zswap:                 0 kB
Zswapped:              0 kB
Dirty:               732 kB
Writeback:         16888 kB
AnonPages:       3401884 kB
Mapped:           263620 kB
Shmem:             55972 kB
KReclaimable:      53872 kB
Slab:             281744 kB
SReclaimable:      53872 kB
SUnreclaim:       227872 kB
KernelStack:       18176 kB
PageTables:        49268 kB
SecPageTables:         0 kB
NFS_Unstable:          0 kB
Bounce:                0 kB
WritebackTmp:          0 kB
CommitLimit:     8258920 kB
Committed_AS:   11351100 kB
VmallocTotal:   34359738367 kB
VmallocUsed:       46376 kB
VmallocChunk:          0 kB
Percpu:            13280 kB
HardwareCorrupted:     0 kB
AnonHugePages:   1728512 kB
ShmemHugePages:        0 kB
ShmemPmdMapped:        0 kB
FileHugePages:         0 kB
FilePmdMapped:         0 kB
CmaTotal:              0 kB
CmaFree:               0 kB
Unaccepted:            0 kB
Balloon:               0 kB
HugePages_Total:       0
HugePages_Free:        0
HugePages_Rsvd:        0
HugePages_Surp:        0
Hugepagesize:       2048 kB
Hugetlb:               0 kB
DirectMap4k:      194432 kB
DirectMap2M:     6096896 kB
DirectMap1G:     4194304 kB
---SNAPSHOT---
2026-04-27 15:50:16
MemTotal:        8129240 kB
MemFree:         4113008 kB
MemAvailable:    3843908 kB
Buffers:            5840 kB
Cached:           313152 kB
SwapCached:          152 kB
Active:          2735588 kB
Inactive:         581984 kB
Active(anon):    2629152 kB
Inactive(anon):   425404 kB
Active(file):     106436 kB
Inactive(file):   156580 kB
Unevictable:          16 kB
Mlocked:              16 kB
SwapTotal:       4194300 kB
SwapFree:        4194300 kB
Zswap:                 0 kB
Zswapped:              0 kB
Dirty:               740 kB
Writeback:            40 kB
AnonPages:       2998584 kB
Mapped:           263520 kB
Shmem:             55972 kB
KReclaimable:      53872 kB
Slab:             280804 kB
SReclaimable:      53872 kB
SUnreclaim:       226932 kB
KernelStack:       18192 kB
PageTables:        48092 kB
SecPageTables:         0 kB
NFS_Unstable:          0 kB
Bounce:                0 kB
WritebackTmp:          0 kB
CommitLimit:     8258920 kB
Committed_AS:   11351108 kB
VmallocTotal:   34359738367 kB
VmallocUsed:       46408 kB
VmallocChunk:          0 kB
Percpu:            13280 kB
HardwareCorrupted:     0 kB
AnonHugePages:   1327104 kB
ShmemHugePages:        0 kB
ShmemPmdMapped:        0 kB
FileHugePages:         0 kB
FilePmdMapped:         0 kB
CmaTotal:              0 kB
CmaFree:               0 kB
Unaccepted:            0 kB
Balloon:               0 kB
HugePages_Total:       0
HugePages_Free:        0
HugePages_Rsvd:        0
HugePages_Surp:        0
Hugepagesize:       2048 kB
Hugetlb:               0 kB
DirectMap4k:      194432 kB
DirectMap2M:     6096896 kB
DirectMap1G:     4194304 kB
---SNAPSHOT---
2026-04-27 15:50:17
MemTotal:        8129240 kB
MemFree:         3972400 kB
MemAvailable:    3703300 kB
Buffers:            5840 kB
Cached:           313156 kB
SwapCached:            0 kB
Active:          2902740 kB
Inactive:         581796 kB
Active(anon):    2796304 kB
Inactive(anon):   425216 kB
Active(file):     106436 kB
Inactive(file):   156580 kB
Unevictable:          16 kB
Mlocked:              16 kB
SwapTotal:       4194300 kB
SwapFree:        4194300 kB
Zswap:                 0 kB
Zswapped:              0 kB
Dirty:               744 kB
Writeback:             0 kB
AnonPages:       3165668 kB
Mapped:           263520 kB
Shmem:             55972 kB
KReclaimable:      53872 kB
Slab:             280780 kB
SReclaimable:      53872 kB
SUnreclaim:       226908 kB
KernelStack:       18192 kB
PageTables:        48288 kB
SecPageTables:         0 kB
NFS_Unstable:          0 kB
Bounce:                0 kB
WritebackTmp:          0 kB
CommitLimit:     8258920 kB
Committed_AS:   11351600 kB
VmallocTotal:   34359738367 kB
VmallocUsed:       46408 kB
VmallocChunk:          0 kB
Percpu:            13280 kB
HardwareCorrupted:     0 kB
AnonHugePages:   1492992 kB
ShmemHugePages:        0 kB
ShmemPmdMapped:        0 kB
FileHugePages:         0 kB
FilePmdMapped:         0 kB
CmaTotal:              0 kB
CmaFree:               0 kB
Unaccepted:            0 kB
Balloon:               0 kB
HugePages_Total:       0
HugePages_Free:        0
HugePages_Rsvd:        0
HugePages_Surp:        0
Hugepagesize:       2048 kB
Hugetlb:               0 kB
DirectMap4k:      194432 kB
DirectMap2M:     6096896 kB
DirectMap1G:     4194304 kB
---SNAPSHOT---
2026-04-27 15:50:18
MemTotal:        8129240 kB
MemFree:         3177816 kB
MemAvailable:    2908724 kB
Buffers:            5840 kB
Cached:           313164 kB
SwapCached:            0 kB
Active:          3693396 kB
Inactive:         581808 kB
Active(anon):    3586960 kB
Inactive(anon):   425216 kB
Active(file):     106436 kB
Inactive(file):   156592 kB
Unevictable:          16 kB
Mlocked:              16 kB
SwapTotal:       4194300 kB
SwapFree:        4194300 kB
Zswap:                 0 kB
Zswapped:              0 kB
Dirty:               752 kB
Writeback:             0 kB
AnonPages:       3956764 kB
Mapped:           263520 kB
Shmem:             55972 kB
KReclaimable:      53872 kB
Slab:             280764 kB
SReclaimable:      53872 kB
SUnreclaim:       226892 kB
KernelStack:       18252 kB
PageTables:        50180 kB
SecPageTables:         0 kB
NFS_Unstable:          0 kB
Bounce:                0 kB
WritebackTmp:          0 kB
CommitLimit:     8258920 kB
Committed_AS:   11351700 kB
VmallocTotal:   34359738367 kB
VmallocUsed:       46440 kB
VmallocChunk:          0 kB
Percpu:            13280 kB
HardwareCorrupted:     0 kB
AnonHugePages:   2283520 kB
ShmemHugePages:        0 kB
ShmemPmdMapped:        0 kB
FileHugePages:         0 kB
FilePmdMapped:         0 kB
CmaTotal:              0 kB
CmaFree:               0 kB
Unaccepted:            0 kB
Balloon:               0 kB
HugePages_Total:       0
HugePages_Free:        0
HugePages_Rsvd:        0
HugePages_Surp:        0
Hugepagesize:       2048 kB
Hugetlb:               0 kB
DirectMap4k:      194432 kB
DirectMap2M:     6096896 kB
DirectMap1G:     4194304 kB
---SNAPSHOT---
2026-04-27 15:50:19
MemTotal:        8129240 kB
MemFree:         4275776 kB
MemAvailable:    4006684 kB
Buffers:            5848 kB
Cached:           313160 kB
SwapCached:            0 kB
Active:          2553428 kB
Inactive:         581808 kB
Active(anon):    2446992 kB
Inactive(anon):   425216 kB
Active(file):     106436 kB
Inactive(file):   156592 kB
Unevictable:          16 kB
Mlocked:              16 kB
SwapTotal:       4194300 kB
SwapFree:        4194300 kB
Zswap:                 0 kB
Zswapped:              0 kB
Dirty:               756 kB
Writeback:             0 kB
AnonPages:       2816252 kB
Mapped:           263520 kB
Shmem:             55972 kB
KReclaimable:      53872 kB
Slab:             280788 kB
SReclaimable:      53872 kB
SUnreclaim:       226916 kB
KernelStack:       18192 kB
PageTables:        47980 kB
SecPageTables:         0 kB
NFS_Unstable:          0 kB
Bounce:                0 kB
WritebackTmp:          0 kB
CommitLimit:     8258920 kB
Committed_AS:   11351368 kB
VmallocTotal:   34359738367 kB
VmallocUsed:       46440 kB
VmallocChunk:          0 kB
Percpu:            13280 kB
HardwareCorrupted:     0 kB
AnonHugePages:   1144832 kB
ShmemHugePages:        0 kB
ShmemPmdMapped:        0 kB
FileHugePages:         0 kB
FilePmdMapped:         0 kB
CmaTotal:              0 kB
CmaFree:               0 kB
Unaccepted:            0 kB
Balloon:               0 kB
HugePages_Total:       0
HugePages_Free:        0
HugePages_Rsvd:        0
HugePages_Surp:        0
Hugepagesize:       2048 kB
Hugetlb:               0 kB
DirectMap4k:      194432 kB
DirectMap2M:     6096896 kB
DirectMap1G:     4194304 kB
---SNAPSHOT---
2026-04-27 15:50:20
MemTotal:        8129240 kB
MemFree:         3964588 kB
MemAvailable:    3695504 kB
Buffers:            5848 kB
Cached:           313172 kB
SwapCached:            0 kB
Active:          2909960 kB
Inactive:         581824 kB
Active(anon):    2803524 kB
Inactive(anon):   425216 kB
Active(file):     106436 kB
Inactive(file):   156608 kB
Unevictable:          16 kB
Mlocked:              16 kB
SwapTotal:       4194300 kB
SwapFree:        4194300 kB
Zswap:                 0 kB
Zswapped:              0 kB
Dirty:               760 kB
Writeback:             0 kB
AnonPages:       3172664 kB
Mapped:           263520 kB
Shmem:             55972 kB
KReclaimable:      53872 kB
Slab:             280796 kB
SReclaimable:      53872 kB
SUnreclaim:       226924 kB
KernelStack:       18252 kB
PageTables:        48256 kB
SecPageTables:         0 kB
NFS_Unstable:          0 kB
Bounce:                0 kB
WritebackTmp:          0 kB
CommitLimit:     8258920 kB
Committed_AS:   11351120 kB
VmallocTotal:   34359738367 kB
VmallocUsed:       46408 kB
VmallocChunk:          0 kB
Percpu:            13280 kB
HardwareCorrupted:     0 kB
AnonHugePages:   1501184 kB
ShmemHugePages:        0 kB
ShmemPmdMapped:        0 kB
FileHugePages:         0 kB
FilePmdMapped:         0 kB
CmaTotal:              0 kB
CmaFree:               0 kB
Unaccepted:            0 kB
Balloon:               0 kB
HugePages_Total:       0
HugePages_Free:        0
HugePages_Rsvd:        0
HugePages_Surp:        0
Hugepagesize:       2048 kB
Hugetlb:               0 kB
DirectMap4k:      194432 kB
DirectMap2M:     6096896 kB
DirectMap1G:     4194304 kB
---SNAPSHOT---
2026-04-27 15:50:21
MemTotal:        8129240 kB
MemFree:         4114632 kB
MemAvailable:    3845552 kB
Buffers:            5848 kB
Cached:           313180 kB
SwapCached:            0 kB
Active:          2701420 kB
Inactive:         581832 kB
Active(anon):    2594984 kB
Inactive(anon):   425216 kB
Active(file):     106436 kB
Inactive(file):   156616 kB
Unevictable:          16 kB
Mlocked:              16 kB
SwapTotal:       4194300 kB
SwapFree:        4194300 kB
Zswap:                 0 kB
Zswapped:              0 kB
Dirty:               768 kB
Writeback:             0 kB
AnonPages:       2964660 kB
Mapped:           263520 kB
Shmem:             55972 kB
KReclaimable:      53872 kB
Slab:             280756 kB
SReclaimable:      53872 kB
SUnreclaim:       226884 kB
KernelStack:       18252 kB
PageTables:        48092 kB
SecPageTables:         0 kB
NFS_Unstable:          0 kB
Bounce:                0 kB
WritebackTmp:          0 kB
CommitLimit:     8258920 kB
Committed_AS:   11351004 kB
VmallocTotal:   34359738367 kB
VmallocUsed:       46424 kB
VmallocChunk:          0 kB
Percpu:            13280 kB
HardwareCorrupted:     0 kB
AnonHugePages:   1292288 kB
ShmemHugePages:        0 kB
ShmemPmdMapped:        0 kB
FileHugePages:         0 kB
FilePmdMapped:         0 kB
CmaTotal:              0 kB
CmaFree:               0 kB
Unaccepted:            0 kB
Balloon:               0 kB
HugePages_Total:       0
HugePages_Free:        0
HugePages_Rsvd:        0
HugePages_Surp:        0
Hugepagesize:       2048 kB
Hugetlb:               0 kB
DirectMap4k:      194432 kB
DirectMap2M:     6096896 kB
DirectMap1G:     4194304 kB
---SNAPSHOT---
2026-04-27 15:50:22
MemTotal:        8129240 kB
MemFree:         3864748 kB
MemAvailable:    3595668 kB
Buffers:            5848 kB
Cached:           313184 kB
SwapCached:       235524 kB
Active:          2779664 kB
Inactive:         814624 kB
Active(anon):    2673228 kB
Inactive(anon):   658004 kB
Active(file):     106436 kB
Inactive(file):   156620 kB
Unevictable:          16 kB
Mlocked:              16 kB
SwapTotal:       4194300 kB
SwapFree:        3958660 kB
Zswap:                 0 kB
Zswapped:              0 kB
Dirty:               772 kB
Writeback:          2508 kB
AnonPages:       3041812 kB
Mapped:           263520 kB
Shmem:             55972 kB
KReclaimable:      53872 kB
Slab:             280768 kB
SReclaimable:      53872 kB
SUnreclaim:       226896 kB
KernelStack:       18252 kB
PageTables:        48508 kB
SecPageTables:         0 kB
NFS_Unstable:          0 kB
Bounce:                0 kB
WritebackTmp:          0 kB
CommitLimit:     8258920 kB
Committed_AS:   11351376 kB
VmallocTotal:   34359738367 kB
VmallocUsed:       46424 kB
VmallocChunk:          0 kB
Percpu:            13280 kB
HardwareCorrupted:     0 kB
AnonHugePages:   1368064 kB
ShmemHugePages:        0 kB
ShmemPmdMapped:        0 kB
FileHugePages:         0 kB
FilePmdMapped:         0 kB
CmaTotal:              0 kB
CmaFree:               0 kB
Unaccepted:            0 kB
Balloon:               0 kB
HugePages_Total:       0
HugePages_Free:        0
HugePages_Rsvd:        0
HugePages_Surp:        0
Hugepagesize:       2048 kB
Hugetlb:               0 kB
DirectMap4k:      194432 kB
DirectMap2M:     6096896 kB
DirectMap1G:     4194304 kB
---SNAPSHOT---
2026-04-27 15:50:23
MemTotal:        8129240 kB
MemFree:         3677752 kB
MemAvailable:    3408676 kB
Buffers:            5848 kB
Cached:           313192 kB
SwapCached:          216 kB
Active:          3174656 kB
Inactive:         581956 kB
Active(anon):    3068220 kB
Inactive(anon):   425332 kB
Active(file):     106436 kB
Inactive(file):   156624 kB
Unevictable:          16 kB
Mlocked:              16 kB
SwapTotal:       4194300 kB
SwapFree:        4194300 kB
Zswap:                 0 kB
Zswapped:              0 kB
Dirty:               780 kB
Writeback:           124 kB
AnonPages:       3437576 kB
Mapped:           263520 kB
Shmem:             55972 kB
KReclaimable:      53872 kB
Slab:             280812 kB
SReclaimable:      53872 kB
SUnreclaim:       226940 kB
KernelStack:       18252 kB
PageTables:        49232 kB
SecPageTables:         0 kB
NFS_Unstable:          0 kB
Bounce:                0 kB
WritebackTmp:          0 kB
CommitLimit:     8258920 kB
Committed_AS:   11351484 kB
VmallocTotal:   34359738367 kB
VmallocUsed:       46408 kB
VmallocChunk:          0 kB
Percpu:            13280 kB
HardwareCorrupted:     0 kB
AnonHugePages:   1765376 kB
ShmemHugePages:        0 kB
ShmemPmdMapped:        0 kB
FileHugePages:         0 kB
FilePmdMapped:         0 kB
CmaTotal:              0 kB
CmaFree:               0 kB
Unaccepted:            0 kB
Balloon:               0 kB
HugePages_Total:       0
HugePages_Free:        0
HugePages_Rsvd:        0
HugePages_Surp:        0
Hugepagesize:       2048 kB
Hugetlb:               0 kB
DirectMap4k:      194432 kB
DirectMap2M:     6096896 kB
DirectMap1G:     4194304 kB
---SNAPSHOT---
2026-04-27 15:50:24
MemTotal:        8129240 kB
MemFree:         4517008 kB
MemAvailable:    4247936 kB
Buffers:            5856 kB
Cached:           313200 kB
SwapCached:            0 kB
Active:          2259340 kB
Inactive:         581852 kB
Active(anon):    2152904 kB
Inactive(anon):   425216 kB
Active(file):     106436 kB
Inactive(file):   156636 kB
Unevictable:          16 kB
Mlocked:              16 kB
SwapTotal:       4194300 kB
SwapFree:        4194300 kB
Zswap:                 0 kB
Zswapped:              0 kB
Dirty:               788 kB
Writeback:             0 kB
AnonPages:       2522304 kB
Mapped:           263520 kB
Shmem:             55972 kB
KReclaimable:      53872 kB
Slab:             280760 kB
SReclaimable:      53872 kB
SUnreclaim:       226888 kB
KernelStack:       18252 kB
PageTables:        47184 kB
SecPageTables:         0 kB
NFS_Unstable:          0 kB
Bounce:                0 kB
WritebackTmp:          0 kB
CommitLimit:     8258920 kB
Committed_AS:   11351484 kB
VmallocTotal:   34359738367 kB
VmallocUsed:       46408 kB
VmallocChunk:          0 kB
Percpu:            13280 kB
HardwareCorrupted:     0 kB
AnonHugePages:    849920 kB
ShmemHugePages:        0 kB
ShmemPmdMapped:        0 kB
FileHugePages:         0 kB
FilePmdMapped:         0 kB
CmaTotal:              0 kB
CmaFree:               0 kB
Unaccepted:            0 kB
Balloon:               0 kB
HugePages_Total:       0
HugePages_Free:        0
HugePages_Rsvd:        0
HugePages_Surp:        0
Hugepagesize:       2048 kB
Hugetlb:               0 kB
DirectMap4k:      194432 kB
DirectMap2M:     6096896 kB
DirectMap1G:     4194304 kB
---SNAPSHOT---
2026-04-27 15:50:25
MemTotal:        8129240 kB
MemFree:         3535936 kB
MemAvailable:    3266872 kB
Buffers:            5856 kB
Cached:           313204 kB
SwapCached:            0 kB
Active:          3332544 kB
Inactive:         581864 kB
Active(anon):    3226108 kB
Inactive(anon):   425216 kB
Active(file):     106436 kB
Inactive(file):   156648 kB
Unevictable:          16 kB
Mlocked:              16 kB
SwapTotal:       4194300 kB
SwapFree:        4194300 kB
Zswap:                 0 kB
Zswapped:              0 kB
Dirty:               792 kB
Writeback:             0 kB
AnonPages:       3595676 kB
Mapped:           263520 kB
Shmem:             55972 kB
KReclaimable:      53872 kB
Slab:             280760 kB
SReclaimable:      53872 kB
SUnreclaim:       226888 kB
KernelStack:       18192 kB
PageTables:        49208 kB
SecPageTables:         0 kB
NFS_Unstable:          0 kB
Bounce:                0 kB
WritebackTmp:          0 kB
CommitLimit:     8258920 kB
Committed_AS:   11351596 kB
VmallocTotal:   34359738367 kB
VmallocUsed:       46440 kB
VmallocChunk:          0 kB
Percpu:            13280 kB
HardwareCorrupted:     0 kB
AnonHugePages:   1923072 kB
ShmemHugePages:        0 kB
ShmemPmdMapped:        0 kB
FileHugePages:         0 kB
FilePmdMapped:         0 kB
CmaTotal:              0 kB
CmaFree:               0 kB
Unaccepted:            0 kB
Balloon:               0 kB
HugePages_Total:       0
HugePages_Free:        0
HugePages_Rsvd:        0
HugePages_Surp:        0
Hugepagesize:       2048 kB
Hugetlb:               0 kB
DirectMap4k:      194432 kB
DirectMap2M:     6096896 kB
DirectMap1G:     4194304 kB
---SNAPSHOT---
2026-04-27 15:50:26
MemTotal:        8129240 kB
MemFree:         4328660 kB
MemAvailable:    4059600 kB
Buffers:            5856 kB
Cached:           313212 kB
SwapCached:            0 kB
Active:          2476336 kB
Inactive:         581872 kB
Active(anon):    2369900 kB
Inactive(anon):   425216 kB
Active(file):     106436 kB
Inactive(file):   156656 kB
Unevictable:          16 kB
Mlocked:              16 kB
SwapTotal:       4194300 kB
SwapFree:        4194300 kB
Zswap:                 0 kB
Zswapped:              0 kB
Dirty:               800 kB
Writeback:             0 kB
AnonPages:       2739392 kB
Mapped:           263520 kB
Shmem:             55972 kB
KReclaimable:      53872 kB
Slab:             280752 kB
SReclaimable:      53872 kB
SUnreclaim:       226880 kB
KernelStack:       18192 kB
PageTables:        48768 kB
SecPageTables:         0 kB
NFS_Unstable:          0 kB
Bounce:                0 kB
WritebackTmp:          0 kB
CommitLimit:     8258920 kB
Committed_AS:   11351264 kB
VmallocTotal:   34359738367 kB
VmallocUsed:       46424 kB
VmallocChunk:          0 kB
Percpu:            13280 kB
HardwareCorrupted:     0 kB
AnonHugePages:   1067008 kB
ShmemHugePages:        0 kB
ShmemPmdMapped:        0 kB
FileHugePages:         0 kB
FilePmdMapped:         0 kB
CmaTotal:              0 kB
CmaFree:               0 kB
Unaccepted:            0 kB
Balloon:               0 kB
HugePages_Total:       0
HugePages_Free:        0
HugePages_Rsvd:        0
HugePages_Surp:        0
Hugepagesize:       2048 kB
Hugetlb:               0 kB
DirectMap4k:      194432 kB
DirectMap2M:     6096896 kB
DirectMap1G:     4194304 kB
---SNAPSHOT---
2026-04-27 15:50:27
MemTotal:        8129240 kB
MemFree:         3547756 kB
MemAvailable:    3278696 kB
Buffers:            5856 kB
Cached:           313216 kB
SwapCached:            0 kB
Active:          3331792 kB
Inactive:         581876 kB
Active(anon):    3225356 kB
Inactive(anon):   425216 kB
Active(file):     106436 kB
Inactive(file):   156660 kB
Unevictable:          16 kB
Mlocked:              16 kB
SwapTotal:       4194300 kB
SwapFree:        4194300 kB
Zswap:                 0 kB
Zswapped:              0 kB
Dirty:               804 kB
Writeback:             0 kB
AnonPages:       3594832 kB
Mapped:           263520 kB
Shmem:             55972 kB
KReclaimable:      53872 kB
Slab:             280752 kB
SReclaimable:      53872 kB
SUnreclaim:       226880 kB
KernelStack:       18208 kB
PageTables:        49608 kB
SecPageTables:         0 kB
NFS_Unstable:          0 kB
Bounce:                0 kB
WritebackTmp:          0 kB
CommitLimit:     8258920 kB
Committed_AS:   11351216 kB
VmallocTotal:   34359738367 kB
VmallocUsed:       46408 kB
VmallocChunk:          0 kB
Percpu:            13280 kB
HardwareCorrupted:     0 kB
AnonHugePages:   1921024 kB
ShmemHugePages:        0 kB
ShmemPmdMapped:        0 kB
FileHugePages:         0 kB
FilePmdMapped:         0 kB
CmaTotal:              0 kB
CmaFree:               0 kB
Unaccepted:            0 kB
Balloon:               0 kB
HugePages_Total:       0
HugePages_Free:        0
HugePages_Rsvd:        0
HugePages_Surp:        0
Hugepagesize:       2048 kB
Hugetlb:               0 kB
DirectMap4k:      194432 kB
DirectMap2M:     6096896 kB
DirectMap1G:     4194304 kB
---SNAPSHOT---
2026-04-27 15:50:28
MemTotal:        8129240 kB
MemFree:         3982188 kB
MemAvailable:    3713132 kB
Buffers:            5856 kB
Cached:           313224 kB
SwapCached:            0 kB
Active:          2838112 kB
Inactive:         581880 kB
Active(anon):    2731676 kB
Inactive(anon):   425216 kB
Active(file):     106436 kB
Inactive(file):   156664 kB
Unevictable:          16 kB
Mlocked:              16 kB
SwapTotal:       4194300 kB
SwapFree:        4194300 kB
Zswap:                 0 kB
Zswapped:              0 kB
Dirty:               812 kB
Writeback:             0 kB
AnonPages:       3101144 kB
Mapped:           263520 kB
Shmem:             55972 kB
KReclaimable:      53872 kB
Slab:             280744 kB
SReclaimable:      53872 kB
SUnreclaim:       226872 kB
KernelStack:       18192 kB
PageTables:        48460 kB
SecPageTables:         0 kB
NFS_Unstable:          0 kB
Bounce:                0 kB
WritebackTmp:          0 kB
CommitLimit:     8258920 kB
Committed_AS:   11350968 kB
VmallocTotal:   34359738367 kB
VmallocUsed:       46376 kB
VmallocChunk:          0 kB
Percpu:            13280 kB
HardwareCorrupted:     0 kB
AnonHugePages:   1427456 kB
ShmemHugePages:        0 kB
ShmemPmdMapped:        0 kB
FileHugePages:         0 kB
FilePmdMapped:         0 kB
CmaTotal:              0 kB
CmaFree:               0 kB
Unaccepted:            0 kB
Balloon:               0 kB
HugePages_Total:       0
HugePages_Free:        0
HugePages_Rsvd:        0
HugePages_Surp:        0
Hugepagesize:       2048 kB
Hugetlb:               0 kB
DirectMap4k:      194432 kB
DirectMap2M:     6096896 kB
DirectMap1G:     4194304 kB
---SNAPSHOT---
2026-04-27 15:50:29
MemTotal:        8129240 kB
MemFree:         3989244 kB
MemAvailable:    3720192 kB
Buffers:            5864 kB
Cached:           313220 kB
SwapCached:            0 kB
Active:          2863160 kB
Inactive:         581888 kB
Active(anon):    2756724 kB
Inactive(anon):   425216 kB
Active(file):     106436 kB
Inactive(file):   156672 kB
Unevictable:          16 kB
Mlocked:              16 kB
SwapTotal:       4194300 kB
SwapFree:        4194300 kB
Zswap:                 0 kB
Zswapped:              0 kB
Dirty:               816 kB
Writeback:             0 kB
AnonPages:       3125868 kB
Mapped:           263520 kB
Shmem:             55972 kB
KReclaimable:      53872 kB
Slab:             280756 kB
SReclaimable:      53872 kB
SUnreclaim:       226884 kB
KernelStack:       18192 kB
PageTables:        48016 kB
SecPageTables:         0 kB
NFS_Unstable:          0 kB
Bounce:                0 kB
WritebackTmp:          0 kB
CommitLimit:     8258920 kB
Committed_AS:   11351128 kB
VmallocTotal:   34359738367 kB
VmallocUsed:       46408 kB
VmallocChunk:          0 kB
Percpu:            13280 kB
HardwareCorrupted:     0 kB
AnonHugePages:   1380352 kB
ShmemHugePages:        0 kB
ShmemPmdMapped:        0 kB
FileHugePages:         0 kB
FilePmdMapped:         0 kB
CmaTotal:              0 kB
CmaFree:               0 kB
Unaccepted:            0 kB
Balloon:               0 kB
HugePages_Total:       0
HugePages_Free:        0
HugePages_Rsvd:        0
HugePages_Surp:        0
Hugepagesize:       2048 kB
Hugetlb:               0 kB
DirectMap4k:      194432 kB
DirectMap2M:     6096896 kB
DirectMap1G:     4194304 kB
---SNAPSHOT---
2026-04-27 15:50:30
MemTotal:        8129240 kB
MemFree:         3233576 kB
MemAvailable:    2964532 kB
Buffers:            5868 kB
Cached:           313232 kB
SwapCached:            0 kB
Active:          3629000 kB
Inactive:         581904 kB
Active(anon):    3522564 kB
Inactive(anon):   425216 kB
Active(file):     106436 kB
Inactive(file):   156688 kB
Unevictable:          16 kB
Mlocked:              16 kB
SwapTotal:       4194300 kB
SwapFree:        4194300 kB
Zswap:                 0 kB
Zswapped:              0 kB
Dirty:               188 kB
Writeback:             0 kB
AnonPages:       3892056 kB
Mapped:           263520 kB
Shmem:             55972 kB
KReclaimable:      53872 kB
Slab:             280748 kB
SReclaimable:      53872 kB
SUnreclaim:       226876 kB
KernelStack:       18192 kB
PageTables:        49444 kB
SecPageTables:         0 kB
NFS_Unstable:          0 kB
Bounce:                0 kB
WritebackTmp:          0 kB
CommitLimit:     8258920 kB
Committed_AS:   11351136 kB
VmallocTotal:   34359738367 kB
VmallocUsed:       46424 kB
VmallocChunk:          0 kB
Percpu:            13280 kB
HardwareCorrupted:     0 kB
AnonHugePages:   1918976 kB
ShmemHugePages:        0 kB
ShmemPmdMapped:        0 kB
FileHugePages:         0 kB
FilePmdMapped:         0 kB
CmaTotal:              0 kB
CmaFree:               0 kB
Unaccepted:            0 kB
Balloon:               0 kB
HugePages_Total:       0
HugePages_Free:        0
HugePages_Rsvd:        0
HugePages_Surp:        0
Hugepagesize:       2048 kB
Hugetlb:               0 kB
DirectMap4k:      194432 kB
DirectMap2M:     6096896 kB
DirectMap1G:     4194304 kB
---SNAPSHOT---
2026-04-27 15:50:31
MemTotal:        8129240 kB
MemFree:         4232632 kB
MemAvailable:    3963588 kB
Buffers:            5868 kB
Cached:           313240 kB
SwapCached:            0 kB
Active:          2556448 kB
Inactive:         581908 kB
Active(anon):    2450012 kB
Inactive(anon):   425216 kB
Active(file):     106436 kB
Inactive(file):   156692 kB
Unevictable:          16 kB
Mlocked:              16 kB
SwapTotal:       4194300 kB
SwapFree:        4194300 kB
Zswap:                 0 kB
Zswapped:              0 kB
Dirty:               196 kB
Writeback:             0 kB
AnonPages:       2819340 kB
Mapped:           263520 kB
Shmem:             55972 kB
KReclaimable:      53872 kB
Slab:             280748 kB
SReclaimable:      53872 kB
SUnreclaim:       226876 kB
KernelStack:       18176 kB
PageTables:        47516 kB
SecPageTables:         0 kB
NFS_Unstable:          0 kB
Bounce:                0 kB
WritebackTmp:          0 kB
CommitLimit:     8258920 kB
Committed_AS:   11351460 kB
VmallocTotal:   34359738367 kB
VmallocUsed:       46376 kB
VmallocChunk:          0 kB
Percpu:            13280 kB
HardwareCorrupted:     0 kB
AnonHugePages:    624640 kB
ShmemHugePages:        0 kB
ShmemPmdMapped:        0 kB
FileHugePages:         0 kB
FilePmdMapped:         0 kB
CmaTotal:              0 kB
CmaFree:               0 kB
Unaccepted:            0 kB
Balloon:               0 kB
HugePages_Total:       0
HugePages_Free:        0
HugePages_Rsvd:        0
HugePages_Surp:        0
Hugepagesize:       2048 kB
Hugetlb:               0 kB
DirectMap4k:      194432 kB
DirectMap2M:     6096896 kB
DirectMap1G:     4194304 kB
---SNAPSHOT---
2026-04-27 15:50:32
MemTotal:        8129240 kB
MemFree:         3931884 kB
MemAvailable:    3662844 kB
Buffers:            5868 kB
Cached:           313244 kB
SwapCached:            0 kB
Active:          2955440 kB
Inactive:         581912 kB
Active(anon):    2849004 kB
Inactive(anon):   425216 kB
Active(file):     106436 kB
Inactive(file):   156696 kB
Unevictable:          16 kB
Mlocked:              16 kB
SwapTotal:       4194300 kB
SwapFree:        4194300 kB
Zswap:                 0 kB
Zswapped:              0 kB
Dirty:               200 kB
Writeback:             0 kB
AnonPages:       3218180 kB
Mapped:           263520 kB
Shmem:             55972 kB
KReclaimable:      53872 kB
Slab:             280748 kB
SReclaimable:      53872 kB
SUnreclaim:       226876 kB
KernelStack:       18192 kB
PageTables:        48324 kB
SecPageTables:         0 kB
NFS_Unstable:          0 kB
Bounce:                0 kB
WritebackTmp:          0 kB
CommitLimit:     8258920 kB
Committed_AS:   11350848 kB
VmallocTotal:   34359738367 kB
VmallocUsed:       46408 kB
VmallocChunk:          0 kB
Percpu:            13280 kB
HardwareCorrupted:     0 kB
AnonHugePages:   1548288 kB
ShmemHugePages:        0 kB
ShmemPmdMapped:        0 kB
FileHugePages:         0 kB
FilePmdMapped:         0 kB
CmaTotal:              0 kB
CmaFree:               0 kB
Unaccepted:            0 kB
Balloon:               0 kB
HugePages_Total:       0
HugePages_Free:        0
HugePages_Rsvd:        0
HugePages_Surp:        0
Hugepagesize:       2048 kB
Hugetlb:               0 kB
DirectMap4k:      194432 kB
DirectMap2M:     6096896 kB
DirectMap1G:     4194304 kB
---SNAPSHOT---
2026-04-27 15:50:33
MemTotal:        8129240 kB
MemFree:         4644856 kB
MemAvailable:    4375820 kB
Buffers:            5868 kB
Cached:           313252 kB
SwapCached:            0 kB
Active:          2108132 kB
Inactive:         581924 kB
Active(anon):    2001696 kB
Inactive(anon):   425216 kB
Active(file):     106436 kB
Inactive(file):   156708 kB
Unevictable:          16 kB
Mlocked:              16 kB
SwapTotal:       4194300 kB
SwapFree:        4194300 kB
Zswap:                 0 kB
Zswapped:              0 kB
Dirty:               208 kB
Writeback:             0 kB
AnonPages:       2370880 kB
Mapped:           263520 kB
Shmem:             55972 kB
KReclaimable:      53872 kB
Slab:             280764 kB
SReclaimable:      53872 kB
SUnreclaim:       226892 kB
KernelStack:       18176 kB
PageTables:        46980 kB
SecPageTables:         0 kB
NFS_Unstable:          0 kB
Bounce:                0 kB
WritebackTmp:          0 kB
CommitLimit:     8258920 kB
Committed_AS:   11351256 kB
VmallocTotal:   34359738367 kB
VmallocUsed:       46408 kB
VmallocChunk:          0 kB
Percpu:            13280 kB
HardwareCorrupted:     0 kB
AnonHugePages:    702464 kB
ShmemHugePages:        0 kB
ShmemPmdMapped:        0 kB
FileHugePages:         0 kB
FilePmdMapped:         0 kB
CmaTotal:              0 kB
CmaFree:               0 kB
Unaccepted:            0 kB
Balloon:               0 kB
HugePages_Total:       0
HugePages_Free:        0
HugePages_Rsvd:        0
HugePages_Surp:        0
Hugepagesize:       2048 kB
Hugetlb:               0 kB
DirectMap4k:      194432 kB
DirectMap2M:     6096896 kB
DirectMap1G:     4194304 kB
---SNAPSHOT---
2026-04-27 15:50:34
MemTotal:        8129240 kB
MemFree:         4294508 kB
MemAvailable:    4025476 kB
Buffers:            5876 kB
Cached:           313256 kB
SwapCached:            0 kB
Active:          2495080 kB
Inactive:         581928 kB
Active(anon):    2388644 kB
Inactive(anon):   425216 kB
Active(file):     106436 kB
Inactive(file):   156712 kB
Unevictable:          16 kB
Mlocked:              16 kB
SwapTotal:       4194300 kB
SwapFree:        4194300 kB
Zswap:                 0 kB
Zswapped:              0 kB
Dirty:               240 kB
Writeback:             0 kB
AnonPages:       2758352 kB
Mapped:           263520 kB
Shmem:             55972 kB
KReclaimable:      53872 kB
Slab:             280764 kB
SReclaimable:      53872 kB
SUnreclaim:       226892 kB
KernelStack:       18192 kB
PageTables:        47580 kB
SecPageTables:         0 kB
NFS_Unstable:          0 kB
Bounce:                0 kB
WritebackTmp:          0 kB
CommitLimit:     8258920 kB
Committed_AS:   11351208 kB
VmallocTotal:   34359738367 kB
VmallocUsed:       46376 kB
VmallocChunk:          0 kB
Percpu:            13280 kB
HardwareCorrupted:     0 kB
AnonHugePages:    862208 kB
ShmemHugePages:        0 kB
ShmemPmdMapped:        0 kB
FileHugePages:         0 kB
FilePmdMapped:         0 kB
CmaTotal:              0 kB
CmaFree:               0 kB
Unaccepted:            0 kB
Balloon:               0 kB
HugePages_Total:       0
HugePages_Free:        0
HugePages_Rsvd:        0
HugePages_Surp:        0
Hugepagesize:       2048 kB
Hugetlb:               0 kB
DirectMap4k:      194432 kB
DirectMap2M:     6096896 kB
DirectMap1G:     4194304 kB
---SNAPSHOT---
2026-04-27 15:50:35
MemTotal:        8129240 kB
MemFree:         3299020 kB
MemAvailable:    3029992 kB
Buffers:            5884 kB
Cached:           313256 kB
SwapCached:            0 kB
Active:          3531740 kB
Inactive:         581936 kB
Active(anon):    3425304 kB
Inactive(anon):   425216 kB
Active(file):     106436 kB
Inactive(file):   156720 kB
Unevictable:          16 kB
Mlocked:              16 kB
SwapTotal:       4194300 kB
SwapFree:        4194300 kB
Zswap:                 0 kB
Zswapped:              0 kB
Dirty:               248 kB
Writeback:             0 kB
AnonPages:       3794876 kB
Mapped:           263520 kB
Shmem:             55972 kB
KReclaimable:      53872 kB
Slab:             280764 kB
SReclaimable:      53872 kB
SUnreclaim:       226892 kB
KernelStack:       18192 kB
PageTables:        49036 kB
SecPageTables:         0 kB
NFS_Unstable:          0 kB
Bounce:                0 kB
WritebackTmp:          0 kB
CommitLimit:     8258920 kB
Committed_AS:   11351484 kB
VmallocTotal:   34359738367 kB
VmallocUsed:       46376 kB
VmallocChunk:          0 kB
Percpu:            13280 kB
HardwareCorrupted:     0 kB
AnonHugePages:   1667072 kB
ShmemHugePages:        0 kB
ShmemPmdMapped:        0 kB
FileHugePages:         0 kB
FilePmdMapped:         0 kB
CmaTotal:              0 kB
CmaFree:               0 kB
Unaccepted:            0 kB
Balloon:               0 kB
HugePages_Total:       0
HugePages_Free:        0
HugePages_Rsvd:        0
HugePages_Surp:        0
Hugepagesize:       2048 kB
Hugetlb:               0 kB
DirectMap4k:      194432 kB
DirectMap2M:     6096896 kB
DirectMap1G:     4194304 kB
---SNAPSHOT---
2026-04-27 15:50:36
MemTotal:        8129240 kB
MemFree:         4173956 kB
MemAvailable:    3904944 kB
Buffers:            5884 kB
Cached:           313280 kB
SwapCached:            0 kB
Active:          2619656 kB
Inactive:         581968 kB
Active(anon):    2513220 kB
Inactive(anon):   425216 kB
Active(file):     106436 kB
Inactive(file):   156752 kB
Unevictable:          16 kB
Mlocked:              16 kB
SwapTotal:       4194300 kB
SwapFree:        4194300 kB
Zswap:                 0 kB
Zswapped:              0 kB
Dirty:                64 kB
Writeback:             0 kB
AnonPages:       2882268 kB
Mapped:           263520 kB
Shmem:             55972 kB
KReclaimable:      53872 kB
Slab:             280760 kB
SReclaimable:      53872 kB
SUnreclaim:       226888 kB
KernelStack:       18192 kB
PageTables:        47456 kB
SecPageTables:         0 kB
NFS_Unstable:          0 kB
Bounce:                0 kB
WritebackTmp:          0 kB
CommitLimit:     8258920 kB
Committed_AS:   11351600 kB
VmallocTotal:   34359738367 kB
VmallocUsed:       46424 kB
VmallocChunk:          0 kB
Percpu:            13280 kB
HardwareCorrupted:     0 kB
AnonHugePages:   1181696 kB
ShmemHugePages:        0 kB
ShmemPmdMapped:        0 kB
FileHugePages:         0 kB
FilePmdMapped:         0 kB
CmaTotal:              0 kB
CmaFree:               0 kB
Unaccepted:            0 kB
Balloon:               0 kB
HugePages_Total:       0
HugePages_Free:        0
HugePages_Rsvd:        0
HugePages_Surp:        0
Hugepagesize:       2048 kB
Hugetlb:               0 kB
DirectMap4k:      194432 kB
DirectMap2M:     6096896 kB
DirectMap1G:     4194304 kB
---SNAPSHOT---
2026-04-27 15:50:37
MemTotal:        8129240 kB
MemFree:         3849336 kB
MemAvailable:    3580324 kB
Buffers:            5888 kB
Cached:           313280 kB
SwapCached:            0 kB
Active:          3007812 kB
Inactive:         581968 kB
Active(anon):    2901376 kB
Inactive(anon):   425216 kB
Active(file):     106436 kB
Inactive(file):   156752 kB
Unevictable:          16 kB
Mlocked:              16 kB
SwapTotal:       4194300 kB
SwapFree:        4194300 kB
Zswap:                 0 kB
Zswapped:              0 kB
Dirty:                68 kB
Writeback:             0 kB
AnonPages:       3270800 kB
Mapped:           263520 kB
Shmem:             55972 kB
KReclaimable:      53872 kB
Slab:             280744 kB
SReclaimable:      53872 kB
SUnreclaim:       226872 kB
KernelStack:       18192 kB
PageTables:        48104 kB
SecPageTables:         0 kB
NFS_Unstable:          0 kB
Bounce:                0 kB
WritebackTmp:          0 kB
CommitLimit:     8258920 kB
Committed_AS:   11351104 kB
VmallocTotal:   34359738367 kB
VmallocUsed:       46392 kB
VmallocChunk:          0 kB
Percpu:            13280 kB
HardwareCorrupted:     0 kB
AnonHugePages:   1337344 kB
ShmemHugePages:        0 kB
ShmemPmdMapped:        0 kB
FileHugePages:         0 kB
FilePmdMapped:         0 kB
CmaTotal:              0 kB
CmaFree:               0 kB
Unaccepted:            0 kB
Balloon:               0 kB
HugePages_Total:       0
HugePages_Free:        0
HugePages_Rsvd:        0
HugePages_Surp:        0
Hugepagesize:       2048 kB
Hugetlb:               0 kB
DirectMap4k:      194432 kB
DirectMap2M:     6096896 kB
DirectMap1G:     4194304 kB
---SNAPSHOT---
2026-04-27 15:50:38
MemTotal:        8129240 kB
MemFree:         3611324 kB
MemAvailable:    3342320 kB
Buffers:            5888 kB
Cached:           313300 kB
SwapCached:            0 kB
Active:          3246912 kB
Inactive:         581988 kB
Active(anon):    3140476 kB
Inactive(anon):   425216 kB
Active(file):     106436 kB
Inactive(file):   156772 kB
Unevictable:          16 kB
Mlocked:              16 kB
SwapTotal:       4194300 kB
SwapFree:        4194300 kB
Zswap:                 0 kB
Zswapped:              0 kB
Dirty:                68 kB
Writeback:             0 kB
AnonPages:       3509808 kB
Mapped:           263520 kB
Shmem:             55972 kB
KReclaimable:      53872 kB
Slab:             280764 kB
SReclaimable:      53872 kB
SUnreclaim:       226892 kB
KernelStack:       18252 kB
PageTables:        48780 kB
SecPageTables:         0 kB
NFS_Unstable:          0 kB
Bounce:                0 kB
WritebackTmp:          0 kB
CommitLimit:     8258920 kB
Committed_AS:   11351364 kB
VmallocTotal:   34359738367 kB
VmallocUsed:       46440 kB
VmallocChunk:          0 kB
Percpu:            13280 kB
HardwareCorrupted:     0 kB
AnonHugePages:   1343488 kB
ShmemHugePages:        0 kB
ShmemPmdMapped:        0 kB
FileHugePages:         0 kB
FilePmdMapped:         0 kB
CmaTotal:              0 kB
CmaFree:               0 kB
Unaccepted:            0 kB
Balloon:               0 kB
HugePages_Total:       0
HugePages_Free:        0
HugePages_Rsvd:        0
HugePages_Surp:        0
Hugepagesize:       2048 kB
Hugetlb:               0 kB
DirectMap4k:      194432 kB
DirectMap2M:     6096896 kB
DirectMap1G:     4194304 kB
---SNAPSHOT---
2026-04-27 15:50:39
MemTotal:        8129240 kB
MemFree:         3609020 kB
MemAvailable:    3340020 kB
Buffers:            5900 kB
Cached:           313296 kB
SwapCached:       129732 kB
Active:          3169664 kB
Inactive:         710360 kB
Active(anon):    3063228 kB
Inactive(anon):   553580 kB
Active(file):     106436 kB
Inactive(file):   156780 kB
Unevictable:          16 kB
Mlocked:              16 kB
SwapTotal:       4194300 kB
SwapFree:        4064420 kB
Zswap:                 0 kB
Zswapped:              0 kB
Dirty:                72 kB
Writeback:           912 kB
AnonPages:       3432816 kB
Mapped:           263520 kB
Shmem:             55972 kB
KReclaimable:      53872 kB
Slab:             280760 kB
SReclaimable:      53872 kB
SUnreclaim:       226888 kB
KernelStack:       18192 kB
PageTables:        49164 kB
SecPageTables:         0 kB
NFS_Unstable:          0 kB
Bounce:                0 kB
WritebackTmp:          0 kB
CommitLimit:     8258920 kB
Committed_AS:   11350944 kB
VmallocTotal:   34359738367 kB
VmallocUsed:       46440 kB
VmallocChunk:          0 kB
Percpu:            13280 kB
HardwareCorrupted:     0 kB
AnonHugePages:   1761280 kB
ShmemHugePages:        0 kB
ShmemPmdMapped:        0 kB
FileHugePages:         0 kB
FilePmdMapped:         0 kB
CmaTotal:              0 kB
CmaFree:               0 kB
Unaccepted:            0 kB
Balloon:               0 kB
HugePages_Total:       0
HugePages_Free:        0
HugePages_Rsvd:        0
HugePages_Surp:        0
Hugepagesize:       2048 kB
Hugetlb:               0 kB
DirectMap4k:      194432 kB
DirectMap2M:     6096896 kB
DirectMap1G:     4194304 kB
---SNAPSHOT---
2026-04-27 15:50:40
MemTotal:        8129240 kB
MemFree:         3674800 kB
MemAvailable:    3405808 kB
Buffers:            5900 kB
Cached:           313308 kB
SwapCached:          152 kB
Active:          3195204 kB
Inactive:         582196 kB
Active(anon):    3088768 kB
Inactive(anon):   425400 kB
Active(file):     106436 kB
Inactive(file):   156796 kB
Unevictable:          16 kB
Mlocked:              16 kB
SwapTotal:       4194300 kB
SwapFree:        4194300 kB
Zswap:                 0 kB
Zswapped:              0 kB
Dirty:               100 kB
Writeback:           212 kB
AnonPages:       3458080 kB
Mapped:           263520 kB
Shmem:             55972 kB
KReclaimable:      53872 kB
Slab:             280840 kB
SReclaimable:      53872 kB
SUnreclaim:       226968 kB
KernelStack:       18192 kB
PageTables:        49896 kB
SecPageTables:         0 kB
NFS_Unstable:          0 kB
Bounce:                0 kB
WritebackTmp:          0 kB
CommitLimit:     8258920 kB
Committed_AS:   11351356 kB
VmallocTotal:   34359738367 kB
VmallocUsed:       46392 kB
VmallocChunk:          0 kB
Percpu:            13280 kB
HardwareCorrupted:     0 kB
AnonHugePages:   1787904 kB
ShmemHugePages:        0 kB
ShmemPmdMapped:        0 kB
FileHugePages:         0 kB
FilePmdMapped:         0 kB
CmaTotal:              0 kB
CmaFree:               0 kB
Unaccepted:            0 kB
Balloon:               0 kB
HugePages_Total:       0
HugePages_Free:        0
HugePages_Rsvd:        0
HugePages_Surp:        0
Hugepagesize:       2048 kB
Hugetlb:               0 kB
DirectMap4k:      194432 kB
DirectMap2M:     6096896 kB
DirectMap1G:     4194304 kB
---SNAPSHOT---
2026-04-27 15:50:41
MemTotal:        8129240 kB
MemFree:         3496200 kB
MemAvailable:    3227212 kB
Buffers:            5900 kB
Cached:           313316 kB
SwapCached:       576320 kB
Active:          2800320 kB
Inactive:        1155784 kB
Active(anon):    2693884 kB
Inactive(anon):   998980 kB
Active(file):     106436 kB
Inactive(file):   156804 kB
Unevictable:          16 kB
Mlocked:              16 kB
SwapTotal:       4194300 kB
SwapFree:        3617976 kB
Zswap:                 0 kB
Zswapped:              0 kB
Dirty:               104 kB
Writeback:          2448 kB
AnonPages:       3062992 kB
Mapped:           263520 kB
Shmem:             55972 kB
KReclaimable:      53872 kB
Slab:             281040 kB
SReclaimable:      53872 kB
SUnreclaim:       227168 kB
KernelStack:       18192 kB
PageTables:        49176 kB
SecPageTables:         0 kB
NFS_Unstable:          0 kB
Bounce:                0 kB
WritebackTmp:          0 kB
CommitLimit:     8258920 kB
Committed_AS:   11351600 kB
VmallocTotal:   34359738367 kB
VmallocUsed:       46424 kB
VmallocChunk:          0 kB
Percpu:            13280 kB
HardwareCorrupted:     0 kB
AnonHugePages:   1392640 kB
ShmemHugePages:        0 kB
ShmemPmdMapped:        0 kB
FileHugePages:         0 kB
FilePmdMapped:         0 kB
CmaTotal:              0 kB
CmaFree:               0 kB
Unaccepted:            0 kB
Balloon:               0 kB
HugePages_Total:       0
HugePages_Free:        0
HugePages_Rsvd:        0
HugePages_Surp:        0
Hugepagesize:       2048 kB
Hugetlb:               0 kB
DirectMap4k:      194432 kB
DirectMap2M:     6096896 kB
DirectMap1G:     4194304 kB
---SNAPSHOT---
2026-04-27 15:50:42
MemTotal:        8129240 kB
MemFree:         2897200 kB
MemAvailable:    2628216 kB
Buffers:            5900 kB
Cached:           313320 kB
SwapCached:          104 kB
Active:          3938628 kB
Inactive:         582092 kB
Active(anon):    3832192 kB
Inactive(anon):   425284 kB
Active(file):     106436 kB
Inactive(file):   156808 kB
Unevictable:          16 kB
Mlocked:              16 kB
SwapTotal:       4194300 kB
SwapFree:        4194300 kB
Zswap:                 0 kB
Zswapped:              0 kB
Dirty:               108 kB
Writeback:             0 kB
AnonPages:       4201568 kB
Mapped:           263520 kB
Shmem:             55972 kB
KReclaimable:      53872 kB
Slab:             280912 kB
SReclaimable:      53872 kB
SUnreclaim:       227040 kB
KernelStack:       18192 kB
PageTables:        50420 kB
SecPageTables:         0 kB
NFS_Unstable:          0 kB
Bounce:                0 kB
WritebackTmp:          0 kB
CommitLimit:     8258920 kB
Committed_AS:   11351596 kB
VmallocTotal:   34359738367 kB
VmallocUsed:       46424 kB
VmallocChunk:          0 kB
Percpu:            13280 kB
HardwareCorrupted:     0 kB
AnonHugePages:   2529280 kB
ShmemHugePages:        0 kB
ShmemPmdMapped:        0 kB
FileHugePages:         0 kB
FilePmdMapped:         0 kB
CmaTotal:              0 kB
CmaFree:               0 kB
Unaccepted:            0 kB
Balloon:               0 kB
HugePages_Total:       0
HugePages_Free:        0
HugePages_Rsvd:        0
HugePages_Surp:        0
Hugepagesize:       2048 kB
Hugetlb:               0 kB
DirectMap4k:      194432 kB
DirectMap2M:     6096896 kB
DirectMap1G:     4194304 kB
---SNAPSHOT---
2026-04-27 15:50:43
MemTotal:        8129240 kB
MemFree:         3630316 kB
MemAvailable:    3361336 kB
Buffers:            5900 kB
Cached:           313328 kB
SwapCached:            0 kB
Active:          3152812 kB
Inactive:         582032 kB
Active(anon):    3046376 kB
Inactive(anon):   425216 kB
Active(file):     106436 kB
Inactive(file):   156816 kB
Unevictable:          16 kB
Mlocked:              16 kB
SwapTotal:       4194300 kB
SwapFree:        4194300 kB
Zswap:                 0 kB
Zswapped:              0 kB
Dirty:               116 kB
Writeback:             0 kB
AnonPages:       3415572 kB
Mapped:           263520 kB
Shmem:             55972 kB
KReclaimable:      53872 kB
Slab:             280756 kB
SReclaimable:      53872 kB
SUnreclaim:       226884 kB
KernelStack:       18176 kB
PageTables:        49072 kB
SecPageTables:         0 kB
NFS_Unstable:          0 kB
Bounce:                0 kB
WritebackTmp:          0 kB
CommitLimit:     8258920 kB
Committed_AS:   11351192 kB
VmallocTotal:   34359738367 kB
VmallocUsed:       46408 kB
VmallocChunk:          0 kB
Percpu:            13280 kB
HardwareCorrupted:     0 kB
AnonHugePages:   1630208 kB
ShmemHugePages:        0 kB
ShmemPmdMapped:        0 kB
FileHugePages:         0 kB
FilePmdMapped:         0 kB
CmaTotal:              0 kB
CmaFree:               0 kB
Unaccepted:            0 kB
Balloon:               0 kB
HugePages_Total:       0
HugePages_Free:        0
HugePages_Rsvd:        0
HugePages_Surp:        0
Hugepagesize:       2048 kB
Hugetlb:               0 kB
DirectMap4k:      194432 kB
DirectMap2M:     6096896 kB
DirectMap1G:     4194304 kB
---SNAPSHOT---
2026-04-27 15:50:44
MemTotal:        8129240 kB
MemFree:         4154744 kB
MemAvailable:    3885764 kB
Buffers:            5908 kB
Cached:           313340 kB
SwapCached:            0 kB
Active:          2601360 kB
Inactive:         582032 kB
Active(anon):    2494924 kB
Inactive(anon):   425216 kB
Active(file):     106436 kB
Inactive(file):   156816 kB
Unevictable:          16 kB
Mlocked:              16 kB
SwapTotal:       4194300 kB
SwapFree:        4194300 kB
Zswap:                 0 kB
Zswapped:              0 kB
Dirty:               136 kB
Writeback:             0 kB
AnonPages:       2864300 kB
Mapped:           263520 kB
Shmem:             55972 kB
KReclaimable:      53872 kB
Slab:             280760 kB
SReclaimable:      53872 kB
SUnreclaim:       226888 kB
KernelStack:       18192 kB
PageTables:        48628 kB
SecPageTables:         0 kB
NFS_Unstable:          0 kB
Bounce:                0 kB
WritebackTmp:          0 kB
CommitLimit:     8258920 kB
Committed_AS:   11351076 kB
VmallocTotal:   34359738367 kB
VmallocUsed:       46392 kB
VmallocChunk:          0 kB
Percpu:            13280 kB
HardwareCorrupted:     0 kB
AnonHugePages:    851968 kB
ShmemHugePages:        0 kB
ShmemPmdMapped:        0 kB
FileHugePages:         0 kB
FilePmdMapped:         0 kB
CmaTotal:              0 kB
CmaFree:               0 kB
Unaccepted:            0 kB
Balloon:               0 kB
HugePages_Total:       0
HugePages_Free:        0
HugePages_Rsvd:        0
HugePages_Surp:        0
Hugepagesize:       2048 kB
Hugetlb:               0 kB
DirectMap4k:      194432 kB
DirectMap2M:     6096896 kB
DirectMap1G:     4194304 kB
---SNAPSHOT---
2026-04-27 15:50:45
MemTotal:        8129240 kB
MemFree:         3795924 kB
MemAvailable:    3526956 kB
Buffers:            5908 kB
Cached:           313344 kB
SwapCached:            0 kB
Active:          2994436 kB
Inactive:         582056 kB
Active(anon):    2888000 kB
Inactive(anon):   425216 kB
Active(file):     106436 kB
Inactive(file):   156840 kB
Unevictable:          16 kB
Mlocked:              16 kB
SwapTotal:       4194300 kB
SwapFree:        4194300 kB
Zswap:                 0 kB
Zswapped:              0 kB
Dirty:               140 kB
Writeback:             0 kB
AnonPages:       3257432 kB
Mapped:           263520 kB
Shmem:             55972 kB
KReclaimable:      53872 kB
Slab:             280760 kB
SReclaimable:      53872 kB
SUnreclaim:       226888 kB
KernelStack:       18192 kB
PageTables:        49160 kB
SecPageTables:         0 kB
NFS_Unstable:          0 kB
Bounce:                0 kB
WritebackTmp:          0 kB
CommitLimit:     8258920 kB
Committed_AS:   11351488 kB
VmallocTotal:   34359738367 kB
VmallocUsed:       46376 kB
VmallocChunk:          0 kB
Percpu:            13280 kB
HardwareCorrupted:     0 kB
AnonHugePages:   1013760 kB
ShmemHugePages:        0 kB
ShmemPmdMapped:        0 kB
FileHugePages:         0 kB
FilePmdMapped:         0 kB
CmaTotal:              0 kB
CmaFree:               0 kB
Unaccepted:            0 kB
Balloon:               0 kB
HugePages_Total:       0
HugePages_Free:        0
HugePages_Rsvd:        0
HugePages_Surp:        0
Hugepagesize:       2048 kB
Hugetlb:               0 kB
DirectMap4k:      194432 kB
DirectMap2M:     6096896 kB
DirectMap1G:     4194304 kB
---SNAPSHOT---
2026-04-27 15:50:46
MemTotal:        8129240 kB
MemFree:         4054796 kB
MemAvailable:    3785832 kB
Buffers:            5916 kB
Cached:           313352 kB
SwapCached:            0 kB
Active:          2744172 kB
Inactive:         582064 kB
Active(anon):    2637736 kB
Inactive(anon):   425216 kB
Active(file):     106436 kB
Inactive(file):   156848 kB
Unevictable:          16 kB
Mlocked:              16 kB
SwapTotal:       4194300 kB
SwapFree:        4194300 kB
Zswap:                 0 kB
Zswapped:              0 kB
Dirty:               156 kB
Writeback:             0 kB
AnonPages:       3006448 kB
Mapped:           263520 kB
Shmem:             55972 kB
KReclaimable:      53872 kB
Slab:             280764 kB
SReclaimable:      53872 kB
SUnreclaim:       226892 kB
KernelStack:       18116 kB
PageTables:        48220 kB
SecPageTables:         0 kB
NFS_Unstable:          0 kB
Bounce:                0 kB
WritebackTmp:          0 kB
CommitLimit:     8258920 kB
Committed_AS:   11351136 kB
VmallocTotal:   34359738367 kB
VmallocUsed:       46392 kB
VmallocChunk:          0 kB
Percpu:            13280 kB
HardwareCorrupted:     0 kB
AnonHugePages:   1337344 kB
ShmemHugePages:        0 kB
ShmemPmdMapped:        0 kB
FileHugePages:         0 kB
FilePmdMapped:         0 kB
CmaTotal:              0 kB
CmaFree:               0 kB
Unaccepted:            0 kB
Balloon:               0 kB
HugePages_Total:       0
HugePages_Free:        0
HugePages_Rsvd:        0
HugePages_Surp:        0
Hugepagesize:       2048 kB
Hugetlb:               0 kB
DirectMap4k:      194432 kB
DirectMap2M:     6096896 kB
DirectMap1G:     4194304 kB
---SNAPSHOT---
2026-04-27 15:50:47
MemTotal:        8129240 kB
MemFree:         3698456 kB
MemAvailable:    3429496 kB
Buffers:            5916 kB
Cached:           313356 kB
SwapCached:            0 kB
Active:          3128560 kB
Inactive:         582072 kB
Active(anon):    3022124 kB
Inactive(anon):   425216 kB
Active(file):     106436 kB
Inactive(file):   156856 kB
Unevictable:          16 kB
Mlocked:              16 kB
SwapTotal:       4194300 kB
SwapFree:        4194300 kB
Zswap:                 0 kB
Zswapped:              0 kB
Dirty:               160 kB
Writeback:             0 kB
AnonPages:       3391536 kB
Mapped:           263520 kB
Shmem:             55972 kB
KReclaimable:      53872 kB
Slab:             280760 kB
SReclaimable:      53872 kB
SUnreclaim:       226888 kB
KernelStack:       18192 kB
PageTables:        48716 kB
SecPageTables:         0 kB
NFS_Unstable:          0 kB
Bounce:                0 kB
WritebackTmp:          0 kB
CommitLimit:     8258920 kB
Committed_AS:   11351104 kB
VmallocTotal:   34359738367 kB
VmallocUsed:       46408 kB
VmallocChunk:          0 kB
Percpu:            13280 kB
HardwareCorrupted:     0 kB
AnonHugePages:   1511424 kB
ShmemHugePages:        0 kB
ShmemPmdMapped:        0 kB
FileHugePages:         0 kB
FilePmdMapped:         0 kB
CmaTotal:              0 kB
CmaFree:               0 kB
Unaccepted:            0 kB
Balloon:               0 kB
HugePages_Total:       0
HugePages_Free:        0
HugePages_Rsvd:        0
HugePages_Surp:        0
Hugepagesize:       2048 kB
Hugetlb:               0 kB
DirectMap4k:      194432 kB
DirectMap2M:     6096896 kB
DirectMap1G:     4194304 kB
---SNAPSHOT---
2026-04-27 15:50:48
MemTotal:        8129240 kB
MemFree:         3974948 kB
MemAvailable:    3705992 kB
Buffers:            5916 kB
Cached:           313364 kB
SwapCached:            0 kB
Active:          2826516 kB
Inactive:         582084 kB
Active(anon):    2720080 kB
Inactive(anon):   425216 kB
Active(file):     106436 kB
Inactive(file):   156868 kB
Unevictable:          16 kB
Mlocked:              16 kB
SwapTotal:       4194300 kB
SwapFree:        4194300 kB
Zswap:                 0 kB
Zswapped:              0 kB
Dirty:               168 kB
Writeback:             0 kB
AnonPages:       3089572 kB
Mapped:           263520 kB
Shmem:             55972 kB
KReclaimable:      53872 kB
Slab:             280764 kB
SReclaimable:      53872 kB
SUnreclaim:       226892 kB
KernelStack:       18192 kB
PageTables:        48904 kB
SecPageTables:         0 kB
NFS_Unstable:          0 kB
Bounce:                0 kB
WritebackTmp:          0 kB
CommitLimit:     8258920 kB
Committed_AS:   11351228 kB
VmallocTotal:   34359738367 kB
VmallocUsed:       46408 kB
VmallocChunk:          0 kB
Percpu:            13280 kB
HardwareCorrupted:     0 kB
AnonHugePages:    976896 kB
ShmemHugePages:        0 kB
ShmemPmdMapped:        0 kB
FileHugePages:         0 kB
FilePmdMapped:         0 kB
CmaTotal:              0 kB
CmaFree:               0 kB
Unaccepted:            0 kB
Balloon:               0 kB
HugePages_Total:       0
HugePages_Free:        0
HugePages_Rsvd:        0
HugePages_Surp:        0
Hugepagesize:       2048 kB
Hugetlb:               0 kB
DirectMap4k:      194432 kB
DirectMap2M:     6096896 kB
DirectMap1G:     4194304 kB
---SNAPSHOT---
2026-04-27 15:50:49
MemTotal:        8129240 kB
MemFree:         4237100 kB
MemAvailable:    3968144 kB
Buffers:            5916 kB
Cached:           313368 kB
SwapCached:            0 kB
Active:          2547372 kB
Inactive:         582084 kB
Active(anon):    2440936 kB
Inactive(anon):   425216 kB
Active(file):     106436 kB
Inactive(file):   156868 kB
Unevictable:          16 kB
Mlocked:              16 kB
SwapTotal:       4194300 kB
SwapFree:        4194300 kB
Zswap:                 0 kB
Zswapped:              0 kB
Dirty:               172 kB
Writeback:             0 kB
AnonPages:       2810296 kB
Mapped:           263520 kB
Shmem:             55972 kB
KReclaimable:      53872 kB
Slab:             280760 kB
SReclaimable:      53872 kB
SUnreclaim:       226888 kB
KernelStack:       18192 kB
PageTables:        48168 kB
SecPageTables:         0 kB
NFS_Unstable:          0 kB
Bounce:                0 kB
WritebackTmp:          0 kB
CommitLimit:     8258920 kB
Committed_AS:   11350884 kB
VmallocTotal:   34359738367 kB
VmallocUsed:       46392 kB
VmallocChunk:          0 kB
Percpu:            13280 kB
HardwareCorrupted:     0 kB
AnonHugePages:   1140736 kB
ShmemHugePages:        0 kB
ShmemPmdMapped:        0 kB
FileHugePages:         0 kB
FilePmdMapped:         0 kB
CmaTotal:              0 kB
CmaFree:               0 kB
Unaccepted:            0 kB
Balloon:               0 kB
HugePages_Total:       0
HugePages_Free:        0
HugePages_Rsvd:        0
HugePages_Surp:        0
Hugepagesize:       2048 kB
Hugetlb:               0 kB
DirectMap4k:      194432 kB
DirectMap2M:     6096896 kB
DirectMap1G:     4194304 kB
---SNAPSHOT---
2026-04-27 15:50:50
MemTotal:        8129240 kB
MemFree:         3852748 kB
MemAvailable:    3583796 kB
Buffers:            5916 kB
Cached:           313372 kB
SwapCached:            0 kB
Active:          2950344 kB
Inactive:         582092 kB
Active(anon):    2843908 kB
Inactive(anon):   425216 kB
Active(file):     106436 kB
Inactive(file):   156876 kB
Unevictable:          16 kB
Mlocked:              16 kB
SwapTotal:       4194300 kB
SwapFree:        4194300 kB
Zswap:                 0 kB
Zswapped:              0 kB
Dirty:               176 kB
Writeback:             0 kB
AnonPages:       3213296 kB
Mapped:           263520 kB
Shmem:             55972 kB
KReclaimable:      53872 kB
Slab:             280752 kB
SReclaimable:      53872 kB
SUnreclaim:       226880 kB
KernelStack:       18192 kB
PageTables:        48716 kB
SecPageTables:         0 kB
NFS_Unstable:          0 kB
Bounce:                0 kB
WritebackTmp:          0 kB
CommitLimit:     8258920 kB
Committed_AS:   11351372 kB
VmallocTotal:   34359738367 kB
VmallocUsed:       46392 kB
VmallocChunk:          0 kB
Percpu:            13280 kB
HardwareCorrupted:     0 kB
AnonHugePages:   1544192 kB
ShmemHugePages:        0 kB
ShmemPmdMapped:        0 kB
FileHugePages:         0 kB
FilePmdMapped:         0 kB
CmaTotal:              0 kB
CmaFree:               0 kB
Unaccepted:            0 kB
Balloon:               0 kB
HugePages_Total:       0
HugePages_Free:        0
HugePages_Rsvd:        0
HugePages_Surp:        0
Hugepagesize:       2048 kB
Hugetlb:               0 kB
DirectMap4k:      194432 kB
DirectMap2M:     6096896 kB
DirectMap1G:     4194304 kB
---SNAPSHOT---
2026-04-27 15:50:51
MemTotal:        8129240 kB
MemFree:         4038820 kB
MemAvailable:    3769872 kB
Buffers:            5924 kB
Cached:           313380 kB
SwapCached:            0 kB
Active:          2745636 kB
Inactive:         582100 kB
Active(anon):    2639200 kB
Inactive(anon):   425216 kB
Active(file):     106436 kB
Inactive(file):   156884 kB
Unevictable:          16 kB
Mlocked:              16 kB
SwapTotal:       4194300 kB
SwapFree:        4194300 kB
Zswap:                 0 kB
Zswapped:              0 kB
Dirty:               184 kB
Writeback:             0 kB
AnonPages:       3008728 kB
Mapped:           263520 kB
Shmem:             55972 kB
KReclaimable:      53872 kB
Slab:             280760 kB
SReclaimable:      53872 kB
SUnreclaim:       226888 kB
KernelStack:       18192 kB
PageTables:        48052 kB
SecPageTables:         0 kB
NFS_Unstable:          0 kB
Bounce:                0 kB
WritebackTmp:          0 kB
CommitLimit:     8258920 kB
Committed_AS:   11351596 kB
VmallocTotal:   34359738367 kB
VmallocUsed:       46376 kB
VmallocChunk:          0 kB
Percpu:            13280 kB
HardwareCorrupted:     0 kB
AnonHugePages:   1339392 kB
ShmemHugePages:        0 kB
ShmemPmdMapped:        0 kB
FileHugePages:         0 kB
FilePmdMapped:         0 kB
CmaTotal:              0 kB
CmaFree:               0 kB
Unaccepted:            0 kB
Balloon:               0 kB
HugePages_Total:       0
HugePages_Free:        0
HugePages_Rsvd:        0
HugePages_Surp:        0
Hugepagesize:       2048 kB
Hugetlb:               0 kB
DirectMap4k:      194432 kB
DirectMap2M:     6096896 kB
DirectMap1G:     4194304 kB
---SNAPSHOT---
2026-04-27 15:50:52
MemTotal:        8129240 kB
MemFree:         3648180 kB
MemAvailable:    3379240 kB
Buffers:            5924 kB
Cached:           313384 kB
SwapCached:            0 kB
Active:          3169828 kB
Inactive:         582112 kB
Active(anon):    3063392 kB
Inactive(anon):   425216 kB
Active(file):     106436 kB
Inactive(file):   156896 kB
Unevictable:          16 kB
Mlocked:              16 kB
SwapTotal:       4194300 kB
SwapFree:        4194300 kB
Zswap:                 0 kB
Zswapped:              0 kB
Dirty:               188 kB
Writeback:             0 kB
AnonPages:       3432900 kB
Mapped:           263748 kB
Shmem:             55972 kB
KReclaimable:      53872 kB
Slab:             280768 kB
SReclaimable:      53872 kB
SUnreclaim:       226896 kB
KernelStack:       18192 kB
PageTables:        48940 kB
SecPageTables:         0 kB
NFS_Unstable:          0 kB
Bounce:                0 kB
WritebackTmp:          0 kB
CommitLimit:     8258920 kB
Committed_AS:   11350968 kB
VmallocTotal:   34359738367 kB
VmallocUsed:       46408 kB
VmallocChunk:          0 kB
Percpu:            13280 kB
HardwareCorrupted:     0 kB
AnonHugePages:   1763328 kB
ShmemHugePages:        0 kB
ShmemPmdMapped:        0 kB
FileHugePages:         0 kB
FilePmdMapped:         0 kB
CmaTotal:              0 kB
CmaFree:               0 kB
Unaccepted:            0 kB
Balloon:               0 kB
HugePages_Total:       0
HugePages_Free:        0
HugePages_Rsvd:        0
HugePages_Surp:        0
Hugepagesize:       2048 kB
Hugetlb:               0 kB
DirectMap4k:      194432 kB
DirectMap2M:     6096896 kB
DirectMap1G:     4194304 kB
---SNAPSHOT---
2026-04-27 15:50:53
MemTotal:        8129240 kB
MemFree:         3840692 kB
MemAvailable:    3571752 kB
Buffers:            5924 kB
Cached:           313392 kB
SwapCached:            0 kB
Active:          2946444 kB
Inactive:         582116 kB
Active(anon):    2840008 kB
Inactive(anon):   425216 kB
Active(file):     106436 kB
Inactive(file):   156900 kB
Unevictable:          16 kB
Mlocked:              16 kB
SwapTotal:       4194300 kB
SwapFree:        4194300 kB
Zswap:                 0 kB
Zswapped:              0 kB
Dirty:               196 kB
Writeback:             0 kB
AnonPages:       3209432 kB
Mapped:           263520 kB
Shmem:             55972 kB
KReclaimable:      53872 kB
Slab:             280776 kB
SReclaimable:      53872 kB
SUnreclaim:       226904 kB
KernelStack:       18192 kB
PageTables:        48420 kB
SecPageTables:         0 kB
NFS_Unstable:          0 kB
Bounce:                0 kB
WritebackTmp:          0 kB
CommitLimit:     8258920 kB
Committed_AS:   11351592 kB
VmallocTotal:   34359738367 kB
VmallocUsed:       46424 kB
VmallocChunk:          0 kB
Percpu:            13280 kB
HardwareCorrupted:     0 kB
AnonHugePages:   1540096 kB
ShmemHugePages:        0 kB
ShmemPmdMapped:        0 kB
FileHugePages:         0 kB
FilePmdMapped:         0 kB
CmaTotal:              0 kB
CmaFree:               0 kB
Unaccepted:            0 kB
Balloon:               0 kB
HugePages_Total:       0
HugePages_Free:        0
HugePages_Rsvd:        0
HugePages_Surp:        0
Hugepagesize:       2048 kB
Hugetlb:               0 kB
DirectMap4k:      194432 kB
DirectMap2M:     6096896 kB
DirectMap1G:     4194304 kB
---SNAPSHOT---
2026-04-27 15:50:54
MemTotal:        8129240 kB
MemFree:         4058032 kB
MemAvailable:    3789096 kB
Buffers:            5924 kB
Cached:           313396 kB
SwapCached:            0 kB
Active:          2731504 kB
Inactive:         582124 kB
Active(anon):    2625068 kB
Inactive(anon):   425216 kB
Active(file):     106436 kB
Inactive(file):   156908 kB
Unevictable:          16 kB
Mlocked:              16 kB
SwapTotal:       4194300 kB
SwapFree:        4194300 kB
Zswap:                 0 kB
Zswapped:              0 kB
Dirty:               200 kB
Writeback:             0 kB
AnonPages:       2994440 kB
Mapped:           263520 kB
Shmem:             55972 kB
KReclaimable:      53872 kB
Slab:             280764 kB
SReclaimable:      53872 kB
SUnreclaim:       226892 kB
KernelStack:       18192 kB
PageTables:        48404 kB
SecPageTables:         0 kB
NFS_Unstable:          0 kB
Bounce:                0 kB
WritebackTmp:          0 kB
CommitLimit:     8258920 kB
Committed_AS:   11351100 kB
VmallocTotal:   34359738367 kB
VmallocUsed:       46376 kB
VmallocChunk:          0 kB
Percpu:            13280 kB
HardwareCorrupted:     0 kB
AnonHugePages:   1325056 kB
ShmemHugePages:        0 kB
ShmemPmdMapped:        0 kB
FileHugePages:         0 kB
FilePmdMapped:         0 kB
CmaTotal:              0 kB
CmaFree:               0 kB
Unaccepted:            0 kB
Balloon:               0 kB
HugePages_Total:       0
HugePages_Free:        0
HugePages_Rsvd:        0
HugePages_Surp:        0
Hugepagesize:       2048 kB
Hugetlb:               0 kB
DirectMap4k:      194432 kB
DirectMap2M:     6096896 kB
DirectMap1G:     4194304 kB
---SNAPSHOT---
2026-04-27 15:50:55
MemTotal:        8129240 kB
MemFree:         3663888 kB
MemAvailable:    3394956 kB
Buffers:            5924 kB
Cached:           313400 kB
SwapCached:            0 kB
Active:          3130628 kB
Inactive:         582128 kB
Active(anon):    3024192 kB
Inactive(anon):   425216 kB
Active(file):     106436 kB
Inactive(file):   156912 kB
Unevictable:          16 kB
Mlocked:              16 kB
SwapTotal:       4194300 kB
SwapFree:        4194300 kB
Zswap:                 0 kB
Zswapped:              0 kB
Dirty:               204 kB
Writeback:             0 kB
AnonPages:       3393752 kB
Mapped:           263520 kB
Shmem:             55972 kB
KReclaimable:      53872 kB
Slab:             280756 kB
SReclaimable:      53872 kB
SUnreclaim:       226884 kB
KernelStack:       18192 kB
PageTables:        48852 kB
SecPageTables:         0 kB
NFS_Unstable:          0 kB
Bounce:                0 kB
WritebackTmp:          0 kB
CommitLimit:     8258920 kB
Committed_AS:   11351100 kB
VmallocTotal:   34359738367 kB
VmallocUsed:       46408 kB
VmallocChunk:          0 kB
Percpu:            13280 kB
HardwareCorrupted:     0 kB
AnonHugePages:   1609728 kB
ShmemHugePages:        0 kB
ShmemPmdMapped:        0 kB
FileHugePages:         0 kB
FilePmdMapped:         0 kB
CmaTotal:              0 kB
CmaFree:               0 kB
Unaccepted:            0 kB
Balloon:               0 kB
HugePages_Total:       0
HugePages_Free:        0
HugePages_Rsvd:        0
HugePages_Surp:        0
Hugepagesize:       2048 kB
Hugetlb:               0 kB
DirectMap4k:      194432 kB
DirectMap2M:     6096896 kB
DirectMap1G:     4194304 kB
---SNAPSHOT---
2026-04-27 15:50:56
MemTotal:        8129240 kB
MemFree:         3884940 kB
MemAvailable:    3616012 kB
Buffers:            5932 kB
Cached:           313400 kB
SwapCached:            0 kB
Active:          2873048 kB
Inactive:         582136 kB
Active(anon):    2766612 kB
Inactive(anon):   425216 kB
Active(file):     106436 kB
Inactive(file):   156920 kB
Unevictable:          16 kB
Mlocked:              16 kB
SwapTotal:       4194300 kB
SwapFree:        4194300 kB
Zswap:                 0 kB
Zswapped:              0 kB
Dirty:               212 kB
Writeback:             0 kB
AnonPages:       3136024 kB
Mapped:           263520 kB
Shmem:             55972 kB
KReclaimable:      53872 kB
Slab:             280760 kB
SReclaimable:      53872 kB
SUnreclaim:       226888 kB
KernelStack:       18148 kB
PageTables:        49456 kB
SecPageTables:         0 kB
NFS_Unstable:          0 kB
Bounce:                0 kB
WritebackTmp:          0 kB
CommitLimit:     8258920 kB
Committed_AS:   11351596 kB
VmallocTotal:   34359738367 kB
VmallocUsed:       46408 kB
VmallocChunk:          0 kB
Percpu:            13280 kB
HardwareCorrupted:     0 kB
AnonHugePages:   1124352 kB
ShmemHugePages:        0 kB
ShmemPmdMapped:        0 kB
FileHugePages:         0 kB
FilePmdMapped:         0 kB
CmaTotal:              0 kB
CmaFree:               0 kB
Unaccepted:            0 kB
Balloon:               0 kB
HugePages_Total:       0
HugePages_Free:        0
HugePages_Rsvd:        0
HugePages_Surp:        0
Hugepagesize:       2048 kB
Hugetlb:               0 kB
DirectMap4k:      194432 kB
DirectMap2M:     6096896 kB
DirectMap1G:     4194304 kB
---SNAPSHOT---
2026-04-27 15:50:57
MemTotal:        8129240 kB
MemFree:         3171536 kB
MemAvailable:    2902612 kB
Buffers:            5932 kB
Cached:           313412 kB
SwapCached:            0 kB
Active:          3638680 kB
Inactive:         582148 kB
Active(anon):    3532244 kB
Inactive(anon):   425216 kB
Active(file):     106436 kB
Inactive(file):   156932 kB
Unevictable:          16 kB
Mlocked:              16 kB
SwapTotal:       4194300 kB
SwapFree:        4194300 kB
Zswap:                 0 kB
Zswapped:              0 kB
Dirty:               216 kB
Writeback:             0 kB
AnonPages:       3901692 kB
Mapped:           263520 kB
Shmem:             55972 kB
KReclaimable:      53872 kB
Slab:             280760 kB
SReclaimable:      53872 kB
SUnreclaim:       226888 kB
KernelStack:       18208 kB
PageTables:        50340 kB
SecPageTables:         0 kB
NFS_Unstable:          0 kB
Bounce:                0 kB
WritebackTmp:          0 kB
CommitLimit:     8258920 kB
Committed_AS:   11351100 kB
VmallocTotal:   34359738367 kB
VmallocUsed:       46360 kB
VmallocChunk:          0 kB
Percpu:            13280 kB
HardwareCorrupted:     0 kB
AnonHugePages:   1658880 kB
ShmemHugePages:        0 kB
ShmemPmdMapped:        0 kB
FileHugePages:         0 kB
FilePmdMapped:         0 kB
CmaTotal:              0 kB
CmaFree:               0 kB
Unaccepted:            0 kB
Balloon:               0 kB
HugePages_Total:       0
HugePages_Free:        0
HugePages_Rsvd:        0
HugePages_Surp:        0
Hugepagesize:       2048 kB
Hugetlb:               0 kB
DirectMap4k:      194432 kB
DirectMap2M:     6096896 kB
DirectMap1G:     4194304 kB
---SNAPSHOT---
2026-04-27 15:50:58
MemTotal:        8129240 kB
MemFree:         3682468 kB
MemAvailable:    3413548 kB
Buffers:            5932 kB
Cached:           313420 kB
SwapCached:            0 kB
Active:          3095248 kB
Inactive:         582156 kB
Active(anon):    2988812 kB
Inactive(anon):   425216 kB
Active(file):     106436 kB
Inactive(file):   156940 kB
Unevictable:          16 kB
Mlocked:              16 kB
SwapTotal:       4194300 kB
SwapFree:        4194300 kB
Zswap:                 0 kB
Zswapped:              0 kB
Dirty:               224 kB
Writeback:             0 kB
AnonPages:       3358432 kB
Mapped:           263680 kB
Shmem:             55972 kB
KReclaimable:      53872 kB
Slab:             280756 kB
SReclaimable:      53872 kB
SUnreclaim:       226884 kB
KernelStack:       18224 kB
PageTables:        49452 kB
SecPageTables:         0 kB
NFS_Unstable:          0 kB
Bounce:                0 kB
WritebackTmp:          0 kB
CommitLimit:     8258920 kB
Committed_AS:   11351592 kB
VmallocTotal:   34359738367 kB
VmallocUsed:       46440 kB
VmallocChunk:          0 kB
Percpu:            13280 kB
HardwareCorrupted:     0 kB
AnonHugePages:   1544192 kB
ShmemHugePages:        0 kB
ShmemPmdMapped:        0 kB
FileHugePages:         0 kB
FilePmdMapped:         0 kB
CmaTotal:              0 kB
CmaFree:               0 kB
Unaccepted:            0 kB
Balloon:               0 kB
HugePages_Total:       0
HugePages_Free:        0
HugePages_Rsvd:        0
HugePages_Surp:        0
Hugepagesize:       2048 kB
Hugetlb:               0 kB
DirectMap4k:      194432 kB
DirectMap2M:     6096896 kB
DirectMap1G:     4194304 kB
---SNAPSHOT---
2026-04-27 15:50:59
MemTotal:        8129240 kB
MemFree:         4137508 kB
MemAvailable:    3868592 kB
Buffers:            5932 kB
Cached:           313424 kB
SwapCached:            0 kB
Active:          2649700 kB
Inactive:         582160 kB
Active(anon):    2543264 kB
Inactive(anon):   425216 kB
Active(file):     106436 kB
Inactive(file):   156944 kB
Unevictable:          16 kB
Mlocked:              16 kB
SwapTotal:       4194300 kB
SwapFree:        4194300 kB
Zswap:                 0 kB
Zswapped:              0 kB
Dirty:               228 kB
Writeback:             0 kB
AnonPages:       2912668 kB
Mapped:           263520 kB
Shmem:             55972 kB
KReclaimable:      53872 kB
Slab:             280760 kB
SReclaimable:      53872 kB
SUnreclaim:       226888 kB
KernelStack:       18192 kB
PageTables:        48224 kB
SecPageTables:         0 kB
NFS_Unstable:          0 kB
Bounce:                0 kB
WritebackTmp:          0 kB
CommitLimit:     8258920 kB
Committed_AS:   11350872 kB
VmallocTotal:   34359738367 kB
VmallocUsed:       46408 kB
VmallocChunk:          0 kB
Percpu:            13280 kB
HardwareCorrupted:     0 kB
AnonHugePages:    776192 kB
ShmemHugePages:        0 kB
ShmemPmdMapped:        0 kB
FileHugePages:         0 kB
FilePmdMapped:         0 kB
CmaTotal:              0 kB
CmaFree:               0 kB
Unaccepted:            0 kB
Balloon:               0 kB
HugePages_Total:       0
HugePages_Free:        0
HugePages_Rsvd:        0
HugePages_Surp:        0
Hugepagesize:       2048 kB
Hugetlb:               0 kB
DirectMap4k:      194432 kB
DirectMap2M:     6096896 kB
DirectMap1G:     4194304 kB
---SNAPSHOT---
2026-04-27 15:51:00
MemTotal:        8129240 kB
MemFree:         3257700 kB
MemAvailable:    2988784 kB
Buffers:            5932 kB
Cached:           313428 kB
SwapCached:            0 kB
Active:          3579388 kB
Inactive:         582164 kB
Active(anon):    3472952 kB
Inactive(anon):   425216 kB
Active(file):     106436 kB
Inactive(file):   156948 kB
Unevictable:          16 kB
Mlocked:              16 kB
SwapTotal:       4194300 kB
SwapFree:        4194300 kB
Zswap:                 0 kB
Zswapped:              0 kB
Dirty:               232 kB
Writeback:             0 kB
AnonPages:       3842472 kB
Mapped:           263540 kB
Shmem:             55972 kB
KReclaimable:      53872 kB
Slab:             280760 kB
SReclaimable:      53872 kB
SUnreclaim:       226888 kB
KernelStack:       18236 kB
PageTables:        49844 kB
SecPageTables:         0 kB
NFS_Unstable:          0 kB
Bounce:                0 kB
WritebackTmp:          0 kB
CommitLimit:     8258920 kB
Committed_AS:   11351216 kB
VmallocTotal:   34359738367 kB
VmallocUsed:       46408 kB
VmallocChunk:          0 kB
Percpu:            13280 kB
HardwareCorrupted:     0 kB
AnonHugePages:   1284096 kB
ShmemHugePages:        0 kB
ShmemPmdMapped:        0 kB
FileHugePages:         0 kB
FilePmdMapped:         0 kB
CmaTotal:              0 kB
CmaFree:               0 kB
Unaccepted:            0 kB
Balloon:               0 kB
HugePages_Total:       0
HugePages_Free:        0
HugePages_Rsvd:        0
HugePages_Surp:        0
Hugepagesize:       2048 kB
Hugetlb:               0 kB
DirectMap4k:      194432 kB
DirectMap2M:     6096896 kB
DirectMap1G:     4194304 kB
---SNAPSHOT---
2026-04-27 15:51:01
MemTotal:        8129240 kB
MemFree:         3683452 kB
MemAvailable:    3414540 kB
Buffers:            5940 kB
Cached:           313428 kB
SwapCached:            0 kB
Active:          3132684 kB
Inactive:         582168 kB
Active(anon):    3026248 kB
Inactive(anon):   425216 kB
Active(file):     106436 kB
Inactive(file):   156952 kB
Unevictable:          16 kB
Mlocked:              16 kB
SwapTotal:       4194300 kB
SwapFree:        4194300 kB
Zswap:                 0 kB
Zswapped:              0 kB
Dirty:               240 kB
Writeback:             0 kB
AnonPages:       3395932 kB
Mapped:           263520 kB
Shmem:             55972 kB
KReclaimable:      53872 kB
Slab:             280768 kB
SReclaimable:      53872 kB
SUnreclaim:       226896 kB
KernelStack:       18236 kB
PageTables:        48932 kB
SecPageTables:         0 kB
NFS_Unstable:          0 kB
Bounce:                0 kB
WritebackTmp:          0 kB
CommitLimit:     8258920 kB
Committed_AS:   11350972 kB
VmallocTotal:   34359738367 kB
VmallocUsed:       46424 kB
VmallocChunk:          0 kB
Percpu:            13280 kB
HardwareCorrupted:     0 kB
AnonHugePages:   1187840 kB
ShmemHugePages:        0 kB
ShmemPmdMapped:        0 kB
FileHugePages:         0 kB
FilePmdMapped:         0 kB
CmaTotal:              0 kB
CmaFree:               0 kB
Unaccepted:            0 kB
Balloon:               0 kB
HugePages_Total:       0
HugePages_Free:        0
HugePages_Rsvd:        0
HugePages_Surp:        0
Hugepagesize:       2048 kB
Hugetlb:               0 kB
DirectMap4k:      194432 kB
DirectMap2M:     6096896 kB
DirectMap1G:     4194304 kB
---SNAPSHOT---
2026-04-27 15:51:02
MemTotal:        8129240 kB
MemFree:         3093916 kB
MemAvailable:    2825008 kB
Buffers:            5940 kB
Cached:           313440 kB
SwapCached:            0 kB
Active:          3746592 kB
Inactive:         582180 kB
Active(anon):    3640156 kB
Inactive(anon):   425216 kB
Active(file):     106436 kB
Inactive(file):   156964 kB
Unevictable:          16 kB
Mlocked:              16 kB
SwapTotal:       4194300 kB
SwapFree:        4194300 kB
Zswap:                 0 kB
Zswapped:              0 kB
Dirty:               244 kB
Writeback:             0 kB
AnonPages:       4009324 kB
Mapped:           263520 kB
Shmem:             55972 kB
KReclaimable:      53872 kB
Slab:             280748 kB
SReclaimable:      53872 kB
SUnreclaim:       226876 kB
KernelStack:       18236 kB
PageTables:        50316 kB
SecPageTables:         0 kB
NFS_Unstable:          0 kB
Bounce:                0 kB
WritebackTmp:          0 kB
CommitLimit:     8258920 kB
Committed_AS:   11351372 kB
VmallocTotal:   34359738367 kB
VmallocUsed:       46408 kB
VmallocChunk:          0 kB
Percpu:            13280 kB
HardwareCorrupted:     0 kB
AnonHugePages:   2336768 kB
ShmemHugePages:        0 kB
ShmemPmdMapped:        0 kB
FileHugePages:         0 kB
FilePmdMapped:         0 kB
CmaTotal:              0 kB
CmaFree:               0 kB
Unaccepted:            0 kB
Balloon:               0 kB
HugePages_Total:       0
HugePages_Free:        0
HugePages_Rsvd:        0
HugePages_Surp:        0
Hugepagesize:       2048 kB
Hugetlb:               0 kB
DirectMap4k:      194432 kB
DirectMap2M:     6096896 kB
DirectMap1G:     4194304 kB
---SNAPSHOT---
2026-04-27 15:51:03
MemTotal:        8129240 kB
MemFree:         3836132 kB
MemAvailable:    3567232 kB
Buffers:            5940 kB
Cached:           313448 kB
SwapCached:            0 kB
Active:          2960744 kB
Inactive:         582192 kB
Active(anon):    2854308 kB
Inactive(anon):   425216 kB
Active(file):     106436 kB
Inactive(file):   156976 kB
Unevictable:          16 kB
Mlocked:              16 kB
SwapTotal:       4194300 kB
SwapFree:        4194300 kB
Zswap:                 0 kB
Zswapped:              0 kB
Dirty:               252 kB
Writeback:             0 kB
AnonPages:       3223768 kB
Mapped:           263748 kB
Shmem:             55972 kB
KReclaimable:      53872 kB
Slab:             280760 kB
SReclaimable:      53872 kB
SUnreclaim:       226888 kB
KernelStack:       18208 kB
PageTables:        48660 kB
SecPageTables:         0 kB
NFS_Unstable:          0 kB
Bounce:                0 kB
WritebackTmp:          0 kB
CommitLimit:     8258920 kB
