---SNAPSHOT---
2026-04-27 16:04:26
MemTotal:        8129240 kB
MemFree:         5299172 kB
MemAvailable:    5021676 kB
Buffers:            4700 kB
Cached:           281956 kB
SwapCached:        37452 kB
Active:          1572596 kB
Inactive:         617472 kB
Active(anon):    1479648 kB
Inactive(anon):   462668 kB
Active(file):      92948 kB
Inactive(file):   154804 kB
Unevictable:           0 kB
Mlocked:               0 kB
SwapTotal:       4194300 kB
SwapFree:        4156848 kB
Zswap:                 0 kB
Zswapped:              0 kB
Dirty:               292 kB
Writeback:             0 kB
AnonPages:       1866456 kB
Mapped:           243164 kB
Shmem:             38824 kB
KReclaimable:      52340 kB
Slab:             279036 kB
SReclaimable:      52340 kB
SUnreclaim:       226696 kB
KernelStack:       18024 kB
PageTables:        45108 kB
SecPageTables:         0 kB
NFS_Unstable:          0 kB
Bounce:                0 kB
WritebackTmp:          0 kB
CommitLimit:     8258920 kB
Committed_AS:    8698204 kB
VmallocTotal:   34359738367 kB
VmallocUsed:       46280 kB
VmallocChunk:          0 kB
Percpu:            13280 kB
HardwareCorrupted:     0 kB
AnonHugePages:    192512 kB
ShmemHugePages:        0 kB
ShmemPmdMapped:        0 kB
FileHugePages:         0 kB
FilePmdMapped:         0 kB
CmaTotal:              0 kB
CmaFree:               0 kB
Unaccepted:            0 kB
Balloon:               0 kB
HugePages_Total:       0
HugePages_Free:        0
HugePages_Rsvd:        0
HugePages_Surp:        0
Hugepagesize:       2048 kB
Hugetlb:               0 kB
DirectMap4k:      194432 kB
DirectMap2M:     6096896 kB
DirectMap1G:     4194304 kB
---SNAPSHOT---
2026-04-27 16:04:27
MemTotal:        8129240 kB
MemFree:         5299128 kB
MemAvailable:    5021748 kB
Buffers:            4708 kB
Cached:           282084 kB
SwapCached:        37452 kB
Active:          1572932 kB
Inactive:         617700 kB
Active(anon):    1479984 kB
Inactive(anon):   462668 kB
Active(file):      92948 kB
Inactive(file):   155032 kB
Unevictable:           0 kB
Mlocked:               0 kB
SwapTotal:       4194300 kB
SwapFree:        4156848 kB
Zswap:                 0 kB
Zswapped:              0 kB
Dirty:               300 kB
Writeback:             0 kB
AnonPages:       1866728 kB
Mapped:           243144 kB
Shmem:             38824 kB
KReclaimable:      52340 kB
Slab:             279036 kB
SReclaimable:      52340 kB
SUnreclaim:       226696 kB
KernelStack:       18048 kB
PageTables:        45188 kB
SecPageTables:         0 kB
NFS_Unstable:          0 kB
Bounce:                0 kB
WritebackTmp:          0 kB
CommitLimit:     8258920 kB
Committed_AS:    8697628 kB
VmallocTotal:   34359738367 kB
VmallocUsed:       46312 kB
VmallocChunk:          0 kB
Percpu:            13280 kB
HardwareCorrupted:     0 kB
AnonHugePages:    192512 kB
ShmemHugePages:        0 kB
ShmemPmdMapped:        0 kB
FileHugePages:         0 kB
FilePmdMapped:         0 kB
CmaTotal:              0 kB
CmaFree:               0 kB
Unaccepted:            0 kB
Balloon:               0 kB
HugePages_Total:       0
HugePages_Free:        0
HugePages_Rsvd:        0
HugePages_Surp:        0
Hugepagesize:       2048 kB
Hugetlb:               0 kB
DirectMap4k:      194432 kB
DirectMap2M:     6096896 kB
DirectMap1G:     4194304 kB
---SNAPSHOT---
2026-04-27 16:04:28
MemTotal:        8129240 kB
MemFree:         5299028 kB
MemAvailable:    5021648 kB
Buffers:            4708 kB
Cached:           282084 kB
SwapCached:        37452 kB
Active:          1573492 kB
Inactive:         617700 kB
Active(anon):    1480544 kB
Inactive(anon):   462668 kB
Active(file):      92948 kB
Inactive(file):   155032 kB
Unevictable:           0 kB
Mlocked:               0 kB
SwapTotal:       4194300 kB
SwapFree:        4156848 kB
Zswap:                 0 kB
Zswapped:              0 kB
Dirty:               300 kB
Writeback:             0 kB
AnonPages:       1866936 kB
Mapped:           243144 kB
Shmem:             38824 kB
KReclaimable:      52340 kB
Slab:             279036 kB
SReclaimable:      52340 kB
SUnreclaim:       226696 kB
KernelStack:       18036 kB
PageTables:        45628 kB
SecPageTables:         0 kB
NFS_Unstable:          0 kB
Bounce:                0 kB
WritebackTmp:          0 kB
CommitLimit:     8258920 kB
Committed_AS:    8699260 kB
VmallocTotal:   34359738367 kB
VmallocUsed:       46360 kB
VmallocChunk:          0 kB
Percpu:            13280 kB
HardwareCorrupted:     0 kB
AnonHugePages:    192512 kB
ShmemHugePages:        0 kB
ShmemPmdMapped:        0 kB
FileHugePages:         0 kB
FilePmdMapped:         0 kB
CmaTotal:              0 kB
CmaFree:               0 kB
Unaccepted:            0 kB
Balloon:               0 kB
HugePages_Total:       0
HugePages_Free:        0
HugePages_Rsvd:        0
HugePages_Surp:        0
Hugepagesize:       2048 kB
Hugetlb:               0 kB
DirectMap4k:      194432 kB
DirectMap2M:     6096896 kB
DirectMap1G:     4194304 kB
---SNAPSHOT---
2026-04-27 16:04:29
MemTotal:        8129240 kB
MemFree:         5298848 kB
MemAvailable:    5021476 kB
Buffers:            4716 kB
Cached:           282104 kB
SwapCached:        37452 kB
Active:          1573636 kB
Inactive:         617720 kB
Active(anon):    1480688 kB
Inactive(anon):   462668 kB
Active(file):      92948 kB
Inactive(file):   155052 kB
Unevictable:           0 kB
Mlocked:               0 kB
SwapTotal:       4194300 kB
SwapFree:        4156848 kB
Zswap:                 0 kB
Zswapped:              0 kB
Dirty:               360 kB
Writeback:             0 kB
AnonPages:       1867212 kB
Mapped:           243392 kB
Shmem:             38824 kB
KReclaimable:      52340 kB
Slab:             279036 kB
SReclaimable:      52340 kB
SUnreclaim:       226696 kB
KernelStack:       18152 kB
PageTables:        46060 kB
SecPageTables:         0 kB
NFS_Unstable:          0 kB
Bounce:                0 kB
WritebackTmp:          0 kB
CommitLimit:     8258920 kB
Committed_AS:    8700220 kB
VmallocTotal:   34359738367 kB
VmallocUsed:       46472 kB
VmallocChunk:          0 kB
Percpu:            13280 kB
HardwareCorrupted:     0 kB
AnonHugePages:    192512 kB
ShmemHugePages:        0 kB
ShmemPmdMapped:        0 kB
FileHugePages:         0 kB
FilePmdMapped:         0 kB
CmaTotal:              0 kB
CmaFree:               0 kB
Unaccepted:            0 kB
Balloon:               0 kB
HugePages_Total:       0
HugePages_Free:        0
HugePages_Rsvd:        0
HugePages_Surp:        0
Hugepagesize:       2048 kB
Hugetlb:               0 kB
DirectMap4k:      194432 kB
DirectMap2M:     6096896 kB
DirectMap1G:     4194304 kB
---SNAPSHOT---
2026-04-27 16:04:30
MemTotal:        8129240 kB
MemFree:         5284852 kB
MemAvailable:    5012868 kB
Buffers:            5252 kB
Cached:           292340 kB
SwapCached:        37452 kB
Active:          1584664 kB
Inactive:         618412 kB
Active(anon):    1481632 kB
Inactive(anon):   462668 kB
Active(file):     103032 kB
Inactive(file):   155744 kB
Unevictable:           0 kB
Mlocked:               0 kB
SwapTotal:       4194300 kB
SwapFree:        4156848 kB
Zswap:                 0 kB
Zswapped:              0 kB
Dirty:               364 kB
Writeback:             0 kB
AnonPages:       1868180 kB
Mapped:           244752 kB
Shmem:             38824 kB
KReclaimable:      52340 kB
Slab:             279036 kB
SReclaimable:      52340 kB
SUnreclaim:       226696 kB
KernelStack:       18080 kB
PageTables:        45536 kB
SecPageTables:         0 kB
NFS_Unstable:          0 kB
Bounce:                0 kB
WritebackTmp:          0 kB
CommitLimit:     8258920 kB
Committed_AS:    8707116 kB
VmallocTotal:   34359738367 kB
VmallocUsed:       46392 kB
VmallocChunk:          0 kB
Percpu:            13280 kB
HardwareCorrupted:     0 kB
AnonHugePages:    192512 kB
ShmemHugePages:        0 kB
ShmemPmdMapped:        0 kB
FileHugePages:         0 kB
FilePmdMapped:         0 kB
CmaTotal:              0 kB
CmaFree:               0 kB
Unaccepted:            0 kB
Balloon:               0 kB
HugePages_Total:       0
HugePages_Free:        0
HugePages_Rsvd:        0
HugePages_Surp:        0
Hugepagesize:       2048 kB
Hugetlb:               0 kB
DirectMap4k:      194432 kB
DirectMap2M:     6096896 kB
DirectMap1G:     4194304 kB
---SNAPSHOT---
2026-04-27 16:04:31
MemTotal:        8129240 kB
MemFree:         4393340 kB
MemAvailable:    4122296 kB
Buffers:            5252 kB
Cached:           311376 kB
SwapCached:        37452 kB
Active:          2466632 kB
Inactive:         618488 kB
Active(anon):    2361800 kB
Inactive(anon):   462668 kB
Active(file):     104832 kB
Inactive(file):   155820 kB
Unevictable:          16 kB
Mlocked:              16 kB
SwapTotal:       4194300 kB
SwapFree:        4156848 kB
Zswap:                 0 kB
Zswapped:              0 kB
Dirty:               460 kB
Writeback:             0 kB
AnonPages:       2731156 kB
Mapped:           263996 kB
Shmem:             55972 kB
KReclaimable:      52340 kB
Slab:             279056 kB
SReclaimable:      52340 kB
SUnreclaim:       226716 kB
KernelStack:       18268 kB
PageTables:        47580 kB
SecPageTables:         0 kB
NFS_Unstable:          0 kB
Bounce:                0 kB
WritebackTmp:          0 kB
CommitLimit:     8258920 kB
Committed_AS:   11354880 kB
VmallocTotal:   34359738367 kB
VmallocUsed:       46472 kB
VmallocChunk:          0 kB
Percpu:            13280 kB
HardwareCorrupted:     0 kB
AnonHugePages:   1048576 kB
ShmemHugePages:        0 kB
ShmemPmdMapped:        0 kB
FileHugePages:         0 kB
FilePmdMapped:         0 kB
CmaTotal:              0 kB
CmaFree:               0 kB
Unaccepted:            0 kB
Balloon:               0 kB
HugePages_Total:       0
HugePages_Free:        0
HugePages_Rsvd:        0
HugePages_Surp:        0
Hugepagesize:       2048 kB
Hugetlb:               0 kB
DirectMap4k:      194432 kB
DirectMap2M:     6096896 kB
DirectMap1G:     4194304 kB
---SNAPSHOT---
2026-04-27 16:04:32
MemTotal:        8129240 kB
MemFree:         3393436 kB
MemAvailable:    3122392 kB
Buffers:            5260 kB
Cached:           311372 kB
SwapCached:        37452 kB
Active:          3468024 kB
Inactive:         618492 kB
Active(anon):    3363192 kB
Inactive(anon):   462668 kB
Active(file):     104832 kB
Inactive(file):   155824 kB
Unevictable:          16 kB
Mlocked:              16 kB
SwapTotal:       4194300 kB
SwapFree:        4156848 kB
Zswap:                 0 kB
Zswapped:              0 kB
Dirty:               464 kB
Writeback:             0 kB
AnonPages:       3732676 kB
Mapped:           263996 kB
Shmem:             55972 kB
KReclaimable:      52340 kB
Slab:             279084 kB
SReclaimable:      52340 kB
SUnreclaim:       226744 kB
KernelStack:       18268 kB
PageTables:        49520 kB
SecPageTables:         0 kB
NFS_Unstable:          0 kB
Bounce:                0 kB
WritebackTmp:          0 kB
CommitLimit:     8258920 kB
Committed_AS:   11355196 kB
VmallocTotal:   34359738367 kB
VmallocUsed:       46504 kB
VmallocChunk:          0 kB
Percpu:            13280 kB
HardwareCorrupted:     0 kB
AnonHugePages:   2050048 kB
ShmemHugePages:        0 kB
ShmemPmdMapped:        0 kB
FileHugePages:         0 kB
FilePmdMapped:         0 kB
CmaTotal:              0 kB
CmaFree:               0 kB
Unaccepted:            0 kB
Balloon:               0 kB
HugePages_Total:       0
HugePages_Free:        0
HugePages_Rsvd:        0
HugePages_Surp:        0
Hugepagesize:       2048 kB
Hugetlb:               0 kB
DirectMap4k:      194432 kB
DirectMap2M:     6096896 kB
DirectMap1G:     4194304 kB
---SNAPSHOT---
2026-04-27 16:04:33
MemTotal:        8129240 kB
MemFree:         4826664 kB
MemAvailable:    4555644 kB
Buffers:            5260 kB
Cached:           311384 kB
SwapCached:        37452 kB
Active:          1936660 kB
Inactive:         618504 kB
Active(anon):    1831828 kB
Inactive(anon):   462668 kB
Active(file):     104832 kB
Inactive(file):   155836 kB
Unevictable:          16 kB
Mlocked:              16 kB
SwapTotal:       4194300 kB
SwapFree:        4156848 kB
Zswap:                 0 kB
Zswapped:              0 kB
Dirty:               472 kB
Writeback:             0 kB
AnonPages:       2201384 kB
Mapped:           263996 kB
Shmem:             55972 kB
KReclaimable:      52372 kB
Slab:             279196 kB
SReclaimable:      52372 kB
SUnreclaim:       226824 kB
KernelStack:       18328 kB
PageTables:        46892 kB
SecPageTables:         0 kB
NFS_Unstable:          0 kB
Bounce:                0 kB
WritebackTmp:          0 kB
CommitLimit:     8258920 kB
Committed_AS:   11356708 kB
VmallocTotal:   34359738367 kB
VmallocUsed:       46520 kB
VmallocChunk:          0 kB
Percpu:            13280 kB
HardwareCorrupted:     0 kB
AnonHugePages:    518144 kB
ShmemHugePages:        0 kB
ShmemPmdMapped:        0 kB
FileHugePages:         0 kB
FilePmdMapped:         0 kB
CmaTotal:              0 kB
CmaFree:               0 kB
Unaccepted:            0 kB
Balloon:               0 kB
HugePages_Total:       0
HugePages_Free:        0
HugePages_Rsvd:        0
HugePages_Surp:        0
Hugepagesize:       2048 kB
Hugetlb:               0 kB
DirectMap4k:      194432 kB
DirectMap2M:     6096896 kB
DirectMap1G:     4194304 kB
---SNAPSHOT---
2026-04-27 16:04:34
MemTotal:        8129240 kB
MemFree:         3903160 kB
MemAvailable:    3632140 kB
Buffers:            5260 kB
Cached:           311392 kB
SwapCached:        37452 kB
Active:          2976676 kB
Inactive:         618508 kB
Active(anon):    2871844 kB
Inactive(anon):   462668 kB
Active(file):     104832 kB
Inactive(file):   155840 kB
Unevictable:          16 kB
Mlocked:              16 kB
SwapTotal:       4194300 kB
SwapFree:        4156848 kB
Zswap:                 0 kB
Zswapped:              0 kB
Dirty:               480 kB
Writeback:             0 kB
AnonPages:       3241168 kB
Mapped:           263996 kB
Shmem:             55972 kB
KReclaimable:      52372 kB
Slab:             279168 kB
SReclaimable:      52372 kB
SUnreclaim:       226796 kB
KernelStack:       18280 kB
PageTables:        48308 kB
SecPageTables:         0 kB
NFS_Unstable:          0 kB
Bounce:                0 kB
WritebackTmp:          0 kB
CommitLimit:     8258920 kB
Committed_AS:   11355328 kB
VmallocTotal:   34359738367 kB
VmallocUsed:       46488 kB
VmallocChunk:          0 kB
Percpu:            13280 kB
HardwareCorrupted:     0 kB
AnonHugePages:   1558528 kB
ShmemHugePages:        0 kB
ShmemPmdMapped:        0 kB
FileHugePages:         0 kB
FilePmdMapped:         0 kB
CmaTotal:              0 kB
CmaFree:               0 kB
Unaccepted:            0 kB
Balloon:               0 kB
HugePages_Total:       0
HugePages_Free:        0
HugePages_Rsvd:        0
HugePages_Surp:        0
Hugepagesize:       2048 kB
Hugetlb:               0 kB
DirectMap4k:      194432 kB
DirectMap2M:     6096896 kB
DirectMap1G:     4194304 kB
---SNAPSHOT---
2026-04-27 16:04:35
MemTotal:        8129240 kB
MemFree:         2844112 kB
MemAvailable:    2573372 kB
Buffers:            5564 kB
Cached:           311404 kB
SwapCached:        37452 kB
Active:          4029512 kB
Inactive:         618828 kB
Active(anon):    3924680 kB
Inactive(anon):   462668 kB
Active(file):     104832 kB
Inactive(file):   156160 kB
Unevictable:          16 kB
Mlocked:              16 kB
SwapTotal:       4194300 kB
SwapFree:        4156848 kB
Zswap:                 0 kB
Zswapped:              0 kB
Dirty:               484 kB
Writeback:             0 kB
AnonPages:       4294040 kB
Mapped:           263996 kB
Shmem:             55972 kB
KReclaimable:      52612 kB
Slab:             279412 kB
SReclaimable:      52612 kB
SUnreclaim:       226800 kB
KernelStack:       18208 kB
PageTables:        50664 kB
SecPageTables:         0 kB
NFS_Unstable:          0 kB
Bounce:                0 kB
WritebackTmp:          0 kB
CommitLimit:     8258920 kB
Committed_AS:   11355132 kB
VmallocTotal:   34359738367 kB
VmallocUsed:       46504 kB
VmallocChunk:          0 kB
Percpu:            13280 kB
HardwareCorrupted:     0 kB
AnonHugePages:   2611200 kB
ShmemHugePages:        0 kB
ShmemPmdMapped:        0 kB
FileHugePages:         0 kB
FilePmdMapped:         0 kB
CmaTotal:              0 kB
CmaFree:               0 kB
Unaccepted:            0 kB
Balloon:               0 kB
HugePages_Total:       0
HugePages_Free:        0
HugePages_Rsvd:        0
HugePages_Surp:        0
Hugepagesize:       2048 kB
Hugetlb:               0 kB
DirectMap4k:      194432 kB
DirectMap2M:     6096896 kB
DirectMap1G:     4194304 kB
---SNAPSHOT---
2026-04-27 16:04:36
MemTotal:        8129240 kB
MemFree:         4486108 kB
MemAvailable:    4216000 kB
Buffers:            5564 kB
Cached:           311416 kB
SwapCached:        37452 kB
Active:          2389636 kB
Inactive:         618840 kB
Active(anon):    2284804 kB
Inactive(anon):   462668 kB
Active(file):     104832 kB
Inactive(file):   156172 kB
Unevictable:          16 kB
Mlocked:              16 kB
SwapTotal:       4194300 kB
SwapFree:        4156848 kB
Zswap:                 0 kB
Zswapped:              0 kB
Dirty:               492 kB
Writeback:             0 kB
AnonPages:       2654500 kB
Mapped:           263996 kB
Shmem:             55972 kB
KReclaimable:      53860 kB
Slab:             280644 kB
SReclaimable:      53860 kB
SUnreclaim:       226784 kB
KernelStack:       18268 kB
PageTables:        47808 kB
SecPageTables:         0 kB
NFS_Unstable:          0 kB
Bounce:                0 kB
WritebackTmp:          0 kB
CommitLimit:     8258920 kB
Committed_AS:   11355072 kB
VmallocTotal:   34359738367 kB
VmallocUsed:       46504 kB
VmallocChunk:          0 kB
Percpu:            13280 kB
HardwareCorrupted:     0 kB
AnonHugePages:    772096 kB
ShmemHugePages:        0 kB
ShmemPmdMapped:        0 kB
FileHugePages:         0 kB
FilePmdMapped:         0 kB
CmaTotal:              0 kB
CmaFree:               0 kB
Unaccepted:            0 kB
Balloon:               0 kB
HugePages_Total:       0
HugePages_Free:        0
HugePages_Rsvd:        0
HugePages_Surp:        0
Hugepagesize:       2048 kB
Hugetlb:               0 kB
DirectMap4k:      194432 kB
DirectMap2M:     6096896 kB
DirectMap1G:     4194304 kB
---SNAPSHOT---
2026-04-27 16:04:37
MemTotal:        8129240 kB
MemFree:         3475504 kB
MemAvailable:    3205396 kB
Buffers:            5572 kB
Cached:           311412 kB
SwapCached:        37452 kB
Active:          3398360 kB
Inactive:         618844 kB
Active(anon):    3293528 kB
Inactive(anon):   462668 kB
Active(file):     104832 kB
Inactive(file):   156176 kB
Unevictable:          16 kB
Mlocked:              16 kB
SwapTotal:       4194300 kB
SwapFree:        4156848 kB
Zswap:                 0 kB
Zswapped:              0 kB
Dirty:               496 kB
Writeback:             0 kB
AnonPages:       3662816 kB
Mapped:           263996 kB
Shmem:             55972 kB
KReclaimable:      53860 kB
Slab:             280636 kB
SReclaimable:      53860 kB
SUnreclaim:       226776 kB
KernelStack:       18208 kB
PageTables:        49284 kB
SecPageTables:         0 kB
NFS_Unstable:          0 kB
Bounce:                0 kB
WritebackTmp:          0 kB
CommitLimit:     8258920 kB
Committed_AS:   11355168 kB
VmallocTotal:   34359738367 kB
VmallocUsed:       46520 kB
VmallocChunk:          0 kB
Percpu:            13280 kB
HardwareCorrupted:     0 kB
AnonHugePages:   1548288 kB
ShmemHugePages:        0 kB
ShmemPmdMapped:        0 kB
FileHugePages:         0 kB
FilePmdMapped:         0 kB
CmaTotal:              0 kB
CmaFree:               0 kB
Unaccepted:            0 kB
Balloon:               0 kB
HugePages_Total:       0
HugePages_Free:        0
HugePages_Rsvd:        0
HugePages_Surp:        0
Hugepagesize:       2048 kB
Hugetlb:               0 kB
DirectMap4k:      194432 kB
DirectMap2M:     6096896 kB
DirectMap1G:     4194304 kB
---SNAPSHOT---
2026-04-27 16:04:38
MemTotal:        8129240 kB
MemFree:         4307000 kB
MemAvailable:    4036896 kB
Buffers:            5572 kB
Cached:           311424 kB
SwapCached:        86700 kB
Active:          2401800 kB
Inactive:         664224 kB
Active(anon):    2296968 kB
Inactive(anon):   508040 kB
Active(file):     104832 kB
Inactive(file):   156184 kB
Unevictable:          16 kB
Mlocked:              16 kB
SwapTotal:       4194300 kB
SwapFree:        4107444 kB
Zswap:                 0 kB
Zswapped:              0 kB
Dirty:               500 kB
Writeback:          3648 kB
AnonPages:       2664192 kB
Mapped:           263996 kB
Shmem:             55972 kB
KReclaimable:      53860 kB
Slab:             280608 kB
SReclaimable:      53860 kB
SUnreclaim:       226748 kB
KernelStack:       18192 kB
PageTables:        47572 kB
SecPageTables:         0 kB
NFS_Unstable:          0 kB
Bounce:                0 kB
WritebackTmp:          0 kB
CommitLimit:     8258920 kB
Committed_AS:   11355328 kB
VmallocTotal:   34359738367 kB
VmallocUsed:       46520 kB
VmallocChunk:          0 kB
Percpu:            13280 kB
HardwareCorrupted:     0 kB
AnonHugePages:    393216 kB
ShmemHugePages:        0 kB
ShmemPmdMapped:        0 kB
FileHugePages:         0 kB
FilePmdMapped:         0 kB
CmaTotal:              0 kB
CmaFree:               0 kB
Unaccepted:            0 kB
Balloon:               0 kB
HugePages_Total:       0
HugePages_Free:        0
HugePages_Rsvd:        0
HugePages_Surp:        0
Hugepagesize:       2048 kB
Hugetlb:               0 kB
DirectMap4k:      194432 kB
DirectMap2M:     6096896 kB
DirectMap1G:     4194304 kB
---SNAPSHOT---
2026-04-27 16:04:39
MemTotal:        8129240 kB
MemFree:         4003736 kB
MemAvailable:    3733868 kB
Buffers:            5704 kB
Cached:           311300 kB
SwapCached:       326112 kB
Active:          2573132 kB
Inactive:         907404 kB
Active(anon):    2468300 kB
Inactive(anon):   751208 kB
Active(file):     104832 kB
Inactive(file):   156196 kB
Unevictable:          16 kB
Mlocked:              16 kB
SwapTotal:       4194300 kB
SwapFree:        3868396 kB
Zswap:                 0 kB
Zswapped:              0 kB
Dirty:               508 kB
Writeback:           216 kB
AnonPages:       2837796 kB
Mapped:           263996 kB
Shmem:             55972 kB
KReclaimable:      53860 kB
Slab:             281368 kB
SReclaimable:      53860 kB
SUnreclaim:       227508 kB
KernelStack:       18208 kB
PageTables:        49284 kB
SecPageTables:         0 kB
NFS_Unstable:          0 kB
Bounce:                0 kB
WritebackTmp:          0 kB
CommitLimit:     8258920 kB
Committed_AS:   11354932 kB
VmallocTotal:   34359738367 kB
VmallocUsed:       46504 kB
VmallocChunk:          0 kB
Percpu:            13280 kB
HardwareCorrupted:     0 kB
AnonHugePages:   1157120 kB
ShmemHugePages:        0 kB
ShmemPmdMapped:        0 kB
FileHugePages:         0 kB
FilePmdMapped:         0 kB
CmaTotal:              0 kB
CmaFree:               0 kB
Unaccepted:            0 kB
Balloon:               0 kB
HugePages_Total:       0
HugePages_Free:        0
HugePages_Rsvd:        0
HugePages_Surp:        0
Hugepagesize:       2048 kB
Hugetlb:               0 kB
DirectMap4k:      194432 kB
DirectMap2M:     6096896 kB
DirectMap1G:     4194304 kB
---SNAPSHOT---
2026-04-27 16:04:40
MemTotal:        8129240 kB
MemFree:         3283288 kB
MemAvailable:    3013256 kB
Buffers:            5704 kB
Cached:           311436 kB
SwapCached:        37452 kB
Active:          3582104 kB
Inactive:         618996 kB
Active(anon):    3477272 kB
Inactive(anon):   462668 kB
Active(file):     104832 kB
Inactive(file):   156328 kB
Unevictable:          16 kB
Mlocked:              16 kB
SwapTotal:       4194300 kB
SwapFree:        4156848 kB
Zswap:                 0 kB
Zswapped:              0 kB
Dirty:               512 kB
Writeback:             0 kB
AnonPages:       3846728 kB
Mapped:           263996 kB
Shmem:             55972 kB
KReclaimable:      53860 kB
Slab:             280616 kB
SReclaimable:      53860 kB
SUnreclaim:       226756 kB
KernelStack:       18208 kB
PageTables:        49804 kB
SecPageTables:         0 kB
NFS_Unstable:          0 kB
Bounce:                0 kB
WritebackTmp:          0 kB
CommitLimit:     8258920 kB
Committed_AS:   11355316 kB
VmallocTotal:   34359738367 kB
VmallocUsed:       46488 kB
VmallocChunk:          0 kB
Percpu:            13280 kB
HardwareCorrupted:     0 kB
AnonHugePages:   2164736 kB
ShmemHugePages:        0 kB
ShmemPmdMapped:        0 kB
FileHugePages:         0 kB
FilePmdMapped:         0 kB
CmaTotal:              0 kB
CmaFree:               0 kB
Unaccepted:            0 kB
Balloon:               0 kB
HugePages_Total:       0
HugePages_Free:        0
HugePages_Rsvd:        0
HugePages_Surp:        0
Hugepagesize:       2048 kB
Hugetlb:               0 kB
DirectMap4k:      194432 kB
DirectMap2M:     6096896 kB
DirectMap1G:     4194304 kB
---SNAPSHOT---
2026-04-27 16:04:41
MemTotal:        8129240 kB
MemFree:         4176736 kB
MemAvailable:    3906712 kB
Buffers:            5704 kB
Cached:           311444 kB
SwapCached:        37452 kB
Active:          2687336 kB
Inactive:         619008 kB
Active(anon):    2582504 kB
Inactive(anon):   462668 kB
Active(file):     104832 kB
Inactive(file):   156340 kB
Unevictable:          16 kB
Mlocked:              16 kB
SwapTotal:       4194300 kB
SwapFree:        4156848 kB
Zswap:                 0 kB
Zswapped:              0 kB
Dirty:               520 kB
Writeback:             0 kB
AnonPages:       2951756 kB
Mapped:           264224 kB
Shmem:             55972 kB
KReclaimable:      53860 kB
Slab:             280604 kB
SReclaimable:      53860 kB
SUnreclaim:       226744 kB
KernelStack:       18268 kB
PageTables:        48004 kB
SecPageTables:         0 kB
NFS_Unstable:          0 kB
Bounce:                0 kB
WritebackTmp:          0 kB
CommitLimit:     8258920 kB
Committed_AS:   11355304 kB
VmallocTotal:   34359738367 kB
VmallocUsed:       46520 kB
VmallocChunk:          0 kB
Percpu:            13280 kB
HardwareCorrupted:     0 kB
AnonHugePages:   1269760 kB
ShmemHugePages:        0 kB
ShmemPmdMapped:        0 kB
FileHugePages:         0 kB
FilePmdMapped:         0 kB
CmaTotal:              0 kB
CmaFree:               0 kB
Unaccepted:            0 kB
Balloon:               0 kB
HugePages_Total:       0
HugePages_Free:        0
HugePages_Rsvd:        0
HugePages_Surp:        0
Hugepagesize:       2048 kB
Hugetlb:               0 kB
DirectMap4k:      194432 kB
DirectMap2M:     6096896 kB
DirectMap1G:     4194304 kB
---SNAPSHOT---
2026-04-27 16:04:45
MemTotal:        8129240 kB
MemFree:         3488008 kB
MemAvailable:    3217988 kB
Buffers:            5712 kB
Cached:           311444 kB
SwapCached:       272464 kB
Active:          3075928 kB
Inactive:         838432 kB
Active(anon):    2971096 kB
Inactive(anon):   682084 kB
Active(file):     104832 kB
Inactive(file):   156348 kB
Unevictable:          16 kB
Mlocked:              16 kB
SwapTotal:       4194300 kB
SwapFree:        3921836 kB
Zswap:                 0 kB
Zswapped:              0 kB
Dirty:               524 kB
Writeback:         15520 kB
AnonPages:       3327032 kB
Mapped:           264096 kB
Shmem:             55972 kB
KReclaimable:      53860 kB
Slab:             281600 kB
SReclaimable:      53860 kB
SUnreclaim:       227740 kB
KernelStack:       18252 kB
PageTables:        49544 kB
SecPageTables:         0 kB
NFS_Unstable:          0 kB
Bounce:                0 kB
WritebackTmp:          0 kB
CommitLimit:     8258920 kB
Committed_AS:   11355328 kB
VmallocTotal:   34359738367 kB
VmallocUsed:       46488 kB
VmallocChunk:          0 kB
Percpu:            13280 kB
HardwareCorrupted:     0 kB
AnonHugePages:   1085440 kB
ShmemHugePages:        0 kB
ShmemPmdMapped:        0 kB
FileHugePages:         0 kB
FilePmdMapped:         0 kB
CmaTotal:              0 kB
CmaFree:               0 kB
Unaccepted:            0 kB
Balloon:               0 kB
HugePages_Total:       0
HugePages_Free:        0
HugePages_Rsvd:        0
HugePages_Surp:        0
Hugepagesize:       2048 kB
Hugetlb:               0 kB
DirectMap4k:      194432 kB
DirectMap2M:     6096896 kB
DirectMap1G:     4194304 kB
---SNAPSHOT---
2026-04-27 16:04:46
MemTotal:        8129240 kB
MemFree:         4271012 kB
MemAvailable:    4000996 kB
Buffers:            5712 kB
Cached:           311452 kB
SwapCached:       489700 kB
Active:          2102320 kB
Inactive:        1071220 kB
Active(anon):    1997488 kB
Inactive(anon):   914864 kB
Active(file):     104832 kB
Inactive(file):   156356 kB
Unevictable:          16 kB
Mlocked:              16 kB
SwapTotal:       4194300 kB
SwapFree:        3704624 kB
Zswap:                 0 kB
Zswapped:              0 kB
Dirty:               528 kB
Writeback:           184 kB
AnonPages:       2366712 kB
Mapped:           263996 kB
Shmem:             55972 kB
KReclaimable:      53860 kB
Slab:             280680 kB
SReclaimable:      53860 kB
SUnreclaim:       226820 kB
KernelStack:       18268 kB
PageTables:        48404 kB
SecPageTables:         0 kB
NFS_Unstable:          0 kB
Bounce:                0 kB
WritebackTmp:          0 kB
CommitLimit:     8258920 kB
Committed_AS:   11355108 kB
VmallocTotal:   34359738367 kB
VmallocUsed:       46520 kB
VmallocChunk:          0 kB
Percpu:            13280 kB
HardwareCorrupted:     0 kB
AnonHugePages:    686080 kB
ShmemHugePages:        0 kB
ShmemPmdMapped:        0 kB
FileHugePages:         0 kB
FilePmdMapped:         0 kB
CmaTotal:              0 kB
CmaFree:               0 kB
Unaccepted:            0 kB
Balloon:               0 kB
HugePages_Total:       0
HugePages_Free:        0
HugePages_Rsvd:        0
HugePages_Surp:        0
Hugepagesize:       2048 kB
Hugetlb:               0 kB
DirectMap4k:      194432 kB
DirectMap2M:     6096896 kB
DirectMap1G:     4194304 kB
---SNAPSHOT---
2026-04-27 16:04:47
MemTotal:        8129240 kB
MemFree:         3332552 kB
MemAvailable:    3062540 kB
Buffers:            5720 kB
Cached:           311460 kB
SwapCached:        37508 kB
Active:          3515936 kB
Inactive:         619220 kB
Active(anon):    3411104 kB
Inactive(anon):   462856 kB
Active(file):     104832 kB
Inactive(file):   156364 kB
Unevictable:          16 kB
Mlocked:              16 kB
SwapTotal:       4194300 kB
SwapFree:        4156848 kB
Zswap:                 0 kB
Zswapped:              0 kB
Dirty:               540 kB
Writeback:             0 kB
AnonPages:       3780572 kB
Mapped:           263996 kB
Shmem:             55972 kB
KReclaimable:      53860 kB
Slab:             280624 kB
SReclaimable:      53860 kB
SUnreclaim:       226764 kB
KernelStack:       18208 kB
PageTables:        50236 kB
SecPageTables:         0 kB
NFS_Unstable:          0 kB
Bounce:                0 kB
WritebackTmp:          0 kB
CommitLimit:     8258920 kB
Committed_AS:   11355108 kB
VmallocTotal:   34359738367 kB
VmallocUsed:       46536 kB
VmallocChunk:          0 kB
Percpu:            13280 kB
HardwareCorrupted:     0 kB
AnonHugePages:   2097152 kB
ShmemHugePages:        0 kB
ShmemPmdMapped:        0 kB
FileHugePages:         0 kB
FilePmdMapped:         0 kB
CmaTotal:              0 kB
CmaFree:               0 kB
Unaccepted:            0 kB
Balloon:               0 kB
HugePages_Total:       0
HugePages_Free:        0
HugePages_Rsvd:        0
HugePages_Surp:        0
Hugepagesize:       2048 kB
Hugetlb:               0 kB
DirectMap4k:      194432 kB
DirectMap2M:     6096896 kB
DirectMap1G:     4194304 kB
---SNAPSHOT---
2026-04-27 16:04:48
MemTotal:        8129240 kB
MemFree:         3838028 kB
MemAvailable:    3568020 kB
Buffers:            5720 kB
Cached:           311464 kB
SwapCached:        37452 kB
Active:          2965120 kB
Inactive:         619044 kB
Active(anon):    2860288 kB
Inactive(anon):   462668 kB
Active(file):     104832 kB
Inactive(file):   156376 kB
Unevictable:          16 kB
Mlocked:              16 kB
SwapTotal:       4194300 kB
SwapFree:        4156848 kB
Zswap:                 0 kB
Zswapped:              0 kB
Dirty:               544 kB
Writeback:             0 kB
AnonPages:       3229776 kB
Mapped:           263996 kB
Shmem:             55972 kB
KReclaimable:      53860 kB
Slab:             280584 kB
SReclaimable:      53860 kB
SUnreclaim:       226724 kB
KernelStack:       18268 kB
PageTables:        49308 kB
SecPageTables:         0 kB
NFS_Unstable:          0 kB
Bounce:                0 kB
WritebackTmp:          0 kB
CommitLimit:     8258920 kB
Committed_AS:   11355108 kB
VmallocTotal:   34359738367 kB
VmallocUsed:       46536 kB
VmallocChunk:          0 kB
Percpu:            13280 kB
HardwareCorrupted:     0 kB
AnonHugePages:   1546240 kB
ShmemHugePages:        0 kB
ShmemPmdMapped:        0 kB
FileHugePages:         0 kB
FilePmdMapped:         0 kB
CmaTotal:              0 kB
CmaFree:               0 kB
Unaccepted:            0 kB
Balloon:               0 kB
HugePages_Total:       0
HugePages_Free:        0
HugePages_Rsvd:        0
HugePages_Surp:        0
Hugepagesize:       2048 kB
Hugetlb:               0 kB
DirectMap4k:      194432 kB
DirectMap2M:     6096896 kB
DirectMap1G:     4194304 kB
---SNAPSHOT---
2026-04-27 16:04:49
MemTotal:        8129240 kB
MemFree:         4308456 kB
MemAvailable:    4038456 kB
Buffers:            5720 kB
Cached:           311476 kB
SwapCached:        37452 kB
Active:          2548208 kB
Inactive:         619056 kB
Active(anon):    2443376 kB
Inactive(anon):   462668 kB
Active(file):     104832 kB
Inactive(file):   156388 kB
Unevictable:          16 kB
Mlocked:              16 kB
SwapTotal:       4194300 kB
SwapFree:        4156848 kB
Zswap:                 0 kB
Zswapped:              0 kB
Dirty:               556 kB
Writeback:             0 kB
AnonPages:       2812496 kB
Mapped:           263996 kB
Shmem:             55972 kB
KReclaimable:      53860 kB
Slab:             280584 kB
SReclaimable:      53860 kB
SUnreclaim:       226724 kB
KernelStack:       18268 kB
PageTables:        47896 kB
SecPageTables:         0 kB
NFS_Unstable:          0 kB
Bounce:                0 kB
WritebackTmp:          0 kB
CommitLimit:     8258920 kB
Committed_AS:   11354944 kB
VmallocTotal:   34359738367 kB
VmallocUsed:       46520 kB
VmallocChunk:          0 kB
Percpu:            13280 kB
HardwareCorrupted:     0 kB
AnonHugePages:   1130496 kB
ShmemHugePages:        0 kB
ShmemPmdMapped:        0 kB
FileHugePages:         0 kB
FilePmdMapped:         0 kB
CmaTotal:              0 kB
CmaFree:               0 kB
Unaccepted:            0 kB
Balloon:               0 kB
HugePages_Total:       0
HugePages_Free:        0
HugePages_Rsvd:        0
HugePages_Surp:        0
Hugepagesize:       2048 kB
Hugetlb:               0 kB
DirectMap4k:      194432 kB
DirectMap2M:     6096896 kB
DirectMap1G:     4194304 kB
---SNAPSHOT---
2026-04-27 16:04:50
MemTotal:        8129240 kB
MemFree:         3310880 kB
MemAvailable:    3040880 kB
Buffers:            5720 kB
Cached:           311480 kB
SwapCached:       115504 kB
Active:          3467476 kB
Inactive:         695616 kB
Active(anon):    3362644 kB
Inactive(anon):   539224 kB
Active(file):     104832 kB
Inactive(file):   156392 kB
Unevictable:          16 kB
Mlocked:              16 kB
SwapTotal:       4194300 kB
SwapFree:        4078636 kB
Zswap:                 0 kB
Zswapped:              0 kB
Dirty:               560 kB
Writeback:          1376 kB
AnonPages:       3732620 kB
Mapped:           263996 kB
Shmem:             55972 kB
KReclaimable:      53860 kB
Slab:             280644 kB
SReclaimable:      53860 kB
SUnreclaim:       226784 kB
KernelStack:       18268 kB
PageTables:        50280 kB
SecPageTables:         0 kB
NFS_Unstable:          0 kB
Bounce:                0 kB
WritebackTmp:          0 kB
CommitLimit:     8258920 kB
Committed_AS:   11354944 kB
VmallocTotal:   34359738367 kB
VmallocUsed:       46536 kB
VmallocChunk:          0 kB
Percpu:            13280 kB
HardwareCorrupted:     0 kB
AnonHugePages:   2050048 kB
ShmemHugePages:        0 kB
ShmemPmdMapped:        0 kB
FileHugePages:         0 kB
FilePmdMapped:         0 kB
CmaTotal:              0 kB
CmaFree:               0 kB
Unaccepted:            0 kB
Balloon:               0 kB
HugePages_Total:       0
HugePages_Free:        0
HugePages_Rsvd:        0
HugePages_Surp:        0
Hugepagesize:       2048 kB
Hugetlb:               0 kB
DirectMap4k:      194432 kB
DirectMap2M:     6096896 kB
DirectMap1G:     4194304 kB
---SNAPSHOT---
2026-04-27 16:04:51
MemTotal:        8129240 kB
MemFree:         4663360 kB
MemAvailable:    4393364 kB
Buffers:            5720 kB
Cached:           311484 kB
SwapCached:       360860 kB
Active:          1777428 kB
Inactive:         942392 kB
Active(anon):    1672596 kB
Inactive(anon):   785996 kB
Active(file):     104832 kB
Inactive(file):   156396 kB
Unevictable:          16 kB
Mlocked:              16 kB
SwapTotal:       4194300 kB
SwapFree:        3833636 kB
Zswap:                 0 kB
Zswapped:              0 kB
Dirty:               564 kB
Writeback:             0 kB
AnonPages:       2041848 kB
Mapped:           263996 kB
Shmem:             55972 kB
KReclaimable:      53860 kB
Slab:             280740 kB
SReclaimable:      53860 kB
SUnreclaim:       226880 kB
KernelStack:       18192 kB
PageTables:        48476 kB
SecPageTables:         0 kB
NFS_Unstable:          0 kB
Bounce:                0 kB
WritebackTmp:          0 kB
CommitLimit:     8258920 kB
Committed_AS:   11355328 kB
VmallocTotal:   34359738367 kB
VmallocUsed:       46536 kB
VmallocChunk:          0 kB
Percpu:            13280 kB
HardwareCorrupted:     0 kB
AnonHugePages:    362496 kB
ShmemHugePages:        0 kB
ShmemPmdMapped:        0 kB
FileHugePages:         0 kB
FilePmdMapped:         0 kB
CmaTotal:              0 kB
CmaFree:               0 kB
Unaccepted:            0 kB
Balloon:               0 kB
HugePages_Total:       0
HugePages_Free:        0
HugePages_Rsvd:        0
HugePages_Surp:        0
Hugepagesize:       2048 kB
Hugetlb:               0 kB
DirectMap4k:      194432 kB
DirectMap2M:     6096896 kB
DirectMap1G:     4194304 kB
---SNAPSHOT---
2026-04-27 16:04:52
MemTotal:        8129240 kB
MemFree:         4042592 kB
MemAvailable:    3772600 kB
Buffers:            5728 kB
Cached:           311492 kB
SwapCached:        37452 kB
Active:          2787928 kB
Inactive:         619072 kB
Active(anon):    2683096 kB
Inactive(anon):   462668 kB
Active(file):     104832 kB
Inactive(file):   156404 kB
Unevictable:          16 kB
Mlocked:              16 kB
SwapTotal:       4194300 kB
SwapFree:        4156848 kB
Zswap:                 0 kB
Zswapped:              0 kB
Dirty:               572 kB
Writeback:             0 kB
AnonPages:       3052080 kB
Mapped:           263996 kB
Shmem:             55972 kB
KReclaimable:      53860 kB
Slab:             280604 kB
SReclaimable:      53860 kB
SUnreclaim:       226744 kB
KernelStack:       18192 kB
PageTables:        48756 kB
SecPageTables:         0 kB
NFS_Unstable:          0 kB
Bounce:                0 kB
WritebackTmp:          0 kB
CommitLimit:     8258920 kB
Committed_AS:   11355328 kB
VmallocTotal:   34359738367 kB
VmallocUsed:       46472 kB
VmallocChunk:          0 kB
Percpu:            13280 kB
HardwareCorrupted:     0 kB
AnonHugePages:   1370112 kB
ShmemHugePages:        0 kB
ShmemPmdMapped:        0 kB
FileHugePages:         0 kB
FilePmdMapped:         0 kB
CmaTotal:              0 kB
CmaFree:               0 kB
Unaccepted:            0 kB
Balloon:               0 kB
HugePages_Total:       0
HugePages_Free:        0
HugePages_Rsvd:        0
HugePages_Surp:        0
Hugepagesize:       2048 kB
Hugetlb:               0 kB
DirectMap4k:      194432 kB
DirectMap2M:     6096896 kB
DirectMap1G:     4194304 kB
---SNAPSHOT---
2026-04-27 16:04:53
MemTotal:        8129240 kB
MemFree:         3587536 kB
MemAvailable:    3317548 kB
Buffers:            5728 kB
Cached:           311496 kB
SwapCached:        37452 kB
Active:          3203136 kB
Inactive:         619084 kB
Active(anon):    3098304 kB
Inactive(anon):   462668 kB
Active(file):     104832 kB
Inactive(file):   156416 kB
Unevictable:          16 kB
Mlocked:              16 kB
SwapTotal:       4194300 kB
SwapFree:        4156848 kB
Zswap:                 0 kB
Zswapped:              0 kB
Dirty:               256 kB
Writeback:             0 kB
AnonPages:       3467612 kB
Mapped:           263996 kB
Shmem:             55972 kB
KReclaimable:      53860 kB
Slab:             280608 kB
SReclaimable:      53860 kB
SUnreclaim:       226748 kB
KernelStack:       18208 kB
PageTables:        49424 kB
SecPageTables:         0 kB
NFS_Unstable:          0 kB
Bounce:                0 kB
WritebackTmp:          0 kB
CommitLimit:     8258920 kB
Committed_AS:   11355328 kB
VmallocTotal:   34359738367 kB
VmallocUsed:       46520 kB
VmallocChunk:          0 kB
Percpu:            13280 kB
HardwareCorrupted:     0 kB
AnonHugePages:   1787904 kB
ShmemHugePages:        0 kB
ShmemPmdMapped:        0 kB
FileHugePages:         0 kB
FilePmdMapped:         0 kB
CmaTotal:              0 kB
CmaFree:               0 kB
Unaccepted:            0 kB
Balloon:               0 kB
HugePages_Total:       0
HugePages_Free:        0
HugePages_Rsvd:        0
HugePages_Surp:        0
Hugepagesize:       2048 kB
Hugetlb:               0 kB
DirectMap4k:      194432 kB
DirectMap2M:     6096896 kB
DirectMap1G:     4194304 kB
---SNAPSHOT---
2026-04-27 16:04:54
MemTotal:        8129240 kB
MemFree:         4495044 kB
MemAvailable:    4225060 kB
Buffers:            5728 kB
Cached:           311504 kB
SwapCached:        37452 kB
Active:          2334720 kB
Inactive:         619092 kB
Active(anon):    2229888 kB
Inactive(anon):   462668 kB
Active(file):     104832 kB
Inactive(file):   156424 kB
Unevictable:          16 kB
Mlocked:              16 kB
SwapTotal:       4194300 kB
SwapFree:        4156848 kB
Zswap:                 0 kB
Zswapped:              0 kB
Dirty:               172 kB
Writeback:             0 kB
AnonPages:       2599240 kB
Mapped:           263996 kB
Shmem:             55972 kB
KReclaimable:      53860 kB
Slab:             280608 kB
SReclaimable:      53860 kB
SUnreclaim:       226748 kB
KernelStack:       18300 kB
PageTables:        47548 kB
SecPageTables:         0 kB
NFS_Unstable:          0 kB
Bounce:                0 kB
WritebackTmp:          0 kB
CommitLimit:     8258920 kB
Committed_AS:   11355328 kB
VmallocTotal:   34359738367 kB
VmallocUsed:       46504 kB
VmallocChunk:          0 kB
Percpu:            13280 kB
HardwareCorrupted:     0 kB
AnonHugePages:    919552 kB
ShmemHugePages:        0 kB
ShmemPmdMapped:        0 kB
FileHugePages:         0 kB
FilePmdMapped:         0 kB
CmaTotal:              0 kB
CmaFree:               0 kB
Unaccepted:            0 kB
Balloon:               0 kB
HugePages_Total:       0
HugePages_Free:        0
HugePages_Rsvd:        0
HugePages_Surp:        0
Hugepagesize:       2048 kB
Hugetlb:               0 kB
DirectMap4k:      194432 kB
DirectMap2M:     6096896 kB
DirectMap1G:     4194304 kB
---SNAPSHOT---
2026-04-27 16:04:55
MemTotal:        8129240 kB
MemFree:         3441388 kB
MemAvailable:    3171408 kB
Buffers:            5728 kB
Cached:           311508 kB
SwapCached:        37452 kB
Active:          3391536 kB
Inactive:         619096 kB
Active(anon):    3286704 kB
Inactive(anon):   462668 kB
Active(file):     104832 kB
Inactive(file):   156428 kB
Unevictable:          16 kB
Mlocked:              16 kB
SwapTotal:       4194300 kB
SwapFree:        4156848 kB
Zswap:                 0 kB
Zswapped:              0 kB
Dirty:               176 kB
Writeback:             0 kB
AnonPages:       3656228 kB
Mapped:           264224 kB
Shmem:             55972 kB
KReclaimable:      53860 kB
Slab:             280600 kB
SReclaimable:      53860 kB
SUnreclaim:       226740 kB
KernelStack:       18256 kB
PageTables:        50116 kB
SecPageTables:         0 kB
NFS_Unstable:          0 kB
Bounce:                0 kB
WritebackTmp:          0 kB
CommitLimit:     8258920 kB
Committed_AS:   11355328 kB
VmallocTotal:   34359738367 kB
VmallocUsed:       46552 kB
VmallocChunk:          0 kB
Percpu:            13280 kB
HardwareCorrupted:     0 kB
AnonHugePages:   1976320 kB
ShmemHugePages:        0 kB
ShmemPmdMapped:        0 kB
FileHugePages:         0 kB
FilePmdMapped:         0 kB
CmaTotal:              0 kB
CmaFree:               0 kB
Unaccepted:            0 kB
Balloon:               0 kB
HugePages_Total:       0
HugePages_Free:        0
HugePages_Rsvd:        0
HugePages_Surp:        0
Hugepagesize:       2048 kB
Hugetlb:               0 kB
DirectMap4k:      194432 kB
DirectMap2M:     6096896 kB
DirectMap1G:     4194304 kB
---SNAPSHOT---
2026-04-27 16:04:56
MemTotal:        8129240 kB
MemFree:         4383696 kB
MemAvailable:    4113716 kB
Buffers:            5728 kB
Cached:           311512 kB
SwapCached:       225656 kB
Active:          2241072 kB
Inactive:         806292 kB
Active(anon):    2136240 kB
Inactive(anon):   649860 kB
Active(file):     104832 kB
Inactive(file):   156432 kB
Unevictable:          16 kB
Mlocked:              16 kB
SwapTotal:       4194300 kB
SwapFree:        3968608 kB
Zswap:                 0 kB
Zswapped:              0 kB
Dirty:               180 kB
Writeback:           840 kB
AnonPages:       2507140 kB
Mapped:           263996 kB
Shmem:             55972 kB
KReclaimable:      53860 kB
Slab:             280724 kB
SReclaimable:      53860 kB
SUnreclaim:       226864 kB
KernelStack:       18284 kB
PageTables:        49540 kB
SecPageTables:         0 kB
NFS_Unstable:          0 kB
Bounce:                0 kB
WritebackTmp:          0 kB
CommitLimit:     8258920 kB
Committed_AS:   11355328 kB
VmallocTotal:   34359738367 kB
VmallocUsed:       46536 kB
VmallocChunk:          0 kB
Percpu:            13280 kB
HardwareCorrupted:     0 kB
AnonHugePages:    825344 kB
ShmemHugePages:        0 kB
ShmemPmdMapped:        0 kB
FileHugePages:         0 kB
FilePmdMapped:         0 kB
CmaTotal:              0 kB
CmaFree:               0 kB
Unaccepted:            0 kB
Balloon:               0 kB
HugePages_Total:       0
HugePages_Free:        0
HugePages_Rsvd:        0
HugePages_Surp:        0
Hugepagesize:       2048 kB
Hugetlb:               0 kB
DirectMap4k:      194432 kB
DirectMap2M:     6096896 kB
DirectMap1G:     4194304 kB
---SNAPSHOT---
2026-04-27 16:04:57
MemTotal:        8129240 kB
MemFree:         4168476 kB
MemAvailable:    3898500 kB
Buffers:            5736 kB
Cached:           311516 kB
SwapCached:        37452 kB
Active:          2609288 kB
Inactive:         619108 kB
Active(anon):    2504456 kB
Inactive(anon):   462668 kB
Active(file):     104832 kB
Inactive(file):   156440 kB
Unevictable:          16 kB
Mlocked:              16 kB
SwapTotal:       4194300 kB
SwapFree:        4156848 kB
Zswap:                 0 kB
Zswapped:              0 kB
Dirty:               188 kB
Writeback:             0 kB
AnonPages:       2873752 kB
Mapped:           263996 kB
Shmem:             55972 kB
KReclaimable:      53860 kB
Slab:             280608 kB
SReclaimable:      53860 kB
SUnreclaim:       226748 kB
KernelStack:       18240 kB
PageTables:        48976 kB
SecPageTables:         0 kB
NFS_Unstable:          0 kB
Bounce:                0 kB
WritebackTmp:          0 kB
CommitLimit:     8258920 kB
Committed_AS:   11355328 kB
VmallocTotal:   34359738367 kB
VmallocUsed:       46568 kB
VmallocChunk:          0 kB
Percpu:            13280 kB
HardwareCorrupted:     0 kB
AnonHugePages:   1193984 kB
ShmemHugePages:        0 kB
ShmemPmdMapped:        0 kB
FileHugePages:         0 kB
FilePmdMapped:         0 kB
CmaTotal:              0 kB
CmaFree:               0 kB
Unaccepted:            0 kB
Balloon:               0 kB
HugePages_Total:       0
HugePages_Free:        0
HugePages_Rsvd:        0
HugePages_Surp:        0
Hugepagesize:       2048 kB
Hugetlb:               0 kB
DirectMap4k:      194432 kB
DirectMap2M:     6096896 kB
DirectMap1G:     4194304 kB
---SNAPSHOT---
2026-04-27 16:04:58
MemTotal:        8129240 kB
MemFree:         3724164 kB
MemAvailable:    3454204 kB
Buffers:            5744 kB
Cached:           311532 kB
SwapCached:        37452 kB
Active:          3025004 kB
Inactive:         619136 kB
Active(anon):    2920172 kB
Inactive(anon):   462668 kB
Active(file):     104832 kB
Inactive(file):   156468 kB
Unevictable:          16 kB
Mlocked:              16 kB
SwapTotal:       4194300 kB
SwapFree:        4156848 kB
Zswap:                 0 kB
Zswapped:              0 kB
Dirty:                24 kB
Writeback:             0 kB
AnonPages:       3289536 kB
Mapped:           263996 kB
Shmem:             55972 kB
KReclaimable:      53860 kB
Slab:             280608 kB
SReclaimable:      53860 kB
SUnreclaim:       226748 kB
KernelStack:       18284 kB
PageTables:        50408 kB
SecPageTables:         0 kB
NFS_Unstable:          0 kB
Bounce:                0 kB
WritebackTmp:          0 kB
CommitLimit:     8258920 kB
Committed_AS:   11355440 kB
VmallocTotal:   34359738367 kB
VmallocUsed:       46536 kB
VmallocChunk:          0 kB
Percpu:            13280 kB
HardwareCorrupted:     0 kB
AnonHugePages:   1609728 kB
ShmemHugePages:        0 kB
ShmemPmdMapped:        0 kB
FileHugePages:         0 kB
FilePmdMapped:         0 kB
CmaTotal:              0 kB
CmaFree:               0 kB
Unaccepted:            0 kB
Balloon:               0 kB
HugePages_Total:       0
HugePages_Free:        0
HugePages_Rsvd:        0
HugePages_Surp:        0
Hugepagesize:       2048 kB
Hugetlb:               0 kB
DirectMap4k:      194432 kB
DirectMap2M:     6096896 kB
DirectMap1G:     4194304 kB
---SNAPSHOT---
2026-04-27 16:04:59
MemTotal:        8129240 kB
MemFree:         3507824 kB
MemAvailable:    3237864 kB
Buffers:            5744 kB
Cached:           311540 kB
SwapCached:       429620 kB
Active:          2887556 kB
Inactive:        1009640 kB
Active(anon):    2782724 kB
Inactive(anon):   853168 kB
Active(file):     104832 kB
Inactive(file):   156472 kB
Unevictable:          16 kB
Mlocked:              16 kB
SwapTotal:       4194300 kB
SwapFree:        3764588 kB
Zswap:                 0 kB
Zswapped:              0 kB
Dirty:                44 kB
Writeback:          1156 kB
AnonPages:       3152640 kB
Mapped:           263996 kB
Shmem:             55972 kB
KReclaimable:      53860 kB
Slab:             280744 kB
SReclaimable:      53860 kB
SUnreclaim:       226884 kB
KernelStack:       18240 kB
PageTables:        50368 kB
SecPageTables:         0 kB
NFS_Unstable:          0 kB
Bounce:                0 kB
WritebackTmp:          0 kB
CommitLimit:     8258920 kB
Committed_AS:   11355328 kB
VmallocTotal:   34359738367 kB
VmallocUsed:       46488 kB
VmallocChunk:          0 kB
Percpu:            13280 kB
HardwareCorrupted:     0 kB
AnonHugePages:   1472512 kB
ShmemHugePages:        0 kB
ShmemPmdMapped:        0 kB
FileHugePages:         0 kB
FilePmdMapped:         0 kB
CmaTotal:              0 kB
CmaFree:               0 kB
Unaccepted:            0 kB
Balloon:               0 kB
HugePages_Total:       0
HugePages_Free:        0
HugePages_Rsvd:        0
HugePages_Surp:        0
Hugepagesize:       2048 kB
Hugetlb:               0 kB
DirectMap4k:      194432 kB
DirectMap2M:     6096896 kB
DirectMap1G:     4194304 kB
---SNAPSHOT---
2026-04-27 16:05:00
MemTotal:        8129240 kB
MemFree:         3872028 kB
MemAvailable:    3602072 kB
Buffers:            5744 kB
Cached:           311544 kB
SwapCached:        37452 kB
Active:          2883832 kB
Inactive:         619148 kB
Active(anon):    2779000 kB
Inactive(anon):   462668 kB
Active(file):     104832 kB
Inactive(file):   156480 kB
Unevictable:          16 kB
Mlocked:              16 kB
SwapTotal:       4194300 kB
SwapFree:        4156848 kB
Zswap:                 0 kB
Zswapped:              0 kB
Dirty:                48 kB
Writeback:             0 kB
AnonPages:       3147888 kB
Mapped:           263980 kB
Shmem:             55972 kB
KReclaimable:      53860 kB
Slab:             280592 kB
SReclaimable:      53860 kB
SUnreclaim:       226732 kB
KernelStack:       18224 kB
PageTables:        48808 kB
SecPageTables:         0 kB
NFS_Unstable:          0 kB
Bounce:                0 kB
WritebackTmp:          0 kB
CommitLimit:     8258920 kB
Committed_AS:   11355332 kB
VmallocTotal:   34359738367 kB
VmallocUsed:       46520 kB
VmallocChunk:          0 kB
Percpu:            13280 kB
HardwareCorrupted:     0 kB
AnonHugePages:   1468416 kB
ShmemHugePages:        0 kB
ShmemPmdMapped:        0 kB
FileHugePages:         0 kB
FilePmdMapped:         0 kB
CmaTotal:              0 kB
CmaFree:               0 kB
Unaccepted:            0 kB
Balloon:               0 kB
HugePages_Total:       0
HugePages_Free:        0
HugePages_Rsvd:        0
HugePages_Surp:        0
Hugepagesize:       2048 kB
Hugetlb:               0 kB
DirectMap4k:      194432 kB
DirectMap2M:     6096896 kB
DirectMap1G:     4194304 kB
---SNAPSHOT---
2026-04-27 16:05:01
MemTotal:        8129240 kB
MemFree:         4148932 kB
MemAvailable:    3878980 kB
Buffers:            5744 kB
Cached:           311552 kB
SwapCached:        37452 kB
Active:          2591080 kB
Inactive:         619156 kB
Active(anon):    2486248 kB
Inactive(anon):   462668 kB
Active(file):     104832 kB
Inactive(file):   156488 kB
Unevictable:          16 kB
Mlocked:              16 kB
SwapTotal:       4194300 kB
SwapFree:        4156848 kB
Zswap:                 0 kB
Zswapped:              0 kB
Dirty:                56 kB
Writeback:             0 kB
AnonPages:       2855432 kB
Mapped:           263996 kB
Shmem:             55972 kB
KReclaimable:      53860 kB
Slab:             280600 kB
SReclaimable:      53860 kB
SUnreclaim:       226740 kB
KernelStack:       18240 kB
PageTables:        49128 kB
SecPageTables:         0 kB
NFS_Unstable:          0 kB
Bounce:                0 kB
WritebackTmp:          0 kB
CommitLimit:     8258920 kB
Committed_AS:   11355332 kB
VmallocTotal:   34359738367 kB
VmallocUsed:       46488 kB
VmallocChunk:          0 kB
Percpu:            13280 kB
HardwareCorrupted:     0 kB
AnonHugePages:   1175552 kB
ShmemHugePages:        0 kB
ShmemPmdMapped:        0 kB
FileHugePages:         0 kB
FilePmdMapped:         0 kB
CmaTotal:              0 kB
CmaFree:               0 kB
Unaccepted:            0 kB
Balloon:               0 kB
HugePages_Total:       0
HugePages_Free:        0
HugePages_Rsvd:        0
HugePages_Surp:        0
Hugepagesize:       2048 kB
Hugetlb:               0 kB
DirectMap4k:      194432 kB
DirectMap2M:     6096896 kB
DirectMap1G:     4194304 kB
---SNAPSHOT---
2026-04-27 16:05:02
MemTotal:        8129240 kB
MemFree:         3782356 kB
MemAvailable:    3513312 kB
Buffers:            7272 kB
Cached:           311840 kB
SwapCached:        37452 kB
Active:          2965744 kB
Inactive:         620748 kB
Active(anon):    2860692 kB
Inactive(anon):   462668 kB
Active(file):     105052 kB
Inactive(file):   158080 kB
Unevictable:          16 kB
Mlocked:              16 kB
SwapTotal:       4194300 kB
SwapFree:        4156848 kB
Zswap:                 0 kB
Zswapped:              0 kB
Dirty:               248 kB
Writeback:             0 kB
AnonPages:       3230060 kB
Mapped:           263996 kB
Shmem:             55972 kB
KReclaimable:      53860 kB
Slab:             280628 kB
SReclaimable:      53860 kB
SUnreclaim:       226768 kB
KernelStack:       18208 kB
PageTables:        49284 kB
SecPageTables:         0 kB
NFS_Unstable:          0 kB
Bounce:                0 kB
WritebackTmp:          0 kB
CommitLimit:     8258920 kB
Committed_AS:   11355332 kB
VmallocTotal:   34359738367 kB
VmallocUsed:       46456 kB
VmallocChunk:          0 kB
Percpu:            13280 kB
HardwareCorrupted:     0 kB
AnonHugePages:   1550336 kB
ShmemHugePages:        0 kB
ShmemPmdMapped:        0 kB
FileHugePages:         0 kB
FilePmdMapped:         0 kB
CmaTotal:              0 kB
CmaFree:               0 kB
Unaccepted:            0 kB
Balloon:               0 kB
HugePages_Total:       0
HugePages_Free:        0
HugePages_Rsvd:        0
HugePages_Surp:        0
Hugepagesize:       2048 kB
Hugetlb:               0 kB
DirectMap4k:      194432 kB
DirectMap2M:     6096896 kB
DirectMap1G:     4194304 kB
---SNAPSHOT---
2026-04-27 16:05:03
MemTotal:        8129240 kB
MemFree:         3990984 kB
MemAvailable:    3721948 kB
Buffers:            7272 kB
Cached:           311852 kB
SwapCached:        37452 kB
Active:          2740676 kB
Inactive:         620764 kB
Active(anon):    2635624 kB
Inactive(anon):   462668 kB
Active(file):     105052 kB
Inactive(file):   158096 kB
Unevictable:          16 kB
Mlocked:              16 kB
SwapTotal:       4194300 kB
SwapFree:        4156848 kB
Zswap:                 0 kB
Zswapped:              0 kB
Dirty:               296 kB
Writeback:             0 kB
AnonPages:       3004884 kB
Mapped:           263996 kB
Shmem:             55972 kB
KReclaimable:      53860 kB
Slab:             280624 kB
SReclaimable:      53860 kB
SUnreclaim:       226764 kB
KernelStack:       18240 kB
PageTables:        48396 kB
SecPageTables:         0 kB
NFS_Unstable:          0 kB
Bounce:                0 kB
WritebackTmp:          0 kB
CommitLimit:     8258920 kB
Committed_AS:   11354948 kB
VmallocTotal:   34359738367 kB
VmallocUsed:       46424 kB
VmallocChunk:          0 kB
Percpu:            13280 kB
HardwareCorrupted:     0 kB
AnonHugePages:   1325056 kB
ShmemHugePages:        0 kB
ShmemPmdMapped:        0 kB
FileHugePages:         0 kB
FilePmdMapped:         0 kB
CmaTotal:              0 kB
CmaFree:               0 kB
Unaccepted:            0 kB
Balloon:               0 kB
HugePages_Total:       0
HugePages_Free:        0
HugePages_Rsvd:        0
HugePages_Surp:        0
Hugepagesize:       2048 kB
Hugetlb:               0 kB
DirectMap4k:      194432 kB
DirectMap2M:     6096896 kB
DirectMap1G:     4194304 kB
---SNAPSHOT---
2026-04-27 16:05:04
MemTotal:        8129240 kB
MemFree:         3584536 kB
MemAvailable:    3315504 kB
Buffers:            7272 kB
Cached:           311860 kB
SwapCached:        37452 kB
Active:          3170516 kB
Inactive:         620772 kB
Active(anon):    3065464 kB
Inactive(anon):   462668 kB
Active(file):     105052 kB
Inactive(file):   158104 kB
Unevictable:          16 kB
Mlocked:              16 kB
SwapTotal:       4194300 kB
SwapFree:        4156848 kB
Zswap:                 0 kB
Zswapped:              0 kB
Dirty:               300 kB
Writeback:             0 kB
AnonPages:       3434972 kB
Mapped:           263768 kB
Shmem:             55972 kB
KReclaimable:      53860 kB
Slab:             280612 kB
SReclaimable:      53860 kB
SUnreclaim:       226752 kB
KernelStack:       18240 kB
PageTables:        49204 kB
SecPageTables:         0 kB
NFS_Unstable:          0 kB
Bounce:                0 kB
WritebackTmp:          0 kB
CommitLimit:     8258920 kB
Committed_AS:   11355332 kB
VmallocTotal:   34359738367 kB
VmallocUsed:       46456 kB
VmallocChunk:          0 kB
Percpu:            13280 kB
HardwareCorrupted:     0 kB
AnonHugePages:   1755136 kB
ShmemHugePages:        0 kB
ShmemPmdMapped:        0 kB
FileHugePages:         0 kB
FilePmdMapped:         0 kB
CmaTotal:              0 kB
CmaFree:               0 kB
Unaccepted:            0 kB
Balloon:               0 kB
HugePages_Total:       0
HugePages_Free:        0
HugePages_Rsvd:        0
HugePages_Surp:        0
Hugepagesize:       2048 kB
Hugetlb:               0 kB
DirectMap4k:      194432 kB
DirectMap2M:     6096896 kB
DirectMap1G:     4194304 kB
---SNAPSHOT---
2026-04-27 16:05:05
MemTotal:        8129240 kB
MemFree:         3780064 kB
MemAvailable:    3511032 kB
Buffers:            7272 kB
Cached:           311864 kB
SwapCached:        37452 kB
Active:          2953664 kB
Inactive:         620776 kB
Active(anon):    2848612 kB
Inactive(anon):   462668 kB
Active(file):     105052 kB
Inactive(file):   158108 kB
Unevictable:          16 kB
Mlocked:              16 kB
SwapTotal:       4194300 kB
SwapFree:        4156848 kB
Zswap:                 0 kB
Zswapped:              0 kB
Dirty:               304 kB
Writeback:             0 kB
AnonPages:       3218032 kB
Mapped:           263996 kB
Shmem:             55972 kB
KReclaimable:      53860 kB
Slab:             280604 kB
SReclaimable:      53860 kB
SUnreclaim:       226744 kB
KernelStack:       18240 kB
PageTables:        49008 kB
SecPageTables:         0 kB
NFS_Unstable:          0 kB
Bounce:                0 kB
WritebackTmp:          0 kB
CommitLimit:     8258920 kB
Committed_AS:   11355440 kB
VmallocTotal:   34359738367 kB
VmallocUsed:       46520 kB
VmallocChunk:          0 kB
Percpu:            13280 kB
HardwareCorrupted:     0 kB
AnonHugePages:   1538048 kB
ShmemHugePages:        0 kB
ShmemPmdMapped:        0 kB
FileHugePages:         0 kB
FilePmdMapped:         0 kB
CmaTotal:              0 kB
CmaFree:               0 kB
Unaccepted:            0 kB
Balloon:               0 kB
HugePages_Total:       0
HugePages_Free:        0
HugePages_Rsvd:        0
HugePages_Surp:        0
Hugepagesize:       2048 kB
Hugetlb:               0 kB
DirectMap4k:      194432 kB
DirectMap2M:     6096896 kB
DirectMap1G:     4194304 kB
---SNAPSHOT---
2026-04-27 16:05:06
MemTotal:        8129240 kB
MemFree:         4036088 kB
MemAvailable:    3767056 kB
Buffers:            7272 kB
Cached:           311868 kB
SwapCached:        37452 kB
Active:          2723888 kB
Inactive:         620776 kB
Active(anon):    2618836 kB
Inactive(anon):   462668 kB
Active(file):     105052 kB
Inactive(file):   158108 kB
Unevictable:          16 kB
Mlocked:              16 kB
SwapTotal:       4194300 kB
SwapFree:        4156848 kB
Zswap:                 0 kB
Zswapped:              0 kB
Dirty:               308 kB
Writeback:             0 kB
AnonPages:       2988228 kB
Mapped:           263996 kB
Shmem:             55972 kB
KReclaimable:      53860 kB
Slab:             280592 kB
SReclaimable:      53860 kB
SUnreclaim:       226732 kB
KernelStack:       18240 kB
PageTables:        48120 kB
SecPageTables:         0 kB
NFS_Unstable:          0 kB
Bounce:                0 kB
WritebackTmp:          0 kB
CommitLimit:     8258920 kB
Committed_AS:   11355112 kB
VmallocTotal:   34359738367 kB
VmallocUsed:       46472 kB
VmallocChunk:          0 kB
Percpu:            13280 kB
HardwareCorrupted:     0 kB
AnonHugePages:   1308672 kB
ShmemHugePages:        0 kB
ShmemPmdMapped:        0 kB
FileHugePages:         0 kB
FilePmdMapped:         0 kB
CmaTotal:              0 kB
CmaFree:               0 kB
Unaccepted:            0 kB
Balloon:               0 kB
HugePages_Total:       0
HugePages_Free:        0
HugePages_Rsvd:        0
HugePages_Surp:        0
Hugepagesize:       2048 kB
Hugetlb:               0 kB
DirectMap4k:      194432 kB
DirectMap2M:     6096896 kB
DirectMap1G:     4194304 kB
---SNAPSHOT---
2026-04-27 16:05:07
MemTotal:        8129240 kB
MemFree:         3628088 kB
MemAvailable:    3359060 kB
Buffers:            7280 kB
Cached:           311868 kB
SwapCached:        37452 kB
Active:          3145744 kB
Inactive:         620784 kB
Active(anon):    3040692 kB
Inactive(anon):   462668 kB
Active(file):     105052 kB
Inactive(file):   158116 kB
Unevictable:          16 kB
Mlocked:              16 kB
SwapTotal:       4194300 kB
SwapFree:        4156848 kB
Zswap:                 0 kB
Zswapped:              0 kB
Dirty:               316 kB
Writeback:             0 kB
AnonPages:       3410092 kB
Mapped:           263996 kB
Shmem:             55972 kB
KReclaimable:      53860 kB
Slab:             280592 kB
SReclaimable:      53860 kB
SUnreclaim:       226732 kB
KernelStack:       18240 kB
PageTables:        49308 kB
SecPageTables:         0 kB
NFS_Unstable:          0 kB
Bounce:                0 kB
WritebackTmp:          0 kB
CommitLimit:     8258920 kB
Committed_AS:   11355444 kB
VmallocTotal:   34359738367 kB
VmallocUsed:       46456 kB
VmallocChunk:          0 kB
Percpu:            13280 kB
HardwareCorrupted:     0 kB
AnonHugePages:   1730560 kB
ShmemHugePages:        0 kB
ShmemPmdMapped:        0 kB
FileHugePages:         0 kB
FilePmdMapped:         0 kB
CmaTotal:              0 kB
CmaFree:               0 kB
Unaccepted:            0 kB
Balloon:               0 kB
HugePages_Total:       0
HugePages_Free:        0
HugePages_Rsvd:        0
HugePages_Surp:        0
Hugepagesize:       2048 kB
Hugetlb:               0 kB
DirectMap4k:      194432 kB
DirectMap2M:     6096896 kB
DirectMap1G:     4194304 kB
---SNAPSHOT---
2026-04-27 16:05:08
MemTotal:        8129240 kB
MemFree:         3826272 kB
MemAvailable:    3557252 kB
Buffers:            7280 kB
Cached:           311880 kB
SwapCached:        37452 kB
Active:          2936920 kB
Inactive:         620800 kB
Active(anon):    2831868 kB
Inactive(anon):   462668 kB
Active(file):     105052 kB
Inactive(file):   158132 kB
Unevictable:          16 kB
Mlocked:              16 kB
SwapTotal:       4194300 kB
SwapFree:        4156848 kB
Zswap:                 0 kB
Zswapped:              0 kB
Dirty:               320 kB
Writeback:             0 kB
AnonPages:       3201288 kB
Mapped:           264224 kB
Shmem:             55972 kB
KReclaimable:      53860 kB
Slab:             280588 kB
SReclaimable:      53860 kB
SUnreclaim:       226728 kB
KernelStack:       18256 kB
PageTables:        48932 kB
SecPageTables:         0 kB
NFS_Unstable:          0 kB
Bounce:                0 kB
WritebackTmp:          0 kB
CommitLimit:     8258920 kB
Committed_AS:   11354980 kB
VmallocTotal:   34359738367 kB
VmallocUsed:       46504 kB
VmallocChunk:          0 kB
Percpu:            13280 kB
HardwareCorrupted:     0 kB
AnonHugePages:   1521664 kB
ShmemHugePages:        0 kB
ShmemPmdMapped:        0 kB
FileHugePages:         0 kB
FilePmdMapped:         0 kB
CmaTotal:              0 kB
CmaFree:               0 kB
Unaccepted:            0 kB
Balloon:               0 kB
HugePages_Total:       0
HugePages_Free:        0
HugePages_Rsvd:        0
HugePages_Surp:        0
Hugepagesize:       2048 kB
Hugetlb:               0 kB
DirectMap4k:      194432 kB
DirectMap2M:     6096896 kB
DirectMap1G:     4194304 kB
---SNAPSHOT---
2026-04-27 16:05:09
MemTotal:        8129240 kB
MemFree:         3416420 kB
MemAvailable:    3147404 kB
Buffers:            7280 kB
Cached:           311892 kB
SwapCached:        51588 kB
Active:          3345604 kB
Inactive:         633348 kB
Active(anon):    3240552 kB
Inactive(anon):   475208 kB
Active(file):     105052 kB
Inactive(file):   158140 kB
Unevictable:          16 kB
Mlocked:              16 kB
SwapTotal:       4194300 kB
SwapFree:        4142676 kB
Zswap:                 0 kB
Zswapped:              0 kB
Dirty:               332 kB
Writeback:          1368 kB
AnonPages:       3610632 kB
Mapped:           263996 kB
Shmem:             55972 kB
KReclaimable:      53860 kB
Slab:             280592 kB
SReclaimable:      53860 kB
SUnreclaim:       226732 kB
KernelStack:       18240 kB
PageTables:        49652 kB
SecPageTables:         0 kB
NFS_Unstable:          0 kB
Bounce:                0 kB
WritebackTmp:          0 kB
CommitLimit:     8258920 kB
Committed_AS:   11355552 kB
VmallocTotal:   34359738367 kB
VmallocUsed:       46456 kB
VmallocChunk:          0 kB
Percpu:            13280 kB
HardwareCorrupted:     0 kB
AnonHugePages:   1929216 kB
ShmemHugePages:        0 kB
ShmemPmdMapped:        0 kB
FileHugePages:         0 kB
FilePmdMapped:         0 kB
CmaTotal:              0 kB
CmaFree:               0 kB
Unaccepted:            0 kB
Balloon:               0 kB
HugePages_Total:       0
HugePages_Free:        0
HugePages_Rsvd:        0
HugePages_Surp:        0
Hugepagesize:       2048 kB
Hugetlb:               0 kB
DirectMap4k:      194432 kB
DirectMap2M:     6096896 kB
DirectMap1G:     4194304 kB
---SNAPSHOT---
2026-04-27 16:05:10
MemTotal:        8129240 kB
MemFree:         3868852 kB
MemAvailable:    3599844 kB
Buffers:            7280 kB
Cached:           311900 kB
SwapCached:       608848 kB
Active:          2316416 kB
Inactive:        1168944 kB
Active(anon):    2211364 kB
Inactive(anon):  1010792 kB
Active(file):     105052 kB
Inactive(file):   158152 kB
Unevictable:          16 kB
Mlocked:              16 kB
SwapTotal:       4194300 kB
SwapFree:        3585452 kB
Zswap:                 0 kB
Zswapped:              0 kB
Dirty:               340 kB
Writeback:         23212 kB
AnonPages:       2559944 kB
Mapped:           263996 kB
Shmem:             55972 kB
KReclaimable:      53860 kB
Slab:             282092 kB
SReclaimable:      53860 kB
SUnreclaim:       228232 kB
KernelStack:       18300 kB
PageTables:        48416 kB
SecPageTables:         0 kB
NFS_Unstable:          0 kB
Bounce:                0 kB
WritebackTmp:          0 kB
CommitLimit:     8258920 kB
Committed_AS:   11354816 kB
VmallocTotal:   34359738367 kB
VmallocUsed:       46472 kB
VmallocChunk:          0 kB
Percpu:            13280 kB
HardwareCorrupted:     0 kB
AnonHugePages:    878592 kB
ShmemHugePages:        0 kB
ShmemPmdMapped:        0 kB
FileHugePages:         0 kB
FilePmdMapped:         0 kB
CmaTotal:              0 kB
CmaFree:               0 kB
Unaccepted:            0 kB
Balloon:               0 kB
HugePages_Total:       0
HugePages_Free:        0
HugePages_Rsvd:        0
HugePages_Surp:        0
Hugepagesize:       2048 kB
Hugetlb:               0 kB
DirectMap4k:      194432 kB
DirectMap2M:     6096896 kB
DirectMap1G:     4194304 kB
---SNAPSHOT---
2026-04-27 16:05:11
MemTotal:        8129240 kB
MemFree:         3746380 kB
MemAvailable:    3477372 kB
Buffers:            7280 kB
Cached:           311904 kB
SwapCached:       608848 kB
Active:          2474860 kB
Inactive:        1180684 kB
Active(anon):    2369808 kB
Inactive(anon):  1022532 kB
Active(file):     105052 kB
Inactive(file):   158152 kB
Unevictable:          16 kB
Mlocked:              16 kB
SwapTotal:       4194300 kB
SwapFree:        3585452 kB
Zswap:                 0 kB
Zswapped:              0 kB
Dirty:               344 kB
Writeback:         11492 kB
AnonPages:       2729864 kB
Mapped:           263996 kB
Shmem:             55972 kB
KReclaimable:      53860 kB
Slab:             281440 kB
SReclaimable:      53860 kB
SUnreclaim:       227580 kB
KernelStack:       18240 kB
PageTables:        49828 kB
SecPageTables:         0 kB
NFS_Unstable:          0 kB
Bounce:                0 kB
WritebackTmp:          0 kB
CommitLimit:     8258920 kB
Committed_AS:   11355104 kB
VmallocTotal:   34359738367 kB
VmallocUsed:       46504 kB
VmallocChunk:          0 kB
Percpu:            13280 kB
HardwareCorrupted:     0 kB
AnonHugePages:   1048576 kB
ShmemHugePages:        0 kB
ShmemPmdMapped:        0 kB
FileHugePages:         0 kB
FilePmdMapped:         0 kB
CmaTotal:              0 kB
CmaFree:               0 kB
Unaccepted:            0 kB
Balloon:               0 kB
HugePages_Total:       0
HugePages_Free:        0
HugePages_Rsvd:        0
HugePages_Surp:        0
Hugepagesize:       2048 kB
Hugetlb:               0 kB
DirectMap4k:      194432 kB
DirectMap2M:     6096896 kB
DirectMap1G:     4194304 kB
---SNAPSHOT---
2026-04-27 16:05:13
MemTotal:        8129240 kB
MemFree:         3795232 kB
MemAvailable:    3526228 kB
Buffers:            7288 kB
Cached:           311904 kB
SwapCached:       636292 kB
Active:          2354684 kB
Inactive:        1210928 kB
Active(anon):    2249632 kB
Inactive(anon):  1052764 kB
Active(file):     105052 kB
Inactive(file):   158164 kB
Unevictable:          16 kB
Mlocked:              16 kB
SwapTotal:       4194300 kB
SwapFree:        3557872 kB
Zswap:                 0 kB
Zswapped:              0 kB
Dirty:               352 kB
Writeback:          8516 kB
AnonPages:       2612108 kB
Mapped:           264324 kB
Shmem:             55972 kB
KReclaimable:      53860 kB
Slab:             281360 kB
SReclaimable:      53860 kB
SUnreclaim:       227500 kB
KernelStack:       18284 kB
PageTables:        49100 kB
SecPageTables:         0 kB
NFS_Unstable:          0 kB
Bounce:                0 kB
WritebackTmp:          0 kB
CommitLimit:     8258920 kB
Committed_AS:   11355244 kB
VmallocTotal:   34359738367 kB
VmallocUsed:       46504 kB
VmallocChunk:          0 kB
Percpu:            13280 kB
HardwareCorrupted:     0 kB
AnonHugePages:    931840 kB
ShmemHugePages:        0 kB
ShmemPmdMapped:        0 kB
FileHugePages:         0 kB
FilePmdMapped:         0 kB
CmaTotal:              0 kB
CmaFree:               0 kB
Unaccepted:            0 kB
Balloon:               0 kB
HugePages_Total:       0
HugePages_Free:        0
HugePages_Rsvd:        0
HugePages_Surp:        0
Hugepagesize:       2048 kB
Hugetlb:               0 kB
DirectMap4k:      194432 kB
DirectMap2M:     6096896 kB
DirectMap1G:     4194304 kB
---SNAPSHOT---
2026-04-27 16:05:14
MemTotal:        8129240 kB
MemFree:         4168780 kB
MemAvailable:    3899784 kB
Buffers:            7288 kB
Cached:           311916 kB
SwapCached:        37452 kB
Active:          2619676 kB
Inactive:         620844 kB
Active(anon):    2514624 kB
Inactive(anon):   462668 kB
Active(file):     105052 kB
Inactive(file):   158176 kB
Unevictable:          16 kB
Mlocked:              16 kB
SwapTotal:       4194300 kB
SwapFree:        4156848 kB
Zswap:                 0 kB
Zswapped:              0 kB
Dirty:               356 kB
Writeback:             0 kB
AnonPages:       2883920 kB
Mapped:           263996 kB
Shmem:             55972 kB
KReclaimable:      53860 kB
Slab:             280616 kB
SReclaimable:      53860 kB
SUnreclaim:       226756 kB
KernelStack:       18224 kB
PageTables:        47696 kB
SecPageTables:         0 kB
NFS_Unstable:          0 kB
Bounce:                0 kB
WritebackTmp:          0 kB
CommitLimit:     8258920 kB
Committed_AS:   11355440 kB
VmallocTotal:   34359738367 kB
VmallocUsed:       46488 kB
VmallocChunk:          0 kB
Percpu:            13280 kB
HardwareCorrupted:     0 kB
AnonHugePages:   1204224 kB
ShmemHugePages:        0 kB
ShmemPmdMapped:        0 kB
FileHugePages:         0 kB
FilePmdMapped:         0 kB
CmaTotal:              0 kB
CmaFree:               0 kB
Unaccepted:            0 kB
Balloon:               0 kB
HugePages_Total:       0
HugePages_Free:        0
HugePages_Rsvd:        0
HugePages_Surp:        0
Hugepagesize:       2048 kB
Hugetlb:               0 kB
DirectMap4k:      194432 kB
DirectMap2M:     6096896 kB
DirectMap1G:     4194304 kB
---SNAPSHOT---
2026-04-27 16:05:15
MemTotal:        8129240 kB
MemFree:         3762776 kB
MemAvailable:    3493780 kB
Buffers:            7288 kB
Cached:           311924 kB
SwapCached:        37452 kB
Active:          3002720 kB
Inactive:         620848 kB
Active(anon):    2897668 kB
Inactive(anon):   462668 kB
Active(file):     105052 kB
Inactive(file):   158180 kB
Unevictable:          16 kB
Mlocked:              16 kB
SwapTotal:       4194300 kB
SwapFree:        4156848 kB
Zswap:                 0 kB
Zswapped:              0 kB
Dirty:               364 kB
Writeback:             0 kB
AnonPages:       3267016 kB
Mapped:           263996 kB
Shmem:             55972 kB
KReclaimable:      53860 kB
Slab:             280612 kB
SReclaimable:      53860 kB
SUnreclaim:       226752 kB
KernelStack:       18240 kB
PageTables:        48520 kB
SecPageTables:         0 kB
NFS_Unstable:          0 kB
Bounce:                0 kB
WritebackTmp:          0 kB
CommitLimit:     8258920 kB
Committed_AS:   11355116 kB
VmallocTotal:   34359738367 kB
VmallocUsed:       46488 kB
VmallocChunk:          0 kB
Percpu:            13280 kB
HardwareCorrupted:     0 kB
AnonHugePages:   1587200 kB
ShmemHugePages:        0 kB
ShmemPmdMapped:        0 kB
FileHugePages:         0 kB
FilePmdMapped:         0 kB
CmaTotal:              0 kB
CmaFree:               0 kB
Unaccepted:            0 kB
Balloon:               0 kB
HugePages_Total:       0
HugePages_Free:        0
HugePages_Rsvd:        0
HugePages_Surp:        0
Hugepagesize:       2048 kB
Hugetlb:               0 kB
DirectMap4k:      194432 kB
DirectMap2M:     6096896 kB
DirectMap1G:     4194304 kB
---SNAPSHOT---
2026-04-27 16:05:16
MemTotal:        8129240 kB
MemFree:         4623124 kB
MemAvailable:    4354132 kB
Buffers:            7288 kB
Cached:           311928 kB
SwapCached:        37452 kB
Active:          2125380 kB
Inactive:         620856 kB
Active(anon):    2020328 kB
Inactive(anon):   462668 kB
Active(file):     105052 kB
Inactive(file):   158188 kB
Unevictable:          16 kB
Mlocked:              16 kB
SwapTotal:       4194300 kB
SwapFree:        4156848 kB
Zswap:                 0 kB
Zswapped:              0 kB
Dirty:               368 kB
Writeback:             0 kB
AnonPages:       2389808 kB
Mapped:           263996 kB
Shmem:             55972 kB
KReclaimable:      53860 kB
Slab:             280616 kB
SReclaimable:      53860 kB
SUnreclaim:       226756 kB
KernelStack:       18300 kB
PageTables:        46836 kB
SecPageTables:         0 kB
NFS_Unstable:          0 kB
Bounce:                0 kB
WritebackTmp:          0 kB
CommitLimit:     8258920 kB
Committed_AS:   11354816 kB
VmallocTotal:   34359738367 kB
VmallocUsed:       46488 kB
VmallocChunk:          0 kB
Percpu:            13280 kB
HardwareCorrupted:     0 kB
AnonHugePages:    700416 kB
ShmemHugePages:        0 kB
ShmemPmdMapped:        0 kB
FileHugePages:         0 kB
FilePmdMapped:         0 kB
CmaTotal:              0 kB
CmaFree:               0 kB
Unaccepted:            0 kB
Balloon:               0 kB
HugePages_Total:       0
HugePages_Free:        0
HugePages_Rsvd:        0
HugePages_Surp:        0
Hugepagesize:       2048 kB
Hugetlb:               0 kB
DirectMap4k:      194432 kB
DirectMap2M:     6096896 kB
DirectMap1G:     4194304 kB
---SNAPSHOT---
2026-04-27 16:05:17
MemTotal:        8129240 kB
MemFree:         3614304 kB
MemAvailable:    3345312 kB
Buffers:            7288 kB
Cached:           311928 kB
SwapCached:        37452 kB
Active:          3152588 kB
Inactive:         620856 kB
Active(anon):    3047536 kB
Inactive(anon):   462668 kB
Active(file):     105052 kB
Inactive(file):   158188 kB
Unevictable:          16 kB
Mlocked:              16 kB
SwapTotal:       4194300 kB
SwapFree:        4156848 kB
Zswap:                 0 kB
Zswapped:              0 kB
Dirty:               368 kB
Writeback:             0 kB
AnonPages:       3417004 kB
Mapped:           263996 kB
Shmem:             55972 kB
KReclaimable:      53860 kB
Slab:             280616 kB
SReclaimable:      53860 kB
SUnreclaim:       226756 kB
KernelStack:       18240 kB
PageTables:        49364 kB
SecPageTables:         0 kB
NFS_Unstable:          0 kB
Bounce:                0 kB
WritebackTmp:          0 kB
CommitLimit:     8258920 kB
Committed_AS:   11354564 kB
VmallocTotal:   34359738367 kB
VmallocUsed:       46488 kB
VmallocChunk:          0 kB
Percpu:            13280 kB
HardwareCorrupted:     0 kB
AnonHugePages:   1499136 kB
ShmemHugePages:        0 kB
ShmemPmdMapped:        0 kB
FileHugePages:         0 kB
FilePmdMapped:         0 kB
CmaTotal:              0 kB
CmaFree:               0 kB
Unaccepted:            0 kB
Balloon:               0 kB
HugePages_Total:       0
HugePages_Free:        0
HugePages_Rsvd:        0
HugePages_Surp:        0
Hugepagesize:       2048 kB
Hugetlb:               0 kB
DirectMap4k:      194432 kB
DirectMap2M:     6096896 kB
DirectMap1G:     4194304 kB
---SNAPSHOT---
2026-04-27 16:05:18
MemTotal:        8129240 kB
MemFree:         3844340 kB
MemAvailable:    3575352 kB
Buffers:            7296 kB
Cached:           311932 kB
SwapCached:        37452 kB
Active:          2884220 kB
Inactive:         620864 kB
Active(anon):    2779168 kB
Inactive(anon):   462668 kB
Active(file):     105052 kB
Inactive(file):   158196 kB
Unevictable:          16 kB
Mlocked:              16 kB
SwapTotal:       4194300 kB
SwapFree:        4156848 kB
Zswap:                 0 kB
Zswapped:              0 kB
Dirty:               380 kB
Writeback:             0 kB
AnonPages:       3148544 kB
Mapped:           263996 kB
Shmem:             55972 kB
KReclaimable:      53860 kB
Slab:             280612 kB
SReclaimable:      53860 kB
SUnreclaim:       226752 kB
KernelStack:       18300 kB
PageTables:        49708 kB
SecPageTables:         0 kB
NFS_Unstable:          0 kB
Bounce:                0 kB
WritebackTmp:          0 kB
CommitLimit:     8258920 kB
Committed_AS:   11355204 kB
VmallocTotal:   34359738367 kB
VmallocUsed:       46488 kB
VmallocChunk:          0 kB
Percpu:            13280 kB
HardwareCorrupted:     0 kB
AnonHugePages:   1001472 kB
ShmemHugePages:        0 kB
ShmemPmdMapped:        0 kB
FileHugePages:         0 kB
FilePmdMapped:         0 kB
CmaTotal:              0 kB
CmaFree:               0 kB
Unaccepted:            0 kB
Balloon:               0 kB
HugePages_Total:       0
HugePages_Free:        0
HugePages_Rsvd:        0
HugePages_Surp:        0
Hugepagesize:       2048 kB
Hugetlb:               0 kB
DirectMap4k:      194432 kB
DirectMap2M:     6096896 kB
DirectMap1G:     4194304 kB
---SNAPSHOT---
2026-04-27 16:05:19
MemTotal:        8129240 kB
MemFree:         4188160 kB
MemAvailable:    3919180 kB
Buffers:            7296 kB
Cached:           311944 kB
SwapCached:        37452 kB
Active:          2607632 kB
Inactive:         620880 kB
Active(anon):    2502580 kB
Inactive(anon):   462668 kB
Active(file):     105052 kB
Inactive(file):   158212 kB
Unevictable:          16 kB
Mlocked:              16 kB
SwapTotal:       4194300 kB
SwapFree:        4156848 kB
Zswap:                 0 kB
Zswapped:              0 kB
Dirty:               384 kB
Writeback:             0 kB
AnonPages:       2871744 kB
Mapped:           263996 kB
Shmem:             55972 kB
KReclaimable:      53860 kB
Slab:             280620 kB
SReclaimable:      53860 kB
SUnreclaim:       226760 kB
KernelStack:       18300 kB
PageTables:        48780 kB
SecPageTables:         0 kB
NFS_Unstable:          0 kB
Bounce:                0 kB
WritebackTmp:          0 kB
CommitLimit:     8258920 kB
Committed_AS:   11355552 kB
VmallocTotal:   34359738367 kB
VmallocUsed:       46504 kB
VmallocChunk:          0 kB
Percpu:            13280 kB
HardwareCorrupted:     0 kB
AnonHugePages:   1191936 kB
ShmemHugePages:        0 kB
ShmemPmdMapped:        0 kB
FileHugePages:         0 kB
FilePmdMapped:         0 kB
CmaTotal:              0 kB
CmaFree:               0 kB
Unaccepted:            0 kB
Balloon:               0 kB
HugePages_Total:       0
HugePages_Free:        0
HugePages_Rsvd:        0
HugePages_Surp:        0
Hugepagesize:       2048 kB
Hugetlb:               0 kB
DirectMap4k:      194432 kB
DirectMap2M:     6096896 kB
DirectMap1G:     4194304 kB
---SNAPSHOT---
2026-04-27 16:05:20
MemTotal:        8129240 kB
MemFree:         3749688 kB
MemAvailable:    3480712 kB
Buffers:            7296 kB
Cached:           311952 kB
SwapCached:        37452 kB
Active:          3027100 kB
Inactive:         620888 kB
Active(anon):    2922048 kB
Inactive(anon):   462668 kB
Active(file):     105052 kB
Inactive(file):   158220 kB
Unevictable:          16 kB
Mlocked:              16 kB
SwapTotal:       4194300 kB
SwapFree:        4156848 kB
Zswap:                 0 kB
Zswapped:              0 kB
Dirty:               392 kB
Writeback:             0 kB
AnonPages:       3291332 kB
Mapped:           263996 kB
Shmem:             55972 kB
KReclaimable:      53860 kB
Slab:             280612 kB
SReclaimable:      53860 kB
SUnreclaim:       226752 kB
KernelStack:       18240 kB
PageTables:        48828 kB
SecPageTables:         0 kB
NFS_Unstable:          0 kB
Bounce:                0 kB
WritebackTmp:          0 kB
CommitLimit:     8258920 kB
Committed_AS:   11355548 kB
VmallocTotal:   34359738367 kB
VmallocUsed:       46488 kB
VmallocChunk:          0 kB
Percpu:            13280 kB
HardwareCorrupted:     0 kB
AnonHugePages:   1611776 kB
ShmemHugePages:        0 kB
ShmemPmdMapped:        0 kB
FileHugePages:         0 kB
FilePmdMapped:         0 kB
CmaTotal:              0 kB
CmaFree:               0 kB
Unaccepted:            0 kB
Balloon:               0 kB
HugePages_Total:       0
HugePages_Free:        0
HugePages_Rsvd:        0
HugePages_Surp:        0
Hugepagesize:       2048 kB
Hugetlb:               0 kB
DirectMap4k:      194432 kB
DirectMap2M:     6096896 kB
DirectMap1G:     4194304 kB
---SNAPSHOT---
2026-04-27 16:05:21
MemTotal:        8129240 kB
MemFree:         4081736 kB
MemAvailable:    3812764 kB
Buffers:            7296 kB
Cached:           311956 kB
SwapCached:        37452 kB
Active:          2734348 kB
Inactive:         620892 kB
Active(anon):    2629296 kB
Inactive(anon):   462668 kB
Active(file):     105052 kB
Inactive(file):   158224 kB
Unevictable:          16 kB
Mlocked:              16 kB
SwapTotal:       4194300 kB
SwapFree:        4156848 kB
Zswap:                 0 kB
Zswapped:              0 kB
Dirty:               396 kB
Writeback:             0 kB
AnonPages:       2998680 kB
Mapped:           264224 kB
Shmem:             55972 kB
KReclaimable:      53860 kB
Slab:             280608 kB
SReclaimable:      53860 kB
SUnreclaim:       226748 kB
KernelStack:       18300 kB
PageTables:        48212 kB
SecPageTables:         0 kB
NFS_Unstable:          0 kB
Bounce:                0 kB
WritebackTmp:          0 kB
CommitLimit:     8258920 kB
Committed_AS:   11355444 kB
VmallocTotal:   34359738367 kB
VmallocUsed:       46504 kB
VmallocChunk:          0 kB
Percpu:            13280 kB
HardwareCorrupted:     0 kB
AnonHugePages:   1318912 kB
ShmemHugePages:        0 kB
ShmemPmdMapped:        0 kB
FileHugePages:         0 kB
FilePmdMapped:         0 kB
CmaTotal:              0 kB
CmaFree:               0 kB
Unaccepted:            0 kB
Balloon:               0 kB
HugePages_Total:       0
HugePages_Free:        0
HugePages_Rsvd:        0
HugePages_Surp:        0
Hugepagesize:       2048 kB
Hugetlb:               0 kB
DirectMap4k:      194432 kB
DirectMap2M:     6096896 kB
DirectMap1G:     4194304 kB
---SNAPSHOT---
2026-04-27 16:05:22
MemTotal:        8129240 kB
MemFree:         3793072 kB
MemAvailable:    3524100 kB
Buffers:            7296 kB
Cached:           311960 kB
SwapCached:        37452 kB
Active:          3022512 kB
Inactive:         620896 kB
Active(anon):    2917460 kB
Inactive(anon):   462668 kB
Active(file):     105052 kB
Inactive(file):   158228 kB
Unevictable:          16 kB
Mlocked:              16 kB
SwapTotal:       4194300 kB
SwapFree:        4156848 kB
Zswap:                 0 kB
Zswapped:              0 kB
Dirty:               400 kB
Writeback:             0 kB
AnonPages:       3286784 kB
Mapped:           263996 kB
Shmem:             55972 kB
KReclaimable:      53860 kB
Slab:             280620 kB
SReclaimable:      53860 kB
SUnreclaim:       226760 kB
KernelStack:       18240 kB
PageTables:        48400 kB
SecPageTables:         0 kB
NFS_Unstable:          0 kB
Bounce:                0 kB
WritebackTmp:          0 kB
CommitLimit:     8258920 kB
Committed_AS:   11354928 kB
VmallocTotal:   34359738367 kB
VmallocUsed:       46520 kB
VmallocChunk:          0 kB
Percpu:            13280 kB
HardwareCorrupted:     0 kB
AnonHugePages:   1607680 kB
ShmemHugePages:        0 kB
ShmemPmdMapped:        0 kB
FileHugePages:         0 kB
FilePmdMapped:         0 kB
CmaTotal:              0 kB
CmaFree:               0 kB
Unaccepted:            0 kB
Balloon:               0 kB
HugePages_Total:       0
HugePages_Free:        0
HugePages_Rsvd:        0
HugePages_Surp:        0
Hugepagesize:       2048 kB
Hugetlb:               0 kB
DirectMap4k:      194432 kB
DirectMap2M:     6096896 kB
DirectMap1G:     4194304 kB
---SNAPSHOT---
2026-04-27 16:05:23
MemTotal:        8129240 kB
MemFree:         3429412 kB
MemAvailable:    3160444 kB
Buffers:            7304 kB
Cached:           311956 kB
SwapCached:        37452 kB
Active:          3376940 kB
Inactive:         620900 kB
Active(anon):    3271888 kB
Inactive(anon):   462668 kB
Active(file):     105052 kB
Inactive(file):   158232 kB
Unevictable:          16 kB
Mlocked:              16 kB
SwapTotal:       4194300 kB
SwapFree:        4156848 kB
Zswap:                 0 kB
Zswapped:              0 kB
Dirty:               404 kB
Writeback:             0 kB
AnonPages:       3641244 kB
Mapped:           263892 kB
Shmem:             55972 kB
KReclaimable:      53860 kB
Slab:             280612 kB
SReclaimable:      53860 kB
SUnreclaim:       226752 kB
KernelStack:       18312 kB
PageTables:        49348 kB
SecPageTables:         0 kB
NFS_Unstable:          0 kB
Bounce:                0 kB
WritebackTmp:          0 kB
CommitLimit:     8258920 kB
Committed_AS:   11354888 kB
VmallocTotal:   34359738367 kB
VmallocUsed:       46504 kB
VmallocChunk:          0 kB
Percpu:            13280 kB
HardwareCorrupted:     0 kB
AnonHugePages:   1961984 kB
ShmemHugePages:        0 kB
ShmemPmdMapped:        0 kB
FileHugePages:         0 kB
FilePmdMapped:         0 kB
CmaTotal:              0 kB
CmaFree:               0 kB
Unaccepted:            0 kB
Balloon:               0 kB
HugePages_Total:       0
HugePages_Free:        0
HugePages_Rsvd:        0
HugePages_Surp:        0
Hugepagesize:       2048 kB
Hugetlb:               0 kB
DirectMap4k:      194432 kB
DirectMap2M:     6096896 kB
DirectMap1G:     4194304 kB
---SNAPSHOT---
2026-04-27 16:05:24
MemTotal:        8129240 kB
MemFree:         4330880 kB
MemAvailable:    4061920 kB
Buffers:            7304 kB
Cached:           311972 kB
SwapCached:        37452 kB
Active:          2467444 kB
Inactive:         620916 kB
Active(anon):    2362392 kB
Inactive(anon):   462668 kB
Active(file):     105052 kB
Inactive(file):   158248 kB
Unevictable:          16 kB
Mlocked:              16 kB
SwapTotal:       4194300 kB
SwapFree:        4156848 kB
Zswap:                 0 kB
Zswapped:              0 kB
Dirty:               412 kB
Writeback:             0 kB
AnonPages:       2731700 kB
Mapped:           264224 kB
Shmem:             55972 kB
KReclaimable:      53860 kB
Slab:             280616 kB
SReclaimable:      53860 kB
SUnreclaim:       226756 kB
KernelStack:       18256 kB
PageTables:        47472 kB
SecPageTables:         0 kB
NFS_Unstable:          0 kB
Bounce:                0 kB
WritebackTmp:          0 kB
CommitLimit:     8258920 kB
Committed_AS:   11355108 kB
VmallocTotal:   34359738367 kB
VmallocUsed:       46504 kB
VmallocChunk:          0 kB
Percpu:            13280 kB
HardwareCorrupted:     0 kB
AnonHugePages:   1052672 kB
ShmemHugePages:        0 kB
ShmemPmdMapped:        0 kB
FileHugePages:         0 kB
FilePmdMapped:         0 kB
CmaTotal:              0 kB
CmaFree:               0 kB
Unaccepted:            0 kB
Balloon:               0 kB
HugePages_Total:       0
HugePages_Free:        0
HugePages_Rsvd:        0
HugePages_Surp:        0
Hugepagesize:       2048 kB
Hugetlb:               0 kB
DirectMap4k:      194432 kB
DirectMap2M:     6096896 kB
DirectMap1G:     4194304 kB
---SNAPSHOT---
2026-04-27 16:05:25
MemTotal:        8129240 kB
MemFree:         3922044 kB
MemAvailable:    3653088 kB
Buffers:            7304 kB
Cached:           311980 kB
SwapCached:        37452 kB
Active:          2893544 kB
Inactive:         620924 kB
Active(anon):    2788492 kB
Inactive(anon):   462668 kB
Active(file):     105052 kB
Inactive(file):   158256 kB
Unevictable:          16 kB
Mlocked:              16 kB
SwapTotal:       4194300 kB
SwapFree:        4156848 kB
Zswap:                 0 kB
Zswapped:              0 kB
Dirty:               420 kB
Writeback:             0 kB
AnonPages:       3157868 kB
Mapped:           263996 kB
Shmem:             55972 kB
KReclaimable:      53860 kB
Slab:             280608 kB
SReclaimable:      53860 kB
SUnreclaim:       226748 kB
KernelStack:       18240 kB
PageTables:        48096 kB
SecPageTables:         0 kB
NFS_Unstable:          0 kB
Bounce:                0 kB
WritebackTmp:          0 kB
CommitLimit:     8258920 kB
Committed_AS:   11354824 kB
VmallocTotal:   34359738367 kB
VmallocUsed:       46472 kB
VmallocChunk:          0 kB
Percpu:            13280 kB
HardwareCorrupted:     0 kB
AnonHugePages:   1478656 kB
ShmemHugePages:        0 kB
ShmemPmdMapped:        0 kB
FileHugePages:         0 kB
FilePmdMapped:         0 kB
CmaTotal:              0 kB
CmaFree:               0 kB
Unaccepted:            0 kB
Balloon:               0 kB
HugePages_Total:       0
HugePages_Free:        0
HugePages_Rsvd:        0
HugePages_Surp:        0
Hugepagesize:       2048 kB
Hugetlb:               0 kB
DirectMap4k:      194432 kB
DirectMap2M:     6096896 kB
DirectMap1G:     4194304 kB
---SNAPSHOT---
2026-04-27 16:05:26
MemTotal:        8129240 kB
MemFree:         3651456 kB
MemAvailable:    3382500 kB
Buffers:            7304 kB
Cached:           311984 kB
SwapCached:       320628 kB
Active:          2871092 kB
Inactive:         902736 kB
Active(anon):    2766040 kB
Inactive(anon):   744476 kB
Active(file):     105052 kB
Inactive(file):   158260 kB
Unevictable:          16 kB
Mlocked:              16 kB
SwapTotal:       4194300 kB
SwapFree:        3873668 kB
Zswap:                 0 kB
Zswapped:              0 kB
Dirty:               424 kB
Writeback:          1140 kB
AnonPages:       3136368 kB
Mapped:           263996 kB
Shmem:             55972 kB
KReclaimable:      53860 kB
Slab:             280848 kB
SReclaimable:      53860 kB
SUnreclaim:       226988 kB
KernelStack:       18224 kB
PageTables:        48896 kB
SecPageTables:         0 kB
NFS_Unstable:          0 kB
Bounce:                0 kB
WritebackTmp:          0 kB
CommitLimit:     8258920 kB
Committed_AS:   11355056 kB
VmallocTotal:   34359738367 kB
VmallocUsed:       46488 kB
VmallocChunk:          0 kB
Percpu:            13280 kB
HardwareCorrupted:     0 kB
AnonHugePages:   1456128 kB
ShmemHugePages:        0 kB
ShmemPmdMapped:        0 kB
FileHugePages:         0 kB
FilePmdMapped:         0 kB
CmaTotal:              0 kB
CmaFree:               0 kB
Unaccepted:            0 kB
Balloon:               0 kB
HugePages_Total:       0
HugePages_Free:        0
HugePages_Rsvd:        0
HugePages_Surp:        0
Hugepagesize:       2048 kB
Hugetlb:               0 kB
DirectMap4k:      194432 kB
DirectMap2M:     6096896 kB
DirectMap1G:     4194304 kB
---SNAPSHOT---
2026-04-27 16:05:27
MemTotal:        8129240 kB
MemFree:         3705556 kB
MemAvailable:    3436604 kB
Buffers:            7304 kB
Cached:           311988 kB
SwapCached:       462920 kB
Active:          2650676 kB
Inactive:        1046176 kB
Active(anon):    2545624 kB
Inactive(anon):   887912 kB
Active(file):     105052 kB
Inactive(file):   158264 kB
Unevictable:          16 kB
Mlocked:              16 kB
SwapTotal:       4194300 kB
SwapFree:        3731548 kB
Zswap:                 0 kB
Zswapped:              0 kB
Dirty:               428 kB
Writeback:           152 kB
AnonPages:       2914668 kB
Mapped:           263996 kB
Shmem:             55972 kB
KReclaimable:      53860 kB
Slab:             280672 kB
SReclaimable:      53860 kB
SUnreclaim:       226812 kB
KernelStack:       18192 kB
PageTables:        50216 kB
SecPageTables:         0 kB
NFS_Unstable:          0 kB
Bounce:                0 kB
WritebackTmp:          0 kB
CommitLimit:     8258920 kB
Committed_AS:   11355216 kB
VmallocTotal:   34359738367 kB
VmallocUsed:       46472 kB
VmallocChunk:          0 kB
Percpu:            13280 kB
HardwareCorrupted:     0 kB
AnonHugePages:   1236992 kB
ShmemHugePages:        0 kB
ShmemPmdMapped:        0 kB
FileHugePages:         0 kB
FilePmdMapped:         0 kB
CmaTotal:              0 kB
CmaFree:               0 kB
Unaccepted:            0 kB
Balloon:               0 kB
HugePages_Total:       0
HugePages_Free:        0
HugePages_Rsvd:        0
HugePages_Surp:        0
Hugepagesize:       2048 kB
Hugetlb:               0 kB
DirectMap4k:      194432 kB
DirectMap2M:     6096896 kB
DirectMap1G:     4194304 kB
---SNAPSHOT---
2026-04-27 16:05:28
MemTotal:        8129240 kB
MemFree:         3762184 kB
MemAvailable:    3493236 kB
Buffers:            7312 kB
Cached:           311988 kB
SwapCached:        37452 kB
Active:          3024788 kB
Inactive:         620940 kB
Active(anon):    2919736 kB
Inactive(anon):   462668 kB
Active(file):     105052 kB
Inactive(file):   158272 kB
Unevictable:          16 kB
Mlocked:              16 kB
SwapTotal:       4194300 kB
SwapFree:        4156848 kB
Zswap:                 0 kB
Zswapped:              0 kB
Dirty:               436 kB
Writeback:             0 kB
AnonPages:       3288828 kB
Mapped:           263996 kB
Shmem:             55972 kB
KReclaimable:      53860 kB
Slab:             280616 kB
SReclaimable:      53860 kB
SUnreclaim:       226756 kB
KernelStack:       18240 kB
PageTables:        48928 kB
SecPageTables:         0 kB
NFS_Unstable:          0 kB
Bounce:                0 kB
WritebackTmp:          0 kB
CommitLimit:     8258920 kB
Committed_AS:   11355192 kB
VmallocTotal:   34359738367 kB
VmallocUsed:       46488 kB
VmallocChunk:          0 kB
Percpu:            13280 kB
HardwareCorrupted:     0 kB
AnonHugePages:   1609728 kB
ShmemHugePages:        0 kB
ShmemPmdMapped:        0 kB
FileHugePages:         0 kB
FilePmdMapped:         0 kB
CmaTotal:              0 kB
CmaFree:               0 kB
Unaccepted:            0 kB
Balloon:               0 kB
HugePages_Total:       0
HugePages_Free:        0
HugePages_Rsvd:        0
HugePages_Surp:        0
Hugepagesize:       2048 kB
Hugetlb:               0 kB
DirectMap4k:      194432 kB
DirectMap2M:     6096896 kB
DirectMap1G:     4194304 kB
---SNAPSHOT---
2026-04-27 16:05:29
MemTotal:        8129240 kB
MemFree:         3970804 kB
MemAvailable:    3701860 kB
Buffers:            7312 kB
Cached:           312000 kB
SwapCached:        37452 kB
Active:          2793088 kB
Inactive:         620952 kB
Active(anon):    2688036 kB
Inactive(anon):   462668 kB
Active(file):     105052 kB
Inactive(file):   158284 kB
Unevictable:          16 kB
Mlocked:              16 kB
SwapTotal:       4194300 kB
SwapFree:        4156848 kB
Zswap:                 0 kB
Zswapped:              0 kB
Dirty:               440 kB
Writeback:             0 kB
AnonPages:       3057056 kB
Mapped:           263996 kB
Shmem:             55972 kB
KReclaimable:      53860 kB
Slab:             280604 kB
SReclaimable:      53860 kB
SUnreclaim:       226744 kB
KernelStack:       18240 kB
PageTables:        48032 kB
SecPageTables:         0 kB
NFS_Unstable:          0 kB
Bounce:                0 kB
WritebackTmp:          0 kB
CommitLimit:     8258920 kB
Committed_AS:   11354780 kB
VmallocTotal:   34359738367 kB
VmallocUsed:       46488 kB
VmallocChunk:          0 kB
Percpu:            13280 kB
HardwareCorrupted:     0 kB
AnonHugePages:   1378304 kB
ShmemHugePages:        0 kB
ShmemPmdMapped:        0 kB
FileHugePages:         0 kB
FilePmdMapped:         0 kB
CmaTotal:              0 kB
CmaFree:               0 kB
Unaccepted:            0 kB
Balloon:               0 kB
HugePages_Total:       0
HugePages_Free:        0
HugePages_Rsvd:        0
HugePages_Surp:        0
Hugepagesize:       2048 kB
Hugetlb:               0 kB
DirectMap4k:      194432 kB
DirectMap2M:     6096896 kB
DirectMap1G:     4194304 kB
---SNAPSHOT---
2026-04-27 16:05:30
MemTotal:        8129240 kB
MemFree:         4219904 kB
MemAvailable:    3950968 kB
Buffers:            7316 kB
Cached:           312008 kB
SwapCached:        37452 kB
Active:          2565836 kB
Inactive:         620964 kB
Active(anon):    2460784 kB
Inactive(anon):   462668 kB
Active(file):     105052 kB
Inactive(file):   158296 kB
Unevictable:          16 kB
Mlocked:              16 kB
SwapTotal:       4194300 kB
SwapFree:        4156848 kB
Zswap:                 0 kB
Zswapped:              0 kB
Dirty:               388 kB
Writeback:            56 kB
AnonPages:       2830132 kB
Mapped:           264224 kB
Shmem:             55972 kB
KReclaimable:      53860 kB
Slab:             280604 kB
SReclaimable:      53860 kB
SUnreclaim:       226744 kB
KernelStack:       18240 kB
PageTables:        47752 kB
SecPageTables:         0 kB
NFS_Unstable:          0 kB
Bounce:                0 kB
WritebackTmp:          0 kB
CommitLimit:     8258920 kB
