---SNAPSHOT---
2026-04-27 15:23:53
MemTotal:        8129240 kB
MemFree:         5311968 kB
MemAvailable:    5038076 kB
Buffers:            4280 kB
Cached:           284492 kB
SwapCached:       143980 kB
Active:          1520812 kB
Inactive:         604900 kB
Active(anon):    1423968 kB
Inactive(anon):   450528 kB
Active(file):      96844 kB
Inactive(file):   154372 kB
Unevictable:           0 kB
Mlocked:               0 kB
SwapTotal:       4194300 kB
SwapFree:        3912812 kB
Zswap:                 0 kB
Zswapped:              0 kB
Dirty:               276 kB
Writeback:             0 kB
AnonPages:       1696380 kB
Mapped:           247772 kB
Shmem:             37304 kB
KReclaimable:      56084 kB
Slab:             283364 kB
SReclaimable:      56084 kB
SUnreclaim:       227280 kB
KernelStack:       18200 kB
PageTables:        45456 kB
SecPageTables:         0 kB
NFS_Unstable:          0 kB
Bounce:                0 kB
WritebackTmp:          0 kB
CommitLimit:     8258920 kB
Committed_AS:    8751956 kB
VmallocTotal:   34359738367 kB
VmallocUsed:       46392 kB
VmallocChunk:          0 kB
Percpu:            13280 kB
HardwareCorrupted:     0 kB
AnonHugePages:    210944 kB
ShmemHugePages:        0 kB
ShmemPmdMapped:        0 kB
FileHugePages:         0 kB
FilePmdMapped:         0 kB
CmaTotal:              0 kB
CmaFree:               0 kB
Unaccepted:            0 kB
Balloon:               0 kB
HugePages_Total:       0
HugePages_Free:        0
HugePages_Rsvd:        0
HugePages_Surp:        0
Hugepagesize:       2048 kB
Hugetlb:               0 kB
DirectMap4k:      194432 kB
DirectMap2M:     6096896 kB
DirectMap1G:     4194304 kB
---SNAPSHOT---
2026-04-27 15:23:54
MemTotal:        8129240 kB
MemFree:         5316608 kB
MemAvailable:    5043144 kB
Buffers:            4428 kB
Cached:           284980 kB
SwapCached:       143980 kB
Active:          1521428 kB
Inactive:         605448 kB
Active(anon):    1424280 kB
Inactive(anon):   450528 kB
Active(file):      97148 kB
Inactive(file):   154920 kB
Unevictable:           0 kB
Mlocked:               0 kB
SwapTotal:       4194300 kB
SwapFree:        3912812 kB
Zswap:                 0 kB
Zswapped:              0 kB
Dirty:               304 kB
Writeback:             0 kB
AnonPages:       1696636 kB
Mapped:           247788 kB
Shmem:             37304 kB
KReclaimable:      56084 kB
Slab:             283364 kB
SReclaimable:      56084 kB
SUnreclaim:       227280 kB
KernelStack:       18192 kB
PageTables:        45408 kB
SecPageTables:         0 kB
NFS_Unstable:          0 kB
Bounce:                0 kB
WritebackTmp:          0 kB
CommitLimit:     8258920 kB
Committed_AS:    8752308 kB
VmallocTotal:   34359738367 kB
VmallocUsed:       46488 kB
VmallocChunk:          0 kB
Percpu:            13280 kB
HardwareCorrupted:     0 kB
AnonHugePages:    210944 kB
ShmemHugePages:        0 kB
ShmemPmdMapped:        0 kB
FileHugePages:         0 kB
FilePmdMapped:         0 kB
CmaTotal:              0 kB
CmaFree:               0 kB
Unaccepted:            0 kB
Balloon:               0 kB
HugePages_Total:       0
HugePages_Free:        0
HugePages_Rsvd:        0
HugePages_Surp:        0
Hugepagesize:       2048 kB
Hugetlb:               0 kB
DirectMap4k:      194432 kB
DirectMap2M:     6096896 kB
DirectMap1G:     4194304 kB
---SNAPSHOT---
2026-04-27 15:23:55
MemTotal:        8129240 kB
MemFree:         5334896 kB
MemAvailable:    5061968 kB
Buffers:            4452 kB
Cached:           285140 kB
SwapCached:       143980 kB
Active:          1522388 kB
Inactive:         605572 kB
Active(anon):    1425104 kB
Inactive(anon):   450528 kB
Active(file):      97284 kB
Inactive(file):   155044 kB
Unevictable:           0 kB
Mlocked:               0 kB
SwapTotal:       4194300 kB
SwapFree:        3912812 kB
Zswap:                 0 kB
Zswapped:              0 kB
Dirty:               360 kB
Writeback:             0 kB
AnonPages:       1697332 kB
Mapped:           247788 kB
Shmem:             37304 kB
KReclaimable:      56900 kB
Slab:             284148 kB
SReclaimable:      56900 kB
SUnreclaim:       227248 kB
KernelStack:       18244 kB
PageTables:        45984 kB
SecPageTables:         0 kB
NFS_Unstable:          0 kB
Bounce:                0 kB
WritebackTmp:          0 kB
CommitLimit:     8258920 kB
Committed_AS:    8753448 kB
VmallocTotal:   34359738367 kB
VmallocUsed:       46488 kB
VmallocChunk:          0 kB
Percpu:            13280 kB
HardwareCorrupted:     0 kB
AnonHugePages:    210944 kB
ShmemHugePages:        0 kB
ShmemPmdMapped:        0 kB
FileHugePages:         0 kB
FilePmdMapped:         0 kB
CmaTotal:              0 kB
CmaFree:               0 kB
Unaccepted:            0 kB
Balloon:               0 kB
HugePages_Total:       0
HugePages_Free:        0
HugePages_Rsvd:        0
HugePages_Surp:        0
Hugepagesize:       2048 kB
Hugetlb:               0 kB
DirectMap4k:      194432 kB
DirectMap2M:     6096896 kB
DirectMap1G:     4194304 kB
---SNAPSHOT---
2026-04-27 15:23:56
MemTotal:        8129240 kB
MemFree:         5350276 kB
MemAvailable:    5077756 kB
Buffers:            4724 kB
Cached:           285944 kB
SwapCached:       143980 kB
Active:          1522680 kB
Inactive:         605700 kB
Active(anon):    1424712 kB
Inactive(anon):   450528 kB
Active(file):      97968 kB
Inactive(file):   155172 kB
Unevictable:           0 kB
Mlocked:               0 kB
SwapTotal:       4194300 kB
SwapFree:        3912812 kB
Zswap:                 0 kB
Zswapped:              0 kB
Dirty:               368 kB
Writeback:             0 kB
AnonPages:       1696800 kB
Mapped:           248016 kB
Shmem:             37304 kB
KReclaimable:      56900 kB
Slab:             284152 kB
SReclaimable:      56900 kB
SUnreclaim:       227252 kB
KernelStack:       18228 kB
PageTables:        45948 kB
SecPageTables:         0 kB
NFS_Unstable:          0 kB
Bounce:                0 kB
WritebackTmp:          0 kB
CommitLimit:     8258920 kB
Committed_AS:    8760400 kB
VmallocTotal:   34359738367 kB
VmallocUsed:       46520 kB
VmallocChunk:          0 kB
Percpu:            13280 kB
HardwareCorrupted:     0 kB
AnonHugePages:    210944 kB
ShmemHugePages:        0 kB
ShmemPmdMapped:        0 kB
FileHugePages:         0 kB
FilePmdMapped:         0 kB
CmaTotal:              0 kB
CmaFree:               0 kB
Unaccepted:            0 kB
Balloon:               0 kB
HugePages_Total:       0
HugePages_Free:        0
HugePages_Rsvd:        0
HugePages_Surp:        0
Hugepagesize:       2048 kB
Hugetlb:               0 kB
DirectMap4k:      194432 kB
DirectMap2M:     6096896 kB
DirectMap1G:     4194304 kB
---SNAPSHOT---
2026-04-27 15:23:57
MemTotal:        8129240 kB
MemFree:         4575716 kB
MemAvailable:    4309100 kB
Buffers:            4996 kB
Cached:           314376 kB
SwapCached:       143980 kB
Active:          2304232 kB
Inactive:         606348 kB
Active(anon):    2195100 kB
Inactive(anon):   450528 kB
Active(file):     109132 kB
Inactive(file):   155820 kB
Unevictable:          16 kB
Mlocked:              16 kB
SwapTotal:       4194300 kB
SwapFree:        3912812 kB
Zswap:                 0 kB
Zswapped:              0 kB
Dirty:               456 kB
Writeback:             0 kB
AnonPages:       2450332 kB
Mapped:           268492 kB
Shmem:             54452 kB
KReclaimable:      56900 kB
Slab:             284160 kB
SReclaimable:      56900 kB
SUnreclaim:       227260 kB
KernelStack:       18368 kB
PageTables:        47980 kB
SecPageTables:         0 kB
NFS_Unstable:          0 kB
Bounce:                0 kB
WritebackTmp:          0 kB
CommitLimit:     8258920 kB
Committed_AS:   11409716 kB
VmallocTotal:   34359738367 kB
VmallocUsed:       46552 kB
VmallocChunk:          0 kB
Percpu:            13280 kB
HardwareCorrupted:     0 kB
AnonHugePages:    956416 kB
ShmemHugePages:        0 kB
ShmemPmdMapped:        0 kB
FileHugePages:         0 kB
FilePmdMapped:         0 kB
CmaTotal:              0 kB
CmaFree:               0 kB
Unaccepted:            0 kB
Balloon:               0 kB
HugePages_Total:       0
HugePages_Free:        0
HugePages_Rsvd:        0
HugePages_Surp:        0
Hugepagesize:       2048 kB
Hugetlb:               0 kB
DirectMap4k:      194432 kB
DirectMap2M:     6096896 kB
DirectMap1G:     4194304 kB
---SNAPSHOT---
2026-04-27 15:23:58
MemTotal:        8129240 kB
MemFree:         3728904 kB
MemAvailable:    3462292 kB
Buffers:            4996 kB
Cached:           314384 kB
SwapCached:       143980 kB
Active:          3152072 kB
Inactive:         606356 kB
Active(anon):    3042940 kB
Inactive(anon):   450528 kB
Active(file):     109132 kB
Inactive(file):   155828 kB
Unevictable:          16 kB
Mlocked:              16 kB
SwapTotal:       4194300 kB
SwapFree:        3912812 kB
Zswap:                 0 kB
Zswapped:              0 kB
Dirty:               464 kB
Writeback:             0 kB
AnonPages:       3297908 kB
Mapped:           268492 kB
Shmem:             54452 kB
KReclaimable:      56900 kB
Slab:             284160 kB
SReclaimable:      56900 kB
SUnreclaim:       227260 kB
KernelStack:       18384 kB
PageTables:        49540 kB
SecPageTables:         0 kB
NFS_Unstable:          0 kB
Bounce:                0 kB
WritebackTmp:          0 kB
CommitLimit:     8258920 kB
Committed_AS:   11409448 kB
VmallocTotal:   34359738367 kB
VmallocUsed:       46568 kB
VmallocChunk:          0 kB
Percpu:            13280 kB
HardwareCorrupted:     0 kB
AnonHugePages:   1804288 kB
ShmemHugePages:        0 kB
ShmemPmdMapped:        0 kB
FileHugePages:         0 kB
FilePmdMapped:         0 kB
CmaTotal:              0 kB
CmaFree:               0 kB
Unaccepted:            0 kB
Balloon:               0 kB
HugePages_Total:       0
HugePages_Free:        0
HugePages_Rsvd:        0
HugePages_Surp:        0
Hugepagesize:       2048 kB
Hugetlb:               0 kB
DirectMap4k:      194432 kB
DirectMap2M:     6096896 kB
DirectMap1G:     4194304 kB
---SNAPSHOT---
2026-04-27 15:23:59
MemTotal:        8129240 kB
MemFree:         3430276 kB
MemAvailable:    3163668 kB
Buffers:            4996 kB
Cached:           314388 kB
SwapCached:       143980 kB
Active:          3428556 kB
Inactive:         606360 kB
Active(anon):    3319424 kB
Inactive(anon):   450528 kB
Active(file):     109132 kB
Inactive(file):   155832 kB
Unevictable:          16 kB
Mlocked:              16 kB
SwapTotal:       4194300 kB
SwapFree:        3912812 kB
Zswap:                 0 kB
Zswapped:              0 kB
Dirty:               468 kB
Writeback:             0 kB
AnonPages:       3574388 kB
Mapped:           268492 kB
Shmem:             54452 kB
KReclaimable:      56900 kB
Slab:             284160 kB
SReclaimable:      56900 kB
SUnreclaim:       227260 kB
KernelStack:       18368 kB
PageTables:        49788 kB
SecPageTables:         0 kB
NFS_Unstable:          0 kB
Bounce:                0 kB
WritebackTmp:          0 kB
CommitLimit:     8258920 kB
Committed_AS:   11409448 kB
VmallocTotal:   34359738367 kB
VmallocUsed:       46568 kB
VmallocChunk:          0 kB
Percpu:            13280 kB
HardwareCorrupted:     0 kB
AnonHugePages:   2080768 kB
ShmemHugePages:        0 kB
ShmemPmdMapped:        0 kB
FileHugePages:         0 kB
FilePmdMapped:         0 kB
CmaTotal:              0 kB
CmaFree:               0 kB
Unaccepted:            0 kB
Balloon:               0 kB
HugePages_Total:       0
HugePages_Free:        0
HugePages_Rsvd:        0
HugePages_Surp:        0
Hugepagesize:       2048 kB
Hugetlb:               0 kB
DirectMap4k:      194432 kB
DirectMap2M:     6096896 kB
DirectMap1G:     4194304 kB
---SNAPSHOT---
2026-04-27 15:24:00
MemTotal:        8129240 kB
MemFree:         4363636 kB
MemAvailable:    4097044 kB
Buffers:            5004 kB
Cached:           314384 kB
SwapCached:       143980 kB
Active:          2546396 kB
Inactive:         606364 kB
Active(anon):    2437264 kB
Inactive(anon):   450528 kB
Active(file):     109132 kB
Inactive(file):   155836 kB
Unevictable:          16 kB
Mlocked:              16 kB
SwapTotal:       4194300 kB
SwapFree:        3912812 kB
Zswap:                 0 kB
Zswapped:              0 kB
Dirty:               472 kB
Writeback:             0 kB
AnonPages:       2692516 kB
Mapped:           268492 kB
Shmem:             54452 kB
KReclaimable:      56932 kB
Slab:             284196 kB
SReclaimable:      56932 kB
SUnreclaim:       227264 kB
KernelStack:       18432 kB
PageTables:        47904 kB
SecPageTables:         0 kB
NFS_Unstable:          0 kB
Bounce:                0 kB
WritebackTmp:          0 kB
CommitLimit:     8258920 kB
Committed_AS:   11410088 kB
VmallocTotal:   34359738367 kB
VmallocUsed:       46648 kB
VmallocChunk:          0 kB
Percpu:            13280 kB
HardwareCorrupted:     0 kB
AnonHugePages:   1198080 kB
ShmemHugePages:        0 kB
ShmemPmdMapped:        0 kB
FileHugePages:         0 kB
FilePmdMapped:         0 kB
CmaTotal:              0 kB
CmaFree:               0 kB
Unaccepted:            0 kB
Balloon:               0 kB
HugePages_Total:       0
HugePages_Free:        0
HugePages_Rsvd:        0
HugePages_Surp:        0
Hugepagesize:       2048 kB
Hugetlb:               0 kB
DirectMap4k:      194432 kB
DirectMap2M:     6096896 kB
DirectMap1G:     4194304 kB
---SNAPSHOT---
2026-04-27 15:24:01
MemTotal:        8129240 kB
MemFree:         3355644 kB
MemAvailable:    3089060 kB
Buffers:            5004 kB
Cached:           314400 kB
SwapCached:       143980 kB
Active:          3553608 kB
Inactive:         606380 kB
Active(anon):    3444476 kB
Inactive(anon):   450528 kB
Active(file):     109132 kB
Inactive(file):   155852 kB
Unevictable:          16 kB
Mlocked:              16 kB
SwapTotal:       4194300 kB
SwapFree:        3912812 kB
Zswap:                 0 kB
Zswapped:              0 kB
Dirty:               480 kB
Writeback:             0 kB
AnonPages:       3699548 kB
Mapped:           268492 kB
Shmem:             54452 kB
KReclaimable:      56932 kB
Slab:             284200 kB
SReclaimable:      56932 kB
SUnreclaim:       227268 kB
KernelStack:       18384 kB
PageTables:        50080 kB
SecPageTables:         0 kB
NFS_Unstable:          0 kB
Bounce:                0 kB
WritebackTmp:          0 kB
CommitLimit:     8258920 kB
Committed_AS:   11408980 kB
VmallocTotal:   34359738367 kB
VmallocUsed:       46600 kB
VmallocChunk:          0 kB
Percpu:            13280 kB
HardwareCorrupted:     0 kB
AnonHugePages:   2205696 kB
ShmemHugePages:        0 kB
ShmemPmdMapped:        0 kB
FileHugePages:         0 kB
FilePmdMapped:         0 kB
CmaTotal:              0 kB
CmaFree:               0 kB
Unaccepted:            0 kB
Balloon:               0 kB
HugePages_Total:       0
HugePages_Free:        0
HugePages_Rsvd:        0
HugePages_Surp:        0
Hugepagesize:       2048 kB
Hugetlb:               0 kB
DirectMap4k:      194432 kB
DirectMap2M:     6096896 kB
DirectMap1G:     4194304 kB
---SNAPSHOT---
2026-04-27 15:24:02
MemTotal:        8129240 kB
MemFree:         4391720 kB
MemAvailable:    4125268 kB
Buffers:            5272 kB
Cached:           314404 kB
SwapCached:       532492 kB
Active:          2032840 kB
Inactive:         993100 kB
Active(anon):    1923708 kB
Inactive(anon):   836988 kB
Active(file):     109132 kB
Inactive(file):   156112 kB
Unevictable:          16 kB
Mlocked:              16 kB
SwapTotal:       4194300 kB
SwapFree:        3524204 kB
Zswap:                 0 kB
Zswapped:              0 kB
Dirty:               484 kB
Writeback:          1824 kB
AnonPages:       2176916 kB
Mapped:           268492 kB
Shmem:             54452 kB
KReclaimable:      56932 kB
Slab:             284664 kB
SReclaimable:      56932 kB
SUnreclaim:       227732 kB
KernelStack:       18444 kB
PageTables:        48364 kB
SecPageTables:         0 kB
NFS_Unstable:          0 kB
Bounce:                0 kB
WritebackTmp:          0 kB
CommitLimit:     8258920 kB
Committed_AS:   11409308 kB
VmallocTotal:   34359738367 kB
VmallocUsed:       46664 kB
VmallocChunk:          0 kB
Percpu:            13280 kB
HardwareCorrupted:     0 kB
AnonHugePages:    598016 kB
ShmemHugePages:        0 kB
ShmemPmdMapped:        0 kB
FileHugePages:         0 kB
FilePmdMapped:         0 kB
CmaTotal:              0 kB
CmaFree:               0 kB
Unaccepted:            0 kB
Balloon:               0 kB
HugePages_Total:       0
HugePages_Free:        0
HugePages_Rsvd:        0
HugePages_Surp:        0
Hugepagesize:       2048 kB
Hugetlb:               0 kB
DirectMap4k:      194432 kB
DirectMap2M:     6096896 kB
DirectMap1G:     4194304 kB
---SNAPSHOT---
2026-04-27 15:24:03
MemTotal:        8129240 kB
MemFree:         4200868 kB
MemAvailable:    3934424 kB
Buffers:            5272 kB
Cached:           314412 kB
SwapCached:       144040 kB
Active:          2638112 kB
Inactive:         606824 kB
Active(anon):    2528980 kB
Inactive(anon):   450692 kB
Active(file):     109132 kB
Inactive(file):   156132 kB
Unevictable:          16 kB
Mlocked:              16 kB
SwapTotal:       4194300 kB
SwapFree:        3912812 kB
Zswap:                 0 kB
Zswapped:              0 kB
Dirty:               492 kB
Writeback:           184 kB
AnonPages:       2784484 kB
Mapped:           268512 kB
Shmem:             54452 kB
KReclaimable:      56932 kB
Slab:             284260 kB
SReclaimable:      56932 kB
SUnreclaim:       227328 kB
KernelStack:       18400 kB
PageTables:        48532 kB
SecPageTables:         0 kB
NFS_Unstable:          0 kB
Bounce:                0 kB
WritebackTmp:          0 kB
CommitLimit:     8258920 kB
Committed_AS:   11409692 kB
VmallocTotal:   34359738367 kB
VmallocUsed:       46632 kB
VmallocChunk:          0 kB
Percpu:            13280 kB
HardwareCorrupted:     0 kB
AnonHugePages:    974848 kB
ShmemHugePages:        0 kB
ShmemPmdMapped:        0 kB
FileHugePages:         0 kB
FilePmdMapped:         0 kB
CmaTotal:              0 kB
CmaFree:               0 kB
Unaccepted:            0 kB
Balloon:               0 kB
HugePages_Total:       0
HugePages_Free:        0
HugePages_Rsvd:        0
HugePages_Surp:        0
Hugepagesize:       2048 kB
Hugetlb:               0 kB
DirectMap4k:      194432 kB
DirectMap2M:     6096896 kB
DirectMap1G:     4194304 kB
---SNAPSHOT---
2026-04-27 15:24:04
MemTotal:        8129240 kB
MemFree:         3230432 kB
MemAvailable:    2963992 kB
Buffers:            5272 kB
Cached:           314416 kB
SwapCached:       143980 kB
Active:          3612256 kB
Inactive:         606664 kB
Active(anon):    3503124 kB
Inactive(anon):   450528 kB
Active(file):     109132 kB
Inactive(file):   156136 kB
Unevictable:          16 kB
Mlocked:              16 kB
SwapTotal:       4194300 kB
SwapFree:        3912812 kB
Zswap:                 0 kB
Zswapped:              0 kB
Dirty:               496 kB
Writeback:             0 kB
AnonPages:       3758548 kB
Mapped:           268492 kB
Shmem:             54452 kB
KReclaimable:      56932 kB
Slab:             284188 kB
SReclaimable:      56932 kB
SUnreclaim:       227256 kB
KernelStack:       18384 kB
PageTables:        50308 kB
SecPageTables:         0 kB
NFS_Unstable:          0 kB
Bounce:                0 kB
WritebackTmp:          0 kB
CommitLimit:     8258920 kB
Committed_AS:   11409356 kB
VmallocTotal:   34359738367 kB
VmallocUsed:       46632 kB
VmallocChunk:          0 kB
Percpu:            13280 kB
HardwareCorrupted:     0 kB
AnonHugePages:   1714176 kB
ShmemHugePages:        0 kB
ShmemPmdMapped:        0 kB
FileHugePages:         0 kB
FilePmdMapped:         0 kB
CmaTotal:              0 kB
CmaFree:               0 kB
Unaccepted:            0 kB
Balloon:               0 kB
HugePages_Total:       0
HugePages_Free:        0
HugePages_Rsvd:        0
HugePages_Surp:        0
Hugepagesize:       2048 kB
Hugetlb:               0 kB
DirectMap4k:      194432 kB
DirectMap2M:     6096896 kB
DirectMap1G:     4194304 kB
---SNAPSHOT---
2026-04-27 15:24:06
MemTotal:        8129240 kB
MemFree:         4001932 kB
MemAvailable:    3735512 kB
Buffers:            5280 kB
Cached:           314416 kB
SwapCached:       143980 kB
Active:          2836352 kB
Inactive:         606672 kB
Active(anon):    2727220 kB
Inactive(anon):   450528 kB
Active(file):     109132 kB
Inactive(file):   156144 kB
Unevictable:          16 kB
Mlocked:              16 kB
SwapTotal:       4194300 kB
SwapFree:        3912812 kB
Zswap:                 0 kB
Zswapped:              0 kB
Dirty:               500 kB
Writeback:             0 kB
AnonPages:       2982276 kB
Mapped:           268592 kB
Shmem:             54452 kB
KReclaimable:      56964 kB
Slab:             284220 kB
SReclaimable:      56964 kB
SUnreclaim:       227256 kB
KernelStack:       18428 kB
PageTables:        48632 kB
SecPageTables:         0 kB
NFS_Unstable:          0 kB
Bounce:                0 kB
WritebackTmp:          0 kB
CommitLimit:     8258920 kB
Committed_AS:   11409364 kB
VmallocTotal:   34359738367 kB
VmallocUsed:       46648 kB
VmallocChunk:          0 kB
Percpu:            13280 kB
HardwareCorrupted:     0 kB
AnonHugePages:   1488896 kB
ShmemHugePages:        0 kB
ShmemPmdMapped:        0 kB
FileHugePages:         0 kB
FilePmdMapped:         0 kB
CmaTotal:              0 kB
CmaFree:               0 kB
Unaccepted:            0 kB
Balloon:               0 kB
HugePages_Total:       0
HugePages_Free:        0
HugePages_Rsvd:        0
HugePages_Surp:        0
Hugepagesize:       2048 kB
Hugetlb:               0 kB
DirectMap4k:      194432 kB
DirectMap2M:     6096896 kB
DirectMap1G:     4194304 kB
---SNAPSHOT---
2026-04-27 15:24:07
MemTotal:        8129240 kB
MemFree:         3544552 kB
MemAvailable:    3278136 kB
Buffers:            5280 kB
Cached:           314428 kB
SwapCached:       143980 kB
Active:          3262448 kB
Inactive:         606684 kB
Active(anon):    3153316 kB
Inactive(anon):   450528 kB
Active(file):     109132 kB
Inactive(file):   156156 kB
Unevictable:          16 kB
Mlocked:              16 kB
SwapTotal:       4194300 kB
SwapFree:        3912812 kB
Zswap:                 0 kB
Zswapped:              0 kB
Dirty:               508 kB
Writeback:             0 kB
AnonPages:       3408224 kB
Mapped:           268492 kB
Shmem:             54452 kB
KReclaimable:      56964 kB
Slab:             284224 kB
SReclaimable:      56964 kB
SUnreclaim:       227260 kB
KernelStack:       18384 kB
PageTables:        49724 kB
SecPageTables:         0 kB
NFS_Unstable:          0 kB
Bounce:                0 kB
WritebackTmp:          0 kB
CommitLimit:     8258920 kB
Committed_AS:   11409452 kB
VmallocTotal:   34359738367 kB
VmallocUsed:       46600 kB
VmallocChunk:          0 kB
Percpu:            13280 kB
HardwareCorrupted:     0 kB
AnonHugePages:   1914880 kB
ShmemHugePages:        0 kB
ShmemPmdMapped:        0 kB
FileHugePages:         0 kB
FilePmdMapped:         0 kB
CmaTotal:              0 kB
CmaFree:               0 kB
Unaccepted:            0 kB
Balloon:               0 kB
HugePages_Total:       0
HugePages_Free:        0
HugePages_Rsvd:        0
HugePages_Surp:        0
Hugepagesize:       2048 kB
Hugetlb:               0 kB
DirectMap4k:      194432 kB
DirectMap2M:     6096896 kB
DirectMap1G:     4194304 kB
---SNAPSHOT---
2026-04-27 15:24:08
MemTotal:        8129240 kB
MemFree:         4419984 kB
MemAvailable:    4153572 kB
Buffers:            5280 kB
Cached:           314432 kB
SwapCached:       143980 kB
Active:          2406104 kB
Inactive:         606688 kB
Active(anon):    2296972 kB
Inactive(anon):   450528 kB
Active(file):     109132 kB
Inactive(file):   156160 kB
Unevictable:          16 kB
Mlocked:              16 kB
SwapTotal:       4194300 kB
SwapFree:        3912812 kB
Zswap:                 0 kB
Zswapped:              0 kB
Dirty:               512 kB
Writeback:             0 kB
AnonPages:       2552300 kB
Mapped:           268492 kB
Shmem:             54452 kB
KReclaimable:      56964 kB
Slab:             284224 kB
SReclaimable:      56964 kB
SUnreclaim:       227260 kB
KernelStack:       18368 kB
PageTables:        47840 kB
SecPageTables:         0 kB
NFS_Unstable:          0 kB
Bounce:                0 kB
WritebackTmp:          0 kB
CommitLimit:     8258920 kB
Committed_AS:   11409364 kB
VmallocTotal:   34359738367 kB
VmallocUsed:       46600 kB
VmallocChunk:          0 kB
Percpu:            13280 kB
HardwareCorrupted:     0 kB
AnonHugePages:   1058816 kB
ShmemHugePages:        0 kB
ShmemPmdMapped:        0 kB
FileHugePages:         0 kB
FilePmdMapped:         0 kB
CmaTotal:              0 kB
CmaFree:               0 kB
Unaccepted:            0 kB
Balloon:               0 kB
HugePages_Total:       0
HugePages_Free:        0
HugePages_Rsvd:        0
HugePages_Surp:        0
Hugepagesize:       2048 kB
Hugetlb:               0 kB
DirectMap4k:      194432 kB
DirectMap2M:     6096896 kB
DirectMap1G:     4194304 kB
---SNAPSHOT---
2026-04-27 15:24:09
MemTotal:        8129240 kB
MemFree:         3367108 kB
MemAvailable:    3100700 kB
Buffers:            5280 kB
Cached:           314440 kB
SwapCached:       143980 kB
Active:          3467192 kB
Inactive:         606696 kB
Active(anon):    3358060 kB
Inactive(anon):   450528 kB
Active(file):     109132 kB
Inactive(file):   156168 kB
Unevictable:          16 kB
Mlocked:              16 kB
SwapTotal:       4194300 kB
SwapFree:        3912812 kB
Zswap:                 0 kB
Zswapped:              0 kB
Dirty:               520 kB
Writeback:             0 kB
AnonPages:       3613040 kB
Mapped:           268492 kB
Shmem:             54452 kB
KReclaimable:      56964 kB
Slab:             284224 kB
SReclaimable:      56964 kB
SUnreclaim:       227260 kB
KernelStack:       18384 kB
PageTables:        50228 kB
SecPageTables:         0 kB
NFS_Unstable:          0 kB
Bounce:                0 kB
WritebackTmp:          0 kB
CommitLimit:     8258920 kB
Committed_AS:   11409452 kB
VmallocTotal:   34359738367 kB
VmallocUsed:       46600 kB
VmallocChunk:          0 kB
Percpu:            13280 kB
HardwareCorrupted:     0 kB
AnonHugePages:   2119680 kB
ShmemHugePages:        0 kB
ShmemPmdMapped:        0 kB
FileHugePages:         0 kB
FilePmdMapped:         0 kB
CmaTotal:              0 kB
CmaFree:               0 kB
Unaccepted:            0 kB
Balloon:               0 kB
HugePages_Total:       0
HugePages_Free:        0
HugePages_Rsvd:        0
HugePages_Surp:        0
Hugepagesize:       2048 kB
Hugetlb:               0 kB
DirectMap4k:      194432 kB
DirectMap2M:     6096896 kB
DirectMap1G:     4194304 kB
---SNAPSHOT---
2026-04-27 15:24:10
MemTotal:        8129240 kB
MemFree:         4132124 kB
MemAvailable:    3865716 kB
Buffers:            5280 kB
Cached:           314444 kB
SwapCached:       143980 kB
Active:          2584396 kB
Inactive:         606700 kB
Active(anon):    2475264 kB
Inactive(anon):   450528 kB
Active(file):     109132 kB
Inactive(file):   156172 kB
Unevictable:          16 kB
Mlocked:              16 kB
SwapTotal:       4194300 kB
SwapFree:        3912812 kB
Zswap:                 0 kB
Zswapped:              0 kB
Dirty:               524 kB
Writeback:             0 kB
AnonPages:       2730712 kB
Mapped:           268492 kB
Shmem:             54452 kB
KReclaimable:      56964 kB
Slab:             284228 kB
SReclaimable:      56964 kB
SUnreclaim:       227264 kB
KernelStack:       18320 kB
PageTables:        49084 kB
SecPageTables:         0 kB
NFS_Unstable:          0 kB
Bounce:                0 kB
WritebackTmp:          0 kB
CommitLimit:     8258920 kB
Committed_AS:   11409696 kB
VmallocTotal:   34359738367 kB
VmallocUsed:       46552 kB
VmallocChunk:          0 kB
Percpu:            13280 kB
HardwareCorrupted:     0 kB
AnonHugePages:   1089536 kB
ShmemHugePages:        0 kB
ShmemPmdMapped:        0 kB
FileHugePages:         0 kB
FilePmdMapped:         0 kB
CmaTotal:              0 kB
CmaFree:               0 kB
Unaccepted:            0 kB
Balloon:               0 kB
HugePages_Total:       0
HugePages_Free:        0
HugePages_Rsvd:        0
HugePages_Surp:        0
Hugepagesize:       2048 kB
Hugetlb:               0 kB
DirectMap4k:      194432 kB
DirectMap2M:     6096896 kB
DirectMap1G:     4194304 kB
---SNAPSHOT---
2026-04-27 15:24:11
MemTotal:        8129240 kB
MemFree:         3792560 kB
MemAvailable:    3526156 kB
Buffers:            5288 kB
Cached:           314440 kB
SwapCached:       143980 kB
Active:          3011904 kB
Inactive:         606704 kB
Active(anon):    2902772 kB
Inactive(anon):   450528 kB
Active(file):     109132 kB
Inactive(file):   156176 kB
Unevictable:          16 kB
Mlocked:              16 kB
SwapTotal:       4194300 kB
SwapFree:        3912812 kB
Zswap:                 0 kB
Zswapped:              0 kB
Dirty:               528 kB
Writeback:             0 kB
AnonPages:       3157776 kB
Mapped:           268592 kB
Shmem:             54452 kB
KReclaimable:      56964 kB
Slab:             284228 kB
SReclaimable:      56964 kB
SUnreclaim:       227264 kB
KernelStack:       18320 kB
PageTables:        49544 kB
SecPageTables:         0 kB
NFS_Unstable:          0 kB
Bounce:                0 kB
WritebackTmp:          0 kB
CommitLimit:     8258920 kB
Committed_AS:   11409692 kB
VmallocTotal:   34359738367 kB
VmallocUsed:       46536 kB
VmallocChunk:          0 kB
Percpu:            13280 kB
HardwareCorrupted:     0 kB
AnonHugePages:   1277952 kB
ShmemHugePages:        0 kB
ShmemPmdMapped:        0 kB
FileHugePages:         0 kB
FilePmdMapped:         0 kB
CmaTotal:              0 kB
CmaFree:               0 kB
Unaccepted:            0 kB
Balloon:               0 kB
HugePages_Total:       0
HugePages_Free:        0
HugePages_Rsvd:        0
HugePages_Surp:        0
Hugepagesize:       2048 kB
Hugetlb:               0 kB
DirectMap4k:      194432 kB
DirectMap2M:     6096896 kB
DirectMap1G:     4194304 kB
---SNAPSHOT---
2026-04-27 15:24:12
MemTotal:        8129240 kB
MemFree:         2814600 kB
MemAvailable:    2548204 kB
Buffers:            5288 kB
Cached:           314456 kB
SwapCached:       160884 kB
Active:          3988468 kB
Inactive:         607728 kB
Active(anon):    3879336 kB
Inactive(anon):   451536 kB
Active(file):     109132 kB
Inactive(file):   156192 kB
Unevictable:          16 kB
Mlocked:              16 kB
SwapTotal:       4194300 kB
SwapFree:        3895908 kB
Zswap:                 0 kB
Zswapped:              0 kB
Dirty:               536 kB
Writeback:         15880 kB
AnonPages:       4122076 kB
Mapped:           268492 kB
Shmem:             54452 kB
KReclaimable:      56964 kB
Slab:             285140 kB
SReclaimable:      56964 kB
SUnreclaim:       228176 kB
KernelStack:       18336 kB
PageTables:        50876 kB
SecPageTables:         0 kB
NFS_Unstable:          0 kB
Bounce:                0 kB
WritebackTmp:          0 kB
CommitLimit:     8258920 kB
Committed_AS:   11409144 kB
VmallocTotal:   34359738367 kB
VmallocUsed:       46568 kB
VmallocChunk:          0 kB
Percpu:            13280 kB
HardwareCorrupted:     0 kB
AnonHugePages:   2007040 kB
ShmemHugePages:        0 kB
ShmemPmdMapped:        0 kB
FileHugePages:         0 kB
FilePmdMapped:         0 kB
CmaTotal:              0 kB
CmaFree:               0 kB
Unaccepted:            0 kB
Balloon:               0 kB
HugePages_Total:       0
HugePages_Free:        0
HugePages_Rsvd:        0
HugePages_Surp:        0
Hugepagesize:       2048 kB
Hugetlb:               0 kB
DirectMap4k:      194432 kB
DirectMap2M:     6096896 kB
DirectMap1G:     4194304 kB
---SNAPSHOT---
2026-04-27 15:24:13
MemTotal:        8129240 kB
MemFree:         3634880 kB
MemAvailable:    3368484 kB
Buffers:            5288 kB
Cached:           314460 kB
SwapCached:       161008 kB
Active:          3212344 kB
Inactive:         613740 kB
Active(anon):    3103212 kB
Inactive(anon):   457544 kB
Active(file):     109132 kB
Inactive(file):   156196 kB
Unevictable:          16 kB
Mlocked:              16 kB
SwapTotal:       4194300 kB
SwapFree:        3895784 kB
Zswap:                 0 kB
Zswapped:              0 kB
Dirty:               540 kB
Writeback:          9964 kB
AnonPages:       3351948 kB
Mapped:           268492 kB
Shmem:             54452 kB
KReclaimable:      56964 kB
Slab:             284884 kB
SReclaimable:      56964 kB
SUnreclaim:       227920 kB
KernelStack:       18396 kB
PageTables:        49712 kB
SecPageTables:         0 kB
NFS_Unstable:          0 kB
Bounce:                0 kB
WritebackTmp:          0 kB
CommitLimit:     8258920 kB
Committed_AS:   11409452 kB
VmallocTotal:   34359738367 kB
VmallocUsed:       46632 kB
VmallocChunk:          0 kB
Percpu:            13280 kB
HardwareCorrupted:     0 kB
AnonHugePages:   1859584 kB
ShmemHugePages:        0 kB
ShmemPmdMapped:        0 kB
FileHugePages:         0 kB
FilePmdMapped:         0 kB
CmaTotal:              0 kB
CmaFree:               0 kB
Unaccepted:            0 kB
Balloon:               0 kB
HugePages_Total:       0
HugePages_Free:        0
HugePages_Rsvd:        0
HugePages_Surp:        0
Hugepagesize:       2048 kB
Hugetlb:               0 kB
DirectMap4k:      194432 kB
DirectMap2M:     6096896 kB
DirectMap1G:     4194304 kB
---SNAPSHOT---
2026-04-27 15:24:14
MemTotal:        8129240 kB
MemFree:         3095320 kB
MemAvailable:    2828924 kB
Buffers:            5288 kB
Cached:           314472 kB
SwapCached:       161008 kB
Active:          3745812 kB
Inactive:         618840 kB
Active(anon):    3636680 kB
Inactive(anon):   462644 kB
Active(file):     109132 kB
Inactive(file):   156196 kB
Unevictable:          16 kB
Mlocked:              16 kB
SwapTotal:       4194300 kB
SwapFree:        3895784 kB
Zswap:                 0 kB
Zswapped:              0 kB
Dirty:               552 kB
Writeback:          4904 kB
AnonPages:       3890524 kB
Mapped:           268492 kB
Shmem:             54452 kB
KReclaimable:      56964 kB
Slab:             284700 kB
SReclaimable:      56964 kB
SUnreclaim:       227736 kB
KernelStack:       18320 kB
PageTables:        50328 kB
SecPageTables:         0 kB
NFS_Unstable:          0 kB
Bounce:                0 kB
WritebackTmp:          0 kB
CommitLimit:     8258920 kB
Committed_AS:   11409068 kB
VmallocTotal:   34359738367 kB
VmallocUsed:       46600 kB
VmallocChunk:          0 kB
Percpu:            13280 kB
HardwareCorrupted:     0 kB
AnonHugePages:   2398208 kB
ShmemHugePages:        0 kB
ShmemPmdMapped:        0 kB
FileHugePages:         0 kB
FilePmdMapped:         0 kB
CmaTotal:              0 kB
CmaFree:               0 kB
Unaccepted:            0 kB
Balloon:               0 kB
HugePages_Total:       0
HugePages_Free:        0
HugePages_Rsvd:        0
HugePages_Surp:        0
Hugepagesize:       2048 kB
Hugetlb:               0 kB
DirectMap4k:      194432 kB
DirectMap2M:     6096896 kB
DirectMap1G:     4194304 kB
---SNAPSHOT---
2026-04-27 15:24:15
MemTotal:        8129240 kB
MemFree:         3826960 kB
MemAvailable:    3560572 kB
Buffers:            5288 kB
Cached:           314476 kB
SwapCached:       161676 kB
Active:          2994756 kB
Inactive:         622504 kB
Active(anon):    2885624 kB
Inactive(anon):   466292 kB
Active(file):     109132 kB
Inactive(file):   156212 kB
Unevictable:          16 kB
Mlocked:              16 kB
SwapTotal:       4194300 kB
SwapFree:        3895116 kB
Zswap:                 0 kB
Zswapped:              0 kB
Dirty:               556 kB
Writeback:           856 kB
AnonPages:       3142564 kB
Mapped:           268492 kB
Shmem:             54452 kB
KReclaimable:      56964 kB
Slab:             284220 kB
SReclaimable:      56964 kB
SUnreclaim:       227256 kB
KernelStack:       18380 kB
PageTables:        49580 kB
SecPageTables:         0 kB
NFS_Unstable:          0 kB
Bounce:                0 kB
WritebackTmp:          0 kB
CommitLimit:     8258920 kB
Committed_AS:   11409356 kB
VmallocTotal:   34359738367 kB
VmallocUsed:       46680 kB
VmallocChunk:          0 kB
Percpu:            13280 kB
HardwareCorrupted:     0 kB
AnonHugePages:   1650688 kB
ShmemHugePages:        0 kB
ShmemPmdMapped:        0 kB
FileHugePages:         0 kB
FilePmdMapped:         0 kB
CmaTotal:              0 kB
CmaFree:               0 kB
Unaccepted:            0 kB
Balloon:               0 kB
HugePages_Total:       0
HugePages_Free:        0
HugePages_Rsvd:        0
HugePages_Surp:        0
Hugepagesize:       2048 kB
Hugetlb:               0 kB
DirectMap4k:      194432 kB
DirectMap2M:     6096896 kB
DirectMap1G:     4194304 kB
---SNAPSHOT---
2026-04-27 15:24:16
MemTotal:        8129240 kB
MemFree:         3332192 kB
MemAvailable:    3065808 kB
Buffers:            5296 kB
Cached:           314480 kB
SwapCached:       219708 kB
Active:          3480712 kB
Inactive:         666304 kB
Active(anon):    3371580 kB
Inactive(anon):   510088 kB
Active(file):     109132 kB
Inactive(file):   156216 kB
Unevictable:          16 kB
Mlocked:              16 kB
SwapTotal:       4194300 kB
SwapFree:        3837084 kB
Zswap:                 0 kB
Zswapped:              0 kB
Dirty:               560 kB
Writeback:         16056 kB
AnonPages:       3614844 kB
Mapped:           268492 kB
Shmem:             54452 kB
KReclaimable:      56964 kB
Slab:             285340 kB
SReclaimable:      56964 kB
SUnreclaim:       228376 kB
KernelStack:       18336 kB
PageTables:        50424 kB
SecPageTables:         0 kB
NFS_Unstable:          0 kB
Bounce:                0 kB
WritebackTmp:          0 kB
CommitLimit:     8258920 kB
Committed_AS:   11409584 kB
VmallocTotal:   34359738367 kB
VmallocUsed:       46616 kB
VmallocChunk:          0 kB
Percpu:            13280 kB
HardwareCorrupted:     0 kB
AnonHugePages:   2123776 kB
ShmemHugePages:        0 kB
ShmemPmdMapped:        0 kB
FileHugePages:         0 kB
FilePmdMapped:         0 kB
CmaTotal:              0 kB
CmaFree:               0 kB
Unaccepted:            0 kB
Balloon:               0 kB
HugePages_Total:       0
HugePages_Free:        0
HugePages_Rsvd:        0
HugePages_Surp:        0
Hugepagesize:       2048 kB
Hugetlb:               0 kB
DirectMap4k:      194432 kB
DirectMap2M:     6096896 kB
DirectMap1G:     4194304 kB
---SNAPSHOT---
2026-04-27 15:24:17
MemTotal:        8129240 kB
MemFree:         2851528 kB
MemAvailable:    2585152 kB
Buffers:            5296 kB
Cached:           314488 kB
SwapCached:       397856 kB
Active:          3783532 kB
Inactive:         857228 kB
Active(anon):    3674400 kB
Inactive(anon):   700996 kB
Active(file):     109132 kB
Inactive(file):   156232 kB
Unevictable:          16 kB
Mlocked:              16 kB
SwapTotal:       4194300 kB
SwapFree:        3658752 kB
Zswap:                 0 kB
Zswapped:              0 kB
Dirty:               568 kB
Writeback:           256 kB
AnonPages:       3930312 kB
Mapped:           268492 kB
Shmem:             54452 kB
KReclaimable:      56964 kB
Slab:             284244 kB
SReclaimable:      56964 kB
SUnreclaim:       227280 kB
KernelStack:       18320 kB
PageTables:        51372 kB
SecPageTables:         0 kB
NFS_Unstable:          0 kB
Bounce:                0 kB
WritebackTmp:          0 kB
CommitLimit:     8258920 kB
Committed_AS:   11409584 kB
VmallocTotal:   34359738367 kB
VmallocUsed:       46600 kB
VmallocChunk:          0 kB
Percpu:            13280 kB
HardwareCorrupted:     0 kB
AnonHugePages:   2439168 kB
ShmemHugePages:        0 kB
ShmemPmdMapped:        0 kB
FileHugePages:         0 kB
FilePmdMapped:         0 kB
CmaTotal:              0 kB
CmaFree:               0 kB
Unaccepted:            0 kB
Balloon:               0 kB
HugePages_Total:       0
HugePages_Free:        0
HugePages_Rsvd:        0
HugePages_Surp:        0
Hugepagesize:       2048 kB
Hugetlb:               0 kB
DirectMap4k:      194432 kB
DirectMap2M:     6096896 kB
DirectMap1G:     4194304 kB
---SNAPSHOT---
2026-04-27 15:24:18
MemTotal:        8129240 kB
MemFree:         3624652 kB
MemAvailable:    3358276 kB
Buffers:            5296 kB
Cached:           314492 kB
SwapCached:       557412 kB
Active:          2849580 kB
Inactive:        1019140 kB
Active(anon):    2740448 kB
Inactive(anon):   862904 kB
Active(file):     109132 kB
Inactive(file):   156236 kB
Unevictable:          16 kB
Mlocked:              16 kB
SwapTotal:       4194300 kB
SwapFree:        3499380 kB
Zswap:                 0 kB
Zswapped:              0 kB
Dirty:               572 kB
Writeback:           320 kB
AnonPages:       2998844 kB
Mapped:           268492 kB
Shmem:             54452 kB
KReclaimable:      56964 kB
Slab:             284216 kB
SReclaimable:      56964 kB
SUnreclaim:       227252 kB
KernelStack:       18396 kB
PageTables:        50572 kB
SecPageTables:         0 kB
NFS_Unstable:          0 kB
Bounce:                0 kB
WritebackTmp:          0 kB
CommitLimit:     8258920 kB
Committed_AS:   11409692 kB
VmallocTotal:   34359738367 kB
VmallocUsed:       46648 kB
VmallocChunk:          0 kB
Percpu:            13280 kB
HardwareCorrupted:     0 kB
AnonHugePages:   1505280 kB
ShmemHugePages:        0 kB
ShmemPmdMapped:        0 kB
FileHugePages:         0 kB
FilePmdMapped:         0 kB
CmaTotal:              0 kB
CmaFree:               0 kB
Unaccepted:            0 kB
Balloon:               0 kB
HugePages_Total:       0
HugePages_Free:        0
HugePages_Rsvd:        0
HugePages_Surp:        0
Hugepagesize:       2048 kB
Hugetlb:               0 kB
DirectMap4k:      194432 kB
DirectMap2M:     6096896 kB
DirectMap1G:     4194304 kB
---SNAPSHOT---
2026-04-27 15:24:19
MemTotal:        8129240 kB
MemFree:         3102204 kB
MemAvailable:    2835832 kB
Buffers:            5296 kB
Cached:           314500 kB
SwapCached:       579588 kB
Active:          3354976 kB
Inactive:        1039644 kB
Active(anon):    3245844 kB
Inactive(anon):   883404 kB
Active(file):     109132 kB
Inactive(file):   156240 kB
Unevictable:          16 kB
Mlocked:              16 kB
SwapTotal:       4194300 kB
SwapFree:        3477204 kB
Zswap:                 0 kB
Zswapped:              0 kB
Dirty:               580 kB
Writeback:           640 kB
AnonPages:       3502556 kB
Mapped:           268492 kB
Shmem:             54452 kB
KReclaimable:      56964 kB
Slab:             284200 kB
SReclaimable:      56964 kB
SUnreclaim:       227236 kB
KernelStack:       18304 kB
PageTables:        51116 kB
SecPageTables:         0 kB
NFS_Unstable:          0 kB
Bounce:                0 kB
WritebackTmp:          0 kB
CommitLimit:     8258920 kB
Committed_AS:   11409308 kB
VmallocTotal:   34359738367 kB
VmallocUsed:       46568 kB
VmallocChunk:          0 kB
Percpu:            13280 kB
HardwareCorrupted:     0 kB
AnonHugePages:   2011136 kB
ShmemHugePages:        0 kB
ShmemPmdMapped:        0 kB
FileHugePages:         0 kB
FilePmdMapped:         0 kB
CmaTotal:              0 kB
CmaFree:               0 kB
Unaccepted:            0 kB
Balloon:               0 kB
HugePages_Total:       0
HugePages_Free:        0
HugePages_Rsvd:        0
HugePages_Surp:        0
Hugepagesize:       2048 kB
Hugetlb:               0 kB
DirectMap4k:      194432 kB
DirectMap2M:     6096896 kB
DirectMap1G:     4194304 kB
---SNAPSHOT---
2026-04-27 15:24:20
MemTotal:        8129240 kB
MemFree:         3777932 kB
MemAvailable:    3511564 kB
Buffers:            5296 kB
Cached:           314504 kB
SwapCached:       723940 kB
Active:          2417716 kB
Inactive:        1184916 kB
Active(anon):    2308584 kB
Inactive(anon):  1028668 kB
Active(file):     109132 kB
Inactive(file):   156248 kB
Unevictable:          16 kB
Mlocked:              16 kB
SwapTotal:       4194300 kB
SwapFree:        3332852 kB
Zswap:                 0 kB
Zswapped:              0 kB
Dirty:               584 kB
Writeback:           272 kB
AnonPages:       2566168 kB
Mapped:           268492 kB
Shmem:             54452 kB
KReclaimable:      56964 kB
Slab:             284216 kB
SReclaimable:      56964 kB
SUnreclaim:       227252 kB
KernelStack:       18336 kB
PageTables:        49324 kB
SecPageTables:         0 kB
NFS_Unstable:          0 kB
Bounce:                0 kB
WritebackTmp:          0 kB
CommitLimit:     8258920 kB
Committed_AS:   11409584 kB
VmallocTotal:   34359738367 kB
VmallocUsed:       46584 kB
VmallocChunk:          0 kB
Percpu:            13280 kB
HardwareCorrupted:     0 kB
AnonHugePages:    909312 kB
ShmemHugePages:        0 kB
ShmemPmdMapped:        0 kB
FileHugePages:         0 kB
FilePmdMapped:         0 kB
CmaTotal:              0 kB
CmaFree:               0 kB
Unaccepted:            0 kB
Balloon:               0 kB
HugePages_Total:       0
HugePages_Free:        0
HugePages_Rsvd:        0
HugePages_Surp:        0
Hugepagesize:       2048 kB
Hugetlb:               0 kB
DirectMap4k:      194432 kB
DirectMap2M:     6096896 kB
DirectMap1G:     4194304 kB
---SNAPSHOT---
2026-04-27 15:24:21
MemTotal:        8129240 kB
MemFree:         3147384 kB
MemAvailable:    2881016 kB
Buffers:            5304 kB
Cached:           314508 kB
SwapCached:       811776 kB
Active:          2982440 kB
Inactive:        1271168 kB
Active(anon):    2873308 kB
Inactive(anon):  1114916 kB
Active(file):     109132 kB
Inactive(file):   156252 kB
Unevictable:          16 kB
Mlocked:              16 kB
SwapTotal:       4194300 kB
SwapFree:        3245016 kB
Zswap:                 0 kB
Zswapped:              0 kB
Dirty:               448 kB
Writeback:           288 kB
AnonPages:       3129508 kB
Mapped:           268592 kB
Shmem:             54452 kB
KReclaimable:      56964 kB
Slab:             284240 kB
SReclaimable:      56964 kB
SUnreclaim:       227276 kB
KernelStack:       18336 kB
PageTables:        50276 kB
SecPageTables:         0 kB
NFS_Unstable:          0 kB
Bounce:                0 kB
WritebackTmp:          0 kB
CommitLimit:     8258920 kB
Committed_AS:   11409548 kB
VmallocTotal:   34359738367 kB
VmallocUsed:       46600 kB
VmallocChunk:          0 kB
Percpu:            13280 kB
HardwareCorrupted:     0 kB
AnonHugePages:    825344 kB
ShmemHugePages:        0 kB
ShmemPmdMapped:        0 kB
FileHugePages:         0 kB
FilePmdMapped:         0 kB
CmaTotal:              0 kB
CmaFree:               0 kB
Unaccepted:            0 kB
Balloon:               0 kB
HugePages_Total:       0
HugePages_Free:        0
HugePages_Rsvd:        0
HugePages_Surp:        0
Hugepagesize:       2048 kB
Hugetlb:               0 kB
DirectMap4k:      194432 kB
DirectMap2M:     6096896 kB
DirectMap1G:     4194304 kB
---SNAPSHOT---
2026-04-27 15:24:22
MemTotal:        8129240 kB
MemFree:         2868028 kB
MemAvailable:    2601668 kB
Buffers:            5304 kB
Cached:           314516 kB
SwapCached:       814656 kB
Active:          3221368 kB
Inactive:        1275344 kB
Active(anon):    3112236 kB
Inactive(anon):  1119076 kB
Active(file):     109132 kB
Inactive(file):   156268 kB
Unevictable:          16 kB
Mlocked:              16 kB
SwapTotal:       4194300 kB
SwapFree:        3242136 kB
Zswap:                 0 kB
Zswapped:              0 kB
Dirty:               188 kB
Writeback:           864 kB
AnonPages:       3338656 kB
Mapped:           268492 kB
Shmem:             54452 kB
KReclaimable:      56964 kB
Slab:             284240 kB
SReclaimable:      56964 kB
SUnreclaim:       227276 kB
KernelStack:       18336 kB
PageTables:        51380 kB
SecPageTables:         0 kB
NFS_Unstable:          0 kB
Bounce:                0 kB
WritebackTmp:          0 kB
CommitLimit:     8258920 kB
Committed_AS:   11409588 kB
VmallocTotal:   34359738367 kB
VmallocUsed:       46600 kB
VmallocChunk:          0 kB
Percpu:            13280 kB
HardwareCorrupted:     0 kB
AnonHugePages:    821248 kB
ShmemHugePages:        0 kB
ShmemPmdMapped:        0 kB
FileHugePages:         0 kB
FilePmdMapped:         0 kB
CmaTotal:              0 kB
CmaFree:               0 kB
Unaccepted:            0 kB
Balloon:               0 kB
HugePages_Total:       0
HugePages_Free:        0
HugePages_Rsvd:        0
HugePages_Surp:        0
Hugepagesize:       2048 kB
Hugetlb:               0 kB
DirectMap4k:      194432 kB
DirectMap2M:     6096896 kB
DirectMap1G:     4194304 kB
---SNAPSHOT---
2026-04-27 15:24:23
MemTotal:        8129240 kB
MemFree:         3465516 kB
MemAvailable:    3199160 kB
Buffers:            5304 kB
Cached:           314520 kB
SwapCached:       817040 kB
Active:          2650340 kB
Inactive:        1277400 kB
Active(anon):    2541208 kB
Inactive(anon):  1121128 kB
Active(file):     109132 kB
Inactive(file):   156272 kB
Unevictable:          16 kB
Mlocked:              16 kB
SwapTotal:       4194300 kB
SwapFree:        3239752 kB
Zswap:                 0 kB
Zswapped:              0 kB
Dirty:               192 kB
Writeback:           232 kB
AnonPages:       2798216 kB
Mapped:           268492 kB
Shmem:             54452 kB
KReclaimable:      56964 kB
Slab:             284212 kB
SReclaimable:      56964 kB
SUnreclaim:       227248 kB
KernelStack:       18364 kB
PageTables:        49620 kB
SecPageTables:         0 kB
NFS_Unstable:          0 kB
Bounce:                0 kB
WritebackTmp:          0 kB
CommitLimit:     8258920 kB
Committed_AS:   11409336 kB
VmallocTotal:   34359738367 kB
VmallocUsed:       46664 kB
VmallocChunk:          0 kB
Percpu:            13280 kB
HardwareCorrupted:     0 kB
AnonHugePages:   1306624 kB
ShmemHugePages:        0 kB
ShmemPmdMapped:        0 kB
FileHugePages:         0 kB
FilePmdMapped:         0 kB
CmaTotal:              0 kB
CmaFree:               0 kB
Unaccepted:            0 kB
Balloon:               0 kB
HugePages_Total:       0
HugePages_Free:        0
HugePages_Rsvd:        0
HugePages_Surp:        0
Hugepagesize:       2048 kB
Hugetlb:               0 kB
DirectMap4k:      194432 kB
DirectMap2M:     6096896 kB
DirectMap1G:     4194304 kB
---SNAPSHOT---
2026-04-27 15:24:24
MemTotal:        8129240 kB
MemFree:         2932808 kB
MemAvailable:    2666452 kB
Buffers:            5304 kB
Cached:           314528 kB
SwapCached:       818808 kB
Active:          3180872 kB
Inactive:        1279400 kB
Active(anon):    3071740 kB
Inactive(anon):  1123124 kB
Active(file):     109132 kB
Inactive(file):   156276 kB
Unevictable:          16 kB
Mlocked:              16 kB
SwapTotal:       4194300 kB
SwapFree:        3237984 kB
Zswap:                 0 kB
Zswapped:              0 kB
Dirty:               200 kB
Writeback:           764 kB
AnonPages:       3328852 kB
Mapped:           268492 kB
Shmem:             54452 kB
KReclaimable:      56964 kB
Slab:             284212 kB
SReclaimable:      56964 kB
SUnreclaim:       227248 kB
KernelStack:       18380 kB
PageTables:        50832 kB
SecPageTables:         0 kB
NFS_Unstable:          0 kB
Bounce:                0 kB
WritebackTmp:          0 kB
CommitLimit:     8258920 kB
Committed_AS:   11409212 kB
VmallocTotal:   34359738367 kB
VmallocUsed:       46632 kB
VmallocChunk:          0 kB
Percpu:            13280 kB
HardwareCorrupted:     0 kB
AnonHugePages:   1837056 kB
ShmemHugePages:        0 kB
ShmemPmdMapped:        0 kB
FileHugePages:         0 kB
FilePmdMapped:         0 kB
CmaTotal:              0 kB
CmaFree:               0 kB
Unaccepted:            0 kB
Balloon:               0 kB
HugePages_Total:       0
HugePages_Free:        0
HugePages_Rsvd:        0
HugePages_Surp:        0
Hugepagesize:       2048 kB
Hugetlb:               0 kB
DirectMap4k:      194432 kB
DirectMap2M:     6096896 kB
DirectMap1G:     4194304 kB
---SNAPSHOT---
2026-04-27 15:24:25
MemTotal:        8129240 kB
MemFree:         3697528 kB
MemAvailable:    3431176 kB
Buffers:            5304 kB
Cached:           314532 kB
SwapCached:       820124 kB
Active:          2431464 kB
Inactive:        1279480 kB
Active(anon):    2322332 kB
Inactive(anon):  1123200 kB
Active(file):     109132 kB
Inactive(file):   156280 kB
Unevictable:          16 kB
Mlocked:              16 kB
SwapTotal:       4194300 kB
SwapFree:        3236668 kB
Zswap:                 0 kB
Zswapped:              0 kB
Dirty:               204 kB
Writeback:           256 kB
AnonPages:       2578068 kB
Mapped:           268492 kB
Shmem:             54452 kB
KReclaimable:      56964 kB
Slab:             284212 kB
SReclaimable:      56964 kB
SUnreclaim:       227248 kB
KernelStack:       18352 kB
PageTables:        49448 kB
SecPageTables:         0 kB
NFS_Unstable:          0 kB
Bounce:                0 kB
WritebackTmp:          0 kB
CommitLimit:     8258920 kB
Committed_AS:   11409364 kB
VmallocTotal:   34359738367 kB
VmallocUsed:       46648 kB
VmallocChunk:          0 kB
Percpu:            13280 kB
HardwareCorrupted:     0 kB
AnonHugePages:   1087488 kB
ShmemHugePages:        0 kB
ShmemPmdMapped:        0 kB
FileHugePages:         0 kB
FilePmdMapped:         0 kB
CmaTotal:              0 kB
CmaFree:               0 kB
Unaccepted:            0 kB
Balloon:               0 kB
HugePages_Total:       0
HugePages_Free:        0
HugePages_Rsvd:        0
HugePages_Surp:        0
Hugepagesize:       2048 kB
Hugetlb:               0 kB
DirectMap4k:      194432 kB
DirectMap2M:     6096896 kB
DirectMap1G:     4194304 kB
---SNAPSHOT---
2026-04-27 15:24:26
MemTotal:        8129240 kB
MemFree:         3168140 kB
MemAvailable:    2901792 kB
Buffers:            5312 kB
Cached:           314540 kB
SwapCached:       858520 kB
Active:          2925260 kB
Inactive:        1318204 kB
Active(anon):    2816128 kB
Inactive(anon):  1161916 kB
Active(file):     109132 kB
Inactive(file):   156288 kB
Unevictable:          16 kB
Mlocked:              16 kB
SwapTotal:       4194300 kB
SwapFree:        3198272 kB
Zswap:                 0 kB
Zswapped:              0 kB
Dirty:               228 kB
Writeback:           812 kB
AnonPages:       3072300 kB
Mapped:           268492 kB
Shmem:             54452 kB
KReclaimable:      56964 kB
Slab:             284228 kB
SReclaimable:      56964 kB
SUnreclaim:       227264 kB
KernelStack:       18396 kB
PageTables:        50424 kB
SecPageTables:         0 kB
NFS_Unstable:          0 kB
Bounce:                0 kB
WritebackTmp:          0 kB
CommitLimit:     8258920 kB
Committed_AS:   11409356 kB
VmallocTotal:   34359738367 kB
VmallocUsed:       46664 kB
VmallocChunk:          0 kB
Percpu:            13280 kB
HardwareCorrupted:     0 kB
AnonHugePages:   1581056 kB
ShmemHugePages:        0 kB
ShmemPmdMapped:        0 kB
FileHugePages:         0 kB
FilePmdMapped:         0 kB
CmaTotal:              0 kB
CmaFree:               0 kB
Unaccepted:            0 kB
Balloon:               0 kB
HugePages_Total:       0
HugePages_Free:        0
HugePages_Rsvd:        0
HugePages_Surp:        0
Hugepagesize:       2048 kB
Hugetlb:               0 kB
DirectMap4k:      194432 kB
DirectMap2M:     6096896 kB
DirectMap1G:     4194304 kB
---SNAPSHOT---
2026-04-27 15:24:27
MemTotal:        8129240 kB
MemFree:         3294852 kB
MemAvailable:    3028520 kB
Buffers:            5320 kB
Cached:           314556 kB
SwapCached:      1004752 kB
Active:          2642396 kB
Inactive:        1465808 kB
Active(anon):    2533264 kB
Inactive(anon):  1309484 kB
Active(file):     109132 kB
Inactive(file):   156324 kB
Unevictable:          16 kB
Mlocked:              16 kB
SwapTotal:       4194300 kB
SwapFree:        3051868 kB
Zswap:                 0 kB
Zswapped:              0 kB
Dirty:                20 kB
Writeback:           476 kB
AnonPages:       2790456 kB
Mapped:           268492 kB
Shmem:             54452 kB
KReclaimable:      56964 kB
Slab:             284228 kB
SReclaimable:      56964 kB
SUnreclaim:       227264 kB
KernelStack:       18396 kB
PageTables:        50016 kB
SecPageTables:         0 kB
NFS_Unstable:          0 kB
Bounce:                0 kB
WritebackTmp:          0 kB
CommitLimit:     8258920 kB
Committed_AS:   11409452 kB
VmallocTotal:   34359738367 kB
VmallocUsed:       46632 kB
VmallocChunk:          0 kB
Percpu:            13280 kB
HardwareCorrupted:     0 kB
AnonHugePages:   1298432 kB
ShmemHugePages:        0 kB
ShmemPmdMapped:        0 kB
FileHugePages:         0 kB
FilePmdMapped:         0 kB
CmaTotal:              0 kB
CmaFree:               0 kB
Unaccepted:            0 kB
Balloon:               0 kB
HugePages_Total:       0
HugePages_Free:        0
HugePages_Rsvd:        0
HugePages_Surp:        0
Hugepagesize:       2048 kB
Hugetlb:               0 kB
DirectMap4k:      194432 kB
DirectMap2M:     6096896 kB
DirectMap1G:     4194304 kB
---SNAPSHOT---
2026-04-27 15:24:28
MemTotal:        8129240 kB
MemFree:         3487348 kB
MemAvailable:    3221020 kB
Buffers:            5320 kB
Cached:           314560 kB
SwapCached:      1154856 kB
Active:          2333504 kB
Inactive:        1616832 kB
Active(anon):    2224372 kB
Inactive(anon):  1460504 kB
Active(file):     109132 kB
Inactive(file):   156328 kB
Unevictable:          16 kB
Mlocked:              16 kB
SwapTotal:       4194300 kB
SwapFree:        2901844 kB
Zswap:                 0 kB
Zswapped:              0 kB
Dirty:                36 kB
Writeback:           796 kB
AnonPages:       2482768 kB
Mapped:           268492 kB
Shmem:             54452 kB
KReclaimable:      56964 kB
Slab:             284236 kB
SReclaimable:      56964 kB
SUnreclaim:       227272 kB
KernelStack:       18380 kB
PageTables:        49776 kB
SecPageTables:         0 kB
NFS_Unstable:          0 kB
Bounce:                0 kB
WritebackTmp:          0 kB
CommitLimit:     8258920 kB
Committed_AS:   11409800 kB
VmallocTotal:   34359738367 kB
VmallocUsed:       46616 kB
VmallocChunk:          0 kB
Percpu:            13280 kB
HardwareCorrupted:     0 kB
AnonHugePages:    989184 kB
ShmemHugePages:        0 kB
ShmemPmdMapped:        0 kB
FileHugePages:         0 kB
FilePmdMapped:         0 kB
CmaTotal:              0 kB
CmaFree:               0 kB
Unaccepted:            0 kB
Balloon:               0 kB
HugePages_Total:       0
HugePages_Free:        0
HugePages_Rsvd:        0
HugePages_Surp:        0
Hugepagesize:       2048 kB
Hugetlb:               0 kB
DirectMap4k:      194432 kB
DirectMap2M:     6096896 kB
DirectMap1G:     4194304 kB
---SNAPSHOT---
2026-04-27 15:24:29
MemTotal:        8129240 kB
MemFree:         2993096 kB
MemAvailable:    2726772 kB
Buffers:            5320 kB
Cached:           314568 kB
SwapCached:      1353544 kB
Active:          2633036 kB
Inactive:        1814704 kB
Active(anon):    2523904 kB
Inactive(anon):  1658368 kB
Active(file):     109132 kB
Inactive(file):   156336 kB
Unevictable:          16 kB
Mlocked:              16 kB
SwapTotal:       4194300 kB
SwapFree:        2703148 kB
Zswap:                 0 kB
Zswapped:              0 kB
Dirty:                44 kB
Writeback:           944 kB
AnonPages:       2781404 kB
Mapped:           268492 kB
Shmem:             54452 kB
KReclaimable:      56964 kB
Slab:             284248 kB
SReclaimable:      56964 kB
SUnreclaim:       227284 kB
KernelStack:       18352 kB
PageTables:        50604 kB
SecPageTables:         0 kB
NFS_Unstable:          0 kB
Bounce:                0 kB
WritebackTmp:          0 kB
CommitLimit:     8258920 kB
Committed_AS:   11409832 kB
VmallocTotal:   34359738367 kB
VmallocUsed:       46648 kB
VmallocChunk:          0 kB
Percpu:            13280 kB
HardwareCorrupted:     0 kB
AnonHugePages:   1288192 kB
ShmemHugePages:        0 kB
ShmemPmdMapped:        0 kB
FileHugePages:         0 kB
FilePmdMapped:         0 kB
CmaTotal:              0 kB
CmaFree:               0 kB
Unaccepted:            0 kB
Balloon:               0 kB
HugePages_Total:       0
HugePages_Free:        0
HugePages_Rsvd:        0
HugePages_Surp:        0
Hugepagesize:       2048 kB
Hugetlb:               0 kB
DirectMap4k:      194432 kB
DirectMap2M:     6096896 kB
DirectMap1G:     4194304 kB
---SNAPSHOT---
2026-04-27 15:24:30
MemTotal:        8129240 kB
MemFree:         4382676 kB
MemAvailable:    4116352 kB
Buffers:            5320 kB
Cached:           314572 kB
SwapCached:       144104 kB
Active:          2412260 kB
Inactive:         606868 kB
Active(anon):    2303128 kB
Inactive(anon):   450532 kB
Active(file):     109132 kB
Inactive(file):   156336 kB
Unevictable:          16 kB
Mlocked:              16 kB
SwapTotal:       4194300 kB
SwapFree:        3912812 kB
Zswap:                 0 kB
Zswapped:              0 kB
Dirty:                48 kB
Writeback:             0 kB
AnonPages:       2558328 kB
Mapped:           268720 kB
Shmem:             54452 kB
KReclaimable:      56964 kB
Slab:             284224 kB
SReclaimable:      56964 kB
SUnreclaim:       227260 kB
KernelStack:       18396 kB
PageTables:        48288 kB
SecPageTables:         0 kB
NFS_Unstable:          0 kB
Bounce:                0 kB
WritebackTmp:          0 kB
CommitLimit:     8258920 kB
Committed_AS:   11409308 kB
VmallocTotal:   34359738367 kB
VmallocUsed:       46664 kB
VmallocChunk:          0 kB
Percpu:            13280 kB
HardwareCorrupted:     0 kB
AnonHugePages:   1067008 kB
ShmemHugePages:        0 kB
ShmemPmdMapped:        0 kB
FileHugePages:         0 kB
FilePmdMapped:         0 kB
CmaTotal:              0 kB
CmaFree:               0 kB
Unaccepted:            0 kB
Balloon:               0 kB
HugePages_Total:       0
HugePages_Free:        0
HugePages_Rsvd:        0
HugePages_Surp:        0
Hugepagesize:       2048 kB
Hugetlb:               0 kB
DirectMap4k:      194432 kB
DirectMap2M:     6096896 kB
DirectMap1G:     4194304 kB
---SNAPSHOT---
2026-04-27 15:24:31
MemTotal:        8129240 kB
MemFree:         3628564 kB
MemAvailable:    3362248 kB
Buffers:            5328 kB
Cached:           314576 kB
SwapCached:       143980 kB
Active:          3207012 kB
Inactive:         606880 kB
Active(anon):    3097880 kB
Inactive(anon):   450528 kB
Active(file):     109132 kB
Inactive(file):   156352 kB
Unevictable:          16 kB
Mlocked:              16 kB
SwapTotal:       4194300 kB
SwapFree:        3912812 kB
Zswap:                 0 kB
Zswapped:              0 kB
Dirty:                68 kB
Writeback:             0 kB
AnonPages:       3353180 kB
Mapped:           268492 kB
Shmem:             54452 kB
KReclaimable:      56964 kB
Slab:             284224 kB
SReclaimable:      56964 kB
SUnreclaim:       227260 kB
KernelStack:       18396 kB
PageTables:        49392 kB
SecPageTables:         0 kB
NFS_Unstable:          0 kB
Bounce:                0 kB
WritebackTmp:          0 kB
CommitLimit:     8258920 kB
Committed_AS:   11409364 kB
VmallocTotal:   34359738367 kB
VmallocUsed:       46616 kB
VmallocChunk:          0 kB
Percpu:            13280 kB
HardwareCorrupted:     0 kB
AnonHugePages:   1861632 kB
ShmemHugePages:        0 kB
ShmemPmdMapped:        0 kB
FileHugePages:         0 kB
FilePmdMapped:         0 kB
CmaTotal:              0 kB
CmaFree:               0 kB
Unaccepted:            0 kB
Balloon:               0 kB
HugePages_Total:       0
HugePages_Free:        0
HugePages_Rsvd:        0
HugePages_Surp:        0
Hugepagesize:       2048 kB
Hugetlb:               0 kB
DirectMap4k:      194432 kB
DirectMap2M:     6096896 kB
DirectMap1G:     4194304 kB
---SNAPSHOT---
2026-04-27 15:24:32
MemTotal:        8129240 kB
MemFree:         3372456 kB
MemAvailable:    3106140 kB
Buffers:            5328 kB
Cached:           314584 kB
SwapCached:       143980 kB
Active:          3471340 kB
Inactive:         606884 kB
Active(anon):    3362208 kB
Inactive(anon):   450528 kB
Active(file):     109132 kB
Inactive(file):   156356 kB
Unevictable:          16 kB
Mlocked:              16 kB
SwapTotal:       4194300 kB
SwapFree:        3912812 kB
Zswap:                 0 kB
Zswapped:              0 kB
Dirty:                76 kB
Writeback:             0 kB
AnonPages:       3617656 kB
Mapped:           268492 kB
Shmem:             54452 kB
KReclaimable:      56964 kB
Slab:             284224 kB
SReclaimable:      56964 kB
SUnreclaim:       227260 kB
KernelStack:       18336 kB
PageTables:        49664 kB
SecPageTables:         0 kB
NFS_Unstable:          0 kB
Bounce:                0 kB
WritebackTmp:          0 kB
CommitLimit:     8258920 kB
Committed_AS:   11408972 kB
VmallocTotal:   34359738367 kB
VmallocUsed:       46616 kB
VmallocChunk:          0 kB
Percpu:            13280 kB
HardwareCorrupted:     0 kB
AnonHugePages:   2127872 kB
ShmemHugePages:        0 kB
ShmemPmdMapped:        0 kB
FileHugePages:         0 kB
FilePmdMapped:         0 kB
CmaTotal:              0 kB
CmaFree:               0 kB
Unaccepted:            0 kB
Balloon:               0 kB
HugePages_Total:       0
HugePages_Free:        0
HugePages_Rsvd:        0
HugePages_Surp:        0
Hugepagesize:       2048 kB
Hugetlb:               0 kB
DirectMap4k:      194432 kB
DirectMap2M:     6096896 kB
DirectMap1G:     4194304 kB
---SNAPSHOT---
2026-04-27 15:24:33
MemTotal:        8129240 kB
MemFree:         4223036 kB
MemAvailable:    3956724 kB
Buffers:            5328 kB
Cached:           314588 kB
SwapCached:       143980 kB
Active:          2617436 kB
Inactive:         606892 kB
Active(anon):    2508304 kB
Inactive(anon):   450528 kB
Active(file):     109132 kB
Inactive(file):   156364 kB
Unevictable:          16 kB
Mlocked:              16 kB
SwapTotal:       4194300 kB
SwapFree:        3912812 kB
Zswap:                 0 kB
Zswapped:              0 kB
Dirty:                80 kB
Writeback:             0 kB
AnonPages:       2763464 kB
Mapped:           268492 kB
Shmem:             54452 kB
KReclaimable:      56964 kB
Slab:             284224 kB
SReclaimable:      56964 kB
SUnreclaim:       227260 kB
KernelStack:       18412 kB
PageTables:        48068 kB
SecPageTables:         0 kB
NFS_Unstable:          0 kB
Bounce:                0 kB
WritebackTmp:          0 kB
CommitLimit:     8258920 kB
Committed_AS:   11409584 kB
VmallocTotal:   34359738367 kB
VmallocUsed:       46632 kB
VmallocChunk:          0 kB
Percpu:            13280 kB
HardwareCorrupted:     0 kB
AnonHugePages:   1273856 kB
ShmemHugePages:        0 kB
ShmemPmdMapped:        0 kB
FileHugePages:         0 kB
FilePmdMapped:         0 kB
CmaTotal:              0 kB
CmaFree:               0 kB
Unaccepted:            0 kB
Balloon:               0 kB
HugePages_Total:       0
HugePages_Free:        0
HugePages_Rsvd:        0
HugePages_Surp:        0
Hugepagesize:       2048 kB
Hugetlb:               0 kB
DirectMap4k:      194432 kB
DirectMap2M:     6096896 kB
DirectMap1G:     4194304 kB
---SNAPSHOT---
2026-04-27 15:24:34
MemTotal:        8129240 kB
MemFree:         3152800 kB
MemAvailable:    2886608 kB
Buffers:            5632 kB
Cached:           314608 kB
SwapCached:       143980 kB
Active:          3686632 kB
Inactive:         607132 kB
Active(anon):    3577500 kB
Inactive(anon):   450528 kB
Active(file):     109132 kB
Inactive(file):   156604 kB
Unevictable:          16 kB
Mlocked:              16 kB
SwapTotal:       4194300 kB
SwapFree:        3912812 kB
Zswap:                 0 kB
Zswapped:              0 kB
Dirty:                92 kB
Writeback:             0 kB
AnonPages:       3832716 kB
Mapped:           268492 kB
Shmem:             54452 kB
KReclaimable:      56964 kB
Slab:             284224 kB
SReclaimable:      56964 kB
SUnreclaim:       227260 kB
KernelStack:       18336 kB
PageTables:        50080 kB
SecPageTables:         0 kB
NFS_Unstable:          0 kB
Bounce:                0 kB
WritebackTmp:          0 kB
CommitLimit:     8258920 kB
Committed_AS:   11409560 kB
VmallocTotal:   34359738367 kB
VmallocUsed:       46584 kB
VmallocChunk:          0 kB
Percpu:            13280 kB
HardwareCorrupted:     0 kB
AnonHugePages:   2342912 kB
ShmemHugePages:        0 kB
ShmemPmdMapped:        0 kB
FileHugePages:         0 kB
FilePmdMapped:         0 kB
CmaTotal:              0 kB
CmaFree:               0 kB
Unaccepted:            0 kB
Balloon:               0 kB
HugePages_Total:       0
HugePages_Free:        0
HugePages_Rsvd:        0
HugePages_Surp:        0
Hugepagesize:       2048 kB
Hugetlb:               0 kB
DirectMap4k:      194432 kB
DirectMap2M:     6096896 kB
DirectMap1G:     4194304 kB
---SNAPSHOT---
2026-04-27 15:24:35
MemTotal:        8129240 kB
MemFree:         4086316 kB
MemAvailable:    3820172 kB
Buffers:            5632 kB
Cached:           314616 kB
SwapCached:       387184 kB
Active:          2475600 kB
Inactive:         825780 kB
Active(anon):    2366468 kB
Inactive(anon):   669084 kB
Active(file):     109132 kB
Inactive(file):   156696 kB
Unevictable:          16 kB
Mlocked:              16 kB
SwapTotal:       4194300 kB
SwapFree:        3669608 kB
Zswap:                 0 kB
Zswapped:              0 kB
Dirty:               100 kB
Writeback:         24580 kB
AnonPages:       2599208 kB
Mapped:           268492 kB
Shmem:             54452 kB
KReclaimable:      56964 kB
Slab:             285704 kB
SReclaimable:      56964 kB
SUnreclaim:       228740 kB
KernelStack:       18336 kB
PageTables:        48052 kB
SecPageTables:         0 kB
NFS_Unstable:          0 kB
Bounce:                0 kB
WritebackTmp:          0 kB
CommitLimit:     8258920 kB
Committed_AS:   11409588 kB
VmallocTotal:   34359738367 kB
VmallocUsed:       46600 kB
VmallocChunk:          0 kB
Percpu:            13280 kB
HardwareCorrupted:     0 kB
AnonHugePages:   1107968 kB
ShmemHugePages:        0 kB
ShmemPmdMapped:        0 kB
FileHugePages:         0 kB
FilePmdMapped:         0 kB
CmaTotal:              0 kB
CmaFree:               0 kB
Unaccepted:            0 kB
Balloon:               0 kB
HugePages_Total:       0
HugePages_Free:        0
HugePages_Rsvd:        0
HugePages_Surp:        0
Hugepagesize:       2048 kB
Hugetlb:               0 kB
DirectMap4k:      194432 kB
DirectMap2M:     6096896 kB
DirectMap1G:     4194304 kB
---SNAPSHOT---
2026-04-27 15:24:38
MemTotal:        8129240 kB
MemFree:         3971424 kB
MemAvailable:    3705284 kB
Buffers:            5640 kB
Cached:           314620 kB
SwapCached:       403568 kB
Active:          2596880 kB
Inactive:         850316 kB
Active(anon):    2487748 kB
Inactive(anon):   693612 kB
Active(file):     109132 kB
Inactive(file):   156704 kB
Unevictable:          16 kB
Mlocked:              16 kB
SwapTotal:       4194300 kB
SwapFree:        3653224 kB
Zswap:                 0 kB
Zswapped:              0 kB
Dirty:               104 kB
Writeback:         16496 kB
AnonPages:       2728736 kB
Mapped:           268492 kB
Shmem:             54452 kB
KReclaimable:      56964 kB
Slab:             285456 kB
SReclaimable:      56964 kB
SUnreclaim:       228492 kB
KernelStack:       18336 kB
PageTables:        48784 kB
SecPageTables:         0 kB
NFS_Unstable:          0 kB
Bounce:                0 kB
WritebackTmp:          0 kB
CommitLimit:     8258920 kB
Committed_AS:   11409692 kB
VmallocTotal:   34359738367 kB
VmallocUsed:       46600 kB
VmallocChunk:          0 kB
Percpu:            13280 kB
HardwareCorrupted:     0 kB
AnonHugePages:    929792 kB
ShmemHugePages:        0 kB
ShmemPmdMapped:        0 kB
FileHugePages:         0 kB
FilePmdMapped:         0 kB
CmaTotal:              0 kB
CmaFree:               0 kB
Unaccepted:            0 kB
Balloon:               0 kB
HugePages_Total:       0
HugePages_Free:        0
HugePages_Rsvd:        0
HugePages_Surp:        0
Hugepagesize:       2048 kB
Hugetlb:               0 kB
DirectMap4k:      194432 kB
DirectMap2M:     6096896 kB
DirectMap1G:     4194304 kB
---SNAPSHOT---
2026-04-27 15:24:39
MemTotal:        8129240 kB
MemFree:         3251888 kB
MemAvailable:    2985752 kB
Buffers:            5640 kB
Cached:           314628 kB
SwapCached:       418928 kB
Active:          3303348 kB
Inactive:         860092 kB
Active(anon):    3194216 kB
Inactive(anon):   703380 kB
Active(file):     109132 kB
Inactive(file):   156712 kB
Unevictable:          16 kB
Mlocked:              16 kB
SwapTotal:       4194300 kB
SwapFree:        3637864 kB
Zswap:                 0 kB
Zswapped:              0 kB
Dirty:               112 kB
Writeback:         22076 kB
AnonPages:       3428848 kB
Mapped:           268492 kB
Shmem:             54452 kB
KReclaimable:      56964 kB
Slab:             285648 kB
SReclaimable:      56964 kB
SUnreclaim:       228684 kB
KernelStack:       18336 kB
PageTables:        50216 kB
SecPageTables:         0 kB
NFS_Unstable:          0 kB
Bounce:                0 kB
WritebackTmp:          0 kB
CommitLimit:     8258920 kB
Committed_AS:   11409360 kB
VmallocTotal:   34359738367 kB
VmallocUsed:       46600 kB
VmallocChunk:          0 kB
Percpu:            13280 kB
HardwareCorrupted:     0 kB
AnonHugePages:   1169408 kB
ShmemHugePages:        0 kB
ShmemPmdMapped:        0 kB
FileHugePages:         0 kB
FilePmdMapped:         0 kB
CmaTotal:              0 kB
CmaFree:               0 kB
Unaccepted:            0 kB
Balloon:               0 kB
HugePages_Total:       0
HugePages_Free:        0
HugePages_Rsvd:        0
HugePages_Surp:        0
Hugepagesize:       2048 kB
Hugetlb:               0 kB
DirectMap4k:      194432 kB
DirectMap2M:     6096896 kB
DirectMap1G:     4194304 kB
---SNAPSHOT---
2026-04-27 15:24:40
MemTotal:        8129240 kB
MemFree:         3162336 kB
MemAvailable:    2896204 kB
Buffers:            5640 kB
Cached:           314632 kB
SwapCached:       593508 kB
Active:          3123680 kB
Inactive:        1039176 kB
Active(anon):    3014548 kB
Inactive(anon):   882456 kB
Active(file):     109132 kB
Inactive(file):   156720 kB
Unevictable:          16 kB
Mlocked:              16 kB
SwapTotal:       4194300 kB
SwapFree:        3463120 kB
Zswap:                 0 kB
Zswapped:              0 kB
Dirty:               116 kB
Writeback:         17540 kB
AnonPages:       3217736 kB
Mapped:           268492 kB
Shmem:             54452 kB
KReclaimable:      56964 kB
Slab:             285384 kB
SReclaimable:      56964 kB
SUnreclaim:       228420 kB
KernelStack:       18320 kB
PageTables:        50352 kB
SecPageTables:         0 kB
NFS_Unstable:          0 kB
Bounce:                0 kB
WritebackTmp:          0 kB
CommitLimit:     8258920 kB
Committed_AS:   11409072 kB
VmallocTotal:   34359738367 kB
VmallocUsed:       46584 kB
VmallocChunk:          0 kB
Percpu:            13280 kB
HardwareCorrupted:     0 kB
AnonHugePages:    612352 kB
ShmemHugePages:        0 kB
ShmemPmdMapped:        0 kB
FileHugePages:         0 kB
FilePmdMapped:         0 kB
CmaTotal:              0 kB
CmaFree:               0 kB
Unaccepted:            0 kB
Balloon:               0 kB
HugePages_Total:       0
HugePages_Free:        0
HugePages_Rsvd:        0
HugePages_Surp:        0
Hugepagesize:       2048 kB
Hugetlb:               0 kB
DirectMap4k:      194432 kB
DirectMap2M:     6096896 kB
DirectMap1G:     4194304 kB
---SNAPSHOT---
2026-04-27 15:24:41
MemTotal:        8129240 kB
MemFree:         3704580 kB
MemAvailable:    3438456 kB
Buffers:            5648 kB
Cached:           314640 kB
SwapCached:       718384 kB
Active:          2480076 kB
Inactive:        1178288 kB
Active(anon):    2370944 kB
Inactive(anon):  1021552 kB
Active(file):     109132 kB
Inactive(file):   156736 kB
Unevictable:          16 kB
Mlocked:              16 kB
SwapTotal:       4194300 kB
SwapFree:        3338368 kB
Zswap:                 0 kB
Zswapped:              0 kB
Dirty:               124 kB
Writeback:          3780 kB
AnonPages:       2622428 kB
Mapped:           268492 kB
Shmem:             54452 kB
KReclaimable:      56964 kB
Slab:             285384 kB
SReclaimable:      56964 kB
SUnreclaim:       228420 kB
KernelStack:       18304 kB
PageTables:        50196 kB
SecPageTables:         0 kB
NFS_Unstable:          0 kB
Bounce:                0 kB
WritebackTmp:          0 kB
CommitLimit:     8258920 kB
Committed_AS:   11409140 kB
VmallocTotal:   34359738367 kB
VmallocUsed:       46584 kB
VmallocChunk:          0 kB
Percpu:            13280 kB
HardwareCorrupted:     0 kB
AnonHugePages:   1134592 kB
ShmemHugePages:        0 kB
ShmemPmdMapped:        0 kB
FileHugePages:         0 kB
FilePmdMapped:         0 kB
CmaTotal:              0 kB
CmaFree:               0 kB
Unaccepted:            0 kB
Balloon:               0 kB
HugePages_Total:       0
HugePages_Free:        0
HugePages_Rsvd:        0
HugePages_Surp:        0
Hugepagesize:       2048 kB
Hugetlb:               0 kB
DirectMap4k:      194432 kB
DirectMap2M:     6096896 kB
DirectMap1G:     4194304 kB
---SNAPSHOT---
2026-04-27 15:24:42
MemTotal:        8129240 kB
MemFree:         3913508 kB
MemAvailable:    3647384 kB
Buffers:            5648 kB
Cached:           314644 kB
SwapCached:       143980 kB
Active:          2836532 kB
Inactive:         607268 kB
Active(anon):    2727400 kB
Inactive(anon):   450528 kB
Active(file):     109132 kB
Inactive(file):   156740 kB
Unevictable:          16 kB
Mlocked:              16 kB
SwapTotal:       4194300 kB
SwapFree:        3912812 kB
Zswap:                 0 kB
Zswapped:              0 kB
Dirty:               128 kB
Writeback:             0 kB
AnonPages:       2982428 kB
Mapped:           268492 kB
Shmem:             54452 kB
KReclaimable:      56964 kB
Slab:             284232 kB
SReclaimable:      56964 kB
SUnreclaim:       227268 kB
KernelStack:       18364 kB
PageTables:        49348 kB
SecPageTables:         0 kB
NFS_Unstable:          0 kB
Bounce:                0 kB
WritebackTmp:          0 kB
CommitLimit:     8258920 kB
Committed_AS:   11409212 kB
VmallocTotal:   34359738367 kB
VmallocUsed:       46632 kB
VmallocChunk:          0 kB
Percpu:            13280 kB
HardwareCorrupted:     0 kB
AnonHugePages:   1492992 kB
ShmemHugePages:        0 kB
ShmemPmdMapped:        0 kB
FileHugePages:         0 kB
FilePmdMapped:         0 kB
CmaTotal:              0 kB
CmaFree:               0 kB
Unaccepted:            0 kB
Balloon:               0 kB
HugePages_Total:       0
HugePages_Free:        0
HugePages_Rsvd:        0
HugePages_Surp:        0
Hugepagesize:       2048 kB
Hugetlb:               0 kB
DirectMap4k:      194432 kB
DirectMap2M:     6096896 kB
DirectMap1G:     4194304 kB
---SNAPSHOT---
2026-04-27 15:24:43
MemTotal:        8129240 kB
MemFree:         4153632 kB
MemAvailable:    3887512 kB
Buffers:            5648 kB
Cached:           314648 kB
SwapCached:       143980 kB
Active:          2594660 kB
Inactive:         607272 kB
Active(anon):    2485528 kB
Inactive(anon):   450528 kB
Active(file):     109132 kB
Inactive(file):   156744 kB
Unevictable:          16 kB
Mlocked:              16 kB
SwapTotal:       4194300 kB
SwapFree:        3912812 kB
Zswap:                 0 kB
Zswapped:              0 kB
Dirty:               132 kB
Writeback:             0 kB
AnonPages:       2740836 kB
Mapped:           268492 kB
Shmem:             54452 kB
KReclaimable:      56964 kB
Slab:             284232 kB
SReclaimable:      56964 kB
SUnreclaim:       227268 kB
KernelStack:       18412 kB
PageTables:        48240 kB
SecPageTables:         0 kB
NFS_Unstable:          0 kB
Bounce:                0 kB
WritebackTmp:          0 kB
CommitLimit:     8258920 kB
Committed_AS:   11409552 kB
VmallocTotal:   34359738367 kB
VmallocUsed:       46632 kB
VmallocChunk:          0 kB
Percpu:            13280 kB
HardwareCorrupted:     0 kB
AnonHugePages:   1251328 kB
ShmemHugePages:        0 kB
ShmemPmdMapped:        0 kB
FileHugePages:         0 kB
FilePmdMapped:         0 kB
CmaTotal:              0 kB
CmaFree:               0 kB
Unaccepted:            0 kB
Balloon:               0 kB
HugePages_Total:       0
HugePages_Free:        0
HugePages_Rsvd:        0
HugePages_Surp:        0
Hugepagesize:       2048 kB
Hugetlb:               0 kB
DirectMap4k:      194432 kB
DirectMap2M:     6096896 kB
DirectMap1G:     4194304 kB
---SNAPSHOT---
2026-04-27 15:24:44
MemTotal:        8129240 kB
MemFree:         3791604 kB
MemAvailable:    3525488 kB
Buffers:            5648 kB
Cached:           314656 kB
SwapCached:       143980 kB
Active:          2990160 kB
Inactive:         607280 kB
Active(anon):    2881028 kB
Inactive(anon):   450528 kB
Active(file):     109132 kB
Inactive(file):   156752 kB
Unevictable:          16 kB
Mlocked:              16 kB
SwapTotal:       4194300 kB
SwapFree:        3912812 kB
Zswap:                 0 kB
Zswapped:              0 kB
Dirty:               140 kB
Writeback:             0 kB
AnonPages:       3136012 kB
Mapped:           268572 kB
Shmem:             54452 kB
KReclaimable:      56964 kB
Slab:             284232 kB
SReclaimable:      56964 kB
SUnreclaim:       227268 kB
KernelStack:       18396 kB
PageTables:        49272 kB
SecPageTables:         0 kB
NFS_Unstable:          0 kB
Bounce:                0 kB
WritebackTmp:          0 kB
CommitLimit:     8258920 kB
Committed_AS:   11409556 kB
VmallocTotal:   34359738367 kB
VmallocUsed:       46648 kB
VmallocChunk:          0 kB
Percpu:            13280 kB
HardwareCorrupted:     0 kB
AnonHugePages:   1570816 kB
ShmemHugePages:        0 kB
ShmemPmdMapped:        0 kB
FileHugePages:         0 kB
FilePmdMapped:         0 kB
CmaTotal:              0 kB
CmaFree:               0 kB
Unaccepted:            0 kB
Balloon:               0 kB
HugePages_Total:       0
HugePages_Free:        0
HugePages_Rsvd:        0
HugePages_Surp:        0
Hugepagesize:       2048 kB
Hugetlb:               0 kB
DirectMap4k:      194432 kB
DirectMap2M:     6096896 kB
DirectMap1G:     4194304 kB
---SNAPSHOT---
2026-04-27 15:24:45
MemTotal:        8129240 kB
MemFree:         4039488 kB
MemAvailable:    3773372 kB
Buffers:            5648 kB
Cached:           314660 kB
SwapCached:       143980 kB
Active:          2713572 kB
Inactive:         607284 kB
Active(anon):    2604440 kB
Inactive(anon):   450528 kB
Active(file):     109132 kB
Inactive(file):   156756 kB
Unevictable:          16 kB
Mlocked:              16 kB
SwapTotal:       4194300 kB
SwapFree:        3912812 kB
Zswap:                 0 kB
Zswapped:              0 kB
Dirty:               144 kB
Writeback:             0 kB
AnonPages:       2859444 kB
Mapped:           268492 kB
Shmem:             54452 kB
KReclaimable:      56964 kB
Slab:             284232 kB
SReclaimable:      56964 kB
SUnreclaim:       227268 kB
KernelStack:       18336 kB
PageTables:        48560 kB
SecPageTables:         0 kB
NFS_Unstable:          0 kB
Bounce:                0 kB
WritebackTmp:          0 kB
CommitLimit:     8258920 kB
Committed_AS:   11409308 kB
VmallocTotal:   34359738367 kB
VmallocUsed:       46600 kB
VmallocChunk:          0 kB
Percpu:            13280 kB
HardwareCorrupted:     0 kB
AnonHugePages:   1069056 kB
ShmemHugePages:        0 kB
ShmemPmdMapped:        0 kB
FileHugePages:         0 kB
FilePmdMapped:         0 kB
CmaTotal:              0 kB
CmaFree:               0 kB
Unaccepted:            0 kB
Balloon:               0 kB
HugePages_Total:       0
HugePages_Free:        0
HugePages_Rsvd:        0
HugePages_Surp:        0
Hugepagesize:       2048 kB
Hugetlb:               0 kB
DirectMap4k:      194432 kB
DirectMap2M:     6096896 kB
DirectMap1G:     4194304 kB
---SNAPSHOT---
2026-04-27 15:24:46
MemTotal:        8129240 kB
MemFree:         3706808 kB
MemAvailable:    3440696 kB
Buffers:            5656 kB
Cached:           314668 kB
SwapCached:       143980 kB
Active:          3091372 kB
Inactive:         607292 kB
Active(anon):    2982240 kB
Inactive(anon):   450528 kB
Active(file):     109132 kB
Inactive(file):   156764 kB
Unevictable:          16 kB
Mlocked:              16 kB
SwapTotal:       4194300 kB
SwapFree:        3912812 kB
Zswap:                 0 kB
Zswapped:              0 kB
Dirty:               152 kB
Writeback:             0 kB
AnonPages:       3237384 kB
Mapped:           268492 kB
Shmem:             54452 kB
KReclaimable:      56964 kB
Slab:             284232 kB
SReclaimable:      56964 kB
SUnreclaim:       227268 kB
KernelStack:       18352 kB
PageTables:        49432 kB
SecPageTables:         0 kB
NFS_Unstable:          0 kB
Bounce:                0 kB
WritebackTmp:          0 kB
CommitLimit:     8258920 kB
Committed_AS:   11409312 kB
VmallocTotal:   34359738367 kB
VmallocUsed:       46584 kB
VmallocChunk:          0 kB
Percpu:            13280 kB
HardwareCorrupted:     0 kB
AnonHugePages:   1222656 kB
ShmemHugePages:        0 kB
ShmemPmdMapped:        0 kB
FileHugePages:         0 kB
FilePmdMapped:         0 kB
CmaTotal:              0 kB
CmaFree:               0 kB
Unaccepted:            0 kB
Balloon:               0 kB
HugePages_Total:       0
HugePages_Free:        0
HugePages_Rsvd:        0
HugePages_Surp:        0
Hugepagesize:       2048 kB
Hugetlb:               0 kB
DirectMap4k:      194432 kB
DirectMap2M:     6096896 kB
DirectMap1G:     4194304 kB
---SNAPSHOT---
2026-04-27 15:24:47
MemTotal:        8129240 kB
MemFree:         3422540 kB
MemAvailable:    3156436 kB
Buffers:            5656 kB
Cached:           314672 kB
SwapCached:       143980 kB
Active:          3349900 kB
Inactive:         607304 kB
Active(anon):    3240768 kB
Inactive(anon):   450528 kB
Active(file):     109132 kB
Inactive(file):   156776 kB
Unevictable:          16 kB
Mlocked:              16 kB
SwapTotal:       4194300 kB
SwapFree:        3912812 kB
Zswap:                 0 kB
Zswapped:              0 kB
Dirty:               156 kB
Writeback:             0 kB
AnonPages:       3495768 kB
Mapped:           268492 kB
Shmem:             54452 kB
KReclaimable:      56964 kB
Slab:             284232 kB
SReclaimable:      56964 kB
SUnreclaim:       227268 kB
KernelStack:       18396 kB
PageTables:        49928 kB
SecPageTables:         0 kB
NFS_Unstable:          0 kB
Bounce:                0 kB
WritebackTmp:          0 kB
CommitLimit:     8258920 kB
Committed_AS:   11409352 kB
VmallocTotal:   34359738367 kB
VmallocUsed:       46600 kB
VmallocChunk:          0 kB
Percpu:            13280 kB
HardwareCorrupted:     0 kB
AnonHugePages:   2004992 kB
ShmemHugePages:        0 kB
ShmemPmdMapped:        0 kB
FileHugePages:         0 kB
FilePmdMapped:         0 kB
CmaTotal:              0 kB
CmaFree:               0 kB
Unaccepted:            0 kB
Balloon:               0 kB
HugePages_Total:       0
HugePages_Free:        0
HugePages_Rsvd:        0
HugePages_Surp:        0
Hugepagesize:       2048 kB
Hugetlb:               0 kB
DirectMap4k:      194432 kB
DirectMap2M:     6096896 kB
DirectMap1G:     4194304 kB
---SNAPSHOT---
2026-04-27 15:24:48
MemTotal:        8129240 kB
MemFree:         3872988 kB
MemAvailable:    3606884 kB
Buffers:            5656 kB
Cached:           314676 kB
SwapCached:       143980 kB
Active:          2835748 kB
Inactive:         607308 kB
Active(anon):    2726616 kB
Inactive(anon):   450528 kB
Active(file):     109132 kB
Inactive(file):   156780 kB
Unevictable:          16 kB
Mlocked:              16 kB
SwapTotal:       4194300 kB
SwapFree:        3912812 kB
Zswap:                 0 kB
Zswapped:              0 kB
Dirty:               160 kB
Writeback:             0 kB
AnonPages:       2981800 kB
Mapped:           268492 kB
Shmem:             54452 kB
KReclaimable:      56964 kB
Slab:             284232 kB
SReclaimable:      56964 kB
SUnreclaim:       227268 kB
KernelStack:       18380 kB
PageTables:        49116 kB
SecPageTables:         0 kB
NFS_Unstable:          0 kB
Bounce:                0 kB
WritebackTmp:          0 kB
CommitLimit:     8258920 kB
Committed_AS:   11409388 kB
VmallocTotal:   34359738367 kB
VmallocUsed:       46600 kB
VmallocChunk:          0 kB
Percpu:            13280 kB
HardwareCorrupted:     0 kB
AnonHugePages:   1490944 kB
ShmemHugePages:        0 kB
ShmemPmdMapped:        0 kB
FileHugePages:         0 kB
FilePmdMapped:         0 kB
CmaTotal:              0 kB
CmaFree:               0 kB
Unaccepted:            0 kB
Balloon:               0 kB
HugePages_Total:       0
HugePages_Free:        0
HugePages_Rsvd:        0
HugePages_Surp:        0
Hugepagesize:       2048 kB
Hugetlb:               0 kB
DirectMap4k:      194432 kB
DirectMap2M:     6096896 kB
DirectMap1G:     4194304 kB
---SNAPSHOT---
2026-04-27 15:24:49
MemTotal:        8129240 kB
MemFree:         3216452 kB
MemAvailable:    2950352 kB
Buffers:            5660 kB
Cached:           314684 kB
SwapCached:       229480 kB
Active:          3494484 kB
Inactive:         691672 kB
Active(anon):    3385352 kB
Inactive(anon):   534888 kB
Active(file):     109132 kB
Inactive(file):   156784 kB
Unevictable:          16 kB
Mlocked:              16 kB
SwapTotal:       4194300 kB
SwapFree:        3827096 kB
Zswap:                 0 kB
Zswapped:              0 kB
Dirty:               168 kB
Writeback:          1140 kB
AnonPages:       3641032 kB
Mapped:           268492 kB
Shmem:             54452 kB
KReclaimable:      56964 kB
Slab:             284232 kB
SReclaimable:      56964 kB
SUnreclaim:       227268 kB
KernelStack:       18380 kB
PageTables:        50624 kB
SecPageTables:         0 kB
NFS_Unstable:          0 kB
Bounce:                0 kB
WritebackTmp:          0 kB
CommitLimit:     8258920 kB
Committed_AS:   11409356 kB
VmallocTotal:   34359738367 kB
VmallocUsed:       46600 kB
VmallocChunk:          0 kB
Percpu:            13280 kB
HardwareCorrupted:     0 kB
AnonHugePages:   2148352 kB
ShmemHugePages:        0 kB
ShmemPmdMapped:        0 kB
FileHugePages:         0 kB
FilePmdMapped:         0 kB
CmaTotal:              0 kB
CmaFree:               0 kB
Unaccepted:            0 kB
Balloon:               0 kB
HugePages_Total:       0
HugePages_Free:        0
HugePages_Rsvd:        0
HugePages_Surp:        0
Hugepagesize:       2048 kB
Hugetlb:               0 kB
DirectMap4k:      194432 kB
DirectMap2M:     6096896 kB
DirectMap1G:     4194304 kB
---SNAPSHOT---
2026-04-27 15:24:50
MemTotal:        8129240 kB
MemFree:         3951528 kB
MemAvailable:    3685432 kB
Buffers:            5660 kB
Cached:           314688 kB
SwapCached:       530436 kB
Active:          2380364 kB
Inactive:         993744 kB
Active(anon):    2271232 kB
Inactive(anon):   836948 kB
Active(file):     109132 kB
Inactive(file):   156796 kB
Unevictable:          16 kB
Mlocked:              16 kB
SwapTotal:       4194300 kB
SwapFree:        3526464 kB
Zswap:                 0 kB
Zswapped:              0 kB
Dirty:               172 kB
Writeback:             8 kB
AnonPages:       2526676 kB
Mapped:           268492 kB
Shmem:             54452 kB
KReclaimable:      56964 kB
Slab:             284280 kB
SReclaimable:      56964 kB
SUnreclaim:       227316 kB
KernelStack:       18396 kB
PageTables:        49592 kB
SecPageTables:         0 kB
NFS_Unstable:          0 kB
Bounce:                0 kB
WritebackTmp:          0 kB
CommitLimit:     8258920 kB
Committed_AS:   11409584 kB
VmallocTotal:   34359738367 kB
VmallocUsed:       46632 kB
VmallocChunk:          0 kB
Percpu:            13280 kB
HardwareCorrupted:     0 kB
AnonHugePages:    831488 kB
ShmemHugePages:        0 kB
ShmemPmdMapped:        0 kB
FileHugePages:         0 kB
FilePmdMapped:         0 kB
CmaTotal:              0 kB
CmaFree:               0 kB
Unaccepted:            0 kB
Balloon:               0 kB
HugePages_Total:       0
HugePages_Free:        0
HugePages_Rsvd:        0
HugePages_Surp:        0
Hugepagesize:       2048 kB
Hugetlb:               0 kB
DirectMap4k:      194432 kB
DirectMap2M:     6096896 kB
DirectMap1G:     4194304 kB
---SNAPSHOT---
2026-04-27 15:24:51
MemTotal:        8129240 kB
MemFree:         4070408 kB
MemAvailable:    3804320 kB
Buffers:            5668 kB
Cached:           314696 kB
SwapCached:       143980 kB
Active:          2693868 kB
Inactive:         607340 kB
Active(anon):    2584736 kB
Inactive(anon):   450528 kB
Active(file):     109132 kB
Inactive(file):   156812 kB
Unevictable:          16 kB
Mlocked:              16 kB
SwapTotal:       4194300 kB
SwapFree:        3912812 kB
Zswap:                 0 kB
Zswapped:              0 kB
Dirty:               184 kB
Writeback:             0 kB
AnonPages:       2839812 kB
Mapped:           268492 kB
Shmem:             54452 kB
KReclaimable:      56964 kB
Slab:             284248 kB
SReclaimable:      56964 kB
SUnreclaim:       227284 kB
KernelStack:       18380 kB
PageTables:        48720 kB
SecPageTables:         0 kB
NFS_Unstable:          0 kB
Bounce:                0 kB
WritebackTmp:          0 kB
CommitLimit:     8258920 kB
Committed_AS:   11409696 kB
VmallocTotal:   34359738367 kB
VmallocUsed:       46632 kB
VmallocChunk:          0 kB
Percpu:            13280 kB
HardwareCorrupted:     0 kB
AnonHugePages:    913408 kB
ShmemHugePages:        0 kB
ShmemPmdMapped:        0 kB
FileHugePages:         0 kB
FilePmdMapped:         0 kB
CmaTotal:              0 kB
CmaFree:               0 kB
Unaccepted:            0 kB
Balloon:               0 kB
HugePages_Total:       0
HugePages_Free:        0
HugePages_Rsvd:        0
HugePages_Surp:        0
Hugepagesize:       2048 kB
Hugetlb:               0 kB
DirectMap4k:      194432 kB
DirectMap2M:     6096896 kB
DirectMap1G:     4194304 kB
---SNAPSHOT---
2026-04-27 15:24:52
MemTotal:        8129240 kB
MemFree:         3769680 kB
MemAvailable:    3503596 kB
Buffers:            5668 kB
Cached:           314700 kB
SwapCached:       143980 kB
Active:          2999696 kB
Inactive:         607344 kB
Active(anon):    2890564 kB
Inactive(anon):   450528 kB
Active(file):     109132 kB
Inactive(file):   156816 kB
Unevictable:          16 kB
Mlocked:              16 kB
SwapTotal:       4194300 kB
SwapFree:        3912812 kB
Zswap:                 0 kB
Zswapped:              0 kB
Dirty:               188 kB
Writeback:             0 kB
AnonPages:       3145812 kB
Mapped:           268492 kB
Shmem:             54452 kB
KReclaimable:      56964 kB
Slab:             284248 kB
SReclaimable:      56964 kB
SUnreclaim:       227284 kB
KernelStack:       18380 kB
PageTables:        50616 kB
SecPageTables:         0 kB
NFS_Unstable:          0 kB
Bounce:                0 kB
WritebackTmp:          0 kB
CommitLimit:     8258920 kB
Committed_AS:   11409452 kB
VmallocTotal:   34359738367 kB
VmallocUsed:       46616 kB
VmallocChunk:          0 kB
Percpu:            13280 kB
HardwareCorrupted:     0 kB
AnonHugePages:   1656832 kB
ShmemHugePages:        0 kB
ShmemPmdMapped:        0 kB
FileHugePages:         0 kB
FilePmdMapped:         0 kB
CmaTotal:              0 kB
CmaFree:               0 kB
Unaccepted:            0 kB
Balloon:               0 kB
HugePages_Total:       0
HugePages_Free:        0
HugePages_Rsvd:        0
HugePages_Surp:        0
Hugepagesize:       2048 kB
Hugetlb:               0 kB
DirectMap4k:      194432 kB
DirectMap2M:     6096896 kB
DirectMap1G:     4194304 kB
---SNAPSHOT---
2026-04-27 15:24:53
MemTotal:        8129240 kB
MemFree:         4728432 kB
MemAvailable:    4462348 kB
Buffers:            5668 kB
Cached:           314704 kB
SwapCached:       143980 kB
Active:          2004612 kB
Inactive:         607348 kB
Active(anon):    1895480 kB
Inactive(anon):   450528 kB
Active(file):     109132 kB
Inactive(file):   156820 kB
Unevictable:          16 kB
Mlocked:              16 kB
SwapTotal:       4194300 kB
SwapFree:        3912812 kB
Zswap:                 0 kB
Zswapped:              0 kB
Dirty:               192 kB
Writeback:             0 kB
AnonPages:       2150484 kB
Mapped:           268492 kB
Shmem:             54452 kB
KReclaimable:      56964 kB
Slab:             284248 kB
SReclaimable:      56964 kB
SUnreclaim:       227284 kB
KernelStack:       18396 kB
PageTables:        47248 kB
SecPageTables:         0 kB
NFS_Unstable:          0 kB
Bounce:                0 kB
WritebackTmp:          0 kB
CommitLimit:     8258920 kB
Committed_AS:   11409800 kB
VmallocTotal:   34359738367 kB
VmallocUsed:       46632 kB
VmallocChunk:          0 kB
Percpu:            13280 kB
HardwareCorrupted:     0 kB
AnonHugePages:    544768 kB
ShmemHugePages:        0 kB
ShmemPmdMapped:        0 kB
FileHugePages:         0 kB
FilePmdMapped:         0 kB
CmaTotal:              0 kB
CmaFree:               0 kB
Unaccepted:            0 kB
Balloon:               0 kB
HugePages_Total:       0
HugePages_Free:        0
HugePages_Rsvd:        0
HugePages_Surp:        0
Hugepagesize:       2048 kB
Hugetlb:               0 kB
DirectMap4k:      194432 kB
DirectMap2M:     6096896 kB
DirectMap1G:     4194304 kB
---SNAPSHOT---
2026-04-27 15:24:54
MemTotal:        8129240 kB
MemFree:         3871380 kB
MemAvailable:    3605300 kB
Buffers:            5668 kB
Cached:           314712 kB
SwapCached:       143980 kB
Active:          2921948 kB
Inactive:         607356 kB
Active(anon):    2812816 kB
Inactive(anon):   450528 kB
Active(file):     109132 kB
Inactive(file):   156828 kB
Unevictable:          16 kB
Mlocked:              16 kB
SwapTotal:       4194300 kB
SwapFree:        3912812 kB
Zswap:                 0 kB
Zswapped:              0 kB
Dirty:               200 kB
Writeback:             0 kB
AnonPages:       3067900 kB
Mapped:           268492 kB
Shmem:             54452 kB
KReclaimable:      56964 kB
Slab:             284248 kB
SReclaimable:      56964 kB
SUnreclaim:       227284 kB
KernelStack:       18396 kB
PageTables:        49152 kB
SecPageTables:         0 kB
NFS_Unstable:          0 kB
Bounce:                0 kB
WritebackTmp:          0 kB
CommitLimit:     8258920 kB
Committed_AS:   11409056 kB
VmallocTotal:   34359738367 kB
VmallocUsed:       46600 kB
VmallocChunk:          0 kB
Percpu:            13280 kB
HardwareCorrupted:     0 kB
AnonHugePages:   1243136 kB
ShmemHugePages:        0 kB
ShmemPmdMapped:        0 kB
FileHugePages:         0 kB
FilePmdMapped:         0 kB
CmaTotal:              0 kB
CmaFree:               0 kB
Unaccepted:            0 kB
Balloon:               0 kB
HugePages_Total:       0
HugePages_Free:        0
HugePages_Rsvd:        0
HugePages_Surp:        0
Hugepagesize:       2048 kB
Hugetlb:               0 kB
DirectMap4k:      194432 kB
DirectMap2M:     6096896 kB
DirectMap1G:     4194304 kB
---SNAPSHOT---
2026-04-27 15:24:55
MemTotal:        8129240 kB
MemFree:         3574728 kB
MemAvailable:    3308648 kB
Buffers:            5668 kB
Cached:           314716 kB
SwapCached:       143980 kB
Active:          3222556 kB
Inactive:         607356 kB
Active(anon):    3113424 kB
Inactive(anon):   450528 kB
Active(file):     109132 kB
Inactive(file):   156828 kB
Unevictable:          16 kB
Mlocked:              16 kB
SwapTotal:       4194300 kB
SwapFree:        3912812 kB
Zswap:                 0 kB
Zswapped:              0 kB
Dirty:               204 kB
Writeback:             0 kB
AnonPages:       3368284 kB
Mapped:           268492 kB
Shmem:             54452 kB
KReclaimable:      56964 kB
Slab:             284248 kB
SReclaimable:      56964 kB
SUnreclaim:       227284 kB
KernelStack:       18336 kB
PageTables:        49776 kB
SecPageTables:         0 kB
NFS_Unstable:          0 kB
Bounce:                0 kB
WritebackTmp:          0 kB
CommitLimit:     8258920 kB
Committed_AS:   11409584 kB
VmallocTotal:   34359738367 kB
VmallocUsed:       46616 kB
VmallocChunk:          0 kB
Percpu:            13280 kB
HardwareCorrupted:     0 kB
AnonHugePages:   1312768 kB
ShmemHugePages:        0 kB
ShmemPmdMapped:        0 kB
FileHugePages:         0 kB
FilePmdMapped:         0 kB
CmaTotal:              0 kB
CmaFree:               0 kB
Unaccepted:            0 kB
Balloon:               0 kB
HugePages_Total:       0
HugePages_Free:        0
HugePages_Rsvd:        0
HugePages_Surp:        0
Hugepagesize:       2048 kB
Hugetlb:               0 kB
DirectMap4k:      194432 kB
DirectMap2M:     6096896 kB
DirectMap1G:     4194304 kB
---SNAPSHOT---
2026-04-27 15:24:56
MemTotal:        8129240 kB
MemFree:         4007824 kB
MemAvailable:    3741784 kB
Buffers:            5820 kB
Cached:           314728 kB
SwapCached:       559192 kB
Active:          2350096 kB
Inactive:        1021540 kB
Active(anon):    2240964 kB
Inactive(anon):   864632 kB
Active(file):     109132 kB
Inactive(file):   156908 kB
Unevictable:          16 kB
Mlocked:              16 kB
SwapTotal:       4194300 kB
SwapFree:        3497440 kB
Zswap:                 0 kB
Zswapped:              0 kB
Dirty:               216 kB
Writeback:          1036 kB
AnonPages:       2497188 kB
Mapped:           268492 kB
Shmem:             54452 kB
KReclaimable:      56964 kB
Slab:             284296 kB
SReclaimable:      56964 kB
SUnreclaim:       227332 kB
KernelStack:       18336 kB
PageTables:        49004 kB
SecPageTables:         0 kB
NFS_Unstable:          0 kB
Bounce:                0 kB
WritebackTmp:          0 kB
CommitLimit:     8258920 kB
