---SNAPSHOT---
2026-04-27 15:00:13
MemTotal:        8129240 kB
MemFree:         5325704 kB
MemAvailable:    5051648 kB
Buffers:            4160 kB
Cached:           285712 kB
SwapCached:       119588 kB
Active:          1511392 kB
Inactive:         588972 kB
Active(anon):    1413532 kB
Inactive(anon):   434752 kB
Active(file):      97860 kB
Inactive(file):   154220 kB
Unevictable:           0 kB
Mlocked:               0 kB
SwapTotal:       4194300 kB
SwapFree:        3937196 kB
Zswap:                 0 kB
Zswapped:              0 kB
Dirty:               276 kB
Writeback:             0 kB
AnonPages:       1694364 kB
Mapped:           246416 kB
Shmem:             37300 kB
KReclaimable:      54896 kB
Slab:             282088 kB
SReclaimable:      54896 kB
SUnreclaim:       227192 kB
KernelStack:       18092 kB
PageTables:        45224 kB
SecPageTables:         0 kB
NFS_Unstable:          0 kB
Bounce:                0 kB
WritebackTmp:          0 kB
CommitLimit:     8258920 kB
Committed_AS:    8751924 kB
VmallocTotal:   34359738367 kB
VmallocUsed:       46344 kB
VmallocChunk:          0 kB
Percpu:            13280 kB
HardwareCorrupted:     0 kB
AnonHugePages:    215040 kB
ShmemHugePages:        0 kB
ShmemPmdMapped:        0 kB
FileHugePages:         0 kB
FilePmdMapped:         0 kB
CmaTotal:              0 kB
CmaFree:               0 kB
Unaccepted:            0 kB
Balloon:               0 kB
HugePages_Total:       0
HugePages_Free:        0
HugePages_Rsvd:        0
HugePages_Surp:        0
Hugepagesize:       2048 kB
Hugetlb:               0 kB
DirectMap4k:      194432 kB
DirectMap2M:     6096896 kB
DirectMap1G:     4194304 kB
---SNAPSHOT---
2026-04-27 15:00:14
MemTotal:        8129240 kB
MemFree:         5345316 kB
MemAvailable:    5071784 kB
Buffers:            4304 kB
Cached:           286132 kB
SwapCached:       119588 kB
Active:          1511896 kB
Inactive:         589692 kB
Active(anon):    1413712 kB
Inactive(anon):   434752 kB
Active(file):      98184 kB
Inactive(file):   154940 kB
Unevictable:           0 kB
Mlocked:               0 kB
SwapTotal:       4194300 kB
SwapFree:        3937196 kB
Zswap:                 0 kB
Zswapped:              0 kB
Dirty:               296 kB
Writeback:             0 kB
AnonPages:       1694808 kB
Mapped:           246672 kB
Shmem:             37300 kB
KReclaimable:      54896 kB
Slab:             282088 kB
SReclaimable:      54896 kB
SUnreclaim:       227192 kB
KernelStack:       18188 kB
PageTables:        45332 kB
SecPageTables:         0 kB
NFS_Unstable:          0 kB
Bounce:                0 kB
WritebackTmp:          0 kB
CommitLimit:     8258920 kB
Committed_AS:    8752028 kB
VmallocTotal:   34359738367 kB
VmallocUsed:       46424 kB
VmallocChunk:          0 kB
Percpu:            13280 kB
HardwareCorrupted:     0 kB
AnonHugePages:    215040 kB
ShmemHugePages:        0 kB
ShmemPmdMapped:        0 kB
FileHugePages:         0 kB
FilePmdMapped:         0 kB
CmaTotal:              0 kB
CmaFree:               0 kB
Unaccepted:            0 kB
Balloon:               0 kB
HugePages_Total:       0
HugePages_Free:        0
HugePages_Rsvd:        0
HugePages_Surp:        0
Hugepagesize:       2048 kB
Hugetlb:               0 kB
DirectMap4k:      194432 kB
DirectMap2M:     6096896 kB
DirectMap1G:     4194304 kB
---SNAPSHOT---
2026-04-27 15:00:15
MemTotal:        8129240 kB
MemFree:         5362868 kB
MemAvailable:    5089792 kB
Buffers:            4332 kB
Cached:           286288 kB
SwapCached:       119588 kB
Active:          1512620 kB
Inactive:         589784 kB
Active(anon):    1414300 kB
Inactive(anon):   434752 kB
Active(file):      98320 kB
Inactive(file):   155032 kB
Unevictable:           0 kB
Mlocked:               0 kB
SwapTotal:       4194300 kB
SwapFree:        3937196 kB
Zswap:                 0 kB
Zswapped:              0 kB
Dirty:               352 kB
Writeback:             0 kB
AnonPages:       1695408 kB
Mapped:           246444 kB
Shmem:             37300 kB
KReclaimable:      55584 kB
Slab:             282776 kB
SReclaimable:      55584 kB
SUnreclaim:       227192 kB
KernelStack:       18208 kB
PageTables:        45572 kB
SecPageTables:         0 kB
NFS_Unstable:          0 kB
Bounce:                0 kB
WritebackTmp:          0 kB
CommitLimit:     8258920 kB
Committed_AS:    8753168 kB
VmallocTotal:   34359738367 kB
VmallocUsed:       46424 kB
VmallocChunk:          0 kB
Percpu:            13280 kB
HardwareCorrupted:     0 kB
AnonHugePages:    215040 kB
ShmemHugePages:        0 kB
ShmemPmdMapped:        0 kB
FileHugePages:         0 kB
FilePmdMapped:         0 kB
CmaTotal:              0 kB
CmaFree:               0 kB
Unaccepted:            0 kB
Balloon:               0 kB
HugePages_Total:       0
HugePages_Free:        0
HugePages_Rsvd:        0
HugePages_Surp:        0
Hugepagesize:       2048 kB
Hugetlb:               0 kB
DirectMap4k:      194432 kB
DirectMap2M:     6096896 kB
DirectMap1G:     4194304 kB
---SNAPSHOT---
2026-04-27 15:00:16
MemTotal:        8129240 kB
MemFree:         5378692 kB
MemAvailable:    5107048 kB
Buffers:            4744 kB
Cached:           289004 kB
SwapCached:       119588 kB
Active:          1515076 kB
Inactive:         590140 kB
Active(anon):    1414248 kB
Inactive(anon):   434752 kB
Active(file):     100828 kB
Inactive(file):   155388 kB
Unevictable:           0 kB
Mlocked:               0 kB
SwapTotal:       4194300 kB
SwapFree:        3937196 kB
Zswap:                 0 kB
Zswapped:              0 kB
Dirty:               360 kB
Writeback:             0 kB
AnonPages:       1695212 kB
Mapped:           246672 kB
Shmem:             37300 kB
KReclaimable:      55584 kB
Slab:             282776 kB
SReclaimable:      55584 kB
SUnreclaim:       227192 kB
KernelStack:       18120 kB
PageTables:        45652 kB
SecPageTables:         0 kB
NFS_Unstable:          0 kB
Bounce:                0 kB
WritebackTmp:          0 kB
CommitLimit:     8258920 kB
Committed_AS:    8760468 kB
VmallocTotal:   34359738367 kB
VmallocUsed:       46408 kB
VmallocChunk:          0 kB
Percpu:            13280 kB
HardwareCorrupted:     0 kB
AnonHugePages:    215040 kB
ShmemHugePages:        0 kB
ShmemPmdMapped:        0 kB
FileHugePages:         0 kB
FilePmdMapped:         0 kB
CmaTotal:              0 kB
CmaFree:               0 kB
Unaccepted:            0 kB
Balloon:               0 kB
HugePages_Total:       0
HugePages_Free:        0
HugePages_Rsvd:        0
HugePages_Surp:        0
Hugepagesize:       2048 kB
Hugetlb:               0 kB
DirectMap4k:      194432 kB
DirectMap2M:     6096896 kB
DirectMap1G:     4194304 kB
---SNAPSHOT---
2026-04-27 15:00:17
MemTotal:        8129240 kB
MemFree:         4416476 kB
MemAvailable:    4149544 kB
Buffers:            4876 kB
Cached:           315184 kB
SwapCached:       119588 kB
Active:          2505504 kB
Inactive:         590568 kB
Active(anon):    2395680 kB
Inactive(anon):   434752 kB
Active(file):     109824 kB
Inactive(file):   155816 kB
Unevictable:          16 kB
Mlocked:              16 kB
SwapTotal:       4194300 kB
SwapFree:        3937196 kB
Zswap:                 0 kB
Zswapped:              0 kB
Dirty:               440 kB
Writeback:             0 kB
AnonPages:       2659440 kB
Mapped:           267064 kB
Shmem:             54448 kB
KReclaimable:      55584 kB
Slab:             282800 kB
SReclaimable:      55584 kB
SUnreclaim:       227216 kB
KernelStack:       18288 kB
PageTables:        47832 kB
SecPageTables:         0 kB
NFS_Unstable:          0 kB
Bounce:                0 kB
WritebackTmp:          0 kB
CommitLimit:     8258920 kB
Committed_AS:   11409172 kB
VmallocTotal:   34359738367 kB
VmallocUsed:       46440 kB
VmallocChunk:          0 kB
Percpu:            13280 kB
HardwareCorrupted:     0 kB
AnonHugePages:   1171456 kB
ShmemHugePages:        0 kB
ShmemPmdMapped:        0 kB
FileHugePages:         0 kB
FilePmdMapped:         0 kB
CmaTotal:              0 kB
CmaFree:               0 kB
Unaccepted:            0 kB
Balloon:               0 kB
HugePages_Total:       0
HugePages_Free:        0
HugePages_Rsvd:        0
HugePages_Surp:        0
Hugepagesize:       2048 kB
Hugetlb:               0 kB
DirectMap4k:      194432 kB
DirectMap2M:     6096896 kB
DirectMap1G:     4194304 kB
---SNAPSHOT---
2026-04-27 15:00:18
MemTotal:        8129240 kB
MemFree:         3444120 kB
MemAvailable:    3177232 kB
Buffers:            4876 kB
Cached:           315276 kB
SwapCached:       119588 kB
Active:          3480588 kB
Inactive:         590572 kB
Active(anon):    3370680 kB
Inactive(anon):   434752 kB
Active(file):     109908 kB
Inactive(file):   155820 kB
Unevictable:          16 kB
Mlocked:              16 kB
SwapTotal:       4194300 kB
SwapFree:        3937196 kB
Zswap:                 0 kB
Zswapped:              0 kB
Dirty:               448 kB
Writeback:             0 kB
AnonPages:       3634492 kB
Mapped:           267104 kB
Shmem:             54448 kB
KReclaimable:      55584 kB
Slab:             282800 kB
SReclaimable:      55584 kB
SUnreclaim:       227216 kB
KernelStack:       18304 kB
PageTables:        49600 kB
SecPageTables:         0 kB
NFS_Unstable:          0 kB
Bounce:                0 kB
WritebackTmp:          0 kB
CommitLimit:     8258920 kB
Committed_AS:   11408672 kB
VmallocTotal:   34359738367 kB
VmallocUsed:       46488 kB
VmallocChunk:          0 kB
Percpu:            13280 kB
HardwareCorrupted:     0 kB
AnonHugePages:   2146304 kB
ShmemHugePages:        0 kB
ShmemPmdMapped:        0 kB
FileHugePages:         0 kB
FilePmdMapped:         0 kB
CmaTotal:              0 kB
CmaFree:               0 kB
Unaccepted:            0 kB
Balloon:               0 kB
HugePages_Total:       0
HugePages_Free:        0
HugePages_Rsvd:        0
HugePages_Surp:        0
Hugepagesize:       2048 kB
Hugetlb:               0 kB
DirectMap4k:      194432 kB
DirectMap2M:     6096896 kB
DirectMap1G:     4194304 kB
---SNAPSHOT---
2026-04-27 15:00:19
MemTotal:        8129240 kB
MemFree:         4905968 kB
MemAvailable:    4639084 kB
Buffers:            4876 kB
Cached:           315280 kB
SwapCached:       119588 kB
Active:          1932280 kB
Inactive:         590576 kB
Active(anon):    1822372 kB
Inactive(anon):   434752 kB
Active(file):     109908 kB
Inactive(file):   155824 kB
Unevictable:          16 kB
Mlocked:              16 kB
SwapTotal:       4194300 kB
SwapFree:        3937196 kB
Zswap:                 0 kB
Zswapped:              0 kB
Dirty:               452 kB
Writeback:             0 kB
AnonPages:       2086160 kB
Mapped:           267104 kB
Shmem:             54448 kB
KReclaimable:      55584 kB
Slab:             282800 kB
SReclaimable:      55584 kB
SUnreclaim:       227216 kB
KernelStack:       18288 kB
PageTables:        47072 kB
SecPageTables:         0 kB
NFS_Unstable:          0 kB
Bounce:                0 kB
WritebackTmp:          0 kB
CommitLimit:     8258920 kB
Committed_AS:   11409664 kB
VmallocTotal:   34359738367 kB
VmallocUsed:       46504 kB
VmallocChunk:          0 kB
Percpu:            13280 kB
HardwareCorrupted:     0 kB
AnonHugePages:    598016 kB
ShmemHugePages:        0 kB
ShmemPmdMapped:        0 kB
FileHugePages:         0 kB
FilePmdMapped:         0 kB
CmaTotal:              0 kB
CmaFree:               0 kB
Unaccepted:            0 kB
Balloon:               0 kB
HugePages_Total:       0
HugePages_Free:        0
HugePages_Rsvd:        0
HugePages_Surp:        0
Hugepagesize:       2048 kB
Hugetlb:               0 kB
DirectMap4k:      194432 kB
DirectMap2M:     6096896 kB
DirectMap1G:     4194304 kB
---SNAPSHOT---
2026-04-27 15:00:20
MemTotal:        8129240 kB
MemFree:         3967516 kB
MemAvailable:    3700756 kB
Buffers:            4884 kB
Cached:           315276 kB
SwapCached:       119588 kB
Active:          2970848 kB
Inactive:         590584 kB
Active(anon):    2860940 kB
Inactive(anon):   434752 kB
Active(file):     109908 kB
Inactive(file):   155832 kB
Unevictable:          16 kB
Mlocked:              16 kB
SwapTotal:       4194300 kB
SwapFree:        3937196 kB
Zswap:                 0 kB
Zswapped:              0 kB
Dirty:               456 kB
Writeback:             0 kB
AnonPages:       3124740 kB
Mapped:           267104 kB
Shmem:             54448 kB
KReclaimable:      55824 kB
Slab:             283040 kB
SReclaimable:      55824 kB
SUnreclaim:       227216 kB
KernelStack:       18336 kB
PageTables:        48884 kB
SecPageTables:         0 kB
NFS_Unstable:          0 kB
Bounce:                0 kB
WritebackTmp:          0 kB
CommitLimit:     8258920 kB
Committed_AS:   11410472 kB
VmallocTotal:   34359738367 kB
VmallocUsed:       46552 kB
VmallocChunk:          0 kB
Percpu:            13280 kB
HardwareCorrupted:     0 kB
AnonHugePages:   1636352 kB
ShmemHugePages:        0 kB
ShmemPmdMapped:        0 kB
FileHugePages:         0 kB
FilePmdMapped:         0 kB
CmaTotal:              0 kB
CmaFree:               0 kB
Unaccepted:            0 kB
Balloon:               0 kB
HugePages_Total:       0
HugePages_Free:        0
HugePages_Rsvd:        0
HugePages_Surp:        0
Hugepagesize:       2048 kB
Hugetlb:               0 kB
DirectMap4k:      194432 kB
DirectMap2M:     6096896 kB
DirectMap1G:     4194304 kB
---SNAPSHOT---
2026-04-27 15:00:21
MemTotal:        8129240 kB
MemFree:         3553944 kB
MemAvailable:    3287824 kB
Buffers:            4884 kB
Cached:           315296 kB
SwapCached:       119588 kB
Active:          3337792 kB
Inactive:         590604 kB
Active(anon):    3227884 kB
Inactive(anon):   434752 kB
Active(file):     109908 kB
Inactive(file):   155852 kB
Unevictable:          16 kB
Mlocked:              16 kB
SwapTotal:       4194300 kB
SwapFree:        3937196 kB
Zswap:                 0 kB
Zswapped:              0 kB
Dirty:               464 kB
Writeback:             0 kB
AnonPages:       3491556 kB
Mapped:           267104 kB
Shmem:             54448 kB
KReclaimable:      57088 kB
Slab:             284308 kB
SReclaimable:      57088 kB
SUnreclaim:       227220 kB
KernelStack:       18288 kB
PageTables:        49724 kB
SecPageTables:         0 kB
NFS_Unstable:          0 kB
Bounce:                0 kB
WritebackTmp:          0 kB
CommitLimit:     8258920 kB
Committed_AS:   11409656 kB
VmallocTotal:   34359738367 kB
VmallocUsed:       46520 kB
VmallocChunk:          0 kB
Percpu:            13280 kB
HardwareCorrupted:     0 kB
AnonHugePages:   2002944 kB
ShmemHugePages:        0 kB
ShmemPmdMapped:        0 kB
FileHugePages:         0 kB
FilePmdMapped:         0 kB
CmaTotal:              0 kB
CmaFree:               0 kB
Unaccepted:            0 kB
Balloon:               0 kB
HugePages_Total:       0
HugePages_Free:        0
HugePages_Rsvd:        0
HugePages_Surp:        0
Hugepagesize:       2048 kB
Hugetlb:               0 kB
DirectMap4k:      194432 kB
DirectMap2M:     6096896 kB
DirectMap1G:     4194304 kB
---SNAPSHOT---
2026-04-27 15:00:22
MemTotal:        8129240 kB
MemFree:         4511284 kB
MemAvailable:    4245164 kB
Buffers:            4884 kB
Cached:           315300 kB
SwapCached:       119588 kB
Active:          2434380 kB
Inactive:         590604 kB
Active(anon):    2324472 kB
Inactive(anon):   434752 kB
Active(file):     109908 kB
Inactive(file):   155852 kB
Unevictable:          16 kB
Mlocked:              16 kB
SwapTotal:       4194300 kB
SwapFree:        3937196 kB
Zswap:                 0 kB
Zswapped:              0 kB
Dirty:               468 kB
Writeback:             0 kB
AnonPages:       2588296 kB
Mapped:           267104 kB
Shmem:             54448 kB
KReclaimable:      57088 kB
Slab:             284308 kB
SReclaimable:      57088 kB
SUnreclaim:       227220 kB
KernelStack:       18272 kB
PageTables:        47888 kB
SecPageTables:         0 kB
NFS_Unstable:          0 kB
Bounce:                0 kB
WritebackTmp:          0 kB
CommitLimit:     8258920 kB
Committed_AS:   11409556 kB
VmallocTotal:   34359738367 kB
VmallocUsed:       46520 kB
VmallocChunk:          0 kB
Percpu:            13280 kB
HardwareCorrupted:     0 kB
AnonHugePages:   1099776 kB
ShmemHugePages:        0 kB
ShmemPmdMapped:        0 kB
FileHugePages:         0 kB
FilePmdMapped:         0 kB
CmaTotal:              0 kB
CmaFree:               0 kB
Unaccepted:            0 kB
Balloon:               0 kB
HugePages_Total:       0
HugePages_Free:        0
HugePages_Rsvd:        0
HugePages_Surp:        0
Hugepagesize:       2048 kB
Hugetlb:               0 kB
DirectMap4k:      194432 kB
DirectMap2M:     6096896 kB
DirectMap1G:     4194304 kB
---SNAPSHOT---
2026-04-27 15:00:23
MemTotal:        8129240 kB
MemFree:         3469028 kB
MemAvailable:    3202912 kB
Buffers:            4884 kB
Cached:           315300 kB
SwapCached:       119588 kB
Active:          3476840 kB
Inactive:         590608 kB
Active(anon):    3366932 kB
Inactive(anon):   434752 kB
Active(file):     109908 kB
Inactive(file):   155856 kB
Unevictable:          16 kB
Mlocked:              16 kB
SwapTotal:       4194300 kB
SwapFree:        3937196 kB
Zswap:                 0 kB
Zswapped:              0 kB
Dirty:               468 kB
Writeback:             0 kB
AnonPages:       3630816 kB
Mapped:           267100 kB
Shmem:             54448 kB
KReclaimable:      57088 kB
Slab:             284308 kB
SReclaimable:      57088 kB
SUnreclaim:       227220 kB
KernelStack:       18292 kB
PageTables:        50100 kB
SecPageTables:         0 kB
NFS_Unstable:          0 kB
Bounce:                0 kB
WritebackTmp:          0 kB
CommitLimit:     8258920 kB
Committed_AS:   11409060 kB
VmallocTotal:   34359738367 kB
VmallocUsed:       46536 kB
VmallocChunk:          0 kB
Percpu:            13280 kB
HardwareCorrupted:     0 kB
AnonHugePages:   2142208 kB
ShmemHugePages:        0 kB
ShmemPmdMapped:        0 kB
FileHugePages:         0 kB
FilePmdMapped:         0 kB
CmaTotal:              0 kB
CmaFree:               0 kB
Unaccepted:            0 kB
Balloon:               0 kB
HugePages_Total:       0
HugePages_Free:        0
HugePages_Rsvd:        0
HugePages_Surp:        0
Hugepagesize:       2048 kB
Hugetlb:               0 kB
DirectMap4k:      194432 kB
DirectMap2M:     6096896 kB
DirectMap1G:     4194304 kB
---SNAPSHOT---
2026-04-27 15:00:24
MemTotal:        8129240 kB
MemFree:         4435432 kB
MemAvailable:    4169320 kB
Buffers:            4884 kB
Cached:           315312 kB
SwapCached:       119588 kB
Active:          2447784 kB
Inactive:         590616 kB
Active(anon):    2337876 kB
Inactive(anon):   434752 kB
Active(file):     109908 kB
Inactive(file):   155864 kB
Unevictable:          16 kB
Mlocked:              16 kB
SwapTotal:       4194300 kB
SwapFree:        3937196 kB
Zswap:                 0 kB
Zswapped:              0 kB
Dirty:               480 kB
Writeback:             0 kB
AnonPages:       2601992 kB
Mapped:           267104 kB
Shmem:             54448 kB
KReclaimable:      57088 kB
Slab:             284308 kB
SReclaimable:      57088 kB
SUnreclaim:       227220 kB
KernelStack:       18348 kB
PageTables:        48312 kB
SecPageTables:         0 kB
NFS_Unstable:          0 kB
Bounce:                0 kB
WritebackTmp:          0 kB
CommitLimit:     8258920 kB
Committed_AS:   11409176 kB
VmallocTotal:   34359738367 kB
VmallocUsed:       46536 kB
VmallocChunk:          0 kB
Percpu:            13280 kB
HardwareCorrupted:     0 kB
AnonHugePages:   1040384 kB
ShmemHugePages:        0 kB
ShmemPmdMapped:        0 kB
FileHugePages:         0 kB
FilePmdMapped:         0 kB
CmaTotal:              0 kB
CmaFree:               0 kB
Unaccepted:            0 kB
Balloon:               0 kB
HugePages_Total:       0
HugePages_Free:        0
HugePages_Rsvd:        0
HugePages_Surp:        0
Hugepagesize:       2048 kB
Hugetlb:               0 kB
DirectMap4k:      194432 kB
DirectMap2M:     6096896 kB
DirectMap1G:     4194304 kB
---SNAPSHOT---
2026-04-27 15:00:25
MemTotal:        8129240 kB
MemFree:         3720244 kB
MemAvailable:    3454136 kB
Buffers:            4892 kB
Cached:           315312 kB
SwapCached:       119588 kB
Active:          3208924 kB
Inactive:         590624 kB
Active(anon):    3099016 kB
Inactive(anon):   434752 kB
Active(file):     109908 kB
Inactive(file):   155872 kB
Unevictable:          16 kB
Mlocked:              16 kB
SwapTotal:       4194300 kB
SwapFree:        3937196 kB
Zswap:                 0 kB
Zswapped:              0 kB
Dirty:               484 kB
Writeback:             0 kB
AnonPages:       3362644 kB
Mapped:           267104 kB
Shmem:             54448 kB
KReclaimable:      57088 kB
Slab:             284308 kB
SReclaimable:      57088 kB
SUnreclaim:       227220 kB
KernelStack:       18304 kB
PageTables:        49492 kB
SecPageTables:         0 kB
NFS_Unstable:          0 kB
Bounce:                0 kB
WritebackTmp:          0 kB
CommitLimit:     8258920 kB
Committed_AS:   11409440 kB
VmallocTotal:   34359738367 kB
VmallocUsed:       46536 kB
VmallocChunk:          0 kB
Percpu:            13280 kB
HardwareCorrupted:     0 kB
AnonHugePages:   1572864 kB
ShmemHugePages:        0 kB
ShmemPmdMapped:        0 kB
FileHugePages:         0 kB
FilePmdMapped:         0 kB
CmaTotal:              0 kB
CmaFree:               0 kB
Unaccepted:            0 kB
Balloon:               0 kB
HugePages_Total:       0
HugePages_Free:        0
HugePages_Rsvd:        0
HugePages_Surp:        0
Hugepagesize:       2048 kB
Hugetlb:               0 kB
DirectMap4k:      194432 kB
DirectMap2M:     6096896 kB
DirectMap1G:     4194304 kB
---SNAPSHOT---
2026-04-27 15:00:26
MemTotal:        8129240 kB
MemFree:         4139604 kB
MemAvailable:    3873500 kB
Buffers:            4892 kB
Cached:           315324 kB
SwapCached:       119588 kB
Active:          2721988 kB
Inactive:         590636 kB
Active(anon):    2612080 kB
Inactive(anon):   434752 kB
Active(file):     109908 kB
Inactive(file):   155884 kB
Unevictable:          16 kB
Mlocked:              16 kB
SwapTotal:       4194300 kB
SwapFree:        3937196 kB
Zswap:                 0 kB
Zswapped:              0 kB
Dirty:               492 kB
Writeback:             0 kB
AnonPages:       2875996 kB
Mapped:           267104 kB
Shmem:             54448 kB
KReclaimable:      57088 kB
Slab:             284308 kB
SReclaimable:      57088 kB
SUnreclaim:       227220 kB
KernelStack:       18288 kB
PageTables:        48820 kB
SecPageTables:         0 kB
NFS_Unstable:          0 kB
Bounce:                0 kB
WritebackTmp:          0 kB
CommitLimit:     8258920 kB
Committed_AS:   11409440 kB
VmallocTotal:   34359738367 kB
VmallocUsed:       46552 kB
VmallocChunk:          0 kB
Percpu:            13280 kB
HardwareCorrupted:     0 kB
AnonHugePages:    856064 kB
ShmemHugePages:        0 kB
ShmemPmdMapped:        0 kB
FileHugePages:         0 kB
FilePmdMapped:         0 kB
CmaTotal:              0 kB
CmaFree:               0 kB
Unaccepted:            0 kB
Balloon:               0 kB
HugePages_Total:       0
HugePages_Free:        0
HugePages_Rsvd:        0
HugePages_Surp:        0
Hugepagesize:       2048 kB
Hugetlb:               0 kB
DirectMap4k:      194432 kB
DirectMap2M:     6096896 kB
DirectMap1G:     4194304 kB
---SNAPSHOT---
2026-04-27 15:00:27
MemTotal:        8129240 kB
MemFree:         4432656 kB
MemAvailable:    4166556 kB
Buffers:            4892 kB
Cached:           315328 kB
SwapCached:       119588 kB
Active:          2473228 kB
Inactive:         590644 kB
Active(anon):    2363320 kB
Inactive(anon):   434752 kB
Active(file):     109908 kB
Inactive(file):   155892 kB
Unevictable:          16 kB
Mlocked:              16 kB
SwapTotal:       4194300 kB
SwapFree:        3937196 kB
Zswap:                 0 kB
Zswapped:              0 kB
Dirty:               496 kB
Writeback:             0 kB
AnonPages:       2627104 kB
Mapped:           267104 kB
Shmem:             54448 kB
KReclaimable:      57088 kB
Slab:             284308 kB
SReclaimable:      57088 kB
SUnreclaim:       227220 kB
KernelStack:       18228 kB
PageTables:        48356 kB
SecPageTables:         0 kB
NFS_Unstable:          0 kB
Bounce:                0 kB
WritebackTmp:          0 kB
CommitLimit:     8258920 kB
Committed_AS:   11409548 kB
VmallocTotal:   34359738367 kB
VmallocUsed:       46536 kB
VmallocChunk:          0 kB
Percpu:            13280 kB
HardwareCorrupted:     0 kB
AnonHugePages:   1138688 kB
ShmemHugePages:        0 kB
ShmemPmdMapped:        0 kB
FileHugePages:         0 kB
FilePmdMapped:         0 kB
CmaTotal:              0 kB
CmaFree:               0 kB
Unaccepted:            0 kB
Balloon:               0 kB
HugePages_Total:       0
HugePages_Free:        0
HugePages_Rsvd:        0
HugePages_Surp:        0
Hugepagesize:       2048 kB
Hugetlb:               0 kB
DirectMap4k:      194432 kB
DirectMap2M:     6096896 kB
DirectMap1G:     4194304 kB
---SNAPSHOT---
2026-04-27 15:00:28
MemTotal:        8129240 kB
MemFree:         3372916 kB
MemAvailable:    3106820 kB
Buffers:            4892 kB
Cached:           315336 kB
SwapCached:       119588 kB
Active:          3538052 kB
Inactive:         590648 kB
Active(anon):    3428144 kB
Inactive(anon):   434752 kB
Active(file):     109908 kB
Inactive(file):   155896 kB
Unevictable:          16 kB
Mlocked:              16 kB
SwapTotal:       4194300 kB
SwapFree:        3937196 kB
Zswap:                 0 kB
Zswapped:              0 kB
Dirty:               504 kB
Writeback:             0 kB
AnonPages:       3692064 kB
Mapped:           267104 kB
Shmem:             54448 kB
KReclaimable:      57088 kB
Slab:             284308 kB
SReclaimable:      57088 kB
SUnreclaim:       227220 kB
KernelStack:       18288 kB
PageTables:        50304 kB
SecPageTables:         0 kB
NFS_Unstable:          0 kB
Bounce:                0 kB
WritebackTmp:          0 kB
CommitLimit:     8258920 kB
Committed_AS:   11408992 kB
VmallocTotal:   34359738367 kB
VmallocUsed:       46552 kB
VmallocChunk:          0 kB
Percpu:            13280 kB
HardwareCorrupted:     0 kB
AnonHugePages:   2203648 kB
ShmemHugePages:        0 kB
ShmemPmdMapped:        0 kB
FileHugePages:         0 kB
FilePmdMapped:         0 kB
CmaTotal:              0 kB
CmaFree:               0 kB
Unaccepted:            0 kB
Balloon:               0 kB
HugePages_Total:       0
HugePages_Free:        0
HugePages_Rsvd:        0
HugePages_Surp:        0
Hugepagesize:       2048 kB
Hugetlb:               0 kB
DirectMap4k:      194432 kB
DirectMap2M:     6096896 kB
DirectMap1G:     4194304 kB
---SNAPSHOT---
2026-04-27 15:00:29
MemTotal:        8129240 kB
MemFree:         4789644 kB
MemAvailable:    4523552 kB
Buffers:            4892 kB
Cached:           315340 kB
SwapCached:       119588 kB
Active:          2043496 kB
Inactive:         590656 kB
Active(anon):    1933588 kB
Inactive(anon):   434752 kB
Active(file):     109908 kB
Inactive(file):   155904 kB
Unevictable:          16 kB
Mlocked:              16 kB
SwapTotal:       4194300 kB
SwapFree:        3937196 kB
Zswap:                 0 kB
Zswapped:              0 kB
Dirty:               508 kB
Writeback:             0 kB
AnonPages:       2197028 kB
Mapped:           267104 kB
Shmem:             54448 kB
KReclaimable:      57088 kB
Slab:             284308 kB
SReclaimable:      57088 kB
SUnreclaim:       227220 kB
KernelStack:       18348 kB
PageTables:        48316 kB
SecPageTables:         0 kB
NFS_Unstable:          0 kB
Bounce:                0 kB
WritebackTmp:          0 kB
CommitLimit:     8258920 kB
Committed_AS:   11409548 kB
VmallocTotal:   34359738367 kB
VmallocUsed:       46552 kB
VmallocChunk:          0 kB
Percpu:            13280 kB
HardwareCorrupted:     0 kB
AnonHugePages:    708608 kB
ShmemHugePages:        0 kB
ShmemPmdMapped:        0 kB
FileHugePages:         0 kB
FilePmdMapped:         0 kB
CmaTotal:              0 kB
CmaFree:               0 kB
Unaccepted:            0 kB
Balloon:               0 kB
HugePages_Total:       0
HugePages_Free:        0
HugePages_Rsvd:        0
HugePages_Surp:        0
Hugepagesize:       2048 kB
Hugetlb:               0 kB
DirectMap4k:      194432 kB
DirectMap2M:     6096896 kB
DirectMap1G:     4194304 kB
---SNAPSHOT---
2026-04-27 15:00:30
MemTotal:        8129240 kB
MemFree:         3807872 kB
MemAvailable:    3541780 kB
Buffers:            4900 kB
Cached:           315340 kB
SwapCached:       119588 kB
Active:          3116412 kB
Inactive:         590660 kB
Active(anon):    3006504 kB
Inactive(anon):   434752 kB
Active(file):     109908 kB
Inactive(file):   155908 kB
Unevictable:          16 kB
Mlocked:              16 kB
SwapTotal:       4194300 kB
SwapFree:        3937196 kB
Zswap:                 0 kB
Zswapped:              0 kB
Dirty:               512 kB
Writeback:             0 kB
AnonPages:       3270408 kB
Mapped:           267104 kB
Shmem:             54448 kB
KReclaimable:      57088 kB
Slab:             284308 kB
SReclaimable:      57088 kB
SUnreclaim:       227220 kB
KernelStack:       18288 kB
PageTables:        49784 kB
SecPageTables:         0 kB
NFS_Unstable:          0 kB
Bounce:                0 kB
WritebackTmp:          0 kB
CommitLimit:     8258920 kB
Committed_AS:   11409308 kB
VmallocTotal:   34359738367 kB
VmallocUsed:       46552 kB
VmallocChunk:          0 kB
Percpu:            13280 kB
HardwareCorrupted:     0 kB
AnonHugePages:   1781760 kB
ShmemHugePages:        0 kB
ShmemPmdMapped:        0 kB
FileHugePages:         0 kB
FilePmdMapped:         0 kB
CmaTotal:              0 kB
CmaFree:               0 kB
Unaccepted:            0 kB
Balloon:               0 kB
HugePages_Total:       0
HugePages_Free:        0
HugePages_Rsvd:        0
HugePages_Surp:        0
Hugepagesize:       2048 kB
Hugetlb:               0 kB
DirectMap4k:      194432 kB
DirectMap2M:     6096896 kB
DirectMap1G:     4194304 kB
---SNAPSHOT---
2026-04-27 15:00:31
MemTotal:        8129240 kB
MemFree:         3940616 kB
MemAvailable:    3674532 kB
Buffers:            4900 kB
Cached:           315352 kB
SwapCached:       119588 kB
Active:          2912600 kB
Inactive:         590676 kB
Active(anon):    2802692 kB
Inactive(anon):   434752 kB
Active(file):     109908 kB
Inactive(file):   155924 kB
Unevictable:          16 kB
Mlocked:              16 kB
SwapTotal:       4194300 kB
SwapFree:        3937196 kB
Zswap:                 0 kB
Zswapped:              0 kB
Dirty:               520 kB
Writeback:             0 kB
AnonPages:       3066544 kB
Mapped:           267104 kB
Shmem:             54448 kB
KReclaimable:      57088 kB
Slab:             284308 kB
SReclaimable:      57088 kB
SUnreclaim:       227220 kB
KernelStack:       18288 kB
PageTables:        51148 kB
SecPageTables:         0 kB
NFS_Unstable:          0 kB
Bounce:                0 kB
WritebackTmp:          0 kB
CommitLimit:     8258920 kB
Committed_AS:   11408928 kB
VmallocTotal:   34359738367 kB
VmallocUsed:       46520 kB
VmallocChunk:          0 kB
Percpu:            13280 kB
HardwareCorrupted:     0 kB
AnonHugePages:   1579008 kB
ShmemHugePages:        0 kB
ShmemPmdMapped:        0 kB
FileHugePages:         0 kB
FilePmdMapped:         0 kB
CmaTotal:              0 kB
CmaFree:               0 kB
Unaccepted:            0 kB
Balloon:               0 kB
HugePages_Total:       0
HugePages_Free:        0
HugePages_Rsvd:        0
HugePages_Surp:        0
Hugepagesize:       2048 kB
Hugetlb:               0 kB
DirectMap4k:      194432 kB
DirectMap2M:     6096896 kB
DirectMap1G:     4194304 kB
---SNAPSHOT---
2026-04-27 15:00:32
MemTotal:        8129240 kB
MemFree:         4243244 kB
MemAvailable:    3977164 kB
Buffers:            4900 kB
Cached:           315356 kB
SwapCached:       119588 kB
Active:          2695520 kB
Inactive:         590680 kB
Active(anon):    2585612 kB
Inactive(anon):   434752 kB
Active(file):     109908 kB
Inactive(file):   155928 kB
Unevictable:          16 kB
Mlocked:              16 kB
SwapTotal:       4194300 kB
SwapFree:        3937196 kB
Zswap:                 0 kB
Zswapped:              0 kB
Dirty:               524 kB
Writeback:             0 kB
AnonPages:       2849456 kB
Mapped:           267104 kB
Shmem:             54448 kB
KReclaimable:      57088 kB
Slab:             284308 kB
SReclaimable:      57088 kB
SUnreclaim:       227220 kB
KernelStack:       18288 kB
PageTables:        50496 kB
SecPageTables:         0 kB
NFS_Unstable:          0 kB
Bounce:                0 kB
WritebackTmp:          0 kB
CommitLimit:     8258920 kB
Committed_AS:   11409416 kB
VmallocTotal:   34359738367 kB
VmallocUsed:       46504 kB
VmallocChunk:          0 kB
Percpu:            13280 kB
HardwareCorrupted:     0 kB
AnonHugePages:   1361920 kB
ShmemHugePages:        0 kB
ShmemPmdMapped:        0 kB
FileHugePages:         0 kB
FilePmdMapped:         0 kB
CmaTotal:              0 kB
CmaFree:               0 kB
Unaccepted:            0 kB
Balloon:               0 kB
HugePages_Total:       0
HugePages_Free:        0
HugePages_Rsvd:        0
HugePages_Surp:        0
Hugepagesize:       2048 kB
Hugetlb:               0 kB
DirectMap4k:      194432 kB
DirectMap2M:     6096896 kB
DirectMap1G:     4194304 kB
---SNAPSHOT---
2026-04-27 15:00:33
MemTotal:        8129240 kB
MemFree:         3176884 kB
MemAvailable:    2910808 kB
Buffers:            4900 kB
Cached:           315368 kB
SwapCached:       119588 kB
Active:          3764752 kB
Inactive:         590692 kB
Active(anon):    3654844 kB
Inactive(anon):   434752 kB
Active(file):     109908 kB
Inactive(file):   155940 kB
Unevictable:          16 kB
Mlocked:              16 kB
SwapTotal:       4194300 kB
SwapFree:        3937196 kB
Zswap:                 0 kB
Zswapped:              0 kB
Dirty:               536 kB
Writeback:             0 kB
AnonPages:       3918516 kB
Mapped:           267104 kB
Shmem:             54448 kB
KReclaimable:      57088 kB
Slab:             284308 kB
SReclaimable:      57088 kB
SUnreclaim:       227220 kB
KernelStack:       18348 kB
PageTables:        50884 kB
SecPageTables:         0 kB
NFS_Unstable:          0 kB
Bounce:                0 kB
WritebackTmp:          0 kB
CommitLimit:     8258920 kB
Committed_AS:   11408924 kB
VmallocTotal:   34359738367 kB
VmallocUsed:       46536 kB
VmallocChunk:          0 kB
Percpu:            13280 kB
HardwareCorrupted:     0 kB
AnonHugePages:   2430976 kB
ShmemHugePages:        0 kB
ShmemPmdMapped:        0 kB
FileHugePages:         0 kB
FilePmdMapped:         0 kB
CmaTotal:              0 kB
CmaFree:               0 kB
Unaccepted:            0 kB
Balloon:               0 kB
HugePages_Total:       0
HugePages_Free:        0
HugePages_Rsvd:        0
HugePages_Surp:        0
Hugepagesize:       2048 kB
Hugetlb:               0 kB
DirectMap4k:      194432 kB
DirectMap2M:     6096896 kB
DirectMap1G:     4194304 kB
---SNAPSHOT---
2026-04-27 15:00:34
MemTotal:        8129240 kB
MemFree:         4601144 kB
MemAvailable:    4335068 kB
Buffers:            4900 kB
Cached:           315372 kB
SwapCached:       119588 kB
Active:          2269288 kB
Inactive:         590692 kB
Active(anon):    2159380 kB
Inactive(anon):   434752 kB
Active(file):     109908 kB
Inactive(file):   155940 kB
Unevictable:          16 kB
Mlocked:              16 kB
SwapTotal:       4194300 kB
SwapFree:        3937196 kB
Zswap:                 0 kB
Zswapped:              0 kB
Dirty:               540 kB
Writeback:             0 kB
AnonPages:       2423308 kB
Mapped:           267104 kB
Shmem:             54448 kB
KReclaimable:      57088 kB
Slab:             284308 kB
SReclaimable:      57088 kB
SUnreclaim:       227220 kB
KernelStack:       18348 kB
PageTables:        47804 kB
SecPageTables:         0 kB
NFS_Unstable:          0 kB
Bounce:                0 kB
WritebackTmp:          0 kB
CommitLimit:     8258920 kB
Committed_AS:   11409300 kB
VmallocTotal:   34359738367 kB
VmallocUsed:       46536 kB
VmallocChunk:          0 kB
Percpu:            13280 kB
HardwareCorrupted:     0 kB
AnonHugePages:    935936 kB
ShmemHugePages:        0 kB
ShmemPmdMapped:        0 kB
FileHugePages:         0 kB
FilePmdMapped:         0 kB
CmaTotal:              0 kB
CmaFree:               0 kB
Unaccepted:            0 kB
Balloon:               0 kB
HugePages_Total:       0
HugePages_Free:        0
HugePages_Rsvd:        0
HugePages_Surp:        0
Hugepagesize:       2048 kB
Hugetlb:               0 kB
DirectMap4k:      194432 kB
DirectMap2M:     6096896 kB
DirectMap1G:     4194304 kB
---SNAPSHOT---
2026-04-27 15:00:35
MemTotal:        8129240 kB
MemFree:         3612388 kB
MemAvailable:    3346316 kB
Buffers:            4908 kB
Cached:           315368 kB
SwapCached:       119588 kB
Active:          3331456 kB
Inactive:         590696 kB
Active(anon):    3221548 kB
Inactive(anon):   434752 kB
Active(file):     109908 kB
Inactive(file):   155944 kB
Unevictable:          16 kB
Mlocked:              16 kB
SwapTotal:       4194300 kB
SwapFree:        3937196 kB
Zswap:                 0 kB
Zswapped:              0 kB
Dirty:               544 kB
Writeback:             0 kB
AnonPages:       3485188 kB
Mapped:           267104 kB
Shmem:             54448 kB
KReclaimable:      57088 kB
Slab:             284308 kB
SReclaimable:      57088 kB
SUnreclaim:       227220 kB
KernelStack:       18332 kB
PageTables:        50196 kB
SecPageTables:         0 kB
NFS_Unstable:          0 kB
Bounce:                0 kB
WritebackTmp:          0 kB
CommitLimit:     8258920 kB
Committed_AS:   11409168 kB
VmallocTotal:   34359738367 kB
VmallocUsed:       46536 kB
VmallocChunk:          0 kB
Percpu:            13280 kB
HardwareCorrupted:     0 kB
AnonHugePages:   1998848 kB
ShmemHugePages:        0 kB
ShmemPmdMapped:        0 kB
FileHugePages:         0 kB
FilePmdMapped:         0 kB
CmaTotal:              0 kB
CmaFree:               0 kB
Unaccepted:            0 kB
Balloon:               0 kB
HugePages_Total:       0
HugePages_Free:        0
HugePages_Rsvd:        0
HugePages_Surp:        0
Hugepagesize:       2048 kB
Hugetlb:               0 kB
DirectMap4k:      194432 kB
DirectMap2M:     6096896 kB
DirectMap1G:     4194304 kB
---SNAPSHOT---
2026-04-27 15:00:36
MemTotal:        8129240 kB
MemFree:         4351300 kB
MemAvailable:    4085236 kB
Buffers:            4908 kB
Cached:           315384 kB
SwapCached:       119588 kB
Active:          2472248 kB
Inactive:         590716 kB
Active(anon):    2362340 kB
Inactive(anon):   434752 kB
Active(file):     109908 kB
Inactive(file):   155964 kB
Unevictable:          16 kB
Mlocked:              16 kB
SwapTotal:       4194300 kB
SwapFree:        3937196 kB
Zswap:                 0 kB
Zswapped:              0 kB
Dirty:               552 kB
Writeback:             0 kB
AnonPages:       2626076 kB
Mapped:           267184 kB
Shmem:             54448 kB
KReclaimable:      57088 kB
Slab:             284308 kB
SReclaimable:      57088 kB
SUnreclaim:       227220 kB
KernelStack:       18304 kB
PageTables:        49660 kB
SecPageTables:         0 kB
NFS_Unstable:          0 kB
Bounce:                0 kB
WritebackTmp:          0 kB
CommitLimit:     8258920 kB
Committed_AS:   11409224 kB
VmallocTotal:   34359738367 kB
VmallocUsed:       46536 kB
VmallocChunk:          0 kB
Percpu:            13280 kB
HardwareCorrupted:     0 kB
AnonHugePages:   1138688 kB
ShmemHugePages:        0 kB
ShmemPmdMapped:        0 kB
FileHugePages:         0 kB
FilePmdMapped:         0 kB
CmaTotal:              0 kB
CmaFree:               0 kB
Unaccepted:            0 kB
Balloon:               0 kB
HugePages_Total:       0
HugePages_Free:        0
HugePages_Rsvd:        0
HugePages_Surp:        0
Hugepagesize:       2048 kB
Hugetlb:               0 kB
DirectMap4k:      194432 kB
DirectMap2M:     6096896 kB
DirectMap1G:     4194304 kB
---SNAPSHOT---
2026-04-27 15:00:37
MemTotal:        8129240 kB
MemFree:         4042580 kB
MemAvailable:    3776520 kB
Buffers:            4908 kB
Cached:           315388 kB
SwapCached:       119588 kB
Active:          2904440 kB
Inactive:         590720 kB
Active(anon):    2794532 kB
Inactive(anon):   434752 kB
Active(file):     109908 kB
Inactive(file):   155968 kB
Unevictable:          16 kB
Mlocked:              16 kB
SwapTotal:       4194300 kB
SwapFree:        3937196 kB
Zswap:                 0 kB
Zswapped:              0 kB
Dirty:               556 kB
Writeback:             0 kB
AnonPages:       3058432 kB
Mapped:           267104 kB
Shmem:             54448 kB
KReclaimable:      57088 kB
Slab:             284308 kB
SReclaimable:      57088 kB
SUnreclaim:       227220 kB
KernelStack:       18304 kB
PageTables:        49584 kB
SecPageTables:         0 kB
NFS_Unstable:          0 kB
Bounce:                0 kB
WritebackTmp:          0 kB
CommitLimit:     8258920 kB
Committed_AS:   11409548 kB
VmallocTotal:   34359738367 kB
VmallocUsed:       46520 kB
VmallocChunk:          0 kB
Percpu:            13280 kB
HardwareCorrupted:     0 kB
AnonHugePages:   1570816 kB
ShmemHugePages:        0 kB
ShmemPmdMapped:        0 kB
FileHugePages:         0 kB
FilePmdMapped:         0 kB
CmaTotal:              0 kB
CmaFree:               0 kB
Unaccepted:            0 kB
Balloon:               0 kB
HugePages_Total:       0
HugePages_Free:        0
HugePages_Rsvd:        0
HugePages_Surp:        0
Hugepagesize:       2048 kB
Hugetlb:               0 kB
DirectMap4k:      194432 kB
DirectMap2M:     6096896 kB
DirectMap1G:     4194304 kB
---SNAPSHOT---
2026-04-27 15:00:38
MemTotal:        8129240 kB
MemFree:         4159804 kB
MemAvailable:    3893744 kB
Buffers:            4908 kB
Cached:           315396 kB
SwapCached:       119588 kB
Active:          2691272 kB
Inactive:         590724 kB
Active(anon):    2581364 kB
Inactive(anon):   434752 kB
Active(file):     109908 kB
Inactive(file):   155972 kB
Unevictable:          16 kB
Mlocked:              16 kB
SwapTotal:       4194300 kB
SwapFree:        3937196 kB
Zswap:                 0 kB
Zswapped:              0 kB
Dirty:               564 kB
Writeback:             0 kB
AnonPages:       2845300 kB
Mapped:           267332 kB
Shmem:             54448 kB
KReclaimable:      57088 kB
Slab:             284308 kB
SReclaimable:      57088 kB
SUnreclaim:       227220 kB
KernelStack:       18288 kB
PageTables:        48700 kB
SecPageTables:         0 kB
NFS_Unstable:          0 kB
Bounce:                0 kB
WritebackTmp:          0 kB
CommitLimit:     8258920 kB
Committed_AS:   11409440 kB
VmallocTotal:   34359738367 kB
VmallocUsed:       46552 kB
VmallocChunk:          0 kB
Percpu:            13280 kB
HardwareCorrupted:     0 kB
AnonHugePages:   1357824 kB
ShmemHugePages:        0 kB
ShmemPmdMapped:        0 kB
FileHugePages:         0 kB
FilePmdMapped:         0 kB
CmaTotal:              0 kB
CmaFree:               0 kB
Unaccepted:            0 kB
Balloon:               0 kB
HugePages_Total:       0
HugePages_Free:        0
HugePages_Rsvd:        0
HugePages_Surp:        0
Hugepagesize:       2048 kB
Hugetlb:               0 kB
DirectMap4k:      194432 kB
DirectMap2M:     6096896 kB
DirectMap1G:     4194304 kB
---SNAPSHOT---
2026-04-27 15:00:39
MemTotal:        8129240 kB
MemFree:         4510920 kB
MemAvailable:    4244864 kB
Buffers:            4908 kB
Cached:           315400 kB
SwapCached:       119588 kB
Active:          2396736 kB
Inactive:         590732 kB
Active(anon):    2286828 kB
Inactive(anon):   434752 kB
Active(file):     109908 kB
Inactive(file):   155980 kB
Unevictable:          16 kB
Mlocked:              16 kB
SwapTotal:       4194300 kB
SwapFree:        3937196 kB
Zswap:                 0 kB
Zswapped:              0 kB
Dirty:               568 kB
Writeback:             0 kB
AnonPages:       2550492 kB
Mapped:           267332 kB
Shmem:             54448 kB
KReclaimable:      57088 kB
Slab:             284308 kB
SReclaimable:      57088 kB
SUnreclaim:       227220 kB
KernelStack:       18364 kB
PageTables:        48236 kB
SecPageTables:         0 kB
NFS_Unstable:          0 kB
Bounce:                0 kB
WritebackTmp:          0 kB
CommitLimit:     8258920 kB
Committed_AS:   11409308 kB
VmallocTotal:   34359738367 kB
VmallocUsed:       46520 kB
VmallocChunk:          0 kB
Percpu:            13280 kB
HardwareCorrupted:     0 kB
AnonHugePages:   1062912 kB
ShmemHugePages:        0 kB
ShmemPmdMapped:        0 kB
FileHugePages:         0 kB
FilePmdMapped:         0 kB
CmaTotal:              0 kB
CmaFree:               0 kB
Unaccepted:            0 kB
Balloon:               0 kB
HugePages_Total:       0
HugePages_Free:        0
HugePages_Rsvd:        0
HugePages_Surp:        0
Hugepagesize:       2048 kB
Hugetlb:               0 kB
DirectMap4k:      194432 kB
DirectMap2M:     6096896 kB
DirectMap1G:     4194304 kB
---SNAPSHOT---
2026-04-27 15:00:40
MemTotal:        8129240 kB
MemFree:         3481800 kB
MemAvailable:    3215744 kB
Buffers:            4916 kB
Cached:           315396 kB
SwapCached:       119588 kB
Active:          3428596 kB
Inactive:         590732 kB
Active(anon):    3318688 kB
Inactive(anon):   434752 kB
Active(file):     109908 kB
Inactive(file):   155980 kB
Unevictable:          16 kB
Mlocked:              16 kB
SwapTotal:       4194300 kB
SwapFree:        3937196 kB
Zswap:                 0 kB
Zswapped:              0 kB
Dirty:               572 kB
Writeback:             0 kB
AnonPages:       3582736 kB
Mapped:           267104 kB
Shmem:             54448 kB
KReclaimable:      57088 kB
Slab:             284308 kB
SReclaimable:      57088 kB
SUnreclaim:       227220 kB
KernelStack:       18228 kB
PageTables:        50176 kB
SecPageTables:         0 kB
NFS_Unstable:          0 kB
Bounce:                0 kB
WritebackTmp:          0 kB
CommitLimit:     8258920 kB
Committed_AS:   11409108 kB
VmallocTotal:   34359738367 kB
VmallocUsed:       46520 kB
VmallocChunk:          0 kB
Percpu:            13280 kB
HardwareCorrupted:     0 kB
AnonHugePages:   2095104 kB
ShmemHugePages:        0 kB
ShmemPmdMapped:        0 kB
FileHugePages:         0 kB
FilePmdMapped:         0 kB
CmaTotal:              0 kB
CmaFree:               0 kB
Unaccepted:            0 kB
Balloon:               0 kB
HugePages_Total:       0
HugePages_Free:        0
HugePages_Rsvd:        0
HugePages_Surp:        0
Hugepagesize:       2048 kB
Hugetlb:               0 kB
DirectMap4k:      194432 kB
DirectMap2M:     6096896 kB
DirectMap1G:     4194304 kB
---SNAPSHOT---
2026-04-27 15:00:41
MemTotal:        8129240 kB
MemFree:         4263260 kB
MemAvailable:    3997216 kB
Buffers:            4916 kB
Cached:           315412 kB
SwapCached:       119588 kB
Active:          2529216 kB
Inactive:         590752 kB
Active(anon):    2419308 kB
Inactive(anon):   434752 kB
Active(file):     109908 kB
Inactive(file):   156000 kB
Unevictable:          16 kB
Mlocked:              16 kB
SwapTotal:       4194300 kB
SwapFree:        3937196 kB
Zswap:                 0 kB
Zswapped:              0 kB
Dirty:               188 kB
Writeback:             0 kB
AnonPages:       2682856 kB
Mapped:           267104 kB
Shmem:             54448 kB
KReclaimable:      57088 kB
Slab:             284308 kB
SReclaimable:      57088 kB
SUnreclaim:       227220 kB
KernelStack:       18288 kB
PageTables:        48408 kB
SecPageTables:         0 kB
NFS_Unstable:          0 kB
Bounce:                0 kB
WritebackTmp:          0 kB
CommitLimit:     8258920 kB
Committed_AS:   11409408 kB
VmallocTotal:   34359738367 kB
VmallocUsed:       46520 kB
VmallocChunk:          0 kB
Percpu:            13280 kB
HardwareCorrupted:     0 kB
AnonHugePages:   1054720 kB
ShmemHugePages:        0 kB
ShmemPmdMapped:        0 kB
FileHugePages:         0 kB
FilePmdMapped:         0 kB
CmaTotal:              0 kB
CmaFree:               0 kB
Unaccepted:            0 kB
Balloon:               0 kB
HugePages_Total:       0
HugePages_Free:        0
HugePages_Rsvd:        0
HugePages_Surp:        0
Hugepagesize:       2048 kB
Hugetlb:               0 kB
DirectMap4k:      194432 kB
DirectMap2M:     6096896 kB
DirectMap1G:     4194304 kB
---SNAPSHOT---
2026-04-27 15:00:42
MemTotal:        8129240 kB
MemFree:         3937500 kB
MemAvailable:    3671456 kB
Buffers:            4916 kB
Cached:           315416 kB
SwapCached:       119588 kB
Active:          2929356 kB
Inactive:         590756 kB
Active(anon):    2819448 kB
Inactive(anon):   434752 kB
Active(file):     109908 kB
Inactive(file):   156004 kB
Unevictable:          16 kB
Mlocked:              16 kB
SwapTotal:       4194300 kB
SwapFree:        3937196 kB
Zswap:                 0 kB
Zswapped:              0 kB
Dirty:               192 kB
Writeback:             0 kB
AnonPages:       3082940 kB
Mapped:           267104 kB
Shmem:             54448 kB
KReclaimable:      57088 kB
Slab:             284308 kB
SReclaimable:      57088 kB
SUnreclaim:       227220 kB
KernelStack:       18272 kB
PageTables:        48928 kB
SecPageTables:         0 kB
NFS_Unstable:          0 kB
Bounce:                0 kB
WritebackTmp:          0 kB
CommitLimit:     8258920 kB
Committed_AS:   11409440 kB
VmallocTotal:   34359738367 kB
VmallocUsed:       46520 kB
VmallocChunk:          0 kB
Percpu:            13280 kB
HardwareCorrupted:     0 kB
AnonHugePages:   1222656 kB
ShmemHugePages:        0 kB
ShmemPmdMapped:        0 kB
FileHugePages:         0 kB
FilePmdMapped:         0 kB
CmaTotal:              0 kB
CmaFree:               0 kB
Unaccepted:            0 kB
Balloon:               0 kB
HugePages_Total:       0
HugePages_Free:        0
HugePages_Rsvd:        0
HugePages_Surp:        0
Hugepagesize:       2048 kB
Hugetlb:               0 kB
DirectMap4k:      194432 kB
DirectMap2M:     6096896 kB
DirectMap1G:     4194304 kB
---SNAPSHOT---
2026-04-27 15:00:43
MemTotal:        8129240 kB
MemFree:         3517208 kB
MemAvailable:    3251168 kB
Buffers:            4916 kB
Cached:           315424 kB
SwapCached:       119588 kB
Active:          3322040 kB
Inactive:         590760 kB
Active(anon):    3212132 kB
Inactive(anon):   434752 kB
Active(file):     109908 kB
Inactive(file):   156008 kB
Unevictable:          16 kB
Mlocked:              16 kB
SwapTotal:       4194300 kB
SwapFree:        3937196 kB
Zswap:                 0 kB
Zswapped:              0 kB
Dirty:               200 kB
Writeback:             0 kB
AnonPages:       3475916 kB
Mapped:           267180 kB
Shmem:             54448 kB
KReclaimable:      57088 kB
Slab:             284308 kB
SReclaimable:      57088 kB
SUnreclaim:       227220 kB
KernelStack:       18272 kB
PageTables:        50228 kB
SecPageTables:         0 kB
NFS_Unstable:          0 kB
Bounce:                0 kB
WritebackTmp:          0 kB
CommitLimit:     8258920 kB
Committed_AS:   11409440 kB
VmallocTotal:   34359738367 kB
VmallocUsed:       46520 kB
VmallocChunk:          0 kB
Percpu:            13280 kB
HardwareCorrupted:     0 kB
AnonHugePages:   1382400 kB
ShmemHugePages:        0 kB
ShmemPmdMapped:        0 kB
FileHugePages:         0 kB
FilePmdMapped:         0 kB
CmaTotal:              0 kB
CmaFree:               0 kB
Unaccepted:            0 kB
Balloon:               0 kB
HugePages_Total:       0
HugePages_Free:        0
HugePages_Rsvd:        0
HugePages_Surp:        0
Hugepagesize:       2048 kB
Hugetlb:               0 kB
DirectMap4k:      194432 kB
DirectMap2M:     6096896 kB
DirectMap1G:     4194304 kB
---SNAPSHOT---
2026-04-27 15:00:44
MemTotal:        8129240 kB
MemFree:         4004780 kB
MemAvailable:    3738744 kB
Buffers:            4916 kB
Cached:           315428 kB
SwapCached:       119588 kB
Active:          2874160 kB
Inactive:         590768 kB
Active(anon):    2764252 kB
Inactive(anon):   434752 kB
Active(file):     109908 kB
Inactive(file):   156016 kB
Unevictable:          16 kB
Mlocked:              16 kB
SwapTotal:       4194300 kB
SwapFree:        3937196 kB
Zswap:                 0 kB
Zswapped:              0 kB
Dirty:               204 kB
Writeback:             0 kB
AnonPages:       3028052 kB
Mapped:           267104 kB
Shmem:             54448 kB
KReclaimable:      57088 kB
Slab:             284308 kB
SReclaimable:      57088 kB
SUnreclaim:       227220 kB
KernelStack:       18348 kB
PageTables:        49300 kB
SecPageTables:         0 kB
NFS_Unstable:          0 kB
Bounce:                0 kB
WritebackTmp:          0 kB
CommitLimit:     8258920 kB
Committed_AS:   11409440 kB
VmallocTotal:   34359738367 kB
VmallocUsed:       46536 kB
VmallocChunk:          0 kB
Percpu:            13280 kB
HardwareCorrupted:     0 kB
AnonHugePages:   1540096 kB
ShmemHugePages:        0 kB
ShmemPmdMapped:        0 kB
FileHugePages:         0 kB
FilePmdMapped:         0 kB
CmaTotal:              0 kB
CmaFree:               0 kB
Unaccepted:            0 kB
Balloon:               0 kB
HugePages_Total:       0
HugePages_Free:        0
HugePages_Rsvd:        0
HugePages_Surp:        0
Hugepagesize:       2048 kB
Hugetlb:               0 kB
DirectMap4k:      194432 kB
DirectMap2M:     6096896 kB
DirectMap1G:     4194304 kB
---SNAPSHOT---
2026-04-27 15:00:45
MemTotal:        8129240 kB
MemFree:         3199432 kB
MemAvailable:    2933396 kB
Buffers:            4924 kB
Cached:           315432 kB
SwapCached:       119588 kB
Active:          3680992 kB
Inactive:         590772 kB
Active(anon):    3571084 kB
Inactive(anon):   434752 kB
Active(file):     109908 kB
Inactive(file):   156020 kB
Unevictable:          16 kB
Mlocked:              16 kB
SwapTotal:       4194300 kB
SwapFree:        3937196 kB
Zswap:                 0 kB
Zswapped:              0 kB
Dirty:               212 kB
Writeback:             0 kB
AnonPages:       3834800 kB
Mapped:           267332 kB
Shmem:             54448 kB
KReclaimable:      57088 kB
Slab:             284308 kB
SReclaimable:      57088 kB
SUnreclaim:       227220 kB
KernelStack:       18348 kB
PageTables:        50332 kB
SecPageTables:         0 kB
NFS_Unstable:          0 kB
Bounce:                0 kB
WritebackTmp:          0 kB
CommitLimit:     8258920 kB
Committed_AS:   11409440 kB
VmallocTotal:   34359738367 kB
VmallocUsed:       46504 kB
VmallocChunk:          0 kB
Percpu:            13280 kB
HardwareCorrupted:     0 kB
AnonHugePages:   2347008 kB
ShmemHugePages:        0 kB
ShmemPmdMapped:        0 kB
FileHugePages:         0 kB
FilePmdMapped:         0 kB
CmaTotal:              0 kB
CmaFree:               0 kB
Unaccepted:            0 kB
Balloon:               0 kB
HugePages_Total:       0
HugePages_Free:        0
HugePages_Rsvd:        0
HugePages_Surp:        0
Hugepagesize:       2048 kB
Hugetlb:               0 kB
DirectMap4k:      194432 kB
DirectMap2M:     6096896 kB
DirectMap1G:     4194304 kB
---SNAPSHOT---
2026-04-27 15:00:46
MemTotal:        8129240 kB
MemFree:         4691996 kB
MemAvailable:    4425976 kB
Buffers:            4928 kB
Cached:           315452 kB
SwapCached:       119588 kB
Active:          2013876 kB
Inactive:         590804 kB
Active(anon):    1903968 kB
Inactive(anon):   434752 kB
Active(file):     109908 kB
Inactive(file):   156052 kB
Unevictable:          16 kB
Mlocked:              16 kB
SwapTotal:       4194300 kB
SwapFree:        3937196 kB
Zswap:                 0 kB
Zswapped:              0 kB
Dirty:                32 kB
Writeback:             0 kB
AnonPages:       2167868 kB
Mapped:           267104 kB
Shmem:             54448 kB
KReclaimable:      57088 kB
Slab:             284308 kB
SReclaimable:      57088 kB
SUnreclaim:       227220 kB
KernelStack:       18288 kB
PageTables:        47256 kB
SecPageTables:         0 kB
NFS_Unstable:          0 kB
Bounce:                0 kB
WritebackTmp:          0 kB
CommitLimit:     8258920 kB
Committed_AS:   11409440 kB
VmallocTotal:   34359738367 kB
VmallocUsed:       46504 kB
VmallocChunk:          0 kB
Percpu:            13280 kB
HardwareCorrupted:     0 kB
AnonHugePages:    555008 kB
ShmemHugePages:        0 kB
ShmemPmdMapped:        0 kB
FileHugePages:         0 kB
FilePmdMapped:         0 kB
CmaTotal:              0 kB
CmaFree:               0 kB
Unaccepted:            0 kB
Balloon:               0 kB
HugePages_Total:       0
HugePages_Free:        0
HugePages_Rsvd:        0
HugePages_Surp:        0
Hugepagesize:       2048 kB
Hugetlb:               0 kB
DirectMap4k:      194432 kB
DirectMap2M:     6096896 kB
DirectMap1G:     4194304 kB
---SNAPSHOT---
2026-04-27 15:00:47
MemTotal:        8129240 kB
MemFree:         3779044 kB
MemAvailable:    3513028 kB
Buffers:            4928 kB
Cached:           315456 kB
SwapCached:       119588 kB
Active:          3051000 kB
Inactive:         590808 kB
Active(anon):    2941092 kB
Inactive(anon):   434752 kB
Active(file):     109908 kB
Inactive(file):   156056 kB
Unevictable:          16 kB
Mlocked:              16 kB
SwapTotal:       4194300 kB
SwapFree:        3937196 kB
Zswap:                 0 kB
Zswapped:              0 kB
Dirty:                48 kB
Writeback:             0 kB
AnonPages:       3205088 kB
Mapped:           267104 kB
Shmem:             54448 kB
KReclaimable:      57088 kB
Slab:             284308 kB
SReclaimable:      57088 kB
SUnreclaim:       227220 kB
KernelStack:       18288 kB
PageTables:        49220 kB
SecPageTables:         0 kB
NFS_Unstable:          0 kB
Bounce:                0 kB
WritebackTmp:          0 kB
CommitLimit:     8258920 kB
Committed_AS:   11409176 kB
VmallocTotal:   34359738367 kB
VmallocUsed:       46472 kB
VmallocChunk:          0 kB
Percpu:            13280 kB
HardwareCorrupted:     0 kB
AnonHugePages:   1355776 kB
ShmemHugePages:        0 kB
ShmemPmdMapped:        0 kB
FileHugePages:         0 kB
FilePmdMapped:         0 kB
CmaTotal:              0 kB
CmaFree:               0 kB
Unaccepted:            0 kB
Balloon:               0 kB
HugePages_Total:       0
HugePages_Free:        0
HugePages_Rsvd:        0
HugePages_Surp:        0
Hugepagesize:       2048 kB
Hugetlb:               0 kB
DirectMap4k:      194432 kB
DirectMap2M:     6096896 kB
DirectMap1G:     4194304 kB
---SNAPSHOT---
2026-04-27 15:00:48
MemTotal:        8129240 kB
MemFree:         3329216 kB
MemAvailable:    3063204 kB
Buffers:            4928 kB
Cached:           315464 kB
SwapCached:       119588 kB
Active:          3444196 kB
Inactive:         590816 kB
Active(anon):    3334288 kB
Inactive(anon):   434752 kB
Active(file):     109908 kB
Inactive(file):   156064 kB
Unevictable:          16 kB
Mlocked:              16 kB
SwapTotal:       4194300 kB
SwapFree:        3937196 kB
Zswap:                 0 kB
Zswapped:              0 kB
Dirty:                56 kB
Writeback:             0 kB
AnonPages:       3598448 kB
Mapped:           267332 kB
Shmem:             54448 kB
KReclaimable:      57088 kB
Slab:             284308 kB
SReclaimable:      57088 kB
SUnreclaim:       227220 kB
KernelStack:       18348 kB
PageTables:        49976 kB
SecPageTables:         0 kB
NFS_Unstable:          0 kB
Bounce:                0 kB
WritebackTmp:          0 kB
CommitLimit:     8258920 kB
Committed_AS:   11409308 kB
VmallocTotal:   34359738367 kB
VmallocUsed:       46520 kB
VmallocChunk:          0 kB
Percpu:            13280 kB
HardwareCorrupted:     0 kB
AnonHugePages:   1511424 kB
ShmemHugePages:        0 kB
ShmemPmdMapped:        0 kB
FileHugePages:         0 kB
FilePmdMapped:         0 kB
CmaTotal:              0 kB
CmaFree:               0 kB
Unaccepted:            0 kB
Balloon:               0 kB
HugePages_Total:       0
HugePages_Free:        0
HugePages_Rsvd:        0
HugePages_Surp:        0
Hugepagesize:       2048 kB
Hugetlb:               0 kB
DirectMap4k:      194432 kB
DirectMap2M:     6096896 kB
DirectMap1G:     4194304 kB
---SNAPSHOT---
2026-04-27 15:00:49
MemTotal:        8129240 kB
MemFree:         4277480 kB
MemAvailable:    4011468 kB
Buffers:            4928 kB
Cached:           315468 kB
SwapCached:       119588 kB
Active:          2563076 kB
Inactive:         590820 kB
Active(anon):    2453168 kB
Inactive(anon):   434752 kB
Active(file):     109908 kB
Inactive(file):   156068 kB
Unevictable:          16 kB
Mlocked:              16 kB
SwapTotal:       4194300 kB
SwapFree:        3937196 kB
Zswap:                 0 kB
Zswapped:              0 kB
Dirty:                60 kB
Writeback:             0 kB
AnonPages:       2717100 kB
Mapped:           267104 kB
Shmem:             54448 kB
KReclaimable:      57088 kB
Slab:             284308 kB
SReclaimable:      57088 kB
SUnreclaim:       227220 kB
KernelStack:       18288 kB
PageTables:        49012 kB
SecPageTables:         0 kB
NFS_Unstable:          0 kB
Bounce:                0 kB
WritebackTmp:          0 kB
CommitLimit:     8258920 kB
Committed_AS:   11409176 kB
VmallocTotal:   34359738367 kB
VmallocUsed:       46488 kB
VmallocChunk:          0 kB
Percpu:            13280 kB
HardwareCorrupted:     0 kB
AnonHugePages:   1230848 kB
ShmemHugePages:        0 kB
ShmemPmdMapped:        0 kB
FileHugePages:         0 kB
FilePmdMapped:         0 kB
CmaTotal:              0 kB
CmaFree:               0 kB
Unaccepted:            0 kB
Balloon:               0 kB
HugePages_Total:       0
HugePages_Free:        0
HugePages_Rsvd:        0
HugePages_Surp:        0
Hugepagesize:       2048 kB
Hugetlb:               0 kB
DirectMap4k:      194432 kB
DirectMap2M:     6096896 kB
DirectMap1G:     4194304 kB
---SNAPSHOT---
2026-04-27 15:00:50
MemTotal:        8129240 kB
MemFree:         3215356 kB
MemAvailable:    2949348 kB
Buffers:            4936 kB
Cached:           315464 kB
SwapCached:       119588 kB
Active:          3624124 kB
Inactive:         590824 kB
Active(anon):    3514216 kB
Inactive(anon):   434752 kB
Active(file):     109908 kB
Inactive(file):   156072 kB
Unevictable:          16 kB
Mlocked:              16 kB
SwapTotal:       4194300 kB
SwapFree:        3937196 kB
Zswap:                 0 kB
Zswapped:              0 kB
Dirty:                64 kB
Writeback:             0 kB
AnonPages:       3778008 kB
Mapped:           267104 kB
Shmem:             54448 kB
KReclaimable:      57088 kB
Slab:             284308 kB
SReclaimable:      57088 kB
SUnreclaim:       227220 kB
KernelStack:       18288 kB
PageTables:        50464 kB
SecPageTables:         0 kB
NFS_Unstable:          0 kB
Bounce:                0 kB
WritebackTmp:          0 kB
CommitLimit:     8258920 kB
Committed_AS:   11409312 kB
VmallocTotal:   34359738367 kB
VmallocUsed:       46488 kB
VmallocChunk:          0 kB
Percpu:            13280 kB
HardwareCorrupted:     0 kB
AnonHugePages:   2291712 kB
ShmemHugePages:        0 kB
ShmemPmdMapped:        0 kB
FileHugePages:         0 kB
FilePmdMapped:         0 kB
CmaTotal:              0 kB
CmaFree:               0 kB
Unaccepted:            0 kB
Balloon:               0 kB
HugePages_Total:       0
HugePages_Free:        0
HugePages_Rsvd:        0
HugePages_Surp:        0
Hugepagesize:       2048 kB
Hugetlb:               0 kB
DirectMap4k:      194432 kB
DirectMap2M:     6096896 kB
DirectMap1G:     4194304 kB
---SNAPSHOT---
2026-04-27 15:00:51
MemTotal:        8129240 kB
MemFree:         4588660 kB
MemAvailable:    4322660 kB
Buffers:            4936 kB
Cached:           315480 kB
SwapCached:       119588 kB
Active:          2115584 kB
Inactive:         590840 kB
Active(anon):    2005676 kB
Inactive(anon):   434752 kB
Active(file):     109908 kB
Inactive(file):   156088 kB
Unevictable:          16 kB
Mlocked:              16 kB
SwapTotal:       4194300 kB
SwapFree:        3937196 kB
Zswap:                 0 kB
Zswapped:              0 kB
Dirty:                84 kB
Writeback:             0 kB
AnonPages:       2269360 kB
Mapped:           267104 kB
Shmem:             54448 kB
KReclaimable:      57088 kB
Slab:             284308 kB
SReclaimable:      57088 kB
SUnreclaim:       227220 kB
KernelStack:       18316 kB
PageTables:        47332 kB
SecPageTables:         0 kB
NFS_Unstable:          0 kB
Bounce:                0 kB
WritebackTmp:          0 kB
CommitLimit:     8258920 kB
Committed_AS:   11409264 kB
VmallocTotal:   34359738367 kB
VmallocUsed:       46552 kB
VmallocChunk:          0 kB
Percpu:            13280 kB
HardwareCorrupted:     0 kB
AnonHugePages:    696320 kB
ShmemHugePages:        0 kB
ShmemPmdMapped:        0 kB
FileHugePages:         0 kB
FilePmdMapped:         0 kB
CmaTotal:              0 kB
CmaFree:               0 kB
Unaccepted:            0 kB
Balloon:               0 kB
HugePages_Total:       0
HugePages_Free:        0
HugePages_Rsvd:        0
HugePages_Surp:        0
Hugepagesize:       2048 kB
Hugetlb:               0 kB
DirectMap4k:      194432 kB
DirectMap2M:     6096896 kB
DirectMap1G:     4194304 kB
---SNAPSHOT---
2026-04-27 15:00:52
MemTotal:        8129240 kB
MemFree:         3675752 kB
MemAvailable:    3409752 kB
Buffers:            4936 kB
Cached:           315484 kB
SwapCached:       119588 kB
Active:          3144380 kB
Inactive:         590844 kB
Active(anon):    3034472 kB
Inactive(anon):   434752 kB
Active(file):     109908 kB
Inactive(file):   156092 kB
Unevictable:          16 kB
Mlocked:              16 kB
SwapTotal:       4194300 kB
SwapFree:        3937196 kB
Zswap:                 0 kB
Zswapped:              0 kB
Dirty:                88 kB
Writeback:             0 kB
AnonPages:       3298112 kB
Mapped:           267104 kB
Shmem:             54448 kB
KReclaimable:      57088 kB
Slab:             284308 kB
SReclaimable:      57088 kB
SUnreclaim:       227220 kB
KernelStack:       18256 kB
PageTables:        49144 kB
SecPageTables:         0 kB
NFS_Unstable:          0 kB
Bounce:                0 kB
WritebackTmp:          0 kB
CommitLimit:     8258920 kB
Committed_AS:   11409424 kB
VmallocTotal:   34359738367 kB
VmallocUsed:       46536 kB
VmallocChunk:          0 kB
Percpu:            13280 kB
HardwareCorrupted:     0 kB
AnonHugePages:   1492992 kB
ShmemHugePages:        0 kB
ShmemPmdMapped:        0 kB
FileHugePages:         0 kB
FilePmdMapped:         0 kB
CmaTotal:              0 kB
CmaFree:               0 kB
Unaccepted:            0 kB
Balloon:               0 kB
HugePages_Total:       0
HugePages_Free:        0
HugePages_Rsvd:        0
HugePages_Surp:        0
Hugepagesize:       2048 kB
Hugetlb:               0 kB
DirectMap4k:      194432 kB
DirectMap2M:     6096896 kB
DirectMap1G:     4194304 kB
---SNAPSHOT---
2026-04-27 15:00:53
MemTotal:        8129240 kB
MemFree:         3852700 kB
MemAvailable:    3586704 kB
Buffers:            4936 kB
Cached:           315496 kB
SwapCached:       119588 kB
Active:          2893220 kB
Inactive:         590848 kB
Active(anon):    2783312 kB
Inactive(anon):   434752 kB
Active(file):     109908 kB
Inactive(file):   156096 kB
Unevictable:          16 kB
Mlocked:              16 kB
SwapTotal:       4194300 kB
SwapFree:        3937196 kB
Zswap:                 0 kB
Zswapped:              0 kB
Dirty:               100 kB
Writeback:             0 kB
AnonPages:       3047044 kB
Mapped:           267104 kB
Shmem:             54448 kB
KReclaimable:      57088 kB
Slab:             284308 kB
SReclaimable:      57088 kB
SUnreclaim:       227220 kB
KernelStack:       18332 kB
PageTables:        48824 kB
SecPageTables:         0 kB
NFS_Unstable:          0 kB
Bounce:                0 kB
WritebackTmp:          0 kB
CommitLimit:     8258920 kB
Committed_AS:   11409552 kB
VmallocTotal:   34359738367 kB
VmallocUsed:       46552 kB
VmallocChunk:          0 kB
Percpu:            13280 kB
HardwareCorrupted:     0 kB
AnonHugePages:   1009664 kB
ShmemHugePages:        0 kB
ShmemPmdMapped:        0 kB
FileHugePages:         0 kB
FilePmdMapped:         0 kB
CmaTotal:              0 kB
CmaFree:               0 kB
Unaccepted:            0 kB
Balloon:               0 kB
HugePages_Total:       0
HugePages_Free:        0
HugePages_Rsvd:        0
HugePages_Surp:        0
Hugepagesize:       2048 kB
Hugetlb:               0 kB
DirectMap4k:      194432 kB
DirectMap2M:     6096896 kB
DirectMap1G:     4194304 kB
---SNAPSHOT---
2026-04-27 15:00:54
MemTotal:        8129240 kB
MemFree:         4181232 kB
MemAvailable:    3915240 kB
Buffers:            4936 kB
Cached:           315500 kB
SwapCached:       119588 kB
Active:          2640744 kB
Inactive:         590856 kB
Active(anon):    2530836 kB
Inactive(anon):   434752 kB
Active(file):     109908 kB
Inactive(file):   156104 kB
Unevictable:          16 kB
Mlocked:              16 kB
SwapTotal:       4194300 kB
SwapFree:        3937196 kB
Zswap:                 0 kB
Zswapped:              0 kB
Dirty:               104 kB
Writeback:             0 kB
AnonPages:       2794748 kB
Mapped:           267104 kB
Shmem:             54448 kB
KReclaimable:      57088 kB
Slab:             284308 kB
SReclaimable:      57088 kB
SUnreclaim:       227220 kB
KernelStack:       18288 kB
PageTables:        48092 kB
SecPageTables:         0 kB
NFS_Unstable:          0 kB
Bounce:                0 kB
WritebackTmp:          0 kB
CommitLimit:     8258920 kB
Committed_AS:   11408916 kB
VmallocTotal:   34359738367 kB
VmallocUsed:       46536 kB
VmallocChunk:          0 kB
Percpu:            13280 kB
HardwareCorrupted:     0 kB
AnonHugePages:   1308672 kB
ShmemHugePages:        0 kB
ShmemPmdMapped:        0 kB
FileHugePages:         0 kB
FilePmdMapped:         0 kB
CmaTotal:              0 kB
CmaFree:               0 kB
Unaccepted:            0 kB
Balloon:               0 kB
HugePages_Total:       0
HugePages_Free:        0
HugePages_Rsvd:        0
HugePages_Surp:        0
Hugepagesize:       2048 kB
Hugetlb:               0 kB
DirectMap4k:      194432 kB
DirectMap2M:     6096896 kB
DirectMap1G:     4194304 kB
---SNAPSHOT---
2026-04-27 15:00:55
MemTotal:        8129240 kB
MemFree:         3718412 kB
MemAvailable:    3452420 kB
Buffers:            4944 kB
Cached:           315508 kB
SwapCached:       119588 kB
Active:          3067008 kB
Inactive:         590860 kB
Active(anon):    2957100 kB
Inactive(anon):   434752 kB
Active(file):     109908 kB
Inactive(file):   156108 kB
Unevictable:          16 kB
Mlocked:              16 kB
SwapTotal:       4194300 kB
SwapFree:        3937196 kB
Zswap:                 0 kB
Zswapped:              0 kB
Dirty:               112 kB
Writeback:             0 kB
AnonPages:       3221124 kB
Mapped:           267104 kB
Shmem:             54448 kB
KReclaimable:      57088 kB
Slab:             284308 kB
SReclaimable:      57088 kB
SUnreclaim:       227220 kB
KernelStack:       18288 kB
PageTables:        49340 kB
SecPageTables:         0 kB
NFS_Unstable:          0 kB
Bounce:                0 kB
WritebackTmp:          0 kB
CommitLimit:     8258920 kB
Committed_AS:   11409440 kB
VmallocTotal:   34359738367 kB
VmallocUsed:       46520 kB
VmallocChunk:          0 kB
Percpu:            13280 kB
HardwareCorrupted:     0 kB
AnonHugePages:   1734656 kB
ShmemHugePages:        0 kB
ShmemPmdMapped:        0 kB
FileHugePages:         0 kB
FilePmdMapped:         0 kB
CmaTotal:              0 kB
CmaFree:               0 kB
Unaccepted:            0 kB
Balloon:               0 kB
HugePages_Total:       0
HugePages_Free:        0
HugePages_Rsvd:        0
HugePages_Surp:        0
Hugepagesize:       2048 kB
Hugetlb:               0 kB
DirectMap4k:      194432 kB
DirectMap2M:     6096896 kB
DirectMap1G:     4194304 kB
---SNAPSHOT---
2026-04-27 15:00:56
MemTotal:        8129240 kB
MemFree:         4603636 kB
MemAvailable:    4337728 kB
Buffers:            5088 kB
Cached:           315516 kB
SwapCached:       119588 kB
Active:          2173908 kB
Inactive:         591028 kB
Active(anon):    2064000 kB
Inactive(anon):   434752 kB
Active(file):     109908 kB
Inactive(file):   156276 kB
Unevictable:          16 kB
Mlocked:              16 kB
SwapTotal:       4194300 kB
SwapFree:        3937196 kB
Zswap:                 0 kB
Zswapped:              0 kB
Dirty:               120 kB
Writeback:             0 kB
AnonPages:       2327912 kB
Mapped:           267104 kB
Shmem:             54448 kB
KReclaimable:      57088 kB
Slab:             284308 kB
SReclaimable:      57088 kB
SUnreclaim:       227220 kB
KernelStack:       18272 kB
PageTables:        47708 kB
SecPageTables:         0 kB
NFS_Unstable:          0 kB
Bounce:                0 kB
WritebackTmp:          0 kB
CommitLimit:     8258920 kB
Committed_AS:   11409528 kB
VmallocTotal:   34359738367 kB
VmallocUsed:       46504 kB
VmallocChunk:          0 kB
Percpu:            13280 kB
HardwareCorrupted:     0 kB
AnonHugePages:    841728 kB
ShmemHugePages:        0 kB
ShmemPmdMapped:        0 kB
FileHugePages:         0 kB
FilePmdMapped:         0 kB
CmaTotal:              0 kB
CmaFree:               0 kB
Unaccepted:            0 kB
Balloon:               0 kB
HugePages_Total:       0
HugePages_Free:        0
HugePages_Rsvd:        0
HugePages_Surp:        0
Hugepagesize:       2048 kB
Hugetlb:               0 kB
DirectMap4k:      194432 kB
DirectMap2M:     6096896 kB
DirectMap1G:     4194304 kB
---SNAPSHOT---
2026-04-27 15:00:57
MemTotal:        8129240 kB
MemFree:         3584636 kB
MemAvailable:    3330116 kB
Buffers:            6680 kB
Cached:           336828 kB
SwapCached:       119588 kB
Active:          3246904 kB
Inactive:         592632 kB
Active(anon):    3115824 kB
Inactive(anon):   434752 kB
Active(file):     131080 kB
Inactive(file):   157880 kB
Unevictable:          16 kB
Mlocked:              16 kB
SwapTotal:       4194300 kB
SwapFree:        3937196 kB
Zswap:                 0 kB
Zswapped:              0 kB
Dirty:               484 kB
Writeback:             0 kB
AnonPages:       3379696 kB
Mapped:           278428 kB
Shmem:             54456 kB
KReclaimable:      57088 kB
Slab:             284308 kB
SReclaimable:      57088 kB
SUnreclaim:       227220 kB
KernelStack:       18480 kB
PageTables:        49776 kB
SecPageTables:         0 kB
NFS_Unstable:          0 kB
Bounce:                0 kB
WritebackTmp:          0 kB
CommitLimit:     8258920 kB
Committed_AS:   11596536 kB
VmallocTotal:   34359738367 kB
VmallocUsed:       46616 kB
VmallocChunk:          0 kB
Percpu:            13280 kB
HardwareCorrupted:     0 kB
AnonHugePages:   1888256 kB
ShmemHugePages:        0 kB
ShmemPmdMapped:        0 kB
FileHugePages:         0 kB
FilePmdMapped:         0 kB
CmaTotal:              0 kB
CmaFree:               0 kB
Unaccepted:            0 kB
Balloon:               0 kB
HugePages_Total:       0
HugePages_Free:        0
HugePages_Rsvd:        0
HugePages_Surp:        0
Hugepagesize:       2048 kB
Hugetlb:               0 kB
DirectMap4k:      194432 kB
DirectMap2M:     6096896 kB
DirectMap1G:     4194304 kB
---SNAPSHOT---
2026-04-27 15:00:58
MemTotal:        8129240 kB
MemFree:         3801336 kB
MemAvailable:    3567788 kB
Buffers:            7100 kB
Cached:           378324 kB
SwapCached:       119588 kB
Active:          2959884 kB
Inactive:         614200 kB
Active(anon):    2808428 kB
Inactive(anon):   434752 kB
Active(file):     151456 kB
Inactive(file):   179448 kB
Unevictable:          16 kB
Mlocked:              16 kB
SwapTotal:       4194300 kB
SwapFree:        3937196 kB
Zswap:                 0 kB
Zswapped:              0 kB
Dirty:               492 kB
Writeback:             0 kB
AnonPages:       3072196 kB
Mapped:           272272 kB
Shmem:             54456 kB
KReclaimable:      57088 kB
Slab:             284308 kB
SReclaimable:      57088 kB
SUnreclaim:       227220 kB
KernelStack:       18320 kB
PageTables:        48748 kB
SecPageTables:         0 kB
NFS_Unstable:          0 kB
Bounce:                0 kB
WritebackTmp:          0 kB
CommitLimit:     8258920 kB
Committed_AS:   11474284 kB
VmallocTotal:   34359738367 kB
VmallocUsed:       46568 kB
VmallocChunk:          0 kB
Percpu:            13280 kB
HardwareCorrupted:     0 kB
AnonHugePages:   1581056 kB
ShmemHugePages:        0 kB
ShmemPmdMapped:        0 kB
FileHugePages:         0 kB
FilePmdMapped:         0 kB
CmaTotal:              0 kB
CmaFree:               0 kB
Unaccepted:            0 kB
Balloon:               0 kB
HugePages_Total:       0
HugePages_Free:        0
HugePages_Rsvd:        0
HugePages_Surp:        0
Hugepagesize:       2048 kB
Hugetlb:               0 kB
DirectMap4k:      194432 kB
DirectMap2M:     6096896 kB
DirectMap1G:     4194304 kB
---SNAPSHOT---
2026-04-27 15:00:59
MemTotal:        8129240 kB
MemFree:         3629936 kB
MemAvailable:    3410788 kB
Buffers:            7716 kB
Cached:           406464 kB
SwapCached:       119588 kB
Active:          3172576 kB
Inactive:         630444 kB
Active(anon):    3008580 kB
Inactive(anon):   434752 kB
Active(file):     163996 kB
Inactive(file):   195692 kB
Unevictable:          16 kB
Mlocked:              16 kB
SwapTotal:       4194300 kB
SwapFree:        3937196 kB
Zswap:                 0 kB
Zswapped:              0 kB
Dirty:               496 kB
Writeback:             0 kB
AnonPages:       3272340 kB
Mapped:           269396 kB
Shmem:             54456 kB
KReclaimable:      57104 kB
Slab:             284732 kB
SReclaimable:      57104 kB
SUnreclaim:       227628 kB
KernelStack:       18352 kB
PageTables:        49244 kB
SecPageTables:         0 kB
NFS_Unstable:          0 kB
Bounce:                0 kB
WritebackTmp:          0 kB
CommitLimit:     8258920 kB
Committed_AS:   11411044 kB
VmallocTotal:   34359738367 kB
VmallocUsed:       46604 kB
VmallocChunk:          0 kB
Percpu:            13280 kB
HardwareCorrupted:     0 kB
AnonHugePages:   1783808 kB
ShmemHugePages:        0 kB
ShmemPmdMapped:        0 kB
FileHugePages:         0 kB
FilePmdMapped:         0 kB
CmaTotal:              0 kB
CmaFree:               0 kB
Unaccepted:            0 kB
Balloon:               0 kB
HugePages_Total:       0
HugePages_Free:        0
HugePages_Rsvd:        0
HugePages_Surp:        0
Hugepagesize:       2048 kB
Hugetlb:               0 kB
DirectMap4k:      194432 kB
DirectMap2M:     6096896 kB
DirectMap1G:     4194304 kB
---SNAPSHOT---
2026-04-27 15:01:00
MemTotal:        8129240 kB
MemFree:         3454012 kB
MemAvailable:    3245420 kB
Buffers:            7892 kB
Cached:           427336 kB
SwapCached:       119588 kB
Active:          3320840 kB
Inactive:         640372 kB
Active(anon):    3145664 kB
Inactive(anon):   434752 kB
Active(file):     175176 kB
Inactive(file):   205620 kB
Unevictable:          16 kB
Mlocked:              16 kB
SwapTotal:       4194300 kB
SwapFree:        3937196 kB
Zswap:                 0 kB
Zswapped:              0 kB
Dirty:               812 kB
Writeback:             0 kB
AnonPages:       3409456 kB
Mapped:           279996 kB
Shmem:             54452 kB
KReclaimable:      57104 kB
Slab:             284780 kB
SReclaimable:      57104 kB
SUnreclaim:       227676 kB
KernelStack:       18364 kB
PageTables:        49732 kB
SecPageTables:         0 kB
NFS_Unstable:          0 kB
Bounce:                0 kB
WritebackTmp:          0 kB
CommitLimit:     8258920 kB
Committed_AS:   11498916 kB
VmallocTotal:   34359738367 kB
VmallocUsed:       46568 kB
VmallocChunk:          0 kB
Percpu:            13280 kB
HardwareCorrupted:     0 kB
AnonHugePages:   1918976 kB
ShmemHugePages:        0 kB
ShmemPmdMapped:        0 kB
FileHugePages:         0 kB
FilePmdMapped:         0 kB
CmaTotal:              0 kB
CmaFree:               0 kB
Unaccepted:            0 kB
Balloon:               0 kB
HugePages_Total:       0
HugePages_Free:        0
HugePages_Rsvd:        0
HugePages_Surp:        0
Hugepagesize:       2048 kB
Hugetlb:               0 kB
DirectMap4k:      194432 kB
DirectMap2M:     6096896 kB
DirectMap1G:     4194304 kB
---SNAPSHOT---
2026-04-27 15:01:01
MemTotal:        8129240 kB
MemFree:         4474652 kB
MemAvailable:    4281116 kB
Buffers:            9156 kB
Cached:           456184 kB
SwapCached:       119588 kB
Active:          2273688 kB
Inactive:         653880 kB
Active(anon):    2082000 kB
Inactive(anon):   434752 kB
Active(file):     191688 kB
Inactive(file):   219128 kB
Unevictable:          16 kB
Mlocked:              16 kB
SwapTotal:       4194300 kB
SwapFree:        3937196 kB
Zswap:                 0 kB
Zswapped:              0 kB
Dirty:               948 kB
Writeback:             0 kB
AnonPages:       2345752 kB
Mapped:           281936 kB
Shmem:             54452 kB
KReclaimable:      57200 kB
Slab:             284892 kB
SReclaimable:      57200 kB
SUnreclaim:       227692 kB
KernelStack:       18396 kB
PageTables:        47620 kB
SecPageTables:         0 kB
NFS_Unstable:          0 kB
Bounce:                0 kB
WritebackTmp:          0 kB
CommitLimit:     8258920 kB
Committed_AS:   11499784 kB
VmallocTotal:   34359738367 kB
VmallocUsed:       46632 kB
VmallocChunk:          0 kB
Percpu:            13280 kB
HardwareCorrupted:     0 kB
AnonHugePages:    851968 kB
ShmemHugePages:        0 kB
ShmemPmdMapped:        0 kB
FileHugePages:         0 kB
FilePmdMapped:         0 kB
CmaTotal:              0 kB
CmaFree:               0 kB
Unaccepted:            0 kB
Balloon:               0 kB
HugePages_Total:       0
HugePages_Free:        0
HugePages_Rsvd:        0
HugePages_Surp:        0
Hugepagesize:       2048 kB
Hugetlb:               0 kB
DirectMap4k:      194432 kB
DirectMap2M:     6096896 kB
DirectMap1G:     4194304 kB
---SNAPSHOT---
2026-04-27 15:01:02
MemTotal:        8129240 kB
MemFree:         3469480 kB
MemAvailable:    3286616 kB
Buffers:            9452 kB
Cached:           477172 kB
SwapCached:       119588 kB
Active:          3312940 kB
Inactive:         662596 kB
Active(anon):    3108624 kB
Inactive(anon):   434752 kB
Active(file):     204316 kB
Inactive(file):   227844 kB
Unevictable:          16 kB
Mlocked:              16 kB
SwapTotal:       4194300 kB
SwapFree:        3937196 kB
Zswap:                 0 kB
Zswapped:              0 kB
Dirty:              1144 kB
Writeback:             0 kB
AnonPages:       3372392 kB
Mapped:           268192 kB
Shmem:             54452 kB
KReclaimable:      57200 kB
Slab:             284476 kB
SReclaimable:      57200 kB
SUnreclaim:       227276 kB
KernelStack:       18288 kB
PageTables:        49080 kB
SecPageTables:         0 kB
NFS_Unstable:          0 kB
Bounce:                0 kB
WritebackTmp:          0 kB
CommitLimit:     8258920 kB
Committed_AS:   11409392 kB
VmallocTotal:   34359738367 kB
VmallocUsed:       46552 kB
VmallocChunk:          0 kB
Percpu:            13280 kB
HardwareCorrupted:     0 kB
AnonHugePages:   1882112 kB
ShmemHugePages:        0 kB
ShmemPmdMapped:        0 kB
FileHugePages:         0 kB
FilePmdMapped:         0 kB
CmaTotal:              0 kB
CmaFree:               0 kB
Unaccepted:            0 kB
Balloon:               0 kB
HugePages_Total:       0
HugePages_Free:        0
HugePages_Rsvd:        0
HugePages_Surp:        0
Hugepagesize:       2048 kB
Hugetlb:               0 kB
DirectMap4k:      194432 kB
DirectMap2M:     6096896 kB
DirectMap1G:     4194304 kB
---SNAPSHOT---
2026-04-27 15:01:03
MemTotal:        8129240 kB
MemFree:         3709068 kB
MemAvailable:    3526228 kB
Buffers:            9452 kB
Cached:           477176 kB
SwapCached:       119588 kB
Active:          3087656 kB
Inactive:         662628 kB
Active(anon):    2883328 kB
Inactive(anon):   434752 kB
Active(file):     204328 kB
Inactive(file):   227876 kB
Unevictable:          16 kB
Mlocked:              16 kB
SwapTotal:       4194300 kB
SwapFree:        3937196 kB
Zswap:                 0 kB
Zswapped:              0 kB
Dirty:              1152 kB
Writeback:             0 kB
AnonPages:       3147328 kB
Mapped:           268192 kB
Shmem:             54448 kB
KReclaimable:      57200 kB
Slab:             284476 kB
SReclaimable:      57200 kB
SUnreclaim:       227276 kB
KernelStack:       18304 kB
PageTables:        48852 kB
SecPageTables:         0 kB
NFS_Unstable:          0 kB
Bounce:                0 kB
WritebackTmp:          0 kB
CommitLimit:     8258920 kB
Committed_AS:   11408972 kB
VmallocTotal:   34359738367 kB
VmallocUsed:       46520 kB
VmallocChunk:          0 kB
Percpu:            13280 kB
HardwareCorrupted:     0 kB
AnonHugePages:   1656832 kB
ShmemHugePages:        0 kB
ShmemPmdMapped:        0 kB
FileHugePages:         0 kB
FilePmdMapped:         0 kB
CmaTotal:              0 kB
CmaFree:               0 kB
Unaccepted:            0 kB
Balloon:               0 kB
HugePages_Total:       0
HugePages_Free:        0
HugePages_Rsvd:        0
HugePages_Surp:        0
Hugepagesize:       2048 kB
Hugetlb:               0 kB
DirectMap4k:      194432 kB
DirectMap2M:     6096896 kB
DirectMap1G:     4194304 kB
---SNAPSHOT---
2026-04-27 15:01:04
MemTotal:        8129240 kB
MemFree:         3983948 kB
MemAvailable:    3801112 kB
Buffers:            9452 kB
Cached:           477180 kB
SwapCached:       119588 kB
Active:          2830000 kB
Inactive:         662636 kB
Active(anon):    2625672 kB
Inactive(anon):   434752 kB
Active(file):     204328 kB
Inactive(file):   227884 kB
Unevictable:          16 kB
Mlocked:              16 kB
SwapTotal:       4194300 kB
SwapFree:        3937196 kB
Zswap:                 0 kB
Zswapped:              0 kB
Dirty:              1156 kB
Writeback:             0 kB
AnonPages:       2889332 kB
Mapped:           268192 kB
Shmem:             54448 kB
KReclaimable:      57200 kB
Slab:             284472 kB
SReclaimable:      57200 kB
SUnreclaim:       227272 kB
KernelStack:       18364 kB
PageTables:        48420 kB
SecPageTables:         0 kB
NFS_Unstable:          0 kB
Bounce:                0 kB
WritebackTmp:          0 kB
CommitLimit:     8258920 kB
Committed_AS:   11408836 kB
VmallocTotal:   34359738367 kB
VmallocUsed:       46520 kB
VmallocChunk:          0 kB
Percpu:            13280 kB
HardwareCorrupted:     0 kB
AnonHugePages:   1398784 kB
ShmemHugePages:        0 kB
ShmemPmdMapped:        0 kB
FileHugePages:         0 kB
FilePmdMapped:         0 kB
CmaTotal:              0 kB
CmaFree:               0 kB
Unaccepted:            0 kB
Balloon:               0 kB
HugePages_Total:       0
HugePages_Free:        0
HugePages_Rsvd:        0
HugePages_Surp:        0
Hugepagesize:       2048 kB
Hugetlb:               0 kB
DirectMap4k:      194432 kB
DirectMap2M:     6096896 kB
DirectMap1G:     4194304 kB
---SNAPSHOT---
2026-04-27 15:01:05
MemTotal:        8129240 kB
MemFree:         4160740 kB
MemAvailable:    3977904 kB
Buffers:            9460 kB
Cached:           477176 kB
SwapCached:       119588 kB
Active:          2589784 kB
Inactive:         662640 kB
Active(anon):    2385456 kB
Inactive(anon):   434752 kB
Active(file):     204328 kB
Inactive(file):   227888 kB
Unevictable:          16 kB
Mlocked:              16 kB
SwapTotal:       4194300 kB
SwapFree:        3937196 kB
Zswap:                 0 kB
Zswapped:              0 kB
Dirty:              1160 kB
Writeback:             0 kB
AnonPages:       2649564 kB
Mapped:           268192 kB
Shmem:             54448 kB
KReclaimable:      57200 kB
Slab:             284472 kB
SReclaimable:      57200 kB
SUnreclaim:       227272 kB
KernelStack:       18304 kB
PageTables:        48300 kB
SecPageTables:         0 kB
NFS_Unstable:          0 kB
Bounce:                0 kB
WritebackTmp:          0 kB
CommitLimit:     8258920 kB
Committed_AS:   11408828 kB
VmallocTotal:   34359738367 kB
VmallocUsed:       46520 kB
VmallocChunk:          0 kB
Percpu:            13280 kB
HardwareCorrupted:     0 kB
AnonHugePages:   1159168 kB
ShmemHugePages:        0 kB
ShmemPmdMapped:        0 kB
FileHugePages:         0 kB
FilePmdMapped:         0 kB
CmaTotal:              0 kB
CmaFree:               0 kB
Unaccepted:            0 kB
Balloon:               0 kB
HugePages_Total:       0
HugePages_Free:        0
HugePages_Rsvd:        0
HugePages_Surp:        0
Hugepagesize:       2048 kB
Hugetlb:               0 kB
DirectMap4k:      194432 kB
DirectMap2M:     6096896 kB
DirectMap1G:     4194304 kB
---SNAPSHOT---
2026-04-27 15:01:06
MemTotal:        8129240 kB
MemFree:         4425216 kB
MemAvailable:    4242388 kB
Buffers:            9460 kB
Cached:           477192 kB
SwapCached:       119588 kB
Active:          2335944 kB
Inactive:         662656 kB
Active(anon):    2131616 kB
Inactive(anon):   434752 kB
Active(file):     204328 kB
Inactive(file):   227904 kB
Unevictable:          16 kB
Mlocked:              16 kB
SwapTotal:       4194300 kB
SwapFree:        3937196 kB
Zswap:                 0 kB
Zswapped:              0 kB
Dirty:              1224 kB
Writeback:             0 kB
AnonPages:       2395472 kB
Mapped:           268192 kB
Shmem:             54448 kB
KReclaimable:      57200 kB
Slab:             284472 kB
SReclaimable:      57200 kB
SUnreclaim:       227272 kB
KernelStack:       18304 kB
PageTables:        48792 kB
SecPageTables:         0 kB
NFS_Unstable:          0 kB
Bounce:                0 kB
WritebackTmp:          0 kB
CommitLimit:     8258920 kB
Committed_AS:   11409440 kB
VmallocTotal:   34359738367 kB
VmallocUsed:       46504 kB
VmallocChunk:          0 kB
Percpu:            13280 kB
HardwareCorrupted:     0 kB
AnonHugePages:    905216 kB
ShmemHugePages:        0 kB
ShmemPmdMapped:        0 kB
FileHugePages:         0 kB
FilePmdMapped:         0 kB
CmaTotal:              0 kB
CmaFree:               0 kB
Unaccepted:            0 kB
Balloon:               0 kB
HugePages_Total:       0
HugePages_Free:        0
HugePages_Rsvd:        0
HugePages_Surp:        0
Hugepagesize:       2048 kB
Hugetlb:               0 kB
DirectMap4k:      194432 kB
DirectMap2M:     6096896 kB
DirectMap1G:     4194304 kB
---SNAPSHOT---
2026-04-27 15:01:07
MemTotal:        8129240 kB
MemFree:         3439120 kB
MemAvailable:    3256296 kB
Buffers:            9460 kB
Cached:           477196 kB
SwapCached:       119588 kB
Active:          3374444 kB
Inactive:         662660 kB
Active(anon):    3170116 kB
Inactive(anon):   434752 kB
Active(file):     204328 kB
Inactive(file):   227908 kB
Unevictable:          16 kB
Mlocked:              16 kB
SwapTotal:       4194300 kB
SwapFree:        3937196 kB
Zswap:                 0 kB
Zswapped:              0 kB
Dirty:              1228 kB
Writeback:             0 kB
AnonPages:       3434176 kB
Mapped:           268192 kB
Shmem:             54448 kB
KReclaimable:      57200 kB
Slab:             284472 kB
SReclaimable:      57200 kB
SUnreclaim:       227272 kB
KernelStack:       18364 kB
PageTables:        50028 kB
SecPageTables:         0 kB
NFS_Unstable:          0 kB
Bounce:                0 kB
WritebackTmp:          0 kB
CommitLimit:     8258920 kB
Committed_AS:   11409348 kB
VmallocTotal:   34359738367 kB
VmallocUsed:       46568 kB
VmallocChunk:          0 kB
Percpu:            13280 kB
HardwareCorrupted:     0 kB
AnonHugePages:   1943552 kB
ShmemHugePages:        0 kB
ShmemPmdMapped:        0 kB
FileHugePages:         0 kB
FilePmdMapped:         0 kB
CmaTotal:              0 kB
CmaFree:               0 kB
Unaccepted:            0 kB
Balloon:               0 kB
HugePages_Total:       0
HugePages_Free:        0
HugePages_Rsvd:        0
HugePages_Surp:        0
Hugepagesize:       2048 kB
Hugetlb:               0 kB
DirectMap4k:      194432 kB
DirectMap2M:     6096896 kB
DirectMap1G:     4194304 kB
---SNAPSHOT---
2026-04-27 15:01:08
MemTotal:        8129240 kB
MemFree:         3677816 kB
MemAvailable:    3494996 kB
Buffers:            9460 kB
Cached:           477204 kB
SwapCached:       119588 kB
Active:          3138952 kB
Inactive:         662668 kB
Active(anon):    2934624 kB
Inactive(anon):   434752 kB
Active(file):     204328 kB
Inactive(file):   227916 kB
Unevictable:          16 kB
Mlocked:              16 kB
SwapTotal:       4194300 kB
SwapFree:        3937196 kB
Zswap:                 0 kB
Zswapped:              0 kB
Dirty:              1236 kB
Writeback:             0 kB
AnonPages:       3198484 kB
Mapped:           268192 kB
Shmem:             54448 kB
KReclaimable:      57200 kB
Slab:             284472 kB
SReclaimable:      57200 kB
SUnreclaim:       227272 kB
KernelStack:       18332 kB
PageTables:        50200 kB
SecPageTables:         0 kB
NFS_Unstable:          0 kB
Bounce:                0 kB
WritebackTmp:          0 kB
CommitLimit:     8258920 kB
Committed_AS:   11409308 kB
VmallocTotal:   34359738367 kB
VmallocUsed:       46584 kB
VmallocChunk:          0 kB
Percpu:            13280 kB
HardwareCorrupted:     0 kB
AnonHugePages:   1708032 kB
ShmemHugePages:        0 kB
ShmemPmdMapped:        0 kB
FileHugePages:         0 kB
FilePmdMapped:         0 kB
CmaTotal:              0 kB
CmaFree:               0 kB
Unaccepted:            0 kB
Balloon:               0 kB
HugePages_Total:       0
HugePages_Free:        0
HugePages_Rsvd:        0
HugePages_Surp:        0
Hugepagesize:       2048 kB
Hugetlb:               0 kB
DirectMap4k:      194432 kB
DirectMap2M:     6096896 kB
DirectMap1G:     4194304 kB
---SNAPSHOT---
2026-04-27 15:01:09
MemTotal:        8129240 kB
MemFree:         3922996 kB
MemAvailable:    3740180 kB
Buffers:            9464 kB
Cached:           477208 kB
SwapCached:       119588 kB
Active:          2888960 kB
Inactive:         662676 kB
Active(anon):    2684632 kB
Inactive(anon):   434752 kB
Active(file):     204328 kB
Inactive(file):   227924 kB
Unevictable:          16 kB
Mlocked:              16 kB
SwapTotal:       4194300 kB
SwapFree:        3937196 kB
Zswap:                 0 kB
Zswapped:              0 kB
Dirty:              1240 kB
Writeback:             0 kB
AnonPages:       2948612 kB
Mapped:           268192 kB
Shmem:             54448 kB
KReclaimable:      57200 kB
Slab:             284472 kB
SReclaimable:      57200 kB
SUnreclaim:       227272 kB
KernelStack:       18304 kB
PageTables:        48736 kB
SecPageTables:         0 kB
NFS_Unstable:          0 kB
Bounce:                0 kB
WritebackTmp:          0 kB
CommitLimit:     8258920 kB
Committed_AS:   11409548 kB
VmallocTotal:   34359738367 kB
VmallocUsed:       46520 kB
VmallocChunk:          0 kB
Percpu:            13280 kB
HardwareCorrupted:     0 kB
AnonHugePages:   1458176 kB
ShmemHugePages:        0 kB
ShmemPmdMapped:        0 kB
FileHugePages:         0 kB
FilePmdMapped:         0 kB
CmaTotal:              0 kB
CmaFree:               0 kB
Unaccepted:            0 kB
Balloon:               0 kB
HugePages_Total:       0
HugePages_Free:        0
HugePages_Rsvd:        0
HugePages_Surp:        0
Hugepagesize:       2048 kB
Hugetlb:               0 kB
DirectMap4k:      194432 kB
DirectMap2M:     6096896 kB
DirectMap1G:     4194304 kB
---SNAPSHOT---
2026-04-27 15:01:10
MemTotal:        8129240 kB
MemFree:         4112352 kB
MemAvailable:    3929536 kB
Buffers:            9472 kB
Cached:           477204 kB
SwapCached:       119588 kB
Active:          2651560 kB
Inactive:         662676 kB
Active(anon):    2447232 kB
Inactive(anon):   434752 kB
Active(file):     204328 kB
Inactive(file):   227924 kB
Unevictable:          16 kB
Mlocked:              16 kB
SwapTotal:       4194300 kB
SwapFree:        3937196 kB
Zswap:                 0 kB
Zswapped:              0 kB
Dirty:              1244 kB
Writeback:             0 kB
AnonPages:       2710776 kB
Mapped:           268420 kB
Shmem:             54448 kB
KReclaimable:      57200 kB
Slab:             284472 kB
SReclaimable:      57200 kB
SUnreclaim:       227272 kB
KernelStack:       18304 kB
PageTables:        48436 kB
SecPageTables:         0 kB
NFS_Unstable:          0 kB
Bounce:                0 kB
WritebackTmp:          0 kB
CommitLimit:     8258920 kB
Committed_AS:   11562612 kB
VmallocTotal:   34359738367 kB
VmallocUsed:       46552 kB
VmallocChunk:          0 kB
Percpu:            13280 kB
HardwareCorrupted:     0 kB
AnonHugePages:   1220608 kB
ShmemHugePages:        0 kB
ShmemPmdMapped:        0 kB
FileHugePages:         0 kB
FilePmdMapped:         0 kB
CmaTotal:              0 kB
CmaFree:               0 kB
Unaccepted:            0 kB
Balloon:               0 kB
HugePages_Total:       0
HugePages_Free:        0
HugePages_Rsvd:        0
HugePages_Surp:        0
Hugepagesize:       2048 kB
Hugetlb:               0 kB
DirectMap4k:      194432 kB
DirectMap2M:     6096896 kB
DirectMap1G:     4194304 kB
---SNAPSHOT---
2026-04-27 15:01:11
MemTotal:        8129240 kB
MemFree:         3853272 kB
MemAvailable:    3670464 kB
Buffers:            9472 kB
Cached:           477220 kB
SwapCached:       119588 kB
Active:          2980360 kB
Inactive:         662696 kB
Active(anon):    2776032 kB
Inactive(anon):   434752 kB
Active(file):     204328 kB
Inactive(file):   227944 kB
Unevictable:          16 kB
Mlocked:              16 kB
SwapTotal:       4194300 kB
SwapFree:        3937196 kB
Zswap:                 0 kB
Zswapped:              0 kB
Dirty:              1256 kB
Writeback:             0 kB
AnonPages:       3040016 kB
Mapped:           268192 kB
Shmem:             54448 kB
KReclaimable:      57200 kB
Slab:             284472 kB
SReclaimable:      57200 kB
SUnreclaim:       227272 kB
KernelStack:       18288 kB
PageTables:        48488 kB
SecPageTables:         0 kB
NFS_Unstable:          0 kB
Bounce:                0 kB
WritebackTmp:          0 kB
CommitLimit:     8258920 kB
Committed_AS:   11408924 kB
VmallocTotal:   34359738367 kB
VmallocUsed:       46568 kB
VmallocChunk:          0 kB
Percpu:            13280 kB
HardwareCorrupted:     0 kB
AnonHugePages:   1546240 kB
ShmemHugePages:        0 kB
ShmemPmdMapped:        0 kB
FileHugePages:         0 kB
FilePmdMapped:         0 kB
CmaTotal:              0 kB
CmaFree:               0 kB
Unaccepted:            0 kB
Balloon:               0 kB
HugePages_Total:       0
HugePages_Free:        0
HugePages_Rsvd:        0
HugePages_Surp:        0
Hugepagesize:       2048 kB
Hugetlb:               0 kB
DirectMap4k:      194432 kB
DirectMap2M:     6096896 kB
DirectMap1G:     4194304 kB
---SNAPSHOT---
2026-04-27 15:01:12
MemTotal:        8129240 kB
MemFree:         3549160 kB
MemAvailable:    3366352 kB
Buffers:            9472 kB
Cached:           477224 kB
SwapCached:       119588 kB
Active:          3292720 kB
Inactive:         662696 kB
Active(anon):    3088392 kB
Inactive(anon):   434752 kB
Active(file):     204328 kB
Inactive(file):   227944 kB
Unevictable:          16 kB
Mlocked:              16 kB
SwapTotal:       4194300 kB
SwapFree:        3937196 kB
Zswap:                 0 kB
Zswapped:              0 kB
Dirty:              1260 kB
Writeback:             0 kB
AnonPages:       3352060 kB
Mapped:           268192 kB
Shmem:             54448 kB
KReclaimable:      57200 kB
Slab:             284472 kB
SReclaimable:      57200 kB
SUnreclaim:       227272 kB
KernelStack:       18304 kB
PageTables:        48936 kB
SecPageTables:         0 kB
NFS_Unstable:          0 kB
Bounce:                0 kB
WritebackTmp:          0 kB
CommitLimit:     8258920 kB
Committed_AS:   11409420 kB
VmallocTotal:   34359738367 kB
VmallocUsed:       46552 kB
VmallocChunk:          0 kB
Percpu:            13280 kB
HardwareCorrupted:     0 kB
AnonHugePages:   1859584 kB
ShmemHugePages:        0 kB
ShmemPmdMapped:        0 kB
FileHugePages:         0 kB
FilePmdMapped:         0 kB
CmaTotal:              0 kB
CmaFree:               0 kB
Unaccepted:            0 kB
Balloon:               0 kB
HugePages_Total:       0
HugePages_Free:        0
HugePages_Rsvd:        0
HugePages_Surp:        0
Hugepagesize:       2048 kB
Hugetlb:               0 kB
DirectMap4k:      194432 kB
DirectMap2M:     6096896 kB
DirectMap1G:     4194304 kB
---SNAPSHOT---
2026-04-27 15:01:13
MemTotal:        8129240 kB
MemFree:         3813888 kB
MemAvailable:    3631088 kB
Buffers:            9472 kB
Cached:           477236 kB
SwapCached:       119588 kB
Active:          3026364 kB
Inactive:         662712 kB
Active(anon):    2822036 kB
Inactive(anon):   434752 kB
Active(file):     204328 kB
Inactive(file):   227960 kB
Unevictable:          16 kB
Mlocked:              16 kB
SwapTotal:       4194300 kB
SwapFree:        3937196 kB
Zswap:                 0 kB
Zswapped:              0 kB
Dirty:              1272 kB
Writeback:             0 kB
AnonPages:       3085812 kB
Mapped:           268192 kB
Shmem:             54448 kB
KReclaimable:      57200 kB
Slab:             284472 kB
SReclaimable:      57200 kB
SUnreclaim:       227272 kB
KernelStack:       18304 kB
PageTables:        49400 kB
SecPageTables:         0 kB
NFS_Unstable:          0 kB
Bounce:                0 kB
WritebackTmp:          0 kB
CommitLimit:     8258920 kB
